06-24 07:04:18.270  1776  6199 V t       : Is http uri, downloading (uri: https://dl.google.com/mdi-serving/agsa-apa-bisto-hotword-models/18257/4b27947fbabf9ae976b682889ecb1434118ab82c)
06-24 07:04:18.312  1776  6197 E MDD     : DownloadProgressMonitor: Can't find file group for uri: android://com.google.android.googlequicksearchbox/files/datadownload/shared/public/datadownloadfile_1782284554167
06-24 07:04:18.314  1776  2116 D t       : Starting download: https://dl.google.com/mdi-serving/agsa-apa-head-suggest/13542/b24c07024f98d0bc68d73339c03c106ee1d4f6f1
06-24 07:04:18.314  1776  2116 V t       : Is http uri, downloading (uri: https://dl.google.com/mdi-serving/agsa-apa-head-suggest/13542/b24c07024f98d0bc68d73339c03c106ee1d4f6f1)
06-24 07:04:18.340  1776  6199 E MDD     : DownloadProgressMonitor: Can't find file group for uri: android://com.google.android.googlequicksearchbox/files/datadownload/shared/public/datadownloadfile_1782284554168
06-24 07:04:18.341  1776  6197 D t       : Starting download: https://dl.google.com/mdi-serving/agsa-apa-smart-action-models/1129/093578cccafa7554c592b1756ecd6d0176942a9f
06-24 07:04:18.341  1776  6197 V t       : Is http uri, downloading (uri: https://dl.google.com/mdi-serving/agsa-apa-smart-action-models/1129/093578cccafa7554c592b1756ecd6d0176942a9f)
06-24 07:04:18.395  1776  2116 E MDD     : DownloadProgressMonitor: Can't find file group for uri: android://com.google.android.googlequicksearchbox/files/datadownload/shared/public/datadownloadfile_1782284554166
06-24 07:04:18.539  1776  6199 D t       : Starting download: https://dl.google.com/mdi-serving/agsa-apa-smart-action-models/1129/7c880c786013ae8631e40f5d800ff15a868d2929
06-24 07:04:18.539  1776  6199 V t       : Is http uri, downloading (uri: https://dl.google.com/mdi-serving/agsa-apa-smart-action-models/1129/7c880c786013ae8631e40f5d800ff15a868d2929)
06-24 07:04:18.544  1776  6197 E MDD     : DownloadProgressMonitor: Can't find file group for uri: android://com.google.android.googlequicksearchbox/files/datadownload/shared/public/datadownloadfile_1782284554169
06-24 07:04:18.549  6032  6055 D EGL_emulation: app_time_stats: avg=499.74ms min=497.06ms max=501.21ms count=3
06-24 07:04:18.552  1776  2274 I A       : NGA Sync: MDD Task: MDD.CELLULAR.CHARGING.PERIODIC.TASK done.
06-24 07:04:18.552  1776  2274 I A       : NGA Sync: isNgaSyncEnabled: false; enableFileGroupPopulator: false; requiresMddAssets: false
06-24 07:04:18.552  1776  2212 I A       : Refresh account policy.
06-24 07:04:18.678  1776  6199 E MDD     : DownloadProgressMonitor: Can't find file group for uri: android://com.google.android.googlequicksearchbox/files/datadownload/shared/public/datadownloadfile_1782284554170
06-24 07:04:19.027  1611  6445 W MediaProvider: isAppCloneUserPair for user 0: false
06-24 07:04:19.034  6783  6783 I AccessibilityNodeInfoDumper: Skipping invisible child: android.view.accessibility.AccessibilityNodeInfo@12885; boundsInParent: Rect(0, 0 - 320, 0); boundsInScreen: Rect(0, 0 - 320, 0); boundsInWindow: Rect(0, 0 - 320, 0); packageName: com.hanapkalinga.mobile; className: android.widget.LinearLayout; text: null; error: null; maxTextLength: -1; stateDescription: null; contentDescription: null; tooltipText: null; containerTitle: null; viewIdResName: null; uniqueId: null; checkable: false; checked: false; focusable: false; focused: false; selected: false; clickable: false; longClickable: false; contextClickable: false; enabled: true; password: false; scrollable: false; importantForAccessibility: false; visible: false; actions: [AccessibilityAction: ACTION_SELECT - null, AccessibilityAction: ACTION_CLEAR_SELECTION - null, AccessibilityAction: ACTION_ACCESSIBILITY_FOCUS - null, AccessibilityAction: ACTION_SHOW_ON_SCREEN - null]; isTextSelectable: false
06-24 07:04:19.034  6783  6783 I AccessibilityNodeInfoDumper: Skipping invisible child: android.view.accessibility.AccessibilityNodeInfo@124c4; boundsInParent: Rect(0, 0 - 320, 0); boundsInScreen: Rect(0, 0 - 320, 0); boundsInWindow: Rect(0, 0 - 320, 0); packageName: com.hanapkalinga.mobile; className: android.view.ViewGroup; text: null; error: null; maxTextLength: -1; stateDescription: null; contentDescription: null; tooltipText: null; containerTitle: null; viewIdResName: null; uniqueId: null; checkable: false; checked: false; focusable: false; focused: false; selected: false; clickable: false; longClickable: false; contextClickable: false; enabled: true; password: false; scrollable: false; importantForAccessibility: false; visible: false; actions: [AccessibilityAction: ACTION_SELECT - null, AccessibilityAction: ACTION_CLEAR_SELECTION - null, AccessibilityAction: ACTION_ACCESSIBILITY_FOCUS - null, AccessibilityAction: ACTION_SHOW_ON_SCREEN - null]; isTextSelectable: false
06-24 07:04:19.034  6783  6783 I AccessibilityNodeInfoDumper: Skipping invisible child: android.view.accessibility.AccessibilityNodeInfo@1a466; boundsInParent: Rect(0, 0 - 320, 0); boundsInScreen: Rect(0, 0 - 320, 0); boundsInWindow: Rect(0, 0 - 320, 0); packageName: com.hanapkalinga.mobile; className: android.widget.LinearLayout; text: null; error: null; maxTextLength: -1; stateDescription: null; contentDescription: null; tooltipText: null; containerTitle: null; viewIdResName: null; uniqueId: null; checkable: false; checked: false; focusable: false; focused: false; selected: false; clickable: false; longClickable: false; contextClickable: false; enabled: true; password: false; scrollable: false; importantForAccessibility: false; visible: false; actions: [AccessibilityAction: ACTION_SELECT - null, AccessibilityAction: ACTION_CLEAR_SELECTION - null, AccessibilityAction: ACTION_ACCESSIBILITY_FOCUS - null, AccessibilityAction: ACTION_SHOW_ON_SCREEN - null]; isTextSelectable: false
06-24 07:04:19.034  6783  6783 I AccessibilityNodeInfoDumper: Skipping invisible child: android.view.accessibility.AccessibilityNodeInfo@1a0a5; boundsInParent: Rect(0, 0 - 320, 0); boundsInScreen: Rect(0, 0 - 320, 0); boundsInWindow: Rect(0, 0 - 320, 0); packageName: com.hanapkalinga.mobile; className: android.view.ViewGroup; text: null; error: null; maxTextLength: -1; stateDescription: null; contentDescription: null; tooltipText: null; containerTitle: null; viewIdResName: null; uniqueId: null; checkable: false; checked: false; focusable: false; focused: false; selected: false; clickable: false; longClickable: false; contextClickable: false; enabled: true; password: false; scrollable: false; importantForAccessibility: false; visible: false; actions: [AccessibilityAction: ACTION_SELECT - null, AccessibilityAction: ACTION_CLEAR_SELECTION - null, AccessibilityAction: ACTION_ACCESSIBILITY_FOCUS - null, AccessibilityAction: ACTION_SHOW_ON_SCREEN - null]; isTextSelectable: false
06-24 07:04:19.035  6783  6783 I AccessibilityNodeInfoDumper: Skipping invisible child: android.view.accessibility.AccessibilityNodeInfo@1829d; boundsInParent: Rect(0, 0 - 1, 1); boundsInScreen: Rect(20, 348 - 21, 349); boundsInWindow: Rect(20, 348 - 21, 349); packageName: com.hanapkalinga.mobile; className: android.view.ViewGroup; text: null; error: null; maxTextLength: -1; stateDescription: null; contentDescription: null; tooltipText: null; containerTitle: null; viewIdResName: login_captcha_ready; uniqueId: null; checkable: false; checked: false; focusable: false; focused: false; selected: false; clickable: false; longClickable: false; contextClickable: false; enabled: true; password: false; scrollable: false; importantForAccessibility: true; visible: false; actions: [AccessibilityAction: ACTION_SELECT - null, AccessibilityAction: ACTION_CLEAR_SELECTION - null, AccessibilityAction: ACTION_ACCESSIBILITY_FOCUS - null, AccessibilityAction: ACTION_SHOW_ON_SCREEN - null]; isTextSelectable: false
06-24 07:04:19.056  5442  5514 I NetworkScheduler.Stats: Task com.google.android.gms/com.google.android.gms.ipa.base.IpaGcmTaskService started execution. cause:9 exec_start_elapsed_seconds: 182 [CONTEXT service_id=218 ]
06-24 07:04:19.058  6783  6783 W AccessibilityNodeInfoDumper: Fetch time: 37ms
06-24 07:04:19.060  5442  6730 I NetworkScheduler.Stats: Task com.google.android.gms/com.google.android.gms.ipa.base.IpaGcmTaskService finished executing. cause:9 result: 1 elapsed_millis: 14 uptime_millis: 14 exec_start_elapsed_seconds: 182 [CONTEXT service_id=218 ]
06-24 07:04:19.068  1569  2291 I AiAiEcho: Settings changed for uri: content://settings/secure/accessibility_enabled
06-24 07:04:19.068  1569  1870 I AiAiEcho: Predicting[0]: 
06-24 07:04:19.068  1569  1870 I AiAiEcho: EchoTargets: 
06-24 07:04:19.068  1569  1870 I AiAiEcho: Filtered by AiAi flag check: 
06-24 07:04:19.068  1569  1870 I AiAiEcho: Ranked targets strategy: SORT, count: 0, ranking metadata: 
06-24 07:04:19.068  1569  1870 I AiAiEcho: Predicting[0]: 
06-24 07:04:19.068  1569  1870 I AiAiEcho: EchoTargets: 
06-24 07:04:19.068  1569  1870 I AiAiEcho: Filtered by AiAi flag check: 
06-24 07:04:19.068  1569  1870 I AiAiEcho: Ranked targets strategy: SORT, count: 0, ranking metadata: 
06-24 07:04:19.069   519  2313 W WindowMagnificationMgr: requestConnection duplicated request: connect=false, mConnectionState=DISCONNECTED
06-24 07:04:19.069   519  2313 D AccessibilityManagerService: restoreCurrentUserForTestAutomationIfNeededLocked(): ignoring because device doesn't support visible background users
06-24 07:04:19.072  6783  6783 D AndroidRuntime: Shutting down VM
06-24 07:04:19.077  1569  1870 I AiAiEcho: #postPredictionTargets: Sending updates to UISurface lockscreen with targets# 0 (types=[])
06-24 07:04:19.077  1569  1870 I AiAiEcho: #postPredictionTargets: Sending updates to UISurface home with targets# 0 (types=[])
06-24 07:04:19.081   519   519 D BatterySaverPolicy: accessibility changed to false, updating policy.
06-24 07:04:19.083  1776  2212 I A       : NGA enabled in interactor.
06-24 07:04:19.083  1776  2212 I A       : Nga state changed to NgaStateDetails{state=ENABLED, isSpecialExperience=false}
06-24 07:04:19.090   839   839 W PageIndicator: Total number of pages invalid: 0. Assuming 1 page.
06-24 07:04:19.090  1578  4867 I A       : Initializing all components
06-24 07:04:19.090  1578  4867 I A       : APA or Classic session decision: SessionDecision(sessionVariance=CLASSIC, platformVariance=CLASSIC, justification=CURRENT_PLATFORM_VARIANCE).
06-24 07:04:19.090  1578  4867 I A       : [Memory] eligibility: StashEligibility{6}
06-24 07:04:19.090  1578  2214 I A       : onIsEnabledChanged, isEnabled: false
06-24 07:04:19.090  1578  2214 W A       : Disposing empty manager. Did you forgot to subscribe observables?
06-24 07:04:19.090  1578  2214 W A       : Disposing empty manager. Did you forgot to subscribe observables?
06-24 07:04:19.091  1578  2214 W A       : Disposing empty manager. Did you forgot to subscribe observables?
06-24 07:04:19.091  1578  2214 W A       : Disposing empty manager. Did you forgot to subscribe observables?
06-24 07:04:19.091  1578  2214 W A       : Disposing empty manager. Did you forgot to subscribe observables?
06-24 07:04:19.091  1578  2214 W A       : Disposing empty manager. Did you forgot to subscribe observables?
06-24 07:04:19.091  1578  2214 W A       : Disposing empty manager. Did you forgot to subscribe observables?
06-24 07:04:19.091  1578  2214 W A       : Disposing empty manager. Did you forgot to subscribe observables?
06-24 07:04:19.091  1578  2214 W A       : Disposing empty manager. Did you forgot to subscribe observables?
06-24 07:04:19.091  1578  2214 W A       : Disposing empty manager. Did you forgot to subscribe observables?
06-24 07:04:19.091  1578  2214 I A       : onOpaVisibilityChanged: false
06-24 07:04:19.091  1578  2214 W A       : Disposing empty manager. Did you forgot to subscribe observables?
06-24 07:04:19.091  1578  2214 W A       : Disposing empty manager. Did you forgot to subscribe observables?
06-24 07:04:19.091  1578  2214 W A       : Disposing empty manager. Did you forgot to subscribe observables?
06-24 07:04:19.091  1578  2214 W A       : Disposing empty manager. Did you forgot to subscribe observables?
06-24 07:04:19.091  1578  2214 W A       : Disposing empty manager. Did you forgot to subscribe observables?
06-24 07:04:19.091  1578  2214 W A       : Disposing empty manager. Did you forgot to subscribe observables?
06-24 07:04:19.091  1578  2214 I A       : Setting session to type: NO_SESSION
06-24 07:04:19.091  1578  2214 W A       : Disposing empty manager. Did you forgot to subscribe observables?
06-24 07:04:19.091  1578  2214 W A       : Disposing empty manager. Did you forgot to subscribe observables?
06-24 07:04:19.091  1578  2214 W A       : Disposing empty manager. Did you forgot to subscribe observables?
06-24 07:04:19.091  1578  2214 W A       : Disposing empty manager. Did you forgot to subscribe observables?
06-24 07:04:19.091  1578  2214 W A       : Disposing empty manager. Did you forgot to subscribe observables?
06-24 07:04:19.091  1578  2214 W A       : Disposing empty manager. Did you forgot to subscribe observables?
06-24 07:04:19.091  1578  2214 W A       : Disposing empty manager. Did you forgot to subscribe observables?
06-24 07:04:19.091  1578  2214 W A       : Disposing empty manager. Did you forgot to subscribe observables?
06-24 07:04:19.091  1578  2214 I A       : setNavBarVisible: GestureNavBarVisible{navbarVisible=true}
06-24 07:04:19.091  1578  2214 W A       : Disposing empty manager. Did you forgot to subscribe observables?
06-24 07:04:19.091  1578  2214 W A       : Disposing empty manager. Did you forgot to subscribe observables?
06-24 07:04:19.091  1578  2214 W A       : Disposing empty manager. Did you forgot to subscribe observables?
06-24 07:04:19.092  1578  2199 I A       : on opa visibility changed false
06-24 07:04:19.092  1578  2199 I A       : on opa visibility changed false
06-24 07:04:19.093  1578  2214 W A       : Disposing empty manager. Did you forgot to subscribe observables?
06-24 07:04:19.093  1578  2214 W A       : Disposing empty manager. Did you forgot to subscribe observables?
06-24 07:04:19.094  1578  2214 W A       : Disposing empty manager. Did you forgot to subscribe observables?
06-24 07:04:19.094  1578  2214 I A       : onDisabled. Registered: false
06-24 07:04:19.097  1578  2199 I A       : State changed: IDLE => IDLE by NGA_STATE_CHANGED and N/A with Optional.empty
06-24 07:04:19.098  1578  2199 I A       : Recognizer choice: (recognizer_type: 1, recognizer_mode: 1, choice_reason: 4)
06-24 07:04:19.098  1578  2199 I A       : onActiveStateChangeEvent: IDLE => IDLE
06-24 07:04:19.099  1578  2199 I A       : #onActiveStateChangeEvent, newState: IDLE, previousState: IDLE.
06-24 07:04:19.100  1578  2199 I NgaEntryPointEventSendr: setupConnection
06-24 07:04:19.106  1776  1776 I A       : Creating pss binder().
06-24 07:04:19.109  1578  2199 I NgaEntryPointEventSendr: State changed: Disconnected => Connecting
06-24 07:04:19.110  1578  2199 I NgaEntryPointEventSendr: onServiceConnected
06-24 07:04:19.110  1776  2565 I A       : Calling beginBinderSession().
06-24 07:04:19.110  1776  2565 I A       : beginBinderSession(): calling binder
06-24 07:04:19.111  1578  2214 I A       : Initialize
06-24 07:04:19.112  1578  2199 I NgaEntryPointEventSendr: State changed: Connecting => Ready
06-24 07:04:19.117   519  2388 W ActivityManager: Unable to start service Intent { cmp=com.google.android.apps.tachyon/.clientapi.ClientApiService } U=0: not found
06-24 07:04:19.118  1578  2199 I A       : stopListening(NGA_PAUSED_UNKNOWN_REASON, NGA_CREATE), idleOverride=NOT_LISTENING
06-24 07:04:19.126  1578  2199 I A       : Successfully initialized all components
06-24 07:04:19.137  1776  2418 W A       : UiCallbackStub-onGenericEvent[ServiceEvent = 241] task was not run. Callback from Service received after client was disposed.
06-24 07:04:19.137  1776  2418 W A       : UiCallbackStub-onGenericEvent[ServiceEvent = 241] task was not run. Callback from Service received after client was disposed.
06-24 07:04:19.138  1776  2456 I PBSessionCacheImpl: Deleted sessionId[7812712888221130] from persistence.
06-24 07:04:19.139  1776  2418 W A       : UiCallbackStub-onGenericEvent[ServiceEvent = 60] task was not run. Callback from Service received after client was disposed.
06-24 07:04:19.143  1776  2418 W SearchServiceCore: Abort, client detached.
06-24 07:04:19.147  1578  2214 I NgaEntryPointEventSendr: State changed: Ready => Disconnected (onOpaDisconnected)
06-24 07:04:19.550  6032  6055 D EGL_emulation: app_time_stats: avg=500.28ms min=499.06ms max=501.51ms count=2
06-24 07:04:19.875   334   367 I netd    : tetherGetStats() -> {[]} <0.44ms>
06-24 07:04:19.882   334   367 I netd    : bandwidthSetGlobalAlert(2097152) <0.15ms>
06-24 07:04:20.021  1776  6196 D t       : Starting download: https://dl.google.com/mdi-serving/agsa-apa-smart-action-models/1129/265b5ad4cc2df325212297efbc5c8dd52681b24a
06-24 07:04:20.021  1776  6196 V t       : Is http uri, downloading (uri: https://dl.google.com/mdi-serving/agsa-apa-smart-action-models/1129/265b5ad4cc2df325212297efbc5c8dd52681b24a)
06-24 07:04:20.083  1776  6196 E MDD     : DownloadProgressMonitor: Can't find file group for uri: android://com.google.android.googlequicksearchbox/files/datadownload/shared/public/datadownloadfile_1782284554171
06-24 07:04:20.142  1776  6197 D t       : Starting download: https://dl.google.com/mdi-serving/agsa-apa-smart-action-models/1129/262d6f61914ff6e28557d9adfcb3632975ddf9d2
06-24 07:04:20.143  1776  6197 V t       : Is http uri, downloading (uri: https://dl.google.com/mdi-serving/agsa-apa-smart-action-models/1129/262d6f61914ff6e28557d9adfcb3632975ddf9d2)
