06-24 07:05:29.492  7329  7329 W ProcessState: Extra binder thread started, but 0 threads requested. Do not use *startThreadPool when zero threads are requested.
06-24 07:05:29.499   135   135 I hwservicemanager: getTransport: Cannot find entry android.hardware.graphics.mapper@4.0::IMapper/default in either framework or device VINTF manifest.
06-24 07:05:29.500  7329  7330 I Gralloc4: mapper 4.x is not supported
06-24 07:05:29.697     0     0 I servicemanager: Could not find android.hardware.graphics.allocator.IAllocator/default in the VINTF manifest.
06-24 07:05:29.643  7331  7331 D AndroidRuntime: >>>>>> START com.android.internal.os.RuntimeInit uid 2000 <<<<<<
06-24 07:05:29.652  7331  7331 I AndroidRuntime: Using default boot image
06-24 07:05:29.652  7331  7331 I AndroidRuntime: Leaving lock profiling enabled
06-24 07:05:29.664  7331  7331 I app_process: Core platform API reporting enabled, enforcing=false
06-24 07:05:29.665  7331  7331 I app_process: Using CollectorTypeCC GC.
06-24 07:05:29.791  7331  7331 D nativeloader: InitDefaultPublicLibraries for_preload=1: libandroid.so:libaaudio.so:libamidi.so:libbinder_ndk.so:libc.so:libcamera2ndk.so:libdl.so:libEGL.so:libGLESv1_CM.so:libGLESv2.so:libGLESv3.so:libicu.so:libicui18n.so:libicuuc.so:libjnigraphics.so:liblog.so:libmediandk.so:libm.so:libnativehelper.so:libnativewindow.so:libOpenMAXAL.so:libOpenSLES.so:libRS.so:libstdc++.so:libsync.so:libvulkan.so:libwebviewchromium_plat_support.so:libz.so
06-24 07:05:29.801  7331  7331 D app_process: Time zone APEX ICU file found: /apex/com.android.tzdata/etc/icu/icu_tzdata.dat
06-24 07:05:29.801  7331  7331 D app_process: I18n APEX ICU file found: /apex/com.android.i18n/etc/icu/icudt72l.dat
06-24 07:05:29.807  7331  7331 W app_process: Unexpected CPU variant for x86: x86_64.
06-24 07:05:29.807  7331  7331 W app_process: Known variants: atom, sandybridge, silvermont, goldmont, goldmont-plus, tremont, kabylake, default
06-24 07:05:29.809  7331  7331 W app_process: ClassLoaderContext shared library size mismatch. Expected=2, found=0 (PCL[]{PCL[/system/framework/android.test.base.jar*836642756]#PCL[/system/framework/android.test.mock.jar*3186112116]} | PCL[])
06-24 07:05:29.811  7331  7331 W app_process: ClassLoaderContext classpath size mismatch. expected=0, found=1 (PCL[]{PCL[/system/framework/android.test.runner.jar*4168958247]{PCL[/system/framework/android.test.base.jar*836642756]#PCL[/system/framework/android.test.mock.jar*3186112116]}#PCL[/system/framework/android.test.base.jar*836642756]} | PCL[/system/framework/android.test.runner.jar*4168958247])
06-24 07:05:29.828  7331  7331 W libc    : Access denied finding property "ro.product.name_for_attestation"
06-24 07:05:29.828  7331  7331 W libc    : Access denied finding property "ro.product.brand_for_attestation"
06-24 07:05:29.828  7331  7331 W libc    : Access denied finding property "ro.product.model_for_attestation"
06-24 07:05:29.825  7331  7331 W main    : type=1400 audit(0.0:75): avc:  denied  { read } for  name="u:object_r:build_attestation_prop:s0" dev="tmpfs" ino=86 scontext=u:r:shell:s0 tcontext=u:object_r:build_attestation_prop:s0 tclass=file permissive=0
06-24 07:05:29.832   519   613 I RoleService: Granting default roles...
06-24 07:05:29.833  7331  7331 D AndroidRuntime: Calling main entry com.android.commands.uiautomator.Launcher
06-24 07:05:29.825  7331  7331 W main    : type=1400 audit(0.0:76): avc:  denied  { read } for  name="u:object_r:build_attestation_prop:s0" dev="tmpfs" ino=86 scontext=u:r:shell:s0 tcontext=u:object_r:build_attestation_prop:s0 tclass=file permissive=0
06-24 07:05:29.825  7331  7331 W main    : type=1400 audit(0.0:77): avc:  denied  { read } for  name="u:object_r:build_attestation_prop:s0" dev="tmpfs" ino=86 scontext=u:r:shell:s0 tcontext=u:object_r:build_attestation_prop:s0 tclass=file permissive=0
06-24 07:05:29.838   841  7298 E RoleControllerServiceImpl: Default/fallback role holder package doesn't qualify for the role, package: com.google.android.gms.supervision, role: android.app.role.SYSTEM_SUPERVISION
06-24 07:05:29.839  7331  7331 D UiAutomationConnection: Created on user UserHandle{0}
06-24 07:05:29.840  7331  7331 I UiAutomation: Initialized for user 0 on display 0
06-24 07:05:29.840  7331  7331 W UiAutomation: Created with deprecatead constructor, assumes DEFAULT_DISPLAY
06-24 07:05:29.840   519  2313 D AccessibilityManagerService: changeCurrentUserForTestAutomationIfNeededLocked(0): ignoring because device doesn't support visible background users
06-24 07:05:29.840   519  2313 I UiAutomationManager: Registering UiTestAutomationService (id=com.android.server.accessibility/UiAutomation) when called by user 0
06-24 07:05:29.840   841  7298 I Role    : com.google.android.gms not qualified for android.app.role.SYSTEM_CALL_STREAMING due to missing RequiredComponent{mIntentFilterData=IntentFilterData{mAction='android.telecom.CallStreamingService', mCategories='[]', mDataScheme='null', mDataType='null'}, mMinTargetSdkVersion=1, mFlags='0', mPermission='android.permission.BIND_CALL_STREAMING_SERVICE', mQueryFlags=0, mMetaData=[]}
06-24 07:05:29.841   841  7298 E RoleControllerServiceImpl: Default/fallback role holder package doesn't qualify for the role, package: com.google.android.gms, role: android.app.role.SYSTEM_CALL_STREAMING
06-24 07:05:29.842   519  2313 W WindowMagnificationMgr: requestConnection duplicated request: connect=false, mConnectionState=DISCONNECTED
06-24 07:05:29.843   519   519 D BatterySaverPolicy: accessibility changed to true, updating policy.
06-24 07:05:29.845  1569  6868 I AiAiEcho: Settings changed for uri: content://settings/secure/accessibility_enabled
06-24 07:05:29.845  1569  1870 I AiAiEcho: Predicting[0]: 
06-24 07:05:29.845  1569  1870 I AiAiEcho: EchoTargets: 
06-24 07:05:29.845  1569  1870 I AiAiEcho: Filtered by AiAi flag check: 
06-24 07:05:29.845  1569  1870 I AiAiEcho: Ranked targets strategy: SORT, count: 0, ranking metadata: 
06-24 07:05:29.850  1776  2204 I A       : NGA disabled since it's running Panthera and at least one a11y feature is on.
06-24 07:05:29.850  1776  2204 I A       : Nga state changed to NgaStateDetails{state=DISABLED, isSpecialExperience=false}
06-24 07:05:29.851  1578  5765 I A       : APA or Classic session decision: SessionDecision(sessionVariance=CLASSIC, platformVariance=CLASSIC, justification=CURRENT_PLATFORM_VARIANCE).
06-24 07:05:29.851  1578  5765 I A       : [Memory] eligibility: StashEligibility{4}
06-24 07:05:29.851  1578  2214 I A       : Unsubscribed to apa or classic variant change.
06-24 07:05:29.853  1569  1870 I AiAiEcho: Predicting[0]: 
06-24 07:05:29.854  1569  1870 I AiAiEcho: EchoTargets: 
06-24 07:05:29.854  1569  1870 I AiAiEcho: Filtered by AiAi flag check: 
06-24 07:05:29.854  1569  1870 I AiAiEcho: Ranked targets strategy: SORT, count: 0, ranking metadata: 
06-24 07:05:29.854  1569  1870 I AiAiEcho: #postPredictionTargets: Sending updates to UISurface lockscreen with targets# 0 (types=[])
06-24 07:05:29.854  1569  1870 I AiAiEcho: #postPredictionTargets: Sending updates to UISurface home with targets# 0 (types=[])
06-24 07:05:29.854  7331  7345 V UiAutomation: Init UiAutomation@d94fff8[id=5, displayId=0, flags=0]
06-24 07:05:29.855   839   839 W PageIndicator: Total number of pages invalid: 0. Assuming 1 page.
06-24 07:05:29.857   519  2313 W WindowMagnificationMgr: requestConnection duplicated request: connect=false, mConnectionState=DISCONNECTED
06-24 07:05:29.859   519  2540 D SafetySourceDataValidator: No cert check requested for package com.google.android.permissioncontroller
06-24 07:05:29.860  1569  6868 I AiAiEcho: Settings changed for uri: content://settings/secure/accessibility_enabled
06-24 07:05:29.860  1569  1870 I AiAiEcho: Predicting[0]: 
06-24 07:05:29.860  1569  1870 I AiAiEcho: EchoTargets: 
06-24 07:05:29.860  1569  1870 I AiAiEcho: Filtered by AiAi flag check: 
06-24 07:05:29.860  1569  1870 I AiAiEcho: Ranked targets strategy: SORT, count: 0, ranking metadata: 
06-24 07:05:29.860  1569  1870 I AiAiEcho: Predicting[0]: 
06-24 07:05:29.860  1569  1870 I AiAiEcho: EchoTargets: 
06-24 07:05:29.860  1569  1870 I AiAiEcho: Filtered by AiAi flag check: 
06-24 07:05:29.860  1569  1870 I AiAiEcho: Ranked targets strategy: SORT, count: 0, ranking metadata: 
06-24 07:05:29.861  1569  1870 I AiAiEcho: #postPredictionTargets: Sending updates to UISurface lockscreen with targets# 0 (types=[])
06-24 07:05:29.861  1569  1870 I AiAiEcho: #postPredictionTargets: Sending updates to UISurface home with targets# 0 (types=[])
06-24 07:05:29.861   839   839 W PageIndicator: Total number of pages invalid: 0. Assuming 1 page.
06-24 07:05:29.861   841  7298 W Role    : Default holder doesn't have required signing certificate: com.google.android.apps.work.clouddpc:23962F4B43B9857638EA66F4D419518EAE282491ACDA4B94707BD59003C45E58
06-24 07:05:30.248  7041  7061 D EGL_emulation: app_time_stats: avg=499.54ms min=499.07ms max=500.01ms count=3
06-24 07:05:30.600   839   839 D StatusBarIconController: ignoring old pipeline callbacks, because the new mobile icons are enabled
06-24 07:05:30.615   839   887 D EGL_emulation: app_time_stats: avg=15289.26ms min=577.12ms max=30001.39ms count=2
06-24 07:05:30.851  7331  7331 I AccessibilityNodeInfoDumper: Skipping invisible child: android.view.accessibility.AccessibilityNodeInfo@12896; boundsInParent: Rect(0, 0 - 320, 0); boundsInScreen: Rect(0, 0 - 320, 0); boundsInWindow: Rect(0, 0 - 320, 0); packageName: com.hanapkalinga.mobile; className: android.widget.LinearLayout; text: null; error: null; maxTextLength: -1; stateDescription: null; contentDescription: null; tooltipText: null; containerTitle: null; viewIdResName: null; uniqueId: null; checkable: false; checked: false; focusable: false; focused: false; selected: false; clickable: false; longClickable: false; contextClickable: false; enabled: true; password: false; scrollable: false; importantForAccessibility: false; visible: false; actions: [AccessibilityAction: ACTION_SELECT - null, AccessibilityAction: ACTION_CLEAR_SELECTION - null, AccessibilityAction: ACTION_ACCESSIBILITY_FOCUS - null, AccessibilityAction: ACTION_SHOW_ON_SCREEN - null]; isTextSelectable: false
06-24 07:05:30.851  7331  7331 I AccessibilityNodeInfoDumper: Skipping invisible child: android.view.accessibility.AccessibilityNodeInfo@124d5; boundsInParent: Rect(0, 0 - 320, 0); boundsInScreen: Rect(0, 0 - 320, 0); boundsInWindow: Rect(0, 0 - 320, 0); packageName: com.hanapkalinga.mobile; className: android.view.ViewGroup; text: null; error: null; maxTextLength: -1; stateDescription: null; contentDescription: null; tooltipText: null; containerTitle: null; viewIdResName: null; uniqueId: null; checkable: false; checked: false; focusable: false; focused: false; selected: false; clickable: false; longClickable: false; contextClickable: false; enabled: true; password: false; scrollable: false; importantForAccessibility: false; visible: false; actions: [AccessibilityAction: ACTION_SELECT - null, AccessibilityAction: ACTION_CLEAR_SELECTION - null, AccessibilityAction: ACTION_ACCESSIBILITY_FOCUS - null, AccessibilityAction: ACTION_SHOW_ON_SCREEN - null]; isTextSelectable: false
06-24 07:05:30.851  7331  7331 I AccessibilityNodeInfoDumper: Skipping invisible child: android.view.accessibility.AccessibilityNodeInfo@1a477; boundsInParent: Rect(0, 0 - 320, 0); boundsInScreen: Rect(0, 0 - 320, 0); boundsInWindow: Rect(0, 0 - 320, 0); packageName: com.hanapkalinga.mobile; className: android.widget.LinearLayout; text: null; error: null; maxTextLength: -1; stateDescription: null; contentDescription: null; tooltipText: null; containerTitle: null; viewIdResName: null; uniqueId: null; checkable: false; checked: false; focusable: false; focused: false; selected: false; clickable: false; longClickable: false; contextClickable: false; enabled: true; password: false; scrollable: false; importantForAccessibility: false; visible: false; actions: [AccessibilityAction: ACTION_SELECT - null, AccessibilityAction: ACTION_CLEAR_SELECTION - null, AccessibilityAction: ACTION_ACCESSIBILITY_FOCUS - null, AccessibilityAction: ACTION_SHOW_ON_SCREEN - null]; isTextSelectable: false
06-24 07:05:30.852  7331  7331 I AccessibilityNodeInfoDumper: Skipping invisible child: android.view.accessibility.AccessibilityNodeInfo@1a0b6; boundsInParent: Rect(0, 0 - 320, 0); boundsInScreen: Rect(0, 0 - 320, 0); boundsInWindow: Rect(0, 0 - 320, 0); packageName: com.hanapkalinga.mobile; className: android.view.ViewGroup; text: null; error: null; maxTextLength: -1; stateDescription: null; contentDescription: null; tooltipText: null; containerTitle: null; viewIdResName: null; uniqueId: null; checkable: false; checked: false; focusable: false; focused: false; selected: false; clickable: false; longClickable: false; contextClickable: false; enabled: true; password: false; scrollable: false; importantForAccessibility: false; visible: false; actions: [AccessibilityAction: ACTION_SELECT - null, AccessibilityAction: ACTION_CLEAR_SELECTION - null, AccessibilityAction: ACTION_ACCESSIBILITY_FOCUS - null, AccessibilityAction: ACTION_SHOW_ON_SCREEN - null]; isTextSelectable: false
06-24 07:05:30.853  7331  7331 I AccessibilityNodeInfoDumper: Skipping invisible child: android.view.accessibility.AccessibilityNodeInfo@182ae; boundsInParent: Rect(0, 0 - 1, 1); boundsInScreen: Rect(20, 348 - 21, 349); boundsInWindow: Rect(20, 348 - 21, 349); packageName: com.hanapkalinga.mobile; className: android.view.ViewGroup; text: null; error: null; maxTextLength: -1; stateDescription: null; contentDescription: null; tooltipText: null; containerTitle: null; viewIdResName: login_captcha_ready; uniqueId: null; checkable: false; checked: false; focusable: false; focused: false; selected: false; clickable: false; longClickable: false; contextClickable: false; enabled: true; password: false; scrollable: false; importantForAccessibility: true; visible: false; actions: [AccessibilityAction: ACTION_SELECT - null, AccessibilityAction: ACTION_CLEAR_SELECTION - null, AccessibilityAction: ACTION_ACCESSIBILITY_FOCUS - null, AccessibilityAction: ACTION_SHOW_ON_SCREEN - null]; isTextSelectable: false
06-24 07:05:30.859  7331  7331 W AccessibilityNodeInfoDumper: Fetch time: 11ms
06-24 07:05:30.860  1569  6868 I AiAiEcho: Settings changed for uri: content://settings/secure/accessibility_enabled
06-24 07:05:30.860   519  2540 W WindowMagnificationMgr: requestConnection duplicated request: connect=false, mConnectionState=DISCONNECTED
06-24 07:05:30.860   519  2540 D AccessibilityManagerService: restoreCurrentUserForTestAutomationIfNeededLocked(): ignoring because device doesn't support visible background users
06-24 07:05:30.860  1569  1870 I AiAiEcho: Predicting[0]: 
06-24 07:05:30.860  1569  1870 I AiAiEcho: EchoTargets: 
06-24 07:05:30.860  1569  1870 I AiAiEcho: Filtered by AiAi flag check: 
06-24 07:05:30.860  1569  1870 I AiAiEcho: Ranked targets strategy: SORT, count: 0, ranking metadata: 
06-24 07:05:30.861  1569  1870 I AiAiEcho: Predicting[0]: 
06-24 07:05:30.861  1569  1870 I AiAiEcho: EchoTargets: 
06-24 07:05:30.861  1569  1870 I AiAiEcho: Filtered by AiAi flag check: 
06-24 07:05:30.861   519   519 D BatterySaverPolicy: accessibility changed to false, updating policy.
06-24 07:05:30.861  1569  1870 I AiAiEcho: Ranked targets strategy: SORT, count: 0, ranking metadata: 
06-24 07:05:30.865  7331  7331 D AndroidRuntime: Shutting down VM
06-24 07:05:30.866  1776  2204 I A       : NGA enabled in interactor.
06-24 07:05:30.866  1776  2204 I A       : Nga state changed to NgaStateDetails{state=ENABLED, isSpecialExperience=false}
06-24 07:05:30.867  1578  5765 I A       : Initializing all components
06-24 07:05:30.868  1578  5765 I A       : APA or Classic session decision: SessionDecision(sessionVariance=CLASSIC, platformVariance=CLASSIC, justification=CURRENT_PLATFORM_VARIANCE).
06-24 07:05:30.868  1578  5765 I A       : [Memory] eligibility: StashEligibility{6}
06-24 07:05:30.868  1578  2214 I A       : onIsEnabledChanged, isEnabled: false
06-24 07:05:30.868  1578  2214 W A       : Disposing empty manager. Did you forgot to subscribe observables?
06-24 07:05:30.868  1578  2214 W A       : Disposing empty manager. Did you forgot to subscribe observables?
06-24 07:05:30.868  1578  2214 W A       : Disposing empty manager. Did you forgot to subscribe observables?
06-24 07:05:30.868  1578  2214 W A       : Disposing empty manager. Did you forgot to subscribe observables?
06-24 07:05:30.868  1578  2214 W A       : Disposing empty manager. Did you forgot to subscribe observables?
06-24 07:05:30.868  1578  2214 W A       : Disposing empty manager. Did you forgot to subscribe observables?
06-24 07:05:30.868  1578  2214 W A       : Disposing empty manager. Did you forgot to subscribe observables?
06-24 07:05:30.868  1578  2214 W A       : Disposing empty manager. Did you forgot to subscribe observables?
06-24 07:05:30.868  1578  2214 W A       : Disposing empty manager. Did you forgot to subscribe observables?
06-24 07:05:30.868  1578  2214 W A       : Disposing empty manager. Did you forgot to subscribe observables?
06-24 07:05:30.868  1578  2214 I A       : onOpaVisibilityChanged: false
06-24 07:05:30.868  1578  2214 W A       : Disposing empty manager. Did you forgot to subscribe observables?
06-24 07:05:30.868  1578  2214 W A       : Disposing empty manager. Did you forgot to subscribe observables?
06-24 07:05:30.868  1578  2214 W A       : Disposing empty manager. Did you forgot to subscribe observables?
06-24 07:05:30.868  1578  2214 W A       : Disposing empty manager. Did you forgot to subscribe observables?
06-24 07:05:30.868  1578  2214 W A       : Disposing empty manager. Did you forgot to subscribe observables?
06-24 07:05:30.869  1578  2214 W A       : Disposing empty manager. Did you forgot to subscribe observables?
06-24 07:05:30.869  1578  2199 I A       : State changed: IDLE => IDLE by NGA_STATE_CHANGED and N/A with Optional.empty
06-24 07:05:30.869  1578  2199 I A       : Recognizer choice: (recognizer_type: 1, recognizer_mode: 1, choice_reason: 4)
06-24 07:05:30.870  1578  2214 I A       : Setting session to type: NO_SESSION
06-24 07:05:30.870  1569  1870 I AiAiEcho: #postPredictionTargets: Sending updates to UISurface lockscreen with targets# 0 (types=[])
06-24 07:05:30.871  1578  2199 I A       : onActiveStateChangeEvent: IDLE => IDLE
06-24 07:05:30.871  1569  1870 I AiAiEcho: #postPredictionTargets: Sending updates to UISurface home with targets# 0 (types=[])
06-24 07:05:30.873  1578  2214 W A       : Disposing empty manager. Did you forgot to subscribe observables?
06-24 07:05:30.873  1578  2214 W A       : Disposing empty manager. Did you forgot to subscribe observables?
06-24 07:05:30.873  1578  2214 W A       : Disposing empty manager. Did you forgot to subscribe observables?
06-24 07:05:30.873  1578  2214 W A       : Disposing empty manager. Did you forgot to subscribe observables?
06-24 07:05:30.873  1578  2214 W A       : Disposing empty manager. Did you forgot to subscribe observables?
06-24 07:05:30.873  1578  2214 W A       : Disposing empty manager. Did you forgot to subscribe observables?
06-24 07:05:30.873  1578  2214 W A       : Disposing empty manager. Did you forgot to subscribe observables?
06-24 07:05:30.873  1578  2214 W A       : Disposing empty manager. Did you forgot to subscribe observables?
06-24 07:05:30.873  1578  2214 I A       : setNavBarVisible: GestureNavBarVisible{navbarVisible=true}
06-24 07:05:30.873  1578  2214 W A       : Disposing empty manager. Did you forgot to subscribe observables?
06-24 07:05:30.873  1578  2214 W A       : Disposing empty manager. Did you forgot to subscribe observables?
06-24 07:05:30.873  1578  2214 W A       : Disposing empty manager. Did you forgot to subscribe observables?
06-24 07:05:30.873  1578  2214 W A       : Disposing empty manager. Did you forgot to subscribe observables?
06-24 07:05:30.873  1578  2214 W A       : Disposing empty manager. Did you forgot to subscribe observables?
06-24 07:05:30.874  1578  2214 W A       : Disposing empty manager. Did you forgot to subscribe observables?
06-24 07:05:30.874  1578  2214 I A       : onDisabled. Registered: false
06-24 07:05:30.874  1578  2199 I A       : #onActiveStateChangeEvent, newState: IDLE, previousState: IDLE.
06-24 07:05:30.876   839   839 W PageIndicator: Total number of pages invalid: 0. Assuming 1 page.
06-24 07:05:30.876  1578  2199 I NgaEntryPointEventSendr: setupConnection
06-24 07:05:30.886  1776  1776 I A       : Creating pss binder().
06-24 07:05:30.886  1578  2199 I NgaEntryPointEventSendr: State changed: Disconnected => Connecting
06-24 07:05:30.886  1578  2199 I NgaEntryPointEventSendr: onServiceConnected
06-24 07:05:30.887  1776  2413 I A       : Calling beginBinderSession().
06-24 07:05:30.887  1776  2413 I A       : beginBinderSession(): calling binder
06-24 07:05:30.887  1578  2199 I NgaEntryPointEventSendr: State changed: Connecting => Ready
06-24 07:05:30.888  1578  2199 I A       : stopListening(NGA_PAUSED_UNKNOWN_REASON, NGA_CREATE), idleOverride=NOT_LISTENING
06-24 07:05:30.888  1578  2199 I A       : on opa visibility changed false
06-24 07:05:30.888  1578  2199 I A       : on opa visibility changed false
06-24 07:05:30.888  1578  2214 I A       : Initialize
06-24 07:05:30.890   519  2540 W ActivityManager: Unable to start service Intent { cmp=com.google.android.apps.tachyon/.clientapi.ClientApiService } U=0: not found
06-24 07:05:30.898  1776  2418 W A       : UiCallbackStub-onGenericEvent[ServiceEvent = 60] task was not run. Callback from Service received after client was disposed.
06-24 07:05:30.900  1776  4791 I PBSessionCacheImpl: Deleted sessionId[7812712888221137] from persistence.
06-24 07:05:30.901  1578  2214 I NgaEntryPointEventSendr: State changed: Ready => Disconnected (onOpaDisconnected)
06-24 07:05:30.902  1776  2418 W SearchServiceCore: Abort, client detached.
06-24 07:05:30.904  1578  2214 I A       : Successfully initialized all components
