--------- beginning of main
06-24 07:06:38.117  7416  7480 I Maestro : Skipping invisible child: android.view.accessibility.AccessibilityNodeInfo@1a489; boundsInParent: Rect(0, 0 - 320, 0); boundsInScreen: Rect(0, 0 - 320, 0); boundsInWindow: Rect(0, 0 - 320, 0); packageName: com.hanapkalinga.mobile; className: android.widget.LinearLayout; text: null; error: null; maxTextLength: -1; stateDescription: null; contentDescription: null; tooltipText: null; containerTitle: null; viewIdResName: null; uniqueId: null; checkable: false; checked: false; focusable: false; focused: false; selected: false; clickable: false; longClickable: false; contextClickable: false; enabled: true; password: false; scrollable: false; importantForAccessibility: false; visible: false; actions: [AccessibilityAction: ACTION_SELECT - null, AccessibilityAction: ACTION_CLEAR_SELECTION - null, AccessibilityAction: ACTION_ACCESSIBILITY_FOCUS - null, AccessibilityAction: ACTION_SHOW_ON_SCREEN - null]; isTextSelectable: false
06-24 07:06:38.118  7416  7480 I Maestro : Skipping invisible child: android.view.accessibility.AccessibilityNodeInfo@1a0c8; boundsInParent: Rect(0, 0 - 320, 0); boundsInScreen: Rect(0, 0 - 320, 0); boundsInWindow: Rect(0, 0 - 320, 0); packageName: com.hanapkalinga.mobile; className: android.view.ViewGroup; text: null; error: null; maxTextLength: -1; stateDescription: null; contentDescription: null; tooltipText: null; containerTitle: null; viewIdResName: null; uniqueId: null; checkable: false; checked: false; focusable: false; focused: false; selected: false; clickable: false; longClickable: false; contextClickable: false; enabled: true; password: false; scrollable: false; importantForAccessibility: false; visible: false; actions: [AccessibilityAction: ACTION_SELECT - null, AccessibilityAction: ACTION_CLEAR_SELECTION - null, AccessibilityAction: ACTION_ACCESSIBILITY_FOCUS - null, AccessibilityAction: ACTION_SHOW_ON_SCREEN - null]; isTextSelectable: false
06-24 07:06:38.119  7416  7480 I Maestro : Skipping invisible child: android.view.accessibility.AccessibilityNodeInfo@182c0; boundsInParent: Rect(0, 0 - 1, 1); boundsInScreen: Rect(20, 348 - 21, 349); boundsInWindow: Rect(20, 348 - 21, 349); packageName: com.hanapkalinga.mobile; className: android.view.ViewGroup; text: null; error: null; maxTextLength: -1; stateDescription: null; contentDescription: null; tooltipText: null; containerTitle: null; viewIdResName: login_captcha_ready; uniqueId: null; checkable: false; checked: false; focusable: false; focused: false; selected: false; clickable: false; longClickable: false; contextClickable: false; enabled: true; password: false; scrollable: false; importantForAccessibility: true; visible: false; actions: [AccessibilityAction: ACTION_SELECT - null, AccessibilityAction: ACTION_CLEAR_SELECTION - null, AccessibilityAction: ACTION_ACCESSIBILITY_FOCUS - null, AccessibilityAction: ACTION_SHOW_ON_SCREEN - null]; isTextSelectable: false
06-24 07:06:38.126  7416  7480 D Maestro : View hierarchy received in 22 ms
06-24 07:06:38.148  7574  7593 D EGL_emulation: app_time_stats: avg=499.56ms min=498.86ms max=500.16ms count=3
06-24 07:06:38.218  7416  7480 D Maestro : Requesting view hierarchy
06-24 07:06:38.218  7416  7480 W QueryController: Could not detect idle state.
06-24 07:06:38.219  7416  7480 W QueryController: Could not detect idle state.
06-24 07:06:38.233  7416  7480 I Maestro : Skipping invisible child: android.view.accessibility.AccessibilityNodeInfo@128a8; boundsInParent: Rect(0, 0 - 320, 0); boundsInScreen: Rect(0, 0 - 320, 0); boundsInWindow: Rect(0, 0 - 320, 0); packageName: com.hanapkalinga.mobile; className: android.widget.LinearLayout; text: null; error: null; maxTextLength: -1; stateDescription: null; contentDescription: null; tooltipText: null; containerTitle: null; viewIdResName: null; uniqueId: null; checkable: false; checked: false; focusable: false; focused: false; selected: false; clickable: false; longClickable: false; contextClickable: false; enabled: true; password: false; scrollable: false; importantForAccessibility: false; visible: false; actions: [AccessibilityAction: ACTION_SELECT - null, AccessibilityAction: ACTION_CLEAR_SELECTION - null, AccessibilityAction: ACTION_ACCESSIBILITY_FOCUS - null, AccessibilityAction: ACTION_SHOW_ON_SCREEN - null]; isTextSelectable: false
06-24 07:06:38.233  7416  7480 I Maestro : Skipping invisible child: android.view.accessibility.AccessibilityNodeInfo@124e7; boundsInParent: Rect(0, 0 - 320, 0); boundsInScreen: Rect(0, 0 - 320, 0); boundsInWindow: Rect(0, 0 - 320, 0); packageName: com.hanapkalinga.mobile; className: android.view.ViewGroup; text: null; error: null; maxTextLength: -1; stateDescription: null; contentDescription: null; tooltipText: null; containerTitle: null; viewIdResName: null; uniqueId: null; checkable: false; checked: false; focusable: false; focused: false; selected: false; clickable: false; longClickable: false; contextClickable: false; enabled: true; password: false; scrollable: false; importantForAccessibility: false; visible: false; actions: [AccessibilityAction: ACTION_SELECT - null, AccessibilityAction: ACTION_CLEAR_SELECTION - null, AccessibilityAction: ACTION_ACCESSIBILITY_FOCUS - null, AccessibilityAction: ACTION_SHOW_ON_SCREEN - null]; isTextSelectable: false
06-24 07:06:38.234  7416  7480 I Maestro : Skipping invisible child: android.view.accessibility.AccessibilityNodeInfo@1a489; boundsInParent: Rect(0, 0 - 320, 0); boundsInScreen: Rect(0, 0 - 320, 0); boundsInWindow: Rect(0, 0 - 320, 0); packageName: com.hanapkalinga.mobile; className: android.widget.LinearLayout; text: null; error: null; maxTextLength: -1; stateDescription: null; contentDescription: null; tooltipText: null; containerTitle: null; viewIdResName: null; uniqueId: null; checkable: false; checked: false; focusable: false; focused: false; selected: false; clickable: false; longClickable: false; contextClickable: false; enabled: true; password: false; scrollable: false; importantForAccessibility: false; visible: false; actions: [AccessibilityAction: ACTION_SELECT - null, AccessibilityAction: ACTION_CLEAR_SELECTION - null, AccessibilityAction: ACTION_ACCESSIBILITY_FOCUS - null, AccessibilityAction: ACTION_SHOW_ON_SCREEN - null]; isTextSelectable: false
06-24 07:06:38.234  7416  7480 I Maestro : Skipping invisible child: android.view.accessibility.AccessibilityNodeInfo@1a0c8; boundsInParent: Rect(0, 0 - 320, 0); boundsInScreen: Rect(0, 0 - 320, 0); boundsInWindow: Rect(0, 0 - 320, 0); packageName: com.hanapkalinga.mobile; className: android.view.ViewGroup; text: null; error: null; maxTextLength: -1; stateDescription: null; contentDescription: null; tooltipText: null; containerTitle: null; viewIdResName: null; uniqueId: null; checkable: false; checked: false; focusable: false; focused: false; selected: false; clickable: false; longClickable: false; contextClickable: false; enabled: true; password: false; scrollable: false; importantForAccessibility: false; visible: false; actions: [AccessibilityAction: ACTION_SELECT - null, AccessibilityAction: ACTION_CLEAR_SELECTION - null, AccessibilityAction: ACTION_ACCESSIBILITY_FOCUS - null, AccessibilityAction: ACTION_SHOW_ON_SCREEN - null]; isTextSelectable: false
06-24 07:06:38.236  7416  7480 I Maestro : Skipping invisible child: android.view.accessibility.AccessibilityNodeInfo@182c0; boundsInParent: Rect(0, 0 - 1, 1); boundsInScreen: Rect(20, 348 - 21, 349); boundsInWindow: Rect(20, 348 - 21, 349); packageName: com.hanapkalinga.mobile; className: android.view.ViewGroup; text: null; error: null; maxTextLength: -1; stateDescription: null; contentDescription: null; tooltipText: null; containerTitle: null; viewIdResName: login_captcha_ready; uniqueId: null; checkable: false; checked: false; focusable: false; focused: false; selected: false; clickable: false; longClickable: false; contextClickable: false; enabled: true; password: false; scrollable: false; importantForAccessibility: true; visible: false; actions: [AccessibilityAction: ACTION_SELECT - null, AccessibilityAction: ACTION_CLEAR_SELECTION - null, AccessibilityAction: ACTION_ACCESSIBILITY_FOCUS - null, AccessibilityAction: ACTION_SHOW_ON_SCREEN - null]; isTextSelectable: false
06-24 07:06:38.247  7416  7480 D Maestro : View hierarchy received in 29 ms
06-24 07:06:38.337  7416  7480 D Maestro : Requesting view hierarchy
06-24 07:06:38.338  7416  7480 W QueryController: Could not detect idle state.
06-24 07:06:38.338  7416  7480 W QueryController: Could not detect idle state.
06-24 07:06:38.353  7416  7480 I Maestro : Skipping invisible child: android.view.accessibility.AccessibilityNodeInfo@128a8; boundsInParent: Rect(0, 0 - 320, 0); boundsInScreen: Rect(0, 0 - 320, 0); boundsInWindow: Rect(0, 0 - 320, 0); packageName: com.hanapkalinga.mobile; className: android.widget.LinearLayout; text: null; error: null; maxTextLength: -1; stateDescription: null; contentDescription: null; tooltipText: null; containerTitle: null; viewIdResName: null; uniqueId: null; checkable: false; checked: false; focusable: false; focused: false; selected: false; clickable: false; longClickable: false; contextClickable: false; enabled: true; password: false; scrollable: false; importantForAccessibility: false; visible: false; actions: [AccessibilityAction: ACTION_SELECT - null, AccessibilityAction: ACTION_CLEAR_SELECTION - null, AccessibilityAction: ACTION_ACCESSIBILITY_FOCUS - null, AccessibilityAction: ACTION_SHOW_ON_SCREEN - null]; isTextSelectable: false
06-24 07:06:38.354  7416  7480 I Maestro : Skipping invisible child: android.view.accessibility.AccessibilityNodeInfo@124e7; boundsInParent: Rect(0, 0 - 320, 0); boundsInScreen: Rect(0, 0 - 320, 0); boundsInWindow: Rect(0, 0 - 320, 0); packageName: com.hanapkalinga.mobile; className: android.view.ViewGroup; text: null; error: null; maxTextLength: -1; stateDescription: null; contentDescription: null; tooltipText: null; containerTitle: null; viewIdResName: null; uniqueId: null; checkable: false; checked: false; focusable: false; focused: false; selected: false; clickable: false; longClickable: false; contextClickable: false; enabled: true; password: false; scrollable: false; importantForAccessibility: false; visible: false; actions: [AccessibilityAction: ACTION_SELECT - null, AccessibilityAction: ACTION_CLEAR_SELECTION - null, AccessibilityAction: ACTION_ACCESSIBILITY_FOCUS - null, AccessibilityAction: ACTION_SHOW_ON_SCREEN - null]; isTextSelectable: false
06-24 07:06:38.354  7416  7480 I Maestro : Skipping invisible child: android.view.accessibility.AccessibilityNodeInfo@1a489; boundsInParent: Rect(0, 0 - 320, 0); boundsInScreen: Rect(0, 0 - 320, 0); boundsInWindow: Rect(0, 0 - 320, 0); packageName: com.hanapkalinga.mobile; className: android.widget.LinearLayout; text: null; error: null; maxTextLength: -1; stateDescription: null; contentDescription: null; tooltipText: null; containerTitle: null; viewIdResName: null; uniqueId: null; checkable: false; checked: false; focusable: false; focused: false; selected: false; clickable: false; longClickable: false; contextClickable: false; enabled: true; password: false; scrollable: false; importantForAccessibility: false; visible: false; actions: [AccessibilityAction: ACTION_SELECT - null, AccessibilityAction: ACTION_CLEAR_SELECTION - null, AccessibilityAction: ACTION_ACCESSIBILITY_FOCUS - null, AccessibilityAction: ACTION_SHOW_ON_SCREEN - null]; isTextSelectable: false
06-24 07:06:38.354  7416  7480 I Maestro : Skipping invisible child: android.view.accessibility.AccessibilityNodeInfo@1a0c8; boundsInParent: Rect(0, 0 - 320, 0); boundsInScreen: Rect(0, 0 - 320, 0); boundsInWindow: Rect(0, 0 - 320, 0); packageName: com.hanapkalinga.mobile; className: android.view.ViewGroup; text: null; error: null; maxTextLength: -1; stateDescription: null; contentDescription: null; tooltipText: null; containerTitle: null; viewIdResName: null; uniqueId: null; checkable: false; checked: false; focusable: false; focused: false; selected: false; clickable: false; longClickable: false; contextClickable: false; enabled: true; password: false; scrollable: false; importantForAccessibility: false; visible: false; actions: [AccessibilityAction: ACTION_SELECT - null, AccessibilityAction: ACTION_CLEAR_SELECTION - null, AccessibilityAction: ACTION_ACCESSIBILITY_FOCUS - null, AccessibilityAction: ACTION_SHOW_ON_SCREEN - null]; isTextSelectable: false
06-24 07:06:38.356  7416  7480 I Maestro : Skipping invisible child: android.view.accessibility.AccessibilityNodeInfo@182c0; boundsInParent: Rect(0, 0 - 1, 1); boundsInScreen: Rect(20, 348 - 21, 349); boundsInWindow: Rect(20, 348 - 21, 349); packageName: com.hanapkalinga.mobile; className: android.view.ViewGroup; text: null; error: null; maxTextLength: -1; stateDescription: null; contentDescription: null; tooltipText: null; containerTitle: null; viewIdResName: login_captcha_ready; uniqueId: null; checkable: false; checked: false; focusable: false; focused: false; selected: false; clickable: false; longClickable: false; contextClickable: false; enabled: true; password: false; scrollable: false; importantForAccessibility: true; visible: false; actions: [AccessibilityAction: ACTION_SELECT - null, AccessibilityAction: ACTION_CLEAR_SELECTION - null, AccessibilityAction: ACTION_ACCESSIBILITY_FOCUS - null, AccessibilityAction: ACTION_SHOW_ON_SCREEN - null]; isTextSelectable: false
06-24 07:06:38.365  7416  7480 D Maestro : View hierarchy received in 28 ms
--------- beginning of system
06-24 07:06:38.453   519  1748 D WindowManager: captureDisplay
06-24 07:06:38.498   334   367 I netd    : tetherGetStats() -> {[]} <2.86ms>
06-24 07:06:38.499   334   367 I netd    : bandwidthSetGlobalAlert(2097152) <0.09ms>
06-24 07:06:38.938   519   548 I ActivityManager: Force stopping dev.mobile.maestro appid=10197 user=-1: deletePackageX
06-24 07:06:38.938   519   548 E libprocessgroup: No such cgroup attribute: /sys/fs/cgroup/uid_4294877493/cgroup.freeze
06-24 07:06:38.938   519   548 W libprocessgroup: Failed to apply Frozen process profile: No such file or directory
06-24 07:06:38.938   519   539 D DisplayManagerService: Drop pending events for gone uid 10197
06-24 07:06:38.939   519   548 I ActivityManager: Killing 7416:dev.mobile.maestro/u0a197 (adj 0): stop dev.mobile.maestro due to deletePackageX
06-24 07:06:38.940   519   548 W ActivityManager: Crash of app dev.mobile.maestro running instrumentation ComponentInfo{dev.mobile.maestro.test/androidx.test.runner.AndroidJUnitRunner}
06-24 07:06:38.940   519   548 I ActivityManager: Force stopping dev.mobile.maestro appid=10197 user=0: finished inst
06-24 07:06:38.941  7404  7404 I app_process: System.exit called, status: 0
06-24 07:06:38.941  7404  7404 I AndroidRuntime: VM exiting with result code 0.
06-24 07:06:38.947   519   548 E libprocessgroup: No such cgroup attribute: /sys/fs/cgroup/uid_4294877493/cgroup.freeze
06-24 07:06:38.947   519   548 W libprocessgroup: Failed to apply Unfrozen process profile: No such file or directory
--------- beginning of kernel
06-24 07:06:39.154     0     0 I servicemanager: Since 'artd' could not be found, trying to start it as a lazy AIDL service. (if it's not configured to be a lazy service, it may be stuck starting or still starting).
06-24 07:06:39.158     0     0 I init    : starting service 'artd'...
06-24 07:06:39.161     0     0 I binder  : undelivered transaction 868803, process died.
06-24 07:06:38.961   519  1748 W WindowMagnificationMgr: requestConnection duplicated request: connect=false, mConnectionState=DISCONNECTED
06-24 07:06:38.961   519  1748 V UiAutomationManager: UiAutomation service owner died
06-24 07:06:38.962  1569  1616 I AiAiEcho: Settings changed for uri: content://settings/secure/accessibility_enabled
06-24 07:06:38.963  1569  1870 I AiAiEcho: Predicting[0]: 
06-24 07:06:38.963  1569  1870 I AiAiEcho: EchoTargets: 
06-24 07:06:38.963  1569  1870 I AiAiEcho: Filtered by AiAi flag check: 
06-24 07:06:38.963  1569  1870 I AiAiEcho: Ranked targets strategy: SORT, count: 0, ranking metadata: 
06-24 07:06:38.963   519   519 D BatterySaverPolicy: accessibility changed to false, updating policy.
06-24 07:06:38.963  1569  1870 I AiAiEcho: Predicting[0]: 
06-24 07:06:38.963  1569  1870 I AiAiEcho: EchoTargets: 
06-24 07:06:38.963  1569  1870 I AiAiEcho: Filtered by AiAi flag check: 
06-24 07:06:38.963  1569  1870 I AiAiEcho: Ranked targets strategy: SORT, count: 0, ranking metadata: 
06-24 07:06:38.963  1569  1870 I AiAiEcho: #postPredictionTargets: Sending updates to UISurface lockscreen with targets# 0 (types=[])
06-24 07:06:38.963  1569  1870 I AiAiEcho: #postPredictionTargets: Sending updates to UISurface home with targets# 0 (types=[])
06-24 07:06:38.966  1776  2186 I A       : NGA enabled in interactor.
06-24 07:06:38.966  1776  2186 I A       : Nga state changed to NgaStateDetails{state=ENABLED, isSpecialExperience=false}
06-24 07:06:38.967  1578  1717 I A       : Initializing all components
06-24 07:06:38.968  1578  2214 I A       : onIsEnabledChanged, isEnabled: false
06-24 07:06:38.968  1578  2214 W A       : Disposing empty manager. Did you forgot to subscribe observables?
06-24 07:06:38.968  1578  2214 W A       : Disposing empty manager. Did you forgot to subscribe observables?
06-24 07:06:38.968  1578  2199 I A       : State changed: IDLE => IDLE by NGA_STATE_CHANGED and N/A with Optional.empty
06-24 07:06:38.968  1578  2214 W A       : Disposing empty manager. Did you forgot to subscribe observables?
06-24 07:06:38.968  1578  2214 W A       : Disposing empty manager. Did you forgot to subscribe observables?
06-24 07:06:38.968  1578  2214 W A       : Disposing empty manager. Did you forgot to subscribe observables?
06-24 07:06:38.969  1578  2214 W A       : Disposing empty manager. Did you forgot to subscribe observables?
06-24 07:06:38.969  1578  2214 W A       : Disposing empty manager. Did you forgot to subscribe observables?
06-24 07:06:38.969  1578  2214 W A       : Disposing empty manager. Did you forgot to subscribe observables?
06-24 07:06:38.969  1578  2214 W A       : Disposing empty manager. Did you forgot to subscribe observables?
06-24 07:06:38.969  1578  2214 W A       : Disposing empty manager. Did you forgot to subscribe observables?
06-24 07:06:38.969  1578  2214 I A       : onOpaVisibilityChanged: false
06-24 07:06:38.969  1578  2214 W A       : Disposing empty manager. Did you forgot to subscribe observables?
06-24 07:06:38.969  1578  2214 W A       : Disposing empty manager. Did you forgot to subscribe observables?
06-24 07:06:38.969  1578  2214 W A       : Disposing empty manager. Did you forgot to subscribe observables?
06-24 07:06:38.969  1578  2214 W A       : Disposing empty manager. Did you forgot to subscribe observables?
06-24 07:06:38.969  1578  2214 W A       : Disposing empty manager. Did you forgot to subscribe observables?
06-24 07:06:38.969  1578  2214 W A       : Disposing empty manager. Did you forgot to subscribe observables?
06-24 07:06:38.969  1578  2214 I A       : Setting session to type: NO_SESSION
06-24 07:06:38.969  1578  2214 W A       : Disposing empty manager. Did you forgot to subscribe observables?
06-24 07:06:38.969  1578  2214 W A       : Disposing empty manager. Did you forgot to subscribe observables?
06-24 07:06:38.969  1578  2214 W A       : Disposing empty manager. Did you forgot to subscribe observables?
06-24 07:06:38.969  1578  2214 W A       : Disposing empty manager. Did you forgot to subscribe observables?
06-24 07:06:38.969  1578  2214 W A       : Disposing empty manager. Did you forgot to subscribe observables?
06-24 07:06:38.969  1578  2214 W A       : Disposing empty manager. Did you forgot to subscribe observables?
06-24 07:06:38.969  1578  2214 W A       : Disposing empty manager. Did you forgot to subscribe observables?
06-24 07:06:38.969  1578  2214 W A       : Disposing empty manager. Did you forgot to subscribe observables?
06-24 07:06:38.969  1578  2214 I A       : setNavBarVisible: GestureNavBarVisible{navbarVisible=true}
06-24 07:06:38.969  1578  2214 W A       : Disposing empty manager. Did you forgot to subscribe observables?
06-24 07:06:38.969  1578  2214 W A       : Disposing empty manager. Did you forgot to subscribe observables?
06-24 07:06:38.969  1578  2214 W A       : Disposing empty manager. Did you forgot to subscribe observables?
06-24 07:06:38.969  1578  2214 W A       : Disposing empty manager. Did you forgot to subscribe observables?
06-24 07:06:38.969  1578  2214 W A       : Disposing empty manager. Did you forgot to subscribe observables?
06-24 07:06:38.969  1578  2214 W A       : Disposing empty manager. Did you forgot to subscribe observables?
06-24 07:06:38.969  1578  2214 I A       : onDisabled. Registered: false
06-24 07:06:38.970  1578  2199 I A       : Recognizer choice: (recognizer_type: 1, recognizer_mode: 1, choice_reason: 4)
06-24 07:06:38.970  1578  2199 I A       : onActiveStateChangeEvent: IDLE => IDLE
06-24 07:06:38.971  1578  1717 I A       : APA or Classic session decision: SessionDecision(sessionVariance=CLASSIC, platformVariance=CLASSIC, justification=CURRENT_PLATFORM_VARIANCE).
06-24 07:06:38.971  1578  1717 I A       : [Memory] eligibility: StashEligibility{6}
06-24 07:06:38.971  1578  2199 I A       : #onActiveStateChangeEvent, newState: IDLE, previousState: IDLE.
06-24 07:06:38.973   519  2304 D CompatibilityChangeReporter: Compat change id reported: 197654537; UID 10192; state: ENABLED
06-24 07:06:38.974   839   839 W PageIndicator: Total number of pages invalid: 0. Assuming 1 page.
06-24 07:06:38.975  1578  2199 I A       : on opa visibility changed false
06-24 07:06:38.975  1578  2199 I A       : on opa visibility changed false
06-24 07:06:38.976  1578  2199 I A       : stopListening(NGA_PAUSED_UNKNOWN_REASON, NGA_CREATE), idleOverride=NOT_LISTENING
06-24 07:06:38.976  1578  2199 I NgaEntryPointEventSendr: setupConnection
06-24 07:06:38.979  1578  2214 I A       : Initialize
06-24 07:06:38.982   335   335 I Zygote  : Process 7416 exited due to signal 9 (Killed)
06-24 07:06:39.180     0     0 I binder  : undelivered transaction 868811, process died.
06-24 07:06:39.184     0     0 I init    : ... started service 'artd' has pid 7769
06-24 07:06:39.185     0     0 I init    : Control message: Processed ctl.interface_start for 'aidl/artd' from pid: 134 (/system/bin/servicemanager)
06-24 07:06:38.994   519   911 W ProcessStats: Tracking association SourceState{26a95af com.google.android.googlequicksearchbox:interactor/10131 BFgs #13310} whose proc state 4 is better than process ProcessState{9cecad8 com.google.android.googlequicksearchbox:search/10131 pkg=com.google.android.googlequicksearchbox} proc state 6 (0 skipped)
06-24 07:06:38.995   519  1748 V ActivityManager: Got obituary of 7416:dev.mobile.maestro
06-24 07:06:38.995  1578  2199 I NgaEntryPointEventSendr: State changed: Disconnected => Connecting
06-24 07:06:39.192     0     0 I init    : Untracked pid 7404 exited with status 0
06-24 07:06:39.193     0     0 I init    : Untracked pid 7404 did not have an associated service entry and will not be reaped
06-24 07:06:39.000  1776  1776 I A       : Creating pss binder().
06-24 07:06:39.002  1578  2214 I NgaEntryPointEventSendr: onServiceConnected
06-24 07:06:39.002  1776  2374 I A       : Calling beginBinderSession().
06-24 07:06:39.004  1578  2199 I A       : Successfully initialized all components
06-24 07:06:39.010  1776  2374 I A       : beginBinderSession(): calling binder
06-24 07:06:39.010  1578  2214 I NgaEntryPointEventSendr: State changed: Connecting => Ready
06-24 07:06:39.015  7769  7769 I artd    : Starting artd
06-24 07:06:39.015  7769  7769 I AidlLazyServiceRegistrar: Registering service artd
06-24 07:06:39.019  1776  2274 W CorpusConfigHelper: Invalid input from icing corpus JSON flag.
06-24 07:06:39.019  1776  2274 W CorpusConfigHelper: android.util.MalformedJsonException: Use JsonReader.setLenient(true) to accept malformed JSON at line 123 column 2
06-24 07:06:39.019  1776  2274 W CorpusConfigHelper: 	at android.util.JsonReader.syntaxError(JsonReader.java:1162)
06-24 07:06:39.019  1776  2274 W CorpusConfigHelper: 	at android.util.JsonReader.checkLenient(JsonReader.java:840)
06-24 07:06:39.019  1776  2274 W CorpusConfigHelper: 	at android.util.JsonReader.nextInArray(JsonReader.java:615)
06-24 07:06:39.019  1776  2274 W CorpusConfigHelper: 	at android.util.JsonReader.peek(JsonReader.java:345)
06-24 07:06:39.019  1776  2274 W CorpusConfigHelper: 	at android.util.JsonReader.hasNext(JsonReader.java:321)
06-24 07:06:39.019  1776  2274 W CorpusConfigHelper: 	at com.google.android.apps.gsa.searchbox.c.b.b.k.c(PG:7)
06-24 07:06:39.019  1776  2274 W CorpusConfigHelper: 	at com.google.android.apps.gsa.searchbox.c.b.b.k.<init>(PG:5)
06-24 07:06:39.019  1776  2274 W CorpusConfigHelper: 	at com.google.android.apps.gsa.staticplugins.searchboxroot.features.n.a.c.<init>(PG:16)
06-24 07:06:39.019  1776  2274 W CorpusConfigHelper: 	at com.google.android.apps.gsa.staticplugins.searchboxroot.b.a(PG:14)
06-24 07:06:39.019  1776  2274 W CorpusConfigHelper: 	at com.google.android.apps.gsa.staticplugins.searchboxroot.x.<init>(PG:7)
06-24 07:06:39.019  1776  2274 W CorpusConfigHelper: 	at com.google.android.apps.gsa.binaries.velvet.app.akd.b(PG:15)
06-24 07:06:39.019  1776  2274 W CorpusConfigHelper: 	at dagger.a.e.b(PG:1)
06-24 07:06:39.019  1776  2274 W CorpusConfigHelper: 	at com.google.android.apps.gsa.staticplugins.searchboxroot.a.a.a(PG:3)
06-24 07:06:39.019  1776  2274 W CorpusConfigHelper: 	at com.google.android.apps.gsa.binaries.velvet.app.ok.f(Unknown Source:2541)
06-24 07:06:39.019  1776  2274 W CorpusConfigHelper: 	at com.google.android.apps.gsa.binaries.velvet.app.ok.b(PG:1)
06-24 07:06:39.019  1776  2274 W CorpusConfigHelper: 	at com.google.android.apps.gsa.search.core.service.g.a.c.a(PG:2)
06-24 07:06:39.019  1776  2274 W CorpusConfigHelper: 	at com.google.android.libraries.gsa.k.a.f.a(PG:2)
06-24 07:06:39.019  1776  2274 W CorpusConfigHelper: 	at com.google.common.util.concurrent.dx.a(PG:1)
06-24 07:06:39.019  1776  2274 W CorpusConfigHelper: 	at com.google.common.util.concurrent.cv.run(PG:4)
06-24 07:06:39.019  1776  2274 W CorpusConfigHelper: 	at com.google.common.util.concurrent.dz.run(PG:1)
06-24 07:06:39.019  1776  2274 W CorpusConfigHelper: 	at com.google.android.libraries.i.ae.run(PG:1)
06-24 07:06:39.019  1776  2274 W CorpusConfigHelper: 	at java.util.concurrent.ThreadPoolExecutor.runWorker(ThreadPoolExecutor.java:1145)
06-24 07:06:39.019  1776  2274 W CorpusConfigHelper: 	at java.util.concurrent.ThreadPoolExecutor$Worker.run(ThreadPoolExecutor.java:644)
06-24 07:06:39.019  1776  2274 W CorpusConfigHelper: 	at com.google.android.libraries.i.k.run(PG:2)
06-24 07:06:39.019  1776  2274 W CorpusConfigHelper: 	at com.google.android.libraries.i.p.run(PG:4)
06-24 07:06:39.019  1776  2274 W CorpusConfigHelper: 	at java.lang.Thread.run(Thread.java:1012)
06-24 07:06:39.020  1578  1578 V ClearcutMetricXmitter: Transmission is done.
06-24 07:06:39.217     0     0 I BpBinder: onLastStrongRef automatically unlinking death recipients:
06-24 07:06:39.021   519   910 W ActivityManager: Unable to start service Intent { cmp=com.google.android.apps.tachyon/.clientapi.ClientApiService } U=0: not found
06-24 07:06:39.023  1578  2199 I NgaEntryPointEventSendr: State changed: Ready => Disconnected (onOpaDisconnected)
06-24 07:06:39.023  1776  2456 I PBSessionCacheImpl: Deleted sessionId[7812712888221146] from persistence.
06-24 07:06:39.024  1776  2418 W SearchServiceCore: Abort, client detached.
06-24 07:06:39.025  7769  7778 I AidlLazyServiceRegistrar: Process has 1 (of 1 available) client(s) in use after notification artd has clients: 1
06-24 07:06:39.223     0     0 I servicemanager: Notifying artd they do (previously: don't) have clients when service is guaranteed to be in use
06-24 07:06:39.029  1776  2418 I MicroDetectionState: Should stop hotword detection immediately - true
06-24 07:06:39.029  1776  2418 I A       : Using proto config with mendel
06-24 07:06:39.029  1776  2418 I A       : Using proto config with mendel
06-24 07:06:39.257     0     0 I logd    : start watching /data/system/packages.list ...
06-24 07:06:39.259     0     0 I logd    : ReadPackageList, total packages: 201
06-24 07:06:39.061   519   572 D PackageManager: Instant App installer not found with android.intent.action.INSTALL_INSTANT_APP_PACKAGE
06-24 07:06:39.061   519   572 D PackageManager: Clear ephemeral installer activity
06-24 07:06:39.062   519  3345 E TaskPersister: File error accessing recents directory (directory doesn't exist?).
06-24 07:06:39.077   519   572 I ActivityManager: Force stopping dev.mobile.maestro appid=10197 user=0: pkg removed
06-24 07:06:39.085  1051  1051 D CarrierSvcBindHelper: onPackageRemoved: dev.mobile.maestro
06-24 07:06:39.086  1051  1051 D CarrierSvcBindHelper: No carrier app for: 0
06-24 07:06:39.089  3914  3914 V MediaPlayerList: mPackageChangedBroadcastReceiver: action: android.intent.action.PACKAGE_REMOVED
06-24 07:06:39.090  3914  3914 V MediaPlayerList: mPackageChangedBroadcastReceiver: action: android.intent.action.PACKAGE_REMOVED
06-24 07:06:39.092   519   759 W WifiService: Couldn't get PackageInfo for package:dev.mobile.maestro
06-24 07:06:39.092   519   759 D WifiService: Remove settings for package:dev.mobile.maestro
06-24 07:06:39.095   519   759 D WifiConfigManager: Remove all networks for app ApplicationInfo{8d79103 dev.mobile.maestro}
06-24 07:06:39.095   519   634 V StorageManagerService: Package dev.mobile.maestro does not have legacy storage
06-24 07:06:39.095   519   519 D ActivityManager: sync unfroze 1853 com.android.keychain for 10
06-24 07:06:39.096   519   519 D ActivityManager: sync unfroze 1052 com.android.settings for 10
06-24 07:06:39.096   519   519 D ActivityManager: sync unfroze 3565 com.android.dynsystem:dynsystem for 10
06-24 07:06:39.097   519   519 D ActivityManager: sync unfroze 3544 com.android.dynsystem for 10
06-24 07:06:39.097   519   519 D ActivityManager: sync unfroze 2228 com.android.localtransport for 10
06-24 07:06:39.100   519   623 I InputReader: Reconfiguring input devices, changes=KEYBOARD_LAYOUTS
06-24 07:06:39.103   519   759 D WifiConfigStore: Writing to stores completed in 3 ms.
06-24 07:06:39.103   519   759 I PasspointManager: No app ops listener found for dev.mobile.maestro
06-24 07:06:39.104   519   772 E AppOps  : attributionTag VCN not declared in manifest of android
06-24 07:06:39.107   839   885 D StylusManager: Stylus InputDevice changed: 12 virtio_input_multi_touch_9
06-24 07:06:39.107   839   885 D StylusManager: Stylus InputDevice changed: 5 virtio_input_multi_touch_2
06-24 07:06:39.111   519   519 I Telecom : CarModeTracker: Package dev.mobile.maestro is not tracked.: SSH.oR@AWI🔒
06-24 07:06:39.111   519   519 I Telecom : InCallController: updateCarModeForConnections: car mode apps: : SSH.oR@AWI🔒
06-24 07:06:39.111   519   519 I Telecom : InCallController: update carmode current:UserHandle{0} parent:null: SSH.oR@AWI🔒
06-24 07:06:39.114   519   519 I ConditionProviders: Disallowing condition provider dev.mobile.maestro (userSet: true)
06-24 07:06:39.118   519   613 I RoleService: Granting default roles...
06-24 07:06:39.122   395   408 D AF::TrackHandle: OpPlayAudio: track:56 usage:13 not muted
06-24 07:06:39.122   395   408 D AF::TrackHandle: OpPlayAudio: track:56 usage:13 not muted
06-24 07:06:39.122   395   408 D AF::TrackHandle: OpPlayAudio: track:56 usage:13 not muted
06-24 07:06:39.123   395   408 D AF::TrackHandle: OpPlayAudio: track:56 usage:13 not muted
06-24 07:06:39.123   395   408 D AF::TrackHandle: OpPlayAudio: track:56 usage:13 not muted
06-24 07:06:39.123   395   408 D AF::TrackHandle: OpPlayAudio: track:56 usage:13 not muted
06-24 07:06:39.124   395   408 D AF::TrackHandle: OpPlayAudio: track:56 usage:13 not muted
06-24 07:06:39.125   395   408 D AF::TrackHandle: OpPlayAudio: track:56 usage:13 not muted
06-24 07:06:39.125   395   408 D AF::TrackHandle: OpPlayAudio: track:56 usage:13 not muted
06-24 07:06:39.125   395   408 D AF::TrackHandle: OpPlayAudio: track:56 usage:13 not muted
06-24 07:06:39.125   519   607 I RollbackManager: broadcast=ACTION_PACKAGE_FULLY_REMOVED pkg=dev.mobile.maestro
06-24 07:06:39.127   519   759 W WifiService: Couldn't get PackageInfo for package:dev.mobile.maestro
06-24 07:06:39.127   519   759 D WifiService: Remove settings for package:dev.mobile.maestro
06-24 07:06:39.127   519   759 D WifiConfigManager: Remove all networks for app ApplicationInfo{683410c dev.mobile.maestro}
06-24 07:06:39.129   395   408 D AF::TrackHandle: OpPlayAudio: track:56 usage:13 not muted
06-24 07:06:39.130   395   408 D AF::TrackHandle: OpPlayAudio: track:56 usage:13 not muted
06-24 07:06:39.130   395   408 D AF::TrackHandle: OpPlayAudio: track:56 usage:13 not muted
06-24 07:06:39.130   395   408 D AF::TrackHandle: OpPlayAudio: track:56 usage:13 not muted
06-24 07:06:39.131   395   408 D AF::TrackHandle: OpPlayAudio: track:56 usage:13 not muted
06-24 07:06:39.131   395   408 D AF::TrackHandle: OpPlayAudio: track:56 usage:13 not muted
06-24 07:06:39.131   519   759 D WifiConfigStore: Writing to stores completed in 5 ms.
06-24 07:06:39.132   519   759 I PasspointManager: No app ops listener found for dev.mobile.maestro
06-24 07:06:39.134   839   885 D StylusManager: Stylus InputDevice changed: 11 virtio_input_multi_touch_8
06-24 07:06:39.135   839   885 D StylusManager: Stylus InputDevice changed: 13 virtio_input_multi_touch_10
06-24 07:06:39.136   839   885 D StylusManager: Stylus InputDevice changed: 10 virtio_input_multi_touch_7
06-24 07:06:39.137  1611  1611 W MediaProvider: WorkProfileOwnerApps cache is empty
06-24 07:06:39.139   839   885 D StylusManager: Stylus InputDevice changed: 9 virtio_input_multi_touch_6
06-24 07:06:39.139   839   885 D StylusManager: Stylus InputDevice changed: 6 virtio_input_multi_touch_3
06-24 07:06:39.140   839   885 D StylusManager: Stylus InputDevice changed: 7 virtio_input_multi_touch_4
06-24 07:06:39.140   839   885 D StylusManager: Stylus InputDevice changed: 8 virtio_input_multi_touch_5
06-24 07:06:39.141   519   548 D ActivityManager: sync unfroze 2751 com.android.chrome for 3
06-24 07:06:39.144   519   547 W WindowMagnificationMgr: requestConnection duplicated request: connect=false, mConnectionState=DISCONNECTED
06-24 07:06:39.146   519   548 D ActivityManager: sync unfroze 1505 com.google.android.apps.wellbeing for 3
06-24 07:06:39.149  7574  7593 D EGL_emulation: app_time_stats: avg=500.32ms min=494.00ms max=506.63ms count=2
06-24 07:06:39.156   519   613 D ActivityManager: sync unfroze 841 com.google.android.permissioncontroller for 6
06-24 07:06:39.159  1569  1616 I AiAiEcho: Settings changed for uri: content://settings/secure/accessibility_enabled
06-24 07:06:39.160  1569  1870 I AiAiEcho: Predicting[0]: 
06-24 07:06:39.160  1569  1870 I AiAiEcho: EchoTargets: 
06-24 07:06:39.160  1569  1870 I AiAiEcho: Filtered by AiAi flag check: 
06-24 07:06:39.160  1569  1870 I AiAiEcho: Ranked targets strategy: SORT, count: 0, ranking metadata: 
06-24 07:06:39.160  1569  1870 I AiAiEcho: Predicting[0]: 
06-24 07:06:39.160  1569  1870 I AiAiEcho: EchoTargets: 
06-24 07:06:39.160  1569  1870 I AiAiEcho: Filtered by AiAi flag check: 
06-24 07:06:39.160  1569  1870 I AiAiEcho: Ranked targets strategy: SORT, count: 0, ranking metadata: 
06-24 07:06:39.166   839   839 D ControlsListingControllerImpl: ServiceConfig reloaded, count: 0
06-24 07:06:39.167  1569  1870 I AiAiEcho: #postPredictionTargets: Sending updates to UISurface lockscreen with targets# 0 (types=[])
06-24 07:06:39.171   839   839 W PageIndicator: Total number of pages invalid: 0. Assuming 1 page.
06-24 07:06:39.171  1569  1870 I AiAiEcho: #postPredictionTargets: Sending updates to UISurface home with targets# 0 (types=[])
06-24 07:06:39.180   519   548 D ActivityManager: sync unfroze 3232 com.google.android.documentsui for 3
06-24 07:06:39.180   839   885 D StylusManager: Stylus InputDevice changed: 14 virtio_input_multi_touch_11
06-24 07:06:39.198   519   548 I ActivityManager: Force stopping dev.mobile.maestro.test appid=10198 user=-1: deletePackageX
06-24 07:06:39.199   519   548 E libprocessgroup: No such cgroup attribute: /sys/fs/cgroup/uid_4294877494/cgroup.freeze
06-24 07:06:39.199   519   548 W libprocessgroup: Failed to apply Frozen process profile: No such file or directory
06-24 07:06:39.199   839   885 D StylusManager: Stylus InputDevice changed: 4 virtio_input_multi_touch_1
06-24 07:06:39.201   519   548 E libprocessgroup: No such cgroup attribute: /sys/fs/cgroup/uid_4294877494/cgroup.freeze
06-24 07:06:39.201   519   548 W libprocessgroup: Failed to apply Unfrozen process profile: No such file or directory
06-24 07:06:39.202   334   367 I netd    : tetherGetStats() -> {[]} <0.33ms>
06-24 07:06:39.209  1611  2221 I MediaProvider: Begin Intent { act=android.intent.action.PACKAGE_FULLY_REMOVED dat=package: flg=0x5000010 cmp=com.google.android.providers.media.module/com.android.providers.media.MediaService (has extras) }
06-24 07:06:39.209  1611  2221 D MediaProvider: Deleted 0 Android/media items belonging to dev.mobile.maestro on /data/user/0/com.google.android.providers.media.module/databases/external.db
06-24 07:06:39.210  1611  2221 D MediaGrants: Removed 0 media_grants for 0 user for dev.mobile.maestro. Reason: Package orphaned
06-24 07:06:39.212  1611  2221 I MediaProvider: End Intent { act=android.intent.action.PACKAGE_FULLY_REMOVED dat=package: flg=0x5000010 cmp=com.google.android.providers.media.module/com.android.providers.media.MediaService (has extras) }
06-24 07:06:39.216   519  2305 E AtomicFile: Failed to rename /data/system/cachequota.xml.new to /data/system/cachequota.xml
06-24 07:06:39.432     0     0 I logd    : start watching /data/system/packages.list ...
06-24 07:06:39.433     0     0 I logd    : ReadPackageList, total packages: 200
06-24 07:06:39.244   519   548 D ActivityManager: sync unfroze 2024 android.process.media for 3
06-24 07:06:39.244   519   572 D PackageManager: Instant App installer not found with android.intent.action.INSTALL_INSTANT_APP_PACKAGE
06-24 07:06:39.245   519   572 D PackageManager: Clear ephemeral installer activity
06-24 07:06:39.245   519  3345 E TaskPersister: File error accessing recents directory (directory doesn't exist?).
06-24 07:06:39.253   519   572 I ActivityManager: Force stopping dev.mobile.maestro.test appid=10198 user=0: pkg removed
06-24 07:06:39.256   519   572 E libprocessgroup: No such cgroup attribute: /sys/fs/cgroup/uid_10198/cgroup.freeze
06-24 07:06:39.259   519   572 W libprocessgroup: Failed to apply Frozen process profile: No such file or directory
06-24 07:06:39.271   519   572 E libprocessgroup: No such cgroup attribute: /sys/fs/cgroup/uid_10198/cgroup.freeze
06-24 07:06:39.271   519   572 W libprocessgroup: Failed to apply Unfrozen process profile: No such file or directory
06-24 07:06:39.278   841  7799 E RoleControllerServiceImpl: Default/fallback role holder package doesn't qualify for the role, package: com.google.android.gms.supervision, role: android.app.role.SYSTEM_SUPERVISION
06-24 07:06:39.289   841  7799 I Role    : com.google.android.gms not qualified for android.app.role.SYSTEM_CALL_STREAMING due to missing RequiredComponent{mIntentFilterData=IntentFilterData{mAction='android.telecom.CallStreamingService', mCategories='[]', mDataScheme='null', mDataType='null'}, mMinTargetSdkVersion=1, mFlags='0', mPermission='android.permission.BIND_CALL_STREAMING_SERVICE', mQueryFlags=0, mMetaData=[]}
06-24 07:06:39.289   841  7799 E RoleControllerServiceImpl: Default/fallback role holder package doesn't qualify for the role, package: com.google.android.gms, role: android.app.role.SYSTEM_CALL_STREAMING
06-24 07:06:39.293  5528  5528 D BoundBrokerSvc: onBind: Intent { act=com.google.android.gms.common.BIND_SHARED_PREFS pkg=com.google.android.gms }
06-24 07:06:39.293  5528  5528 D BoundBrokerSvc: Loading bound service for intent: Intent { act=com.google.android.gms.common.BIND_SHARED_PREFS pkg=com.google.android.gms }
06-24 07:06:39.302   519  2313 D SafetySourceDataValidator: No cert check requested for package com.google.android.permissioncontroller
06-24 07:06:39.303   841  7799 W Role    : Default holder doesn't have required signing certificate: com.google.android.apps.work.clouddpc:23962F4B43B9857638EA66F4D419518EAE282491ACDA4B94707BD59003C45E58
06-24 07:06:39.306  1051  1051 D CarrierSvcBindHelper: onPackageRemoved: dev.mobile.maestro.test
06-24 07:06:39.306  1051  1051 D CarrierSvcBindHelper: No carrier app for: 0
06-24 07:06:39.316  3914  3914 V MediaPlayerList: mPackageChangedBroadcastReceiver: action: android.intent.action.PACKAGE_REMOVED
06-24 07:06:39.317  3914  3914 V MediaPlayerList: mPackageChangedBroadcastReceiver: action: android.intent.action.PACKAGE_REMOVED
06-24 07:06:39.319  5528  5528 D BoundBrokerSvc: onUnbind: Intent { act=com.google.android.gms.common.BIND_SHARED_PREFS pkg=com.google.android.gms }
06-24 07:06:39.321  5442  7816 I ProximityAuth: [RecentAppsMediator] Package removed: (user=UserHandle{0}) dev.mobile.maestro
06-24 07:06:39.322  5528  7823 I BlockstoreStorage: Clearing all the Blockstore Data for package dev.mobile.maestro [CONTEXT service_id=258 ]
06-24 07:06:39.322  5528  7823 I BlockstoreStorage: Clearing all the Blockstore Data for 1 packages [CONTEXT service_id=258 ]
06-24 07:06:39.329  5528  5613 I ContentMaintenance: Internal cache bytes used: 0; limit: 100000000; download size: 0
06-24 07:06:39.336  5528  5613 I RealtimeCacheCleanup: Beginning Realtime garbage collection.
06-24 07:06:39.341  5528  5613 I RealtimeCacheCleanup: Finished Realtime garbage collection.
06-24 07:06:39.342  5528  7824 W SQLiteLog: (28) double-quoted string literal: "dev.mobile.maestro"
06-24 07:06:39.345   841   841 D PersistedStoragePackageUninstalledReceiver: Received android.intent.action.PACKAGE_FULLY_REMOVED for dev.mobile.maestro for u0
06-24 07:06:39.345  5442  7816 I Fitness : FitCleanupIntentOperation received Intent android.intent.action.PACKAGE_REMOVED [CONTEXT service_id=17 ]
06-24 07:06:39.355  5528  7837 I Icing   : doRemovePackageData dev.mobile.maestro
06-24 07:06:39.360  1611  1611 W MediaProvider: WorkProfileOwnerApps cache is empty
06-24 07:06:39.375   839   839 D ControlsListingControllerImpl: ServiceConfig reloaded, count: 0
06-24 07:06:39.382  1611  2221 I MediaProvider: Begin Intent { act=android.intent.action.PACKAGE_FULLY_REMOVED dat=package: flg=0x5000010 cmp=com.google.android.providers.media.module/com.android.providers.media.MediaService (has extras) }
06-24 07:06:39.382  1611  2221 D MediaProvider: Deleted 0 Android/media items belonging to dev.mobile.maestro.test on /data/user/0/com.google.android.providers.media.module/databases/external.db
06-24 07:06:39.390  1611  2221 D MediaGrants: Removed 0 media_grants for 0 user for dev.mobile.maestro.test. Reason: Package orphaned
06-24 07:06:39.391  1611  2221 I MediaProvider: End Intent { act=android.intent.action.PACKAGE_FULLY_REMOVED dat=package: flg=0x5000010 cmp=com.google.android.providers.media.module/com.android.providers.media.MediaService (has extras) }
06-24 07:06:39.394   519   759 W WifiService: Couldn't get PackageInfo for package:dev.mobile.maestro.test
06-24 07:06:39.394   519   759 D WifiService: Remove settings for package:dev.mobile.maestro.test
06-24 07:06:39.395   519   759 D WifiConfigManager: Remove all networks for app ApplicationInfo{9c76406 dev.mobile.maestro.test}
06-24 07:06:39.396   519   634 V StorageManagerService: Package dev.mobile.maestro.test does not have legacy storage
06-24 07:06:39.398   519   519 I Telecom : CarModeTracker: Package dev.mobile.maestro.test is not tracked.: SSH.oR@AWU🔒
06-24 07:06:39.398   519   519 I Telecom : InCallController: updateCarModeForConnections: car mode apps: : SSH.oR@AWU🔒
06-24 07:06:39.399   519   519 I Telecom : InCallController: update carmode current:UserHandle{0} parent:null: SSH.oR@AWU🔒
06-24 07:06:39.399   519   623 I InputReader: Reconfiguring input devices, changes=KEYBOARD_LAYOUTS
06-24 07:06:39.400   519   519 I ConditionProviders: Disallowing condition provider dev.mobile.maestro.test (userSet: true)
06-24 07:06:39.401   519   772 E AppOps  : attributionTag VCN not declared in manifest of android
06-24 07:06:39.406  5442  7814 I ProximityAuth: [RecentAppsMediator] Package removed: (user=UserHandle{0}) dev.mobile.maestro.test
06-24 07:06:39.408   395   408 D AF::TrackHandle: OpPlayAudio: track:56 usage:13 not muted
06-24 07:06:39.408   839   885 D StylusManager: Stylus InputDevice changed: 12 virtio_input_multi_touch_9
06-24 07:06:39.410   839   885 D StylusManager: Stylus InputDevice changed: 5 virtio_input_multi_touch_2
06-24 07:06:39.411   519   759 D WifiConfigStore: Writing to stores completed in 6 ms.
06-24 07:06:39.411   519   759 I PasspointManager: No app ops listener found for dev.mobile.maestro.test
06-24 07:06:39.411   395   408 D AF::TrackHandle: OpPlayAudio: track:56 usage:13 not muted
06-24 07:06:39.412   395   408 D AF::TrackHandle: OpPlayAudio: track:56 usage:13 not muted
06-24 07:06:39.413   395   408 D AF::TrackHandle: OpPlayAudio: track:56 usage:13 not muted
06-24 07:06:39.413   395   408 D AF::TrackHandle: OpPlayAudio: track:56 usage:13 not muted
06-24 07:06:39.413   395   408 D AF::TrackHandle: OpPlayAudio: track:56 usage:13 not muted
06-24 07:06:39.413   395   408 D AF::TrackHandle: OpPlayAudio: track:56 usage:13 not muted
06-24 07:06:39.414   395   408 D AF::TrackHandle: OpPlayAudio: track:56 usage:13 not muted
06-24 07:06:39.414   519   826 D SafetySourceDataValidator: No cert check requested for package com.google.android.permissioncontroller
06-24 07:06:39.415   395   408 D AF::TrackHandle: OpPlayAudio: track:56 usage:13 not muted
06-24 07:06:39.415   395   408 D AF::TrackHandle: OpPlayAudio: track:56 usage:13 not muted
06-24 07:06:39.415   395   408 D AF::TrackHandle: OpPlayAudio: track:56 usage:13 not muted
06-24 07:06:39.416   395   408 D AF::TrackHandle: OpPlayAudio: track:56 usage:13 not muted
06-24 07:06:39.416   395   408 D AF::TrackHandle: OpPlayAudio: track:56 usage:13 not muted
06-24 07:06:39.416   395   408 D AF::TrackHandle: OpPlayAudio: track:56 usage:13 not muted
06-24 07:06:39.416   395   408 D AF::TrackHandle: OpPlayAudio: track:56 usage:13 not muted
06-24 07:06:39.416   395   408 D AF::TrackHandle: OpPlayAudio: track:56 usage:13 not muted
06-24 07:06:39.424   841   841 D PersistedStoragePackageUninstalledReceiver: Received android.intent.action.PACKAGE_FULLY_REMOVED for dev.mobile.maestro.test for u0
06-24 07:06:39.433  5528  7827 I BlockstoreStorage: Clearing all the Blockstore Data for package dev.mobile.maestro.test [CONTEXT service_id=258 ]
06-24 07:06:39.433  5528  7827 I BlockstoreStorage: Clearing all the Blockstore Data for 1 packages [CONTEXT service_id=258 ]
06-24 07:06:39.435   839   885 D StylusManager: Stylus InputDevice changed: 11 virtio_input_multi_touch_8
06-24 07:06:39.435   839   885 D StylusManager: Stylus InputDevice changed: 13 virtio_input_multi_touch_10
06-24 07:06:39.438  5528  5528 D BoundBrokerSvc: onBind: Intent { act=com.google.android.gms.common.BIND_SHARED_PREFS pkg=com.google.android.gms }
06-24 07:06:39.438  5528  5528 D BoundBrokerSvc: Loading bound service for intent: Intent { act=com.google.android.gms.common.BIND_SHARED_PREFS pkg=com.google.android.gms }
06-24 07:06:39.442   519   607 I RollbackManager: broadcast=ACTION_PACKAGE_FULLY_REMOVED pkg=dev.mobile.maestro.test
06-24 07:06:39.443   519   759 W WifiService: Couldn't get PackageInfo for package:dev.mobile.maestro.test
06-24 07:06:39.443   519   759 D WifiService: Remove settings for package:dev.mobile.maestro.test
06-24 07:06:39.443   519   759 D WifiConfigManager: Remove all networks for app ApplicationInfo{269659f dev.mobile.maestro.test}
06-24 07:06:39.450   519   759 D WifiConfigStore: Writing to stores completed in 6 ms.
06-24 07:06:39.450   519   759 I PasspointManager: No app ops listener found for dev.mobile.maestro.test
06-24 07:06:39.454   839   885 D StylusManager: Stylus InputDevice changed: 10 virtio_input_multi_touch_7
06-24 07:06:39.454   839   885 D StylusManager: Stylus InputDevice changed: 9 virtio_input_multi_touch_6
06-24 07:06:39.454   839   885 D StylusManager: Stylus InputDevice changed: 6 virtio_input_multi_touch_3
06-24 07:06:39.455   839   885 D StylusManager: Stylus InputDevice changed: 7 virtio_input_multi_touch_4
06-24 07:06:39.455   839   885 D StylusManager: Stylus InputDevice changed: 8 virtio_input_multi_touch_5
06-24 07:06:39.455   839   885 D StylusManager: Stylus InputDevice changed: 14 virtio_input_multi_touch_11
06-24 07:06:39.461  5442  7810 I Fitness : FitCleanupIntentOperation received Intent android.intent.action.PACKAGE_REMOVED [CONTEXT service_id=17 ]
06-24 07:06:39.464  5528  5613 I Icing   : doRemovePackageData dev.mobile.maestro.test
06-24 07:06:39.465   334   367 I netd    : tetherGetStats() -> {[]} <0.36ms>
06-24 07:06:39.467   839   885 D StylusManager: Stylus InputDevice changed: 4 virtio_input_multi_touch_1
06-24 07:06:39.471  5528  5528 D BoundBrokerSvc: onUnbind: Intent { act=com.google.android.gms.common.BIND_SHARED_PREFS pkg=com.google.android.gms }
06-24 07:06:39.473  5528  7827 W SQLiteLog: (28) double-quoted string literal: "dev.mobile.maestro.test"
06-24 07:06:39.483   334   367 I netd    : bandwidthRemoveInterfaceQuota(eth0) <0.51ms>
06-24 07:06:39.484   334   367 I netd    : bandwidthSetInterfaceQuota(eth0, 9223372036854775807) <0.35ms>
06-24 07:06:39.486  5528  5685 I Icing   : IndexChimeraService.getServiceInterface callingPackage=com.google.android.gms componentName=AppsCorpus serviceId=36
06-24 07:06:39.491  1094  1094 D Launcher.Model: package removed received dev.mobile.maestro
