06-24 07:07:49.604  1094  1094 D Launcher.Model: package removed received dev.mobile.maestro.test
06-24 07:07:49.605  1569  1569 I AiAiEcho: AppFetcherImplV2 onPackageRemoved dev.mobile.maestro.test.
06-24 07:07:49.608  1094  1148 D PackageUpdatedTask: Removing app icondev.mobile.maestro.test
06-24 07:07:49.610  1569  1870 I AiAiEcho: [pnb-agg] Reload pnb aggregation on events deleted
06-24 07:07:49.610  1569  1870 I AiAiEcho: [pnb-agg] pnb aggregation disabled.
06-24 07:07:49.613  1094  1148 D ModelWriter: removing items from db . Reason: [removed because the corresponding package or component is removed. mOp=3 removedPackages=[dev.mobile.maestro.test] removedComponents=[]]
06-24 07:07:49.626  1569  1987 I AiAiEcho: EchoSearch: WidgetFetcherImpl is initialized with [28] widgets [reason=package removed for userId: 0]
06-24 07:07:49.632   519  2307 D CompatibilityChangeReporter: Compat change id reported: 161252188; UID 10192; state: DISABLED
06-24 07:07:49.640  5528  8358 I Icing   : Usage reports ok 1, Failed Usage reports 0, indexed 0, rejected 0
06-24 07:07:49.641  5528  8358 I Icing   : Indexing com.google.android.gms-apps from com.google.android.gms
06-24 07:07:49.643  5528  8358 I Icing   : Indexing done com.google.android.gms-apps
06-24 07:07:49.644  5528  8358 I Icing   : Indexing com.google.android.gms-apps from com.google.android.gms
06-24 07:07:49.645  5528  8358 I Icing   : Indexing done com.google.android.gms-apps
06-24 07:07:49.679  1505  1710 W AppInfoHelper: <DWB> Application not found: dev.mobile.maestro.test
06-24 07:07:49.679  1505  1710 W AppInfoHelper: android.content.pm.PackageManager$NameNotFoundException: dev.mobile.maestro.test
06-24 07:07:49.679  1505  1710 W AppInfoHelper: 	at android.app.ApplicationPackageManager.getApplicationInfoAsUser(ApplicationPackageManager.java:507)
06-24 07:07:49.679  1505  1710 W AppInfoHelper: 	at android.app.ApplicationPackageManager.getApplicationInfo(ApplicationPackageManager.java:490)
06-24 07:07:49.679  1505  1710 W AppInfoHelper: 	at android.app.ApplicationPackageManager.getApplicationInfo(ApplicationPackageManager.java:484)
06-24 07:07:49.679  1505  1710 W AppInfoHelper: 	at czo.e(PG:2)
06-24 07:07:49.679  1505  1710 W AppInfoHelper: 	at czo.f(PG:7)
06-24 07:07:49.679  1505  1710 W AppInfoHelper: 	at crm.f(PG:14)
06-24 07:07:49.679  1505  1710 W AppInfoHelper: 	at cdm.apply(PG:74)
06-24 07:07:49.679  1505  1710 W AppInfoHelper: 	at j$.util.stream.i.accept(SourceFile:27)
06-24 07:07:49.679  1505  1710 W AppInfoHelper: 	at j$.util.stream.P0.accept(SourceFile:3)
06-24 07:07:49.679  1505  1710 W AppInfoHelper: 	at j$.util.a.forEachRemaining(SourceFile:20)
06-24 07:07:49.679  1505  1710 W AppInfoHelper: 	at j$.util.stream.c.v(SourceFile:21)
06-24 07:07:49.679  1505  1710 W AppInfoHelper: 	at j$.util.stream.c.C(SourceFile:8)
06-24 07:07:49.679  1505  1710 W AppInfoHelper: 	at j$.util.stream.I0.e(SourceFile:1)
06-24 07:07:49.679  1505  1710 W AppInfoHelper: 	at j$.util.stream.c.F(SourceFile:35)
06-24 07:07:49.679  1505  1710 W AppInfoHelper: 	at j$.util.stream.g1.collect(SourceFile:83)
06-24 07:07:49.679  1505  1710 W AppInfoHelper: 	at bsv.a(PG:14)
06-24 07:07:49.679  1505  1710 W AppInfoHelper: 	at jza.a(PG:30)
06-24 07:07:49.679  1505  1710 W AppInfoHelper: 	at jza.a(PG:42)
06-24 07:07:49.679  1505  1710 W AppInfoHelper: 	at lne.a(PG:1)
06-24 07:07:49.679  1505  1710 W AppInfoHelper: 	at lmk.run(PG:4)
06-24 07:07:49.679  1505  1710 W AppInfoHelper: 	at lng.run(PG:1)
06-24 07:07:49.679  1505  1710 W AppInfoHelper: 	at llo.run(PG:3)
06-24 07:07:49.679  1505  1710 W AppInfoHelper: 	at idn.run(PG:5)
06-24 07:07:49.679  1505  1710 W AppInfoHelper: 	at java.util.concurrent.ThreadPoolExecutor.runWorker(ThreadPoolExecutor.java:1145)
06-24 07:07:49.679  1505  1710 W AppInfoHelper: 	at java.util.concurrent.ThreadPoolExecutor$Worker.run(ThreadPoolExecutor.java:644)
06-24 07:07:49.679  1505  1710 W AppInfoHelper: 	at huo.run(PG:51)
06-24 07:07:49.679  1505  1710 W AppInfoHelper: 	at java.lang.Thread.run(Thread.java:1012)
06-24 07:07:49.679  1505  1710 W AppInfoHelper: 	at idx.run(PG:5)
06-24 07:07:49.695  1578  1578 I GsaVoiceInteractionSrv: O received Intent { act=android.intent.action.PACKAGE_REMOVED dat=package: flg=0x4000010 (has extras) }
06-24 07:07:49.696  1578  1578 I GsaVoiceInteractionSrv: O received Intent { act=android.intent.action.PACKAGE_REMOVED dat=package: flg=0x4000010 (has extras) }
06-24 07:07:49.700  1776  2418 W SearchServiceCore: Abort, client detached.
06-24 07:07:49.742   839   839 D TileServices: Couldn't find tile for ComponentInfo{com.google.android.apps.wellbeing/com.google.android.apps.wellbeing.focusmode.quicksettings.FocusModeTileService}(0)
06-24 07:07:49.772   839   839 D TileServices: Couldn't find tile for ComponentInfo{com.google.android.apps.wellbeing/com.google.android.apps.wellbeing.focusmode.quicksettings.FocusModeTileService}(0)
06-24 07:07:49.853  8363  8363 W BpBinder: Linking to death on android.gui.ISurfaceComposer but there are no threads (yet?) listening to incoming transactions. See ProcessState::startThreadPool and ProcessState::setThreadPoolMaxThreadCount. Generally you should setup the binder threadpool before other initialization steps.
06-24 07:07:49.853  8363  8363 W ProcessState: Extra binder thread started, but 0 threads requested. Do not use *startThreadPool when zero threads are requested.
06-24 07:07:49.859   135   135 I hwservicemanager: getTransport: Cannot find entry android.hardware.graphics.mapper@4.0::IMapper/default in either framework or device VINTF manifest.
06-24 07:07:49.859  8363  8364 I Gralloc4: mapper 4.x is not supported
06-24 07:07:50.057     0     0 I servicemanager: Could not find android.hardware.graphics.allocator.IAllocator/default in the VINTF manifest.
06-24 07:07:49.986  8365  8365 D AndroidRuntime: >>>>>> START com.android.internal.os.RuntimeInit uid 2000 <<<<<<
06-24 07:07:49.991  8365  8365 I AndroidRuntime: Using default boot image
06-24 07:07:49.991  8365  8365 I AndroidRuntime: Leaving lock profiling enabled
06-24 07:07:49.992  8365  8365 I app_process: Core platform API reporting enabled, enforcing=false
06-24 07:07:49.993  8365  8365 I app_process: Using CollectorTypeCC GC.
06-24 07:07:50.095  8365  8365 D nativeloader: InitDefaultPublicLibraries for_preload=1: libandroid.so:libaaudio.so:libamidi.so:libbinder_ndk.so:libc.so:libcamera2ndk.so:libdl.so:libEGL.so:libGLESv1_CM.so:libGLESv2.so:libGLESv3.so:libicu.so:libicui18n.so:libicuuc.so:libjnigraphics.so:liblog.so:libmediandk.so:libm.so:libnativehelper.so:libnativewindow.so:libOpenMAXAL.so:libOpenSLES.so:libRS.so:libstdc++.so:libsync.so:libvulkan.so:libwebviewchromium_plat_support.so:libz.so
06-24 07:07:50.103  8365  8365 D app_process: Time zone APEX ICU file found: /apex/com.android.tzdata/etc/icu/icu_tzdata.dat
06-24 07:07:50.104  8365  8365 D app_process: I18n APEX ICU file found: /apex/com.android.i18n/etc/icu/icudt72l.dat
06-24 07:07:50.110  8365  8365 W app_process: Unexpected CPU variant for x86: x86_64.
06-24 07:07:50.110  8365  8365 W app_process: Known variants: atom, sandybridge, silvermont, goldmont, goldmont-plus, tremont, kabylake, default
06-24 07:07:50.114  8365  8365 W app_process: ClassLoaderContext shared library size mismatch. Expected=2, found=0 (PCL[]{PCL[/system/framework/android.test.base.jar*836642756]#PCL[/system/framework/android.test.mock.jar*3186112116]} | PCL[])
06-24 07:07:50.115  8365  8365 W app_process: ClassLoaderContext classpath size mismatch. expected=0, found=1 (PCL[]{PCL[/system/framework/android.test.runner.jar*4168958247]{PCL[/system/framework/android.test.base.jar*836642756]#PCL[/system/framework/android.test.mock.jar*3186112116]}#PCL[/system/framework/android.test.base.jar*836642756]} | PCL[/system/framework/android.test.runner.jar*4168958247])
06-24 07:07:50.130  8365  8365 W libc    : Access denied finding property "ro.product.name_for_attestation"
06-24 07:07:50.130  8365  8365 W libc    : Access denied finding property "ro.product.brand_for_attestation"
06-24 07:07:50.130  8365  8365 W libc    : Access denied finding property "ro.product.model_for_attestation"
06-24 07:07:50.131  8365  8365 D AndroidRuntime: Calling main entry com.android.commands.uiautomator.Launcher
06-24 07:07:50.129  8365  8365 W main    : type=1400 audit(0.0:89): avc:  denied  { read } for  name="u:object_r:build_attestation_prop:s0" dev="tmpfs" ino=86 scontext=u:r:shell:s0 tcontext=u:object_r:build_attestation_prop:s0 tclass=file permissive=0
06-24 07:07:50.133  8365  8365 D UiAutomationConnection: Created on user UserHandle{0}
06-24 07:07:50.133  8365  8365 I UiAutomation: Initialized for user 0 on display 0
06-24 07:07:50.133  8365  8365 W UiAutomation: Created with deprecatead constructor, assumes DEFAULT_DISPLAY
06-24 07:07:50.134   519  2305 D AccessibilityManagerService: changeCurrentUserForTestAutomationIfNeededLocked(0): ignoring because device doesn't support visible background users
06-24 07:07:50.134   519  2305 I UiAutomationManager: Registering UiTestAutomationService (id=com.android.server.accessibility/UiAutomation) when called by user 0
06-24 07:07:50.136   519  2305 W WindowMagnificationMgr: requestConnection duplicated request: connect=false, mConnectionState=DISCONNECTED
06-24 07:07:50.137   519   519 D BatterySaverPolicy: accessibility changed to true, updating policy.
06-24 07:07:50.129  8365  8365 W main    : type=1400 audit(0.0:90): avc:  denied  { read } for  name="u:object_r:build_attestation_prop:s0" dev="tmpfs" ino=86 scontext=u:r:shell:s0 tcontext=u:object_r:build_attestation_prop:s0 tclass=file permissive=0
06-24 07:07:50.137  1569  6868 I AiAiEcho: Settings changed for uri: content://settings/secure/accessibility_enabled
06-24 07:07:50.138  1569  1870 I AiAiEcho: Predicting[0]: 
06-24 07:07:50.138  1569  1870 I AiAiEcho: EchoTargets: 
06-24 07:07:50.138  1569  1870 I AiAiEcho: Filtered by AiAi flag check: 
06-24 07:07:50.138  1569  1870 I AiAiEcho: Ranked targets strategy: SORT, count: 0, ranking metadata: 
06-24 07:07:50.138  1569  1870 I AiAiEcho: Predicting[0]: 
06-24 07:07:50.138  1569  1870 I AiAiEcho: EchoTargets: 
06-24 07:07:50.138  1569  1870 I AiAiEcho: Filtered by AiAi flag check: 
06-24 07:07:50.138  1569  1870 I AiAiEcho: Ranked targets strategy: SORT, count: 0, ranking metadata: 
06-24 07:07:50.139  1569  1870 I AiAiEcho: #postPredictionTargets: Sending updates to UISurface lockscreen with targets# 0 (types=[])
06-24 07:07:50.139  1569  1870 I AiAiEcho: #postPredictionTargets: Sending updates to UISurface home with targets# 0 (types=[])
06-24 07:07:50.139  1569  1616 I AiAiEcho: Settings changed for uri: content://settings/secure/accessibility_enabled
06-24 07:07:50.140   519  2305 W WindowMagnificationMgr: requestConnection duplicated request: connect=false, mConnectionState=DISCONNECTED
06-24 07:07:50.140  8365  8380 V UiAutomation: Init UiAutomation@501efcd[id=9, displayId=0, flags=0]
06-24 07:07:50.141  1569  1870 I AiAiEcho: Predicting[0]: 
06-24 07:07:50.141  1569  1870 I AiAiEcho: EchoTargets: 
06-24 07:07:50.141  1569  1870 I AiAiEcho: Filtered by AiAi flag check: 
06-24 07:07:50.141  1569  1870 I AiAiEcho: Ranked targets strategy: SORT, count: 0, ranking metadata: 
06-24 07:07:50.141  1569  1870 I AiAiEcho: Predicting[0]: 
06-24 07:07:50.141  1569  1870 I AiAiEcho: EchoTargets: 
06-24 07:07:50.141  1569  1870 I AiAiEcho: Filtered by AiAi flag check: 
06-24 07:07:50.142  1569  1870 I AiAiEcho: Ranked targets strategy: SORT, count: 0, ranking metadata: 
06-24 07:07:50.142  1569  1870 I AiAiEcho: #postPredictionTargets: Sending updates to UISurface lockscreen with targets# 0 (types=[])
06-24 07:07:50.142  1569  1870 I AiAiEcho: #postPredictionTargets: Sending updates to UISurface home with targets# 0 (types=[])
06-24 07:07:50.129  8365  8365 W main    : type=1400 audit(0.0:91): avc:  denied  { read } for  name="u:object_r:build_attestation_prop:s0" dev="tmpfs" ino=86 scontext=u:r:shell:s0 tcontext=u:object_r:build_attestation_prop:s0 tclass=file permissive=0
06-24 07:07:50.144   839   839 W PageIndicator: Total number of pages invalid: 0. Assuming 1 page.
06-24 07:07:50.144   839   839 W PageIndicator: Total number of pages invalid: 0. Assuming 1 page.
06-24 07:07:50.145   519  2171 D SafetySourceDataValidator: No cert check requested for package com.google.android.permissioncontroller
06-24 07:07:50.146  1776  2212 I A       : NGA disabled since it's running Panthera and at least one a11y feature is on.
06-24 07:07:50.146  1776  2212 I A       : Nga state changed to NgaStateDetails{state=DISABLED, isSpecialExperience=false}
06-24 07:07:50.148  1578  5765 I A       : APA or Classic session decision: SessionDecision(sessionVariance=CLASSIC, platformVariance=CLASSIC, justification=CURRENT_PLATFORM_VARIANCE).
06-24 07:07:50.148  1578  5765 I A       : [Memory] eligibility: StashEligibility{4}
06-24 07:07:50.149  1578  2214 I A       : Unsubscribed to apa or classic variant change.
06-24 07:07:50.280   519   613 I RoleService: Granting default roles...
06-24 07:07:50.286   841  8314 E RoleControllerServiceImpl: Default/fallback role holder package doesn't qualify for the role, package: com.google.android.gms.supervision, role: android.app.role.SYSTEM_SUPERVISION
06-24 07:07:50.287   841  8314 I Role    : com.google.android.gms not qualified for android.app.role.SYSTEM_CALL_STREAMING due to missing RequiredComponent{mIntentFilterData=IntentFilterData{mAction='android.telecom.CallStreamingService', mCategories='[]', mDataScheme='null', mDataType='null'}, mMinTargetSdkVersion=1, mFlags='0', mPermission='android.permission.BIND_CALL_STREAMING_SERVICE', mQueryFlags=0, mMetaData=[]}
06-24 07:07:50.287   841  8314 E RoleControllerServiceImpl: Default/fallback role holder package doesn't qualify for the role, package: com.google.android.gms, role: android.app.role.SYSTEM_CALL_STREAMING
06-24 07:07:50.288   841  8314 W Role    : Default holder doesn't have required signing certificate: com.google.android.apps.work.clouddpc:23962F4B43B9857638EA66F4D419518EAE282491ACDA4B94707BD59003C45E58
06-24 07:07:50.602   839   839 D StatusBarIconController: ignoring old pipeline callbacks, because the new mobile icons are enabled
06-24 07:07:50.798  8084  8104 D EGL_emulation: app_time_stats: avg=499.84ms min=499.76ms max=499.98ms count=3
06-24 07:07:51.145  8365  8365 I AccessibilityNodeInfoDumper: Skipping invisible child: android.view.accessibility.AccessibilityNodeInfo@128bf; boundsInParent: Rect(0, 0 - 320, 0); boundsInScreen: Rect(0, 0 - 320, 0); boundsInWindow: Rect(0, 0 - 320, 0); packageName: com.hanapkalinga.mobile; className: android.widget.LinearLayout; text: null; error: null; maxTextLength: -1; stateDescription: null; contentDescription: null; tooltipText: null; containerTitle: null; viewIdResName: null; uniqueId: null; checkable: false; checked: false; focusable: false; focused: false; selected: false; clickable: false; longClickable: false; contextClickable: false; enabled: true; password: false; scrollable: false; importantForAccessibility: false; visible: false; actions: [AccessibilityAction: ACTION_SELECT - null, AccessibilityAction: ACTION_CLEAR_SELECTION - null, AccessibilityAction: ACTION_ACCESSIBILITY_FOCUS - null, AccessibilityAction: ACTION_SHOW_ON_SCREEN - null]; isTextSelectable: false
06-24 07:07:51.146  8365  8365 I AccessibilityNodeInfoDumper: Skipping invisible child: android.view.accessibility.AccessibilityNodeInfo@124fe; boundsInParent: Rect(0, 0 - 320, 0); boundsInScreen: Rect(0, 0 - 320, 0); boundsInWindow: Rect(0, 0 - 320, 0); packageName: com.hanapkalinga.mobile; className: android.view.ViewGroup; text: null; error: null; maxTextLength: -1; stateDescription: null; contentDescription: null; tooltipText: null; containerTitle: null; viewIdResName: null; uniqueId: null; checkable: false; checked: false; focusable: false; focused: false; selected: false; clickable: false; longClickable: false; contextClickable: false; enabled: true; password: false; scrollable: false; importantForAccessibility: false; visible: false; actions: [AccessibilityAction: ACTION_SELECT - null, AccessibilityAction: ACTION_CLEAR_SELECTION - null, AccessibilityAction: ACTION_ACCESSIBILITY_FOCUS - null, AccessibilityAction: ACTION_SHOW_ON_SCREEN - null]; isTextSelectable: false
06-24 07:07:51.146  8365  8365 I AccessibilityNodeInfoDumper: Skipping invisible child: android.view.accessibility.AccessibilityNodeInfo@1a4a0; boundsInParent: Rect(0, 0 - 320, 0); boundsInScreen: Rect(0, 0 - 320, 0); boundsInWindow: Rect(0, 0 - 320, 0); packageName: com.hanapkalinga.mobile; className: android.widget.LinearLayout; text: null; error: null; maxTextLength: -1; stateDescription: null; contentDescription: null; tooltipText: null; containerTitle: null; viewIdResName: null; uniqueId: null; checkable: false; checked: false; focusable: false; focused: false; selected: false; clickable: false; longClickable: false; contextClickable: false; enabled: true; password: false; scrollable: false; importantForAccessibility: false; visible: false; actions: [AccessibilityAction: ACTION_SELECT - null, AccessibilityAction: ACTION_CLEAR_SELECTION - null, AccessibilityAction: ACTION_ACCESSIBILITY_FOCUS - null, AccessibilityAction: ACTION_SHOW_ON_SCREEN - null]; isTextSelectable: false
06-24 07:07:51.146  8365  8365 I AccessibilityNodeInfoDumper: Skipping invisible child: android.view.accessibility.AccessibilityNodeInfo@1a0df; boundsInParent: Rect(0, 0 - 320, 0); boundsInScreen: Rect(0, 0 - 320, 0); boundsInWindow: Rect(0, 0 - 320, 0); packageName: com.hanapkalinga.mobile; className: android.view.ViewGroup; text: null; error: null; maxTextLength: -1; stateDescription: null; contentDescription: null; tooltipText: null; containerTitle: null; viewIdResName: null; uniqueId: null; checkable: false; checked: false; focusable: false; focused: false; selected: false; clickable: false; longClickable: false; contextClickable: false; enabled: true; password: false; scrollable: false; importantForAccessibility: false; visible: false; actions: [AccessibilityAction: ACTION_SELECT - null, AccessibilityAction: ACTION_CLEAR_SELECTION - null, AccessibilityAction: ACTION_ACCESSIBILITY_FOCUS - null, AccessibilityAction: ACTION_SHOW_ON_SCREEN - null]; isTextSelectable: false
06-24 07:07:51.148  8365  8365 I AccessibilityNodeInfoDumper: Skipping invisible child: android.view.accessibility.AccessibilityNodeInfo@182d7; boundsInParent: Rect(0, 0 - 1, 1); boundsInScreen: Rect(20, 348 - 21, 349); boundsInWindow: Rect(20, 348 - 21, 349); packageName: com.hanapkalinga.mobile; className: android.view.ViewGroup; text: null; error: null; maxTextLength: -1; stateDescription: null; contentDescription: null; tooltipText: null; containerTitle: null; viewIdResName: login_captcha_ready; uniqueId: null; checkable: false; checked: false; focusable: false; focused: false; selected: false; clickable: false; longClickable: false; contextClickable: false; enabled: true; password: false; scrollable: false; importantForAccessibility: true; visible: false; actions: [AccessibilityAction: ACTION_SELECT - null, AccessibilityAction: ACTION_CLEAR_SELECTION - null, AccessibilityAction: ACTION_ACCESSIBILITY_FOCUS - null, AccessibilityAction: ACTION_SHOW_ON_SCREEN - null]; isTextSelectable: false
06-24 07:07:51.152  8365  8365 W AccessibilityNodeInfoDumper: Fetch time: 9ms
06-24 07:07:51.154   519  2305 W WindowMagnificationMgr: requestConnection duplicated request: connect=false, mConnectionState=DISCONNECTED
06-24 07:07:51.154   519  2305 D AccessibilityManagerService: restoreCurrentUserForTestAutomationIfNeededLocked(): ignoring because device doesn't support visible background users
06-24 07:07:51.154  1569  6868 I AiAiEcho: Settings changed for uri: content://settings/secure/accessibility_enabled
06-24 07:07:51.155  1569  1870 I AiAiEcho: Predicting[0]: 
06-24 07:07:51.155  1569  1870 I AiAiEcho: EchoTargets: 
06-24 07:07:51.155  1569  1870 I AiAiEcho: Filtered by AiAi flag check: 
06-24 07:07:51.155  8365  8365 D AndroidRuntime: Shutting down VM
06-24 07:07:51.156  1569  1870 I AiAiEcho: Ranked targets strategy: SORT, count: 0, ranking metadata: 
06-24 07:07:51.156  1569  1870 I AiAiEcho: Predicting[0]: 
06-24 07:07:51.156  1569  1870 I AiAiEcho: EchoTargets: 
06-24 07:07:51.156  1569  1870 I AiAiEcho: Filtered by AiAi flag check: 
06-24 07:07:51.156  1569  1870 I AiAiEcho: Ranked targets strategy: SORT, count: 0, ranking metadata: 
06-24 07:07:51.156  1569  1870 I AiAiEcho: #postPredictionTargets: Sending updates to UISurface lockscreen with targets# 0 (types=[])
06-24 07:07:51.157  1569  1870 I AiAiEcho: #postPredictionTargets: Sending updates to UISurface home with targets# 0 (types=[])
06-24 07:07:51.157   839   839 W PageIndicator: Total number of pages invalid: 0. Assuming 1 page.
06-24 07:07:51.159   519   519 D BatterySaverPolicy: accessibility changed to false, updating policy.
06-24 07:07:51.162  1776  2183 I A       : NGA enabled in interactor.
06-24 07:07:51.162  1776  2183 I A       : Nga state changed to NgaStateDetails{state=ENABLED, isSpecialExperience=false}
06-24 07:07:51.166  1578  1717 I A       : Initializing all components
06-24 07:07:51.166  1578  1717 I A       : APA or Classic session decision: SessionDecision(sessionVariance=CLASSIC, platformVariance=CLASSIC, justification=CURRENT_PLATFORM_VARIANCE).
06-24 07:07:51.166  1578  1717 I A       : [Memory] eligibility: StashEligibility{6}
06-24 07:07:51.167  1578  2214 I A       : onIsEnabledChanged, isEnabled: false
06-24 07:07:51.167  1578  2214 W A       : Disposing empty manager. Did you forgot to subscribe observables?
06-24 07:07:51.167  1578  2214 W A       : Disposing empty manager. Did you forgot to subscribe observables?
06-24 07:07:51.167  1578  2214 W A       : Disposing empty manager. Did you forgot to subscribe observables?
06-24 07:07:51.167  1578  2214 W A       : Disposing empty manager. Did you forgot to subscribe observables?
06-24 07:07:51.167  1578  2214 W A       : Disposing empty manager. Did you forgot to subscribe observables?
06-24 07:07:51.167  1578  2214 W A       : Disposing empty manager. Did you forgot to subscribe observables?
06-24 07:07:51.167  1578  2214 W A       : Disposing empty manager. Did you forgot to subscribe observables?
06-24 07:07:51.167  1578  2214 W A       : Disposing empty manager. Did you forgot to subscribe observables?
06-24 07:07:51.167  1578  2214 W A       : Disposing empty manager. Did you forgot to subscribe observables?
06-24 07:07:51.167  1578  2214 W A       : Disposing empty manager. Did you forgot to subscribe observables?
06-24 07:07:51.167  1578  2214 I A       : onOpaVisibilityChanged: false
06-24 07:07:51.167  1578  2214 W A       : Disposing empty manager. Did you forgot to subscribe observables?
06-24 07:07:51.167  1578  2214 W A       : Disposing empty manager. Did you forgot to subscribe observables?
06-24 07:07:51.167  1578  2214 W A       : Disposing empty manager. Did you forgot to subscribe observables?
06-24 07:07:51.167  1578  2214 W A       : Disposing empty manager. Did you forgot to subscribe observables?
06-24 07:07:51.167  1578  2214 W A       : Disposing empty manager. Did you forgot to subscribe observables?
06-24 07:07:51.167  1578  2214 W A       : Disposing empty manager. Did you forgot to subscribe observables?
06-24 07:07:51.167  1578  2214 I A       : Setting session to type: NO_SESSION
06-24 07:07:51.167  1578  2214 W A       : Disposing empty manager. Did you forgot to subscribe observables?
06-24 07:07:51.167  1578  2214 W A       : Disposing empty manager. Did you forgot to subscribe observables?
06-24 07:07:51.167  1578  2214 W A       : Disposing empty manager. Did you forgot to subscribe observables?
06-24 07:07:51.167  1578  2214 W A       : Disposing empty manager. Did you forgot to subscribe observables?
06-24 07:07:51.167  1578  2214 W A       : Disposing empty manager. Did you forgot to subscribe observables?
06-24 07:07:51.167  1578  2214 W A       : Disposing empty manager. Did you forgot to subscribe observables?
06-24 07:07:51.167  1578  2214 W A       : Disposing empty manager. Did you forgot to subscribe observables?
06-24 07:07:51.167  1578  2214 W A       : Disposing empty manager. Did you forgot to subscribe observables?
06-24 07:07:51.167  1578  2214 I A       : setNavBarVisible: GestureNavBarVisible{navbarVisible=true}
06-24 07:07:51.167  1578  2214 W A       : Disposing empty manager. Did you forgot to subscribe observables?
06-24 07:07:51.167  1578  2214 W A       : Disposing empty manager. Did you forgot to subscribe observables?
06-24 07:07:51.167  1578  2214 W A       : Disposing empty manager. Did you forgot to subscribe observables?
06-24 07:07:51.167  1578  2214 W A       : Disposing empty manager. Did you forgot to subscribe observables?
06-24 07:07:51.167  1578  2214 W A       : Disposing empty manager. Did you forgot to subscribe observables?
06-24 07:07:51.168  1578  2214 W A       : Disposing empty manager. Did you forgot to subscribe observables?
06-24 07:07:51.168  1578  2214 I A       : onDisabled. Registered: false
06-24 07:07:51.168  1578  2199 I A       : on opa visibility changed false
06-24 07:07:51.168  1578  2199 I A       : on opa visibility changed false
06-24 07:07:51.168  1578  2199 I A       : State changed: IDLE => IDLE by NGA_STATE_CHANGED and N/A with Optional.empty
06-24 07:07:51.168  1578  2199 I A       : Recognizer choice: (recognizer_type: 1, recognizer_mode: 1, choice_reason: 4)
06-24 07:07:51.169  1578  2199 I A       : onActiveStateChangeEvent: IDLE => IDLE
06-24 07:07:51.169  1578  2199 I A       : #onActiveStateChangeEvent, newState: IDLE, previousState: IDLE.
06-24 07:07:51.170  1578  2214 I A       : Initialize
06-24 07:07:51.171  1578  2199 I NgaEntryPointEventSendr: setupConnection
06-24 07:07:51.171  1578  2214 I A       : stopListening(NGA_PAUSED_UNKNOWN_REASON, NGA_CREATE), idleOverride=NOT_LISTENING
06-24 07:07:51.175  1578  2214 I A       : Successfully initialized all components
06-24 07:07:51.176  1578  2199 I NgaEntryPointEventSendr: State changed: Disconnected => Connecting
06-24 07:07:51.177  1776  1776 I A       : Creating pss binder().
06-24 07:07:51.178  1578  2199 I NgaEntryPointEventSendr: onServiceConnected
06-24 07:07:51.178  1776  1811 I A       : Calling beginBinderSession().
06-24 07:07:51.178  1776  1811 I A       : beginBinderSession(): calling binder
06-24 07:07:51.178  1578  2199 I NgaEntryPointEventSendr: State changed: Connecting => Ready
06-24 07:07:51.181   519  2171 W ActivityManager: Unable to start service Intent { cmp=com.google.android.apps.tachyon/.clientapi.ClientApiService } U=0: not found
06-24 07:07:51.186  1578  2199 I NgaEntryPointEventSendr: State changed: Ready => Disconnected (onOpaDisconnected)
06-24 07:07:51.187  1776  2418 W A       : UiCallbackStub-onGenericEvent[ServiceEvent = 60] task was not run. Callback from Service received after client was disposed.
06-24 07:07:51.187  1776  2456 I PBSessionCacheImpl: Deleted sessionId[7812712888221155] from persistence.
06-24 07:07:51.188  1776  2418 W SearchServiceCore: Abort, client detached.
06-24 07:07:51.645   824   824 I wpa_supplicant: wlan0: CTRL-EVENT-BEACON-LOSS 
