06-26 04:44:19.295  7075  7075 E unknown:SurfaceMountingManager: <RCTView id=432 parentTag=494 isRoot=false />
06-26 04:44:19.295  7075  7075 E unknown:SurfaceMountingManager: <RNSVGPath id=436 parentTag=438 isRoot=false />
06-26 04:44:19.295  7075  7075 E unknown:SurfaceMountingManager: <RNSVGGroup id=438 parentTag=440 isRoot=false />
06-26 04:44:19.295  7075  7075 E unknown:SurfaceMountingManager: <RNSVGSvgViewAndroid id=440 parentTag=442 isRoot=false />
06-26 04:44:19.295  7075  7075 E unknown:SurfaceMountingManager: <RCTView id=442 parentTag=458 isRoot=false />
06-26 04:44:19.295  7075  7075 E unknown:SurfaceMountingManager: <RNSVGPath id=444 parentTag=446 isRoot=false />
06-26 04:44:19.295  7075  7075 E unknown:SurfaceMountingManager: <RNSVGGroup id=446 parentTag=448 isRoot=false />
06-26 04:44:19.295  7075  7075 E unknown:SurfaceMountingManager: <RNSVGSvgViewAndroid id=448 parentTag=458 isRoot=false />
06-26 04:44:19.295  7075  7075 E unknown:SurfaceMountingManager: <RCTText id=456 parentTag=458 isRoot=false />
06-26 04:44:19.295  7075  7075 E unknown:SurfaceMountingManager: <RCTView id=458 parentTag=494 isRoot=false />
06-26 04:44:19.295  7075  7075 E unknown:SurfaceMountingManager: <RNSVGPath id=462 parentTag=466 isRoot=false />
06-26 04:44:19.295  7075  7075 E unknown:SurfaceMountingManager: <RNSVGCircle id=464 parentTag=466 isRoot=false />
06-26 04:44:19.295  7075  7075 E unknown:SurfaceMountingManager: <RNSVGGroup id=466 parentTag=468 isRoot=false />
06-26 04:44:19.295  7075  7075 E unknown:SurfaceMountingManager: <RNSVGSvgViewAndroid id=468 parentTag=470 isRoot=false />
06-26 04:44:19.295  7075  7075 E unknown:SurfaceMountingManager: <RCTView id=470 parentTag=488 isRoot=false />
06-26 04:44:19.295  7075  7075 E unknown:SurfaceMountingManager: <RNSVGPath id=472 parentTag=476 isRoot=false />
06-26 04:44:19.295  7075  7075 E unknown:SurfaceMountingManager: <RNSVGCircle id=474 parentTag=476 isRoot=false />
06-26 04:44:19.295  7075  7075 E unknown:SurfaceMountingManager: <RNSVGGroup id=476 parentTag=478 isRoot=false />
06-26 04:44:19.295  7075  7075 E unknown:SurfaceMountingManager: <RNSVGSvgViewAndroid id=478 parentTag=488 isRoot=false />
06-26 04:44:19.295  7075  7075 E unknown:SurfaceMountingManager: <RCTText id=486 parentTag=488 isRoot=false />
06-26 04:44:19.295  7075  7075 E unknown:SurfaceMountingManager: <RCTView id=488 parentTag=494 isRoot=false />
06-26 04:44:19.295  7075  7075 E unknown:SurfaceMountingManager: <RCTView id=494 parentTag=498 isRoot=false />
06-26 04:44:19.295  7075  7075 E unknown:SurfaceMountingManager: <RNSScreenContentWrapper id=498 parentTag=502 isRoot=false />
06-26 04:44:19.295  7075  7075 E unknown:SurfaceMountingManager: <RNSScreenStackHeaderConfig id=500 parentTag=502 isRoot=false />
06-26 04:44:19.295  7075  7075 E unknown:SurfaceMountingManager: <RNSScreen id=502 parentTag=-1 isRoot=false />
06-26 04:44:19.295  7075  7075 E unknown:SurfaceMountingManager: <RNSVGPath id=504 parentTag=506 isRoot=false />
06-26 04:44:19.296  7075  7075 E unknown:SurfaceMountingManager: <RNSVGGroup id=506 parentTag=508 isRoot=false />
06-26 04:44:19.296  7075  7075 E unknown:SurfaceMountingManager: <RNSVGSvgViewAndroid id=508 parentTag=280 isRoot=false />
06-26 04:44:19.296  7075  7075 E unknown:FabricUIManager: Exception thrown when executing UIFrameGuarded
06-26 04:44:19.296  7075  7075 E unknown:FabricUIManager: java.lang.IllegalStateException: addViewAt: failed to insert view [302] into parent [304] at index 0
06-26 04:44:19.296  7075  7075 E unknown:FabricUIManager: 	at com.facebook.react.fabric.mounting.SurfaceMountingManager.addViewAt(SurfaceMountingManager.kt:336)
06-26 04:44:19.296  7075  7075 E unknown:FabricUIManager: 	at com.facebook.react.fabric.mounting.mountitems.IntBufferBatchMountItem.execute(IntBufferBatchMountItem.kt:122)
06-26 04:44:19.296  7075  7075 E unknown:FabricUIManager: 	at com.facebook.react.fabric.mounting.MountItemDispatcher.executeOrEnqueue(MountItemDispatcher.kt:340)
06-26 04:44:19.296  7075  7075 E unknown:FabricUIManager: 	at com.facebook.react.fabric.mounting.MountItemDispatcher.dispatchMountItems(MountItemDispatcher.kt:246)
06-26 04:44:19.296  7075  7075 E unknown:FabricUIManager: 	at com.facebook.react.fabric.mounting.MountItemDispatcher.tryDispatchMountItems(MountItemDispatcher.kt:93)
06-26 04:44:19.296  7075  7075 E unknown:FabricUIManager: 	at com.facebook.react.fabric.FabricUIManager$DispatchUIFrameCallback.doFrameGuarded(FabricUIManager.java:1528)
06-26 04:44:19.296  7075  7075 E unknown:FabricUIManager: 	at com.facebook.react.uimanager.GuardedFrameCallback.doFrame(GuardedFrameCallback.kt:42)
06-26 04:44:19.296  7075  7075 E unknown:FabricUIManager: 	at com.facebook.react.modules.core.ReactChoreographer.frameCallback$lambda$1(ReactChoreographer.kt:59)
06-26 04:44:19.296  7075  7075 E unknown:FabricUIManager: 	at com.facebook.react.modules.core.ReactChoreographer.$r8$lambda$nSkFhrr5T7rop_XKwzlLov4NLLw(Unknown Source:0)
06-26 04:44:19.296  7075  7075 E unknown:FabricUIManager: 	at com.facebook.react.modules.core.ReactChoreographer$$ExternalSyntheticLambda0.doFrame(D8$$SyntheticClass:0)
06-26 04:44:19.296  7075  7075 E unknown:FabricUIManager: 	at android.view.Choreographer$CallbackRecord.run(Choreographer.java:1337)
06-26 04:44:19.296  7075  7075 E unknown:FabricUIManager: 	at android.view.Choreographer$CallbackRecord.run(Choreographer.java:1348)
06-26 04:44:19.296  7075  7075 E unknown:FabricUIManager: 	at android.view.Choreographer.doCallbacks(Choreographer.java:952)
06-26 04:44:19.296  7075  7075 E unknown:FabricUIManager: 	at android.view.Choreographer.doFrame(Choreographer.java:878)
06-26 04:44:19.296  7075  7075 E unknown:FabricUIManager: 	at android.view.Choreographer$FrameDisplayEventReceiver.run(Choreographer.java:1322)
06-26 04:44:19.296  7075  7075 E unknown:FabricUIManager: 	at android.os.Handler.handleCallback(Handler.java:958)
06-26 04:44:19.296  7075  7075 E unknown:FabricUIManager: 	at android.os.Handler.dispatchMessage(Handler.java:99)
06-26 04:44:19.296  7075  7075 E unknown:FabricUIManager: 	at android.os.Looper.loopOnce(Looper.java:205)
06-26 04:44:19.296  7075  7075 E unknown:FabricUIManager: 	at android.os.Looper.loop(Looper.java:294)
06-26 04:44:19.296  7075  7075 E unknown:FabricUIManager: 	at android.app.ActivityThread.main(ActivityThread.java:8177)
06-26 04:44:19.296  7075  7075 E unknown:FabricUIManager: 	at java.lang.reflect.Method.invoke(Native Method)
06-26 04:44:19.296  7075  7075 E unknown:FabricUIManager: 	at com.android.internal.os.RuntimeInit$MethodAndArgsCaller.run(RuntimeInit.java:552)
06-26 04:44:19.296  7075  7075 E unknown:FabricUIManager: 	at com.android.internal.os.ZygoteInit.main(ZygoteInit.java:971)
06-26 04:44:19.296  7075  7075 E unknown:FabricUIManager: Caused by: java.lang.IllegalStateException: The specified child already has a parent. You must call removeView() on the child's parent first.
06-26 04:44:19.296  7075  7075 E unknown:FabricUIManager: 	at android.view.ViewGroup.addViewInner(ViewGroup.java:5275)
06-26 04:44:19.296  7075  7075 E unknown:FabricUIManager: 	at android.view.ViewGroup.addView(ViewGroup.java:5104)
06-26 04:44:19.296  7075  7075 E unknown:FabricUIManager: 	at android.view.ViewGroup.addView(ViewGroup.java:5044)
06-26 04:44:19.296  7075  7075 E unknown:FabricUIManager: 	at com.facebook.react.views.view.ReactClippingViewManager.addView(ReactClippingViewManager.kt:36)
06-26 04:44:19.296  7075  7075 E unknown:FabricUIManager: 	at com.facebook.react.views.view.ReactClippingViewManager.addView(ReactClippingViewManager.kt:20)
06-26 04:44:19.296  7075  7075 E unknown:FabricUIManager: 	at com.facebook.react.fabric.mounting.SurfaceMountingManager.addViewAt(SurfaceMountingManager.kt:333)
06-26 04:44:19.296  7075  7075 E unknown:FabricUIManager: 	... 22 more
06-26 04:44:19.296  7075  7075 W unknown:BridgelessReact: ReactHost{0}.handleHostException(message = "addViewAt: failed to insert view [302] into parent [304] at index 0")
06-26 04:44:19.296  7075  7075 D AndroidRuntime: Shutting down VM
--------- beginning of crash
06-26 04:44:19.296  7075  7075 E AndroidRuntime: FATAL EXCEPTION: main
06-26 04:44:19.296  7075  7075 E AndroidRuntime: Process: com.hanapkalinga.mobile, PID: 7075
06-26 04:44:19.296  7075  7075 E AndroidRuntime: java.lang.IllegalStateException: addViewAt: failed to insert view [302] into parent [304] at index 0
06-26 04:44:19.296  7075  7075 E AndroidRuntime: 	at com.facebook.react.fabric.mounting.SurfaceMountingManager.addViewAt(SurfaceMountingManager.kt:336)
06-26 04:44:19.296  7075  7075 E AndroidRuntime: 	at com.facebook.react.fabric.mounting.mountitems.IntBufferBatchMountItem.execute(IntBufferBatchMountItem.kt:122)
06-26 04:44:19.296  7075  7075 E AndroidRuntime: 	at com.facebook.react.fabric.mounting.MountItemDispatcher.executeOrEnqueue(MountItemDispatcher.kt:340)
06-26 04:44:19.296  7075  7075 E AndroidRuntime: 	at com.facebook.react.fabric.mounting.MountItemDispatcher.dispatchMountItems(MountItemDispatcher.kt:246)
06-26 04:44:19.296  7075  7075 E AndroidRuntime: 	at com.facebook.react.fabric.mounting.MountItemDispatcher.tryDispatchMountItems(MountItemDispatcher.kt:93)
06-26 04:44:19.296  7075  7075 E AndroidRuntime: 	at com.facebook.react.fabric.FabricUIManager$DispatchUIFrameCallback.doFrameGuarded(FabricUIManager.java:1528)
06-26 04:44:19.296  7075  7075 E AndroidRuntime: 	at com.facebook.react.uimanager.GuardedFrameCallback.doFrame(GuardedFrameCallback.kt:42)
06-26 04:44:19.296  7075  7075 E AndroidRuntime: 	at com.facebook.react.modules.core.ReactChoreographer.frameCallback$lambda$1(ReactChoreographer.kt:59)
06-26 04:44:19.296  7075  7075 E AndroidRuntime: 	at com.facebook.react.modules.core.ReactChoreographer.$r8$lambda$nSkFhrr5T7rop_XKwzlLov4NLLw(Unknown Source:0)
06-26 04:44:19.296  7075  7075 E AndroidRuntime: 	at com.facebook.react.modules.core.ReactChoreographer$$ExternalSyntheticLambda0.doFrame(D8$$SyntheticClass:0)
06-26 04:44:19.296  7075  7075 E AndroidRuntime: 	at android.view.Choreographer$CallbackRecord.run(Choreographer.java:1337)
06-26 04:44:19.296  7075  7075 E AndroidRuntime: 	at android.view.Choreographer$CallbackRecord.run(Choreographer.java:1348)
06-26 04:44:19.296  7075  7075 E AndroidRuntime: 	at android.view.Choreographer.doCallbacks(Choreographer.java:952)
06-26 04:44:19.296  7075  7075 E AndroidRuntime: 	at android.view.Choreographer.doFrame(Choreographer.java:878)
06-26 04:44:19.296  7075  7075 E AndroidRuntime: 	at android.view.Choreographer$FrameDisplayEventReceiver.run(Choreographer.java:1322)
06-26 04:44:19.296  7075  7075 E AndroidRuntime: 	at android.os.Handler.handleCallback(Handler.java:958)
06-26 04:44:19.296  7075  7075 E AndroidRuntime: 	at android.os.Handler.dispatchMessage(Handler.java:99)
06-26 04:44:19.296  7075  7075 E AndroidRuntime: 	at android.os.Looper.loopOnce(Looper.java:205)
06-26 04:44:19.296  7075  7075 E AndroidRuntime: 	at android.os.Looper.loop(Looper.java:294)
06-26 04:44:19.296  7075  7075 E AndroidRuntime: 	at android.app.ActivityThread.main(ActivityThread.java:8177)
06-26 04:44:19.296  7075  7075 E AndroidRuntime: 	at java.lang.reflect.Method.invoke(Native Method)
06-26 04:44:19.296  7075  7075 E AndroidRuntime: 	at com.android.internal.os.RuntimeInit$MethodAndArgsCaller.run(RuntimeInit.java:552)
06-26 04:44:19.296  7075  7075 E AndroidRuntime: 	at com.android.internal.os.ZygoteInit.main(ZygoteInit.java:971)
06-26 04:44:19.296  7075  7075 E AndroidRuntime: Caused by: java.lang.IllegalStateException: The specified child already has a parent. You must call removeView() on the child's parent first.
06-26 04:44:19.296  7075  7075 E AndroidRuntime: 	at android.view.ViewGroup.addViewInner(ViewGroup.java:5275)
06-26 04:44:19.296  7075  7075 E AndroidRuntime: 	at android.view.ViewGroup.addView(ViewGroup.java:5104)
06-26 04:44:19.296  7075  7075 E AndroidRuntime: 	at android.view.ViewGroup.addView(ViewGroup.java:5044)
06-26 04:44:19.296  7075  7075 E AndroidRuntime: 	at com.facebook.react.views.view.ReactClippingViewManager.addView(ReactClippingViewManager.kt:36)
06-26 04:44:19.296  7075  7075 E AndroidRuntime: 	at com.facebook.react.views.view.ReactClippingViewManager.addView(ReactClippingViewManager.kt:20)
06-26 04:44:19.296  7075  7075 E AndroidRuntime: 	at com.facebook.react.fabric.mounting.SurfaceMountingManager.addViewAt(SurfaceMountingManager.kt:333)
06-26 04:44:19.296  7075  7075 E AndroidRuntime: 	... 22 more
06-26 04:44:19.313  5004  5004 D BoundBrokerSvc: onBind: Intent { act=com.google.android.gms.feedback.internal.IFeedbackService dat=chimera-action:/... cmp=com.google.android.gms/.chimera.GmsBoundBrokerService }
06-26 04:44:19.314  5004  5004 D BoundBrokerSvc: Loading bound service for intent: Intent { act=com.google.android.gms.feedback.internal.IFeedbackService dat=chimera-action:/... cmp=com.google.android.gms/.chimera.GmsBoundBrokerService }
06-26 04:44:19.317   522  2431 W ActivityTaskManager:   Force finishing activity com.hanapkalinga.mobile/.MainActivity
06-26 04:44:19.319   835   881 V WindowManagerShell: Transition requested: android.os.BinderProxy@7a2eca1 TransitionRequestInfo { type = CLOSE, triggerTask = null, remoteTransition = null, displayChange = null }
06-26 04:44:19.336  7075  7075 I Process : Sending signal. PID: 7075 SIG: 9
06-26 04:44:19.352   522  7235 I DropBoxManagerService: add tag=data_app_crash isTagEnabled=true flags=0x2
06-26 04:44:19.363   522  2611 D CompatibilityChangeReporter: Compat change id reported: 161252188; UID 10192; state: DISABLED
06-26 04:44:19.364  4144  4200 D BtGatt.ScanManager: uid 10131 isForeground true scanMode -1
06-26 04:44:19.365   400   400 I BpBinder: onLastStrongRef automatically unlinking death recipients: 
06-26 04:44:19.367  5004  6823 I Icing   : Usage reports ok 1, Failed Usage reports 0, indexed 0, rejected 0
06-26 04:44:19.368  4144  4200 D BtGatt.ScanManager: uid 10131 isForeground true scanMode -1
06-26 04:44:19.371  1883  2330 I A       : group apa_head_suggest present without account in *
06-26 04:44:19.372  1883  2330 I A       : incrementApaDataDownloadStoreStatus(latency = PT0.02S, appVersion = 13.17.16.23, status = OK, locale = *, fileGroupnames = apa_head_suggest, accountScoped = false, localGroupsAvailable = false, timeSinceSearchBoot = Optional[PT3M35.916S] (ONE_TO_FIVE_MINUTES), timeSinceDataDownloadInit = PT2M59.196S (ONE_TO_FIVE_MINUTES))
06-26 04:44:19.375  1099  1099 D SearchTargetUtil:  query= size=15
06-26 04:44:19.376  1099  1099 D SearchTargetUtil: layoutType=extra_tall_icon_row resultType=131072 packageName=com.google.android.googlequicksearchbox extras=Bundle{bitmap_url=data:image/jpeg;base64,/9j/4AAQSkZJRgABAQAAAQABAAD/2wCEAAkGBwgHBgkIBwgKCgkLDRYPDQwMDRsUFRAWIB0iIiAdHx8kKDQsJCYxJx8fLT0tMTU3Ojo6Iys/RD84QzQ5OjcBCgoKDQwNGg8PGjclHyU3Nzc3Nzc3Nzc3Nzc3Nzc3Nzc3Nzc3Nzc3Nzc3Nzc3Nzc3Nzc3Nzc3Nzc3Nzc3Nzc3N//AABEIADAAMAMBIgACEQEDEQH/xAAbAAACAgMBAAAAAAAAAAAAAAAEBgIDAQUHAP/EAC8QAAIBAgUCBAQHAQAAAAAAAAECAwQRAAUSITEGQRMicZEUUYGxM1JhYnKh0UL/xAAXAQADAQAAAAAAAAAAAAAAAAABAgME/8QAHBEAAwEAAgMAAAAAAAAAAAAAAAECEQMhIkFx/9oADAMBAAIRAxEAPwDk8NMXBIxCWMqV9RjMVQyggHEGl1SR34Di/vhBh5ympp8vySB6qpjhDo7DU258zLYDufS/0xfQ55TSOBT1MTnsrcn6HAHRtJR1g+KrYJJmYkJdLqg7D5b7nA3WNEPiHajpkRF4cWDWH7QSbeoGM9xN1jKxTlBuYVDSZnlnl3WW9lH6g4bqXqB4Y7LNY77Ff8xzzpWeqzDM6VIy8lREW0BU1uQQRx3Iwz5i8k0/iGmlRRGq/gsouoCk+4OE5ONpJBmk2cuBOJxjxJo0Y2DMAT8sU8c7Y3mU5a3hmSuoZ0Eun4eZ1ZRcgkFex4Hz2xrbwklvQ5ZKlLR5NR+JBTiriUaZJbkc9gNzfnbGTVJPCwlihkkUkBkRltf+WAXzWiahyyDKYauqrzAI6uleNQlwB5lN99+bjjfa24r5hIbrURLSiM+fiw9tsZ6l72UVLCPTMBy3qJKmGQeNqYRLf1v7cYdDUVMRhT4qaIot3HYhm1bffCdkHUIoc5y7MKDLhOtFG6GCSQXlL6tRJ07X1Ht9cNWb9eZ1m8olXp+ipyq6bs7SEj1FsNab9ir4LXRsuVZdkS5jUU6NUh3BlaLUwvsAt/0++KKzNJ6mKCSWZpgJCSW7Ecf0ThNpqp4SqklkHA/L6YNqMwJAjpmsrAF/L/0L8Yd8floFWI3eYZpHRxEUsaRvP+KQfNIObftX05OFuqrZapwzFtJ30k8YpZy8pLkk25OMqqqNgL4opSEdNkkIMfmO+Lmq5mXQ8jOg2AZibDA/bHu2DgD/2Q==,suggestion_type=33,suggest_truncate_start=false,is_answer=false,is_entity=true,is_personal=false,suggest_raw_text=gorō taniguchi,group_id=web117061,response_id=1b0632dd-f2ef-4122-9b02-6cea3ade0fc9,support_query_builder=false,} searchAction=Gorō Taniguchi searchActionExtras=Bundle{learn_more_url=https://support.google.com/websearch/answer/106230?hl=106230,suggestion_action_text=Report this,should_start_for_result=true,allow_pinning=true,skip_logging_in_target_handler=false,suggestion_action_rpc=2,}ParentID: null targetID: f798aecc-2dfb-4097-9d7d-83e9d9f4640b
06-26 04:44:19.376  1099  1099 D SearchTargetUtil: layoutType=short_icon_row resultType=131072 packageName=com.google.android.googlequicksearchbox extras=Bundle{suggestion_type=33,suggest_truncate_start=false,is_answer=false,is_entity=false,is_personal=false,suggest_raw_text=ibuypower rtx 5070 amazon deal,group_id=web117061,response_id=1b0632dd-f2ef-4122-9b02-6cea3ade0fc9,support_query_builder=false,} searchAction=ibuypower rtx 5070 amazon deal searchActionExtras=Bundle{learn_more_url=https://support.google.com/websearch/answer/106230?hl=106230,suggestion_action_text=Report this,should_start_for_result=true,allow_pinning=true,skip_logging_in_target_handler=false,suggestion_action_rpc=2,}ParentID: null targetID: 8d3ffb61-f210-461c-bbb3-f09be753ed01
06-26 04:44:19.376  1099  1099 D SearchTargetUtil: layoutType=short_icon_row resultType=131072 packageName=com.google.android.googlequicksearchbox extras=Bundle{suggestion_type=33,suggest_truncate_start=false,is_answer=false,is_entity=false,is_personal=false,suggest_raw_text=crofton cookware,group_id=web117061,response_id=1b0632dd-f2ef-4122-9b02-6cea3ade0fc9,support_query_builder=false,} searchAction=crofton cookware searchActionExtras=Bundle{learn_more_url=https://support.google.com/websearch/answer/106230?hl=106230,suggestion_action_text=Report this,should_start_for_result=true,allow_pinning=true,skip_logging_in_target_handler=false,suggestion_action_rpc=2,}ParentID: null targetID: e3a2507a-ed1e-4cc4-ac71-341b7e15d255
06-26 04:44:19.376  1099  1099 D SearchTargetUtil: layoutType=short_icon_row resultType=131072 packageName=com.google.android.googlequicksearchbox extras=Bundle{suggestion_type=33,suggest_truncate_start=false,is_answer=false,is_entity=false,is_personal=false,suggest_raw_text=johnson hagood stadium human remains,group_id=web117061,response_id=1b0632dd-f2ef-4122-9b02-6cea3ade0fc9,support_query_builder=false,} searchAction=johnson hagood stadium human remains searchActionExtras=Bundle{learn_more_url=https://support.google.com/websearch/answer/106230?hl=106230,suggestion_action_text=Report this,should_start_for_result=true,allow_pinning=true,skip_logging_in_target_handler=false,suggestion_action_rpc=2,}ParentID: null targetID: a26b7e90-e4c4-443c-8de3-f623cf3181f5
06-26 04:44:19.376  1099  1099 D SearchTargetUtil: layoutType=short_icon_row resultType=131072 packageName=com.google.android.googlequicksearchbox extras=Bundle{suggestion_type=33,suggest_truncate_start=false,is_answer=false,is_entity=false,is_personal=false,suggest_raw_text=us marines haiti embassy,group_id=web117061,response_id=1b0632dd-f2ef-4122-9b02-6cea3ade0fc9,support_query_builder=false,} searchAction=us marines haiti embassy searchActionExtras=Bundle{learn_more_url=https://support.google.com/websearch/answer/106230?hl=106230,suggestion_action_text=Report this,should_start_for_result=true,allow_pinning=true,skip_logging_in_target_handler=false,suggestion_action_rpc=2,}ParentID: null targetID: 8c2df9c8-047e-450c-8af3-4e38a164d8c7
06-26 04:44:19.376  1099  1099 D SearchTargetUtil: layoutType=short_icon_row resultType=131072 packageName=com.google.android.googlequicksearchbox extras=Bundle{suggestion_type=33,suggest_truncate_start=false,is_answer=false,is_entity=false,is_personal=false,suggest_raw_text=ebola cases france,group_id=web117061,response_id=1b0632dd-f2ef-4122-9b02-6cea3ade0fc9,support_query_builder=false,} searchAction=ebola cases france searchActionExtras=Bundle{learn_more_url=https://support.google.com/websearch/answer/106230?hl=106230,suggestion_action_text=Report this,should_start_for_result=true,allow_pinning=true,skip_logging_in_target_handler=false,suggestion_action_rpc=2,}ParentID: null targetID: 4b3b5891-bd96-4525-90ff-bacf72457ecb
06-26 04:44:19.376  1099  1099 D SearchTargetUtil: layoutType=short_icon_row resultType=131072 packageName=com.google.android.googlequicksearchbox extras=Bundle{suggestion_type=33,suggest_truncate_start=false,is_answer=false,is_entity=false,is_personal=false,suggest_raw_text=morningstar farms food recall,group_id=web117061,response_id=1b0632dd-f2ef-4122-9b02-6cea3ade0fc9,support_query_builder=false,} searchAction=morningstar farms food recall searchActionExtras=Bundle{learn_more_url=https://support.google.com/websearch/answer/106230?hl=106230,suggestion_action_text=Report this,should_start_for_result=true,allow_pinning=true,skip_logging_in_target_handler=false,suggestion_action_rpc=2,}ParentID: null targetID: db883fec-efc7-4ad8-b82e-161a2b3f08ea
06-26 04:44:19.377  1099  1099 D SearchTargetUtil: layoutType=short_icon_row resultType=131072 packageName=com.google.android.googlequicksearchbox extras=Bundle{suggestion_type=33,suggest_truncate_start=false,is_answer=false,is_entity=false,is_personal=false,suggest_raw_text=one piece manga chapter 1186 spoilers,group_id=web117061,response_id=1b0632dd-f2ef-4122-9b02-6cea3ade0fc9,support_query_builder=false,} searchAction=one piece manga chapter 1186 spoilers searchActionExtras=Bundle{learn_more_url=https://support.google.com/websearch/answer/106230?hl=106230,suggestion_action_text=Report this,should_start_for_result=true,allow_pinning=true,skip_logging_in_target_handler=false,suggestion_action_rpc=2,}ParentID: null targetID: 194c4c7b-6cd6-473f-a735-6fd676aeb45b
06-26 04:44:19.377  1099  1099 D SearchTargetUtil: layoutType=short_icon_row resultType=131072 packageName=com.google.android.googlequicksearchbox extras=Bundle{suggestion_type=33,suggest_truncate_start=false,is_answer=false,is_entity=false,is_personal=false,suggest_raw_text=green bay flash flooding,group_id=web117061,response_id=1b0632dd-f2ef-4122-9b02-6cea3ade0fc9,support_query_builder=false,} searchAction=green bay flash flooding searchActionExtras=Bundle{learn_more_url=https://support.google.com/websearch/answer/106230?hl=106230,suggestion_action_text=Report this,should_start_for_result=true,allow_pinning=true,skip_logging_in_target_handler=false,suggestion_action_rpc=2,}ParentID: null targetID: 9445fb1b-2bf3-4648-825f-939e8250ef9d
06-26 04:44:19.377  1099  1099 D SearchTargetUtil: layoutType=short_icon_row resultType=131072 packageName=com.google.android.googlequicksearchbox extras=Bundle{suggestion_type=33,suggest_truncate_start=false,is_answer=false,is_entity=false,is_personal=false,suggest_raw_text=euclid telescope milky way image,group_id=web117061,response_id=1b0632dd-f2ef-4122-9b02-6cea3ade0fc9,support_query_builder=false,} searchAction=euclid telescope milky way image searchActionExtras=Bundle{learn_more_url=https://support.google.com/websearch/answer/106230?hl=106230,suggestion_action_text=Report this,should_start_for_result=true,allow_pinning=true,skip_logging_in_target_handler=false,suggestion_action_rpc=2,}ParentID: null targetID: f49bbdfc-e1a8-4498-b267-8f2483662cf4
06-26 04:44:19.377  1099  1099 D SearchTargetUtil: layoutType=short_icon_row resultType=131072 packageName=com.google.android.googlequicksearchbox extras=Bundle{suggestion_type=33,suggest_truncate_start=false,is_answer=false,is_entity=false,is_personal=false,suggest_raw_text=apple iphone 18 pro max,group_id=web117061,response_id=1b0632dd-f2ef-4122-9b02-6cea3ade0fc9,support_query_builder=false,} searchAction=apple iphone 18 pro max searchActionExtras=Bundle{learn_more_url=https://support.google.com/websearch/answer/106230?hl=106230,suggestion_action_text=Report this,should_start_for_result=true,allow_pinning=true,skip_logging_in_target_handler=false,suggestion_action_rpc=2,}ParentID: null targetID: c1a7fec8-ac78-4321-ac17-ecc65667fb67
06-26 04:44:19.377  1099  1099 D SearchTargetUtil: layoutType=short_icon_row resultType=131072 packageName=com.google.android.googlequicksearchbox extras=Bundle{suggestion_type=33,suggest_truncate_start=false,is_answer=false,is_entity=false,is_personal=false,suggest_raw_text=iran war hormuz,group_id=web117061,response_id=1b0632dd-f2ef-4122-9b02-6cea3ade0fc9,support_query_builder=false,} searchAction=iran war hormuz searchActionExtras=Bundle{learn_more_url=https://support.google.com/websearch/answer/106230?hl=106230,suggestion_action_text=Report this,should_start_for_result=true,allow_pinning=true,skip_logging_in_target_handler=false,suggestion_action_rpc=2,}ParentID: null targetID: 0f4b2594-0527-4008-924b-6472bf55225f
06-26 04:44:19.377  1099  1099 D SearchTargetUtil: layoutType=short_icon_row resultType=131072 packageName=com.google.android.googlequicksearchbox extras=Bundle{suggestion_type=33,suggest_truncate_start=false,is_answer=false,is_entity=false,is_personal=false,suggest_raw_text=chicago bears stadium,group_id=web117061,response_id=1b0632dd-f2ef-4122-9b02-6cea3ade0fc9,support_query_builder=false,} searchAction=chicago bears stadium searchActionExtras=Bundle{learn_more_url=https://support.google.com/websearch/answer/106230?hl=106230,suggestion_action_text=Report this,should_start_for_result=true,allow_pinning=true,skip_logging_in_target_handler=false,suggestion_action_rpc=2,}ParentID: null targetID: c4eb16f7-e6fd-4579-a42d-bc349fd6f2ec
06-26 04:44:19.377  1099  1099 D SearchTargetUtil: layoutType=short_icon_row resultType=131072 packageName=com.google.android.googlequicksearchbox extras=Bundle{suggestion_type=33,suggest_truncate_start=false,is_answer=false,is_entity=false,is_personal=false,suggest_raw_text=2027 gmc sierra 1500,group_id=web117061,response_id=1b0632dd-f2ef-4122-9b02-6cea3ade0fc9,support_query_builder=false,} searchAction=2027 gmc sierra 1500 searchActionExtras=Bundle{learn_more_url=https://support.google.com/websearch/answer/106230?hl=106230,suggestion_action_text=Report this,should_start_for_result=true,allow_pinning=true,skip_logging_in_target_handler=false,suggestion_action_rpc=2,}ParentID: null targetID: acd0ab63-60d9-4429-ac86-2f1b81c4bef6
06-26 04:44:19.377  1099  1099 D SearchTargetUtil: layoutType=short_icon_row resultType=131072 packageName=com.google.android.googlequicksearchbox extras=Bundle{suggestion_type=33,suggest_truncate_start=false,is_answer=false,is_entity=false,is_personal=false,suggest_raw_text=today wordle hints,group_id=web117061,response_id=1b0632dd-f2ef-4122-9b02-6cea3ade0fc9,support_query_builder=false,} searchAction=today wordle hints searchActionExtras=Bundle{learn_more_url=https://support.google.com/websearch/answer/106230?hl=106230,suggestion_action_text=Report this,should_start_for_result=true,allow_pinning=true,skip_logging_in_target_handler=false,suggestion_action_rpc=2,}ParentID: null targetID: b17e981b-0e1d-49e5-b492-7371115d9a0b
06-26 04:44:19.378  1099  2808 I IPCThreadState: oneway function results for code 2 on binder at 0x7423bbf037a0 will be dropped but finished with status UNKNOWN_TRANSACTION
06-26 04:44:19.383  1883  2456 I A       : Using proto config with mendel
06-26 04:44:19.383  1883  2456 I A       : Using proto config with mendel
06-26 04:44:19.383  1883  2456 W SearchServiceCore: Abort, client detached.
06-26 04:44:19.384  1883  2456 I MicroDetectionState: Should stop hotword detection immediately - true
06-26 04:44:19.385  1883  2456 I MicroDetectionState: Should stop hotword detection immediately - true
06-26 04:44:19.385  1883  2456 I A       : Using proto config with mendel
06-26 04:44:19.385  1883  2456 I A       : Using proto config with mendel
06-26 04:44:19.385  1883  2456 I MicroDetectionState: Should stop hotword detection immediately - true
06-26 04:44:19.385  1883  2456 I A       : Using proto config with mendel
06-26 04:44:19.385  1883  2456 I A       : Using proto config with mendel
06-26 04:44:19.386   396   501 D audioserver: FGS Logger Transaction failed
06-26 04:44:19.386   396   501 D audioserver: -129
06-26 04:44:19.387  4144  4200 D BtGatt.ScanManager: uid 10131 isForeground true scanMode -1
06-26 04:44:19.387  4144  4200 D BtGatt.ScanManager: uid 10131 isForeground true scanMode -1
06-26 04:44:19.392   522  2614 I ActivityManager: Process com.hanapkalinga.mobile (pid 7075) has died: fg  TOP 
06-26 04:44:19.392   522  2431 I WindowManager: WIN DEATH: Window{9bfb3c6 u0 com.hanapkalinga.mobile/com.hanapkalinga.mobile.MainActivity}
06-26 04:44:19.393   522  1946 D AutofillSession: handling death of Token{2eb0a66 ActivityRecord{d82c7a8 u0 com.hanapkalinga.mobile/.MainActivity t13 f}}} when saving=false
06-26 04:44:19.393   522   556 I libprocessgroup: Successfully killed process cgroup uid 10192 pid 7075 in 0ms
06-26 04:44:19.393   522  2611 I ImeTracker: com.hanapkalinga.mobile:94415ee7: onRequestHide at ORIGIN_SERVER_HIDE_INPUT reason HIDE_REMOVE_CLIENT
06-26 04:44:19.393   522  2611 I ImeTracker: com.hanapkalinga.mobile:94415ee7: onCancelled at PHASE_SERVER_SHOULD_HIDE
06-26 04:44:19.393   522  2431 W InputManager-JNI: Input channel object '9bfb3c6 com.hanapkalinga.mobile/com.hanapkalinga.mobile.MainActivity (client)' was disposed without first being removed with the input manager!
06-26 04:44:19.394   522   543 D DisplayManagerService: Drop pending events for gone uid 10192
06-26 04:44:19.395   522   543 D AutofillUI: destroySaveUiUiThread(): already destroyed
06-26 04:44:19.396   336   336 I Zygote  : Process 7075 exited due to signal 9 (Killed)
06-26 04:44:19.406   522  1625 W AppSearchIcing: icing-search-engine.cc:283: Error: 5, Message: Document (com.google.android.googlequicksearchbox$OneSearchZeroStateGoogleSuggestions/default, zp) not found.
06-26 04:44:19.406  4144  4200 D BtGatt.ScanManager: uid 10131 isForeground true scanMode -1
06-26 04:44:19.406  4144  4200 D BtGatt.ScanManager: uid 10131 isForeground true scanMode -1
06-26 04:44:19.406  1099  2171 D OneSearchSuggestProvider: Created the binder channel successfully for end point service =com.google.android.apps.search.googleapp.search.suggest.plugins.onesearch.server.OneSearchSuggestService , mChannel=z1{delegate=s1{logId=37, target=directaddress:///AndroidComponentAddress%5BIntent%20%7B%20act=grpc.io.action.BIND%20cmp=com.google.android.googlequicksearchbox/com.google.android.apps.search.googleapp.search.suggest.plugins.onesearch.server.OneSearchSuggestService%20%7D%5D}} , mOneSearchConnection=X1.T@9d7ad89
06-26 04:44:19.407  1596  1899 I AiAiEcho: Predicting[0]: 
06-26 04:44:19.407  1596  1899 I AiAiEcho: EchoTargets: 
06-26 04:44:19.407  1596  1899 I AiAiEcho: Filtered by AiAi flag check: 
06-26 04:44:19.408  1596  1899 I AiAiEcho: Ranked targets strategy: SORT, count: 0, ranking metadata: 
06-26 04:44:19.409  5004  5121 I Icing   : IndexChimeraService.getServiceInterface callingPackage=com.google.android.gms componentName=null serviceId=30
06-26 04:44:19.411  1596  1899 I AiAiEcho: #postPredictionTargets: Sending updates to UISurface home with targets# 0 (types=[])
06-26 04:44:19.414  5004  6823 I Icing   : Usage reports ok 0, Failed Usage reports 0, indexed 0, rejected 0
06-26 04:44:19.420   522  2614 W WindowManager: Failed to deliver inset control state change to w=Window{9bfb3c6 u0 com.hanapkalinga.mobile/com.hanapkalinga.mobile.MainActivity EXITING}
06-26 04:44:19.420   522  2614 W WindowManager: android.os.DeadObjectException
06-26 04:44:19.420   522  2614 W WindowManager: 	at android.os.BinderProxy.transactNative(Native Method)
06-26 04:44:19.420   522  2614 W WindowManager: 	at android.os.BinderProxy.transact(BinderProxy.java:584)
06-26 04:44:19.420   522  2614 W WindowManager: 	at android.view.IWindow$Stub$Proxy.insetsControlChanged(IWindow.java:479)
06-26 04:44:19.420   522  2614 W WindowManager: 	at com.android.server.wm.WindowState.notifyInsetsControlChanged(WindowState.java:3802)
06-26 04:44:19.420   522  2614 W WindowManager: 	at com.android.server.wm.InsetsStateController.lambda$notifyPendingInsetsControlChanged$3(InsetsStateController.java:343)
06-26 04:44:19.420   522  2614 W WindowManager: 	at com.android.server.wm.InsetsStateController.$r8$lambda$8yykPRG1GyNq_J17QvL9d5xANMc(InsetsStateController.java:0)
06-26 04:44:19.420   522  2614 W WindowManager: 	at com.android.server.wm.InsetsStateController$$ExternalSyntheticLambda2.run(R8$$SyntheticClass:0)
06-26 04:44:19.420   522  2614 W WindowManager: 	at com.android.server.wm.WindowAnimator.executeAfterPrepareSurfacesRunnables(WindowAnimator.java:294)
06-26 04:44:19.420   522  2614 W WindowManager: 	at com.android.server.wm.RootWindowContainer.performSurfacePlacementNoTrace(RootWindowContainer.java:811)
06-26 04:44:19.420   522  2614 W WindowManager: 	at com.android.server.wm.RootWindowContainer.performSurfacePlacement(RootWindowContainer.java:756)
06-26 04:44:19.420   522  2614 W WindowManager: 	at com.android.server.wm.WindowSurfacePlacer.performSurfacePlacementLoop(WindowSurfacePlacer.java:177)
06-26 04:44:19.420   522  2614 W WindowManager: 	at com.android.server.wm.WindowSurfacePlacer.performSurfacePlacement(WindowSurfacePlacer.java:126)
06-26 04:44:19.420   522  2614 W WindowManager: 	at com.android.server.wm.WindowManagerService.relayoutWindow(WindowManagerService.java:2410)
06-26 04:44:19.420   522  2614 W WindowManager: 	at com.android.server.wm.Session.relayout(Session.java:249)
06-26 04:44:19.420   522  2614 W WindowManager: 	at android.view.IWindowSession$Stub.onTransact(IWindowSession.java:701)
06-26 04:44:19.420   522  2614 W WindowManager: 	at com.android.server.wm.Session.onTransact(Session.java:178)
06-26 04:44:19.420   522  2614 W WindowManager: 	at android.os.Binder.execTransactInternal(Binder.java:1339)
06-26 04:44:19.420   522  2614 W WindowManager: 	at android.os.Binder.execTransact(Binder.java:1275)
06-26 04:44:19.422  1883  1883 I A       : onApplyWindowInsets: systemWindowInsets=Insets{left=0, top=24, right=0, bottom=0}
06-26 04:44:19.422  1883  1883 I A       : onApplyWindowInsets: systemWindowInsets=Insets{left=0, top=24, right=0, bottom=0}
06-26 04:44:19.429  1883  1883 I A       : Created gRPC endpoint to "search" for service class com.google.android.apps.search.googleapp.search.suggest.plugins.onesearch.server.OneSearchSuggestService
06-26 04:44:19.436   522   542 V WindowManager: Sent Transition #20 createdAt=06-26 04:44:19.318 via request=TransitionRequestInfo { type = CLOSE, triggerTask = null, remoteTransition = null, displayChange = null }
06-26 04:44:19.436   522   542 V WindowManager:     startWCT=WindowContainerTransaction { changes = {} hops = [] errorCallbackToken=null taskFragmentOrganizer=null }
06-26 04:44:19.436   522   542 V WindowManager:     info={id=20 t=CLOSE f=0x10 trk=0 r=[0@Point(0, 0)] c=[{WCT{RemoteToken{55d6e17 Task{475459b #1 type=home}}} m=TO_FRONT f=SHOW_WALLPAPER|MOVE_TO_TOP leash=Surface(name=Task=1)/@0xadabfbc sb=Rect(0, 0 - 320, 640) eb=Rect(0, 0 - 320, 640) d=0},{WCT{RemoteToken{af85c84 Task{d7462c1 #13 type=standard A=10192:com.hanapkalinga.mobile}}} m=CLOSE f=NONE leash=Surface(name=Task=13)/@0xccb6ad8 sb=Rect(0, 0 - 320, 640) eb=Rect(0, 0 - 320, 640) d=0},{null m=TO_FRONT f=IS_WALLPAPER leash=Surface(name=WallpaperWindowToken{10f4362 token=android.os.Binder@82a322d})/@0x221e540 sb=Rect(0, 0 - 320, 640) eb=Rect(0, 0 - 320, 640) d=0}]}
06-26 04:44:19.437   835   881 V WindowManagerShell: onTransitionReady android.os.BinderProxy@7a2eca1: {id=20 t=CLOSE f=0x10 trk=0 r=[0@Point(0, 0)] c=[{WCT{android.window.IWindowContainerToken$Stub$Proxy@e4b4152} m=TO_FRONT f=SHOW_WALLPAPER|MOVE_TO_TOP leash=Surface(name=Task=1)/@0x9fdfec6 sb=Rect(0, 0 - 320, 640) eb=Rect(0, 0 - 320, 640) d=0},{WCT{android.window.IWindowContainerToken$Stub$Proxy@b5dfc23} m=CLOSE f=NONE leash=Surface(name=Task=13)/@0x7e9fe87 sb=Rect(0, 0 - 320, 640) eb=Rect(0, 0 - 320, 640) d=0},{null m=TO_FRONT f=IS_WALLPAPER leash=Surface(name=WallpaperWindowToken{10f4362 token=android.os.Binder@82a322d})/@0xd98b1b4 sb=Rect(0, 0 - 320, 640) eb=Rect(0, 0 - 320, 640) d=0}]}
06-26 04:44:19.437   835   881 V WindowManagerShell: Playing animation for (#20)android.os.BinderProxy@7a2eca1@0
06-26 04:44:19.437   835   881 V WindowManagerShell:  try handler com.android.wm.shell.transition.DefaultMixedHandler@494f165
06-26 04:44:19.437   835   881 V WindowManagerShell:  try handler com.android.wm.shell.keyguard.KeyguardTransitionHandler@e15be3a
06-26 04:44:19.437   835   881 V WindowManagerShell:  try handler com.android.wm.shell.activityembedding.ActivityEmbeddingController@a13daeb
06-26 04:44:19.437   835   881 V WindowManagerShell:  try handler com.android.wm.shell.recents.RecentsTransitionHandler@3ea0048
06-26 04:44:19.437   835   881 V ShellRecents: RecentsTransitionHandler.startAnimation: no controller found
06-26 04:44:19.437   835   881 V WindowManagerShell:  try handler com.android.wm.shell.pip.PipTransition@6683ee1
06-26 04:44:19.437   835   881 V WindowManagerShell:  try handler com.android.wm.shell.splitscreen.StageCoordinator@918406
06-26 04:44:19.437   835   881 V WindowManagerShell:  try handler com.android.wm.shell.transition.RemoteTransitionHandler@6d33ac7
06-26 04:44:19.437   835   881 V WindowManagerShell: Transition doesn't have explicit remote, search filters for match for {id=20 t=CLOSE f=0x10 trk=0 r=[0@Point(0, 0)] c=[{WCT{android.window.IWindowContainerToken$Stub$Proxy@e4b4152} m=TO_FRONT f=SHOW_WALLPAPER|MOVE_TO_TOP leash=Surface(name=Task=1)/@0x9fdfec6 sb=Rect(0, 0 - 320, 640) eb=Rect(0, 0 - 320, 640) d=0},{WCT{android.window.IWindowContainerToken$Stub$Proxy@b5dfc23} m=CLOSE f=NONE leash=Surface(name=Task=13)/@0x7e9fe87 sb=Rect(0, 0 - 320, 640) eb=Rect(0, 0 - 320, 640) d=0},{null m=TO_FRONT f=IS_WALLPAPER leash=Surface(name=WallpaperWindowToken{10f4362 token=android.os.Binder@82a322d})/@0xd98b1b4 sb=Rect(0, 0 - 320, 640) eb=Rect(0, 0 - 320, 640) d=0}]}
06-26 04:44:19.437   835   881 V WindowManagerShell:  Checking filter Pair{{types=[] flags=0x0] notFlags=0x0 checks=[{atype=dream independent=true modes=[OPEN,TO_FRONT] flags=NONE mustBeTask=false order=ANY topActivity=null},{atype=home independent=true modes=[CLOSE,TO_BACK] flags=NONE mustBeTask=false order=ANY topActivity=null}]} RemoteTransition { remoteTransition = android.window.IRemoteTransition$Stub$Proxy@36451e2, appThread = android.app.IApplicationThread$Stub$Proxy@975e973, debugName = LauncherToDream }}
06-26 04:44:19.437   835   881 V WindowManagerShell:  Checking filter Pair{{types=[] flags=0x0] notFlags=0x100 checks=[{atype=home independent=true modes=[OPEN,TO_FRONT] flags=NONE mustBeTask=false order=TOP topActivity=ComponentInfo{com.google.android.apps.nexuslauncher/com.google.android.apps.nexuslauncher.NexusLauncherActivity}},{atype=standard independent=true modes=[CLOSE,TO_BACK] flags=NONE mustBeTask=false order=ANY topActivity=null}]} RemoteTransition { remoteTransition = android.window.IRemoteTransition$Stub$Proxy@647a030, appThread = android.app.IApplicationThread$Stub$Proxy@46e04a9, debugName = QuickstepLaunchHome }}
06-26 04:44:19.437   835   881 D RemoteTransitionHandler: Found filterPair{{types=[] flags=0x0] notFlags=0x100 checks=[{atype=home independent=true modes=[OPEN,TO_FRONT] flags=NONE mustBeTask=false order=TOP topActivity=ComponentInfo{com.google.android.apps.nexuslauncher/com.google.android.apps.nexuslauncher.NexusLauncherActivity}},{atype=standard independent=true modes=[CLOSE,TO_BACK] flags=NONE mustBeTask=false order=ANY topActivity=null}]} RemoteTransition { remoteTransition = android.window.IRemoteTransition$Stub$Proxy@647a030, appThread = android.app.IApplicationThread$Stub$Proxy@46e04a9, debugName = QuickstepLaunchHome }}
06-26 04:44:19.437   835   881 V WindowManagerShell:  Delegate animation for #20 to RemoteTransition { remoteTransition = android.window.IRemoteTransition$Stub$Proxy@647a030, appThread = android.app.IApplicationThread$Stub$Proxy@46e04a9, debugName = QuickstepLaunchHome }
06-26 04:44:19.440   835   881 V WindowManagerShell:  animated by com.android.wm.shell.transition.RemoteTransitionHandler@6d33ac7
06-26 04:44:19.443  1883  2456 I A       : Using proto config with mendel
06-26 04:44:19.446  1883  2456 I A       : Using proto config with mendel
06-26 04:44:19.456   522  2614 I ImeTracker: com.google.android.apps.nexuslauncher:7909b77b: onRequestHide at ORIGIN_SERVER_HIDE_INPUT reason HIDE_UNSPECIFIED_WINDOW
06-26 04:44:19.456   522  2614 I ImeTracker: com.google.android.apps.nexuslauncher:7909b77b: onCancelled at PHASE_SERVER_SHOULD_HIDE
06-26 04:44:19.457  1479  1479 I GoogleInputMethodService: GoogleInputMethodService.onFinishInput():3227 
06-26 04:44:19.458  1479  1479 I GoogleInputMethodService: GoogleInputMethodService.updateDeviceLockedStatus():2087 repeatCheckTimes = 0, unlocked = true
06-26 04:44:19.458  1479  1479 I GoogleInputMethodService: GoogleInputMethodService.onStartInput():1877 onStartInput(EditorInfo{inputType=0x0(NULL) imeOptions=0x0 privateImeOptions=null actionName=UNSPECIFIED actionLabel=null actionId=0 initialSelStart=-1 initialSelEnd=-1 initialCapsMode=0x0 hintText=null label=null packageName=com.google.android.apps.nexuslauncher fieldId=0 fieldName=null extras=null}, false)
06-26 04:44:19.458  1479  1479 I GoogleInputMethodService: GoogleInputMethodService.shouldHideHeaderOnInitialState():4008 ShouldHideHeaderOnInitialState = false
06-26 04:44:19.458  1479  1479 I GoogleInputMethodService: GoogleInputMethodService.updateDeviceLockedStatus():2087 repeatCheckTimes = 2, unlocked = true
06-26 04:44:19.460   522   546 W WindowManager: Failed to deliver inset control state change to w=Window{9bfb3c6 u0 com.hanapkalinga.mobile/com.hanapkalinga.mobile.MainActivity EXITING}
06-26 04:44:19.460   522   546 W WindowManager: android.os.DeadObjectException
06-26 04:44:19.460   522   546 W WindowManager: 	at android.os.BinderProxy.transactNative(Native Method)
06-26 04:44:19.460   522   546 W WindowManager: 	at android.os.BinderProxy.transact(BinderProxy.java:584)
06-26 04:44:19.460   522   546 W WindowManager: 	at android.view.IWindow$Stub$Proxy.insetsControlChanged(IWindow.java:479)
06-26 04:44:19.460   522   546 W WindowManager: 	at com.android.server.wm.WindowState.notifyInsetsControlChanged(WindowState.java:3802)
06-26 04:44:19.460   522   546 W WindowManager: 	at com.android.server.wm.InsetsStateController.lambda$notifyPendingInsetsControlChanged$3(InsetsStateController.java:343)
06-26 04:44:19.460   522   546 W WindowManager: 	at com.android.server.wm.InsetsStateController.$r8$lambda$8yykPRG1GyNq_J17QvL9d5xANMc(InsetsStateController.java:0)
06-26 04:44:19.460   522   546 W WindowManager: 	at com.android.server.wm.InsetsStateController$$ExternalSyntheticLambda2.run(R8$$SyntheticClass:0)
06-26 04:44:19.460   522   546 W WindowManager: 	at com.android.server.wm.WindowAnimator.executeAfterPrepareSurfacesRunnables(WindowAnimator.java:294)
06-26 04:44:19.460   522   546 W WindowManager: 	at com.android.server.wm.RootWindowContainer.performSurfacePlacementNoTrace(RootWindowContainer.java:811)
06-26 04:44:19.460   522   546 W WindowManager: 	at com.android.server.wm.RootWindowContainer.performSurfacePlacement(RootWindowContainer.java:756)
06-26 04:44:19.460   522   546 W WindowManager: 	at com.android.server.wm.WindowSurfacePlacer.performSurfacePlacementLoop(WindowSurfacePlacer.java:177)
06-26 04:44:19.460   522   546 W WindowManager: 	at com.android.server.wm.WindowSurfacePlacer.performSurfacePlacement(WindowSurfacePlacer.java:126)
06-26 04:44:19.460   522   546 W WindowManager: 	at com.android.server.wm.WindowSurfacePlacer.performSurfacePlacement(WindowSurfacePlacer.java:115)
06-26 04:44:19.460   522   546 W WindowManager: 	at com.android.server.wm.WindowSurfacePlacer$Traverser.run(WindowSurfacePlacer.java:57)
06-26 04:44:19.460   522   546 W WindowManager: 	at android.os.Handler.handleCallback(Handler.java:958)
06-26 04:44:19.460   522   546 W WindowManager: 	at android.os.Handler.dispatchMessage(Handler.java:99)
06-26 04:44:19.460   522   546 W WindowManager: 	at android.os.Looper.loopOnce(Looper.java:205)
06-26 04:44:19.460   522   546 W WindowManager: 	at android.os.Looper.loop(Looper.java:294)
06-26 04:44:19.460   522   546 W WindowManager: 	at android.os.HandlerThread.run(HandlerThread.java:67)
06-26 04:44:19.460   522   546 W WindowManager: 	at com.android.server.ServiceThread.run(ServiceThread.java:46)
06-26 04:44:19.463   835   881 V WindowManagerShell: Transition animation finished (aborted=false), notifying core (#20)android.os.BinderProxy@7a2eca1@0
06-26 04:44:19.464   835   912 D EGL_emulation: app_time_stats: avg=1746.75ms min=1746.75ms max=1746.75ms count=1
06-26 04:44:19.464   522   542 V WindowManager: Finish Transition #20: created at 06-26 04:44:19.318 collect-started=0.054ms request-sent=0.138ms started=12.076ms ready=80.002ms sent=118.252ms finished=146.373ms
06-26 04:44:19.465   522  1789 W WindowManager: Exception thrown during dispatchAppVisibility Window{9bfb3c6 u0 com.hanapkalinga.mobile/com.hanapkalinga.mobile.MainActivity EXITING}
06-26 04:44:19.465   522  1789 W WindowManager: android.os.DeadObjectException
06-26 04:44:19.465   522  1789 W WindowManager: 	at android.os.BinderProxy.transactNative(Native Method)
06-26 04:44:19.465   522  1789 W WindowManager: 	at android.os.BinderProxy.transact(BinderProxy.java:584)
06-26 04:44:19.465   522  1789 W WindowManager: 	at android.view.IWindow$Stub$Proxy.dispatchAppVisibility(IWindow.java:546)
06-26 04:44:19.465   522  1789 W WindowManager: 	at com.android.server.wm.WindowState.sendAppVisibilityToClients(WindowState.java:3271)
06-26 04:44:19.465   522  1789 W WindowManager: 	at com.android.server.wm.WindowContainer.sendAppVisibilityToClients(WindowContainer.java:1221)
06-26 04:44:19.465   522  1789 W WindowManager: 	at com.android.server.wm.WindowToken.setClientVisible(WindowToken.java:409)
06-26 04:44:19.465   522  1789 W WindowManager: 	at com.android.server.wm.ActivityRecord.setClientVisible(ActivityRecord.java:6946)
06-26 04:44:19.465   522  1789 W WindowManager: 	at com.android.server.wm.ActivityRecord.postApplyAnimation(ActivityRecord.java:5637)
06-26 04:44:19.465   522  1789 W WindowManager: 	at com.android.server.wm.ActivityRecord.commitVisibility(ActivityRecord.java:5580)
06-26 04:44:19.465   522  1789 W WindowManager: 	at com.android.server.wm.Transition.finishTransition(Transition.java:1151)
06-26 04:44:19.465   522  1789 W WindowManager: 	at com.android.server.wm.TransitionController.finishTransition(TransitionController.java:868)
06-26 04:44:19.465   522  1789 W WindowManager: 	at com.android.server.wm.WindowOrganizerController.finishTransition(WindowOrganizerController.java:396)
06-26 04:44:19.465   522  1789 W WindowManager: 	at android.window.IWindowOrganizerController$Stub.onTransact(IWindowOrganizerController.java:286)
06-26 04:44:19.465   522  1789 W WindowManager: 	at com.android.server.wm.WindowOrganizerController.onTransact(WindowOrganizerController.java:181)
06-26 04:44:19.465   522  1789 W WindowManager: 	at android.os.Binder.execTransactInternal(Binder.java:1339)
06-26 04:44:19.465   522  1789 W WindowManager: 	at android.os.Binder.execTransact(Binder.java:1275)
06-26 04:44:19.465   522  1789 I Process : Sending signal. PID: 7075 SIG: 9
06-26 04:44:19.475   835   881 V WindowManagerShell: Track 0 became idle
06-26 04:44:19.475   835   881 V WindowManagerShell: All active transition animations finished
06-26 04:44:19.475   522   545 W ActivityManager: setHasOverlayUi called on unknown pid: 7075
06-26 04:44:19.482  1099  1099 D SearchTargetUtil:  query= size=15
06-26 04:44:19.482  1099  1099 D SearchTargetUtil: layoutType=extra_tall_icon_row resultType=131072 packageName=com.google.android.googlequicksearchbox extras=Bundle{bitmap_url=data:image/jpeg;base64,/9j/4AAQSkZJRgABAQAAAQABAAD/2wCEAAkGBwgHBgkIBwgKCgkLDRYPDQwMDRsUFRAWIB0iIiAdHx8kKDQsJCYxJx8fLT0tMTU3Ojo6Iys/RD84QzQ5OjcBCgoKDQwNGg8PGjclHyU3Nzc3Nzc3Nzc3Nzc3Nzc3Nzc3Nzc3Nzc3Nzc3Nzc3Nzc3Nzc3Nzc3Nzc3Nzc3Nzc3N//AABEIADAAMAMBIgACEQEDEQH/xAAbAAACAgMBAAAAAAAAAAAAAAAEBgIDAQUHAP/EAC8QAAIBAgUCBAQHAQAAAAAAAAECAwQRAAUSITEGQRMicZEUUYGxM1JhYnKh0UL/xAAXAQADAQAAAAAAAAAAAAAAAAABAgME/8QAHBEAAwEAAgMAAAAAAAAAAAAAAAECEQMhIkFx/9oADAMBAAIRAxEAPwDk8NMXBIxCWMqV9RjMVQyggHEGl1SR34Di/vhBh5ympp8vySB6qpjhDo7DU258zLYDufS/0xfQ55TSOBT1MTnsrcn6HAHRtJR1g+KrYJJmYkJdLqg7D5b7nA3WNEPiHajpkRF4cWDWH7QSbeoGM9xN1jKxTlBuYVDSZnlnl3WW9lH6g4bqXqB4Y7LNY77Ff8xzzpWeqzDM6VIy8lREW0BU1uQQRx3Iwz5i8k0/iGmlRRGq/gsouoCk+4OE5ONpJBmk2cuBOJxjxJo0Y2DMAT8sU8c7Y3mU5a3hmSuoZ0Eun4eZ1ZRcgkFex4Hz2xrbwklvQ5ZKlLR5NR+JBTiriUaZJbkc9gNzfnbGTVJPCwlihkkUkBkRltf+WAXzWiahyyDKYauqrzAI6uleNQlwB5lN99+bjjfa24r5hIbrURLSiM+fiw9tsZ6l72UVLCPTMBy3qJKmGQeNqYRLf1v7cYdDUVMRhT4qaIot3HYhm1bffCdkHUIoc5y7MKDLhOtFG6GCSQXlL6tRJ07X1Ht9cNWb9eZ1m8olXp+ipyq6bs7SEj1FsNab9ir4LXRsuVZdkS5jUU6NUh3BlaLUwvsAt/0++KKzNJ6mKCSWZpgJCSW7Ecf0ThNpqp4SqklkHA/L6YNqMwJAjpmsrAF/L/0L8Yd8floFWI3eYZpHRxEUsaRvP+KQfNIObftX05OFuqrZapwzFtJ30k8YpZy8pLkk25OMqqqNgL4opSEdNkkIMfmO+Lmq5mXQ8jOg2AZibDA/bHu2DgD/2Q==,suggestion_type=33,suggest_truncate_start=false,is_answer=false,is_entity=true,is_personal=false,suggest_raw_text=gorō taniguchi,group_id=web117061,response_id=eae50493-9e6d-497d-b3d7-c3e6cdf8144b,support_query_builder=false,} searchAction=Gorō Taniguchi searchActionExtras=Bundle{learn_more_url=https://support.google.com/websearch/answer/106230?hl=106230,suggestion_action_text=Report this,should_start_for_result=true,allow_pinning=true,skip_logging_in_target_handler=false,suggestion_action_rpc=2,}ParentID: null targetID: d07bef02-dee8-45d4-ace8-373a6cc2d13c
