06-26 04:44:18.701  6936  7137 W UiDevice: Skipping wait as package ${APP_ID} does not match current window com.hanapkalinga.mobile.
06-26 04:44:18.708  6936  7137 W QueryController: Could not detect idle state.
06-26 04:44:18.711  6936  7137 W QueryController: Could not detect idle state.
06-26 04:44:18.713  6936  7137 W UiDevice: Skipping wait as package ${APP_ID} does not match current window com.hanapkalinga.mobile.
06-26 04:44:18.721  6936  7137 W QueryController: Could not detect idle state.
06-26 04:44:18.723  6936  7137 W QueryController: Could not detect idle state.
06-26 04:44:18.726  6936  7137 W UiDevice: Skipping wait as package ${APP_ID} does not match current window com.hanapkalinga.mobile.
06-26 04:44:18.730  6936  7137 W QueryController: Could not detect idle state.
06-26 04:44:18.733  6936  7137 W QueryController: Could not detect idle state.
06-26 04:44:18.737  6936  7137 W UiDevice: Skipping wait as package ${APP_ID} does not match current window com.hanapkalinga.mobile.
06-26 04:44:18.743  6936  7137 W QueryController: Could not detect idle state.
06-26 04:44:18.746  6936  7137 W QueryController: Could not detect idle state.
06-26 04:44:18.749  6936  7137 W UiDevice: Skipping wait as package ${APP_ID} does not match current window com.hanapkalinga.mobile.
06-26 04:44:18.756  6936  7137 W QueryController: Could not detect idle state.
06-26 04:44:18.759  6936  7137 W QueryController: Could not detect idle state.
06-26 04:44:18.762  6936  7137 W UiDevice: Skipping wait as package ${APP_ID} does not match current window com.hanapkalinga.mobile.
06-26 04:44:18.767  6936  7137 W QueryController: Could not detect idle state.
06-26 04:44:18.768  6936  7137 W QueryController: Could not detect idle state.
06-26 04:44:18.770  6936  7137 W UiDevice: Skipping wait as package ${APP_ID} does not match current window com.hanapkalinga.mobile.
06-26 04:44:18.774  6936  7137 W QueryController: Could not detect idle state.
06-26 04:44:18.777  6936  7137 W QueryController: Could not detect idle state.
06-26 04:44:18.780  6936  7137 W UiDevice: Skipping wait as package ${APP_ID} does not match current window com.hanapkalinga.mobile.
06-26 04:44:18.786  6936  7137 W QueryController: Could not detect idle state.
06-26 04:44:18.789  6936  7137 W QueryController: Could not detect idle state.
06-26 04:44:18.792  6936  7137 W UiDevice: Skipping wait as package ${APP_ID} does not match current window com.hanapkalinga.mobile.
06-26 04:44:18.799  6936  7137 W QueryController: Could not detect idle state.
06-26 04:44:18.802  6936  7137 W QueryController: Could not detect idle state.
06-26 04:44:18.805  1883  2456 I WorkerManager: dispose()
06-26 04:44:18.805  1883  2456 W A       : Queue length for executor EventBus is now 11. Perhaps some tasks are too long, or the pool is too small.
06-26 04:44:18.808  6936  7137 W UiDevice: Skipping wait as package ${APP_ID} does not match current window com.hanapkalinga.mobile.
06-26 04:44:18.813  6936  7137 W QueryController: Could not detect idle state.
06-26 04:44:18.816  6936  7137 W QueryController: Could not detect idle state.
06-26 04:44:18.819  6936  7137 W UiDevice: Skipping wait as package ${APP_ID} does not match current window com.hanapkalinga.mobile.
06-26 04:44:18.826  6936  7137 W QueryController: Could not detect idle state.
06-26 04:44:18.829  6936  7137 W QueryController: Could not detect idle state.
06-26 04:44:18.832  6936  7137 W UiDevice: Skipping wait as package ${APP_ID} does not match current window com.hanapkalinga.mobile.
06-26 04:44:18.842  6936  7137 D Maestro : Requesting view hierarchy
06-26 04:44:18.842  6936  7137 W QueryController: Could not detect idle state.
06-26 04:44:18.843  6936  7137 W QueryController: Could not detect idle state.
06-26 04:44:18.848  6936  7137 I Maestro : Skipping invisible child: android.view.accessibility.AccessibilityNodeInfo@2dfcd; boundsInParent: Rect(0, 0 - 320, 0); boundsInScreen: Rect(0, 0 - 320, 0); boundsInWindow: Rect(0, 0 - 320, 0); packageName: com.hanapkalinga.mobile; className: android.widget.LinearLayout; text: null; error: null; maxTextLength: -1; stateDescription: null; contentDescription: null; tooltipText: null; containerTitle: null; viewIdResName: null; uniqueId: null; checkable: false; checked: false; focusable: false; focused: false; selected: false; clickable: false; longClickable: false; contextClickable: false; enabled: true; password: false; scrollable: false; importantForAccessibility: false; visible: false; actions: [AccessibilityAction: ACTION_SELECT - null, AccessibilityAction: ACTION_CLEAR_SELECTION - null, AccessibilityAction: ACTION_ACCESSIBILITY_FOCUS - null, AccessibilityAction: ACTION_SHOW_ON_SCREEN - null]; isTextSelectable: false
06-26 04:44:18.849  6936  7137 I Maestro : Skipping invisible child: android.view.accessibility.AccessibilityNodeInfo@2dc0c; boundsInParent: Rect(0, 0 - 320, 0); boundsInScreen: Rect(0, 0 - 320, 0); boundsInWindow: Rect(0, 0 - 320, 0); packageName: com.hanapkalinga.mobile; className: android.view.ViewGroup; text: null; error: null; maxTextLength: -1; stateDescription: null; contentDescription: null; tooltipText: null; containerTitle: null; viewIdResName: null; uniqueId: null; checkable: false; checked: false; focusable: false; focused: false; selected: false; clickable: false; longClickable: false; contextClickable: false; enabled: true; password: false; scrollable: false; importantForAccessibility: false; visible: false; actions: [AccessibilityAction: ACTION_SELECT - null, AccessibilityAction: ACTION_CLEAR_SELECTION - null, AccessibilityAction: ACTION_ACCESSIBILITY_FOCUS - null, AccessibilityAction: ACTION_SHOW_ON_SCREEN - null]; isTextSelectable: false
06-26 04:44:18.853  6936  7137 I Maestro : Skipping invisible child: android.view.accessibility.AccessibilityNodeInfo@3145b; boundsInParent: Rect(0, 0 - 12, 0); boundsInScreen: Rect(134, 344 - 145, 344); boundsInWindow: Rect(134, 344 - 145, 344); packageName: com.hanapkalinga.mobile; className: com.horcrux.svg.PathView; text: null; error: null; maxTextLength: -1; stateDescription: null; contentDescription: null; tooltipText: null; containerTitle: null; viewIdResName: null; uniqueId: null; checkable: false; checked: false; focusable: false; focused: false; selected: false; clickable: false; longClickable: false; contextClickable: false; enabled: true; password: false; scrollable: false; importantForAccessibility: false; visible: false; actions: [AccessibilityAction: ACTION_SELECT - null, AccessibilityAction: ACTION_CLEAR_SELECTION - null, AccessibilityAction: ACTION_ACCESSIBILITY_FOCUS - null, AccessibilityAction: ACTION_SHOW_ON_SCREEN - null]; isTextSelectable: false
06-26 04:44:18.856  6936  7137 I Maestro : Skipping invisible child: android.view.accessibility.AccessibilityNodeInfo@38138; boundsInParent: Rect(0, 0 - 1, 4); boundsInScreen: Rect(65, 495 - 65, 499); boundsInWindow: Rect(65, 495 - 65, 499); packageName: com.hanapkalinga.mobile; className: com.horcrux.svg.PathView; text: null; error: null; maxTextLength: -1; stateDescription: null; contentDescription: null; tooltipText: null; containerTitle: null; viewIdResName: null; uniqueId: null; checkable: false; checked: false; focusable: false; focused: false; selected: false; clickable: false; longClickable: false; contextClickable: false; enabled: true; password: false; scrollable: false; importantForAccessibility: false; visible: false; actions: [AccessibilityAction: ACTION_SELECT - null, AccessibilityAction: ACTION_CLEAR_SELECTION - null, AccessibilityAction: ACTION_ACCESSIBILITY_FOCUS - null, AccessibilityAction: ACTION_SHOW_ON_SCREEN - null]; isTextSelectable: false
06-26 04:44:18.856  6936  7137 I Maestro : Skipping invisible child: android.view.accessibility.AccessibilityNodeInfo@384f9; boundsInParent: Rect(0, 0 - 1, 4); boundsInScreen: Rect(72, 495 - 72, 499); boundsInWindow: Rect(72, 495 - 72, 499); packageName: com.hanapkalinga.mobile; className: com.horcrux.svg.PathView; text: null; error: null; maxTextLength: -1; stateDescription: null; contentDescription: null; tooltipText: null; containerTitle: null; viewIdResName: null; uniqueId: null; checkable: false; checked: false; focusable: false; focused: false; selected: false; clickable: false; longClickable: false; contextClickable: false; enabled: true; password: false; scrollable: false; importantForAccessibility: false; visible: false; actions: [AccessibilityAction: ACTION_SELECT - null, AccessibilityAction: ACTION_CLEAR_SELECTION - null, AccessibilityAction: ACTION_ACCESSIBILITY_FOCUS - null, AccessibilityAction: ACTION_SHOW_ON_SCREEN - null]; isTextSelectable: false
06-26 04:44:18.857  6936  7137 I Maestro : Skipping invisible child: android.view.accessibility.AccessibilityNodeInfo@38c7b; boundsInParent: Rect(0, 0 - 16, 1); boundsInScreen: Rect(61, 502 - 76, 502); boundsInWindow: Rect(61, 502 - 76, 502); packageName: com.hanapkalinga.mobile; className: com.horcrux.svg.PathView; text: null; error: null; maxTextLength: -1; stateDescription: null; contentDescription: null; tooltipText: null; containerTitle: null; viewIdResName: null; uniqueId: null; checkable: false; checked: false; focusable: false; focused: false; selected: false; clickable: false; longClickable: false; contextClickable: false; enabled: true; password: false; scrollable: false; importantForAccessibility: false; visible: false; actions: [AccessibilityAction: ACTION_SELECT - null, AccessibilityAction: ACTION_CLEAR_SELECTION - null, AccessibilityAction: ACTION_ACCESSIBILITY_FOCUS - null, AccessibilityAction: ACTION_SHOW_ON_SCREEN - null]; isTextSelectable: false
06-26 04:44:18.857  6936  7137 I Maestro : Skipping invisible child: android.view.accessibility.AccessibilityNodeInfo@3903c; boundsInParent: Rect(0, 0 - 1, 1); boundsInScreen: Rect(65, 505 - 66, 505); boundsInWindow: Rect(65, 505 - 66, 505); packageName: com.hanapkalinga.mobile; className: com.horcrux.svg.PathView; text: null; error: null; maxTextLength: -1; stateDescription: null; contentDescription: null; tooltipText: null; containerTitle: null; viewIdResName: null; uniqueId: null; checkable: false; checked: false; focusable: false; focused: false; selected: false; clickable: false; longClickable: false; contextClickable: false; enabled: true; password: false; scrollable: false; importantForAccessibility: false; visible: false; actions: [AccessibilityAction: ACTION_SELECT - null, AccessibilityAction: ACTION_CLEAR_SELECTION - null, AccessibilityAction: ACTION_ACCESSIBILITY_FOCUS - null, AccessibilityAction: ACTION_SHOW_ON_SCREEN - null]; isTextSelectable: false
06-26 04:44:18.858  6936  7137 I Maestro : Skipping invisible child: android.view.accessibility.AccessibilityNodeInfo@393fd; boundsInParent: Rect(0, 0 - 1, 1); boundsInScreen: Rect(69, 505 - 70, 505); boundsInWindow: Rect(69, 505 - 70, 505); packageName: com.hanapkalinga.mobile; className: com.horcrux.svg.PathView; text: null; error: null; maxTextLength: -1; stateDescription: null; contentDescription: null; tooltipText: null; containerTitle: null; viewIdResName: null; uniqueId: null; checkable: false; checked: false; focusable: false; focused: false; selected: false; clickable: false; longClickable: false; contextClickable: false; enabled: true; password: false; scrollable: false; importantForAccessibility: false; visible: false; actions: [AccessibilityAction: ACTION_SELECT - null, AccessibilityAction: ACTION_CLEAR_SELECTION - null, AccessibilityAction: ACTION_ACCESSIBILITY_FOCUS - null, AccessibilityAction: ACTION_SHOW_ON_SCREEN - null]; isTextSelectable: false
06-26 04:44:18.859  6936  7137 I Maestro : Skipping invisible child: android.view.accessibility.AccessibilityNodeInfo@397be; boundsInParent: Rect(0, 0 - 1, 1); boundsInScreen: Rect(72, 505 - 73, 505); boundsInWindow: Rect(72, 505 - 73, 505); packageName: com.hanapkalinga.mobile; className: com.horcrux.svg.PathView; text: null; error: null; maxTextLength: -1; stateDescription: null; contentDescription: null; tooltipText: null; containerTitle: null; viewIdResName: null; uniqueId: null; checkable: false; checked: false; focusable: false; focused: false; selected: false; clickable: false; longClickable: false; contextClickable: false; enabled: true; password: false; scrollable: false; importantForAccessibility: false; visible: false; actions: [AccessibilityAction: ACTION_SELECT - null, AccessibilityAction: ACTION_CLEAR_SELECTION - null, AccessibilityAction: ACTION_ACCESSIBILITY_FOCUS - null, AccessibilityAction: ACTION_SHOW_ON_SCREEN - null]; isTextSelectable: false
06-26 04:44:18.859  6936  7137 I Maestro : Skipping invisible child: android.view.accessibility.AccessibilityNodeInfo@3a301; boundsInParent: Rect(0, 0 - 1, 0); boundsInScreen: Rect(72, 509 - 73, 509); boundsInWindow: Rect(72, 509 - 73, 509); packageName: com.hanapkalinga.mobile; className: com.horcrux.svg.PathView; text: null; error: null; maxTextLength: -1; stateDescription: null; contentDescription: null; tooltipText: null; containerTitle: null; viewIdResName: null; uniqueId: null; checkable: false; checked: false; focusable: false; focused: false; selected: false; clickable: false; longClickable: false; contextClickable: false; enabled: true; password: false; scrollable: false; importantForAccessibility: false; visible: false; actions: [AccessibilityAction: ACTION_SELECT - null, AccessibilityAction: ACTION_CLEAR_SELECTION - null, AccessibilityAction: ACTION_ACCESSIBILITY_FOCUS - null, AccessibilityAction: ACTION_SHOW_ON_SCREEN - null]; isTextSelectable: false
06-26 04:44:18.860  6936  7137 I Maestro : Skipping invisible child: android.view.accessibility.AccessibilityNodeInfo@39f40; boundsInParent: Rect(0, 0 - 1, 0); boundsInScreen: Rect(69, 509 - 70, 509); boundsInWindow: Rect(69, 509 - 70, 509); packageName: com.hanapkalinga.mobile; className: com.horcrux.svg.PathView; text: null; error: null; maxTextLength: -1; stateDescription: null; contentDescription: null; tooltipText: null; containerTitle: null; viewIdResName: null; uniqueId: null; checkable: false; checked: false; focusable: false; focused: false; selected: false; clickable: false; longClickable: false; contextClickable: false; enabled: true; password: false; scrollable: false; importantForAccessibility: false; visible: false; actions: [AccessibilityAction: ACTION_SELECT - null, AccessibilityAction: ACTION_CLEAR_SELECTION - null, AccessibilityAction: ACTION_ACCESSIBILITY_FOCUS - null, AccessibilityAction: ACTION_SHOW_ON_SCREEN - null]; isTextSelectable: false
06-26 04:44:18.861  6936  7137 I Maestro : Skipping invisible child: android.view.accessibility.AccessibilityNodeInfo@39b7f; boundsInParent: Rect(0, 0 - 1, 0); boundsInScreen: Rect(65, 509 - 66, 509); boundsInWindow: Rect(65, 509 - 66, 509); packageName: com.hanapkalinga.mobile; className: com.horcrux.svg.PathView; text: null; error: null; maxTextLength: -1; stateDescription: null; contentDescription: null; tooltipText: null; containerTitle: null; viewIdResName: null; uniqueId: null; checkable: false; checked: false; focusable: false; focused: false; selected: false; clickable: false; longClickable: false; contextClickable: false; enabled: true; password: false; scrollable: false; importantForAccessibility: false; visible: false; actions: [AccessibilityAction: ACTION_SELECT - null, AccessibilityAction: ACTION_CLEAR_SELECTION - null, AccessibilityAction: ACTION_ACCESSIBILITY_FOCUS - null, AccessibilityAction: ACTION_SHOW_ON_SCREEN - null]; isTextSelectable: false
06-26 04:44:18.862  6936  7137 I Maestro : Skipping invisible child: android.view.accessibility.AccessibilityNodeInfo@3bd48; boundsInParent: Rect(0, 0 - 40, 40); boundsInScreen: Rect(49, 604 - 89, 576); boundsInWindow: Rect(49, 604 - 89, 576); packageName: com.hanapkalinga.mobile; className: android.view.ViewGroup; text: null; error: null; maxTextLength: -1; stateDescription: null; contentDescription: null; tooltipText: null; containerTitle: null; viewIdResName: null; uniqueId: null; checkable: false; checked: false; focusable: false; focused: false; selected: false; clickable: false; longClickable: false; contextClickable: false; enabled: true; password: false; scrollable: false; importantForAccessibility: false; visible: false; actions: [AccessibilityAction: ACTION_SELECT - null, AccessibilityAction: ACTION_CLEAR_SELECTION - null, AccessibilityAction: ACTION_ACCESSIBILITY_FOCUS - null, AccessibilityAction: ACTION_SHOW_ON_SCREEN - null]; isTextSelectable: false
06-26 04:44:18.863  6936  7137 I Maestro : Skipping invisible child: android.view.accessibility.AccessibilityNodeInfo@3ee15; boundsInParent: Rect(0, 0 - 89, 22); boundsInScreen: Rect(101, 585 - 190, 576); boundsInWindow: Rect(101, 585 - 190, 576); packageName: com.hanapkalinga.mobile; className: android.widget.TextView; text: E2E Nurse User; error: null; maxTextLength: -1; stateDescription: null; contentDescription: null; tooltipText: null; containerTitle: null; viewIdResName: null; uniqueId: null; checkable: false; checked: false; focusable: false; focused: false; selected: false; clickable: false; longClickable: false; contextClickable: false; enabled: true; password: false; scrollable: false; importantForAccessibility: true; visible: false; actions: [AccessibilityAction: ACTION_SELECT - null, AccessibilityAction: ACTION_CLEAR_SELECTION - null, AccessibilityAction: ACTION_ACCESSIBILITY_FOCUS - null, AccessibilityAction: ACTION_NEXT_AT_MOVEMENT_GRANULARITY - null, AccessibilityAction: ACTION_PREVIOUS_AT_MOVEMENT_GRANULARITY - null, AccessibilityAction: ACTION_SET_SELECTION - null, AccessibilityAction: ACTION_SHOW_ON_SCREEN - null]; isTextSelectable: false
06-26 04:44:18.863  6936  7137 I Maestro : Skipping invisible child: android.view.accessibility.AccessibilityNodeInfo@3c109; boundsInParent: Rect(0, 0 - 20, 20); boundsInScreen: Rect(59, 614 - 79, 576); boundsInWindow: Rect(59, 614 - 79, 576); packageName: com.hanapkalinga.mobile; className: com.horcrux.svg.SvgView; text: null; error: null; maxTextLength: -1; stateDescription: null; contentDescription: null; tooltipText: null; containerTitle: null; viewIdResName: null; uniqueId: null; checkable: false; checked: false; focusable: false; focused: false; selected: false; clickable: false; longClickable: false; contextClickable: false; enabled: true; password: false; scrollable: false; importantForAccessibility: false; visible: false; actions: [AccessibilityAction: ACTION_SELECT - null, AccessibilityAction: ACTION_CLEAR_SELECTION - null, AccessibilityAction: ACTION_ACCESSIBILITY_FOCUS - null, AccessibilityAction: ACTION_SHOW_ON_SCREEN - null]; isTextSelectable: false
06-26 04:44:18.864  6936  7137 I Maestro : Skipping invisible child: android.view.accessibility.AccessibilityNodeInfo@3f1d6; boundsInParent: Rect(0, 0 - 89, 19); boundsInScreen: Rect(101, 609 - 190, 576); boundsInWindow: Rect(101, 609 - 190, 576); packageName: com.hanapkalinga.mobile; className: android.widget.TextView; text: Sat, Jun 27; error: null; maxTextLength: -1; stateDescription: null; contentDescription: null; tooltipText: null; containerTitle: null; viewIdResName: null; uniqueId: null; checkable: false; checked: false; focusable: false; focused: false; selected: false; clickable: false; longClickable: false; contextClickable: false; enabled: true; password: false; scrollable: false; importantForAccessibility: true; visible: false; actions: [AccessibilityAction: ACTION_SELECT - null, AccessibilityAction: ACTION_CLEAR_SELECTION - null, AccessibilityAction: ACTION_ACCESSIBILITY_FOCUS - null, AccessibilityAction: ACTION_NEXT_AT_MOVEMENT_GRANULARITY - null, AccessibilityAction: ACTION_PREVIOUS_AT_MOVEMENT_GRANULARITY - null, AccessibilityAction: ACTION_SET_SELECTION - null, AccessibilityAction: ACTION_SHOW_ON_SCREEN - null]; isTextSelectable: false
06-26 04:44:18.865  6936  7137 I Maestro : Skipping invisible child: android.view.accessibility.AccessibilityNodeInfo@3f597; boundsInParent: Rect(0, 0 - 89, 33); boundsInScreen: Rect(101, 630 - 190, 576); boundsInWindow: Rect(101, 630 - 190, 576); packageName: com.hanapkalinga.mobile; className: android.widget.TextView; text: Morning (6AM-2PM); error: null; maxTextLength: -1; stateDescription: null; contentDescription: null; tooltipText: null; containerTitle: null; viewIdResName: null; uniqueId: null; checkable: false; checked: false; focusable: false; focused: false; selected: false; clickable: false; longClickable: false; contextClickable: false; enabled: true; password: false; scrollable: false; importantForAccessibility: true; visible: false; actions: [AccessibilityAction: ACTION_SELECT - null, AccessibilityAction: ACTION_CLEAR_SELECTION - null, AccessibilityAction: ACTION_ACCESSIBILITY_FOCUS - null, AccessibilityAction: ACTION_NEXT_AT_MOVEMENT_GRANULARITY - null, AccessibilityAction: ACTION_PREVIOUS_AT_MOVEMENT_GRANULARITY - null, AccessibilityAction: ACTION_SET_SELECTION - null, AccessibilityAction: ACTION_SHOW_ON_SCREEN - null]; isTextSelectable: false
06-26 04:44:18.866  6936  7137 I Maestro : Skipping invisible child: android.view.accessibility.AccessibilityNodeInfo@3f958; boundsInParent: Rect(0, 0 - 69, 21); boundsInScreen: Rect(202, 614 - 271, 576); boundsInWindow: Rect(202, 614 - 271, 576); packageName: com.hanapkalinga.mobile; className: android.view.ViewGroup; text: null; error: null; maxTextLength: -1; stateDescription: null; contentDescription: null; tooltipText: null; containerTitle: null; viewIdResName: null; uniqueId: null; checkable: false; checked: false; focusable: false; focused: false; selected: false; clickable: false; longClickable: false; contextClickable: false; enabled: true; password: false; scrollable: false; importantForAccessibility: false; visible: false; actions: [AccessibilityAction: ACTION_SELECT - null, AccessibilityAction: ACTION_CLEAR_SELECTION - null, AccessibilityAction: ACTION_ACCESSIBILITY_FOCUS - null, AccessibilityAction: ACTION_SHOW_ON_SCREEN - null]; isTextSelectable: false
06-26 04:44:18.867  6936  7137 I Maestro : Skipping invisible child: android.view.accessibility.AccessibilityNodeInfo@3fd19; boundsInParent: Rect(0, 0 - 49, 17); boundsInScreen: Rect(212, 616 - 261, 576); boundsInWindow: Rect(212, 616 - 261, 576); packageName: com.hanapkalinga.mobile; className: android.widget.TextView; text: accepted; error: null; maxTextLength: -1; stateDescription: null; contentDescription: null; tooltipText: null; containerTitle: null; viewIdResName: null; uniqueId: null; checkable: false; checked: false; focusable: false; focused: false; selected: false; clickable: false; longClickable: false; contextClickable: false; enabled: true; password: false; scrollable: false; importantForAccessibility: true; visible: false; actions: [AccessibilityAction: ACTION_SELECT - null, AccessibilityAction: ACTION_CLEAR_SELECTION - null, AccessibilityAction: ACTION_ACCESSIBILITY_FOCUS - null, AccessibilityAction: ACTION_NEXT_AT_MOVEMENT_GRANULARITY - null, AccessibilityAction: ACTION_PREVIOUS_AT_MOVEMENT_GRANULARITY - null, AccessibilityAction: ACTION_SET_SELECTION - null, AccessibilityAction: ACTION_SHOW_ON_SCREEN - null]; isTextSelectable: false
06-26 04:44:18.867  6936  7137 I Maestro : Skipping invisible child: android.view.accessibility.AccessibilityNodeInfo@32720; boundsInParent: Rect(0, 0 - 288, 48); boundsInScreen: Rect(16, 700 - 304, 576); boundsInWindow: Rect(16, 700 - 304, 576); packageName: com.hanapkalinga.mobile; className: android.widget.Button; text: null; error: null; maxTextLength: -1; stateDescription: null; contentDescription: Request a booking; tooltipText: null; containerTitle: null; viewIdResName: familyDashboard_button_requestBooking; uniqueId: null; checkable: false; checked: false; focusable: true; focused: false; selected: false; clickable: true; longClickable: false; contextClickable: false; enabled: true; password: false; scrollable: false; importantForAccessibility: true; visible: false; actions: [AccessibilityAction: ACTION_FOCUS - null, AccessibilityAction: ACTION_SELECT - null, AccessibilityAction: ACTION_CLEAR_SELECTION - null, AccessibilityAction: ACTION_CLICK - null, AccessibilityAction: ACTION_ACCESSIBILITY_FOCUS - null, AccessibilityAction: ACTION_SHOW_ON_SCREEN - null]; isTextSelectable: false
06-26 04:44:18.867  6936  7137 I Maestro : Skipping invisible child: android.view.accessibility.AccessibilityNodeInfo@32ea2; boundsInParent: Rect(0, 0 - 288, 25); boundsInScreen: Rect(16, 764 - 304, 576); boundsInWindow: Rect(16, 764 - 304, 576); packageName: com.hanapkalinga.mobile; className: android.widget.TextView; text: Notifications; error: null; maxTextLength: -1; stateDescription: null; contentDescription: null; tooltipText: null; containerTitle: null; viewIdResName: null; uniqueId: null; checkable: false; checked: false; focusable: false; focused: false; selected: false; clickable: false; longClickable: false; contextClickable: false; enabled: true; password: false; scrollable: false; importantForAccessibility: true; visible: false; actions: [AccessibilityAction: ACTION_SELECT - null, AccessibilityAction: ACTION_CLEAR_SELECTION - null, AccessibilityAction: ACTION_ACCESSIBILITY_FOCUS - null, AccessibilityAction: ACTION_NEXT_AT_MOVEMENT_GRANULARITY - null, AccessibilityAction: ACTION_PREVIOUS_AT_MOVEMENT_GRANULARITY - null, AccessibilityAction: ACTION_SET_SELECTION - null, AccessibilityAction: ACTION_SHOW_ON_SCREEN - null]; isTextSelectable: false
06-26 04:44:18.867  6936  7137 I Maestro : Skipping invisible child: android.view.accessibility.AccessibilityNodeInfo@357ed; boundsInParent: Rect(0, 0 - 40, 40); boundsInScreen: Rect(140, 833 - 180, 576); boundsInWindow: Rect(140, 833 - 180, 576); packageName: com.hanapkalinga.mobile; className: com.horcrux.svg.SvgView; text: null; error: null; maxTextLength: -1; stateDescription: null; contentDescription: null; tooltipText: null; containerTitle: null; viewIdResName: null; uniqueId: null; checkable: false; checked: false; focusable: false; focused: false; selected: false; clickable: false; longClickable: false; contextClickable: false; enabled: true; password: false; scrollable: false; importantForAccessibility: false; visible: false; actions: [AccessibilityAction: ACTION_SELECT - null, AccessibilityAction: ACTION_CLEAR_SELECTION - null, AccessibilityAction: ACTION_ACCESSIBILITY_FOCUS - null, AccessibilityAction: ACTION_SHOW_ON_SCREEN - null]; isTextSelectable: false
06-26 04:44:18.868  6936  7137 I Maestro : Skipping invisible child: android.view.accessibility.AccessibilityNodeInfo@366f1; boundsInParent: Rect(0, 0 - 159, 25); boundsInScreen: Rect(80, 897 - 239, 576); boundsInWindow: Rect(80, 897 - 239, 576); packageName: com.hanapkalinga.mobile; className: android.widget.TextView; text: No notifications yet.; error: null; maxTextLength: -1; stateDescription: null; contentDescription: null; tooltipText: null; containerTitle: null; viewIdResName: null; uniqueId: null; checkable: false; checked: false; focusable: false; focused: false; selected: false; clickable: false; longClickable: false; contextClickable: false; enabled: true; password: false; scrollable: false; importantForAccessibility: true; visible: false; actions: [AccessibilityAction: ACTION_SELECT - null, AccessibilityAction: ACTION_CLEAR_SELECTION - null, AccessibilityAction: ACTION_ACCESSIBILITY_FOCUS - null, AccessibilityAction: ACTION_NEXT_AT_MOVEMENT_GRANULARITY - null, AccessibilityAction: ACTION_PREVIOUS_AT_MOVEMENT_GRANULARITY - null, AccessibilityAction: ACTION_SET_SELECTION - null, AccessibilityAction: ACTION_SHOW_ON_SCREEN - null]; isTextSelectable: false
06-26 04:44:18.871  6936  7137 I Maestro : Skipping invisible child: android.view.accessibility.AccessibilityNodeInfo@1d907; boundsInParent: Rect(0, 0 - 31, 28); boundsInScreen: Rect(11, 582 - 42, 610); boundsInWindow: Rect(11, 582 - 42, 610); packageName: com.hanapkalinga.mobile; className: android.view.ViewGroup; text: null; error: null; maxTextLength: -1; stateDescription: null; contentDescription: null; tooltipText: null; containerTitle: null; viewIdResName: null; uniqueId: null; checkable: false; checked: false; focusable: false; focused: false; selected: false; clickable: false; longClickable: false; contextClickable: false; enabled: true; password: false; scrollable: false; importantForAccessibility: false; visible: false; actions: [AccessibilityAction: ACTION_SELECT - null, AccessibilityAction: ACTION_CLEAR_SELECTION - null, AccessibilityAction: ACTION_ACCESSIBILITY_FOCUS - null, AccessibilityAction: ACTION_SHOW_ON_SCREEN - null]; isTextSelectable: false
06-26 04:44:18.873  6936  7137 I Maestro : Skipping invisible child: android.view.accessibility.AccessibilityNodeInfo@1f34e; boundsInParent: Rect(0, 0 - 31, 28); boundsInScreen: Rect(64, 582 - 95, 610); boundsInWindow: Rect(64, 582 - 95, 610); packageName: com.hanapkalinga.mobile; className: android.view.ViewGroup; text: null; error: null; maxTextLength: -1; stateDescription: null; contentDescription: null; tooltipText: null; containerTitle: null; viewIdResName: null; uniqueId: null; checkable: false; checked: false; focusable: false; focused: false; selected: false; clickable: false; longClickable: false; contextClickable: false; enabled: true; password: false; scrollable: false; importantForAccessibility: false; visible: false; actions: [AccessibilityAction: ACTION_SELECT - null, AccessibilityAction: ACTION_CLEAR_SELECTION - null, AccessibilityAction: ACTION_ACCESSIBILITY_FOCUS - null, AccessibilityAction: ACTION_SHOW_ON_SCREEN - null]; isTextSelectable: false
06-26 04:44:18.876  6936  7137 I Maestro : Skipping invisible child: android.view.accessibility.AccessibilityNodeInfo@21c99; boundsInParent: Rect(0, 0 - 31, 28); boundsInScreen: Rect(118, 582 - 149, 610); boundsInWindow: Rect(118, 582 - 149, 610); packageName: com.hanapkalinga.mobile; className: android.view.ViewGroup; text: null; error: null; maxTextLength: -1; stateDescription: null; contentDescription: null; tooltipText: null; containerTitle: null; viewIdResName: null; uniqueId: null; checkable: false; checked: false; focusable: false; focused: false; selected: false; clickable: false; longClickable: false; contextClickable: false; enabled: true; password: false; scrollable: false; importantForAccessibility: false; visible: false; actions: [AccessibilityAction: ACTION_SELECT - null, AccessibilityAction: ACTION_CLEAR_SELECTION - null, AccessibilityAction: ACTION_ACCESSIBILITY_FOCUS - null, AccessibilityAction: ACTION_SHOW_ON_SCREEN - null]; isTextSelectable: false
06-26 04:44:18.877  6936  7137 I Maestro : Skipping invisible child: android.view.accessibility.AccessibilityNodeInfo@249a5; boundsInParent: Rect(0, 0 - 3, 1); boundsInScreen: Rect(130, 593 - 132, 593); boundsInWindow: Rect(130, 593 - 132, 593); packageName: com.hanapkalinga.mobile; className: com.horcrux.svg.PathView; text: null; error: null; maxTextLength: -1; stateDescription: null; contentDescription: null; tooltipText: null; containerTitle: null; viewIdResName: null; uniqueId: null; checkable: false; checked: false; focusable: false; focused: false; selected: false; clickable: false; longClickable: false; contextClickable: false; enabled: true; password: false; scrollable: false; importantForAccessibility: false; visible: false; actions: [AccessibilityAction: ACTION_SELECT - null, AccessibilityAction: ACTION_CLEAR_SELECTION - null, AccessibilityAction: ACTION_ACCESSIBILITY_FOCUS - null, AccessibilityAction: ACTION_SHOW_ON_SCREEN - null]; isTextSelectable: false
06-26 04:44:18.877  6936  7137 I Maestro : Skipping invisible child: android.view.accessibility.AccessibilityNodeInfo@24d66; boundsInParent: Rect(0, 0 - 8, 1); boundsInScreen: Rect(130, 596 - 138, 596); boundsInWindow: Rect(130, 596 - 138, 596); packageName: com.hanapkalinga.mobile; className: com.horcrux.svg.PathView; text: null; error: null; maxTextLength: -1; stateDescription: null; contentDescription: null; tooltipText: null; containerTitle: null; viewIdResName: null; uniqueId: null; checkable: false; checked: false; focusable: false; focused: false; selected: false; clickable: false; longClickable: false; contextClickable: false; enabled: true; password: false; scrollable: false; importantForAccessibility: false; visible: false; actions: [AccessibilityAction: ACTION_SELECT - null, AccessibilityAction: ACTION_CLEAR_SELECTION - null, AccessibilityAction: ACTION_ACCESSIBILITY_FOCUS - null, AccessibilityAction: ACTION_SHOW_ON_SCREEN - null]; isTextSelectable: false
06-26 04:44:18.877  6936  7137 I Maestro : Skipping invisible child: android.view.accessibility.AccessibilityNodeInfo@25127; boundsInParent: Rect(0, 0 - 8, 1); boundsInScreen: Rect(130, 600 - 138, 600); boundsInWindow: Rect(130, 600 - 138, 600); packageName: com.hanapkalinga.mobile; className: com.horcrux.svg.PathView; text: null; error: null; maxTextLength: -1; stateDescription: null; contentDescription: null; tooltipText: null; containerTitle: null; viewIdResName: null; uniqueId: null; checkable: false; checked: false; focusable: false; focused: false; selected: false; clickable: false; longClickable: false; contextClickable: false; enabled: true; password: false; scrollable: false; importantForAccessibility: false; visible: false; actions: [AccessibilityAction: ACTION_SELECT - null, AccessibilityAction: ACTION_CLEAR_SELECTION - null, AccessibilityAction: ACTION_ACCESSIBILITY_FOCUS - null, AccessibilityAction: ACTION_SHOW_ON_SCREEN - null]; isTextSelectable: false
06-26 04:44:18.880  6936  7137 I Maestro : Skipping invisible child: android.view.accessibility.AccessibilityNodeInfo@25c6a; boundsInParent: Rect(0, 0 - 31, 28); boundsInScreen: Rect(171, 582 - 202, 610); boundsInWindow: Rect(171, 582 - 202, 610); packageName: com.hanapkalinga.mobile; className: android.view.ViewGroup; text: null; error: null; maxTextLength: -1; stateDescription: null; contentDescription: null; tooltipText: null; containerTitle: null; viewIdResName: null; uniqueId: null; checkable: false; checked: false; focusable: false; focused: false; selected: false; clickable: false; longClickable: false; contextClickable: false; enabled: true; password: false; scrollable: false; importantForAccessibility: false; visible: false; actions: [AccessibilityAction: ACTION_SELECT - null, AccessibilityAction: ACTION_CLEAR_SELECTION - null, AccessibilityAction: ACTION_ACCESSIBILITY_FOCUS - null, AccessibilityAction: ACTION_SHOW_ON_SCREEN - null]; isTextSelectable: false
06-26 04:44:18.881  6936  7137 I Maestro : Skipping invisible child: android.view.accessibility.AccessibilityNodeInfo@27e33; boundsInParent: Rect(0, 0 - 1, 5); boundsInScreen: Rect(183, 586 - 183, 590); boundsInWindow: Rect(183, 586 - 183, 590); packageName: com.hanapkalinga.mobile; className: com.horcrux.svg.PathView; text: null; error: null; maxTextLength: -1; stateDescription: null; contentDescription: null; tooltipText: null; containerTitle: null; viewIdResName: null; uniqueId: null; checkable: false; checked: false; focusable: false; focused: false; selected: false; clickable: false; longClickable: false; contextClickable: false; enabled: true; password: false; scrollable: false; importantForAccessibility: false; visible: false; actions: [AccessibilityAction: ACTION_SELECT - null, AccessibilityAction: ACTION_CLEAR_SELECTION - null, AccessibilityAction: ACTION_ACCESSIBILITY_FOCUS - null, AccessibilityAction: ACTION_SHOW_ON_SCREEN - null]; isTextSelectable: false
06-26 04:44:18.881  6936  7137 I Maestro : Skipping invisible child: android.view.accessibility.AccessibilityNodeInfo@281f4; boundsInParent: Rect(0, 0 - 1, 5); boundsInScreen: Rect(190, 586 - 190, 590); boundsInWindow: Rect(190, 586 - 190, 590); packageName: com.hanapkalinga.mobile; className: com.horcrux.svg.PathView; text: null; error: null; maxTextLength: -1; stateDescription: null; contentDescription: null; tooltipText: null; containerTitle: null; viewIdResName: null; uniqueId: null; checkable: false; checked: false; focusable: false; focused: false; selected: false; clickable: false; longClickable: false; contextClickable: false; enabled: true; password: false; scrollable: false; importantForAccessibility: false; visible: false; actions: [AccessibilityAction: ACTION_SELECT - null, AccessibilityAction: ACTION_CLEAR_SELECTION - null, AccessibilityAction: ACTION_ACCESSIBILITY_FOCUS - null, AccessibilityAction: ACTION_SHOW_ON_SCREEN - null]; isTextSelectable: false
06-26 04:44:18.881  6936  7137 I Maestro : Skipping invisible child: android.view.accessibility.AccessibilityNodeInfo@28976; boundsInParent: Rect(0, 0 - 18, 1); boundsInScreen: Rect(178, 594 - 195, 594); boundsInWindow: Rect(178, 594 - 195, 594); packageName: com.hanapkalinga.mobile; className: com.horcrux.svg.PathView; text: null; error: null; maxTextLength: -1; stateDescription: null; contentDescription: null; tooltipText: null; containerTitle: null; viewIdResName: null; uniqueId: null; checkable: false; checked: false; focusable: false; focused: false; selected: false; clickable: false; longClickable: false; contextClickable: false; enabled: true; password: false; scrollable: false; importantForAccessibility: false; visible: false; actions: [AccessibilityAction: ACTION_SELECT - null, AccessibilityAction: ACTION_CLEAR_SELECTION - null, AccessibilityAction: ACTION_ACCESSIBILITY_FOCUS - null, AccessibilityAction: ACTION_SHOW_ON_SCREEN - null]; isTextSelectable: false
06-26 04:44:18.883  6936  7137 I Maestro : Skipping invisible child: android.view.accessibility.AccessibilityNodeInfo@294b9; boundsInParent: Rect(0, 0 - 31, 28); boundsInScreen: Rect(224, 582 - 255, 610); boundsInWindow: Rect(224, 582 - 255, 610); packageName: com.hanapkalinga.mobile; className: android.view.ViewGroup; text: null; error: null; maxTextLength: -1; stateDescription: null; contentDescription: null; tooltipText: null; containerTitle: null; viewIdResName: null; uniqueId: null; checkable: false; checked: false; focusable: false; focused: false; selected: false; clickable: false; longClickable: false; contextClickable: false; enabled: true; password: false; scrollable: false; importantForAccessibility: false; visible: false; actions: [AccessibilityAction: ACTION_SELECT - null, AccessibilityAction: ACTION_CLEAR_SELECTION - null, AccessibilityAction: ACTION_ACCESSIBILITY_FOCUS - null, AccessibilityAction: ACTION_SHOW_ON_SCREEN - null]; isTextSelectable: false
06-26 04:44:18.886  6936  7137 I Maestro : Skipping invisible child: android.view.accessibility.AccessibilityNodeInfo@2b682; boundsInParent: Rect(0, 0 - 31, 28); boundsInScreen: Rect(278, 582 - 309, 610); boundsInWindow: Rect(278, 582 - 309, 610); packageName: com.hanapkalinga.mobile; className: android.view.ViewGroup; text: null; error: null; maxTextLength: -1; stateDescription: null; contentDescription: null; tooltipText: null; containerTitle: null; viewIdResName: null; uniqueId: null; checkable: false; checked: false; focusable: false; focused: false; selected: false; clickable: false; longClickable: false; contextClickable: false; enabled: true; password: false; scrollable: false; importantForAccessibility: false; visible: false; actions: [AccessibilityAction: ACTION_SELECT - null, AccessibilityAction: ACTION_CLEAR_SELECTION - null, AccessibilityAction: ACTION_ACCESSIBILITY_FOCUS - null, AccessibilityAction: ACTION_SHOW_ON_SCREEN - null]; isTextSelectable: false
06-26 04:44:18.896  6936  7137 D Maestro : View hierarchy received in 54 ms
06-26 04:44:19.000  1099  1099 D TaplEvents: TIS / TouchInteractionService.onInputEvent: MotionEvent { action=ACTION_DOWN, actionButton=0, id[0]=0, x[0]=79.0, y[0]=617.0, toolType[0]=TOOL_TYPE_FINGER, buttonState=0, classification=NONE, metaState=0, flags=0x0, edgeFlags=0x0, pointerCount=1, historySize=0, eventTime=252589, downTime=252589, deviceId=-1, source=0x1002, displayId=0, eventId=-473324363 }
06-26 04:44:19.002   522  1834 D CompatibilityChangeReporter: Compat change id reported: 197654537; UID 10192; state: ENABLED
06-26 04:44:19.002  1099  1099 E PagedView: validateNewPage: failed to find a page > mMinScrollX
06-26 04:44:19.002  1099  1099 E PagedView: validateNewPage: failed to find a page > mMinScrollX
06-26 04:44:19.003   835   881 V ShellRecents: RecentsTransitionHandler.startRecentsTransition
06-26 04:44:19.003   835   881 V WindowManagerShell: Directly starting a new transition type=3 wct=WindowContainerTransaction { changes = {} hops = [{PendingIntent: options=Bundle[mParcelledData.dataSize=332]}] errorCallbackToken=null taskFragmentOrganizer=null } handler=com.android.wm.shell.recents.RecentsTransitionHandler@3ea0048
06-26 04:44:19.006   835   881 V ShellRecents: [105321325] RecentsController.setTransition: id=android.os.BinderProxy@77caba2
06-26 04:44:19.015   400   400 I BpBinder: onLastStrongRef automatically unlinking death recipients: 
06-26 04:44:19.018  1099  1099 D TaplTarget: sendStateEventToTest: 6
06-26 04:44:19.019  1099  1130 I ImeTracker: com.google.android.apps.nexuslauncher:53ca1a3d: onRequestHide at ORIGIN_CLIENT_HIDE_SOFT_INPUT reason HIDE_SOFT_INPUT
06-26 04:44:19.019  1099  1130 I ImeTracker: com.google.android.apps.nexuslauncher:53ca1a3d: onFailed at PHASE_CLIENT_VIEW_SERVED
06-26 04:44:19.049   835   881 V WindowManagerShell: onTransitionReady android.os.BinderProxy@77caba2: {id=19 t=TO_FRONT f=0x80 trk=0 r=[0@Point(0, 0)] c=[{WCT{android.window.IWindowContainerToken$Stub$Proxy@d870c8f} m=TO_FRONT f=SHOW_WALLPAPER|MOVE_TO_TOP leash=Surface(name=Task=1)/@0xdaca033 sb=Rect(0, 0 - 320, 640) eb=Rect(0, 0 - 320, 640) d=0},{WCT{android.window.IWindowContainerToken$Stub$Proxy@dee1b1c} m=TO_BACK f=NONE leash=Surface(name=Task=13)/@0x5c1eff0 sb=Rect(0, 0 - 320, 640) eb=Rect(0, 0 - 320, 640) d=0},{null m=TO_FRONT f=IS_WALLPAPER leash=Surface(name=WallpaperWindowToken{10f4362 token=android.os.Binder@82a322d})/@0xe4e7969 sb=Rect(0, 0 - 320, 640) eb=Rect(0, 0 - 320, 640) d=0}]}
06-26 04:44:19.049   835   881 V WindowManagerShell: Playing animation for (#19)android.os.BinderProxy@77caba2@0
06-26 04:44:19.049   835   881 V WindowManagerShell:  try firstHandler com.android.wm.shell.recents.RecentsTransitionHandler@3ea0048
06-26 04:44:19.049   835   881 V ShellRecents: [105321325] RecentsController.start
06-26 04:44:19.050   835   881 V ShellRecents:   adding pausing leaf taskId=13 at layer=8
06-26 04:44:19.051   835   881 V ShellRecents: [105321325] RecentsController.start: calling onAnimationStart
06-26 04:44:19.052   522   542 V WindowManager: Sent Transition #19 createdAt=06-26 04:44:19.004
06-26 04:44:19.052   522   542 V WindowManager:     startWCT=WindowContainerTransaction { changes = {} hops = [{PendingIntent: options=Bundle[{android.activity.splashScreenStyle=-1, android.activity.sourceInfo=android.app.ActivityOptions$SourceInfo@ccfaca1, android.activity.transientLaunch=true}]}] errorCallbackToken=null taskFragmentOrganizer=null }
06-26 04:44:19.052   522   542 V WindowManager:     info={id=19 t=TO_FRONT f=0x80 trk=0 r=[0@Point(0, 0)] c=[{WCT{RemoteToken{55d6e17 Task{475459b #1 type=home}}} m=TO_FRONT f=SHOW_WALLPAPER|MOVE_TO_TOP leash=Surface(name=Task=1)/@0xadabfbc sb=Rect(0, 0 - 320, 640) eb=Rect(0, 0 - 320, 640) d=0},{WCT{RemoteToken{af85c84 Task{d7462c1 #13 type=standard A=10192:com.hanapkalinga.mobile}}} m=TO_BACK f=NONE leash=Surface(name=Task=13)/@0xccb6ad8 sb=Rect(0, 0 - 320, 640) eb=Rect(0, 0 - 320, 640) d=0},{null m=TO_FRONT f=IS_WALLPAPER leash=Surface(name=WallpaperWindowToken{10f4362 token=android.os.Binder@82a322d})/@0x221e540 sb=Rect(0, 0 - 320, 640) eb=Rect(0, 0 - 320, 640) d=0}]}
06-26 04:44:19.054   835   881 V WindowManagerShell:  animated by firstHandler
06-26 04:44:19.055  1099  1099 D RemoteTargetGluer: appCount: 1 handleLength: 2
06-26 04:44:19.055  1099  1099 D RemoteTargetGluer: resizing handles
06-26 04:44:19.055  1099  1099 D RemoteTargetGluer: containsSplitTargets? false handleLength: 1 appsLength: 1
06-26 04:44:19.056   522   545 D OomAdjuster: Not killing cached processes
06-26 04:44:19.057   335   367 I netd    : setProcSysNet(4, 2, wlan0, retrans_time_ms, 750) <0.04ms>
06-26 04:44:19.057  1099  1099 D RemoteTargetGluer: appCount: 1 handleLength: 2
06-26 04:44:19.057  1099  1099 D RemoteTargetGluer: resizing handles
06-26 04:44:19.057  1099  1099 D RemoteTargetGluer: containsSplitTargets? false handleLength: 1 appsLength: 1
06-26 04:44:19.057   335   367 I netd    : setProcSysNet(4, 2, wlan0, ucast_solicit, 10) <0.02ms>
06-26 04:44:19.057   335   367 I netd    : setProcSysNet(6, 2, wlan0, retrans_time_ms, 750) <0.02ms>
06-26 04:44:19.057   335   367 I netd    : setProcSysNet(6, 2, wlan0, ucast_solicit, 10) <0.01ms>
06-26 04:44:19.102  1099  1099 D TaplEvents: TIS / TouchInteractionService.onInputEvent: MotionEvent { action=ACTION_UP, actionButton=0, id[0]=0, x[0]=79.0, y[0]=617.0, toolType[0]=TOOL_TYPE_FINGER, buttonState=0, classification=NONE, metaState=0, flags=0x0, edgeFlags=0x0, pointerCount=1, historySize=0, eventTime=252706, downTime=252589, deviceId=-1, source=0x1002, displayId=0, eventId=-286777125 }
06-26 04:44:19.120  1099  1099 D TaplTarget: sendStateEventToTest: 0
06-26 04:44:19.135  1099  1130 I ImeTracker: com.google.android.apps.nexuslauncher:fedc067c: onRequestHide at ORIGIN_CLIENT_HIDE_SOFT_INPUT reason HIDE_SOFT_INPUT
06-26 04:44:19.135  1099  1130 I ImeTracker: com.google.android.apps.nexuslauncher:fedc067c: onFailed at PHASE_CLIENT_VIEW_SERVED
06-26 04:44:19.143   835   881 V ShellRecents: [105321325] RecentsController.finishInner: toHome=false userLeave=false willFinishToHome=false state=0
06-26 04:44:19.143   835   881 V ShellRecents:   returning to app
06-26 04:44:19.143   835   881 V ShellRecents: [105321325] RecentsController.cleanup
06-26 04:44:19.143   835   881 V WindowManagerShell: Transition animation finished (aborted=false), notifying core (#19)android.os.BinderProxy@77caba2@0
06-26 04:44:19.145   522   542 V WindowManager: Finish Transition #19: created at 06-26 04:44:19.004 collect-started=0.044ms started=0.076ms ready=1.52ms sent=43.67ms finished=141.248ms
06-26 04:44:19.146   835   881 V WindowManagerShell: Track 0 became idle
06-26 04:44:19.146   835   881 V WindowManagerShell: All active transition animations finished
06-26 04:44:19.148   522  1625 W AppSearchIcing: icing-search-engine.cc:283: Error: 5, Message: Document (com.google.android.googlequicksearchbox$OneSearchZeroStateGoogleSuggestions/default, zp) not found.
06-26 04:44:19.160  1099  2171 D OneSearchSuggestProvider: Created the binder channel successfully for end point service =com.google.android.apps.search.googleapp.search.suggest.plugins.onesearch.server.OneSearchSuggestService , mChannel=z1{delegate=s1{logId=33, target=directaddress:///AndroidComponentAddress%5BIntent%20%7B%20act=grpc.io.action.BIND%20cmp=com.google.android.googlequicksearchbox/com.google.android.apps.search.googleapp.search.suggest.plugins.onesearch.server.OneSearchSuggestService%20%7D%5D}} , mOneSearchConnection=X1.T@1288c19
06-26 04:44:19.172   335   367 I netd    : tetherGetStats() -> {[]} <0.31ms>
06-26 04:44:19.174   522  1834 W ProcessStats: Tracking association SourceState{c08f520 com.google.android.googlequicksearchbox:search/10132 BTop #12964} whose proc state 2 is better than process ProcessState{76dd3a0 com.google.android.gms.persistent/10131 pkg=com.google.android.gms} proc state 4 (44 skipped)
06-26 04:44:19.181  4144  4200 D BtGatt.ScanManager: uid 10131 isForeground true scanMode -1
06-26 04:44:19.181  4144  4200 D BtGatt.ScanManager: uid 10131 isForeground true scanMode -1
06-26 04:44:19.184  1883  1883 I A       : onApplyWindowInsets: systemWindowInsets=Insets{left=0, top=24, right=0, bottom=0}
06-26 04:44:19.184  1883  1883 I A       : onApplyWindowInsets: systemWindowInsets=Insets{left=0, top=24, right=0, bottom=0}
06-26 04:44:19.195  7075  7094 D EGL_emulation: app_time_stats: avg=42.17ms min=12.17ms max=490.70ms count=35
06-26 04:44:19.205   335   367 I netd    : bandwidthSetGlobalAlert(2097152) <0.12ms>
06-26 04:44:19.206  1596  1899 I AiAiEcho: Predicting[0]: 
06-26 04:44:19.206  1596  1899 I AiAiEcho: EchoTargets: 
06-26 04:44:19.206  1596  1899 I AiAiEcho: Filtered by AiAi flag check: 
06-26 04:44:19.206  1596  1899 I AiAiEcho: Ranked targets strategy: SORT, count: 0, ranking metadata: 
06-26 04:44:19.206  1596  1899 I AiAiEcho: #postPredictionTargets: Sending updates to UISurface home with targets# 0 (types=[])
06-26 04:44:19.208  1883  1883 I A       : Created gRPC endpoint to "search" for service class com.google.android.apps.search.googleapp.search.suggest.plugins.onesearch.server.OneSearchSuggestService
06-26 04:44:19.213  1883  2456 I A       : Using proto config with mendel
06-26 04:44:19.214   396   396 D audioserver: FGS Logger Transaction failed
06-26 04:44:19.214   396   396 D audioserver: -129
06-26 04:44:19.226  1883  2456 I A       : Using proto config with mendel
06-26 04:44:19.227   396   501 D AudioFlinger: mixer(0x77c05a6cc930) throttle end: throttle time(36)
06-26 04:44:19.229  1883  2330 W CorpusConfigHelper: Invalid input from icing corpus JSON flag.
06-26 04:44:19.229  1883  2330 W CorpusConfigHelper: android.util.MalformedJsonException: Use JsonReader.setLenient(true) to accept malformed JSON at line 123 column 2
06-26 04:44:19.229  1883  2330 W CorpusConfigHelper: 	at android.util.JsonReader.syntaxError(JsonReader.java:1162)
06-26 04:44:19.229  1883  2330 W CorpusConfigHelper: 	at android.util.JsonReader.checkLenient(JsonReader.java:840)
06-26 04:44:19.229  1883  2330 W CorpusConfigHelper: 	at android.util.JsonReader.nextInArray(JsonReader.java:615)
06-26 04:44:19.229  1883  2330 W CorpusConfigHelper: 	at android.util.JsonReader.peek(JsonReader.java:345)
06-26 04:44:19.229  1883  2330 W CorpusConfigHelper: 	at android.util.JsonReader.hasNext(JsonReader.java:321)
06-26 04:44:19.229  1883  2330 W CorpusConfigHelper: 	at com.google.android.apps.gsa.searchbox.c.b.b.k.c(PG:7)
06-26 04:44:19.229  1883  2330 W CorpusConfigHelper: 	at com.google.android.apps.gsa.searchbox.c.b.b.k.<init>(PG:5)
