06-26 04:45:21.539  7413  7483 I Maestro : Skipping invisible child: android.view.accessibility.AccessibilityNodeInfo@39b91; boundsInParent: Rect(0, 0 - 1, 0); boundsInScreen: Rect(65, 509 - 66, 509); boundsInWindow: Rect(65, 509 - 66, 509); packageName: com.hanapkalinga.mobile; className: com.horcrux.svg.PathView; text: null; error: null; maxTextLength: -1; stateDescription: null; contentDescription: null; tooltipText: null; containerTitle: null; viewIdResName: null; uniqueId: null; checkable: false; checked: false; focusable: false; focused: false; selected: false; clickable: false; longClickable: false; contextClickable: false; enabled: true; password: false; scrollable: false; importantForAccessibility: false; visible: false; actions: [AccessibilityAction: ACTION_SELECT - null, AccessibilityAction: ACTION_CLEAR_SELECTION - null, AccessibilityAction: ACTION_ACCESSIBILITY_FOCUS - null, AccessibilityAction: ACTION_SHOW_ON_SCREEN - null]; isTextSelectable: false
06-26 04:45:21.542  7413  7483 I Maestro : Skipping invisible child: android.view.accessibility.AccessibilityNodeInfo@3bd5a; boundsInParent: Rect(0, 0 - 40, 40); boundsInScreen: Rect(49, 604 - 89, 576); boundsInWindow: Rect(49, 604 - 89, 576); packageName: com.hanapkalinga.mobile; className: android.view.ViewGroup; text: null; error: null; maxTextLength: -1; stateDescription: null; contentDescription: null; tooltipText: null; containerTitle: null; viewIdResName: null; uniqueId: null; checkable: false; checked: false; focusable: false; focused: false; selected: false; clickable: false; longClickable: false; contextClickable: false; enabled: true; password: false; scrollable: false; importantForAccessibility: false; visible: false; actions: [AccessibilityAction: ACTION_SELECT - null, AccessibilityAction: ACTION_CLEAR_SELECTION - null, AccessibilityAction: ACTION_ACCESSIBILITY_FOCUS - null, AccessibilityAction: ACTION_SHOW_ON_SCREEN - null]; isTextSelectable: false
06-26 04:45:21.543  7413  7483 I Maestro : Skipping invisible child: android.view.accessibility.AccessibilityNodeInfo@3ee27; boundsInParent: Rect(0, 0 - 89, 22); boundsInScreen: Rect(101, 585 - 190, 576); boundsInWindow: Rect(101, 585 - 190, 576); packageName: com.hanapkalinga.mobile; className: android.widget.TextView; text: E2E Nurse User; error: null; maxTextLength: -1; stateDescription: null; contentDescription: null; tooltipText: null; containerTitle: null; viewIdResName: null; uniqueId: null; checkable: false; checked: false; focusable: false; focused: false; selected: false; clickable: false; longClickable: false; contextClickable: false; enabled: true; password: false; scrollable: false; importantForAccessibility: true; visible: false; actions: [AccessibilityAction: ACTION_SELECT - null, AccessibilityAction: ACTION_CLEAR_SELECTION - null, AccessibilityAction: ACTION_ACCESSIBILITY_FOCUS - null, AccessibilityAction: ACTION_NEXT_AT_MOVEMENT_GRANULARITY - null, AccessibilityAction: ACTION_PREVIOUS_AT_MOVEMENT_GRANULARITY - null, AccessibilityAction: ACTION_SET_SELECTION - null, AccessibilityAction: ACTION_SHOW_ON_SCREEN - null]; isTextSelectable: false
06-26 04:45:21.544  7413  7483 I Maestro : Skipping invisible child: android.view.accessibility.AccessibilityNodeInfo@3c11b; boundsInParent: Rect(0, 0 - 20, 20); boundsInScreen: Rect(59, 614 - 79, 576); boundsInWindow: Rect(59, 614 - 79, 576); packageName: com.hanapkalinga.mobile; className: com.horcrux.svg.SvgView; text: null; error: null; maxTextLength: -1; stateDescription: null; contentDescription: null; tooltipText: null; containerTitle: null; viewIdResName: null; uniqueId: null; checkable: false; checked: false; focusable: false; focused: false; selected: false; clickable: false; longClickable: false; contextClickable: false; enabled: true; password: false; scrollable: false; importantForAccessibility: false; visible: false; actions: [AccessibilityAction: ACTION_SELECT - null, AccessibilityAction: ACTION_CLEAR_SELECTION - null, AccessibilityAction: ACTION_ACCESSIBILITY_FOCUS - null, AccessibilityAction: ACTION_SHOW_ON_SCREEN - null]; isTextSelectable: false
06-26 04:45:21.545  7413  7483 I Maestro : Skipping invisible child: android.view.accessibility.AccessibilityNodeInfo@3f1e8; boundsInParent: Rect(0, 0 - 89, 19); boundsInScreen: Rect(101, 609 - 190, 576); boundsInWindow: Rect(101, 609 - 190, 576); packageName: com.hanapkalinga.mobile; className: android.widget.TextView; text: Sat, Jun 27; error: null; maxTextLength: -1; stateDescription: null; contentDescription: null; tooltipText: null; containerTitle: null; viewIdResName: null; uniqueId: null; checkable: false; checked: false; focusable: false; focused: false; selected: false; clickable: false; longClickable: false; contextClickable: false; enabled: true; password: false; scrollable: false; importantForAccessibility: true; visible: false; actions: [AccessibilityAction: ACTION_SELECT - null, AccessibilityAction: ACTION_CLEAR_SELECTION - null, AccessibilityAction: ACTION_ACCESSIBILITY_FOCUS - null, AccessibilityAction: ACTION_NEXT_AT_MOVEMENT_GRANULARITY - null, AccessibilityAction: ACTION_PREVIOUS_AT_MOVEMENT_GRANULARITY - null, AccessibilityAction: ACTION_SET_SELECTION - null, AccessibilityAction: ACTION_SHOW_ON_SCREEN - null]; isTextSelectable: false
06-26 04:45:21.545  7413  7483 I Maestro : Skipping invisible child: android.view.accessibility.AccessibilityNodeInfo@3f5a9; boundsInParent: Rect(0, 0 - 89, 33); boundsInScreen: Rect(101, 630 - 190, 576); boundsInWindow: Rect(101, 630 - 190, 576); packageName: com.hanapkalinga.mobile; className: android.widget.TextView; text: Morning (6AM-2PM); error: null; maxTextLength: -1; stateDescription: null; contentDescription: null; tooltipText: null; containerTitle: null; viewIdResName: null; uniqueId: null; checkable: false; checked: false; focusable: false; focused: false; selected: false; clickable: false; longClickable: false; contextClickable: false; enabled: true; password: false; scrollable: false; importantForAccessibility: true; visible: false; actions: [AccessibilityAction: ACTION_SELECT - null, AccessibilityAction: ACTION_CLEAR_SELECTION - null, AccessibilityAction: ACTION_ACCESSIBILITY_FOCUS - null, AccessibilityAction: ACTION_NEXT_AT_MOVEMENT_GRANULARITY - null, AccessibilityAction: ACTION_PREVIOUS_AT_MOVEMENT_GRANULARITY - null, AccessibilityAction: ACTION_SET_SELECTION - null, AccessibilityAction: ACTION_SHOW_ON_SCREEN - null]; isTextSelectable: false
06-26 04:45:21.546  7413  7483 I Maestro : Skipping invisible child: android.view.accessibility.AccessibilityNodeInfo@3f96a; boundsInParent: Rect(0, 0 - 69, 21); boundsInScreen: Rect(202, 614 - 271, 576); boundsInWindow: Rect(202, 614 - 271, 576); packageName: com.hanapkalinga.mobile; className: android.view.ViewGroup; text: null; error: null; maxTextLength: -1; stateDescription: null; contentDescription: null; tooltipText: null; containerTitle: null; viewIdResName: null; uniqueId: null; checkable: false; checked: false; focusable: false; focused: false; selected: false; clickable: false; longClickable: false; contextClickable: false; enabled: true; password: false; scrollable: false; importantForAccessibility: false; visible: false; actions: [AccessibilityAction: ACTION_SELECT - null, AccessibilityAction: ACTION_CLEAR_SELECTION - null, AccessibilityAction: ACTION_ACCESSIBILITY_FOCUS - null, AccessibilityAction: ACTION_SHOW_ON_SCREEN - null]; isTextSelectable: false
06-26 04:45:21.547  7413  7483 I Maestro : Skipping invisible child: android.view.accessibility.AccessibilityNodeInfo@3fd2b; boundsInParent: Rect(0, 0 - 49, 17); boundsInScreen: Rect(212, 616 - 261, 576); boundsInWindow: Rect(212, 616 - 261, 576); packageName: com.hanapkalinga.mobile; className: android.widget.TextView; text: accepted; error: null; maxTextLength: -1; stateDescription: null; contentDescription: null; tooltipText: null; containerTitle: null; viewIdResName: null; uniqueId: null; checkable: false; checked: false; focusable: false; focused: false; selected: false; clickable: false; longClickable: false; contextClickable: false; enabled: true; password: false; scrollable: false; importantForAccessibility: true; visible: false; actions: [AccessibilityAction: ACTION_SELECT - null, AccessibilityAction: ACTION_CLEAR_SELECTION - null, AccessibilityAction: ACTION_ACCESSIBILITY_FOCUS - null, AccessibilityAction: ACTION_NEXT_AT_MOVEMENT_GRANULARITY - null, AccessibilityAction: ACTION_PREVIOUS_AT_MOVEMENT_GRANULARITY - null, AccessibilityAction: ACTION_SET_SELECTION - null, AccessibilityAction: ACTION_SHOW_ON_SCREEN - null]; isTextSelectable: false
06-26 04:45:21.547  7413  7483 I Maestro : Skipping invisible child: android.view.accessibility.AccessibilityNodeInfo@32732; boundsInParent: Rect(0, 0 - 288, 48); boundsInScreen: Rect(16, 700 - 304, 576); boundsInWindow: Rect(16, 700 - 304, 576); packageName: com.hanapkalinga.mobile; className: android.widget.Button; text: null; error: null; maxTextLength: -1; stateDescription: null; contentDescription: Request a booking; tooltipText: null; containerTitle: null; viewIdResName: familyDashboard_button_requestBooking; uniqueId: null; checkable: false; checked: false; focusable: true; focused: false; selected: false; clickable: true; longClickable: false; contextClickable: false; enabled: true; password: false; scrollable: false; importantForAccessibility: true; visible: false; actions: [AccessibilityAction: ACTION_FOCUS - null, AccessibilityAction: ACTION_SELECT - null, AccessibilityAction: ACTION_CLEAR_SELECTION - null, AccessibilityAction: ACTION_CLICK - null, AccessibilityAction: ACTION_ACCESSIBILITY_FOCUS - null, AccessibilityAction: ACTION_SHOW_ON_SCREEN - null]; isTextSelectable: false
06-26 04:45:21.548  7413  7483 I Maestro : Skipping invisible child: android.view.accessibility.AccessibilityNodeInfo@32eb4; boundsInParent: Rect(0, 0 - 288, 25); boundsInScreen: Rect(16, 764 - 304, 576); boundsInWindow: Rect(16, 764 - 304, 576); packageName: com.hanapkalinga.mobile; className: android.widget.TextView; text: Notifications; error: null; maxTextLength: -1; stateDescription: null; contentDescription: null; tooltipText: null; containerTitle: null; viewIdResName: null; uniqueId: null; checkable: false; checked: false; focusable: false; focused: false; selected: false; clickable: false; longClickable: false; contextClickable: false; enabled: true; password: false; scrollable: false; importantForAccessibility: true; visible: false; actions: [AccessibilityAction: ACTION_SELECT - null, AccessibilityAction: ACTION_CLEAR_SELECTION - null, AccessibilityAction: ACTION_ACCESSIBILITY_FOCUS - null, AccessibilityAction: ACTION_NEXT_AT_MOVEMENT_GRANULARITY - null, AccessibilityAction: ACTION_PREVIOUS_AT_MOVEMENT_GRANULARITY - null, AccessibilityAction: ACTION_SET_SELECTION - null, AccessibilityAction: ACTION_SHOW_ON_SCREEN - null]; isTextSelectable: false
06-26 04:45:21.548  7413  7483 I Maestro : Skipping invisible child: android.view.accessibility.AccessibilityNodeInfo@357ff; boundsInParent: Rect(0, 0 - 40, 40); boundsInScreen: Rect(140, 833 - 180, 576); boundsInWindow: Rect(140, 833 - 180, 576); packageName: com.hanapkalinga.mobile; className: com.horcrux.svg.SvgView; text: null; error: null; maxTextLength: -1; stateDescription: null; contentDescription: null; tooltipText: null; containerTitle: null; viewIdResName: null; uniqueId: null; checkable: false; checked: false; focusable: false; focused: false; selected: false; clickable: false; longClickable: false; contextClickable: false; enabled: true; password: false; scrollable: false; importantForAccessibility: false; visible: false; actions: [AccessibilityAction: ACTION_SELECT - null, AccessibilityAction: ACTION_CLEAR_SELECTION - null, AccessibilityAction: ACTION_ACCESSIBILITY_FOCUS - null, AccessibilityAction: ACTION_SHOW_ON_SCREEN - null]; isTextSelectable: false
06-26 04:45:21.548  7413  7483 I Maestro : Skipping invisible child: android.view.accessibility.AccessibilityNodeInfo@36703; boundsInParent: Rect(0, 0 - 159, 25); boundsInScreen: Rect(80, 897 - 239, 576); boundsInWindow: Rect(80, 897 - 239, 576); packageName: com.hanapkalinga.mobile; className: android.widget.TextView; text: No notifications yet.; error: null; maxTextLength: -1; stateDescription: null; contentDescription: null; tooltipText: null; containerTitle: null; viewIdResName: null; uniqueId: null; checkable: false; checked: false; focusable: false; focused: false; selected: false; clickable: false; longClickable: false; contextClickable: false; enabled: true; password: false; scrollable: false; importantForAccessibility: true; visible: false; actions: [AccessibilityAction: ACTION_SELECT - null, AccessibilityAction: ACTION_CLEAR_SELECTION - null, AccessibilityAction: ACTION_ACCESSIBILITY_FOCUS - null, AccessibilityAction: ACTION_NEXT_AT_MOVEMENT_GRANULARITY - null, AccessibilityAction: ACTION_PREVIOUS_AT_MOVEMENT_GRANULARITY - null, AccessibilityAction: ACTION_SET_SELECTION - null, AccessibilityAction: ACTION_SHOW_ON_SCREEN - null]; isTextSelectable: false
06-26 04:45:21.551  7413  7483 I Maestro : Skipping invisible child: android.view.accessibility.AccessibilityNodeInfo@1d919; boundsInParent: Rect(0, 0 - 31, 28); boundsInScreen: Rect(11, 582 - 42, 610); boundsInWindow: Rect(11, 582 - 42, 610); packageName: com.hanapkalinga.mobile; className: android.view.ViewGroup; text: null; error: null; maxTextLength: -1; stateDescription: null; contentDescription: null; tooltipText: null; containerTitle: null; viewIdResName: null; uniqueId: null; checkable: false; checked: false; focusable: false; focused: false; selected: false; clickable: false; longClickable: false; contextClickable: false; enabled: true; password: false; scrollable: false; importantForAccessibility: false; visible: false; actions: [AccessibilityAction: ACTION_SELECT - null, AccessibilityAction: ACTION_CLEAR_SELECTION - null, AccessibilityAction: ACTION_ACCESSIBILITY_FOCUS - null, AccessibilityAction: ACTION_SHOW_ON_SCREEN - null]; isTextSelectable: false
06-26 04:45:21.554  7413  7483 I Maestro : Skipping invisible child: android.view.accessibility.AccessibilityNodeInfo@1f360; boundsInParent: Rect(0, 0 - 31, 28); boundsInScreen: Rect(64, 582 - 95, 610); boundsInWindow: Rect(64, 582 - 95, 610); packageName: com.hanapkalinga.mobile; className: android.view.ViewGroup; text: null; error: null; maxTextLength: -1; stateDescription: null; contentDescription: null; tooltipText: null; containerTitle: null; viewIdResName: null; uniqueId: null; checkable: false; checked: false; focusable: false; focused: false; selected: false; clickable: false; longClickable: false; contextClickable: false; enabled: true; password: false; scrollable: false; importantForAccessibility: false; visible: false; actions: [AccessibilityAction: ACTION_SELECT - null, AccessibilityAction: ACTION_CLEAR_SELECTION - null, AccessibilityAction: ACTION_ACCESSIBILITY_FOCUS - null, AccessibilityAction: ACTION_SHOW_ON_SCREEN - null]; isTextSelectable: false
06-26 04:45:21.559  7413  7483 I Maestro : Skipping invisible child: android.view.accessibility.AccessibilityNodeInfo@21cab; boundsInParent: Rect(0, 0 - 31, 28); boundsInScreen: Rect(118, 582 - 149, 610); boundsInWindow: Rect(118, 582 - 149, 610); packageName: com.hanapkalinga.mobile; className: android.view.ViewGroup; text: null; error: null; maxTextLength: -1; stateDescription: null; contentDescription: null; tooltipText: null; containerTitle: null; viewIdResName: null; uniqueId: null; checkable: false; checked: false; focusable: false; focused: false; selected: false; clickable: false; longClickable: false; contextClickable: false; enabled: true; password: false; scrollable: false; importantForAccessibility: false; visible: false; actions: [AccessibilityAction: ACTION_SELECT - null, AccessibilityAction: ACTION_CLEAR_SELECTION - null, AccessibilityAction: ACTION_ACCESSIBILITY_FOCUS - null, AccessibilityAction: ACTION_SHOW_ON_SCREEN - null]; isTextSelectable: false
06-26 04:45:21.559  7413  7483 I Maestro : Skipping invisible child: android.view.accessibility.AccessibilityNodeInfo@249b7; boundsInParent: Rect(0, 0 - 3, 1); boundsInScreen: Rect(130, 593 - 132, 593); boundsInWindow: Rect(130, 593 - 132, 593); packageName: com.hanapkalinga.mobile; className: com.horcrux.svg.PathView; text: null; error: null; maxTextLength: -1; stateDescription: null; contentDescription: null; tooltipText: null; containerTitle: null; viewIdResName: null; uniqueId: null; checkable: false; checked: false; focusable: false; focused: false; selected: false; clickable: false; longClickable: false; contextClickable: false; enabled: true; password: false; scrollable: false; importantForAccessibility: false; visible: false; actions: [AccessibilityAction: ACTION_SELECT - null, AccessibilityAction: ACTION_CLEAR_SELECTION - null, AccessibilityAction: ACTION_ACCESSIBILITY_FOCUS - null, AccessibilityAction: ACTION_SHOW_ON_SCREEN - null]; isTextSelectable: false
06-26 04:45:21.560  7413  7483 I Maestro : Skipping invisible child: android.view.accessibility.AccessibilityNodeInfo@24d78; boundsInParent: Rect(0, 0 - 8, 1); boundsInScreen: Rect(130, 596 - 138, 596); boundsInWindow: Rect(130, 596 - 138, 596); packageName: com.hanapkalinga.mobile; className: com.horcrux.svg.PathView; text: null; error: null; maxTextLength: -1; stateDescription: null; contentDescription: null; tooltipText: null; containerTitle: null; viewIdResName: null; uniqueId: null; checkable: false; checked: false; focusable: false; focused: false; selected: false; clickable: false; longClickable: false; contextClickable: false; enabled: true; password: false; scrollable: false; importantForAccessibility: false; visible: false; actions: [AccessibilityAction: ACTION_SELECT - null, AccessibilityAction: ACTION_CLEAR_SELECTION - null, AccessibilityAction: ACTION_ACCESSIBILITY_FOCUS - null, AccessibilityAction: ACTION_SHOW_ON_SCREEN - null]; isTextSelectable: false
06-26 04:45:21.560  7413  7483 I Maestro : Skipping invisible child: android.view.accessibility.AccessibilityNodeInfo@25139; boundsInParent: Rect(0, 0 - 8, 1); boundsInScreen: Rect(130, 600 - 138, 600); boundsInWindow: Rect(130, 600 - 138, 600); packageName: com.hanapkalinga.mobile; className: com.horcrux.svg.PathView; text: null; error: null; maxTextLength: -1; stateDescription: null; contentDescription: null; tooltipText: null; containerTitle: null; viewIdResName: null; uniqueId: null; checkable: false; checked: false; focusable: false; focused: false; selected: false; clickable: false; longClickable: false; contextClickable: false; enabled: true; password: false; scrollable: false; importantForAccessibility: false; visible: false; actions: [AccessibilityAction: ACTION_SELECT - null, AccessibilityAction: ACTION_CLEAR_SELECTION - null, AccessibilityAction: ACTION_ACCESSIBILITY_FOCUS - null, AccessibilityAction: ACTION_SHOW_ON_SCREEN - null]; isTextSelectable: false
06-26 04:45:21.563  7413  7483 I Maestro : Skipping invisible child: android.view.accessibility.AccessibilityNodeInfo@25c7c; boundsInParent: Rect(0, 0 - 31, 28); boundsInScreen: Rect(171, 582 - 202, 610); boundsInWindow: Rect(171, 582 - 202, 610); packageName: com.hanapkalinga.mobile; className: android.view.ViewGroup; text: null; error: null; maxTextLength: -1; stateDescription: null; contentDescription: null; tooltipText: null; containerTitle: null; viewIdResName: null; uniqueId: null; checkable: false; checked: false; focusable: false; focused: false; selected: false; clickable: false; longClickable: false; contextClickable: false; enabled: true; password: false; scrollable: false; importantForAccessibility: false; visible: false; actions: [AccessibilityAction: ACTION_SELECT - null, AccessibilityAction: ACTION_CLEAR_SELECTION - null, AccessibilityAction: ACTION_ACCESSIBILITY_FOCUS - null, AccessibilityAction: ACTION_SHOW_ON_SCREEN - null]; isTextSelectable: false
06-26 04:45:21.563  7413  7483 I Maestro : Skipping invisible child: android.view.accessibility.AccessibilityNodeInfo@27e45; boundsInParent: Rect(0, 0 - 1, 5); boundsInScreen: Rect(183, 586 - 183, 590); boundsInWindow: Rect(183, 586 - 183, 590); packageName: com.hanapkalinga.mobile; className: com.horcrux.svg.PathView; text: null; error: null; maxTextLength: -1; stateDescription: null; contentDescription: null; tooltipText: null; containerTitle: null; viewIdResName: null; uniqueId: null; checkable: false; checked: false; focusable: false; focused: false; selected: false; clickable: false; longClickable: false; contextClickable: false; enabled: true; password: false; scrollable: false; importantForAccessibility: false; visible: false; actions: [AccessibilityAction: ACTION_SELECT - null, AccessibilityAction: ACTION_CLEAR_SELECTION - null, AccessibilityAction: ACTION_ACCESSIBILITY_FOCUS - null, AccessibilityAction: ACTION_SHOW_ON_SCREEN - null]; isTextSelectable: false
06-26 04:45:21.564  7413  7483 I Maestro : Skipping invisible child: android.view.accessibility.AccessibilityNodeInfo@28206; boundsInParent: Rect(0, 0 - 1, 5); boundsInScreen: Rect(190, 586 - 190, 590); boundsInWindow: Rect(190, 586 - 190, 590); packageName: com.hanapkalinga.mobile; className: com.horcrux.svg.PathView; text: null; error: null; maxTextLength: -1; stateDescription: null; contentDescription: null; tooltipText: null; containerTitle: null; viewIdResName: null; uniqueId: null; checkable: false; checked: false; focusable: false; focused: false; selected: false; clickable: false; longClickable: false; contextClickable: false; enabled: true; password: false; scrollable: false; importantForAccessibility: false; visible: false; actions: [AccessibilityAction: ACTION_SELECT - null, AccessibilityAction: ACTION_CLEAR_SELECTION - null, AccessibilityAction: ACTION_ACCESSIBILITY_FOCUS - null, AccessibilityAction: ACTION_SHOW_ON_SCREEN - null]; isTextSelectable: false
06-26 04:45:21.564  7413  7483 I Maestro : Skipping invisible child: android.view.accessibility.AccessibilityNodeInfo@28988; boundsInParent: Rect(0, 0 - 18, 1); boundsInScreen: Rect(178, 594 - 195, 594); boundsInWindow: Rect(178, 594 - 195, 594); packageName: com.hanapkalinga.mobile; className: com.horcrux.svg.PathView; text: null; error: null; maxTextLength: -1; stateDescription: null; contentDescription: null; tooltipText: null; containerTitle: null; viewIdResName: null; uniqueId: null; checkable: false; checked: false; focusable: false; focused: false; selected: false; clickable: false; longClickable: false; contextClickable: false; enabled: true; password: false; scrollable: false; importantForAccessibility: false; visible: false; actions: [AccessibilityAction: ACTION_SELECT - null, AccessibilityAction: ACTION_CLEAR_SELECTION - null, AccessibilityAction: ACTION_ACCESSIBILITY_FOCUS - null, AccessibilityAction: ACTION_SHOW_ON_SCREEN - null]; isTextSelectable: false
06-26 04:45:21.566  7413  7483 I Maestro : Skipping invisible child: android.view.accessibility.AccessibilityNodeInfo@294cb; boundsInParent: Rect(0, 0 - 31, 28); boundsInScreen: Rect(224, 582 - 255, 610); boundsInWindow: Rect(224, 582 - 255, 610); packageName: com.hanapkalinga.mobile; className: android.view.ViewGroup; text: null; error: null; maxTextLength: -1; stateDescription: null; contentDescription: null; tooltipText: null; containerTitle: null; viewIdResName: null; uniqueId: null; checkable: false; checked: false; focusable: false; focused: false; selected: false; clickable: false; longClickable: false; contextClickable: false; enabled: true; password: false; scrollable: false; importantForAccessibility: false; visible: false; actions: [AccessibilityAction: ACTION_SELECT - null, AccessibilityAction: ACTION_CLEAR_SELECTION - null, AccessibilityAction: ACTION_ACCESSIBILITY_FOCUS - null, AccessibilityAction: ACTION_SHOW_ON_SCREEN - null]; isTextSelectable: false
06-26 04:45:21.569  7413  7483 I Maestro : Skipping invisible child: android.view.accessibility.AccessibilityNodeInfo@2b694; boundsInParent: Rect(0, 0 - 31, 28); boundsInScreen: Rect(278, 582 - 309, 610); boundsInWindow: Rect(278, 582 - 309, 610); packageName: com.hanapkalinga.mobile; className: android.view.ViewGroup; text: null; error: null; maxTextLength: -1; stateDescription: null; contentDescription: null; tooltipText: null; containerTitle: null; viewIdResName: null; uniqueId: null; checkable: false; checked: false; focusable: false; focused: false; selected: false; clickable: false; longClickable: false; contextClickable: false; enabled: true; password: false; scrollable: false; importantForAccessibility: false; visible: false; actions: [AccessibilityAction: ACTION_SELECT - null, AccessibilityAction: ACTION_CLEAR_SELECTION - null, AccessibilityAction: ACTION_ACCESSIBILITY_FOCUS - null, AccessibilityAction: ACTION_SHOW_ON_SCREEN - null]; isTextSelectable: false
06-26 04:45:21.575  7413  7483 D Maestro : View hierarchy received in 52 ms
06-26 04:45:21.634  1099  1099 D TaplEvents: TIS / TouchInteractionService.onInputEvent: MotionEvent { action=ACTION_DOWN, actionButton=0, id[0]=0, x[0]=79.0, y[0]=617.0, toolType[0]=TOOL_TYPE_FINGER, buttonState=0, classification=NONE, metaState=0, flags=0x0, edgeFlags=0x0, pointerCount=1, historySize=0, eventTime=315232, downTime=315232, deviceId=-1, source=0x1002, displayId=0, eventId=-955174989 }
06-26 04:45:21.636   522  2597 D CompatibilityChangeReporter: Compat change id reported: 197654537; UID 10192; state: ENABLED
06-26 04:45:21.638  1099  1099 E PagedView: validateNewPage: failed to find a page > mMinScrollX
06-26 04:45:21.638  1099  1099 E PagedView: validateNewPage: failed to find a page > mMinScrollX
06-26 04:45:21.638   835   881 V ShellRecents: RecentsTransitionHandler.startRecentsTransition
06-26 04:45:21.638   835   881 V WindowManagerShell: Directly starting a new transition type=3 wct=WindowContainerTransaction { changes = {} hops = [{PendingIntent: options=Bundle[mParcelledData.dataSize=332]}] errorCallbackToken=null taskFragmentOrganizer=null } handler=com.android.wm.shell.recents.RecentsTransitionHandler@3ea0048
06-26 04:45:21.641   835   881 V ShellRecents: [129994675] RecentsController.setTransition: id=android.os.BinderProxy@1cae970
06-26 04:45:21.645  1883  1883 I BgTaskExecutorImpl: Starting EXCLUSIVE background task UPLOAD_ASSISTANT_DEVICE_SETTINGS.
06-26 04:45:21.648   400   400 I BpBinder: onLastStrongRef automatically unlinking death recipients: 
06-26 04:45:21.653  1099  1099 D TaplTarget: sendStateEventToTest: 6
06-26 04:45:21.655  1099  1130 I ImeTracker: com.google.android.apps.nexuslauncher:51da7c67: onRequestHide at ORIGIN_CLIENT_HIDE_SOFT_INPUT reason HIDE_SOFT_INPUT
06-26 04:45:21.655  1099  1130 I ImeTracker: com.google.android.apps.nexuslauncher:51da7c67: onFailed at PHASE_CLIENT_VIEW_SERVED
06-26 04:45:21.660  1883  2456 I A       : Using proto config with mendel
06-26 04:45:21.660  1883  2456 I A       : Using proto config with mendel
06-26 04:45:21.660  1883  2456 I A       : Using proto config with mendel
06-26 04:45:21.660  1883  2456 I A       : Merging legacy hotword config map with new proto.
06-26 04:45:21.660  1883  2456 I A       : Adding from config to map. Locale: cmn-Hant-TW modelPrefix: x_google Location:4e7cae00daee30ec565c34e3aa67a51f isSpeakerIdSupported: true
06-26 04:45:21.660  1883  2456 I A       : Adding from config to map. Locale: id-ID modelPrefix: x_google Location:cfffcc1a4c1c084c003c8eb27f73d770 isSpeakerIdSupported: true
06-26 04:45:21.660  1883  2456 I A       : Adding from config to map. Locale: ko-KR modelPrefix: x_google Location:0b132163a2eb2c1194b202067475724b isSpeakerIdSupported: true
06-26 04:45:21.660  1883  2456 I A       : Skipping. Expected model: 2 Found: 1
06-26 04:45:21.660  1883  2456 I A       : Adding from config to map. Locale: zh-TW modelPrefix: x_google Location:4e7cae00daee30ec565c34e3aa67a51f isSpeakerIdSupported: true
06-26 04:45:21.661  1883  2456 I A       : Using proto config with mendel
06-26 04:45:21.661  1883  2456 I A       : Using proto config with mendel
06-26 04:45:21.661  1883  2456 I A       : Using proto config with mendel
06-26 04:45:21.662  1883  2456 I MicroDetectionState: Should stop hotword detection immediately - true
06-26 04:45:21.662  1883  7258 I NetworkRecognitionRnr: Using pair HTTP connection
06-26 04:45:21.662  1883  2793 W LocationOracle: getBestLocation(): no location is available
06-26 04:45:21.664  1883  5527 I A       : [Upload] Connected
06-26 04:45:21.679  1883  2330 W CronetNetworkRqstWrppr: Upload request without a content type.
06-26 04:45:21.687  1883  2229 W LocationOracle: No location returned by GMS core getLastLocation()
06-26 04:45:21.688  1883  1883 E A       : onError
06-26 04:45:21.688  1883  1883 E A       : com.google.android.apps.gsa.shared.speech.a.m: errorCode: 65561, engine: 2
06-26 04:45:21.688  1883  1883 E A       : 	at com.google.android.apps.gsa.staticplugins.dc.a.e.a(PG:3)
06-26 04:45:21.688  1883  1883 E A       : 	at com.google.android.apps.gsa.s3.n.hh(PG:1)
06-26 04:45:21.688  1883  1883 E A       : 	at com.google.cd.g.a.f.e(PG:2)
06-26 04:45:21.688  1883  1883 E A       : 	at com.google.android.apps.gsa.speech.k.a.g.d(PG:22)
06-26 04:45:21.688  1883  1883 E A       : 	at com.google.android.apps.gsa.speech.k.a.g.ks(PG:6)
06-26 04:45:21.688  1883  1883 E A       : 	at com.google.android.apps.gsa.s3.o.e(PG:14)
06-26 04:45:21.688  1883  1883 E A       : 	at com.google.android.apps.gsa.s3.p.run(PG:1)
06-26 04:45:21.688  1883  1883 E A       : 	at java.util.concurrent.Executors$RunnableAdapter.call(Executors.java:487)
06-26 04:45:21.688  1883  1883 E A       : 	at java.util.concurrent.FutureTask.run(FutureTask.java:264)
06-26 04:45:21.688  1883  1883 E A       : 	at com.google.android.apps.gsa.shared.util.c.a.e.run(PG:2)
06-26 04:45:21.688  1883  1883 E A       : 	at com.google.android.apps.gsa.shared.util.c.a.bi.run(PG:1)
06-26 04:45:21.688  1883  1883 E A       : 	at com.google.android.apps.gsa.shared.util.c.a.bi.run(PG:1)
06-26 04:45:21.688  1883  1883 E A       : 	at java.util.concurrent.ThreadPoolExecutor.runWorker(ThreadPoolExecutor.java:1145)
06-26 04:45:21.688  1883  1883 E A       : 	at java.util.concurrent.ThreadPoolExecutor$Worker.run(ThreadPoolExecutor.java:644)
06-26 04:45:21.688  1883  1883 E A       : 	at java.lang.Thread.run(Thread.java:1012)
06-26 04:45:21.688  1883  1883 E A       : 	at com.google.android.apps.gsa.shared.util.c.a.l.run(PG:5)
06-26 04:45:21.688  1883  1883 E A       : Caused by: com.google.android.apps.gsa.shared.speech.a.o: errorCode: 65586, engine: 2
06-26 04:45:21.688  1883  1883 E A       : 	... 15 more
06-26 04:45:21.688  1883  1883 E A       : Caused by: com.google.android.apps.gsa.shared.speech.a.k: errorCode: 401, engine: 2
06-26 04:45:21.688  1883  1883 E A       : 	at com.google.android.apps.gsa.assistant.shared.n.h.a(PG:5)
06-26 04:45:21.688  1883  1883 E A       : 	at com.google.android.apps.gsa.s3.producers.j.hE(PG:2)
06-26 04:45:21.688  1883  1883 E A       : 	at com.google.android.apps.gsa.speech.k.a.g.d(PG:16)
06-26 04:45:21.688  1883  1883 E A       : 	... 12 more
06-26 04:45:21.689  1883  2351 E cr_CronetUrlRequestContext: Exception in upload method
06-26 04:45:21.689  1883  2351 E cr_CronetUrlRequestContext: com.google.android.apps.gsa.shared.r.d: Error code: 262182
06-26 04:45:21.689  1883  2351 E cr_CronetUrlRequestContext: 	at com.google.android.apps.gsa.shared.ab.bk.d(PG:5)
06-26 04:45:21.689  1883  2351 E cr_CronetUrlRequestContext: 	at com.google.android.libraries.gsa.c.a.ar.d(PG:1)
06-26 04:45:21.689  1883  2351 E cr_CronetUrlRequestContext: 	at com.google.android.libraries.gsa.c.a.bo.b(PG:5)
06-26 04:45:21.689  1883  2351 E cr_CronetUrlRequestContext: 	at com.google.android.libraries.gsa.c.a.e.a(PG:2)
06-26 04:45:21.689  1883  2351 E cr_CronetUrlRequestContext: 	at com.google.android.libraries.gsa.c.a.a.run(PG:2)
06-26 04:45:21.689  1883  2351 E cr_CronetUrlRequestContext: 	at com.google.common.util.concurrent.bf.execute(PG:1)
06-26 04:45:21.689  1883  2351 E cr_CronetUrlRequestContext: 	at com.google.common.util.concurrent.d.i(PG:1)
06-26 04:45:21.689  1883  2351 E cr_CronetUrlRequestContext: 	at com.google.common.util.concurrent.d.l(PG:12)
06-26 04:45:21.689  1883  2351 E cr_CronetUrlRequestContext: 	at com.google.common.util.concurrent.d.cancel(PG:8)
06-26 04:45:21.689  1883  2351 E cr_CronetUrlRequestContext: 	at com.google.common.util.concurrent.d.m(PG:2)
06-26 04:45:21.689  1883  2351 E cr_CronetUrlRequestContext: 	at com.google.common.util.concurrent.j.a(PG:1)
06-26 04:45:21.689  1883  2351 E cr_CronetUrlRequestContext: 	at com.google.common.util.concurrent.d.l(PG:3)
06-26 04:45:21.689  1883  2351 E cr_CronetUrlRequestContext: 	at com.google.common.util.concurrent.d.cancel(PG:8)
06-26 04:45:21.689  1883  2351 E cr_CronetUrlRequestContext: 	at com.google.common.util.concurrent.d.m(PG:2)
06-26 04:45:21.689  1883  2351 E cr_CronetUrlRequestContext: 	at com.google.common.util.concurrent.j.a(PG:1)
06-26 04:45:21.689  1883  2351 E cr_CronetUrlRequestContext: 	at com.google.common.util.concurrent.d.l(PG:3)
06-26 04:45:21.689  1883  2351 E cr_CronetUrlRequestContext: 	at com.google.common.util.concurrent.d.cancel(PG:8)
06-26 04:45:21.689  1883  2351 E cr_CronetUrlRequestContext: 	at com.google.common.util.concurrent.d.m(PG:2)
06-26 04:45:21.689  1883  2351 E cr_CronetUrlRequestContext: 	at com.google.common.util.concurrent.j.a(PG:1)
06-26 04:45:21.689  1883  2351 E cr_CronetUrlRequestContext: 	at com.google.common.util.concurrent.d.l(PG:3)
06-26 04:45:21.689  1883  2351 E cr_CronetUrlRequestContext: 	at com.google.common.util.concurrent.d.cancel(PG:8)
06-26 04:45:21.689  1883  2351 E cr_CronetUrlRequestContext: 	at com.google.common.util.concurrent.d.m(PG:2)
06-26 04:45:21.689  1883  2351 E cr_CronetUrlRequestContext: 	at com.google.common.util.concurrent.j.a(PG:1)
06-26 04:45:21.689  1883  2351 E cr_CronetUrlRequestContext: 	at com.google.common.util.concurrent.d.l(PG:3)
06-26 04:45:21.689  1883  2351 E cr_CronetUrlRequestContext: 	at com.google.common.util.concurrent.d.cancel(PG:8)
06-26 04:45:21.689  1883  2351 E cr_CronetUrlRequestContext: 	at com.google.common.util.concurrent.d.m(PG:2)
06-26 04:45:21.689  1883  2351 E cr_CronetUrlRequestContext: 	at com.google.common.util.concurrent.c.a(PG:1)
06-26 04:45:21.689  1883  2351 E cr_CronetUrlRequestContext: 	at com.google.common.util.concurrent.d.l(PG:3)
06-26 04:45:21.689  1883  2351 E cr_CronetUrlRequestContext: 	at com.google.common.util.concurrent.d.cancel(PG:8)
06-26 04:45:21.689  1883  2351 E cr_CronetUrlRequestContext: 	at com.google.common.util.concurrent.bu.cancel(PG:1)
06-26 04:45:21.689  1883  2351 E cr_CronetUrlRequestContext: 	at com.google.common.util.concurrent.d.cancel(PG:17)
06-26 04:45:21.689  1883  2351 E cr_CronetUrlRequestContext: 	at com.google.android.apps.gsa.staticplugins.bk.b.h.run(PG:2)
06-26 04:45:21.689  1883  2351 E cr_CronetUrlRequestContext: 	at com.google.common.util.concurrent.bf.execute(PG:1)
06-26 04:45:21.689  1883  2351 E cr_CronetUrlRequestContext: 	at com.google.common.util.concurrent.d.i(PG:1)
06-26 04:45:21.689  1883  2351 E cr_CronetUrlRequestContext: 	at com.google.common.util.concurrent.d.l(PG:12)
06-26 04:45:21.689  1883  2351 E cr_CronetUrlRequestContext: 	at com.google.common.util.concurrent.d.cancel(PG:8)
06-26 04:45:21.689  1883  2351 E cr_CronetUrlRequestContext: 	at com.google.common.util.concurrent.d.m(PG:2)
06-26 04:45:21.689  1883  2351 E cr_CronetUrlRequestContext: 	at com.google.common.util.concurrent.j.a(PG:1)
06-26 04:45:21.689  1883  2351 E cr_CronetUrlRequestContext: 	at com.google.common.util.concurrent.d.l(PG:3)
06-26 04:45:21.689  1883  2351 E cr_CronetUrlRequestContext: 	at com.google.common.util.concurrent.d.cancel(PG:8)
06-26 04:45:21.689  1883  2351 E cr_CronetUrlRequestContext: 	at com.google.android.apps.gsa.shared.util.c.aj.a(PG:2)
06-26 04:45:21.689  1883  2351 E cr_CronetUrlRequestContext: 	at com.google.common.util.concurrent.d.l(PG:3)
06-26 04:45:21.689  1883  2351 E cr_CronetUrlRequestContext: 	at com.google.common.util.concurrent.d.cancel(PG:8)
06-26 04:45:21.689  1883  2351 E cr_CronetUrlRequestContext: 	at com.google.common.util.concurrent.d.m(PG:2)
06-26 04:45:21.689  1883  2351 E cr_CronetUrlRequestContext: 	at com.google.common.util.concurrent.c.a(PG:1)
06-26 04:45:21.689  1883  2351 E cr_CronetUrlRequestContext: 	at com.google.common.util.concurrent.d.l(PG:3)
06-26 04:45:21.689  1883  2351 E cr_CronetUrlRequestContext: 	at com.google.common.util.concurrent.d.cancel(PG:8)
06-26 04:45:21.689  1883  2351 E cr_CronetUrlRequestContext: 	at com.google.android.apps.gsa.s3.o.c(PG:2)
06-26 04:45:21.689  1883  2351 E cr_CronetUrlRequestContext: 	at com.google.android.apps.gsa.s3.r.a(PG:1)
06-26 04:45:21.689  1883  2351 E cr_CronetUrlRequestContext: 	at com.google.android.apps.gsa.staticplugins.dc.a.c.e(PG:2)
06-26 04:45:21.689  1883  2351 E cr_CronetUrlRequestContext: 	at com.google.android.apps.gsa.staticplugins.dc.a.c.c(PG:3)
06-26 04:45:21.689  1883  2351 E cr_CronetUrlRequestContext: 	at com.google.android.apps.gsa.staticplugins.dc.a.e.a(PG:5)
06-26 04:45:21.689  1883  2351 E cr_CronetUrlRequestContext: 	at com.google.android.apps.gsa.s3.n.hh(PG:1)
06-26 04:45:21.689  1883  2351 E cr_CronetUrlRequestContext: 	at com.google.cd.g.a.f.e(PG:2)
06-26 04:45:21.689  1883  2351 E cr_CronetUrlRequestContext: 	at com.google.android.apps.gsa.speech.k.a.g.d(PG:22)
06-26 04:45:21.689  1883  2351 E cr_CronetUrlRequestContext: 	at com.google.android.apps.gsa.speech.k.a.g.ks(PG:6)
06-26 04:45:21.689  1883  2351 E cr_CronetUrlRequestContext: 	at com.google.android.apps.gsa.s3.o.e(PG:14)
06-26 04:45:21.689  1883  2351 E cr_CronetUrlRequestContext: 	at com.google.android.apps.gsa.s3.p.run(PG:1)
06-26 04:45:21.689  1883  2351 E cr_CronetUrlRequestContext: 	at java.util.concurrent.Executors$RunnableAdapter.call(Executors.java:487)
06-26 04:45:21.689  1883  2351 E cr_CronetUrlRequestContext: 	at java.util.concurrent.FutureTask.run(FutureTask.java:264)
06-26 04:45:21.689  1883  2351 E cr_CronetUrlRequestContext: 	at com.google.android.apps.gsa.shared.util.c.a.e.run(PG:2)
06-26 04:45:21.689  1883  2351 E cr_CronetUrlRequestContext: 	at com.google.android.apps.gsa.shared.util.c.a.bi.run(PG:1)
06-26 04:45:21.689  1883  2351 E cr_CronetUrlRequestContext: 	at com.google.android.apps.gsa.shared.util.c.a.bi.run(PG:1)
06-26 04:45:21.689  1883  2351 E cr_CronetUrlRequestContext: 	at java.util.concurrent.ThreadPoolExecutor.runWorker(ThreadPoolExecutor.java:1145)
06-26 04:45:21.689  1883  2351 E cr_CronetUrlRequestContext: 	at java.util.concurrent.ThreadPoolExecutor$Worker.run(ThreadPoolExecutor.java:644)
06-26 04:45:21.689  1883  2351 E cr_CronetUrlRequestContext: 	at java.lang.Thread.run(Thread.java:1012)
06-26 04:45:21.689  1883  2351 E cr_CronetUrlRequestContext: 	at com.google.android.apps.gsa.shared.util.c.a.l.run(PG:5)
06-26 04:45:21.690  1883  5527 I NetworkRecognitionRnr: Using pair HTTP connection
06-26 04:45:21.691  1883  2793 I A       : [Upload] Connected
06-26 04:45:21.693  1883  1883 W A       : Failed to sync device settings.
06-26 04:45:21.693  1883  1883 I A       : Retrying to sync device settings.
06-26 04:45:21.693  1883  2351 W A       : Failed to get connectivityLock in 4000 ms
06-26 04:45:21.693  1883  2351 W CronetNetworkRqstWrppr: Upload request without a content type.
06-26 04:45:21.697   522  1843 W JobScheduler: Job didn't exist in JobStore: 9585485 #u0a132/-353 com.google.android.googlequicksearchbox/com.google.android.apps.gsa.tasks.BackgroundTasksJobService
06-26 04:45:21.711   835   881 V WindowManagerShell: onTransitionReady android.os.BinderProxy@1cae970: {id=22 t=TO_FRONT f=0x80 trk=0 r=[0@Point(0, 0)] c=[{WCT{android.window.IWindowContainerToken$Stub$Proxy@c1bb6a5} m=TO_FRONT f=SHOW_WALLPAPER|MOVE_TO_TOP leash=Surface(name=Task=1)/@0x325b4e9 sb=Rect(0, 0 - 320, 640) eb=Rect(0, 0 - 320, 640) d=0},{WCT{android.window.IWindowContainerToken$Stub$Proxy@2113a7a} m=TO_BACK f=NONE leash=Surface(name=Task=14)/@0x963356e sb=Rect(0, 0 - 320, 640) eb=Rect(0, 0 - 320, 640) d=0},{null m=TO_FRONT f=IS_WALLPAPER leash=Surface(name=WallpaperWindowToken{10f4362 token=android.os.Binder@82a322d})/@0xa99740f sb=Rect(0, 0 - 320, 640) eb=Rect(0, 0 - 320, 640) d=0}]}
06-26 04:45:21.711   835   881 V WindowManagerShell: Playing animation for (#22)android.os.BinderProxy@1cae970@0
06-26 04:45:21.711   835   881 V WindowManagerShell:  try firstHandler com.android.wm.shell.recents.RecentsTransitionHandler@3ea0048
06-26 04:45:21.712   522   542 V WindowManager: Sent Transition #22 createdAt=06-26 04:45:21.639
06-26 04:45:21.712   522   542 V WindowManager:     startWCT=WindowContainerTransaction { changes = {} hops = [{PendingIntent: options=Bundle[{android.activity.splashScreenStyle=-1, android.activity.sourceInfo=android.app.ActivityOptions$SourceInfo@feffcb0, android.activity.transientLaunch=true}]}] errorCallbackToken=null taskFragmentOrganizer=null }
06-26 04:45:21.712   522   542 V WindowManager:     info={id=22 t=TO_FRONT f=0x80 trk=0 r=[0@Point(0, 0)] c=[{WCT{RemoteToken{55d6e17 Task{475459b #1 type=home}}} m=TO_FRONT f=SHOW_WALLPAPER|MOVE_TO_TOP leash=Surface(name=Task=1)/@0xadabfbc sb=Rect(0, 0 - 320, 640) eb=Rect(0, 0 - 320, 640) d=0},{WCT{RemoteToken{5bd9802 Task{ade1add #14 type=standard A=10192:com.hanapkalinga.mobile}}} m=TO_BACK f=NONE leash=Surface(name=Task=14)/@0xc389ce4 sb=Rect(0, 0 - 320, 640) eb=Rect(0, 0 - 320, 640) d=0},{null m=TO_FRONT f=IS_WALLPAPER leash=Surface(name=WallpaperWindowToken{10f4362 token=android.os.Binder@82a322d})/@0x221e540 sb=Rect(0, 0 - 320, 640) eb=Rect(0, 0 - 320, 640) d=0}]}
06-26 04:45:21.713   835   881 V ShellRecents: [129994675] RecentsController.start
06-26 04:45:21.713   835   881 V ShellRecents:   adding pausing leaf taskId=14 at layer=8
06-26 04:45:21.714   835   881 V ShellRecents: [129994675] RecentsController.start: calling onAnimationStart
06-26 04:45:21.717  1099  1099 D RemoteTargetGluer: appCount: 1 handleLength: 2
06-26 04:45:21.717  1099  1099 D RemoteTargetGluer: resizing handles
06-26 04:45:21.717  1099  1099 D RemoteTargetGluer: containsSplitTargets? false handleLength: 1 appsLength: 1
06-26 04:45:21.717  1099  1099 D RemoteTargetGluer: appCount: 1 handleLength: 2
06-26 04:45:21.717  1099  1099 D RemoteTargetGluer: resizing handles
06-26 04:45:21.717  1099  1099 D RemoteTargetGluer: containsSplitTargets? false handleLength: 1 appsLength: 1
06-26 04:45:21.717   835   881 V WindowManagerShell:  animated by firstHandler
06-26 04:45:21.846  7584  7603 D EGL_emulation: app_time_stats: avg=43.49ms min=11.27ms max=447.31ms count=32
06-26 04:45:21.848  1099  1099 D TaplEvents: TIS / TouchInteractionService.onInputEvent: MotionEvent { action=ACTION_UP, actionButton=0, id[0]=0, x[0]=79.0, y[0]=617.0, toolType[0]=TOOL_TYPE_FINGER, buttonState=0, classification=NONE, metaState=0, flags=0x0, edgeFlags=0x0, pointerCount=1, historySize=0, eventTime=315437, downTime=315232, deviceId=-1, source=0x1002, displayId=0, eventId=-802403320 }
06-26 04:45:21.852  1099  1099 D TaplTarget: sendStateEventToTest: 0
06-26 04:45:21.856   522  1625 W AppSearchIcing: icing-search-engine.cc:283: Error: 5, Message: Document (com.google.android.googlequicksearchbox$OneSearchZeroStateGoogleSuggestions/default, zp) not found.
06-26 04:45:21.856  1099  1130 I ImeTracker: com.google.android.apps.nexuslauncher:a3837b98: onRequestHide at ORIGIN_CLIENT_HIDE_SOFT_INPUT reason HIDE_SOFT_INPUT
06-26 04:45:21.857  1099  1130 I ImeTracker: com.google.android.apps.nexuslauncher:a3837b98: onFailed at PHASE_CLIENT_VIEW_SERVED
06-26 04:45:21.857  1099  2171 D OneSearchSuggestProvider: Created the binder channel successfully for end point service =com.google.android.apps.search.googleapp.search.suggest.plugins.onesearch.server.OneSearchSuggestService , mChannel=z1{delegate=s1{logId=41, target=directaddress:///AndroidComponentAddress%5BIntent%20%7B%20act=grpc.io.action.BIND%20cmp=com.google.android.googlequicksearchbox/com.google.android.apps.search.googleapp.search.suggest.plugins.onesearch.server.OneSearchSuggestService%20%7D%5D}} , mOneSearchConnection=X1.T@925af12
06-26 04:45:21.857   835   881 V ShellRecents: [129994675] RecentsController.finishInner: toHome=false userLeave=false willFinishToHome=false state=0
06-26 04:45:21.857   835   881 V ShellRecents:   returning to app
06-26 04:45:21.857   835   881 V ShellRecents: [129994675] RecentsController.cleanup
06-26 04:45:21.857   835   881 V WindowManagerShell: Transition animation finished (aborted=false), notifying core (#22)android.os.BinderProxy@1cae970@0
06-26 04:45:21.858   522  2431 W ProcessStats: Tracking association SourceState{fd033dc com.google.android.apps.nexuslauncher/10169 BTop #13611} whose proc state 2 is better than process ProcessState{406db52 com.google.android.googlequicksearchbox:search/10132 pkg=com.google.android.googlequicksearchbox} proc state 6 (47 skipped)
06-26 04:45:21.860  4144  4200 D BtGatt.ScanManager: uid 10131 isForeground true scanMode -1
06-26 04:45:21.860  4144  4200 D BtGatt.ScanManager: uid 10131 isForeground true scanMode -1
06-26 04:45:21.863   522   542 V WindowManager: Finish Transition #22: created at 06-26 04:45:21.639 collect-started=0.058ms started=0.142ms ready=1.334ms sent=70.825ms finished=223.849ms
06-26 04:45:21.870   835   881 V WindowManagerShell: Track 0 became idle
06-26 04:45:21.870   835   881 V WindowManagerShell: All active transition animations finished
06-26 04:45:21.873  1596  1899 I AiAiEcho: Predicting[0]: 
06-26 04:45:21.873  1883  1883 I A       : onApplyWindowInsets: systemWindowInsets=Insets{left=0, top=24, right=0, bottom=0}
06-26 04:45:21.873  1883  1883 I A       : onApplyWindowInsets: systemWindowInsets=Insets{left=0, top=24, right=0, bottom=0}
06-26 04:45:21.879   396  1191 D audioserver: FGS Logger Transaction failed
06-26 04:45:21.879   396  1191 D audioserver: -129
06-26 04:45:21.880  1596  1899 I AiAiEcho: EchoTargets: 
06-26 04:45:21.880  1596  1899 I AiAiEcho: Filtered by AiAi flag check: 
06-26 04:45:21.890  1596  1899 I AiAiEcho: Ranked targets strategy: SORT, count: 0, ranking metadata: 
06-26 04:45:21.892  4144  4200 D BtGatt.ScanManager: uid 10131 isForeground true scanMode -1
06-26 04:45:21.892  4144  4200 D BtGatt.ScanManager: uid 10131 isForeground true scanMode -1
06-26 04:45:21.895  1596  1899 I AiAiEcho: #postPredictionTargets: Sending updates to UISurface home with targets# 0 (types=[])
06-26 04:45:21.897  1883  2330 W CorpusConfigHelper: Invalid input from icing corpus JSON flag.
06-26 04:45:21.897  1883  2330 W CorpusConfigHelper: android.util.MalformedJsonException: Use JsonReader.setLenient(true) to accept malformed JSON at line 123 column 2
06-26 04:45:21.897  1883  2330 W CorpusConfigHelper: 	at android.util.JsonReader.syntaxError(JsonReader.java:1162)
06-26 04:45:21.897  1883  2330 W CorpusConfigHelper: 	at android.util.JsonReader.checkLenient(JsonReader.java:840)
06-26 04:45:21.897  1883  2330 W CorpusConfigHelper: 	at android.util.JsonReader.nextInArray(JsonReader.java:615)
06-26 04:45:21.897  1883  2330 W CorpusConfigHelper: 	at android.util.JsonReader.peek(JsonReader.java:345)
06-26 04:45:21.897  1883  2330 W CorpusConfigHelper: 	at android.util.JsonReader.hasNext(JsonReader.java:321)
06-26 04:45:21.897  1883  2330 W CorpusConfigHelper: 	at com.google.android.apps.gsa.searchbox.c.b.b.k.c(PG:7)
06-26 04:45:21.897  1883  2330 W CorpusConfigHelper: 	at com.google.android.apps.gsa.searchbox.c.b.b.k.<init>(PG:5)
06-26 04:45:21.897  1883  2330 W CorpusConfigHelper: 	at com.google.android.apps.gsa.staticplugins.searchboxroot.features.n.a.c.<init>(PG:16)
06-26 04:45:21.897  1883  2330 W CorpusConfigHelper: 	at com.google.android.apps.gsa.staticplugins.searchboxroot.b.a(PG:14)
06-26 04:45:21.897  1883  2330 W CorpusConfigHelper: 	at com.google.android.apps.gsa.staticplugins.searchboxroot.x.<init>(PG:7)
06-26 04:45:21.897  1883  2330 W CorpusConfigHelper: 	at com.google.android.apps.gsa.binaries.velvet.app.akd.b(PG:15)
06-26 04:45:21.897  1883  2330 W CorpusConfigHelper: 	at dagger.a.e.b(PG:1)
06-26 04:45:21.897  1883  2330 W CorpusConfigHelper: 	at com.google.android.apps.gsa.staticplugins.searchboxroot.a.a.a(PG:3)
06-26 04:45:21.897  1883  2330 W CorpusConfigHelper: 	at com.google.android.apps.gsa.binaries.velvet.app.ok.f(Unknown Source:2541)
06-26 04:45:21.897  1883  2330 W CorpusConfigHelper: 	at com.google.android.apps.gsa.binaries.velvet.app.ok.b(PG:1)
06-26 04:45:21.897  1883  2330 W CorpusConfigHelper: 	at com.google.android.apps.gsa.search.core.service.g.a.c.a(PG:2)
06-26 04:45:21.897  1883  2330 W CorpusConfigHelper: 	at com.google.android.libraries.gsa.k.a.f.a(PG:2)
06-26 04:45:21.897  1883  2330 W CorpusConfigHelper: 	at com.google.common.util.concurrent.dx.a(PG:1)
06-26 04:45:21.897  1883  2330 W CorpusConfigHelper: 	at com.google.common.util.concurrent.cv.run(PG:4)
06-26 04:45:21.897  1883  2330 W CorpusConfigHelper: 	at com.google.common.util.concurrent.dz.run(PG:1)
06-26 04:45:21.897  1883  2330 W CorpusConfigHelper: 	at com.google.android.libraries.i.ae.run(PG:1)
06-26 04:45:21.897  1883  2330 W CorpusConfigHelper: 	at java.util.concurrent.ThreadPoolExecutor.runWorker(ThreadPoolExecutor.java:1145)
06-26 04:45:21.897  1883  2330 W CorpusConfigHelper: 	at java.util.concurrent.ThreadPoolExecutor$Worker.run(ThreadPoolExecutor.java:644)
06-26 04:45:21.897  1883  2330 W CorpusConfigHelper: 	at com.google.android.libraries.i.k.run(PG:2)
06-26 04:45:21.897  1883  2330 W CorpusConfigHelper: 	at com.google.android.libraries.i.p.run(PG:4)
06-26 04:45:21.897  1883  2330 W CorpusConfigHelper: 	at java.lang.Thread.run(Thread.java:1012)
06-26 04:45:21.906  1883  2456 W A       : Queue length for executor EventBus is now 11. Perhaps some tasks are too long, or the pool is too small.
06-26 04:45:21.908  1883  2456 I A       : Using proto config with mendel
06-26 04:45:21.909  1883  2456 I A       : Using proto config with mendel
