--------- beginning of main
06-26 04:46:19.167  7957  8016 I Maestro : Skipping invisible child: android.view.accessibility.AccessibilityNodeInfo@2514d; boundsInParent: Rect(0, 0 - 8, 1); boundsInScreen: Rect(130, 600 - 138, 600); boundsInWindow: Rect(130, 600 - 138, 600); packageName: com.hanapkalinga.mobile; className: com.horcrux.svg.PathView; text: null; error: null; maxTextLength: -1; stateDescription: null; contentDescription: null; tooltipText: null; containerTitle: null; viewIdResName: null; uniqueId: null; checkable: false; checked: false; focusable: false; focused: false; selected: false; clickable: false; longClickable: false; contextClickable: false; enabled: true; password: false; scrollable: false; importantForAccessibility: false; visible: false; actions: [AccessibilityAction: ACTION_SELECT - null, AccessibilityAction: ACTION_CLEAR_SELECTION - null, AccessibilityAction: ACTION_ACCESSIBILITY_FOCUS - null, AccessibilityAction: ACTION_SHOW_ON_SCREEN - null]; isTextSelectable: false
06-26 04:46:19.170  7957  8016 I Maestro : Skipping invisible child: android.view.accessibility.AccessibilityNodeInfo@25c90; boundsInParent: Rect(0, 0 - 31, 28); boundsInScreen: Rect(171, 582 - 202, 610); boundsInWindow: Rect(171, 582 - 202, 610); packageName: com.hanapkalinga.mobile; className: android.view.ViewGroup; text: null; error: null; maxTextLength: -1; stateDescription: null; contentDescription: null; tooltipText: null; containerTitle: null; viewIdResName: null; uniqueId: null; checkable: false; checked: false; focusable: false; focused: false; selected: false; clickable: false; longClickable: false; contextClickable: false; enabled: true; password: false; scrollable: false; importantForAccessibility: false; visible: false; actions: [AccessibilityAction: ACTION_SELECT - null, AccessibilityAction: ACTION_CLEAR_SELECTION - null, AccessibilityAction: ACTION_ACCESSIBILITY_FOCUS - null, AccessibilityAction: ACTION_SHOW_ON_SCREEN - null]; isTextSelectable: false
06-26 04:46:19.170  7957  8016 I Maestro : Skipping invisible child: android.view.accessibility.AccessibilityNodeInfo@27e59; boundsInParent: Rect(0, 0 - 1, 5); boundsInScreen: Rect(183, 586 - 183, 590); boundsInWindow: Rect(183, 586 - 183, 590); packageName: com.hanapkalinga.mobile; className: com.horcrux.svg.PathView; text: null; error: null; maxTextLength: -1; stateDescription: null; contentDescription: null; tooltipText: null; containerTitle: null; viewIdResName: null; uniqueId: null; checkable: false; checked: false; focusable: false; focused: false; selected: false; clickable: false; longClickable: false; contextClickable: false; enabled: true; password: false; scrollable: false; importantForAccessibility: false; visible: false; actions: [AccessibilityAction: ACTION_SELECT - null, AccessibilityAction: ACTION_CLEAR_SELECTION - null, AccessibilityAction: ACTION_ACCESSIBILITY_FOCUS - null, AccessibilityAction: ACTION_SHOW_ON_SCREEN - null]; isTextSelectable: false
06-26 04:46:19.171  7957  8016 I Maestro : Skipping invisible child: android.view.accessibility.AccessibilityNodeInfo@2821a; boundsInParent: Rect(0, 0 - 1, 5); boundsInScreen: Rect(190, 586 - 190, 590); boundsInWindow: Rect(190, 586 - 190, 590); packageName: com.hanapkalinga.mobile; className: com.horcrux.svg.PathView; text: null; error: null; maxTextLength: -1; stateDescription: null; contentDescription: null; tooltipText: null; containerTitle: null; viewIdResName: null; uniqueId: null; checkable: false; checked: false; focusable: false; focused: false; selected: false; clickable: false; longClickable: false; contextClickable: false; enabled: true; password: false; scrollable: false; importantForAccessibility: false; visible: false; actions: [AccessibilityAction: ACTION_SELECT - null, AccessibilityAction: ACTION_CLEAR_SELECTION - null, AccessibilityAction: ACTION_ACCESSIBILITY_FOCUS - null, AccessibilityAction: ACTION_SHOW_ON_SCREEN - null]; isTextSelectable: false
06-26 04:46:19.171  7957  8016 I Maestro : Skipping invisible child: android.view.accessibility.AccessibilityNodeInfo@2899c; boundsInParent: Rect(0, 0 - 18, 1); boundsInScreen: Rect(178, 594 - 195, 594); boundsInWindow: Rect(178, 594 - 195, 594); packageName: com.hanapkalinga.mobile; className: com.horcrux.svg.PathView; text: null; error: null; maxTextLength: -1; stateDescription: null; contentDescription: null; tooltipText: null; containerTitle: null; viewIdResName: null; uniqueId: null; checkable: false; checked: false; focusable: false; focused: false; selected: false; clickable: false; longClickable: false; contextClickable: false; enabled: true; password: false; scrollable: false; importantForAccessibility: false; visible: false; actions: [AccessibilityAction: ACTION_SELECT - null, AccessibilityAction: ACTION_CLEAR_SELECTION - null, AccessibilityAction: ACTION_ACCESSIBILITY_FOCUS - null, AccessibilityAction: ACTION_SHOW_ON_SCREEN - null]; isTextSelectable: false
06-26 04:46:19.173  7957  8016 I Maestro : Skipping invisible child: android.view.accessibility.AccessibilityNodeInfo@294df; boundsInParent: Rect(0, 0 - 31, 28); boundsInScreen: Rect(224, 582 - 255, 610); boundsInWindow: Rect(224, 582 - 255, 610); packageName: com.hanapkalinga.mobile; className: android.view.ViewGroup; text: null; error: null; maxTextLength: -1; stateDescription: null; contentDescription: null; tooltipText: null; containerTitle: null; viewIdResName: null; uniqueId: null; checkable: false; checked: false; focusable: false; focused: false; selected: false; clickable: false; longClickable: false; contextClickable: false; enabled: true; password: false; scrollable: false; importantForAccessibility: false; visible: false; actions: [AccessibilityAction: ACTION_SELECT - null, AccessibilityAction: ACTION_CLEAR_SELECTION - null, AccessibilityAction: ACTION_ACCESSIBILITY_FOCUS - null, AccessibilityAction: ACTION_SHOW_ON_SCREEN - null]; isTextSelectable: false
06-26 04:46:19.176  7957  8016 I Maestro : Skipping invisible child: android.view.accessibility.AccessibilityNodeInfo@2b6a8; boundsInParent: Rect(0, 0 - 31, 28); boundsInScreen: Rect(278, 582 - 309, 610); boundsInWindow: Rect(278, 582 - 309, 610); packageName: com.hanapkalinga.mobile; className: android.view.ViewGroup; text: null; error: null; maxTextLength: -1; stateDescription: null; contentDescription: null; tooltipText: null; containerTitle: null; viewIdResName: null; uniqueId: null; checkable: false; checked: false; focusable: false; focused: false; selected: false; clickable: false; longClickable: false; contextClickable: false; enabled: true; password: false; scrollable: false; importantForAccessibility: false; visible: false; actions: [AccessibilityAction: ACTION_SELECT - null, AccessibilityAction: ACTION_CLEAR_SELECTION - null, AccessibilityAction: ACTION_ACCESSIBILITY_FOCUS - null, AccessibilityAction: ACTION_SHOW_ON_SCREEN - null]; isTextSelectable: false
06-26 04:46:19.183  7957  8016 D Maestro : View hierarchy received in 58 ms
06-26 04:46:19.252  1099  1099 D TaplEvents: TIS / TouchInteractionService.onInputEvent: MotionEvent { action=ACTION_DOWN, actionButton=0, id[0]=0, x[0]=79.0, y[0]=617.0, toolType[0]=TOOL_TYPE_FINGER, buttonState=0, classification=NONE, metaState=0, flags=0x0, edgeFlags=0x0, pointerCount=1, historySize=0, eventTime=372840, downTime=372840, deviceId=-1, source=0x1002, displayId=0, eventId=-625424918 }
--------- beginning of system
06-26 04:46:19.254   522   536 D CompatibilityChangeReporter: Compat change id reported: 197654537; UID 10192; state: ENABLED
06-26 04:46:19.255  1099  1099 E PagedView: validateNewPage: failed to find a page > mMinScrollX
06-26 04:46:19.255  1099  1099 E PagedView: validateNewPage: failed to find a page > mMinScrollX
06-26 04:46:19.256   835   881 V ShellRecents: RecentsTransitionHandler.startRecentsTransition
06-26 04:46:19.256   835   881 V WindowManagerShell: Directly starting a new transition type=3 wct=WindowContainerTransaction { changes = {} hops = [{PendingIntent: options=Bundle[mParcelledData.dataSize=332]}] errorCallbackToken=null taskFragmentOrganizer=null } handler=com.android.wm.shell.recents.RecentsTransitionHandler@3ea0048
06-26 04:46:19.259   835   881 V ShellRecents: [264997614] RecentsController.setTransition: id=android.os.BinderProxy@12db8f
06-26 04:46:19.265   400   400 I BpBinder: onLastStrongRef automatically unlinking death recipients: 
06-26 04:46:19.269  1099  1099 D TaplTarget: sendStateEventToTest: 6
06-26 04:46:19.271  1099  1130 I ImeTracker: com.google.android.apps.nexuslauncher:af612cf8: onRequestHide at ORIGIN_CLIENT_HIDE_SOFT_INPUT reason HIDE_SOFT_INPUT
06-26 04:46:19.271  1099  1130 I ImeTracker: com.google.android.apps.nexuslauncher:af612cf8: onFailed at PHASE_CLIENT_VIEW_SERVED
06-26 04:46:19.281   522   606 D ActivityManager: sync unfroze 3118 com.google.android.dialer for 6
06-26 04:46:19.305   835   881 V WindowManagerShell: onTransitionReady android.os.BinderProxy@12db8f: {id=25 t=TO_FRONT f=0x80 trk=0 r=[0@Point(0, 0)] c=[{WCT{android.window.IWindowContainerToken$Stub$Proxy@9d82008} m=TO_FRONT f=SHOW_WALLPAPER|MOVE_TO_TOP leash=Surface(name=Task=1)/@0x6873e1c sb=Rect(0, 0 - 320, 640) eb=Rect(0, 0 - 320, 640) d=0},{WCT{android.window.IWindowContainerToken$Stub$Proxy@8f843a1} m=TO_BACK f=NONE leash=Surface(name=Task=15)/@0x22a2a25 sb=Rect(0, 0 - 320, 640) eb=Rect(0, 0 - 320, 640) d=0},{null m=TO_FRONT f=IS_WALLPAPER leash=Surface(name=WallpaperWindowToken{10f4362 token=android.os.Binder@82a322d})/@0x26967fa sb=Rect(0, 0 - 320, 640) eb=Rect(0, 0 - 320, 640) d=0}]}
06-26 04:46:19.305   835   881 V WindowManagerShell: Playing animation for (#25)android.os.BinderProxy@12db8f@0
06-26 04:46:19.305   835   881 V WindowManagerShell:  try firstHandler com.android.wm.shell.recents.RecentsTransitionHandler@3ea0048
06-26 04:46:19.305   835   881 V ShellRecents: [264997614] RecentsController.start
06-26 04:46:19.305   835   881 V ShellRecents:   adding pausing leaf taskId=15 at layer=8
06-26 04:46:19.306   835   881 V ShellRecents: [264997614] RecentsController.start: calling onAnimationStart
06-26 04:46:19.307   835   881 V WindowManagerShell:  animated by firstHandler
06-26 04:46:19.308   522   542 V WindowManager: Sent Transition #25 createdAt=06-26 04:46:19.257
06-26 04:46:19.308   522   542 V WindowManager:     startWCT=WindowContainerTransaction { changes = {} hops = [{PendingIntent: options=Bundle[{android.activity.splashScreenStyle=-1, android.activity.sourceInfo=android.app.ActivityOptions$SourceInfo@74a1344, android.activity.transientLaunch=true}]}] errorCallbackToken=null taskFragmentOrganizer=null }
06-26 04:46:19.308   522   542 V WindowManager:     info={id=25 t=TO_FRONT f=0x80 trk=0 r=[0@Point(0, 0)] c=[{WCT{RemoteToken{55d6e17 Task{475459b #1 type=home}}} m=TO_FRONT f=SHOW_WALLPAPER|MOVE_TO_TOP leash=Surface(name=Task=1)/@0xadabfbc sb=Rect(0, 0 - 320, 640) eb=Rect(0, 0 - 320, 640) d=0},{WCT{RemoteToken{d988f68 Task{2423777 #15 type=standard A=10192:com.hanapkalinga.mobile}}} m=TO_BACK f=NONE leash=Surface(name=Task=15)/@0xddab05a sb=Rect(0, 0 - 320, 640) eb=Rect(0, 0 - 320, 640) d=0},{null m=TO_FRONT f=IS_WALLPAPER leash=Surface(name=WallpaperWindowToken{10f4362 token=android.os.Binder@82a322d})/@0x221e540 sb=Rect(0, 0 - 320, 640) eb=Rect(0, 0 - 320, 640) d=0}]}
06-26 04:46:19.308  1099  1099 D RemoteTargetGluer: appCount: 1 handleLength: 2
06-26 04:46:19.308  1099  1099 D RemoteTargetGluer: resizing handles
06-26 04:46:19.308  1099  1099 D RemoteTargetGluer: containsSplitTargets? false handleLength: 1 appsLength: 1
06-26 04:46:19.309  1099  1099 D RemoteTargetGluer: appCount: 1 handleLength: 2
06-26 04:46:19.309  1099  1099 D RemoteTargetGluer: resizing handles
06-26 04:46:19.309  1099  1099 D RemoteTargetGluer: containsSplitTargets? false handleLength: 1 appsLength: 1
06-26 04:46:19.404  1099  1099 D TaplEvents: TIS / TouchInteractionService.onInputEvent: MotionEvent { action=ACTION_UP, actionButton=0, id[0]=0, x[0]=79.0, y[0]=617.0, toolType[0]=TOOL_TYPE_FINGER, buttonState=0, classification=NONE, metaState=0, flags=0x0, edgeFlags=0x0, pointerCount=1, historySize=0, eventTime=373006, downTime=372840, deviceId=-1, source=0x1002, displayId=0, eventId=-940415656 }
06-26 04:46:19.410  1099  1099 D TaplTarget: sendStateEventToTest: 0
06-26 04:46:19.414  1099  1130 I ImeTracker: com.google.android.apps.nexuslauncher:f7eae8a9: onRequestHide at ORIGIN_CLIENT_HIDE_SOFT_INPUT reason HIDE_SOFT_INPUT
06-26 04:46:19.415  1099  1130 I ImeTracker: com.google.android.apps.nexuslauncher:f7eae8a9: onFailed at PHASE_CLIENT_VIEW_SERVED
06-26 04:46:19.423   522  1625 W AppSearchIcing: icing-search-engine.cc:283: Error: 5, Message: Document (com.google.android.googlequicksearchbox$OneSearchZeroStateGoogleSuggestions/default, zp) not found.
06-26 04:46:19.425  1099  2171 D OneSearchSuggestProvider: Created the binder channel successfully for end point service =com.google.android.apps.search.googleapp.search.suggest.plugins.onesearch.server.OneSearchSuggestService , mChannel=z1{delegate=s1{logId=49, target=directaddress:///AndroidComponentAddress%5BIntent%20%7B%20act=grpc.io.action.BIND%20cmp=com.google.android.googlequicksearchbox/com.google.android.apps.search.googleapp.search.suggest.plugins.onesearch.server.OneSearchSuggestService%20%7D%5D}} , mOneSearchConnection=X1.T@638c248
06-26 04:46:19.428   396  1564 D audioserver: FGS Logger Transaction failed
06-26 04:46:19.428   396  1564 D audioserver: -129
06-26 04:46:19.437  3118  3118 I DialerCallerIdFeedbackDeletionWorker: com.android.dialer.calleridfeedback.impl.database.retention.CallerIdFeedbackDeletionWorker.startWork:60 startWork
06-26 04:46:19.437  3118  3118 I DialerCallerIdFeedbackEnabledFn: com.android.dialer.calleridfeedback.impl.CallerIdFeedbackEnabledFn.isEnabled:41 Caller ID feedback enabled [CONTEXT ratelimit_period="1 MINUTES [skipped: 1]" ]
06-26 04:46:19.440   396   501 D AudioFlinger: mixer(0x77c05a6cc930) throttle end: throttle time(34)
06-26 04:46:19.441   835   881 V ShellRecents: [264997614] RecentsController.finishInner: toHome=false userLeave=false willFinishToHome=false state=0
06-26 04:46:19.441   835   881 V ShellRecents:   returning to app
06-26 04:46:19.441   835   881 V ShellRecents: [264997614] RecentsController.cleanup
06-26 04:46:19.441   835   881 V WindowManagerShell: Transition animation finished (aborted=false), notifying core (#25)android.os.BinderProxy@12db8f@0
06-26 04:46:19.444  3118  3118 I DialerXatuMetricsWorker: com.android.dialer.xatu.impl.storage.postcall.XatuMetricsWorker.startWork:66 enter
06-26 04:46:19.446   522   536 W ProcessStats: Tracking association SourceState{b14606c com.google.android.googlequicksearchbox:search/10132 BTop #14226} whose proc state 2 is better than process ProcessState{4478cba com.google.android.googlequicksearchbox:interactor/10132 pkg=com.google.android.googlequicksearchbox} proc state 4 (38 skipped)
06-26 04:46:19.452  1596  1899 I AiAiEcho: Predicting[0]: 
06-26 04:46:19.452  1596  1899 I AiAiEcho: EchoTargets: 
06-26 04:46:19.452  1596  1899 I AiAiEcho: Filtered by AiAi flag check: 
06-26 04:46:19.452  1596  1899 I AiAiEcho: Ranked targets strategy: SORT, count: 0, ranking metadata: 
06-26 04:46:19.452  3118  3336 I WM-WorkerWrapper: Worker result SUCCESS for Work [ id=590cab2a-1229-4d24-9cdb-cbbf82933707, tags={ com.google.apps.tiktok.contrib.work.TikTokListenableWorker, TikTokWorker#com.android.dialer.calleridfeeback.impl.database.retention.CallerIdFeedbackDeletionWorker } ]
06-26 04:46:19.453  1596  1899 I AiAiEcho: #postPredictionTargets: Sending updates to UISurface home with targets# 0 (types=[])
06-26 04:46:19.454   522   542 V WindowManager: Finish Transition #25: created at 06-26 04:46:19.257 collect-started=0.046ms started=0.086ms ready=1.982ms sent=47.597ms finished=197.554ms
06-26 04:46:19.458   835   881 V WindowManagerShell: Track 0 became idle
06-26 04:46:19.458   835   881 V WindowManagerShell: All active transition animations finished
06-26 04:46:19.461  1883  1883 I A       : onApplyWindowInsets: systemWindowInsets=Insets{left=0, top=24, right=0, bottom=0}
06-26 04:46:19.461  1883  1883 I A       : onApplyWindowInsets: systemWindowInsets=Insets{left=0, top=24, right=0, bottom=0}
06-26 04:46:19.475  1099  2171 D OneSearchSuggestProvider: Shut down the binder channel
06-26 04:46:19.476  3118  3377 I DialerCallerIdFeedbackDatabase: com.android.dialer.calleridfeedback.impl.database.CallerIdFeedbackDatabase.deleteAllMatching:409 feedbackCreationTimestamp list empty
06-26 04:46:19.476  3118  3377 I DialerCallerIdFeedbackDatabase: com.android.dialer.calleridfeedback.impl.database.CallerIdFeedbackDatabase$1.onSuccess:351 Deleted old caller IDs.
06-26 04:46:19.476  1883  1883 I A       : Created gRPC endpoint to "search" for service class com.google.android.apps.search.googleapp.search.suggest.plugins.onesearch.server.OneSearchSuggestService
06-26 04:46:19.477  1099  1130 I ImeTracker: com.google.android.apps.nexuslauncher:a6e53daf: onRequestHide at ORIGIN_CLIENT_HIDE_SOFT_INPUT reason HIDE_SOFT_INPUT
06-26 04:46:19.477  1099  1130 I ImeTracker: com.google.android.apps.nexuslauncher:a6e53daf: onFailed at PHASE_CLIENT_VIEW_SERVED
06-26 04:46:19.490  1883  1883 W A       : Queue length for executor EventBus is now 11. Perhaps some tasks are too long, or the pool is too small.
06-26 04:46:19.500  3118  3346 I WM-WorkerWrapper: Worker result SUCCESS for Work [ id=5586c18f-3238-41b6-8827-22e8daecff3d, tags={ com.google.apps.tiktok.contrib.work.TikTokListenableWorker, TikTokWorker#com.android.dialer.xatu.impl.storage.postcall.XatuMetricsWorker } ]
06-26 04:46:19.502  1883  2456 I A       : Using proto config with mendel
06-26 04:46:19.509  4929  8286 I NamespaceManager: Package com.android.refreshratecontrol name not found! Using module version.
06-26 04:46:19.511  1883  2456 I A       : Using proto config with mendel
06-26 04:46:19.519  1883  2455 I PBSessionCacheImpl: Deleted sessionId[8283304029256472] from persistence.
06-26 04:46:19.520  1099  1099 D SearchTargetUtil:  query= size=15
06-26 04:46:19.520  1099  1099 D SearchTargetUtil: layoutType=extra_tall_icon_row resultType=131072 packageName=com.google.android.googlequicksearchbox extras=Bundle{bitmap_url=data:image/jpeg;base64,/9j/4AAQSkZJRgABAQAAAQABAAD/2wCEAAkGBwgHBgkIBwgKCgkLDRYPDQwMDRsUFRAWIB0iIiAdHx8kKDQsJCYxJx8fLT0tMTU3Ojo6Iys/RD84QzQ5OjcBCgoKDQwNGg8PGjclHyU3Nzc3Nzc3Nzc3Nzc3Nzc3Nzc3Nzc3Nzc3Nzc3Nzc3Nzc3Nzc3Nzc3Nzc3Nzc3Nzc3N//AABEIADAAMAMBIgACEQEDEQH/xAAbAAACAgMBAAAAAAAAAAAAAAAEBgIDAQUHAP/EAC8QAAIBAgUCBAQHAQAAAAAAAAECAwQRAAUSITEGQRMicZEUUYGxM1JhYnKh0UL/xAAXAQADAQAAAAAAAAAAAAAAAAABAgME/8QAHBEAAwEAAgMAAAAAAAAAAAAAAAECEQMhIkFx/9oADAMBAAIRAxEAPwDk8NMXBIxCWMqV9RjMVQyggHEGl1SR34Di/vhBh5ympp8vySB6qpjhDo7DU258zLYDufS/0xfQ55TSOBT1MTnsrcn6HAHRtJR1g+KrYJJmYkJdLqg7D5b7nA3WNEPiHajpkRF4cWDWH7QSbeoGM9xN1jKxTlBuYVDSZnlnl3WW9lH6g4bqXqB4Y7LNY77Ff8xzzpWeqzDM6VIy8lREW0BU1uQQRx3Iwz5i8k0/iGmlRRGq/gsouoCk+4OE5ONpJBmk2cuBOJxjxJo0Y2DMAT8sU8c7Y3mU5a3hmSuoZ0Eun4eZ1ZRcgkFex4Hz2xrbwklvQ5ZKlLR5NR+JBTiriUaZJbkc9gNzfnbGTVJPCwlihkkUkBkRltf+WAXzWiahyyDKYauqrzAI6uleNQlwB5lN99+bjjfa24r5hIbrURLSiM+fiw9tsZ6l72UVLCPTMBy3qJKmGQeNqYRLf1v7cYdDUVMRhT4qaIot3HYhm1bffCdkHUIoc5y7MKDLhOtFG6GCSQXlL6tRJ07X1Ht9cNWb9eZ1m8olXp+ipyq6bs7SEj1FsNab9ir4LXRsuVZdkS5jUU6NUh3BlaLUwvsAt/0++KKzNJ6mKCSWZpgJCSW7Ecf0ThNpqp4SqklkHA/L6YNqMwJAjpmsrAF/L/0L8Yd8floFWI3eYZpHRxEUsaRvP+KQfNIObftX05OFuqrZapwzFtJ30k8YpZy8pLkk25OMqqqNgL4opSEdNkkIMfmO+Lmq5mXQ8jOg2AZibDA/bHu2DgD/2Q==,suggestion_type=33,suggest_truncate_start=false,is_answer=false,is_entity=true,is_personal=false,suggest_raw_text=gorō taniguchi,group_id=web117061,response_id=d9f1e997-63a9-4018-a440-9f9113abf6ca,support_query_builder=false,} searchAction=Gorō Taniguchi searchActionExtras=Bundle{learn_more_url=https://support.google.com/websearch/answer/106230?hl=106230,suggestion_action_text=Report this,should_start_for_result=true,allow_pinning=true,skip_logging_in_target_handler=false,suggestion_action_rpc=2,}ParentID: null targetID: 87c1bbf5-d6d3-4b45-8600-2b4519164587
06-26 04:46:19.520  1099  1099 D SearchTargetUtil: layoutType=short_icon_row resultType=131072 packageName=com.google.android.googlequicksearchbox extras=Bundle{suggestion_type=33,suggest_truncate_start=false,is_answer=false,is_entity=false,is_personal=false,suggest_raw_text=ibuypower rtx 5070 amazon deal,group_id=web117061,response_id=d9f1e997-63a9-4018-a440-9f9113abf6ca,support_query_builder=false,} searchAction=ibuypower rtx 5070 amazon deal searchActionExtras=Bundle{learn_more_url=https://support.google.com/websearch/answer/106230?hl=106230,suggestion_action_text=Report this,should_start_for_result=true,allow_pinning=true,skip_logging_in_target_handler=false,suggestion_action_rpc=2,}ParentID: null targetID: 956f60fc-a2d1-4241-a738-c836aed05e56
06-26 04:46:19.520  1099  1099 D SearchTargetUtil: layoutType=short_icon_row resultType=131072 packageName=com.google.android.googlequicksearchbox extras=Bundle{suggestion_type=33,suggest_truncate_start=false,is_answer=false,is_entity=false,is_personal=false,suggest_raw_text=crofton cookware,group_id=web117061,response_id=d9f1e997-63a9-4018-a440-9f9113abf6ca,support_query_builder=false,} searchAction=crofton cookware searchActionExtras=Bundle{learn_more_url=https://support.google.com/websearch/answer/106230?hl=106230,suggestion_action_text=Report this,should_start_for_result=true,allow_pinning=true,skip_logging_in_target_handler=false,suggestion_action_rpc=2,}ParentID: null targetID: b0952fb8-5958-406c-a103-50babd3ae409
06-26 04:46:19.520  1099  1099 D SearchTargetUtil: layoutType=short_icon_row resultType=131072 packageName=com.google.android.googlequicksearchbox extras=Bundle{suggestion_type=33,suggest_truncate_start=false,is_answer=false,is_entity=false,is_personal=false,suggest_raw_text=johnson hagood stadium human remains,group_id=web117061,response_id=d9f1e997-63a9-4018-a440-9f9113abf6ca,support_query_builder=false,} searchAction=johnson hagood stadium human remains searchActionExtras=Bundle{learn_more_url=https://support.google.com/websearch/answer/106230?hl=106230,suggestion_action_text=Report this,should_start_for_result=true,allow_pinning=true,skip_logging_in_target_handler=false,suggestion_action_rpc=2,}ParentID: null targetID: 87e06049-8f68-426d-8b16-c9f8bc014307
06-26 04:46:19.521  1099  1099 D SearchTargetUtil: layoutType=short_icon_row resultType=131072 packageName=com.google.android.googlequicksearchbox extras=Bundle{suggestion_type=33,suggest_truncate_start=false,is_answer=false,is_entity=false,is_personal=false,suggest_raw_text=us marines haiti embassy,group_id=web117061,response_id=d9f1e997-63a9-4018-a440-9f9113abf6ca,support_query_builder=false,} searchAction=us marines haiti embassy searchActionExtras=Bundle{learn_more_url=https://support.google.com/websearch/answer/106230?hl=106230,suggestion_action_text=Report this,should_start_for_result=true,allow_pinning=true,skip_logging_in_target_handler=false,suggestion_action_rpc=2,}ParentID: null targetID: fbdba84c-18db-470c-a268-86393d878616
06-26 04:46:19.521  1099  1099 D SearchTargetUtil: layoutType=short_icon_row resultType=131072 packageName=com.google.android.googlequicksearchbox extras=Bundle{suggestion_type=33,suggest_truncate_start=false,is_answer=false,is_entity=false,is_personal=false,suggest_raw_text=ebola cases france,group_id=web117061,response_id=d9f1e997-63a9-4018-a440-9f9113abf6ca,support_query_builder=false,} searchAction=ebola cases france searchActionExtras=Bundle{learn_more_url=https://support.google.com/websearch/answer/106230?hl=106230,suggestion_action_text=Report this,should_start_for_result=true,allow_pinning=true,skip_logging_in_target_handler=false,suggestion_action_rpc=2,}ParentID: null targetID: 7a8fdd5f-83e3-4859-89cd-2f5176f72680
06-26 04:46:19.521  1099  1099 D SearchTargetUtil: layoutType=short_icon_row resultType=131072 packageName=com.google.android.googlequicksearchbox extras=Bundle{suggestion_type=33,suggest_truncate_start=false,is_answer=false,is_entity=false,is_personal=false,suggest_raw_text=morningstar farms food recall,group_id=web117061,response_id=d9f1e997-63a9-4018-a440-9f9113abf6ca,support_query_builder=false,} searchAction=morningstar farms food recall searchActionExtras=Bundle{learn_more_url=https://support.google.com/websearch/answer/106230?hl=106230,suggestion_action_text=Report this,should_start_for_result=true,allow_pinning=true,skip_logging_in_target_handler=false,suggestion_action_rpc=2,}ParentID: null targetID: d9fced68-2c3d-47c0-ac67-638f1123153f
06-26 04:46:19.521  1099  1099 D SearchTargetUtil: layoutType=short_icon_row resultType=131072 packageName=com.google.android.googlequicksearchbox extras=Bundle{suggestion_type=33,suggest_truncate_start=false,is_answer=false,is_entity=false,is_personal=false,suggest_raw_text=one piece manga chapter 1186 spoilers,group_id=web117061,response_id=d9f1e997-63a9-4018-a440-9f9113abf6ca,support_query_builder=false,} searchAction=one piece manga chapter 1186 spoilers searchActionExtras=Bundle{learn_more_url=https://support.google.com/websearch/answer/106230?hl=106230,suggestion_action_text=Report this,should_start_for_result=true,allow_pinning=true,skip_logging_in_target_handler=false,suggestion_action_rpc=2,}ParentID: null targetID: f558015c-6f3d-4903-adbf-0a26478645da
06-26 04:46:19.521  1099  1099 D SearchTargetUtil: layoutType=short_icon_row resultType=131072 packageName=com.google.android.googlequicksearchbox extras=Bundle{suggestion_type=33,suggest_truncate_start=false,is_answer=false,is_entity=false,is_personal=false,suggest_raw_text=green bay flash flooding,group_id=web117061,response_id=d9f1e997-63a9-4018-a440-9f9113abf6ca,support_query_builder=false,} searchAction=green bay flash flooding searchActionExtras=Bundle{learn_more_url=https://support.google.com/websearch/answer/106230?hl=106230,suggestion_action_text=Report this,should_start_for_result=true,allow_pinning=true,skip_logging_in_target_handler=false,suggestion_action_rpc=2,}ParentID: null targetID: d06a0928-6001-417b-bb50-cf8b765fef35
06-26 04:46:19.521  1099  1099 D SearchTargetUtil: layoutType=short_icon_row resultType=131072 packageName=com.google.android.googlequicksearchbox extras=Bundle{suggestion_type=33,suggest_truncate_start=false,is_answer=false,is_entity=false,is_personal=false,suggest_raw_text=euclid telescope milky way image,group_id=web117061,response_id=d9f1e997-63a9-4018-a440-9f9113abf6ca,support_query_builder=false,} searchAction=euclid telescope milky way image searchActionExtras=Bundle{learn_more_url=https://support.google.com/websearch/answer/106230?hl=106230,suggestion_action_text=Report this,should_start_for_result=true,allow_pinning=true,skip_logging_in_target_handler=false,suggestion_action_rpc=2,}ParentID: null targetID: 7e82fa72-6c61-421c-85d6-6bb3bfe78b5d
06-26 04:46:19.521  1099  1099 D SearchTargetUtil: layoutType=short_icon_row resultType=131072 packageName=com.google.android.googlequicksearchbox extras=Bundle{suggestion_type=33,suggest_truncate_start=false,is_answer=false,is_entity=false,is_personal=false,suggest_raw_text=apple iphone 18 pro max,group_id=web117061,response_id=d9f1e997-63a9-4018-a440-9f9113abf6ca,support_query_builder=false,} searchAction=apple iphone 18 pro max searchActionExtras=Bundle{learn_more_url=https://support.google.com/websearch/answer/106230?hl=106230,suggestion_action_text=Report this,should_start_for_result=true,allow_pinning=true,skip_logging_in_target_handler=false,suggestion_action_rpc=2,}ParentID: null targetID: ec20c87a-047b-41d3-affa-c0b885921e94
06-26 04:46:19.521  1099  1099 D SearchTargetUtil: layoutType=short_icon_row resultType=131072 packageName=com.google.android.googlequicksearchbox extras=Bundle{suggestion_type=33,suggest_truncate_start=false,is_answer=false,is_entity=false,is_personal=false,suggest_raw_text=iran war hormuz,group_id=web117061,response_id=d9f1e997-63a9-4018-a440-9f9113abf6ca,support_query_builder=false,} searchAction=iran war hormuz searchActionExtras=Bundle{learn_more_url=https://support.google.com/websearch/answer/106230?hl=106230,suggestion_action_text=Report this,should_start_for_result=true,allow_pinning=true,skip_logging_in_target_handler=false,suggestion_action_rpc=2,}ParentID: null targetID: c1bebbc8-ea4d-4544-94f6-9f8052e3d0d1
06-26 04:46:19.521  1099  1099 D SearchTargetUtil: layoutType=short_icon_row resultType=131072 packageName=com.google.android.googlequicksearchbox extras=Bundle{suggestion_type=33,suggest_truncate_start=false,is_answer=false,is_entity=false,is_personal=false,suggest_raw_text=chicago bears stadium,group_id=web117061,response_id=d9f1e997-63a9-4018-a440-9f9113abf6ca,support_query_builder=false,} searchAction=chicago bears stadium searchActionExtras=Bundle{learn_more_url=https://support.google.com/websearch/answer/106230?hl=106230,suggestion_action_text=Report this,should_start_for_result=true,allow_pinning=true,skip_logging_in_target_handler=false,suggestion_action_rpc=2,}ParentID: null targetID: d4951ad8-3a39-4c4c-8780-6f7671928d99
06-26 04:46:19.521  1099  1099 D SearchTargetUtil: layoutType=short_icon_row resultType=131072 packageName=com.google.android.googlequicksearchbox extras=Bundle{suggestion_type=33,suggest_truncate_start=false,is_answer=false,is_entity=false,is_personal=false,suggest_raw_text=2027 gmc sierra 1500,group_id=web117061,response_id=d9f1e997-63a9-4018-a440-9f9113abf6ca,support_query_builder=false,} searchAction=2027 gmc sierra 1500 searchActionExtras=Bundle{learn_more_url=https://support.google.com/websearch/answer/106230?hl=106230,suggestion_action_text=Report this,should_start_for_result=true,allow_pinning=true,skip_logging_in_target_handler=false,suggestion_action_rpc=2,}ParentID: null targetID: 1eec4aaf-a808-46a8-8e7f-f006c3accb7d
06-26 04:46:19.521  1099  1099 D SearchTargetUtil: layoutType=short_icon_row resultType=131072 packageName=com.google.android.googlequicksearchbox extras=Bundle{suggestion_type=33,suggest_truncate_start=false,is_answer=false,is_entity=false,is_personal=false,suggest_raw_text=today wordle hints,group_id=web117061,response_id=d9f1e997-63a9-4018-a440-9f9113abf6ca,support_query_builder=false,} searchAction=today wordle hints searchActionExtras=Bundle{learn_more_url=https://support.google.com/websearch/answer/106230?hl=106230,suggestion_action_text=Report this,should_start_for_result=true,allow_pinning=true,skip_logging_in_target_handler=false,suggestion_action_rpc=2,}ParentID: null targetID: 52e4c436-3c6d-4651-9999-aa71537c6a3c
06-26 04:46:19.525  1883  2456 W SearchServiceCore: Abort, client detached.
06-26 04:46:19.527  4929  8286 I NamespaceManager: Package com.google.oslo name not found! Using module version.
06-26 04:46:19.527  4929  8286 I NamespaceManager: Package com.android.media name not found! Using module version.
06-26 04:46:19.527  4929  8286 I NamespaceManager: Package com.android.media.swcodec name not found! Using module version.
06-26 04:46:19.528  1099  2073 I IPCThreadState: oneway function results for code 2 on binder at 0x7423bbef9ea0 will be dropped but finished with status UNKNOWN_TRANSACTION
06-26 04:46:19.528  4929  8286 I NamespaceManager: Package com.android.neuralnetworks name not found! Using module version.
06-26 04:46:19.529  4929  8286 I NamespaceManager: Package com.android.media name not found! Using module version.
06-26 04:46:19.529  4929  8286 I NamespaceManager: Package 1 name not found! Using module version.
06-26 04:46:19.530  4929  8286 I NamespaceManager: Package rkpd name not found! Using module version.
06-26 04:46:19.530  4929  8286 I NamespaceManager: Package android.companion name not found! Using module version.
06-26 04:46:19.531  4929  8286 I NamespaceManager: Package com.google.android.aicore name not found! Using module version.
06-26 04:46:19.532  4929  8286 I NamespaceManager: Package com.google.android.audioproxy name not found! Using module version.
06-26 04:46:19.532  4929  8286 I NamespaceManager: Package com.google.android.apps.pixel.psi name not found! Using module version.
06-26 04:46:19.533  4929  8286 I NamespaceManager: Package com.google.android.apps.safetycore name not found! Using module version.
06-26 04:46:19.533  4929  8286 I NamespaceManager: Package com.google.android.crashrecovery name not found! Using module version.
06-26 04:46:19.533  4929  8286 I NamespaceManager: Package com.google.android.profiling name not found! Using module version.
06-26 04:46:19.534  4929  8286 I NamespaceManager: Package com.google.android.bt name not found! Using module version.
06-26 04:46:19.534  4929  8286 I NamespaceManager: Package com.google.android.nfcservices name not found! Using module version.
06-26 04:46:19.534  4929  8286 I NamespaceManager: Package com.google.android.webapp name not found! Using module version.
06-26 04:46:19.534  4929  8286 I NamespaceManager: Package com.google.android.telephonycore name not found! Using module version.
06-26 04:46:19.534  4929  8286 I NamespaceManager: Package com.google.android.uprobestats name not found! Using module version.
06-26 04:46:19.536   522  1208 D ActivityManager: sync unfroze 1608 android.process.acore for 7
06-26 04:46:19.566  8119  8119 E unknown:SurfaceMountingManager: Unhandled SoftException
06-26 04:46:19.566  8119  8119 E unknown:SurfaceMountingManager: java.lang.IllegalStateException: addViewAt: cannot insert view [302] into parent [304]: View already has a parent: [322]  Parent: ReactViewGroup View: SvgView
06-26 04:46:19.566  8119  8119 E unknown:SurfaceMountingManager: 	at com.facebook.react.fabric.mounting.SurfaceMountingManager.addViewAt(SurfaceMountingManager.kt:307)
06-26 04:46:19.566  8119  8119 E unknown:SurfaceMountingManager: 	at com.facebook.react.fabric.mounting.mountitems.IntBufferBatchMountItem.execute(IntBufferBatchMountItem.kt:122)
06-26 04:46:19.566  8119  8119 E unknown:SurfaceMountingManager: 	at com.facebook.react.fabric.mounting.MountItemDispatcher.executeOrEnqueue(MountItemDispatcher.kt:340)
06-26 04:46:19.566  8119  8119 E unknown:SurfaceMountingManager: 	at com.facebook.react.fabric.mounting.MountItemDispatcher.dispatchMountItems(MountItemDispatcher.kt:246)
06-26 04:46:19.566  8119  8119 E unknown:SurfaceMountingManager: 	at com.facebook.react.fabric.mounting.MountItemDispatcher.tryDispatchMountItems(MountItemDispatcher.kt:93)
06-26 04:46:19.566  8119  8119 E unknown:SurfaceMountingManager: 	at com.facebook.react.fabric.FabricUIManager$DispatchUIFrameCallback.doFrameGuarded(FabricUIManager.java:1528)
06-26 04:46:19.566  8119  8119 E unknown:SurfaceMountingManager: 	at com.facebook.react.uimanager.GuardedFrameCallback.doFrame(GuardedFrameCallback.kt:42)
06-26 04:46:19.566  8119  8119 E unknown:SurfaceMountingManager: 	at com.facebook.react.modules.core.ReactChoreographer.frameCallback$lambda$1(ReactChoreographer.kt:59)
06-26 04:46:19.566  8119  8119 E unknown:SurfaceMountingManager: 	at com.facebook.react.modules.core.ReactChoreographer.$r8$lambda$nSkFhrr5T7rop_XKwzlLov4NLLw(Unknown Source:0)
06-26 04:46:19.566  8119  8119 E unknown:SurfaceMountingManager: 	at com.facebook.react.modules.core.ReactChoreographer$$ExternalSyntheticLambda0.doFrame(D8$$SyntheticClass:0)
06-26 04:46:19.566  8119  8119 E unknown:SurfaceMountingManager: 	at android.view.Choreographer$CallbackRecord.run(Choreographer.java:1337)
06-26 04:46:19.566  8119  8119 E unknown:SurfaceMountingManager: 	at android.view.Choreographer$CallbackRecord.run(Choreographer.java:1348)
06-26 04:46:19.566  8119  8119 E unknown:SurfaceMountingManager: 	at android.view.Choreographer.doCallbacks(Choreographer.java:952)
06-26 04:46:19.566  8119  8119 E unknown:SurfaceMountingManager: 	at android.view.Choreographer.doFrame(Choreographer.java:878)
06-26 04:46:19.566  8119  8119 E unknown:SurfaceMountingManager: 	at android.view.Choreographer$FrameDisplayEventReceiver.run(Choreographer.java:1322)
06-26 04:46:19.566  8119  8119 E unknown:SurfaceMountingManager: 	at android.os.Handler.handleCallback(Handler.java:958)
06-26 04:46:19.566  8119  8119 E unknown:SurfaceMountingManager: 	at android.os.Handler.dispatchMessage(Handler.java:99)
06-26 04:46:19.566  8119  8119 E unknown:SurfaceMountingManager: 	at android.os.Looper.loopOnce(Looper.java:205)
06-26 04:46:19.566  8119  8119 E unknown:SurfaceMountingManager: 	at android.os.Looper.loop(Looper.java:294)
06-26 04:46:19.566  8119  8119 E unknown:SurfaceMountingManager: 	at android.app.ActivityThread.main(ActivityThread.java:8177)
06-26 04:46:19.566  8119  8119 E unknown:SurfaceMountingManager: 	at java.lang.reflect.Method.invoke(Native Method)
06-26 04:46:19.566  8119  8119 E unknown:SurfaceMountingManager: 	at com.android.internal.os.RuntimeInit$MethodAndArgsCaller.run(RuntimeInit.java:552)
06-26 04:46:19.566  8119  8119 E unknown:SurfaceMountingManager: 	at com.android.internal.os.ZygoteInit.main(ZygoteInit.java:971)
06-26 04:46:19.566  8119  8119 E unknown:MountItemDispatcher: dispatchMountItems: caught exception, displaying mount state
06-26 04:46:19.566  8119  8119 E unknown:MountItemDispatcher: java.lang.IllegalStateException: addViewAt: failed to insert view [302] into parent [304] at index 0
06-26 04:46:19.566  8119  8119 E unknown:MountItemDispatcher: 	at com.facebook.react.fabric.mounting.SurfaceMountingManager.addViewAt(SurfaceMountingManager.kt:336)
06-26 04:46:19.566  8119  8119 E unknown:MountItemDispatcher: 	at com.facebook.react.fabric.mounting.mountitems.IntBufferBatchMountItem.execute(IntBufferBatchMountItem.kt:122)
06-26 04:46:19.566  8119  8119 E unknown:MountItemDispatcher: 	at com.facebook.react.fabric.mounting.MountItemDispatcher.executeOrEnqueue(MountItemDispatcher.kt:340)
06-26 04:46:19.566  8119  8119 E unknown:MountItemDispatcher: 	at com.facebook.react.fabric.mounting.MountItemDispatcher.dispatchMountItems(MountItemDispatcher.kt:246)
06-26 04:46:19.566  8119  8119 E unknown:MountItemDispatcher: 	at com.facebook.react.fabric.mounting.MountItemDispatcher.tryDispatchMountItems(MountItemDispatcher.kt:93)
06-26 04:46:19.566  8119  8119 E unknown:MountItemDispatcher: 	at com.facebook.react.fabric.FabricUIManager$DispatchUIFrameCallback.doFrameGuarded(FabricUIManager.java:1528)
06-26 04:46:19.566  8119  8119 E unknown:MountItemDispatcher: 	at com.facebook.react.uimanager.GuardedFrameCallback.doFrame(GuardedFrameCallback.kt:42)
06-26 04:46:19.566  8119  8119 E unknown:MountItemDispatcher: 	at com.facebook.react.modules.core.ReactChoreographer.frameCallback$lambda$1(ReactChoreographer.kt:59)
06-26 04:46:19.566  8119  8119 E unknown:MountItemDispatcher: 	at com.facebook.react.modules.core.ReactChoreographer.$r8$lambda$nSkFhrr5T7rop_XKwzlLov4NLLw(Unknown Source:0)
06-26 04:46:19.566  8119  8119 E unknown:MountItemDispatcher: 	at com.facebook.react.modules.core.ReactChoreographer$$ExternalSyntheticLambda0.doFrame(D8$$SyntheticClass:0)
06-26 04:46:19.566  8119  8119 E unknown:MountItemDispatcher: 	at android.view.Choreographer$CallbackRecord.run(Choreographer.java:1337)
06-26 04:46:19.566  8119  8119 E unknown:MountItemDispatcher: 	at android.view.Choreographer$CallbackRecord.run(Choreographer.java:1348)
06-26 04:46:19.566  8119  8119 E unknown:MountItemDispatcher: 	at android.view.Choreographer.doCallbacks(Choreographer.java:952)
06-26 04:46:19.566  8119  8119 E unknown:MountItemDispatcher: 	at android.view.Choreographer.doFrame(Choreographer.java:878)
06-26 04:46:19.566  8119  8119 E unknown:MountItemDispatcher: 	at android.view.Choreographer$FrameDisplayEventReceiver.run(Choreographer.java:1322)
06-26 04:46:19.566  8119  8119 E unknown:MountItemDispatcher: 	at android.os.Handler.handleCallback(Handler.java:958)
06-26 04:46:19.566  8119  8119 E unknown:MountItemDispatcher: 	at android.os.Handler.dispatchMessage(Handler.java:99)
06-26 04:46:19.566  8119  8119 E unknown:MountItemDispatcher: 	at android.os.Looper.loopOnce(Looper.java:205)
06-26 04:46:19.566  8119  8119 E unknown:MountItemDispatcher: 	at android.os.Looper.loop(Looper.java:294)
06-26 04:46:19.566  8119  8119 E unknown:MountItemDispatcher: 	at android.app.ActivityThread.main(ActivityThread.java:8177)
06-26 04:46:19.566  8119  8119 E unknown:MountItemDispatcher: 	at java.lang.reflect.Method.invoke(Native Method)
06-26 04:46:19.566  8119  8119 E unknown:MountItemDispatcher: 	at com.android.internal.os.RuntimeInit$MethodAndArgsCaller.run(RuntimeInit.java:552)
06-26 04:46:19.566  8119  8119 E unknown:MountItemDispatcher: 	at com.android.internal.os.ZygoteInit.main(ZygoteInit.java:971)
06-26 04:46:19.566  8119  8119 E unknown:MountItemDispatcher: Caused by: java.lang.IllegalStateException: The specified child already has a parent. You must call removeView() on the child's parent first.
06-26 04:46:19.566  8119  8119 E unknown:MountItemDispatcher: 	at android.view.ViewGroup.addViewInner(ViewGroup.java:5275)
06-26 04:46:19.566  8119  8119 E unknown:MountItemDispatcher: 	at android.view.ViewGroup.addView(ViewGroup.java:5104)
06-26 04:46:19.566  8119  8119 E unknown:MountItemDispatcher: 	at android.view.ViewGroup.addView(ViewGroup.java:5044)
06-26 04:46:19.566  8119  8119 E unknown:MountItemDispatcher: 	at com.facebook.react.views.view.ReactClippingViewManager.addView(ReactClippingViewManager.kt:36)
06-26 04:46:19.566  8119  8119 E unknown:MountItemDispatcher: 	at com.facebook.react.views.view.ReactClippingViewManager.addView(ReactClippingViewManager.kt:20)
06-26 04:46:19.566  8119  8119 E unknown:MountItemDispatcher: 	at com.facebook.react.fabric.mounting.SurfaceMountingManager.addViewAt(SurfaceMountingManager.kt:333)
06-26 04:46:19.566  8119  8119 E unknown:MountItemDispatcher: 	... 22 more
06-26 04:46:19.566  8119  8119 E unknown:MountItemDispatcher: dispatchMountItems: mountItem: next mountItem triggered exception!
06-26 04:46:19.573  8119  8119 E unknown:MountItemDispatcher: dispatchMountItems: mountItem: IntBufferBatchMountItem [surface:1]:
06-26 04:46:19.573  8119  8119 E unknown:MountItemDispatcher: dispatchMountItems: mountItem: INSERT [664]->[666] @0
06-26 04:46:19.573  8119  8119 E unknown:MountItemDispatcher: dispatchMountItems: mountItem: INSERT [666]->[292] @1
06-26 04:46:19.573  8119  8119 E unknown:MountItemDispatcher: dispatchMountItems: mountItem: REMOVE [312]->[314] @0
06-26 04:46:19.573  8119  8119 E unknown:MountItemDispatcher: dispatchMountItems: mountItem: REMOVE [314]->[322] @1
06-26 04:46:19.573  8119  8119 E unknown:MountItemDispatcher: dispatchMountItems: mountItem: REMOVE [302]->[322] @0
06-26 04:46:19.573  8119  8119 E unknown:MountItemDispatcher: dispatchMountItems: mountItem: CREATE [304] - layoutable:1 - RCTView
06-26 04:46:19.573  8119  8119 E unknown:MountItemDispatcher: dispatchMountItems: mountItem: INSERT [304]->[322] @0
06-26 04:46:19.573  8119  8119 E unknown:MountItemDispatcher: dispatchMountItems: mountItem: INSERT [302]->[304] @0
06-26 04:46:19.573  8119  8119 E unknown:MountItemDispatcher: dispatchMountItems: mountItem: INSERT [312]->[322] @1
06-26 04:46:19.573  8119  8119 E unknown:MountItemDispatcher: dispatchMountItems: mountItem: REMOVE [342]->[352] @1
06-26 04:46:19.573  8119  8119 E unknown:MountItemDispatcher: dispatchMountItems: mountItem: REMOVE [332]->[334] @0
06-26 04:46:19.573  8119  8119 E unknown:MountItemDispatcher: dispatchMountItems: mountItem: REMOVE [334]->[352] @0
06-26 04:46:19.573  8119  8119 E unknown:MountItemDispatcher: dispatchMountItems: mountItem: CREATE [344] - layoutable:1 - RCTView
06-26 04:46:19.573  8119  8119 E unknown:MountItemDispatcher: dispatchMountItems: mountItem: INSERT [332]->[352] @0
06-26 04:46:19.573  8119  8119 E unknown:MountItemDispatcher: dispatchMountItems: mountItem: INSERT [344]->[352] @1
06-26 04:46:19.573  8119  8119 E unknown:MountItemDispatcher: dispatchMountItems: mountItem: INSERT [342]->[344] @0
06-26 04:46:19.573  8119  8119 E unknown:MountItemDispatcher: dispatchMountItems: mountItem: REMOVE [504]->[506] @0
06-26 04:46:19.573  8119  8119 E unknown:MountItemDispatcher: dispatchMountItems: mountItem: REMOVE [506]->[508] @0
06-26 04:46:19.573  8119  8119 E unknown:MountItemDispatcher: dispatchMountItems: mountItem: REMOVE [528]->[530] @0
06-26 04:46:19.573  8119  8119 E unknown:MountItemDispatcher: dispatchMountItems: mountItem: REMOVE [234]->[236] @1
06-26 04:46:19.573  8119  8119 E unknown:MountItemDispatcher: dispatchMountItems: mountItem: REMOVE [232]->[236] @0
06-26 04:46:19.573  8119  8119 E unknown:MountItemDispatcher: dispatchMountItems: mountItem: REMOVE [236]->[238] @0
06-26 04:46:19.573  8119  8119 E unknown:MountItemDispatcher: dispatchMountItems: mountItem: REMOVE [238]->[240] @1
06-26 04:46:19.573  8119  8119 E unknown:MountItemDispatcher: dispatchMountItems: mountItem: REMOVE [230]->[240] @0
06-26 04:46:19.573  8119  8119 E unknown:MountItemDispatcher: dispatchMountItems: mountItem: REMOVE [568]->[570] @9
06-26 04:46:19.573  8119  8119 E unknown:MountItemDispatcher: dispatchMountItems: mountItem: REMOVE [566]->[570] @8
06-26 04:46:19.573  8119  8119 E unknown:MountItemDispatcher: dispatchMountItems: mountItem: REMOVE [564]->[570] @7
06-26 04:46:19.573  8119  8119 E unknown:MountItemDispatcher: dispatchMountItems: mountItem: REMOVE [562]->[570] @6
06-26 04:46:19.573  8119  8119 E unknown:MountItemDispatcher: dispatchMountItems: mountItem: REMOVE [560]->[570] @5
06-26 04:46:19.573  8119  8119 E unknown:MountItemDispatcher: dispatchMountItems: mountItem: REMOVE [558]->[570] @4
06-26 04:46:19.573  8119  8119 E unknown:MountItemDispatcher: dispatchMountItems: mountItem: REMOVE [556]->[570] @3
06-26 04:46:19.573  8119  8119 E unknown:MountItemDispatcher: dispatchMountItems: mountItem: REMOVE [554]->[570] @2
06-26 04:46:19.573  8119  8119 E unknown:MountItemDispatcher: dispatchMountItems: mountItem: REMOVE [552]->[570] @1
06-26 04:46:19.573  8119  8119 E unknown:MountItemDispatcher: dispatchMountItems: mountItem: REMOVE [550]->[570] @0
06-26 04:46:19.573  8119  8119 E unknown:MountItemDispatcher: dispatchMountItems: mountItem: REMOVE [570]->[572] @0
06-26 04:46:19.573  8119  8119 E unknown:MountItemDispatcher: dispatchMountItems: mountItem: REMOVE [592]->[600] @6
06-26 04:46:19.573  8119  8119 E unknown:MountItemDispatcher: dispatchMountItems: mountItem: REMOVE [594]->[600] @5
06-26 04:46:19.573  8119  8119 E unknown:MountItemDispatcher: dispatchMountItems: mountItem: REMOVE [586]->[600] @4
06-26 04:46:19.573  8119  8119 E unknown:MountItemDispatcher: dispatchMountItems: mountItem: REMOVE [582]->[600] @3
06-26 04:46:19.573  8119  8119 E unknown:MountItemDispatcher: dispatchMountItems: mountItem: REMOVE [578]->[600] @2
06-26 04:46:19.573  8119  8119 E unknown:MountItemDispatcher: dispatchMountItems: mountItem: REMOVE [572]->[600] @1
06-26 04:46:19.573  8119  8119 E unknown:MountItemDispatcher: dispatchMountItems: mountItem: REMOVE [574]->[600] @0
06-26 04:46:19.573  8119  8119 E unknown:MountItemDispatcher: dispatchMountItems: mountItem: REMOVE [622]->[624] @9
06-26 04:46:19.573  8119  8119 E unknown:MountItemDispatcher: dispatchMountItems: mountItem: REMOVE [620]->[624] @8
06-26 04:46:19.573  8119  8119 E unknown:MountItemDispatcher: dispatchMountItems: mountItem: REMOVE [618]->[624] @7
06-26 04:46:19.573  8119  8119 E unknown:MountItemDispatcher: dispatchMountItems: mountItem: REMOVE [616]->[624] @6
06-26 04:46:19.573  8119  8119 E unknown:MountItemDispatcher: dispatchMountItems: mountItem: REMOVE [614]->[624] @5
06-26 04:46:19.573  8119  8119 E unknown:MountItemDispatcher: dispatchMountItems: mountItem: REMOVE [612]->[624] @4
06-26 04:46:19.573  8119  8119 E unknown:MountItemDispatcher: dispatchMountItems: mountItem: REMOVE [610]->[624] @3
06-26 04:46:19.573  8119  8119 E unknown:MountItemDispatcher: dispatchMountItems: mountItem: REMOVE [608]->[624] @2
06-26 04:46:19.573  8119  8119 E unknown:MountItemDispatcher: dispatchMountItems: mountItem: REMOVE [606]->[624] @1
06-26 04:46:19.573  8119  8119 E unknown:MountItemDispatcher: dispatchMountItems: mountItem: REMOVE [604]->[624] @0
06-26 04:46:19.573  8119  8119 E unknown:MountItemDispatcher: dispatchMountItems: mountItem: REMOVE [624]->[626] @0
06-26 04:46:19.573  8119  8119 E unknown:MountItemDispatcher: dispatchMountItems: mountItem: REMOVE [646]->[654] @6
06-26 04:46:19.573  8119  8119 E unknown:MountItemDispatcher: dispatchMountItems: mountItem: REMOVE [648]->[654] @5
06-26 04:46:19.573  8119  8119 E unknown:MountItemDispatcher: dispatchMountItems: mountItem: REMOVE [640]->[654] @4
06-26 04:46:19.574  5004  8290 I ChimeraConfigurator: Starting update, reason: 4 urgentFeatures: vision.ocr:-1
06-26 04:46:19.574  8119  8119 E unknown:MountItemDispatcher: dispatchMountItems: mountItem: REMOVE [636]->[654] @3
06-26 04:46:19.574  8119  8119 E unknown:MountItemDispatcher: dispatchMountItems: mountItem: REMOVE [632]->[654] @2
06-26 04:46:19.574  8119  8119 E unknown:MountItemDispatcher: dispatchMountItems: mountItem: REMOVE [626]->[654] @1
06-26 04:46:19.574  8119  8119 E unknown:MountItemDispatcher: dispatchMountItems: mountItem: REMOVE [628]->[654] @0
06-26 04:46:19.574  8119  8119 E unknown:MountItemDispatcher: dispatchMountItems: mountItem: REMOVE [654]->[658] @1
06-26 04:46:19.574  8119  8119 E unknown:MountItemDispatcher: dispatchMountItems: mountItem: REMOVE [600]->[658] @0
06-26 04:46:19.574  8119  8119 E unknown:MountItemDispatcher: dispatchMountItems: mountItem: REMOVE [658]->[660] @0
06-26 04:46:19.574  8119  8119 E unknown:MountItemDispatcher: dispatchMountItems: mountItem: REMOVE [260]->[262] @0
06-26 04:46:19.574  8119  8119 E unknown:MountItemDispatcher: dispatchMountItems: mountItem: REMOVE [536]->[538] @1
06-26 04:46:19.574  8119  8119 E unknown:MountItemDispatcher: dispatchMountItems: mountItem: REMOVE [534]->[538] @0
06-26 04:46:19.574  8119  8119 E unknown:MountItemDispatcher: dispatchMountItems: mountItem: REMOVE [538]->[540] @0
06-26 04:46:19.574  8119  8119 E unknown:MountItemDispatcher: dispatchMountItems: mountItem: REMOVE [546]->[280] @14
06-26 04:46:19.574  8119  8119 E unknown:MountItemDispatcher: dispatchMountItems: mountItem: REMOVE [540]->[280] @13
