06-26 04:46:30.295  7957  8016 I Maestro : Skipping invisible child: android.view.accessibility.AccessibilityNodeInfo@4e5f6; boundsInParent: Rect(0, 0 - 0, 19); boundsInScreen: Rect(31, 66 - 31, 80); boundsInWindow: Rect(31, 66 - 31, 80); packageName: com.google.android.apps.nexuslauncher; className: android.widget.TextView; text: null; error: null; maxTextLength: -1; stateDescription: null; contentDescription: null; tooltipText: null; containerTitle: null; viewIdResName: com.google.android.apps.nexuslauncher:id/subtitle_text; uniqueId: null; checkable: false; checked: false; focusable: true; focused: false; selected: false; clickable: true; longClickable: false; contextClickable: false; enabled: true; password: false; scrollable: false; importantForAccessibility: true; visible: false; actions: [AccessibilityAction: ACTION_FOCUS - null, AccessibilityAction: ACTION_SELECT - null, AccessibilityAction: ACTION_CLEAR_SELECTION - null, AccessibilityAction: ACTION_CLICK - null, AccessibilityAction: ACTION_ACCESSIBILITY_FOCUS - null, AccessibilityAction: ACTION_SHOW_ON_SCREEN - null]; isTextSelectable: false
06-26 04:46:30.302  7957  8016 D Maestro : View hierarchy received in 14 ms
06-26 04:46:30.391  7957  8016 D Maestro : Requesting view hierarchy
06-26 04:46:30.392  7957  8016 W QueryController: Could not detect idle state.
06-26 04:46:30.392  7957  8016 W QueryController: Could not detect idle state.
06-26 04:46:30.400  7957  8016 I Maestro : Skipping invisible child: android.view.accessibility.AccessibilityNodeInfo@4e5f6; boundsInParent: Rect(0, 0 - 0, 19); boundsInScreen: Rect(31, 66 - 31, 80); boundsInWindow: Rect(31, 66 - 31, 80); packageName: com.google.android.apps.nexuslauncher; className: android.widget.TextView; text: null; error: null; maxTextLength: -1; stateDescription: null; contentDescription: null; tooltipText: null; containerTitle: null; viewIdResName: com.google.android.apps.nexuslauncher:id/subtitle_text; uniqueId: null; checkable: false; checked: false; focusable: true; focused: false; selected: false; clickable: true; longClickable: false; contextClickable: false; enabled: true; password: false; scrollable: false; importantForAccessibility: true; visible: false; actions: [AccessibilityAction: ACTION_FOCUS - null, AccessibilityAction: ACTION_SELECT - null, AccessibilityAction: ACTION_CLEAR_SELECTION - null, AccessibilityAction: ACTION_CLICK - null, AccessibilityAction: ACTION_ACCESSIBILITY_FOCUS - null, AccessibilityAction: ACTION_SHOW_ON_SCREEN - null]; isTextSelectable: false
06-26 04:46:30.409  7957  8016 D Maestro : View hierarchy received in 18 ms
06-26 04:46:30.498  7957  8016 D Maestro : Requesting view hierarchy
06-26 04:46:30.498  7957  8016 W QueryController: Could not detect idle state.
06-26 04:46:30.498  7957  8016 W QueryController: Could not detect idle state.
06-26 04:46:30.505  7957  8016 I Maestro : Skipping invisible child: android.view.accessibility.AccessibilityNodeInfo@4e5f6; boundsInParent: Rect(0, 0 - 0, 19); boundsInScreen: Rect(31, 66 - 31, 80); boundsInWindow: Rect(31, 66 - 31, 80); packageName: com.google.android.apps.nexuslauncher; className: android.widget.TextView; text: null; error: null; maxTextLength: -1; stateDescription: null; contentDescription: null; tooltipText: null; containerTitle: null; viewIdResName: com.google.android.apps.nexuslauncher:id/subtitle_text; uniqueId: null; checkable: false; checked: false; focusable: true; focused: false; selected: false; clickable: true; longClickable: false; contextClickable: false; enabled: true; password: false; scrollable: false; importantForAccessibility: true; visible: false; actions: [AccessibilityAction: ACTION_FOCUS - null, AccessibilityAction: ACTION_SELECT - null, AccessibilityAction: ACTION_CLEAR_SELECTION - null, AccessibilityAction: ACTION_CLICK - null, AccessibilityAction: ACTION_ACCESSIBILITY_FOCUS - null, AccessibilityAction: ACTION_SHOW_ON_SCREEN - null]; isTextSelectable: false
06-26 04:46:30.512  7957  8016 D Maestro : View hierarchy received in 13 ms
06-26 04:46:30.571  7957  8016 D Maestro : Requesting view hierarchy
06-26 04:46:30.571  7957  8016 W QueryController: Could not detect idle state.
06-26 04:46:30.571  7957  8016 W QueryController: Could not detect idle state.
06-26 04:46:30.578  7957  8016 I Maestro : Skipping invisible child: android.view.accessibility.AccessibilityNodeInfo@4e5f6; boundsInParent: Rect(0, 0 - 0, 19); boundsInScreen: Rect(31, 66 - 31, 80); boundsInWindow: Rect(31, 66 - 31, 80); packageName: com.google.android.apps.nexuslauncher; className: android.widget.TextView; text: null; error: null; maxTextLength: -1; stateDescription: null; contentDescription: null; tooltipText: null; containerTitle: null; viewIdResName: com.google.android.apps.nexuslauncher:id/subtitle_text; uniqueId: null; checkable: false; checked: false; focusable: true; focused: false; selected: false; clickable: true; longClickable: false; contextClickable: false; enabled: true; password: false; scrollable: false; importantForAccessibility: true; visible: false; actions: [AccessibilityAction: ACTION_FOCUS - null, AccessibilityAction: ACTION_SELECT - null, AccessibilityAction: ACTION_CLEAR_SELECTION - null, AccessibilityAction: ACTION_CLICK - null, AccessibilityAction: ACTION_ACCESSIBILITY_FOCUS - null, AccessibilityAction: ACTION_SHOW_ON_SCREEN - null]; isTextSelectable: false
06-26 04:46:30.585  7957  8016 D Maestro : View hierarchy received in 14 ms
06-26 04:46:30.671   522  1834 D WindowManager: captureDisplay
06-26 04:46:31.188   522   554 I ActivityManager: Force stopping dev.mobile.maestro appid=10201 user=-1: deletePackageX
06-26 04:46:31.189   522   554 E libprocessgroup: No such cgroup attribute: /sys/fs/cgroup/uid_4294877497/cgroup.freeze
06-26 04:46:31.189   522   554 W libprocessgroup: Failed to apply Frozen process profile: No such file or directory
06-26 04:46:31.189   522   554 I ActivityManager: Killing 7957:dev.mobile.maestro/u0a201 (adj 0): stop dev.mobile.maestro due to deletePackageX
06-26 04:46:31.189   522   554 W ActivityManager: Crash of app dev.mobile.maestro running instrumentation ComponentInfo{dev.mobile.maestro.test/androidx.test.runner.AndroidJUnitRunner}
06-26 04:46:31.191   522   554 I ActivityManager: Force stopping dev.mobile.maestro appid=10201 user=0: finished inst
06-26 04:46:31.191   522   543 D DisplayManagerService: Drop pending events for gone uid 10201
06-26 04:46:31.191   522   554 D OomAdjuster: Not killing cached processes
06-26 04:46:31.192   522   554 E libprocessgroup: No such cgroup attribute: /sys/fs/cgroup/uid_4294877497/cgroup.freeze
06-26 04:46:31.192   522   554 W libprocessgroup: Failed to apply Unfrozen process profile: No such file or directory
06-26 04:46:31.193  7945  7956 W Binder  : Caught a RuntimeException from the binder stub implementation.
06-26 04:46:31.193  7945  7956 W Binder  : java.lang.SecurityException: Calling from not trusted UID!
06-26 04:46:31.193  7945  7956 W Binder  : 	at android.app.UiAutomationConnection.throwIfCalledByNotTrustedUidLocked(UiAutomationConnection.java:646)
06-26 04:46:31.193  7945  7956 W Binder  : 	at android.app.UiAutomationConnection.shutdown(UiAutomationConnection.java:547)
06-26 04:46:31.193  7945  7956 W Binder  : 	at android.app.IUiAutomationConnection$Stub.onTransact(IUiAutomationConnection.java:402)
06-26 04:46:31.193  7945  7956 W Binder  : 	at android.os.Binder.execTransactInternal(Binder.java:1344)
06-26 04:46:31.193  7945  7956 W Binder  : 	at android.os.Binder.execTransact(Binder.java:1275)
06-26 04:46:31.195  7945  7945 I app_process: System.exit called, status: 0
06-26 04:46:31.195  7945  7945 I AndroidRuntime: VM exiting with result code 0.
06-26 04:46:31.399     0     0 I servicemanager: Since 'artd' could not be found, trying to start it as a lazy AIDL service. (if it's not configured to be a lazy service, it may be stuck starting or still starting).
06-26 04:46:31.408     0     0 I init    : starting service 'artd'...
06-26 04:46:31.210   522   907 V ActivityManager: Got obituary of 7957:dev.mobile.maestro
06-26 04:46:31.213   336   336 I Zygote  : Process 7957 exited due to signal 9 (Killed)
06-26 04:46:31.215   522  2542 W WindowMagnificationMgr: requestConnection duplicated request: connect=false, mConnectionState=DISCONNECTED
06-26 04:46:31.215  1596  1661 I AiAiEcho: Settings changed for uri: content://settings/secure/accessibility_enabled
06-26 04:46:31.215   522  2542 W WindowMagnificationMgr: requestConnection duplicated request: connect=false, mConnectionState=DISCONNECTED
06-26 04:46:31.216  1596  1899 I AiAiEcho: Predicting[0]: 
06-26 04:46:31.216  1596  1899 I AiAiEcho: EchoTargets: 
06-26 04:46:31.216  1596  1899 I AiAiEcho: Filtered by AiAi flag check: 
06-26 04:46:31.217   522  1869 W WindowMagnificationMgr: requestConnection duplicated request: connect=false, mConnectionState=DISCONNECTED
06-26 04:46:31.217  1883  2185 I A       : NGA enabled in interactor.
06-26 04:46:31.217   522  1869 V UiAutomationManager: UiAutomation service owner died
06-26 04:46:31.217  1883  2185 I A       : Nga state changed to NgaStateDetails{state=ENABLED, isSpecialExperience=false}
06-26 04:46:31.218  1596  1974 I AiAiEcho: Settings changed for uri: content://settings/secure/accessibility_enabled
06-26 04:46:31.219  1636  4793 I A       : Initializing all components
06-26 04:46:31.219  1636  4793 I A       : APA or Classic session decision: SessionDecision(sessionVariance=CLASSIC, platformVariance=CLASSIC, justification=CURRENT_PLATFORM_VARIANCE).
06-26 04:46:31.220  1636  4793 I A       : [Memory] eligibility: StashEligibility{6}
06-26 04:46:31.221   522   522 D BatterySaverPolicy: accessibility changed to false, updating policy.
06-26 04:46:31.221  1596  1899 I AiAiEcho: Ranked targets strategy: SORT, count: 0, ranking metadata: 
06-26 04:46:31.221  1636  2326 I A       : onIsEnabledChanged, isEnabled: false
06-26 04:46:31.222  1596  1899 I AiAiEcho: Predicting[0]: 
06-26 04:46:31.222  1636  2326 W A       : Disposing empty manager. Did you forgot to subscribe observables?
06-26 04:46:31.222  1636  2326 W A       : Disposing empty manager. Did you forgot to subscribe observables?
06-26 04:46:31.222  1636  2326 W A       : Disposing empty manager. Did you forgot to subscribe observables?
06-26 04:46:31.222  1636  2326 W A       : Disposing empty manager. Did you forgot to subscribe observables?
06-26 04:46:31.222  1636  2326 W A       : Disposing empty manager. Did you forgot to subscribe observables?
06-26 04:46:31.222  1636  2326 W A       : Disposing empty manager. Did you forgot to subscribe observables?
06-26 04:46:31.222  1636  2326 W A       : Disposing empty manager. Did you forgot to subscribe observables?
06-26 04:46:31.222  1636  2326 W A       : Disposing empty manager. Did you forgot to subscribe observables?
06-26 04:46:31.222  1636  2326 W A       : Disposing empty manager. Did you forgot to subscribe observables?
06-26 04:46:31.222  1636  2326 W A       : Disposing empty manager. Did you forgot to subscribe observables?
06-26 04:46:31.222  1636  2326 I A       : onOpaVisibilityChanged: false
06-26 04:46:31.222  1636  2326 W A       : Disposing empty manager. Did you forgot to subscribe observables?
06-26 04:46:31.222  1636  2326 W A       : Disposing empty manager. Did you forgot to subscribe observables?
06-26 04:46:31.222  1596  1899 I AiAiEcho: EchoTargets: 
06-26 04:46:31.222  1596  1899 I AiAiEcho: Filtered by AiAi flag check: 
06-26 04:46:31.223  1596  1899 I AiAiEcho: Ranked targets strategy: SORT, count: 0, ranking metadata: 
06-26 04:46:31.224  1636  2326 W A       : Disposing empty manager. Did you forgot to subscribe observables?
06-26 04:46:31.224  1636  2326 W A       : Disposing empty manager. Did you forgot to subscribe observables?
06-26 04:46:31.226  1636  2312 I A       : on opa visibility changed false
06-26 04:46:31.227  1636  2312 I A       : on opa visibility changed false
06-26 04:46:31.227  1636  2312 I A       : State changed: IDLE => IDLE by NGA_STATE_CHANGED and N/A with Optional.empty
06-26 04:46:31.227  1636  2312 I A       : Recognizer choice: (recognizer_type: 1, recognizer_mode: 1, choice_reason: 4)
06-26 04:46:31.426     0     0 I init    : ... started service 'artd' has pid 8330
06-26 04:46:31.428     0     0 I init    : Control message: Processed ctl.interface_start for 'aidl/artd' from pid: 134 (/system/bin/servicemanager)
06-26 04:46:31.430     0     0 I init    : Untracked pid 7945 exited with status 0
06-26 04:46:31.227  1636  2326 W A       : Disposing empty manager. Did you forgot to subscribe observables?
06-26 04:46:31.228  1636  2326 W A       : Disposing empty manager. Did you forgot to subscribe observables?
06-26 04:46:31.228  1636  2326 I A       : Setting session to type: NO_SESSION
06-26 04:46:31.228  1636  2326 W A       : Disposing empty manager. Did you forgot to subscribe observables?
06-26 04:46:31.228  1636  2326 W A       : Disposing empty manager. Did you forgot to subscribe observables?
06-26 04:46:31.228  1636  2326 W A       : Disposing empty manager. Did you forgot to subscribe observables?
06-26 04:46:31.228  1636  2326 W A       : Disposing empty manager. Did you forgot to subscribe observables?
06-26 04:46:31.228  1636  2326 W A       : Disposing empty manager. Did you forgot to subscribe observables?
06-26 04:46:31.228  1636  2326 W A       : Disposing empty manager. Did you forgot to subscribe observables?
06-26 04:46:31.228  1636  2326 W A       : Disposing empty manager. Did you forgot to subscribe observables?
06-26 04:46:31.228  1636  2326 W A       : Disposing empty manager. Did you forgot to subscribe observables?
06-26 04:46:31.228  1636  2326 I A       : setNavBarVisible: GestureNavBarVisible{navbarVisible=true}
06-26 04:46:31.228  1636  2326 W A       : Disposing empty manager. Did you forgot to subscribe observables?
06-26 04:46:31.228  1636  2326 W A       : Disposing empty manager. Did you forgot to subscribe observables?
06-26 04:46:31.228  1636  2326 W A       : Disposing empty manager. Did you forgot to subscribe observables?
06-26 04:46:31.228  1636  2326 W A       : Disposing empty manager. Did you forgot to subscribe observables?
06-26 04:46:31.228  1636  2326 W A       : Disposing empty manager. Did you forgot to subscribe observables?
06-26 04:46:31.228  1636  2326 W A       : Disposing empty manager. Did you forgot to subscribe observables?
06-26 04:46:31.229  1636  2326 I A       : onDisabled. Registered: false
06-26 04:46:31.229  1596  1899 I AiAiEcho: Predicting[0]: 
06-26 04:46:31.229  1596  1899 I AiAiEcho: EchoTargets: 
06-26 04:46:31.229  1596  1899 I AiAiEcho: Filtered by AiAi flag check: 
06-26 04:46:31.229  1596  1899 I AiAiEcho: Ranked targets strategy: SORT, count: 0, ranking metadata: 
06-26 04:46:31.229  1596  1899 I AiAiEcho: Predicting[0]: 
06-26 04:46:31.229  1596  1899 I AiAiEcho: EchoTargets: 
06-26 04:46:31.229  1596  1899 I AiAiEcho: Filtered by AiAi flag check: 
06-26 04:46:31.229  1596  1899 I AiAiEcho: Ranked targets strategy: SORT, count: 0, ranking metadata: 
06-26 04:46:31.431     0     0 I init    : Untracked pid 7945 did not have an associated service entry and will not be reaped
06-26 04:46:31.231  1596  1899 I AiAiEcho: #postPredictionTargets: Sending updates to UISurface lockscreen with targets# 0 (types=[])
06-26 04:46:31.231   835   835 W PageIndicator: Total number of pages invalid: 0. Assuming 1 page.
06-26 04:46:31.231  1596  1899 I AiAiEcho: #postPredictionTargets: Sending updates to UISurface home with targets# 0 (types=[])
06-26 04:46:31.235  1596  1899 I AiAiEcho: #postPredictionTargets: Sending updates to UISurface lockscreen with targets# 0 (types=[])
06-26 04:46:31.235   835   835 W PageIndicator: Total number of pages invalid: 0. Assuming 1 page.
06-26 04:46:31.235  1596  1899 I AiAiEcho: #postPredictionTargets: Sending updates to UISurface home with targets# 0 (types=[])
06-26 04:46:31.239  1636  2326 I A       : Initialize
06-26 04:46:31.240  1636  2326 I A       : stopListening(NGA_PAUSED_UNKNOWN_REASON, NGA_CREATE), idleOverride=NOT_LISTENING
06-26 04:46:31.243  1636  2312 I A       : onActiveStateChangeEvent: IDLE => IDLE
06-26 04:46:31.243  1636  2312 I A       : #onActiveStateChangeEvent, newState: IDLE, previousState: IDLE.
06-26 04:46:31.245  1636  2312 I NgaEntryPointEventSendr: setupConnection
06-26 04:46:31.246  8330  8330 I artd    : Starting artd
06-26 04:46:31.246  1883  1883 I A       : Creating pss binder().
06-26 04:46:31.247  1636  2312 I NgaEntryPointEventSendr: State changed: Disconnected => Connecting
06-26 04:46:31.247  8330  8330 I AidlLazyServiceRegistrar: Registering service artd
06-26 04:46:31.247  1636  2312 I NgaEntryPointEventSendr: onServiceConnected
06-26 04:46:31.247  1883  2704 I A       : Calling beginBinderSession().
06-26 04:46:31.249  1883  2704 I A       : beginBinderSession(): calling binder
06-26 04:46:31.250  1636  2312 I NgaEntryPointEventSendr: State changed: Connecting => Ready
06-26 04:46:31.253   522  2597 W ActivityManager: Unable to start service Intent { cmp=com.google.android.apps.tachyon/.clientapi.ClientApiService } U=0: not found
06-26 04:46:31.254  1883  5527 I PBSessionCacheImpl: Deleted sessionId[8283304029256473] from persistence.
06-26 04:46:31.451     0     0 I BpBinder: onLastStrongRef automatically unlinking death recipients:
06-26 04:46:31.256  1636  2312 I A       : Successfully initialized all components
06-26 04:46:31.260  1883  2456 I A       : Using proto config with mendel
06-26 04:46:31.261  8330  8332 I AidlLazyServiceRegistrar: Process has 1 (of 1 available) client(s) in use after notification artd has clients: 1
06-26 04:46:31.462     0     0 I servicemanager: Notifying artd they do (previously: don't) have clients when service is guaranteed to be in use
06-26 04:46:31.492     0     0 I logd    : start watching /data/system/packages.list ...
06-26 04:46:31.493     0     0 I logd    : ReadPackageList, total packages: 201
06-26 04:46:31.294  1883  2456 I A       : Using proto config with mendel
06-26 04:46:31.294   522   577 D PackageManager: Instant App installer not found with android.intent.action.INSTALL_INSTANT_APP_PACKAGE
06-26 04:46:31.294   522   577 D PackageManager: Clear ephemeral installer activity
06-26 04:46:31.296  1883  2456 W A       : UiCallbackStub-onGenericEvent[ServiceEvent = 241] task was not run. Callback from Service received after client was disposed.
06-26 04:46:31.296  1883  2456 W A       : UiCallbackStub-onGenericEvent[ServiceEvent = 241] task was not run. Callback from Service received after client was disposed.
06-26 04:46:31.297  1883  5527 I PBSessionCacheImpl: Deleted sessionId[8283304029256476] from persistence.
06-26 04:46:31.297  1883  2456 W A       : UiCallbackStub-onGenericEvent[ServiceEvent = 60] task was not run. Callback from Service received after client was disposed.
06-26 04:46:31.302  1636  2312 I NgaEntryPointEventSendr: State changed: Ready => Disconnected (onOpaDisconnected)
06-26 04:46:31.302   522  3125 E TaskPersister: File error accessing recents directory (directory doesn't exist?).
06-26 04:46:31.314   522   577 I ActivityManager: Force stopping dev.mobile.maestro appid=10201 user=0: pkg removed
06-26 04:46:31.322  1054  1054 D CarrierSvcBindHelper: onPackageRemoved: dev.mobile.maestro
06-26 04:46:31.323  1054  1054 D CarrierSvcBindHelper: No carrier app for: 0
06-26 04:46:31.326  4144  4144 V MediaPlayerList: mPackageChangedBroadcastReceiver: action: android.intent.action.PACKAGE_REMOVED
06-26 04:46:31.326  4144  4144 V MediaPlayerList: mPackageChangedBroadcastReceiver: action: android.intent.action.PACKAGE_REMOVED
06-26 04:46:31.329  1623  1623 W MediaProvider: WorkProfileOwnerApps cache is empty
06-26 04:46:31.330   522   554 D ActivityManager: sync unfroze 2712 com.android.chrome for 3
06-26 04:46:31.331   522   554 D ActivityManager: sync unfroze 1494 com.google.android.apps.wellbeing for 3
06-26 04:46:31.333   522   522 D ActivityManager: sync unfroze 1886 com.android.keychain for 10
06-26 04:46:31.336   522   522 D ActivityManager: sync unfroze 1055 com.android.settings for 10
06-26 04:46:31.336   522   522 D ActivityManager: sync unfroze 2177 com.android.localtransport for 10
06-26 04:46:31.336   522   761 W WifiService: Couldn't get PackageInfo for package:dev.mobile.maestro
06-26 04:46:31.336   522   761 D WifiService: Remove settings for package:dev.mobile.maestro
06-26 04:46:31.336   522   761 D WifiConfigManager: Remove all networks for app ApplicationInfo{65c54cf dev.mobile.maestro}
06-26 04:46:31.348   522   635 V StorageManagerService: Package dev.mobile.maestro does not have legacy storage
06-26 04:46:31.349   522   625 I InputReader: Reconfiguring input devices, changes=KEYBOARD_LAYOUTS
06-26 04:46:31.352   522   774 E AppOps  : attributionTag VCN not declared in manifest of android
06-26 04:46:31.361   522   761 D WifiConfigStore: Writing to stores completed in 24 ms.
06-26 04:46:31.361   522   761 I PasspointManager: No app ops listener found for dev.mobile.maestro
06-26 04:46:31.362   835   911 D StylusManager: Stylus InputDevice changed: 14 virtio_input_multi_touch_11
06-26 04:46:31.363   835   911 D StylusManager: Stylus InputDevice changed: 12 virtio_input_multi_touch_9
06-26 04:46:31.363   522   614 I RoleService: Granting default roles...
06-26 04:46:31.365   835   911 D StylusManager: Stylus InputDevice changed: 13 virtio_input_multi_touch_10
06-26 04:46:31.365   835   911 D StylusManager: Stylus InputDevice changed: 11 virtio_input_multi_touch_8
06-26 04:46:31.366   835   911 D StylusManager: Stylus InputDevice changed: 6 virtio_input_multi_touch_3
06-26 04:46:31.367   835   911 D StylusManager: Stylus InputDevice changed: 8 virtio_input_multi_touch_5
06-26 04:46:31.367   835   911 D StylusManager: Stylus InputDevice changed: 7 virtio_input_multi_touch_4
06-26 04:46:31.367   835   911 D StylusManager: Stylus InputDevice changed: 9 virtio_input_multi_touch_6
06-26 04:46:31.369   835   911 D StylusManager: Stylus InputDevice changed: 4 virtio_input_multi_touch_1
06-26 04:46:31.369   835   911 D StylusManager: Stylus InputDevice changed: 5 virtio_input_multi_touch_2
06-26 04:46:31.370   835   911 D StylusManager: Stylus InputDevice changed: 10 virtio_input_multi_touch_7
06-26 04:46:31.370   522   522 I ConditionProviders: Disallowing condition provider dev.mobile.maestro (userSet: true)
06-26 04:46:31.373   522   522 I Telecom : CarModeTracker: Package dev.mobile.maestro is not tracked.: SSH.oR@AQs🔒
06-26 04:46:31.373   522   522 I Telecom : InCallController: updateCarModeForConnections: car mode apps: : SSH.oR@AQs🔒
06-26 04:46:31.373   522   522 I Telecom : InCallController: update carmode current:UserHandle{0} parent:null: SSH.oR@AQs🔒
06-26 04:46:31.374   396  7829 D AF::TrackHandle: OpPlayAudio: track:55 usage:13 not muted
06-26 04:46:31.375   396  7829 D AF::TrackHandle: OpPlayAudio: track:55 usage:13 not muted
06-26 04:46:31.375   396  7829 D AF::TrackHandle: OpPlayAudio: track:55 usage:13 not muted
06-26 04:46:31.375   396  7829 D AF::TrackHandle: OpPlayAudio: track:55 usage:13 not muted
06-26 04:46:31.377   835   835 D ControlsListingControllerImpl: ServiceConfig reloaded, count: 0
06-26 04:46:31.382  1623  2265 I MediaProvider: Begin Intent { act=android.intent.action.PACKAGE_FULLY_REMOVED dat=package: flg=0x5000010 cmp=com.google.android.providers.media.module/com.android.providers.media.MediaService (has extras) }
06-26 04:46:31.384  5004  6184 I GMS_MM_Logger: Memory Metric Logging not allowed. Stopping.
06-26 04:46:31.384  1623  2265 D MediaProvider: Deleted 0 Android/media items belonging to dev.mobile.maestro on /data/user/0/com.google.android.providers.media.module/databases/external.db
06-26 04:46:31.385  1623  2265 D MediaGrants: Removed 0 media_grants for 0 user for dev.mobile.maestro. Reason: Package orphaned
06-26 04:46:31.385  1623  2265 I MediaProvider: End Intent { act=android.intent.action.PACKAGE_FULLY_REMOVED dat=package: flg=0x5000010 cmp=com.google.android.providers.media.module/com.android.providers.media.MediaService (has extras) }
06-26 04:46:31.388   522   554 D ActivityManager: sync unfroze 2650 com.google.android.documentsui for 3
06-26 04:46:31.401   522   608 I RollbackManager: broadcast=ACTION_PACKAGE_FULLY_REMOVED pkg=dev.mobile.maestro
06-26 04:46:31.416   522   761 W WifiService: Couldn't get PackageInfo for package:dev.mobile.maestro
06-26 04:46:31.416   522   761 D WifiService: Remove settings for package:dev.mobile.maestro
06-26 04:46:31.416   522   761 D WifiConfigManager: Remove all networks for app ApplicationInfo{69f8b84 dev.mobile.maestro}
06-26 04:46:31.418   396  7829 D AF::TrackHandle: OpPlayAudio: track:55 usage:13 not muted
06-26 04:46:31.420   396  7829 D AF::TrackHandle: OpPlayAudio: track:55 usage:13 not muted
06-26 04:46:31.420   396  7829 D AF::TrackHandle: OpPlayAudio: track:55 usage:13 not muted
06-26 04:46:31.420   396   415 D AF::TrackHandle: OpPlayAudio: track:55 usage:13 not muted
06-26 04:46:31.421   396   415 D AF::TrackHandle: OpPlayAudio: track:55 usage:13 not muted
06-26 04:46:31.422   396   415 D AF::TrackHandle: OpPlayAudio: track:55 usage:13 not muted
06-26 04:46:31.422   396   415 D AF::TrackHandle: OpPlayAudio: track:55 usage:13 not muted
06-26 04:46:31.422   396   415 D AF::TrackHandle: OpPlayAudio: track:55 usage:13 not muted
06-26 04:46:31.423   396   415 D AF::TrackHandle: OpPlayAudio: track:55 usage:13 not muted
06-26 04:46:31.423   396   415 D AF::TrackHandle: OpPlayAudio: track:55 usage:13 not muted
06-26 04:46:31.423   396   415 D AF::TrackHandle: OpPlayAudio: track:55 usage:13 not muted
06-26 04:46:31.424   396   415 D AF::TrackHandle: OpPlayAudio: track:55 usage:13 not muted
06-26 04:46:31.424   522   761 D WifiConfigStore: Writing to stores completed in 7 ms.
06-26 04:46:31.424   522   761 I PasspointManager: No app ops listener found for dev.mobile.maestro
06-26 04:46:31.442   522   577 D PackageManager: Instant App installer not found with android.intent.action.INSTALL_INSTANT_APP_PACKAGE
06-26 04:46:31.442   522   577 D PackageManager: Clear ephemeral installer activity
06-26 04:46:31.642     0     0 I logd    : start watching /data/system/packages.list ...
06-26 04:46:31.644     0     0 I logd    : ReadPackageList, total packages: 200
06-26 04:46:31.444   522   614 D ActivityManager: sync unfroze 837 com.google.android.permissioncontroller for 6
06-26 04:46:31.445   522  3125 E TaskPersister: File error accessing recents directory (directory doesn't exist?).
06-26 04:46:31.446   522   554 I ActivityManager: Force stopping dev.mobile.maestro.test appid=10202 user=-1: deletePackageX
06-26 04:46:31.446   522   554 E libprocessgroup: No such cgroup attribute: /sys/fs/cgroup/uid_4294877498/cgroup.freeze
06-26 04:46:31.446   522   554 W libprocessgroup: Failed to apply Frozen process profile: No such file or directory
06-26 04:46:31.447   522   554 E libprocessgroup: No such cgroup attribute: /sys/fs/cgroup/uid_4294877498/cgroup.freeze
06-26 04:46:31.448   522   554 W libprocessgroup: Failed to apply Unfrozen process profile: No such file or directory
06-26 04:46:31.468   522   577 I ActivityManager: Force stopping dev.mobile.maestro.test appid=10202 user=0: pkg removed
06-26 04:46:31.468   522   577 E libprocessgroup: No such cgroup attribute: /sys/fs/cgroup/uid_10202/cgroup.freeze
06-26 04:46:31.468   522   577 W libprocessgroup: Failed to apply Frozen process profile: No such file or directory
06-26 04:46:31.469   522   577 E libprocessgroup: No such cgroup attribute: /sys/fs/cgroup/uid_10202/cgroup.freeze
06-26 04:46:31.469   522   577 W libprocessgroup: Failed to apply Unfrozen process profile: No such file or directory
06-26 04:46:31.474   522   553 W WindowMagnificationMgr: requestConnection duplicated request: connect=false, mConnectionState=DISCONNECTED
06-26 04:46:31.477  5004  5004 D BoundBrokerSvc: onBind: Intent { act=com.google.android.gms.common.BIND_SHARED_PREFS pkg=com.google.android.gms }
06-26 04:46:31.477  5004  5004 D BoundBrokerSvc: Loading bound service for intent: Intent { act=com.google.android.gms.common.BIND_SHARED_PREFS pkg=com.google.android.gms }
06-26 04:46:31.480  5004  5004 D BoundBrokerSvc: onUnbind: Intent { act=com.google.android.gms.common.BIND_SHARED_PREFS pkg=com.google.android.gms }
06-26 04:46:31.484  1054  1054 D CarrierSvcBindHelper: onPackageRemoved: dev.mobile.maestro.test
06-26 04:46:31.485  1054  1054 D CarrierSvcBindHelper: No carrier app for: 0
06-26 04:46:31.489   522   774 E AppOps  : attributionTag VCN not declared in manifest of android
06-26 04:46:31.489   522   761 W WifiService: Couldn't get PackageInfo for package:dev.mobile.maestro.test
06-26 04:46:31.489   522   761 D WifiService: Remove settings for package:dev.mobile.maestro.test
06-26 04:46:31.490   522   761 D WifiConfigManager: Remove all networks for app ApplicationInfo{6b1a426 dev.mobile.maestro.test}
06-26 04:46:31.491   522   635 V StorageManagerService: Package dev.mobile.maestro.test does not have legacy storage
06-26 04:46:31.491   522   625 I InputReader: Reconfiguring input devices, changes=KEYBOARD_LAYOUTS
06-26 04:46:31.491   837  8362 E RoleControllerServiceImpl: Default/fallback role holder package doesn't qualify for the role, package: com.google.android.gms.supervision, role: android.app.role.SYSTEM_SUPERVISION
06-26 04:46:31.493   837  8362 I Role    : com.google.android.gms not qualified for android.app.role.SYSTEM_CALL_STREAMING due to missing RequiredComponent{mIntentFilterData=IntentFilterData{mAction='android.telecom.CallStreamingService', mCategories='[]', mDataScheme='null', mDataType='null'}, mMinTargetSdkVersion=1, mFlags='0', mPermission='android.permission.BIND_CALL_STREAMING_SERVICE', mQueryFlags=0, mMetaData=[]}
06-26 04:46:31.493   837  8362 E RoleControllerServiceImpl: Default/fallback role holder package doesn't qualify for the role, package: com.google.android.gms, role: android.app.role.SYSTEM_CALL_STREAMING
06-26 04:46:31.500   837  8362 W Role    : Default holder doesn't have required signing certificate: com.google.android.apps.work.clouddpc:23962F4B43B9857638EA66F4D419518EAE282491ACDA4B94707BD59003C45E58
06-26 04:46:31.501   835   911 D StylusManager: Stylus InputDevice changed: 14 virtio_input_multi_touch_11
06-26 04:46:31.501   835   911 D StylusManager: Stylus InputDevice changed: 12 virtio_input_multi_touch_9
06-26 04:46:31.502   522   761 D WifiConfigStore: Writing to stores completed in 12 ms.
06-26 04:46:31.503   522   761 I PasspointManager: No app ops listener found for dev.mobile.maestro.test
06-26 04:46:31.505   835   911 D StylusManager: Stylus InputDevice changed: 13 virtio_input_multi_touch_10
06-26 04:46:31.505   835   911 D StylusManager: Stylus InputDevice changed: 11 virtio_input_multi_touch_8
06-26 04:46:31.505   835   911 D StylusManager: Stylus InputDevice changed: 6 virtio_input_multi_touch_3
06-26 04:46:31.511   522   608 I RollbackManager: broadcast=ACTION_PACKAGE_FULLY_REMOVED pkg=dev.mobile.maestro.test
06-26 04:46:31.514   522   761 W WifiService: Couldn't get PackageInfo for package:dev.mobile.maestro.test
06-26 04:46:31.515   522   761 D WifiService: Remove settings for package:dev.mobile.maestro.test
06-26 04:46:31.515   522   761 D WifiConfigManager: Remove all networks for app ApplicationInfo{4f33c4f dev.mobile.maestro.test}
06-26 04:46:31.518   522   761 D WifiConfigStore: Writing to stores completed in 2 ms.
06-26 04:46:31.518   522   761 I PasspointManager: No app ops listener found for dev.mobile.maestro.test
06-26 04:46:31.519   335   367 I netd    : tetherGetStats() -> {[]} <0.30ms>
06-26 04:46:31.524   522   522 I Telecom : CarModeTracker: Package dev.mobile.maestro.test is not tracked.: SSH.oR@AQ4🔒
06-26 04:46:31.524   522   522 I Telecom : InCallController: updateCarModeForConnections: car mode apps: : SSH.oR@AQ4🔒
06-26 04:46:31.524   522   522 I Telecom : InCallController: update carmode current:UserHandle{0} parent:null: SSH.oR@AQ4🔒
06-26 04:46:31.528  5004  8369 I BlockstoreStorage: Clearing all the Blockstore Data for package dev.mobile.maestro [CONTEXT service_id=258 ]
06-26 04:46:31.528  5004  8369 I BlockstoreStorage: Clearing all the Blockstore Data for 1 packages [CONTEXT service_id=258 ]
06-26 04:46:31.529   522   522 I ConditionProviders: Disallowing condition provider dev.mobile.maestro.test (userSet: true)
06-26 04:46:31.534   522  2431 D SafetySourceDataValidator: No cert check requested for package com.google.android.permissioncontroller
06-26 04:46:31.540  5004  6184 I ContentMaintenance: Internal cache bytes used: 0; limit: 100000000; download size: 0
06-26 04:46:31.542  5004  8363 W SQLiteLog: (28) double-quoted string literal: "dev.mobile.maestro"
06-26 04:46:31.551  5004  6184 I RealtimeCacheCleanup: Beginning Realtime garbage collection.
06-26 04:46:31.551  5004  6184 I RealtimeCacheCleanup: Finished Realtime garbage collection.
06-26 04:46:31.555   522   554 D ActivityManager: sync unfroze 2057 android.process.media for 3
06-26 04:46:31.557  4144  4144 V MediaPlayerList: mPackageChangedBroadcastReceiver: action: android.intent.action.PACKAGE_REMOVED
06-26 04:46:31.559  4144  4144 V MediaPlayerList: mPackageChangedBroadcastReceiver: action: android.intent.action.PACKAGE_REMOVED
06-26 04:46:31.576   837   837 D PersistedStoragePackageUninstalledReceiver: Received android.intent.action.PACKAGE_FULLY_REMOVED for dev.mobile.maestro for u0
06-26 04:46:31.583   522   824 D SafetySourceDataValidator: No cert check requested for package com.google.android.permissioncontroller
06-26 04:46:31.589   837   837 D PersistedStoragePackageUninstalledReceiver: Received android.intent.action.PACKAGE_FULLY_REMOVED for dev.mobile.maestro.test for u0
06-26 04:46:31.595   335   367 I netd    : tetherGetStats() -> {[]} <0.33ms>
06-26 04:46:31.603  5004  6184 I Icing   : doRemovePackageData dev.mobile.maestro
06-26 04:46:31.606  4929  8370 I ProximityAuth: [RecentAppsMediator] Package removed: (user=UserHandle{0}) dev.mobile.maestro
06-26 04:46:31.609  1623  1623 W MediaProvider: WorkProfileOwnerApps cache is empty
06-26 04:46:31.619   396  1564 D AF::TrackHandle: OpPlayAudio: track:55 usage:13 not muted
06-26 04:46:31.620   396   415 D AF::TrackHandle: OpPlayAudio: track:55 usage:13 not muted
06-26 04:46:31.620   396   415 D AF::TrackHandle: OpPlayAudio: track:55 usage:13 not muted
06-26 04:46:31.620   396   415 D AF::TrackHandle: OpPlayAudio: track:55 usage:13 not muted
06-26 04:46:31.620   396   415 D AF::TrackHandle: OpPlayAudio: track:55 usage:13 not muted
06-26 04:46:31.620   396   415 D AF::TrackHandle: OpPlayAudio: track:55 usage:13 not muted
06-26 04:46:31.622   396   415 D AF::TrackHandle: OpPlayAudio: track:55 usage:13 not muted
06-26 04:46:31.623   396   415 D AF::TrackHandle: OpPlayAudio: track:55 usage:13 not muted
06-26 04:46:31.624   396   415 D AF::TrackHandle: OpPlayAudio: track:55 usage:13 not muted
06-26 04:46:31.624   396   415 D AF::TrackHandle: OpPlayAudio: track:55 usage:13 not muted
06-26 04:46:31.624   396   415 D AF::TrackHandle: OpPlayAudio: track:55 usage:13 not muted
06-26 04:46:31.625   396   415 D AF::TrackHandle: OpPlayAudio: track:55 usage:13 not muted
06-26 04:46:31.625   396   415 D AF::TrackHandle: OpPlayAudio: track:55 usage:13 not muted
06-26 04:46:31.625   396   415 D AF::TrackHandle: OpPlayAudio: track:55 usage:13 not muted
06-26 04:46:31.625   396   415 D AF::TrackHandle: OpPlayAudio: track:55 usage:13 not muted
06-26 04:46:31.625   396   415 D AF::TrackHandle: OpPlayAudio: track:55 usage:13 not muted
06-26 04:46:31.627   835   911 D StylusManager: Stylus InputDevice changed: 8 virtio_input_multi_touch_5
06-26 04:46:31.629   835   835 D ControlsListingControllerImpl: ServiceConfig reloaded, count: 0
06-26 04:46:31.631   835   911 D StylusManager: Stylus InputDevice changed: 7 virtio_input_multi_touch_4
06-26 04:46:31.638   835   911 D StylusManager: Stylus InputDevice changed: 9 virtio_input_multi_touch_6
06-26 04:46:31.645  1623  2265 I MediaProvider: Begin Intent { act=android.intent.action.PACKAGE_FULLY_REMOVED dat=package: flg=0x5000010 cmp=com.google.android.providers.media.module/com.android.providers.media.MediaService (has extras) }
06-26 04:46:31.645  1623  2265 D MediaProvider: Deleted 0 Android/media items belonging to dev.mobile.maestro.test on /data/user/0/com.google.android.providers.media.module/databases/external.db
06-26 04:46:31.645  4929  8365 I Fitness : FitCleanupIntentOperation received Intent android.intent.action.PACKAGE_REMOVED [CONTEXT service_id=17 ]
06-26 04:46:31.647  1623  2265 D MediaGrants: Removed 0 media_grants for 0 user for dev.mobile.maestro.test. Reason: Package orphaned
06-26 04:46:31.648  1623  2265 I MediaProvider: End Intent { act=android.intent.action.PACKAGE_FULLY_REMOVED dat=package: flg=0x5000010 cmp=com.google.android.providers.media.module/com.android.providers.media.MediaService (has extras) }
06-26 04:46:31.650  5004  5121 I Icing   : IndexChimeraService.getServiceInterface callingPackage=com.google.android.gms componentName=AppsCorpus serviceId=36
06-26 04:46:31.660  5004  5004 D BoundBrokerSvc: onBind: Intent { act=com.google.android.gms.feedback.internal.IFeedbackService dat=chimera-action:/... cmp=com.google.android.gms/.chimera.GmsBoundBrokerService }
06-26 04:46:31.660  5004  5004 D BoundBrokerSvc: Loading bound service for intent: Intent { act=com.google.android.gms.feedback.internal.IFeedbackService dat=chimera-action:/... cmp=com.google.android.gms/.chimera.GmsBoundBrokerService }
06-26 04:46:31.663  4929  8371 I ProximityAuth: [RecentAppsMediator] Package removed: (user=UserHandle{0}) dev.mobile.maestro.test
06-26 04:46:31.668  4929  8371 I Fitness : FitCleanupIntentOperation received Intent android.intent.action.PACKAGE_REMOVED [CONTEXT service_id=17 ]
06-26 04:46:31.689  5004  5004 D BoundBrokerSvc: onBind: Intent { act=com.google.android.gms.common.BIND_SHARED_PREFS pkg=com.google.android.gms }
06-26 04:46:31.689  5004  5004 D BoundBrokerSvc: Loading bound service for intent: Intent { act=com.google.android.gms.common.BIND_SHARED_PREFS pkg=com.google.android.gms }
06-26 04:46:31.691  5004  5004 D BoundBrokerSvc: onUnbind: Intent { act=com.google.android.gms.common.BIND_SHARED_PREFS pkg=com.google.android.gms }
06-26 04:46:31.703  5004  8364 I BlockstoreStorage: Clearing all the Blockstore Data for package dev.mobile.maestro.test [CONTEXT service_id=258 ]
06-26 04:46:31.703  5004  8364 I BlockstoreStorage: Clearing all the Blockstore Data for 1 packages [CONTEXT service_id=258 ]
06-26 04:46:31.711  5004  8364 W SQLiteLog: (28) double-quoted string literal: "dev.mobile.maestro.test"
06-26 04:46:31.719   835   911 D StylusManager: Stylus InputDevice changed: 4 virtio_input_multi_touch_1
06-26 04:46:31.721   835   911 D StylusManager: Stylus InputDevice changed: 5 virtio_input_multi_touch_2
06-26 04:46:31.721   835   911 D StylusManager: Stylus InputDevice changed: 10 virtio_input_multi_touch_7
06-26 04:46:31.748   522   532 I system_server: Background concurrent copying GC freed 577659(27MB) AllocSpace objects, 61(2004KB) LOS objects, 45% free, 28MB/52MB, paused 204us,40us total 451.885ms
06-26 04:46:31.750   522   919 D CompatibilityChangeReporter: Compat change id reported: 161252188; UID 10192; state: DISABLED
06-26 04:46:31.756  5004  5121 I Icing   : IndexChimeraService.getServiceInterface callingPackage=com.google.android.gms componentName=null serviceId=30
06-26 04:46:31.757  1099  1099 D Launcher.Model: package removed received dev.mobile.maestro
06-26 04:46:31.757  1099  1132 D PackageUpdatedTask: Removing app icondev.mobile.maestro
06-26 04:46:31.758  1596  1596 I AiAiEcho: AppFetcherImplV2 onPackageRemoved dev.mobile.maestro.
06-26 04:46:31.761  1099  1132 D ModelWriter: removing items from db . Reason: [removed because the corresponding package or component is removed. mOp=3 removedPackages=[dev.mobile.maestro] removedComponents=[]]
06-26 04:46:31.762  5004  6184 I Icing   : Usage reports ok 1, Failed Usage reports 0, indexed 0, rejected 0
06-26 04:46:31.767  1099  1994 D EGL_emulation: app_time_stats: avg=3014.34ms min=20.70ms max=11923.19ms count=4
06-26 04:46:31.769   522   553 W WindowMagnificationMgr: requestConnection duplicated request: connect=false, mConnectionState=DISCONNECTED
06-26 04:46:31.772  1596  1899 I AiAiEcho: [pnb-agg] Reload pnb aggregation on events deleted
06-26 04:46:31.772  1596  1899 I AiAiEcho: [pnb-agg] pnb aggregation disabled.
06-26 04:46:31.776  1596  2018 I AiAiEcho: EchoSearch: WidgetFetcherImpl is initialized with [28] widgets [reason=package removed for userId: 0]
06-26 04:46:31.789  1099  1099 D Launcher.Model: package removed received dev.mobile.maestro.test
06-26 04:46:31.789  1099  1132 D PackageUpdatedTask: Removing app icondev.mobile.maestro.test
06-26 04:46:31.791  1596  1596 I AiAiEcho: AppFetcherImplV2 onPackageRemoved dev.mobile.maestro.test.
06-26 04:46:31.792  1099  1132 D ModelWriter: removing items from db . Reason: [removed because the corresponding package or component is removed. mOp=3 removedPackages=[dev.mobile.maestro.test] removedComponents=[]]
06-26 04:46:31.795  5004  6184 I Icing   : doRemovePackageData dev.mobile.maestro.test
06-26 04:46:31.804  1596  1899 I AiAiEcho: [pnb-agg] Reload pnb aggregation on events deleted
06-26 04:46:31.804  1596  1899 I AiAiEcho: [pnb-agg] pnb aggregation disabled.
06-26 04:46:31.805  5004  6184 I Icing   : Usage reports ok 0, Failed Usage reports 0, indexed 0, rejected 0
06-26 04:46:31.810  1596  2018 I AiAiEcho: EchoSearch: WidgetFetcherImpl is initialized with [28] widgets [reason=package removed for userId: 0]
06-26 04:46:31.814  5004  6184 I Icing   : Indexing com.google.android.gms-apps from com.google.android.gms
06-26 04:46:31.820  1636  1636 I GsaVoiceInteractionSrv: O received Intent { act=android.intent.action.PACKAGE_REMOVED dat=package: flg=0x4000010 (has extras) }
06-26 04:46:31.826  5004  6184 I Icing   : Indexing done com.google.android.gms-apps
06-26 04:46:31.826  5004  6184 I Icing   : Indexing com.google.android.gms-apps from com.google.android.gms
06-26 04:46:31.826  5004  6184 I Icing   : Indexing done com.google.android.gms-apps
06-26 04:46:31.827  1636  1636 I GsaVoiceInteractionSrv: O received Intent { act=android.intent.action.PACKAGE_REMOVED dat=package: flg=0x4000010 (has extras) }
06-26 04:46:31.925  8403  8403 W BpBinder: Linking to death on android.gui.ISurfaceComposer but there are no threads (yet?) listening to incoming transactions. See ProcessState::startThreadPool and ProcessState::setThreadPoolMaxThreadCount. Generally you should setup the binder threadpool before other initialization steps.
06-26 04:46:31.925  8403  8403 W ProcessState: Extra binder thread started, but 0 threads requested. Do not use *startThreadPool when zero threads are requested.
06-26 04:46:31.932   135   135 I hwservicemanager: getTransport: Cannot find entry android.hardware.graphics.mapper@4.0::IMapper/default in either framework or device VINTF manifest.
06-26 04:46:31.932  1494  1615 W AppInfoHelper: <DWB> Application not found: dev.mobile.maestro.test
06-26 04:46:31.932  1494  1615 W AppInfoHelper: android.content.pm.PackageManager$NameNotFoundException: dev.mobile.maestro.test
06-26 04:46:31.932  1494  1615 W AppInfoHelper: 	at android.app.ApplicationPackageManager.getApplicationInfoAsUser(ApplicationPackageManager.java:507)
06-26 04:46:31.932  1494  1615 W AppInfoHelper: 	at android.app.ApplicationPackageManager.getApplicationInfo(ApplicationPackageManager.java:490)
06-26 04:46:31.932  1494  1615 W AppInfoHelper: 	at android.app.ApplicationPackageManager.getApplicationInfo(ApplicationPackageManager.java:484)
06-26 04:46:31.932  1494  1615 W AppInfoHelper: 	at czo.e(PG:2)
06-26 04:46:31.932  1494  1615 W AppInfoHelper: 	at czo.f(PG:7)
06-26 04:46:31.932  1494  1615 W AppInfoHelper: 	at crm.f(PG:14)
06-26 04:46:31.932  1494  1615 W AppInfoHelper: 	at cdm.apply(PG:74)
06-26 04:46:31.932  1494  1615 W AppInfoHelper: 	at j$.util.stream.i.accept(SourceFile:27)
06-26 04:46:31.932  1494  1615 W AppInfoHelper: 	at j$.util.stream.P0.accept(SourceFile:3)
06-26 04:46:31.932  1494  1615 W AppInfoHelper: 	at j$.util.a.forEachRemaining(SourceFile:20)
06-26 04:46:31.932  1494  1615 W AppInfoHelper: 	at j$.util.stream.c.v(SourceFile:21)
06-26 04:46:31.932  1494  1615 W AppInfoHelper: 	at j$.util.stream.c.C(SourceFile:8)
06-26 04:46:31.932  1494  1615 W AppInfoHelper: 	at j$.util.stream.I0.e(SourceFile:1)
06-26 04:46:31.932  1494  1615 W AppInfoHelper: 	at j$.util.stream.c.F(SourceFile:35)
06-26 04:46:31.932  1494  1615 W AppInfoHelper: 	at j$.util.stream.g1.collect(SourceFile:83)
06-26 04:46:31.932  1494  1615 W AppInfoHelper: 	at bsv.a(PG:14)
06-26 04:46:31.932  1494  1615 W AppInfoHelper: 	at jza.a(PG:30)
06-26 04:46:31.932  1494  1615 W AppInfoHelper: 	at jza.a(PG:42)
06-26 04:46:31.932  1494  1615 W AppInfoHelper: 	at lne.a(PG:1)
06-26 04:46:31.932  1494  1615 W AppInfoHelper: 	at lmk.run(PG:4)
06-26 04:46:31.932  1494  1615 W AppInfoHelper: 	at lng.run(PG:1)
06-26 04:46:31.932  1494  1615 W AppInfoHelper: 	at llo.run(PG:3)
06-26 04:46:31.932  1494  1615 W AppInfoHelper: 	at idn.run(PG:5)
06-26 04:46:31.932  1494  1615 W AppInfoHelper: 	at java.util.concurrent.ThreadPoolExecutor.runWorker(ThreadPoolExecutor.java:1145)
06-26 04:46:31.932  1494  1615 W AppInfoHelper: 	at java.util.concurrent.ThreadPoolExecutor$Worker.run(ThreadPoolExecutor.java:644)
06-26 04:46:31.932  1494  1615 W AppInfoHelper: 	at huo.run(PG:51)
06-26 04:46:31.932  1494  1615 W AppInfoHelper: 	at java.lang.Thread.run(Thread.java:1012)
06-26 04:46:31.932  1494  1615 W AppInfoHelper: 	at idx.run(PG:5)
06-26 04:46:32.132     0     0 I servicemanager: Could not find android.hardware.graphics.allocator.IAllocator/default in the VINTF manifest.
06-26 04:46:31.935  8403  8404 I Gralloc4: mapper 4.x is not supported
06-26 04:46:32.002   835   835 D TileServices: Couldn't find tile for ComponentInfo{com.google.android.apps.wellbeing/com.google.android.apps.wellbeing.focusmode.quicksettings.FocusModeTileService}(0)
06-26 04:46:32.036   835   835 D TileServices: Couldn't find tile for ComponentInfo{com.google.android.apps.wellbeing/com.google.android.apps.wellbeing.focusmode.quicksettings.FocusModeTileService}(0)
06-26 04:46:32.197  8405  8405 D AndroidRuntime: >>>>>> START com.android.internal.os.RuntimeInit uid 2000 <<<<<<
06-26 04:46:32.200  8405  8405 I AndroidRuntime: Using default boot image
06-26 04:46:32.200  8405  8405 I AndroidRuntime: Leaving lock profiling enabled
06-26 04:46:32.202  8405  8405 I app_process: Core platform API reporting enabled, enforcing=false
06-26 04:46:32.202  8405  8405 I app_process: Using CollectorTypeCC GC.
06-26 04:46:32.296  8330  8330 I AidlLazyServiceRegistrar: Process has 0 (of 1 available) client(s) in use after notification artd has clients: 0
06-26 04:46:32.296  8330  8330 I AidlLazyServiceRegistrar: Trying to shut down the service. No clients in use for any service in process.
06-26 04:46:32.498     0     0 I servicemanager: Notifying artd they don't (previously: do) have clients when we now have no record of a client
06-26 04:46:32.500     0     0 I servicemanager: Unregistering artd
06-26 04:46:32.501     0     0 I BpBinder: onLastStrongRef automatically unlinking death recipients:
06-26 04:46:32.504     0     0 I init    : Service 'artd' (pid 8330) exited with status 0 oneshot service took 1.093000 seconds in background
06-26 04:46:32.506     0     0 I init    : Sending signal 9 to service 'artd' (pid 8330) process group...
06-26 04:46:32.299  8330  8330 I AidlLazyServiceRegistrar: Unregistered all clients and exiting
06-26 04:46:32.305  8405  8405 D nativeloader: InitDefaultPublicLibraries for_preload=1: libandroid.so:libaaudio.so:libamidi.so:libbinder_ndk.so:libc.so:libcamera2ndk.so:libdl.so:libEGL.so:libGLESv1_CM.so:libGLESv2.so:libGLESv3.so:libicu.so:libicui18n.so:libicuuc.so:libjnigraphics.so:liblog.so:libmediandk.so:libm.so:libnativehelper.so:libnativewindow.so:libOpenMAXAL.so:libOpenSLES.so:libRS.so:libstdc++.so:libsync.so:libvulkan.so:libwebviewchromium_plat_support.so:libz.so
06-26 04:46:32.507     0     0 I libprocessgroup: Successfully killed process cgroup uid 1082 pid 8330 in 0ms
06-26 04:46:32.313  8405  8405 D app_process: Time zone APEX ICU file found: /apex/com.android.tzdata/etc/icu/icu_tzdata.dat
06-26 04:46:32.314  8405  8405 D app_process: I18n APEX ICU file found: /apex/com.android.i18n/etc/icu/icudt72l.dat
06-26 04:46:32.318  8405  8405 W app_process: Unexpected CPU variant for x86: x86_64.
06-26 04:46:32.318  8405  8405 W app_process: Known variants: atom, sandybridge, silvermont, goldmont, goldmont-plus, tremont, kabylake, default
06-26 04:46:32.320  8405  8405 W app_process: ClassLoaderContext shared library size mismatch. Expected=2, found=0 (PCL[]{PCL[/system/framework/android.test.base.jar*836642756]#PCL[/system/framework/android.test.mock.jar*3186112116]} | PCL[])
06-26 04:46:32.322  8405  8405 W app_process: ClassLoaderContext classpath size mismatch. expected=0, found=1 (PCL[]{PCL[/system/framework/android.test.runner.jar*4168958247]{PCL[/system/framework/android.test.base.jar*836642756]#PCL[/system/framework/android.test.mock.jar*3186112116]}#PCL[/system/framework/android.test.base.jar*836642756]} | PCL[/system/framework/android.test.runner.jar*4168958247])
06-26 04:46:32.335  8405  8405 W libc    : Access denied finding property "ro.product.name_for_attestation"
06-26 04:46:32.336  8405  8405 W libc    : Access denied finding property "ro.product.brand_for_attestation"
06-26 04:46:32.336  8405  8405 W libc    : Access denied finding property "ro.product.model_for_attestation"
06-26 04:46:32.336  8405  8405 D AndroidRuntime: Calling main entry com.android.commands.uiautomator.Launcher
