06-26 04:46:20.359   522   522 I PackageWatchdog: Syncing health check requests for packages: {}
06-26 04:46:20.359   522   522 I ExplicitHealthCheckController: Service not ready to get health check supported packages. Binding...
06-26 04:46:20.360   522   522 I ExplicitHealthCheckController: Explicit health check service is bound
06-26 04:46:20.361   522   522 I ExplicitHealthCheckController: Explicit health check service is connected ComponentInfo{com.google.android.ext.services/android.ext.services.watchdog.ExplicitHealthCheckServiceImpl}
06-26 04:46:20.361   522   522 I ExplicitHealthCheckController: Service initialized, syncing requests
06-26 04:46:20.361   522   522 I PackageWatchdog: Syncing health check requests for packages: {}
06-26 04:46:20.361   522   522 D ExplicitHealthCheckController: Getting health check supported packages
06-26 04:46:20.361   522  2613 I ExplicitHealthCheckController: Explicit health check supported packages [PackageConfig{com.google.android.networkstack, 86400000}]
06-26 04:46:20.361   522  2613 D PackageWatchdog: Received supported packages [PackageConfig{com.google.android.networkstack, 86400000}]
06-26 04:46:20.361   522  2613 D ExplicitHealthCheckController: Getting health check requested packages
06-26 04:46:20.361   522  2613 I ExplicitHealthCheckController: Explicit health check requested packages []
06-26 04:46:20.361   522  2613 I ExplicitHealthCheckController: No more health check requests, unbinding...
06-26 04:46:20.362   522  2613 I ExplicitHealthCheckController: Explicit health check service is unbound
06-26 04:46:20.362   522   619 I RescueParty: Starting to observe: [android], updated namespace: health_fitness
06-26 04:46:20.362   522   553 I PackageWatchdog: Syncing state, reason: observing new packages
06-26 04:46:20.363   522   553 D PackageWatchdog: rescue-party-observer added the following packages to monitor [android]
06-26 04:46:20.363   522   553 I PackageWatchdog: Syncing state, reason: updated observers
06-26 04:46:20.363   522   553 I PackageWatchdog: Not pruning observers, elapsed time: 0ms
06-26 04:46:20.363   522   553 I PackageWatchdog: Saving observer state to file
06-26 04:46:20.364   522   522 I PackageWatchdog: Syncing health check requests for packages: {}
06-26 04:46:20.364   522   522 I ExplicitHealthCheckController: Service not ready to get health check supported packages. Binding...
06-26 04:46:20.364   522   522 I ExplicitHealthCheckController: Explicit health check service is bound
06-26 04:46:20.365   522   522 I ExplicitHealthCheckController: Explicit health check service is connected ComponentInfo{com.google.android.ext.services/android.ext.services.watchdog.ExplicitHealthCheckServiceImpl}
06-26 04:46:20.365   522   522 I ExplicitHealthCheckController: Service initialized, syncing requests
06-26 04:46:20.365   522   522 I PackageWatchdog: Syncing health check requests for packages: {}
06-26 04:46:20.365   522   522 D ExplicitHealthCheckController: Getting health check supported packages
06-26 04:46:20.365   522  2613 I ExplicitHealthCheckController: Explicit health check supported packages [PackageConfig{com.google.android.networkstack, 86400000}]
06-26 04:46:20.365   522  2613 D PackageWatchdog: Received supported packages [PackageConfig{com.google.android.networkstack, 86400000}]
06-26 04:46:20.365   522  2613 D ExplicitHealthCheckController: Getting health check requested packages
06-26 04:46:20.365   522  2613 I ExplicitHealthCheckController: Explicit health check requested packages []
06-26 04:46:20.365   522  2613 I ExplicitHealthCheckController: No more health check requests, unbinding...
06-26 04:46:20.366   522  2613 I ExplicitHealthCheckController: Explicit health check service is unbound
06-26 04:46:20.368   522   619 I RescueParty: Starting to observe: [android], updated namespace: app_standby
06-26 04:46:20.368   522   553 I PackageWatchdog: Syncing state, reason: observing new packages
06-26 04:46:20.368   522   553 D PackageWatchdog: rescue-party-observer added the following packages to monitor [android]
06-26 04:46:20.368   522   553 I PackageWatchdog: Syncing state, reason: updated observers
06-26 04:46:20.368   522   553 I PackageWatchdog: Not pruning observers, elapsed time: 0ms
06-26 04:46:20.368   522   553 I PackageWatchdog: Saving observer state to file
06-26 04:46:20.370   522   522 I PackageWatchdog: Syncing health check requests for packages: {}
06-26 04:46:20.370   522   522 I ExplicitHealthCheckController: Service not ready to get health check supported packages. Binding...
06-26 04:46:20.371   522   522 I ExplicitHealthCheckController: Explicit health check service is bound
06-26 04:46:20.372   522   522 I ExplicitHealthCheckController: Explicit health check service is connected ComponentInfo{com.google.android.ext.services/android.ext.services.watchdog.ExplicitHealthCheckServiceImpl}
06-26 04:46:20.372   522   522 I ExplicitHealthCheckController: Service initialized, syncing requests
06-26 04:46:20.372   522   522 I PackageWatchdog: Syncing health check requests for packages: {}
06-26 04:46:20.372   522   522 D ExplicitHealthCheckController: Getting health check supported packages
06-26 04:46:20.372   522  2542 I ExplicitHealthCheckController: Explicit health check supported packages [PackageConfig{com.google.android.networkstack, 86400000}]
06-26 04:46:20.372   522  2542 D PackageWatchdog: Received supported packages [PackageConfig{com.google.android.networkstack, 86400000}]
06-26 04:46:20.372   522  2542 D ExplicitHealthCheckController: Getting health check requested packages
06-26 04:46:20.372   522   606 D CompatibilityChangeReporter: Compat change id reported: 218533173; UID 10201; state: ENABLED
06-26 04:46:20.372   522  2542 I ExplicitHealthCheckController: Explicit health check requested packages []
06-26 04:46:20.372   522  2542 I ExplicitHealthCheckController: No more health check requests, unbinding...
06-26 04:46:20.373   522  2542 I ExplicitHealthCheckController: Explicit health check service is unbound
06-26 04:46:20.373   522   606 D CompatibilityChangeReporter: Compat change id reported: 262645982; UID 10201; state: ENABLED
06-26 04:46:20.373   522   606 D CompatibilityChangeReporter: Compat change id reported: 218533173; UID 10192; state: ENABLED
06-26 04:46:20.373   522   606 D CompatibilityChangeReporter: Compat change id reported: 262645982; UID 10192; state: ENABLED
06-26 04:46:20.374   522   606 D CompatibilityChangeReporter: Compat change id reported: 218533173; UID 10134; state: ENABLED
06-26 04:46:20.374   522   606 D CompatibilityChangeReporter: Compat change id reported: 262645982; UID 10134; state: ENABLED
06-26 04:46:20.375   522   606 D CompatibilityChangeReporter: Compat change id reported: 262645982; UID 10131; state: ENABLED
06-26 04:46:20.377   522   619 I RescueParty: Starting to observe: [com.google.android.apps.nexuslauncher], updated namespace: launcher
06-26 04:46:20.378   522   553 I PackageWatchdog: Syncing state, reason: observing new packages
06-26 04:46:20.378   522   553 D PackageWatchdog: rescue-party-observer added the following packages to monitor [com.google.android.apps.nexuslauncher]
06-26 04:46:20.378   522   553 I PackageWatchdog: Syncing state, reason: updated observers
06-26 04:46:20.378   522   553 I PackageWatchdog: Not pruning observers, elapsed time: 0ms
06-26 04:46:20.378   522   553 I PackageWatchdog: Saving observer state to file
06-26 04:46:20.380   522   522 I PackageWatchdog: Syncing health check requests for packages: {}
06-26 04:46:20.380   522   522 I ExplicitHealthCheckController: Service not ready to get health check supported packages. Binding...
06-26 04:46:20.380   522   522 I ExplicitHealthCheckController: Explicit health check service is bound
06-26 04:46:20.381   522   522 I ExplicitHealthCheckController: Explicit health check service is connected ComponentInfo{com.google.android.ext.services/android.ext.services.watchdog.ExplicitHealthCheckServiceImpl}
06-26 04:46:20.381   522   522 I ExplicitHealthCheckController: Service initialized, syncing requests
06-26 04:46:20.381   522   522 I PackageWatchdog: Syncing health check requests for packages: {}
06-26 04:46:20.381   522   522 D ExplicitHealthCheckController: Getting health check supported packages
06-26 04:46:20.381   522  2613 I ExplicitHealthCheckController: Explicit health check supported packages [PackageConfig{com.google.android.networkstack, 86400000}]
06-26 04:46:20.381   522  2613 D PackageWatchdog: Received supported packages [PackageConfig{com.google.android.networkstack, 86400000}]
06-26 04:46:20.381   522  2613 D ExplicitHealthCheckController: Getting health check requested packages
06-26 04:46:20.381   522  2613 I ExplicitHealthCheckController: Explicit health check requested packages []
06-26 04:46:20.381   522  2613 I ExplicitHealthCheckController: No more health check requests, unbinding...
06-26 04:46:20.382   522  2613 I ExplicitHealthCheckController: Explicit health check service is unbound
06-26 04:46:20.385   522   619 I RescueParty: Starting to observe: [android], updated namespace: configuration
06-26 04:46:20.386   522   553 I PackageWatchdog: Syncing state, reason: observing new packages
06-26 04:46:20.386   522   553 D PackageWatchdog: rescue-party-observer added the following packages to monitor [android]
06-26 04:46:20.386   522   553 I PackageWatchdog: Syncing state, reason: updated observers
06-26 04:46:20.386   522   553 I PackageWatchdog: Not pruning observers, elapsed time: 0ms
06-26 04:46:20.386   522   553 I PackageWatchdog: Saving observer state to file
06-26 04:46:20.387   522   522 I PackageWatchdog: Syncing health check requests for packages: {}
06-26 04:46:20.388   522   522 I ExplicitHealthCheckController: Service not ready to get health check supported packages. Binding...
06-26 04:46:20.388   522   522 I ExplicitHealthCheckController: Explicit health check service is bound
06-26 04:46:20.389   522   522 I ExplicitHealthCheckController: Explicit health check service is connected ComponentInfo{com.google.android.ext.services/android.ext.services.watchdog.ExplicitHealthCheckServiceImpl}
06-26 04:46:20.389   522   522 I ExplicitHealthCheckController: Service initialized, syncing requests
06-26 04:46:20.389   522   522 I PackageWatchdog: Syncing health check requests for packages: {}
06-26 04:46:20.389   522   522 D ExplicitHealthCheckController: Getting health check supported packages
06-26 04:46:20.389   522  2613 I ExplicitHealthCheckController: Explicit health check supported packages [PackageConfig{com.google.android.networkstack, 86400000}]
06-26 04:46:20.390   522  2613 D PackageWatchdog: Received supported packages [PackageConfig{com.google.android.networkstack, 86400000}]
06-26 04:46:20.390   522  2613 D ExplicitHealthCheckController: Getting health check requested packages
06-26 04:46:20.391   522  2613 I ExplicitHealthCheckController: Explicit health check requested packages []
06-26 04:46:20.391   522  2613 I ExplicitHealthCheckController: No more health check requests, unbinding...
06-26 04:46:20.391   522  2613 I ExplicitHealthCheckController: Explicit health check service is unbound
06-26 04:46:20.394   522   619 I RescueParty: Starting to observe: [android], updated namespace: companion
06-26 04:46:20.394   522   553 I PackageWatchdog: Syncing state, reason: observing new packages
06-26 04:46:20.394   522   553 D PackageWatchdog: rescue-party-observer added the following packages to monitor [android]
06-26 04:46:20.394   522   553 I PackageWatchdog: Syncing state, reason: updated observers
06-26 04:46:20.394   522   553 I PackageWatchdog: Not pruning observers, elapsed time: 0ms
06-26 04:46:20.394   522   553 I PackageWatchdog: Saving observer state to file
06-26 04:46:20.395   522   522 I PackageWatchdog: Syncing health check requests for packages: {}
06-26 04:46:20.395   522   522 I ExplicitHealthCheckController: Service not ready to get health check supported packages. Binding...
06-26 04:46:20.396   522   522 I ExplicitHealthCheckController: Explicit health check service is bound
06-26 04:46:20.396   522   522 I ExplicitHealthCheckController: Explicit health check service is connected ComponentInfo{com.google.android.ext.services/android.ext.services.watchdog.ExplicitHealthCheckServiceImpl}
06-26 04:46:20.397   522   522 I ExplicitHealthCheckController: Service initialized, syncing requests
06-26 04:46:20.399   522   619 I RescueParty: Starting to observe: [android], updated namespace: package_manager_service
06-26 04:46:20.400   522   553 I PackageWatchdog: Syncing state, reason: observing new packages
06-26 04:46:20.400   522   553 D PackageWatchdog: rescue-party-observer added the following packages to monitor [android]
06-26 04:46:20.400   522   553 I PackageWatchdog: Syncing state, reason: updated observers
06-26 04:46:20.400   522   553 I PackageWatchdog: Saving observer state to file
06-26 04:46:20.406   522   522 I PackageWatchdog: Syncing health check requests for packages: {}
06-26 04:46:20.406   522   522 D ExplicitHealthCheckController: Getting health check supported packages
06-26 04:46:20.406   522  2613 I ExplicitHealthCheckController: Explicit health check supported packages [PackageConfig{com.google.android.networkstack, 86400000}]
06-26 04:46:20.406   522  2613 D PackageWatchdog: Received supported packages [PackageConfig{com.google.android.networkstack, 86400000}]
06-26 04:46:20.406   522  2613 D ExplicitHealthCheckController: Getting health check requested packages
06-26 04:46:20.408   522  2613 I ExplicitHealthCheckController: Explicit health check requested packages []
06-26 04:46:20.408   522  2613 I ExplicitHealthCheckController: No more health check requests, unbinding...
06-26 04:46:20.408   522  2613 I ExplicitHealthCheckController: Explicit health check service is unbound
06-26 04:46:20.416  7957  8015 D Maestro : Requesting view hierarchy
06-26 04:46:20.416  7957  8015 W QueryController: Could not detect idle state.
06-26 04:46:20.416  7957  8015 W QueryController: Could not detect idle state.
06-26 04:46:20.416   522   619 I RescueParty: Starting to observe: [android, com.google.android.permissioncontroller, com.android.settings, com.android.systemui], updated namespace: privacy
06-26 04:46:20.416   522   553 I PackageWatchdog: Syncing state, reason: observing new packages
06-26 04:46:20.417   522   553 D PackageWatchdog: rescue-party-observer added the following packages to monitor [android, com.google.android.permissioncontroller, com.android.settings, com.android.systemui]
06-26 04:46:20.417   522   553 I PackageWatchdog: Syncing state, reason: updated observers
06-26 04:46:20.417   522   553 I PackageWatchdog: Not pruning observers, elapsed time: 0ms
06-26 04:46:20.417   522   553 I PackageWatchdog: Saving observer state to file
06-26 04:46:20.418   522   522 I PackageWatchdog: Syncing health check requests for packages: {}
06-26 04:46:20.418   522   522 I ExplicitHealthCheckController: Service not ready to get health check supported packages. Binding...
06-26 04:46:20.421   522   522 I ExplicitHealthCheckController: Explicit health check service is bound
06-26 04:46:20.422   522   522 I ExplicitHealthCheckController: Explicit health check service is connected ComponentInfo{com.google.android.ext.services/android.ext.services.watchdog.ExplicitHealthCheckServiceImpl}
06-26 04:46:20.422   522   522 I ExplicitHealthCheckController: Service initialized, syncing requests
06-26 04:46:20.422   522   522 I PackageWatchdog: Syncing health check requests for packages: {}
06-26 04:46:20.422   522   522 D ExplicitHealthCheckController: Getting health check supported packages
06-26 04:46:20.422   522  2613 I ExplicitHealthCheckController: Explicit health check supported packages [PackageConfig{com.google.android.networkstack, 86400000}]
06-26 04:46:20.422   522  2613 D PackageWatchdog: Received supported packages [PackageConfig{com.google.android.networkstack, 86400000}]
06-26 04:46:20.422   522  2613 D ExplicitHealthCheckController: Getting health check requested packages
06-26 04:46:20.423   522  2613 I ExplicitHealthCheckController: Explicit health check requested packages []
06-26 04:46:20.423   522  2613 I ExplicitHealthCheckController: No more health check requests, unbinding...
06-26 04:46:20.423   522  2613 I ExplicitHealthCheckController: Explicit health check service is unbound
06-26 04:46:20.425   522  7808 E SettingsToPropertiesMapper: key=persist.device_config.configuration.AdbWritableFlags__adb_writable_flags_list value=adservices/disable_sdk_sandbox,adservices/enforce_broadcast_receiver_restrictions,adservices/fledge_ad_selection_enforce_foreground_status_custom_audience,adservices/fledge_custom_audience_max_count,adservices/fledge_custom_audience_max_num_ads,adservices/fledge_custom_audience_max_owner_count,adservices/fledge_custom_audience_per_app_max_count,adservices/fledge_js_isolate_enforce_max_heap_size,adservices/fledge_js_isolate_max_heap_size_bytes,adservices/sdk_request_permits_per_second,adservices/sdksandbox_customized_sdk_context_enabled,configuration/namespace_to_package_mapping,constrain_display_apis/always_constrain_display_apis,constrain_display_apis/never_constrain_display_apis,constrain_display_apis/never_constrain_display_apis_all_packages,device_policy_manager/disable_resources_updatability,flipendo/default_savings_mode_launch,flipendo/essential_apps,flipendo/flipendo_enabled_launch,flipendo/grayscale_enabled_launch,flipendo/lever_ble_scanning_enabled_launch,flipendo/lever_hotspot_enabled_launch,flipendo/lever_work_profile_enabled_launch,flipendo/resuspend_delay_minutes,namespace/key,namespace1/key1,namespace1/key2,namespace2/key1,namespace2/key2,package_manager_service/incfs_default_timeouts,package_manager_service/known_digesters_list,privacy/location_access_check_periodic_interval_millis,rollback/enable_rollback_timeout,rollback/watchdog_explicit_health_check_enabled,rollback/watchdog_request_timeout_millis,rollback/watchdog_trigger_failure_count,rollback/watchdog_trigger_failure_duration_millis,rollback_boot/rollback_lifetime_in_millis,systemui/nas_generate_actions,systemui/nas_generate_replies,systemui/nas_max_messages_to_extract,systemui/nas_max_suggestions,testspace/another,testspace/flagname,textclassifier/config_updater_model_enabled,textclassifier/key,textclassifier/key2,textclassifier/manifest_url_annotator_en,textclassifier/manifest_url_annotator_ru,textclassifier/model_download_backoff_delay_in_millis,textclassifier/model_download_manager_enabled,textclassifier/multi_language_support_enabled,textclassifier/testing_locale_list_override,textclassifier/textclassifier_service_package_override,window_manager/enable_default_rescind_bal_privileges_from_pending_intent_sender,wrong/nas_generate_replies, exceeds system property max length.
06-26 04:46:20.439  7957  8015 I Maestro : Skipping invisible child: android.view.accessibility.AccessibilityNodeInfo@4e5f6; boundsInParent: Rect(0, 0 - 0, 19); boundsInScreen: Rect(31, 66 - 31, 80); boundsInWindow: Rect(31, 66 - 31, 80); packageName: com.google.android.apps.nexuslauncher; className: android.widget.TextView; text: null; error: null; maxTextLength: -1; stateDescription: null; contentDescription: null; tooltipText: null; containerTitle: null; viewIdResName: com.google.android.apps.nexuslauncher:id/subtitle_text; uniqueId: null; checkable: false; checked: false; focusable: true; focused: false; selected: false; clickable: true; longClickable: false; contextClickable: false; enabled: true; password: false; scrollable: false; importantForAccessibility: true; visible: false; actions: [AccessibilityAction: ACTION_FOCUS - null, AccessibilityAction: ACTION_SELECT - null, AccessibilityAction: ACTION_CLEAR_SELECTION - null, AccessibilityAction: ACTION_CLICK - null, AccessibilityAction: ACTION_ACCESSIBILITY_FOCUS - null, AccessibilityAction: ACTION_SHOW_ON_SCREEN - null]; isTextSelectable: false
06-26 04:46:20.441   522   619 I RescueParty: Starting to observe: [android, com.google.android.as, com.android.systemui], updated namespace: systemui
06-26 04:46:20.442   522   553 I PackageWatchdog: Syncing state, reason: observing new packages
06-26 04:46:20.442   522   553 D PackageWatchdog: rescue-party-observer added the following packages to monitor [android, com.google.android.as, com.android.systemui]
06-26 04:46:20.443   522   553 I PackageWatchdog: Syncing state, reason: updated observers
06-26 04:46:20.443   522   553 I PackageWatchdog: Not pruning observers, elapsed time: 0ms
06-26 04:46:20.443   522   553 I PackageWatchdog: Saving observer state to file
06-26 04:46:20.444   522   985 D CompatibilityChangeReporter: Compat change id reported: 161252188; UID 10131; state: DISABLED
06-26 04:46:20.444   522   522 I PackageWatchdog: Syncing health check requests for packages: {}
06-26 04:46:20.444   522   522 I ExplicitHealthCheckController: Service not ready to get health check supported packages. Binding...
06-26 04:46:20.445   522   522 I ExplicitHealthCheckController: Explicit health check service is bound
06-26 04:46:20.446   522   522 I ExplicitHealthCheckController: Explicit health check service is connected ComponentInfo{com.google.android.ext.services/android.ext.services.watchdog.ExplicitHealthCheckServiceImpl}
06-26 04:46:20.446   522   522 I ExplicitHealthCheckController: Service initialized, syncing requests
06-26 04:46:20.446   522   522 I PackageWatchdog: Syncing health check requests for packages: {}
06-26 04:46:20.446   522   522 D ExplicitHealthCheckController: Getting health check supported packages
06-26 04:46:20.446   522  2613 I ExplicitHealthCheckController: Explicit health check supported packages [PackageConfig{com.google.android.networkstack, 86400000}]
06-26 04:46:20.446   522  2613 D PackageWatchdog: Received supported packages [PackageConfig{com.google.android.networkstack, 86400000}]
06-26 04:46:20.447   522  2613 D ExplicitHealthCheckController: Getting health check requested packages
06-26 04:46:20.447   522  2613 I ExplicitHealthCheckController: Explicit health check requested packages []
06-26 04:46:20.447   522  2613 I ExplicitHealthCheckController: No more health check requests, unbinding...
06-26 04:46:20.447   522  2613 I ExplicitHealthCheckController: Explicit health check service is unbound
06-26 04:46:20.452   522   619 I RescueParty: Starting to observe: [android], updated namespace: media
06-26 04:46:20.452   522   553 I PackageWatchdog: Syncing state, reason: observing new packages
06-26 04:46:20.453   522   553 D PackageWatchdog: rescue-party-observer added the following packages to monitor [android]
06-26 04:46:20.453   522   553 I PackageWatchdog: Syncing state, reason: updated observers
06-26 04:46:20.453   522   553 I PackageWatchdog: Not pruning observers, elapsed time: 0ms
06-26 04:46:20.453   522   553 I PackageWatchdog: Saving observer state to file
06-26 04:46:20.454   522   522 I PackageWatchdog: Syncing health check requests for packages: {}
06-26 04:46:20.454   522   522 I ExplicitHealthCheckController: Service not ready to get health check supported packages. Binding...
06-26 04:46:20.455   522   522 I ExplicitHealthCheckController: Explicit health check service is bound
06-26 04:46:20.456   522   522 I ExplicitHealthCheckController: Explicit health check service is connected ComponentInfo{com.google.android.ext.services/android.ext.services.watchdog.ExplicitHealthCheckServiceImpl}
06-26 04:46:20.456   522   522 I ExplicitHealthCheckController: Service initialized, syncing requests
06-26 04:46:20.456   522   522 I PackageWatchdog: Syncing health check requests for packages: {}
06-26 04:46:20.456   522   522 D ExplicitHealthCheckController: Getting health check supported packages
06-26 04:46:20.457   522  2613 I ExplicitHealthCheckController: Explicit health check supported packages [PackageConfig{com.google.android.networkstack, 86400000}]
06-26 04:46:20.457   522  2613 D PackageWatchdog: Received supported packages [PackageConfig{com.google.android.networkstack, 86400000}]
06-26 04:46:20.457   522  2613 D ExplicitHealthCheckController: Getting health check requested packages
06-26 04:46:20.458   522  2613 I ExplicitHealthCheckController: Explicit health check requested packages []
06-26 04:46:20.458   522  2613 I ExplicitHealthCheckController: No more health check requests, unbinding...
06-26 04:46:20.458   522  2613 I ExplicitHealthCheckController: Explicit health check service is unbound
06-26 04:46:20.460  4929  8286 I bwir    : updateFromConfigurations using legacy put method [CONTEXT service_id=204 ]
06-26 04:46:20.464   522   619 I RescueParty: Starting to observe: [android], updated namespace: alarm_manager
06-26 04:46:20.465   522   553 I PackageWatchdog: Syncing state, reason: observing new packages
06-26 04:46:20.465   522   553 D PackageWatchdog: rescue-party-observer added the following packages to monitor [android]
06-26 04:46:20.465   522   553 I PackageWatchdog: Syncing state, reason: updated observers
06-26 04:46:20.465   522   553 I PackageWatchdog: Not pruning observers, elapsed time: 0ms
06-26 04:46:20.465   522   553 I PackageWatchdog: Saving observer state to file
06-26 04:46:20.466   522   522 I PackageWatchdog: Syncing health check requests for packages: {}
06-26 04:46:20.466   522   522 I ExplicitHealthCheckController: Service not ready to get health check supported packages. Binding...
06-26 04:46:20.467   522   522 I ExplicitHealthCheckController: Explicit health check service is bound
06-26 04:46:20.468   522   522 I ExplicitHealthCheckController: Explicit health check service is connected ComponentInfo{com.google.android.ext.services/android.ext.services.watchdog.ExplicitHealthCheckServiceImpl}
06-26 04:46:20.469   522   522 I ExplicitHealthCheckController: Service initialized, syncing requests
06-26 04:46:20.469   522   522 I PackageWatchdog: Syncing health check requests for packages: {}
06-26 04:46:20.469   522   522 D ExplicitHealthCheckController: Getting health check supported packages
06-26 04:46:20.469   522  2613 I ExplicitHealthCheckController: Explicit health check supported packages [PackageConfig{com.google.android.networkstack, 86400000}]
06-26 04:46:20.469   522  2613 D PackageWatchdog: Received supported packages [PackageConfig{com.google.android.networkstack, 86400000}]
06-26 04:46:20.470   522  2613 D ExplicitHealthCheckController: Getting health check requested packages
06-26 04:46:20.470   522  2613 I ExplicitHealthCheckController: Explicit health check requested packages []
06-26 04:46:20.470   522  2613 I ExplicitHealthCheckController: No more health check requests, unbinding...
06-26 04:46:20.470   522  2613 I ExplicitHealthCheckController: Explicit health check service is unbound
06-26 04:46:20.477   522   619 I RescueParty: Starting to observe: [android, com.android.settings], updated namespace: app_hibernation
06-26 04:46:20.478   522   553 I PackageWatchdog: Syncing state, reason: observing new packages
06-26 04:46:20.478   522   553 D PackageWatchdog: rescue-party-observer added the following packages to monitor [android, com.android.settings]
06-26 04:46:20.478   522   553 I PackageWatchdog: Syncing state, reason: updated observers
06-26 04:46:20.478   522   553 I PackageWatchdog: Not pruning observers, elapsed time: 0ms
06-26 04:46:20.478   522   553 I PackageWatchdog: Saving observer state to file
06-26 04:46:20.479   522   522 I PackageWatchdog: Syncing health check requests for packages: {}
06-26 04:46:20.479   522   522 I ExplicitHealthCheckController: Service not ready to get health check supported packages. Binding...
06-26 04:46:20.480   522   522 I ExplicitHealthCheckController: Explicit health check service is bound
06-26 04:46:20.481   522   522 D AppHibernationService: App hibernation changed to enabled=true
06-26 04:46:20.481   522   522 I ExplicitHealthCheckController: Explicit health check service is connected ComponentInfo{com.google.android.ext.services/android.ext.services.watchdog.ExplicitHealthCheckServiceImpl}
06-26 04:46:20.481   522   522 I ExplicitHealthCheckController: Service initialized, syncing requests
06-26 04:46:20.481   522   522 I PackageWatchdog: Syncing health check requests for packages: {}
06-26 04:46:20.481   522   522 D ExplicitHealthCheckController: Getting health check supported packages
06-26 04:46:20.481   522  2542 I ExplicitHealthCheckController: Explicit health check supported packages [PackageConfig{com.google.android.networkstack, 86400000}]
06-26 04:46:20.481   522  2542 D PackageWatchdog: Received supported packages [PackageConfig{com.google.android.networkstack, 86400000}]
06-26 04:46:20.481   522  2542 D ExplicitHealthCheckController: Getting health check requested packages
06-26 04:46:20.481   522  2542 I ExplicitHealthCheckController: Explicit health check requested packages []
06-26 04:46:20.481   522  2542 I ExplicitHealthCheckController: No more health check requests, unbinding...
06-26 04:46:20.482   522  2542 I ExplicitHealthCheckController: Explicit health check service is unbound
06-26 04:46:20.489   522   619 I RescueParty: Starting to observe: [android, com.android.systemui], updated namespace: window_manager
06-26 04:46:20.489   522   553 I PackageWatchdog: Syncing state, reason: observing new packages
06-26 04:46:20.489   522   553 D PackageWatchdog: rescue-party-observer added the following packages to monitor [android, com.android.systemui]
06-26 04:46:20.490   522   553 I PackageWatchdog: Syncing state, reason: updated observers
06-26 04:46:20.490   522   553 I PackageWatchdog: Saving observer state to file
06-26 04:46:20.491   522   522 I PackageWatchdog: Syncing health check requests for packages: {}
06-26 04:46:20.491   522   522 I ExplicitHealthCheckController: Service not ready to get health check supported packages. Binding...
06-26 04:46:20.492   522   522 I ExplicitHealthCheckController: Explicit health check service is bound
06-26 04:46:20.492   522   522 I ExplicitHealthCheckController: Explicit health check service is connected ComponentInfo{com.google.android.ext.services/android.ext.services.watchdog.ExplicitHealthCheckServiceImpl}
06-26 04:46:20.493   522   522 I ExplicitHealthCheckController: Service initialized, syncing requests
06-26 04:46:20.493   522   522 I PackageWatchdog: Syncing health check requests for packages: {}
06-26 04:46:20.493   522   522 D ExplicitHealthCheckController: Getting health check supported packages
06-26 04:46:20.493   522  2542 I ExplicitHealthCheckController: Explicit health check supported packages [PackageConfig{com.google.android.networkstack, 86400000}]
06-26 04:46:20.493   522  2542 D PackageWatchdog: Received supported packages [PackageConfig{com.google.android.networkstack, 86400000}]
06-26 04:46:20.493   522  2542 D ExplicitHealthCheckController: Getting health check requested packages
06-26 04:46:20.493   522  2542 I ExplicitHealthCheckController: Explicit health check requested packages []
06-26 04:46:20.493   522  2542 I ExplicitHealthCheckController: No more health check requests, unbinding...
06-26 04:46:20.494   522  2542 I ExplicitHealthCheckController: Explicit health check service is unbound
06-26 04:46:20.496  7957  8015 D Maestro : View hierarchy received in 80 ms
06-26 04:46:20.514   522   619 I RescueParty: Starting to observe: [android, com.google.android.bluetooth], updated namespace: bluetooth
06-26 04:46:20.515   522   522 D BluetoothDeviceConfigChangeTracker: shouldRestartWhenPropertiesUpdated: INIT_gd_hal_snoop_logger_filtering='true',scan_timeout_millis='300000',location_denylist_name='',audio_policy_hf_enabled='true',INIT_gd_hal_snoop_logger_socket='true',location_denylist_advertising_data='⊈0016AAFE40/00FFFFFFF0,⊆0016AAFE/00FFFFFF,⊆00FF4C0002/00FFFFFFFF',le_audio_enabled_by_default='false',location_denylist_mac='',audio_policy_ag_enabled='true'
06-26 04:46:20.515   522   522 D BluetoothDeviceConfigListener: All properties unchanged, skipping restart
06-26 04:46:20.515   522   553 I PackageWatchdog: Syncing state, reason: observing new packages
06-26 04:46:20.515   522   553 D PackageWatchdog: rescue-party-observer added the following packages to monitor [android, com.google.android.bluetooth]
06-26 04:46:20.515   522   553 I PackageWatchdog: Syncing state, reason: updated observers
06-26 04:46:20.515   522   553 I PackageWatchdog: Not pruning observers, elapsed time: 0ms
06-26 04:46:20.515   522   553 I PackageWatchdog: Saving observer state to file
06-26 04:46:20.516   522   522 I PackageWatchdog: Syncing health check requests for packages: {}
06-26 04:46:20.516   522   522 I ExplicitHealthCheckController: Service not ready to get health check supported packages. Binding...
06-26 04:46:20.518   522   522 I ExplicitHealthCheckController: Explicit health check service is bound
06-26 04:46:20.518   522   522 I ExplicitHealthCheckController: Explicit health check service is connected ComponentInfo{com.google.android.ext.services/android.ext.services.watchdog.ExplicitHealthCheckServiceImpl}
06-26 04:46:20.518   522   522 I ExplicitHealthCheckController: Service initialized, syncing requests
06-26 04:46:20.518   522   522 I PackageWatchdog: Syncing health check requests for packages: {}
06-26 04:46:20.518   522   522 D ExplicitHealthCheckController: Getting health check supported packages
06-26 04:46:20.519   522  2613 I ExplicitHealthCheckController: Explicit health check supported packages [PackageConfig{com.google.android.networkstack, 86400000}]
06-26 04:46:20.519   522  2613 D PackageWatchdog: Received supported packages [PackageConfig{com.google.android.networkstack, 86400000}]
06-26 04:46:20.519   522  2613 D ExplicitHealthCheckController: Getting health check requested packages
06-26 04:46:20.519   522  2613 I ExplicitHealthCheckController: Explicit health check requested packages []
06-26 04:46:20.519   522  2613 I ExplicitHealthCheckController: No more health check requests, unbinding...
06-26 04:46:20.519   522  2613 I ExplicitHealthCheckController: Explicit health check service is unbound
06-26 04:46:20.522   522   619 I RescueParty: Starting to observe: [android, com.google.android.apps.nexuslauncher, com.android.systemui], updated namespace: latency_tracker
06-26 04:46:20.522   522   553 I PackageWatchdog: Syncing state, reason: observing new packages
06-26 04:46:20.522   522   553 D PackageWatchdog: rescue-party-observer added the following packages to monitor [android, com.google.android.apps.nexuslauncher, com.android.systemui]
06-26 04:46:20.522   522   553 I PackageWatchdog: Syncing state, reason: updated observers
06-26 04:46:20.523   522   553 I PackageWatchdog: Not pruning observers, elapsed time: 0ms
06-26 04:46:20.523   522   553 I PackageWatchdog: Saving observer state to file
06-26 04:46:20.524   522   522 I PackageWatchdog: Syncing health check requests for packages: {}
06-26 04:46:20.524   522   522 I ExplicitHealthCheckController: Service not ready to get health check supported packages. Binding...
06-26 04:46:20.525   522   522 I ExplicitHealthCheckController: Explicit health check service is bound
06-26 04:46:20.525   522   522 I ExplicitHealthCheckController: Explicit health check service is connected ComponentInfo{com.google.android.ext.services/android.ext.services.watchdog.ExplicitHealthCheckServiceImpl}
06-26 04:46:20.525   522   522 I ExplicitHealthCheckController: Service initialized, syncing requests
06-26 04:46:20.526   522   522 I PackageWatchdog: Syncing health check requests for packages: {}
06-26 04:46:20.526   522   522 D ExplicitHealthCheckController: Getting health check supported packages
06-26 04:46:20.526   522  2613 I ExplicitHealthCheckController: Explicit health check supported packages [PackageConfig{com.google.android.networkstack, 86400000}]
06-26 04:46:20.526   522  2613 D PackageWatchdog: Received supported packages [PackageConfig{com.google.android.networkstack, 86400000}]
06-26 04:46:20.526   522  2613 D ExplicitHealthCheckController: Getting health check requested packages
06-26 04:46:20.526   522  2613 I ExplicitHealthCheckController: Explicit health check requested packages []
06-26 04:46:20.526   522  2613 I ExplicitHealthCheckController: No more health check requests, unbinding...
06-26 04:46:20.527   522  2613 I ExplicitHealthCheckController: Explicit health check service is unbound
06-26 04:46:20.527   522   619 I RescueParty: Starting to observe: [android], updated namespace: battery_saver
06-26 04:46:20.528   522   522 E DeviceConfig: Parsing int failed for location_mode
06-26 04:46:20.528   522   553 I PackageWatchdog: Syncing state, reason: observing new packages
06-26 04:46:20.528   522   553 D PackageWatchdog: rescue-party-observer added the following packages to monitor [android]
06-26 04:46:20.528   522   553 I PackageWatchdog: Syncing state, reason: updated observers
06-26 04:46:20.528   522   553 I PackageWatchdog: Not pruning observers, elapsed time: 0ms
06-26 04:46:20.528   522   553 I PackageWatchdog: Saving observer state to file
06-26 04:46:20.530   522   522 I PackageWatchdog: Syncing health check requests for packages: {}
06-26 04:46:20.530   522   522 I ExplicitHealthCheckController: Service not ready to get health check supported packages. Binding...
06-26 04:46:20.531   522   522 I ExplicitHealthCheckController: Explicit health check service is bound
06-26 04:46:20.531   522   522 I ExplicitHealthCheckController: Explicit health check service is connected ComponentInfo{com.google.android.ext.services/android.ext.services.watchdog.ExplicitHealthCheckServiceImpl}
06-26 04:46:20.531   522   522 I ExplicitHealthCheckController: Service initialized, syncing requests
06-26 04:46:20.531   522   522 I PackageWatchdog: Syncing health check requests for packages: {}
06-26 04:46:20.531   522   522 D ExplicitHealthCheckController: Getting health check supported packages
06-26 04:46:20.531   522  2613 I ExplicitHealthCheckController: Explicit health check supported packages [PackageConfig{com.google.android.networkstack, 86400000}]
06-26 04:46:20.531   522  2613 D PackageWatchdog: Received supported packages [PackageConfig{com.google.android.networkstack, 86400000}]
06-26 04:46:20.531   522  2613 D ExplicitHealthCheckController: Getting health check requested packages
06-26 04:46:20.531   522  2613 I ExplicitHealthCheckController: Explicit health check requested packages []
06-26 04:46:20.531   522  2613 I ExplicitHealthCheckController: No more health check requests, unbinding...
06-26 04:46:20.532   522   619 I RescueParty: Starting to observe: [android], updated namespace: constrain_display_apis
06-26 04:46:20.532   522   553 I PackageWatchdog: Syncing state, reason: observing new packages
06-26 04:46:20.532   522   553 D PackageWatchdog: rescue-party-observer added the following packages to monitor [android]
06-26 04:46:20.532   522   553 I PackageWatchdog: Syncing state, reason: updated observers
06-26 04:46:20.532   522   553 I PackageWatchdog: Not pruning observers, elapsed time: 0ms
06-26 04:46:20.532   522   553 I PackageWatchdog: Saving observer state to file
06-26 04:46:20.533   522  2613 I ExplicitHealthCheckController: Explicit health check service is unbound
06-26 04:46:20.533   522   522 I PackageWatchdog: Syncing health check requests for packages: {}
06-26 04:46:20.533   522   522 I ExplicitHealthCheckController: Service not ready to get health check supported packages. Binding...
06-26 04:46:20.534   522   522 I ExplicitHealthCheckController: Explicit health check service is bound
06-26 04:46:20.535   522   522 I ExplicitHealthCheckController: Explicit health check service is connected ComponentInfo{com.google.android.ext.services/android.ext.services.watchdog.ExplicitHealthCheckServiceImpl}
06-26 04:46:20.535   522   522 I ExplicitHealthCheckController: Service initialized, syncing requests
06-26 04:46:20.535   522   522 I PackageWatchdog: Syncing health check requests for packages: {}
06-26 04:46:20.535   522   522 D ExplicitHealthCheckController: Getting health check supported packages
06-26 04:46:20.535   522  2613 I ExplicitHealthCheckController: Explicit health check supported packages [PackageConfig{com.google.android.networkstack, 86400000}]
06-26 04:46:20.535   522  2613 D PackageWatchdog: Received supported packages [PackageConfig{com.google.android.networkstack, 86400000}]
06-26 04:46:20.535   522  2613 D ExplicitHealthCheckController: Getting health check requested packages
06-26 04:46:20.536   522  2613 I ExplicitHealthCheckController: Explicit health check requested packages []
06-26 04:46:20.536   522  2613 I ExplicitHealthCheckController: No more health check requests, unbinding...
06-26 04:46:20.536   522  2613 I ExplicitHealthCheckController: Explicit health check service is unbound
06-26 04:46:20.538   522   619 I RescueParty: Starting to observe: [android], updated namespace: backup_and_restore
06-26 04:46:20.539   522   553 I PackageWatchdog: Syncing state, reason: observing new packages
06-26 04:46:20.539   522   553 D PackageWatchdog: rescue-party-observer added the following packages to monitor [android]
06-26 04:46:20.539   522   553 I PackageWatchdog: Syncing state, reason: updated observers
06-26 04:46:20.539   522   553 I PackageWatchdog: Not pruning observers, elapsed time: 0ms
06-26 04:46:20.539   522   553 I PackageWatchdog: Saving observer state to file
06-26 04:46:20.540   522   522 I PackageWatchdog: Syncing health check requests for packages: {}
06-26 04:46:20.540   522   522 I ExplicitHealthCheckController: Service not ready to get health check supported packages. Binding...
06-26 04:46:20.541   522   522 I ExplicitHealthCheckController: Explicit health check service is bound
06-26 04:46:20.541   522   522 I ExplicitHealthCheckController: Explicit health check service is connected ComponentInfo{com.google.android.ext.services/android.ext.services.watchdog.ExplicitHealthCheckServiceImpl}
06-26 04:46:20.541   522   522 I ExplicitHealthCheckController: Service initialized, syncing requests
06-26 04:46:20.541   522   522 I PackageWatchdog: Syncing health check requests for packages: {}
06-26 04:46:20.541   522   522 D ExplicitHealthCheckController: Getting health check supported packages
06-26 04:46:20.541   522  2613 I ExplicitHealthCheckController: Explicit health check supported packages [PackageConfig{com.google.android.networkstack, 86400000}]
06-26 04:46:20.542   522  2613 D PackageWatchdog: Received supported packages [PackageConfig{com.google.android.networkstack, 86400000}]
06-26 04:46:20.542   522  2613 D ExplicitHealthCheckController: Getting health check requested packages
06-26 04:46:20.542   522  2613 I ExplicitHealthCheckController: Explicit health check requested packages []
06-26 04:46:20.542   522  2613 I ExplicitHealthCheckController: No more health check requests, unbinding...
06-26 04:46:20.542   522  2613 I ExplicitHealthCheckController: Explicit health check service is unbound
06-26 04:46:20.544   522   619 I RescueParty: Starting to observe: [android], updated namespace: nnapi_native
06-26 04:46:20.544   522   553 I PackageWatchdog: Syncing state, reason: observing new packages
06-26 04:46:20.544   522   553 D PackageWatchdog: rescue-party-observer added the following packages to monitor [android]
06-26 04:46:20.544   522   553 I PackageWatchdog: Syncing state, reason: updated observers
06-26 04:46:20.544   522   553 I PackageWatchdog: Not pruning observers, elapsed time: 0ms
06-26 04:46:20.544   522   553 I PackageWatchdog: Saving observer state to file
06-26 04:46:20.546   522   522 I PackageWatchdog: Syncing health check requests for packages: {}
06-26 04:46:20.546   522   522 I ExplicitHealthCheckController: Service not ready to get health check supported packages. Binding...
06-26 04:46:20.548   522   619 I RescueParty: Starting to observe: [android, com.google.android.networkstack], updated namespace: tethering
06-26 04:46:20.548   522   553 I PackageWatchdog: Syncing state, reason: observing new packages
06-26 04:46:20.548   522   553 D PackageWatchdog: rescue-party-observer added the following packages to monitor [android, com.google.android.networkstack]
06-26 04:46:20.549   522   553 I PackageWatchdog: Syncing state, reason: updated observers
06-26 04:46:20.549   522   553 I PackageWatchdog: Saving observer state to file
06-26 04:46:20.549   522   522 I ExplicitHealthCheckController: Explicit health check service is bound
06-26 04:46:20.550   522   522 I ExplicitHealthCheckController: Explicit health check service is connected ComponentInfo{com.google.android.ext.services/android.ext.services.watchdog.ExplicitHealthCheckServiceImpl}
06-26 04:46:20.550   522   522 I ExplicitHealthCheckController: Service initialized, syncing requests
06-26 04:46:20.553   522   522 I PackageWatchdog: Syncing health check requests for packages: {}
06-26 04:46:20.553   522   522 D ExplicitHealthCheckController: Getting health check supported packages
06-26 04:46:20.554   522  2613 I ExplicitHealthCheckController: Explicit health check supported packages [PackageConfig{com.google.android.networkstack, 86400000}]
06-26 04:46:20.554   522  2613 D PackageWatchdog: Received supported packages [PackageConfig{com.google.android.networkstack, 86400000}]
06-26 04:46:20.554   522  2613 D ExplicitHealthCheckController: Getting health check requested packages
06-26 04:46:20.555   522  2613 I ExplicitHealthCheckController: Explicit health check requested packages []
06-26 04:46:20.555   522  2613 I ExplicitHealthCheckController: No more health check requests, unbinding...
06-26 04:46:20.555   522  2613 I ExplicitHealthCheckController: Explicit health check service is unbound
06-26 04:46:20.559   522   619 I RescueParty: Starting to observe: [android], updated namespace: location
06-26 04:46:20.559   522   553 I PackageWatchdog: Syncing state, reason: observing new packages
06-26 04:46:20.559   522   553 D PackageWatchdog: rescue-party-observer added the following packages to monitor [android]
06-26 04:46:20.559   522   553 I PackageWatchdog: Syncing state, reason: updated observers
06-26 04:46:20.559   522   553 I PackageWatchdog: Not pruning observers, elapsed time: 0ms
06-26 04:46:20.559   522   553 I PackageWatchdog: Saving observer state to file
06-26 04:46:20.560   522   522 I PackageWatchdog: Syncing health check requests for packages: {}
06-26 04:46:20.560   522   522 I ExplicitHealthCheckController: Service not ready to get health check supported packages. Binding...
06-26 04:46:20.562   522   522 I ExplicitHealthCheckController: Explicit health check service is bound
06-26 04:46:20.562   522   522 I ExplicitHealthCheckController: Explicit health check service is connected ComponentInfo{com.google.android.ext.services/android.ext.services.watchdog.ExplicitHealthCheckServiceImpl}
06-26 04:46:20.562   522   522 I ExplicitHealthCheckController: Service initialized, syncing requests
06-26 04:46:20.562   522   522 I PackageWatchdog: Syncing health check requests for packages: {}
06-26 04:46:20.562   522   522 D ExplicitHealthCheckController: Getting health check supported packages
06-26 04:46:20.562   522   985 I ExplicitHealthCheckController: Explicit health check supported packages [PackageConfig{com.google.android.networkstack, 86400000}]
06-26 04:46:20.562   522   985 D PackageWatchdog: Received supported packages [PackageConfig{com.google.android.networkstack, 86400000}]
06-26 04:46:20.563   522   985 D ExplicitHealthCheckController: Getting health check requested packages
06-26 04:46:20.563   522   985 I ExplicitHealthCheckController: Explicit health check requested packages []
06-26 04:46:20.563   522   985 I ExplicitHealthCheckController: No more health check requests, unbinding...
06-26 04:46:20.563   522   985 I ExplicitHealthCheckController: Explicit health check service is unbound
06-26 04:46:20.567  7957  8015 D Maestro : Requesting view hierarchy
06-26 04:46:20.567  7957  8015 W QueryController: Could not detect idle state.
06-26 04:46:20.568  7957  8015 W QueryController: Could not detect idle state.
06-26 04:46:20.576  7957  8015 I Maestro : Skipping invisible child: android.view.accessibility.AccessibilityNodeInfo@4e5f6; boundsInParent: Rect(0, 0 - 0, 19); boundsInScreen: Rect(31, 66 - 31, 80); boundsInWindow: Rect(31, 66 - 31, 80); packageName: com.google.android.apps.nexuslauncher; className: android.widget.TextView; text: null; error: null; maxTextLength: -1; stateDescription: null; contentDescription: null; tooltipText: null; containerTitle: null; viewIdResName: com.google.android.apps.nexuslauncher:id/subtitle_text; uniqueId: null; checkable: false; checked: false; focusable: true; focused: false; selected: false; clickable: true; longClickable: false; contextClickable: false; enabled: true; password: false; scrollable: false; importantForAccessibility: true; visible: false; actions: [AccessibilityAction: ACTION_FOCUS - null, AccessibilityAction: ACTION_SELECT - null, AccessibilityAction: ACTION_CLEAR_SELECTION - null, AccessibilityAction: ACTION_CLICK - null, AccessibilityAction: ACTION_ACCESSIBILITY_FOCUS - null, AccessibilityAction: ACTION_SHOW_ON_SCREEN - null]; isTextSelectable: false
06-26 04:46:20.596  7957  8015 D Maestro : View hierarchy received in 29 ms
06-26 04:46:20.671  4929  6119 W GLSUser : [AppCertManager] Exception while requesting key: 
06-26 04:46:20.671  4929  6119 W GLSUser : java.util.concurrent.ExecutionException: avvw: Parse Proto Exception.
06-26 04:46:20.671  4929  6119 W GLSUser : 	at dlnv.s(:com.google.android.gms@231818047@23.18.18 (190800-535401451):3)
06-26 04:46:20.671  4929  6119 W GLSUser : 	at dlnv.get(:com.google.android.gms@231818047@23.18.18 (190800-535401451):7)
06-26 04:46:20.671  4929  6119 W GLSUser : 	at oub.b(:com.google.android.gms@231818047@23.18.18 (190800-535401451):78)
06-26 04:46:20.671  4929  6119 W GLSUser : 	at otz.b(:com.google.android.gms@231818047@23.18.18 (190800-535401451):4)
