06-26 04:46:20.017   522   619 I RescueParty: Starting to observe: [com.google.android.permissioncontroller], updated namespace: permissions
06-26 04:46:20.017   522   553 I PackageWatchdog: Syncing state, reason: observing new packages
06-26 04:46:20.018   522   553 D PackageWatchdog: rescue-party-observer added the following packages to monitor [com.google.android.permissioncontroller]
06-26 04:46:20.018   522   522 I PackageWatchdog: Syncing health check requests for packages: {}
06-26 04:46:20.018   522   522 I ExplicitHealthCheckController: Service not ready to get health check supported packages. Binding...
06-26 04:46:20.019   522   522 I ExplicitHealthCheckController: Explicit health check service is bound
06-26 04:46:20.020   522   522 I ExplicitHealthCheckController: Explicit health check service is connected ComponentInfo{com.google.android.ext.services/android.ext.services.watchdog.ExplicitHealthCheckServiceImpl}
06-26 04:46:20.020   522   522 I ExplicitHealthCheckController: Service initialized, syncing requests
06-26 04:46:20.020   522   553 I PackageWatchdog: Syncing state, reason: updated observers
06-26 04:46:20.020   522   522 I PackageWatchdog: Syncing health check requests for packages: {}
06-26 04:46:20.020   522   522 D ExplicitHealthCheckController: Getting health check supported packages
06-26 04:46:20.021   522   553 I PackageWatchdog: Saving observer state to file
06-26 04:46:20.021   522  1736 I ExplicitHealthCheckController: Explicit health check supported packages [PackageConfig{com.google.android.networkstack, 86400000}]
06-26 04:46:20.021   522  1736 D PackageWatchdog: Received supported packages [PackageConfig{com.google.android.networkstack, 86400000}]
06-26 04:46:20.022   522  1736 D ExplicitHealthCheckController: Getting health check requested packages
06-26 04:46:20.022   522  1736 I ExplicitHealthCheckController: Explicit health check requested packages []
06-26 04:46:20.022   522  1736 I ExplicitHealthCheckController: No more health check requests, unbinding...
06-26 04:46:20.022   522  1736 I ExplicitHealthCheckController: Explicit health check service is unbound
06-26 04:46:20.044   522   619 I RescueParty: Starting to observe: [android], updated namespace: wifi
06-26 04:46:20.045   522   553 I PackageWatchdog: Syncing state, reason: observing new packages
06-26 04:46:20.045   522   553 D PackageWatchdog: rescue-party-observer added the following packages to monitor [android]
06-26 04:46:20.045   522   553 I PackageWatchdog: Syncing state, reason: updated observers
06-26 04:46:20.046   522   553 I PackageWatchdog: Saving observer state to file
06-26 04:46:20.046   522   522 I PackageWatchdog: Syncing health check requests for packages: {}
06-26 04:46:20.046   522   522 I ExplicitHealthCheckController: Service not ready to get health check supported packages. Binding...
06-26 04:46:20.048   522   522 I ExplicitHealthCheckController: Explicit health check service is bound
06-26 04:46:20.049   522   522 I PackageWatchdog: Syncing health check requests for packages: {}
06-26 04:46:20.049   522   522 I ExplicitHealthCheckController: Service not ready to get health check supported packages. Binding...
06-26 04:46:20.049   522   522 I ExplicitHealthCheckController: Not binding to service, service already connecting
06-26 04:46:20.049   522   522 I ExplicitHealthCheckController: Explicit health check service is connected ComponentInfo{com.google.android.ext.services/android.ext.services.watchdog.ExplicitHealthCheckServiceImpl}
06-26 04:46:20.049   522   522 I ExplicitHealthCheckController: Service initialized, syncing requests
06-26 04:46:20.049   522   522 I PackageWatchdog: Syncing health check requests for packages: {}
06-26 04:46:20.050   522   522 D ExplicitHealthCheckController: Getting health check supported packages
06-26 04:46:20.050   522  2434 I ExplicitHealthCheckController: Explicit health check supported packages [PackageConfig{com.google.android.networkstack, 86400000}]
06-26 04:46:20.050   522  2434 D PackageWatchdog: Received supported packages [PackageConfig{com.google.android.networkstack, 86400000}]
06-26 04:46:20.050   522  2434 D ExplicitHealthCheckController: Getting health check requested packages
06-26 04:46:20.050   522  2434 I ExplicitHealthCheckController: Explicit health check requested packages []
06-26 04:46:20.050   522  2434 I ExplicitHealthCheckController: No more health check requests, unbinding...
06-26 04:46:20.051   522  2434 I ExplicitHealthCheckController: Explicit health check service is unbound
06-26 04:46:20.056   522   619 I RescueParty: Starting to observe: [android], updated namespace: edgetpu_native
06-26 04:46:20.056   522   553 I PackageWatchdog: Syncing state, reason: observing new packages
06-26 04:46:20.057   522   553 D PackageWatchdog: rescue-party-observer added the following packages to monitor [android]
06-26 04:46:20.057   522   553 I PackageWatchdog: Syncing state, reason: updated observers
06-26 04:46:20.057   522   553 I PackageWatchdog: Not pruning observers, elapsed time: 0ms
06-26 04:46:20.057   522   553 I PackageWatchdog: Saving observer state to file
06-26 04:46:20.057   522   522 I PackageWatchdog: Syncing health check requests for packages: {}
06-26 04:46:20.057   522   522 I ExplicitHealthCheckController: Service not ready to get health check supported packages. Binding...
06-26 04:46:20.059   522   522 I ExplicitHealthCheckController: Explicit health check service is bound
06-26 04:46:20.060   522   619 I RescueParty: Starting to observe: [android], updated namespace: appsearch
06-26 04:46:20.062   522   522 I PackageWatchdog: Syncing health check requests for packages: {}
06-26 04:46:20.062   522   522 I ExplicitHealthCheckController: Service not ready to get health check supported packages. Binding...
06-26 04:46:20.062   522   522 I ExplicitHealthCheckController: Not binding to service, service already connecting
06-26 04:46:20.062   522   522 I ExplicitHealthCheckController: Explicit health check service is connected ComponentInfo{com.google.android.ext.services/android.ext.services.watchdog.ExplicitHealthCheckServiceImpl}
06-26 04:46:20.062   522   522 I ExplicitHealthCheckController: Service initialized, syncing requests
06-26 04:46:20.063   522   522 I PackageWatchdog: Syncing health check requests for packages: {}
06-26 04:46:20.063   522   522 D ExplicitHealthCheckController: Getting health check supported packages
06-26 04:46:20.064   522  1736 I ExplicitHealthCheckController: Explicit health check supported packages [PackageConfig{com.google.android.networkstack, 86400000}]
06-26 04:46:20.064   522  1736 D PackageWatchdog: Received supported packages [PackageConfig{com.google.android.networkstack, 86400000}]
06-26 04:46:20.065   522  1736 D ExplicitHealthCheckController: Getting health check requested packages
06-26 04:46:20.065   522  1736 I ExplicitHealthCheckController: Explicit health check requested packages []
06-26 04:46:20.065   522  1736 I ExplicitHealthCheckController: No more health check requests, unbinding...
06-26 04:46:20.065   522  1736 I ExplicitHealthCheckController: Explicit health check service is unbound
06-26 04:46:20.067   522   553 I PackageWatchdog: Syncing state, reason: observing new packages
06-26 04:46:20.067   522   522 I PackageWatchdog: Syncing health check requests for packages: {}
06-26 04:46:20.067   522   522 I ExplicitHealthCheckController: Service not ready to get health check supported packages. Binding...
06-26 04:46:20.069   522   522 I ExplicitHealthCheckController: Explicit health check service is bound
06-26 04:46:20.069   522   522 I ExplicitHealthCheckController: Explicit health check service is connected ComponentInfo{com.google.android.ext.services/android.ext.services.watchdog.ExplicitHealthCheckServiceImpl}
06-26 04:46:20.070   522   522 I ExplicitHealthCheckController: Service initialized, syncing requests
06-26 04:46:20.070   522   522 I PackageWatchdog: Syncing health check requests for packages: {}
06-26 04:46:20.070   522   522 D ExplicitHealthCheckController: Getting health check supported packages
06-26 04:46:20.070   522  1736 I ExplicitHealthCheckController: Explicit health check supported packages [PackageConfig{com.google.android.networkstack, 86400000}]
06-26 04:46:20.070   522  1736 D PackageWatchdog: Received supported packages [PackageConfig{com.google.android.networkstack, 86400000}]
06-26 04:46:20.070   522  1736 D ExplicitHealthCheckController: Getting health check requested packages
06-26 04:46:20.071   522  1736 I ExplicitHealthCheckController: Explicit health check requested packages []
06-26 04:46:20.071   522  1736 I ExplicitHealthCheckController: No more health check requests, unbinding...
06-26 04:46:20.071   522  1736 I ExplicitHealthCheckController: Explicit health check service is unbound
06-26 04:46:20.071   522   553 D PackageWatchdog: rescue-party-observer added the following packages to monitor [android]
06-26 04:46:20.071   522   553 I PackageWatchdog: Syncing state, reason: updated observers
06-26 04:46:20.071   522   522 I PackageWatchdog: Syncing health check requests for packages: {}
06-26 04:46:20.071   522   522 I ExplicitHealthCheckController: Service not ready to get health check supported packages. Binding...
06-26 04:46:20.073   522   522 I ExplicitHealthCheckController: Explicit health check service is bound
06-26 04:46:20.073   522   522 I ExplicitHealthCheckController: Explicit health check service is connected ComponentInfo{com.google.android.ext.services/android.ext.services.watchdog.ExplicitHealthCheckServiceImpl}
06-26 04:46:20.073   522   522 I ExplicitHealthCheckController: Service initialized, syncing requests
06-26 04:46:20.073   522   522 I PackageWatchdog: Syncing health check requests for packages: {}
06-26 04:46:20.073   522   522 D ExplicitHealthCheckController: Getting health check supported packages
06-26 04:46:20.073   522  1736 I ExplicitHealthCheckController: Explicit health check supported packages [PackageConfig{com.google.android.networkstack, 86400000}]
06-26 04:46:20.073   522  1736 D PackageWatchdog: Received supported packages [PackageConfig{com.google.android.networkstack, 86400000}]
06-26 04:46:20.073   522  1736 D ExplicitHealthCheckController: Getting health check requested packages
06-26 04:46:20.073   522  1736 I ExplicitHealthCheckController: Explicit health check requested packages []
06-26 04:46:20.073   522  1736 I ExplicitHealthCheckController: No more health check requests, unbinding...
06-26 04:46:20.074   522  1736 I ExplicitHealthCheckController: Explicit health check service is unbound
06-26 04:46:20.074   522   553 I PackageWatchdog: Saving observer state to file
06-26 04:46:20.087   522   619 I RescueParty: Starting to observe: [com.google.android.apps.nexuslauncher, com.android.settings, com.android.systemui], updated namespace: interaction_jank_monitor
06-26 04:46:20.088   522   553 I PackageWatchdog: Syncing state, reason: observing new packages
06-26 04:46:20.090   522   522 I PackageWatchdog: Syncing health check requests for packages: {}
06-26 04:46:20.090   522   522 I ExplicitHealthCheckController: Service not ready to get health check supported packages. Binding...
06-26 04:46:20.091   522   619 I RescueParty: Starting to observe: [android], updated namespace: wearable_sensing
06-26 04:46:20.092   522   522 I ExplicitHealthCheckController: Explicit health check service is bound
06-26 04:46:20.093   522   522 I ExplicitHealthCheckController: Explicit health check service is connected ComponentInfo{com.google.android.ext.services/android.ext.services.watchdog.ExplicitHealthCheckServiceImpl}
06-26 04:46:20.093   522   522 I ExplicitHealthCheckController: Service initialized, syncing requests
06-26 04:46:20.093   522   522 I PackageWatchdog: Syncing health check requests for packages: {}
06-26 04:46:20.094   522   522 D ExplicitHealthCheckController: Getting health check supported packages
06-26 04:46:20.094   522   985 I ExplicitHealthCheckController: Explicit health check supported packages [PackageConfig{com.google.android.networkstack, 86400000}]
06-26 04:46:20.094   522   985 D PackageWatchdog: Received supported packages [PackageConfig{com.google.android.networkstack, 86400000}]
06-26 04:46:20.094   522   985 D ExplicitHealthCheckController: Getting health check requested packages
06-26 04:46:20.094   522   985 I ExplicitHealthCheckController: Explicit health check requested packages []
06-26 04:46:20.094   522   985 I ExplicitHealthCheckController: No more health check requests, unbinding...
06-26 04:46:20.095   522   985 I ExplicitHealthCheckController: Explicit health check service is unbound
06-26 04:46:20.096   522   553 D PackageWatchdog: rescue-party-observer added the following packages to monitor [com.google.android.apps.nexuslauncher, com.android.settings, com.android.systemui]
06-26 04:46:20.096   522   553 I PackageWatchdog: Syncing state, reason: updated observers
06-26 04:46:20.096   522   522 I PackageWatchdog: Syncing health check requests for packages: {}
06-26 04:46:20.096   522   522 I ExplicitHealthCheckController: Service not ready to get health check supported packages. Binding...
06-26 04:46:20.096   522   545 W ActivityTaskManager: Activity top resumed state loss timeout for ActivityRecord{80c576 u0 com.hanapkalinga.mobile/.MainActivity t-1 f}}
06-26 04:46:20.098   522   553 I PackageWatchdog: Saving observer state to file
06-26 04:46:20.098   522   522 I ExplicitHealthCheckController: Explicit health check service is bound
06-26 04:46:20.098   522   522 I ExplicitHealthCheckController: Explicit health check service is connected ComponentInfo{com.google.android.ext.services/android.ext.services.watchdog.ExplicitHealthCheckServiceImpl}
06-26 04:46:20.098   522   522 I ExplicitHealthCheckController: Service initialized, syncing requests
06-26 04:46:20.099   522   619 I RescueParty: Starting to observe: [android], updated namespace: runtime_native
06-26 04:46:20.102   522   553 I PackageWatchdog: Syncing state, reason: observing new packages
06-26 04:46:20.102   522   553 D PackageWatchdog: rescue-party-observer added the following packages to monitor [android]
06-26 04:46:20.102   522   553 I PackageWatchdog: Syncing state, reason: updated observers
06-26 04:46:20.102   522   553 I PackageWatchdog: Not pruning observers, elapsed time: 0ms
06-26 04:46:20.102   522   553 I PackageWatchdog: Syncing state, reason: observing new packages
06-26 04:46:20.102   522   553 I PackageWatchdog: Not pruning observers, elapsed time: 0ms
06-26 04:46:20.102   522   553 D PackageWatchdog: rescue-party-observer added the following packages to monitor [android]
06-26 04:46:20.102   522   553 I PackageWatchdog: Syncing state, reason: updated observers
06-26 04:46:20.102   522   553 I PackageWatchdog: Not pruning observers, elapsed time: 0ms
06-26 04:46:20.102   522   553 I PackageWatchdog: Saving observer state to file
06-26 04:46:20.104   522   522 I PackageWatchdog: Syncing health check requests for packages: {}
06-26 04:46:20.104   522   522 D ExplicitHealthCheckController: Getting health check supported packages
06-26 04:46:20.104   522   985 I ExplicitHealthCheckController: Explicit health check supported packages [PackageConfig{com.google.android.networkstack, 86400000}]
06-26 04:46:20.105   522   985 D PackageWatchdog: Received supported packages [PackageConfig{com.google.android.networkstack, 86400000}]
06-26 04:46:20.105   522   985 D ExplicitHealthCheckController: Getting health check requested packages
06-26 04:46:20.105   522   985 I ExplicitHealthCheckController: Explicit health check requested packages []
06-26 04:46:20.105   522   985 I ExplicitHealthCheckController: No more health check requests, unbinding...
06-26 04:46:20.106   522   985 I ExplicitHealthCheckController: Explicit health check service is unbound
06-26 04:46:20.137   335  8308 I resolv  : res_nsend: used send_dg 104 terrno: 0
06-26 04:46:20.137   335  8308 I resolv  : doQuery: rcode=0, ancount=4, return value=104
06-26 04:46:20.137   335  8307 I resolv  : res_nsend: used send_dg 152 terrno: 0
06-26 04:46:20.137   335  8307 I resolv  : doQuery: rcode=0, ancount=4, return value=152
06-26 04:46:20.138  4929  5241 D TrafficStats: tagSocket(192) with statsTag=0x401, statsUid=10131
06-26 04:46:20.151   522   619 I RescueParty: Starting to observe: [android], updated namespace: adservices
06-26 04:46:20.152   522   553 I PackageWatchdog: Syncing state, reason: observing new packages
06-26 04:46:20.152   522   553 D PackageWatchdog: rescue-party-observer added the following packages to monitor [android]
06-26 04:46:20.152   522   553 I PackageWatchdog: Syncing state, reason: updated observers
06-26 04:46:20.152   522   553 I PackageWatchdog: Not pruning observers, elapsed time: 0ms
06-26 04:46:20.152   522   553 I PackageWatchdog: Saving observer state to file
06-26 04:46:20.154   522   522 I PackageWatchdog: Syncing health check requests for packages: {}
06-26 04:46:20.154   522   522 I ExplicitHealthCheckController: Service not ready to get health check supported packages. Binding...
06-26 04:46:20.155   522   522 D OomAdjuster: Not killing cached processes
06-26 04:46:20.156   522   522 I ExplicitHealthCheckController: Explicit health check service is bound
06-26 04:46:20.158   522   522 I ExplicitHealthCheckController: Explicit health check service is connected ComponentInfo{com.google.android.ext.services/android.ext.services.watchdog.ExplicitHealthCheckServiceImpl}
06-26 04:46:20.158   522   522 I ExplicitHealthCheckController: Service initialized, syncing requests
06-26 04:46:20.160   522   522 I PackageWatchdog: Syncing health check requests for packages: {}
06-26 04:46:20.160   522   522 D ExplicitHealthCheckController: Getting health check supported packages
06-26 04:46:20.161   522   985 I ExplicitHealthCheckController: Explicit health check supported packages [PackageConfig{com.google.android.networkstack, 86400000}]
06-26 04:46:20.161   522   985 D PackageWatchdog: Received supported packages [PackageConfig{com.google.android.networkstack, 86400000}]
06-26 04:46:20.161   522   985 D ExplicitHealthCheckController: Getting health check requested packages
06-26 04:46:20.161   522   985 I ExplicitHealthCheckController: Explicit health check requested packages []
06-26 04:46:20.161   522   985 I ExplicitHealthCheckController: No more health check requests, unbinding...
06-26 04:46:20.161   522   985 I ExplicitHealthCheckController: Explicit health check service is unbound
06-26 04:46:20.163   522   619 I RescueParty: Starting to observe: [android], updated namespace: tare
06-26 04:46:20.163   522   553 I PackageWatchdog: Syncing state, reason: observing new packages
06-26 04:46:20.163   522   553 D PackageWatchdog: rescue-party-observer added the following packages to monitor [android]
06-26 04:46:20.163   522   553 I PackageWatchdog: Syncing state, reason: updated observers
06-26 04:46:20.163   522   553 I PackageWatchdog: Not pruning observers, elapsed time: 0ms
06-26 04:46:20.163   522   553 I PackageWatchdog: Saving observer state to file
06-26 04:46:20.165   522   522 I PackageWatchdog: Syncing health check requests for packages: {}
06-26 04:46:20.165   522   522 I ExplicitHealthCheckController: Service not ready to get health check supported packages. Binding...
06-26 04:46:20.166   522   522 I ExplicitHealthCheckController: Explicit health check service is bound
06-26 04:46:20.167   522   522 I ExplicitHealthCheckController: Explicit health check service is connected ComponentInfo{com.google.android.ext.services/android.ext.services.watchdog.ExplicitHealthCheckServiceImpl}
06-26 04:46:20.167   522   522 I ExplicitHealthCheckController: Service initialized, syncing requests
06-26 04:46:20.167   522   522 I PackageWatchdog: Syncing health check requests for packages: {}
06-26 04:46:20.167   522   522 D ExplicitHealthCheckController: Getting health check supported packages
06-26 04:46:20.167   522  2613 I ExplicitHealthCheckController: Explicit health check supported packages [PackageConfig{com.google.android.networkstack, 86400000}]
06-26 04:46:20.167   522  2613 D PackageWatchdog: Received supported packages [PackageConfig{com.google.android.networkstack, 86400000}]
06-26 04:46:20.167   522  2613 D ExplicitHealthCheckController: Getting health check requested packages
06-26 04:46:20.167   522  2613 I ExplicitHealthCheckController: Explicit health check requested packages []
06-26 04:46:20.167   522  2613 I ExplicitHealthCheckController: No more health check requests, unbinding...
06-26 04:46:20.167   522  2613 I ExplicitHealthCheckController: Explicit health check service is unbound
06-26 04:46:20.175   522   619 I RescueParty: Starting to observe: [android], updated namespace: lmkd_native
06-26 04:46:20.176   522   553 I PackageWatchdog: Syncing state, reason: observing new packages
06-26 04:46:20.176   522   553 D PackageWatchdog: rescue-party-observer added the following packages to monitor [android]
06-26 04:46:20.176   522   553 I PackageWatchdog: Syncing state, reason: updated observers
06-26 04:46:20.176   522   553 I PackageWatchdog: Not pruning observers, elapsed time: 0ms
06-26 04:46:20.176   522   553 I PackageWatchdog: Saving observer state to file
06-26 04:46:20.176   522   522 I PackageWatchdog: Syncing health check requests for packages: {}
06-26 04:46:20.177   522   522 I ExplicitHealthCheckController: Service not ready to get health check supported packages. Binding...
06-26 04:46:20.178   522   522 I ExplicitHealthCheckController: Explicit health check service is bound
06-26 04:46:20.181   522   522 I PackageWatchdog: Syncing health check requests for packages: {}
06-26 04:46:20.181   522   522 I ExplicitHealthCheckController: Service not ready to get health check supported packages. Binding...
06-26 04:46:20.181   522   522 I ExplicitHealthCheckController: Not binding to service, service already connecting
06-26 04:46:20.181   522   522 I ExplicitHealthCheckController: Explicit health check service is connected ComponentInfo{com.google.android.ext.services/android.ext.services.watchdog.ExplicitHealthCheckServiceImpl}
06-26 04:46:20.181   522   522 I ExplicitHealthCheckController: Service initialized, syncing requests
06-26 04:46:20.181   522   522 I PackageWatchdog: Syncing health check requests for packages: {}
06-26 04:46:20.181   522   522 D ExplicitHealthCheckController: Getting health check supported packages
--------- beginning of kernel
06-26 04:46:20.382     0     0 I init    : processing action (persist.device_config.lmkd_native.thrashing_limit_critical=*) from (/system/etc/init/lmkd.rc:44)
06-26 04:46:20.385     0     0 I init    : processing action (lmkd.reinit=1) from (/system/etc/init/lmkd.rc:10)
06-26 04:46:20.185   522  2613 I ExplicitHealthCheckController: Explicit health check supported packages [PackageConfig{com.google.android.networkstack, 86400000}]
06-26 04:46:20.185   522  2613 D PackageWatchdog: Received supported packages [PackageConfig{com.google.android.networkstack, 86400000}]
06-26 04:46:20.185   522  2613 D ExplicitHealthCheckController: Getting health check requested packages
06-26 04:46:20.185   522  2613 I ExplicitHealthCheckController: Explicit health check requested packages []
06-26 04:46:20.185   522  2613 I ExplicitHealthCheckController: No more health check requests, unbinding...
06-26 04:46:20.185   522  2613 I ExplicitHealthCheckController: Explicit health check service is unbound
06-26 04:46:20.386     0     0 I init    : starting service 'exec 25 (/system/bin/lmkd --reinit)'...
06-26 04:46:20.188   522   522 W AccessibilityManagerService:  wait for adding window timeout: 69
06-26 04:46:20.189  7957  8016 W QueryController: Could not detect idle state.
06-26 04:46:20.189  7957  8016 D Maestro : Requesting view hierarchy
06-26 04:46:20.190  7957  8016 W QueryController: Could not detect idle state.
06-26 04:46:20.190  7957  8016 W QueryController: Could not detect idle state.
06-26 04:46:20.406     0     0 I init    : ... started service 'exec 25 (/system/bin/lmkd --reinit)' has pid 8312
06-26 04:46:20.207  7957  8016 I Maestro : Skipping invisible child: android.view.accessibility.AccessibilityNodeInfo@4e5f6; boundsInParent: Rect(0, 0 - 0, 19); boundsInScreen: Rect(31, 66 - 31, 80); boundsInWindow: Rect(31, 66 - 31, 80); packageName: com.google.android.apps.nexuslauncher; className: android.widget.TextView; text: null; error: null; maxTextLength: -1; stateDescription: null; contentDescription: null; tooltipText: null; containerTitle: null; viewIdResName: com.google.android.apps.nexuslauncher:id/subtitle_text; uniqueId: null; checkable: false; checked: false; focusable: true; focused: false; selected: false; clickable: true; longClickable: false; contextClickable: false; enabled: true; password: false; scrollable: false; importantForAccessibility: true; visible: false; actions: [AccessibilityAction: ACTION_FOCUS - null, AccessibilityAction: ACTION_SELECT - null, AccessibilityAction: ACTION_CLEAR_SELECTION - null, AccessibilityAction: ACTION_CLICK - null, AccessibilityAction: ACTION_ACCESSIBILITY_FOCUS - null, AccessibilityAction: ACTION_SHOW_ON_SCREEN - null]; isTextSelectable: false
06-26 04:46:20.212   522   619 I RescueParty: Starting to observe: [android], updated namespace: display_manager
06-26 04:46:20.213   133   133 I lowmemorykiller: lmkd data connection established
06-26 04:46:20.213   522   571 W BrightnessThrottler: DeviceConfig ThermalBrightnessThrottlingData is null
06-26 04:46:20.217   522   553 I PackageWatchdog: Syncing state, reason: observing new packages
06-26 04:46:20.220   522   522 I PackageWatchdog: Syncing health check requests for packages: {}
06-26 04:46:20.221   522   522 I ExplicitHealthCheckController: Service not ready to get health check supported packages. Binding...
06-26 04:46:20.222   522   522 I ExplicitHealthCheckController: Explicit health check service is bound
06-26 04:46:20.222   522   553 D PackageWatchdog: rescue-party-observer added the following packages to monitor [android]
06-26 04:46:20.222   522   553 I PackageWatchdog: Syncing state, reason: updated observers
06-26 04:46:20.222   522   522 I ExplicitHealthCheckController: Explicit health check service is connected ComponentInfo{com.google.android.ext.services/android.ext.services.watchdog.ExplicitHealthCheckServiceImpl}
06-26 04:46:20.223   522   522 I ExplicitHealthCheckController: Service initialized, syncing requests
06-26 04:46:20.223   522   522 I PackageWatchdog: Syncing health check requests for packages: {}
06-26 04:46:20.223   522   522 D ExplicitHealthCheckController: Getting health check supported packages
06-26 04:46:20.223   522   553 I PackageWatchdog: Saving observer state to file
06-26 04:46:20.223   522  2613 I ExplicitHealthCheckController: Explicit health check supported packages [PackageConfig{com.google.android.networkstack, 86400000}]
06-26 04:46:20.224   522  2613 D PackageWatchdog: Received supported packages [PackageConfig{com.google.android.networkstack, 86400000}]
06-26 04:46:20.225   522  2613 D ExplicitHealthCheckController: Getting health check requested packages
06-26 04:46:20.225   522  2613 I ExplicitHealthCheckController: Explicit health check requested packages []
06-26 04:46:20.225  7957  8016 D Maestro : View hierarchy received in 36 ms
06-26 04:46:20.225   522  2613 I ExplicitHealthCheckController: No more health check requests, unbinding...
06-26 04:46:20.225   522  2613 I ExplicitHealthCheckController: Explicit health check service is unbound
06-26 04:46:20.232   522   619 I RescueParty: Starting to observe: [android, com.android.settings], updated namespace: activity_manager
06-26 04:46:20.233   522   553 I PackageWatchdog: Syncing state, reason: observing new packages
06-26 04:46:20.233   522   522 I PackageWatchdog: Syncing health check requests for packages: {}
06-26 04:46:20.233   522   522 I ExplicitHealthCheckController: Service not ready to get health check supported packages. Binding...
06-26 04:46:20.234   522   522 I ExplicitHealthCheckController: Explicit health check service is bound
06-26 04:46:20.234   522   553 D PackageWatchdog: rescue-party-observer added the following packages to monitor [android, com.android.settings]
06-26 04:46:20.234   522   522 I ExplicitHealthCheckController: Explicit health check service is connected ComponentInfo{com.google.android.ext.services/android.ext.services.watchdog.ExplicitHealthCheckServiceImpl}
06-26 04:46:20.235   522   522 I ExplicitHealthCheckController: Service initialized, syncing requests
06-26 04:46:20.235   522   522 I PackageWatchdog: Syncing health check requests for packages: {}
06-26 04:46:20.235   522   522 D ExplicitHealthCheckController: Getting health check supported packages
06-26 04:46:20.235   522   553 I PackageWatchdog: Syncing state, reason: updated observers
06-26 04:46:20.235   522   522 I PackageWatchdog: Syncing health check requests for packages: {}
06-26 04:46:20.235   522   522 D ExplicitHealthCheckController: Getting health check supported packages
06-26 04:46:20.235   522  2613 I ExplicitHealthCheckController: Explicit health check supported packages [PackageConfig{com.google.android.networkstack, 86400000}]
06-26 04:46:20.235   522  2613 D PackageWatchdog: Received supported packages [PackageConfig{com.google.android.networkstack, 86400000}]
06-26 04:46:20.235   522  2613 D ExplicitHealthCheckController: Getting health check requested packages
06-26 04:46:20.235   522   985 I ExplicitHealthCheckController: Explicit health check supported packages [PackageConfig{com.google.android.networkstack, 86400000}]
06-26 04:46:20.235   522   985 D PackageWatchdog: Received supported packages [PackageConfig{com.google.android.networkstack, 86400000}]
06-26 04:46:20.235   522   985 D ExplicitHealthCheckController: Getting health check requested packages
06-26 04:46:20.236   522  2613 I ExplicitHealthCheckController: Explicit health check requested packages []
06-26 04:46:20.236   522  2613 I ExplicitHealthCheckController: No more health check requests, unbinding...
06-26 04:46:20.236   522   985 I ExplicitHealthCheckController: Explicit health check requested packages []
06-26 04:46:20.236   522   553 I PackageWatchdog: Saving observer state to file
06-26 04:46:20.236   522  2613 I ExplicitHealthCheckController: Explicit health check service is unbound
06-26 04:46:20.236   522   985 I ExplicitHealthCheckController: No more health check requests, unbinding...
06-26 04:46:20.236   522   985 I ExplicitHealthCheckController: Explicit health check service is unbound
06-26 04:46:20.238   522   522 I AutofillManagerService: Ignoring change on package_deny_list_for_unimportant_view
06-26 04:46:20.238   522   522 W FillRequestEventLogger: Shouldn't be logging AutofillFillRequestReported again for same event
06-26 04:46:20.238   522   522 W FillResponseEventLogger: Shouldn't be logging AutofillFillRequestReported again for same event
06-26 04:46:20.238   522   522 W PresentationStatsEventLogger: Shouldn't be logging AutofillPresentationEventReported again for same event
06-26 04:46:20.238   522   522 D AutofillSession: clearPendingIntentLocked
06-26 04:46:20.238   522   543 D AutofillUI: destroySaveUiUiThread(): already destroyed
06-26 04:46:20.239   133   133 I lowmemorykiller: Using psi monitors for memory pressure detection
06-26 04:46:20.239   133   133 I lowmemorykiller: Properties reinitilized
06-26 04:46:20.239  8312  8312 I lowmemorykiller: lmkd updated properties successfully
06-26 04:46:20.239   133   133 I lowmemorykiller: lmkd data connection dropped
06-26 04:46:20.239   133   133 I lowmemorykiller: closing lmkd data connection
06-26 04:46:20.443     0     0 I init    : Service 'exec 25 (/system/bin/lmkd --reinit)' (pid 8312) exited with status 0 oneshot service took 0.054000 seconds in background
06-26 04:46:20.446     0     0 I init    : Sending signal 9 to service 'exec 25 (/system/bin/lmkd --reinit)' (pid 8312) process group...
06-26 04:46:20.245   522   543 D AutofillUI: destroySaveUiUiThread(): already destroyed
06-26 04:46:20.246   522   522 E AutofillSession: Error notifying client to finish session
06-26 04:46:20.246   522   522 E AutofillSession: android.os.DeadObjectException
06-26 04:46:20.246   522   522 E AutofillSession: 	at android.os.BinderProxy.transactNative(Native Method)
06-26 04:46:20.246   522   522 E AutofillSession: 	at android.os.BinderProxy.transact(BinderProxy.java:584)
06-26 04:46:20.246   522   522 E AutofillSession: 	at android.view.autofill.IAutoFillManagerClient$Stub$Proxy.setSessionFinished(IAutoFillManagerClient.java:701)
06-26 04:46:20.246   522   522 E AutofillSession: 	at com.android.server.autofill.Session.forceRemoveFromServiceLocked(Session.java:6018)
06-26 04:46:20.246   522   522 E AutofillSession: 	at com.android.server.autofill.Session.forceRemoveFromServiceLocked(Session.java:5994)
06-26 04:46:20.246   522   522 E AutofillSession: 	at com.android.server.autofill.AutofillManagerServiceImpl.forceRemoveAllSessionsLocked(AutofillManagerServiceImpl.java:1195)
06-26 04:46:20.246   522   522 E AutofillSession: 	at com.android.server.autofill.AutofillManagerServiceImpl.updateLocked(AutofillManagerServiceImpl.java:232)
06-26 04:46:20.246   522   522 E AutofillSession: 	at com.android.server.infra.AbstractMasterSystemService.updateCachedServiceListLocked(AbstractMasterSystemService.java:705)
06-26 04:46:20.246   522   522 E AutofillSession: 	at com.android.server.infra.AbstractMasterSystemService.updateCachedServiceLocked(AbstractMasterSystemService.java:652)
06-26 04:46:20.246   522   522 E AutofillSession: 	at com.android.server.autofill.AutofillManagerService.updateCachedServices(AutofillManagerService.java:715)
06-26 04:46:20.246   522   522 E AutofillSession: 	at com.android.server.autofill.AutofillManagerService.onDeviceConfigChange(AutofillManagerService.java:359)
06-26 04:46:20.246   522   522 E AutofillSession: 	at com.android.server.autofill.AutofillManagerService.lambda$new$0(AutofillManagerService.java:242)
06-26 04:46:20.246   522   522 E AutofillSession: 	at com.android.server.autofill.AutofillManagerService.$r8$lambda$rXedAI_uPsNE0nWrOcJm-3-nni8(AutofillManagerService.java:0)
06-26 04:46:20.246   522   522 E AutofillSession: 	at com.android.server.autofill.AutofillManagerService$$ExternalSyntheticLambda0.onPropertiesChanged(R8$$SyntheticClass:0)
06-26 04:46:20.246   522   522 E AutofillSession: 	at android.provider.DeviceConfig.lambda$handleChange$0(DeviceConfig.java:1466)
06-26 04:46:20.246   522   522 E AutofillSession: 	at android.provider.DeviceConfig$$ExternalSyntheticLambda0.run(Unknown Source:4)
06-26 04:46:20.246   522   522 E AutofillSession: 	at android.os.Handler.handleCallback(Handler.java:958)
06-26 04:46:20.246   522   522 E AutofillSession: 	at android.os.Handler.dispatchMessage(Handler.java:99)
06-26 04:46:20.246   522   522 E AutofillSession: 	at android.os.Looper.loopOnce(Looper.java:205)
06-26 04:46:20.246   522   522 E AutofillSession: 	at android.os.Looper.loop(Looper.java:294)
06-26 04:46:20.246   522   522 E AutofillSession: 	at com.android.server.SystemServer.run(SystemServer.java:970)
06-26 04:46:20.246   522   522 E AutofillSession: 	at com.android.server.SystemServer.main(SystemServer.java:664)
06-26 04:46:20.246   522   522 E AutofillSession: 	at java.lang.reflect.Method.invoke(Native Method)
06-26 04:46:20.246   522   522 E AutofillSession: 	at com.android.internal.os.RuntimeInit$MethodAndArgsCaller.run(RuntimeInit.java:552)
06-26 04:46:20.246   522   522 E AutofillSession: 	at com.android.internal.os.ZygoteInit.main(ZygoteInit.java:949)
06-26 04:46:20.448     0     0 I libprocessgroup: Successfully killed process cgroup uid 0 pid 8312 in 0ms
06-26 04:46:20.248   522   522 D AutofillManagerServiceImpl: Set component for user 0 as ComponentInfo{com.google.android.gms/com.google.android.gms.autofill.service.AutofillService} and info as ServiceInfo{e8c16d8 com.google.android.gms.autofill.service.AutofillService}
06-26 04:46:20.248   522   522 I AutofillManagerService: Ignoring change on trigger_fill_request_on_filtered_important_views
06-26 04:46:20.248   522   522 I AutofillManagerService: Ignoring change on package_and_activity_allowlist_for_triggering_fill_request
06-26 04:46:20.248   522   522 I AutofillManagerService: Ignoring change on multiline_filter_enabled
06-26 04:46:20.248   522   522 I AutofillManagerService: Ignoring change on augmented_autofill_mode
06-26 04:46:20.248   522   522 I AutofillManagerService: Ignoring change on autofill_dialog_hints
06-26 04:46:20.248   522   522 I AutofillManagerService: Ignoring change on include_all_views_in_assist_structure
06-26 04:46:20.248   522   522 I AutofillManagerService: Ignoring change on should_enable_autofill_on_all_view_types
06-26 04:46:20.248   522   522 I AutofillManagerService: Ignoring change on autofill_save_dialog_landscape_body_height_max_percent
06-26 04:46:20.248   522   522 I AutofillManagerService: Ignoring change on non_autofillable_ime_action_ids
06-26 04:46:20.248   522   522 I AutofillManagerService: Ignoring change on autofill_save_dialog_portrait_body_height_max_percent
06-26 04:46:20.248   522   522 I AutofillManagerService: Ignoring change on include_all_autofill_type_not_none_views_in_assist_structure
06-26 04:46:20.248   522   522 I AutofillManagerService: Ignoring change on trigger_fill_request_on_unimportant_view
06-26 04:46:20.248   522   522 I AutofillManagerService: Ignoring change on autofill_dialog_enabled
06-26 04:46:20.248   522   522 W ServiceConnector.Impl: mayInterruptIfRunning not supported - ignoring
06-26 04:46:20.249  1482  1482 V InlineSuggestionRenderService: handleDestroySuggestionViews called for 0:483290745
06-26 04:46:20.249  1596  1596 D AugmentedAutofillService: handleOnConnected(): debug=true, verbose=false
06-26 04:46:20.249  1596  3058 I AiAiAutofill: Disconnected AiAiAugmentedAutofillService.
06-26 04:46:20.252  1596  3058 I AiAiAutofill: Connected AiAiAugmentedAutofillService.
06-26 04:46:20.287   522   619 I RescueParty: Starting to observe: [com.google.android.as, com.google.android.as.oss], updated namespace: device_personalization_services
06-26 04:46:20.287   522   553 I PackageWatchdog: Syncing state, reason: observing new packages
06-26 04:46:20.287   522   553 D PackageWatchdog: rescue-party-observer added the following packages to monitor [com.google.android.as, com.google.android.as.oss]
06-26 04:46:20.287   522   553 I PackageWatchdog: Syncing state, reason: updated observers
06-26 04:46:20.287   522   553 I PackageWatchdog: Not pruning observers, elapsed time: 0ms
06-26 04:46:20.287   522   553 I PackageWatchdog: Saving observer state to file
06-26 04:46:20.289   522   522 I PackageWatchdog: Syncing health check requests for packages: {}
06-26 04:46:20.289   522   522 I ExplicitHealthCheckController: Service not ready to get health check supported packages. Binding...
06-26 04:46:20.290   522   522 I ExplicitHealthCheckController: Explicit health check service is bound
06-26 04:46:20.295   522   522 I ExplicitHealthCheckController: Explicit health check service is connected ComponentInfo{com.google.android.ext.services/android.ext.services.watchdog.ExplicitHealthCheckServiceImpl}
06-26 04:46:20.295   522   522 I ExplicitHealthCheckController: Service initialized, syncing requests
06-26 04:46:20.295   522   522 I PackageWatchdog: Syncing health check requests for packages: {}
06-26 04:46:20.295   522   522 D ExplicitHealthCheckController: Getting health check supported packages
06-26 04:46:20.296   522  2613 I ExplicitHealthCheckController: Explicit health check supported packages [PackageConfig{com.google.android.networkstack, 86400000}]
06-26 04:46:20.296   522  2613 D PackageWatchdog: Received supported packages [PackageConfig{com.google.android.networkstack, 86400000}]
06-26 04:46:20.296   522  2613 D ExplicitHealthCheckController: Getting health check requested packages
06-26 04:46:20.296   522  2613 I ExplicitHealthCheckController: Explicit health check requested packages []
06-26 04:46:20.296   522  2613 I ExplicitHealthCheckController: No more health check requests, unbinding...
06-26 04:46:20.296   522  2613 I ExplicitHealthCheckController: Explicit health check service is unbound
06-26 04:46:20.297   522   619 I RescueParty: Starting to observe: [android, com.android.systemui], updated namespace: app_compat
06-26 04:46:20.299   522   553 I PackageWatchdog: Syncing state, reason: observing new packages
06-26 04:46:20.299   522   553 D PackageWatchdog: rescue-party-observer added the following packages to monitor [android, com.android.systemui]
06-26 04:46:20.299   522   553 I PackageWatchdog: Syncing state, reason: updated observers
06-26 04:46:20.299   522   553 I PackageWatchdog: Not pruning observers, elapsed time: 0ms
06-26 04:46:20.299   522   553 I PackageWatchdog: Saving observer state to file
06-26 04:46:20.300   522   522 I PackageWatchdog: Syncing health check requests for packages: {}
06-26 04:46:20.300   522   522 I ExplicitHealthCheckController: Service not ready to get health check supported packages. Binding...
06-26 04:46:20.301   522   522 I ExplicitHealthCheckController: Explicit health check service is bound
06-26 04:46:20.303   522   522 I ExplicitHealthCheckController: Explicit health check service is connected ComponentInfo{com.google.android.ext.services/android.ext.services.watchdog.ExplicitHealthCheckServiceImpl}
06-26 04:46:20.303   522   522 I ExplicitHealthCheckController: Service initialized, syncing requests
06-26 04:46:20.303   522   522 I PackageWatchdog: Syncing health check requests for packages: {}
06-26 04:46:20.303   522   522 D ExplicitHealthCheckController: Getting health check supported packages
06-26 04:46:20.304   522   985 I ExplicitHealthCheckController: Explicit health check supported packages [PackageConfig{com.google.android.networkstack, 86400000}]
06-26 04:46:20.304   522   985 D PackageWatchdog: Received supported packages [PackageConfig{com.google.android.networkstack, 86400000}]
06-26 04:46:20.304   522   985 D ExplicitHealthCheckController: Getting health check requested packages
06-26 04:46:20.304   522   985 I ExplicitHealthCheckController: Explicit health check requested packages []
06-26 04:46:20.304   522   985 I ExplicitHealthCheckController: No more health check requests, unbinding...
06-26 04:46:20.305   522   985 I ExplicitHealthCheckController: Explicit health check service is unbound
06-26 04:46:20.317   522   619 I RescueParty: Starting to observe: [android], updated namespace: credential_manager
06-26 04:46:20.317   522   553 I PackageWatchdog: Syncing state, reason: observing new packages
06-26 04:46:20.317   522   553 D PackageWatchdog: rescue-party-observer added the following packages to monitor [android]
06-26 04:46:20.317   522   553 I PackageWatchdog: Syncing state, reason: updated observers
06-26 04:46:20.317   522   553 I PackageWatchdog: Not pruning observers, elapsed time: 0ms
06-26 04:46:20.317   522   553 I PackageWatchdog: Saving observer state to file
06-26 04:46:20.318   522   522 I PackageWatchdog: Syncing health check requests for packages: {}
06-26 04:46:20.319   522   522 I ExplicitHealthCheckController: Service not ready to get health check supported packages. Binding...
06-26 04:46:20.320   522   522 I ExplicitHealthCheckController: Explicit health check service is bound
06-26 04:46:20.320   522   522 I ExplicitHealthCheckController: Explicit health check service is connected ComponentInfo{com.google.android.ext.services/android.ext.services.watchdog.ExplicitHealthCheckServiceImpl}
06-26 04:46:20.320   522   522 I ExplicitHealthCheckController: Service initialized, syncing requests
06-26 04:46:20.320   522   522 I PackageWatchdog: Syncing health check requests for packages: {}
06-26 04:46:20.320  7957  8015 D Maestro : Requesting view hierarchy
06-26 04:46:20.320   522   522 D ExplicitHealthCheckController: Getting health check supported packages
06-26 04:46:20.321   522   985 I ExplicitHealthCheckController: Explicit health check supported packages [PackageConfig{com.google.android.networkstack, 86400000}]
06-26 04:46:20.321  7957  8015 W QueryController: Could not detect idle state.
06-26 04:46:20.321   522   985 D PackageWatchdog: Received supported packages [PackageConfig{com.google.android.networkstack, 86400000}]
06-26 04:46:20.321   522   985 D ExplicitHealthCheckController: Getting health check requested packages
06-26 04:46:20.321  7957  8015 W QueryController: Could not detect idle state.
06-26 04:46:20.321   522  2542 I ExplicitHealthCheckController: Explicit health check requested packages []
06-26 04:46:20.321   522  2542 I ExplicitHealthCheckController: No more health check requests, unbinding...
06-26 04:46:20.322   522  2542 I ExplicitHealthCheckController: Explicit health check service is unbound
06-26 04:46:20.334   522   619 I RescueParty: Starting to observe: [android], updated namespace: remote_key_provisioning_native
06-26 04:46:20.337   522   553 I PackageWatchdog: Syncing state, reason: observing new packages
06-26 04:46:20.337   522   553 D PackageWatchdog: rescue-party-observer added the following packages to monitor [android]
06-26 04:46:20.337   522   553 I PackageWatchdog: Syncing state, reason: updated observers
06-26 04:46:20.337   522   553 I PackageWatchdog: Not pruning observers, elapsed time: 0ms
06-26 04:46:20.337   522   553 I PackageWatchdog: Saving observer state to file
06-26 04:46:20.338  7957  8015 I Maestro : Skipping invisible child: android.view.accessibility.AccessibilityNodeInfo@4e5f6; boundsInParent: Rect(0, 0 - 0, 19); boundsInScreen: Rect(31, 66 - 31, 80); boundsInWindow: Rect(31, 66 - 31, 80); packageName: com.google.android.apps.nexuslauncher; className: android.widget.TextView; text: null; error: null; maxTextLength: -1; stateDescription: null; contentDescription: null; tooltipText: null; containerTitle: null; viewIdResName: com.google.android.apps.nexuslauncher:id/subtitle_text; uniqueId: null; checkable: false; checked: false; focusable: true; focused: false; selected: false; clickable: true; longClickable: false; contextClickable: false; enabled: true; password: false; scrollable: false; importantForAccessibility: true; visible: false; actions: [AccessibilityAction: ACTION_FOCUS - null, AccessibilityAction: ACTION_SELECT - null, AccessibilityAction: ACTION_CLEAR_SELECTION - null, AccessibilityAction: ACTION_CLICK - null, AccessibilityAction: ACTION_ACCESSIBILITY_FOCUS - null, AccessibilityAction: ACTION_SHOW_ON_SCREEN - null]; isTextSelectable: false
06-26 04:46:20.340   522   522 I PackageWatchdog: Syncing health check requests for packages: {}
06-26 04:46:20.341   522   522 I ExplicitHealthCheckController: Service not ready to get health check supported packages. Binding...
06-26 04:46:20.343   522   619 I RescueParty: Starting to observe: [android, com.android.phone], updated namespace: telephony
06-26 04:46:20.343   522   553 I PackageWatchdog: Syncing state, reason: observing new packages
06-26 04:46:20.343   522   553 D PackageWatchdog: rescue-party-observer added the following packages to monitor [android, com.android.phone]
06-26 04:46:20.343   522   553 I PackageWatchdog: Syncing state, reason: updated observers
06-26 04:46:20.343   522   553 I PackageWatchdog: Not pruning observers, elapsed time: 0ms
06-26 04:46:20.343   522   553 I PackageWatchdog: Saving observer state to file
06-26 04:46:20.344   522   522 I ExplicitHealthCheckController: Explicit health check service is bound
06-26 04:46:20.346   522   522 I PackageWatchdog: Syncing health check requests for packages: {}
06-26 04:46:20.346   522   522 I ExplicitHealthCheckController: Service not ready to get health check supported packages. Binding...
06-26 04:46:20.346   522   522 I ExplicitHealthCheckController: Not binding to service, service already connecting
06-26 04:46:20.346   522   522 I ExplicitHealthCheckController: Explicit health check service is connected ComponentInfo{com.google.android.ext.services/android.ext.services.watchdog.ExplicitHealthCheckServiceImpl}
06-26 04:46:20.346   522   522 I ExplicitHealthCheckController: Service initialized, syncing requests
06-26 04:46:20.346   522   522 I PackageWatchdog: Syncing health check requests for packages: {}
06-26 04:46:20.346   522   522 D ExplicitHealthCheckController: Getting health check supported packages
06-26 04:46:20.347   522   985 I ExplicitHealthCheckController: Explicit health check supported packages [PackageConfig{com.google.android.networkstack, 86400000}]
06-26 04:46:20.347   522   985 D PackageWatchdog: Received supported packages [PackageConfig{com.google.android.networkstack, 86400000}]
06-26 04:46:20.347   522   985 D ExplicitHealthCheckController: Getting health check requested packages
06-26 04:46:20.347   522  2613 I ExplicitHealthCheckController: Explicit health check requested packages []
06-26 04:46:20.347   522  2613 I ExplicitHealthCheckController: No more health check requests, unbinding...
06-26 04:46:20.347   522  2613 I ExplicitHealthCheckController: Explicit health check service is unbound
06-26 04:46:20.348  7957  8015 D Maestro : View hierarchy received in 28 ms
06-26 04:46:20.358   522   619 I RescueParty: Starting to observe: [android], updated namespace: media_better_together
06-26 04:46:20.358   522   553 I PackageWatchdog: Syncing state, reason: observing new packages
06-26 04:46:20.358   522   553 D PackageWatchdog: rescue-party-observer added the following packages to monitor [android]
06-26 04:46:20.358   522   553 I PackageWatchdog: Syncing state, reason: updated observers
06-26 04:46:20.358   522   553 I PackageWatchdog: Not pruning observers, elapsed time: 0ms
06-26 04:46:20.358   522   553 I PackageWatchdog: Saving observer state to file
