06-26 03:28:45.933  6172  6644 W PhenotypeConfigurationU: 	at java.util.concurrent.ThreadPoolExecutor.runWorker(ThreadPoolExecutor.java:1145)
06-26 03:28:45.933  6172  6644 W PhenotypeConfigurationU: 	at java.util.concurrent.ThreadPoolExecutor$Worker.run(ThreadPoolExecutor.java:644)
06-26 03:28:45.933  6172  6644 W PhenotypeConfigurationU: 	at java.lang.Thread.run(Thread.java:1012)
06-26 03:28:45.937  6172  6641 I NamespaceManager: Package com.android.refreshratecontrol name not found! Using module version.
06-26 03:28:45.937  6172  6641 I NamespaceManager: Package com.google.oslo name not found! Using module version.
06-26 03:28:45.937  6172  6641 I NamespaceManager: Package com.android.media name not found! Using module version.
06-26 03:28:45.937  6172  6641 I NamespaceManager: Package com.android.media.swcodec name not found! Using module version.
06-26 03:28:45.937  6172  6641 I NamespaceManager: Package com.android.neuralnetworks name not found! Using module version.
06-26 03:28:45.938  6172  6641 I NamespaceManager: Package com.android.media name not found! Using module version.
06-26 03:28:45.938  6172  6641 I NamespaceManager: Package 1 name not found! Using module version.
06-26 03:28:45.938  6172  6641 I NamespaceManager: Package rkpd name not found! Using module version.
06-26 03:28:45.939  6172  6641 I NamespaceManager: Package android.companion name not found! Using module version.
06-26 03:28:45.939  6172  6641 I NamespaceManager: Package com.google.android.aicore name not found! Using module version.
06-26 03:28:45.940  6172  6172 D BoundBrokerSvc: onUnbind: Intent { act=com.google.android.gms.auth.proximity.START dat=chimera-action:/... cmp=com.google.android.gms/.chimera.PersistentBoundBrokerService }
06-26 03:28:45.941  6172  6641 I NamespaceManager: Package com.google.android.audioproxy name not found! Using module version.
06-26 03:28:45.941  6172  6641 I NamespaceManager: Package com.google.android.apps.pixel.psi name not found! Using module version.
06-26 03:28:45.941  6172  6641 I NamespaceManager: Package com.google.android.apps.safetycore name not found! Using module version.
06-26 03:28:45.941  6172  6641 I NamespaceManager: Package com.google.android.crashrecovery name not found! Using module version.
06-26 03:28:45.942  6172  6641 I NamespaceManager: Package com.google.android.profiling name not found! Using module version.
06-26 03:28:45.942  6172  6641 I NamespaceManager: Package com.google.android.bt name not found! Using module version.
06-26 03:28:45.942  6172  6641 I NamespaceManager: Package com.google.android.nfcservices name not found! Using module version.
06-26 03:28:45.942  6172  6641 I NamespaceManager: Package com.google.android.webapp name not found! Using module version.
06-26 03:28:45.943  6172  6641 I NamespaceManager: Package com.google.android.telephonycore name not found! Using module version.
06-26 03:28:45.944  6172  6641 I NamespaceManager: Package com.google.android.uprobestats name not found! Using module version.
06-26 03:28:45.945  6172  6641 W PhenotypeConfigurationU: Update for unknown DeviceConfig package com.google.android.libraries.consentverifier#com.google.android.gms [CONTEXT service_id=204 ]
06-26 03:28:45.945  6172  6641 W PhenotypeConfigurationU: bwix: No package exists for config package: com.google.android.libraries.consentverifier#com.google.android.gms
06-26 03:28:45.945  6172  6641 W PhenotypeConfigurationU: 	at com.google.android.gms.platformconfigurator.PhenotypeConfigurationUpdateListener.b(:com.google.android.gms@231818047@23.18.18 (190800-535401451):6)
06-26 03:28:45.945  6172  6641 W PhenotypeConfigurationU: 	at com.google.android.gms.platformconfigurator.PhenotypeConfigurationUpdateListener.a(:com.google.android.gms@231818047@23.18.18 (190800-535401451):4)
06-26 03:28:45.945  6172  6641 W PhenotypeConfigurationU: 	at com.google.android.gms.platformconfigurator.PhenotypeConfigurationUpdateListener.onHandleIntent(:com.google.android.gms@231818047@23.18.18 (190800-535401451):21)
06-26 03:28:45.945  6172  6641 W PhenotypeConfigurationU: 	at com.google.android.chimera.IntentOperation.onHandleIntent(:com.google.android.gms@231818047@23.18.18 (190800-535401451):2)
06-26 03:28:45.945  6172  6641 W PhenotypeConfigurationU: 	at zhv.onHandleIntent(:com.google.android.gms@231818047@23.18.18 (190800-535401451):4)
06-26 03:28:45.945  6172  6641 W PhenotypeConfigurationU: 	at hjm.run(:com.google.android.gms@231818047@23.18.18 (190800-535401451):3)
06-26 03:28:45.945  6172  6641 W PhenotypeConfigurationU: 	at hjl.run(:com.google.android.gms@231818047@23.18.18 (190800-535401451):11)
06-26 03:28:45.945  6172  6641 W PhenotypeConfigurationU: 	at dfhf.run(:com.google.android.gms@231818047@23.18.18 (190800-535401451):2)
06-26 03:28:45.945  6172  6641 W PhenotypeConfigurationU: 	at java.util.concurrent.ThreadPoolExecutor.runWorker(ThreadPoolExecutor.java:1145)
06-26 03:28:45.945  6172  6641 W PhenotypeConfigurationU: 	at java.util.concurrent.ThreadPoolExecutor$Worker.run(ThreadPoolExecutor.java:644)
06-26 03:28:45.945  6172  6641 W PhenotypeConfigurationU: 	at java.lang.Thread.run(Thread.java:1012)
06-26 03:28:45.947  6172  6655 I NamespaceManager: Package com.android.refreshratecontrol name not found! Using module version.
06-26 03:28:45.947  6172  6655 I NamespaceManager: Package com.google.oslo name not found! Using module version.
06-26 03:28:45.948  6172  6655 I NamespaceManager: Package com.android.media name not found! Using module version.
06-26 03:28:45.948  6172  6655 I NamespaceManager: Package com.android.media.swcodec name not found! Using module version.
06-26 03:28:45.948  6172  6655 I NamespaceManager: Package com.android.neuralnetworks name not found! Using module version.
06-26 03:28:45.948  6172  6655 I NamespaceManager: Package com.android.media name not found! Using module version.
06-26 03:28:45.948  6172  6655 I NamespaceManager: Package 1 name not found! Using module version.
06-26 03:28:45.948  6172  6655 I NamespaceManager: Package rkpd name not found! Using module version.
06-26 03:28:45.948  6172  6655 I NamespaceManager: Package android.companion name not found! Using module version.
06-26 03:28:45.949  6172  6655 I NamespaceManager: Package com.google.android.aicore name not found! Using module version.
06-26 03:28:45.949  6172  6655 I NamespaceManager: Package com.google.android.audioproxy name not found! Using module version.
06-26 03:28:45.949  6172  6655 I NamespaceManager: Package com.google.android.apps.pixel.psi name not found! Using module version.
06-26 03:28:45.949  6172  6655 I NamespaceManager: Package com.google.android.apps.safetycore name not found! Using module version.
06-26 03:28:45.949  6172  6655 I NamespaceManager: Package com.google.android.crashrecovery name not found! Using module version.
06-26 03:28:45.949  6172  6655 I NamespaceManager: Package com.google.android.profiling name not found! Using module version.
06-26 03:28:45.949  6172  6655 I NamespaceManager: Package com.google.android.bt name not found! Using module version.
06-26 03:28:45.950  6172  6655 I NamespaceManager: Package com.google.android.nfcservices name not found! Using module version.
06-26 03:28:45.950  6172  6655 I NamespaceManager: Package com.google.android.webapp name not found! Using module version.
06-26 03:28:45.950  6172  6655 I NamespaceManager: Package com.google.android.telephonycore name not found! Using module version.
06-26 03:28:45.950  6172  6655 I NamespaceManager: Package com.google.android.uprobestats name not found! Using module version.
06-26 03:28:45.950  6172  6655 W PhenotypeConfigurationU: Update for unknown DeviceConfig package com.google.android.gms.dtdi_logging#com.google.android.gms [CONTEXT service_id=204 ]
06-26 03:28:45.950  6172  6655 W PhenotypeConfigurationU: bwix: No package exists for config package: com.google.android.gms.dtdi_logging#com.google.android.gms
06-26 03:28:45.950  6172  6655 W PhenotypeConfigurationU: 	at com.google.android.gms.platformconfigurator.PhenotypeConfigurationUpdateListener.b(:com.google.android.gms@231818047@23.18.18 (190800-535401451):6)
06-26 03:28:45.950  6172  6655 W PhenotypeConfigurationU: 	at com.google.android.gms.platformconfigurator.PhenotypeConfigurationUpdateListener.a(:com.google.android.gms@231818047@23.18.18 (190800-535401451):4)
06-26 03:28:45.950  6172  6655 W PhenotypeConfigurationU: 	at com.google.android.gms.platformconfigurator.PhenotypeConfigurationUpdateListener.onHandleIntent(:com.google.android.gms@231818047@23.18.18 (190800-535401451):21)
06-26 03:28:45.950  6172  6655 W PhenotypeConfigurationU: 	at com.google.android.chimera.IntentOperation.onHandleIntent(:com.google.android.gms@231818047@23.18.18 (190800-535401451):2)
06-26 03:28:45.950  6172  6655 W PhenotypeConfigurationU: 	at zhv.onHandleIntent(:com.google.android.gms@231818047@23.18.18 (190800-535401451):4)
06-26 03:28:45.950  6172  6655 W PhenotypeConfigurationU: 	at hjm.run(:com.google.android.gms@231818047@23.18.18 (190800-535401451):3)
06-26 03:28:45.950  6172  6655 W PhenotypeConfigurationU: 	at hjl.run(:com.google.android.gms@231818047@23.18.18 (190800-535401451):11)
06-26 03:28:45.950  6172  6655 W PhenotypeConfigurationU: 	at dfhf.run(:com.google.android.gms@231818047@23.18.18 (190800-535401451):2)
06-26 03:28:45.950  6172  6655 W PhenotypeConfigurationU: 	at java.util.concurrent.ThreadPoolExecutor.runWorker(ThreadPoolExecutor.java:1145)
06-26 03:28:45.950  6172  6655 W PhenotypeConfigurationU: 	at java.util.concurrent.ThreadPoolExecutor$Worker.run(ThreadPoolExecutor.java:644)
06-26 03:28:45.950  6172  6655 W PhenotypeConfigurationU: 	at java.lang.Thread.run(Thread.java:1012)
06-26 03:28:46.261  1678  3075 W MediaProvider: isAppCloneUserPair for user 0: false
06-26 03:28:46.267  6772  6772 I AccessibilityNodeInfoDumper: Skipping invisible child: android.view.accessibility.AccessibilityNodeInfo@35b9d; boundsInParent: Rect(0, 0 - 0, 19); boundsInScreen: Rect(31, 66 - 31, 80); boundsInWindow: Rect(31, 66 - 31, 80); packageName: com.google.android.apps.nexuslauncher; className: android.widget.TextView; text: null; error: null; maxTextLength: -1; stateDescription: null; contentDescription: null; tooltipText: null; containerTitle: null; viewIdResName: com.google.android.apps.nexuslauncher:id/subtitle_text; uniqueId: null; checkable: false; checked: false; focusable: true; focused: false; selected: false; clickable: true; longClickable: false; contextClickable: false; enabled: true; password: false; scrollable: false; importantForAccessibility: true; visible: false; actions: [AccessibilityAction: ACTION_FOCUS - null, AccessibilityAction: ACTION_SELECT - null, AccessibilityAction: ACTION_CLEAR_SELECTION - null, AccessibilityAction: ACTION_CLICK - null, AccessibilityAction: ACTION_ACCESSIBILITY_FOCUS - null, AccessibilityAction: ACTION_SHOW_ON_SCREEN - null]; isTextSelectable: false
06-26 03:28:46.269  6772  6772 W AccessibilityNodeInfoDumper: Fetch time: 10ms
06-26 03:28:46.271  1709  2563 I AiAiEcho: Settings changed for uri: content://settings/secure/accessibility_enabled
06-26 03:28:46.271   521   894 W WindowMagnificationMgr: requestConnection duplicated request: connect=false, mConnectionState=DISCONNECTED
06-26 03:28:46.271   521   894 D AccessibilityManagerService: restoreCurrentUserForTestAutomationIfNeededLocked(): ignoring because device doesn't support visible background users
06-26 03:28:46.271  1709  2209 I AiAiEcho: Predicting[0]: 
06-26 03:28:46.272  1709  2209 I AiAiEcho: EchoTargets: 
06-26 03:28:46.272  1709  2209 I AiAiEcho: Filtered by AiAi flag check: 
06-26 03:28:46.272  1709  2209 I AiAiEcho: Ranked targets strategy: SORT, count: 0, ranking metadata: 
06-26 03:28:46.272  1709  2209 I AiAiEcho: Predicting[0]: 
06-26 03:28:46.272  1709  2209 I AiAiEcho: EchoTargets: 
06-26 03:28:46.272  1709  2209 I AiAiEcho: Filtered by AiAi flag check: 
06-26 03:28:46.272  1709  2209 I AiAiEcho: Ranked targets strategy: SORT, count: 0, ranking metadata: 
06-26 03:28:46.273  1709  2209 I AiAiEcho: #postPredictionTargets: Sending updates to UISurface lockscreen with targets# 0 (types=[])
06-26 03:28:46.273  1709  2209 I AiAiEcho: #postPredictionTargets: Sending updates to UISurface home with targets# 0 (types=[])
06-26 03:28:46.277  1795  2463 I A       : NGA enabled in interactor.
06-26 03:28:46.277  1795  2463 I A       : Nga state changed to NgaStateDetails{state=ENABLED, isSpecialExperience=false}
06-26 03:28:46.281  1734  1782 I A       : Initializing all components
06-26 03:28:46.281  1734  1782 I A       : APA or Classic session decision: SessionDecision(sessionVariance=CLASSIC, platformVariance=CLASSIC, justification=CURRENT_PLATFORM_VARIANCE).
06-26 03:28:46.281  1734  1782 I A       : [Memory] eligibility: StashEligibility{6}
06-26 03:28:46.281  1734  2288 I A       : onIsEnabledChanged, isEnabled: false
06-26 03:28:46.281  1734  2288 W A       : Disposing empty manager. Did you forgot to subscribe observables?
06-26 03:28:46.281  1734  2288 W A       : Disposing empty manager. Did you forgot to subscribe observables?
06-26 03:28:46.281  1734  2288 W A       : Disposing empty manager. Did you forgot to subscribe observables?
06-26 03:28:46.281  1734  2288 W A       : Disposing empty manager. Did you forgot to subscribe observables?
06-26 03:28:46.282  1734  2288 W A       : Disposing empty manager. Did you forgot to subscribe observables?
06-26 03:28:46.282  1734  2288 W A       : Disposing empty manager. Did you forgot to subscribe observables?
06-26 03:28:46.282  1734  2288 W A       : Disposing empty manager. Did you forgot to subscribe observables?
06-26 03:28:46.282  1734  2288 W A       : Disposing empty manager. Did you forgot to subscribe observables?
06-26 03:28:46.282  1734  2288 W A       : Disposing empty manager. Did you forgot to subscribe observables?
06-26 03:28:46.282  1734  2288 W A       : Disposing empty manager. Did you forgot to subscribe observables?
06-26 03:28:46.282  1734  2288 I A       : onOpaVisibilityChanged: false
06-26 03:28:46.282  1734  2288 W A       : Disposing empty manager. Did you forgot to subscribe observables?
06-26 03:28:46.282  1734  2288 W A       : Disposing empty manager. Did you forgot to subscribe observables?
06-26 03:28:46.282  1734  2288 W A       : Disposing empty manager. Did you forgot to subscribe observables?
06-26 03:28:46.282  1734  2288 W A       : Disposing empty manager. Did you forgot to subscribe observables?
06-26 03:28:46.282  1734  2288 W A       : Disposing empty manager. Did you forgot to subscribe observables?
06-26 03:28:46.282  1734  2288 W A       : Disposing empty manager. Did you forgot to subscribe observables?
06-26 03:28:46.282  1734  2288 I A       : Setting session to type: NO_SESSION
06-26 03:28:46.283  1734  2288 W A       : Disposing empty manager. Did you forgot to subscribe observables?
06-26 03:28:46.283  1734  2288 W A       : Disposing empty manager. Did you forgot to subscribe observables?
06-26 03:28:46.284   521   521 D BatterySaverPolicy: accessibility changed to false, updating policy.
06-26 03:28:46.284   840   840 W PageIndicator: Total number of pages invalid: 0. Assuming 1 page.
06-26 03:28:46.285  6249  6249 D BoundBrokerSvc: onUnbind: Intent { act=com.google.android.gms.auth.cryptauth.cryptauthservice.START dat=chimera-action:/... cmp=com.google.android.gms/.chimera.GmsBoundBrokerService }
06-26 03:28:46.287  1734  2288 W A       : Disposing empty manager. Did you forgot to subscribe observables?
06-26 03:28:46.287  1734  2288 W A       : Disposing empty manager. Did you forgot to subscribe observables?
06-26 03:28:46.287  1734  2288 W A       : Disposing empty manager. Did you forgot to subscribe observables?
06-26 03:28:46.287  1734  2288 W A       : Disposing empty manager. Did you forgot to subscribe observables?
06-26 03:28:46.287  1734  2288 W A       : Disposing empty manager. Did you forgot to subscribe observables?
06-26 03:28:46.287  1734  2288 W A       : Disposing empty manager. Did you forgot to subscribe observables?
06-26 03:28:46.287  1734  2288 I A       : setNavBarVisible: GestureNavBarVisible{navbarVisible=true}
06-26 03:28:46.287  1734  2288 W A       : Disposing empty manager. Did you forgot to subscribe observables?
06-26 03:28:46.287  1734  2288 W A       : Disposing empty manager. Did you forgot to subscribe observables?
06-26 03:28:46.287  1734  2288 W A       : Disposing empty manager. Did you forgot to subscribe observables?
06-26 03:28:46.287  1734  2288 W A       : Disposing empty manager. Did you forgot to subscribe observables?
06-26 03:28:46.288  1734  2288 W A       : Disposing empty manager. Did you forgot to subscribe observables?
06-26 03:28:46.288  1734  2288 W A       : Disposing empty manager. Did you forgot to subscribe observables?
06-26 03:28:46.288  1734  2288 I A       : onDisabled. Registered: false
06-26 03:28:46.288  1734  2284 I A       : State changed: IDLE => IDLE by NGA_STATE_CHANGED and N/A with Optional.empty
06-26 03:28:46.288  1734  2284 I A       : Recognizer choice: (recognizer_type: 1, recognizer_mode: 1, choice_reason: 4)
06-26 03:28:46.288  1734  2284 I A       : onActiveStateChangeEvent: IDLE => IDLE
06-26 03:28:46.288  1734  2284 I A       : #onActiveStateChangeEvent, newState: IDLE, previousState: IDLE.
06-26 03:28:46.290  6772  6772 D AndroidRuntime: Shutting down VM
06-26 03:28:46.300  1734  2284 I A       : on opa visibility changed false
06-26 03:28:46.300  1734  2284 I A       : on opa visibility changed false
06-26 03:28:46.301  1734  2284 I A       : stopListening(NGA_PAUSED_UNKNOWN_REASON, NGA_CREATE), idleOverride=NOT_LISTENING
06-26 03:28:46.303  1734  2288 I A       : Initialize
06-26 03:28:46.304  6172  6426 I NetworkScheduler.Stats: Task com.google.android.gms/com.google.android.gms.ipa.base.IpaGcmTaskService started execution. cause:9 exec_start_elapsed_seconds: 147 [CONTEXT service_id=218 ]
06-26 03:28:46.304  1734  2288 I NgaEntryPointEventSendr: setupConnection
06-26 03:28:46.306  1795  1795 I A       : Creating pss binder().
06-26 03:28:46.306  1734  2288 I NgaEntryPointEventSendr: State changed: Disconnected => Connecting
06-26 03:28:46.307  1734  2288 I NgaEntryPointEventSendr: onServiceConnected
06-26 03:28:46.307  1795  3477 I A       : Calling beginBinderSession().
06-26 03:28:46.308  1795  3477 I A       : beginBinderSession(): calling binder
06-26 03:28:46.308  1734  2288 I NgaEntryPointEventSendr: State changed: Connecting => Ready
06-26 03:28:46.315   521  1029 W ActivityManager: Unable to start service Intent { cmp=com.google.android.apps.tachyon/.clientapi.ClientApiService } U=0: not found
06-26 03:28:46.316  1795  2729 I PBSessionCacheImpl: Deleted sessionId[7896275931851549] from persistence.
06-26 03:28:46.318  1734  2288 I A       : Successfully initialized all components
06-26 03:28:46.320  6172  6294 I NetworkScheduler.Stats: Task com.google.android.gms/com.google.android.gms.ipa.base.IpaGcmTaskService finished executing. cause:9 result: 1 elapsed_millis: 22 uptime_millis: 22 exec_start_elapsed_seconds: 147 [CONTEXT service_id=218 ]
06-26 03:28:46.325  1795  2788 I A       : Using proto config with mendel
06-26 03:28:46.327  1795  2788 I A       : Using proto config with mendel
06-26 03:28:46.329  1795  2788 W A       : UiCallbackStub-onGenericEvent[ServiceEvent = 241] task was not run. Callback from Service received after client was disposed.
06-26 03:28:46.329  1795  2788 W A       : UiCallbackStub-onGenericEvent[ServiceEvent = 241] task was not run. Callback from Service received after client was disposed.
06-26 03:28:46.330  1795  2788 I PBSessionCacheImpl: Deleted sessionId[7896275931851660] from persistence.
06-26 03:28:46.330  1795  2788 W A       : UiCallbackStub-onGenericEvent[ServiceEvent = 60] task was not run. Callback from Service received after client was disposed.
06-26 03:28:46.333  1734  1734 V ClearcutMetricXmitter: Transmission is done.
06-26 03:28:46.333  1734  2284 I NgaEntryPointEventSendr: State changed: Ready => Disconnected (onOpaDisconnected)
06-26 03:28:46.342  1795  2657 I A       : group apa_head_suggest not present without account in *
06-26 03:28:46.343  1795  2672 I A       : incrementApaDataDownloadStoreStatus(latency = PT0.002S, appVersion = 13.17.16.23, status = NOT_FOUND, locale = *, fileGroupnames = apa_head_suggest, accountScoped = false, localGroupsAvailable = false, timeSinceSearchBoot = Optional[PT1M50.672S] (ONE_TO_FIVE_MINUTES), timeSinceDataDownloadInit = PT59.534S (THIRTY_SECONDS_TO_ONE_MINUTE))
06-26 03:28:46.346  1795  2672 I A       : incrementApaDataDownloadStoreStatusNotFound(appVersion = 13.17.16.23, locale = *, groupName = apa_head_suggest, accountScoped = false, foundGroups = 0, status = 0, localGroupsAvailable = false)
06-26 03:28:46.467  6172  6172 D BoundBrokerSvc: onUnbind: Intent { act=com.google.android.gms.auth.proximity.devicesyncservice.START dat=chimera-action:/... cmp=com.google.android.gms/.chimera.PersistentBoundBrokerService }
06-26 03:28:46.603   825   825 I wpa_supplicant: wlan0: CTRL-EVENT-BEACON-LOSS 
06-26 03:28:46.932   521   550 D OomAdjuster: Not killing cached processes
06-26 03:28:47.333     0     0 I logd    : logdr: UID=2000 GID=2000 PID=6793 n tail=3000 logMask=99 pid=0 start=0ns deadline=0ns
