06-26 03:28:43.586   840   885 D StylusManager: Stylus InputDevice changed: 4 virtio_input_multi_touch_1
06-26 03:28:43.589   840   885 D StylusManager: Stylus InputDevice changed: 9 virtio_input_multi_touch_6
06-26 03:28:43.592  1678  1678 W MediaProvider: WorkProfileOwnerApps cache is empty
06-26 03:28:43.592   840   885 D StylusManager: Stylus InputDevice changed: 5 virtio_input_multi_touch_2
06-26 03:28:43.596   521  1705 D CompatibilityChangeReporter: Compat change id reported: 135634846; UID 10084; state: DISABLED
06-26 03:28:43.597   521  1705 D CompatibilityChangeReporter: Compat change id reported: 177438394; UID 10084; state: DISABLED
06-26 03:28:43.597   521  1705 D CompatibilityChangeReporter: Compat change id reported: 135772972; UID 10084; state: DISABLED
06-26 03:28:43.597   521  1705 D CompatibilityChangeReporter: Compat change id reported: 135754954; UID 10084; state: ENABLED
06-26 03:28:43.597   521   552 D CompatibilityChangeReporter: Compat change id reported: 143937733; UID 10084; state: ENABLED
06-26 03:28:43.602   337   337 D Zygote  : Forked child process 6723
06-26 03:28:43.608   840   885 D StylusManager: Stylus InputDevice changed: 11 virtio_input_multi_touch_8
06-26 03:28:43.815     0     0 I logd    : start watching /data/system/packages.list ...
06-26 03:28:43.817     0     0 I logd    : ReadPackageList, total packages: 200
06-26 03:28:43.628  1800  6705 W KeyChain: Creating new DB.
06-26 03:28:43.629  1098  1098 D Launcher.Model: package removed received dev.mobile.maestro
06-26 03:28:43.629  1098  1159 D PackageUpdatedTask: Removing app icondev.mobile.maestro
06-26 03:28:43.630   396   596 D AF::TrackHandle: OpPlayAudio: track:55 usage:13 not muted
06-26 03:28:43.631   396   596 D AF::TrackHandle: OpPlayAudio: track:55 usage:13 not muted
06-26 03:28:43.632   396   596 D AF::TrackHandle: OpPlayAudio: track:55 usage:13 not muted
06-26 03:28:43.632   396   596 D AF::TrackHandle: OpPlayAudio: track:55 usage:13 not muted
06-26 03:28:43.632   396   596 D AF::TrackHandle: OpPlayAudio: track:55 usage:13 not muted
06-26 03:28:43.632   396   596 D AF::TrackHandle: OpPlayAudio: track:55 usage:13 not muted
06-26 03:28:43.632   396   596 D AF::TrackHandle: OpPlayAudio: track:55 usage:13 not muted
06-26 03:28:43.633   396   596 D AF::TrackHandle: OpPlayAudio: track:55 usage:13 not muted
06-26 03:28:43.633   396   596 D AF::TrackHandle: OpPlayAudio: track:55 usage:13 not muted
06-26 03:28:43.636  1098  1159 D ModelWriter: removing items from db . Reason: [removed because the corresponding package or component is removed. mOp=3 removedPackages=[dev.mobile.maestro] removedComponents=[]]
06-26 03:28:43.637   396   596 D AF::TrackHandle: OpPlayAudio: track:55 usage:13 not muted
06-26 03:28:43.638   521   575 D PackageManager: Instant App installer not found with android.intent.action.INSTALL_INSTANT_APP_PACKAGE
06-26 03:28:43.638   396   596 D AF::TrackHandle: OpPlayAudio: track:55 usage:13 not muted
06-26 03:28:43.639   521   575 D PackageManager: Clear ephemeral installer activity
06-26 03:28:43.639   396   596 D AF::TrackHandle: OpPlayAudio: track:55 usage:13 not muted
06-26 03:28:43.639   396   596 D AF::TrackHandle: OpPlayAudio: track:55 usage:13 not muted
06-26 03:28:43.640   396   596 D AF::TrackHandle: OpPlayAudio: track:55 usage:13 not muted
06-26 03:28:43.640   396   596 D AF::TrackHandle: OpPlayAudio: track:55 usage:13 not muted
06-26 03:28:43.640   396   596 D AF::TrackHandle: OpPlayAudio: track:55 usage:13 not muted
06-26 03:28:43.642  1709  2209 I AiAiEcho: [pnb-agg] Reload pnb aggregation on events deleted
06-26 03:28:43.642  1709  2209 I AiAiEcho: [pnb-agg] pnb aggregation disabled.
06-26 03:28:43.645  1098  1926 D EGL_emulation: app_time_stats: avg=8628.27ms min=8628.27ms max=8628.27ms count=1
06-26 03:28:43.645   521  2937 E TaskPersister: File error accessing recents directory (directory doesn't exist?).
06-26 03:28:43.654   840   885 D StylusManager: Stylus InputDevice changed: 8 virtio_input_multi_touch_5
06-26 03:28:43.654   840   885 D StylusManager: Stylus InputDevice changed: 7 virtio_input_multi_touch_4
06-26 03:28:43.655  1709  1709 I AiAiEcho: AppFetcherImplV2 onPackageRemoved dev.mobile.maestro.
06-26 03:28:43.663   521   552 W ActivityManager: Slow operation: 67ms so far, now at startProcess: done updating battery stats
06-26 03:28:43.663   521   552 W ActivityManager: Slow operation: 67ms so far, now at startProcess: building log message
06-26 03:28:43.663   521   552 I ActivityManager: Start proc 6723:com.android.externalstorage/u0a84 for content provider {com.android.externalstorage/com.android.externalstorage.ExternalStorageProvider}
06-26 03:28:43.663   521   552 W ActivityManager: Slow operation: 67ms so far, now at startProcess: starting to update pids map
06-26 03:28:43.663   521   552 W ActivityManager: Slow operation: 67ms so far, now at startProcess: done updating pids map
06-26 03:28:43.681  6723  6723 I externalstorage: Using CollectorTypeCC GC.
06-26 03:28:43.681  6723  6723 W externalstorage: Unexpected CPU variant for x86: x86_64.
06-26 03:28:43.681  6723  6723 W externalstorage: Known variants: atom, sandybridge, silvermont, goldmont, goldmont-plus, tremont, kabylake, default
06-26 03:28:43.684   521   543 I DropBoxManagerService: add tag=system_server_strictmode isTagEnabled=true flags=0x2
06-26 03:28:43.684   521   543 I DropBoxManagerService: add tag=system_server_strictmode isTagEnabled=true flags=0x2
06-26 03:28:43.684   521   543 I DropBoxManagerService: add tag=system_server_strictmode isTagEnabled=true flags=0x2
06-26 03:28:43.684   521   543 I DropBoxManagerService: add tag=system_server_strictmode isTagEnabled=true flags=0x2
06-26 03:28:43.692  6172  6651 I NamespaceManager: Package com.android.refreshratecontrol name not found! Using module version.
06-26 03:28:43.696  6172  6651 I NamespaceManager: Package com.google.oslo name not found! Using module version.
06-26 03:28:43.697   841  1024 E RoleControllerServiceImpl: Default/fallback role holder package doesn't qualify for the role, package: com.google.android.gms.supervision, role: android.app.role.SYSTEM_SUPERVISION
06-26 03:28:43.699  6172  6651 I NamespaceManager: Package com.android.media name not found! Using module version.
06-26 03:28:43.703  6172  6651 I NamespaceManager: Package com.android.media.swcodec name not found! Using module version.
06-26 03:28:43.704  6172  6651 I NamespaceManager: Package com.android.neuralnetworks name not found! Using module version.
06-26 03:28:43.705   841  1024 I Role    : com.google.android.gms not qualified for android.app.role.SYSTEM_CALL_STREAMING due to missing RequiredComponent{mIntentFilterData=IntentFilterData{mAction='android.telecom.CallStreamingService', mCategories='[]', mDataScheme='null', mDataType='null'}, mMinTargetSdkVersion=1, mFlags='0', mPermission='android.permission.BIND_CALL_STREAMING_SERVICE', mQueryFlags=0, mMetaData=[]}
06-26 03:28:43.705   841  1024 E RoleControllerServiceImpl: Default/fallback role holder package doesn't qualify for the role, package: com.google.android.gms, role: android.app.role.SYSTEM_CALL_STREAMING
06-26 03:28:43.706  6172  6651 I NamespaceManager: Package com.android.media name not found! Using module version.
06-26 03:28:43.708  1709  2235 I AiAiEcho: EchoSearch: WidgetFetcherImpl is initialized with [28] widgets [reason=package removed for userId: 0]
06-26 03:28:43.712   841  1024 W Role    : Default holder doesn't have required signing certificate: com.google.android.apps.work.clouddpc:23962F4B43B9857638EA66F4D419518EAE282491ACDA4B94707BD59003C45E58
06-26 03:28:43.713  6172  6651 I NamespaceManager: Package 1 name not found! Using module version.
06-26 03:28:43.715  6172  6651 I NamespaceManager: Package rkpd name not found! Using module version.
06-26 03:28:43.715  6172  6651 I NamespaceManager: Package android.companion name not found! Using module version.
06-26 03:28:43.716  6172  6651 I NamespaceManager: Package com.google.android.aicore name not found! Using module version.
06-26 03:28:43.717  6172  6651 I NamespaceManager: Package com.google.android.audioproxy name not found! Using module version.
06-26 03:28:43.718  6172  6651 I NamespaceManager: Package com.google.android.apps.pixel.psi name not found! Using module version.
06-26 03:28:43.721  6172  6651 I NamespaceManager: Package com.google.android.apps.safetycore name not found! Using module version.
06-26 03:28:43.721  6172  6651 I NamespaceManager: Package com.google.android.crashrecovery name not found! Using module version.
06-26 03:28:43.722  6172  6651 I NamespaceManager: Package com.google.android.profiling name not found! Using module version.
06-26 03:28:43.723  6172  6651 I NamespaceManager: Package com.google.android.bt name not found! Using module version.
06-26 03:28:43.723  6172  6651 I NamespaceManager: Package com.google.android.nfcservices name not found! Using module version.
06-26 03:28:43.724  6172  6651 I NamespaceManager: Package com.google.android.webapp name not found! Using module version.
06-26 03:28:43.724  6172  6651 I NamespaceManager: Package com.google.android.telephonycore name not found! Using module version.
06-26 03:28:43.725  6172  6651 I NamespaceManager: Package com.google.android.uprobestats name not found! Using module version.
06-26 03:28:43.727  6172  6651 W PhenotypeConfigurationU: Update for unknown DeviceConfig package com.google.android.gms.people [CONTEXT service_id=204 ]
06-26 03:28:43.727  6172  6651 W PhenotypeConfigurationU: bwix: No package exists for config package: com.google.android.gms.people
06-26 03:28:43.727  6172  6651 W PhenotypeConfigurationU: 	at com.google.android.gms.platformconfigurator.PhenotypeConfigurationUpdateListener.b(:com.google.android.gms@231818047@23.18.18 (190800-535401451):6)
06-26 03:28:43.727  6172  6651 W PhenotypeConfigurationU: 	at com.google.android.gms.platformconfigurator.PhenotypeConfigurationUpdateListener.a(:com.google.android.gms@231818047@23.18.18 (190800-535401451):4)
06-26 03:28:43.727  6172  6651 W PhenotypeConfigurationU: 	at com.google.android.gms.platformconfigurator.PhenotypeConfigurationUpdateListener.onHandleIntent(:com.google.android.gms@231818047@23.18.18 (190800-535401451):21)
06-26 03:28:43.727  6172  6651 W PhenotypeConfigurationU: 	at com.google.android.chimera.IntentOperation.onHandleIntent(:com.google.android.gms@231818047@23.18.18 (190800-535401451):2)
06-26 03:28:43.727  6172  6651 W PhenotypeConfigurationU: 	at zhv.onHandleIntent(:com.google.android.gms@231818047@23.18.18 (190800-535401451):4)
06-26 03:28:43.727  6172  6651 W PhenotypeConfigurationU: 	at hjm.run(:com.google.android.gms@231818047@23.18.18 (190800-535401451):3)
06-26 03:28:43.727  6172  6651 W PhenotypeConfigurationU: 	at hjl.run(:com.google.android.gms@231818047@23.18.18 (190800-535401451):11)
06-26 03:28:43.727  6172  6651 W PhenotypeConfigurationU: 	at dfhf.run(:com.google.android.gms@231818047@23.18.18 (190800-535401451):2)
06-26 03:28:43.727  6172  6651 W PhenotypeConfigurationU: 	at java.util.concurrent.ThreadPoolExecutor.runWorker(ThreadPoolExecutor.java:1145)
06-26 03:28:43.727  6172  6651 W PhenotypeConfigurationU: 	at java.util.concurrent.ThreadPoolExecutor$Worker.run(ThreadPoolExecutor.java:644)
06-26 03:28:43.727  6172  6651 W PhenotypeConfigurationU: 	at java.lang.Thread.run(Thread.java:1012)
06-26 03:28:43.730  6172  6646 I NamespaceManager: Package com.android.refreshratecontrol name not found! Using module version.
06-26 03:28:43.732  6723  6723 E externalstorage: Not starting debugger since process cannot load the jdwp agent.
06-26 03:28:43.740  6172  6646 I NamespaceManager: Package com.google.oslo name not found! Using module version.
06-26 03:28:43.746  6172  6646 I NamespaceManager: Package com.android.media name not found! Using module version.
06-26 03:28:43.747  6172  6646 I NamespaceManager: Package com.android.media.swcodec name not found! Using module version.
06-26 03:28:43.749   521   575 I ActivityManager: Force stopping dev.mobile.maestro.test appid=10194 user=0: pkg removed
06-26 03:28:43.749   521   575 E libprocessgroup: No such cgroup attribute: /sys/fs/cgroup/uid_10194/cgroup.freeze
06-26 03:28:43.750   521   575 W libprocessgroup: Failed to apply Frozen process profile: No such file or directory
06-26 03:28:43.755  1678  2605 I MediaProvider: Begin Intent { act=android.intent.action.PACKAGE_FULLY_REMOVED dat=package: flg=0x5000010 cmp=com.google.android.providers.media.module/com.android.providers.media.MediaService (has extras) }
06-26 03:28:43.757  1678  2605 D MediaProvider: Deleted 0 Android/media items belonging to dev.mobile.maestro on /data/user/0/com.google.android.providers.media.module/databases/external.db
06-26 03:28:43.757  6172  6646 I NamespaceManager: Package com.android.neuralnetworks name not found! Using module version.
06-26 03:28:43.758  6172  6646 I NamespaceManager: Package com.android.media name not found! Using module version.
06-26 03:28:43.760  6172  6646 I NamespaceManager: Package 1 name not found! Using module version.
06-26 03:28:43.761  6172  6646 I NamespaceManager: Package rkpd name not found! Using module version.
06-26 03:28:43.762  6172  6646 I NamespaceManager: Package android.companion name not found! Using module version.
06-26 03:28:43.763  6172  6646 I NamespaceManager: Package com.google.android.aicore name not found! Using module version.
06-26 03:28:43.765  6172  6646 I NamespaceManager: Package com.google.android.audioproxy name not found! Using module version.
06-26 03:28:43.766   521   575 E libprocessgroup: No such cgroup attribute: /sys/fs/cgroup/uid_10194/cgroup.freeze
06-26 03:28:43.766   521   575 W libprocessgroup: Failed to apply Unfrozen process profile: No such file or directory
06-26 03:28:43.770  6172  6646 I NamespaceManager: Package com.google.android.apps.pixel.psi name not found! Using module version.
06-26 03:28:43.772  6172  6646 I NamespaceManager: Package com.google.android.apps.safetycore name not found! Using module version.
06-26 03:28:43.773  6172  6646 I NamespaceManager: Package com.google.android.crashrecovery name not found! Using module version.
06-26 03:28:43.773  6172  6646 I NamespaceManager: Package com.google.android.profiling name not found! Using module version.
06-26 03:28:43.773  6172  6646 I NamespaceManager: Package com.google.android.bt name not found! Using module version.
06-26 03:28:43.774  6172  6646 I NamespaceManager: Package com.google.android.nfcservices name not found! Using module version.
06-26 03:28:43.775  6172  6646 I NamespaceManager: Package com.google.android.webapp name not found! Using module version.
06-26 03:28:43.775  6172  6646 I NamespaceManager: Package com.google.android.telephonycore name not found! Using module version.
06-26 03:28:43.778   521  2497 D CompatibilityChangeReporter: Compat change id reported: 168419799; UID 10084; state: DISABLED
06-26 03:28:43.778   521  2497 D CompatibilityChangeReporter: Compat change id reported: 273564678; UID 10084; state: DISABLED
06-26 03:28:43.782  6172  6646 I NamespaceManager: Package com.google.android.uprobestats name not found! Using module version.
06-26 03:28:43.791  1678  2605 D MediaGrants: Removed 0 media_grants for 0 user for dev.mobile.maestro. Reason: Package orphaned
06-26 03:28:43.792  1678  2605 I MediaProvider: End Intent { act=android.intent.action.PACKAGE_FULLY_REMOVED dat=package: flg=0x5000010 cmp=com.google.android.providers.media.module/com.android.providers.media.MediaService (has extras) }
06-26 03:28:43.792   840   840 D ControlsListingControllerImpl: ServiceConfig reloaded, count: 0
06-26 03:28:43.795  6723  6723 D CompatibilityChangeReporter: Compat change id reported: 171979766; UID 10084; state: ENABLED
06-26 03:28:43.795  6723  6723 D CompatibilityChangeReporter: Compat change id reported: 242716250; UID 10084; state: ENABLED
06-26 03:28:43.798   521  1787 D CompatibilityChangeReporter: Compat change id reported: 170503758; UID 10084; state: ENABLED
06-26 03:28:43.798  6723  6723 D CompatibilityChangeReporter: Compat change id reported: 3400644; UID 10084; state: ENABLED
06-26 03:28:43.799   521   541 W Looper  : Slow delivery took 213ms android.fg h=android.os.Handler c=<recycled PooledLambda@61d5901> m=0
06-26 03:28:43.804  6723  6723 D nativeloader: Configuring clns-shared-6 for other apk /system/priv-app/ExternalStorageProvider/ExternalStorageProvider.apk. target_sdk_version=34, uses_libraries=, library_path=/system/priv-app/ExternalStorageProvider/lib/x86_64:/system/lib64:/system_ext/lib64, permitted_path=/data:/mnt/expand:/data/user/0/com.android.externalstorage:/system/priv-app/ExternalStorageProvider:/system/lib64:/system_ext/lib64
06-26 03:28:43.813   521   619 I RescueParty: Starting to observe: [com.google.android.as, com.google.android.as.oss], updated namespace: device_personalization_services
06-26 03:28:43.813  1055  1055 D CarrierSvcBindHelper: onPackageRemoved: dev.mobile.maestro.test
06-26 03:28:43.818  6723  6723 V GraphicsEnvironment: Currently set values for:
06-26 03:28:43.818  6723  6723 V GraphicsEnvironment:   angle_gl_driver_selection_pkgs=[]
06-26 03:28:43.818  6723  6723 V GraphicsEnvironment:   angle_gl_driver_selection_values=[]
06-26 03:28:43.818   521   541 W Looper  : Drained
06-26 03:28:43.818   521   762 W WifiService: Couldn't get PackageInfo for package:dev.mobile.maestro.test
06-26 03:28:43.819   521   762 D WifiService: Remove settings for package:dev.mobile.maestro.test
06-26 03:28:43.820   521   762 D WifiConfigManager: Remove all networks for app ApplicationInfo{8521432 dev.mobile.maestro.test}
06-26 03:28:43.821   521   775 E AppOps  : attributionTag VCN not declared in manifest of android
06-26 03:28:43.826  6723  6723 V GraphicsEnvironment: ANGLE GameManagerService for com.android.externalstorage: false
06-26 03:28:43.826  6723  6723 V GraphicsEnvironment: com.android.externalstorage is not listed in per-application setting
06-26 03:28:43.826  6723  6723 V GraphicsEnvironment: Neither updatable production driver nor prerelease driver is supported.
06-26 03:28:43.829   521   762 D WifiConfigStore: Writing to stores completed in 4 ms.
06-26 03:28:43.829   521   762 I PasspointManager: No app ops listener found for dev.mobile.maestro.test
06-26 03:28:43.830  1055  1055 D CarrierSvcBindHelper: No carrier app for: 0
06-26 03:28:43.851   521   627 I InputReader: Reconfiguring input devices, changes=KEYBOARD_LAYOUTS
06-26 03:28:43.859   840   885 D StylusManager: Stylus InputDevice changed: 12 virtio_input_multi_touch_9
06-26 03:28:43.860   521   637 V StorageManagerService: Package dev.mobile.maestro.test does not have legacy storage
06-26 03:28:43.861   521   608 I RollbackManager: broadcast=ACTION_PACKAGE_FULLY_REMOVED pkg=dev.mobile.maestro.test
06-26 03:28:43.862   840   885 D StylusManager: Stylus InputDevice changed: 14 virtio_input_multi_touch_11
06-26 03:28:43.864   336   367 I netd    : tetherGetStats() -> {[]} <0.36ms>
06-26 03:28:43.872  6723  6723 D ExternalStorage: After updating volumes, found 1 active roots
06-26 03:28:43.876   521  2832 I ActivityManager: Flag disabled. Ignoring finishAttachApplication from uid: 10084. pid: 6723
06-26 03:28:43.879  6172  6646 I NamespaceManager: Package com.android.refreshratecontrol name not found! Using module version.
06-26 03:28:43.882  6172  6646 I NamespaceManager: Package com.google.oslo name not found! Using module version.
06-26 03:28:43.885   521   894 D SafetySourceDataValidator: No cert check requested for package com.google.android.permissioncontroller
06-26 03:28:43.888   521   762 W WifiService: Couldn't get PackageInfo for package:dev.mobile.maestro.test
06-26 03:28:43.888   521   762 D WifiService: Remove settings for package:dev.mobile.maestro.test
06-26 03:28:43.888   521   762 D WifiConfigManager: Remove all networks for app ApplicationInfo{5f163b6 dev.mobile.maestro.test}
06-26 03:28:43.889   521   521 I Telecom : CarModeTracker: Package dev.mobile.maestro.test is not tracked.: SSH.oR@ASg🔒
06-26 03:28:43.889   521   521 I Telecom : InCallController: updateCarModeForConnections: car mode apps: : SSH.oR@ASg🔒
06-26 03:28:43.889   521   521 I Telecom : InCallController: update carmode current:UserHandle{0} parent:null: SSH.oR@ASg🔒
06-26 03:28:43.891   521   521 I ConditionProviders: Disallowing condition provider dev.mobile.maestro.test (userSet: true)
06-26 03:28:43.892   396   596 D AF::TrackHandle: OpPlayAudio: track:55 usage:13 not muted
06-26 03:28:43.893   396   596 D AF::TrackHandle: OpPlayAudio: track:55 usage:13 not muted
06-26 03:28:43.894   396   596 D AF::TrackHandle: OpPlayAudio: track:55 usage:13 not muted
06-26 03:28:43.895   396   596 D AF::TrackHandle: OpPlayAudio: track:55 usage:13 not muted
06-26 03:28:43.895   396   596 D AF::TrackHandle: OpPlayAudio: track:55 usage:13 not muted
06-26 03:28:43.896   396   596 D AF::TrackHandle: OpPlayAudio: track:55 usage:13 not muted
06-26 03:28:43.896   396   596 D AF::TrackHandle: OpPlayAudio: track:55 usage:13 not muted
06-26 03:28:43.896   396   596 D AF::TrackHandle: OpPlayAudio: track:55 usage:13 not muted
06-26 03:28:43.896   396   596 D AF::TrackHandle: OpPlayAudio: track:55 usage:13 not muted
06-26 03:28:43.896   396   596 D AF::TrackHandle: OpPlayAudio: track:55 usage:13 not muted
06-26 03:28:43.896   396   596 D AF::TrackHandle: OpPlayAudio: track:55 usage:13 not muted
06-26 03:28:43.897   396   596 D AF::TrackHandle: OpPlayAudio: track:55 usage:13 not muted
06-26 03:28:43.898   396   596 D AF::TrackHandle: OpPlayAudio: track:55 usage:13 not muted
06-26 03:28:43.900   840   885 D StylusManager: Stylus InputDevice changed: 13 virtio_input_multi_touch_10
06-26 03:28:43.903  4233  4233 V MediaPlayerList: mPackageChangedBroadcastReceiver: action: android.intent.action.PACKAGE_REMOVED
06-26 03:28:43.903  4233  4233 V MediaPlayerList: mPackageChangedBroadcastReceiver: action: android.intent.action.PACKAGE_REMOVED
06-26 03:28:43.904  1678  1678 W MediaProvider: WorkProfileOwnerApps cache is empty
06-26 03:28:43.905   396   596 D AF::TrackHandle: OpPlayAudio: track:55 usage:13 not muted
06-26 03:28:43.907   841   841 D PersistedStoragePackageUninstalledReceiver: Received android.intent.action.PACKAGE_FULLY_REMOVED for dev.mobile.maestro for u0
06-26 03:28:43.907   396   596 D AF::TrackHandle: OpPlayAudio: track:55 usage:13 not muted
06-26 03:28:43.908  6172  6646 I NamespaceManager: Package com.android.media name not found! Using module version.
06-26 03:28:43.908  6172  6646 I NamespaceManager: Package com.android.media.swcodec name not found! Using module version.
06-26 03:28:43.909  6172  6646 I NamespaceManager: Package com.android.neuralnetworks name not found! Using module version.
06-26 03:28:43.909  6172  6646 I NamespaceManager: Package com.android.media name not found! Using module version.
06-26 03:28:43.910  6172  6646 I NamespaceManager: Package 1 name not found! Using module version.
06-26 03:28:43.911  6172  6646 I NamespaceManager: Package rkpd name not found! Using module version.
06-26 03:28:43.911  6172  6646 I NamespaceManager: Package android.companion name not found! Using module version.
06-26 03:28:43.916   521   762 D WifiConfigStore: Writing to stores completed in 2 ms.
06-26 03:28:43.917   521   762 I PasspointManager: No app ops listener found for dev.mobile.maestro.test
06-26 03:28:43.921  6172  6646 I NamespaceManager: Package com.google.android.aicore name not found! Using module version.
06-26 03:28:43.921  6172  6646 I NamespaceManager: Package com.google.android.audioproxy name not found! Using module version.
06-26 03:28:43.922  6172  6646 I NamespaceManager: Package com.google.android.apps.pixel.psi name not found! Using module version.
06-26 03:28:43.922   840   885 D StylusManager: Stylus InputDevice changed: 10 virtio_input_multi_touch_7
06-26 03:28:43.923  6172  6646 I NamespaceManager: Package com.google.android.apps.safetycore name not found! Using module version.
06-26 03:28:43.923  6172  6646 I NamespaceManager: Package com.google.android.crashrecovery name not found! Using module version.
06-26 03:28:43.923  6172  6646 I NamespaceManager: Package com.google.android.profiling name not found! Using module version.
06-26 03:28:43.923  6172  6646 I NamespaceManager: Package com.google.android.bt name not found! Using module version.
06-26 03:28:43.923  6172  6646 I NamespaceManager: Package com.google.android.nfcservices name not found! Using module version.
06-26 03:28:43.924  6172  6646 I NamespaceManager: Package com.google.android.webapp name not found! Using module version.
06-26 03:28:43.924  6172  6646 I NamespaceManager: Package com.google.android.telephonycore name not found! Using module version.
06-26 03:28:43.925  6172  6646 I NamespaceManager: Package com.google.android.uprobestats name not found! Using module version.
06-26 03:28:43.925   840   885 D StylusManager: Stylus InputDevice changed: 6 virtio_input_multi_touch_3
06-26 03:28:43.926   840   885 D StylusManager: Stylus InputDevice changed: 4 virtio_input_multi_touch_1
06-26 03:28:43.926   840   840 D ControlsListingControllerImpl: ServiceConfig reloaded, count: 0
06-26 03:28:43.927   521   531 I system_server: Background concurrent copying GC freed 357847(18MB) AllocSpace objects, 30(1016KB) LOS objects, 43% free, 31MB/55MB, paused 85us,36us total 281.248ms
06-26 03:28:43.929   840   885 D StylusManager: Stylus InputDevice changed: 9 virtio_input_multi_touch_6
06-26 03:28:43.930  1678  2605 I MediaProvider: Begin Intent { act=android.intent.action.PACKAGE_FULLY_REMOVED dat=package: flg=0x5000010 cmp=com.google.android.providers.media.module/com.android.providers.media.MediaService (has extras) }
06-26 03:28:43.930  1678  2605 D MediaProvider: Deleted 0 Android/media items belonging to dev.mobile.maestro.test on /data/user/0/com.google.android.providers.media.module/databases/external.db
06-26 03:28:43.930  1678  2605 D MediaGrants: Removed 0 media_grants for 0 user for dev.mobile.maestro.test. Reason: Package orphaned
06-26 03:28:43.931   840   885 D StylusManager: Stylus InputDevice changed: 5 virtio_input_multi_touch_2
06-26 03:28:43.931   840   885 D StylusManager: Stylus InputDevice changed: 11 virtio_input_multi_touch_8
06-26 03:28:43.932   840   885 D StylusManager: Stylus InputDevice changed: 8 virtio_input_multi_touch_5
06-26 03:28:43.932   840   885 D StylusManager: Stylus InputDevice changed: 7 virtio_input_multi_touch_4
06-26 03:28:43.932  1678  2605 I MediaProvider: End Intent { act=android.intent.action.PACKAGE_FULLY_REMOVED dat=package: flg=0x5000010 cmp=com.google.android.providers.media.module/com.android.providers.media.MediaService (has extras) }
06-26 03:28:43.934   521   550 I PackageWatchdog: Syncing state, reason: observing new packages
06-26 03:28:43.934   521   550 D PackageWatchdog: rescue-party-observer added the following packages to monitor [com.google.android.as, com.google.android.as.oss]
06-26 03:28:43.934   521   550 I PackageWatchdog: Syncing state, reason: updated observers
06-26 03:28:43.934   521   550 I PackageWatchdog: Not pruning observers, elapsed time: 0ms
06-26 03:28:43.934   521   521 I PackageWatchdog: Syncing health check requests for packages: {}
06-26 03:28:43.935   521   521 I ExplicitHealthCheckController: Service not ready to get health check supported packages. Binding...
06-26 03:28:43.938   396   596 D AF::TrackHandle: OpPlayAudio: track:55 usage:13 not muted
06-26 03:28:43.940  1734  1734 I GsaVoiceInteractionSrv: O received Intent { act=android.intent.action.PACKAGE_REMOVED dat=package: flg=0x4000010 (has extras) }
06-26 03:28:43.944  1734  1734 I GsaVoiceInteractionSrv: O received Intent { act=android.intent.action.PACKAGE_REMOVED dat=package: flg=0x4000010 (has extras) }
06-26 03:28:43.946   521   521 I ExplicitHealthCheckController: Explicit health check service is bound
06-26 03:28:43.952   521   550 W WindowMagnificationMgr: requestConnection duplicated request: connect=false, mConnectionState=DISCONNECTED
06-26 03:28:43.955   336   367 I netd    : tetherGetStats() -> {[]} <0.25ms>
06-26 03:28:43.960   521   521 I ExplicitHealthCheckController: Explicit health check service is connected ComponentInfo{com.google.android.ext.services/android.ext.services.watchdog.ExplicitHealthCheckServiceImpl}
06-26 03:28:43.960   521   521 I ExplicitHealthCheckController: Service initialized, syncing requests
06-26 03:28:43.960   521   521 I PackageWatchdog: Syncing health check requests for packages: {}
06-26 03:28:43.960   521   521 D ExplicitHealthCheckController: Getting health check supported packages
06-26 03:28:43.961   521  1786 I ExplicitHealthCheckController: Explicit health check supported packages [PackageConfig{com.google.android.networkstack, 86400000}]
06-26 03:28:43.962   521  1786 D PackageWatchdog: Received supported packages [PackageConfig{com.google.android.networkstack, 86400000}]
06-26 03:28:43.963   521  1786 D ExplicitHealthCheckController: Getting health check requested packages
06-26 03:28:43.965   521  2779 I ExplicitHealthCheckController: Explicit health check requested packages []
06-26 03:28:43.965   521  2779 I ExplicitHealthCheckController: No more health check requests, unbinding...
06-26 03:28:43.965   521  2779 I ExplicitHealthCheckController: Explicit health check service is unbound
06-26 03:28:43.967   521   536 D SafetySourceDataValidator: No cert check requested for package com.google.android.permissioncontroller
06-26 03:28:43.969   521   532 W JavaBinder: BinderProxy is being destroyed but the application did not call unlinkToDeath to unlink all of its death recipients beforehand.  Releasing leaked death recipient: com.android.server.wm.ActivityRecord$$ExternalSyntheticLambda0
06-26 03:28:43.969   521   532 I BpBinder: onLastStrongRef automatically unlinking death recipients: 
06-26 03:28:43.974   336   367 I netd    : bandwidthRemoveInterfaceQuota(eth0) <0.41ms>
06-26 03:28:43.974   336   367 I netd    : bandwidthSetInterfaceQuota(eth0, 9223372036854775807) <0.35ms>
06-26 03:28:43.978  6172  6650 I ProximityAuth: [RecentAppsMediator] Package removed: (user=UserHandle{0}) dev.mobile.maestro
06-26 03:28:43.982   841   841 D PersistedStoragePackageUninstalledReceiver: Received android.intent.action.PACKAGE_FULLY_REMOVED for dev.mobile.maestro.test for u0
06-26 03:28:44.014  6172  6652 I Fitness : FitCleanupIntentOperation received Intent android.intent.action.PACKAGE_REMOVED [CONTEXT service_id=17 ]
06-26 03:28:44.035  6249  6249 D BoundBrokerSvc: onBind: Intent { act=com.google.android.gms.common.BIND_SHARED_PREFS pkg=com.google.android.gms }
06-26 03:28:44.035  6249  6249 D BoundBrokerSvc: Loading bound service for intent: Intent { act=com.google.android.gms.common.BIND_SHARED_PREFS pkg=com.google.android.gms }
06-26 03:28:44.036  6172  6652 I ProximityAuth: [RecentAppsMediator] Package removed: (user=UserHandle{0}) dev.mobile.maestro.test
06-26 03:28:44.040  6249  6624 I BlockstoreStorage: Clearing all the Blockstore Data for package dev.mobile.maestro [CONTEXT service_id=258 ]
06-26 03:28:44.042   521   619 I RescueParty: Starting to observe: [android], updated namespace: adservices
06-26 03:28:44.043  6249  6624 I BlockstoreStorage: Clearing all the Blockstore Data for 1 packages [CONTEXT service_id=258 ]
06-26 03:28:44.046  6172  6652 I Fitness : FitCleanupIntentOperation received Intent android.intent.action.PACKAGE_REMOVED [CONTEXT service_id=17 ]
06-26 03:28:44.073  6172  6646 I NamespaceManager: Package com.android.refreshratecontrol name not found! Using module version.
06-26 03:28:44.074  1709  1709 I AiAiEcho: AppFetcherImplV2 onPackageRemoved dev.mobile.maestro.test.
06-26 03:28:44.074  1098  1098 D Launcher.Model: package removed received dev.mobile.maestro.test
06-26 03:28:44.074  1098  1159 D PackageUpdatedTask: Removing app icondev.mobile.maestro.test
06-26 03:28:44.079  6172  6646 I NamespaceManager: Package com.google.oslo name not found! Using module version.
06-26 03:28:44.080  1098  1159 D ModelWriter: removing items from db . Reason: [removed because the corresponding package or component is removed. mOp=3 removedPackages=[dev.mobile.maestro.test] removedComponents=[]]
06-26 03:28:44.101   521  1786 D PackageManager: Instant App installer not found with android.intent.action.INSTALL_INSTANT_APP_PACKAGE
06-26 03:28:44.103   521  1786 D PackageManager: Clear ephemeral installer activity
06-26 03:28:44.120  6249  6403 E WorkSourceUtil: Could not find package: dev.mobile.maestro
06-26 03:28:44.123  6172  6646 I NamespaceManager: Package com.android.media name not found! Using module version.
06-26 03:28:44.123  6172  6646 I NamespaceManager: Package com.android.media.swcodec name not found! Using module version.
06-26 03:28:44.128  6172  6646 I NamespaceManager: Package com.android.neuralnetworks name not found! Using module version.
06-26 03:28:44.129   521  1789 D PackageManager: Instant App installer not found with android.intent.action.INSTALL_INSTANT_APP_PACKAGE
06-26 03:28:44.130   521  1789 D PackageManager: Clear ephemeral installer activity
06-26 03:28:44.132  6172  6646 I NamespaceManager: Package com.android.media name not found! Using module version.
06-26 03:28:44.133  6172  6646 I NamespaceManager: Package 1 name not found! Using module version.
06-26 03:28:44.134  6172  6646 I NamespaceManager: Package rkpd name not found! Using module version.
06-26 03:28:44.134  1709  2235 I AiAiEcho: EchoSearch: WidgetFetcherImpl is initialized with [28] widgets [reason=package removed for userId: 0]
06-26 03:28:44.137   521   894 W JobScheduler: Job didn't exist in JobStore: 57a6c9a #u0a154/100006 com.google.android.contacts/androidx.work.impl.background.systemjob.SystemJobService
06-26 03:28:44.146  6172  6646 I NamespaceManager: Package android.companion name not found! Using module version.
06-26 03:28:44.149  6172  6646 I NamespaceManager: Package com.google.android.aicore name not found! Using module version.
06-26 03:28:44.151  6249  6249 D BoundBrokerSvc: onUnbind: Intent { act=com.google.android.gms.common.BIND_SHARED_PREFS pkg=com.google.android.gms }
06-26 03:28:44.157  6172  6646 I NamespaceManager: Package com.google.android.audioproxy name not found! Using module version.
06-26 03:28:44.160  6172  6646 I NamespaceManager: Package com.google.android.apps.pixel.psi name not found! Using module version.
06-26 03:28:44.164  6249  6249 D BoundBrokerSvc: onBind: Intent { act=com.google.android.gms.common.BIND_SHARED_PREFS pkg=com.google.android.gms }
06-26 03:28:44.165  6249  6249 D BoundBrokerSvc: Loading bound service for intent: Intent { act=com.google.android.gms.common.BIND_SHARED_PREFS pkg=com.google.android.gms }
06-26 03:28:44.175  6172  6646 I NamespaceManager: Package com.google.android.apps.safetycore name not found! Using module version.
06-26 03:28:44.177  6172  6646 I NamespaceManager: Package com.google.android.crashrecovery name not found! Using module version.
06-26 03:28:44.178  6172  6646 I NamespaceManager: Package com.google.android.profiling name not found! Using module version.
06-26 03:28:44.193   521   550 I PackageWatchdog: Saving observer state to file
06-26 03:28:44.195  6172  6646 I NamespaceManager: Package com.google.android.bt name not found! Using module version.
06-26 03:28:44.198  1709  2209 I AiAiEcho: [pnb-agg] Reload pnb aggregation on events deleted
06-26 03:28:44.198  6172  6646 I NamespaceManager: Package com.google.android.nfcservices name not found! Using module version.
06-26 03:28:44.199  6172  6646 I NamespaceManager: Package com.google.android.webapp name not found! Using module version.
06-26 03:28:44.199  1709  2209 I AiAiEcho: [pnb-agg] pnb aggregation disabled.
06-26 03:28:44.201  6172  6646 I NamespaceManager: Package com.google.android.telephonycore name not found! Using module version.
06-26 03:28:44.202  6172  6646 I NamespaceManager: Package com.google.android.uprobestats name not found! Using module version.
06-26 03:28:44.210   521   619 I RescueParty: Starting to observe: [android, com.google.android.apps.nexuslauncher, com.android.systemui], updated namespace: latency_tracker
06-26 03:28:44.234  6249  6626 W SQLiteLog: (28) double-quoted string literal: "dev.mobile.maestro"
06-26 03:28:44.242  6249  6363 I Icing   : doRemovePackageData dev.mobile.maestro
06-26 03:28:44.261  1709  1723 I ogle.android.as: Background young concurrent copying GC freed 140840(6156KB) AllocSpace objects, 2(104KB) LOS objects, 43% free, 7782KB/13MB, paused 516us,16us total 164.861ms
06-26 03:28:44.268   521   550 I PackageWatchdog: Syncing state, reason: observing new packages
06-26 03:28:44.268   521   550 D PackageWatchdog: rescue-party-observer added the following packages to monitor [android]
06-26 03:28:44.268   521   550 I PackageWatchdog: Syncing state, reason: updated observers
06-26 03:28:44.268   521   550 I PackageWatchdog: Not pruning observers, elapsed time: 0ms
06-26 03:28:44.268   521   521 I PackageWatchdog: Syncing health check requests for packages: {}
06-26 03:28:44.268   521   521 I ExplicitHealthCheckController: Service not ready to get health check supported packages. Binding...
06-26 03:28:44.270  6249  6381 I Icing   : Indexing com.google.android.gms-apps from com.google.android.gms
06-26 03:28:44.270   521   521 I ExplicitHealthCheckController: Explicit health check service is bound
06-26 03:28:44.271   521   521 I ExplicitHealthCheckController: Explicit health check service is connected ComponentInfo{com.google.android.ext.services/android.ext.services.watchdog.ExplicitHealthCheckServiceImpl}
06-26 03:28:44.271   521   521 I ExplicitHealthCheckController: Service initialized, syncing requests
06-26 03:28:44.271   521   521 I PackageWatchdog: Syncing health check requests for packages: {}
06-26 03:28:44.271   521   521 D ExplicitHealthCheckController: Getting health check supported packages
06-26 03:28:44.272   521  2517 I ExplicitHealthCheckController: Explicit health check supported packages [PackageConfig{com.google.android.networkstack, 86400000}]
06-26 03:28:44.272   521  2517 D PackageWatchdog: Received supported packages [PackageConfig{com.google.android.networkstack, 86400000}]
06-26 03:28:44.272   521  2517 D ExplicitHealthCheckController: Getting health check requested packages
06-26 03:28:44.272   521  2517 I ExplicitHealthCheckController: Explicit health check requested packages []
06-26 03:28:44.272   521  2517 I ExplicitHealthCheckController: No more health check requests, unbinding...
06-26 03:28:44.273   521  2517 I ExplicitHealthCheckController: Explicit health check service is unbound
06-26 03:28:44.275  6249  6249 D BoundBrokerSvc: onUnbind: Intent { act=com.google.android.gms.common.BIND_SHARED_PREFS pkg=com.google.android.gms }
06-26 03:28:44.279   521   769 D ConnectivityService: NetReassign [no changes] [c 0] [a 1] [i 1]
06-26 03:28:44.297  6249  6381 I Icing   : Indexing done com.google.android.gms-apps
06-26 03:28:44.298   521   550 I PackageWatchdog: Syncing state, reason: observing new packages
06-26 03:28:44.298   521   550 D PackageWatchdog: rescue-party-observer added the following packages to monitor [android, com.google.android.apps.nexuslauncher, com.android.systemui]
06-26 03:28:44.298   521   550 I PackageWatchdog: Syncing state, reason: updated observers
06-26 03:28:44.298   521   550 I PackageWatchdog: Not pruning observers, elapsed time: 0ms
06-26 03:28:44.298   521   550 I PackageWatchdog: Saving observer state to file
06-26 03:28:44.308  6757  6757 W BpBinder: Linking to death on android.gui.ISurfaceComposer but there are no threads (yet?) listening to incoming transactions. See ProcessState::startThreadPool and ProcessState::setThreadPoolMaxThreadCount. Generally you should setup the binder threadpool before other initialization steps.
06-26 03:28:44.309  6757  6757 W ProcessState: Extra binder thread started, but 0 threads requested. Do not use *startThreadPool when zero threads are requested.
06-26 03:28:44.504     0     0 I servicemanager: Could not find android.hardware.graphics.allocator.IAllocator/default in the VINTF manifest.
06-26 03:28:44.315   135   135 I hwservicemanager: getTransport: Cannot find entry android.hardware.graphics.mapper@4.0::IMapper/default in either framework or device VINTF manifest.
06-26 03:28:44.316   521   521 I PackageWatchdog: Syncing health check requests for packages: {}
06-26 03:28:44.316   521   521 I ExplicitHealthCheckController: Service not ready to get health check supported packages. Binding...
06-26 03:28:44.316  6757  6764 I Gralloc4: mapper 4.x is not supported
06-26 03:28:44.319   521   521 I ExplicitHealthCheckController: Explicit health check service is bound
06-26 03:28:44.321   521   521 I ExplicitHealthCheckController: Explicit health check service is connected ComponentInfo{com.google.android.ext.services/android.ext.services.watchdog.ExplicitHealthCheckServiceImpl}
06-26 03:28:44.321   521   521 I ExplicitHealthCheckController: Service initialized, syncing requests
06-26 03:28:44.322   521   521 I PackageWatchdog: Syncing health check requests for packages: {}
06-26 03:28:44.322   521   521 D ExplicitHealthCheckController: Getting health check supported packages
06-26 03:28:44.322   521  2517 I ExplicitHealthCheckController: Explicit health check supported packages [PackageConfig{com.google.android.networkstack, 86400000}]
06-26 03:28:44.322   521  2517 D PackageWatchdog: Received supported packages [PackageConfig{com.google.android.networkstack, 86400000}]
06-26 03:28:44.323   521  2517 D ExplicitHealthCheckController: Getting health check requested packages
06-26 03:28:44.323   521  2517 I ExplicitHealthCheckController: Explicit health check requested packages []
06-26 03:28:44.323   521  2517 I ExplicitHealthCheckController: No more health check requests, unbinding...
06-26 03:28:44.325   521  2517 I ExplicitHealthCheckController: Explicit health check service is unbound
06-26 03:28:44.327  6249  6633 W DriveInitializer: Awaiting to be initialized
06-26 03:28:44.330  6172  6652 I NamespaceManager: Package com.android.refreshratecontrol name not found! Using module version.
06-26 03:28:44.330  6172  6652 I NamespaceManager: Package com.google.oslo name not found! Using module version.
06-26 03:28:44.331  6172  6652 I NamespaceManager: Package com.android.media name not found! Using module version.
06-26 03:28:44.332  6172  6652 I NamespaceManager: Package com.android.media.swcodec name not found! Using module version.
06-26 03:28:44.332  6172  6652 I NamespaceManager: Package com.android.neuralnetworks name not found! Using module version.
06-26 03:28:44.332  6172  6652 I NamespaceManager: Package com.android.media name not found! Using module version.
06-26 03:28:44.333  6172  6652 I NamespaceManager: Package 1 name not found! Using module version.
06-26 03:28:44.333  6172  6652 I NamespaceManager: Package rkpd name not found! Using module version.
06-26 03:28:44.334  6172  6652 I NamespaceManager: Package android.companion name not found! Using module version.
06-26 03:28:44.334  6172  6652 I NamespaceManager: Package com.google.android.aicore name not found! Using module version.
06-26 03:28:44.334  6172  6652 I NamespaceManager: Package com.google.android.audioproxy name not found! Using module version.
06-26 03:28:44.335  6172  6652 I NamespaceManager: Package com.google.android.apps.pixel.psi name not found! Using module version.
06-26 03:28:44.336  6172  6652 I NamespaceManager: Package com.google.android.apps.safetycore name not found! Using module version.
06-26 03:28:44.336  6172  6652 I NamespaceManager: Package com.google.android.crashrecovery name not found! Using module version.
06-26 03:28:44.336  6172  6652 I NamespaceManager: Package com.google.android.profiling name not found! Using module version.
06-26 03:28:44.336  6172  6652 I NamespaceManager: Package com.google.android.bt name not found! Using module version.
06-26 03:28:44.336  6172  6652 I NamespaceManager: Package com.google.android.nfcservices name not found! Using module version.
06-26 03:28:44.336  6172  6652 I NamespaceManager: Package com.google.android.webapp name not found! Using module version.
06-26 03:28:44.336  6172  6652 I NamespaceManager: Package com.google.android.telephonycore name not found! Using module version.
06-26 03:28:44.336  6172  6652 I NamespaceManager: Package com.google.android.uprobestats name not found! Using module version.
06-26 03:28:44.339  6172  6652 W PhenotypeConfigurationU: Update for unknown DeviceConfig package com.google.android.gms.semanticlocation [CONTEXT service_id=204 ]
06-26 03:28:44.339  6172  6652 W PhenotypeConfigurationU: bwix: No package exists for config package: com.google.android.gms.semanticlocation
06-26 03:28:44.339  6172  6652 W PhenotypeConfigurationU: 	at com.google.android.gms.platformconfigurator.PhenotypeConfigurationUpdateListener.b(:com.google.android.gms@231818047@23.18.18 (190800-535401451):6)
06-26 03:28:44.339  6172  6652 W PhenotypeConfigurationU: 	at com.google.android.gms.platformconfigurator.PhenotypeConfigurationUpdateListener.a(:com.google.android.gms@231818047@23.18.18 (190800-535401451):4)
06-26 03:28:44.339  6172  6652 W PhenotypeConfigurationU: 	at com.google.android.gms.platformconfigurator.PhenotypeConfigurationUpdateListener.onHandleIntent(:com.google.android.gms@231818047@23.18.18 (190800-535401451):21)
06-26 03:28:44.339  6172  6652 W PhenotypeConfigurationU: 	at com.google.android.chimera.IntentOperation.onHandleIntent(:com.google.android.gms@231818047@23.18.18 (190800-535401451):2)
06-26 03:28:44.339  6172  6652 W PhenotypeConfigurationU: 	at zhv.onHandleIntent(:com.google.android.gms@231818047@23.18.18 (190800-535401451):4)
06-26 03:28:44.339  6172  6652 W PhenotypeConfigurationU: 	at hjm.run(:com.google.android.gms@231818047@23.18.18 (190800-535401451):3)
06-26 03:28:44.339  6172  6652 W PhenotypeConfigurationU: 	at hjl.run(:com.google.android.gms@231818047@23.18.18 (190800-535401451):11)
06-26 03:28:44.339  6172  6652 W PhenotypeConfigurationU: 	at dfhf.run(:com.google.android.gms@231818047@23.18.18 (190800-535401451):2)
06-26 03:28:44.339  6172  6652 W PhenotypeConfigurationU: 	at java.util.concurrent.ThreadPoolExecutor.runWorker(ThreadPoolExecutor.java:1145)
06-26 03:28:44.339  6172  6652 W PhenotypeConfigurationU: 	at java.util.concurrent.ThreadPoolExecutor$Worker.run(ThreadPoolExecutor.java:644)
06-26 03:28:44.339  6172  6652 W PhenotypeConfigurationU: 	at java.lang.Thread.run(Thread.java:1012)
06-26 03:28:44.377  6249  6256 W gle.android.gms: Cleared Reference was only reachable from finalizer (only reported once)
06-26 03:28:44.380  6249  6256 I gle.android.gms: Background concurrent copying GC freed 271096(11MB) AllocSpace objects, 82(2724KB) LOS objects, 49% free, 12MB/25MB, paused 107us,11us total 392.570ms
06-26 03:28:44.425  6172  6652 I NamespaceManager: Package com.android.refreshratecontrol name not found! Using module version.
06-26 03:28:44.435  6249  6629 V Backup  : [CustomDownloadSchedulingIO] Received Action: com.google.android.gms.phenotype.com.google.android.gms.backup.COMMITTED
06-26 03:28:44.435  6249  6629 V Backup  : [CustomDownloadSchedulingIO] listenToSetupWizardFinishedBroadcast or customBackupDownloadEnableSuwTriggerWithGmsUpdateCheck flag on
06-26 03:28:44.435  6249  6626 V Backup  : [G1ModuleInitIntentOperation] Flags updated
06-26 03:28:44.436  6249  6626 V Backup  : [G1ModuleInitIntentOperation] Running restore operation is disabled by flag
06-26 03:28:44.436  6249  6626 W ChimeraUtils: Module com.google.android.gms.backup_g1 missing resource null(0)
06-26 03:28:44.436  6249  6624 V Backup  : [ShowPhotosNotifIO] Flag not enabled; returning.
06-26 03:28:44.438  6172  6652 I NamespaceManager: Package com.google.oslo name not found! Using module version.
06-26 03:28:44.444  6249  6626 W ChimeraUtils: Module com.google.android.gms.backup_g1 missing resource null(0)
06-26 03:28:44.444  6249  6363 I PinnedContentDownloader: Finished downloading pinned content.
06-26 03:28:44.470  6249  6626 W ChimeraUtils: Module com.google.android.gms.backup_g1 missing resource null(0)
06-26 03:28:44.470  6249  6629 I BlockstoreStorage: Clearing all the Blockstore Data for package dev.mobile.maestro.test [CONTEXT service_id=258 ]
06-26 03:28:44.470  6249  6629 I BlockstoreStorage: Clearing all the Blockstore Data for 1 packages [CONTEXT service_id=258 ]
06-26 03:28:44.476  6172  6652 I NamespaceManager: Package com.android.media name not found! Using module version.
06-26 03:28:44.476  6172  6652 I NamespaceManager: Package com.android.media.swcodec name not found! Using module version.
06-26 03:28:44.478  6172  6652 I NamespaceManager: Package com.android.neuralnetworks name not found! Using module version.
06-26 03:28:44.480  6172  6652 I NamespaceManager: Package com.android.media name not found! Using module version.
06-26 03:28:44.482  6249  6624 W SQLiteLog: (28) double-quoted string literal: "dev.mobile.maestro.test"
06-26 03:28:44.488  6172  6652 I NamespaceManager: Package 1 name not found! Using module version.
06-26 03:28:44.488  6172  6652 I NamespaceManager: Package rkpd name not found! Using module version.
06-26 03:28:44.489  6172  6652 I NamespaceManager: Package android.companion name not found! Using module version.
06-26 03:28:44.489  6249  6381 I ContentMaintenance: Internal cache bytes used: 0; limit: 100000000; download size: 0
06-26 03:28:44.497  6172  6652 I NamespaceManager: Package com.google.android.aicore name not found! Using module version.
06-26 03:28:44.498  6172  6652 I NamespaceManager: Package com.google.android.audioproxy name not found! Using module version.
06-26 03:28:44.500  6172  6652 I NamespaceManager: Package com.google.android.apps.pixel.psi name not found! Using module version.
06-26 03:28:44.500  6249  6398 E WorkSourceUtil: Could not find package: dev.mobile.maestro.test
