--------- beginning of main
06-26 03:28:43.182  6172  6645 I NamespaceManager: Package rkpd name not found! Using module version.
06-26 03:28:43.182  6172  6645 I NamespaceManager: Package android.companion name not found! Using module version.
06-26 03:28:43.183  6172  6645 I NamespaceManager: Package com.google.android.aicore name not found! Using module version.
06-26 03:28:43.183  6172  6645 I NamespaceManager: Package com.google.android.audioproxy name not found! Using module version.
06-26 03:28:43.183  6172  6645 I NamespaceManager: Package com.google.android.apps.pixel.psi name not found! Using module version.
06-26 03:28:43.184  6172  6645 I NamespaceManager: Package com.google.android.apps.safetycore name not found! Using module version.
06-26 03:28:43.184  6172  6645 I NamespaceManager: Package com.google.android.crashrecovery name not found! Using module version.
06-26 03:28:43.184  6172  6645 I NamespaceManager: Package com.google.android.profiling name not found! Using module version.
06-26 03:28:43.185  6172  6645 I NamespaceManager: Package com.google.android.bt name not found! Using module version.
06-26 03:28:43.185  6172  6645 I NamespaceManager: Package com.google.android.nfcservices name not found! Using module version.
06-26 03:28:43.186  6172  6645 I NamespaceManager: Package com.google.android.webapp name not found! Using module version.
06-26 03:28:43.186  6172  6645 I NamespaceManager: Package com.google.android.telephonycore name not found! Using module version.
06-26 03:28:43.186  6172  6645 I NamespaceManager: Package com.google.android.uprobestats name not found! Using module version.
06-26 03:28:43.189  1709  3438 I AiAiEcho: Settings changed for uri: content://settings/secure/accessibility_enabled
06-26 03:28:43.190  6172  6645 W PhenotypeConfigurationU: Update for unknown DeviceConfig package com.google.android.gms.icing [CONTEXT service_id=204 ]
06-26 03:28:43.190  6172  6645 W PhenotypeConfigurationU: bwix: No package exists for config package: com.google.android.gms.icing
06-26 03:28:43.190  6172  6645 W PhenotypeConfigurationU: 	at com.google.android.gms.platformconfigurator.PhenotypeConfigurationUpdateListener.b(:com.google.android.gms@231818047@23.18.18 (190800-535401451):6)
06-26 03:28:43.190  6172  6645 W PhenotypeConfigurationU: 	at com.google.android.gms.platformconfigurator.PhenotypeConfigurationUpdateListener.a(:com.google.android.gms@231818047@23.18.18 (190800-535401451):4)
06-26 03:28:43.190  6172  6645 W PhenotypeConfigurationU: 	at com.google.android.gms.platformconfigurator.PhenotypeConfigurationUpdateListener.onHandleIntent(:com.google.android.gms@231818047@23.18.18 (190800-535401451):21)
06-26 03:28:43.190  6172  6645 W PhenotypeConfigurationU: 	at com.google.android.chimera.IntentOperation.onHandleIntent(:com.google.android.gms@231818047@23.18.18 (190800-535401451):2)
06-26 03:28:43.190  6172  6645 W PhenotypeConfigurationU: 	at zhv.onHandleIntent(:com.google.android.gms@231818047@23.18.18 (190800-535401451):4)
06-26 03:28:43.190  6172  6645 W PhenotypeConfigurationU: 	at hjm.run(:com.google.android.gms@231818047@23.18.18 (190800-535401451):3)
06-26 03:28:43.190  6172  6645 W PhenotypeConfigurationU: 	at hjl.run(:com.google.android.gms@231818047@23.18.18 (190800-535401451):11)
06-26 03:28:43.190  6172  6645 W PhenotypeConfigurationU: 	at dfhf.run(:com.google.android.gms@231818047@23.18.18 (190800-535401451):2)
06-26 03:28:43.190  6172  6645 W PhenotypeConfigurationU: 	at java.util.concurrent.ThreadPoolExecutor.runWorker(ThreadPoolExecutor.java:1145)
06-26 03:28:43.190  6172  6645 W PhenotypeConfigurationU: 	at java.util.concurrent.ThreadPoolExecutor$Worker.run(ThreadPoolExecutor.java:644)
06-26 03:28:43.190  6172  6645 W PhenotypeConfigurationU: 	at java.lang.Thread.run(Thread.java:1012)
06-26 03:28:43.190  1709  2209 I AiAiEcho: Predicting[0]: 
06-26 03:28:43.192  6172  6652 I NamespaceManager: Package com.android.refreshratecontrol name not found! Using module version.
06-26 03:28:43.192  6172  6652 I NamespaceManager: Package com.google.oslo name not found! Using module version.
06-26 03:28:43.193  6172  6652 I NamespaceManager: Package com.android.media name not found! Using module version.
06-26 03:28:43.194  6172  6652 I NamespaceManager: Package com.android.media.swcodec name not found! Using module version.
--------- beginning of system
06-26 03:28:43.195   521  2778 W WindowMagnificationMgr: requestConnection duplicated request: connect=false, mConnectionState=DISCONNECTED
06-26 03:28:43.195   521  2778 W WindowMagnificationMgr: requestConnection duplicated request: connect=false, mConnectionState=DISCONNECTED
06-26 03:28:43.195  6172  6652 I NamespaceManager: Package com.android.neuralnetworks name not found! Using module version.
06-26 03:28:43.195  6172  6652 I NamespaceManager: Package com.android.media name not found! Using module version.
06-26 03:28:43.196  6172  6652 I NamespaceManager: Package 1 name not found! Using module version.
06-26 03:28:43.196  6172  6652 I NamespaceManager: Package rkpd name not found! Using module version.
06-26 03:28:43.196  6172  6652 I NamespaceManager: Package android.companion name not found! Using module version.
06-26 03:28:43.196  6172  6652 I NamespaceManager: Package com.google.android.aicore name not found! Using module version.
06-26 03:28:43.196  6172  6652 I NamespaceManager: Package com.google.android.audioproxy name not found! Using module version.
06-26 03:28:43.196  6172  6652 I NamespaceManager: Package com.google.android.apps.pixel.psi name not found! Using module version.
06-26 03:28:43.196  6172  6652 I NamespaceManager: Package com.google.android.apps.safetycore name not found! Using module version.
06-26 03:28:43.196  6172  6652 I NamespaceManager: Package com.google.android.crashrecovery name not found! Using module version.
06-26 03:28:43.196  6172  6652 I NamespaceManager: Package com.google.android.profiling name not found! Using module version.
06-26 03:28:43.197  6172  6652 I NamespaceManager: Package com.google.android.bt name not found! Using module version.
06-26 03:28:43.197  6172  6652 I NamespaceManager: Package com.google.android.nfcservices name not found! Using module version.
06-26 03:28:43.197  6172  6652 I NamespaceManager: Package com.google.android.webapp name not found! Using module version.
06-26 03:28:43.197  6172  6652 I NamespaceManager: Package com.google.android.telephonycore name not found! Using module version.
06-26 03:28:43.197  6172  6652 I NamespaceManager: Package com.google.android.uprobestats name not found! Using module version.
06-26 03:28:43.197  6172  6652 W PhenotypeConfigurationU: Update for unknown DeviceConfig package com.google.android.gms.playlog.uploader [CONTEXT service_id=204 ]
06-26 03:28:43.197  6172  6652 W PhenotypeConfigurationU: bwix: No package exists for config package: com.google.android.gms.playlog.uploader
06-26 03:28:43.197  6172  6652 W PhenotypeConfigurationU: 	at com.google.android.gms.platformconfigurator.PhenotypeConfigurationUpdateListener.b(:com.google.android.gms@231818047@23.18.18 (190800-535401451):6)
06-26 03:28:43.197  6172  6652 W PhenotypeConfigurationU: 	at com.google.android.gms.platformconfigurator.PhenotypeConfigurationUpdateListener.a(:com.google.android.gms@231818047@23.18.18 (190800-535401451):4)
06-26 03:28:43.197  6172  6652 W PhenotypeConfigurationU: 	at com.google.android.gms.platformconfigurator.PhenotypeConfigurationUpdateListener.onHandleIntent(:com.google.android.gms@231818047@23.18.18 (190800-535401451):21)
06-26 03:28:43.197  6172  6652 W PhenotypeConfigurationU: 	at com.google.android.chimera.IntentOperation.onHandleIntent(:com.google.android.gms@231818047@23.18.18 (190800-535401451):2)
06-26 03:28:43.197  6172  6652 W PhenotypeConfigurationU: 	at zhv.onHandleIntent(:com.google.android.gms@231818047@23.18.18 (190800-535401451):4)
06-26 03:28:43.197  6172  6652 W PhenotypeConfigurationU: 	at hjm.run(:com.google.android.gms@231818047@23.18.18 (190800-535401451):3)
06-26 03:28:43.197  6172  6652 W PhenotypeConfigurationU: 	at hjl.run(:com.google.android.gms@231818047@23.18.18 (190800-535401451):11)
06-26 03:28:43.197  6172  6652 W PhenotypeConfigurationU: 	at dfhf.run(:com.google.android.gms@231818047@23.18.18 (190800-535401451):2)
06-26 03:28:43.197  6172  6652 W PhenotypeConfigurationU: 	at java.util.concurrent.ThreadPoolExecutor.runWorker(ThreadPoolExecutor.java:1145)
06-26 03:28:43.197  6172  6652 W PhenotypeConfigurationU: 	at java.util.concurrent.ThreadPoolExecutor$Worker.run(ThreadPoolExecutor.java:644)
06-26 03:28:43.197  6172  6652 W PhenotypeConfigurationU: 	at java.lang.Thread.run(Thread.java:1012)
--------- beginning of kernel
06-26 03:28:43.386     0     0 I servicemanager: Since 'artd' could not be found, trying to start it as a lazy AIDL service. (if it's not configured to be a lazy service, it may be stuck starting or still starting).
06-26 03:28:43.202  1709  2209 I AiAiEcho: EchoTargets: 
06-26 03:28:43.202  1709  2209 I AiAiEcho: Filtered by AiAi flag check: 
06-26 03:28:43.203  1709  2209 I AiAiEcho: Ranked targets strategy: SORT, count: 0, ranking metadata: 
06-26 03:28:43.207  1709  2209 I AiAiEcho: Predicting[0]: 
06-26 03:28:43.208  1709  2209 I AiAiEcho: EchoTargets: 
06-26 03:28:43.208  1709  2209 I AiAiEcho: Filtered by AiAi flag check: 
06-26 03:28:43.208  1709  2209 I AiAiEcho: Ranked targets strategy: SORT, count: 0, ranking metadata: 
06-26 03:28:43.209  1709  2209 I AiAiEcho: #postPredictionTargets: Sending updates to UISurface lockscreen with targets# 0 (types=[])
06-26 03:28:43.396     0     0 I init    : Untracked pid 5408 exited with status 0
06-26 03:28:43.398     0     0 I init    : Untracked pid 5408 did not have an associated service entry and will not be reaped
06-26 03:28:43.217  1709  3438 I AiAiEcho: Settings changed for uri: content://settings/secure/accessibility_enabled
06-26 03:28:43.409     0     0 I init    : starting service 'artd'...
06-26 03:28:43.217   840   840 W PageIndicator: Total number of pages invalid: 0. Assuming 1 page.
06-26 03:28:43.218   521   521 D BatterySaverPolicy: accessibility changed to false, updating policy.
06-26 03:28:43.219  1709  2209 I AiAiEcho: #postPredictionTargets: Sending updates to UISurface home with targets# 0 (types=[])
06-26 03:28:43.219  1709  2209 I AiAiEcho: Predicting[0]: 
06-26 03:28:43.219  1709  2209 I AiAiEcho: EchoTargets: 
06-26 03:28:43.219  1709  2209 I AiAiEcho: Filtered by AiAi flag check: 
06-26 03:28:43.219  1709  2209 I AiAiEcho: Ranked targets strategy: SORT, count: 0, ranking metadata: 
06-26 03:28:43.220  1795  2463 I A       : NGA enabled in interactor.
06-26 03:28:43.220  1709  2209 I AiAiEcho: Predicting[0]: 
06-26 03:28:43.220  1709  2209 I AiAiEcho: EchoTargets: 
06-26 03:28:43.220  1709  2209 I AiAiEcho: Filtered by AiAi flag check: 
06-26 03:28:43.220  1709  2209 I AiAiEcho: Ranked targets strategy: SORT, count: 0, ranking metadata: 
06-26 03:28:43.220  1709  2209 I AiAiEcho: #postPredictionTargets: Sending updates to UISurface lockscreen with targets# 0 (types=[])
06-26 03:28:43.220  1795  2463 I A       : Nga state changed to NgaStateDetails{state=ENABLED, isSpecialExperience=false}
06-26 03:28:43.220  1709  2209 I AiAiEcho: #postPredictionTargets: Sending updates to UISurface home with targets# 0 (types=[])
06-26 03:28:43.223   840   840 W PageIndicator: Total number of pages invalid: 0. Assuming 1 page.
06-26 03:28:43.228  6172  6656 I NamespaceManager: Package com.android.refreshratecontrol name not found! Using module version.
06-26 03:28:43.229  6172  6656 I NamespaceManager: Package com.google.oslo name not found! Using module version.
06-26 03:28:43.230  6172  6656 I NamespaceManager: Package com.android.media name not found! Using module version.
06-26 03:28:43.230  6172  6656 I NamespaceManager: Package com.android.media.swcodec name not found! Using module version.
06-26 03:28:43.231  1734  5333 I A       : Initializing all components
06-26 03:28:43.232  6172  6656 I NamespaceManager: Package com.android.neuralnetworks name not found! Using module version.
06-26 03:28:43.232  6172  6656 I NamespaceManager: Package com.android.media name not found! Using module version.
06-26 03:28:43.232  6172  6656 I NamespaceManager: Package 1 name not found! Using module version.
06-26 03:28:43.232  1734  2284 I A       : onIsEnabledChanged, isEnabled: false
06-26 03:28:43.234  1734  2284 W A       : Disposing empty manager. Did you forgot to subscribe observables?
06-26 03:28:43.235  1734  2284 W A       : Disposing empty manager. Did you forgot to subscribe observables?
06-26 03:28:43.235  1734  2284 W A       : Disposing empty manager. Did you forgot to subscribe observables?
06-26 03:28:43.235  1734  2284 W A       : Disposing empty manager. Did you forgot to subscribe observables?
06-26 03:28:43.235  1734  2284 W A       : Disposing empty manager. Did you forgot to subscribe observables?
06-26 03:28:43.235  6172  6656 I NamespaceManager: Package rkpd name not found! Using module version.
06-26 03:28:43.235  1734  2284 W A       : Disposing empty manager. Did you forgot to subscribe observables?
06-26 03:28:43.236  1734  2284 W A       : Disposing empty manager. Did you forgot to subscribe observables?
06-26 03:28:43.236  1734  2284 W A       : Disposing empty manager. Did you forgot to subscribe observables?
06-26 03:28:43.236  6172  6656 I NamespaceManager: Package android.companion name not found! Using module version.
06-26 03:28:43.236  6172  6656 I NamespaceManager: Package com.google.android.aicore name not found! Using module version.
06-26 03:28:43.236  6172  6656 I NamespaceManager: Package com.google.android.audioproxy name not found! Using module version.
06-26 03:28:43.236  1734  2284 W A       : Disposing empty manager. Did you forgot to subscribe observables?
06-26 03:28:43.236  6172  6656 I NamespaceManager: Package com.google.android.apps.pixel.psi name not found! Using module version.
06-26 03:28:43.237  6172  6656 I NamespaceManager: Package com.google.android.apps.safetycore name not found! Using module version.
06-26 03:28:43.237  6172  6656 I NamespaceManager: Package com.google.android.crashrecovery name not found! Using module version.
06-26 03:28:43.237  1734  2284 W A       : Disposing empty manager. Did you forgot to subscribe observables?
06-26 03:28:43.237  6172  6656 I NamespaceManager: Package com.google.android.profiling name not found! Using module version.
06-26 03:28:43.237  6172  6656 I NamespaceManager: Package com.google.android.bt name not found! Using module version.
06-26 03:28:43.237  6172  6656 I NamespaceManager: Package com.google.android.nfcservices name not found! Using module version.
06-26 03:28:43.237  6172  6656 I NamespaceManager: Package com.google.android.webapp name not found! Using module version.
06-26 03:28:43.237  1734  2284 I A       : onOpaVisibilityChanged: false
06-26 03:28:43.237  6172  6656 I NamespaceManager: Package com.google.android.telephonycore name not found! Using module version.
06-26 03:28:43.237  6172  6656 I NamespaceManager: Package com.google.android.uprobestats name not found! Using module version.
06-26 03:28:43.237  1734  2284 W A       : Disposing empty manager. Did you forgot to subscribe observables?
06-26 03:28:43.238  6172  6656 W PhenotypeConfigurationU: Update for unknown DeviceConfig package com.google.android.gms.smartdevice [CONTEXT service_id=204 ]
06-26 03:28:43.238  6172  6656 W PhenotypeConfigurationU: bwix: No package exists for config package: com.google.android.gms.smartdevice
06-26 03:28:43.238  6172  6656 W PhenotypeConfigurationU: 	at com.google.android.gms.platformconfigurator.PhenotypeConfigurationUpdateListener.b(:com.google.android.gms@231818047@23.18.18 (190800-535401451):6)
06-26 03:28:43.238  6172  6656 W PhenotypeConfigurationU: 	at com.google.android.gms.platformconfigurator.PhenotypeConfigurationUpdateListener.a(:com.google.android.gms@231818047@23.18.18 (190800-535401451):4)
06-26 03:28:43.238  6172  6656 W PhenotypeConfigurationU: 	at com.google.android.gms.platformconfigurator.PhenotypeConfigurationUpdateListener.onHandleIntent(:com.google.android.gms@231818047@23.18.18 (190800-535401451):21)
06-26 03:28:43.238  6172  6656 W PhenotypeConfigurationU: 	at com.google.android.chimera.IntentOperation.onHandleIntent(:com.google.android.gms@231818047@23.18.18 (190800-535401451):2)
06-26 03:28:43.238  6172  6656 W PhenotypeConfigurationU: 	at zhv.onHandleIntent(:com.google.android.gms@231818047@23.18.18 (190800-535401451):4)
06-26 03:28:43.238  6172  6656 W PhenotypeConfigurationU: 	at hjm.run(:com.google.android.gms@231818047@23.18.18 (190800-535401451):3)
06-26 03:28:43.238  6172  6656 W PhenotypeConfigurationU: 	at hjl.run(:com.google.android.gms@231818047@23.18.18 (190800-535401451):11)
06-26 03:28:43.238  6172  6656 W PhenotypeConfigurationU: 	at dfhf.run(:com.google.android.gms@231818047@23.18.18 (190800-535401451):2)
06-26 03:28:43.238  6172  6656 W PhenotypeConfigurationU: 	at java.util.concurrent.ThreadPoolExecutor.runWorker(ThreadPoolExecutor.java:1145)
06-26 03:28:43.238  6172  6656 W PhenotypeConfigurationU: 	at java.util.concurrent.ThreadPoolExecutor$Worker.run(ThreadPoolExecutor.java:644)
06-26 03:28:43.238  6172  6656 W PhenotypeConfigurationU: 	at java.lang.Thread.run(Thread.java:1012)
06-26 03:28:43.240  1734  5333 I A       : APA or Classic session decision: SessionDecision(sessionVariance=CLASSIC, platformVariance=CLASSIC, justification=CURRENT_PLATFORM_VARIANCE).
06-26 03:28:43.241  1734  2284 W A       : Disposing empty manager. Did you forgot to subscribe observables?
06-26 03:28:43.242  1734  2284 W A       : Disposing empty manager. Did you forgot to subscribe observables?
06-26 03:28:43.243  1734  2284 W A       : Disposing empty manager. Did you forgot to subscribe observables?
06-26 03:28:43.243  1734  2284 W A       : Disposing empty manager. Did you forgot to subscribe observables?
06-26 03:28:43.243  6249  6493 W ModuleInitIntentOp: Dropping unexpected action com.google.android.gms.phenotype.COMMITTED
06-26 03:28:43.244  6249  6493 V Backup  : [PhenotypeConfigIO] Phenotype broadcast received for different package
06-26 03:28:43.244  6249  6493 I SyncIntentOperation: Handling the intent: Intent { act=com.google.android.gms.phenotype.COMMITTED flg=0x10 pkg=com.google.android.gms cmp=com.google.android.gms/.chimera.GmsIntentOperationService (has extras) }. [CONTEXT service_id=80 ]
06-26 03:28:43.244  6249  6494 W ModuleInitIntentOp: Dropping unexpected action com.google.android.gms.phenotype.COMMITTED
06-26 03:28:43.244  6249  6624 W ModuleInitIntentOp: Dropping unexpected action com.google.android.gms.phenotype.COMMITTED
06-26 03:28:43.245  6249  6493 I MdiSyncModule: flag handling is skipping irrelevant intent.
06-26 03:28:43.245  6249  6624 I MlBenchmarkInstaller: Intent: com.google.android.gms.phenotype.COMMITTED [CONTEXT service_id=340 ]
06-26 03:28:43.245  6249  6624 I MlBenchmarkInstaller: COMMITTED Extra package name: com.google.android.gms.smartdevice [CONTEXT service_id=340 ]
06-26 03:28:43.246  6249  6629 W ModuleInitIntentOp: Dropping unexpected action com.google.android.gms.phenotype.COMMITTED
06-26 03:28:43.439     0     0 I init    : ... started service 'artd' has pid 6686
06-26 03:28:43.440     0     0 I init    : Control message: Processed ctl.interface_start for 'aidl/artd' from pid: 134 (/system/bin/servicemanager)
06-26 03:28:43.252  6249  6494 I LocationHistory: [IntentOperation] Handling action com.google.android.gms.phenotype.COMMITTED [CONTEXT service_id=314 ]
06-26 03:28:43.252  1734  2284 W A       : Disposing empty manager. Did you forgot to subscribe observables?
06-26 03:28:43.254  1734  5333 I A       : [Memory] eligibility: StashEligibility{6}
06-26 03:28:43.254  1734  2288 I A       : Initialize
06-26 03:28:43.255  1734  2288 I A       : stopListening(NGA_PAUSED_UNKNOWN_REASON, NGA_CREATE), idleOverride=NOT_LISTENING
06-26 03:28:43.259  1734  2284 I A       : Setting session to type: NO_SESSION
06-26 03:28:43.260  6172  6652 I PTCommittedOperation: Receive new configuration for com.google.android.gms.smartdevice
06-26 03:28:43.260  1734  2284 W A       : Disposing empty manager. Did you forgot to subscribe observables?
06-26 03:28:43.260  1734  2284 W A       : Disposing empty manager. Did you forgot to subscribe observables?
06-26 03:28:43.260  1734  2284 W A       : Disposing empty manager. Did you forgot to subscribe observables?
06-26 03:28:43.260  1734  2284 W A       : Disposing empty manager. Did you forgot to subscribe observables?
06-26 03:28:43.260  1734  2284 W A       : Disposing empty manager. Did you forgot to subscribe observables?
06-26 03:28:43.260  1734  2284 W A       : Disposing empty manager. Did you forgot to subscribe observables?
06-26 03:28:43.260  1734  2284 W A       : Disposing empty manager. Did you forgot to subscribe observables?
06-26 03:28:43.261  1734  2284 W A       : Disposing empty manager. Did you forgot to subscribe observables?
06-26 03:28:43.263  1734  2284 I A       : setNavBarVisible: GestureNavBarVisible{navbarVisible=true}
06-26 03:28:43.263  1734  2284 W A       : Disposing empty manager. Did you forgot to subscribe observables?
06-26 03:28:43.263  1734  2284 W A       : Disposing empty manager. Did you forgot to subscribe observables?
06-26 03:28:43.263  1734  2284 W A       : Disposing empty manager. Did you forgot to subscribe observables?
06-26 03:28:43.263  1734  2284 W A       : Disposing empty manager. Did you forgot to subscribe observables?
06-26 03:28:43.263  1734  2284 W A       : Disposing empty manager. Did you forgot to subscribe observables?
06-26 03:28:43.263  1734  2284 W A       : Disposing empty manager. Did you forgot to subscribe observables?
06-26 03:28:43.263  1734  2284 I A       : onDisabled. Registered: false
06-26 03:28:43.267  1734  2288 I A       : State changed: IDLE => IDLE by NGA_STATE_CHANGED and N/A with Optional.empty
06-26 03:28:43.268  1734  2288 I A       : Recognizer choice: (recognizer_type: 1, recognizer_mode: 1, choice_reason: 4)
06-26 03:28:43.269  1734  2288 I A       : onActiveStateChangeEvent: IDLE => IDLE
06-26 03:28:43.269  1734  2288 I A       : #onActiveStateChangeEvent, newState: IDLE, previousState: IDLE.
06-26 03:28:43.271  1734  2288 I A       : on opa visibility changed false
06-26 03:28:43.271  1734  2288 I A       : on opa visibility changed false
06-26 03:28:43.276  1734  2288 I NgaEntryPointEventSendr: setupConnection
06-26 03:28:43.279  1795  1795 I A       : Creating pss binder().
06-26 03:28:43.280  1734  2288 I NgaEntryPointEventSendr: State changed: Disconnected => Connecting
06-26 03:28:43.280  6686  6686 I artd    : Starting artd
06-26 03:28:43.280  6686  6686 I AidlLazyServiceRegistrar: Registering service artd
06-26 03:28:43.282  1734  2288 I NgaEntryPointEventSendr: onServiceConnected
06-26 03:28:43.282  1795  2839 I A       : Calling beginBinderSession().
06-26 03:28:43.472     0     0 I BpBinder: onLastStrongRef automatically unlinking death recipients:
06-26 03:28:43.474     0     0 I servicemanager: Notifying artd they do (previously: don't) have clients when service is guaranteed to be in use
06-26 03:28:43.283  6249  6629 I GmsSyncPolicyEngine: Periodic sync 1 disabled by policy, cancelled.
06-26 03:28:43.284  6249  6629 I GmsSyncPolicyEngine: Periodic sync 2 disabled by policy, cancelled.
06-26 03:28:43.284  6249  6629 I GmsSyncPolicyEngine: Periodic sync 3 disabled by policy, cancelled.
06-26 03:28:43.285  6686  6690 I AidlLazyServiceRegistrar: Process has 1 (of 1 available) client(s) in use after notification artd has clients: 1
06-26 03:28:43.287  1734  2284 I A       : Successfully initialized all components
06-26 03:28:43.524     0     0 I logd    : start watching /data/system/packages.list ...
06-26 03:28:43.526     0     0 I logd    : ReadPackageList, total packages: 201
06-26 03:28:43.338  1795  2839 I A       : beginBinderSession(): calling binder
06-26 03:28:43.338  1734  2288 I NgaEntryPointEventSendr: State changed: Connecting => Ready
06-26 03:28:43.347   521   575 D PackageManager: Instant App installer not found with android.intent.action.INSTALL_INSTANT_APP_PACKAGE
06-26 03:28:43.347   521   575 D PackageManager: Clear ephemeral installer activity
06-26 03:28:43.349   521  2833 W ActivityManager: Unable to start service Intent { cmp=com.google.android.apps.tachyon/.clientapi.ClientApiService } U=0: not found
06-26 03:28:43.351  1795  2729 I PBSessionCacheImpl: Deleted sessionId[7896275931851549] from persistence.
06-26 03:28:43.353  6172  6650 I NamespaceManager: Package com.android.refreshratecontrol name not found! Using module version.
06-26 03:28:43.354  6172  6650 I NamespaceManager: Package com.google.oslo name not found! Using module version.
06-26 03:28:43.356  6172  6650 I NamespaceManager: Package com.android.media name not found! Using module version.
06-26 03:28:43.357  6172  6650 I NamespaceManager: Package com.android.media.swcodec name not found! Using module version.
06-26 03:28:43.357  6172  6650 I NamespaceManager: Package com.android.neuralnetworks name not found! Using module version.
06-26 03:28:43.368  1795  2788 I A       : Using proto config with mendel
06-26 03:28:43.372  6172  6650 I NamespaceManager: Package com.android.media name not found! Using module version.
06-26 03:28:43.372  6172  6652 I PTCommittedOperation: Receive new configuration for com.google.android.gms
06-26 03:28:43.372  6172  6652 I PTCommittedOperation: Running Fixer Framework for com.google.android.gms
06-26 03:28:43.376  6172  6650 I NamespaceManager: Package 1 name not found! Using module version.
06-26 03:28:43.376  6172  6650 I NamespaceManager: Package rkpd name not found! Using module version.
06-26 03:28:43.377  6172  6650 I NamespaceManager: Package android.companion name not found! Using module version.
06-26 03:28:43.378  6172  6650 I NamespaceManager: Package com.google.android.aicore name not found! Using module version.
06-26 03:28:43.378  6172  6650 I NamespaceManager: Package com.google.android.audioproxy name not found! Using module version.
06-26 03:28:43.379   521  2937 E TaskPersister: File error accessing recents directory (directory doesn't exist?).
06-26 03:28:43.381  1795  2788 I A       : Using proto config with mendel
06-26 03:28:43.386  1795  2788 W A       : UiCallbackStub-onGenericEvent[ServiceEvent = 60] task was not run. Callback from Service received after client was disposed.
06-26 03:28:43.387  1795  2729 I PBSessionCacheImpl: Deleted sessionId[7896275931851657] from persistence.
06-26 03:28:43.391  1734  2284 I NgaEntryPointEventSendr: State changed: Ready => Disconnected (onOpaDisconnected)
06-26 03:28:43.392  6172  6650 I NamespaceManager: Package com.google.android.apps.pixel.psi name not found! Using module version.
06-26 03:28:43.394  1795  2672 I A       : group apa_head_suggest not present without account in *
06-26 03:28:43.395  1734  1734 V ClearcutMetricXmitter: Transmission is done.
06-26 03:28:43.397  1795  2657 I A       : incrementApaDataDownloadStoreStatus(latency = PT0.002S, appVersion = 13.17.16.23, status = NOT_FOUND, locale = *, fileGroupnames = apa_head_suggest, accountScoped = false, localGroupsAvailable = false, timeSinceSearchBoot = Optional[PT1M47.725S] (ONE_TO_FIVE_MINUTES), timeSinceDataDownloadInit = PT56.587S (THIRTY_SECONDS_TO_ONE_MINUTE))
06-26 03:28:43.397  1795  2657 I A       : incrementApaDataDownloadStoreStatusNotFound(appVersion = 13.17.16.23, locale = *, groupName = apa_head_suggest, accountScoped = false, foundGroups = 0, status = 0, localGroupsAvailable = false)
06-26 03:28:43.401   521   543 I DropBoxManagerService: add tag=system_server_strictmode isTagEnabled=true flags=0x2
06-26 03:28:43.401   521   543 I DropBoxManagerService: add tag=system_server_strictmode isTagEnabled=true flags=0x2
06-26 03:28:43.402   521   543 I DropBoxManagerService: add tag=system_server_strictmode isTagEnabled=true flags=0x2
06-26 03:28:43.403   521   543 I DropBoxManagerService: add tag=system_server_strictmode isTagEnabled=true flags=0x2
06-26 03:28:43.403   521   575 I ActivityManager: Force stopping dev.mobile.maestro appid=10193 user=0: pkg removed
06-26 03:28:43.406   521   543 I DropBoxManagerService: add tag=system_server_strictmode isTagEnabled=true flags=0x2
06-26 03:28:43.406   521   543 I DropBoxManagerService: add tag=system_server_strictmode isTagEnabled=true flags=0x2
06-26 03:28:43.406   521   543 I DropBoxManagerService: add tag=system_server_strictmode isTagEnabled=true flags=0x2
06-26 03:28:43.407   521   543 I DropBoxManagerService: add tag=system_server_strictmode isTagEnabled=true flags=0x2
06-26 03:28:43.407   521   543 I DropBoxManagerService: add tag=system_server_strictmode isTagEnabled=true flags=0x2
06-26 03:28:43.407   521   543 I DropBoxManagerService: add tag=system_server_strictmode isTagEnabled=true flags=0x2
06-26 03:28:43.420  6172  6650 I NamespaceManager: Package com.google.android.apps.safetycore name not found! Using module version.
06-26 03:28:43.420  6172  6650 I NamespaceManager: Package com.google.android.crashrecovery name not found! Using module version.
06-26 03:28:43.420  6172  6650 I NamespaceManager: Package com.google.android.profiling name not found! Using module version.
06-26 03:28:43.420  6172  6650 I NamespaceManager: Package com.google.android.bt name not found! Using module version.
06-26 03:28:43.420  6172  6650 I NamespaceManager: Package com.google.android.nfcservices name not found! Using module version.
06-26 03:28:43.421  6172  6650 I NamespaceManager: Package com.google.android.webapp name not found! Using module version.
06-26 03:28:43.421  6172  6650 I NamespaceManager: Package com.google.android.telephonycore name not found! Using module version.
06-26 03:28:43.421  6172  6650 I NamespaceManager: Package com.google.android.uprobestats name not found! Using module version.
06-26 03:28:43.422  6172  6650 W PhenotypeConfigurationU: Update for unknown DeviceConfig package com.google.android.gms [CONTEXT service_id=204 ]
06-26 03:28:43.422  6172  6650 W PhenotypeConfigurationU: bwix: No package exists for config package: com.google.android.gms
06-26 03:28:43.422  6172  6650 W PhenotypeConfigurationU: 	at com.google.android.gms.platformconfigurator.PhenotypeConfigurationUpdateListener.b(:com.google.android.gms@231818047@23.18.18 (190800-535401451):6)
06-26 03:28:43.422  6172  6650 W PhenotypeConfigurationU: 	at com.google.android.gms.platformconfigurator.PhenotypeConfigurationUpdateListener.a(:com.google.android.gms@231818047@23.18.18 (190800-535401451):4)
06-26 03:28:43.422  6172  6650 W PhenotypeConfigurationU: 	at com.google.android.gms.platformconfigurator.PhenotypeConfigurationUpdateListener.onHandleIntent(:com.google.android.gms@231818047@23.18.18 (190800-535401451):21)
06-26 03:28:43.422  6172  6650 W PhenotypeConfigurationU: 	at com.google.android.chimera.IntentOperation.onHandleIntent(:com.google.android.gms@231818047@23.18.18 (190800-535401451):2)
06-26 03:28:43.422  6172  6650 W PhenotypeConfigurationU: 	at zhv.onHandleIntent(:com.google.android.gms@231818047@23.18.18 (190800-535401451):4)
06-26 03:28:43.422  6172  6650 W PhenotypeConfigurationU: 	at hjm.run(:com.google.android.gms@231818047@23.18.18 (190800-535401451):3)
06-26 03:28:43.422  6172  6650 W PhenotypeConfigurationU: 	at hjl.run(:com.google.android.gms@231818047@23.18.18 (190800-535401451):11)
06-26 03:28:43.422  6172  6650 W PhenotypeConfigurationU: 	at dfhf.run(:com.google.android.gms@231818047@23.18.18 (190800-535401451):2)
06-26 03:28:43.422  6172  6650 W PhenotypeConfigurationU: 	at java.util.concurrent.ThreadPoolExecutor.runWorker(ThreadPoolExecutor.java:1145)
06-26 03:28:43.422  6172  6650 W PhenotypeConfigurationU: 	at java.util.concurrent.ThreadPoolExecutor$Worker.run(ThreadPoolExecutor.java:644)
06-26 03:28:43.422  6172  6650 W PhenotypeConfigurationU: 	at java.lang.Thread.run(Thread.java:1012)
06-26 03:28:43.423  1795  1825 I earchbox:search: JIT allocated 62KB for compiled code of java.lang.Object com.google.android.apps.gsa.binaries.velvet.app.ael.b()
06-26 03:28:43.448  6172  6656 I NamespaceManager: Package com.android.refreshratecontrol name not found! Using module version.
06-26 03:28:43.448  6172  6656 I NamespaceManager: Package com.google.oslo name not found! Using module version.
06-26 03:28:43.449  6172  6656 I NamespaceManager: Package com.android.media name not found! Using module version.
06-26 03:28:43.450  6172  6656 I NamespaceManager: Package com.android.media.swcodec name not found! Using module version.
06-26 03:28:43.454  6172  6656 I NamespaceManager: Package com.android.neuralnetworks name not found! Using module version.
06-26 03:28:43.455   521   775 E AppOps  : attributionTag VCN not declared in manifest of android
06-26 03:28:43.455  6172  6656 I NamespaceManager: Package com.android.media name not found! Using module version.
06-26 03:28:43.456  6172  6656 I NamespaceManager: Package 1 name not found! Using module version.
06-26 03:28:43.457   521   550 W WindowMagnificationMgr: requestConnection duplicated request: connect=false, mConnectionState=DISCONNECTED
06-26 03:28:43.457  6172  6656 I NamespaceManager: Package rkpd name not found! Using module version.
06-26 03:28:43.459  6172  6656 I NamespaceManager: Package android.companion name not found! Using module version.
06-26 03:28:43.460  6172  6656 I NamespaceManager: Package com.google.android.aicore name not found! Using module version.
06-26 03:28:43.463   521   762 W WifiService: Couldn't get PackageInfo for package:dev.mobile.maestro
06-26 03:28:43.464   521   762 D WifiService: Remove settings for package:dev.mobile.maestro
06-26 03:28:43.467   521   762 D WifiConfigManager: Remove all networks for app ApplicationInfo{bde42c9 dev.mobile.maestro}
06-26 03:28:43.469  6172  6656 I NamespaceManager: Package com.google.android.audioproxy name not found! Using module version.
06-26 03:28:43.469  6172  6656 I NamespaceManager: Package com.google.android.apps.pixel.psi name not found! Using module version.
06-26 03:28:43.470  6172  6656 I NamespaceManager: Package com.google.android.apps.safetycore name not found! Using module version.
06-26 03:28:43.470  6172  6656 I NamespaceManager: Package com.google.android.crashrecovery name not found! Using module version.
06-26 03:28:43.470  6172  6656 I NamespaceManager: Package com.google.android.profiling name not found! Using module version.
06-26 03:28:43.470  6172  6656 I NamespaceManager: Package com.google.android.bt name not found! Using module version.
06-26 03:28:43.470  6172  6656 I NamespaceManager: Package com.google.android.nfcservices name not found! Using module version.
06-26 03:28:43.470  6172  6656 I NamespaceManager: Package com.google.android.webapp name not found! Using module version.
06-26 03:28:43.470  6172  6656 I NamespaceManager: Package com.google.android.telephonycore name not found! Using module version.
06-26 03:28:43.471  6172  6656 I NamespaceManager: Package com.google.android.uprobestats name not found! Using module version.
06-26 03:28:43.471  6172  6656 W PhenotypeConfigurationU: Update for unknown DeviceConfig package com.google.android.gms.phenotype [CONTEXT service_id=204 ]
06-26 03:28:43.471  6172  6656 W PhenotypeConfigurationU: bwix: No package exists for config package: com.google.android.gms.phenotype
06-26 03:28:43.471  6172  6656 W PhenotypeConfigurationU: 	at com.google.android.gms.platformconfigurator.PhenotypeConfigurationUpdateListener.b(:com.google.android.gms@231818047@23.18.18 (190800-535401451):6)
06-26 03:28:43.471  6172  6656 W PhenotypeConfigurationU: 	at com.google.android.gms.platformconfigurator.PhenotypeConfigurationUpdateListener.a(:com.google.android.gms@231818047@23.18.18 (190800-535401451):4)
06-26 03:28:43.471  6172  6656 W PhenotypeConfigurationU: 	at com.google.android.gms.platformconfigurator.PhenotypeConfigurationUpdateListener.onHandleIntent(:com.google.android.gms@231818047@23.18.18 (190800-535401451):21)
06-26 03:28:43.471  6172  6656 W PhenotypeConfigurationU: 	at com.google.android.chimera.IntentOperation.onHandleIntent(:com.google.android.gms@231818047@23.18.18 (190800-535401451):2)
06-26 03:28:43.471  6172  6656 W PhenotypeConfigurationU: 	at zhv.onHandleIntent(:com.google.android.gms@231818047@23.18.18 (190800-535401451):4)
06-26 03:28:43.471  6172  6656 W PhenotypeConfigurationU: 	at hjm.run(:com.google.android.gms@231818047@23.18.18 (190800-535401451):3)
06-26 03:28:43.471  6172  6656 W PhenotypeConfigurationU: 	at hjl.run(:com.google.android.gms@231818047@23.18.18 (190800-535401451):11)
06-26 03:28:43.471  6172  6656 W PhenotypeConfigurationU: 	at dfhf.run(:com.google.android.gms@231818047@23.18.18 (190800-535401451):2)
06-26 03:28:43.471  6172  6656 W PhenotypeConfigurationU: 	at java.util.concurrent.ThreadPoolExecutor.runWorker(ThreadPoolExecutor.java:1145)
06-26 03:28:43.471  6172  6656 W PhenotypeConfigurationU: 	at java.util.concurrent.ThreadPoolExecutor$Worker.run(ThreadPoolExecutor.java:644)
06-26 03:28:43.471  6172  6656 W PhenotypeConfigurationU: 	at java.lang.Thread.run(Thread.java:1012)
06-26 03:28:43.475  6172  6652 I NamespaceManager: Package com.android.refreshratecontrol name not found! Using module version.
06-26 03:28:43.475  6172  6652 I NamespaceManager: Package com.google.oslo name not found! Using module version.
06-26 03:28:43.475  6172  6652 I NamespaceManager: Package com.android.media name not found! Using module version.
06-26 03:28:43.475  6172  6652 I NamespaceManager: Package com.android.media.swcodec name not found! Using module version.
06-26 03:28:43.476  6172  6652 I NamespaceManager: Package com.android.neuralnetworks name not found! Using module version.
06-26 03:28:43.476  6172  6652 I NamespaceManager: Package com.android.media name not found! Using module version.
06-26 03:28:43.476  6172  6652 I NamespaceManager: Package 1 name not found! Using module version.
06-26 03:28:43.476  6172  6652 I NamespaceManager: Package rkpd name not found! Using module version.
06-26 03:28:43.476  6172  6652 I NamespaceManager: Package android.companion name not found! Using module version.
06-26 03:28:43.477  6172  6652 I NamespaceManager: Package com.google.android.aicore name not found! Using module version.
06-26 03:28:43.477  6172  6652 I NamespaceManager: Package com.google.android.audioproxy name not found! Using module version.
06-26 03:28:43.477  6172  6652 I NamespaceManager: Package com.google.android.apps.pixel.psi name not found! Using module version.
06-26 03:28:43.477  6172  6652 I NamespaceManager: Package com.google.android.apps.safetycore name not found! Using module version.
06-26 03:28:43.477  6172  6652 I NamespaceManager: Package com.google.android.crashrecovery name not found! Using module version.
06-26 03:28:43.477  6172  6652 I NamespaceManager: Package com.google.android.profiling name not found! Using module version.
06-26 03:28:43.478  6172  6652 I NamespaceManager: Package com.google.android.bt name not found! Using module version.
06-26 03:28:43.478  6172  6652 I NamespaceManager: Package com.google.android.nfcservices name not found! Using module version.
06-26 03:28:43.478  6172  6652 I NamespaceManager: Package com.google.android.webapp name not found! Using module version.
06-26 03:28:43.478  6172  6652 I NamespaceManager: Package com.google.android.telephonycore name not found! Using module version.
06-26 03:28:43.478  1055  1055 D CarrierSvcBindHelper: onPackageRemoved: dev.mobile.maestro
06-26 03:28:43.479  6172  6652 I NamespaceManager: Package com.google.android.uprobestats name not found! Using module version.
06-26 03:28:43.479  6172  6652 W PhenotypeConfigurationU: Update for unknown DeviceConfig package com.google.lighter.android#com.google.android.gms [CONTEXT service_id=204 ]
06-26 03:28:43.479  6172  6652 W PhenotypeConfigurationU: bwix: No package exists for config package: com.google.lighter.android#com.google.android.gms
06-26 03:28:43.479  6172  6652 W PhenotypeConfigurationU: 	at com.google.android.gms.platformconfigurator.PhenotypeConfigurationUpdateListener.b(:com.google.android.gms@231818047@23.18.18 (190800-535401451):6)
06-26 03:28:43.479  6172  6652 W PhenotypeConfigurationU: 	at com.google.android.gms.platformconfigurator.PhenotypeConfigurationUpdateListener.a(:com.google.android.gms@231818047@23.18.18 (190800-535401451):4)
06-26 03:28:43.479  6172  6652 W PhenotypeConfigurationU: 	at com.google.android.gms.platformconfigurator.PhenotypeConfigurationUpdateListener.onHandleIntent(:com.google.android.gms@231818047@23.18.18 (190800-535401451):21)
06-26 03:28:43.479  6172  6652 W PhenotypeConfigurationU: 	at com.google.android.chimera.IntentOperation.onHandleIntent(:com.google.android.gms@231818047@23.18.18 (190800-535401451):2)
06-26 03:28:43.479  6172  6652 W PhenotypeConfigurationU: 	at zhv.onHandleIntent(:com.google.android.gms@231818047@23.18.18 (190800-535401451):4)
06-26 03:28:43.479  6172  6652 W PhenotypeConfigurationU: 	at hjm.run(:com.google.android.gms@231818047@23.18.18 (190800-535401451):3)
06-26 03:28:43.479  6172  6652 W PhenotypeConfigurationU: 	at hjl.run(:com.google.android.gms@231818047@23.18.18 (190800-535401451):11)
06-26 03:28:43.479  6172  6652 W PhenotypeConfigurationU: 	at dfhf.run(:com.google.android.gms@231818047@23.18.18 (190800-535401451):2)
06-26 03:28:43.479  6172  6652 W PhenotypeConfigurationU: 	at java.util.concurrent.ThreadPoolExecutor.runWorker(ThreadPoolExecutor.java:1145)
06-26 03:28:43.479  6172  6652 W PhenotypeConfigurationU: 	at java.util.concurrent.ThreadPoolExecutor$Worker.run(ThreadPoolExecutor.java:644)
06-26 03:28:43.479  6172  6652 W PhenotypeConfigurationU: 	at java.lang.Thread.run(Thread.java:1012)
06-26 03:28:43.479  1055  1055 D CarrierSvcBindHelper: No carrier app for: 0
06-26 03:28:43.481  6172  6645 I NamespaceManager: Package com.android.refreshratecontrol name not found! Using module version.
06-26 03:28:43.481  6172  6645 I NamespaceManager: Package com.google.oslo name not found! Using module version.
06-26 03:28:43.481  6172  6645 I NamespaceManager: Package com.android.media name not found! Using module version.
06-26 03:28:43.481  6172  6645 I NamespaceManager: Package com.android.media.swcodec name not found! Using module version.
06-26 03:28:43.481  6172  6645 I NamespaceManager: Package com.android.neuralnetworks name not found! Using module version.
06-26 03:28:43.482  6172  6645 I NamespaceManager: Package com.android.media name not found! Using module version.
06-26 03:28:43.482  6172  6645 I NamespaceManager: Package 1 name not found! Using module version.
06-26 03:28:43.482  6172  6645 I NamespaceManager: Package rkpd name not found! Using module version.
06-26 03:28:43.482  6172  6645 I NamespaceManager: Package android.companion name not found! Using module version.
06-26 03:28:43.482  6172  6645 I NamespaceManager: Package com.google.android.aicore name not found! Using module version.
06-26 03:28:43.482  6172  6645 I NamespaceManager: Package com.google.android.audioproxy name not found! Using module version.
06-26 03:28:43.483  6172  6645 I NamespaceManager: Package com.google.android.apps.pixel.psi name not found! Using module version.
06-26 03:28:43.483  6172  6645 I NamespaceManager: Package com.google.android.apps.safetycore name not found! Using module version.
06-26 03:28:43.483  6172  6645 I NamespaceManager: Package com.google.android.crashrecovery name not found! Using module version.
06-26 03:28:43.484  6172  6645 I NamespaceManager: Package com.google.android.profiling name not found! Using module version.
06-26 03:28:43.484  6172  6645 I NamespaceManager: Package com.google.android.bt name not found! Using module version.
06-26 03:28:43.484  6172  6645 I NamespaceManager: Package com.google.android.nfcservices name not found! Using module version.
06-26 03:28:43.485  6172  6645 I NamespaceManager: Package com.google.android.webapp name not found! Using module version.
06-26 03:28:43.485  6172  6645 I NamespaceManager: Package com.google.android.telephonycore name not found! Using module version.
06-26 03:28:43.485  6172  6645 I NamespaceManager: Package com.google.android.uprobestats name not found! Using module version.
06-26 03:28:43.486  6172  6645 W PhenotypeConfigurationU: Update for unknown DeviceConfig package com.google.android.westworld [CONTEXT service_id=204 ]
06-26 03:28:43.486  6172  6645 W PhenotypeConfigurationU: bwix: No package exists for config package: com.google.android.westworld
06-26 03:28:43.486  6172  6645 W PhenotypeConfigurationU: 	at com.google.android.gms.platformconfigurator.PhenotypeConfigurationUpdateListener.b(:com.google.android.gms@231818047@23.18.18 (190800-535401451):6)
06-26 03:28:43.486  6172  6645 W PhenotypeConfigurationU: 	at com.google.android.gms.platformconfigurator.PhenotypeConfigurationUpdateListener.a(:com.google.android.gms@231818047@23.18.18 (190800-535401451):4)
06-26 03:28:43.486  6172  6645 W PhenotypeConfigurationU: 	at com.google.android.gms.platformconfigurator.PhenotypeConfigurationUpdateListener.onHandleIntent(:com.google.android.gms@231818047@23.18.18 (190800-535401451):21)
06-26 03:28:43.486  6172  6645 W PhenotypeConfigurationU: 	at com.google.android.chimera.IntentOperation.onHandleIntent(:com.google.android.gms@231818047@23.18.18 (190800-535401451):2)
06-26 03:28:43.486  6172  6645 W PhenotypeConfigurationU: 	at zhv.onHandleIntent(:com.google.android.gms@231818047@23.18.18 (190800-535401451):4)
06-26 03:28:43.486  6172  6645 W PhenotypeConfigurationU: 	at hjm.run(:com.google.android.gms@231818047@23.18.18 (190800-535401451):3)
06-26 03:28:43.486  6172  6645 W PhenotypeConfigurationU: 	at hjl.run(:com.google.android.gms@231818047@23.18.18 (190800-535401451):11)
06-26 03:28:43.486  6172  6645 W PhenotypeConfigurationU: 	at dfhf.run(:com.google.android.gms@231818047@23.18.18 (190800-535401451):2)
06-26 03:28:43.486  6172  6645 W PhenotypeConfigurationU: 	at java.util.concurrent.ThreadPoolExecutor.runWorker(ThreadPoolExecutor.java:1145)
06-26 03:28:43.486  6172  6645 W PhenotypeConfigurationU: 	at java.util.concurrent.ThreadPoolExecutor$Worker.run(ThreadPoolExecutor.java:644)
06-26 03:28:43.486  6172  6645 W PhenotypeConfigurationU: 	at java.lang.Thread.run(Thread.java:1012)
06-26 03:28:43.487   521   637 V StorageManagerService: Package dev.mobile.maestro does not have legacy storage
06-26 03:28:43.500  4233  4233 V MediaPlayerList: mPackageChangedBroadcastReceiver: action: android.intent.action.PACKAGE_REMOVED
06-26 03:28:43.500   521   762 D WifiConfigStore: Writing to stores completed in 9 ms.
06-26 03:28:43.501  4233  4233 V MediaPlayerList: mPackageChangedBroadcastReceiver: action: android.intent.action.PACKAGE_REMOVED
06-26 03:28:43.503   521   627 I InputReader: Reconfiguring input devices, changes=KEYBOARD_LAYOUTS
06-26 03:28:43.506   521   521 D ActivityManager: sync unfroze 3549 com.android.dynsystem:dynsystem for 10
06-26 03:28:43.506   521   521 D ActivityManager: sync unfroze 3517 com.android.dynsystem for 10
06-26 03:28:43.507   521   762 I PasspointManager: No app ops listener found for dev.mobile.maestro
06-26 03:28:43.511   521   521 D ActivityManager: sync unfroze 2224 com.android.localtransport for 10
06-26 03:28:43.515   521   521 D ActivityManager: sync unfroze 1800 com.android.keychain for 10
06-26 03:28:43.520   840   885 D StylusManager: Stylus InputDevice changed: 12 virtio_input_multi_touch_9
06-26 03:28:43.521   840   885 D StylusManager: Stylus InputDevice changed: 14 virtio_input_multi_touch_11
06-26 03:28:43.521   840   885 D StylusManager: Stylus InputDevice changed: 13 virtio_input_multi_touch_10
06-26 03:28:43.522   840   885 D StylusManager: Stylus InputDevice changed: 10 virtio_input_multi_touch_7
06-26 03:28:43.522   840   885 D StylusManager: Stylus InputDevice changed: 6 virtio_input_multi_touch_3
06-26 03:28:43.523   521   551 I ActivityManager: Force stopping dev.mobile.maestro.test appid=10194 user=-1: deletePackageX
06-26 03:28:43.524   521   551 E libprocessgroup: No such cgroup attribute: /sys/fs/cgroup/uid_4294877490/cgroup.freeze
06-26 03:28:43.524   521   551 W libprocessgroup: Failed to apply Frozen process profile: No such file or directory
06-26 03:28:43.531   521   551 E libprocessgroup: No such cgroup attribute: /sys/fs/cgroup/uid_4294877490/cgroup.freeze
06-26 03:28:43.531   521   551 W libprocessgroup: Failed to apply Unfrozen process profile: No such file or directory
06-26 03:28:43.533   521   608 I RollbackManager: broadcast=ACTION_PACKAGE_FULLY_REMOVED pkg=dev.mobile.maestro
06-26 03:28:43.533   521   762 W WifiService: Couldn't get PackageInfo for package:dev.mobile.maestro
06-26 03:28:43.533   521   762 D WifiService: Remove settings for package:dev.mobile.maestro
06-26 03:28:43.533   521   762 D WifiConfigManager: Remove all networks for app ApplicationInfo{87608c dev.mobile.maestro}
06-26 03:28:43.545   521   762 D WifiConfigStore: Writing to stores completed in 12 ms.
06-26 03:28:43.545   521   762 I PasspointManager: No app ops listener found for dev.mobile.maestro
06-26 03:28:43.558   521   521 I Telecom : CarModeTracker: Package dev.mobile.maestro is not tracked.: SSH.oR@ASU🔒
06-26 03:28:43.561   521   521 I Telecom : InCallController: updateCarModeForConnections: car mode apps: : SSH.oR@ASU🔒
06-26 03:28:43.563   521   521 I Telecom : InCallController: update carmode current:UserHandle{0} parent:null: SSH.oR@ASU🔒
06-26 03:28:43.572   521   551 D ActivityManager: sync unfroze 2439 com.google.android.documentsui for 3
06-26 03:28:43.573   521   551 D ActivityManager: sync unfroze 2595 com.android.chrome for 3
06-26 03:28:43.573   521   614 I RoleService: Granting default roles...
06-26 03:28:43.585   521   521 I ConditionProviders: Disallowing condition provider dev.mobile.maestro (userSet: true)
