06-23 15:46:22.843  1723  2376 W SearchServiceCore: Abort, client detached.
06-23 15:46:22.849   838   907 D StylusManager: Stylus InputDevice changed: 6 virtio_input_multi_touch_3
06-23 15:46:22.851   838   907 D StylusManager: Stylus InputDevice changed: 10 virtio_input_multi_touch_7
06-23 15:46:22.852   838   907 D StylusManager: Stylus InputDevice changed: 8 virtio_input_multi_touch_5
06-23 15:46:22.852   838   907 D StylusManager: Stylus InputDevice changed: 9 virtio_input_multi_touch_6
06-23 15:46:22.866   838   907 D StylusManager: Stylus InputDevice changed: 4 virtio_input_multi_touch_1
06-23 15:46:22.872   838   907 D StylusManager: Stylus InputDevice changed: 7 virtio_input_multi_touch_4
06-23 15:46:22.892   523   549 W WindowMagnificationMgr: requestConnection duplicated request: connect=false, mConnectionState=DISCONNECTED
06-23 15:46:22.909  1106  1106 D Launcher.Model: package removed received dev.mobile.maestro.test
06-23 15:46:22.909  1106  1140 D PackageUpdatedTask: Removing app icondev.mobile.maestro.test
06-23 15:46:22.909  1626  1626 I AiAiEcho: AppFetcherImplV2 onPackageRemoved dev.mobile.maestro.test.
06-23 15:46:22.912  1106  1140 D ModelWriter: removing items from db . Reason: [removed because the corresponding package or component is removed. mOp=3 removedPackages=[dev.mobile.maestro.test] removedComponents=[]]
06-23 15:46:22.916  1626  1948 I AiAiEcho: EchoSearch: WidgetFetcherImpl is initialized with [28] widgets [reason=package removed for userId: 0]
06-23 15:46:22.928  1626  1899 I AiAiEcho: [pnb-agg] Reload pnb aggregation on events deleted
06-23 15:46:22.928  1626  1899 I AiAiEcho: [pnb-agg] pnb aggregation disabled.
06-23 15:46:22.979  1568  1682 W AppInfoHelper: <DWB> Application not found: dev.mobile.maestro.test
06-23 15:46:22.979  1568  1682 W AppInfoHelper: android.content.pm.PackageManager$NameNotFoundException: dev.mobile.maestro.test
06-23 15:46:22.979  1568  1682 W AppInfoHelper: 	at android.app.ApplicationPackageManager.getApplicationInfoAsUser(ApplicationPackageManager.java:507)
06-23 15:46:22.979  1568  1682 W AppInfoHelper: 	at android.app.ApplicationPackageManager.getApplicationInfo(ApplicationPackageManager.java:490)
06-23 15:46:22.979  1568  1682 W AppInfoHelper: 	at android.app.ApplicationPackageManager.getApplicationInfo(ApplicationPackageManager.java:484)
06-23 15:46:22.979  1568  1682 W AppInfoHelper: 	at czo.e(PG:2)
06-23 15:46:22.979  1568  1682 W AppInfoHelper: 	at czo.f(PG:7)
06-23 15:46:22.979  1568  1682 W AppInfoHelper: 	at crm.f(PG:14)
06-23 15:46:22.979  1568  1682 W AppInfoHelper: 	at cdm.apply(PG:74)
06-23 15:46:22.979  1568  1682 W AppInfoHelper: 	at j$.util.stream.i.accept(SourceFile:27)
06-23 15:46:22.979  1568  1682 W AppInfoHelper: 	at j$.util.stream.P0.accept(SourceFile:3)
06-23 15:46:22.979  1568  1682 W AppInfoHelper: 	at j$.util.a.forEachRemaining(SourceFile:20)
06-23 15:46:22.979  1568  1682 W AppInfoHelper: 	at j$.util.stream.c.v(SourceFile:21)
06-23 15:46:22.979  1568  1682 W AppInfoHelper: 	at j$.util.stream.c.C(SourceFile:8)
06-23 15:46:22.979  1568  1682 W AppInfoHelper: 	at j$.util.stream.I0.e(SourceFile:1)
06-23 15:46:22.979  1568  1682 W AppInfoHelper: 	at j$.util.stream.c.F(SourceFile:35)
06-23 15:46:22.979  1568  1682 W AppInfoHelper: 	at j$.util.stream.g1.collect(SourceFile:83)
06-23 15:46:22.979  1568  1682 W AppInfoHelper: 	at bsv.a(PG:14)
06-23 15:46:22.979  1568  1682 W AppInfoHelper: 	at jza.a(PG:30)
06-23 15:46:22.979  1568  1682 W AppInfoHelper: 	at jza.a(PG:42)
06-23 15:46:22.979  1568  1682 W AppInfoHelper: 	at lne.a(PG:1)
06-23 15:46:22.979  1568  1682 W AppInfoHelper: 	at lmk.run(PG:4)
06-23 15:46:22.979  1568  1682 W AppInfoHelper: 	at lng.run(PG:1)
06-23 15:46:22.979  1568  1682 W AppInfoHelper: 	at llo.run(PG:3)
06-23 15:46:22.979  1568  1682 W AppInfoHelper: 	at idn.run(PG:5)
06-23 15:46:22.979  1568  1682 W AppInfoHelper: 	at java.util.concurrent.ThreadPoolExecutor.runWorker(ThreadPoolExecutor.java:1145)
06-23 15:46:22.979  1568  1682 W AppInfoHelper: 	at java.util.concurrent.ThreadPoolExecutor$Worker.run(ThreadPoolExecutor.java:644)
06-23 15:46:22.979  1568  1682 W AppInfoHelper: 	at huo.run(PG:51)
06-23 15:46:22.979  1568  1682 W AppInfoHelper: 	at java.lang.Thread.run(Thread.java:1012)
06-23 15:46:22.979  1568  1682 W AppInfoHelper: 	at idx.run(PG:5)
06-23 15:46:23.044   838   838 D TileServices: Couldn't find tile for ComponentInfo{com.google.android.apps.wellbeing/com.google.android.apps.wellbeing.focusmode.quicksettings.FocusModeTileService}(0)
06-23 15:46:23.074   838   838 D TileServices: Couldn't find tile for ComponentInfo{com.google.android.apps.wellbeing/com.google.android.apps.wellbeing.focusmode.quicksettings.FocusModeTileService}(0)
06-23 15:46:23.143  6993  6993 W BpBinder: Linking to death on android.gui.ISurfaceComposer but there are no threads (yet?) listening to incoming transactions. See ProcessState::startThreadPool and ProcessState::setThreadPoolMaxThreadCount. Generally you should setup the binder threadpool before other initialization steps.
06-23 15:46:23.143  6993  6993 W ProcessState: Extra binder thread started, but 0 threads requested. Do not use *startThreadPool when zero threads are requested.
06-23 15:46:23.149   135   135 I hwservicemanager: getTransport: Cannot find entry android.hardware.graphics.mapper@4.0::IMapper/default in either framework or device VINTF manifest.
06-23 15:46:23.150  6993  6994 I Gralloc4: mapper 4.x is not supported
06-23 15:46:23.338     0     0 I servicemanager: Could not find android.hardware.graphics.allocator.IAllocator/default in the VINTF manifest.
06-23 15:46:23.184  6776  6795 D EGL_emulation: app_time_stats: avg=500.50ms min=499.99ms max=501.02ms count=2
06-23 15:46:23.286  6995  6995 D AndroidRuntime: >>>>>> START com.android.internal.os.RuntimeInit uid 2000 <<<<<<
06-23 15:46:23.290  6995  6995 I AndroidRuntime: Using default boot image
06-23 15:46:23.290  6995  6995 I AndroidRuntime: Leaving lock profiling enabled
06-23 15:46:23.292  6995  6995 I app_process: Core platform API reporting enabled, enforcing=false
06-23 15:46:23.292  6995  6995 I app_process: Using CollectorTypeCC GC.
06-23 15:46:23.356   523   615 I RoleService: Granting default roles...
06-23 15:46:23.363   842  6935 E RoleControllerServiceImpl: Default/fallback role holder package doesn't qualify for the role, package: com.google.android.gms.supervision, role: android.app.role.SYSTEM_SUPERVISION
06-23 15:46:23.364   842  6935 I Role    : com.google.android.gms not qualified for android.app.role.SYSTEM_CALL_STREAMING due to missing RequiredComponent{mIntentFilterData=IntentFilterData{mAction='android.telecom.CallStreamingService', mCategories='[]', mDataScheme='null', mDataType='null'}, mMinTargetSdkVersion=1, mFlags='0', mPermission='android.permission.BIND_CALL_STREAMING_SERVICE', mQueryFlags=0, mMetaData=[]}
06-23 15:46:23.364   842  6935 E RoleControllerServiceImpl: Default/fallback role holder package doesn't qualify for the role, package: com.google.android.gms, role: android.app.role.SYSTEM_CALL_STREAMING
06-23 15:46:23.365   842  6935 W Role    : Default holder doesn't have required signing certificate: com.google.android.apps.work.clouddpc:23962F4B43B9857638EA66F4D419518EAE282491ACDA4B94707BD59003C45E58
06-23 15:46:23.393  6995  6995 D nativeloader: InitDefaultPublicLibraries for_preload=1: libandroid.so:libaaudio.so:libamidi.so:libbinder_ndk.so:libc.so:libcamera2ndk.so:libdl.so:libEGL.so:libGLESv1_CM.so:libGLESv2.so:libGLESv3.so:libicu.so:libicui18n.so:libicuuc.so:libjnigraphics.so:liblog.so:libmediandk.so:libm.so:libnativehelper.so:libnativewindow.so:libOpenMAXAL.so:libOpenSLES.so:libRS.so:libstdc++.so:libsync.so:libvulkan.so:libwebviewchromium_plat_support.so:libz.so
06-23 15:46:23.402  6995  6995 D app_process: Time zone APEX ICU file found: /apex/com.android.tzdata/etc/icu/icu_tzdata.dat
06-23 15:46:23.402  6995  6995 D app_process: I18n APEX ICU file found: /apex/com.android.i18n/etc/icu/icudt72l.dat
06-23 15:46:23.407  6995  6995 W app_process: Unexpected CPU variant for x86: x86_64.
06-23 15:46:23.407  6995  6995 W app_process: Known variants: atom, sandybridge, silvermont, goldmont, goldmont-plus, tremont, kabylake, default
06-23 15:46:23.409  6995  6995 W app_process: ClassLoaderContext shared library size mismatch. Expected=2, found=0 (PCL[]{PCL[/system/framework/android.test.base.jar*836642756]#PCL[/system/framework/android.test.mock.jar*3186112116]} | PCL[])
06-23 15:46:23.411  6995  6995 W app_process: ClassLoaderContext classpath size mismatch. expected=0, found=1 (PCL[]{PCL[/system/framework/android.test.runner.jar*4168958247]{PCL[/system/framework/android.test.base.jar*836642756]#PCL[/system/framework/android.test.mock.jar*3186112116]}#PCL[/system/framework/android.test.base.jar*836642756]} | PCL[/system/framework/android.test.runner.jar*4168958247])
06-23 15:46:23.418  6995  6995 W main    : type=1400 audit(0.0:71): avc:  denied  { read } for  name="u:object_r:build_attestation_prop:s0" dev="tmpfs" ino=86 scontext=u:r:shell:s0 tcontext=u:object_r:build_attestation_prop:s0 tclass=file permissive=0
06-23 15:46:23.427  6995  6995 W libc    : Access denied finding property "ro.product.name_for_attestation"
06-23 15:46:23.431  6995  6995 W libc    : Access denied finding property "ro.product.brand_for_attestation"
06-23 15:46:23.432  6995  6995 W libc    : Access denied finding property "ro.product.model_for_attestation"
06-23 15:46:23.433  6995  6995 D AndroidRuntime: Calling main entry com.android.commands.uiautomator.Launcher
06-23 15:46:23.426  6995  6995 W main    : type=1400 audit(0.0:72): avc:  denied  { read } for  name="u:object_r:build_attestation_prop:s0" dev="tmpfs" ino=86 scontext=u:r:shell:s0 tcontext=u:object_r:build_attestation_prop:s0 tclass=file permissive=0
06-23 15:46:23.430  6995  6995 W main    : type=1400 audit(0.0:73): avc:  denied  { read } for  name="u:object_r:build_attestation_prop:s0" dev="tmpfs" ino=86 scontext=u:r:shell:s0 tcontext=u:object_r:build_attestation_prop:s0 tclass=file permissive=0
06-23 15:46:23.439  6995  6995 D UiAutomationConnection: Created on user UserHandle{0}
06-23 15:46:23.439  6995  6995 I UiAutomation: Initialized for user 0 on display 0
06-23 15:46:23.439  6995  6995 W UiAutomation: Created with deprecatead constructor, assumes DEFAULT_DISPLAY
06-23 15:46:23.440   523  2463 D AccessibilityManagerService: changeCurrentUserForTestAutomationIfNeededLocked(0): ignoring because device doesn't support visible background users
06-23 15:46:23.440   523  2463 I UiAutomationManager: Registering UiTestAutomationService (id=com.android.server.accessibility/UiAutomation) when called by user 0
06-23 15:46:23.442   523  2463 W WindowMagnificationMgr: requestConnection duplicated request: connect=false, mConnectionState=DISCONNECTED
06-23 15:46:23.443   523   523 D BatterySaverPolicy: accessibility changed to true, updating policy.
06-23 15:46:23.444  1626  1653 I AiAiEcho: Settings changed for uri: content://settings/secure/accessibility_enabled
06-23 15:46:23.445  1626  1899 I AiAiEcho: Predicting[0]: 
06-23 15:46:23.445  1626  1899 I AiAiEcho: EchoTargets: 
06-23 15:46:23.445  1626  1899 I AiAiEcho: Filtered by AiAi flag check: 
06-23 15:46:23.445  1626  1899 I AiAiEcho: Ranked targets strategy: SORT, count: 0, ranking metadata: 
06-23 15:46:23.445  1626  1899 I AiAiEcho: Predicting[0]: 
06-23 15:46:23.445  1626  1899 I AiAiEcho: EchoTargets: 
06-23 15:46:23.445  1626  1899 I AiAiEcho: Filtered by AiAi flag check: 
06-23 15:46:23.445  1626  1899 I AiAiEcho: Ranked targets strategy: SORT, count: 0, ranking metadata: 
06-23 15:46:23.446  1723  2326 I A       : NGA disabled since it's running Panthera and at least one a11y feature is on.
06-23 15:46:23.446  1723  2326 I A       : Nga state changed to NgaStateDetails{state=DISABLED, isSpecialExperience=false}
06-23 15:46:23.455  1639  2012 I A       : Unsubscribed to apa or classic variant change.
06-23 15:46:23.456  6995  7009 V UiAutomation: Init UiAutomation@692e17e[id=5, displayId=0, flags=0]
06-23 15:46:23.456  1639  4810 I A       : APA or Classic session decision: SessionDecision(sessionVariance=CLASSIC, platformVariance=CLASSIC, justification=CURRENT_PLATFORM_VARIANCE).
06-23 15:46:23.457  1639  4810 I A       : [Memory] eligibility: StashEligibility{4}
06-23 15:46:23.457  1626  1899 I AiAiEcho: #postPredictionTargets: Sending updates to UISurface lockscreen with targets# 0 (types=[])
06-23 15:46:23.457  1626  1899 I AiAiEcho: #postPredictionTargets: Sending updates to UISurface home with targets# 0 (types=[])
06-23 15:46:23.458   838   838 W PageIndicator: Total number of pages invalid: 0. Assuming 1 page.
06-23 15:46:23.458   523  2463 W WindowMagnificationMgr: requestConnection duplicated request: connect=false, mConnectionState=DISCONNECTED
06-23 15:46:23.460  1626  1653 I AiAiEcho: Settings changed for uri: content://settings/secure/accessibility_enabled
06-23 15:46:23.461  1626  1899 I AiAiEcho: Predicting[0]: 
06-23 15:46:23.461  1626  1899 I AiAiEcho: EchoTargets: 
06-23 15:46:23.461  1626  1899 I AiAiEcho: Filtered by AiAi flag check: 
06-23 15:46:23.462  1626  1899 I AiAiEcho: Ranked targets strategy: SORT, count: 0, ranking metadata: 
06-23 15:46:23.462  1626  1899 I AiAiEcho: Predicting[0]: 
06-23 15:46:23.462   523  2463 D SafetySourceDataValidator: No cert check requested for package com.google.android.permissioncontroller
06-23 15:46:23.462  1626  1899 I AiAiEcho: EchoTargets: 
06-23 15:46:23.462  1626  1899 I AiAiEcho: Filtered by AiAi flag check: 
06-23 15:46:23.463  1626  1899 I AiAiEcho: Ranked targets strategy: SORT, count: 0, ranking metadata: 
06-23 15:46:23.463  1626  1899 I AiAiEcho: #postPredictionTargets: Sending updates to UISurface lockscreen with targets# 0 (types=[])
06-23 15:46:23.464   838   838 W PageIndicator: Total number of pages invalid: 0. Assuming 1 page.
06-23 15:46:23.467  1626  1899 I AiAiEcho: #postPredictionTargets: Sending updates to UISurface home with targets# 0 (types=[])
06-23 15:46:24.021  6915  6917 I AidlLazyServiceRegistrar: Process has 0 (of 1 available) client(s) in use after notification artd has clients: 0
06-23 15:46:24.021  6915  6917 I AidlLazyServiceRegistrar: Trying to shut down the service. No clients in use for any service in process.
06-23 15:46:24.210     0     0 I servicemanager: Notifying artd they don't (previously: do) have clients when we now have no record of a client
06-23 15:46:24.024  6915  6917 I AidlLazyServiceRegistrar: Unregistered all clients and exiting
06-23 15:46:24.213     0     0 I servicemanager: Unregistering artd
06-23 15:46:24.213     0     0 I BpBinder: onLastStrongRef automatically unlinking death recipients:
06-23 15:46:24.216     0     0 I init    : Service 'artd' (pid 6915) exited with status 0 oneshot service took 1.829000 seconds in background
06-23 15:46:24.218     0     0 I init    : Sending signal 9 to service 'artd' (pid 6915) process group...
06-23 15:46:24.219     0     0 I libprocessgroup: Successfully killed process cgroup uid 1082 pid 6915 in 0ms
06-23 15:46:24.449  6995  6995 I AccessibilityNodeInfoDumper: Skipping invisible child: android.view.accessibility.AccessibilityNodeInfo@12899; boundsInParent: Rect(0, 0 - 320, 0); boundsInScreen: Rect(0, 0 - 320, 0); boundsInWindow: Rect(0, 0 - 320, 0); packageName: com.hanapkalinga.mobile; className: android.widget.LinearLayout; text: null; error: null; maxTextLength: -1; stateDescription: null; contentDescription: null; tooltipText: null; containerTitle: null; viewIdResName: null; uniqueId: null; checkable: false; checked: false; focusable: false; focused: false; selected: false; clickable: false; longClickable: false; contextClickable: false; enabled: true; password: false; scrollable: false; importantForAccessibility: false; visible: false; actions: [AccessibilityAction: ACTION_SELECT - null, AccessibilityAction: ACTION_CLEAR_SELECTION - null, AccessibilityAction: ACTION_ACCESSIBILITY_FOCUS - null, AccessibilityAction: ACTION_SHOW_ON_SCREEN - null]; isTextSelectable: false
06-23 15:46:24.449  6995  6995 I AccessibilityNodeInfoDumper: Skipping invisible child: android.view.accessibility.AccessibilityNodeInfo@124d8; boundsInParent: Rect(0, 0 - 320, 0); boundsInScreen: Rect(0, 0 - 320, 0); boundsInWindow: Rect(0, 0 - 320, 0); packageName: com.hanapkalinga.mobile; className: android.view.ViewGroup; text: null; error: null; maxTextLength: -1; stateDescription: null; contentDescription: null; tooltipText: null; containerTitle: null; viewIdResName: null; uniqueId: null; checkable: false; checked: false; focusable: false; focused: false; selected: false; clickable: false; longClickable: false; contextClickable: false; enabled: true; password: false; scrollable: false; importantForAccessibility: false; visible: false; actions: [AccessibilityAction: ACTION_SELECT - null, AccessibilityAction: ACTION_CLEAR_SELECTION - null, AccessibilityAction: ACTION_ACCESSIBILITY_FOCUS - null, AccessibilityAction: ACTION_SHOW_ON_SCREEN - null]; isTextSelectable: false
06-23 15:46:24.449  6995  6995 I AccessibilityNodeInfoDumper: Skipping invisible child: android.view.accessibility.AccessibilityNodeInfo@191b5; boundsInParent: Rect(0, 0 - 320, 0); boundsInScreen: Rect(0, 0 - 320, 0); boundsInWindow: Rect(0, 0 - 320, 0); packageName: com.hanapkalinga.mobile; className: android.widget.LinearLayout; text: null; error: null; maxTextLength: -1; stateDescription: null; contentDescription: null; tooltipText: null; containerTitle: null; viewIdResName: null; uniqueId: null; checkable: false; checked: false; focusable: false; focused: false; selected: false; clickable: false; longClickable: false; contextClickable: false; enabled: true; password: false; scrollable: false; importantForAccessibility: false; visible: false; actions: [AccessibilityAction: ACTION_SELECT - null, AccessibilityAction: ACTION_CLEAR_SELECTION - null, AccessibilityAction: ACTION_ACCESSIBILITY_FOCUS - null, AccessibilityAction: ACTION_SHOW_ON_SCREEN - null]; isTextSelectable: false
06-23 15:46:24.449  6995  6995 I AccessibilityNodeInfoDumper: Skipping invisible child: android.view.accessibility.AccessibilityNodeInfo@18df4; boundsInParent: Rect(0, 0 - 320, 0); boundsInScreen: Rect(0, 0 - 320, 0); boundsInWindow: Rect(0, 0 - 320, 0); packageName: com.hanapkalinga.mobile; className: android.view.ViewGroup; text: null; error: null; maxTextLength: -1; stateDescription: null; contentDescription: null; tooltipText: null; containerTitle: null; viewIdResName: null; uniqueId: null; checkable: false; checked: false; focusable: false; focused: false; selected: false; clickable: false; longClickable: false; contextClickable: false; enabled: true; password: false; scrollable: false; importantForAccessibility: false; visible: false; actions: [AccessibilityAction: ACTION_SELECT - null, AccessibilityAction: ACTION_CLEAR_SELECTION - null, AccessibilityAction: ACTION_ACCESSIBILITY_FOCUS - null, AccessibilityAction: ACTION_SHOW_ON_SCREEN - null]; isTextSelectable: false
06-23 15:46:24.456  6995  6995 W AccessibilityNodeInfoDumper: Fetch time: 10ms
06-23 15:46:24.457  1626  1653 I AiAiEcho: Settings changed for uri: content://settings/secure/accessibility_enabled
06-23 15:46:24.458   523   601 W WindowMagnificationMgr: requestConnection duplicated request: connect=false, mConnectionState=DISCONNECTED
06-23 15:46:24.458   523   601 D AccessibilityManagerService: restoreCurrentUserForTestAutomationIfNeededLocked(): ignoring because device doesn't support visible background users
06-23 15:46:24.458  1626  1899 I AiAiEcho: Predicting[0]: 
06-23 15:46:24.458  1626  1899 I AiAiEcho: EchoTargets: 
06-23 15:46:24.458  1626  1899 I AiAiEcho: Filtered by AiAi flag check: 
06-23 15:46:24.458  1626  1899 I AiAiEcho: Ranked targets strategy: SORT, count: 0, ranking metadata: 
06-23 15:46:24.458  1626  1899 I AiAiEcho: Predicting[0]: 
06-23 15:46:24.458  1626  1899 I AiAiEcho: EchoTargets: 
06-23 15:46:24.458  1626  1899 I AiAiEcho: Filtered by AiAi flag check: 
06-23 15:46:24.459  1626  1899 I AiAiEcho: Ranked targets strategy: SORT, count: 0, ranking metadata: 
06-23 15:46:24.459  1626  1899 I AiAiEcho: #postPredictionTargets: Sending updates to UISurface lockscreen with targets# 0 (types=[])
06-23 15:46:24.459   838   838 W PageIndicator: Total number of pages invalid: 0. Assuming 1 page.
06-23 15:46:24.460  1626  1899 I AiAiEcho: #postPredictionTargets: Sending updates to UISurface home with targets# 0 (types=[])
06-23 15:46:24.461  6995  6995 D AndroidRuntime: Shutting down VM
06-23 15:46:24.461  1723  2333 I A       : NGA enabled in interactor.
06-23 15:46:24.461  1723  2333 I A       : Nga state changed to NgaStateDetails{state=ENABLED, isSpecialExperience=false}
06-23 15:46:24.463  1639  6087 I A       : Initializing all components
06-23 15:46:24.463  1639  6087 I A       : APA or Classic session decision: SessionDecision(sessionVariance=CLASSIC, platformVariance=CLASSIC, justification=CURRENT_PLATFORM_VARIANCE).
06-23 15:46:24.463  1639  6087 I A       : [Memory] eligibility: StashEligibility{6}
06-23 15:46:24.470  1639  2012 I A       : onIsEnabledChanged, isEnabled: false
06-23 15:46:24.471  1639  2012 W A       : Disposing empty manager. Did you forgot to subscribe observables?
06-23 15:46:24.471  1639  2012 W A       : Disposing empty manager. Did you forgot to subscribe observables?
06-23 15:46:24.471  1639  2012 W A       : Disposing empty manager. Did you forgot to subscribe observables?
06-23 15:46:24.471  1639  2012 W A       : Disposing empty manager. Did you forgot to subscribe observables?
06-23 15:46:24.471  1639  2012 W A       : Disposing empty manager. Did you forgot to subscribe observables?
06-23 15:46:24.471  1639  2012 W A       : Disposing empty manager. Did you forgot to subscribe observables?
06-23 15:46:24.471  1639  2012 W A       : Disposing empty manager. Did you forgot to subscribe observables?
06-23 15:46:24.471  1639  2012 W A       : Disposing empty manager. Did you forgot to subscribe observables?
06-23 15:46:24.471  1639  2012 W A       : Disposing empty manager. Did you forgot to subscribe observables?
06-23 15:46:24.471  1639  2012 W A       : Disposing empty manager. Did you forgot to subscribe observables?
06-23 15:46:24.471  1639  2012 I A       : onOpaVisibilityChanged: false
06-23 15:46:24.471  1639  2012 W A       : Disposing empty manager. Did you forgot to subscribe observables?
06-23 15:46:24.471  1639  2012 W A       : Disposing empty manager. Did you forgot to subscribe observables?
06-23 15:46:24.471  1639  2012 W A       : Disposing empty manager. Did you forgot to subscribe observables?
06-23 15:46:24.471  1639  2012 W A       : Disposing empty manager. Did you forgot to subscribe observables?
06-23 15:46:24.471  1639  2012 W A       : Disposing empty manager. Did you forgot to subscribe observables?
06-23 15:46:24.472  1639  2012 W A       : Disposing empty manager. Did you forgot to subscribe observables?
06-23 15:46:24.472  1639  2012 I A       : Setting session to type: NO_SESSION
06-23 15:46:24.472  1639  2012 W A       : Disposing empty manager. Did you forgot to subscribe observables?
06-23 15:46:24.472  1639  2012 W A       : Disposing empty manager. Did you forgot to subscribe observables?
06-23 15:46:24.472  1639  2012 W A       : Disposing empty manager. Did you forgot to subscribe observables?
06-23 15:46:24.472  1639  2012 W A       : Disposing empty manager. Did you forgot to subscribe observables?
06-23 15:46:24.472  1639  2012 W A       : Disposing empty manager. Did you forgot to subscribe observables?
06-23 15:46:24.472  1639  2012 W A       : Disposing empty manager. Did you forgot to subscribe observables?
06-23 15:46:24.472  1639  2012 W A       : Disposing empty manager. Did you forgot to subscribe observables?
06-23 15:46:24.472  1639  2012 W A       : Disposing empty manager. Did you forgot to subscribe observables?
06-23 15:46:24.472  1639  2012 I A       : setNavBarVisible: GestureNavBarVisible{navbarVisible=true}
06-23 15:46:24.473  1639  2012 W A       : Disposing empty manager. Did you forgot to subscribe observables?
06-23 15:46:24.473  1639  2012 W A       : Disposing empty manager. Did you forgot to subscribe observables?
06-23 15:46:24.473  1639  2012 W A       : Disposing empty manager. Did you forgot to subscribe observables?
06-23 15:46:24.473  1639  2012 W A       : Disposing empty manager. Did you forgot to subscribe observables?
06-23 15:46:24.473  1639  2012 W A       : Disposing empty manager. Did you forgot to subscribe observables?
06-23 15:46:24.473  1639  2012 W A       : Disposing empty manager. Did you forgot to subscribe observables?
06-23 15:46:24.473  1639  2012 I A       : onDisabled. Registered: false
06-23 15:46:24.476   523   523 D BatterySaverPolicy: accessibility changed to false, updating policy.
06-23 15:46:24.475  1639  2012 I A       : on opa visibility changed false
06-23 15:46:24.477  1639  2013 I A       : Initialize
06-23 15:46:24.477  1639  2012 I A       : on opa visibility changed false
06-23 15:46:24.477  1639  2012 I A       : stopListening(NGA_PAUSED_UNKNOWN_REASON, NGA_CREATE), idleOverride=NOT_LISTENING
06-23 15:46:24.478  1639  2012 I A       : State changed: IDLE => IDLE by NGA_STATE_CHANGED and N/A with Optional.empty
06-23 15:46:24.478  1639  2012 I A       : Recognizer choice: (recognizer_type: 1, recognizer_mode: 1, choice_reason: 4)
06-23 15:46:24.478  1639  2012 I A       : onActiveStateChangeEvent: IDLE => IDLE
06-23 15:46:24.478  1639  2012 I A       : #onActiveStateChangeEvent, newState: IDLE, previousState: IDLE.
06-23 15:46:24.479  1639  2013 I NgaEntryPointEventSendr: setupConnection
06-23 15:46:24.484  1723  1723 I A       : Creating pss binder().
06-23 15:46:24.485  1639  2013 I NgaEntryPointEventSendr: State changed: Disconnected => Connecting
06-23 15:46:24.486  1639  2013 I NgaEntryPointEventSendr: onServiceConnected
06-23 15:46:24.486  1639  2012 I A       : Successfully initialized all components
06-23 15:46:24.487  1723  5380 I A       : Calling beginBinderSession().
06-23 15:46:24.487  1723  5380 I A       : beginBinderSession(): calling binder
06-23 15:46:24.487  1639  2013 I NgaEntryPointEventSendr: State changed: Connecting => Ready
06-23 15:46:24.490   523   601 W ActivityManager: Unable to start service Intent { cmp=com.google.android.apps.tachyon/.clientapi.ClientApiService } U=0: not found
06-23 15:46:24.507  1723  2390 I PBSessionCacheImpl: Deleted sessionId[7579616367998630] from persistence.
06-23 15:46:24.507  1723  2376 W A       : UiCallbackStub-onGenericEvent[ServiceEvent = 60] task was not run. Callback from Service received after client was disposed.
06-23 15:46:24.509  1723  2376 W SearchServiceCore: Abort, client detached.
06-23 15:46:24.513  1639  2012 I NgaEntryPointEventSendr: State changed: Ready => Disconnected (onOpaDisconnected)
06-23 15:46:24.684  6776  6795 D EGL_emulation: app_time_stats: avg=500.01ms min=498.65ms max=501.56ms count=3
06-23 15:46:25.090   821   821 I wpa_supplicant: wlan0: CTRL-EVENT-BEACON-LOSS 
