06-23 15:45:13.033  1723  2390 W A       : [Download] response code: 400
06-23 15:45:13.157   821   821 I wpa_supplicant: wlan0: CTRL-EVENT-BEACON-LOSS 
06-23 15:45:13.390  1514  1514 V ContactsProvider: Scheduled notifyChange started.
06-23 15:45:13.391  3966  3966 D BluetoothPbapService:  onChange on contact uri 
06-23 15:45:13.395  3966  6528 D BluetoothPbapUtils: primaryVersionCounter = 0, secondaryVersionCounter=0
06-23 15:45:13.405   523  1700 D OomAdjuster: Not killing cached processes
06-23 15:45:13.408  5385  6344 I NetworkScheduler.Stats: Task com.google.android.gms/com.google.android.gms.icing.proxy.IcingInternalCorporaUpdateService started execution. cause:9 exec_start_elapsed_seconds: 170 [CONTEXT service_id=218 ]
06-23 15:45:13.410  5385  6339 I NetworkScheduler.Stats: Task com.google.android.gms/com.google.android.gms.icing.proxy.IcingInternalCorporaUpdateService finished executing. cause:9 result: 1 elapsed_millis: 8 uptime_millis: 8 exec_start_elapsed_seconds: 170 [CONTEXT service_id=218 ]
06-23 15:45:13.411  1514  1522 I d.process.acore: Compiler allocated 4139KB to compile android.database.Cursor com.android.providers.contacts.ContactsProvider2.queryLocal(android.net.Uri, java.lang.String[], java.lang.String, java.lang.String[], java.lang.String, long, android.os.CancellationSignal)
06-23 15:45:13.841   523   614 D ActivityManager: freezing 3588 com.google.android.rkpdapp
06-23 15:45:13.919  1655  2753 W MediaProvider: isAppCloneUserPair for user 0: false
06-23 15:45:13.923  6512  6512 I AccessibilityNodeInfoDumper: Skipping invisible child: android.view.accessibility.AccessibilityNodeInfo@12889; boundsInParent: Rect(0, 0 - 320, 0); boundsInScreen: Rect(0, 0 - 320, 0); boundsInWindow: Rect(0, 0 - 320, 0); packageName: com.hanapkalinga.mobile; className: android.widget.LinearLayout; text: null; error: null; maxTextLength: -1; stateDescription: null; contentDescription: null; tooltipText: null; containerTitle: null; viewIdResName: null; uniqueId: null; checkable: false; checked: false; focusable: false; focused: false; selected: false; clickable: false; longClickable: false; contextClickable: false; enabled: true; password: false; scrollable: false; importantForAccessibility: false; visible: false; actions: [AccessibilityAction: ACTION_SELECT - null, AccessibilityAction: ACTION_CLEAR_SELECTION - null, AccessibilityAction: ACTION_ACCESSIBILITY_FOCUS - null, AccessibilityAction: ACTION_SHOW_ON_SCREEN - null]; isTextSelectable: false
06-23 15:45:13.923  6512  6512 I AccessibilityNodeInfoDumper: Skipping invisible child: android.view.accessibility.AccessibilityNodeInfo@124c8; boundsInParent: Rect(0, 0 - 320, 0); boundsInScreen: Rect(0, 0 - 320, 0); boundsInWindow: Rect(0, 0 - 320, 0); packageName: com.hanapkalinga.mobile; className: android.view.ViewGroup; text: null; error: null; maxTextLength: -1; stateDescription: null; contentDescription: null; tooltipText: null; containerTitle: null; viewIdResName: null; uniqueId: null; checkable: false; checked: false; focusable: false; focused: false; selected: false; clickable: false; longClickable: false; contextClickable: false; enabled: true; password: false; scrollable: false; importantForAccessibility: false; visible: false; actions: [AccessibilityAction: ACTION_SELECT - null, AccessibilityAction: ACTION_CLEAR_SELECTION - null, AccessibilityAction: ACTION_ACCESSIBILITY_FOCUS - null, AccessibilityAction: ACTION_SHOW_ON_SCREEN - null]; isTextSelectable: false
06-23 15:45:13.923  6512  6512 I AccessibilityNodeInfoDumper: Skipping invisible child: android.view.accessibility.AccessibilityNodeInfo@191a5; boundsInParent: Rect(0, 0 - 320, 0); boundsInScreen: Rect(0, 0 - 320, 0); boundsInWindow: Rect(0, 0 - 320, 0); packageName: com.hanapkalinga.mobile; className: android.widget.LinearLayout; text: null; error: null; maxTextLength: -1; stateDescription: null; contentDescription: null; tooltipText: null; containerTitle: null; viewIdResName: null; uniqueId: null; checkable: false; checked: false; focusable: false; focused: false; selected: false; clickable: false; longClickable: false; contextClickable: false; enabled: true; password: false; scrollable: false; importantForAccessibility: false; visible: false; actions: [AccessibilityAction: ACTION_SELECT - null, AccessibilityAction: ACTION_CLEAR_SELECTION - null, AccessibilityAction: ACTION_ACCESSIBILITY_FOCUS - null, AccessibilityAction: ACTION_SHOW_ON_SCREEN - null]; isTextSelectable: false
06-23 15:45:13.923  6512  6512 I AccessibilityNodeInfoDumper: Skipping invisible child: android.view.accessibility.AccessibilityNodeInfo@18de4; boundsInParent: Rect(0, 0 - 320, 0); boundsInScreen: Rect(0, 0 - 320, 0); boundsInWindow: Rect(0, 0 - 320, 0); packageName: com.hanapkalinga.mobile; className: android.view.ViewGroup; text: null; error: null; maxTextLength: -1; stateDescription: null; contentDescription: null; tooltipText: null; containerTitle: null; viewIdResName: null; uniqueId: null; checkable: false; checked: false; focusable: false; focused: false; selected: false; clickable: false; longClickable: false; contextClickable: false; enabled: true; password: false; scrollable: false; importantForAccessibility: false; visible: false; actions: [AccessibilityAction: ACTION_SELECT - null, AccessibilityAction: ACTION_CLEAR_SELECTION - null, AccessibilityAction: ACTION_ACCESSIBILITY_FOCUS - null, AccessibilityAction: ACTION_SHOW_ON_SCREEN - null]; isTextSelectable: false
06-23 15:45:13.925  6512  6512 W AccessibilityNodeInfoDumper: Fetch time: 10ms
06-23 15:45:13.926   523   537 W WindowMagnificationMgr: requestConnection duplicated request: connect=false, mConnectionState=DISCONNECTED
06-23 15:45:13.926   523   537 D AccessibilityManagerService: restoreCurrentUserForTestAutomationIfNeededLocked(): ignoring because device doesn't support visible background users
06-23 15:45:13.926  1626  1659 I AiAiEcho: Settings changed for uri: content://settings/secure/accessibility_enabled
06-23 15:45:13.927  6512  6512 D AndroidRuntime: Shutting down VM
06-23 15:45:13.926  1626  1899 I AiAiEcho: Predicting[0]: 
06-23 15:45:13.929   523   523 D BatterySaverPolicy: accessibility changed to false, updating policy.
06-23 15:45:13.927  1626  1899 I AiAiEcho: EchoTargets: 
06-23 15:45:13.927  1626  1899 I AiAiEcho: Filtered by AiAi flag check: 
06-23 15:45:13.931  1626  1899 I AiAiEcho: Ranked targets strategy: SORT, count: 0, ranking metadata: 
06-23 15:45:13.932  1626  1899 I AiAiEcho: Predicting[0]: 
06-23 15:45:13.932  1626  1899 I AiAiEcho: EchoTargets: 
06-23 15:45:13.932  1626  1899 I AiAiEcho: Filtered by AiAi flag check: 
06-23 15:45:13.932  1626  1899 I AiAiEcho: Ranked targets strategy: SORT, count: 0, ranking metadata: 
06-23 15:45:13.932  1626  1899 I AiAiEcho: #postPredictionTargets: Sending updates to UISurface lockscreen with targets# 0 (types=[])
06-23 15:45:13.932  1626  1899 I AiAiEcho: #postPredictionTargets: Sending updates to UISurface home with targets# 0 (types=[])
06-23 15:45:13.933  1723  2334 I A       : NGA enabled in interactor.
06-23 15:45:13.933  1723  2334 I A       : Nga state changed to NgaStateDetails{state=ENABLED, isSpecialExperience=false}
06-23 15:45:13.935  1639  4810 I A       : Initializing all components
06-23 15:45:13.936  1639  4810 I A       : APA or Classic session decision: SessionDecision(sessionVariance=CLASSIC, platformVariance=CLASSIC, justification=CURRENT_PLATFORM_VARIANCE).
06-23 15:45:13.936  1639  4810 I A       : [Memory] eligibility: StashEligibility{6}
06-23 15:45:13.936  1639  2012 I A       : onIsEnabledChanged, isEnabled: false
06-23 15:45:13.936  1639  2012 W A       : Disposing empty manager. Did you forgot to subscribe observables?
06-23 15:45:13.936  1639  2012 W A       : Disposing empty manager. Did you forgot to subscribe observables?
06-23 15:45:13.936  1639  2012 W A       : Disposing empty manager. Did you forgot to subscribe observables?
06-23 15:45:13.936  1639  2012 W A       : Disposing empty manager. Did you forgot to subscribe observables?
06-23 15:45:13.936  1639  2012 W A       : Disposing empty manager. Did you forgot to subscribe observables?
06-23 15:45:13.936  1639  2012 W A       : Disposing empty manager. Did you forgot to subscribe observables?
06-23 15:45:13.936  1639  2012 W A       : Disposing empty manager. Did you forgot to subscribe observables?
06-23 15:45:13.936  1639  2012 W A       : Disposing empty manager. Did you forgot to subscribe observables?
06-23 15:45:13.936  1639  2012 W A       : Disposing empty manager. Did you forgot to subscribe observables?
06-23 15:45:13.936  1639  2012 W A       : Disposing empty manager. Did you forgot to subscribe observables?
06-23 15:45:13.937  1639  2012 I A       : onOpaVisibilityChanged: false
06-23 15:45:13.937  1639  2012 W A       : Disposing empty manager. Did you forgot to subscribe observables?
06-23 15:45:13.937  1639  2012 W A       : Disposing empty manager. Did you forgot to subscribe observables?
06-23 15:45:13.937  1639  2012 W A       : Disposing empty manager. Did you forgot to subscribe observables?
06-23 15:45:13.937  1639  2012 W A       : Disposing empty manager. Did you forgot to subscribe observables?
06-23 15:45:13.937  1639  2012 W A       : Disposing empty manager. Did you forgot to subscribe observables?
06-23 15:45:13.937  1639  2012 W A       : Disposing empty manager. Did you forgot to subscribe observables?
06-23 15:45:13.937  1639  2012 I A       : Setting session to type: NO_SESSION
06-23 15:45:13.937  1639  2012 W A       : Disposing empty manager. Did you forgot to subscribe observables?
06-23 15:45:13.937  1639  2012 W A       : Disposing empty manager. Did you forgot to subscribe observables?
06-23 15:45:13.937  1639  2012 W A       : Disposing empty manager. Did you forgot to subscribe observables?
06-23 15:45:13.937  1639  2012 W A       : Disposing empty manager. Did you forgot to subscribe observables?
06-23 15:45:13.937  1639  2012 W A       : Disposing empty manager. Did you forgot to subscribe observables?
06-23 15:45:13.937  1639  2012 W A       : Disposing empty manager. Did you forgot to subscribe observables?
06-23 15:45:13.937  1639  2012 W A       : Disposing empty manager. Did you forgot to subscribe observables?
06-23 15:45:13.937  1639  2012 W A       : Disposing empty manager. Did you forgot to subscribe observables?
06-23 15:45:13.938  1639  2013 I A       : on opa visibility changed false
06-23 15:45:13.938  1639  2013 I A       : on opa visibility changed false
06-23 15:45:13.938  1639  2013 I A       : State changed: IDLE => IDLE by NGA_STATE_CHANGED and N/A with Optional.empty
06-23 15:45:13.938  1639  2013 I A       : Recognizer choice: (recognizer_type: 1, recognizer_mode: 1, choice_reason: 4)
06-23 15:45:13.938  1639  2013 I A       : onActiveStateChangeEvent: IDLE => IDLE
06-23 15:45:13.939  1639  2013 I A       : #onActiveStateChangeEvent, newState: IDLE, previousState: IDLE.
06-23 15:45:13.939  1639  2012 I A       : setNavBarVisible: GestureNavBarVisible{navbarVisible=true}
06-23 15:45:13.939  1639  2012 W A       : Disposing empty manager. Did you forgot to subscribe observables?
06-23 15:45:13.939  1639  2012 W A       : Disposing empty manager. Did you forgot to subscribe observables?
06-23 15:45:13.939  1639  2012 W A       : Disposing empty manager. Did you forgot to subscribe observables?
06-23 15:45:13.939  1639  2012 W A       : Disposing empty manager. Did you forgot to subscribe observables?
06-23 15:45:13.939   838   838 W PageIndicator: Total number of pages invalid: 0. Assuming 1 page.
06-23 15:45:13.939  1639  2012 W A       : Disposing empty manager. Did you forgot to subscribe observables?
06-23 15:45:13.939  1639  2012 W A       : Disposing empty manager. Did you forgot to subscribe observables?
06-23 15:45:13.939  1639  2012 I A       : onDisabled. Registered: false
06-23 15:45:13.941  1639  2013 I NgaEntryPointEventSendr: setupConnection
06-23 15:45:13.943  1639  2013 I NgaEntryPointEventSendr: State changed: Disconnected => Connecting
06-23 15:45:13.943  1639  2013 I A       : stopListening(NGA_PAUSED_UNKNOWN_REASON, NGA_CREATE), idleOverride=NOT_LISTENING
06-23 15:45:13.944  1639  2012 I A       : Initialize
06-23 15:45:13.944  1723  1723 I A       : Creating pss binder().
06-23 15:45:13.945  1639  2012 I NgaEntryPointEventSendr: onServiceConnected
06-23 15:45:13.946  1723  2368 I A       : Calling beginBinderSession().
06-23 15:45:13.949  1639  2013 I A       : Successfully initialized all components
06-23 15:45:13.950  1723  2368 I A       : beginBinderSession(): calling binder
06-23 15:45:13.951  1639  2012 I NgaEntryPointEventSendr: State changed: Connecting => Ready
06-23 15:45:13.953   523  1692 W ActivityManager: Unable to start service Intent { cmp=com.google.android.apps.tachyon/.clientapi.ClientApiService } U=0: not found
06-23 15:45:13.962  1723  2376 W A       : UiCallbackStub-onGenericEvent[ServiceEvent = 60] task was not run. Callback from Service received after client was disposed.
06-23 15:45:13.963  1723  2390 I PBSessionCacheImpl: Deleted sessionId[7579616367998620] from persistence.
06-23 15:45:13.963  1639  2012 I NgaEntryPointEventSendr: State changed: Ready => Disconnected (onOpaDisconnected)
06-23 15:45:13.966  1723  2376 W SearchServiceCore: Abort, client detached.
06-23 15:45:13.966  1723  2376 W SearchServiceCore: Abort, client detached.
06-23 15:45:13.966  1723  2376 W SearchServiceCore: Abort, client detached.
06-23 15:45:13.966  1723  2376 W SearchServiceCore: Abort, client detached.
06-23 15:45:13.966  1723  2376 W SearchServiceCore: Abort, client detached.
06-23 15:45:13.972  5385  6325 I NetworkScheduler.Stats: Task com.google.android.gms/com.google.android.gms.ipa.base.IpaGcmTaskService started execution. cause:9 exec_start_elapsed_seconds: 170 [CONTEXT service_id=218 ]
06-23 15:45:13.973  5385  5445 I NetworkScheduler.Stats: Task com.google.android.gms/com.google.android.gms.ipa.base.IpaGcmTaskService finished executing. cause:9 result: 1 elapsed_millis: 6 uptime_millis: 6 exec_start_elapsed_seconds: 170 [CONTEXT service_id=218 ]
06-23 15:45:14.021  6393  6393 I AidlLazyServiceRegistrar: Process has 0 (of 1 available) client(s) in use after notification artd has clients: 0
06-23 15:45:14.021  6393  6393 I AidlLazyServiceRegistrar: Trying to shut down the service. No clients in use for any service in process.
06-23 15:45:14.210     0     0 I servicemanager: Notifying artd they don't (previously: do) have clients when we now have no record of a client
06-23 15:45:14.212     0     0 I servicemanager: Unregistering artd
06-23 15:45:14.024  6393  6393 I AidlLazyServiceRegistrar: Unregistered all clients and exiting
06-23 15:45:14.213     0     0 I BpBinder: onLastStrongRef automatically unlinking death recipients:
06-23 15:45:14.216     0     0 I init    : Service 'artd' (pid 6393) exited with status 0 oneshot service took 2.549000 seconds in background
06-23 15:45:14.217     0     0 I init    : Sending signal 9 to service 'artd' (pid 6393) process group...
06-23 15:45:14.219     0     0 I libprocessgroup: Successfully killed process cgroup uid 1082 pid 6393 in 0ms
06-23 15:45:14.045  5400  6349 I ChimeraConfigurator: Starting update, reason: 4 urgentFeatures: vision.ocr:-1
06-23 15:45:14.054  5400  6349 I ChimeraConfigurator: Detected pending changes for urgent request: [vision.ocr]. Pending module sets: container:2318189190800+mlkit.ocr.common,tflite_dynamite:2605805025100800+tflite_dynamite,vision_ocr:2316024025100000+vision.ocr
06-23 15:45:14.059  5400  6349 I GmsDebugLogger: [73] 1801
06-23 15:45:14.060  5400  6349 W ZappDownloader: No successful module downloads for requested features [vision.ocr].
06-23 15:45:14.061  5400  6349 I GmsDebugLogger: [30] [VisionOcrDynamite.integ:231602402100000],[TfliteDynamiteDynamite.integ:260580502100800],[MlkitOcrCommon.optional:231818100800]
06-23 15:45:14.066  5400  6349 W ChimeraConfigService: Retry attempt was throttled. [CONTEXT service_id=264 ]
06-23 15:45:14.066  5400  6349 I GmsDebugLogger: [83] 1 [vision.ocr]
06-23 15:45:14.068  5400  5518 W Vision  : Request for optional module download of ocr failed. Request again.
06-23 15:45:14.068  5400  5518 W Vision  : Would have logged:
06-23 15:45:14.068  5400  5518 W Vision  : # dsae@37884fe7
06-23 15:45:14.068  5400  5518 I Vision  : Schedule retrying download ocr at 170879 with backoff 20 seconds
06-23 15:45:14.182  5899  5920 D EGL_emulation: app_time_stats: avg=499.94ms min=499.73ms max=500.18ms count=3
06-23 15:45:14.402   523  1700 W JobScheduler: Job didn't exist in JobStore: abbf7ff #u0a155/7 com.google.android.contacts/com.google.android.apps.contacts.shortcut.ShortcutJobService
06-23 15:45:14.458   523   614 D ActivityManager: freezing 3050 com.google.android.gms.unstable
