06-23 15:47:33.388  1568  1674 W AppInfoHelper: 	at jza.a(PG:30)
06-23 15:47:33.388  1568  1674 W AppInfoHelper: 	at jza.a(PG:42)
06-23 15:47:33.388  1568  1674 W AppInfoHelper: 	at lne.a(PG:1)
06-23 15:47:33.388  1568  1674 W AppInfoHelper: 	at lmk.run(PG:4)
06-23 15:47:33.388  1568  1674 W AppInfoHelper: 	at lng.run(PG:1)
06-23 15:47:33.388  1568  1674 W AppInfoHelper: 	at llo.run(PG:3)
06-23 15:47:33.388  1568  1674 W AppInfoHelper: 	at idn.run(PG:5)
06-23 15:47:33.388  1568  1674 W AppInfoHelper: 	at java.util.concurrent.ThreadPoolExecutor.runWorker(ThreadPoolExecutor.java:1145)
06-23 15:47:33.388  1568  1674 W AppInfoHelper: 	at java.util.concurrent.ThreadPoolExecutor$Worker.run(ThreadPoolExecutor.java:644)
06-23 15:47:33.388  1568  1674 W AppInfoHelper: 	at huo.run(PG:51)
06-23 15:47:33.388  1568  1674 W AppInfoHelper: 	at java.lang.Thread.run(Thread.java:1012)
06-23 15:47:33.388  1568  1674 W AppInfoHelper: 	at idx.run(PG:5)
06-23 15:47:33.576     0     0 W healthd : battery l=100 v=5000 t=25.0 h=2 st=2 c=900000 fc=3000000 cc=10 chg=a
06-23 15:47:33.406  7448  7448 W BpBinder: Linking to death on android.gui.ISurfaceComposer but there are no threads (yet?) listening to incoming transactions. See ProcessState::startThreadPool and ProcessState::setThreadPoolMaxThreadCount. Generally you should setup the binder threadpool before other initialization steps.
06-23 15:47:33.406  7448  7448 W ProcessState: Extra binder thread started, but 0 threads requested. Do not use *startThreadPool when zero threads are requested.
06-23 15:47:33.412   135   135 I hwservicemanager: getTransport: Cannot find entry android.hardware.graphics.mapper@4.0::IMapper/default in either framework or device VINTF manifest.
06-23 15:47:33.412  7448  7449 I Gralloc4: mapper 4.x is not supported
06-23 15:47:33.601     0     0 I servicemanager: Could not find android.hardware.graphics.allocator.IAllocator/default in the VINTF manifest.
06-23 15:47:33.501   838   838 D TileServices: Couldn't find tile for ComponentInfo{com.google.android.apps.wellbeing/com.google.android.apps.wellbeing.focusmode.quicksettings.FocusModeTileService}(0)
06-23 15:47:33.520   838   838 D TileServices: Couldn't find tile for ComponentInfo{com.google.android.apps.wellbeing/com.google.android.apps.wellbeing.focusmode.quicksettings.FocusModeTileService}(0)
06-23 15:47:33.577  7450  7450 D AndroidRuntime: >>>>>> START com.android.internal.os.RuntimeInit uid 2000 <<<<<<
06-23 15:47:33.583  7450  7450 I AndroidRuntime: Using default boot image
06-23 15:47:33.583  7450  7450 I AndroidRuntime: Leaving lock profiling enabled
06-23 15:47:33.585  7450  7450 I app_process: Core platform API reporting enabled, enforcing=false
06-23 15:47:33.585  7450  7450 I app_process: Using CollectorTypeCC GC.
06-23 15:47:33.726  7450  7450 D nativeloader: InitDefaultPublicLibraries for_preload=1: libandroid.so:libaaudio.so:libamidi.so:libbinder_ndk.so:libc.so:libcamera2ndk.so:libdl.so:libEGL.so:libGLESv1_CM.so:libGLESv2.so:libGLESv3.so:libicu.so:libicui18n.so:libicuuc.so:libjnigraphics.so:liblog.so:libmediandk.so:libm.so:libnativehelper.so:libnativewindow.so:libOpenMAXAL.so:libOpenSLES.so:libRS.so:libstdc++.so:libsync.so:libvulkan.so:libwebviewchromium_plat_support.so:libz.so
06-23 15:47:33.735  7450  7450 D app_process: Time zone APEX ICU file found: /apex/com.android.tzdata/etc/icu/icu_tzdata.dat
06-23 15:47:33.735  7450  7450 D app_process: I18n APEX ICU file found: /apex/com.android.i18n/etc/icu/icudt72l.dat
06-23 15:47:33.743  7450  7450 W app_process: Unexpected CPU variant for x86: x86_64.
06-23 15:47:33.743  7450  7450 W app_process: Known variants: atom, sandybridge, silvermont, goldmont, goldmont-plus, tremont, kabylake, default
06-23 15:47:33.746  7450  7450 W app_process: ClassLoaderContext shared library size mismatch. Expected=2, found=0 (PCL[]{PCL[/system/framework/android.test.base.jar*836642756]#PCL[/system/framework/android.test.mock.jar*3186112116]} | PCL[])
06-23 15:47:33.747  7450  7450 W app_process: ClassLoaderContext classpath size mismatch. expected=0, found=1 (PCL[]{PCL[/system/framework/android.test.runner.jar*4168958247]{PCL[/system/framework/android.test.base.jar*836642756]#PCL[/system/framework/android.test.mock.jar*3186112116]}#PCL[/system/framework/android.test.base.jar*836642756]} | PCL[/system/framework/android.test.runner.jar*4168958247])
06-23 15:47:33.754  7450  7450 W main    : type=1400 audit(0.0:78): avc:  denied  { read } for  name="u:object_r:build_attestation_prop:s0" dev="tmpfs" ino=86 scontext=u:r:shell:s0 tcontext=u:object_r:build_attestation_prop:s0 tclass=file permissive=0
06-23 15:47:33.764  7450  7450 W libc    : Access denied finding property "ro.product.name_for_attestation"
06-23 15:47:33.765  7450  7450 W libc    : Access denied finding property "ro.product.brand_for_attestation"
06-23 15:47:33.765  7450  7450 W libc    : Access denied finding property "ro.product.model_for_attestation"
06-23 15:47:33.766  7450  7450 D AndroidRuntime: Calling main entry com.android.commands.uiautomator.Launcher
06-23 15:47:33.762  7450  7450 W main    : type=1400 audit(0.0:79): avc:  denied  { read } for  name="u:object_r:build_attestation_prop:s0" dev="tmpfs" ino=86 scontext=u:r:shell:s0 tcontext=u:object_r:build_attestation_prop:s0 tclass=file permissive=0
06-23 15:47:33.762  7450  7450 W main    : type=1400 audit(0.0:80): avc:  denied  { read } for  name="u:object_r:build_attestation_prop:s0" dev="tmpfs" ino=86 scontext=u:r:shell:s0 tcontext=u:object_r:build_attestation_prop:s0 tclass=file permissive=0
06-23 15:47:33.773  7450  7450 D UiAutomationConnection: Created on user UserHandle{0}
06-23 15:47:33.773  7450  7450 I UiAutomation: Initialized for user 0 on display 0
06-23 15:47:33.773  7450  7450 W UiAutomation: Created with deprecatead constructor, assumes DEFAULT_DISPLAY
06-23 15:47:33.774   523   615 I RoleService: Granting default roles...
06-23 15:47:33.777   523  2460 D AccessibilityManagerService: changeCurrentUserForTestAutomationIfNeededLocked(0): ignoring because device doesn't support visible background users
06-23 15:47:33.777   523  2460 I UiAutomationManager: Registering UiTestAutomationService (id=com.android.server.accessibility/UiAutomation) when called by user 0
06-23 15:47:33.778   523  2460 W WindowMagnificationMgr: requestConnection duplicated request: connect=false, mConnectionState=DISCONNECTED
06-23 15:47:33.779  7450  7464 V UiAutomation: Init UiAutomation@f091a34[id=7, displayId=0, flags=0]
06-23 15:47:33.779  1626  1653 I AiAiEcho: Settings changed for uri: content://settings/secure/accessibility_enabled
06-23 15:47:33.779  1626  1899 I AiAiEcho: Predicting[0]: 
06-23 15:47:33.779  1626  1899 I AiAiEcho: EchoTargets: 
06-23 15:47:33.779  1626  1899 I AiAiEcho: Filtered by AiAi flag check: 
06-23 15:47:33.779  1626  1899 I AiAiEcho: Ranked targets strategy: SORT, count: 0, ranking metadata: 
06-23 15:47:33.780  1626  1899 I AiAiEcho: Predicting[0]: 
06-23 15:47:33.780  1626  1899 I AiAiEcho: EchoTargets: 
06-23 15:47:33.780  1626  1899 I AiAiEcho: Filtered by AiAi flag check: 
06-23 15:47:33.780  1626  1899 I AiAiEcho: Ranked targets strategy: SORT, count: 0, ranking metadata: 
06-23 15:47:33.784   523  2667 W WindowMagnificationMgr: requestConnection duplicated request: connect=false, mConnectionState=DISCONNECTED
06-23 15:47:33.786  1626  1899 I AiAiEcho: #postPredictionTargets: Sending updates to UISurface lockscreen with targets# 0 (types=[])
06-23 15:47:33.786  1626  1899 I AiAiEcho: #postPredictionTargets: Sending updates to UISurface home with targets# 0 (types=[])
06-23 15:47:33.786  1723  2327 I A       : NGA disabled since it's running Panthera and at least one a11y feature is on.
06-23 15:47:33.786  1723  2327 I A       : Nga state changed to NgaStateDetails{state=DISABLED, isSpecialExperience=false}
06-23 15:47:33.788  1639  2424 I A       : APA or Classic session decision: SessionDecision(sessionVariance=CLASSIC, platformVariance=CLASSIC, justification=CURRENT_PLATFORM_VARIANCE).
06-23 15:47:33.788  1639  2013 I A       : Unsubscribed to apa or classic variant change.
06-23 15:47:33.789  1639  2424 I A       : [Memory] eligibility: StashEligibility{4}
06-23 15:47:33.791   838   838 W PageIndicator: Total number of pages invalid: 0. Assuming 1 page.
06-23 15:47:33.791  1626  1653 I AiAiEcho: Settings changed for uri: content://settings/secure/accessibility_enabled
06-23 15:47:33.791  1626  1899 I AiAiEcho: Predicting[0]: 
06-23 15:47:33.792  1626  1899 I AiAiEcho: EchoTargets: 
06-23 15:47:33.792  1626  1899 I AiAiEcho: Filtered by AiAi flag check: 
06-23 15:47:33.792  1626  1899 I AiAiEcho: Ranked targets strategy: SORT, count: 0, ranking metadata: 
06-23 15:47:33.792  1626  1899 I AiAiEcho: Predicting[0]: 
06-23 15:47:33.792  1626  1899 I AiAiEcho: EchoTargets: 
06-23 15:47:33.792  1626  1899 I AiAiEcho: Filtered by AiAi flag check: 
06-23 15:47:33.792  1626  1899 I AiAiEcho: Ranked targets strategy: SORT, count: 0, ranking metadata: 
06-23 15:47:33.792   523   523 D BatterySaverPolicy: accessibility changed to true, updating policy.
06-23 15:47:33.793  1626  1899 I AiAiEcho: #postPredictionTargets: Sending updates to UISurface lockscreen with targets# 0 (types=[])
06-23 15:47:33.793  1626  1899 I AiAiEcho: #postPredictionTargets: Sending updates to UISurface home with targets# 0 (types=[])
06-23 15:47:33.793   838   838 W PageIndicator: Total number of pages invalid: 0. Assuming 1 page.
06-23 15:47:33.795   523   817 D SafetySourceDataValidator: No cert check requested for package com.google.android.permissioncontroller
06-23 15:47:33.800   842  7396 E RoleControllerServiceImpl: Default/fallback role holder package doesn't qualify for the role, package: com.google.android.gms.supervision, role: android.app.role.SYSTEM_SUPERVISION
06-23 15:47:33.802   842  7396 I Role    : com.google.android.gms not qualified for android.app.role.SYSTEM_CALL_STREAMING due to missing RequiredComponent{mIntentFilterData=IntentFilterData{mAction='android.telecom.CallStreamingService', mCategories='[]', mDataScheme='null', mDataType='null'}, mMinTargetSdkVersion=1, mFlags='0', mPermission='android.permission.BIND_CALL_STREAMING_SERVICE', mQueryFlags=0, mMetaData=[]}
06-23 15:47:33.802   842  7396 E RoleControllerServiceImpl: Default/fallback role holder package doesn't qualify for the role, package: com.google.android.gms, role: android.app.role.SYSTEM_CALL_STREAMING
06-23 15:47:33.802   842  7396 W Role    : Default holder doesn't have required signing certificate: com.google.android.apps.work.clouddpc:23962F4B43B9857638EA66F4D419518EAE282491ACDA4B94707BD59003C45E58
06-23 15:47:33.871   838   838 D StatusBarIconController: ignoring old pipeline callback because the new wifi icon is enabled
06-23 15:47:33.883  7228  7247 D EGL_emulation: app_time_stats: avg=498.04ms min=494.76ms max=499.77ms count=3
06-23 15:47:34.021  7371  7375 I AidlLazyServiceRegistrar: Process has 0 (of 1 available) client(s) in use after notification artd has clients: 0
06-23 15:47:34.021  7371  7375 I AidlLazyServiceRegistrar: Trying to shut down the service. No clients in use for any service in process.
06-23 15:47:34.210     0     0 I servicemanager: Notifying artd they don't (previously: do) have clients when we now have no record of a client
06-23 15:47:34.212     0     0 I servicemanager: Unregistering artd
06-23 15:47:34.024  7371  7375 I AidlLazyServiceRegistrar: Unregistered all clients and exiting
06-23 15:47:34.213     0     0 I BpBinder: onLastStrongRef automatically unlinking death recipients:
06-23 15:47:34.216     0     0 I init    : Service 'artd' (pid 7371) exited with status 0 oneshot service took 1.384000 seconds in background
06-23 15:47:34.218     0     0 I init    : Sending signal 9 to service 'artd' (pid 7371) process group...
06-23 15:47:34.219     0     0 I libprocessgroup: Successfully killed process cgroup uid 1082 pid 7371 in 0ms
06-23 15:47:34.792  7450  7450 I AccessibilityNodeInfoDumper: Skipping invisible child: android.view.accessibility.AccessibilityNodeInfo@128b3; boundsInParent: Rect(0, 0 - 320, 0); boundsInScreen: Rect(0, 0 - 320, 0); boundsInWindow: Rect(0, 0 - 320, 0); packageName: com.hanapkalinga.mobile; className: android.widget.LinearLayout; text: null; error: null; maxTextLength: -1; stateDescription: null; contentDescription: null; tooltipText: null; containerTitle: null; viewIdResName: null; uniqueId: null; checkable: false; checked: false; focusable: false; focused: false; selected: false; clickable: false; longClickable: false; contextClickable: false; enabled: true; password: false; scrollable: false; importantForAccessibility: false; visible: false; actions: [AccessibilityAction: ACTION_SELECT - null, AccessibilityAction: ACTION_CLEAR_SELECTION - null, AccessibilityAction: ACTION_ACCESSIBILITY_FOCUS - null, AccessibilityAction: ACTION_SHOW_ON_SCREEN - null]; isTextSelectable: false
06-23 15:47:34.792  7450  7450 I AccessibilityNodeInfoDumper: Skipping invisible child: android.view.accessibility.AccessibilityNodeInfo@124f2; boundsInParent: Rect(0, 0 - 320, 0); boundsInScreen: Rect(0, 0 - 320, 0); boundsInWindow: Rect(0, 0 - 320, 0); packageName: com.hanapkalinga.mobile; className: android.view.ViewGroup; text: null; error: null; maxTextLength: -1; stateDescription: null; contentDescription: null; tooltipText: null; containerTitle: null; viewIdResName: null; uniqueId: null; checkable: false; checked: false; focusable: false; focused: false; selected: false; clickable: false; longClickable: false; contextClickable: false; enabled: true; password: false; scrollable: false; importantForAccessibility: false; visible: false; actions: [AccessibilityAction: ACTION_SELECT - null, AccessibilityAction: ACTION_CLEAR_SELECTION - null, AccessibilityAction: ACTION_ACCESSIBILITY_FOCUS - null, AccessibilityAction: ACTION_SHOW_ON_SCREEN - null]; isTextSelectable: false
06-23 15:47:34.792  7450  7450 I AccessibilityNodeInfoDumper: Skipping invisible child: android.view.accessibility.AccessibilityNodeInfo@191cf; boundsInParent: Rect(0, 0 - 320, 0); boundsInScreen: Rect(0, 0 - 320, 0); boundsInWindow: Rect(0, 0 - 320, 0); packageName: com.hanapkalinga.mobile; className: android.widget.LinearLayout; text: null; error: null; maxTextLength: -1; stateDescription: null; contentDescription: null; tooltipText: null; containerTitle: null; viewIdResName: null; uniqueId: null; checkable: false; checked: false; focusable: false; focused: false; selected: false; clickable: false; longClickable: false; contextClickable: false; enabled: true; password: false; scrollable: false; importantForAccessibility: false; visible: false; actions: [AccessibilityAction: ACTION_SELECT - null, AccessibilityAction: ACTION_CLEAR_SELECTION - null, AccessibilityAction: ACTION_ACCESSIBILITY_FOCUS - null, AccessibilityAction: ACTION_SHOW_ON_SCREEN - null]; isTextSelectable: false
06-23 15:47:34.792  7450  7450 I AccessibilityNodeInfoDumper: Skipping invisible child: android.view.accessibility.AccessibilityNodeInfo@18e0e; boundsInParent: Rect(0, 0 - 320, 0); boundsInScreen: Rect(0, 0 - 320, 0); boundsInWindow: Rect(0, 0 - 320, 0); packageName: com.hanapkalinga.mobile; className: android.view.ViewGroup; text: null; error: null; maxTextLength: -1; stateDescription: null; contentDescription: null; tooltipText: null; containerTitle: null; viewIdResName: null; uniqueId: null; checkable: false; checked: false; focusable: false; focused: false; selected: false; clickable: false; longClickable: false; contextClickable: false; enabled: true; password: false; scrollable: false; importantForAccessibility: false; visible: false; actions: [AccessibilityAction: ACTION_SELECT - null, AccessibilityAction: ACTION_CLEAR_SELECTION - null, AccessibilityAction: ACTION_ACCESSIBILITY_FOCUS - null, AccessibilityAction: ACTION_SHOW_ON_SCREEN - null]; isTextSelectable: false
06-23 15:47:34.796  7450  7450 W AccessibilityNodeInfoDumper: Fetch time: 7ms
06-23 15:47:34.798  1626  1653 I AiAiEcho: Settings changed for uri: content://settings/secure/accessibility_enabled
06-23 15:47:34.798   523  2667 W WindowMagnificationMgr: requestConnection duplicated request: connect=false, mConnectionState=DISCONNECTED
06-23 15:47:34.798  1626  1899 I AiAiEcho: Predicting[0]: 
06-23 15:47:34.798  1626  1899 I AiAiEcho: EchoTargets: 
06-23 15:47:34.798  1626  1899 I AiAiEcho: Filtered by AiAi flag check: 
06-23 15:47:34.798  1626  1899 I AiAiEcho: Ranked targets strategy: SORT, count: 0, ranking metadata: 
06-23 15:47:34.798  1626  1899 I AiAiEcho: Predicting[0]: 
06-23 15:47:34.798  1626  1899 I AiAiEcho: EchoTargets: 
06-23 15:47:34.798  1626  1899 I AiAiEcho: Filtered by AiAi flag check: 
06-23 15:47:34.798  1626  1899 I AiAiEcho: Ranked targets strategy: SORT, count: 0, ranking metadata: 
06-23 15:47:34.799  1626  1899 I AiAiEcho: #postPredictionTargets: Sending updates to UISurface lockscreen with targets# 0 (types=[])
06-23 15:47:34.799  1626  1899 I AiAiEcho: #postPredictionTargets: Sending updates to UISurface home with targets# 0 (types=[])
06-23 15:47:34.799   838   838 W PageIndicator: Total number of pages invalid: 0. Assuming 1 page.
06-23 15:47:34.798   523  2667 D AccessibilityManagerService: restoreCurrentUserForTestAutomationIfNeededLocked(): ignoring because device doesn't support visible background users
06-23 15:47:34.801  1723  2327 I A       : NGA enabled in interactor.
06-23 15:47:34.801  1723  2327 I A       : Nga state changed to NgaStateDetails{state=ENABLED, isSpecialExperience=false}
06-23 15:47:34.801   523   523 D BatterySaverPolicy: accessibility changed to false, updating policy.
06-23 15:47:34.803  7450  7450 D AndroidRuntime: Shutting down VM
06-23 15:47:34.806  1639  6087 I A       : Initializing all components
06-23 15:47:34.806  1639  6087 I A       : APA or Classic session decision: SessionDecision(sessionVariance=CLASSIC, platformVariance=CLASSIC, justification=CURRENT_PLATFORM_VARIANCE).
06-23 15:47:34.807  1639  6087 I A       : [Memory] eligibility: StashEligibility{6}
06-23 15:47:34.807  1639  2012 I A       : State changed: IDLE => IDLE by NGA_STATE_CHANGED and N/A with Optional.empty
06-23 15:47:34.807  1639  2012 I A       : Recognizer choice: (recognizer_type: 1, recognizer_mode: 1, choice_reason: 4)
06-23 15:47:34.808  1639  2013 I A       : onIsEnabledChanged, isEnabled: false
06-23 15:47:34.808  1639  2013 W A       : Disposing empty manager. Did you forgot to subscribe observables?
06-23 15:47:34.808  1639  2013 W A       : Disposing empty manager. Did you forgot to subscribe observables?
06-23 15:47:34.808  1639  2013 W A       : Disposing empty manager. Did you forgot to subscribe observables?
06-23 15:47:34.808  1639  2013 W A       : Disposing empty manager. Did you forgot to subscribe observables?
06-23 15:47:34.808  1639  2013 W A       : Disposing empty manager. Did you forgot to subscribe observables?
06-23 15:47:34.808  1639  2013 W A       : Disposing empty manager. Did you forgot to subscribe observables?
06-23 15:47:34.808  1639  2013 W A       : Disposing empty manager. Did you forgot to subscribe observables?
06-23 15:47:34.808  1639  2013 W A       : Disposing empty manager. Did you forgot to subscribe observables?
06-23 15:47:34.808  1639  2013 W A       : Disposing empty manager. Did you forgot to subscribe observables?
06-23 15:47:34.808  1639  2013 W A       : Disposing empty manager. Did you forgot to subscribe observables?
06-23 15:47:34.808  1639  2013 I A       : onOpaVisibilityChanged: false
06-23 15:47:34.809  1639  2012 I A       : onActiveStateChangeEvent: IDLE => IDLE
06-23 15:47:34.809  1639  2013 W A       : Disposing empty manager. Did you forgot to subscribe observables?
06-23 15:47:34.809  1639  2013 W A       : Disposing empty manager. Did you forgot to subscribe observables?
06-23 15:47:34.809  1639  2013 W A       : Disposing empty manager. Did you forgot to subscribe observables?
06-23 15:47:34.809  1639  2013 W A       : Disposing empty manager. Did you forgot to subscribe observables?
06-23 15:47:34.809  1639  2013 W A       : Disposing empty manager. Did you forgot to subscribe observables?
06-23 15:47:34.809  1639  2013 W A       : Disposing empty manager. Did you forgot to subscribe observables?
06-23 15:47:34.809  1639  2012 I A       : #onActiveStateChangeEvent, newState: IDLE, previousState: IDLE.
06-23 15:47:34.809  1639  2013 I A       : Setting session to type: NO_SESSION
06-23 15:47:34.809  1639  2013 W A       : Disposing empty manager. Did you forgot to subscribe observables?
06-23 15:47:34.809  1639  2013 W A       : Disposing empty manager. Did you forgot to subscribe observables?
06-23 15:47:34.809  1639  2013 W A       : Disposing empty manager. Did you forgot to subscribe observables?
06-23 15:47:34.810  1639  2013 W A       : Disposing empty manager. Did you forgot to subscribe observables?
06-23 15:47:34.810  1639  2013 W A       : Disposing empty manager. Did you forgot to subscribe observables?
06-23 15:47:34.810  1639  2013 W A       : Disposing empty manager. Did you forgot to subscribe observables?
06-23 15:47:34.810  1639  2013 W A       : Disposing empty manager. Did you forgot to subscribe observables?
06-23 15:47:34.810  1639  2013 W A       : Disposing empty manager. Did you forgot to subscribe observables?
06-23 15:47:34.810  1639  2013 I A       : setNavBarVisible: GestureNavBarVisible{navbarVisible=true}
06-23 15:47:34.810  1639  2013 W A       : Disposing empty manager. Did you forgot to subscribe observables?
06-23 15:47:34.810  1639  2013 W A       : Disposing empty manager. Did you forgot to subscribe observables?
06-23 15:47:34.810  1639  2013 W A       : Disposing empty manager. Did you forgot to subscribe observables?
06-23 15:47:34.810  1639  2013 W A       : Disposing empty manager. Did you forgot to subscribe observables?
06-23 15:47:34.810  1639  2013 W A       : Disposing empty manager. Did you forgot to subscribe observables?
06-23 15:47:34.810  1639  2013 W A       : Disposing empty manager. Did you forgot to subscribe observables?
06-23 15:47:34.810  1639  2013 I A       : onDisabled. Registered: false
06-23 15:47:34.811  1639  2013 I A       : on opa visibility changed false
06-23 15:47:34.811  1639  2013 I A       : on opa visibility changed false
06-23 15:47:34.811  1639  2013 I A       : stopListening(NGA_PAUSED_UNKNOWN_REASON, NGA_CREATE), idleOverride=NOT_LISTENING
06-23 15:47:34.812  1639  2012 I A       : Initialize
06-23 15:47:34.812  1639  2012 I NgaEntryPointEventSendr: setupConnection
06-23 15:47:34.819  1723  1723 I A       : Creating pss binder().
06-23 15:47:34.821  1639  2012 I NgaEntryPointEventSendr: State changed: Disconnected => Connecting
06-23 15:47:34.821  1639  2012 I NgaEntryPointEventSendr: onServiceConnected
06-23 15:47:34.821  1723  5377 I A       : Calling beginBinderSession().
06-23 15:47:34.821  1723  5377 I A       : beginBinderSession(): calling binder
06-23 15:47:34.822  1639  2012 I NgaEntryPointEventSendr: State changed: Connecting => Ready
06-23 15:47:34.823  1639  2013 I A       : Successfully initialized all components
06-23 15:47:34.824   523  1712 W ActivityManager: Unable to start service Intent { cmp=com.google.android.apps.tachyon/.clientapi.ClientApiService } U=0: not found
06-23 15:47:34.832  1723  2376 W A       : UiCallbackStub-onGenericEvent[ServiceEvent = 60] task was not run. Callback from Service received after client was disposed.
06-23 15:47:34.834  1723  2388 I PBSessionCacheImpl: Deleted sessionId[7579616367998642] from persistence.
06-23 15:47:34.834  1639  2013 I NgaEntryPointEventSendr: State changed: Ready => Disconnected (onOpaDisconnected)
06-23 15:47:34.835  1723  2376 W SearchServiceCore: Abort, client detached.
06-23 15:47:35.149   523   523 I ResourceTimer: GetResourceValue count=12480 pvalues=1000,9000,11000,14000
06-23 15:47:35.149   523   523 I ResourceTimer: RetrieveAttributes count=17047 pvalues=1000,1000,3000,12000
06-23 15:47:35.382  7228  7247 D EGL_emulation: app_time_stats: avg=499.84ms min=499.67ms max=500.06ms count=3
