--------- beginning of main
06-23 15:47:31.812  7077  7131 D Maestro : Requesting view hierarchy
06-23 15:47:31.812  7077  7131 W QueryController: Could not detect idle state.
06-23 15:47:31.812  7077  7131 W QueryController: Could not detect idle state.
06-23 15:47:31.818  7077  7131 I Maestro : Skipping invisible child: android.view.accessibility.AccessibilityNodeInfo@128aa; boundsInParent: Rect(0, 0 - 320, 0); boundsInScreen: Rect(0, 0 - 320, 0); boundsInWindow: Rect(0, 0 - 320, 0); packageName: com.hanapkalinga.mobile; className: android.widget.LinearLayout; text: null; error: null; maxTextLength: -1; stateDescription: null; contentDescription: null; tooltipText: null; containerTitle: null; viewIdResName: null; uniqueId: null; checkable: false; checked: false; focusable: false; focused: false; selected: false; clickable: false; longClickable: false; contextClickable: false; enabled: true; password: false; scrollable: false; importantForAccessibility: false; visible: false; actions: [AccessibilityAction: ACTION_SELECT - null, AccessibilityAction: ACTION_CLEAR_SELECTION - null, AccessibilityAction: ACTION_ACCESSIBILITY_FOCUS - null, AccessibilityAction: ACTION_SHOW_ON_SCREEN - null]; isTextSelectable: false
06-23 15:47:31.818  7077  7131 I Maestro : Skipping invisible child: android.view.accessibility.AccessibilityNodeInfo@124e9; boundsInParent: Rect(0, 0 - 320, 0); boundsInScreen: Rect(0, 0 - 320, 0); boundsInWindow: Rect(0, 0 - 320, 0); packageName: com.hanapkalinga.mobile; className: android.view.ViewGroup; text: null; error: null; maxTextLength: -1; stateDescription: null; contentDescription: null; tooltipText: null; containerTitle: null; viewIdResName: null; uniqueId: null; checkable: false; checked: false; focusable: false; focused: false; selected: false; clickable: false; longClickable: false; contextClickable: false; enabled: true; password: false; scrollable: false; importantForAccessibility: false; visible: false; actions: [AccessibilityAction: ACTION_SELECT - null, AccessibilityAction: ACTION_CLEAR_SELECTION - null, AccessibilityAction: ACTION_ACCESSIBILITY_FOCUS - null, AccessibilityAction: ACTION_SHOW_ON_SCREEN - null]; isTextSelectable: false
06-23 15:47:31.819  7077  7131 I Maestro : Skipping invisible child: android.view.accessibility.AccessibilityNodeInfo@191c6; boundsInParent: Rect(0, 0 - 320, 0); boundsInScreen: Rect(0, 0 - 320, 0); boundsInWindow: Rect(0, 0 - 320, 0); packageName: com.hanapkalinga.mobile; className: android.widget.LinearLayout; text: null; error: null; maxTextLength: -1; stateDescription: null; contentDescription: null; tooltipText: null; containerTitle: null; viewIdResName: null; uniqueId: null; checkable: false; checked: false; focusable: false; focused: false; selected: false; clickable: false; longClickable: false; contextClickable: false; enabled: true; password: false; scrollable: false; importantForAccessibility: false; visible: false; actions: [AccessibilityAction: ACTION_SELECT - null, AccessibilityAction: ACTION_CLEAR_SELECTION - null, AccessibilityAction: ACTION_ACCESSIBILITY_FOCUS - null, AccessibilityAction: ACTION_SHOW_ON_SCREEN - null]; isTextSelectable: false
06-23 15:47:31.819  7077  7131 I Maestro : Skipping invisible child: android.view.accessibility.AccessibilityNodeInfo@18e05; boundsInParent: Rect(0, 0 - 320, 0); boundsInScreen: Rect(0, 0 - 320, 0); boundsInWindow: Rect(0, 0 - 320, 0); packageName: com.hanapkalinga.mobile; className: android.view.ViewGroup; text: null; error: null; maxTextLength: -1; stateDescription: null; contentDescription: null; tooltipText: null; containerTitle: null; viewIdResName: null; uniqueId: null; checkable: false; checked: false; focusable: false; focused: false; selected: false; clickable: false; longClickable: false; contextClickable: false; enabled: true; password: false; scrollable: false; importantForAccessibility: false; visible: false; actions: [AccessibilityAction: ACTION_SELECT - null, AccessibilityAction: ACTION_CLEAR_SELECTION - null, AccessibilityAction: ACTION_ACCESSIBILITY_FOCUS - null, AccessibilityAction: ACTION_SHOW_ON_SCREEN - null]; isTextSelectable: false
06-23 15:47:31.832  7077  7131 D Maestro : View hierarchy received in 21 ms
06-23 15:47:31.921  7077  7131 D Maestro : Requesting view hierarchy
06-23 15:47:31.922  7077  7131 W QueryController: Could not detect idle state.
06-23 15:47:31.922  7077  7131 W QueryController: Could not detect idle state.
06-23 15:47:31.930  7077  7131 I Maestro : Skipping invisible child: android.view.accessibility.AccessibilityNodeInfo@128aa; boundsInParent: Rect(0, 0 - 320, 0); boundsInScreen: Rect(0, 0 - 320, 0); boundsInWindow: Rect(0, 0 - 320, 0); packageName: com.hanapkalinga.mobile; className: android.widget.LinearLayout; text: null; error: null; maxTextLength: -1; stateDescription: null; contentDescription: null; tooltipText: null; containerTitle: null; viewIdResName: null; uniqueId: null; checkable: false; checked: false; focusable: false; focused: false; selected: false; clickable: false; longClickable: false; contextClickable: false; enabled: true; password: false; scrollable: false; importantForAccessibility: false; visible: false; actions: [AccessibilityAction: ACTION_SELECT - null, AccessibilityAction: ACTION_CLEAR_SELECTION - null, AccessibilityAction: ACTION_ACCESSIBILITY_FOCUS - null, AccessibilityAction: ACTION_SHOW_ON_SCREEN - null]; isTextSelectable: false
06-23 15:47:31.931  7077  7131 I Maestro : Skipping invisible child: android.view.accessibility.AccessibilityNodeInfo@124e9; boundsInParent: Rect(0, 0 - 320, 0); boundsInScreen: Rect(0, 0 - 320, 0); boundsInWindow: Rect(0, 0 - 320, 0); packageName: com.hanapkalinga.mobile; className: android.view.ViewGroup; text: null; error: null; maxTextLength: -1; stateDescription: null; contentDescription: null; tooltipText: null; containerTitle: null; viewIdResName: null; uniqueId: null; checkable: false; checked: false; focusable: false; focused: false; selected: false; clickable: false; longClickable: false; contextClickable: false; enabled: true; password: false; scrollable: false; importantForAccessibility: false; visible: false; actions: [AccessibilityAction: ACTION_SELECT - null, AccessibilityAction: ACTION_CLEAR_SELECTION - null, AccessibilityAction: ACTION_ACCESSIBILITY_FOCUS - null, AccessibilityAction: ACTION_SHOW_ON_SCREEN - null]; isTextSelectable: false
06-23 15:47:31.931  7077  7131 I Maestro : Skipping invisible child: android.view.accessibility.AccessibilityNodeInfo@191c6; boundsInParent: Rect(0, 0 - 320, 0); boundsInScreen: Rect(0, 0 - 320, 0); boundsInWindow: Rect(0, 0 - 320, 0); packageName: com.hanapkalinga.mobile; className: android.widget.LinearLayout; text: null; error: null; maxTextLength: -1; stateDescription: null; contentDescription: null; tooltipText: null; containerTitle: null; viewIdResName: null; uniqueId: null; checkable: false; checked: false; focusable: false; focused: false; selected: false; clickable: false; longClickable: false; contextClickable: false; enabled: true; password: false; scrollable: false; importantForAccessibility: false; visible: false; actions: [AccessibilityAction: ACTION_SELECT - null, AccessibilityAction: ACTION_CLEAR_SELECTION - null, AccessibilityAction: ACTION_ACCESSIBILITY_FOCUS - null, AccessibilityAction: ACTION_SHOW_ON_SCREEN - null]; isTextSelectable: false
06-23 15:47:31.932  7077  7131 I Maestro : Skipping invisible child: android.view.accessibility.AccessibilityNodeInfo@18e05; boundsInParent: Rect(0, 0 - 320, 0); boundsInScreen: Rect(0, 0 - 320, 0); boundsInWindow: Rect(0, 0 - 320, 0); packageName: com.hanapkalinga.mobile; className: android.view.ViewGroup; text: null; error: null; maxTextLength: -1; stateDescription: null; contentDescription: null; tooltipText: null; containerTitle: null; viewIdResName: null; uniqueId: null; checkable: false; checked: false; focusable: false; focused: false; selected: false; clickable: false; longClickable: false; contextClickable: false; enabled: true; password: false; scrollable: false; importantForAccessibility: false; visible: false; actions: [AccessibilityAction: ACTION_SELECT - null, AccessibilityAction: ACTION_CLEAR_SELECTION - null, AccessibilityAction: ACTION_ACCESSIBILITY_FOCUS - null, AccessibilityAction: ACTION_SHOW_ON_SCREEN - null]; isTextSelectable: false
06-23 15:47:31.939  7077  7131 D Maestro : View hierarchy received in 18 ms
--------- beginning of system
06-23 15:47:32.026   523  2475 D WindowManager: captureDisplay
06-23 15:47:32.126   523  2475 D OomAdjuster: Not killing cached processes
06-23 15:47:32.389  7228  7247 D EGL_emulation: app_time_stats: avg=501.29ms min=497.99ms max=505.19ms count=3
06-23 15:47:32.611   523   550 I ActivityManager: Force stopping dev.mobile.maestro appid=10197 user=-1: deletePackageX
06-23 15:47:32.611   523   550 E libprocessgroup: No such cgroup attribute: /sys/fs/cgroup/uid_4294877493/cgroup.freeze
06-23 15:47:32.611   523   550 W libprocessgroup: Failed to apply Frozen process profile: No such file or directory
06-23 15:47:32.612   523   550 I ActivityManager: Killing 7077:dev.mobile.maestro/u0a197 (adj 0): stop dev.mobile.maestro due to deletePackageX
06-23 15:47:32.612   523   541 D DisplayManagerService: Drop pending events for gone uid 10197
06-23 15:47:32.613   523   550 W ActivityManager: Crash of app dev.mobile.maestro running instrumentation ComponentInfo{dev.mobile.maestro.test/androidx.test.runner.AndroidJUnitRunner}
06-23 15:47:32.614   523   550 I ActivityManager: Force stopping dev.mobile.maestro appid=10197 user=0: finished inst
06-23 15:47:32.616   523   550 E libprocessgroup: No such cgroup attribute: /sys/fs/cgroup/uid_4294877493/cgroup.freeze
06-23 15:47:32.616   523   550 W libprocessgroup: Failed to apply Unfrozen process profile: No such file or directory
06-23 15:47:32.617  7065  7065 I app_process: System.exit called, status: 0
06-23 15:47:32.617  7065  7065 I AndroidRuntime: VM exiting with result code 0.
--------- beginning of kernel
06-23 15:47:32.807     0     0 I servicemanager: Since 'artd' could not be found, trying to start it as a lazy AIDL service. (if it's not configured to be a lazy service, it may be stuck starting or still starting).
06-23 15:47:32.626   523  2467 V ActivityManager: Got obituary of 7077:dev.mobile.maestro
06-23 15:47:32.818     0     0 I binder  : undelivered transaction 843674, process died.
06-23 15:47:32.630   523  2463 W WindowMagnificationMgr: requestConnection duplicated request: connect=false, mConnectionState=DISCONNECTED
06-23 15:47:32.631   523  2463 W WindowMagnificationMgr: requestConnection duplicated request: connect=false, mConnectionState=DISCONNECTED
06-23 15:47:32.631  1626  1653 I AiAiEcho: Settings changed for uri: content://settings/secure/accessibility_enabled
06-23 15:47:32.632  1626  1899 I AiAiEcho: Predicting[0]: 
06-23 15:47:32.632  1626  1899 I AiAiEcho: EchoTargets: 
06-23 15:47:32.632  1626  1899 I AiAiEcho: Filtered by AiAi flag check: 
06-23 15:47:32.632  1626  1899 I AiAiEcho: Ranked targets strategy: SORT, count: 0, ranking metadata: 
06-23 15:47:32.632  1626  1899 I AiAiEcho: Predicting[0]: 
06-23 15:47:32.633  1626  1899 I AiAiEcho: EchoTargets: 
06-23 15:47:32.633  1626  1899 I AiAiEcho: Filtered by AiAi flag check: 
06-23 15:47:32.633  1626  1899 I AiAiEcho: Ranked targets strategy: SORT, count: 0, ranking metadata: 
06-23 15:47:32.821     0     0 I init    : Untracked pid 7065 exited with status 0
06-23 15:47:32.822     0     0 I init    : Untracked pid 7065 did not have an associated service entry and will not be reaped
06-23 15:47:32.634  1626  1899 I AiAiEcho: #postPredictionTargets: Sending updates to UISurface lockscreen with targets# 0 (types=[])
06-23 15:47:32.634   336   336 I Zygote  : Process 7077 exited due to signal 9 (Killed)
06-23 15:47:32.634   523   523 D BatterySaverPolicy: accessibility changed to false, updating policy.
06-23 15:47:32.635  1626  1899 I AiAiEcho: #postPredictionTargets: Sending updates to UISurface home with targets# 0 (types=[])
06-23 15:47:32.635  1626  1659 I AiAiEcho: Settings changed for uri: content://settings/secure/accessibility_enabled
06-23 15:47:32.635  1723  2326 I A       : NGA enabled in interactor.
06-23 15:47:32.635  1723  2326 I A       : Nga state changed to NgaStateDetails{state=ENABLED, isSpecialExperience=false}
06-23 15:47:32.635  1626  1899 I AiAiEcho: Predicting[0]: 
06-23 15:47:32.635  1626  1899 I AiAiEcho: EchoTargets: 
06-23 15:47:32.635  1626  1899 I AiAiEcho: Filtered by AiAi flag check: 
06-23 15:47:32.636  1626  1899 I AiAiEcho: Ranked targets strategy: SORT, count: 0, ranking metadata: 
06-23 15:47:32.636  1626  1899 I AiAiEcho: Predicting[0]: 
06-23 15:47:32.636  1626  1899 I AiAiEcho: EchoTargets: 
06-23 15:47:32.636  1626  1899 I AiAiEcho: Filtered by AiAi flag check: 
06-23 15:47:32.636  1626  1899 I AiAiEcho: Ranked targets strategy: SORT, count: 0, ranking metadata: 
06-23 15:47:32.636  1626  1899 I AiAiEcho: #postPredictionTargets: Sending updates to UISurface lockscreen with targets# 0 (types=[])
06-23 15:47:32.636  1626  1899 I AiAiEcho: #postPredictionTargets: Sending updates to UISurface home with targets# 0 (types=[])
06-23 15:47:32.640   838   838 W PageIndicator: Total number of pages invalid: 0. Assuming 1 page.
06-23 15:47:32.640   838   838 W PageIndicator: Total number of pages invalid: 0. Assuming 1 page.
06-23 15:47:32.641  1639  1714 I A       : Initializing all components
06-23 15:47:32.641  1639  1714 I A       : APA or Classic session decision: SessionDecision(sessionVariance=CLASSIC, platformVariance=CLASSIC, justification=CURRENT_PLATFORM_VARIANCE).
06-23 15:47:32.830     0     0 I init    : starting service 'artd'...
06-23 15:47:32.641  1639  2013 I A       : onIsEnabledChanged, isEnabled: false
06-23 15:47:32.641  1639  1714 I A       : [Memory] eligibility: StashEligibility{6}
06-23 15:47:32.642  1639  2012 I A       : State changed: IDLE => IDLE by NGA_STATE_CHANGED and N/A with Optional.empty
06-23 15:47:32.642  1639  2012 I A       : Recognizer choice: (recognizer_type: 1, recognizer_mode: 1, choice_reason: 4)
06-23 15:47:32.642  1639  2012 I A       : onActiveStateChangeEvent: IDLE => IDLE
06-23 15:47:32.642  1639  2012 I A       : #onActiveStateChangeEvent, newState: IDLE, previousState: IDLE.
06-23 15:47:32.643   523  2463 D CompatibilityChangeReporter: Compat change id reported: 197654537; UID 10192; state: ENABLED
06-23 15:47:32.644  1639  2013 W A       : Disposing empty manager. Did you forgot to subscribe observables?
06-23 15:47:32.644  1639  2013 W A       : Disposing empty manager. Did you forgot to subscribe observables?
06-23 15:47:32.644  1639  2013 W A       : Disposing empty manager. Did you forgot to subscribe observables?
06-23 15:47:32.644  1639  2013 W A       : Disposing empty manager. Did you forgot to subscribe observables?
06-23 15:47:32.645  1639  2013 W A       : Disposing empty manager. Did you forgot to subscribe observables?
06-23 15:47:32.645  1639  2013 W A       : Disposing empty manager. Did you forgot to subscribe observables?
06-23 15:47:32.645  1639  2013 W A       : Disposing empty manager. Did you forgot to subscribe observables?
06-23 15:47:32.645  1639  2013 W A       : Disposing empty manager. Did you forgot to subscribe observables?
06-23 15:47:32.645  1639  2013 W A       : Disposing empty manager. Did you forgot to subscribe observables?
06-23 15:47:32.645  1639  2013 W A       : Disposing empty manager. Did you forgot to subscribe observables?
06-23 15:47:32.646  1639  2013 I A       : onOpaVisibilityChanged: false
06-23 15:47:32.646  1639  2013 W A       : Disposing empty manager. Did you forgot to subscribe observables?
06-23 15:47:32.646  1639  2013 W A       : Disposing empty manager. Did you forgot to subscribe observables?
06-23 15:47:32.646  1639  2013 W A       : Disposing empty manager. Did you forgot to subscribe observables?
06-23 15:47:32.646  1639  2013 W A       : Disposing empty manager. Did you forgot to subscribe observables?
06-23 15:47:32.646  1639  2013 W A       : Disposing empty manager. Did you forgot to subscribe observables?
06-23 15:47:32.646  1639  2013 W A       : Disposing empty manager. Did you forgot to subscribe observables?
06-23 15:47:32.646  1639  2013 I A       : Setting session to type: NO_SESSION
06-23 15:47:32.646  1639  2013 W A       : Disposing empty manager. Did you forgot to subscribe observables?
06-23 15:47:32.646  1639  2013 W A       : Disposing empty manager. Did you forgot to subscribe observables?
06-23 15:47:32.646  1639  2013 W A       : Disposing empty manager. Did you forgot to subscribe observables?
06-23 15:47:32.646  1639  2013 W A       : Disposing empty manager. Did you forgot to subscribe observables?
06-23 15:47:32.646  1639  2013 W A       : Disposing empty manager. Did you forgot to subscribe observables?
06-23 15:47:32.646  1639  2013 W A       : Disposing empty manager. Did you forgot to subscribe observables?
06-23 15:47:32.646  1639  2013 W A       : Disposing empty manager. Did you forgot to subscribe observables?
06-23 15:47:32.646  1639  2013 W A       : Disposing empty manager. Did you forgot to subscribe observables?
06-23 15:47:32.646  1639  2013 I A       : setNavBarVisible: GestureNavBarVisible{navbarVisible=true}
06-23 15:47:32.647  1639  2013 W A       : Disposing empty manager. Did you forgot to subscribe observables?
06-23 15:47:32.647  1639  2013 W A       : Disposing empty manager. Did you forgot to subscribe observables?
06-23 15:47:32.647  1639  2013 W A       : Disposing empty manager. Did you forgot to subscribe observables?
06-23 15:47:32.647  1639  2013 W A       : Disposing empty manager. Did you forgot to subscribe observables?
06-23 15:47:32.647  1639  2013 W A       : Disposing empty manager. Did you forgot to subscribe observables?
06-23 15:47:32.647  1639  2013 W A       : Disposing empty manager. Did you forgot to subscribe observables?
06-23 15:47:32.647  1639  2013 I A       : onDisabled. Registered: false
06-23 15:47:32.648  1639  2013 I A       : on opa visibility changed false
06-23 15:47:32.648  1639  2013 I A       : on opa visibility changed false
06-23 15:47:32.648  1639  2013 I A       : stopListening(NGA_PAUSED_UNKNOWN_REASON, NGA_CREATE), idleOverride=NOT_LISTENING
06-23 15:47:32.650  1639  2013 I NgaEntryPointEventSendr: setupConnection
06-23 15:47:32.654  1639  2012 I A       : Initialize
06-23 15:47:32.844     0     0 I init    : ... started service 'artd' has pid 7371
06-23 15:47:32.845     0     0 I init    : Control message: Processed ctl.interface_start for 'aidl/artd' from pid: 134 (/system/bin/servicemanager)
06-23 15:47:32.661  1639  2013 I NgaEntryPointEventSendr: State changed: Disconnected => Connecting
06-23 15:47:32.663  1639  2013 I A       : Successfully initialized all components
06-23 15:47:32.664  1723  1723 I A       : Creating pss binder().
06-23 15:47:32.668  1639  2013 I NgaEntryPointEventSendr: onServiceConnected
06-23 15:47:32.669  1723  5380 I A       : Calling beginBinderSession().
06-23 15:47:32.671  1723  5380 I A       : beginBinderSession(): calling binder
06-23 15:47:32.671  1639  2013 I NgaEntryPointEventSendr: State changed: Connecting => Ready
06-23 15:47:32.672  7371  7371 I artd    : Starting artd
06-23 15:47:32.672  7371  7371 I AidlLazyServiceRegistrar: Registering service artd
06-23 15:47:32.864     0     0 I BpBinder: onLastStrongRef automatically unlinking death recipients:
06-23 15:47:32.867     0     0 I servicemanager: Notifying artd they do (previously: don't) have clients when service is guaranteed to be in use
06-23 15:47:32.678  7371  7375 I AidlLazyServiceRegistrar: Process has 1 (of 1 available) client(s) in use after notification artd has clients: 1
06-23 15:47:32.683  1723  2355 W CorpusConfigHelper: Invalid input from icing corpus JSON flag.
06-23 15:47:32.683  1723  2355 W CorpusConfigHelper: android.util.MalformedJsonException: Use JsonReader.setLenient(true) to accept malformed JSON at line 123 column 2
06-23 15:47:32.683  1723  2355 W CorpusConfigHelper: 	at android.util.JsonReader.syntaxError(JsonReader.java:1162)
06-23 15:47:32.683  1723  2355 W CorpusConfigHelper: 	at android.util.JsonReader.checkLenient(JsonReader.java:840)
06-23 15:47:32.683  1723  2355 W CorpusConfigHelper: 	at android.util.JsonReader.nextInArray(JsonReader.java:615)
06-23 15:47:32.683  1723  2355 W CorpusConfigHelper: 	at android.util.JsonReader.peek(JsonReader.java:345)
06-23 15:47:32.683  1723  2355 W CorpusConfigHelper: 	at android.util.JsonReader.hasNext(JsonReader.java:321)
06-23 15:47:32.683  1723  2355 W CorpusConfigHelper: 	at com.google.android.apps.gsa.searchbox.c.b.b.k.c(PG:7)
06-23 15:47:32.683  1723  2355 W CorpusConfigHelper: 	at com.google.android.apps.gsa.searchbox.c.b.b.k.<init>(PG:5)
06-23 15:47:32.683  1723  2355 W CorpusConfigHelper: 	at com.google.android.apps.gsa.staticplugins.searchboxroot.features.n.a.c.<init>(PG:16)
06-23 15:47:32.683  1723  2355 W CorpusConfigHelper: 	at com.google.android.apps.gsa.staticplugins.searchboxroot.b.a(PG:14)
06-23 15:47:32.683  1723  2355 W CorpusConfigHelper: 	at com.google.android.apps.gsa.staticplugins.searchboxroot.x.<init>(PG:7)
06-23 15:47:32.683  1723  2355 W CorpusConfigHelper: 	at com.google.android.apps.gsa.binaries.velvet.app.akd.b(PG:15)
06-23 15:47:32.683  1723  2355 W CorpusConfigHelper: 	at dagger.a.e.b(PG:1)
06-23 15:47:32.683  1723  2355 W CorpusConfigHelper: 	at com.google.android.apps.gsa.staticplugins.searchboxroot.a.a.a(PG:3)
06-23 15:47:32.683  1723  2355 W CorpusConfigHelper: 	at com.google.android.apps.gsa.binaries.velvet.app.ok.f(Unknown Source:2541)
06-23 15:47:32.683  1723  2355 W CorpusConfigHelper: 	at com.google.android.apps.gsa.binaries.velvet.app.ok.b(PG:1)
06-23 15:47:32.683  1723  2355 W CorpusConfigHelper: 	at com.google.android.apps.gsa.search.core.service.g.a.c.a(PG:2)
06-23 15:47:32.683  1723  2355 W CorpusConfigHelper: 	at com.google.android.libraries.gsa.k.a.f.a(PG:2)
06-23 15:47:32.683  1723  2355 W CorpusConfigHelper: 	at com.google.common.util.concurrent.dx.a(PG:1)
06-23 15:47:32.683  1723  2355 W CorpusConfigHelper: 	at com.google.common.util.concurrent.cv.run(PG:4)
06-23 15:47:32.683  1723  2355 W CorpusConfigHelper: 	at com.google.common.util.concurrent.dz.run(PG:1)
06-23 15:47:32.683  1723  2355 W CorpusConfigHelper: 	at com.google.android.libraries.i.ae.run(PG:1)
06-23 15:47:32.683  1723  2355 W CorpusConfigHelper: 	at java.util.concurrent.ThreadPoolExecutor.runWorker(ThreadPoolExecutor.java:1145)
06-23 15:47:32.683  1723  2355 W CorpusConfigHelper: 	at java.util.concurrent.ThreadPoolExecutor$Worker.run(ThreadPoolExecutor.java:644)
06-23 15:47:32.683  1723  2355 W CorpusConfigHelper: 	at com.google.android.libraries.i.k.run(PG:2)
06-23 15:47:32.683  1723  2355 W CorpusConfigHelper: 	at com.google.android.libraries.i.p.run(PG:4)
06-23 15:47:32.683  1723  2355 W CorpusConfigHelper: 	at java.lang.Thread.run(Thread.java:1012)
06-23 15:47:32.683  1723  2355 W A       : Queue length for executor EventBus is now 11. Perhaps some tasks are too long, or the pool is too small.
06-23 15:47:32.694   523  2051 W ActivityManager: Unable to start service Intent { cmp=com.google.android.apps.tachyon/.clientapi.ClientApiService } U=0: not found
06-23 15:47:32.695  1639  2013 I NgaEntryPointEventSendr: State changed: Ready => Disconnected (onOpaDisconnected)
06-23 15:47:32.696  1723  2376 W A       : UiCallbackStub-onGenericEvent[ServiceEvent = 241] task was not run. Callback from Service received after client was disposed.
06-23 15:47:32.697  1723  2376 W A       : UiCallbackStub-onGenericEvent[ServiceEvent = 241] task was not run. Callback from Service received after client was disposed.
06-23 15:47:32.697  1723  2376 W A       : UiCallbackStub-onGenericEvent[ServiceEvent = 60] task was not run. Callback from Service received after client was disposed.
06-23 15:47:32.697  1723  2376 W A       : UiCallbackStub-onGenericEvent[ServiceEvent = 60] task was not run. Callback from Service received after client was disposed.
06-23 15:47:32.697  1723  2376 W A       : UiCallbackStub-onGenericEvent[ServiceEvent = 42] task was not run. Callback from Service received after client was disposed.
06-23 15:47:32.699  1723  2388 I PBSessionCacheImpl: Deleted sessionId[7579616367998639] from persistence.
06-23 15:47:32.901     0     0 I logd    : start watching /data/system/packages.list ...
06-23 15:47:32.903     0     0 I logd    : ReadPackageList, total packages: 201
06-23 15:47:32.714   523   576 D PackageManager: Instant App installer not found with android.intent.action.INSTALL_INSTANT_APP_PACKAGE
06-23 15:47:32.715   523   576 D PackageManager: Clear ephemeral installer activity
06-23 15:47:32.718   523  3032 E TaskPersister: File error accessing recents directory (directory doesn't exist?).
06-23 15:47:32.718  1723  2376 W A       : UiCallbackStub-onGenericEvent[ServiceEvent = 67] task was not run. Callback from Service received after client was disposed.
06-23 15:47:32.719  1723  2376 W A       : UiCallbackStub-onGenericEvent[ServiceEvent = 60] task was not run. Callback from Service received after client was disposed.
06-23 15:47:32.721  1723  2376 W SearchServiceCore: Abort, client detached.
06-23 15:47:32.722  1723  2376 I MicroDetectionState: Should stop hotword detection immediately - true
06-23 15:47:32.722  1723  2376 I A       : Using proto config with mendel
06-23 15:47:32.722  1723  2376 I A       : Using proto config with mendel
06-23 15:47:32.737   523   576 I ActivityManager: Force stopping dev.mobile.maestro appid=10197 user=0: pkg removed
06-23 15:47:32.751   523   772 E AppOps  : attributionTag VCN not declared in manifest of android
06-23 15:47:32.754   523   759 W WifiService: Couldn't get PackageInfo for package:dev.mobile.maestro
06-23 15:47:32.754   523   759 D WifiService: Remove settings for package:dev.mobile.maestro
06-23 15:47:32.754   523   759 D WifiConfigManager: Remove all networks for app ApplicationInfo{de27201 dev.mobile.maestro}
06-23 15:47:32.760   523   759 D WifiConfigStore: Writing to stores completed in 5 ms.
06-23 15:47:32.760   523   759 I PasspointManager: No app ops listener found for dev.mobile.maestro
06-23 15:47:32.762  1051  1051 D CarrierSvcBindHelper: onPackageRemoved: dev.mobile.maestro
06-23 15:47:32.762  1051  1051 D CarrierSvcBindHelper: No carrier app for: 0
06-23 15:47:32.765  3966  3966 V MediaPlayerList: mPackageChangedBroadcastReceiver: action: android.intent.action.PACKAGE_REMOVED
06-23 15:47:32.765  3966  3966 V MediaPlayerList: mPackageChangedBroadcastReceiver: action: android.intent.action.PACKAGE_REMOVED
06-23 15:47:32.766   523   523 D ActivityManager: sync unfroze 6436 com.android.keychain for 10
06-23 15:47:32.767   523   636 V StorageManagerService: Package dev.mobile.maestro does not have legacy storage
06-23 15:47:32.768   523   523 D ActivityManager: sync unfroze 1054 com.android.settings for 10
06-23 15:47:32.769   523   523 D ActivityManager: sync unfroze 3524 com.android.dynsystem:dynsystem for 10
06-23 15:47:32.769   523   523 D ActivityManager: sync unfroze 3483 com.android.dynsystem for 10
06-23 15:47:32.769   523   523 D ActivityManager: sync unfroze 2403 com.android.localtransport for 10
06-23 15:47:32.777   523   615 I RoleService: Granting default roles...
06-23 15:47:32.781   523   523 I Telecom : CarModeTracker: Package dev.mobile.maestro is not tracked.: SSH.oR@AWw🔒
06-23 15:47:32.781   523   523 I Telecom : InCallController: updateCarModeForConnections: car mode apps: : SSH.oR@AWw🔒
06-23 15:47:32.781   523   523 I Telecom : InCallController: update carmode current:UserHandle{0} parent:null: SSH.oR@AWw🔒
06-23 15:47:32.782   523   523 I ConditionProviders: Disallowing condition provider dev.mobile.maestro (userSet: true)
06-23 15:47:32.785   397  1455 D AF::TrackHandle: OpPlayAudio: track:55 usage:13 not muted
06-23 15:47:32.786   397  1455 D AF::TrackHandle: OpPlayAudio: track:55 usage:13 not muted
06-23 15:47:32.786   397  1455 D AF::TrackHandle: OpPlayAudio: track:55 usage:13 not muted
06-23 15:47:32.786   397  1455 D AF::TrackHandle: OpPlayAudio: track:55 usage:13 not muted
06-23 15:47:32.786   397  1455 D AF::TrackHandle: OpPlayAudio: track:55 usage:13 not muted
06-23 15:47:32.787   397  1455 D AF::TrackHandle: OpPlayAudio: track:55 usage:13 not muted
06-23 15:47:32.787   397  1455 D AF::TrackHandle: OpPlayAudio: track:55 usage:13 not muted
06-23 15:47:32.787   397  1455 D AF::TrackHandle: OpPlayAudio: track:55 usage:13 not muted
06-23 15:47:32.787   397  1455 D AF::TrackHandle: OpPlayAudio: track:55 usage:13 not muted
06-23 15:47:32.787   397  1455 D AF::TrackHandle: OpPlayAudio: track:55 usage:13 not muted
06-23 15:47:32.787   397  1455 D AF::TrackHandle: OpPlayAudio: track:55 usage:13 not muted
06-23 15:47:32.787   397  1455 D AF::TrackHandle: OpPlayAudio: track:55 usage:13 not muted
06-23 15:47:32.788   397  1455 D AF::TrackHandle: OpPlayAudio: track:55 usage:13 not muted
06-23 15:47:32.788   397  1455 D AF::TrackHandle: OpPlayAudio: track:55 usage:13 not muted
06-23 15:47:32.788   397  1455 D AF::TrackHandle: OpPlayAudio: track:55 usage:13 not muted
06-23 15:47:32.788   397  1455 D AF::TrackHandle: OpPlayAudio: track:55 usage:13 not muted
06-23 15:47:32.791   523   627 I InputReader: Reconfiguring input devices, changes=KEYBOARD_LAYOUTS
06-23 15:47:32.800   523   615 D ActivityManager: sync unfroze 842 com.google.android.permissioncontroller for 6
06-23 15:47:32.805   523   609 I RollbackManager: broadcast=ACTION_PACKAGE_FULLY_REMOVED pkg=dev.mobile.maestro
06-23 15:47:32.807   523   759 W WifiService: Couldn't get PackageInfo for package:dev.mobile.maestro
06-23 15:47:32.807   523   759 D WifiService: Remove settings for package:dev.mobile.maestro
06-23 15:47:32.807   523   759 D WifiConfigManager: Remove all networks for app ApplicationInfo{837e3d5 dev.mobile.maestro}
06-23 15:47:32.812   838   907 D StylusManager: Stylus InputDevice changed: 12 virtio_input_multi_touch_9
06-23 15:47:32.814   523   759 D WifiConfigStore: Writing to stores completed in 7 ms.
06-23 15:47:32.814   523   759 I PasspointManager: No app ops listener found for dev.mobile.maestro
06-23 15:47:32.818  1655  1655 W MediaProvider: WorkProfileOwnerApps cache is empty
06-23 15:47:32.820   523   550 D ActivityManager: sync unfroze 2811 com.android.chrome for 3
06-23 15:47:32.842   523   550 I ActivityManager: Force stopping dev.mobile.maestro.test appid=10198 user=-1: deletePackageX
06-23 15:47:32.843   523   550 E libprocessgroup: No such cgroup attribute: /sys/fs/cgroup/uid_4294877494/cgroup.freeze
06-23 15:47:32.843   523   550 W libprocessgroup: Failed to apply Frozen process profile: No such file or directory
06-23 15:47:32.858   523   550 E libprocessgroup: No such cgroup attribute: /sys/fs/cgroup/uid_4294877494/cgroup.freeze
06-23 15:47:32.858   523   550 W libprocessgroup: Failed to apply Unfrozen process profile: No such file or directory
06-23 15:47:32.892   838   907 D StylusManager: Stylus InputDevice changed: 13 virtio_input_multi_touch_10
06-23 15:47:32.894   838   907 D StylusManager: Stylus InputDevice changed: 5 virtio_input_multi_touch_2
06-23 15:47:32.901   838   907 D StylusManager: Stylus InputDevice changed: 11 virtio_input_multi_touch_8
06-23 15:47:32.902   838   907 D StylusManager: Stylus InputDevice changed: 14 virtio_input_multi_touch_11
06-23 15:47:32.902   838   907 D StylusManager: Stylus InputDevice changed: 6 virtio_input_multi_touch_3
06-23 15:47:32.902   838   907 D StylusManager: Stylus InputDevice changed: 10 virtio_input_multi_touch_7
06-23 15:47:32.902   838   907 D StylusManager: Stylus InputDevice changed: 8 virtio_input_multi_touch_5
06-23 15:47:32.903   838   907 D StylusManager: Stylus InputDevice changed: 9 virtio_input_multi_touch_6
06-23 15:47:32.907   523   550 D ActivityManager: sync unfroze 2311 com.google.android.documentsui for 3
06-23 15:47:32.911   838   838 D ControlsListingControllerImpl: ServiceConfig reloaded, count: 0
06-23 15:47:32.916   838   907 D StylusManager: Stylus InputDevice changed: 4 virtio_input_multi_touch_1
06-23 15:47:32.917   838   907 D StylusManager: Stylus InputDevice changed: 7 virtio_input_multi_touch_4
06-23 15:47:32.918   523   532 I system_server: Background concurrent copying GC freed 344769(16MB) AllocSpace objects, 29(984KB) LOS objects, 46% free, 27MB/51MB, paused 56us,108us total 201.305ms
06-23 15:47:32.923   523   533 W JavaBinder: BinderProxy is being destroyed but the application did not call unlinkToDeath to unlink all of its death recipients beforehand.  Releasing leaked death recipient: com.android.server.wm.ActivityRecord$$ExternalSyntheticLambda0
06-23 15:47:32.923   523   533 I BpBinder: onLastStrongRef automatically unlinking death recipients: 
06-23 15:47:32.940   523   576 D PackageManager: Instant App installer not found with android.intent.action.INSTALL_INSTANT_APP_PACKAGE
06-23 15:47:32.940   523   576 D PackageManager: Clear ephemeral installer activity
06-23 15:47:33.128     0     0 I logd    : start watching /data/system/packages.list ...
06-23 15:47:33.130     0     0 I logd    : ReadPackageList, total packages: 200
06-23 15:47:32.942   523  3032 E TaskPersister: File error accessing recents directory (directory doesn't exist?).
06-23 15:47:32.951  1655  2493 I MediaProvider: Begin Intent { act=android.intent.action.PACKAGE_FULLY_REMOVED dat=package: flg=0x5000010 cmp=com.google.android.providers.media.module/com.android.providers.media.MediaService (has extras) }
06-23 15:47:32.979   523   549 W WindowMagnificationMgr: requestConnection duplicated request: connect=false, mConnectionState=DISCONNECTED
06-23 15:47:32.979  1655  2493 D MediaProvider: Deleted 0 Android/media items belonging to dev.mobile.maestro on /data/user/0/com.google.android.providers.media.module/databases/external.db
06-23 15:47:32.985   842  7396 E RoleControllerServiceImpl: Default/fallback role holder package doesn't qualify for the role, package: com.google.android.gms.supervision, role: android.app.role.SYSTEM_SUPERVISION
06-23 15:47:32.988   523   550 D ActivityManager: sync unfroze 2162 android.process.media for 3
06-23 15:47:32.992  5400  5400 D BoundBrokerSvc: onBind: Intent { act=com.google.android.gms.common.BIND_SHARED_PREFS pkg=com.google.android.gms }
06-23 15:47:32.992  5400  5400 D BoundBrokerSvc: Loading bound service for intent: Intent { act=com.google.android.gms.common.BIND_SHARED_PREFS pkg=com.google.android.gms }
06-23 15:47:32.994  5400  5400 D BoundBrokerSvc: onUnbind: Intent { act=com.google.android.gms.common.BIND_SHARED_PREFS pkg=com.google.android.gms }
06-23 15:47:32.998  5400  7407 I BlockstoreStorage: Clearing all the Blockstore Data for package dev.mobile.maestro [CONTEXT service_id=258 ]
06-23 15:47:32.998  5400  7407 I BlockstoreStorage: Clearing all the Blockstore Data for 1 packages [CONTEXT service_id=258 ]
06-23 15:47:32.999   523  2732 D SafetySourceDataValidator: No cert check requested for package com.google.android.permissioncontroller
06-23 15:47:33.000   523   576 I ActivityManager: Force stopping dev.mobile.maestro.test appid=10198 user=0: pkg removed
06-23 15:47:33.000   523   576 E libprocessgroup: No such cgroup attribute: /sys/fs/cgroup/uid_10198/cgroup.freeze
06-23 15:47:33.000   523   576 W libprocessgroup: Failed to apply Frozen process profile: No such file or directory
06-23 15:47:33.002   842  7396 I Role    : com.google.android.gms not qualified for android.app.role.SYSTEM_CALL_STREAMING due to missing RequiredComponent{mIntentFilterData=IntentFilterData{mAction='android.telecom.CallStreamingService', mCategories='[]', mDataScheme='null', mDataType='null'}, mMinTargetSdkVersion=1, mFlags='0', mPermission='android.permission.BIND_CALL_STREAMING_SERVICE', mQueryFlags=0, mMetaData=[]}
06-23 15:47:33.002   842  7396 E RoleControllerServiceImpl: Default/fallback role holder package doesn't qualify for the role, package: com.google.android.gms, role: android.app.role.SYSTEM_CALL_STREAMING
06-23 15:47:33.003  5400  6987 I ContentMaintenance: Internal cache bytes used: 0; limit: 100000000; download size: 0
06-23 15:47:33.009   523   576 E libprocessgroup: No such cgroup attribute: /sys/fs/cgroup/uid_10198/cgroup.freeze
06-23 15:47:33.009   523   576 W libprocessgroup: Failed to apply Unfrozen process profile: No such file or directory
06-23 15:47:33.009  5385  7332 I ProximityAuth: [RecentAppsMediator] Package removed: (user=UserHandle{0}) dev.mobile.maestro
06-23 15:47:33.012   842  7396 W Role    : Default holder doesn't have required signing certificate: com.google.android.apps.work.clouddpc:23962F4B43B9857638EA66F4D419518EAE282491ACDA4B94707BD59003C45E58
06-23 15:47:33.018  5400  7407 W SQLiteLog: (28) double-quoted string literal: "dev.mobile.maestro"
06-23 15:47:33.020  5400  6987 I RealtimeCacheCleanup: Beginning Realtime garbage collection.
06-23 15:47:33.020  5400  6987 I RealtimeCacheCleanup: Finished Realtime garbage collection.
06-23 15:47:33.025  1655  2493 D MediaGrants: Removed 0 media_grants for 0 user for dev.mobile.maestro. Reason: Package orphaned
06-23 15:47:33.028  5400  6987 I Icing   : Indexing com.google.android.gms-apps from com.google.android.gms
06-23 15:47:33.036  1051  1051 D CarrierSvcBindHelper: onPackageRemoved: dev.mobile.maestro.test
06-23 15:47:33.037  5385  7332 I Fitness : FitCleanupIntentOperation received Intent android.intent.action.PACKAGE_REMOVED [CONTEXT service_id=17 ]
06-23 15:47:33.037  1655  2493 I MediaProvider: End Intent { act=android.intent.action.PACKAGE_FULLY_REMOVED dat=package: flg=0x5000010 cmp=com.google.android.providers.media.module/com.android.providers.media.MediaService (has extras) }
06-23 15:47:33.040  5400  6987 I Icing   : Indexing done com.google.android.gms-apps
06-23 15:47:33.042  5400  6987 I Icing   : doRemovePackageData dev.mobile.maestro
06-23 15:47:33.044  3966  3966 V MediaPlayerList: mPackageChangedBroadcastReceiver: action: android.intent.action.PACKAGE_REMOVED
06-23 15:47:33.044  3966  3966 V MediaPlayerList: mPackageChangedBroadcastReceiver: action: android.intent.action.PACKAGE_REMOVED
06-23 15:47:33.045  1051  1051 D CarrierSvcBindHelper: No carrier app for: 0
06-23 15:47:33.046   842   842 D PersistedStoragePackageUninstalledReceiver: Received android.intent.action.PACKAGE_FULLY_REMOVED for dev.mobile.maestro for u0
06-23 15:47:33.050  1655  1655 W MediaProvider: WorkProfileOwnerApps cache is empty
06-23 15:47:33.058   523  2467 D SafetySourceDataValidator: No cert check requested for package com.google.android.permissioncontroller
06-23 15:47:33.065  1655  2493 I MediaProvider: Begin Intent { act=android.intent.action.PACKAGE_FULLY_REMOVED dat=package: flg=0x5000010 cmp=com.google.android.providers.media.module/com.android.providers.media.MediaService (has extras) }
06-23 15:47:33.066   838   838 D ControlsListingControllerImpl: ServiceConfig reloaded, count: 0
06-23 15:47:33.066  1655  2493 D MediaProvider: Deleted 0 Android/media items belonging to dev.mobile.maestro.test on /data/user/0/com.google.android.providers.media.module/databases/external.db
06-23 15:47:33.067   842   842 D PersistedStoragePackageUninstalledReceiver: Received android.intent.action.PACKAGE_FULLY_REMOVED for dev.mobile.maestro.test for u0
06-23 15:47:33.079   523   759 W WifiService: Couldn't get PackageInfo for package:dev.mobile.maestro.test
06-23 15:47:33.079   523   759 D WifiService: Remove settings for package:dev.mobile.maestro.test
06-23 15:47:33.079   523   759 D WifiConfigManager: Remove all networks for app ApplicationInfo{2b08898 dev.mobile.maestro.test}
06-23 15:47:33.081   523   772 E AppOps  : attributionTag VCN not declared in manifest of android
06-23 15:47:33.083   523   627 I InputReader: Reconfiguring input devices, changes=KEYBOARD_LAYOUTS
06-23 15:47:33.084   523   759 D WifiConfigStore: Writing to stores completed in 4 ms.
06-23 15:47:33.085   523   759 I PasspointManager: No app ops listener found for dev.mobile.maestro.test
06-23 15:47:33.088   523   523 I ConditionProviders: Disallowing condition provider dev.mobile.maestro.test (userSet: true)
06-23 15:47:33.090   523   609 I RollbackManager: broadcast=ACTION_PACKAGE_FULLY_REMOVED pkg=dev.mobile.maestro.test
06-23 15:47:33.090   523   636 V StorageManagerService: Package dev.mobile.maestro.test does not have legacy storage
06-23 15:47:33.090  5400  5400 D BoundBrokerSvc: onBind: Intent { act=com.google.android.gms.common.BIND_SHARED_PREFS pkg=com.google.android.gms }
06-23 15:47:33.090  5400  5400 D BoundBrokerSvc: Loading bound service for intent: Intent { act=com.google.android.gms.common.BIND_SHARED_PREFS pkg=com.google.android.gms }
06-23 15:47:33.093   523   759 W WifiService: Couldn't get PackageInfo for package:dev.mobile.maestro.test
06-23 15:47:33.093   523   759 D WifiService: Remove settings for package:dev.mobile.maestro.test
06-23 15:47:33.093   523   759 D WifiConfigManager: Remove all networks for app ApplicationInfo{b87b755 dev.mobile.maestro.test}
06-23 15:47:33.094   838   907 D StylusManager: Stylus InputDevice changed: 12 virtio_input_multi_touch_9
06-23 15:47:33.094   335   366 I netd    : tetherGetStats() -> {[]} <0.26ms>
06-23 15:47:33.095   838   907 D StylusManager: Stylus InputDevice changed: 13 virtio_input_multi_touch_10
06-23 15:47:33.097   523   759 D WifiConfigStore: Writing to stores completed in 3 ms.
06-23 15:47:33.098   523   759 I PasspointManager: No app ops listener found for dev.mobile.maestro.test
06-23 15:47:33.098   838   907 D StylusManager: Stylus InputDevice changed: 5 virtio_input_multi_touch_2
06-23 15:47:33.102   523   523 I Telecom : CarModeTracker: Package dev.mobile.maestro.test is not tracked.: SSH.oR@AW8🔒
06-23 15:47:33.102   523   523 I Telecom : InCallController: updateCarModeForConnections: car mode apps: : SSH.oR@AW8🔒
06-23 15:47:33.102   523   523 I Telecom : InCallController: update carmode current:UserHandle{0} parent:null: SSH.oR@AW8🔒
06-23 15:47:33.113  1655  2493 D MediaGrants: Removed 0 media_grants for 0 user for dev.mobile.maestro.test. Reason: Package orphaned
06-23 15:47:33.113  1655  2493 I MediaProvider: End Intent { act=android.intent.action.PACKAGE_FULLY_REMOVED dat=package: flg=0x5000010 cmp=com.google.android.providers.media.module/com.android.providers.media.MediaService (has extras) }
06-23 15:47:33.118   838   907 D StylusManager: Stylus InputDevice changed: 11 virtio_input_multi_touch_8
06-23 15:47:33.123   838   907 D StylusManager: Stylus InputDevice changed: 14 virtio_input_multi_touch_11
06-23 15:47:33.128   838   907 D StylusManager: Stylus InputDevice changed: 6 virtio_input_multi_touch_3
06-23 15:47:33.133   838   907 D StylusManager: Stylus InputDevice changed: 10 virtio_input_multi_touch_7
06-23 15:47:33.138   397  1455 D AF::TrackHandle: OpPlayAudio: track:55 usage:13 not muted
06-23 15:47:33.139   397  1455 D AF::TrackHandle: OpPlayAudio: track:55 usage:13 not muted
06-23 15:47:33.139   397  1455 D AF::TrackHandle: OpPlayAudio: track:55 usage:13 not muted
06-23 15:47:33.139   397  1455 D AF::TrackHandle: OpPlayAudio: track:55 usage:13 not muted
06-23 15:47:33.139   397  1455 D AF::TrackHandle: OpPlayAudio: track:55 usage:13 not muted
06-23 15:47:33.139   397  1455 D AF::TrackHandle: OpPlayAudio: track:55 usage:13 not muted
06-23 15:47:33.139   397  1455 D AF::TrackHandle: OpPlayAudio: track:55 usage:13 not muted
06-23 15:47:33.139   397  1455 D AF::TrackHandle: OpPlayAudio: track:55 usage:13 not muted
06-23 15:47:33.139   397  1455 D AF::TrackHandle: OpPlayAudio: track:55 usage:13 not muted
06-23 15:47:33.139   397  1455 D AF::TrackHandle: OpPlayAudio: track:55 usage:13 not muted
06-23 15:47:33.139   397  1455 D AF::TrackHandle: OpPlayAudio: track:55 usage:13 not muted
06-23 15:47:33.139  5400  5400 D BoundBrokerSvc: onUnbind: Intent { act=com.google.android.gms.common.BIND_SHARED_PREFS pkg=com.google.android.gms }
06-23 15:47:33.140   397  1455 D AF::TrackHandle: OpPlayAudio: track:55 usage:13 not muted
06-23 15:47:33.140   397  1455 D AF::TrackHandle: OpPlayAudio: track:55 usage:13 not muted
06-23 15:47:33.140   397  1455 D AF::TrackHandle: OpPlayAudio: track:55 usage:13 not muted
06-23 15:47:33.140   397  1455 D AF::TrackHandle: OpPlayAudio: track:55 usage:13 not muted
06-23 15:47:33.140   397  1455 D AF::TrackHandle: OpPlayAudio: track:55 usage:13 not muted
06-23 15:47:33.148  5400  7410 I BlockstoreStorage: Clearing all the Blockstore Data for package dev.mobile.maestro.test [CONTEXT service_id=258 ]
06-23 15:47:33.148  5400  7410 I BlockstoreStorage: Clearing all the Blockstore Data for 1 packages [CONTEXT service_id=258 ]
06-23 15:47:33.156   838   907 D StylusManager: Stylus InputDevice changed: 8 virtio_input_multi_touch_5
06-23 15:47:33.159  5400  6985 I Icing   : doRemovePackageData dev.mobile.maestro.test
06-23 15:47:33.160  5400  6985 I Icing   : Indexing com.google.android.gms-apps from com.google.android.gms
06-23 15:47:33.161  5400  6985 I Icing   : Indexing done com.google.android.gms-apps
06-23 15:47:33.164  5385  7421 I ProximityAuth: [RecentAppsMediator] Package removed: (user=UserHandle{0}) dev.mobile.maestro.test
06-23 15:47:33.166   335   366 I netd    : tetherGetStats() -> {[]} <0.44ms>
06-23 15:47:33.177  5400  7410 W SQLiteLog: (28) double-quoted string literal: "dev.mobile.maestro.test"
06-23 15:47:33.188   838   907 D StylusManager: Stylus InputDevice changed: 9 virtio_input_multi_touch_6
06-23 15:47:33.192  5385  7422 I Fitness : FitCleanupIntentOperation received Intent android.intent.action.PACKAGE_REMOVED [CONTEXT service_id=17 ]
06-23 15:47:33.194   838   907 D StylusManager: Stylus InputDevice changed: 4 virtio_input_multi_touch_1
06-23 15:47:33.194   838   907 D StylusManager: Stylus InputDevice changed: 7 virtio_input_multi_touch_4
06-23 15:47:33.206   523   532 I system_server: Background concurrent copying GC freed 219566(10MB) AllocSpace objects, 31(1040KB) LOS objects, 47% free, 26MB/50MB, paused 78us,277us total 263.821ms
06-23 15:47:33.222  1626  1626 I AiAiEcho: AppFetcherImplV2 onPackageRemoved dev.mobile.maestro.
06-23 15:47:33.223  1106  1106 D Launcher.Model: package removed received dev.mobile.maestro
06-23 15:47:33.224  1106  1140 D PackageUpdatedTask: Removing app icondev.mobile.maestro
06-23 15:47:33.224   523   549 W WindowMagnificationMgr: requestConnection duplicated request: connect=false, mConnectionState=DISCONNECTED
06-23 15:47:33.231  1626  1948 I AiAiEcho: EchoSearch: WidgetFetcherImpl is initialized with [28] widgets [reason=package removed for userId: 0]
06-23 15:47:33.237  1626  1899 I AiAiEcho: [pnb-agg] Reload pnb aggregation on events deleted
06-23 15:47:33.237  1626  1899 I AiAiEcho: [pnb-agg] pnb aggregation disabled.
06-23 15:47:33.246  1639  1639 I GsaVoiceInteractionSrv: O received Intent { act=android.intent.action.PACKAGE_REMOVED dat=package: flg=0x4000010 (has extras) }
06-23 15:47:33.248  1639  1639 I GsaVoiceInteractionSrv: O received Intent { act=android.intent.action.PACKAGE_REMOVED dat=package: flg=0x4000010 (has extras) }
06-23 15:47:33.251  1106  1140 D ModelWriter: removing items from db . Reason: [removed because the corresponding package or component is removed. mOp=3 removedPackages=[dev.mobile.maestro] removedComponents=[]]
06-23 15:47:33.254  1723  2376 W SearchServiceCore: Abort, client detached.
06-23 15:47:33.271  1106  1106 D Launcher.Model: package removed received dev.mobile.maestro.test
06-23 15:47:33.271  1106  1140 D PackageUpdatedTask: Removing app icondev.mobile.maestro.test
06-23 15:47:33.273  1626  1626 I AiAiEcho: AppFetcherImplV2 onPackageRemoved dev.mobile.maestro.test.
06-23 15:47:33.277  1106  1140 D ModelWriter: removing items from db . Reason: [removed because the corresponding package or component is removed. mOp=3 removedPackages=[dev.mobile.maestro.test] removedComponents=[]]
06-23 15:47:33.282  1626  1948 I AiAiEcho: EchoSearch: WidgetFetcherImpl is initialized with [28] widgets [reason=package removed for userId: 0]
06-23 15:47:33.289  1626  1899 I AiAiEcho: [pnb-agg] Reload pnb aggregation on events deleted
06-23 15:47:33.289  1626  1899 I AiAiEcho: [pnb-agg] pnb aggregation disabled.
06-23 15:47:33.388  1568  1674 W AppInfoHelper: <DWB> Application not found: dev.mobile.maestro.test
06-23 15:47:33.388  1568  1674 W AppInfoHelper: android.content.pm.PackageManager$NameNotFoundException: dev.mobile.maestro.test
06-23 15:47:33.388  1568  1674 W AppInfoHelper: 	at android.app.ApplicationPackageManager.getApplicationInfoAsUser(ApplicationPackageManager.java:507)
06-23 15:47:33.388  1568  1674 W AppInfoHelper: 	at android.app.ApplicationPackageManager.getApplicationInfo(ApplicationPackageManager.java:490)
06-23 15:47:33.388  1568  1674 W AppInfoHelper: 	at android.app.ApplicationPackageManager.getApplicationInfo(ApplicationPackageManager.java:484)
06-23 15:47:33.388  1568  1674 W AppInfoHelper: 	at czo.e(PG:2)
06-23 15:47:33.388  1568  1674 W AppInfoHelper: 	at czo.f(PG:7)
06-23 15:47:33.388  1568  1674 W AppInfoHelper: 	at crm.f(PG:14)
06-23 15:47:33.388  1568  1674 W AppInfoHelper: 	at cdm.apply(PG:74)
06-23 15:47:33.388  1568  1674 W AppInfoHelper: 	at j$.util.stream.i.accept(SourceFile:27)
06-23 15:47:33.388  1568  1674 W AppInfoHelper: 	at j$.util.stream.P0.accept(SourceFile:3)
06-23 15:47:33.388  1568  1674 W AppInfoHelper: 	at j$.util.a.forEachRemaining(SourceFile:20)
06-23 15:47:33.388  1568  1674 W AppInfoHelper: 	at j$.util.stream.c.v(SourceFile:21)
06-23 15:47:33.388  1568  1674 W AppInfoHelper: 	at j$.util.stream.c.C(SourceFile:8)
06-23 15:47:33.388  1568  1674 W AppInfoHelper: 	at j$.util.stream.I0.e(SourceFile:1)
06-23 15:47:33.388  1568  1674 W AppInfoHelper: 	at j$.util.stream.c.F(SourceFile:35)
06-23 15:47:33.388  1568  1674 W AppInfoHelper: 	at j$.util.stream.g1.collect(SourceFile:83)
06-23 15:47:33.388  1568  1674 W AppInfoHelper: 	at bsv.a(PG:14)
