06-23 15:48:42.625   842  7851 I Role    : com.google.android.gms not qualified for android.app.role.SYSTEM_CALL_STREAMING due to missing RequiredComponent{mIntentFilterData=IntentFilterData{mAction='android.telecom.CallStreamingService', mCategories='[]', mDataScheme='null', mDataType='null'}, mMinTargetSdkVersion=1, mFlags='0', mPermission='android.permission.BIND_CALL_STREAMING_SERVICE', mQueryFlags=0, mMetaData=[]}
06-23 15:48:42.625   842  7851 E RoleControllerServiceImpl: Default/fallback role holder package doesn't qualify for the role, package: com.google.android.gms, role: android.app.role.SYSTEM_CALL_STREAMING
06-23 15:48:42.625   842  7851 W Role    : Default holder doesn't have required signing certificate: com.google.android.apps.work.clouddpc:23962F4B43B9857638EA66F4D419518EAE282491ACDA4B94707BD59003C45E58
06-23 15:48:42.952   838   838 D StatusBarIconController: ignoring old pipeline callback because the new wifi icon is enabled
06-23 15:48:42.983  7701  7718 D EGL_emulation: app_time_stats: avg=498.89ms min=496.56ms max=502.38ms count=3
06-23 15:48:43.292  2736  3952 I DialerOmtpVvmCarrierConfigHelper: com.android.voicemail.impl.OmtpVvmCarrierConfigHelper.handleEvent:527 OmtpEvent:CONFIG_STATUS_SMS_TIME_OUT PhoneAccountHandle: [ComponentName: com.android.phone/com.android.services.telephony.TelephonyConnectionService subId: 1] [CONTEXT enable_persistent_logger=true ]
06-23 15:48:43.293  2736  2736 I DialerRetryPolicy: com.android.voicemail.impl.scheduling.RetryPolicy.onCompleted:106 Retry limit for com.android.voicemail.impl.ActivationTask@42b648f reached [CONTEXT enable_persistent_logger=true ]
06-23 15:48:43.293  2736  2736 I DialerRetryPolicy: com.android.voicemail.impl.scheduling.RetryPolicy.onCompleted:108 committing deferred status [CONTEXT enable_persistent_logger=true ]
06-23 15:48:43.293  2736  2736 I DialerTaskExecutor: com.android.voicemail.impl.scheduling.TaskExecutor.prepareStop:371 no more tasks, stopping service if no task are added in 5000 millis [CONTEXT enable_persistent_logger=true ]
06-23 15:48:43.293  2736  7926 I DialerVoicemailStatus: com.android.voicemail.impl.VoicemailStatus$Editor.apply:112 enter
06-23 15:48:43.294  2736  7926 I DialerVoicemailStatusDataServiceImpl: com.android.dialer.voicemailstatus.dataservice.impl.VoicemailStatusDataServiceImpl.insertOrUpdateVoicemailStatus:196 enter
06-23 15:48:43.298  2736  7927 I DialerRestVoicemailEnabledFn: com.android.dialer.voicemail.service.impl.vvmclients.rest.RestVoicemailEnabledFn.isEnabled:51 disabled by flag [CONTEXT ratelimit_period="1 MINUTES [skipped: 23]" ]
06-23 15:48:43.298  2736  7927 I DialerCvvmEnabledFn: com.android.dialer.voicemail.service.impl.vvmclients.omtp.protocol.cvvm.CvvmEnabledFn.isEnabled:37 disabled by flag [CONTEXT ratelimit_period="1 MINUTES [skipped: 11]" ]
06-23 15:48:43.301  2736  7927 I DialerOmtpVvmCarrierConfigHelper: com.android.voicemail.impl.OmtpVvmCarrierConfigHelper.isCarrierAppInstalled:637 carrier app not installed in this device [CONTEXT ratelimit_period="1 MINUTES [skipped: 4]" ]
06-23 15:48:43.305  2736  7927 W Settings: Setting airplane_mode_on has moved from android.provider.Settings.System to android.provider.Settings.Global, returning read-only value.
06-23 15:48:43.305  2736  7927 I DialerVoicemailStatusDataServiceImpl: com.android.dialer.voicemailstatus.dataservice.impl.VoicemailStatusDataServiceImpl.lambda$insertOrUpdateVoicemailStatus$5:213 merged status: # kee@5cbbd7c4
06-23 15:48:43.491  7910  7910 I AccessibilityNodeInfoDumper: Skipping invisible child: android.view.accessibility.AccessibilityNodeInfo@128c8; boundsInParent: Rect(0, 0 - 320, 0); boundsInScreen: Rect(0, 0 - 320, 0); boundsInWindow: Rect(0, 0 - 320, 0); packageName: com.hanapkalinga.mobile; className: android.widget.LinearLayout; text: null; error: null; maxTextLength: -1; stateDescription: null; contentDescription: null; tooltipText: null; containerTitle: null; viewIdResName: null; uniqueId: null; checkable: false; checked: false; focusable: false; focused: false; selected: false; clickable: false; longClickable: false; contextClickable: false; enabled: true; password: false; scrollable: false; importantForAccessibility: false; visible: false; actions: [AccessibilityAction: ACTION_SELECT - null, AccessibilityAction: ACTION_CLEAR_SELECTION - null, AccessibilityAction: ACTION_ACCESSIBILITY_FOCUS - null, AccessibilityAction: ACTION_SHOW_ON_SCREEN - null]; isTextSelectable: false
06-23 15:48:43.491  7910  7910 I AccessibilityNodeInfoDumper: Skipping invisible child: android.view.accessibility.AccessibilityNodeInfo@12507; boundsInParent: Rect(0, 0 - 320, 0); boundsInScreen: Rect(0, 0 - 320, 0); boundsInWindow: Rect(0, 0 - 320, 0); packageName: com.hanapkalinga.mobile; className: android.view.ViewGroup; text: null; error: null; maxTextLength: -1; stateDescription: null; contentDescription: null; tooltipText: null; containerTitle: null; viewIdResName: null; uniqueId: null; checkable: false; checked: false; focusable: false; focused: false; selected: false; clickable: false; longClickable: false; contextClickable: false; enabled: true; password: false; scrollable: false; importantForAccessibility: false; visible: false; actions: [AccessibilityAction: ACTION_SELECT - null, AccessibilityAction: ACTION_CLEAR_SELECTION - null, AccessibilityAction: ACTION_ACCESSIBILITY_FOCUS - null, AccessibilityAction: ACTION_SHOW_ON_SCREEN - null]; isTextSelectable: false
06-23 15:48:43.492  7910  7910 I AccessibilityNodeInfoDumper: Skipping invisible child: android.view.accessibility.AccessibilityNodeInfo@191e4; boundsInParent: Rect(0, 0 - 320, 0); boundsInScreen: Rect(0, 0 - 320, 0); boundsInWindow: Rect(0, 0 - 320, 0); packageName: com.hanapkalinga.mobile; className: android.widget.LinearLayout; text: null; error: null; maxTextLength: -1; stateDescription: null; contentDescription: null; tooltipText: null; containerTitle: null; viewIdResName: null; uniqueId: null; checkable: false; checked: false; focusable: false; focused: false; selected: false; clickable: false; longClickable: false; contextClickable: false; enabled: true; password: false; scrollable: false; importantForAccessibility: false; visible: false; actions: [AccessibilityAction: ACTION_SELECT - null, AccessibilityAction: ACTION_CLEAR_SELECTION - null, AccessibilityAction: ACTION_ACCESSIBILITY_FOCUS - null, AccessibilityAction: ACTION_SHOW_ON_SCREEN - null]; isTextSelectable: false
06-23 15:48:43.492  7910  7910 I AccessibilityNodeInfoDumper: Skipping invisible child: android.view.accessibility.AccessibilityNodeInfo@18e23; boundsInParent: Rect(0, 0 - 320, 0); boundsInScreen: Rect(0, 0 - 320, 0); boundsInWindow: Rect(0, 0 - 320, 0); packageName: com.hanapkalinga.mobile; className: android.view.ViewGroup; text: null; error: null; maxTextLength: -1; stateDescription: null; contentDescription: null; tooltipText: null; containerTitle: null; viewIdResName: null; uniqueId: null; checkable: false; checked: false; focusable: false; focused: false; selected: false; clickable: false; longClickable: false; contextClickable: false; enabled: true; password: false; scrollable: false; importantForAccessibility: false; visible: false; actions: [AccessibilityAction: ACTION_SELECT - null, AccessibilityAction: ACTION_CLEAR_SELECTION - null, AccessibilityAction: ACTION_ACCESSIBILITY_FOCUS - null, AccessibilityAction: ACTION_SHOW_ON_SCREEN - null]; isTextSelectable: false
06-23 15:48:43.501  7910  7910 W AccessibilityNodeInfoDumper: Fetch time: 12ms
06-23 15:48:43.502  1626  1653 I AiAiEcho: Settings changed for uri: content://settings/secure/accessibility_enabled
06-23 15:48:43.502   523  2473 W WindowMagnificationMgr: requestConnection duplicated request: connect=false, mConnectionState=DISCONNECTED
06-23 15:48:43.502   523  2473 D AccessibilityManagerService: restoreCurrentUserForTestAutomationIfNeededLocked(): ignoring because device doesn't support visible background users
06-23 15:48:43.502  1626  1899 I AiAiEcho: Predicting[0]: 
06-23 15:48:43.502  1626  1899 I AiAiEcho: EchoTargets: 
06-23 15:48:43.502  1626  1899 I AiAiEcho: Filtered by AiAi flag check: 
06-23 15:48:43.502  1626  1899 I AiAiEcho: Ranked targets strategy: SORT, count: 0, ranking metadata: 
06-23 15:48:43.502  1626  1899 I AiAiEcho: Predicting[0]: 
06-23 15:48:43.502  1626  1899 I AiAiEcho: EchoTargets: 
06-23 15:48:43.502  1626  1899 I AiAiEcho: Filtered by AiAi flag check: 
06-23 15:48:43.502  1626  1899 I AiAiEcho: Ranked targets strategy: SORT, count: 0, ranking metadata: 
06-23 15:48:43.503  1626  1899 I AiAiEcho: #postPredictionTargets: Sending updates to UISurface lockscreen with targets# 0 (types=[])
06-23 15:48:43.503  1626  1899 I AiAiEcho: #postPredictionTargets: Sending updates to UISurface home with targets# 0 (types=[])
06-23 15:48:43.503   838   838 W PageIndicator: Total number of pages invalid: 0. Assuming 1 page.
06-23 15:48:43.506  7910  7910 D AndroidRuntime: Shutting down VM
06-23 15:48:43.509  1723  2334 I A       : NGA enabled in interactor.
06-23 15:48:43.509  1723  2334 I A       : Nga state changed to NgaStateDetails{state=ENABLED, isSpecialExperience=false}
06-23 15:48:43.510  1639  5383 I A       : Initializing all components
06-23 15:48:43.510  1639  5383 I A       : APA or Classic session decision: SessionDecision(sessionVariance=CLASSIC, platformVariance=CLASSIC, justification=CURRENT_PLATFORM_VARIANCE).
06-23 15:48:43.510  1639  5383 I A       : [Memory] eligibility: StashEligibility{6}
06-23 15:48:43.510  1639  2012 I A       : onIsEnabledChanged, isEnabled: false
06-23 15:48:43.510  1639  2012 W A       : Disposing empty manager. Did you forgot to subscribe observables?
06-23 15:48:43.510  1639  2012 W A       : Disposing empty manager. Did you forgot to subscribe observables?
06-23 15:48:43.510  1639  2012 W A       : Disposing empty manager. Did you forgot to subscribe observables?
06-23 15:48:43.510  1639  2012 W A       : Disposing empty manager. Did you forgot to subscribe observables?
06-23 15:48:43.511  1639  2012 W A       : Disposing empty manager. Did you forgot to subscribe observables?
06-23 15:48:43.511  1639  2012 W A       : Disposing empty manager. Did you forgot to subscribe observables?
06-23 15:48:43.511  1639  2012 W A       : Disposing empty manager. Did you forgot to subscribe observables?
06-23 15:48:43.511  1639  2012 W A       : Disposing empty manager. Did you forgot to subscribe observables?
06-23 15:48:43.511  1639  2012 W A       : Disposing empty manager. Did you forgot to subscribe observables?
06-23 15:48:43.511  1639  2012 W A       : Disposing empty manager. Did you forgot to subscribe observables?
06-23 15:48:43.511  1639  2012 I A       : onOpaVisibilityChanged: false
06-23 15:48:43.511  1639  2012 W A       : Disposing empty manager. Did you forgot to subscribe observables?
06-23 15:48:43.511  1639  2012 W A       : Disposing empty manager. Did you forgot to subscribe observables?
06-23 15:48:43.511  1639  2012 W A       : Disposing empty manager. Did you forgot to subscribe observables?
06-23 15:48:43.511  1639  2012 W A       : Disposing empty manager. Did you forgot to subscribe observables?
06-23 15:48:43.511  1639  2012 W A       : Disposing empty manager. Did you forgot to subscribe observables?
06-23 15:48:43.511  1639  2012 W A       : Disposing empty manager. Did you forgot to subscribe observables?
06-23 15:48:43.511  1639  2012 I A       : Setting session to type: NO_SESSION
06-23 15:48:43.511  1639  2012 W A       : Disposing empty manager. Did you forgot to subscribe observables?
06-23 15:48:43.511  1639  2012 W A       : Disposing empty manager. Did you forgot to subscribe observables?
06-23 15:48:43.511  1639  2012 W A       : Disposing empty manager. Did you forgot to subscribe observables?
06-23 15:48:43.511  1639  2012 W A       : Disposing empty manager. Did you forgot to subscribe observables?
06-23 15:48:43.511  1639  2012 W A       : Disposing empty manager. Did you forgot to subscribe observables?
06-23 15:48:43.511  1639  2012 W A       : Disposing empty manager. Did you forgot to subscribe observables?
06-23 15:48:43.511  1639  2012 W A       : Disposing empty manager. Did you forgot to subscribe observables?
06-23 15:48:43.511  1639  2013 I A       : State changed: IDLE => IDLE by NGA_STATE_CHANGED and N/A with Optional.empty
06-23 15:48:43.511  1639  2012 W A       : Disposing empty manager. Did you forgot to subscribe observables?
06-23 15:48:43.511  1639  2012 I A       : setNavBarVisible: GestureNavBarVisible{navbarVisible=true}
06-23 15:48:43.511  1639  2012 W A       : Disposing empty manager. Did you forgot to subscribe observables?
06-23 15:48:43.511  1639  2012 W A       : Disposing empty manager. Did you forgot to subscribe observables?
06-23 15:48:43.511  1639  2013 I A       : Recognizer choice: (recognizer_type: 1, recognizer_mode: 1, choice_reason: 4)
06-23 15:48:43.511  1639  2012 W A       : Disposing empty manager. Did you forgot to subscribe observables?
06-23 15:48:43.511  1639  2012 W A       : Disposing empty manager. Did you forgot to subscribe observables?
06-23 15:48:43.511  1639  2012 W A       : Disposing empty manager. Did you forgot to subscribe observables?
06-23 15:48:43.511  1639  2012 W A       : Disposing empty manager. Did you forgot to subscribe observables?
06-23 15:48:43.511  1639  2012 I A       : onDisabled. Registered: false
06-23 15:48:43.511  1639  2013 I A       : onActiveStateChangeEvent: IDLE => IDLE
06-23 15:48:43.512  1639  2013 I A       : #onActiveStateChangeEvent, newState: IDLE, previousState: IDLE.
06-23 15:48:43.512   523   523 D BatterySaverPolicy: accessibility changed to false, updating policy.
06-23 15:48:43.513  1639  2013 I NgaEntryPointEventSendr: setupConnection
06-23 15:48:43.519  1639  2013 I NgaEntryPointEventSendr: State changed: Disconnected => Connecting
06-23 15:48:43.520  1723  1723 I A       : Creating pss binder().
06-23 15:48:43.523  1639  2012 I A       : Initialize
06-23 15:48:43.524  1639  2012 I NgaEntryPointEventSendr: onServiceConnected
06-23 15:48:43.525  1639  2013 I A       : on opa visibility changed false
06-23 15:48:43.525  1723  5380 I A       : Calling beginBinderSession().
06-23 15:48:43.525  1639  2013 I A       : on opa visibility changed false
06-23 15:48:43.525  1723  5380 I A       : beginBinderSession(): calling binder
06-23 15:48:43.526  1639  2013 I A       : stopListening(NGA_PAUSED_UNKNOWN_REASON, NGA_CREATE), idleOverride=NOT_LISTENING
06-23 15:48:43.526  1639  2012 I NgaEntryPointEventSendr: State changed: Connecting => Ready
06-23 15:48:43.529  1639  2013 I A       : Successfully initialized all components
06-23 15:48:43.531   523  2467 W ActivityManager: Unable to start service Intent { cmp=com.google.android.apps.tachyon/.clientapi.ClientApiService } U=0: not found
06-23 15:48:43.540  1723  2376 W A       : UiCallbackStub-onGenericEvent[ServiceEvent = 60] task was not run. Callback from Service received after client was disposed.
06-23 15:48:43.541  1723  2388 I PBSessionCacheImpl: Deleted sessionId[7579616367998648] from persistence.
06-23 15:48:43.542  1723  2376 W SearchServiceCore: Abort, client detached.
06-23 15:48:43.543  1639  2012 I NgaEntryPointEventSendr: State changed: Ready => Disconnected (onOpaDisconnected)
06-23 15:48:44.210     0     0 I servicemanager: Notifying artd they don't (previously: do) have clients when we now have no record of a client
06-23 15:48:44.021  7827  7828 I AidlLazyServiceRegistrar: Process has 0 (of 1 available) client(s) in use after notification artd has clients: 0
06-23 15:48:44.021  7827  7828 I AidlLazyServiceRegistrar: Trying to shut down the service. No clients in use for any service in process.
06-23 15:48:44.024  7827  7828 I AidlLazyServiceRegistrar: Unregistered all clients and exiting
06-23 15:48:44.213     0     0 I servicemanager: Unregistering artd
06-23 15:48:44.213     0     0 I BpBinder: onLastStrongRef automatically unlinking death recipients:
06-23 15:48:44.216     0     0 I init    : Service 'artd' (pid 7827) exited with status 0 oneshot service took 2.576000 seconds in background
06-23 15:48:44.218     0     0 I init    : Sending signal 9 to service 'artd' (pid 7827) process group...
06-23 15:48:44.219     0     0 I libprocessgroup: Successfully killed process cgroup uid 1082 pid 7827 in 0ms
