06-23 15:49:52.848  1626  1653 I AiAiEcho: Settings changed for uri: content://settings/secure/accessibility_enabled
06-23 15:49:52.849   523   523 D BatterySaverPolicy: accessibility changed to true, updating policy.
06-23 15:49:52.849  1626  1899 I AiAiEcho: Predicting[0]: 
06-23 15:49:52.849  1626  1899 I AiAiEcho: EchoTargets: 
06-23 15:49:52.849  1626  1899 I AiAiEcho: Filtered by AiAi flag check: 
06-23 15:49:52.849  1626  1899 I AiAiEcho: Ranked targets strategy: SORT, count: 0, ranking metadata: 
06-23 15:49:52.849  1626  1899 I AiAiEcho: Predicting[0]: 
06-23 15:49:52.849  1626  1899 I AiAiEcho: EchoTargets: 
06-23 15:49:52.849  1626  1899 I AiAiEcho: Filtered by AiAi flag check: 
06-23 15:49:52.849  1626  1899 I AiAiEcho: Ranked targets strategy: SORT, count: 0, ranking metadata: 
06-23 15:49:52.849  8426  8440 V UiAutomation: Init UiAutomation@d52f137[id=11, displayId=0, flags=0]
06-23 15:49:52.849  1626  1899 I AiAiEcho: #postPredictionTargets: Sending updates to UISurface lockscreen with targets# 0 (types=[])
06-23 15:49:52.850  1626  1899 I AiAiEcho: #postPredictionTargets: Sending updates to UISurface home with targets# 0 (types=[])
06-23 15:49:52.853   838   838 W PageIndicator: Total number of pages invalid: 0. Assuming 1 page.
06-23 15:49:52.854   523   594 W WindowMagnificationMgr: requestConnection duplicated request: connect=false, mConnectionState=DISCONNECTED
06-23 15:49:52.855  1626  1659 I AiAiEcho: Settings changed for uri: content://settings/secure/accessibility_enabled
06-23 15:49:52.856  1626  1899 I AiAiEcho: Predicting[0]: 
06-23 15:49:52.856  1626  1899 I AiAiEcho: EchoTargets: 
06-23 15:49:52.856  1626  1899 I AiAiEcho: Filtered by AiAi flag check: 
06-23 15:49:52.856  1626  1899 I AiAiEcho: Ranked targets strategy: SORT, count: 0, ranking metadata: 
06-23 15:49:52.856  1626  1899 I AiAiEcho: Predicting[0]: 
06-23 15:49:52.856  1626  1899 I AiAiEcho: EchoTargets: 
06-23 15:49:52.856  1626  1899 I AiAiEcho: Filtered by AiAi flag check: 
06-23 15:49:52.856  1626  1899 I AiAiEcho: Ranked targets strategy: SORT, count: 0, ranking metadata: 
06-23 15:49:52.857  1626  1899 I AiAiEcho: #postPredictionTargets: Sending updates to UISurface lockscreen with targets# 0 (types=[])
06-23 15:49:52.858   838   838 W PageIndicator: Total number of pages invalid: 0. Assuming 1 page.
06-23 15:49:52.858  1723  2334 I A       : NGA disabled since it's running Panthera and at least one a11y feature is on.
06-23 15:49:52.858  1723  2334 I A       : Nga state changed to NgaStateDetails{state=DISABLED, isSpecialExperience=false}
06-23 15:49:52.858  1626  1899 I AiAiEcho: #postPredictionTargets: Sending updates to UISurface home with targets# 0 (types=[])
06-23 15:49:52.859   523  2475 D SafetySourceDataValidator: No cert check requested for package com.google.android.permissioncontroller
06-23 15:49:52.860  1639  1714 I A       : APA or Classic session decision: SessionDecision(sessionVariance=CLASSIC, platformVariance=CLASSIC, justification=CURRENT_PLATFORM_VARIANCE).
06-23 15:49:52.860  1639  1714 I A       : [Memory] eligibility: StashEligibility{4}
06-23 15:49:52.860  1639  2012 I A       : Unsubscribed to apa or classic variant change.
06-23 15:49:53.002   523   615 I RoleService: Granting default roles...
06-23 15:49:53.009   842  8372 E RoleControllerServiceImpl: Default/fallback role holder package doesn't qualify for the role, package: com.google.android.gms.supervision, role: android.app.role.SYSTEM_SUPERVISION
06-23 15:49:53.011   842  8372 I Role    : com.google.android.gms not qualified for android.app.role.SYSTEM_CALL_STREAMING due to missing RequiredComponent{mIntentFilterData=IntentFilterData{mAction='android.telecom.CallStreamingService', mCategories='[]', mDataScheme='null', mDataType='null'}, mMinTargetSdkVersion=1, mFlags='0', mPermission='android.permission.BIND_CALL_STREAMING_SERVICE', mQueryFlags=0, mMetaData=[]}
06-23 15:49:53.011   842  8372 E RoleControllerServiceImpl: Default/fallback role holder package doesn't qualify for the role, package: com.google.android.gms, role: android.app.role.SYSTEM_CALL_STREAMING
06-23 15:49:53.011   842  8372 W Role    : Default holder doesn't have required signing certificate: com.google.android.apps.work.clouddpc:23962F4B43B9857638EA66F4D419518EAE282491ACDA4B94707BD59003C45E58
06-23 15:49:53.218   821   821 I wpa_supplicant: wlan0: CTRL-EVENT-BEACON-LOSS 
06-23 15:49:53.716  8219  8240 D EGL_emulation: app_time_stats: avg=499.76ms min=498.79ms max=500.62ms count=3
06-23 15:49:53.858  8426  8426 I AccessibilityNodeInfoDumper: Skipping invisible child: android.view.accessibility.AccessibilityNodeInfo@128d4; boundsInParent: Rect(0, 0 - 320, 0); boundsInScreen: Rect(0, 0 - 320, 0); boundsInWindow: Rect(0, 0 - 320, 0); packageName: com.hanapkalinga.mobile; className: android.widget.LinearLayout; text: null; error: null; maxTextLength: -1; stateDescription: null; contentDescription: null; tooltipText: null; containerTitle: null; viewIdResName: null; uniqueId: null; checkable: false; checked: false; focusable: false; focused: false; selected: false; clickable: false; longClickable: false; contextClickable: false; enabled: true; password: false; scrollable: false; importantForAccessibility: false; visible: false; actions: [AccessibilityAction: ACTION_SELECT - null, AccessibilityAction: ACTION_CLEAR_SELECTION - null, AccessibilityAction: ACTION_ACCESSIBILITY_FOCUS - null, AccessibilityAction: ACTION_SHOW_ON_SCREEN - null]; isTextSelectable: false
06-23 15:49:53.859  8426  8426 I AccessibilityNodeInfoDumper: Skipping invisible child: android.view.accessibility.AccessibilityNodeInfo@12513; boundsInParent: Rect(0, 0 - 320, 0); boundsInScreen: Rect(0, 0 - 320, 0); boundsInWindow: Rect(0, 0 - 320, 0); packageName: com.hanapkalinga.mobile; className: android.view.ViewGroup; text: null; error: null; maxTextLength: -1; stateDescription: null; contentDescription: null; tooltipText: null; containerTitle: null; viewIdResName: null; uniqueId: null; checkable: false; checked: false; focusable: false; focused: false; selected: false; clickable: false; longClickable: false; contextClickable: false; enabled: true; password: false; scrollable: false; importantForAccessibility: false; visible: false; actions: [AccessibilityAction: ACTION_SELECT - null, AccessibilityAction: ACTION_CLEAR_SELECTION - null, AccessibilityAction: ACTION_ACCESSIBILITY_FOCUS - null, AccessibilityAction: ACTION_SHOW_ON_SCREEN - null]; isTextSelectable: false
06-23 15:49:53.859  8426  8426 I AccessibilityNodeInfoDumper: Skipping invisible child: android.view.accessibility.AccessibilityNodeInfo@191f0; boundsInParent: Rect(0, 0 - 320, 0); boundsInScreen: Rect(0, 0 - 320, 0); boundsInWindow: Rect(0, 0 - 320, 0); packageName: com.hanapkalinga.mobile; className: android.widget.LinearLayout; text: null; error: null; maxTextLength: -1; stateDescription: null; contentDescription: null; tooltipText: null; containerTitle: null; viewIdResName: null; uniqueId: null; checkable: false; checked: false; focusable: false; focused: false; selected: false; clickable: false; longClickable: false; contextClickable: false; enabled: true; password: false; scrollable: false; importantForAccessibility: false; visible: false; actions: [AccessibilityAction: ACTION_SELECT - null, AccessibilityAction: ACTION_CLEAR_SELECTION - null, AccessibilityAction: ACTION_ACCESSIBILITY_FOCUS - null, AccessibilityAction: ACTION_SHOW_ON_SCREEN - null]; isTextSelectable: false
06-23 15:49:53.859  8426  8426 I AccessibilityNodeInfoDumper: Skipping invisible child: android.view.accessibility.AccessibilityNodeInfo@18e2f; boundsInParent: Rect(0, 0 - 320, 0); boundsInScreen: Rect(0, 0 - 320, 0); boundsInWindow: Rect(0, 0 - 320, 0); packageName: com.hanapkalinga.mobile; className: android.view.ViewGroup; text: null; error: null; maxTextLength: -1; stateDescription: null; contentDescription: null; tooltipText: null; containerTitle: null; viewIdResName: null; uniqueId: null; checkable: false; checked: false; focusable: false; focused: false; selected: false; clickable: false; longClickable: false; contextClickable: false; enabled: true; password: false; scrollable: false; importantForAccessibility: false; visible: false; actions: [AccessibilityAction: ACTION_SELECT - null, AccessibilityAction: ACTION_CLEAR_SELECTION - null, AccessibilityAction: ACTION_ACCESSIBILITY_FOCUS - null, AccessibilityAction: ACTION_SHOW_ON_SCREEN - null]; isTextSelectable: false
06-23 15:49:53.862  8426  8426 W AccessibilityNodeInfoDumper: Fetch time: 6ms
06-23 15:49:53.863   523   594 W WindowMagnificationMgr: requestConnection duplicated request: connect=false, mConnectionState=DISCONNECTED
06-23 15:49:53.863   523   594 D AccessibilityManagerService: restoreCurrentUserForTestAutomationIfNeededLocked(): ignoring because device doesn't support visible background users
06-23 15:49:53.863   523   523 D BatterySaverPolicy: accessibility changed to false, updating policy.
06-23 15:49:53.864  1626  1653 I AiAiEcho: Settings changed for uri: content://settings/secure/accessibility_enabled
06-23 15:49:53.864  1626  1899 I AiAiEcho: Predicting[0]: 
06-23 15:49:53.864  1626  1899 I AiAiEcho: EchoTargets: 
06-23 15:49:53.864  1626  1899 I AiAiEcho: Filtered by AiAi flag check: 
06-23 15:49:53.864  1626  1899 I AiAiEcho: Ranked targets strategy: SORT, count: 0, ranking metadata: 
06-23 15:49:53.865  1723  2333 I A       : NGA enabled in interactor.
06-23 15:49:53.866  1723  2333 I A       : Nga state changed to NgaStateDetails{state=ENABLED, isSpecialExperience=false}
06-23 15:49:53.867  1639  2424 I A       : Initializing all components
06-23 15:49:53.867  1639  2424 I A       : APA or Classic session decision: SessionDecision(sessionVariance=CLASSIC, platformVariance=CLASSIC, justification=CURRENT_PLATFORM_VARIANCE).
06-23 15:49:53.867  1639  2424 I A       : [Memory] eligibility: StashEligibility{6}
06-23 15:49:53.867  8426  8426 D AndroidRuntime: Shutting down VM
06-23 15:49:53.871  1639  2012 I A       : onIsEnabledChanged, isEnabled: false
06-23 15:49:53.871  1639  2012 W A       : Disposing empty manager. Did you forgot to subscribe observables?
06-23 15:49:53.871  1639  2012 W A       : Disposing empty manager. Did you forgot to subscribe observables?
06-23 15:49:53.871  1639  2012 W A       : Disposing empty manager. Did you forgot to subscribe observables?
06-23 15:49:53.872  1639  2013 I A       : on opa visibility changed false
06-23 15:49:53.872  1639  2013 I A       : on opa visibility changed false
06-23 15:49:53.872  1639  2013 I A       : State changed: IDLE => IDLE by NGA_STATE_CHANGED and N/A with Optional.empty
06-23 15:49:53.872  1639  2013 I A       : Recognizer choice: (recognizer_type: 1, recognizer_mode: 1, choice_reason: 4)
06-23 15:49:53.872  1639  2013 I A       : onActiveStateChangeEvent: IDLE => IDLE
06-23 15:49:53.872  1639  2013 I A       : #onActiveStateChangeEvent, newState: IDLE, previousState: IDLE.
06-23 15:49:53.873  1626  1899 I AiAiEcho: Predicting[0]: 
06-23 15:49:53.873  1626  1899 I AiAiEcho: EchoTargets: 
06-23 15:49:53.873  1626  1899 I AiAiEcho: Filtered by AiAi flag check: 
06-23 15:49:53.873  1626  1899 I AiAiEcho: Ranked targets strategy: SORT, count: 0, ranking metadata: 
06-23 15:49:53.873  1639  2012 W A       : Disposing empty manager. Did you forgot to subscribe observables?
06-23 15:49:53.873  1639  2012 W A       : Disposing empty manager. Did you forgot to subscribe observables?
06-23 15:49:53.873  1639  2012 W A       : Disposing empty manager. Did you forgot to subscribe observables?
06-23 15:49:53.873  1639  2012 W A       : Disposing empty manager. Did you forgot to subscribe observables?
06-23 15:49:53.873  1639  2012 W A       : Disposing empty manager. Did you forgot to subscribe observables?
06-23 15:49:53.873  1639  2012 W A       : Disposing empty manager. Did you forgot to subscribe observables?
06-23 15:49:53.873  1639  2012 W A       : Disposing empty manager. Did you forgot to subscribe observables?
06-23 15:49:53.873  1639  2012 I A       : onOpaVisibilityChanged: false
06-23 15:49:53.873  1639  2012 W A       : Disposing empty manager. Did you forgot to subscribe observables?
06-23 15:49:53.873  1639  2012 W A       : Disposing empty manager. Did you forgot to subscribe observables?
06-23 15:49:53.873  1639  2012 W A       : Disposing empty manager. Did you forgot to subscribe observables?
06-23 15:49:53.874  1639  2012 W A       : Disposing empty manager. Did you forgot to subscribe observables?
06-23 15:49:53.874  1639  2012 W A       : Disposing empty manager. Did you forgot to subscribe observables?
06-23 15:49:53.874  1639  2012 W A       : Disposing empty manager. Did you forgot to subscribe observables?
06-23 15:49:53.874  1639  2012 I A       : Setting session to type: NO_SESSION
06-23 15:49:53.874  1639  2012 W A       : Disposing empty manager. Did you forgot to subscribe observables?
06-23 15:49:53.874  1639  2012 W A       : Disposing empty manager. Did you forgot to subscribe observables?
06-23 15:49:53.874  1639  2012 W A       : Disposing empty manager. Did you forgot to subscribe observables?
06-23 15:49:53.874  1639  2012 W A       : Disposing empty manager. Did you forgot to subscribe observables?
06-23 15:49:53.874  1639  2012 W A       : Disposing empty manager. Did you forgot to subscribe observables?
06-23 15:49:53.874  1639  2012 W A       : Disposing empty manager. Did you forgot to subscribe observables?
06-23 15:49:53.874  1639  2012 W A       : Disposing empty manager. Did you forgot to subscribe observables?
06-23 15:49:53.874  1639  2012 W A       : Disposing empty manager. Did you forgot to subscribe observables?
06-23 15:49:53.874  1639  2012 I A       : setNavBarVisible: GestureNavBarVisible{navbarVisible=true}
06-23 15:49:53.874  1639  2012 W A       : Disposing empty manager. Did you forgot to subscribe observables?
06-23 15:49:53.874  1639  2012 W A       : Disposing empty manager. Did you forgot to subscribe observables?
06-23 15:49:53.874  1639  2012 W A       : Disposing empty manager. Did you forgot to subscribe observables?
06-23 15:49:53.874  1639  2012 W A       : Disposing empty manager. Did you forgot to subscribe observables?
06-23 15:49:53.874  1639  2012 W A       : Disposing empty manager. Did you forgot to subscribe observables?
06-23 15:49:53.874  1639  2012 W A       : Disposing empty manager. Did you forgot to subscribe observables?
06-23 15:49:53.874  1639  2012 I A       : onDisabled. Registered: false
06-23 15:49:53.875  1626  1899 I AiAiEcho: #postPredictionTargets: Sending updates to UISurface lockscreen with targets# 0 (types=[])
06-23 15:49:53.875   838   838 W PageIndicator: Total number of pages invalid: 0. Assuming 1 page.
06-23 15:49:53.875  1626  1899 I AiAiEcho: #postPredictionTargets: Sending updates to UISurface home with targets# 0 (types=[])
06-23 15:49:53.881  1639  2012 I NgaEntryPointEventSendr: setupConnection
06-23 15:49:53.883  1639  2013 I A       : Initialize
06-23 15:49:53.884  1639  2013 I A       : stopListening(NGA_PAUSED_UNKNOWN_REASON, NGA_CREATE), idleOverride=NOT_LISTENING
06-23 15:49:53.887  1639  2012 I NgaEntryPointEventSendr: State changed: Disconnected => Connecting
06-23 15:49:53.888  1723  1723 I A       : Creating pss binder().
06-23 15:49:53.888  1639  2012 I NgaEntryPointEventSendr: onServiceConnected
06-23 15:49:53.889  1723  5380 I A       : Calling beginBinderSession().
06-23 15:49:53.889  1723  5380 I A       : beginBinderSession(): calling binder
06-23 15:49:53.889  1639  2012 I NgaEntryPointEventSendr: State changed: Connecting => Ready
06-23 15:49:53.892   523   594 W ActivityManager: Unable to start service Intent { cmp=com.google.android.apps.tachyon/.clientapi.ClientApiService } U=0: not found
06-23 15:49:53.899  1639  2012 I A       : Successfully initialized all components
06-23 15:49:53.900  1723  2388 I PBSessionCacheImpl: Deleted sessionId[7579616367998675] from persistence.
06-23 15:49:53.900  1723  2376 W A       : UiCallbackStub-onGenericEvent[ServiceEvent = 60] task was not run. Callback from Service received after client was disposed.
06-23 15:49:53.902  1723  2376 W SearchServiceCore: Abort, client detached.
06-23 15:49:53.905  1639  2013 I NgaEntryPointEventSendr: State changed: Ready => Disconnected (onOpaDisconnected)
06-23 15:49:54.021  8344  8347 I AidlLazyServiceRegistrar: Process has 0 (of 1 available) client(s) in use after notification artd has clients: 0
06-23 15:49:54.210     0     0 I servicemanager: Notifying artd they don't (previously: do) have clients when we now have no record of a client
06-23 15:49:54.021  8344  8347 I AidlLazyServiceRegistrar: Trying to shut down the service. No clients in use for any service in process.
06-23 15:49:54.024  8344  8347 I AidlLazyServiceRegistrar: Unregistered all clients and exiting
06-23 15:49:54.212     0     0 I servicemanager: Unregistering artd
06-23 15:49:54.213     0     0 I BpBinder: onLastStrongRef automatically unlinking death recipients:
06-23 15:49:54.216     0     0 I init    : Service 'artd' (pid 8344) exited with status 0 oneshot service took 2.233000 seconds in background
06-23 15:49:54.218     0     0 I init    : Sending signal 9 to service 'artd' (pid 8344) process group...
06-23 15:49:54.219     0     0 I libprocessgroup: Successfully killed process cgroup uid 1082 pid 8344 in 0ms
