06-25 14:40:25.576  4998  6029 I NamespaceManager: Package rkpd name not found! Using module version.
06-25 14:40:25.584  4998  6029 I NamespaceManager: Package android.companion name not found! Using module version.
06-25 14:40:25.594   526   619 I RoleService: Granting default roles...
06-25 14:40:25.594   526   526 I Telecom : CarModeTracker: Package dev.mobile.maestro is not tracked.: SSH.oR@ASk🔒
06-25 14:40:25.598   526   526 I Telecom : InCallController: updateCarModeForConnections: car mode apps: : SSH.oR@ASk🔒
06-25 14:40:25.608   526   526 I Telecom : InCallController: update carmode current:UserHandle{0} parent:null: SSH.oR@ASk🔒
06-25 14:40:25.610   526   526 W Looper  : Slow delivery took 233ms main h=android.app.ActivityThread$H c=android.app.LoadedApk$ReceiverDispatcher$Args$$ExternalSyntheticLambda0@a09e051 m=0
06-25 14:40:25.611  4998  6029 I NamespaceManager: Package com.google.android.aicore name not found! Using module version.
06-25 14:40:25.618   526   766 D WifiConfigStore: Writing to stores completed in 50 ms.
06-25 14:40:25.618   526   766 I PasspointManager: No app ops listener found for dev.mobile.maestro
06-25 14:40:25.637  4998  6029 I NamespaceManager: Package com.google.android.audioproxy name not found! Using module version.
06-25 14:40:25.660  5051  5051 D BoundBrokerSvc: onBind: Intent { act=com.google.android.gms.common.BIND_SHARED_PREFS pkg=com.google.android.gms }
06-25 14:40:25.660  5051  5051 D BoundBrokerSvc: Loading bound service for intent: Intent { act=com.google.android.gms.common.BIND_SHARED_PREFS pkg=com.google.android.gms }
06-25 14:40:25.662   844   844 D ControlsListingControllerImpl: ServiceConfig reloaded, count: 0
06-25 14:40:25.675  1909  6150 W KeyChain: Creating new DB.
06-25 14:40:25.688   526   543 W Looper  : Slow dispatch took 106ms android.fg h=android.os.Handler c=<recycled PooledLambda@8f7eb4a> m=0
06-25 14:40:25.691  5051  5051 D BoundBrokerSvc: onUnbind: Intent { act=com.google.android.gms.common.BIND_SHARED_PREFS pkg=com.google.android.gms }
06-25 14:40:25.694  5051  5124 W Icing   : Package com.google.android.googlequicksearchbox targets Android P and isn't allowed to use AppDataSearch indexing API
06-25 14:40:25.695   844   918 D StylusManager: Stylus InputDevice changed: 11 virtio_input_multi_touch_8
06-25 14:40:25.697  6151  6151 I externalstorage: Using CollectorTypeCC GC.
06-25 14:40:25.699  6151  6151 W externalstorage: Unexpected CPU variant for x86: x86_64.
06-25 14:40:25.699  6151  6151 W externalstorage: Known variants: atom, sandybridge, silvermont, goldmont, goldmont-plus, tremont, kabylake, default
06-25 14:40:25.701   844   918 D StylusManager: Stylus InputDevice changed: 10 virtio_input_multi_touch_7
06-25 14:40:25.702  4998  6029 I NamespaceManager: Package com.google.android.apps.pixel.psi name not found! Using module version.
06-25 14:40:26.194     0     0 I logd    : start watching /data/system/packages.list ...
06-25 14:40:26.210     0     0 I logd    : ReadPackageList, total packages: 200
06-25 14:40:25.711   526   578 D PackageManager: Instant App installer not found with android.intent.action.INSTALL_INSTANT_APP_PACKAGE
06-25 14:40:25.711   526   578 D PackageManager: Clear ephemeral installer activity
06-25 14:40:25.716   526   543 W Looper  : Slow delivery took 237ms android.fg h=android.os.Handler c=<recycled PooledLambda@da88cc6> m=0
06-25 14:40:25.716  4998  6029 I NamespaceManager: Package com.google.android.apps.safetycore name not found! Using module version.
06-25 14:40:25.716  4998  6029 I NamespaceManager: Package com.google.android.crashrecovery name not found! Using module version.
06-25 14:40:25.718  4998  6029 I NamespaceManager: Package com.google.android.profiling name not found! Using module version.
06-25 14:40:25.718  4998  6029 I NamespaceManager: Package com.google.android.bt name not found! Using module version.
06-25 14:40:25.719  4998  6029 I NamespaceManager: Package com.google.android.nfcservices name not found! Using module version.
06-25 14:40:25.720  4998  6029 I NamespaceManager: Package com.google.android.webapp name not found! Using module version.
06-25 14:40:25.720  4998  6029 I NamespaceManager: Package com.google.android.telephonycore name not found! Using module version.
06-25 14:40:25.722  6151  6151 E externalstorage: Not starting debugger since process cannot load the jdwp agent.
06-25 14:40:25.727   526  3151 E TaskPersister: File error accessing recents directory (directory doesn't exist?).
06-25 14:40:25.732  5051  6021 I BlockstoreStorage: Clearing all the Blockstore Data for package dev.mobile.maestro [CONTEXT service_id=258 ]
06-25 14:40:25.733   856  5985 E RoleControllerServiceImpl: Default/fallback role holder package doesn't qualify for the role, package: com.google.android.gms.supervision, role: android.app.role.SYSTEM_SUPERVISION
06-25 14:40:25.735  5051  6021 I BlockstoreStorage: Clearing all the Blockstore Data for 1 packages [CONTEXT service_id=258 ]
06-25 14:40:25.737   526  2316 D SafetySourceDataValidator: No cert check requested for package com.google.android.permissioncontroller
06-25 14:40:25.746   856  5985 I Role    : com.google.android.gms not qualified for android.app.role.SYSTEM_CALL_STREAMING due to missing RequiredComponent{mIntentFilterData=IntentFilterData{mAction='android.telecom.CallStreamingService', mCategories='[]', mDataScheme='null', mDataType='null'}, mMinTargetSdkVersion=1, mFlags='0', mPermission='android.permission.BIND_CALL_STREAMING_SERVICE', mQueryFlags=0, mMetaData=[]}
06-25 14:40:25.746   856  5985 E RoleControllerServiceImpl: Default/fallback role holder package doesn't qualify for the role, package: com.google.android.gms, role: android.app.role.SYSTEM_CALL_STREAMING
06-25 14:40:25.747   526   578 I ActivityManager: Force stopping dev.mobile.maestro.test appid=10194 user=0: pkg removed
06-25 14:40:25.748   526   578 E libprocessgroup: No such cgroup attribute: /sys/fs/cgroup/uid_10194/cgroup.freeze
06-25 14:40:25.748   526   578 W libprocessgroup: Failed to apply Frozen process profile: No such file or directory
06-25 14:40:25.750   844   918 D StylusManager: Stylus InputDevice changed: 8 virtio_input_multi_touch_5
06-25 14:40:25.751  4998  6029 I NamespaceManager: Package com.google.android.uprobestats name not found! Using module version.
06-25 14:40:25.753   526   578 E libprocessgroup: No such cgroup attribute: /sys/fs/cgroup/uid_10194/cgroup.freeze
06-25 14:40:25.753   526   578 W libprocessgroup: Failed to apply Unfrozen process profile: No such file or directory
06-25 14:40:25.754  4998  6029 W PhenotypeConfigurationU: Update for unknown DeviceConfig package com.google.android.gms.payse [CONTEXT service_id=204 ]
06-25 14:40:25.754  4998  6029 W PhenotypeConfigurationU: bwix: No package exists for config package: com.google.android.gms.payse
06-25 14:40:25.754  4998  6029 W PhenotypeConfigurationU: 	at com.google.android.gms.platformconfigurator.PhenotypeConfigurationUpdateListener.b(:com.google.android.gms@231818047@23.18.18 (190800-535401451):6)
06-25 14:40:25.754  4998  6029 W PhenotypeConfigurationU: 	at com.google.android.gms.platformconfigurator.PhenotypeConfigurationUpdateListener.a(:com.google.android.gms@231818047@23.18.18 (190800-535401451):4)
06-25 14:40:25.754  4998  6029 W PhenotypeConfigurationU: 	at com.google.android.gms.platformconfigurator.PhenotypeConfigurationUpdateListener.onHandleIntent(:com.google.android.gms@231818047@23.18.18 (190800-535401451):21)
06-25 14:40:25.754  4998  6029 W PhenotypeConfigurationU: 	at com.google.android.chimera.IntentOperation.onHandleIntent(:com.google.android.gms@231818047@23.18.18 (190800-535401451):2)
06-25 14:40:25.754  4998  6029 W PhenotypeConfigurationU: 	at zhv.onHandleIntent(:com.google.android.gms@231818047@23.18.18 (190800-535401451):4)
06-25 14:40:25.754  4998  6029 W PhenotypeConfigurationU: 	at hjm.run(:com.google.android.gms@231818047@23.18.18 (190800-535401451):3)
06-25 14:40:25.754  4998  6029 W PhenotypeConfigurationU: 	at hjl.run(:com.google.android.gms@231818047@23.18.18 (190800-535401451):11)
06-25 14:40:25.754  4998  6029 W PhenotypeConfigurationU: 	at dfhf.run(:com.google.android.gms@231818047@23.18.18 (190800-535401451):2)
06-25 14:40:25.754  4998  6029 W PhenotypeConfigurationU: 	at java.util.concurrent.ThreadPoolExecutor.runWorker(ThreadPoolExecutor.java:1145)
06-25 14:40:25.754  4998  6029 W PhenotypeConfigurationU: 	at java.util.concurrent.ThreadPoolExecutor$Worker.run(ThreadPoolExecutor.java:644)
06-25 14:40:25.754  4998  6029 W PhenotypeConfigurationU: 	at java.lang.Thread.run(Thread.java:1012)
06-25 14:40:25.761   526   526 W Looper  : Slow dispatch took 124ms main h=android.app.ActivityThread$H c=null m=113
06-25 14:40:25.769   844   918 D StylusManager: Stylus InputDevice changed: 9 virtio_input_multi_touch_6
06-25 14:40:25.769   844   918 D StylusManager: Stylus InputDevice changed: 7 virtio_input_multi_touch_4
06-25 14:40:25.773   526   526 I ConditionProviders: Disallowing condition provider dev.mobile.maestro (userSet: true)
06-25 14:40:25.774   526  2228 D CompatibilityChangeReporter: Compat change id reported: 168419799; UID 10087; state: DISABLED
06-25 14:40:25.774   526  2228 D CompatibilityChangeReporter: Compat change id reported: 273564678; UID 10087; state: DISABLED
06-25 14:40:25.780   526   526 W Looper  : Drained
06-25 14:40:25.781   526   545 I DropBoxManagerService: add tag=system_server_strictmode isTagEnabled=true flags=0x2
06-25 14:40:25.782   526   545 I DropBoxManagerService: add tag=system_server_strictmode isTagEnabled=true flags=0x2
06-25 14:40:25.784  1104  1104 D Launcher.Model: package removed received dev.mobile.maestro
06-25 14:40:25.785  1638  1638 I AiAiEcho: AppFetcherImplV2 onPackageRemoved dev.mobile.maestro.
06-25 14:40:25.786  1104  1144 D PackageUpdatedTask: Removing app icondev.mobile.maestro
06-25 14:40:25.791   526   545 I DropBoxManagerService: add tag=system_server_strictmode isTagEnabled=true flags=0x2
06-25 14:40:25.792   526   545 I DropBoxManagerService: add tag=system_server_strictmode isTagEnabled=true flags=0x2
06-25 14:40:25.794  1637  2272 I MediaProvider: Begin Intent { act=android.intent.action.PACKAGE_FULLY_REMOVED dat=package: flg=0x5000010 cmp=com.google.android.providers.media.module/com.android.providers.media.MediaService (has extras) }
06-25 14:40:25.794  1637  2272 D MediaProvider: Deleted 0 Android/media items belonging to dev.mobile.maestro on /data/user/0/com.google.android.providers.media.module/databases/external.db
06-25 14:40:25.800   856  5985 W Role    : Default holder doesn't have required signing certificate: com.google.android.apps.work.clouddpc:23962F4B43B9857638EA66F4D419518EAE282491ACDA4B94707BD59003C45E58
06-25 14:40:25.822  1638  1955 I AiAiEcho: EchoSearch: WidgetFetcherImpl is initialized with [28] widgets [reason=package removed for userId: 0]
06-25 14:40:25.833  4998  5996 I ProximityAuth: [RecentAppsMediator] Package removed: (user=UserHandle{0}) dev.mobile.maestro
06-25 14:40:25.835  1637  2272 D MediaGrants: Removed 0 media_grants for 0 user for dev.mobile.maestro. Reason: Package orphaned
06-25 14:40:25.836  1637  2272 I MediaProvider: End Intent { act=android.intent.action.PACKAGE_FULLY_REMOVED dat=package: flg=0x5000010 cmp=com.google.android.providers.media.module/com.android.providers.media.MediaService (has extras) }
06-25 14:40:25.838  1104  1144 D ModelWriter: removing items from db . Reason: [removed because the corresponding package or component is removed. mOp=3 removedPackages=[dev.mobile.maestro] removedComponents=[]]
06-25 14:40:25.838  5051  5124 W Icing   : Package com.google.android.gm targets Android P and isn't allowed to use AppDataSearch indexing API
06-25 14:40:25.842  6151  6151 D CompatibilityChangeReporter: Compat change id reported: 171979766; UID 10087; state: ENABLED
06-25 14:40:25.842  6151  6151 D CompatibilityChangeReporter: Compat change id reported: 242716250; UID 10087; state: ENABLED
06-25 14:40:25.850   844   918 D StylusManager: Stylus InputDevice changed: 6 virtio_input_multi_touch_3
06-25 14:40:25.851   526  2315 D CompatibilityChangeReporter: Compat change id reported: 170503758; UID 10087; state: ENABLED
06-25 14:40:25.851  6151  6151 D CompatibilityChangeReporter: Compat change id reported: 3400644; UID 10087; state: ENABLED
06-25 14:40:25.865   844   918 D StylusManager: Stylus InputDevice changed: 12 virtio_input_multi_touch_9
06-25 14:40:25.870  6151  6151 D nativeloader: Configuring clns-shared-6 for other apk /system/priv-app/ExternalStorageProvider/ExternalStorageProvider.apk. target_sdk_version=34, uses_libraries=, library_path=/system/priv-app/ExternalStorageProvider/lib/x86_64:/system/lib64:/system_ext/lib64, permitted_path=/data:/mnt/expand:/data/user/0/com.android.externalstorage:/system/priv-app/ExternalStorageProvider:/system/lib64:/system_ext/lib64
06-25 14:40:25.871  1053  1053 D CarrierSvcBindHelper: onPackageRemoved: dev.mobile.maestro.test
06-25 14:40:25.871  1053  1053 D CarrierSvcBindHelper: No carrier app for: 0
06-25 14:40:25.879   526   535 I system_server: Background concurrent copying GC freed 524770(23MB) AllocSpace objects, 35(1080KB) LOS objects, 43% free, 31MB/55MB, paused 1.535ms,51us total 634.386ms
06-25 14:40:25.891   337   362 I netd    : tetherGetStats() -> {[]} <0.34ms>
06-25 14:40:25.905   526   536 W JavaBinder: BinderProxy is being destroyed but the application did not call unlinkToDeath to unlink all of its death recipients beforehand.  Releasing leaked death recipient: com.android.server.wm.ActivityRecord$$ExternalSyntheticLambda0
06-25 14:40:25.905   526   536 I BpBinder: onLastStrongRef automatically unlinking death recipients: 
06-25 14:40:25.907  6151  6151 V GraphicsEnvironment: Currently set values for:
06-25 14:40:25.907  6151  6151 V GraphicsEnvironment:   angle_gl_driver_selection_pkgs=[]
06-25 14:40:25.907  6151  6151 V GraphicsEnvironment:   angle_gl_driver_selection_values=[]
06-25 14:40:25.910  6151  6151 V GraphicsEnvironment: ANGLE GameManagerService for com.android.externalstorage: false
06-25 14:40:25.910  6151  6151 V GraphicsEnvironment: com.android.externalstorage is not listed in per-application setting
06-25 14:40:25.910  6151  6151 V GraphicsEnvironment: Neither updatable production driver nor prerelease driver is supported.
06-25 14:40:25.917   526   779 E AppOps  : attributionTag VCN not declared in manifest of android
06-25 14:40:25.919   526   543 W Looper  : Drained
06-25 14:40:25.920   526   766 W WifiService: Couldn't get PackageInfo for package:dev.mobile.maestro.test
06-25 14:40:25.921   526   766 D WifiService: Remove settings for package:dev.mobile.maestro.test
06-25 14:40:25.921   526   766 D WifiConfigManager: Remove all networks for app ApplicationInfo{50b480b dev.mobile.maestro.test}
06-25 14:40:25.924   526   641 V StorageManagerService: Package dev.mobile.maestro.test does not have legacy storage
06-25 14:40:25.928   526   631 I InputReader: Reconfiguring input devices, changes=KEYBOARD_LAYOUTS
06-25 14:40:25.930   400   414 D AF::TrackHandle: OpPlayAudio: track:56 usage:13 not muted
06-25 14:40:25.930   400   414 D AF::TrackHandle: OpPlayAudio: track:56 usage:13 not muted
06-25 14:40:25.930   400   414 D AF::TrackHandle: OpPlayAudio: track:56 usage:13 not muted
06-25 14:40:25.931   400   414 D AF::TrackHandle: OpPlayAudio: track:56 usage:13 not muted
06-25 14:40:25.932   400   414 D AF::TrackHandle: OpPlayAudio: track:56 usage:13 not muted
06-25 14:40:25.932   400   414 D AF::TrackHandle: OpPlayAudio: track:56 usage:13 not muted
06-25 14:40:25.933   400   414 D AF::TrackHandle: OpPlayAudio: track:56 usage:13 not muted
06-25 14:40:25.936   400   414 D AF::TrackHandle: OpPlayAudio: track:56 usage:13 not muted
06-25 14:40:25.936   400   414 D AF::TrackHandle: OpPlayAudio: track:56 usage:13 not muted
06-25 14:40:25.937   400   414 D AF::TrackHandle: OpPlayAudio: track:56 usage:13 not muted
06-25 14:40:25.945  1688  1688 I GsaVoiceInteractionSrv: O received Intent { act=android.intent.action.PACKAGE_REMOVED dat=package: flg=0x4000010 (has extras) }
06-25 14:40:25.945  4270  4270 V MediaPlayerList: mPackageChangedBroadcastReceiver: action: android.intent.action.PACKAGE_REMOVED
06-25 14:40:25.945  4270  4270 V MediaPlayerList: mPackageChangedBroadcastReceiver: action: android.intent.action.PACKAGE_REMOVED
06-25 14:40:25.950  5051  5124 I Icing   : updateResources: need to parse arkh{com.google.android.gms}
06-25 14:40:25.962   844   918 D StylusManager: Stylus InputDevice changed: 5 virtio_input_multi_touch_2
06-25 14:40:25.962  1735  2686 W SearchServiceCore: Abort, client detached.
06-25 14:40:25.963  1735  2686 W SearchServiceCore: Abort, client detached.
06-25 14:40:25.964   844   918 D StylusManager: Stylus InputDevice changed: 4 virtio_input_multi_touch_1
06-25 14:40:25.964   400   414 D AF::TrackHandle: OpPlayAudio: track:56 usage:13 not muted
06-25 14:40:25.965   526   526 I Telecom : CarModeTracker: Package dev.mobile.maestro.test is not tracked.: SSH.oR@ASw🔒
06-25 14:40:25.965   526   526 I Telecom : InCallController: updateCarModeForConnections: car mode apps: : SSH.oR@ASw🔒
06-25 14:40:25.965   526   526 I Telecom : InCallController: update carmode current:UserHandle{0} parent:null: SSH.oR@ASw🔒
06-25 14:40:25.966   400   414 D AF::TrackHandle: OpPlayAudio: track:56 usage:13 not muted
06-25 14:40:25.968   400   414 D AF::TrackHandle: OpPlayAudio: track:56 usage:13 not muted
06-25 14:40:25.970   844   918 D StylusManager: Stylus InputDevice changed: 14 virtio_input_multi_touch_11
06-25 14:40:25.971  1638  1854 I AiAiEcho: [pnb-agg] Reload pnb aggregation on events deleted
06-25 14:40:25.971  1638  1854 I AiAiEcho: [pnb-agg] pnb aggregation disabled.
06-25 14:40:25.972   400   414 D AF::TrackHandle: OpPlayAudio: track:56 usage:13 not muted
06-25 14:40:25.973   400   414 D AF::TrackHandle: OpPlayAudio: track:56 usage:13 not muted
06-25 14:40:25.974   400   414 D AF::TrackHandle: OpPlayAudio: track:56 usage:13 not muted
06-25 14:40:25.974   526   766 D WifiConfigStore: Writing to stores completed in 51 ms.
06-25 14:40:25.975   844   918 D StylusManager: Stylus InputDevice changed: 13 virtio_input_multi_touch_10
06-25 14:40:25.976   526   526 I ConditionProviders: Disallowing condition provider dev.mobile.maestro.test (userSet: true)
06-25 14:40:25.978   844   918 D StylusManager: Stylus InputDevice changed: 11 virtio_input_multi_touch_8
06-25 14:40:25.985   526   766 I PasspointManager: No app ops listener found for dev.mobile.maestro.test
06-25 14:40:26.000   844   918 D StylusManager: Stylus InputDevice changed: 10 virtio_input_multi_touch_7
06-25 14:40:26.005   400   414 D AF::TrackHandle: OpPlayAudio: track:56 usage:13 not muted
06-25 14:40:26.005   400   414 D AF::TrackHandle: OpPlayAudio: track:56 usage:13 not muted
06-25 14:40:26.006  4998  6058 I NamespaceManager: Package com.android.refreshratecontrol name not found! Using module version.
06-25 14:40:26.007   400   414 D AF::TrackHandle: OpPlayAudio: track:56 usage:13 not muted
06-25 14:40:26.007  4998  6058 I NamespaceManager: Package com.google.oslo name not found! Using module version.
06-25 14:40:26.011   844   918 D StylusManager: Stylus InputDevice changed: 8 virtio_input_multi_touch_5
06-25 14:40:26.014   844   918 D StylusManager: Stylus InputDevice changed: 9 virtio_input_multi_touch_6
06-25 14:40:26.015   844   918 D StylusManager: Stylus InputDevice changed: 7 virtio_input_multi_touch_4
06-25 14:40:26.017   526   773 D ConnectivityService: NetReassign [no changes] [c 1] [a 0] [i 0]
06-25 14:40:26.018  4998  6058 I NamespaceManager: Package com.android.media name not found! Using module version.
06-25 14:40:26.019  4998  6058 I NamespaceManager: Package com.android.media.swcodec name not found! Using module version.
06-25 14:40:26.020  4998  6058 I NamespaceManager: Package com.android.neuralnetworks name not found! Using module version.
06-25 14:40:26.020  4998  6058 I NamespaceManager: Package com.android.media name not found! Using module version.
06-25 14:40:26.023  4998  6058 I NamespaceManager: Package 1 name not found! Using module version.
06-25 14:40:26.024  4998  6058 I NamespaceManager: Package rkpd name not found! Using module version.
06-25 14:40:26.025  4998  6058 I NamespaceManager: Package android.companion name not found! Using module version.
06-25 14:40:26.036  6151  6151 D ExternalStorage: After updating volumes, found 1 active roots
06-25 14:40:26.039   400   414 D AF::TrackHandle: OpPlayAudio: track:56 usage:13 not muted
06-25 14:40:26.041   526   600 I ActivityManager: Flag disabled. Ignoring finishAttachApplication from uid: 10087. pid: 6151
06-25 14:40:26.053  4998  6058 I NamespaceManager: Package com.google.android.aicore name not found! Using module version.
06-25 14:40:26.053  4998  6058 I NamespaceManager: Package com.google.android.audioproxy name not found! Using module version.
06-25 14:40:26.053  4998  6058 I NamespaceManager: Package com.google.android.apps.pixel.psi name not found! Using module version.
06-25 14:40:26.055   400   414 D AF::TrackHandle: OpPlayAudio: track:56 usage:13 not muted
06-25 14:40:26.057   856   856 D PersistedStoragePackageUninstalledReceiver: Received android.intent.action.PACKAGE_FULLY_REMOVED for dev.mobile.maestro for u0
06-25 14:40:26.060   400   414 D AF::TrackHandle: OpPlayAudio: track:56 usage:13 not muted
06-25 14:40:26.063   526   554 W WindowMagnificationMgr: requestConnection duplicated request: connect=false, mConnectionState=DISCONNECTED
06-25 14:40:26.065  5494  5519 D EGL_emulation: app_time_stats: avg=550.69ms min=504.55ms max=596.83ms count=2
06-25 14:40:26.069   844   918 D StylusManager: Stylus InputDevice changed: 6 virtio_input_multi_touch_3
06-25 14:40:26.073   400   414 D AF::TrackHandle: OpPlayAudio: track:56 usage:13 not muted
06-25 14:40:26.074   400   414 D AF::TrackHandle: OpPlayAudio: track:56 usage:13 not muted
06-25 14:40:26.076   400   414 D AF::TrackHandle: OpPlayAudio: track:56 usage:13 not muted
06-25 14:40:26.077   400   414 D AF::TrackHandle: OpPlayAudio: track:56 usage:13 not muted
06-25 14:40:26.077   400   414 D AF::TrackHandle: OpPlayAudio: track:56 usage:13 not muted
06-25 14:40:26.079   400   414 D AF::TrackHandle: OpPlayAudio: track:56 usage:13 not muted
06-25 14:40:26.080   400   414 D AF::TrackHandle: OpPlayAudio: track:56 usage:13 not muted
06-25 14:40:26.083   400   414 D AF::TrackHandle: OpPlayAudio: track:56 usage:13 not muted
06-25 14:40:26.084   526   613 I RollbackManager: broadcast=ACTION_PACKAGE_FULLY_REMOVED pkg=dev.mobile.maestro.test
06-25 14:40:26.085   526   766 W WifiService: Couldn't get PackageInfo for package:dev.mobile.maestro.test
06-25 14:40:26.085   526   766 D WifiService: Remove settings for package:dev.mobile.maestro.test
06-25 14:40:26.085   526   766 D WifiConfigManager: Remove all networks for app ApplicationInfo{532c639 dev.mobile.maestro.test}
06-25 14:40:26.088   400   414 D AF::TrackHandle: OpPlayAudio: track:56 usage:13 not muted
06-25 14:40:26.089   400   414 D AF::TrackHandle: OpPlayAudio: track:56 usage:13 not muted
06-25 14:40:26.091  4998  6058 I NamespaceManager: Package com.google.android.apps.safetycore name not found! Using module version.
06-25 14:40:26.092   526   766 D WifiConfigStore: Writing to stores completed in 7 ms.
06-25 14:40:26.092   526   766 I PasspointManager: No app ops listener found for dev.mobile.maestro.test
06-25 14:40:26.093  4998  6058 I NamespaceManager: Package com.google.android.crashrecovery name not found! Using module version.
06-25 14:40:26.094  4998  6058 I NamespaceManager: Package com.google.android.profiling name not found! Using module version.
06-25 14:40:26.096  4998  6058 I NamespaceManager: Package com.google.android.bt name not found! Using module version.
06-25 14:40:26.098  4998  6058 I NamespaceManager: Package com.google.android.nfcservices name not found! Using module version.
06-25 14:40:26.100  4998  6058 I NamespaceManager: Package com.google.android.webapp name not found! Using module version.
06-25 14:40:26.102  4998  6058 I NamespaceManager: Package com.google.android.telephonycore name not found! Using module version.
06-25 14:40:26.103  4998  6058 I NamespaceManager: Package com.google.android.uprobestats name not found! Using module version.
06-25 14:40:26.114  1637  1637 W MediaProvider: WorkProfileOwnerApps cache is empty
06-25 14:40:26.119  5051  5124 I Icing   : doRemovePackageData dev.mobile.maestro
06-25 14:40:26.120   844   918 D StylusManager: Stylus InputDevice changed: 12 virtio_input_multi_touch_9
06-25 14:40:26.145  5051  6026 W DriveInitializer: Awaiting to be initialized
06-25 14:40:26.157   844   844 D ControlsListingControllerImpl: ServiceConfig reloaded, count: 0
06-25 14:40:26.157  5051  5124 I Icing   : Indexing com.google.android.gms-apps from com.google.android.gms
06-25 14:40:26.159   337   362 I netd    : tetherGetStats() -> {[]} <0.72ms>
06-25 14:40:26.173  4998  6055 I Fitness : FitCleanupIntentOperation received Intent android.intent.action.PACKAGE_REMOVED [CONTEXT service_id=17 ]
06-25 14:40:26.180  4998  6058 W PhenotypeConfigurationU: Update for unknown DeviceConfig package com.google.android.gms.droidguard [CONTEXT service_id=204 ]
06-25 14:40:26.180  4998  6058 W PhenotypeConfigurationU: bwix: No package exists for config package: com.google.android.gms.droidguard
06-25 14:40:26.180  4998  6058 W PhenotypeConfigurationU: 	at com.google.android.gms.platformconfigurator.PhenotypeConfigurationUpdateListener.b(:com.google.android.gms@231818047@23.18.18 (190800-535401451):6)
06-25 14:40:26.180  4998  6058 W PhenotypeConfigurationU: 	at com.google.android.gms.platformconfigurator.PhenotypeConfigurationUpdateListener.a(:com.google.android.gms@231818047@23.18.18 (190800-535401451):4)
06-25 14:40:26.180  4998  6058 W PhenotypeConfigurationU: 	at com.google.android.gms.platformconfigurator.PhenotypeConfigurationUpdateListener.onHandleIntent(:com.google.android.gms@231818047@23.18.18 (190800-535401451):21)
06-25 14:40:26.180  4998  6058 W PhenotypeConfigurationU: 	at com.google.android.chimera.IntentOperation.onHandleIntent(:com.google.android.gms@231818047@23.18.18 (190800-535401451):2)
06-25 14:40:26.180  4998  6058 W PhenotypeConfigurationU: 	at zhv.onHandleIntent(:com.google.android.gms@231818047@23.18.18 (190800-535401451):4)
06-25 14:40:26.180  4998  6058 W PhenotypeConfigurationU: 	at hjm.run(:com.google.android.gms@231818047@23.18.18 (190800-535401451):3)
06-25 14:40:26.180  4998  6058 W PhenotypeConfigurationU: 	at hjl.run(:com.google.android.gms@231818047@23.18.18 (190800-535401451):11)
06-25 14:40:26.180  4998  6058 W PhenotypeConfigurationU: 	at dfhf.run(:com.google.android.gms@231818047@23.18.18 (190800-535401451):2)
06-25 14:40:26.180  4998  6058 W PhenotypeConfigurationU: 	at java.util.concurrent.ThreadPoolExecutor.runWorker(ThreadPoolExecutor.java:1145)
06-25 14:40:26.180  4998  6058 W PhenotypeConfigurationU: 	at java.util.concurrent.ThreadPoolExecutor$Worker.run(ThreadPoolExecutor.java:644)
06-25 14:40:26.180  4998  6058 W PhenotypeConfigurationU: 	at java.lang.Thread.run(Thread.java:1012)
06-25 14:40:26.207  6176  6176 W BpBinder: Linking to death on android.gui.ISurfaceComposer but there are no threads (yet?) listening to incoming transactions. See ProcessState::startThreadPool and ProcessState::setThreadPoolMaxThreadCount. Generally you should setup the binder threadpool before other initialization steps.
06-25 14:40:26.208  6176  6176 W ProcessState: Extra binder thread started, but 0 threads requested. Do not use *startThreadPool when zero threads are requested.
06-25 14:40:26.222  4998  6028 I PTCommittedOperation: Receive new configuration for com.google.android.gms.droidguard
06-25 14:40:26.254  5051  6038 W ModuleInitIntentOp: Dropping unexpected action com.google.android.gms.phenotype.COMMITTED
06-25 14:40:26.255  5051  6038 V Backup  : [PhenotypeConfigIO] Phenotype broadcast received for different package
06-25 14:40:26.255  5051  5124 I Icing   : Indexing done com.google.android.gms-apps
06-25 14:40:26.255  5051  6023 W ModuleInitIntentOp: Dropping unexpected action com.google.android.gms.phenotype.COMMITTED
06-25 14:40:26.256  5051  6036 W ModuleInitIntentOp: Dropping unexpected action com.google.android.gms.phenotype.COMMITTED
06-25 14:40:26.257  5051  6036 I MdiSyncModule: flag handling is skipping irrelevant intent.
06-25 14:40:26.258  5051  6063 I SyncIntentOperation: Handling the intent: Intent { act=com.google.android.gms.phenotype.COMMITTED flg=0x10 pkg=com.google.android.gms cmp=com.google.android.gms/.chimera.GmsIntentOperationService (has extras) }. [CONTEXT service_id=80 ]
06-25 14:40:26.258  5051  6036 I MlBenchmarkInstaller: Intent: com.google.android.gms.phenotype.COMMITTED [CONTEXT service_id=340 ]
06-25 14:40:26.259  5051  6036 I MlBenchmarkInstaller: COMMITTED Extra package name: com.google.android.gms.droidguard [CONTEXT service_id=340 ]
06-25 14:40:26.259  5051  6036 W ModuleInitIntentOp: Dropping unexpected action com.google.android.gms.phenotype.COMMITTED
06-25 14:40:26.261  5051  6063 I LocationHistory: [IntentOperation] Handling action com.google.android.gms.phenotype.COMMITTED [CONTEXT service_id=314 ]
06-25 14:40:26.261  5051  6023 I GmsSyncPolicyEngine: Periodic sync 1 disabled by policy, cancelled.
06-25 14:40:26.262  5051  6023 I GmsSyncPolicyEngine: Periodic sync 2 disabled by policy, cancelled.
06-25 14:40:26.262  5051  6023 I GmsSyncPolicyEngine: Periodic sync 3 disabled by policy, cancelled.
06-25 14:40:26.787     0     0 I servicemanager: Could not find android.hardware.graphics.allocator.IAllocator/default in the VINTF manifest.
06-25 14:40:26.282   134   134 I hwservicemanager: getTransport: Cannot find entry android.hardware.graphics.mapper@4.0::IMapper/default in either framework or device VINTF manifest.
06-25 14:40:26.282  6176  6185 I Gralloc4: mapper 4.x is not supported
06-25 14:40:26.283  1637  2272 I MediaProvider: Begin Intent { act=android.intent.action.PACKAGE_FULLY_REMOVED dat=package: flg=0x5000010 cmp=com.google.android.providers.media.module/com.android.providers.media.MediaService (has extras) }
06-25 14:40:26.283  1637  2272 D MediaProvider: Deleted 0 Android/media items belonging to dev.mobile.maestro.test on /data/user/0/com.google.android.providers.media.module/databases/external.db
06-25 14:40:26.286  5051  6039 W SQLiteLog: (28) double-quoted string literal: "dev.mobile.maestro"
06-25 14:40:26.288   526  2167 D SafetySourceDataValidator: No cert check requested for package com.google.android.permissioncontroller
06-25 14:40:26.290  5051  5051 D BoundBrokerSvc: onBind: Intent { act=com.google.android.gms.common.BIND_SHARED_PREFS pkg=com.google.android.gms }
06-25 14:40:26.291  5051  5051 D BoundBrokerSvc: Loading bound service for intent: Intent { act=com.google.android.gms.common.BIND_SHARED_PREFS pkg=com.google.android.gms }
06-25 14:40:26.294  5051  5051 D BoundBrokerSvc: onUnbind: Intent { act=com.google.android.gms.common.BIND_SHARED_PREFS pkg=com.google.android.gms }
06-25 14:40:26.328   844   844 D StatusBarIconController: ignoring old pipeline callbacks, because the new mobile icons are enabled
06-25 14:40:26.329  1637  2272 D MediaGrants: Removed 0 media_grants for 0 user for dev.mobile.maestro.test. Reason: Package orphaned
06-25 14:40:26.340  1637  2272 I MediaProvider: End Intent { act=android.intent.action.PACKAGE_FULLY_REMOVED dat=package: flg=0x5000010 cmp=com.google.android.providers.media.module/com.android.providers.media.MediaService (has extras) }
06-25 14:40:26.349  1688  1688 I GsaVoiceInteractionSrv: O received Intent { act=android.intent.action.PACKAGE_REMOVED dat=package: flg=0x4000010 (has extras) }
06-25 14:40:26.358  1735  2686 W SearchServiceCore: Abort, client detached.
06-25 14:40:26.358  1735  2686 W SearchServiceCore: Abort, client detached.
06-25 14:40:26.370   856   856 D PersistedStoragePackageUninstalledReceiver: Received android.intent.action.PACKAGE_FULLY_REMOVED for dev.mobile.maestro.test for u0
06-25 14:40:26.374  5051  5124 I PinnedContentDownloader: Finished downloading pinned content.
06-25 14:40:26.395  5051  6024 I BlockstoreStorage: Clearing all the Blockstore Data for package dev.mobile.maestro.test [CONTEXT service_id=258 ]
06-25 14:40:26.397  5051  6024 I BlockstoreStorage: Clearing all the Blockstore Data for 1 packages [CONTEXT service_id=258 ]
06-25 14:40:26.424   526   619 I RoleService: Granting default roles...
06-25 14:40:26.440  5051  6026 W SQLiteLog: (28) double-quoted string literal: "dev.mobile.maestro.test"
06-25 14:40:26.462  5051  6191 I Icing   : doRemovePackageData dev.mobile.maestro.test
06-25 14:40:26.463  1104  1104 D Launcher.Model: package removed received dev.mobile.maestro.test
06-25 14:40:26.463  1638  1638 I AiAiEcho: AppFetcherImplV2 onPackageRemoved dev.mobile.maestro.test.
06-25 14:40:26.464  1104  1144 D PackageUpdatedTask: Removing app icondev.mobile.maestro.test
06-25 14:40:26.475  4998  5041 W .gms.persistent: Long monitor contention with owner lowpool[12] (5850) at void acea.execute(java.lang.Runnable)(:com.google.android.gms@231818047@23.18.18 (190800-535401451):0) waiters=1 in void acea.execute(java.lang.Runnable) for 150ms
06-25 14:40:26.478  5051  5147 I ContentMaintenance: Internal cache bytes used: 0; limit: 100000000; download size: 0
06-25 14:40:26.480  1638  1955 I AiAiEcho: EchoSearch: WidgetFetcherImpl is initialized with [28] widgets [reason=package removed for userId: 0]
06-25 14:40:26.485  1104  1144 D ModelWriter: removing items from db . Reason: [removed because the corresponding package or component is removed. mOp=3 removedPackages=[dev.mobile.maestro.test] removedComponents=[]]
06-25 14:40:26.489  1638  1854 I AiAiEcho: [pnb-agg] Reload pnb aggregation on events deleted
06-25 14:40:26.489  1638  1854 I AiAiEcho: [pnb-agg] pnb aggregation disabled.
06-25 14:40:26.504   856  5985 E RoleControllerServiceImpl: Default/fallback role holder package doesn't qualify for the role, package: com.google.android.gms.supervision, role: android.app.role.SYSTEM_SUPERVISION
06-25 14:40:26.506   856  5985 I Role    : com.google.android.gms not qualified for android.app.role.SYSTEM_CALL_STREAMING due to missing RequiredComponent{mIntentFilterData=IntentFilterData{mAction='android.telecom.CallStreamingService', mCategories='[]', mDataScheme='null', mDataType='null'}, mMinTargetSdkVersion=1, mFlags='0', mPermission='android.permission.BIND_CALL_STREAMING_SERVICE', mQueryFlags=0, mMetaData=[]}
06-25 14:40:26.506   856  5985 E RoleControllerServiceImpl: Default/fallback role holder package doesn't qualify for the role, package: com.google.android.gms, role: android.app.role.SYSTEM_CALL_STREAMING
06-25 14:40:26.506   856  5985 W Role    : Default holder doesn't have required signing certificate: com.google.android.apps.work.clouddpc:23962F4B43B9857638EA66F4D419518EAE282491ACDA4B94707BD59003C45E58
06-25 14:40:26.507  4998  6062 I ProximityAuth: [RecentAppsMediator] Package removed: (user=UserHandle{0}) dev.mobile.maestro.test
06-25 14:40:26.512  4998  6062 I Fitness : FitCleanupIntentOperation received Intent android.intent.action.PACKAGE_REMOVED [CONTEXT service_id=17 ]
06-25 14:40:26.541  5051  6191 I Icing   : Indexing com.google.android.gms-apps from com.google.android.gms
06-25 14:40:26.546  5051  6191 I Icing   : Indexing done com.google.android.gms-apps
06-25 14:40:26.556  6189  6189 D AndroidRuntime: >>>>>> START com.android.internal.os.RuntimeInit uid 2000 <<<<<<
06-25 14:40:26.557  5051  5147 I RealtimeCacheCleanup: Beginning Realtime garbage collection.
06-25 14:40:26.558  5051  5147 I RealtimeCacheCleanup: Finished Realtime garbage collection.
06-25 14:40:26.570  6189  6189 I AndroidRuntime: Using default boot image
06-25 14:40:26.570  6189  6189 I AndroidRuntime: Leaving lock profiling enabled
06-25 14:40:26.576  6189  6189 I app_process: Core platform API reporting enabled, enforcing=false
06-25 14:40:26.577  6189  6189 I app_process: Using CollectorTypeCC GC.
06-25 14:40:26.747  6189  6189 D nativeloader: InitDefaultPublicLibraries for_preload=1: libandroid.so:libaaudio.so:libamidi.so:libbinder_ndk.so:libc.so:libcamera2ndk.so:libdl.so:libEGL.so:libGLESv1_CM.so:libGLESv2.so:libGLESv3.so:libicu.so:libicui18n.so:libicuuc.so:libjnigraphics.so:liblog.so:libmediandk.so:libm.so:libnativehelper.so:libnativewindow.so:libOpenMAXAL.so:libOpenSLES.so:libRS.so:libstdc++.so:libsync.so:libvulkan.so:libwebviewchromium_plat_support.so:libz.so
06-25 14:40:26.769  6189  6189 D app_process: Time zone APEX ICU file found: /apex/com.android.tzdata/etc/icu/icu_tzdata.dat
06-25 14:40:26.769  6189  6189 D app_process: I18n APEX ICU file found: /apex/com.android.i18n/etc/icu/icudt72l.dat
06-25 14:40:26.785  6189  6189 W app_process: Unexpected CPU variant for x86: x86_64.
06-25 14:40:26.785  6189  6189 W app_process: Known variants: atom, sandybridge, silvermont, goldmont, goldmont-plus, tremont, kabylake, default
06-25 14:40:26.791  6189  6189 W app_process: ClassLoaderContext shared library size mismatch. Expected=2, found=0 (PCL[]{PCL[/system/framework/android.test.base.jar*836642756]#PCL[/system/framework/android.test.mock.jar*3186112116]} | PCL[])
06-25 14:40:26.795  6189  6189 W app_process: ClassLoaderContext classpath size mismatch. expected=0, found=1 (PCL[]{PCL[/system/framework/android.test.runner.jar*4168958247]{PCL[/system/framework/android.test.base.jar*836642756]#PCL[/system/framework/android.test.mock.jar*3186112116]}#PCL[/system/framework/android.test.base.jar*836642756]} | PCL[/system/framework/android.test.runner.jar*4168958247])
06-25 14:40:26.822  6189  6189 W libc    : Access denied finding property "ro.product.name_for_attestation"
06-25 14:40:26.822  6189  6189 W libc    : Access denied finding property "ro.product.brand_for_attestation"
06-25 14:40:26.822  6189  6189 W libc    : Access denied finding property "ro.product.model_for_attestation"
06-25 14:40:26.823  6189  6189 D AndroidRuntime: Calling main entry com.android.commands.uiautomator.Launcher
06-25 14:40:26.831  6189  6189 D UiAutomationConnection: Created on user UserHandle{0}
06-25 14:40:26.831  6189  6189 I UiAutomation: Initialized for user 0 on display 0
06-25 14:40:26.831  6189  6189 W UiAutomation: Created with deprecatead constructor, assumes DEFAULT_DISPLAY
06-25 14:40:26.832   526  1936 D AccessibilityManagerService: changeCurrentUserForTestAutomationIfNeededLocked(0): ignoring because device doesn't support visible background users
06-25 14:40:26.832   526  1936 I UiAutomationManager: Registering UiTestAutomationService (id=com.android.server.accessibility/UiAutomation) when called by user 0
06-25 14:40:26.819  6189  6189 W main    : type=1400 audit(0.0:48): avc:  denied  { read } for  name="u:object_r:build_attestation_prop:s0" dev="tmpfs" ino=86 scontext=u:r:shell:s0 tcontext=u:object_r:build_attestation_prop:s0 tclass=file permissive=0
06-25 14:40:26.836   526  1936 W WindowMagnificationMgr: requestConnection duplicated request: connect=false, mConnectionState=DISCONNECTED
06-25 14:40:26.843  6189  6205 V UiAutomation: Init UiAutomation@8590381[id=3, displayId=0, flags=0]
06-25 14:40:26.845   526   526 D BatterySaverPolicy: accessibility changed to true, updating policy.
06-25 14:40:26.819  6189  6189 W main    : type=1400 audit(0.0:49): avc:  denied  { read } for  name="u:object_r:build_attestation_prop:s0" dev="tmpfs" ino=86 scontext=u:r:shell:s0 tcontext=u:object_r:build_attestation_prop:s0 tclass=file permissive=0
06-25 14:40:26.819  6189  6189 W main    : type=1400 audit(0.0:50): avc:  denied  { read } for  name="u:object_r:build_attestation_prop:s0" dev="tmpfs" ino=86 scontext=u:r:shell:s0 tcontext=u:object_r:build_attestation_prop:s0 tclass=file permissive=0
06-25 14:40:26.857  1735  2234 I A       : NGA disabled since it's running Panthera and at least one a11y feature is on.
06-25 14:40:26.857  1735  2234 I A       : Nga state changed to NgaStateDetails{state=DISABLED, isSpecialExperience=false}
06-25 14:40:26.859  1688  2709 I A       : APA or Classic session decision: SessionDecision(sessionVariance=CLASSIC, platformVariance=CLASSIC, justification=CURRENT_PLATFORM_VARIANCE).
06-25 14:40:26.859  1688  2709 I A       : [Memory] eligibility: StashEligibility{4}
06-25 14:40:26.863  1688  2289 I A       : Unsubscribed to apa or classic variant change.
06-25 14:40:26.864  1638  3589 I AiAiEcho: Settings changed for uri: content://settings/secure/accessibility_enabled
06-25 14:40:26.865   526  2312 W WindowMagnificationMgr: requestConnection duplicated request: connect=false, mConnectionState=DISCONNECTED
06-25 14:40:26.867  1638  1854 I AiAiEcho: Predicting[0]: 
06-25 14:40:26.867  1638  1854 I AiAiEcho: EchoTargets: 
06-25 14:40:26.867  1638  1854 I AiAiEcho: Filtered by AiAi flag check: 
06-25 14:40:26.867  1638  1854 I AiAiEcho: Ranked targets strategy: SORT, count: 0, ranking metadata: 
06-25 14:40:26.867  1638  1854 I AiAiEcho: Predicting[0]: 
06-25 14:40:26.867  1638  1854 I AiAiEcho: EchoTargets: 
06-25 14:40:26.867  1638  1854 I AiAiEcho: Filtered by AiAi flag check: 
06-25 14:40:26.867  1638  1854 I AiAiEcho: Ranked targets strategy: SORT, count: 0, ranking metadata: 
06-25 14:40:26.867  1638  1854 I AiAiEcho: #postPredictionTargets: Sending updates to UISurface lockscreen with targets# 0 (types=[])
06-25 14:40:26.868  1638  1854 I AiAiEcho: #postPredictionTargets: Sending updates to UISurface home with targets# 0 (types=[])
06-25 14:40:26.868  1638  3589 I AiAiEcho: Settings changed for uri: content://settings/secure/accessibility_enabled
06-25 14:40:26.870   844   844 W PageIndicator: Total number of pages invalid: 0. Assuming 1 page.
06-25 14:40:26.871  1638  1854 I AiAiEcho: Predicting[0]: 
06-25 14:40:26.871  1638  1854 I AiAiEcho: EchoTargets: 
06-25 14:40:26.871  1638  1854 I AiAiEcho: Filtered by AiAi flag check: 
06-25 14:40:26.871  1638  1854 I AiAiEcho: Ranked targets strategy: SORT, count: 0, ranking metadata: 
06-25 14:40:26.871  1638  1854 I AiAiEcho: Predicting[0]: 
06-25 14:40:26.871  1638  1854 I AiAiEcho: EchoTargets: 
06-25 14:40:26.871  1638  1854 I AiAiEcho: Filtered by AiAi flag check: 
06-25 14:40:26.871  1638  1854 I AiAiEcho: Ranked targets strategy: SORT, count: 0, ranking metadata: 
06-25 14:40:26.871  1638  1854 I AiAiEcho: #postPredictionTargets: Sending updates to UISurface lockscreen with targets# 0 (types=[])
06-25 14:40:26.871  1638  1854 I AiAiEcho: #postPredictionTargets: Sending updates to UISurface home with targets# 0 (types=[])
06-25 14:40:26.872   844   844 W PageIndicator: Total number of pages invalid: 0. Assuming 1 page.
06-25 14:40:26.874   526  2312 D SafetySourceDataValidator: No cert check requested for package com.google.android.permissioncontroller
06-25 14:40:26.875  1567  1625 W AppInfoHelper: <DWB> Application not found: dev.mobile.maestro.test
06-25 14:40:26.875  1567  1625 W AppInfoHelper: android.content.pm.PackageManager$NameNotFoundException: dev.mobile.maestro.test
06-25 14:40:26.875  1567  1625 W AppInfoHelper: 	at android.app.ApplicationPackageManager.getApplicationInfoAsUser(ApplicationPackageManager.java:507)
06-25 14:40:26.875  1567  1625 W AppInfoHelper: 	at android.app.ApplicationPackageManager.getApplicationInfo(ApplicationPackageManager.java:490)
06-25 14:40:26.875  1567  1625 W AppInfoHelper: 	at android.app.ApplicationPackageManager.getApplicationInfo(ApplicationPackageManager.java:484)
06-25 14:40:26.875  1567  1625 W AppInfoHelper: 	at czo.e(PG:2)
06-25 14:40:26.875  1567  1625 W AppInfoHelper: 	at czo.f(PG:7)
06-25 14:40:26.875  1567  1625 W AppInfoHelper: 	at crm.f(PG:14)
06-25 14:40:26.875  1567  1625 W AppInfoHelper: 	at cdm.apply(PG:74)
06-25 14:40:26.875  1567  1625 W AppInfoHelper: 	at j$.util.stream.i.accept(SourceFile:27)
06-25 14:40:26.875  1567  1625 W AppInfoHelper: 	at j$.util.stream.P0.accept(SourceFile:3)
06-25 14:40:26.875  1567  1625 W AppInfoHelper: 	at j$.util.a.forEachRemaining(SourceFile:20)
06-25 14:40:26.875  1567  1625 W AppInfoHelper: 	at j$.util.stream.c.v(SourceFile:21)
06-25 14:40:26.875  1567  1625 W AppInfoHelper: 	at j$.util.stream.c.C(SourceFile:8)
06-25 14:40:26.875  1567  1625 W AppInfoHelper: 	at j$.util.stream.I0.e(SourceFile:1)
06-25 14:40:26.875  1567  1625 W AppInfoHelper: 	at j$.util.stream.c.F(SourceFile:35)
06-25 14:40:26.875  1567  1625 W AppInfoHelper: 	at j$.util.stream.g1.collect(SourceFile:83)
06-25 14:40:26.875  1567  1625 W AppInfoHelper: 	at bsv.a(PG:14)
06-25 14:40:26.875  1567  1625 W AppInfoHelper: 	at jza.a(PG:30)
06-25 14:40:26.875  1567  1625 W AppInfoHelper: 	at jza.a(PG:42)
06-25 14:40:26.875  1567  1625 W AppInfoHelper: 	at lne.a(PG:1)
06-25 14:40:26.875  1567  1625 W AppInfoHelper: 	at lmk.run(PG:4)
06-25 14:40:26.875  1567  1625 W AppInfoHelper: 	at lng.run(PG:1)
06-25 14:40:26.875  1567  1625 W AppInfoHelper: 	at llo.run(PG:3)
06-25 14:40:26.875  1567  1625 W AppInfoHelper: 	at idn.run(PG:5)
06-25 14:40:26.875  1567  1625 W AppInfoHelper: 	at java.util.concurrent.ThreadPoolExecutor.runWorker(ThreadPoolExecutor.java:1145)
06-25 14:40:26.875  1567  1625 W AppInfoHelper: 	at java.util.concurrent.ThreadPoolExecutor$Worker.run(ThreadPoolExecutor.java:644)
06-25 14:40:26.875  1567  1625 W AppInfoHelper: 	at huo.run(PG:51)
06-25 14:40:26.875  1567  1625 W AppInfoHelper: 	at java.lang.Thread.run(Thread.java:1012)
06-25 14:40:26.875  1567  1625 W AppInfoHelper: 	at idx.run(PG:5)
06-25 14:40:26.913  4998  6028 I NamespaceManager: Package com.android.refreshratecontrol name not found! Using module version.
06-25 14:40:26.916  4998  6028 I NamespaceManager: Package com.google.oslo name not found! Using module version.
06-25 14:40:26.917  5051  6026 W ModuleInitIntentOp: Dropping unexpected action com.google.android.gms.phenotype.COMMITTED
06-25 14:40:26.918  5051  6026 W ModuleInitIntentOp: Dropping unexpected action com.google.android.gms.phenotype.COMMITTED
06-25 14:40:26.918  5051  6026 W ModuleInitIntentOp: Dropping unexpected action com.google.android.gms.phenotype.COMMITTED
06-25 14:40:26.918  5051  6026 V Backup  : [PhenotypeConfigIO] Phenotype broadcast received for different package
06-25 14:40:26.918  5051  6026 I SyncIntentOperation: Handling the intent: Intent { act=com.google.android.gms.phenotype.COMMITTED flg=0x10 pkg=com.google.android.gms cmp=com.google.android.gms/.chimera.GmsIntentOperationService (has extras) }. [CONTEXT service_id=80 ]
06-25 14:40:26.921  4998  6058 I PTCommittedOperation: Receive new configuration for com.google.android.gms.recaptcha
06-25 14:40:26.922  4998  6028 I NamespaceManager: Package com.android.media name not found! Using module version.
06-25 14:40:26.922  4998  6028 I NamespaceManager: Package com.android.media.swcodec name not found! Using module version.
06-25 14:40:26.922  4998  6028 I NamespaceManager: Package com.android.neuralnetworks name not found! Using module version.
06-25 14:40:26.923  4998  6028 I NamespaceManager: Package com.android.media name not found! Using module version.
06-25 14:40:26.923  5051  6063 I MdiSyncModule: flag handling is skipping irrelevant intent.
06-25 14:40:26.923  5051  6063 I MlBenchmarkInstaller: Intent: com.google.android.gms.phenotype.COMMITTED [CONTEXT service_id=340 ]
06-25 14:40:26.923  5051  6063 I MlBenchmarkInstaller: COMMITTED Extra package name: com.google.android.gms.recaptcha [CONTEXT service_id=340 ]
06-25 14:40:26.924  4998  6028 I NamespaceManager: Package 1 name not found! Using module version.
06-25 14:40:26.924  4998  6028 I NamespaceManager: Package rkpd name not found! Using module version.
06-25 14:40:26.924  5051  6021 W ModuleInitIntentOp: Dropping unexpected action com.google.android.gms.phenotype.COMMITTED
06-25 14:40:26.925  4998  6028 I NamespaceManager: Package android.companion name not found! Using module version.
06-25 14:40:26.925  5051  6063 I LocationHistory: [IntentOperation] Handling action com.google.android.gms.phenotype.COMMITTED [CONTEXT service_id=314 ]
06-25 14:40:26.925  4998  6028 I NamespaceManager: Package com.google.android.aicore name not found! Using module version.
06-25 14:40:26.926  4998  6028 I NamespaceManager: Package com.google.android.audioproxy name not found! Using module version.
06-25 14:40:26.926  4998  6028 I NamespaceManager: Package com.google.android.apps.pixel.psi name not found! Using module version.
06-25 14:40:26.926  5051  6021 I GmsSyncPolicyEngine: Periodic sync 1 disabled by policy, cancelled.
06-25 14:40:26.927  5051  6021 I GmsSyncPolicyEngine: Periodic sync 2 disabled by policy, cancelled.
06-25 14:40:26.927  5051  6021 I GmsSyncPolicyEngine: Periodic sync 3 disabled by policy, cancelled.
06-25 14:40:26.929  4998  6028 I NamespaceManager: Package com.google.android.apps.safetycore name not found! Using module version.
06-25 14:40:26.931  4998  6028 I NamespaceManager: Package com.google.android.crashrecovery name not found! Using module version.
06-25 14:40:26.931  4998  6028 I NamespaceManager: Package com.google.android.profiling name not found! Using module version.
06-25 14:40:26.931  4998  6028 I NamespaceManager: Package com.google.android.bt name not found! Using module version.
06-25 14:40:26.931  4998  6028 I NamespaceManager: Package com.google.android.nfcservices name not found! Using module version.
06-25 14:40:26.932  4998  6028 I NamespaceManager: Package com.google.android.webapp name not found! Using module version.
06-25 14:40:26.932  4998  6028 I NamespaceManager: Package com.google.android.telephonycore name not found! Using module version.
06-25 14:40:26.933  4998  6028 I NamespaceManager: Package com.google.android.uprobestats name not found! Using module version.
06-25 14:40:26.933  4998  6028 W PhenotypeConfigurationU: Update for unknown DeviceConfig package com.google.android.gms.recaptcha [CONTEXT service_id=204 ]
