06-25 14:40:27.973  1688  2289 W A       : Disposing empty manager. Did you forgot to subscribe observables?
06-25 14:40:27.973  1688  2289 W A       : Disposing empty manager. Did you forgot to subscribe observables?
06-25 14:40:27.973  1688  2289 I A       : setNavBarVisible: GestureNavBarVisible{navbarVisible=true}
06-25 14:40:27.973  1688  2289 W A       : Disposing empty manager. Did you forgot to subscribe observables?
06-25 14:40:27.973  1688  2289 W A       : Disposing empty manager. Did you forgot to subscribe observables?
06-25 14:40:27.973  1688  2289 W A       : Disposing empty manager. Did you forgot to subscribe observables?
06-25 14:40:27.973  1688  2289 W A       : Disposing empty manager. Did you forgot to subscribe observables?
06-25 14:40:27.973  1688  2289 W A       : Disposing empty manager. Did you forgot to subscribe observables?
06-25 14:40:27.973  1688  2289 W A       : Disposing empty manager. Did you forgot to subscribe observables?
06-25 14:40:27.973  1688  2289 I A       : onDisabled. Registered: false
06-25 14:40:27.974  1735  2234 I A       : NGA enabled in interactor.
06-25 14:40:27.980  1688  2295 I A       : State changed: IDLE => IDLE by NGA_STATE_CHANGED and N/A with Optional.empty
06-25 14:40:27.980  1688  2295 I A       : Recognizer choice: (recognizer_type: 1, recognizer_mode: 1, choice_reason: 4)
06-25 14:40:27.980  1688  2295 I A       : onActiveStateChangeEvent: IDLE => IDLE
06-25 14:40:27.981  1688  2295 I A       : #onActiveStateChangeEvent, newState: IDLE, previousState: IDLE.
06-25 14:40:27.983   337  6218 I resolv  : GetAddrInfoHandler::run: {100 786532 100 983140 10131 0}
06-25 14:40:27.986  1688  2289 I A       : on opa visibility changed false
06-25 14:40:27.986  1688  2289 I A       : on opa visibility changed false
06-25 14:40:27.986  1688  2289 I A       : stopListening(NGA_PAUSED_UNKNOWN_REASON, NGA_CREATE), idleOverride=NOT_LISTENING
06-25 14:40:27.987   337  6220 I resolv  : res_nmkquery: (QUERY, IN, A)
06-25 14:40:27.987   337  6219 I resolv  : res_nmkquery: (QUERY, IN, AAAA)
06-25 14:40:27.987  4998  5918 I NamespaceManager: Package com.android.neuralnetworks name not found! Using module version.
06-25 14:40:27.989  4998  5918 I NamespaceManager: Package com.android.media name not found! Using module version.
06-25 14:40:27.992  5051  5124 I GmsDebugLogger: [73] 1801
06-25 14:40:27.992  1735  2254 W CorpusConfigHelper: Invalid input from icing corpus JSON flag.
06-25 14:40:27.992  1735  2254 W CorpusConfigHelper: android.util.MalformedJsonException: Use JsonReader.setLenient(true) to accept malformed JSON at line 123 column 2
06-25 14:40:27.992  1735  2254 W CorpusConfigHelper: 	at android.util.JsonReader.syntaxError(JsonReader.java:1162)
06-25 14:40:27.992  1735  2254 W CorpusConfigHelper: 	at android.util.JsonReader.checkLenient(JsonReader.java:840)
06-25 14:40:27.992  1735  2254 W CorpusConfigHelper: 	at android.util.JsonReader.nextInArray(JsonReader.java:615)
06-25 14:40:27.992  1735  2254 W CorpusConfigHelper: 	at android.util.JsonReader.peek(JsonReader.java:345)
06-25 14:40:27.992  1735  2254 W CorpusConfigHelper: 	at android.util.JsonReader.hasNext(JsonReader.java:321)
06-25 14:40:27.992  1735  2254 W CorpusConfigHelper: 	at com.google.android.apps.gsa.searchbox.c.b.b.k.c(PG:7)
06-25 14:40:27.992  1735  2254 W CorpusConfigHelper: 	at com.google.android.apps.gsa.searchbox.c.b.b.j.a(Unknown Source:2)
06-25 14:40:27.992  1735  2254 W CorpusConfigHelper: 	at com.google.android.apps.gsa.search.core.i.r.run(PG:5)
06-25 14:40:27.992  1735  2254 W CorpusConfigHelper: 	at com.google.android.libraries.gsa.k.a.h.run(PG:2)
06-25 14:40:27.992  1735  2254 W CorpusConfigHelper: 	at com.google.android.apps.gsa.shared.util.c.a.cf.b(PG:1)
06-25 14:40:27.992  1735  2254 W CorpusConfigHelper: 	at com.google.android.apps.gsa.shared.util.c.a.ci.run(PG:1)
06-25 14:40:27.992  1735  2254 W CorpusConfigHelper: 	at com.google.android.libraries.i.ae.run(PG:1)
06-25 14:40:27.992  1735  2254 W CorpusConfigHelper: 	at java.util.concurrent.ThreadPoolExecutor.runWorker(ThreadPoolExecutor.java:1145)
06-25 14:40:27.992  1735  2254 W CorpusConfigHelper: 	at java.util.concurrent.ThreadPoolExecutor$Worker.run(ThreadPoolExecutor.java:644)
06-25 14:40:27.992  1735  2254 W CorpusConfigHelper: 	at com.google.android.libraries.i.k.run(PG:2)
06-25 14:40:27.992  1735  2254 W CorpusConfigHelper: 	at com.google.android.libraries.i.p.run(PG:4)
06-25 14:40:27.992  1735  2254 W CorpusConfigHelper: 	at java.lang.Thread.run(Thread.java:1012)
06-25 14:40:28.002  1688  2295 I A       : Initialize
06-25 14:40:28.003  5051  5165 I Icing   : IndexChimeraService.getServiceInterface callingPackage=com.google.android.googlequicksearchbox componentName=agsa_icing_connection serviceId=33
06-25 14:40:28.005  1688  2295 I NgaEntryPointEventSendr: setupConnection
06-25 14:40:28.008   526  2143 W ProcessStats: Tracking association SourceState{d2c4248 com.google.android.googlequicksearchbox:interactor/10132 BFgs #10689} whose proc state 4 is better than process ProcessState{dc8853 com.google.android.googlequicksearchbox:search/10132 pkg=com.google.android.googlequicksearchbox} proc state 6 (2025 skipped)
06-25 14:40:28.014  1688  2295 I NgaEntryPointEventSendr: State changed: Disconnected => Connecting
06-25 14:40:28.016  5051  5139 I Icing   : IndexChimeraService.getServiceInterface callingPackage=com.google.android.googlequicksearchbox componentName=agsa_icing_connection serviceId=32
06-25 14:40:28.025  1735  1735 I A       : Creating pss binder().
06-25 14:40:28.028  4998  5918 I NamespaceManager: Package 1 name not found! Using module version.
06-25 14:40:28.032  1688  2295 I NgaEntryPointEventSendr: onServiceConnected
06-25 14:40:28.033  1735  2715 I A       : Calling beginBinderSession().
06-25 14:40:28.033  4998  5918 I NamespaceManager: Package rkpd name not found! Using module version.
06-25 14:40:28.034  1735  2715 I A       : beginBinderSession(): calling binder
06-25 14:40:28.034  1688  2295 I NgaEntryPointEventSendr: State changed: Connecting => Ready
06-25 14:40:28.037  4998  5918 I NamespaceManager: Package android.companion name not found! Using module version.
06-25 14:40:28.040   526  1399 W ActivityManager: Unable to start service Intent { cmp=com.google.android.apps.tachyon/.clientapi.ClientApiService } U=0: not found
06-25 14:40:28.046  5051  5124 W ZappDownloader: No successful module downloads for requested features [].
06-25 14:40:28.046  5051  5124 I GmsDebugLogger: [30] [VisionOcrDynamite.integ:231602402100000],[VisionBarcode.optional:231818100800],[TfliteDynamiteDynamite.integ:260580502100800],[MlkitOcrCommon.optional:231818100800],[MapsCoreDynamite.integ:231112103100800],[MlkitBarcodeUi.optional:231818100000]
06-25 14:40:28.048  4998  5918 I NamespaceManager: Package com.google.android.aicore name not found! Using module version.
06-25 14:40:28.052  5051  5147 I Icing   : Usage reports ok 0, Failed Usage reports 0, indexed 0, rejected 0
06-25 14:40:28.054  4998  5918 I NamespaceManager: Package com.google.android.audioproxy name not found! Using module version.
06-25 14:40:28.056  1688  2289 I A       : Successfully initialized all components
06-25 14:40:28.056  4998  5918 I NamespaceManager: Package com.google.android.apps.pixel.psi name not found! Using module version.
06-25 14:40:28.060  4998  5918 I NamespaceManager: Package com.google.android.apps.safetycore name not found! Using module version.
06-25 14:40:28.062  4998  5918 I NamespaceManager: Package com.google.android.crashrecovery name not found! Using module version.
06-25 14:40:28.063  4998  5918 I NamespaceManager: Package com.google.android.profiling name not found! Using module version.
06-25 14:40:28.065  4998  5918 I NamespaceManager: Package com.google.android.bt name not found! Using module version.
06-25 14:40:28.065  4998  5918 I NamespaceManager: Package com.google.android.nfcservices name not found! Using module version.
06-25 14:40:28.066  4998  5918 I NamespaceManager: Package com.google.android.webapp name not found! Using module version.
06-25 14:40:28.066  4998  5918 I NamespaceManager: Package com.google.android.telephonycore name not found! Using module version.
06-25 14:40:28.066  4998  5918 I NamespaceManager: Package com.google.android.uprobestats name not found! Using module version.
06-25 14:40:28.066  4998  5918 W PhenotypeConfigurationU: Update for unknown DeviceConfig package com.google.android.gms.ipa [CONTEXT service_id=204 ]
06-25 14:40:28.066  4998  5918 W PhenotypeConfigurationU: bwix: No package exists for config package: com.google.android.gms.ipa
06-25 14:40:28.066  4998  5918 W PhenotypeConfigurationU: 	at com.google.android.gms.platformconfigurator.PhenotypeConfigurationUpdateListener.b(:com.google.android.gms@231818047@23.18.18 (190800-535401451):6)
06-25 14:40:28.066  4998  5918 W PhenotypeConfigurationU: 	at com.google.android.gms.platformconfigurator.PhenotypeConfigurationUpdateListener.a(:com.google.android.gms@231818047@23.18.18 (190800-535401451):4)
06-25 14:40:28.066  4998  5918 W PhenotypeConfigurationU: 	at com.google.android.gms.platformconfigurator.PhenotypeConfigurationUpdateListener.onHandleIntent(:com.google.android.gms@231818047@23.18.18 (190800-535401451):21)
06-25 14:40:28.066  4998  5918 W PhenotypeConfigurationU: 	at com.google.android.chimera.IntentOperation.onHandleIntent(:com.google.android.gms@231818047@23.18.18 (190800-535401451):2)
06-25 14:40:28.066  4998  5918 W PhenotypeConfigurationU: 	at zhv.onHandleIntent(:com.google.android.gms@231818047@23.18.18 (190800-535401451):4)
06-25 14:40:28.066  4998  5918 W PhenotypeConfigurationU: 	at hjm.run(:com.google.android.gms@231818047@23.18.18 (190800-535401451):3)
06-25 14:40:28.066  4998  5918 W PhenotypeConfigurationU: 	at hjl.run(:com.google.android.gms@231818047@23.18.18 (190800-535401451):11)
06-25 14:40:28.066  4998  5918 W PhenotypeConfigurationU: 	at dfhf.run(:com.google.android.gms@231818047@23.18.18 (190800-535401451):2)
06-25 14:40:28.066  4998  5918 W PhenotypeConfigurationU: 	at java.util.concurrent.ThreadPoolExecutor.runWorker(ThreadPoolExecutor.java:1145)
06-25 14:40:28.066  4998  5918 W PhenotypeConfigurationU: 	at java.util.concurrent.ThreadPoolExecutor$Worker.run(ThreadPoolExecutor.java:644)
06-25 14:40:28.066  4998  5918 W PhenotypeConfigurationU: 	at java.lang.Thread.run(Thread.java:1012)
06-25 14:40:28.071  1735  2686 W A       : UiCallbackStub-onGenericEvent[ServiceEvent = 60] task was not run. Callback from Service received after client was disposed.
06-25 14:40:28.073  1735  2884 I PBSessionCacheImpl: Deleted sessionId[7632393095049810] from persistence.
06-25 14:40:28.077  1735  2686 W SearchServiceCore: Abort, client detached.
06-25 14:40:28.078  1735  2686 W SearchServiceCore: Abort, client detached.
06-25 14:40:28.078  1735  2686 W SearchServiceCore: Abort, client detached.
06-25 14:40:28.078  1735  2686 W SearchServiceCore: Abort, client detached.
06-25 14:40:28.078  1735  2686 W SearchServiceCore: Abort, client detached.
06-25 14:40:28.078  1735  2686 W SearchServiceCore: Abort, client detached.
06-25 14:40:28.078  1735  2686 W SearchServiceCore: Abort, client detached.
06-25 14:40:28.078  1735  2686 W SearchServiceCore: Abort, client detached.
06-25 14:40:28.078  1735  2686 W SearchServiceCore: Abort, client detached.
06-25 14:40:28.079  1688  2289 I NgaEntryPointEventSendr: State changed: Ready => Disconnected (onOpaDisconnected)
06-25 14:40:28.089  1735  2686 W SearchServiceCore: Abort, client detached.
06-25 14:40:28.089  1735  2686 W SearchServiceCore: Abort, client detached.
06-25 14:40:28.089  1735  2686 W SearchServiceCore: Abort, client detached.
06-25 14:40:28.089  1735  2686 W SearchServiceCore: Abort, client detached.
06-25 14:40:28.089  1735  2686 W SearchServiceCore: Abort, client detached.
06-25 14:40:28.097   526  2143 W JobScheduler: Job didn't exist in JobStore: 2e1a799 #u0a132/-43 com.google.android.googlequicksearchbox/com.google.android.apps.gsa.tasks.BackgroundTasksJobService
06-25 14:40:28.101  3759  4898 I PhenotypeBackgroundRecv: Successfully updated snapshot for com.google.android.libraries.consentverifier#com.google.android.projection.gearhead
06-25 14:40:28.102  1549  1549 I PhenotypeModule: PhenotypeModule.receiveBroadcast():373 onReceive() urgent = false
06-25 14:40:28.102  1549  1549 I PhenotypeModule: PhenotypeModule.maybeFetchAndUpdate():166 maybeFetchAndUpdate: start new task to fetch
06-25 14:40:28.105  1549  2777 I PhenotypeBackgroundRecv: Successfully updated snapshot for com.google.android.libraries.consentverifier#com.google.android.inputmethod.latin
06-25 14:40:28.106  1549  1549 I PhenotypeModule: PhenotypeModule.receiveBroadcast():373 onReceive() urgent = false
06-25 14:40:28.107  1549  1549 I PhenotypeBackgroundRecv: Skipping com.google.android.gms.icing.mdd#com.google.android.inputmethod.latin which doesn't use ProcessStable flags.
06-25 14:40:28.108  1549  1549 I PhenotypeModule: PhenotypeModule.receiveBroadcast():373 onReceive() urgent = false
06-25 14:40:28.109  1549  1549 I PhenotypeBackgroundRecv: Skipping com.google.android.inputmethod.latin#com.google.android.inputmethod.latin which doesn't use ProcessStable flags.
06-25 14:40:28.112   526   555 D ActivityManager: sync unfroze 1738 com.google.android.youtube for 3
06-25 14:40:28.127   337  6220 I resolv  : res_nsend: used send_dg 101 terrno: 0
06-25 14:40:28.127   337  6220 I resolv  : doQuery: rcode=0, ancount=4, return value=101
06-25 14:40:28.127   337  6219 I resolv  : res_nsend: used send_dg 149 terrno: 0
06-25 14:40:28.127   337  6219 I resolv  : doQuery: rcode=0, ancount=4, return value=149
06-25 14:40:28.129  4998  5399 D TrafficStats: tagSocket(283) with statsTag=0x1065fff, statsUid=-1
06-25 14:40:28.171  5051  5124 I ChimeraConfigService: Scheduling checkin for one-off execution between [3300,43201] seconds from now (1782398428171) [CONTEXT service_id=264 ]
06-25 14:40:28.176  5051  5147 I Icing   : Usage reports ok 0, Failed Usage reports 0, indexed 0, rejected 0
06-25 14:40:28.180  4998  5918 I NamespaceManager: Package com.android.refreshratecontrol name not found! Using module version.
06-25 14:40:28.182  4998  5918 I NamespaceManager: Package com.google.oslo name not found! Using module version.
06-25 14:40:28.182  4998  5918 I NamespaceManager: Package com.android.media name not found! Using module version.
06-25 14:40:28.184  4998  5918 I NamespaceManager: Package com.android.media.swcodec name not found! Using module version.
06-25 14:40:28.184  4998  5918 I NamespaceManager: Package com.android.neuralnetworks name not found! Using module version.
06-25 14:40:28.184  4998  5918 I NamespaceManager: Package com.android.media name not found! Using module version.
06-25 14:40:28.186  4998  5918 I NamespaceManager: Package 1 name not found! Using module version.
06-25 14:40:28.187  4998  5918 I NamespaceManager: Package rkpd name not found! Using module version.
06-25 14:40:28.187  4998  5918 I NamespaceManager: Package android.companion name not found! Using module version.
06-25 14:40:28.187  4998  5918 I NamespaceManager: Package com.google.android.aicore name not found! Using module version.
06-25 14:40:28.187  4998  5918 I NamespaceManager: Package com.google.android.audioproxy name not found! Using module version.
06-25 14:40:28.187  4998  5918 I NamespaceManager: Package com.google.android.apps.pixel.psi name not found! Using module version.
06-25 14:40:28.187  4998  5918 I NamespaceManager: Package com.google.android.apps.safetycore name not found! Using module version.
06-25 14:40:28.187  4998  5918 I NamespaceManager: Package com.google.android.crashrecovery name not found! Using module version.
06-25 14:40:28.187  4998  5918 I NamespaceManager: Package com.google.android.profiling name not found! Using module version.
06-25 14:40:28.188  4998  5918 I NamespaceManager: Package com.google.android.bt name not found! Using module version.
06-25 14:40:28.188  4998  5918 I NamespaceManager: Package com.google.android.nfcservices name not found! Using module version.
06-25 14:40:28.188  4998  5918 I NamespaceManager: Package com.google.android.webapp name not found! Using module version.
06-25 14:40:28.188  4998  5918 I NamespaceManager: Package com.google.android.telephonycore name not found! Using module version.
06-25 14:40:28.188  4998  5918 I NamespaceManager: Package com.google.android.uprobestats name not found! Using module version.
06-25 14:40:28.188  4998  5918 W PhenotypeConfigurationU: Update for unknown DeviceConfig package com.google.android.gms.pay [CONTEXT service_id=204 ]
06-25 14:40:28.188  4998  5918 W PhenotypeConfigurationU: bwix: No package exists for config package: com.google.android.gms.pay
06-25 14:40:28.188  4998  5918 W PhenotypeConfigurationU: 	at com.google.android.gms.platformconfigurator.PhenotypeConfigurationUpdateListener.b(:com.google.android.gms@231818047@23.18.18 (190800-535401451):6)
06-25 14:40:28.188  4998  5918 W PhenotypeConfigurationU: 	at com.google.android.gms.platformconfigurator.PhenotypeConfigurationUpdateListener.a(:com.google.android.gms@231818047@23.18.18 (190800-535401451):4)
06-25 14:40:28.188  4998  5918 W PhenotypeConfigurationU: 	at com.google.android.gms.platformconfigurator.PhenotypeConfigurationUpdateListener.onHandleIntent(:com.google.android.gms@231818047@23.18.18 (190800-535401451):21)
06-25 14:40:28.188  4998  5918 W PhenotypeConfigurationU: 	at com.google.android.chimera.IntentOperation.onHandleIntent(:com.google.android.gms@231818047@23.18.18 (190800-535401451):2)
06-25 14:40:28.188  4998  5918 W PhenotypeConfigurationU: 	at zhv.onHandleIntent(:com.google.android.gms@231818047@23.18.18 (190800-535401451):4)
06-25 14:40:28.188  4998  5918 W PhenotypeConfigurationU: 	at hjm.run(:com.google.android.gms@231818047@23.18.18 (190800-535401451):3)
06-25 14:40:28.188  4998  5918 W PhenotypeConfigurationU: 	at hjl.run(:com.google.android.gms@231818047@23.18.18 (190800-535401451):11)
06-25 14:40:28.188  4998  5918 W PhenotypeConfigurationU: 	at dfhf.run(:com.google.android.gms@231818047@23.18.18 (190800-535401451):2)
06-25 14:40:28.188  4998  5918 W PhenotypeConfigurationU: 	at java.util.concurrent.ThreadPoolExecutor.runWorker(ThreadPoolExecutor.java:1145)
06-25 14:40:28.188  4998  5918 W PhenotypeConfigurationU: 	at java.util.concurrent.ThreadPoolExecutor$Worker.run(ThreadPoolExecutor.java:644)
06-25 14:40:28.188  4998  5918 W PhenotypeConfigurationU: 	at java.lang.Thread.run(Thread.java:1012)
06-25 14:40:28.200  1549  1944 E PhenotypeModule: PhenotypeModule.handlePhenotypeConfigurationUpdates():268 Get empty configurations.
06-25 14:40:28.202  1549  1944 I PhenotypeModule: PhenotypeModule.lambda$fetchAndUpdate$2():220 fetchAndUpdate() : Success, hasFlags=false, fetchStatus=2026-06-25 14:40:28{reason=2, isFullFetch=false, success=true, isEmpty=true, isDelta=false, fetchedFlagsCount=0, deletedFlagsCount=0, updatedFlagsCount=0, totalTime=99}
06-25 14:40:28.217  5051  5124 I ChimeraConfigService: Scheduling checkin every 43201 seconds, with flex of 21600 seconds [CONTEXT service_id=264 ]
06-25 14:40:28.226   526  2314 D OomAdjuster: Not killing cached processes
06-25 14:40:28.264  4998  5850 I NetworkScheduler.Stats: Task com.google.android.gms/com.google.android.gms.chimera.container.ConfigService finished executing. cause:5 result: 2 elapsed_millis: 545 uptime_millis: 545 exec_start_elapsed_seconds: 176 [CONTEXT service_id=218 ]
06-25 14:40:28.268  2969  3099 W TimedProcessReaper: Scheduling killing of process to refresh configuration
06-25 14:40:28.281  2969  3102 I PhenotypeBackgroundRecv: Successfully updated snapshot for com.google.android.libraries.internal.growth.growthkit#com.google.android.dialer
06-25 14:40:28.288  2969  2969 I PhenotypeBackgroundRecv: Skipping com.google.android.gms.icing.mdd#com.google.android.dialer which doesn't use ProcessStable flags.
06-25 14:40:28.291  2969  3102 W TimedProcessReaper: Scheduling killing of process to refresh configuration
06-25 14:40:28.294  1735  2686 W SearchServiceCore: Abort, client detached.
06-25 14:40:28.294  1735  2686 W SearchServiceCore: Abort, client detached.
06-25 14:40:28.303  4998  6033 I NamespaceManager: Package com.android.refreshratecontrol name not found! Using module version.
06-25 14:40:28.305  4998  6033 I NamespaceManager: Package com.google.oslo name not found! Using module version.
06-25 14:40:28.306  4998  6033 I NamespaceManager: Package com.android.media name not found! Using module version.
06-25 14:40:28.306  4998  6033 I NamespaceManager: Package com.android.media.swcodec name not found! Using module version.
06-25 14:40:28.306  2969  5922 I PhenotypeBackgroundRecv: Successfully updated snapshot for com.google.android.libraries.notifications.platform#com.google.android.dialer
06-25 14:40:28.307  4998  6033 I NamespaceManager: Package com.android.neuralnetworks name not found! Using module version.
06-25 14:40:28.307  4998  6033 I NamespaceManager: Package com.android.media name not found! Using module version.
06-25 14:40:28.307  4998  6033 I NamespaceManager: Package 1 name not found! Using module version.
06-25 14:40:28.307  4998  6033 I NamespaceManager: Package rkpd name not found! Using module version.
06-25 14:40:28.307  4998  6033 I NamespaceManager: Package android.companion name not found! Using module version.
06-25 14:40:28.307  4998  6033 I NamespaceManager: Package com.google.android.aicore name not found! Using module version.
06-25 14:40:28.307  4998  6033 I NamespaceManager: Package com.google.android.audioproxy name not found! Using module version.
06-25 14:40:28.307  4998  6033 I NamespaceManager: Package com.google.android.apps.pixel.psi name not found! Using module version.
06-25 14:40:28.307  4998  6033 I NamespaceManager: Package com.google.android.apps.safetycore name not found! Using module version.
06-25 14:40:28.307  4998  6033 I NamespaceManager: Package com.google.android.crashrecovery name not found! Using module version.
06-25 14:40:28.308  4998  6033 I NamespaceManager: Package com.google.android.profiling name not found! Using module version.
06-25 14:40:28.308  4998  6033 I NamespaceManager: Package com.google.android.bt name not found! Using module version.
06-25 14:40:28.308  4998  6033 I NamespaceManager: Package com.google.android.nfcservices name not found! Using module version.
06-25 14:40:28.308  4998  6033 I NamespaceManager: Package com.google.android.webapp name not found! Using module version.
06-25 14:40:28.308  4998  6033 I NamespaceManager: Package com.google.android.telephonycore name not found! Using module version.
06-25 14:40:28.308  4998  6033 I NamespaceManager: Package com.google.android.uprobestats name not found! Using module version.
06-25 14:40:28.308  4998  6033 W PhenotypeConfigurationU: Update for unknown DeviceConfig package com.google.android.gms.thunderbird [CONTEXT service_id=204 ]
06-25 14:40:28.308  4998  6033 W PhenotypeConfigurationU: bwix: No package exists for config package: com.google.android.gms.thunderbird
06-25 14:40:28.308  4998  6033 W PhenotypeConfigurationU: 	at com.google.android.gms.platformconfigurator.PhenotypeConfigurationUpdateListener.b(:com.google.android.gms@231818047@23.18.18 (190800-535401451):6)
06-25 14:40:28.308  4998  6033 W PhenotypeConfigurationU: 	at com.google.android.gms.platformconfigurator.PhenotypeConfigurationUpdateListener.a(:com.google.android.gms@231818047@23.18.18 (190800-535401451):4)
06-25 14:40:28.308  4998  6033 W PhenotypeConfigurationU: 	at com.google.android.gms.platformconfigurator.PhenotypeConfigurationUpdateListener.onHandleIntent(:com.google.android.gms@231818047@23.18.18 (190800-535401451):21)
06-25 14:40:28.308  4998  6033 W PhenotypeConfigurationU: 	at com.google.android.chimera.IntentOperation.onHandleIntent(:com.google.android.gms@231818047@23.18.18 (190800-535401451):2)
06-25 14:40:28.308  4998  6033 W PhenotypeConfigurationU: 	at zhv.onHandleIntent(:com.google.android.gms@231818047@23.18.18 (190800-535401451):4)
06-25 14:40:28.308  4998  6033 W PhenotypeConfigurationU: 	at hjm.run(:com.google.android.gms@231818047@23.18.18 (190800-535401451):3)
06-25 14:40:28.308  4998  6033 W PhenotypeConfigurationU: 	at hjl.run(:com.google.android.gms@231818047@23.18.18 (190800-535401451):11)
06-25 14:40:28.308  4998  6033 W PhenotypeConfigurationU: 	at dfhf.run(:com.google.android.gms@231818047@23.18.18 (190800-535401451):2)
06-25 14:40:28.308  4998  6033 W PhenotypeConfigurationU: 	at java.util.concurrent.ThreadPoolExecutor.runWorker(ThreadPoolExecutor.java:1145)
06-25 14:40:28.308  4998  6033 W PhenotypeConfigurationU: 	at java.util.concurrent.ThreadPoolExecutor$Worker.run(ThreadPoolExecutor.java:644)
06-25 14:40:28.308  4998  6033 W PhenotypeConfigurationU: 	at java.lang.Thread.run(Thread.java:1012)
06-25 14:40:28.311  2969  5922 W TimedProcessReaper: Scheduling killing of process to refresh configuration
06-25 14:40:28.332  2969  3099 I PhenotypeBackgroundRecv: Successfully updated snapshot for com.google.android.libraries.consentverifier#com.google.android.dialer
06-25 14:40:28.345  4998  6060 I NamespaceManager: Package com.android.refreshratecontrol name not found! Using module version.
06-25 14:40:28.346  4998  6060 I NamespaceManager: Package com.google.oslo name not found! Using module version.
06-25 14:40:28.346  4998  6060 I NamespaceManager: Package com.android.media name not found! Using module version.
06-25 14:40:28.346  4998  6060 I NamespaceManager: Package com.android.media.swcodec name not found! Using module version.
06-25 14:40:28.346  4998  6060 I NamespaceManager: Package com.android.neuralnetworks name not found! Using module version.
06-25 14:40:28.347  4998  6060 I NamespaceManager: Package com.android.media name not found! Using module version.
06-25 14:40:28.347  4998  6060 I NamespaceManager: Package 1 name not found! Using module version.
06-25 14:40:28.347  4998  6060 I NamespaceManager: Package rkpd name not found! Using module version.
06-25 14:40:28.347  4998  6060 I NamespaceManager: Package android.companion name not found! Using module version.
06-25 14:40:28.347  4998  6060 I NamespaceManager: Package com.google.android.aicore name not found! Using module version.
06-25 14:40:28.347  4998  6060 I NamespaceManager: Package com.google.android.audioproxy name not found! Using module version.
06-25 14:40:28.348  4998  6060 I NamespaceManager: Package com.google.android.apps.pixel.psi name not found! Using module version.
06-25 14:40:28.348  4998  6060 I NamespaceManager: Package com.google.android.apps.safetycore name not found! Using module version.
06-25 14:40:28.348  4998  6060 I NamespaceManager: Package com.google.android.crashrecovery name not found! Using module version.
06-25 14:40:28.348  4998  6060 I NamespaceManager: Package com.google.android.profiling name not found! Using module version.
06-25 14:40:28.348  4998  6060 I NamespaceManager: Package com.google.android.bt name not found! Using module version.
06-25 14:40:28.348  4998  6060 I NamespaceManager: Package com.google.android.nfcservices name not found! Using module version.
06-25 14:40:28.348  4998  6060 I NamespaceManager: Package com.google.android.webapp name not found! Using module version.
06-25 14:40:28.348  4998  6060 I NamespaceManager: Package com.google.android.telephonycore name not found! Using module version.
06-25 14:40:28.349  4998  6060 I NamespaceManager: Package com.google.android.uprobestats name not found! Using module version.
06-25 14:40:28.350  4998  6060 W PhenotypeConfigurationU: Update for unknown DeviceConfig package com.google.android.metrics [CONTEXT service_id=204 ]
06-25 14:40:28.350  4998  6060 W PhenotypeConfigurationU: bwix: No package exists for config package: com.google.android.metrics
06-25 14:40:28.350  4998  6060 W PhenotypeConfigurationU: 	at com.google.android.gms.platformconfigurator.PhenotypeConfigurationUpdateListener.b(:com.google.android.gms@231818047@23.18.18 (190800-535401451):6)
06-25 14:40:28.350  4998  6060 W PhenotypeConfigurationU: 	at com.google.android.gms.platformconfigurator.PhenotypeConfigurationUpdateListener.a(:com.google.android.gms@231818047@23.18.18 (190800-535401451):4)
06-25 14:40:28.350  4998  6060 W PhenotypeConfigurationU: 	at com.google.android.gms.platformconfigurator.PhenotypeConfigurationUpdateListener.onHandleIntent(:com.google.android.gms@231818047@23.18.18 (190800-535401451):21)
06-25 14:40:28.350  4998  6060 W PhenotypeConfigurationU: 	at com.google.android.chimera.IntentOperation.onHandleIntent(:com.google.android.gms@231818047@23.18.18 (190800-535401451):2)
06-25 14:40:28.350  4998  6060 W PhenotypeConfigurationU: 	at zhv.onHandleIntent(:com.google.android.gms@231818047@23.18.18 (190800-535401451):4)
06-25 14:40:28.350  4998  6060 W PhenotypeConfigurationU: 	at hjm.run(:com.google.android.gms@231818047@23.18.18 (190800-535401451):3)
06-25 14:40:28.350  4998  6060 W PhenotypeConfigurationU: 	at hjl.run(:com.google.android.gms@231818047@23.18.18 (190800-535401451):11)
06-25 14:40:28.350  4998  6060 W PhenotypeConfigurationU: 	at dfhf.run(:com.google.android.gms@231818047@23.18.18 (190800-535401451):2)
06-25 14:40:28.350  4998  6060 W PhenotypeConfigurationU: 	at java.util.concurrent.ThreadPoolExecutor.runWorker(ThreadPoolExecutor.java:1145)
06-25 14:40:28.350  4998  6060 W PhenotypeConfigurationU: 	at java.util.concurrent.ThreadPoolExecutor$Worker.run(ThreadPoolExecutor.java:644)
06-25 14:40:28.350  4998  6060 W PhenotypeConfigurationU: 	at java.lang.Thread.run(Thread.java:1012)
06-25 14:40:28.354  1688  2019 W TimedProcessReaper: Scheduling killing of process to refresh configuration
06-25 14:40:28.380  4998  5270 I NetworkScheduler.Stats: Task com.google.android.gms/com.google.android.gms.ipa.base.IpaGcmTaskService started execution. cause:5 exec_start_elapsed_seconds: 176 [CONTEXT service_id=218 ]
06-25 14:40:28.389  4998  6187 I NetworkScheduler.Stats: Task com.google.android.gms/com.google.android.gms.ipa.base.IpaGcmTaskService finished executing. cause:5 result: 1 elapsed_millis: 32 uptime_millis: 32 exec_start_elapsed_seconds: 176 [CONTEXT service_id=218 ]
06-25 14:40:28.395  4998  6060 I NamespaceManager: Package com.android.refreshratecontrol name not found! Using module version.
06-25 14:40:28.395  4998  6060 I NamespaceManager: Package com.google.oslo name not found! Using module version.
06-25 14:40:28.395  4998  6060 I NamespaceManager: Package com.android.media name not found! Using module version.
06-25 14:40:28.396  4998  6060 I NamespaceManager: Package com.android.media.swcodec name not found! Using module version.
06-25 14:40:28.396  4998  6060 I NamespaceManager: Package com.android.neuralnetworks name not found! Using module version.
06-25 14:40:28.396  4998  6060 I NamespaceManager: Package com.android.media name not found! Using module version.
06-25 14:40:28.397  4998  6060 I NamespaceManager: Package 1 name not found! Using module version.
06-25 14:40:28.397  4998  6060 I NamespaceManager: Package rkpd name not found! Using module version.
06-25 14:40:28.398  4998  6060 I NamespaceManager: Package android.companion name not found! Using module version.
06-25 14:40:28.398  4998  6060 I NamespaceManager: Package com.google.android.aicore name not found! Using module version.
06-25 14:40:28.398  4998  6060 I NamespaceManager: Package com.google.android.audioproxy name not found! Using module version.
06-25 14:40:28.398  4998  6060 I NamespaceManager: Package com.google.android.apps.pixel.psi name not found! Using module version.
06-25 14:40:28.399  4998  6060 I NamespaceManager: Package com.google.android.apps.safetycore name not found! Using module version.
06-25 14:40:28.399  4998  6060 I NamespaceManager: Package com.google.android.crashrecovery name not found! Using module version.
06-25 14:40:28.399  4998  6060 I NamespaceManager: Package com.google.android.profiling name not found! Using module version.
06-25 14:40:28.399  4998  6060 I NamespaceManager: Package com.google.android.bt name not found! Using module version.
06-25 14:40:28.399  4998  6060 I NamespaceManager: Package com.google.android.nfcservices name not found! Using module version.
06-25 14:40:28.400  4998  6060 I NamespaceManager: Package com.google.android.webapp name not found! Using module version.
06-25 14:40:28.400  4998  6060 I NamespaceManager: Package com.google.android.telephonycore name not found! Using module version.
06-25 14:40:28.401  4998  6060 I NamespaceManager: Package com.google.android.uprobestats name not found! Using module version.
06-25 14:40:28.401  4998  6060 W PhenotypeConfigurationU: Update for unknown DeviceConfig package com.google.android.gms [CONTEXT service_id=204 ]
06-25 14:40:28.401  4998  6060 W PhenotypeConfigurationU: bwix: No package exists for config package: com.google.android.gms
06-25 14:40:28.401  4998  6060 W PhenotypeConfigurationU: 	at com.google.android.gms.platformconfigurator.PhenotypeConfigurationUpdateListener.b(:com.google.android.gms@231818047@23.18.18 (190800-535401451):6)
06-25 14:40:28.401  4998  6060 W PhenotypeConfigurationU: 	at com.google.android.gms.platformconfigurator.PhenotypeConfigurationUpdateListener.a(:com.google.android.gms@231818047@23.18.18 (190800-535401451):4)
06-25 14:40:28.401  4998  6060 W PhenotypeConfigurationU: 	at com.google.android.gms.platformconfigurator.PhenotypeConfigurationUpdateListener.onHandleIntent(:com.google.android.gms@231818047@23.18.18 (190800-535401451):21)
06-25 14:40:28.401  4998  6060 W PhenotypeConfigurationU: 	at com.google.android.chimera.IntentOperation.onHandleIntent(:com.google.android.gms@231818047@23.18.18 (190800-535401451):2)
06-25 14:40:28.401  4998  6060 W PhenotypeConfigurationU: 	at zhv.onHandleIntent(:com.google.android.gms@231818047@23.18.18 (190800-535401451):4)
06-25 14:40:28.401  4998  6060 W PhenotypeConfigurationU: 	at hjm.run(:com.google.android.gms@231818047@23.18.18 (190800-535401451):3)
06-25 14:40:28.401  4998  6060 W PhenotypeConfigurationU: 	at hjl.run(:com.google.android.gms@231818047@23.18.18 (190800-535401451):11)
06-25 14:40:28.401  4998  6060 W PhenotypeConfigurationU: 	at dfhf.run(:com.google.android.gms@231818047@23.18.18 (190800-535401451):2)
06-25 14:40:28.401  4998  6060 W PhenotypeConfigurationU: 	at java.util.concurrent.ThreadPoolExecutor.runWorker(ThreadPoolExecutor.java:1145)
06-25 14:40:28.401  4998  6060 W PhenotypeConfigurationU: 	at java.util.concurrent.ThreadPoolExecutor$Worker.run(ThreadPoolExecutor.java:644)
06-25 14:40:28.401  4998  6060 W PhenotypeConfigurationU: 	at java.lang.Thread.run(Thread.java:1012)
06-25 14:40:28.414  4998  6060 I NamespaceManager: Package com.android.refreshratecontrol name not found! Using module version.
06-25 14:40:28.415  4998  6060 I NamespaceManager: Package com.google.oslo name not found! Using module version.
06-25 14:40:28.415  4998  6060 I NamespaceManager: Package com.android.media name not found! Using module version.
06-25 14:40:28.415  4998  6060 I NamespaceManager: Package com.android.media.swcodec name not found! Using module version.
06-25 14:40:28.416  4998  6060 I NamespaceManager: Package com.android.neuralnetworks name not found! Using module version.
06-25 14:40:28.416  4998  6060 I NamespaceManager: Package com.android.media name not found! Using module version.
06-25 14:40:28.416  4998  6060 I NamespaceManager: Package 1 name not found! Using module version.
06-25 14:40:28.417  4998  6060 I NamespaceManager: Package rkpd name not found! Using module version.
06-25 14:40:28.418  4998  6060 I NamespaceManager: Package android.companion name not found! Using module version.
06-25 14:40:28.418  4998  6060 I NamespaceManager: Package com.google.android.aicore name not found! Using module version.
06-25 14:40:28.418  4998  6060 I NamespaceManager: Package com.google.android.audioproxy name not found! Using module version.
06-25 14:40:28.418  4998  6060 I NamespaceManager: Package com.google.android.apps.pixel.psi name not found! Using module version.
06-25 14:40:28.419  4998  6060 I NamespaceManager: Package com.google.android.apps.safetycore name not found! Using module version.
06-25 14:40:28.419  4998  6060 I NamespaceManager: Package com.google.android.crashrecovery name not found! Using module version.
06-25 14:40:28.420  4998  6060 I NamespaceManager: Package com.google.android.profiling name not found! Using module version.
06-25 14:40:28.420  4998  6060 I NamespaceManager: Package com.google.android.bt name not found! Using module version.
06-25 14:40:28.421  4998  6060 I NamespaceManager: Package com.google.android.nfcservices name not found! Using module version.
06-25 14:40:28.421  4998  6060 I NamespaceManager: Package com.google.android.webapp name not found! Using module version.
06-25 14:40:28.422  4998  6060 I NamespaceManager: Package com.google.android.telephonycore name not found! Using module version.
06-25 14:40:28.422  4998  6060 I NamespaceManager: Package com.google.android.uprobestats name not found! Using module version.
06-25 14:40:28.422  4998  6060 W PhenotypeConfigurationU: Update for unknown DeviceConfig package com.google.android.gms.security [CONTEXT service_id=204 ]
06-25 14:40:28.422  4998  6060 W PhenotypeConfigurationU: bwix: No package exists for config package: com.google.android.gms.security
06-25 14:40:28.422  4998  6060 W PhenotypeConfigurationU: 	at com.google.android.gms.platformconfigurator.PhenotypeConfigurationUpdateListener.b(:com.google.android.gms@231818047@23.18.18 (190800-535401451):6)
06-25 14:40:28.422  4998  6060 W PhenotypeConfigurationU: 	at com.google.android.gms.platformconfigurator.PhenotypeConfigurationUpdateListener.a(:com.google.android.gms@231818047@23.18.18 (190800-535401451):4)
06-25 14:40:28.422  4998  6060 W PhenotypeConfigurationU: 	at com.google.android.gms.platformconfigurator.PhenotypeConfigurationUpdateListener.onHandleIntent(:com.google.android.gms@231818047@23.18.18 (190800-535401451):21)
06-25 14:40:28.422  4998  6060 W PhenotypeConfigurationU: 	at com.google.android.chimera.IntentOperation.onHandleIntent(:com.google.android.gms@231818047@23.18.18 (190800-535401451):2)
06-25 14:40:28.422  4998  6060 W PhenotypeConfigurationU: 	at zhv.onHandleIntent(:com.google.android.gms@231818047@23.18.18 (190800-535401451):4)
06-25 14:40:28.422  4998  6060 W PhenotypeConfigurationU: 	at hjm.run(:com.google.android.gms@231818047@23.18.18 (190800-535401451):3)
06-25 14:40:28.422  4998  6060 W PhenotypeConfigurationU: 	at hjl.run(:com.google.android.gms@231818047@23.18.18 (190800-535401451):11)
06-25 14:40:28.422  4998  6060 W PhenotypeConfigurationU: 	at dfhf.run(:com.google.android.gms@231818047@23.18.18 (190800-535401451):2)
06-25 14:40:28.422  4998  6060 W PhenotypeConfigurationU: 	at java.util.concurrent.ThreadPoolExecutor.runWorker(ThreadPoolExecutor.java:1145)
06-25 14:40:28.422  4998  6060 W PhenotypeConfigurationU: 	at java.util.concurrent.ThreadPoolExecutor$Worker.run(ThreadPoolExecutor.java:644)
06-25 14:40:28.422  4998  6060 W PhenotypeConfigurationU: 	at java.lang.Thread.run(Thread.java:1012)
06-25 14:40:28.431  5051  6024 V Backup  : [CustomDownloadSchedulingIO] Received Action: com.google.android.gms.phenotype.com.google.android.gms.backup.COMMITTED
06-25 14:40:28.432  5051  6024 V Backup  : [CustomDownloadSchedulingIO] listenToSetupWizardFinishedBroadcast or customBackupDownloadEnableSuwTriggerWithGmsUpdateCheck flag on
06-25 14:40:28.432  5051  6038 V Backup  : [G1ModuleInitIntentOperation] Flags updated
06-25 14:40:28.432  5051  6038 V Backup  : [G1ModuleInitIntentOperation] Running restore operation is disabled by flag
06-25 14:40:28.433  5051  6038 W ChimeraUtils: Module com.google.android.gms.backup_g1 missing resource null(0)
06-25 14:40:28.433  5051  6063 V Backup  : [ShowPhotosNotifIO] Flag not enabled; returning.
06-25 14:40:28.434  5051  6038 W ChimeraUtils: Module com.google.android.gms.backup_g1 missing resource null(0)
06-25 14:40:28.438  5051  6065 W ModuleInitIntentOp: Dropping unexpected action com.google.android.gms.phenotype.COMMITTED
06-25 14:40:28.438  5051  6065 W ModuleInitIntentOp: Dropping unexpected action com.google.android.gms.phenotype.COMMITTED
06-25 14:40:28.439  5051  6065 V Backup  : [PhenotypeConfigIO] Phenotype broadcast received for different package
06-25 14:40:28.439  5051  6065 I SyncIntentOperation: Handling the intent: Intent { act=com.google.android.gms.phenotype.COMMITTED flg=0x10 pkg=com.google.android.gms cmp=com.google.android.gms/.chimera.GmsIntentOperationService (has extras) }. [CONTEXT service_id=80 ]
06-25 14:40:28.442  5051  6038 W ChimeraUtils: Module com.google.android.gms.backup_g1 missing resource null(0)
06-25 14:40:28.442  5051  6065 I MlBenchmarkInstaller: Intent: com.google.android.gms.phenotype.COMMITTED [CONTEXT service_id=340 ]
06-25 14:40:28.443  5051  6065 I MlBenchmarkInstaller: COMMITTED Extra package name: com.google.android.gms.auth_account [CONTEXT service_id=340 ]
06-25 14:40:28.443  5051  6207 I MdiSyncModule: flag handling is skipping irrelevant intent.
06-25 14:40:28.444  5051  6026 W ModuleInitIntentOp: Dropping unexpected action com.google.android.gms.phenotype.COMMITTED
06-25 14:40:28.444  5051  6026 W ModuleInitIntentOp: Dropping unexpected action com.google.android.gms.phenotype.COMMITTED
06-25 14:40:28.446  4998  5399 D TrafficStats: tagSocket(286) with statsTag=0x1065fff, statsUid=-1
06-25 14:40:28.447  5051  6026 I GmsSyncPolicyEngine: Periodic sync 1 disabled by policy, cancelled.
06-25 14:40:28.451  5051  6026 I GmsSyncPolicyEngine: Periodic sync 2 disabled by policy, cancelled.
06-25 14:40:28.452  5051  6026 I GmsSyncPolicyEngine: Periodic sync 3 disabled by policy, cancelled.
06-25 14:40:28.452  4998  5399 D TrafficStats: tagSocket(284) with statsTag=0x1065fff, statsUid=-1
06-25 14:40:28.454  4998  5399 D TrafficStats: tagSocket(284) with statsTag=0x1065fff, statsUid=-1
06-25 14:40:28.457  4998  5399 D TrafficStats: tagSocket(284) with statsTag=0x1065fff, statsUid=-1
06-25 14:40:28.458  5051  6026 I LocationHistory: [IntentOperation] Handling action com.google.android.gms.phenotype.COMMITTED [CONTEXT service_id=314 ]
06-25 14:40:28.461  4998  6061 I PTCommittedOperation: Receive new configuration for com.google.android.gms.auth_account
06-25 14:40:28.467  4998  5918 I PTCommittedOperation: Receive new configuration for com.google.android.location
06-25 14:40:28.468  4998  5850 E NanoAppLogging: Failed to begin contexthub communication
06-25 14:40:28.472  5051  6207 W ModuleInitIntentOp: Dropping unexpected action com.google.android.gms.phenotype.COMMITTED
06-25 14:40:28.473  5051  6207 W ModuleInitIntentOp: Dropping unexpected action com.google.android.gms.phenotype.COMMITTED
06-25 14:40:28.473  4998  6033 I PTCommittedOperation: Receive new configuration for com.google.android.gms.people
06-25 14:40:28.475  5051  6207 W ModuleInitIntentOp: Dropping unexpected action com.google.android.gms.phenotype.COMMITTED
06-25 14:40:28.475  5051  6207 V Backup  : [PhenotypeConfigIO] Phenotype broadcast received for different package
06-25 14:40:28.476  5051  6207 I SyncIntentOperation: Handling the intent: Intent { act=com.google.android.gms.phenotype.COMMITTED flg=0x10 pkg=com.google.android.gms cmp=com.google.android.gms/.chimera.GmsIntentOperationService (has extras) }. [CONTEXT service_id=80 ]
06-25 14:40:28.481  5051  6065 I MdiSyncModule: flag handling is skipping irrelevant intent.
06-25 14:40:28.482  5051  6065 I MlBenchmarkInstaller: Intent: com.google.android.gms.phenotype.COMMITTED [CONTEXT service_id=340 ]
06-25 14:40:28.482  5051  6065 I MlBenchmarkInstaller: COMMITTED Extra package name: com.google.android.location [CONTEXT service_id=340 ]
06-25 14:40:28.484  5051  6207 W ModuleInitIntentOp: Dropping unexpected action com.google.android.gms.phenotype.COMMITTED
06-25 14:40:28.485  5051  6207 I GmsSyncPolicyEngine: Periodic sync 1 disabled by policy, cancelled.
06-25 14:40:28.485  5051  6207 I GmsSyncPolicyEngine: Periodic sync 2 disabled by policy, cancelled.
06-25 14:40:28.486  5051  6207 I GmsSyncPolicyEngine: Periodic sync 3 disabled by policy, cancelled.
06-25 14:40:28.487  5051  6024 I LocationHistory: [IntentOperation] Handling action com.google.android.gms.phenotype.COMMITTED [CONTEXT service_id=314 ]
06-25 14:40:28.499  5051  6063 I NearbySharing: Runtime state initialization complete. Sharing is enabled. [CONTEXT service_id=194 ]
06-25 14:40:28.499  4998  5399 D TrafficStats: tagSocket(284) with statsTag=0x1065fff, statsUid=-1
06-25 14:40:28.500  5051  5165 I NearbySharing: onBindSlice failed since shareTargets is empty [CONTEXT service_id=194 ]
06-25 14:40:28.500  5051  5570 W gle.android.gms: Long monitor contention with owner [com.google.android.gms.chimera.container.intentoperation.GmsIntentOperationChimeraService-Executor] processing com.google.android.gms.droidguard.DroidGuardModuleInitIntentOperation for action com.google.android.chimera.IntentOperation.NEW_MODULE (5202) at void hjm.run()(:com.google.android.gms@231818047@23.18.18 (190800-535401451):3) waiters=0 in void hjm.run() for 49.518s
06-25 14:40:28.502  5051  5202 I Dtdi    : [DtdiModuleInitIntentOperation] Cannot initialize Device Discovery. Flag is disabled. [CONTEXT service_id=312 ]
06-25 14:40:28.502  5051  5202 I Dtdi    : [DtdiModuleInitIntentOperation] Cannot initialize Spatial Orchestration. Flag is disabled. [CONTEXT service_id=312 ]
06-25 14:40:28.502  5051  5202 I Dtdi    : [DtdiModuleInitIntentOperation] Cannot initialize Media Transfer. Flag is disabled. [CONTEXT service_id=312 ]
06-25 14:40:28.503  5051  6207 I NearbyFastPair: TaskSchedulerUtils cancelTask TAG_FOOTPRINTS_PERIODIC_SCHEDULE success. [CONTEXT service_id=265 ]
06-25 14:40:28.503  5051  6207 I NearbyFastPair: TSS cancel footprints recon sync [CONTEXT service_id=265 ]
06-25 14:40:28.504  5051  6207 I NearbyFastPair: TaskSchedulerUtils cancelTask TAG_FOOTPRINTS_RECON_SYNC_SCHEDULE success. [CONTEXT service_id=265 ]
06-25 14:40:28.508  4998  6060 I NamespaceManager: Package com.android.refreshratecontrol name not found! Using module version.
06-25 14:40:28.508  4998  6060 I NamespaceManager: Package com.google.oslo name not found! Using module version.
06-25 14:40:28.508  4998  6060 I NamespaceManager: Package com.android.media name not found! Using module version.
06-25 14:40:28.509  4998  6060 I NamespaceManager: Package com.android.media.swcodec name not found! Using module version.
06-25 14:40:28.511  4998  6060 I NamespaceManager: Package com.android.neuralnetworks name not found! Using module version.
06-25 14:40:28.511  4998  6060 I NamespaceManager: Package com.android.media name not found! Using module version.
06-25 14:40:28.511  4998  6060 I NamespaceManager: Package 1 name not found! Using module version.
06-25 14:40:28.512  4998  6060 I NamespaceManager: Package rkpd name not found! Using module version.
06-25 14:40:28.512  4998  6060 I NamespaceManager: Package android.companion name not found! Using module version.
06-25 14:40:28.514  4998  6060 I NamespaceManager: Package com.google.android.aicore name not found! Using module version.
06-25 14:40:28.514   337  6223 I resolv  : GetAddrInfoHandler::run: {100 786532 100 983140 10131 0}
06-25 14:40:28.514  4998  6060 I NamespaceManager: Package com.google.android.audioproxy name not found! Using module version.
06-25 14:40:28.515  4998  6060 I NamespaceManager: Package com.google.android.apps.pixel.psi name not found! Using module version.
06-25 14:40:28.515  4998  6060 I NamespaceManager: Package com.google.android.apps.safetycore name not found! Using module version.
06-25 14:40:28.515  4998  6060 I NamespaceManager: Package com.google.android.crashrecovery name not found! Using module version.
06-25 14:40:28.516  4998  6060 I NamespaceManager: Package com.google.android.profiling name not found! Using module version.
06-25 14:40:28.516  4998  6060 I NamespaceManager: Package com.google.android.bt name not found! Using module version.
06-25 14:40:28.517  4998  6060 I NamespaceManager: Package com.google.android.nfcservices name not found! Using module version.
06-25 14:40:28.517  4998  6060 I NamespaceManager: Package com.google.android.webapp name not found! Using module version.
06-25 14:40:28.517  4998  6060 I NamespaceManager: Package com.google.android.telephonycore name not found! Using module version.
06-25 14:40:28.518  4998  6060 I NamespaceManager: Package com.google.android.uprobestats name not found! Using module version.
06-25 14:40:28.518   337  6224 I resolv  : res_nmkquery: (QUERY, IN, AAAA)
06-25 14:40:28.518   337  6224 I resolv  : resolv_cache_lookup: FOUND IN CACHE entry=0x744670a18c50
06-25 14:40:28.518   337  6224 I resolv  : doQuery: rcode=0, ancount=4, return value=148
06-25 14:40:28.519  4998  6060 W PhenotypeConfigurationU: Update for unknown DeviceConfig package com.google.android.gms.octarine [CONTEXT service_id=204 ]
06-25 14:40:28.519  4998  6060 W PhenotypeConfigurationU: bwix: No package exists for config package: com.google.android.gms.octarine
06-25 14:40:28.519  4998  6060 W PhenotypeConfigurationU: 	at com.google.android.gms.platformconfigurator.PhenotypeConfigurationUpdateListener.b(:com.google.android.gms@231818047@23.18.18 (190800-535401451):6)
06-25 14:40:28.519  4998  6060 W PhenotypeConfigurationU: 	at com.google.android.gms.platformconfigurator.PhenotypeConfigurationUpdateListener.a(:com.google.android.gms@231818047@23.18.18 (190800-535401451):4)
06-25 14:40:28.519  4998  6060 W PhenotypeConfigurationU: 	at com.google.android.gms.platformconfigurator.PhenotypeConfigurationUpdateListener.onHandleIntent(:com.google.android.gms@231818047@23.18.18 (190800-535401451):21)
06-25 14:40:28.519  4998  6060 W PhenotypeConfigurationU: 	at com.google.android.chimera.IntentOperation.onHandleIntent(:com.google.android.gms@231818047@23.18.18 (190800-535401451):2)
