06-25 14:40:24.276  4998  6028 W PhenotypeConfigurationU: 	at java.util.concurrent.ThreadPoolExecutor.runWorker(ThreadPoolExecutor.java:1145)
06-25 14:40:24.276  4998  6028 W PhenotypeConfigurationU: 	at java.util.concurrent.ThreadPoolExecutor$Worker.run(ThreadPoolExecutor.java:644)
06-25 14:40:24.276  4998  6028 W PhenotypeConfigurationU: 	at java.lang.Thread.run(Thread.java:1012)
06-25 14:40:24.293  5051  6067 W ModuleInitIntentOp: Dropping unexpected action com.google.android.gms.phenotype.COMMITTED
06-25 14:40:24.294  5051  6067 W ModuleInitIntentOp: Dropping unexpected action com.google.android.gms.phenotype.COMMITTED
06-25 14:40:24.294  5051  6038 V Backup  : [PhenotypeConfigIO] Phenotype broadcast received for different package
06-25 14:40:24.294  5051  6063 W ModuleInitIntentOp: Dropping unexpected action com.google.android.gms.phenotype.COMMITTED
06-25 14:40:24.294  5051  6038 I SyncIntentOperation: Handling the intent: Intent { act=com.google.android.gms.phenotype.COMMITTED flg=0x10 pkg=com.google.android.gms cmp=com.google.android.gms/.chimera.GmsIntentOperationService (has extras) }. [CONTEXT service_id=80 ]
06-25 14:40:24.296  5051  6063 I MdiSyncModule: flag handling is skipping irrelevant intent.
06-25 14:40:24.300  4998  6054 I PTCommittedOperation: Receive new configuration for com.google.android.gms.audit
06-25 14:40:24.302  5051  6038 I MlBenchmarkInstaller: Intent: com.google.android.gms.phenotype.COMMITTED [CONTEXT service_id=340 ]
06-25 14:40:24.302  5051  6038 I MlBenchmarkInstaller: COMMITTED Extra package name: com.google.android.gms.audit [CONTEXT service_id=340 ]
06-25 14:40:24.304  5051  6063 W ModuleInitIntentOp: Dropping unexpected action com.google.android.gms.phenotype.COMMITTED
06-25 14:40:24.306  5051  6067 I LocationHistory: [IntentOperation] Handling action com.google.android.gms.phenotype.COMMITTED [CONTEXT service_id=314 ]
06-25 14:40:24.307  5051  6038 I GmsSyncPolicyEngine: Periodic sync 1 disabled by policy, cancelled.
06-25 14:40:24.308  5051  6038 I GmsSyncPolicyEngine: Periodic sync 2 disabled by policy, cancelled.
06-25 14:40:24.308  5051  6038 I GmsSyncPolicyEngine: Periodic sync 3 disabled by policy, cancelled.
06-25 14:40:24.323  4998  5996 I NamespaceManager: Package com.android.refreshratecontrol name not found! Using module version.
06-25 14:40:24.323  4998  5996 I NamespaceManager: Package com.google.oslo name not found! Using module version.
06-25 14:40:24.324  4998  5996 I NamespaceManager: Package com.android.media name not found! Using module version.
06-25 14:40:24.324  4998  5996 I NamespaceManager: Package com.android.media.swcodec name not found! Using module version.
06-25 14:40:24.328  5051  6067 W ModuleInitIntentOp: Dropping unexpected action com.google.android.gms.phenotype.COMMITTED
06-25 14:40:24.329  5051  6067 V Backup  : [PhenotypeConfigIO] Phenotype broadcast received for different package
06-25 14:40:24.330  5051  6067 I SyncIntentOperation: Handling the intent: Intent { act=com.google.android.gms.phenotype.COMMITTED flg=0x10 pkg=com.google.android.gms cmp=com.google.android.gms/.chimera.GmsIntentOperationService (has extras) }. [CONTEXT service_id=80 ]
06-25 14:40:24.331  5051  6063 W ModuleInitIntentOp: Dropping unexpected action com.google.android.gms.phenotype.COMMITTED
06-25 14:40:24.332  5051  6021 W ModuleInitIntentOp: Dropping unexpected action com.google.android.gms.phenotype.COMMITTED
06-25 14:40:24.333  5051  6021 I MdiSyncModule: flag handling is skipping irrelevant intent.
06-25 14:40:24.335  5051  6063 W ModuleInitIntentOp: Dropping unexpected action com.google.android.gms.phenotype.COMMITTED
06-25 14:40:24.335  4998  5996 I NamespaceManager: Package com.android.neuralnetworks name not found! Using module version.
06-25 14:40:24.335  4998  5996 I NamespaceManager: Package com.android.media name not found! Using module version.
06-25 14:40:24.336  5051  6067 I MlBenchmarkInstaller: Intent: com.google.android.gms.phenotype.COMMITTED [CONTEXT service_id=340 ]
06-25 14:40:24.337  5051  6067 I MlBenchmarkInstaller: COMMITTED Extra package name: com.google.android.gms.drive [CONTEXT service_id=340 ]
06-25 14:40:24.340  4998  6029 I PTCommittedOperation: Receive new configuration for com.google.android.gms.drive
06-25 14:40:24.343  4998  5996 I NamespaceManager: Package 1 name not found! Using module version.
06-25 14:40:24.343  5051  6067 I LocationHistory: [IntentOperation] Handling action com.google.android.gms.phenotype.COMMITTED [CONTEXT service_id=314 ]
06-25 14:40:24.346  5051  6063 I GmsSyncPolicyEngine: Periodic sync 1 disabled by policy, cancelled.
06-25 14:40:24.348  4998  5996 I NamespaceManager: Package rkpd name not found! Using module version.
06-25 14:40:24.348  4998  5996 I NamespaceManager: Package android.companion name not found! Using module version.
06-25 14:40:24.349  4998  5996 I NamespaceManager: Package com.google.android.aicore name not found! Using module version.
06-25 14:40:24.349  5051  6063 I GmsSyncPolicyEngine: Periodic sync 2 disabled by policy, cancelled.
06-25 14:40:24.349  4998  5996 I NamespaceManager: Package com.google.android.audioproxy name not found! Using module version.
06-25 14:40:24.349  4998  5996 I NamespaceManager: Package com.google.android.apps.pixel.psi name not found! Using module version.
06-25 14:40:24.349  4998  5996 I NamespaceManager: Package com.google.android.apps.safetycore name not found! Using module version.
06-25 14:40:24.350  4998  5996 I NamespaceManager: Package com.google.android.crashrecovery name not found! Using module version.
06-25 14:40:24.350  4998  5996 I NamespaceManager: Package com.google.android.profiling name not found! Using module version.
06-25 14:40:24.351  4998  5996 I NamespaceManager: Package com.google.android.bt name not found! Using module version.
06-25 14:40:24.351  4998  5996 I NamespaceManager: Package com.google.android.nfcservices name not found! Using module version.
06-25 14:40:24.351  4998  5996 I NamespaceManager: Package com.google.android.webapp name not found! Using module version.
06-25 14:40:24.352  5051  6063 I GmsSyncPolicyEngine: Periodic sync 3 disabled by policy, cancelled.
06-25 14:40:24.352  4998  5996 I NamespaceManager: Package com.google.android.telephonycore name not found! Using module version.
06-25 14:40:24.353  4998  5996 I NamespaceManager: Package com.google.android.uprobestats name not found! Using module version.
06-25 14:40:24.353  4998  5996 W PhenotypeConfigurationU: Update for unknown DeviceConfig package com.google.android.gms.drive [CONTEXT service_id=204 ]
06-25 14:40:24.353  4998  5996 W PhenotypeConfigurationU: bwix: No package exists for config package: com.google.android.gms.drive
06-25 14:40:24.353  4998  5996 W PhenotypeConfigurationU: 	at com.google.android.gms.platformconfigurator.PhenotypeConfigurationUpdateListener.b(:com.google.android.gms@231818047@23.18.18 (190800-535401451):6)
06-25 14:40:24.353  4998  5996 W PhenotypeConfigurationU: 	at com.google.android.gms.platformconfigurator.PhenotypeConfigurationUpdateListener.a(:com.google.android.gms@231818047@23.18.18 (190800-535401451):4)
06-25 14:40:24.353  4998  5996 W PhenotypeConfigurationU: 	at com.google.android.gms.platformconfigurator.PhenotypeConfigurationUpdateListener.onHandleIntent(:com.google.android.gms@231818047@23.18.18 (190800-535401451):21)
06-25 14:40:24.353  4998  5996 W PhenotypeConfigurationU: 	at com.google.android.chimera.IntentOperation.onHandleIntent(:com.google.android.gms@231818047@23.18.18 (190800-535401451):2)
06-25 14:40:24.353  4998  5996 W PhenotypeConfigurationU: 	at zhv.onHandleIntent(:com.google.android.gms@231818047@23.18.18 (190800-535401451):4)
06-25 14:40:24.353  4998  5996 W PhenotypeConfigurationU: 	at hjm.run(:com.google.android.gms@231818047@23.18.18 (190800-535401451):3)
06-25 14:40:24.353  4998  5996 W PhenotypeConfigurationU: 	at hjl.run(:com.google.android.gms@231818047@23.18.18 (190800-535401451):11)
06-25 14:40:24.353  4998  5996 W PhenotypeConfigurationU: 	at dfhf.run(:com.google.android.gms@231818047@23.18.18 (190800-535401451):2)
06-25 14:40:24.353  4998  5996 W PhenotypeConfigurationU: 	at java.util.concurrent.ThreadPoolExecutor.runWorker(ThreadPoolExecutor.java:1145)
06-25 14:40:24.353  4998  5996 W PhenotypeConfigurationU: 	at java.util.concurrent.ThreadPoolExecutor$Worker.run(ThreadPoolExecutor.java:644)
06-25 14:40:24.353  4998  5996 W PhenotypeConfigurationU: 	at java.lang.Thread.run(Thread.java:1012)
06-25 14:40:24.356  4998  6028 I NamespaceManager: Package com.android.refreshratecontrol name not found! Using module version.
06-25 14:40:24.358  4998  6028 I NamespaceManager: Package com.google.oslo name not found! Using module version.
06-25 14:40:24.358  4998  6028 I NamespaceManager: Package com.android.media name not found! Using module version.
06-25 14:40:24.358  4998  6028 I NamespaceManager: Package com.android.media.swcodec name not found! Using module version.
06-25 14:40:24.359  4998  6028 I NamespaceManager: Package com.android.neuralnetworks name not found! Using module version.
06-25 14:40:24.359  4998  6028 I NamespaceManager: Package com.android.media name not found! Using module version.
06-25 14:40:24.359  4998  6028 I NamespaceManager: Package 1 name not found! Using module version.
06-25 14:40:24.362  4998  6028 I NamespaceManager: Package rkpd name not found! Using module version.
06-25 14:40:24.364  4998  6028 I NamespaceManager: Package android.companion name not found! Using module version.
06-25 14:40:24.364  4998  6028 I NamespaceManager: Package com.google.android.aicore name not found! Using module version.
06-25 14:40:24.364  4998  6028 I NamespaceManager: Package com.google.android.audioproxy name not found! Using module version.
06-25 14:40:24.364  4998  6028 I NamespaceManager: Package com.google.android.apps.pixel.psi name not found! Using module version.
06-25 14:40:24.365  4998  6028 I NamespaceManager: Package com.google.android.apps.safetycore name not found! Using module version.
06-25 14:40:24.366  4998  6028 I NamespaceManager: Package com.google.android.crashrecovery name not found! Using module version.
06-25 14:40:24.366  4998  6028 I NamespaceManager: Package com.google.android.profiling name not found! Using module version.
06-25 14:40:24.366  4998  6028 I NamespaceManager: Package com.google.android.bt name not found! Using module version.
06-25 14:40:24.367  4998  6028 I NamespaceManager: Package com.google.android.nfcservices name not found! Using module version.
06-25 14:40:24.367  4998  6028 I NamespaceManager: Package com.google.android.webapp name not found! Using module version.
06-25 14:40:24.367  4998  6028 I NamespaceManager: Package com.google.android.telephonycore name not found! Using module version.
06-25 14:40:24.367  4998  6028 I NamespaceManager: Package com.google.android.uprobestats name not found! Using module version.
06-25 14:40:24.368  4998  6028 W PhenotypeConfigurationU: Update for unknown DeviceConfig package com.google.android.gms.fonts [CONTEXT service_id=204 ]
06-25 14:40:24.368  4998  6028 W PhenotypeConfigurationU: bwix: No package exists for config package: com.google.android.gms.fonts
06-25 14:40:24.368  4998  6028 W PhenotypeConfigurationU: 	at com.google.android.gms.platformconfigurator.PhenotypeConfigurationUpdateListener.b(:com.google.android.gms@231818047@23.18.18 (190800-535401451):6)
06-25 14:40:24.368  4998  6028 W PhenotypeConfigurationU: 	at com.google.android.gms.platformconfigurator.PhenotypeConfigurationUpdateListener.a(:com.google.android.gms@231818047@23.18.18 (190800-535401451):4)
06-25 14:40:24.368  4998  6028 W PhenotypeConfigurationU: 	at com.google.android.gms.platformconfigurator.PhenotypeConfigurationUpdateListener.onHandleIntent(:com.google.android.gms@231818047@23.18.18 (190800-535401451):21)
06-25 14:40:24.368  4998  6028 W PhenotypeConfigurationU: 	at com.google.android.chimera.IntentOperation.onHandleIntent(:com.google.android.gms@231818047@23.18.18 (190800-535401451):2)
06-25 14:40:24.368  4998  6028 W PhenotypeConfigurationU: 	at zhv.onHandleIntent(:com.google.android.gms@231818047@23.18.18 (190800-535401451):4)
06-25 14:40:24.368  4998  6028 W PhenotypeConfigurationU: 	at hjm.run(:com.google.android.gms@231818047@23.18.18 (190800-535401451):3)
06-25 14:40:24.368  4998  6028 W PhenotypeConfigurationU: 	at hjl.run(:com.google.android.gms@231818047@23.18.18 (190800-535401451):11)
06-25 14:40:24.368  4998  6028 W PhenotypeConfigurationU: 	at dfhf.run(:com.google.android.gms@231818047@23.18.18 (190800-535401451):2)
06-25 14:40:24.368  4998  6028 W PhenotypeConfigurationU: 	at java.util.concurrent.ThreadPoolExecutor.runWorker(ThreadPoolExecutor.java:1145)
06-25 14:40:24.368  4998  6028 W PhenotypeConfigurationU: 	at java.util.concurrent.ThreadPoolExecutor$Worker.run(ThreadPoolExecutor.java:644)
06-25 14:40:24.368  4998  6028 W PhenotypeConfigurationU: 	at java.lang.Thread.run(Thread.java:1012)
06-25 14:40:24.407   526   619 I RoleService: Granting default roles...
06-25 14:40:24.420   856  5985 E RoleControllerServiceImpl: Default/fallback role holder package doesn't qualify for the role, package: com.google.android.gms.supervision, role: android.app.role.SYSTEM_SUPERVISION
06-25 14:40:24.427   856   868 I PermissionControllerServiceImpl: Updating user sensitive for uid 10131
06-25 14:40:24.428   856  5985 I Role    : com.google.android.gms not qualified for android.app.role.SYSTEM_CALL_STREAMING due to missing RequiredComponent{mIntentFilterData=IntentFilterData{mAction='android.telecom.CallStreamingService', mCategories='[]', mDataScheme='null', mDataType='null'}, mMinTargetSdkVersion=1, mFlags='0', mPermission='android.permission.BIND_CALL_STREAMING_SERVICE', mQueryFlags=0, mMetaData=[]}
06-25 14:40:24.428   856  5985 E RoleControllerServiceImpl: Default/fallback role holder package doesn't qualify for the role, package: com.google.android.gms, role: android.app.role.SYSTEM_CALL_STREAMING
06-25 14:40:24.429   856  5985 W Role    : Default holder doesn't have required signing certificate: com.google.android.apps.work.clouddpc:23962F4B43B9857638EA66F4D419518EAE282491ACDA4B94707BD59003C45E58
06-25 14:40:24.434  1053  1053 D CarrierSvcBindHelper: onPackageModified: com.google.android.gms
06-25 14:40:24.435   526   631 I InputReader: Reconfiguring input devices, changes=KEYBOARD_LAYOUTS
06-25 14:40:24.435  1053  1053 D CarrierSvcBindHelper: No carrier app for: 0
06-25 14:40:24.446  4270  4270 V MediaPlayerList: mPackageChangedBroadcastReceiver: action: android.intent.action.PACKAGE_CHANGED
06-25 14:40:24.446   844   918 D StylusManager: Stylus InputDevice changed: 14 virtio_input_multi_touch_11
06-25 14:40:24.447  4270  4270 V MediaPlayerList: mPackageChangedBroadcastReceiver: action: android.intent.action.PACKAGE_CHANGED
06-25 14:40:24.452   844   918 D StylusManager: Stylus InputDevice changed: 13 virtio_input_multi_touch_10
06-25 14:40:24.460   844   844 D ControlsListingControllerImpl: ServiceConfig reloaded, count: 0
06-25 14:40:24.475   844   918 D StylusManager: Stylus InputDevice changed: 11 virtio_input_multi_touch_8
06-25 14:40:24.495  1053  1314 D ImsResolver: maybeAddedImsService, packageName: com.google.android.gms
06-25 14:40:24.508   526   554 I CredManSysServiceImpl: CredentialManagerServiceImpl constructed for: com.google.android.gms/.auth.api.credentials.credman.service.PasswordAndPasskeyService
06-25 14:40:24.511   844   918 D StylusManager: Stylus InputDevice changed: 10 virtio_input_multi_touch_7
06-25 14:40:24.515   526   554 I CredManSysServiceImpl: newServiceInfoLocked, mInfo null, com.google.android.gms/com.google.android.gms.auth.api.credentials.credman.service.PasswordAndPasskeyService
06-25 14:40:24.534   844   918 D StylusManager: Stylus InputDevice changed: 8 virtio_input_multi_touch_5
06-25 14:40:24.543   844   918 D StylusManager: Stylus InputDevice changed: 9 virtio_input_multi_touch_6
06-25 14:40:24.554   844   918 D StylusManager: Stylus InputDevice changed: 7 virtio_input_multi_touch_4
06-25 14:40:24.562  1638  1638 I AiAiEcho: AppFetcherImpl onPackageChanged com.google.android.gms.
06-25 14:40:24.563  1638  3504 I AiAiEcho: AppIndexer Package:[com.google.android.gms] UserProfile:[0] Enabled:[true].
06-25 14:40:24.563  1638  3504 I AiAiEcho: AppFetcherImplV2 updateApps package:[com.google.android.gms], userId:[0], reason:[package is updated.].
06-25 14:40:24.570   844   918 D StylusManager: Stylus InputDevice changed: 6 virtio_input_multi_touch_3
06-25 14:40:24.580   844   918 D StylusManager: Stylus InputDevice changed: 12 virtio_input_multi_touch_9
06-25 14:40:24.591   844   918 D StylusManager: Stylus InputDevice changed: 5 virtio_input_multi_touch_2
06-25 14:40:24.592   844   918 D StylusManager: Stylus InputDevice changed: 4 virtio_input_multi_touch_1
06-25 14:40:24.641   526   535 I system_server: Background young concurrent copying GC freed 548831(18MB) AllocSpace objects, 16(320KB) LOS objects, 30% free, 35MB/51MB, paused 659us,244us total 235.942ms
06-25 14:40:24.896  5051  6063 W ModuleInitIntentOp: Dropping unexpected action com.google.android.gms.phenotype.COMMITTED
06-25 14:40:24.914  5051  6038 W ModuleInitIntentOp: Dropping unexpected action com.google.android.gms.phenotype.COMMITTED
06-25 14:40:24.915  5051  6038 I SyncIntentOperation: Handling the intent: Intent { act=com.google.android.gms.phenotype.COMMITTED flg=0x10 pkg=com.google.android.gms cmp=com.google.android.gms/.chimera.GmsIntentOperationService (has extras) }. [CONTEXT service_id=80 ]
06-25 14:40:24.916  5051  6038 I MdiSyncModule: flag handling is skipping irrelevant intent.
06-25 14:40:24.916  4998  5270 I HeterodyneSyncer: Removed 0 invalid users [CONTEXT service_id=51 ]
06-25 14:40:24.917  5051  6038 I MlBenchmarkInstaller: Intent: com.google.android.gms.phenotype.COMMITTED [CONTEXT service_id=340 ]
06-25 14:40:24.918  5051  6038 I MlBenchmarkInstaller: COMMITTED Extra package name: com.google.android.gms.games [CONTEXT service_id=340 ]
06-25 14:40:24.918  5051  5622 I PeopleGalProvider: Gal directories started.
06-25 14:40:24.918  5051  6063 V Backup  : [PhenotypeConfigIO] Phenotype broadcast received for different package
06-25 14:40:24.919  5051  6063 W ModuleInitIntentOp: Dropping unexpected action com.google.android.gms.phenotype.COMMITTED
06-25 14:40:24.920  5051  6067 W ModuleInitIntentOp: Dropping unexpected action com.google.android.gms.phenotype.COMMITTED
06-25 14:40:24.920  5051  6067 I LocationHistory: [IntentOperation] Handling action com.google.android.gms.phenotype.COMMITTED [CONTEXT service_id=314 ]
06-25 14:40:24.921  5051  6063 I GmsSyncPolicyEngine: Periodic sync 1 disabled by policy, cancelled.
06-25 14:40:24.922  5051  5622 I PeopleGalProvider: Method 1 completed.
06-25 14:40:24.923  5051  5622 I PeopleGalProvider: Method 1 finished successfully.
06-25 14:40:24.924  5051  6063 I GmsSyncPolicyEngine: Periodic sync 2 disabled by policy, cancelled.
06-25 14:40:24.924  5051  6063 I GmsSyncPolicyEngine: Periodic sync 3 disabled by policy, cancelled.
06-25 14:40:24.924  4998  5996 I NamespaceManager: Package com.android.refreshratecontrol name not found! Using module version.
06-25 14:40:24.936  1735  2410 I A       : Scheduled one-off task for batch; batchId=2 taskId=-1000008 corpora=[1004,1008,1014,1015]
06-25 14:40:24.936  1735  2410 I A       : Pending callbacks: 1
06-25 14:40:24.940  4998  6058 I PTCommittedOperation: Receive new configuration for com.google.android.gms.games
06-25 14:40:24.948  4998  6062 I Fitness : OnPackageChangedOperation got intent: Intent { act=android.intent.action.PACKAGE_CHANGED dat=package: flg=0x45000010 pkg=com.google.android.gms cmp=com.google.android.gms/.chimera.PersistentIntentOperationService (has extras) } [CONTEXT service_id=17 ]
06-25 14:40:24.952  4998  6029 I Fitness : FitCleanupIntentOperation received Intent android.intent.action.PACKAGE_CHANGED [CONTEXT service_id=17 ]
06-25 14:40:24.954   526   555 I ActivityManager: Force stopping dev.mobile.maestro appid=10193 user=-1: deletePackageX
06-25 14:40:24.954   526   555 E libprocessgroup: No such cgroup attribute: /sys/fs/cgroup/uid_4294877489/cgroup.freeze
06-25 14:40:24.955   526   555 W libprocessgroup: Failed to apply Frozen process profile: No such file or directory
06-25 14:40:24.955   526   544 D DisplayManagerService: Drop pending events for gone uid 10193
06-25 14:40:24.957   526   555 I ActivityManager: Killing 5162:dev.mobile.maestro/u0a193 (adj 0): stop dev.mobile.maestro due to deletePackageX
06-25 14:40:24.964  5494  5519 D EGL_emulation: app_time_stats: avg=507.88ms min=501.15ms max=514.61ms count=2
06-25 14:40:24.966   526   555 W ActivityManager: Crash of app dev.mobile.maestro running instrumentation ComponentInfo{dev.mobile.maestro.test/androidx.test.runner.AndroidJUnitRunner}
06-25 14:40:24.971   526   555 I ActivityManager: Force stopping dev.mobile.maestro appid=10193 user=0: finished inst
06-25 14:40:24.985   526   555 E libprocessgroup: No such cgroup attribute: /sys/fs/cgroup/uid_4294877489/cgroup.freeze
06-25 14:40:24.985   526   555 W libprocessgroup: Failed to apply Unfrozen process profile: No such file or directory
06-25 14:40:24.994  4998  5996 I NamespaceManager: Package com.google.oslo name not found! Using module version.
06-25 14:40:24.996  4998  5996 I NamespaceManager: Package com.android.media name not found! Using module version.
06-25 14:40:24.997  4998  5996 I NamespaceManager: Package com.android.media.swcodec name not found! Using module version.
06-25 14:40:25.000  4998  5996 I NamespaceManager: Package com.android.neuralnetworks name not found! Using module version.
06-25 14:40:25.002  4998  5996 I NamespaceManager: Package com.android.media name not found! Using module version.
06-25 14:40:25.002  4998  5996 I NamespaceManager: Package 1 name not found! Using module version.
06-25 14:40:25.003  4998  5996 I NamespaceManager: Package rkpd name not found! Using module version.
06-25 14:40:25.003  4998  5996 I NamespaceManager: Package android.companion name not found! Using module version.
06-25 14:40:25.005  4998  5996 I NamespaceManager: Package com.google.android.aicore name not found! Using module version.
06-25 14:40:25.006  4998  5996 I NamespaceManager: Package com.google.android.audioproxy name not found! Using module version.
06-25 14:40:25.007  4998  5996 I NamespaceManager: Package com.google.android.apps.pixel.psi name not found! Using module version.
06-25 14:40:25.009  4998  5996 I NamespaceManager: Package com.google.android.apps.safetycore name not found! Using module version.
06-25 14:40:25.009  5051  5124 I Icing   : updateResources: need to parse arkh{com.google.android.gms}
06-25 14:40:25.010  4998  5996 I NamespaceManager: Package com.google.android.crashrecovery name not found! Using module version.
06-25 14:40:25.018  4998  5996 I NamespaceManager: Package com.google.android.profiling name not found! Using module version.
06-25 14:40:25.019  4998  5996 I NamespaceManager: Package com.google.android.bt name not found! Using module version.
06-25 14:40:25.019  4998  5996 I NamespaceManager: Package com.google.android.nfcservices name not found! Using module version.
06-25 14:40:25.019  4998  5996 I NamespaceManager: Package com.google.android.webapp name not found! Using module version.
06-25 14:40:25.020  4998  5996 I NamespaceManager: Package com.google.android.telephonycore name not found! Using module version.
06-25 14:40:25.020  4998  5996 I NamespaceManager: Package com.google.android.uprobestats name not found! Using module version.
06-25 14:40:25.020  4998  5996 W PhenotypeConfigurationU: Update for unknown DeviceConfig package com.google.android.gms.games [CONTEXT service_id=204 ]
06-25 14:40:25.020  4998  5996 W PhenotypeConfigurationU: bwix: No package exists for config package: com.google.android.gms.games
06-25 14:40:25.020  4998  5996 W PhenotypeConfigurationU: 	at com.google.android.gms.platformconfigurator.PhenotypeConfigurationUpdateListener.b(:com.google.android.gms@231818047@23.18.18 (190800-535401451):6)
06-25 14:40:25.020  4998  5996 W PhenotypeConfigurationU: 	at com.google.android.gms.platformconfigurator.PhenotypeConfigurationUpdateListener.a(:com.google.android.gms@231818047@23.18.18 (190800-535401451):4)
06-25 14:40:25.020  4998  5996 W PhenotypeConfigurationU: 	at com.google.android.gms.platformconfigurator.PhenotypeConfigurationUpdateListener.onHandleIntent(:com.google.android.gms@231818047@23.18.18 (190800-535401451):21)
06-25 14:40:25.020  4998  5996 W PhenotypeConfigurationU: 	at com.google.android.chimera.IntentOperation.onHandleIntent(:com.google.android.gms@231818047@23.18.18 (190800-535401451):2)
06-25 14:40:25.020  4998  5996 W PhenotypeConfigurationU: 	at zhv.onHandleIntent(:com.google.android.gms@231818047@23.18.18 (190800-535401451):4)
06-25 14:40:25.020  4998  5996 W PhenotypeConfigurationU: 	at hjm.run(:com.google.android.gms@231818047@23.18.18 (190800-535401451):3)
06-25 14:40:25.020  4998  5996 W PhenotypeConfigurationU: 	at hjl.run(:com.google.android.gms@231818047@23.18.18 (190800-535401451):11)
06-25 14:40:25.020  4998  5996 W PhenotypeConfigurationU: 	at dfhf.run(:com.google.android.gms@231818047@23.18.18 (190800-535401451):2)
06-25 14:40:25.020  4998  5996 W PhenotypeConfigurationU: 	at java.util.concurrent.ThreadPoolExecutor.runWorker(ThreadPoolExecutor.java:1145)
06-25 14:40:25.020  4998  5996 W PhenotypeConfigurationU: 	at java.util.concurrent.ThreadPoolExecutor$Worker.run(ThreadPoolExecutor.java:644)
06-25 14:40:25.020  4998  5996 W PhenotypeConfigurationU: 	at java.lang.Thread.run(Thread.java:1012)
--------- beginning of kernel
06-25 14:40:25.519     0     0 I servicemanager: Since 'artd' could not be found, trying to start it as a lazy AIDL service. (if it's not configured to be a lazy service, it may be stuck starting or still starting).
06-25 14:40:25.022  5134  5160 W Binder  : Caught a RuntimeException from the binder stub implementation.
06-25 14:40:25.022  5134  5160 W Binder  : java.lang.SecurityException: Calling from not trusted UID!
06-25 14:40:25.022  5134  5160 W Binder  : 	at android.app.UiAutomationConnection.throwIfCalledByNotTrustedUidLocked(UiAutomationConnection.java:646)
06-25 14:40:25.022  5134  5160 W Binder  : 	at android.app.UiAutomationConnection.shutdown(UiAutomationConnection.java:547)
06-25 14:40:25.022  5134  5160 W Binder  : 	at android.app.IUiAutomationConnection$Stub.onTransact(IUiAutomationConnection.java:402)
06-25 14:40:25.022  5134  5160 W Binder  : 	at android.os.Binder.execTransactInternal(Binder.java:1344)
06-25 14:40:25.022  5134  5160 W Binder  : 	at android.os.Binder.execTransact(Binder.java:1275)
06-25 14:40:25.534     0     0 I init    : starting service 'artd'...
06-25 14:40:25.031   526  2167 V ActivityManager: Got obituary of 5162:dev.mobile.maestro
06-25 14:40:25.033  5134  5134 I app_process: System.exit called, status: 0
06-25 14:40:25.033  5134  5134 I AndroidRuntime: VM exiting with result code 0.
06-25 14:40:25.035   338   338 I Zygote  : Process 5162 exited due to signal 9 (Killed)
06-25 14:40:25.036  4998  5041 W ChimeraUtils: Module com.google.android.gms.nearby_en missing resource null(0)
06-25 14:40:25.038   526   600 W WindowMagnificationMgr: requestConnection duplicated request: connect=false, mConnectionState=DISCONNECTED
06-25 14:40:25.039   526   600 W WindowMagnificationMgr: requestConnection duplicated request: connect=false, mConnectionState=DISCONNECTED
06-25 14:40:25.039  1638  1683 I AiAiEcho: Settings changed for uri: content://settings/secure/accessibility_enabled
06-25 14:40:25.043  1638  1854 I AiAiEcho: Predicting[0]: 
06-25 14:40:25.044  1638  1854 I AiAiEcho: EchoTargets: 
06-25 14:40:25.044  1638  1854 I AiAiEcho: Filtered by AiAi flag check: 
06-25 14:40:25.047  1638  1854 I AiAiEcho: Ranked targets strategy: SORT, count: 0, ranking metadata: 
06-25 14:40:25.050  1638  1854 I AiAiEcho: Predicting[0]: 
06-25 14:40:25.051  1638  1854 I AiAiEcho: EchoTargets: 
06-25 14:40:25.051  1638  1854 I AiAiEcho: Filtered by AiAi flag check: 
06-25 14:40:25.052  1638  1854 I AiAiEcho: Ranked targets strategy: SORT, count: 0, ranking metadata: 
06-25 14:40:25.055  1735  2234 I A       : NGA enabled in interactor.
06-25 14:40:25.055  1735  2234 I A       : Nga state changed to NgaStateDetails{state=ENABLED, isSpecialExperience=false}
06-25 14:40:25.057  1688  4816 I A       : Initializing all components
06-25 14:40:25.058  1688  4816 I A       : APA or Classic session decision: SessionDecision(sessionVariance=CLASSIC, platformVariance=CLASSIC, justification=CURRENT_PLATFORM_VARIANCE).
06-25 14:40:25.059  1688  4816 I A       : [Memory] eligibility: StashEligibility{6}
06-25 14:40:25.069  1638  3589 I AiAiEcho: Settings changed for uri: content://settings/secure/accessibility_enabled
06-25 14:40:25.070  1688  2289 I A       : onIsEnabledChanged, isEnabled: false
06-25 14:40:25.071  1688  2295 I A       : State changed: IDLE => IDLE by NGA_STATE_CHANGED and N/A with Optional.empty
06-25 14:40:25.071  1688  2289 W A       : Disposing empty manager. Did you forgot to subscribe observables?
06-25 14:40:25.071  1688  2289 W A       : Disposing empty manager. Did you forgot to subscribe observables?
06-25 14:40:25.071  1688  2289 W A       : Disposing empty manager. Did you forgot to subscribe observables?
06-25 14:40:25.071  1688  2289 W A       : Disposing empty manager. Did you forgot to subscribe observables?
06-25 14:40:25.071  1688  2289 W A       : Disposing empty manager. Did you forgot to subscribe observables?
06-25 14:40:25.071  1688  2289 W A       : Disposing empty manager. Did you forgot to subscribe observables?
06-25 14:40:25.071  1688  2289 W A       : Disposing empty manager. Did you forgot to subscribe observables?
06-25 14:40:25.071  1688  2289 W A       : Disposing empty manager. Did you forgot to subscribe observables?
06-25 14:40:25.072  1688  2289 W A       : Disposing empty manager. Did you forgot to subscribe observables?
06-25 14:40:25.072  1688  2289 W A       : Disposing empty manager. Did you forgot to subscribe observables?
06-25 14:40:25.072  1688  2295 I A       : Recognizer choice: (recognizer_type: 1, recognizer_mode: 1, choice_reason: 4)
06-25 14:40:25.072  1688  2289 I A       : onOpaVisibilityChanged: false
06-25 14:40:25.072  1688  2289 W A       : Disposing empty manager. Did you forgot to subscribe observables?
06-25 14:40:25.073  1688  2289 W A       : Disposing empty manager. Did you forgot to subscribe observables?
06-25 14:40:25.073   526   526 D BatterySaverPolicy: accessibility changed to false, updating policy.
06-25 14:40:25.073  1688  2289 W A       : Disposing empty manager. Did you forgot to subscribe observables?
06-25 14:40:25.073  1638  1854 I AiAiEcho: #postPredictionTargets: Sending updates to UISurface lockscreen with targets# 0 (types=[])
06-25 14:40:25.073  1688  2289 W A       : Disposing empty manager. Did you forgot to subscribe observables?
06-25 14:40:25.074  1688  2289 W A       : Disposing empty manager. Did you forgot to subscribe observables?
06-25 14:40:25.075  1638  1854 I AiAiEcho: #postPredictionTargets: Sending updates to UISurface home with targets# 0 (types=[])
06-25 14:40:25.075  1688  2295 I A       : onActiveStateChangeEvent: IDLE => IDLE
06-25 14:40:25.075  1688  2289 W A       : Disposing empty manager. Did you forgot to subscribe observables?
06-25 14:40:25.075   844   844 W PageIndicator: Total number of pages invalid: 0. Assuming 1 page.
06-25 14:40:25.075  1688  2289 I A       : Setting session to type: NO_SESSION
06-25 14:40:25.075  1688  2289 W A       : Disposing empty manager. Did you forgot to subscribe observables?
06-25 14:40:25.076  1638  1854 I AiAiEcho: Predicting[0]: 
06-25 14:40:25.076  1638  1854 I AiAiEcho: EchoTargets: 
06-25 14:40:25.076  1638  1854 I AiAiEcho: Filtered by AiAi flag check: 
06-25 14:40:25.077  1688  2289 W A       : Disposing empty manager. Did you forgot to subscribe observables?
06-25 14:40:25.083  1688  2289 W A       : Disposing empty manager. Did you forgot to subscribe observables?
06-25 14:40:25.083  1688  2295 W A       : Missing generator mapping for generator GENERATOR_CONTEXTUAL_SUGGESTIONS
06-25 14:40:25.083  1688  2295 W A       : Missing generator mapping for generator GENERATOR_FRE_SUGGESTIONS_ON_TIMEOUT
06-25 14:40:25.083  1638  1854 I AiAiEcho: Ranked targets strategy: SORT, count: 0, ranking metadata: 
06-25 14:40:25.083  1688  2289 W A       : Disposing empty manager. Did you forgot to subscribe observables?
06-25 14:40:25.084  1688  2289 W A       : Disposing empty manager. Did you forgot to subscribe observables?
06-25 14:40:25.084  1688  2289 W A       : Disposing empty manager. Did you forgot to subscribe observables?
06-25 14:40:25.084  1688  2289 W A       : Disposing empty manager. Did you forgot to subscribe observables?
06-25 14:40:25.084  1638  1854 I AiAiEcho: Predicting[0]: 
06-25 14:40:25.084  1638  1854 I AiAiEcho: EchoTargets: 
06-25 14:40:25.084  1638  1854 I AiAiEcho: Filtered by AiAi flag check: 
06-25 14:40:25.084  1688  2289 W A       : Disposing empty manager. Did you forgot to subscribe observables?
06-25 14:40:25.084  1688  2289 I A       : setNavBarVisible: GestureNavBarVisible{navbarVisible=true}
06-25 14:40:25.084  1688  2289 W A       : Disposing empty manager. Did you forgot to subscribe observables?
06-25 14:40:25.084  1688  2289 W A       : Disposing empty manager. Did you forgot to subscribe observables?
06-25 14:40:25.084  1688  2289 W A       : Disposing empty manager. Did you forgot to subscribe observables?
06-25 14:40:25.084  1688  2289 W A       : Disposing empty manager. Did you forgot to subscribe observables?
06-25 14:40:25.084  1688  2289 W A       : Disposing empty manager. Did you forgot to subscribe observables?
06-25 14:40:25.084  1688  2289 W A       : Disposing empty manager. Did you forgot to subscribe observables?
06-25 14:40:25.084  1638  1854 I AiAiEcho: Ranked targets strategy: SORT, count: 0, ranking metadata: 
06-25 14:40:25.085  1688  2289 I A       : onDisabled. Registered: false
06-25 14:40:25.085  1638  1854 I AiAiEcho: #postPredictionTargets: Sending updates to UISurface lockscreen with targets# 0 (types=[])
06-25 14:40:25.086  1688  2295 W A       : Missing generator mapping for generator GENERATOR_FRE_SUGGESTIONS_ON_INVOCATION
06-25 14:40:25.086   844   844 W PageIndicator: Total number of pages invalid: 0. Assuming 1 page.
06-25 14:40:25.086  1638  1854 I AiAiEcho: #postPredictionTargets: Sending updates to UISurface home with targets# 0 (types=[])
06-25 14:40:25.096  1688  2295 I A       : #onActiveStateChangeEvent, newState: IDLE, previousState: IDLE.
06-25 14:40:25.600     0     0 I init    : ... started service 'artd' has pid 6109
06-25 14:40:25.605     0     0 I init    : Control message: Processed ctl.interface_start for 'aidl/artd' from pid: 133 (/system/bin/servicemanager)
06-25 14:40:25.103   526  2258 D CompatibilityChangeReporter: Compat change id reported: 197654537; UID 10192; state: ENABLED
06-25 14:40:25.104  1688  2289 I A       : Initialize
06-25 14:40:25.106  1688  2289 I A       : on opa visibility changed false
06-25 14:40:25.106  1688  2289 I A       : on opa visibility changed false
06-25 14:40:25.107  1688  2289 I A       : stopListening(NGA_PAUSED_UNKNOWN_REASON, NGA_CREATE), idleOverride=NOT_LISTENING
06-25 14:40:25.614     0     0 I init    : Untracked pid 5134 exited with status 0
06-25 14:40:25.111  4998  5041 W ChimeraUtils: Module com.google.android.gms.nearby_en missing resource null(0)
06-25 14:40:25.113  1688  2295 I NgaEntryPointEventSendr: setupConnection
06-25 14:40:25.619     0     0 I init    : Untracked pid 5134 did not have an associated service entry and will not be reaped
06-25 14:40:25.122  1688  2289 W A       : Routing took 8 ms
06-25 14:40:25.127  1735  1735 I A       : Creating pss binder().
06-25 14:40:25.132  1688  2295 I NgaEntryPointEventSendr: State changed: Disconnected => Connecting
06-25 14:40:25.133  1688  2295 I A       : Successfully initialized all components
06-25 14:40:25.135  1688  2289 I NgaEntryPointEventSendr: onServiceConnected
06-25 14:40:25.135  1735  3501 I A       : Calling beginBinderSession().
06-25 14:40:25.137  4998  5007 I .gms.persistent: Compiler allocated 4906KB to compile void bwhy.D(java.util.Set, java.util.List, dmtw, java.lang.String, boolean, dzew, bwhx, java.util.LinkedHashMap, dhlq, boolean, edam)
06-25 14:40:25.139  1735  3501 I A       : beginBinderSession(): calling binder
06-25 14:40:25.139  1688  2289 I NgaEntryPointEventSendr: State changed: Connecting => Ready
06-25 14:40:25.143   526  2310 W ActivityManager: Unable to start service Intent { cmp=com.google.android.apps.tachyon/.clientapi.ClientApiService } U=0: not found
06-25 14:40:25.150  4998  5399 D TrafficStats: tagSocket(307) with statsTag=0x1203, statsUid=10131
06-25 14:40:25.151  6109  6109 I artd    : Starting artd
06-25 14:40:25.151  6109  6109 I AidlLazyServiceRegistrar: Registering service artd
06-25 14:40:25.660     0     0 I BpBinder: onLastStrongRef automatically unlinking death recipients:
06-25 14:40:25.171  6109  6114 I AidlLazyServiceRegistrar: Process has 1 (of 1 available) client(s) in use after notification artd has clients: 1
06-25 14:40:25.674     0     0 I servicemanager: Notifying artd they do (previously: don't) have clients when service is guaranteed to be in use
06-25 14:40:25.186  1735  2686 W A       : UiCallbackStub-onGenericEvent[ServiceEvent = 60] task was not run. Callback from Service received after client was disposed.
06-25 14:40:25.188  1735  2884 I PBSessionCacheImpl: Deleted sessionId[7632393095049797] from persistence.
06-25 14:40:25.189  1735  2686 W SearchServiceCore: Abort, client detached.
06-25 14:40:25.189  1735  2686 W SearchServiceCore: Abort, client detached.
06-25 14:40:25.189  1735  2686 W SearchServiceCore: Abort, client detached.
06-25 14:40:25.189  1735  2686 W SearchServiceCore: Abort, client detached.
06-25 14:40:25.189  1735  2686 W SearchServiceCore: Abort, client detached.
06-25 14:40:25.191  1688  2295 I NgaEntryPointEventSendr: State changed: Ready => Disconnected (onOpaDisconnected)
06-25 14:40:25.197  1688  1688 V ClearcutMetricXmitter: Transmission is done.
06-25 14:40:25.740     0     0 I logd    : start watching /data/system/packages.list ...
06-25 14:40:25.743     0     0 I logd    : ReadPackageList, total packages: 201
06-25 14:40:25.240   526   578 D PackageManager: Instant App installer not found with android.intent.action.INSTALL_INSTANT_APP_PACKAGE
06-25 14:40:25.240   526   578 D PackageManager: Clear ephemeral installer activity
06-25 14:40:25.242   526  3151 E TaskPersister: File error accessing recents directory (directory doesn't exist?).
06-25 14:40:25.255   526   578 I ActivityManager: Force stopping dev.mobile.maestro appid=10193 user=0: pkg removed
06-25 14:40:25.269  4998  5996 I NamespaceManager: Package com.android.refreshratecontrol name not found! Using module version.
06-25 14:40:25.274   526   545 I DropBoxManagerService: add tag=system_server_strictmode isTagEnabled=true flags=0x2
06-25 14:40:25.282   526   545 I DropBoxManagerService: add tag=system_server_strictmode isTagEnabled=true flags=0x2
06-25 14:40:25.282   526   545 I DropBoxManagerService: add tag=system_server_strictmode isTagEnabled=true flags=0x2
06-25 14:40:25.283   526   545 I DropBoxManagerService: add tag=system_server_strictmode isTagEnabled=true flags=0x2
06-25 14:40:25.283   526   545 I DropBoxManagerService: add tag=system_server_strictmode isTagEnabled=true flags=0x2
06-25 14:40:25.283   526   545 I DropBoxManagerService: add tag=system_server_strictmode isTagEnabled=true flags=0x2
06-25 14:40:25.284   526   545 I DropBoxManagerService: add tag=system_server_strictmode isTagEnabled=true flags=0x2
06-25 14:40:25.284   526   545 I DropBoxManagerService: add tag=system_server_strictmode isTagEnabled=true flags=0x2
06-25 14:40:25.284  4998  5996 I NamespaceManager: Package com.google.oslo name not found! Using module version.
06-25 14:40:25.285   526   545 I DropBoxManagerService: add tag=system_server_strictmode isTagEnabled=true flags=0x2
06-25 14:40:25.286   526   545 I DropBoxManagerService: add tag=system_server_strictmode isTagEnabled=true flags=0x2
06-25 14:40:25.296  4998  5996 I NamespaceManager: Package com.android.media name not found! Using module version.
06-25 14:40:25.298  4998  5996 I NamespaceManager: Package com.android.media.swcodec name not found! Using module version.
06-25 14:40:25.307  4998  5996 I NamespaceManager: Package com.android.neuralnetworks name not found! Using module version.
06-25 14:40:25.311  4998  5996 I NamespaceManager: Package com.android.media name not found! Using module version.
06-25 14:40:25.314  4998  5996 I NamespaceManager: Package 1 name not found! Using module version.
06-25 14:40:25.318  4998  5996 I NamespaceManager: Package rkpd name not found! Using module version.
06-25 14:40:25.319  4998  5996 I NamespaceManager: Package android.companion name not found! Using module version.
06-25 14:40:25.320  4998  5996 I NamespaceManager: Package com.google.android.aicore name not found! Using module version.
06-25 14:40:25.320  4998  5996 I NamespaceManager: Package com.google.android.audioproxy name not found! Using module version.
06-25 14:40:25.320  4998  5996 I NamespaceManager: Package com.google.android.apps.pixel.psi name not found! Using module version.
06-25 14:40:25.321  4998  5996 I NamespaceManager: Package com.google.android.apps.safetycore name not found! Using module version.
06-25 14:40:25.321  4998  5996 I NamespaceManager: Package com.google.android.crashrecovery name not found! Using module version.
06-25 14:40:25.321  4998  5996 I NamespaceManager: Package com.google.android.profiling name not found! Using module version.
06-25 14:40:25.322  4998  5996 I NamespaceManager: Package com.google.android.bt name not found! Using module version.
06-25 14:40:25.322  4998  5996 I NamespaceManager: Package com.google.android.nfcservices name not found! Using module version.
06-25 14:40:25.322  4998  5996 I NamespaceManager: Package com.google.android.webapp name not found! Using module version.
06-25 14:40:25.322  4998  5996 I NamespaceManager: Package com.google.android.telephonycore name not found! Using module version.
06-25 14:40:25.322  4998  5996 I NamespaceManager: Package com.google.android.uprobestats name not found! Using module version.
06-25 14:40:25.324  4998  5996 W PhenotypeConfigurationU: Update for unknown DeviceConfig package com.google.android.gms.icing [CONTEXT service_id=204 ]
06-25 14:40:25.324  4998  5996 W PhenotypeConfigurationU: bwix: No package exists for config package: com.google.android.gms.icing
06-25 14:40:25.324  4998  5996 W PhenotypeConfigurationU: 	at com.google.android.gms.platformconfigurator.PhenotypeConfigurationUpdateListener.b(:com.google.android.gms@231818047@23.18.18 (190800-535401451):6)
06-25 14:40:25.324  4998  5996 W PhenotypeConfigurationU: 	at com.google.android.gms.platformconfigurator.PhenotypeConfigurationUpdateListener.a(:com.google.android.gms@231818047@23.18.18 (190800-535401451):4)
06-25 14:40:25.324  4998  5996 W PhenotypeConfigurationU: 	at com.google.android.gms.platformconfigurator.PhenotypeConfigurationUpdateListener.onHandleIntent(:com.google.android.gms@231818047@23.18.18 (190800-535401451):21)
06-25 14:40:25.324  4998  5996 W PhenotypeConfigurationU: 	at com.google.android.chimera.IntentOperation.onHandleIntent(:com.google.android.gms@231818047@23.18.18 (190800-535401451):2)
06-25 14:40:25.324  4998  5996 W PhenotypeConfigurationU: 	at zhv.onHandleIntent(:com.google.android.gms@231818047@23.18.18 (190800-535401451):4)
06-25 14:40:25.324  4998  5996 W PhenotypeConfigurationU: 	at hjm.run(:com.google.android.gms@231818047@23.18.18 (190800-535401451):3)
06-25 14:40:25.324  4998  5996 W PhenotypeConfigurationU: 	at hjl.run(:com.google.android.gms@231818047@23.18.18 (190800-535401451):11)
06-25 14:40:25.324  4998  5996 W PhenotypeConfigurationU: 	at dfhf.run(:com.google.android.gms@231818047@23.18.18 (190800-535401451):2)
06-25 14:40:25.324  4998  5996 W PhenotypeConfigurationU: 	at java.util.concurrent.ThreadPoolExecutor.runWorker(ThreadPoolExecutor.java:1145)
06-25 14:40:25.324  4998  5996 W PhenotypeConfigurationU: 	at java.util.concurrent.ThreadPoolExecutor$Worker.run(ThreadPoolExecutor.java:644)
06-25 14:40:25.324  4998  5996 W PhenotypeConfigurationU: 	at java.lang.Thread.run(Thread.java:1012)
06-25 14:40:25.327  4998  6029 I NamespaceManager: Package com.android.refreshratecontrol name not found! Using module version.
06-25 14:40:25.344   526   766 W WifiService: Couldn't get PackageInfo for package:dev.mobile.maestro
06-25 14:40:25.344   526   766 D WifiService: Remove settings for package:dev.mobile.maestro
06-25 14:40:25.346   526   766 D WifiConfigManager: Remove all networks for app ApplicationInfo{b15b0f dev.mobile.maestro}
06-25 14:40:25.348   526   779 E AppOps  : attributionTag VCN not declared in manifest of android
06-25 14:40:25.354  1053  1053 D CarrierSvcBindHelper: onPackageRemoved: dev.mobile.maestro
06-25 14:40:25.356  1053  1053 D CarrierSvcBindHelper: No carrier app for: 0
06-25 14:40:25.358  4998  6029 I NamespaceManager: Package com.google.oslo name not found! Using module version.
06-25 14:40:25.381   526   613 I RollbackManager: broadcast=ACTION_PACKAGE_FULLY_REMOVED pkg=dev.mobile.maestro
06-25 14:40:25.381   526   631 I InputReader: Reconfiguring input devices, changes=KEYBOARD_LAYOUTS
06-25 14:40:25.383   526   555 D ActivityManager: sync unfroze 2904 com.google.android.documentsui for 3
06-25 14:40:25.388   526   555 I ActivityManager: Force stopping dev.mobile.maestro.test appid=10194 user=-1: deletePackageX
06-25 14:40:25.389   526   555 E libprocessgroup: No such cgroup attribute: /sys/fs/cgroup/uid_4294877490/cgroup.freeze
06-25 14:40:25.389   526   555 W libprocessgroup: Failed to apply Frozen process profile: No such file or directory
06-25 14:40:25.389   526   555 E libprocessgroup: No such cgroup attribute: /sys/fs/cgroup/uid_4294877490/cgroup.freeze
06-25 14:40:25.389   526   555 W libprocessgroup: Failed to apply Unfrozen process profile: No such file or directory
06-25 14:40:25.390   526   555 D ActivityManager: sync unfroze 2737 com.android.chrome for 3
06-25 14:40:25.392   526   526 D ActivityManager: sync unfroze 1054 com.android.settings for 10
06-25 14:40:25.392   526   526 D ActivityManager: sync unfroze 3379 com.android.dynsystem:dynsystem for 10
06-25 14:40:25.393   526   526 D ActivityManager: sync unfroze 3348 com.android.dynsystem for 10
06-25 14:40:25.393  4270  4270 V MediaPlayerList: mPackageChangedBroadcastReceiver: action: android.intent.action.PACKAGE_REMOVED
06-25 14:40:25.393   526   526 D ActivityManager: sync unfroze 2358 com.android.localtransport for 10
06-25 14:40:25.393   526   526 D ActivityManager: sync unfroze 1909 com.android.keychain for 10
06-25 14:40:25.393  4270  4270 V MediaPlayerList: mPackageChangedBroadcastReceiver: action: android.intent.action.PACKAGE_REMOVED
06-25 14:40:25.400   526   641 V StorageManagerService: Package dev.mobile.maestro does not have legacy storage
06-25 14:40:25.412   526   526 W Looper  : Slow dispatch took 107ms main h=android.app.ActivityThread$H c=android.app.LoadedApk$ReceiverDispatcher$Args$$ExternalSyntheticLambda0@e2a5ce m=0
06-25 14:40:25.446  4998  6029 I NamespaceManager: Package com.android.media name not found! Using module version.
06-25 14:40:25.447  4998  6029 I NamespaceManager: Package com.android.media.swcodec name not found! Using module version.
06-25 14:40:25.454  1637  1637 W MediaProvider: WorkProfileOwnerApps cache is empty
06-25 14:40:25.469   844   918 D StylusManager: Stylus InputDevice changed: 14 virtio_input_multi_touch_11
06-25 14:40:25.488   526   766 D WifiConfigStore: Writing to stores completed in 77 ms.
06-25 14:40:25.489   526   766 I PasspointManager: No app ops listener found for dev.mobile.maestro
06-25 14:40:25.527   526   766 W WifiService: Couldn't get PackageInfo for package:dev.mobile.maestro
06-25 14:40:25.534   526   766 D WifiService: Remove settings for package:dev.mobile.maestro
06-25 14:40:25.535   526   766 D WifiConfigManager: Remove all networks for app ApplicationInfo{6215839 dev.mobile.maestro}
06-25 14:40:25.539  4998  6029 I NamespaceManager: Package com.android.neuralnetworks name not found! Using module version.
06-25 14:40:25.540   526  1728 D CompatibilityChangeReporter: Compat change id reported: 135634846; UID 10087; state: DISABLED
06-25 14:40:25.540   526  1728 D CompatibilityChangeReporter: Compat change id reported: 177438394; UID 10087; state: DISABLED
06-25 14:40:25.541   526  1728 D CompatibilityChangeReporter: Compat change id reported: 135772972; UID 10087; state: DISABLED
06-25 14:40:25.541   526  1728 D CompatibilityChangeReporter: Compat change id reported: 135754954; UID 10087; state: ENABLED
06-25 14:40:25.541   526   556 D CompatibilityChangeReporter: Compat change id reported: 143937733; UID 10087; state: ENABLED
06-25 14:40:25.548   338   338 D Zygote  : Forked child process 6151
06-25 14:40:25.554   526   556 I ActivityManager: Start proc 6151:com.android.externalstorage/u0a87 for content provider {com.android.externalstorage/com.android.externalstorage.ExternalStorageProvider}
06-25 14:40:25.557   526   554 W WindowMagnificationMgr: requestConnection duplicated request: connect=false, mConnectionState=DISCONNECTED
06-25 14:40:25.559   844   918 D StylusManager: Stylus InputDevice changed: 13 virtio_input_multi_touch_10
06-25 14:40:25.562  4998  6029 I NamespaceManager: Package com.android.media name not found! Using module version.
06-25 14:40:25.571  4998  6029 I NamespaceManager: Package 1 name not found! Using module version.
