06-25 14:42:51.379   526  7679 E SettingsToPropertiesMapper: key=persist.device_config.configuration.AdbWritableFlags__adb_writable_flags_list value=adservices/disable_sdk_sandbox,adservices/enforce_broadcast_receiver_restrictions,adservices/fledge_ad_selection_enforce_foreground_status_custom_audience,adservices/fledge_custom_audience_max_count,adservices/fledge_custom_audience_max_num_ads,adservices/fledge_custom_audience_max_owner_count,adservices/fledge_custom_audience_per_app_max_count,adservices/fledge_js_isolate_enforce_max_heap_size,adservices/fledge_js_isolate_max_heap_size_bytes,adservices/sdk_request_permits_per_second,adservices/sdksandbox_customized_sdk_context_enabled,configuration/namespace_to_package_mapping,constrain_display_apis/always_constrain_display_apis,constrain_display_apis/never_constrain_display_apis,constrain_display_apis/never_constrain_display_apis_all_packages,device_policy_manager/disable_resources_updatability,flipendo/default_savings_mode_launch,flipendo/essential_apps,flipendo/flipendo_enabled_launch,flipendo/grayscale_enabled_launch,flipendo/lever_ble_scanning_enabled_launch,flipendo/lever_hotspot_enabled_launch,flipendo/lever_work_profile_enabled_launch,flipendo/resuspend_delay_minutes,namespace/key,namespace1/key1,namespace1/key2,namespace2/key1,namespace2/key2,package_manager_service/incfs_default_timeouts,package_manager_service/known_digesters_list,privacy/location_access_check_periodic_interval_millis,rollback/enable_rollback_timeout,rollback/watchdog_explicit_health_check_enabled,rollback/watchdog_request_timeout_millis,rollback/watchdog_trigger_failure_count,rollback/watchdog_trigger_failure_duration_millis,rollback_boot/rollback_lifetime_in_millis,systemui/nas_generate_actions,systemui/nas_generate_replies,systemui/nas_max_messages_to_extract,systemui/nas_max_suggestions,testspace/another,testspace/flagname,textclassifier/config_updater_model_enabled,textclassifier/key,textclassifier/key2,textclassifier/manifest_url_annotator_en,textclassifier/manifest_url_annotator_ru,textclassifier/model_download_backoff_delay_in_millis,textclassifier/model_download_manager_enabled,textclassifier/multi_language_support_enabled,textclassifier/testing_locale_list_override,textclassifier/textclassifier_service_package_override,window_manager/enable_default_rescind_bal_privileges_from_pending_intent_sender,wrong/nas_generate_replies, exceeds system property max length.
06-25 14:42:51.380   526   554 I PackageWatchdog: Syncing state, reason: updated observers
06-25 14:42:51.380   526   554 I PackageWatchdog: Saving observer state to file
06-25 14:42:51.382   526   526 I PackageWatchdog: Syncing health check requests for packages: {}
06-25 14:42:51.382   526   526 I ExplicitHealthCheckController: Service not ready to get health check supported packages. Binding...
06-25 14:42:51.382   526   526 I ExplicitHealthCheckController: Not binding to service, service already connecting
06-25 14:42:51.382   526   526 I ExplicitHealthCheckController: Explicit health check service is connected ComponentInfo{com.google.android.ext.services/android.ext.services.watchdog.ExplicitHealthCheckServiceImpl}
06-25 14:42:51.382   526   526 I ExplicitHealthCheckController: Service initialized, syncing requests
06-25 14:42:51.387   526   526 I PackageWatchdog: Syncing health check requests for packages: {}
06-25 14:42:51.387   526   526 D ExplicitHealthCheckController: Getting health check supported packages
06-25 14:42:51.388  1104  2139 I AiAiSuggestUi: Successfully connected to system intelligence: 
06-25 14:42:51.388   526  1936 I ExplicitHealthCheckController: Explicit health check supported packages [PackageConfig{com.google.android.networkstack, 86400000}]
06-25 14:42:51.388   526  1936 D PackageWatchdog: Received supported packages [PackageConfig{com.google.android.networkstack, 86400000}]
06-25 14:42:51.389   526  1936 D ExplicitHealthCheckController: Getting health check requested packages
06-25 14:42:51.389   526  1936 I ExplicitHealthCheckController: Explicit health check requested packages []
06-25 14:42:51.389   526  1936 I ExplicitHealthCheckController: No more health check requests, unbinding...
06-25 14:42:51.389   526   624 I RescueParty: Starting to observe: [android, com.google.android.permissioncontroller, com.android.settings, com.android.systemui], updated namespace: privacy
06-25 14:42:51.389   526  1936 I ExplicitHealthCheckController: Explicit health check service is unbound
06-25 14:42:51.390   526   554 I PackageWatchdog: Syncing state, reason: observing new packages
06-25 14:42:51.390   526   554 D PackageWatchdog: rescue-party-observer added the following packages to monitor [android, com.google.android.permissioncontroller, com.android.settings, com.android.systemui]
06-25 14:42:51.391   526   554 I PackageWatchdog: Syncing state, reason: updated observers
06-25 14:42:51.391   526   554 I PackageWatchdog: Saving observer state to file
06-25 14:42:51.394   526   526 I PackageWatchdog: Syncing health check requests for packages: {}
06-25 14:42:51.394   526   526 I ExplicitHealthCheckController: Service not ready to get health check supported packages. Binding...
06-25 14:42:51.396   526   526 I ExplicitHealthCheckController: Explicit health check service is bound
06-25 14:42:51.396   526   526 I PackageWatchdog: Syncing health check requests for packages: {}
06-25 14:42:51.396   526   526 I ExplicitHealthCheckController: Service not ready to get health check supported packages. Binding...
06-25 14:42:51.396   526   526 I ExplicitHealthCheckController: Not binding to service, service already connecting
06-25 14:42:51.403   526   526 I ExplicitHealthCheckController: Explicit health check service is connected ComponentInfo{com.google.android.ext.services/android.ext.services.watchdog.ExplicitHealthCheckServiceImpl}
06-25 14:42:51.403   526   526 I ExplicitHealthCheckController: Service initialized, syncing requests
06-25 14:42:51.403   526   526 I PackageWatchdog: Syncing health check requests for packages: {}
06-25 14:42:51.403   526   526 D ExplicitHealthCheckController: Getting health check supported packages
06-25 14:42:51.404   526   925 I ExplicitHealthCheckController: Explicit health check supported packages [PackageConfig{com.google.android.networkstack, 86400000}]
06-25 14:42:51.404   526   925 D PackageWatchdog: Received supported packages [PackageConfig{com.google.android.networkstack, 86400000}]
06-25 14:42:51.404   526   925 D ExplicitHealthCheckController: Getting health check requested packages
06-25 14:42:51.404   526   925 I ExplicitHealthCheckController: Explicit health check requested packages []
06-25 14:42:51.404   526   925 I ExplicitHealthCheckController: No more health check requests, unbinding...
06-25 14:42:51.405   526   925 I ExplicitHealthCheckController: Explicit health check service is unbound
06-25 14:42:51.411  1104  1104 D AutofillManager: Fill dialog is enabled:false, hints=[password, passwordAuto, creditCardNumber, creditCardSecurityCode, creditCardExpirationDate]
06-25 14:42:51.415  1549  1714 D EGL_emulation: app_time_stats: avg=3962.57ms min=3962.57ms max=3962.57ms count=1
06-25 14:42:51.417  1104  1104 D DeviceSearchAlg: search timeout = %d200
06-25 14:42:51.418  1104  1104 W PageIndicator: Total number of pages invalid: 0. Assuming 1 page.
06-25 14:42:51.418  1104  1104 W BcSmartspaceView: Current card is not present in the Adapter; cannot log.
06-25 14:42:51.421  1104  1104 I OverviewComponentObserver: updateOverviewTargets: mIsHomeDisabled=false, isDefaultHomeNull=false, mIsDefaultHome=true
06-25 14:42:51.427   526   624 I RescueParty: Starting to observe: [android, com.google.android.as, com.android.systemui], updated namespace: systemui
06-25 14:42:51.430  1638  6355 I AiAiEcho: Settings changed for uri: content://settings/secure/show_qr_code_scanner_setting
06-25 14:42:51.433  1638  1854 I AiAiEcho: Predicting[0]: 
06-25 14:42:51.434  1638  1854 I AiAiEcho: EchoTargets: 
06-25 14:42:51.434  1638  1854 I AiAiEcho: Filtered by AiAi flag check: 
06-25 14:42:51.434  1638  1854 I AiAiEcho: Ranked targets strategy: SORT, count: 0, ranking metadata: 
06-25 14:42:51.435  1638  1854 I AiAiEcho: Predicting[0]: 
06-25 14:42:51.435   526   554 I PackageWatchdog: Syncing state, reason: observing new packages
06-25 14:42:51.435  1638  1854 I AiAiEcho: EchoTargets: 
06-25 14:42:51.435  1638  1854 I AiAiEcho: Filtered by AiAi flag check: 
06-25 14:42:51.436  1638  1854 I AiAiEcho: Ranked targets strategy: SORT, count: 0, ranking metadata: 
06-25 14:42:51.437   526   554 D PackageWatchdog: rescue-party-observer added the following packages to monitor [android, com.google.android.as, com.android.systemui]
06-25 14:42:51.437  1638  1854 I AiAiEcho: #postPredictionTargets: Sending updates to UISurface lockscreen with targets# 0 (types=[])
06-25 14:42:51.437  1638  1854 I AiAiEcho: #postPredictionTargets: Sending updates to UISurface home with targets# 0 (types=[])
06-25 14:42:51.437   844   844 W PageIndicator: Total number of pages invalid: 0. Assuming 1 page.
06-25 14:42:51.438   526   526 I PackageWatchdog: Syncing health check requests for packages: {}
06-25 14:42:51.438   526   526 I ExplicitHealthCheckController: Service not ready to get health check supported packages. Binding...
06-25 14:42:51.439   526   526 I ExplicitHealthCheckController: Explicit health check service is bound
06-25 14:42:51.440   526   526 I ExplicitHealthCheckController: Explicit health check service is connected ComponentInfo{com.google.android.ext.services/android.ext.services.watchdog.ExplicitHealthCheckServiceImpl}
06-25 14:42:51.440   526   526 I ExplicitHealthCheckController: Service initialized, syncing requests
06-25 14:42:51.440   526   526 I PackageWatchdog: Syncing health check requests for packages: {}
06-25 14:42:51.440   526   526 D ExplicitHealthCheckController: Getting health check supported packages
06-25 14:42:51.440   526  2143 I ExplicitHealthCheckController: Explicit health check supported packages [PackageConfig{com.google.android.networkstack, 86400000}]
06-25 14:42:51.440   526  2143 D PackageWatchdog: Received supported packages [PackageConfig{com.google.android.networkstack, 86400000}]
06-25 14:42:51.440   526  2143 D ExplicitHealthCheckController: Getting health check requested packages
06-25 14:42:51.441   526   554 I PackageWatchdog: Syncing state, reason: updated observers
06-25 14:42:51.441   526   526 I PackageWatchdog: Syncing health check requests for packages: {}
06-25 14:42:51.441   526   526 D ExplicitHealthCheckController: Getting health check supported packages
06-25 14:42:51.441   526  1936 I ExplicitHealthCheckController: Explicit health check requested packages []
06-25 14:42:51.441   526  1936 I ExplicitHealthCheckController: No more health check requests, unbinding...
06-25 14:42:51.442   526  2143 I ExplicitHealthCheckController: Explicit health check supported packages [PackageConfig{com.google.android.networkstack, 86400000}]
06-25 14:42:51.442   526  2143 D PackageWatchdog: Received supported packages [PackageConfig{com.google.android.networkstack, 86400000}]
06-25 14:42:51.443   526  1936 I ExplicitHealthCheckController: Explicit health check service is unbound
06-25 14:42:51.443   526  2143 I ExplicitHealthCheckController: Service not ready to get health check requested packages. Binding...
06-25 14:42:51.444   526  2143 I ExplicitHealthCheckController: Explicit health check service is bound
06-25 14:42:51.444   526   526 I ExplicitHealthCheckController: Explicit health check service is connected ComponentInfo{com.google.android.ext.services/android.ext.services.watchdog.ExplicitHealthCheckServiceImpl}
06-25 14:42:51.444   526   526 I ExplicitHealthCheckController: Service initialized, syncing requests
06-25 14:42:51.444   526   526 I PackageWatchdog: Syncing health check requests for packages: {}
06-25 14:42:51.445   526   526 D ExplicitHealthCheckController: Getting health check supported packages
06-25 14:42:51.445   526  1936 I ExplicitHealthCheckController: Explicit health check supported packages [PackageConfig{com.google.android.networkstack, 86400000}]
06-25 14:42:51.445   526  1936 D PackageWatchdog: Received supported packages [PackageConfig{com.google.android.networkstack, 86400000}]
06-25 14:42:51.445   526  1936 D ExplicitHealthCheckController: Getting health check requested packages
06-25 14:42:51.445   526  1936 I ExplicitHealthCheckController: Explicit health check requested packages []
06-25 14:42:51.445   526  1936 I ExplicitHealthCheckController: No more health check requests, unbinding...
06-25 14:42:51.446   526  1936 I ExplicitHealthCheckController: Explicit health check service is unbound
06-25 14:42:51.447   526  1936 D SearchUiPerUserService: Creating SearchSessionInfo for session Id=com.google.android.apps.nexuslauncher:65a14877-1308-4c48-b32c-79a2056177b1,0
06-25 14:42:51.447  1638  1638 I AiAiEcho: SearchContextManagerImpl::setSearchContext resultTypes=[141151] extras=[Bundle[mParcelledData.dataSize=684]] sessionId=[com.google.android.apps.nexuslauncher:65a14877-1308-4c48-b32c-79a2056177b1,0]
06-25 14:42:51.447   526  2143 D SearchUiPerUserService: Storing callback for session Id=com.google.android.apps.nexuslauncher:65a14877-1308-4c48-b32c-79a2056177b1,0 and callback=android.os.BinderProxy@a52a1cb
06-25 14:42:51.447  1104  1140 D SearchTargetUtil:  query= size=1
06-25 14:42:51.447  1104  1140 D SearchTargetUtil: layoutType=icon_row resultType=4096 packageName= extras=Bundle{icon_container_enabled=true,zero_state_all_apps_web_suggest_count=3,rank=1.0,key_ipc_start=320004,hide_subtitle=true,zero_state_qsb_web_suggest_count=10,}ParentID: null targetID: SESSION_INFO:0::zero_state_flags
06-25 14:42:51.452   526   624 I RescueParty: Starting to observe: [android], updated namespace: media
06-25 14:42:51.452   526   554 I PackageWatchdog: Saving observer state to file
06-25 14:42:51.454   526   554 I PackageWatchdog: Syncing state, reason: observing new packages
06-25 14:42:51.454   526   554 D PackageWatchdog: rescue-party-observer added the following packages to monitor [android]
06-25 14:42:51.454   526   554 I PackageWatchdog: Syncing state, reason: updated observers
06-25 14:42:51.454   526   554 I PackageWatchdog: Not pruning observers, elapsed time: 0ms
06-25 14:42:51.454   526   554 I PackageWatchdog: Saving observer state to file
06-25 14:42:51.456   526  1936 W ProcessStats: Tracking association SourceState{df37f43 com.google.android.apps.nexuslauncher/10169 BFgs #13948} whose proc state 4 is better than process ProcessState{dc8853 com.google.android.googlequicksearchbox:search/10132 pkg=com.google.android.googlequicksearchbox} proc state 6 (7 skipped)
06-25 14:42:51.456   526   526 I PackageWatchdog: Syncing health check requests for packages: {}
06-25 14:42:51.456   526   526 I ExplicitHealthCheckController: Service not ready to get health check supported packages. Binding...
06-25 14:42:51.457   526   526 I ExplicitHealthCheckController: Explicit health check service is bound
06-25 14:42:51.459   526   526 I ExplicitHealthCheckController: Explicit health check service is connected ComponentInfo{com.google.android.ext.services/android.ext.services.watchdog.ExplicitHealthCheckServiceImpl}
06-25 14:42:51.459   526   526 I ExplicitHealthCheckController: Service initialized, syncing requests
06-25 14:42:51.459   526   526 I PackageWatchdog: Syncing health check requests for packages: {}
06-25 14:42:51.459   526   526 D ExplicitHealthCheckController: Getting health check supported packages
06-25 14:42:51.459   526   925 I ExplicitHealthCheckController: Explicit health check supported packages [PackageConfig{com.google.android.networkstack, 86400000}]
06-25 14:42:51.459   526   925 D PackageWatchdog: Received supported packages [PackageConfig{com.google.android.networkstack, 86400000}]
06-25 14:42:51.459   526   925 D ExplicitHealthCheckController: Getting health check requested packages
06-25 14:42:51.460   526   925 I ExplicitHealthCheckController: Explicit health check requested packages []
06-25 14:42:51.460   526   925 I ExplicitHealthCheckController: No more health check requests, unbinding...
06-25 14:42:51.460   526   925 I ExplicitHealthCheckController: Explicit health check service is unbound
06-25 14:42:51.461  1104  1104 I ContentCaptureHelper: Setting logging level to DEBUG
06-25 14:42:51.461  1104  1104 D ContentCaptureManager: setFlushViewTreeAppearingEventDisabled(): setting to false
06-25 14:42:51.461  1104  1104 D ContentCaptureManager: updateWindowAttributes(): window flags=-2137980672
06-25 14:42:51.464  4998  7675 I bwir    : updateFromConfigurations using legacy put method [CONTEXT service_id=204 ]
06-25 14:42:51.468  1104  1104 D TaplEvents: TIS / TouchInteractionService.onInputEvent: MotionEvent { action=ACTION_DOWN, actionButton=0, id[0]=0, x[0]=160.0, y[0]=410.0, toolType[0]=TOOL_TYPE_FINGER, buttonState=0, classification=NONE, metaState=0, flags=0x0, edgeFlags=0x0, pointerCount=1, historySize=0, eventTime=319933, downTime=319933, deviceId=-1, source=0x1002, displayId=0, eventId=-956960853 }
06-25 14:42:51.468  1104  1104 D MainContentCaptureSession: Destroying session (ctx=com.google.android.apps.nexuslauncher.NexusLauncherActivity@a900a23, id=789645590) with 0 event(s) for act:com.google.android.apps.nexuslauncher/.NexusLauncherActivity [state=2 (ACTIVE), disabled=false]
06-25 14:42:51.471   526   624 I RescueParty: Starting to observe: [android], updated namespace: alarm_manager
06-25 14:42:51.472   526   554 I PackageWatchdog: Syncing state, reason: observing new packages
06-25 14:42:51.472   526   554 D PackageWatchdog: rescue-party-observer added the following packages to monitor [android]
06-25 14:42:51.472   526   554 I PackageWatchdog: Syncing state, reason: updated observers
06-25 14:42:51.472   526   554 I PackageWatchdog: Not pruning observers, elapsed time: 0ms
06-25 14:42:51.472   526   554 I PackageWatchdog: Saving observer state to file
06-25 14:42:51.485  1104  1104 D AutofillManager: view is not autofillable - activity denied for autofill
06-25 14:42:51.486   526   526 I PackageWatchdog: Syncing health check requests for packages: {}
06-25 14:42:51.486   526   526 I ExplicitHealthCheckController: Service not ready to get health check supported packages. Binding...
06-25 14:42:51.487   526   526 I ExplicitHealthCheckController: Explicit health check service is bound
06-25 14:42:51.489   526   526 I ExplicitHealthCheckController: Explicit health check service is connected ComponentInfo{com.google.android.ext.services/android.ext.services.watchdog.ExplicitHealthCheckServiceImpl}
06-25 14:42:51.489   526   526 I ExplicitHealthCheckController: Service initialized, syncing requests
06-25 14:42:51.489   526   526 I PackageWatchdog: Syncing health check requests for packages: {}
06-25 14:42:51.489   526   526 D ExplicitHealthCheckController: Getting health check supported packages
06-25 14:42:51.490   526   925 I ExplicitHealthCheckController: Explicit health check supported packages [PackageConfig{com.google.android.networkstack, 86400000}]
06-25 14:42:51.490   526   925 D PackageWatchdog: Received supported packages [PackageConfig{com.google.android.networkstack, 86400000}]
06-25 14:42:51.490   526   925 D ExplicitHealthCheckController: Getting health check requested packages
06-25 14:42:51.490   526  2225 I ExplicitHealthCheckController: Explicit health check requested packages []
06-25 14:42:51.490   526  2225 I ExplicitHealthCheckController: No more health check requests, unbinding...
06-25 14:42:51.492   526  2225 I ExplicitHealthCheckController: Explicit health check service is unbound
06-25 14:42:51.503  1104  1140 I ImeTracker: com.google.android.apps.nexuslauncher:d0c520c9: onRequestHide at ORIGIN_CLIENT_HIDE_SOFT_INPUT reason HIDE_SOFT_INPUT
06-25 14:42:51.503  1104  1140 I ImeTracker: com.google.android.apps.nexuslauncher:d0c520c9: onFailed at PHASE_CLIENT_VIEW_SERVED
06-25 14:42:51.504   526  2225 D CoreBackPreview: Window{ac9a9b5 u0 com.google.android.apps.nexuslauncher/com.google.android.apps.nexuslauncher.NexusLauncherActivity}: Setting back callback OnBackInvokedCallbackInfo{mCallback=android.window.IOnBackInvokedCallback$Stub$Proxy@4801b8f, mPriority=0, mIsAnimationCallback=false}
06-25 14:42:51.521  1104  1104 D TaplEvents: TIS / TouchInteractionService.onInputEvent: MotionEvent { action=ACTION_UP, actionButton=0, id[0]=0, x[0]=160.0, y[0]=410.0, toolType[0]=TOOL_TYPE_FINGER, buttonState=0, classification=NONE, metaState=0, flags=0x0, edgeFlags=0x0, pointerCount=1, historySize=0, eventTime=320059, downTime=319933, deviceId=-1, source=0x1002, displayId=0, eventId=-160776585 }
06-25 14:42:51.521  1104  1104 D TISBindHelper: TIS service connected
06-25 14:42:51.521  1104  1104 D b/254119092: Set mActivity=com.google.android.apps.nexuslauncher.NexusLauncherActivity@e403900
06-25 14:42:51.521  1104  1104 D b/254119092: mActivity and mContext agree taskbarIsPresent=false
06-25 14:42:51.524  1735  1735 I ImeTracker: com.google.android.googlequicksearchbox:search:a7712c7d: onRequestHide at ORIGIN_CLIENT_HIDE_SOFT_INPUT reason HIDE_SOFT_INPUT
06-25 14:42:51.524  1735  1735 I ImeTracker: com.google.android.googlequicksearchbox:search:a7712c7d: onFailed at PHASE_CLIENT_VIEW_SERVED
06-25 14:42:51.521  1104  1104 D MainContentCaptureSession: handleScheduleFlush(act:com.google.android.apps.nexuslauncher/.NexusLauncherActivity [state=1 (WAITING_FOR_SERVER), disabled=false], reason=FORCE_FLUSH): not a timeout reason because mDirectServiceInterface is not ready yet
06-25 14:42:51.540  1735  1735 W PhoneWindow: Previously focused view reported id 2131427448 during save, but can't be found during restore.
06-25 14:42:51.540  1735  1735 W WindowOnBackDispatcher: sendCancelIfRunning: isInProgress=falsecallback=android.view.ViewRootImpl$$ExternalSyntheticLambda17@bf43781
06-25 14:42:51.541   526   540 W InputManager-JNI: Input channel object '399e948 com.google.android.apps.nexuslauncher/com.google.android.apps.nexuslauncher.NexusLauncherActivity (client)' was disposed without first being removed with the input manager!
06-25 14:42:51.543   526   925 W WindowManager: Failed looking up window session=Session{bcf0493 1735:u0a10132} callers=com.android.server.wm.WindowManagerService.windowForClientLocked:6034 com.android.server.wm.Session.setOnBackInvokedCallbackInfo:944 android.view.IWindowSession$Stub.onTransact:1145 
06-25 14:42:51.543   526   925 I WindowManager: setOnBackInvokedCallback(): No window state for package:com.google.android.googlequicksearchbox
06-25 14:42:51.549   526  2308 I ActivityTaskManager: Activity reported stop, but no longer stopping: ActivityRecord{86750a6 u0 com.google.android.apps.nexuslauncher/.NexusLauncherActivity t7} STOPPED
06-25 14:42:51.576   526  2308 D CoreBackPreview: Window{ea7a7fa u0 com.google.android.apps.nexuslauncher/com.google.android.apps.nexuslauncher.NexusLauncherActivity}: Setting back callback OnBackInvokedCallbackInfo{mCallback=android.window.IOnBackInvokedCallback$Stub$Proxy@7b849c6, mPriority=0, mIsAnimationCallback=false}
06-25 14:42:51.592   526   624 I RescueParty: Starting to observe: [android, com.android.settings], updated namespace: app_hibernation
06-25 14:42:51.592   526   526 D AppHibernationService: App hibernation changed to enabled=true
06-25 14:42:51.593   526   554 I PackageWatchdog: Syncing state, reason: observing new packages
06-25 14:42:51.593   526   554 D PackageWatchdog: rescue-party-observer added the following packages to monitor [android, com.android.settings]
06-25 14:42:51.593   526   554 I PackageWatchdog: Syncing state, reason: updated observers
06-25 14:42:51.593   526   554 I PackageWatchdog: Not pruning observers, elapsed time: 0ms
06-25 14:42:51.593   526   554 I PackageWatchdog: Saving observer state to file
06-25 14:42:51.597   526   526 I PackageWatchdog: Syncing health check requests for packages: {}
06-25 14:42:51.598   526   526 I ExplicitHealthCheckController: Service not ready to get health check supported packages. Binding...
06-25 14:42:51.599   526   526 I ExplicitHealthCheckController: Explicit health check service is bound
06-25 14:42:51.600   526   526 I ExplicitHealthCheckController: Explicit health check service is connected ComponentInfo{com.google.android.ext.services/android.ext.services.watchdog.ExplicitHealthCheckServiceImpl}
06-25 14:42:51.601   526   526 I ExplicitHealthCheckController: Service initialized, syncing requests
06-25 14:42:51.601   526   526 I PackageWatchdog: Syncing health check requests for packages: {}
06-25 14:42:51.601   526   526 D ExplicitHealthCheckController: Getting health check supported packages
06-25 14:42:51.601   526  2143 I ExplicitHealthCheckController: Explicit health check supported packages [PackageConfig{com.google.android.networkstack, 86400000}]
06-25 14:42:51.602   526  2143 D PackageWatchdog: Received supported packages [PackageConfig{com.google.android.networkstack, 86400000}]
06-25 14:42:51.602   526  2143 D ExplicitHealthCheckController: Getting health check requested packages
06-25 14:42:51.602   526  2143 I ExplicitHealthCheckController: Explicit health check requested packages []
06-25 14:42:51.603   526  2143 I ExplicitHealthCheckController: No more health check requests, unbinding...
06-25 14:42:51.603   526  2143 I ExplicitHealthCheckController: Explicit health check service is unbound
06-25 14:42:51.612   526   624 I RescueParty: Starting to observe: [android, com.android.systemui], updated namespace: window_manager
06-25 14:42:51.613   526   554 I PackageWatchdog: Syncing state, reason: observing new packages
06-25 14:42:51.613   526   554 D PackageWatchdog: rescue-party-observer added the following packages to monitor [android, com.android.systemui]
06-25 14:42:51.614   526   554 I PackageWatchdog: Syncing state, reason: updated observers
06-25 14:42:51.614   526   554 I PackageWatchdog: Saving observer state to file
06-25 14:42:51.615   526   526 I PackageWatchdog: Syncing health check requests for packages: {}
06-25 14:42:51.615   526   526 I ExplicitHealthCheckController: Service not ready to get health check supported packages. Binding...
06-25 14:42:51.616   526   526 I ExplicitHealthCheckController: Explicit health check service is bound
06-25 14:42:51.619   526   526 I PackageWatchdog: Syncing health check requests for packages: {}
06-25 14:42:51.619   526   526 I ExplicitHealthCheckController: Service not ready to get health check supported packages. Binding...
06-25 14:42:51.619   526   526 I ExplicitHealthCheckController: Not binding to service, service already connecting
06-25 14:42:51.619   526   526 I ExplicitHealthCheckController: Explicit health check service is connected ComponentInfo{com.google.android.ext.services/android.ext.services.watchdog.ExplicitHealthCheckServiceImpl}
06-25 14:42:51.619   526   526 I ExplicitHealthCheckController: Service initialized, syncing requests
06-25 14:42:51.619   526   526 I PackageWatchdog: Syncing health check requests for packages: {}
06-25 14:42:51.620   526   526 D ExplicitHealthCheckController: Getting health check supported packages
06-25 14:42:51.620   526  2143 I ExplicitHealthCheckController: Explicit health check supported packages [PackageConfig{com.google.android.networkstack, 86400000}]
06-25 14:42:51.620   526  2143 D PackageWatchdog: Received supported packages [PackageConfig{com.google.android.networkstack, 86400000}]
06-25 14:42:51.620   526  2143 D ExplicitHealthCheckController: Getting health check requested packages
06-25 14:42:51.620   526  2143 I ExplicitHealthCheckController: Explicit health check requested packages []
06-25 14:42:51.621   526  2143 I ExplicitHealthCheckController: No more health check requests, unbinding...
06-25 14:42:51.621   526  2143 I ExplicitHealthCheckController: Explicit health check service is unbound
06-25 14:42:51.656   526   624 I RescueParty: Starting to observe: [android, com.google.android.bluetooth], updated namespace: bluetooth
06-25 14:42:51.657   526   526 D BluetoothDeviceConfigChangeTracker: shouldRestartWhenPropertiesUpdated: INIT_gd_hal_snoop_logger_filtering='true',scan_timeout_millis='300000',location_denylist_name='',audio_policy_hf_enabled='true',INIT_gd_hal_snoop_logger_socket='true',location_denylist_advertising_data='⊈0016AAFE40/00FFFFFFF0,⊆0016AAFE/00FFFFFF,⊆00FF4C0002/00FFFFFFFF',le_audio_enabled_by_default='false',location_denylist_mac='',audio_policy_ag_enabled='true'
06-25 14:42:51.657   526   526 D BluetoothDeviceConfigListener: All properties unchanged, skipping restart
06-25 14:42:51.657   526   554 I PackageWatchdog: Syncing state, reason: observing new packages
06-25 14:42:51.658   526   554 D PackageWatchdog: rescue-party-observer added the following packages to monitor [android, com.google.android.bluetooth]
06-25 14:42:51.658   526   554 I PackageWatchdog: Syncing state, reason: updated observers
06-25 14:42:51.658   526   554 I PackageWatchdog: Saving observer state to file
06-25 14:42:51.658   526   526 I PackageWatchdog: Syncing health check requests for packages: {}
06-25 14:42:51.658   526   526 I ExplicitHealthCheckController: Service not ready to get health check supported packages. Binding...
06-25 14:42:51.660   526   526 I ExplicitHealthCheckController: Explicit health check service is bound
06-25 14:42:51.661   526   526 I PackageWatchdog: Syncing health check requests for packages: {}
06-25 14:42:51.661   526   526 I ExplicitHealthCheckController: Service not ready to get health check supported packages. Binding...
06-25 14:42:51.661   526   526 I ExplicitHealthCheckController: Not binding to service, service already connecting
06-25 14:42:51.661   526   526 I ExplicitHealthCheckController: Explicit health check service is connected ComponentInfo{com.google.android.ext.services/android.ext.services.watchdog.ExplicitHealthCheckServiceImpl}
06-25 14:42:51.661   526   526 I ExplicitHealthCheckController: Service initialized, syncing requests
06-25 14:42:51.662   526   526 I PackageWatchdog: Syncing health check requests for packages: {}
06-25 14:42:51.662   526   526 D ExplicitHealthCheckController: Getting health check supported packages
06-25 14:42:51.662   526  2143 I ExplicitHealthCheckController: Explicit health check supported packages [PackageConfig{com.google.android.networkstack, 86400000}]
06-25 14:42:51.664   526  2143 D PackageWatchdog: Received supported packages [PackageConfig{com.google.android.networkstack, 86400000}]
06-25 14:42:51.664   526  2143 D ExplicitHealthCheckController: Getting health check requested packages
06-25 14:42:51.665   526  2143 I ExplicitHealthCheckController: Explicit health check requested packages []
06-25 14:42:51.665   526  2143 I ExplicitHealthCheckController: No more health check requests, unbinding...
06-25 14:42:51.665   526  2143 I ExplicitHealthCheckController: Explicit health check service is unbound
06-25 14:42:51.675   526   624 I RescueParty: Starting to observe: [android, com.google.android.apps.nexuslauncher, com.android.systemui], updated namespace: latency_tracker
06-25 14:42:51.675   526   554 I PackageWatchdog: Syncing state, reason: observing new packages
06-25 14:42:51.676   526   554 D PackageWatchdog: rescue-party-observer added the following packages to monitor [android, com.google.android.apps.nexuslauncher, com.android.systemui]
06-25 14:42:51.678   526   554 I PackageWatchdog: Syncing state, reason: updated observers
06-25 14:42:51.678   526   554 I PackageWatchdog: Saving observer state to file
06-25 14:42:51.679   526   526 I PackageWatchdog: Syncing health check requests for packages: {}
06-25 14:42:51.679   526   526 I ExplicitHealthCheckController: Service not ready to get health check supported packages. Binding...
06-25 14:42:51.680   526   526 I ExplicitHealthCheckController: Explicit health check service is bound
06-25 14:42:51.683   526   526 I PackageWatchdog: Syncing health check requests for packages: {}
06-25 14:42:51.683   526   526 I ExplicitHealthCheckController: Service not ready to get health check supported packages. Binding...
06-25 14:42:51.683   526   526 I ExplicitHealthCheckController: Not binding to service, service already connecting
06-25 14:42:51.683   526   526 I ExplicitHealthCheckController: Explicit health check service is connected ComponentInfo{com.google.android.ext.services/android.ext.services.watchdog.ExplicitHealthCheckServiceImpl}
06-25 14:42:51.683   526   526 I ExplicitHealthCheckController: Service initialized, syncing requests
06-25 14:42:51.683   526   526 I PackageWatchdog: Syncing health check requests for packages: {}
06-25 14:42:51.683   526   526 D ExplicitHealthCheckController: Getting health check supported packages
06-25 14:42:51.684   526  2143 I ExplicitHealthCheckController: Explicit health check supported packages [PackageConfig{com.google.android.networkstack, 86400000}]
06-25 14:42:51.684   526  2143 D PackageWatchdog: Received supported packages [PackageConfig{com.google.android.networkstack, 86400000}]
06-25 14:42:51.685   526  2143 D ExplicitHealthCheckController: Getting health check requested packages
06-25 14:42:51.685   526  2143 I ExplicitHealthCheckController: Explicit health check requested packages []
06-25 14:42:51.685   526  2143 I ExplicitHealthCheckController: No more health check requests, unbinding...
06-25 14:42:51.686   526   624 I RescueParty: Starting to observe: [android], updated namespace: battery_saver
06-25 14:42:51.686   526   554 I PackageWatchdog: Syncing state, reason: observing new packages
06-25 14:42:51.686   526   526 I PackageWatchdog: Syncing health check requests for packages: {}
06-25 14:42:51.686   526   554 D PackageWatchdog: rescue-party-observer added the following packages to monitor [android]
06-25 14:42:51.686   526   554 I PackageWatchdog: Syncing state, reason: updated observers
06-25 14:42:51.686   526   554 I PackageWatchdog: Not pruning observers, elapsed time: 0ms
06-25 14:42:51.686   526   554 I PackageWatchdog: Saving observer state to file
06-25 14:42:51.686   526  2143 I ExplicitHealthCheckController: Explicit health check service is unbound
06-25 14:42:51.686   526   526 I ExplicitHealthCheckController: Service not ready to get health check supported packages. Binding...
06-25 14:42:51.688   526   526 I ExplicitHealthCheckController: Explicit health check service is bound
06-25 14:42:51.688   526   526 I PackageWatchdog: Syncing health check requests for packages: {}
06-25 14:42:51.688   526   526 I ExplicitHealthCheckController: Service not ready to get health check supported packages. Binding...
06-25 14:42:51.688   526   526 I ExplicitHealthCheckController: Not binding to service, service already connecting
06-25 14:42:51.688   526   526 I ExplicitHealthCheckController: Explicit health check service is connected ComponentInfo{com.google.android.ext.services/android.ext.services.watchdog.ExplicitHealthCheckServiceImpl}
06-25 14:42:51.689   526   526 I ExplicitHealthCheckController: Service initialized, syncing requests
06-25 14:42:51.689   526   526 I PackageWatchdog: Syncing health check requests for packages: {}
06-25 14:42:51.689   526   526 D ExplicitHealthCheckController: Getting health check supported packages
06-25 14:42:51.690   526  2143 I ExplicitHealthCheckController: Explicit health check supported packages [PackageConfig{com.google.android.networkstack, 86400000}]
06-25 14:42:51.690   526  2143 D PackageWatchdog: Received supported packages [PackageConfig{com.google.android.networkstack, 86400000}]
06-25 14:42:51.690   526  2143 D ExplicitHealthCheckController: Getting health check requested packages
06-25 14:42:51.690   526  2143 I ExplicitHealthCheckController: Explicit health check requested packages []
06-25 14:42:51.690   526  2143 I ExplicitHealthCheckController: No more health check requests, unbinding...
06-25 14:42:51.690   526  2143 I ExplicitHealthCheckController: Explicit health check service is unbound
06-25 14:42:51.691   526   526 E DeviceConfig: Parsing int failed for location_mode
06-25 14:42:51.695   526   624 I RescueParty: Starting to observe: [android], updated namespace: constrain_display_apis
06-25 14:42:51.695   526   554 I PackageWatchdog: Syncing state, reason: observing new packages
06-25 14:42:51.695   526   554 D PackageWatchdog: rescue-party-observer added the following packages to monitor [android]
06-25 14:42:51.695   526   554 I PackageWatchdog: Syncing state, reason: updated observers
06-25 14:42:51.695   526   554 I PackageWatchdog: Not pruning observers, elapsed time: 0ms
06-25 14:42:51.695   526   554 I PackageWatchdog: Saving observer state to file
06-25 14:42:51.698   526   526 I PackageWatchdog: Syncing health check requests for packages: {}
06-25 14:42:51.698   526   526 I ExplicitHealthCheckController: Service not ready to get health check supported packages. Binding...
06-25 14:42:51.701   526   526 I ExplicitHealthCheckController: Explicit health check service is bound
06-25 14:42:51.704   526   526 I ExplicitHealthCheckController: Explicit health check service is connected ComponentInfo{com.google.android.ext.services/android.ext.services.watchdog.ExplicitHealthCheckServiceImpl}
06-25 14:42:51.704   526   526 I ExplicitHealthCheckController: Service initialized, syncing requests
06-25 14:42:51.704   526   526 I PackageWatchdog: Syncing health check requests for packages: {}
06-25 14:42:51.704   526   526 D ExplicitHealthCheckController: Getting health check supported packages
06-25 14:42:51.710   526  2258 I ExplicitHealthCheckController: Explicit health check supported packages [PackageConfig{com.google.android.networkstack, 86400000}]
06-25 14:42:51.710   526  2258 D PackageWatchdog: Received supported packages [PackageConfig{com.google.android.networkstack, 86400000}]
06-25 14:42:51.710   526  2258 D ExplicitHealthCheckController: Getting health check requested packages
06-25 14:42:51.710   526  2258 I ExplicitHealthCheckController: Explicit health check requested packages []
06-25 14:42:51.710   526  2258 I ExplicitHealthCheckController: No more health check requests, unbinding...
06-25 14:42:51.710   526  2258 I ExplicitHealthCheckController: Explicit health check service is unbound
06-25 14:42:51.713   526   624 I RescueParty: Starting to observe: [android], updated namespace: backup_and_restore
06-25 14:42:51.713   526   554 I PackageWatchdog: Syncing state, reason: observing new packages
06-25 14:42:51.713   526   554 D PackageWatchdog: rescue-party-observer added the following packages to monitor [android]
06-25 14:42:51.713   526   554 I PackageWatchdog: Syncing state, reason: updated observers
06-25 14:42:51.713   526   554 I PackageWatchdog: Not pruning observers, elapsed time: 0ms
06-25 14:42:51.713   526   554 I PackageWatchdog: Saving observer state to file
06-25 14:42:51.715   526   526 I PackageWatchdog: Syncing health check requests for packages: {}
06-25 14:42:51.715   526   526 I ExplicitHealthCheckController: Service not ready to get health check supported packages. Binding...
06-25 14:42:51.716   526   526 I ExplicitHealthCheckController: Explicit health check service is bound
06-25 14:42:51.718   526   526 I ExplicitHealthCheckController: Explicit health check service is connected ComponentInfo{com.google.android.ext.services/android.ext.services.watchdog.ExplicitHealthCheckServiceImpl}
06-25 14:42:51.718   526   526 I ExplicitHealthCheckController: Service initialized, syncing requests
06-25 14:42:51.718   526   526 I PackageWatchdog: Syncing health check requests for packages: {}
06-25 14:42:51.718   526   526 D ExplicitHealthCheckController: Getting health check supported packages
06-25 14:42:51.718   526  2143 I ExplicitHealthCheckController: Explicit health check supported packages [PackageConfig{com.google.android.networkstack, 86400000}]
06-25 14:42:51.719   526  2143 D PackageWatchdog: Received supported packages [PackageConfig{com.google.android.networkstack, 86400000}]
06-25 14:42:51.719   526  2143 D ExplicitHealthCheckController: Getting health check requested packages
06-25 14:42:51.719   526  2143 I ExplicitHealthCheckController: Explicit health check requested packages []
06-25 14:42:51.719   526  2143 I ExplicitHealthCheckController: No more health check requests, unbinding...
06-25 14:42:51.719   526  2143 I ExplicitHealthCheckController: Explicit health check service is unbound
06-25 14:42:51.724   526   624 I RescueParty: Starting to observe: [android], updated namespace: nnapi_native
06-25 14:42:51.724   526   554 I PackageWatchdog: Syncing state, reason: observing new packages
06-25 14:42:51.724   526   526 I PackageWatchdog: Syncing health check requests for packages: {}
06-25 14:42:51.724   526   526 I ExplicitHealthCheckController: Service not ready to get health check supported packages. Binding...
06-25 14:42:51.725   526   526 I ExplicitHealthCheckController: Explicit health check service is bound
06-25 14:42:51.726   526   526 I ExplicitHealthCheckController: Explicit health check service is connected ComponentInfo{com.google.android.ext.services/android.ext.services.watchdog.ExplicitHealthCheckServiceImpl}
06-25 14:42:51.726   526   526 I ExplicitHealthCheckController: Service initialized, syncing requests
06-25 14:42:51.726   526   526 I PackageWatchdog: Syncing health check requests for packages: {}
06-25 14:42:51.726   526   526 D ExplicitHealthCheckController: Getting health check supported packages
06-25 14:42:51.726   526   554 D PackageWatchdog: rescue-party-observer added the following packages to monitor [android]
06-25 14:42:51.726   526   554 I PackageWatchdog: Syncing state, reason: updated observers
06-25 14:42:51.726   526   526 I PackageWatchdog: Syncing health check requests for packages: {}
06-25 14:42:51.726   526   526 D ExplicitHealthCheckController: Getting health check supported packages
06-25 14:42:51.726   526   554 I PackageWatchdog: Saving observer state to file
06-25 14:42:51.728   526  2258 I ExplicitHealthCheckController: Explicit health check supported packages [PackageConfig{com.google.android.networkstack, 86400000}]
06-25 14:42:51.728   526  2143 I ExplicitHealthCheckController: Explicit health check supported packages [PackageConfig{com.google.android.networkstack, 86400000}]
06-25 14:42:51.729   526  2258 D PackageWatchdog: Received supported packages [PackageConfig{com.google.android.networkstack, 86400000}]
06-25 14:42:51.729   526  2258 D ExplicitHealthCheckController: Getting health check requested packages
06-25 14:42:51.729   526  2143 D PackageWatchdog: Received supported packages [PackageConfig{com.google.android.networkstack, 86400000}]
06-25 14:42:51.729   526  2143 D ExplicitHealthCheckController: Getting health check requested packages
06-25 14:42:51.730   526  2258 I ExplicitHealthCheckController: Explicit health check requested packages []
06-25 14:42:51.730   526  2258 I ExplicitHealthCheckController: No more health check requests, unbinding...
06-25 14:42:51.730   526  2143 I ExplicitHealthCheckController: Explicit health check requested packages []
06-25 14:42:51.730   526  2258 I ExplicitHealthCheckController: Explicit health check service is unbound
06-25 14:42:51.730   526  2143 I ExplicitHealthCheckController: No more health check requests, unbinding...
06-25 14:42:51.730   526  2143 I ExplicitHealthCheckController: Explicit health check service is unbound
06-25 14:42:51.732   526   624 I RescueParty: Starting to observe: [android, com.google.android.networkstack], updated namespace: tethering
06-25 14:42:51.733   526   554 I PackageWatchdog: Syncing state, reason: observing new packages
06-25 14:42:51.733   526   554 D PackageWatchdog: rescue-party-observer added the following packages to monitor [android, com.google.android.networkstack]
06-25 14:42:51.733   526   554 I PackageWatchdog: Syncing state, reason: updated observers
06-25 14:42:51.733   526   554 I PackageWatchdog: Not pruning observers, elapsed time: 0ms
06-25 14:42:51.733   526   554 I PackageWatchdog: Saving observer state to file
06-25 14:42:51.734   526   526 I PackageWatchdog: Syncing health check requests for packages: {}
06-25 14:42:51.734   526   526 I ExplicitHealthCheckController: Service not ready to get health check supported packages. Binding...
06-25 14:42:51.735   526   526 I ExplicitHealthCheckController: Explicit health check service is bound
06-25 14:42:51.736   526   526 I ExplicitHealthCheckController: Explicit health check service is connected ComponentInfo{com.google.android.ext.services/android.ext.services.watchdog.ExplicitHealthCheckServiceImpl}
06-25 14:42:51.736   526   526 I ExplicitHealthCheckController: Service initialized, syncing requests
06-25 14:42:51.736   526   526 I PackageWatchdog: Syncing health check requests for packages: {}
06-25 14:42:51.736   526   526 D ExplicitHealthCheckController: Getting health check supported packages
06-25 14:42:51.736   526  2258 I ExplicitHealthCheckController: Explicit health check supported packages [PackageConfig{com.google.android.networkstack, 86400000}]
06-25 14:42:51.737   526  2258 D PackageWatchdog: Received supported packages [PackageConfig{com.google.android.networkstack, 86400000}]
06-25 14:42:51.737   526  2258 D ExplicitHealthCheckController: Getting health check requested packages
06-25 14:42:51.737   526  2258 I ExplicitHealthCheckController: Explicit health check requested packages []
06-25 14:42:51.737   526  2258 I ExplicitHealthCheckController: No more health check requests, unbinding...
06-25 14:42:51.737   526  2258 I ExplicitHealthCheckController: Explicit health check service is unbound
06-25 14:42:51.744   526   624 I RescueParty: Starting to observe: [android], updated namespace: location
06-25 14:42:51.745   526   554 I PackageWatchdog: Syncing state, reason: observing new packages
06-25 14:42:51.745   526   554 D PackageWatchdog: rescue-party-observer added the following packages to monitor [android]
06-25 14:42:51.745   526   554 I PackageWatchdog: Syncing state, reason: updated observers
06-25 14:42:51.746   526   554 I PackageWatchdog: Not pruning observers, elapsed time: 0ms
06-25 14:42:51.746   526   526 I PackageWatchdog: Syncing health check requests for packages: {}
06-25 14:42:51.746   526   526 I ExplicitHealthCheckController: Service not ready to get health check supported packages. Binding...
06-25 14:42:51.747   526   526 I ExplicitHealthCheckController: Explicit health check service is bound
06-25 14:42:51.747   526   526 I PackageWatchdog: Syncing health check requests for packages: {}
06-25 14:42:51.748   526   526 I ExplicitHealthCheckController: Service not ready to get health check supported packages. Binding...
06-25 14:42:51.748   526   526 I ExplicitHealthCheckController: Not binding to service, service already connecting
06-25 14:42:51.748   526   554 I PackageWatchdog: Saving observer state to file
06-25 14:42:51.748   526   526 I ExplicitHealthCheckController: Explicit health check service is connected ComponentInfo{com.google.android.ext.services/android.ext.services.watchdog.ExplicitHealthCheckServiceImpl}
06-25 14:42:51.748   526   526 I ExplicitHealthCheckController: Service initialized, syncing requests
06-25 14:42:51.750   526   526 I PackageWatchdog: Syncing health check requests for packages: {}
06-25 14:42:51.750   526   526 D ExplicitHealthCheckController: Getting health check supported packages
06-25 14:42:51.751   526  2143 I ExplicitHealthCheckController: Explicit health check supported packages [PackageConfig{com.google.android.networkstack, 86400000}]
06-25 14:42:51.751   526  2143 D PackageWatchdog: Received supported packages [PackageConfig{com.google.android.networkstack, 86400000}]
06-25 14:42:51.751   526  2143 D ExplicitHealthCheckController: Getting health check requested packages
06-25 14:42:51.751   526  2258 I ExplicitHealthCheckController: Explicit health check requested packages []
06-25 14:42:51.751   526  2258 I ExplicitHealthCheckController: No more health check requests, unbinding...
06-25 14:42:51.752   526  2258 I ExplicitHealthCheckController: Explicit health check service is unbound
06-25 14:42:52.101  7404  7602 W QueryController: Could not detect idle state.
06-25 14:42:52.102  7404  7602 D Maestro : Requesting view hierarchy
06-25 14:42:52.103  7404  7602 W QueryController: Could not detect idle state.
06-25 14:42:52.103  7404  7602 W QueryController: Could not detect idle state.
06-25 14:42:52.112  7404  7602 I Maestro : Skipping invisible child: android.view.accessibility.AccessibilityNodeInfo@128b4; boundsInParent: Rect(0, 0 - 320, 0); boundsInScreen: Rect(0, 0 - 320, 0); boundsInWindow: Rect(0, 0 - 320, 0); packageName: com.hanapkalinga.mobile; className: android.widget.LinearLayout; text: null; error: null; maxTextLength: -1; stateDescription: null; contentDescription: null; tooltipText: null; containerTitle: null; viewIdResName: null; uniqueId: null; checkable: false; checked: false; focusable: false; focused: false; selected: false; clickable: false; longClickable: false; contextClickable: false; enabled: true; password: false; scrollable: false; importantForAccessibility: false; visible: false; actions: [AccessibilityAction: ACTION_SELECT - null, AccessibilityAction: ACTION_CLEAR_SELECTION - null, AccessibilityAction: ACTION_ACCESSIBILITY_FOCUS - null, AccessibilityAction: ACTION_SHOW_ON_SCREEN - null]; isTextSelectable: false
