--------- beginning of main
06-25 14:40:53.750  6554  6580 I ReactNativeJS: [TurnstileWebView] Turnstile success, token length: 21
--------- beginning of main
06-25 14:40:52.505  1053  1314 D ImsResolver: maybeAddedImsService, packageName: com.google.android.contacts
06-25 14:40:52.510   844   918 D StylusManager: Stylus InputDevice changed: 5 virtio_input_multi_touch_2
06-25 14:40:52.512   844   918 D StylusManager: Stylus InputDevice changed: 4 virtio_input_multi_touch_1
06-25 14:40:52.530   526   554 E system_server: No package ID 7f found for resource ID 0x7f080107.
06-25 14:40:52.537   526   554 E system_server: No package ID 7f found for resource ID 0x7f150560.
06-25 14:40:52.545   526   535 I system_server: Background young concurrent copying GC freed 622516(25MB) AllocSpace objects, 57(1608KB) LOS objects, 46% free, 27MB/51MB, paused 492us,104us total 105.534ms
06-25 14:40:52.559  1638  1638 I AiAiEcho: AppFetcherImpl onPackageChanged com.google.android.contacts.
06-25 14:40:52.560  1638  2773 I AiAiEcho: AppIndexer Package:[com.google.android.contacts] UserProfile:[0] Enabled:[true].
06-25 14:40:52.560  1638  2773 I AiAiEcho: AppFetcherImplV2 updateApps package:[com.google.android.contacts], userId:[0], reason:[package is updated.].
06-25 14:40:52.724  6369  6418 W QueryController: Could not detect idle state.
06-25 14:40:52.726  6369  6418 D Maestro : Requesting view hierarchy
06-25 14:40:52.727  6369  6418 W QueryController: Could not detect idle state.
06-25 14:40:52.728  6369  6418 W QueryController: Could not detect idle state.
06-25 14:40:52.977  4998  6028 I Fitness : OnPackageChangedOperation got intent: Intent { act=android.intent.action.PACKAGE_CHANGED dat=package: flg=0x45000010 pkg=com.google.android.gms cmp=com.google.android.gms/.chimera.PersistentIntentOperationService (has extras) } [CONTEXT service_id=17 ]
06-25 14:40:52.989  4998  5041 W ChimeraUtils: Module com.google.android.gms.nearby_en missing resource null(0)
06-25 14:40:52.998  4998  6686 I Fitness : FitCleanupIntentOperation received Intent android.intent.action.PACKAGE_CHANGED [CONTEXT service_id=17 ]
06-25 14:40:53.000  4998  5041 W ChimeraUtils: Module com.google.android.gms.nearby_en missing resource null(0)
06-25 14:40:53.005  5051  6191 I Icing   : Indexing com.google.android.gms-apps from com.google.android.gms
06-25 14:40:53.014  5051  6191 I Icing   : Indexing done com.google.android.gms-apps
06-25 14:40:53.017  5051  6191 I Icing   : Indexing com.google.android.gms-internal.3p:MobileApplication from com.google.android.gms
06-25 14:40:53.020  5051  6191 I Icing   : Indexing done com.google.android.gms-internal.3p:MobileApplication
06-25 14:40:53.335  6554  6574 D EGL_emulation: app_time_stats: avg=268.84ms min=8.10ms max=1084.93ms count=5
06-25 14:40:53.342  6554  6554 I Choreographer: Skipped 62 frames!  The application may be doing too much work on its main thread.
06-25 14:40:53.433  6554  6606 I OpenGLRenderer: Davey! duration=1073ms; Flags=0, FrameTimelineVsyncId=45913, IntendedVsync=200817491083, Vsync=200817491083, InputEventId=0, HandleInputStart=200817883625, AnimationStart=200817884403, PerformTraversalsStart=200821372258, DrawStart=200821496433, FrameDeadline=200850824415, FrameInterval=200817877372, FrameStartTime=16666666, SyncQueued=200821699707, SyncStart=200822294274, IssueDrawCommandsStart=200822439548, SwapBuffers=201890351756, FrameCompleted=201892066369, DequeueBufferDuration=6040, QueueBufferDuration=637465, GpuCompleted=201891886504, SwapBuffersCompleted=201892066369, DisplayPresentTime=0, CommandSubmissionCompleted=201890351756, 
06-25 14:40:53.465  6554  6606 I OpenGLRenderer: Davey! duration=1077ms; Flags=0, FrameTimelineVsyncId=45927, IntendedVsync=200850824415, Vsync=201884157707, InputEventId=0, HandleInputStart=201900122727, AnimationStart=201900123432, PerformTraversalsStart=201901866729, DrawStart=201902003505, FrameDeadline=202017491035, FrameInterval=201899659364, FrameStartTime=16666666, SyncQueued=201902168709, SyncStart=201991112936, IssueDrawCommandsStart=201991202601, SwapBuffers=201997076563, FrameCompleted=202017745363, DequeueBufferDuration=14708641, QueueBufferDuration=297429, GpuCompleted=202017745363, SwapBuffersCompleted=202013744360, DisplayPresentTime=0, CommandSubmissionCompleted=201997076563, 
06-25 14:40:53.509  6369  6418 I Maestro : Skipping invisible child: android.view.accessibility.AccessibilityNodeInfo@12897; boundsInParent: Rect(0, 0 - 320, 0); boundsInScreen: Rect(0, 0 - 320, 0); boundsInWindow: Rect(0, 0 - 320, 0); packageName: com.hanapkalinga.mobile; className: android.widget.LinearLayout; text: null; error: null; maxTextLength: -1; stateDescription: null; contentDescription: null; tooltipText: null; containerTitle: null; viewIdResName: null; uniqueId: null; checkable: false; checked: false; focusable: false; focused: false; selected: false; clickable: false; longClickable: false; contextClickable: false; enabled: true; password: false; scrollable: false; importantForAccessibility: false; visible: false; actions: [AccessibilityAction: ACTION_SELECT - null, AccessibilityAction: ACTION_CLEAR_SELECTION - null, AccessibilityAction: ACTION_ACCESSIBILITY_FOCUS - null, AccessibilityAction: ACTION_SHOW_ON_SCREEN - null]; isTextSelectable: false
06-25 14:40:53.509  6369  6418 I Maestro : Skipping invisible child: android.view.accessibility.AccessibilityNodeInfo@124d6; boundsInParent: Rect(0, 0 - 320, 0); boundsInScreen: Rect(0, 0 - 320, 0); boundsInWindow: Rect(0, 0 - 320, 0); packageName: com.hanapkalinga.mobile; className: android.view.ViewGroup; text: null; error: null; maxTextLength: -1; stateDescription: null; contentDescription: null; tooltipText: null; containerTitle: null; viewIdResName: null; uniqueId: null; checkable: false; checked: false; focusable: false; focused: false; selected: false; clickable: false; longClickable: false; contextClickable: false; enabled: true; password: false; scrollable: false; importantForAccessibility: false; visible: false; actions: [AccessibilityAction: ACTION_SELECT - null, AccessibilityAction: ACTION_CLEAR_SELECTION - null, AccessibilityAction: ACTION_ACCESSIBILITY_FOCUS - null, AccessibilityAction: ACTION_SHOW_ON_SCREEN - null]; isTextSelectable: false
06-25 14:40:53.513  6369  6418 I Maestro : Skipping invisible child: android.view.accessibility.AccessibilityNodeInfo@1a478; boundsInParent: Rect(0, 0 - 320, 0); boundsInScreen: Rect(0, 0 - 320, 0); boundsInWindow: Rect(0, 0 - 320, 0); packageName: com.hanapkalinga.mobile; className: android.widget.LinearLayout; text: null; error: null; maxTextLength: -1; stateDescription: null; contentDescription: null; tooltipText: null; containerTitle: null; viewIdResName: null; uniqueId: null; checkable: false; checked: false; focusable: false; focused: false; selected: false; clickable: false; longClickable: false; contextClickable: false; enabled: true; password: false; scrollable: false; importantForAccessibility: false; visible: false; actions: [AccessibilityAction: ACTION_SELECT - null, AccessibilityAction: ACTION_CLEAR_SELECTION - null, AccessibilityAction: ACTION_ACCESSIBILITY_FOCUS - null, AccessibilityAction: ACTION_SHOW_ON_SCREEN - null]; isTextSelectable: false
06-25 14:40:53.514  6369  6418 I Maestro : Skipping invisible child: android.view.accessibility.AccessibilityNodeInfo@1a0b7; boundsInParent: Rect(0, 0 - 320, 0); boundsInScreen: Rect(0, 0 - 320, 0); boundsInWindow: Rect(0, 0 - 320, 0); packageName: com.hanapkalinga.mobile; className: android.view.ViewGroup; text: null; error: null; maxTextLength: -1; stateDescription: null; contentDescription: null; tooltipText: null; containerTitle: null; viewIdResName: null; uniqueId: null; checkable: false; checked: false; focusable: false; focused: false; selected: false; clickable: false; longClickable: false; contextClickable: false; enabled: true; password: false; scrollable: false; importantForAccessibility: false; visible: false; actions: [AccessibilityAction: ACTION_SELECT - null, AccessibilityAction: ACTION_CLEAR_SELECTION - null, AccessibilityAction: ACTION_ACCESSIBILITY_FOCUS - null, AccessibilityAction: ACTION_SHOW_ON_SCREEN - null]; isTextSelectable: false
06-25 14:40:53.599  6369  6418 I Maestro : Skipping invisible child: android.view.accessibility.AccessibilityNodeInfo@182af; boundsInParent: Rect(0, 0 - 1, 1); boundsInScreen: Rect(20, 348 - 21, 349); boundsInWindow: Rect(20, 348 - 21, 349); packageName: com.hanapkalinga.mobile; className: android.view.ViewGroup; text: null; error: null; maxTextLength: -1; stateDescription: null; contentDescription: null; tooltipText: null; containerTitle: null; viewIdResName: login_captcha_ready; uniqueId: null; checkable: false; checked: false; focusable: false; focused: false; selected: false; clickable: false; longClickable: false; contextClickable: false; enabled: true; password: false; scrollable: false; importantForAccessibility: true; visible: false; actions: [AccessibilityAction: ACTION_SELECT - null, AccessibilityAction: ACTION_CLEAR_SELECTION - null, AccessibilityAction: ACTION_ACCESSIBILITY_FOCUS - null, AccessibilityAction: ACTION_SHOW_ON_SCREEN - null]; isTextSelectable: false
06-25 14:40:53.700  6369  6418 D Maestro : View hierarchy received in 974 ms
06-25 14:40:53.750  6554  6580 I ReactNativeJS: [TurnstileWebView] Turnstile success, token length: 21
--------- beginning of system
06-25 14:40:53.855   526  1995 D OomAdjuster: Not killing cached processes
06-25 14:40:53.984   343  4862 D android.hardware.audio@7.1-impl.ranchu: threadLoop: entering standby, frames: 904128
06-25 14:40:54.155  6449  6451 I AidlLazyServiceRegistrar: Process has 0 (of 1 available) client(s) in use after notification artd has clients: 0
06-25 14:40:54.155  6449  6451 I AidlLazyServiceRegistrar: Trying to shut down the service. No clients in use for any service in process.
--------- beginning of kernel
06-25 14:40:54.661     0     0 I servicemanager: Notifying artd they don't (previously: do) have clients when we now have no record of a client
06-25 14:40:54.664     0     0 I servicemanager: Unregistering artd
06-25 14:40:54.665     0     0 I BpBinder: onLastStrongRef automatically unlinking death recipients:
06-25 14:40:54.670     0     0 I init    : Service 'artd' (pid 6449) exited with status 0 oneshot service took 13.413000 seconds in background
06-25 14:40:54.673     0     0 I init    : Sending signal 9 to service 'artd' (pid 6449) process group...
06-25 14:40:54.159  6449  6451 I AidlLazyServiceRegistrar: Unregistered all clients and exiting
06-25 14:40:54.675     0     0 I libprocessgroup: Successfully killed process cgroup uid 1082 pid 6449 in 0ms
06-25 14:40:54.383  6554  6574 D EGL_emulation: app_time_stats: avg=33.17ms min=4.97ms max=223.02ms count=26
06-25 14:40:54.637  6369  6418 W QueryController: Could not detect idle state.
06-25 14:40:54.637  6369  6418 D Maestro : Requesting view hierarchy
06-25 14:40:54.638  6369  6418 W QueryController: Could not detect idle state.
06-25 14:40:54.638  6369  6418 W QueryController: Could not detect idle state.
06-25 14:40:54.679  6369  6418 I Maestro : Skipping invisible child: android.view.accessibility.AccessibilityNodeInfo@12897; boundsInParent: Rect(0, 0 - 320, 0); boundsInScreen: Rect(0, 0 - 320, 0); boundsInWindow: Rect(0, 0 - 320, 0); packageName: com.hanapkalinga.mobile; className: android.widget.LinearLayout; text: null; error: null; maxTextLength: -1; stateDescription: null; contentDescription: null; tooltipText: null; containerTitle: null; viewIdResName: null; uniqueId: null; checkable: false; checked: false; focusable: false; focused: false; selected: false; clickable: false; longClickable: false; contextClickable: false; enabled: true; password: false; scrollable: false; importantForAccessibility: false; visible: false; actions: [AccessibilityAction: ACTION_SELECT - null, AccessibilityAction: ACTION_CLEAR_SELECTION - null, AccessibilityAction: ACTION_ACCESSIBILITY_FOCUS - null, AccessibilityAction: ACTION_SHOW_ON_SCREEN - null]; isTextSelectable: false
06-25 14:40:54.680  6369  6418 I Maestro : Skipping invisible child: android.view.accessibility.AccessibilityNodeInfo@124d6; boundsInParent: Rect(0, 0 - 320, 0); boundsInScreen: Rect(0, 0 - 320, 0); boundsInWindow: Rect(0, 0 - 320, 0); packageName: com.hanapkalinga.mobile; className: android.view.ViewGroup; text: null; error: null; maxTextLength: -1; stateDescription: null; contentDescription: null; tooltipText: null; containerTitle: null; viewIdResName: null; uniqueId: null; checkable: false; checked: false; focusable: false; focused: false; selected: false; clickable: false; longClickable: false; contextClickable: false; enabled: true; password: false; scrollable: false; importantForAccessibility: false; visible: false; actions: [AccessibilityAction: ACTION_SELECT - null, AccessibilityAction: ACTION_CLEAR_SELECTION - null, AccessibilityAction: ACTION_ACCESSIBILITY_FOCUS - null, AccessibilityAction: ACTION_SHOW_ON_SCREEN - null]; isTextSelectable: false
06-25 14:40:54.682  6369  6418 I Maestro : Skipping invisible child: android.view.accessibility.AccessibilityNodeInfo@1a478; boundsInParent: Rect(0, 0 - 320, 0); boundsInScreen: Rect(0, 0 - 320, 0); boundsInWindow: Rect(0, 0 - 320, 0); packageName: com.hanapkalinga.mobile; className: android.widget.LinearLayout; text: null; error: null; maxTextLength: -1; stateDescription: null; contentDescription: null; tooltipText: null; containerTitle: null; viewIdResName: null; uniqueId: null; checkable: false; checked: false; focusable: false; focused: false; selected: false; clickable: false; longClickable: false; contextClickable: false; enabled: true; password: false; scrollable: false; importantForAccessibility: false; visible: false; actions: [AccessibilityAction: ACTION_SELECT - null, AccessibilityAction: ACTION_CLEAR_SELECTION - null, AccessibilityAction: ACTION_ACCESSIBILITY_FOCUS - null, AccessibilityAction: ACTION_SHOW_ON_SCREEN - null]; isTextSelectable: false
06-25 14:40:54.682  6369  6418 I Maestro : Skipping invisible child: android.view.accessibility.AccessibilityNodeInfo@1a0b7; boundsInParent: Rect(0, 0 - 320, 0); boundsInScreen: Rect(0, 0 - 320, 0); boundsInWindow: Rect(0, 0 - 320, 0); packageName: com.hanapkalinga.mobile; className: android.view.ViewGroup; text: null; error: null; maxTextLength: -1; stateDescription: null; contentDescription: null; tooltipText: null; containerTitle: null; viewIdResName: null; uniqueId: null; checkable: false; checked: false; focusable: false; focused: false; selected: false; clickable: false; longClickable: false; contextClickable: false; enabled: true; password: false; scrollable: false; importantForAccessibility: false; visible: false; actions: [AccessibilityAction: ACTION_SELECT - null, AccessibilityAction: ACTION_CLEAR_SELECTION - null, AccessibilityAction: ACTION_ACCESSIBILITY_FOCUS - null, AccessibilityAction: ACTION_SHOW_ON_SCREEN - null]; isTextSelectable: false
06-25 14:40:54.900  6369  6418 D Maestro : View hierarchy received in 262 ms
06-25 14:40:55.167  6369  6418 D Maestro : Requesting view hierarchy
06-25 14:40:55.168  6369  6418 W QueryController: Could not detect idle state.
06-25 14:40:55.169  6369  6418 W QueryController: Could not detect idle state.
06-25 14:40:55.192  6369  6418 I Maestro : Skipping invisible child: android.view.accessibility.AccessibilityNodeInfo@12897; boundsInParent: Rect(0, 0 - 320, 0); boundsInScreen: Rect(0, 0 - 320, 0); boundsInWindow: Rect(0, 0 - 320, 0); packageName: com.hanapkalinga.mobile; className: android.widget.LinearLayout; text: null; error: null; maxTextLength: -1; stateDescription: null; contentDescription: null; tooltipText: null; containerTitle: null; viewIdResName: null; uniqueId: null; checkable: false; checked: false; focusable: false; focused: false; selected: false; clickable: false; longClickable: false; contextClickable: false; enabled: true; password: false; scrollable: false; importantForAccessibility: false; visible: false; actions: [AccessibilityAction: ACTION_SELECT - null, AccessibilityAction: ACTION_CLEAR_SELECTION - null, AccessibilityAction: ACTION_ACCESSIBILITY_FOCUS - null, AccessibilityAction: ACTION_SHOW_ON_SCREEN - null]; isTextSelectable: false
06-25 14:40:55.193  6369  6418 I Maestro : Skipping invisible child: android.view.accessibility.AccessibilityNodeInfo@124d6; boundsInParent: Rect(0, 0 - 320, 0); boundsInScreen: Rect(0, 0 - 320, 0); boundsInWindow: Rect(0, 0 - 320, 0); packageName: com.hanapkalinga.mobile; className: android.view.ViewGroup; text: null; error: null; maxTextLength: -1; stateDescription: null; contentDescription: null; tooltipText: null; containerTitle: null; viewIdResName: null; uniqueId: null; checkable: false; checked: false; focusable: false; focused: false; selected: false; clickable: false; longClickable: false; contextClickable: false; enabled: true; password: false; scrollable: false; importantForAccessibility: false; visible: false; actions: [AccessibilityAction: ACTION_SELECT - null, AccessibilityAction: ACTION_CLEAR_SELECTION - null, AccessibilityAction: ACTION_ACCESSIBILITY_FOCUS - null, AccessibilityAction: ACTION_SHOW_ON_SCREEN - null]; isTextSelectable: false
06-25 14:40:55.194  6369  6418 I Maestro : Skipping invisible child: android.view.accessibility.AccessibilityNodeInfo@1a478; boundsInParent: Rect(0, 0 - 320, 0); boundsInScreen: Rect(0, 0 - 320, 0); boundsInWindow: Rect(0, 0 - 320, 0); packageName: com.hanapkalinga.mobile; className: android.widget.LinearLayout; text: null; error: null; maxTextLength: -1; stateDescription: null; contentDescription: null; tooltipText: null; containerTitle: null; viewIdResName: null; uniqueId: null; checkable: false; checked: false; focusable: false; focused: false; selected: false; clickable: false; longClickable: false; contextClickable: false; enabled: true; password: false; scrollable: false; importantForAccessibility: false; visible: false; actions: [AccessibilityAction: ACTION_SELECT - null, AccessibilityAction: ACTION_CLEAR_SELECTION - null, AccessibilityAction: ACTION_ACCESSIBILITY_FOCUS - null, AccessibilityAction: ACTION_SHOW_ON_SCREEN - null]; isTextSelectable: false
06-25 14:40:55.195  6369  6418 I Maestro : Skipping invisible child: android.view.accessibility.AccessibilityNodeInfo@1a0b7; boundsInParent: Rect(0, 0 - 320, 0); boundsInScreen: Rect(0, 0 - 320, 0); boundsInWindow: Rect(0, 0 - 320, 0); packageName: com.hanapkalinga.mobile; className: android.view.ViewGroup; text: null; error: null; maxTextLength: -1; stateDescription: null; contentDescription: null; tooltipText: null; containerTitle: null; viewIdResName: null; uniqueId: null; checkable: false; checked: false; focusable: false; focused: false; selected: false; clickable: false; longClickable: false; contextClickable: false; enabled: true; password: false; scrollable: false; importantForAccessibility: false; visible: false; actions: [AccessibilityAction: ACTION_SELECT - null, AccessibilityAction: ACTION_CLEAR_SELECTION - null, AccessibilityAction: ACTION_ACCESSIBILITY_FOCUS - null, AccessibilityAction: ACTION_SHOW_ON_SCREEN - null]; isTextSelectable: false
06-25 14:40:55.222  6369  6418 D Maestro : View hierarchy received in 55 ms
06-25 14:40:55.288  6369  6418 D Maestro : Requesting view hierarchy
06-25 14:40:55.289  6369  6418 W QueryController: Could not detect idle state.
06-25 14:40:55.289  6369  6418 W QueryController: Could not detect idle state.
06-25 14:40:55.313  6369  6418 I Maestro : Skipping invisible child: android.view.accessibility.AccessibilityNodeInfo@12897; boundsInParent: Rect(0, 0 - 320, 0); boundsInScreen: Rect(0, 0 - 320, 0); boundsInWindow: Rect(0, 0 - 320, 0); packageName: com.hanapkalinga.mobile; className: android.widget.LinearLayout; text: null; error: null; maxTextLength: -1; stateDescription: null; contentDescription: null; tooltipText: null; containerTitle: null; viewIdResName: null; uniqueId: null; checkable: false; checked: false; focusable: false; focused: false; selected: false; clickable: false; longClickable: false; contextClickable: false; enabled: true; password: false; scrollable: false; importantForAccessibility: false; visible: false; actions: [AccessibilityAction: ACTION_SELECT - null, AccessibilityAction: ACTION_CLEAR_SELECTION - null, AccessibilityAction: ACTION_ACCESSIBILITY_FOCUS - null, AccessibilityAction: ACTION_SHOW_ON_SCREEN - null]; isTextSelectable: false
06-25 14:40:55.314  6369  6418 I Maestro : Skipping invisible child: android.view.accessibility.AccessibilityNodeInfo@124d6; boundsInParent: Rect(0, 0 - 320, 0); boundsInScreen: Rect(0, 0 - 320, 0); boundsInWindow: Rect(0, 0 - 320, 0); packageName: com.hanapkalinga.mobile; className: android.view.ViewGroup; text: null; error: null; maxTextLength: -1; stateDescription: null; contentDescription: null; tooltipText: null; containerTitle: null; viewIdResName: null; uniqueId: null; checkable: false; checked: false; focusable: false; focused: false; selected: false; clickable: false; longClickable: false; contextClickable: false; enabled: true; password: false; scrollable: false; importantForAccessibility: false; visible: false; actions: [AccessibilityAction: ACTION_SELECT - null, AccessibilityAction: ACTION_CLEAR_SELECTION - null, AccessibilityAction: ACTION_ACCESSIBILITY_FOCUS - null, AccessibilityAction: ACTION_SHOW_ON_SCREEN - null]; isTextSelectable: false
06-25 14:40:55.315  6369  6418 I Maestro : Skipping invisible child: android.view.accessibility.AccessibilityNodeInfo@1a478; boundsInParent: Rect(0, 0 - 320, 0); boundsInScreen: Rect(0, 0 - 320, 0); boundsInWindow: Rect(0, 0 - 320, 0); packageName: com.hanapkalinga.mobile; className: android.widget.LinearLayout; text: null; error: null; maxTextLength: -1; stateDescription: null; contentDescription: null; tooltipText: null; containerTitle: null; viewIdResName: null; uniqueId: null; checkable: false; checked: false; focusable: false; focused: false; selected: false; clickable: false; longClickable: false; contextClickable: false; enabled: true; password: false; scrollable: false; importantForAccessibility: false; visible: false; actions: [AccessibilityAction: ACTION_SELECT - null, AccessibilityAction: ACTION_CLEAR_SELECTION - null, AccessibilityAction: ACTION_ACCESSIBILITY_FOCUS - null, AccessibilityAction: ACTION_SHOW_ON_SCREEN - null]; isTextSelectable: false
06-25 14:40:55.316  6369  6418 I Maestro : Skipping invisible child: android.view.accessibility.AccessibilityNodeInfo@1a0b7; boundsInParent: Rect(0, 0 - 320, 0); boundsInScreen: Rect(0, 0 - 320, 0); boundsInWindow: Rect(0, 0 - 320, 0); packageName: com.hanapkalinga.mobile; className: android.view.ViewGroup; text: null; error: null; maxTextLength: -1; stateDescription: null; contentDescription: null; tooltipText: null; containerTitle: null; viewIdResName: null; uniqueId: null; checkable: false; checked: false; focusable: false; focused: false; selected: false; clickable: false; longClickable: false; contextClickable: false; enabled: true; password: false; scrollable: false; importantForAccessibility: false; visible: false; actions: [AccessibilityAction: ACTION_SELECT - null, AccessibilityAction: ACTION_CLEAR_SELECTION - null, AccessibilityAction: ACTION_ACCESSIBILITY_FOCUS - null, AccessibilityAction: ACTION_SHOW_ON_SCREEN - null]; isTextSelectable: false
06-25 14:40:55.333  6369  6418 D Maestro : View hierarchy received in 45 ms
06-25 14:40:55.392  6369  6418 W QueryController: Could not detect idle state.
06-25 14:40:55.395  6369  6418 W QueryController: Could not detect idle state.
06-25 14:40:55.403  6369  6418 W UiDevice: Skipping wait as package ${APP_ID} does not match current window com.hanapkalinga.mobile.
06-25 14:40:55.413  6369  6418 W QueryController: Could not detect idle state.
06-25 14:40:55.415  6369  6418 W QueryController: Could not detect idle state.
06-25 14:40:55.417  6369  6418 W UiDevice: Skipping wait as package ${APP_ID} does not match current window com.hanapkalinga.mobile.
06-25 14:40:55.426  6369  6418 W QueryController: Could not detect idle state.
06-25 14:40:55.428  6369  6418 W QueryController: Could not detect idle state.
06-25 14:40:55.431  6369  6418 W UiDevice: Skipping wait as package ${APP_ID} does not match current window com.hanapkalinga.mobile.
06-25 14:40:55.440  6369  6418 W QueryController: Could not detect idle state.
06-25 14:40:55.445  6369  6418 W QueryController: Could not detect idle state.
06-25 14:40:55.452  6369  6418 W UiDevice: Skipping wait as package ${APP_ID} does not match current window com.hanapkalinga.mobile.
06-25 14:40:55.478   830   830 I wpa_supplicant: wlan0: CTRL-EVENT-BEACON-LOSS 
06-25 14:40:55.512  6369  6418 W QueryController: Could not detect idle state.
06-25 14:40:55.514  6369  6418 W QueryController: Could not detect idle state.
06-25 14:40:55.516  6369  6418 W UiDevice: Skipping wait as package ${APP_ID} does not match current window com.hanapkalinga.mobile.
06-25 14:40:55.525  6369  6418 W QueryController: Could not detect idle state.
06-25 14:40:55.527  6369  6418 W QueryController: Could not detect idle state.
06-25 14:40:55.531  6369  6418 W UiDevice: Skipping wait as package ${APP_ID} does not match current window com.hanapkalinga.mobile.
06-25 14:40:55.539  6369  6418 W QueryController: Could not detect idle state.
06-25 14:40:55.541  6369  6418 W QueryController: Could not detect idle state.
06-25 14:40:55.543  6369  6418 W UiDevice: Skipping wait as package ${APP_ID} does not match current window com.hanapkalinga.mobile.
06-25 14:40:55.549  6369  6418 W QueryController: Could not detect idle state.
06-25 14:40:55.554   526  2312 D WifiNl80211Manager: Scan result ready event
06-25 14:40:55.554   526  2312 D WifiNative: Scan result ready event
06-25 14:40:55.555  6369  6418 W QueryController: Could not detect idle state.
06-25 14:40:55.565  6369  6418 W UiDevice: Skipping wait as package ${APP_ID} does not match current window com.hanapkalinga.mobile.
06-25 14:40:55.576  6369  6418 W QueryController: Could not detect idle state.
06-25 14:40:55.581  6369  6418 W QueryController: Could not detect idle state.
06-25 14:40:55.585  6369  6418 W UiDevice: Skipping wait as package ${APP_ID} does not match current window com.hanapkalinga.mobile.
06-25 14:40:55.594  6369  6418 W QueryController: Could not detect idle state.
06-25 14:40:55.598  6369  6418 W QueryController: Could not detect idle state.
06-25 14:40:55.603  6369  6418 W UiDevice: Skipping wait as package ${APP_ID} does not match current window com.hanapkalinga.mobile.
06-25 14:40:55.611  6369  6418 W QueryController: Could not detect idle state.
06-25 14:40:55.615  6369  6418 W QueryController: Could not detect idle state.
06-25 14:40:55.621  6369  6418 W UiDevice: Skipping wait as package ${APP_ID} does not match current window com.hanapkalinga.mobile.
06-25 14:40:55.629  6369  6418 W QueryController: Could not detect idle state.
06-25 14:40:55.631  6369  6418 W QueryController: Could not detect idle state.
06-25 14:40:55.638  6369  6418 W UiDevice: Skipping wait as package ${APP_ID} does not match current window com.hanapkalinga.mobile.
06-25 14:40:55.687  6369  6418 W QueryController: Could not detect idle state.
06-25 14:40:55.689  6369  6418 W QueryController: Could not detect idle state.
06-25 14:40:55.692  6369  6418 W UiDevice: Skipping wait as package ${APP_ID} does not match current window com.hanapkalinga.mobile.
06-25 14:40:55.704  2969  4167 I DialerTaskExecutor: com.android.voicemail.impl.scheduling.TaskExecutor$WorkerThreadHandler.handleMessage:221 executing task com.android.voicemail.impl.ActivationTask@1f8ab65 [CONTEXT enable_persistent_logger=true ]
06-25 14:40:55.705  2969  2969 I DialerLogcatLoggingBindings: com.android.dialer.logging.logcat.LogcatLoggingBindings.logImpression:41 Impression: VVM_ACTIVATION_STARTED
06-25 14:40:55.711  6369  6418 W QueryController: Could not detect idle state.
06-25 14:40:55.713  6369  6418 W QueryController: Could not detect idle state.
06-25 14:40:55.713  2969  4167 I DialerPreOMigrationHandler: com.android.voicemail.impl.PreOMigrationHandler.migrate:76 ComponentInfo{com.android.phone/com.android.services.telephony.TelephonyConnectionService}, 1, UserHandle{0} already migrated [CONTEXT enable_persistent_logger=true ]
06-25 14:40:55.719  2969  4167 I DialerOmtpVvmCarrierConfigHelper: com.android.voicemail.impl.OmtpVvmCarrierConfigHelper.isCarrierAppInstalled:637 carrier app not installed in this device [CONTEXT ratelimit_period="1 MINUTES [skipped: 4]" ]
06-25 14:40:55.719  2969  4167 I DialerVoicemailStatus: com.android.voicemail.impl.VoicemailStatus$Editor.apply:112 enter
06-25 14:40:55.720  2969  4167 I DialerVoicemailStatusDataServiceImpl: com.android.dialer.voicemailstatus.dataservice.impl.VoicemailStatusDataServiceImpl.insertOrUpdateVoicemailStatus:196 enter
06-25 14:40:55.720  6369  6418 W UiDevice: Skipping wait as package ${APP_ID} does not match current window com.hanapkalinga.mobile.
06-25 14:40:55.725  2969  3099 I DialerRestVoicemailEnabledFn: com.android.dialer.voicemail.service.impl.vvmclients.rest.RestVoicemailEnabledFn.isEnabled:51 disabled by flag [CONTEXT ratelimit_period="1 MINUTES [skipped: 23]" ]
06-25 14:40:55.726  2969  3099 I DialerCvvmEnabledFn: com.android.dialer.voicemail.service.impl.vvmclients.omtp.protocol.cvvm.CvvmEnabledFn.isEnabled:37 disabled by flag [CONTEXT ratelimit_period="1 MINUTES [skipped: 11]" ]
06-25 14:40:55.731  6369  6418 W QueryController: Could not detect idle state.
06-25 14:40:55.740  2969  3099 W Settings: Setting airplane_mode_on has moved from android.provider.Settings.System to android.provider.Settings.Global, returning read-only value.
06-25 14:40:55.740  2969  3099 I DialerVoicemailStatusDataServiceImpl: com.android.dialer.voicemailstatus.dataservice.impl.VoicemailStatusDataServiceImpl.lambda$insertOrUpdateVoicemailStatus$5:213 merged status: # kee@6600c263
06-25 14:40:55.740  2969  4167 I DialerActivationTask: com.android.voicemail.impl.ActivationTask.onExecuteInBackgroundThread:292 VVM content provider configured - vvm_type_cvvm PhoneAccountHandle: [ComponentName: com.android.phone/com.android.services.telephony.TelephonyConnectionService subId: 1] [CONTEXT enable_persistent_logger=true ]
06-25 14:40:55.741  2969  4167 I DialerActivationTask: com.android.voicemail.impl.ActivationTask.updateVoicemailsWithIccId:477 conversion disabled [CONTEXT enable_persistent_logger=true ]
06-25 14:40:55.741  6369  6418 W QueryController: Could not detect idle state.
06-25 14:40:55.742  2969  4167 I DialerOmtpVvmCarrierConfigHelper: com.android.voicemail.impl.OmtpVvmCarrierConfigHelper.handleEvent:527 OmtpEvent:CONFIG_ACTIVATING PhoneAccountHandle: [ComponentName: com.android.phone/com.android.services.telephony.TelephonyConnectionService subId: 1] [CONTEXT enable_persistent_logger=true ]
06-25 14:40:55.742  2969  4167 I DialerVoicemailStatus: com.android.voicemail.impl.VoicemailStatus$Editor.apply:112 enter
06-25 14:40:55.743  2969  4167 I DialerVoicemailStatusDataServiceImpl: com.android.dialer.voicemailstatus.dataservice.impl.VoicemailStatusDataServiceImpl.insertOrUpdateVoicemailStatus:196 enter
06-25 14:40:55.752  6369  6418 W UiDevice: Skipping wait as package ${APP_ID} does not match current window com.hanapkalinga.mobile.
06-25 14:40:55.755  2969  3099 W Settings: Setting airplane_mode_on has moved from android.provider.Settings.System to android.provider.Settings.Global, returning read-only value.
06-25 14:40:55.755  2969  3099 I DialerVoicemailStatusDataServiceImpl: com.android.dialer.voicemailstatus.dataservice.impl.VoicemailStatusDataServiceImpl.lambda$insertOrUpdateVoicemailStatus$5:213 merged status: # kee@6600c263
06-25 14:40:55.762  2969  4167 I DialerActivationTask: com.android.voicemail.impl.ActivationTask.onExecuteInBackgroundThread:339 sending an activation request [CONTEXT enable_persistent_logger=true ]
06-25 14:40:55.764  6369  6418 W QueryController: Could not detect idle state.
06-25 14:40:55.767  1053  1997 D SmsNumberUtils: enter filterDestAddr. destAddr="[BajqU4K5_YhSYbs-7QUn0dOwcmI]"
06-25 14:40:55.767  1053  1997 D SmsNumberUtils: destAddr is not formatted.
06-25 14:40:55.768  1053  1997 D SmsNumberUtils: leave filterDestAddr, new destAddr="[BajqU4K5_YhSYbs-7QUn0dOwcmI]"
06-25 14:40:55.769  6369  6418 W QueryController: Could not detect idle state.
06-25 14:40:55.774  2969  4167 I DialerLogcatLoggingBindings: com.android.dialer.logging.logcat.LogcatLoggingBindings.logImpression:46 Impression: CVVM_SEND_VVM_SMS
06-25 14:40:55.780  6369  6418 W UiDevice: Skipping wait as package ${APP_ID} does not match current window com.hanapkalinga.mobile.
06-25 14:40:55.788  6369  6418 W QueryController: Could not detect idle state.
06-25 14:40:55.790  6369  6418 W QueryController: Could not detect idle state.
06-25 14:40:55.793  6369  6418 W UiDevice: Skipping wait as package ${APP_ID} does not match current window com.hanapkalinga.mobile.
06-25 14:40:55.802  6369  6418 W QueryController: Could not detect idle state.
06-25 14:40:55.803  6369  6418 W QueryController: Could not detect idle state.
06-25 14:40:55.807  6369  6418 W UiDevice: Skipping wait as package ${APP_ID} does not match current window com.hanapkalinga.mobile.
06-25 14:40:55.814  6369  6418 W QueryController: Could not detect idle state.
06-25 14:40:55.818  6369  6418 W QueryController: Could not detect idle state.
06-25 14:40:55.823  6369  6418 W UiDevice: Skipping wait as package ${APP_ID} does not match current window com.hanapkalinga.mobile.
06-25 14:40:55.831  6369  6418 W QueryController: Could not detect idle state.
06-25 14:40:55.832  6369  6418 W QueryController: Could not detect idle state.
06-25 14:40:55.836  6369  6418 W UiDevice: Skipping wait as package ${APP_ID} does not match current window com.hanapkalinga.mobile.
06-25 14:40:55.844  6369  6418 W QueryController: Could not detect idle state.
06-25 14:40:55.846  6369  6418 W QueryController: Could not detect idle state.
06-25 14:40:55.848  6369  6418 W UiDevice: Skipping wait as package ${APP_ID} does not match current window com.hanapkalinga.mobile.
06-25 14:40:55.857  6369  6418 W QueryController: Could not detect idle state.
06-25 14:40:55.859  6369  6418 W QueryController: Could not detect idle state.
06-25 14:40:55.863  6369  6418 W UiDevice: Skipping wait as package ${APP_ID} does not match current window com.hanapkalinga.mobile.
06-25 14:40:55.871  6369  6418 W QueryController: Could not detect idle state.
06-25 14:40:55.874  6369  6418 W QueryController: Could not detect idle state.
06-25 14:40:55.878  6369  6418 W UiDevice: Skipping wait as package ${APP_ID} does not match current window com.hanapkalinga.mobile.
06-25 14:40:55.887  6369  6418 W QueryController: Could not detect idle state.
06-25 14:40:55.888  6369  6418 W QueryController: Could not detect idle state.
06-25 14:40:55.891  6369  6418 W UiDevice: Skipping wait as package ${APP_ID} does not match current window com.hanapkalinga.mobile.
06-25 14:40:55.900  6369  6418 W QueryController: Could not detect idle state.
06-25 14:40:55.902  6369  6418 W QueryController: Could not detect idle state.
06-25 14:40:55.906  6369  6418 W UiDevice: Skipping wait as package ${APP_ID} does not match current window com.hanapkalinga.mobile.
06-25 14:40:55.915  6369  6418 W QueryController: Could not detect idle state.
06-25 14:40:55.917  6369  6418 W QueryController: Could not detect idle state.
06-25 14:40:55.920  6369  6418 W UiDevice: Skipping wait as package ${APP_ID} does not match current window com.hanapkalinga.mobile.
06-25 14:40:55.929  6369  6418 W QueryController: Could not detect idle state.
06-25 14:40:55.930  6369  6418 W QueryController: Could not detect idle state.
06-25 14:40:55.933  6369  6418 W UiDevice: Skipping wait as package ${APP_ID} does not match current window com.hanapkalinga.mobile.
06-25 14:40:55.983  6369  6418 W QueryController: Could not detect idle state.
06-25 14:40:55.984  6369  6418 W QueryController: Could not detect idle state.
06-25 14:40:55.987  6369  6418 W UiDevice: Skipping wait as package ${APP_ID} does not match current window com.hanapkalinga.mobile.
06-25 14:40:55.996  6369  6418 W QueryController: Could not detect idle state.
06-25 14:40:55.998  6369  6418 W QueryController: Could not detect idle state.
06-25 14:40:56.002  6369  6418 W UiDevice: Skipping wait as package ${APP_ID} does not match current window com.hanapkalinga.mobile.
06-25 14:40:56.010  6369  6418 W QueryController: Could not detect idle state.
06-25 14:40:56.012  6369  6418 W QueryController: Could not detect idle state.
06-25 14:40:56.015  6369  6418 W UiDevice: Skipping wait as package ${APP_ID} does not match current window com.hanapkalinga.mobile.
06-25 14:40:56.023  6369  6418 W QueryController: Could not detect idle state.
06-25 14:40:56.025  6369  6418 W QueryController: Could not detect idle state.
06-25 14:40:56.028  6369  6418 W UiDevice: Skipping wait as package ${APP_ID} does not match current window com.hanapkalinga.mobile.
06-25 14:40:56.036  6369  6418 W QueryController: Could not detect idle state.
06-25 14:40:56.041  6369  6418 W QueryController: Could not detect idle state.
06-25 14:40:56.046  6369  6418 W UiDevice: Skipping wait as package ${APP_ID} does not match current window com.hanapkalinga.mobile.
06-25 14:40:56.054  6369  6418 W QueryController: Could not detect idle state.
06-25 14:40:56.059  6369  6418 W QueryController: Could not detect idle state.
06-25 14:40:56.063  6369  6418 W UiDevice: Skipping wait as package ${APP_ID} does not match current window com.hanapkalinga.mobile.
06-25 14:40:56.071  6369  6418 W QueryController: Could not detect idle state.
06-25 14:40:56.076  6369  6418 W QueryController: Could not detect idle state.
06-25 14:40:56.081  6369  6418 W UiDevice: Skipping wait as package ${APP_ID} does not match current window com.hanapkalinga.mobile.
06-25 14:40:56.089  6369  6418 W QueryController: Could not detect idle state.
06-25 14:40:56.093  6369  6418 W QueryController: Could not detect idle state.
06-25 14:40:56.099  6369  6418 W UiDevice: Skipping wait as package ${APP_ID} does not match current window com.hanapkalinga.mobile.
06-25 14:40:56.108  6369  6418 W QueryController: Could not detect idle state.
06-25 14:40:56.113  6369  6418 W QueryController: Could not detect idle state.
06-25 14:40:56.117  6369  6418 W UiDevice: Skipping wait as package ${APP_ID} does not match current window com.hanapkalinga.mobile.
06-25 14:40:56.125  6369  6418 W QueryController: Could not detect idle state.
06-25 14:40:56.130  6369  6418 W QueryController: Could not detect idle state.
06-25 14:40:56.134  6369  6418 W UiDevice: Skipping wait as package ${APP_ID} does not match current window com.hanapkalinga.mobile.
06-25 14:40:56.152  6369  6418 D Maestro : Requesting view hierarchy
06-25 14:40:56.153  6369  6418 W QueryController: Could not detect idle state.
06-25 14:40:56.154  6369  6418 W QueryController: Could not detect idle state.
06-25 14:40:56.178  6369  6418 I Maestro : Skipping invisible child: android.view.accessibility.AccessibilityNodeInfo@12897; boundsInParent: Rect(0, 0 - 320, 0); boundsInScreen: Rect(0, 0 - 320, 0); boundsInWindow: Rect(0, 0 - 320, 0); packageName: com.hanapkalinga.mobile; className: android.widget.LinearLayout; text: null; error: null; maxTextLength: -1; stateDescription: null; contentDescription: null; tooltipText: null; containerTitle: null; viewIdResName: null; uniqueId: null; checkable: false; checked: false; focusable: false; focused: false; selected: false; clickable: false; longClickable: false; contextClickable: false; enabled: true; password: false; scrollable: false; importantForAccessibility: false; visible: false; actions: [AccessibilityAction: ACTION_SELECT - null, AccessibilityAction: ACTION_CLEAR_SELECTION - null, AccessibilityAction: ACTION_ACCESSIBILITY_FOCUS - null, AccessibilityAction: ACTION_SHOW_ON_SCREEN - null]; isTextSelectable: false
06-25 14:40:56.179  6369  6418 I Maestro : Skipping invisible child: android.view.accessibility.AccessibilityNodeInfo@124d6; boundsInParent: Rect(0, 0 - 320, 0); boundsInScreen: Rect(0, 0 - 320, 0); boundsInWindow: Rect(0, 0 - 320, 0); packageName: com.hanapkalinga.mobile; className: android.view.ViewGroup; text: null; error: null; maxTextLength: -1; stateDescription: null; contentDescription: null; tooltipText: null; containerTitle: null; viewIdResName: null; uniqueId: null; checkable: false; checked: false; focusable: false; focused: false; selected: false; clickable: false; longClickable: false; contextClickable: false; enabled: true; password: false; scrollable: false; importantForAccessibility: false; visible: false; actions: [AccessibilityAction: ACTION_SELECT - null, AccessibilityAction: ACTION_CLEAR_SELECTION - null, AccessibilityAction: ACTION_ACCESSIBILITY_FOCUS - null, AccessibilityAction: ACTION_SHOW_ON_SCREEN - null]; isTextSelectable: false
06-25 14:40:56.179  6369  6418 I Maestro : Skipping invisible child: android.view.accessibility.AccessibilityNodeInfo@1a478; boundsInParent: Rect(0, 0 - 320, 0); boundsInScreen: Rect(0, 0 - 320, 0); boundsInWindow: Rect(0, 0 - 320, 0); packageName: com.hanapkalinga.mobile; className: android.widget.LinearLayout; text: null; error: null; maxTextLength: -1; stateDescription: null; contentDescription: null; tooltipText: null; containerTitle: null; viewIdResName: null; uniqueId: null; checkable: false; checked: false; focusable: false; focused: false; selected: false; clickable: false; longClickable: false; contextClickable: false; enabled: true; password: false; scrollable: false; importantForAccessibility: false; visible: false; actions: [AccessibilityAction: ACTION_SELECT - null, AccessibilityAction: ACTION_CLEAR_SELECTION - null, AccessibilityAction: ACTION_ACCESSIBILITY_FOCUS - null, AccessibilityAction: ACTION_SHOW_ON_SCREEN - null]; isTextSelectable: false
06-25 14:40:56.180  6369  6418 I Maestro : Skipping invisible child: android.view.accessibility.AccessibilityNodeInfo@1a0b7; boundsInParent: Rect(0, 0 - 320, 0); boundsInScreen: Rect(0, 0 - 320, 0); boundsInWindow: Rect(0, 0 - 320, 0); packageName: com.hanapkalinga.mobile; className: android.view.ViewGroup; text: null; error: null; maxTextLength: -1; stateDescription: null; contentDescription: null; tooltipText: null; containerTitle: null; viewIdResName: null; uniqueId: null; checkable: false; checked: false; focusable: false; focused: false; selected: false; clickable: false; longClickable: false; contextClickable: false; enabled: true; password: false; scrollable: false; importantForAccessibility: false; visible: false; actions: [AccessibilityAction: ACTION_SELECT - null, AccessibilityAction: ACTION_CLEAR_SELECTION - null, AccessibilityAction: ACTION_ACCESSIBILITY_FOCUS - null, AccessibilityAction: ACTION_SHOW_ON_SCREEN - null]; isTextSelectable: false
06-25 14:40:56.196   844   844 D StatusBarIconController: ignoring old pipeline callbacks, because the new mobile icons are enabled
06-25 14:40:56.197  6369  6418 D Maestro : View hierarchy received in 45 ms
06-25 14:40:56.266  1104  1104 D TaplEvents: TIS / TouchInteractionService.onInputEvent: MotionEvent { action=ACTION_DOWN, actionButton=0, id[0]=0, x[0]=160.0, y[0]=223.0, toolType[0]=TOOL_TYPE_FINGER, buttonState=0, classification=NONE, metaState=0, flags=0x0, edgeFlags=0x0, pointerCount=1, historySize=0, eventTime=204810, downTime=204810, deviceId=-1, source=0x1002, displayId=0, eventId=-232461454 }
06-25 14:40:56.278  2969  2969 I DialerStatusSmsFetcher: com.android.voicemail.impl.sms.StatusSmsFetcher.onReceive:106 Request SMS successfully sent [CONTEXT enable_persistent_logger=true ]
06-25 14:40:56.370  1104  1104 D TaplEvents: TIS / TouchInteractionService.onInputEvent: MotionEvent { action=ACTION_UP, actionButton=0, id[0]=0, x[0]=160.0, y[0]=223.0, toolType[0]=TOOL_TYPE_FINGER, buttonState=0, classification=NONE, metaState=0, flags=0x0, edgeFlags=0x0, pointerCount=1, historySize=0, eventTime=204925, downTime=204810, deviceId=-1, source=0x1002, displayId=0, eventId=-493479074 }
06-25 14:40:56.372   526  2149 W FillRequestEventLogger: Couldn't find packageName: com.google.android.inputmethod.latin
06-25 14:40:56.373   526   526 D AutofillInlineSuggestionsRequestSession: onCreateInlineSuggestionsRequestLocked called: 1073741824@1200773393
06-25 14:40:56.373   526  2149 D AutofillInlineSuggestionsRequestSession: onInlineSuggestionsSessionInvalidated() called.
06-25 14:40:56.374   526  1995 D CompatibilityChangeReporter: Compat change id reported: 214016041; UID 10192; state: ENABLED
06-25 14:40:56.374  1549  1549 I GoogleInputMethodService: GoogleInputMethodService.onFinishInput():3227 
06-25 14:40:56.375  6554  6554 I ImeTracker: com.hanapkalinga.mobile:cad9e2b: onRequestShow at ORIGIN_CLIENT_SHOW_SOFT_INPUT reason SHOW_SOFT_INPUT
06-25 14:40:56.375  1549  1549 I GoogleInputMethodService: GoogleInputMethodService.updateDeviceLockedStatus():2087 repeatCheckTimes = 0, unlocked = true
06-25 14:40:56.376  6554  6554 D InputMethodManager: showSoftInput() view=com.facebook.react.views.textinput.ReactEditText{76c9929 VFED..CL. .F.P..ID 33,178-287,220 #80 aid=1073741824} flags=0 reason=SHOW_SOFT_INPUT
06-25 14:40:56.378  1549  1549 I GoogleInputMethodService: GoogleInputMethodService.onStartInput():1877 onStartInput(EditorInfo{inputType=0x21(EmailAddress) imeOptions=0x8000006 privateImeOptions=null actionName=DONE actionLabel=null actionId=0 initialSelStart=0 initialSelEnd=0 initialCapsMode=0x0 hintText=non-empty label=null packageName=com.hanapkalinga.mobile fieldId=128 fieldName=null extras=Bundle[mParcelledData.dataSize=240]}, false)
06-25 14:40:56.378  1549  1549 I GoogleInputMethodService: GoogleInputMethodService.shouldHideHeaderOnInitialState():4008 ShouldHideHeaderOnInitialState = false
06-25 14:40:56.378   526  1995 D AutofillInlineSuggestionsRequestSession: onInlineSuggestionsRequest() received: InlineSuggestionsRequest { maxSuggestionCount = 9, inlinePresentationSpecs = [InlinePresentationSpec { minSize = 42x38, maxSize = 240x38, style = Bundle[mParcelledData.dataSize=2816] }, InlinePresentationSpec { minSize = 42x38, maxSize = 240x38, style = Bundle[mParcelledData.dataSize=2816] }, InlinePresentationSpec { minSize = 42x38, maxSize = 240x38, style = Bundle[mParcelledData.dataSize=2816] }, InlinePresentationSpec { minSize = 42x38, maxSize = 240x38, style = Bundle[mParcelledData.dataSize=2816] }, InlinePresentationSpec { minSize = 42x38, maxSize = 240x38, style = Bundle[mParcelledData.dataSize=2816] }, InlinePresentationSpec { minSize = 42x38, maxSize = 240x38, style = Bundle[mParcelledData.dataSize=2816] }, InlinePresentationSpec { minSize = 42x38, maxSize = 240x38, style = Bundle[mParcelledData.dataSize=2816] }, InlinePresentationSpec { minSize = 42x38, maxSize = 240x38, style = Bundle[mParcelledData.dataSize=2816] }, InlinePresentationSpec { minSize = 42x38, maxSize = 240x38, style = Bundle[mParcelledData.dataSize=2816] }], hostPackageName = com.google.android.inputmethod.latin, supportedLocales = [en_US], extras = Bundle[EMPTY_PARCEL], hostInputToken = android.os.BinderProxy@2aed875, hostDisplayId = 0, inlineTooltipPresentationSpec = null }
06-25 14:40:56.378  1549  1549 I GoogleInputMethodService: GoogleInputMethodService.updateDeviceLockedStatus():2087 repeatCheckTimes = 2, unlocked = true
06-25 14:40:56.381  1549  1549 I DeviceModeUtil: DeviceModeUtil.getDeviceMode():122 Get device mode phone by ui mode:1 and smallestScreenWidthDp:320
06-25 14:40:56.382  1549  1549 I GoogleInputMethodService: GoogleInputMethodService.onStartInputView():1995 onStartInputView(EditorInfo{inputType=0x21(EmailAddress) imeOptions=0x8000006 privateImeOptions=null actionName=DONE actionLabel=null actionId=0 initialSelStart=0 initialSelEnd=0 initialCapsMode=0x0 hintText=non-empty label=null packageName=com.hanapkalinga.mobile fieldId=128 fieldName=null extras=Bundle[{android.support.text.emoji.emojiCompat_metadataVersion=9, android.support.text.emoji.emojiCompat_replaceAll=false}]}, false)
06-25 14:40:56.383  1549  1610 I DeviceModeUtil: DeviceModeUtil.getDeviceMode():122 Get device mode phone by ui mode:1 and smallestScreenWidthDp:320
06-25 14:40:56.387  6554  6574 D EGL_emulation: app_time_stats: avg=61.06ms min=3.70ms max=1407.19ms count=26
06-25 14:40:56.388  1549  1549 I GoogleInputMethodService: GoogleInputMethodService.updateDeviceLockedStatus():2087 repeatCheckTimes = 2, unlocked = true
06-25 14:40:56.388  1549  1549 W ModuleManager: ModuleManager.loadModule():450 Module erj is not available
06-25 14:40:56.389  1549  1549 I KeyboardViewUtil: KeyboardViewUtil.getKeyboardHeightRatio():189 systemKeyboardHeightRatio:1.000000; userKeyboardHeightRatio:1.000000.
06-25 14:40:56.389   400   414 D audioserver: FGS Logger Transaction failed
06-25 14:40:56.390  1549  1549 I AndroidIME: AbstractIme.onActivate():86 LatinIme.onActivate() : EditorInfo = inputType=0x21(EmailAddress) imeOptions=0x8000006 privateImeOptions=null actionName=DONE actionLabel=null actionId=0 initialSelStart=0 initialSelEnd=0 initialCapsMode=0x0 hintText=non-empty label=null packageName=com.hanapkalinga.mobile fieldId=128 fieldName=null extras=Bundle[{android.support.text.emoji.emojiCompat_metadataVersion=9, android.support.text.emoji.emojiCompat_replaceAll=false}], IncognitoMode = false, DeviceLocked = false
06-25 14:40:56.390  1549  1549 I Delight5Facilitator: Delight5Facilitator.initializeForIme():777 initializeForIme() : Locale = [en_US], layout = qwerty
06-25 14:40:56.390   400   414 D audioserver: -129
06-25 14:40:56.391  1549  1549 I Delight5Facilitator: Delight5Facilitator.resetDecoder():954 resetDecoder() : Locale = [en_US]
06-25 14:40:56.392  1549  1549 I Delight5Decoder: Delight5DecoderWrapper.createOrResetDecoder():341 Decoder reset
06-25 14:40:56.395  6554  6554 I AssistStructure: Flattened final assist data: 2592 bytes, containing 1 windows, 14 views
