06-25 14:42:50.972   526   526 I ExplicitHealthCheckController: Service not ready to get health check supported packages. Binding...
06-25 14:42:50.973   526   526 I ExplicitHealthCheckController: Explicit health check service is bound
06-25 14:42:50.974   526   526 I PackageWatchdog: Syncing health check requests for packages: {}
06-25 14:42:50.974   526   526 I ExplicitHealthCheckController: Service not ready to get health check supported packages. Binding...
06-25 14:42:50.974   526   526 I ExplicitHealthCheckController: Not binding to service, service already connecting
06-25 14:42:50.974   526   526 I ExplicitHealthCheckController: Explicit health check service is connected ComponentInfo{com.google.android.ext.services/android.ext.services.watchdog.ExplicitHealthCheckServiceImpl}
06-25 14:42:50.974   526   526 I ExplicitHealthCheckController: Service initialized, syncing requests
06-25 14:42:50.974   526   526 I PackageWatchdog: Syncing health check requests for packages: {}
06-25 14:42:50.974   526   526 D ExplicitHealthCheckController: Getting health check supported packages
06-25 14:42:50.975   526   925 I ExplicitHealthCheckController: Explicit health check supported packages [PackageConfig{com.google.android.networkstack, 86400000}]
06-25 14:42:50.975   526   925 D PackageWatchdog: Received supported packages [PackageConfig{com.google.android.networkstack, 86400000}]
06-25 14:42:50.975   526   925 D ExplicitHealthCheckController: Getting health check requested packages
06-25 14:42:50.976   526   925 I ExplicitHealthCheckController: Explicit health check requested packages []
06-25 14:42:50.976   526   925 I ExplicitHealthCheckController: No more health check requests, unbinding...
06-25 14:42:50.976   526   925 I ExplicitHealthCheckController: Explicit health check service is unbound
06-25 14:42:50.991   526   624 I RescueParty: Starting to observe: [android], updated namespace: lmkd_native
06-25 14:42:50.991   526   554 I PackageWatchdog: Syncing state, reason: observing new packages
06-25 14:42:50.993   526   554 D PackageWatchdog: rescue-party-observer added the following packages to monitor [android]
06-25 14:42:50.993   526   554 I PackageWatchdog: Syncing state, reason: updated observers
06-25 14:42:50.993   526   554 I PackageWatchdog: Not pruning observers, elapsed time: 0ms
06-25 14:42:50.993   526   526 I PackageWatchdog: Syncing health check requests for packages: {}
06-25 14:42:50.993   526   526 I ExplicitHealthCheckController: Service not ready to get health check supported packages. Binding...
06-25 14:42:50.999   526   526 I ExplicitHealthCheckController: Explicit health check service is bound
06-25 14:42:50.999   526   554 I PackageWatchdog: Saving observer state to file
--------- beginning of kernel
06-25 14:42:51.503     0     0 I init    : processing action (persist.device_config.lmkd_native.thrashing_limit_critical=*) from (/system/etc/init/lmkd.rc:44)
06-25 14:42:51.506     0     0 I init    : processing action (lmkd.reinit=1) from (/system/etc/init/lmkd.rc:10)
06-25 14:42:51.508     0     0 I init    : starting service 'exec 24 (/system/bin/lmkd --reinit)'...
06-25 14:42:51.005   526   526 I ExplicitHealthCheckController: Explicit health check service is connected ComponentInfo{com.google.android.ext.services/android.ext.services.watchdog.ExplicitHealthCheckServiceImpl}
06-25 14:42:51.005   526   526 I ExplicitHealthCheckController: Service initialized, syncing requests
06-25 14:42:51.005   526   526 I PackageWatchdog: Syncing health check requests for packages: {}
06-25 14:42:51.005   526   526 D ExplicitHealthCheckController: Getting health check supported packages
06-25 14:42:51.006   526   925 I ExplicitHealthCheckController: Explicit health check supported packages [PackageConfig{com.google.android.networkstack, 86400000}]
06-25 14:42:51.006   526   925 D PackageWatchdog: Received supported packages [PackageConfig{com.google.android.networkstack, 86400000}]
06-25 14:42:51.007   526   925 D ExplicitHealthCheckController: Getting health check requested packages
06-25 14:42:51.007   526   925 I ExplicitHealthCheckController: Explicit health check requested packages []
06-25 14:42:51.007   526   925 I ExplicitHealthCheckController: No more health check requests, unbinding...
06-25 14:42:51.007   526   925 I ExplicitHealthCheckController: Explicit health check service is unbound
06-25 14:42:51.014  7404  7602 W QueryController: Could not detect idle state.
06-25 14:42:51.526     0     0 I init    : ... started service 'exec 24 (/system/bin/lmkd --reinit)' has pid 7682
06-25 14:42:51.022  7404  7602 W QueryController: Could not detect idle state.
06-25 14:42:51.028  7404  7602 W UiDevice: Skipping wait as package ${APP_ID} does not match current window com.hanapkalinga.mobile.
06-25 14:42:51.030   132   132 I lowmemorykiller: lmkd data connection established
06-25 14:42:51.038  7404  7602 W QueryController: Could not detect idle state.
06-25 14:42:51.042  7404  7602 W QueryController: Could not detect idle state.
06-25 14:42:51.049  7404  7602 W UiDevice: Skipping wait as package ${APP_ID} does not match current window com.hanapkalinga.mobile.
06-25 14:42:51.053   526   624 I RescueParty: Starting to observe: [android], updated namespace: display_manager
06-25 14:42:51.054   526   554 I PackageWatchdog: Syncing state, reason: observing new packages
06-25 14:42:51.054   526   554 D PackageWatchdog: rescue-party-observer added the following packages to monitor [android]
06-25 14:42:51.054   526   554 I PackageWatchdog: Syncing state, reason: updated observers
06-25 14:42:51.054   526   554 I PackageWatchdog: Not pruning observers, elapsed time: 0ms
06-25 14:42:51.054   526   554 I PackageWatchdog: Saving observer state to file
06-25 14:42:51.055   526   572 W BrightnessThrottler: DeviceConfig ThermalBrightnessThrottlingData is null
06-25 14:42:51.056   526   526 I PackageWatchdog: Syncing health check requests for packages: {}
06-25 14:42:51.056   526   526 I ExplicitHealthCheckController: Service not ready to get health check supported packages. Binding...
06-25 14:42:51.058   526   526 I ExplicitHealthCheckController: Explicit health check service is bound
06-25 14:42:51.059   526   526 I ExplicitHealthCheckController: Explicit health check service is connected ComponentInfo{com.google.android.ext.services/android.ext.services.watchdog.ExplicitHealthCheckServiceImpl}
06-25 14:42:51.059   526   526 I ExplicitHealthCheckController: Service initialized, syncing requests
06-25 14:42:51.059   526   526 I PackageWatchdog: Syncing health check requests for packages: {}
06-25 14:42:51.059   526   526 D ExplicitHealthCheckController: Getting health check supported packages
06-25 14:42:51.060   526  2225 I ExplicitHealthCheckController: Explicit health check supported packages [PackageConfig{com.google.android.networkstack, 86400000}]
06-25 14:42:51.060   526  2225 D PackageWatchdog: Received supported packages [PackageConfig{com.google.android.networkstack, 86400000}]
06-25 14:42:51.061   526  2225 D ExplicitHealthCheckController: Getting health check requested packages
06-25 14:42:51.061   526  2225 I ExplicitHealthCheckController: Explicit health check requested packages []
06-25 14:42:51.061   526  2225 I ExplicitHealthCheckController: No more health check requests, unbinding...
06-25 14:42:51.062   132   132 I lowmemorykiller: Using psi monitors for memory pressure detection
06-25 14:42:51.062   132   132 I lowmemorykiller: Properties reinitilized
06-25 14:42:51.062  7682  7682 I lowmemorykiller: lmkd updated properties successfully
06-25 14:42:51.062   132   132 I lowmemorykiller: lmkd data connection dropped
06-25 14:42:51.062   132   132 I lowmemorykiller: closing lmkd data connection
06-25 14:42:51.571     0     0 I init    : Service 'exec 24 (/system/bin/lmkd --reinit)' (pid 7682) exited with status 0 oneshot service took 0.059000 seconds in background
06-25 14:42:51.573     0     0 I init    : Sending signal 9 to service 'exec 24 (/system/bin/lmkd --reinit)' (pid 7682) process group...
06-25 14:42:51.576     0     0 I libprocessgroup: Successfully killed process cgroup uid 0 pid 7682 in 0ms
06-25 14:42:51.072   526  2225 I ExplicitHealthCheckController: Explicit health check service is unbound
06-25 14:42:51.076  4998  5595 I IPCThreadState: oneway function results for code 1 on binder at 0x738135fe2160 will be dropped but finished with status UNKNOWN_TRANSACTION and reply parcel size 80
06-25 14:42:51.080   526   624 I RescueParty: Starting to observe: [android, com.android.settings], updated namespace: activity_manager
06-25 14:42:51.080   526   554 I PackageWatchdog: Syncing state, reason: observing new packages
06-25 14:42:51.081   526   554 D PackageWatchdog: rescue-party-observer added the following packages to monitor [android, com.android.settings]
06-25 14:42:51.081   526   554 I PackageWatchdog: Syncing state, reason: updated observers
06-25 14:42:51.082   526   554 I PackageWatchdog: Saving observer state to file
06-25 14:42:51.082   337   362 I netd    : tetherGetStats() -> {[]} <0.44ms>
06-25 14:42:51.084   337   362 I netd    : bandwidthSetGlobalAlert(2097152) <0.08ms>
06-25 14:42:51.086   337   362 I netd    : bandwidthRemoveInterfaceQuota(eth0) <0.54ms>
06-25 14:42:51.086   337   362 I netd    : bandwidthSetInterfaceQuota(eth0, 9223372036854775807) <0.36ms>
06-25 14:42:51.088   526   526 I PackageWatchdog: Syncing health check requests for packages: {}
06-25 14:42:51.088   526   526 I ExplicitHealthCheckController: Service not ready to get health check supported packages. Binding...
06-25 14:42:51.089   526   526 I ExplicitHealthCheckController: Explicit health check service is bound
06-25 14:42:51.092   526   526 I PackageWatchdog: Syncing health check requests for packages: {}
06-25 14:42:51.092   526   526 I ExplicitHealthCheckController: Service not ready to get health check supported packages. Binding...
06-25 14:42:51.092   526   526 I ExplicitHealthCheckController: Not binding to service, service already connecting
06-25 14:42:51.093   526   526 I ExplicitHealthCheckController: Explicit health check service is connected ComponentInfo{com.google.android.ext.services/android.ext.services.watchdog.ExplicitHealthCheckServiceImpl}
06-25 14:42:51.093   526   526 I ExplicitHealthCheckController: Service initialized, syncing requests
06-25 14:42:51.094   526   526 I PackageWatchdog: Syncing health check requests for packages: {}
06-25 14:42:51.094   526   526 D ExplicitHealthCheckController: Getting health check supported packages
06-25 14:42:51.094   526   526 I AutofillManagerService: Ignoring change on package_deny_list_for_unimportant_view
06-25 14:42:51.095   526  2143 I ExplicitHealthCheckController: Explicit health check supported packages [PackageConfig{com.google.android.networkstack, 86400000}]
06-25 14:42:51.095   526  2143 D PackageWatchdog: Received supported packages [PackageConfig{com.google.android.networkstack, 86400000}]
06-25 14:42:51.095   526  2143 D ExplicitHealthCheckController: Getting health check requested packages
06-25 14:42:51.095   526  2143 I ExplicitHealthCheckController: Explicit health check requested packages []
06-25 14:42:51.095   526  2143 I ExplicitHealthCheckController: No more health check requests, unbinding...
06-25 14:42:51.095   526   526 W FillRequestEventLogger: Shouldn't be logging AutofillFillRequestReported again for same event
06-25 14:42:51.095   526   526 W FillResponseEventLogger: Shouldn't be logging AutofillFillRequestReported again for same event
06-25 14:42:51.095   526   526 D AutofillSession: clearPendingIntentLocked
06-25 14:42:51.096   526   526 D AutofillInlineSuggestionsRequestSession: onInlineSuggestionsResponseLocked called for:1073741825@37939548
06-25 14:42:51.096   526   544 D AutofillUI: destroySaveUiUiThread(): already destroyed
06-25 14:42:51.096   526   544 D AutofillUI: destroySaveUiUiThread(): already destroyed
06-25 14:42:51.096   526  2143 I ExplicitHealthCheckController: Explicit health check service is unbound
06-25 14:42:51.097   526   526 D AutofillManagerServiceImpl: Set component for user 0 as ComponentInfo{com.google.android.gms/com.google.android.gms.autofill.service.AutofillService} and info as ServiceInfo{3e8d1b8 com.google.android.gms.autofill.service.AutofillService}
06-25 14:42:51.098   526   526 I AutofillManagerService: Ignoring change on trigger_fill_request_on_filtered_important_views
06-25 14:42:51.098   526   526 I AutofillManagerService: Ignoring change on package_and_activity_allowlist_for_triggering_fill_request
06-25 14:42:51.098   526   526 I AutofillManagerService: Ignoring change on multiline_filter_enabled
06-25 14:42:51.098   526   526 I AutofillManagerService: Ignoring change on augmented_autofill_mode
06-25 14:42:51.098   526   526 I AutofillManagerService: Ignoring change on autofill_dialog_hints
06-25 14:42:51.098   526   526 I AutofillManagerService: Ignoring change on include_all_views_in_assist_structure
06-25 14:42:51.098   526   526 I AutofillManagerService: Ignoring change on should_enable_autofill_on_all_view_types
06-25 14:42:51.099   526   526 I AutofillManagerService: Ignoring change on autofill_save_dialog_landscape_body_height_max_percent
06-25 14:42:51.099   526   526 I AutofillManagerService: Ignoring change on non_autofillable_ime_action_ids
06-25 14:42:51.099   526   526 I AutofillManagerService: Ignoring change on autofill_save_dialog_portrait_body_height_max_percent
06-25 14:42:51.099   526   526 I AutofillManagerService: Ignoring change on include_all_autofill_type_not_none_views_in_assist_structure
06-25 14:42:51.099   526   526 I AutofillManagerService: Ignoring change on trigger_fill_request_on_unimportant_view
06-25 14:42:51.099   526   526 I AutofillManagerService: Ignoring change on autofill_dialog_enabled
06-25 14:42:51.099  1563  1563 V InlineSuggestionRenderService: handleDestroySuggestionViews called for 0:37939548
06-25 14:42:51.100   526   526 W ServiceConnector.Impl: mayInterruptIfRunning not supported - ignoring
06-25 14:42:51.100  1638  2762 I AiAiAutofill: Disconnected AiAiAugmentedAutofillService.
06-25 14:42:51.101  1638  1638 D AugmentedAutofillService: handleOnConnected(): debug=true, verbose=false
06-25 14:42:51.105  7404  7602 D Maestro : Requesting view hierarchy
06-25 14:42:51.106  7404  7602 W QueryController: Could not detect idle state.
06-25 14:42:51.106  7404  7602 W QueryController: Could not detect idle state.
06-25 14:42:51.110  1638  2762 I AiAiAutofill: Connected AiAiAugmentedAutofillService.
06-25 14:42:51.121  7404  7602 I Maestro : Skipping invisible child: android.view.accessibility.AccessibilityNodeInfo@128b4; boundsInParent: Rect(0, 0 - 320, 0); boundsInScreen: Rect(0, 0 - 320, 0); boundsInWindow: Rect(0, 0 - 320, 0); packageName: com.hanapkalinga.mobile; className: android.widget.LinearLayout; text: null; error: null; maxTextLength: -1; stateDescription: null; contentDescription: null; tooltipText: null; containerTitle: null; viewIdResName: null; uniqueId: null; checkable: false; checked: false; focusable: false; focused: false; selected: false; clickable: false; longClickable: false; contextClickable: false; enabled: true; password: false; scrollable: false; importantForAccessibility: false; visible: false; actions: [AccessibilityAction: ACTION_SELECT - null, AccessibilityAction: ACTION_CLEAR_SELECTION - null, AccessibilityAction: ACTION_ACCESSIBILITY_FOCUS - null, AccessibilityAction: ACTION_SHOW_ON_SCREEN - null]; isTextSelectable: false
06-25 14:42:51.122  7404  7602 I Maestro : Skipping invisible child: android.view.accessibility.AccessibilityNodeInfo@124f3; boundsInParent: Rect(0, 0 - 320, 0); boundsInScreen: Rect(0, 0 - 320, 0); boundsInWindow: Rect(0, 0 - 320, 0); packageName: com.hanapkalinga.mobile; className: android.view.ViewGroup; text: null; error: null; maxTextLength: -1; stateDescription: null; contentDescription: null; tooltipText: null; containerTitle: null; viewIdResName: null; uniqueId: null; checkable: false; checked: false; focusable: false; focused: false; selected: false; clickable: false; longClickable: false; contextClickable: false; enabled: true; password: false; scrollable: false; importantForAccessibility: false; visible: false; actions: [AccessibilityAction: ACTION_SELECT - null, AccessibilityAction: ACTION_CLEAR_SELECTION - null, AccessibilityAction: ACTION_ACCESSIBILITY_FOCUS - null, AccessibilityAction: ACTION_SHOW_ON_SCREEN - null]; isTextSelectable: false
06-25 14:42:51.122  7404  7602 I Maestro : Skipping invisible child: android.view.accessibility.AccessibilityNodeInfo@1a495; boundsInParent: Rect(0, 0 - 320, 0); boundsInScreen: Rect(0, 0 - 320, 0); boundsInWindow: Rect(0, 0 - 320, 0); packageName: com.hanapkalinga.mobile; className: android.widget.LinearLayout; text: null; error: null; maxTextLength: -1; stateDescription: null; contentDescription: null; tooltipText: null; containerTitle: null; viewIdResName: null; uniqueId: null; checkable: false; checked: false; focusable: false; focused: false; selected: false; clickable: false; longClickable: false; contextClickable: false; enabled: true; password: false; scrollable: false; importantForAccessibility: false; visible: false; actions: [AccessibilityAction: ACTION_SELECT - null, AccessibilityAction: ACTION_CLEAR_SELECTION - null, AccessibilityAction: ACTION_ACCESSIBILITY_FOCUS - null, AccessibilityAction: ACTION_SHOW_ON_SCREEN - null]; isTextSelectable: false
06-25 14:42:51.123  7404  7602 I Maestro : Skipping invisible child: android.view.accessibility.AccessibilityNodeInfo@1a0d4; boundsInParent: Rect(0, 0 - 320, 0); boundsInScreen: Rect(0, 0 - 320, 0); boundsInWindow: Rect(0, 0 - 320, 0); packageName: com.hanapkalinga.mobile; className: android.view.ViewGroup; text: null; error: null; maxTextLength: -1; stateDescription: null; contentDescription: null; tooltipText: null; containerTitle: null; viewIdResName: null; uniqueId: null; checkable: false; checked: false; focusable: false; focused: false; selected: false; clickable: false; longClickable: false; contextClickable: false; enabled: true; password: false; scrollable: false; importantForAccessibility: false; visible: false; actions: [AccessibilityAction: ACTION_SELECT - null, AccessibilityAction: ACTION_CLEAR_SELECTION - null, AccessibilityAction: ACTION_ACCESSIBILITY_FOCUS - null, AccessibilityAction: ACTION_SHOW_ON_SCREEN - null]; isTextSelectable: false
06-25 14:42:51.140  7404  7602 I Maestro : Skipping invisible child: android.view.accessibility.AccessibilityNodeInfo@18e0f; boundsInParent: Rect(0, 0 - 280, 34); boundsInScreen: Rect(20, 450 - 300, 484); boundsInWindow: Rect(20, 450 - 300, 484); packageName: com.hanapkalinga.mobile; className: android.view.View; text: null; error: null; maxTextLength: -1; stateDescription: null; contentDescription: Forgot password?; tooltipText: null; containerTitle: null; viewIdResName: login_link_forgotPassword; uniqueId: null; checkable: false; checked: false; focusable: true; focused: false; selected: false; clickable: true; longClickable: false; contextClickable: false; enabled: true; password: false; scrollable: false; importantForAccessibility: true; visible: false; actions: [AccessibilityAction: ACTION_FOCUS - null, AccessibilityAction: ACTION_SELECT - null, AccessibilityAction: ACTION_CLEAR_SELECTION - null, AccessibilityAction: ACTION_CLICK - null, AccessibilityAction: ACTION_ACCESSIBILITY_FOCUS - null, AccessibilityAction: ACTION_SHOW_ON_SCREEN - null]; isTextSelectable: false
06-25 14:42:51.140  7404  7602 I Maestro : Skipping invisible child: android.view.accessibility.AccessibilityNodeInfo@19591; boundsInParent: Rect(0, 0 - 169, 22); boundsInScreen: Rect(11, 508 - 180, 530); boundsInWindow: Rect(11, 508 - 180, 530); packageName: com.hanapkalinga.mobile; className: android.widget.TextView; text: Don't have an account? ; error: null; maxTextLength: -1; stateDescription: null; contentDescription: null; tooltipText: null; containerTitle: null; viewIdResName: null; uniqueId: null; checkable: false; checked: false; focusable: false; focused: false; selected: false; clickable: false; longClickable: false; contextClickable: false; enabled: true; password: false; scrollable: false; importantForAccessibility: true; visible: false; actions: [AccessibilityAction: ACTION_SELECT - null, AccessibilityAction: ACTION_CLEAR_SELECTION - null, AccessibilityAction: ACTION_ACCESSIBILITY_FOCUS - null, AccessibilityAction: ACTION_NEXT_AT_MOVEMENT_GRANULARITY - null, AccessibilityAction: ACTION_PREVIOUS_AT_MOVEMENT_GRANULARITY - null, AccessibilityAction: ACTION_SET_SELECTION - null, AccessibilityAction: ACTION_SHOW_ON_SCREEN - null]; isTextSelectable: false
06-25 14:42:51.140  7404  7602 I Maestro : Skipping invisible child: android.view.accessibility.AccessibilityNodeInfo@19952; boundsInParent: Rect(0, 0 - 128, 22); boundsInScreen: Rect(181, 508 - 309, 530); boundsInWindow: Rect(181, 508 - 309, 530); packageName: com.hanapkalinga.mobile; className: android.view.View; text: null; error: null; maxTextLength: -1; stateDescription: null; contentDescription: Create an account; tooltipText: null; containerTitle: null; viewIdResName: null; uniqueId: null; checkable: false; checked: false; focusable: true; focused: false; selected: false; clickable: true; longClickable: false; contextClickable: false; enabled: true; password: false; scrollable: false; importantForAccessibility: true; visible: false; actions: [AccessibilityAction: ACTION_FOCUS - null, AccessibilityAction: ACTION_SELECT - null, AccessibilityAction: ACTION_CLEAR_SELECTION - null, AccessibilityAction: ACTION_CLICK - null, AccessibilityAction: ACTION_ACCESSIBILITY_FOCUS - null, AccessibilityAction: ACTION_SHOW_ON_SCREEN - null]; isTextSelectable: false
06-25 14:42:51.170   526   624 I RescueParty: Starting to observe: [com.google.android.as, com.google.android.as.oss], updated namespace: device_personalization_services
06-25 14:42:51.170   526   554 I PackageWatchdog: Syncing state, reason: observing new packages
06-25 14:42:51.171   526   554 D PackageWatchdog: rescue-party-observer added the following packages to monitor [com.google.android.as, com.google.android.as.oss]
06-25 14:42:51.171   526   554 I PackageWatchdog: Syncing state, reason: updated observers
06-25 14:42:51.171   526   554 I PackageWatchdog: Not pruning observers, elapsed time: 0ms
06-25 14:42:51.171   526   554 I PackageWatchdog: Saving observer state to file
06-25 14:42:51.173   526   526 I PackageWatchdog: Syncing health check requests for packages: {}
06-25 14:42:51.173   526   526 I ExplicitHealthCheckController: Service not ready to get health check supported packages. Binding...
06-25 14:42:51.174   526   526 I ExplicitHealthCheckController: Explicit health check service is bound
06-25 14:42:51.180   526   526 I ExplicitHealthCheckController: Explicit health check service is connected ComponentInfo{com.google.android.ext.services/android.ext.services.watchdog.ExplicitHealthCheckServiceImpl}
06-25 14:42:51.180   526   526 I ExplicitHealthCheckController: Service initialized, syncing requests
06-25 14:42:51.181   526   526 I PackageWatchdog: Syncing health check requests for packages: {}
06-25 14:42:51.181   526   526 D ExplicitHealthCheckController: Getting health check supported packages
06-25 14:42:51.181   526  2225 I ExplicitHealthCheckController: Explicit health check supported packages [PackageConfig{com.google.android.networkstack, 86400000}]
06-25 14:42:51.181   526  2225 D PackageWatchdog: Received supported packages [PackageConfig{com.google.android.networkstack, 86400000}]
06-25 14:42:51.181   526  2225 D ExplicitHealthCheckController: Getting health check requested packages
06-25 14:42:51.182   526  2143 I ExplicitHealthCheckController: Explicit health check requested packages []
06-25 14:42:51.183   526  2143 I ExplicitHealthCheckController: No more health check requests, unbinding...
06-25 14:42:51.183   526  2143 I ExplicitHealthCheckController: Explicit health check service is unbound
06-25 14:42:51.184   526   624 I RescueParty: Starting to observe: [android, com.android.systemui], updated namespace: app_compat
06-25 14:42:51.184   526   554 I PackageWatchdog: Syncing state, reason: observing new packages
06-25 14:42:51.184   526   554 D PackageWatchdog: rescue-party-observer added the following packages to monitor [android, com.android.systemui]
06-25 14:42:51.184   526   554 I PackageWatchdog: Syncing state, reason: updated observers
06-25 14:42:51.184   526   554 I PackageWatchdog: Not pruning observers, elapsed time: 0ms
06-25 14:42:51.184   526   554 I PackageWatchdog: Saving observer state to file
06-25 14:42:51.191   526   526 I PackageWatchdog: Syncing health check requests for packages: {}
06-25 14:42:51.191   526   526 I ExplicitHealthCheckController: Service not ready to get health check supported packages. Binding...
06-25 14:42:51.192   526   526 I ExplicitHealthCheckController: Explicit health check service is bound
06-25 14:42:51.193   526   526 I ExplicitHealthCheckController: Explicit health check service is connected ComponentInfo{com.google.android.ext.services/android.ext.services.watchdog.ExplicitHealthCheckServiceImpl}
06-25 14:42:51.193   526   526 I ExplicitHealthCheckController: Service initialized, syncing requests
06-25 14:42:51.193   526   526 I PackageWatchdog: Syncing health check requests for packages: {}
06-25 14:42:51.193   526   526 D ExplicitHealthCheckController: Getting health check supported packages
06-25 14:42:51.195   526  2143 I ExplicitHealthCheckController: Explicit health check supported packages [PackageConfig{com.google.android.networkstack, 86400000}]
06-25 14:42:51.195   526  2143 D PackageWatchdog: Received supported packages [PackageConfig{com.google.android.networkstack, 86400000}]
06-25 14:42:51.195   526  2143 D ExplicitHealthCheckController: Getting health check requested packages
06-25 14:42:51.195   526  2143 I ExplicitHealthCheckController: Explicit health check requested packages []
06-25 14:42:51.195   526  2143 I ExplicitHealthCheckController: No more health check requests, unbinding...
06-25 14:42:51.196   526  2143 I ExplicitHealthCheckController: Explicit health check service is unbound
06-25 14:42:51.219   526   624 I RescueParty: Starting to observe: [android], updated namespace: credential_manager
06-25 14:42:51.219   526   554 I PackageWatchdog: Syncing state, reason: observing new packages
06-25 14:42:51.219   526   554 D PackageWatchdog: rescue-party-observer added the following packages to monitor [android]
06-25 14:42:51.219   526   554 I PackageWatchdog: Syncing state, reason: updated observers
06-25 14:42:51.219   526   554 I PackageWatchdog: Saving observer state to file
06-25 14:42:51.221   526   526 I PackageWatchdog: Syncing health check requests for packages: {}
06-25 14:42:51.221   526   526 I ExplicitHealthCheckController: Service not ready to get health check supported packages. Binding...
06-25 14:42:51.223   526   526 I ExplicitHealthCheckController: Explicit health check service is bound
06-25 14:42:51.223   526   526 I PackageWatchdog: Syncing health check requests for packages: {}
06-25 14:42:51.224   526   526 I ExplicitHealthCheckController: Service not ready to get health check supported packages. Binding...
06-25 14:42:51.224   526   526 I ExplicitHealthCheckController: Not binding to service, service already connecting
06-25 14:42:51.226   526   526 I ExplicitHealthCheckController: Explicit health check service is connected ComponentInfo{com.google.android.ext.services/android.ext.services.watchdog.ExplicitHealthCheckServiceImpl}
06-25 14:42:51.226   526   526 I ExplicitHealthCheckController: Service initialized, syncing requests
06-25 14:42:51.226   526   526 I PackageWatchdog: Syncing health check requests for packages: {}
06-25 14:42:51.226   526   526 D ExplicitHealthCheckController: Getting health check supported packages
06-25 14:42:51.226   526  2143 I ExplicitHealthCheckController: Explicit health check supported packages [PackageConfig{com.google.android.networkstack, 86400000}]
06-25 14:42:51.226   526  2143 D PackageWatchdog: Received supported packages [PackageConfig{com.google.android.networkstack, 86400000}]
06-25 14:42:51.226   526  2143 D ExplicitHealthCheckController: Getting health check requested packages
06-25 14:42:51.227   526  1936 I ExplicitHealthCheckController: Explicit health check requested packages []
06-25 14:42:51.227   526  1936 I ExplicitHealthCheckController: No more health check requests, unbinding...
06-25 14:42:51.227   526  1936 I ExplicitHealthCheckController: Explicit health check service is unbound
06-25 14:42:51.231   526   624 I RescueParty: Starting to observe: [android], updated namespace: remote_key_provisioning_native
06-25 14:42:51.231   526   554 I PackageWatchdog: Syncing state, reason: observing new packages
06-25 14:42:51.231   526   554 D PackageWatchdog: rescue-party-observer added the following packages to monitor [android]
06-25 14:42:51.231   526   554 I PackageWatchdog: Syncing state, reason: updated observers
06-25 14:42:51.231   526   554 I PackageWatchdog: Not pruning observers, elapsed time: 0ms
06-25 14:42:51.231   526   554 I PackageWatchdog: Saving observer state to file
06-25 14:42:51.234   526   526 I PackageWatchdog: Syncing health check requests for packages: {}
06-25 14:42:51.234   526   526 I ExplicitHealthCheckController: Service not ready to get health check supported packages. Binding...
06-25 14:42:51.235   526   526 I ExplicitHealthCheckController: Explicit health check service is bound
06-25 14:42:51.239   526   624 I RescueParty: Starting to observe: [android, com.android.phone], updated namespace: telephony
06-25 14:42:51.239   526   526 I ExplicitHealthCheckController: Explicit health check service is connected ComponentInfo{com.google.android.ext.services/android.ext.services.watchdog.ExplicitHealthCheckServiceImpl}
06-25 14:42:51.239   526   526 I ExplicitHealthCheckController: Service initialized, syncing requests
06-25 14:42:51.239   526   554 I PackageWatchdog: Syncing state, reason: observing new packages
06-25 14:42:51.239   526   554 D PackageWatchdog: rescue-party-observer added the following packages to monitor [android, com.android.phone]
06-25 14:42:51.239   526   554 I PackageWatchdog: Syncing state, reason: updated observers
06-25 14:42:51.239   526   554 I PackageWatchdog: Not pruning observers, elapsed time: 0ms
06-25 14:42:51.239   526   554 I PackageWatchdog: Saving observer state to file
06-25 14:42:51.242   526   526 I PackageWatchdog: Syncing health check requests for packages: {}
06-25 14:42:51.242   526   526 D ExplicitHealthCheckController: Getting health check supported packages
06-25 14:42:51.242   526   526 I PackageWatchdog: Syncing health check requests for packages: {}
06-25 14:42:51.242   526   526 D ExplicitHealthCheckController: Getting health check supported packages
06-25 14:42:51.242   526  1936 I ExplicitHealthCheckController: Explicit health check supported packages [PackageConfig{com.google.android.networkstack, 86400000}]
06-25 14:42:51.242   526  1936 D PackageWatchdog: Received supported packages [PackageConfig{com.google.android.networkstack, 86400000}]
06-25 14:42:51.242   526  1936 D ExplicitHealthCheckController: Getting health check requested packages
06-25 14:42:51.243   526  2225 I ExplicitHealthCheckController: Explicit health check supported packages [PackageConfig{com.google.android.networkstack, 86400000}]
06-25 14:42:51.243   526  2225 D PackageWatchdog: Received supported packages [PackageConfig{com.google.android.networkstack, 86400000}]
06-25 14:42:51.243   526  2225 D ExplicitHealthCheckController: Getting health check requested packages
06-25 14:42:51.244   526  1936 I ExplicitHealthCheckController: Explicit health check requested packages []
06-25 14:42:51.244   526  1936 I ExplicitHealthCheckController: No more health check requests, unbinding...
06-25 14:42:51.244   526  2143 I ExplicitHealthCheckController: Explicit health check requested packages []
06-25 14:42:51.245   526  1936 I ExplicitHealthCheckController: Explicit health check service is unbound
06-25 14:42:51.245   526  2143 I ExplicitHealthCheckController: No more health check requests, unbinding...
06-25 14:42:51.245   526  2143 I ExplicitHealthCheckController: Explicit health check service is unbound
06-25 14:42:51.259   526   624 I RescueParty: Starting to observe: [android], updated namespace: media_better_together
06-25 14:42:51.259   526   554 I PackageWatchdog: Syncing state, reason: observing new packages
06-25 14:42:51.259   526   554 D PackageWatchdog: rescue-party-observer added the following packages to monitor [android]
06-25 14:42:51.259   526   554 I PackageWatchdog: Syncing state, reason: updated observers
06-25 14:42:51.259   526   554 I PackageWatchdog: Not pruning observers, elapsed time: 0ms
06-25 14:42:51.259   526   554 I PackageWatchdog: Saving observer state to file
06-25 14:42:51.264   526   624 I RescueParty: Starting to observe: [android], updated namespace: health_fitness
06-25 14:42:51.264   526   526 I PackageWatchdog: Syncing health check requests for packages: {}
06-25 14:42:51.264   526   526 I ExplicitHealthCheckController: Service not ready to get health check supported packages. Binding...
06-25 14:42:51.264   526   554 I PackageWatchdog: Syncing state, reason: observing new packages
06-25 14:42:51.264   526   554 D PackageWatchdog: rescue-party-observer added the following packages to monitor [android]
06-25 14:42:51.264   526   554 I PackageWatchdog: Syncing state, reason: updated observers
06-25 14:42:51.264   526   554 I PackageWatchdog: Saving observer state to file
06-25 14:42:51.265   526   526 I ExplicitHealthCheckController: Explicit health check service is bound
06-25 14:42:51.266   526   526 I PackageWatchdog: Syncing health check requests for packages: {}
06-25 14:42:51.266   526   526 I ExplicitHealthCheckController: Service not ready to get health check supported packages. Binding...
06-25 14:42:51.266   526   526 I ExplicitHealthCheckController: Not binding to service, service already connecting
06-25 14:42:51.267   526   526 I ExplicitHealthCheckController: Explicit health check service is connected ComponentInfo{com.google.android.ext.services/android.ext.services.watchdog.ExplicitHealthCheckServiceImpl}
06-25 14:42:51.267   526   526 I ExplicitHealthCheckController: Service initialized, syncing requests
06-25 14:42:51.267   526   526 I PackageWatchdog: Syncing health check requests for packages: {}
06-25 14:42:51.267   526   526 D ExplicitHealthCheckController: Getting health check supported packages
06-25 14:42:51.268   526  1936 I ExplicitHealthCheckController: Explicit health check supported packages [PackageConfig{com.google.android.networkstack, 86400000}]
06-25 14:42:51.268   526  1936 D PackageWatchdog: Received supported packages [PackageConfig{com.google.android.networkstack, 86400000}]
06-25 14:42:51.268   526  1936 D ExplicitHealthCheckController: Getting health check requested packages
06-25 14:42:51.268   526  1936 I ExplicitHealthCheckController: Explicit health check requested packages []
06-25 14:42:51.268   526  1936 I ExplicitHealthCheckController: No more health check requests, unbinding...
06-25 14:42:51.269   526  1936 I ExplicitHealthCheckController: Explicit health check service is unbound
06-25 14:42:51.275   526   624 I RescueParty: Starting to observe: [android], updated namespace: app_standby
06-25 14:42:51.275   526   554 I PackageWatchdog: Syncing state, reason: observing new packages
06-25 14:42:51.275   526   554 D PackageWatchdog: rescue-party-observer added the following packages to monitor [android]
06-25 14:42:51.275   526   554 I PackageWatchdog: Syncing state, reason: updated observers
06-25 14:42:51.275   526   554 I PackageWatchdog: Not pruning observers, elapsed time: 0ms
06-25 14:42:51.275   526   554 I PackageWatchdog: Saving observer state to file
06-25 14:42:51.279   526   611 D CompatibilityChangeReporter: Compat change id reported: 218533173; UID 10087; state: ENABLED
06-25 14:42:51.279   526   611 D CompatibilityChangeReporter: Compat change id reported: 262645982; UID 10087; state: ENABLED
06-25 14:42:51.283  7404  7602 I Maestro : Skipping invisible child: android.view.accessibility.AccessibilityNodeInfo@13b70; boundsInParent: Rect(0, 0 - 320, 0); boundsInScreen: Rect(0, 640 - 320, 640); boundsInWindow: Rect(0, 640 - 320, 640); packageName: com.google.android.inputmethod.latin; className: android.widget.FrameLayout; text: null; error: null; maxTextLength: -1; stateDescription: null; contentDescription: null; tooltipText: null; containerTitle: null; viewIdResName: com.google.android.inputmethod.latin:id/0_resource_name_obfuscated; uniqueId: null; checkable: false; checked: false; focusable: false; focused: false; selected: false; clickable: false; longClickable: false; contextClickable: false; enabled: true; password: false; scrollable: false; importantForAccessibility: false; visible: false; actions: [AccessibilityAction: ACTION_SELECT - null, AccessibilityAction: ACTION_CLEAR_SELECTION - null, AccessibilityAction: ACTION_ACCESSIBILITY_FOCUS - null, AccessibilityAction: ACTION_SHOW_ON_SCREEN - null]; isTextSelectable: false
06-25 14:42:51.283   526   526 I PackageWatchdog: Syncing health check requests for packages: {}
06-25 14:42:51.283   526   526 I ExplicitHealthCheckController: Service not ready to get health check supported packages. Binding...
06-25 14:42:51.286   526   526 I ExplicitHealthCheckController: Explicit health check service is bound
06-25 14:42:51.286   526   526 I ExplicitHealthCheckController: Explicit health check service is connected ComponentInfo{com.google.android.ext.services/android.ext.services.watchdog.ExplicitHealthCheckServiceImpl}
06-25 14:42:51.286   526   526 I ExplicitHealthCheckController: Service initialized, syncing requests
06-25 14:42:51.286   526   526 I PackageWatchdog: Syncing health check requests for packages: {}
06-25 14:42:51.286   526   526 D ExplicitHealthCheckController: Getting health check supported packages
06-25 14:42:51.286   526  1936 I ExplicitHealthCheckController: Explicit health check supported packages [PackageConfig{com.google.android.networkstack, 86400000}]
06-25 14:42:51.287   526  1936 D PackageWatchdog: Received supported packages [PackageConfig{com.google.android.networkstack, 86400000}]
06-25 14:42:51.287   526  1936 D ExplicitHealthCheckController: Getting health check requested packages
06-25 14:42:51.287   526  1936 I ExplicitHealthCheckController: Explicit health check requested packages []
06-25 14:42:51.287   526  1936 I ExplicitHealthCheckController: No more health check requests, unbinding...
06-25 14:42:51.289   526  1936 I ExplicitHealthCheckController: Explicit health check service is unbound
06-25 14:42:51.290   526   611 D CompatibilityChangeReporter: Compat change id reported: 218533173; UID 10199; state: ENABLED
06-25 14:42:51.290   526   611 D CompatibilityChangeReporter: Compat change id reported: 262645982; UID 10199; state: ENABLED
06-25 14:42:51.291  7404  7602 I Maestro : Skipping invisible child: android.view.accessibility.AccessibilityNodeInfo@13f31; boundsInParent: Rect(0, 0 - 320, 0); boundsInScreen: Rect(0, 640 - 320, 640); boundsInWindow: Rect(0, 640 - 320, 640); packageName: com.google.android.inputmethod.latin; className: android.view.View; text: null; error: null; maxTextLength: -1; stateDescription: null; contentDescription: null; tooltipText: null; containerTitle: null; viewIdResName: com.google.android.inputmethod.latin:id/0_resource_name_obfuscated; uniqueId: null; checkable: false; checked: false; focusable: false; focused: false; selected: false; clickable: true; longClickable: false; contextClickable: false; enabled: true; password: false; scrollable: false; importantForAccessibility: true; visible: false; actions: [AccessibilityAction: ACTION_SELECT - null, AccessibilityAction: ACTION_CLEAR_SELECTION - null, AccessibilityAction: ACTION_CLICK - null, AccessibilityAction: ACTION_ACCESSIBILITY_FOCUS - null, AccessibilityAction: ACTION_SHOW_ON_SCREEN - null]; isTextSelectable: false
06-25 14:42:51.291   526   611 D CompatibilityChangeReporter: Compat change id reported: 218533173; UID 10192; state: ENABLED
06-25 14:42:51.292   526   611 D CompatibilityChangeReporter: Compat change id reported: 262645982; UID 10192; state: ENABLED
06-25 14:42:51.294  7404  7602 I Maestro : Skipping invisible child: android.view.accessibility.AccessibilityNodeInfo@9283; boundsInParent: Rect(0, 0 - 320, 0); boundsInScreen: Rect(0, 640 - 320, 640); boundsInWindow: Rect(0, 640 - 320, 640); packageName: com.google.android.inputmethod.latin; className: android.widget.FrameLayout; text: null; error: null; maxTextLength: -1; stateDescription: null; contentDescription: null; tooltipText: null; containerTitle: null; viewIdResName: null; uniqueId: null; checkable: false; checked: false; focusable: false; focused: false; selected: false; clickable: false; longClickable: false; contextClickable: false; enabled: true; password: false; scrollable: false; importantForAccessibility: false; visible: false; actions: [AccessibilityAction: ACTION_SELECT - null, AccessibilityAction: ACTION_CLEAR_SELECTION - null, AccessibilityAction: ACTION_ACCESSIBILITY_FOCUS - null, AccessibilityAction: ACTION_SHOW_ON_SCREEN - null]; isTextSelectable: false
06-25 14:42:51.294  7404  7602 D Maestro : View hierarchy received in 189 ms
06-25 14:42:51.299   526   624 I RescueParty: Starting to observe: [com.google.android.apps.nexuslauncher], updated namespace: launcher
06-25 14:42:51.299   526   554 I PackageWatchdog: Syncing state, reason: observing new packages
06-25 14:42:51.300   526   554 D PackageWatchdog: rescue-party-observer added the following packages to monitor [com.google.android.apps.nexuslauncher]
06-25 14:42:51.300   526   554 I PackageWatchdog: Syncing state, reason: updated observers
06-25 14:42:51.300   526   554 I PackageWatchdog: Not pruning observers, elapsed time: 0ms
06-25 14:42:51.300   526   554 I PackageWatchdog: Saving observer state to file
06-25 14:42:51.301  1104  1104 I ActivityThread: Schedule relaunch activity: com.google.android.apps.nexuslauncher.NexusLauncherActivity
06-25 14:42:51.302   526   526 I PackageWatchdog: Syncing health check requests for packages: {}
06-25 14:42:51.302   526   526 I ExplicitHealthCheckController: Service not ready to get health check supported packages. Binding...
06-25 14:42:51.304   526   526 I ExplicitHealthCheckController: Explicit health check service is bound
06-25 14:42:51.305  1104  1104 D b/254119092: clearActivity
06-25 14:42:51.305  1104  1104 D b/254119092: mActivity and mContext agree taskbarIsPresent=false
06-25 14:42:51.305   526   526 I ExplicitHealthCheckController: Explicit health check service is connected ComponentInfo{com.google.android.ext.services/android.ext.services.watchdog.ExplicitHealthCheckServiceImpl}
06-25 14:42:51.305   526   526 I ExplicitHealthCheckController: Service initialized, syncing requests
06-25 14:42:51.305   526   526 I PackageWatchdog: Syncing health check requests for packages: {}
06-25 14:42:51.305   526   526 D ExplicitHealthCheckController: Getting health check supported packages
06-25 14:42:51.305   526  2225 I ExplicitHealthCheckController: Explicit health check supported packages [PackageConfig{com.google.android.networkstack, 86400000}]
06-25 14:42:51.306   526  2225 D PackageWatchdog: Received supported packages [PackageConfig{com.google.android.networkstack, 86400000}]
06-25 14:42:51.306   526  2225 D ExplicitHealthCheckController: Getting health check requested packages
06-25 14:42:51.306   526  1936 I ExplicitHealthCheckController: Explicit health check requested packages []
06-25 14:42:51.306   526  1936 I ExplicitHealthCheckController: No more health check requests, unbinding...
06-25 14:42:51.307  1104  1104 W WindowOnBackDispatcher: sendCancelIfRunning: isInProgress=falsecallback=android.view.ViewRootImpl$$ExternalSyntheticLambda17@cae1db3
06-25 14:42:51.308   526  1936 I ExplicitHealthCheckController: Explicit health check service is unbound
06-25 14:42:51.308   526  2225 D SearchUiPerUserService: Removing callback for session Id=com.google.android.apps.nexuslauncher:3f50abf3-6960-426a-9690-163a5be28fbd,0 and callback=android.os.BinderProxy@b8bee82
06-25 14:42:51.309   526  1936 D SearchUiPerUserService: Removing all callbacks for session Id=com.google.android.apps.nexuslauncher:3f50abf3-6960-426a-9690-163a5be28fbd,0 and 0 callbacks.
06-25 14:42:51.309   526  2143 D CoreBackPreview: Window{5752f39 u0 com.google.android.apps.nexuslauncher/com.google.android.apps.nexuslauncher.NexusLauncherActivity}: Setting back callback null
06-25 14:42:51.311   526  2143 W InputManager-JNI: Input channel object '5752f39 com.google.android.apps.nexuslauncher/com.google.android.apps.nexuslauncher.NexusLauncherActivity (client)' was disposed without first being removed with the input manager!
06-25 14:42:51.321  7541  7560 D EGL_emulation: app_time_stats: avg=503.20ms min=499.62ms max=506.78ms count=2
06-25 14:42:51.334  1104  1104 W WindowOnBackDispatcher: OnBackInvokedCallback is not enabled for the application.
06-25 14:42:51.334  1104  1104 W WindowOnBackDispatcher: Set 'android:enableOnBackInvokedCallback="true"' in the application manifest.
06-25 14:42:51.343   526   624 I RescueParty: Starting to observe: [android], updated namespace: configuration
06-25 14:42:51.347   526   554 I PackageWatchdog: Syncing state, reason: observing new packages
06-25 14:42:51.347   526   554 D PackageWatchdog: rescue-party-observer added the following packages to monitor [android]
06-25 14:42:51.347   526   554 I PackageWatchdog: Syncing state, reason: updated observers
06-25 14:42:51.347   526   554 I PackageWatchdog: Not pruning observers, elapsed time: 0ms
06-25 14:42:51.347   526   526 I PackageWatchdog: Syncing health check requests for packages: {}
06-25 14:42:51.347   526   526 I ExplicitHealthCheckController: Service not ready to get health check supported packages. Binding...
06-25 14:42:51.349   526   526 I ExplicitHealthCheckController: Explicit health check service is bound
06-25 14:42:51.349   526   526 I PackageWatchdog: Syncing health check requests for packages: {}
06-25 14:42:51.349   526   526 I ExplicitHealthCheckController: Service not ready to get health check supported packages. Binding...
06-25 14:42:51.349   526   526 I ExplicitHealthCheckController: Not binding to service, service already connecting
06-25 14:42:51.349   526   554 I PackageWatchdog: Saving observer state to file
06-25 14:42:51.353   526   526 I ExplicitHealthCheckController: Explicit health check service is connected ComponentInfo{com.google.android.ext.services/android.ext.services.watchdog.ExplicitHealthCheckServiceImpl}
06-25 14:42:51.353   526   526 I ExplicitHealthCheckController: Service initialized, syncing requests
06-25 14:42:51.354   526   526 I PackageWatchdog: Syncing health check requests for packages: {}
06-25 14:42:51.354   526   526 D ExplicitHealthCheckController: Getting health check supported packages
06-25 14:42:51.354   526  2143 I ExplicitHealthCheckController: Explicit health check supported packages [PackageConfig{com.google.android.networkstack, 86400000}]
06-25 14:42:51.355   526  2143 D PackageWatchdog: Received supported packages [PackageConfig{com.google.android.networkstack, 86400000}]
06-25 14:42:51.355   526  2143 D ExplicitHealthCheckController: Getting health check requested packages
06-25 14:42:51.355   526  2143 I ExplicitHealthCheckController: Explicit health check requested packages []
06-25 14:42:51.355   526  2143 I ExplicitHealthCheckController: No more health check requests, unbinding...
06-25 14:42:51.358   526   624 I RescueParty: Starting to observe: [android], updated namespace: companion
06-25 14:42:51.359   526  2143 I ExplicitHealthCheckController: Explicit health check service is unbound
06-25 14:42:51.360   526   554 I PackageWatchdog: Syncing state, reason: observing new packages
06-25 14:42:51.360   526   526 I PackageWatchdog: Syncing health check requests for packages: {}
06-25 14:42:51.361   526   526 I ExplicitHealthCheckController: Service not ready to get health check supported packages. Binding...
06-25 14:42:51.362   526   526 I ExplicitHealthCheckController: Explicit health check service is bound
06-25 14:42:51.363   526   554 D PackageWatchdog: rescue-party-observer added the following packages to monitor [android]
06-25 14:42:51.363   526   554 I PackageWatchdog: Syncing state, reason: updated observers
06-25 14:42:51.363   526   554 I PackageWatchdog: Saving observer state to file
06-25 14:42:51.368   526   624 I RescueParty: Starting to observe: [android], updated namespace: package_manager_service
06-25 14:42:51.372  1104  1140 I AiAiSuggestUi: Connecting to system intelligence module.
06-25 14:42:51.377   526   554 I PackageWatchdog: Syncing state, reason: observing new packages
06-25 14:42:51.378   526   554 D PackageWatchdog: rescue-party-observer added the following packages to monitor [android]
