--------- beginning of main
06-25 14:42:50.454  1735  2686 I A       : Skipping. Expected model: 2 Found: 1
06-25 14:42:50.454  1735  2686 I A       : Adding from config to map. Locale: zh-TW modelPrefix: x_google Location:4e7cae00daee30ec565c34e3aa67a51f isSpeakerIdSupported: true
06-25 14:42:50.455  1735  2686 I A       : Using proto config with mendel
06-25 14:42:50.455  1735  2686 I A       : Using proto config with mendel
06-25 14:42:50.455  1735  2686 I A       : Using proto config with mendel
06-25 14:42:50.456  1735  2686 I MicroDetectionState: Should stop hotword detection immediately - true
06-25 14:42:50.462  1735  2234 W CronetNetworkRqstWrppr: Upload request without a content type.
06-25 14:42:50.468  1735  2254 W LocationOracle: No location returned by GMS core getLastLocation()
06-25 14:42:50.470  1735  2555 I NetworkRecognitionRnr: Using pair HTTP connection
06-25 14:42:50.471  1735  7677 I A       : [Upload] Connected
06-25 14:42:50.471  1735  1735 E A       : onError
06-25 14:42:50.471  1735  1735 E A       : com.google.android.apps.gsa.shared.speech.a.m: errorCode: 65561, engine: 2
06-25 14:42:50.471  1735  1735 E A       : 	at com.google.android.apps.gsa.staticplugins.dc.a.e.a(PG:3)
06-25 14:42:50.471  1735  1735 E A       : 	at com.google.android.apps.gsa.s3.n.hh(PG:1)
06-25 14:42:50.471  1735  1735 E A       : 	at com.google.cd.g.a.f.e(PG:2)
06-25 14:42:50.471  1735  1735 E A       : 	at com.google.android.apps.gsa.speech.k.a.g.d(PG:22)
06-25 14:42:50.471  1735  1735 E A       : 	at com.google.android.apps.gsa.speech.k.a.g.ks(PG:6)
06-25 14:42:50.471  1735  1735 E A       : 	at com.google.android.apps.gsa.s3.o.e(PG:14)
06-25 14:42:50.471  1735  1735 E A       : 	at com.google.android.apps.gsa.s3.p.run(PG:1)
06-25 14:42:50.471  1735  1735 E A       : 	at java.util.concurrent.Executors$RunnableAdapter.call(Executors.java:487)
06-25 14:42:50.471  1735  1735 E A       : 	at java.util.concurrent.FutureTask.run(FutureTask.java:264)
06-25 14:42:50.471  1735  1735 E A       : 	at com.google.android.apps.gsa.shared.util.c.a.e.run(PG:2)
06-25 14:42:50.471  1735  1735 E A       : 	at com.google.android.apps.gsa.shared.util.c.a.bi.run(PG:1)
06-25 14:42:50.471  1735  1735 E A       : 	at com.google.android.apps.gsa.shared.util.c.a.bi.run(PG:1)
06-25 14:42:50.471  1735  1735 E A       : 	at java.util.concurrent.ThreadPoolExecutor.runWorker(ThreadPoolExecutor.java:1145)
06-25 14:42:50.471  1735  1735 E A       : 	at java.util.concurrent.ThreadPoolExecutor$Worker.run(ThreadPoolExecutor.java:644)
06-25 14:42:50.471  1735  1735 E A       : 	at java.lang.Thread.run(Thread.java:1012)
06-25 14:42:50.471  1735  1735 E A       : 	at com.google.android.apps.gsa.shared.util.c.a.l.run(PG:5)
06-25 14:42:50.471  1735  1735 E A       : Caused by: com.google.android.apps.gsa.shared.speech.a.o: errorCode: 65586, engine: 2
06-25 14:42:50.471  1735  1735 E A       : 	... 15 more
06-25 14:42:50.471  1735  1735 E A       : Caused by: com.google.android.apps.gsa.shared.speech.a.k: errorCode: 401, engine: 2
06-25 14:42:50.471  1735  1735 E A       : 	at com.google.android.apps.gsa.assistant.shared.n.h.a(PG:5)
06-25 14:42:50.471  1735  1735 E A       : 	at com.google.android.apps.gsa.s3.producers.j.hE(PG:2)
06-25 14:42:50.471  1735  1735 E A       : 	at com.google.android.apps.gsa.speech.k.a.g.d(PG:16)
06-25 14:42:50.471  1735  1735 E A       : 	... 12 more
06-25 14:42:50.473  7404  7602 W QueryController: Could not detect idle state.
06-25 14:42:50.478  1735  1735 W A       : Failed to sync device settings.
06-25 14:42:50.478  1735  1735 I A       : Retrying to sync device settings.
--------- beginning of system
06-25 14:42:50.486   526   624 I RescueParty: Starting to observe: [com.google.android.ext.services, com.google.android.providers.media.module, android], updated namespace: storage_native_boot
06-25 14:42:50.486   526   554 I PackageWatchdog: Syncing state, reason: observing new packages
06-25 14:42:50.486   526   554 D PackageWatchdog: rescue-party-observer added the following packages to monitor [com.google.android.ext.services, com.google.android.providers.media.module, android]
06-25 14:42:50.486   526   554 I PackageWatchdog: Syncing state, reason: updated observers
06-25 14:42:50.486   526   554 I PackageWatchdog: Not pruning observers, elapsed time: 0ms
06-25 14:42:50.486   526   554 I PackageWatchdog: Saving observer state to file
06-25 14:42:50.489  7404  7602 W QueryController: Could not detect idle state.
06-25 14:42:50.490  1637  1850 I MediaApplication: PhotoPickerSettingsActivity is now disabled.
06-25 14:42:50.492  1637  1850 I TranscodeHelper: Empty transcode compat stale
06-25 14:42:50.495   526  2225 W JobScheduler: Job didn't exist in JobStore: daf884 #u0a132/-353 com.google.android.googlequicksearchbox/com.google.android.apps.gsa.tasks.BackgroundTasksJobService
06-25 14:42:50.500   526   526 I PackageWatchdog: Syncing health check requests for packages: {}
06-25 14:42:50.500   526   526 I ExplicitHealthCheckController: Service not ready to get health check supported packages. Binding...
06-25 14:42:50.502   526   526 I ExplicitHealthCheckController: Explicit health check service is bound
06-25 14:42:50.503   526   526 I ExplicitHealthCheckController: Explicit health check service is connected ComponentInfo{com.google.android.ext.services/android.ext.services.watchdog.ExplicitHealthCheckServiceImpl}
06-25 14:42:50.503   526   526 I ExplicitHealthCheckController: Service initialized, syncing requests
06-25 14:42:50.503   526   526 I PackageWatchdog: Syncing health check requests for packages: {}
06-25 14:42:50.503   526   526 D ExplicitHealthCheckController: Getting health check supported packages
06-25 14:42:50.503   526  2225 I ExplicitHealthCheckController: Explicit health check supported packages [PackageConfig{com.google.android.networkstack, 86400000}]
06-25 14:42:50.503  7404  7602 W UiDevice: Skipping wait as package ${APP_ID} does not match current window com.hanapkalinga.mobile.
06-25 14:42:50.503   526  2225 D PackageWatchdog: Received supported packages [PackageConfig{com.google.android.networkstack, 86400000}]
06-25 14:42:50.503   526  2225 D ExplicitHealthCheckController: Getting health check requested packages
06-25 14:42:50.504  1637  1850 I TranscodeHelper: Parsed 0 packages from resource
06-25 14:42:50.504  1637  1850 I TranscodeHelper: Parsed 8 packages from device config
06-25 14:42:50.504  1637  1850 I MediaProvider: Changed PhotoPickerGetContentActivity component state to STATE_ENABLED ( 1 )
06-25 14:42:50.505   526  2225 I ExplicitHealthCheckController: Explicit health check requested packages []
06-25 14:42:50.505   526  2225 I ExplicitHealthCheckController: No more health check requests, unbinding...
06-25 14:42:50.505   526  2225 I ExplicitHealthCheckController: Explicit health check service is unbound
06-25 14:42:50.508   526  7299 E SettingsToPropertiesMapper: key=persist.device_config.storage_native_boot.transcode_compat_manifest value=com.yelp.android,0,com.yy.biu,0,com.groupme.android,0,air.tv.douyu.android,0,com.baidu.mbaby,0,com.vlocker.locker,0,com.znxh.hyhuo,0,com.yixia.xiaokaxiu,0 exceeds system property max length.
06-25 14:42:50.508  1637  1850 I MediaProvider: Changed PhotoPickerUserSelectActivity component state to STATE_ENABLED ( 1 )
06-25 14:42:50.514  7404  7602 W QueryController: Could not detect idle state.
06-25 14:42:50.520  7404  7602 W QueryController: Could not detect idle state.
06-25 14:42:50.525  7404  7602 W UiDevice: Skipping wait as package ${APP_ID} does not match current window com.hanapkalinga.mobile.
06-25 14:42:50.528   526   624 I RescueParty: Starting to observe: [android], updated namespace: surface_flinger_native_boot
06-25 14:42:50.528   526   554 I PackageWatchdog: Syncing state, reason: observing new packages
06-25 14:42:50.528   526   554 D PackageWatchdog: rescue-party-observer added the following packages to monitor [android]
06-25 14:42:50.528   526   554 I PackageWatchdog: Syncing state, reason: updated observers
06-25 14:42:50.528   526   554 I PackageWatchdog: Not pruning observers, elapsed time: 0ms
06-25 14:42:50.528   526   554 I PackageWatchdog: Saving observer state to file
06-25 14:42:50.532   526   526 I PackageWatchdog: Syncing health check requests for packages: {}
06-25 14:42:50.532   526   526 I ExplicitHealthCheckController: Service not ready to get health check supported packages. Binding...
06-25 14:42:50.536   526   526 I ExplicitHealthCheckController: Explicit health check service is bound
06-25 14:42:50.537   526   624 I RescueParty: Starting to observe: [android], updated namespace: activity_manager_native_boot
06-25 14:42:50.538   526   526 I ExplicitHealthCheckController: Explicit health check service is connected ComponentInfo{com.google.android.ext.services/android.ext.services.watchdog.ExplicitHealthCheckServiceImpl}
06-25 14:42:50.538   526   526 I ExplicitHealthCheckController: Service initialized, syncing requests
06-25 14:42:50.539   526   526 I PackageWatchdog: Syncing health check requests for packages: {}
06-25 14:42:50.539   526   526 D ExplicitHealthCheckController: Getting health check supported packages
06-25 14:42:50.540   526   925 I ExplicitHealthCheckController: Explicit health check supported packages [PackageConfig{com.google.android.networkstack, 86400000}]
06-25 14:42:50.540   526   925 D PackageWatchdog: Received supported packages [PackageConfig{com.google.android.networkstack, 86400000}]
06-25 14:42:50.540   526   925 D ExplicitHealthCheckController: Getting health check requested packages
06-25 14:42:50.540   526   925 I ExplicitHealthCheckController: Explicit health check requested packages []
06-25 14:42:50.540   526   925 I ExplicitHealthCheckController: No more health check requests, unbinding...
06-25 14:42:50.540   526   925 I ExplicitHealthCheckController: Explicit health check service is unbound
06-25 14:42:50.540   526   554 I PackageWatchdog: Syncing state, reason: observing new packages
06-25 14:42:50.540   526   526 I PackageWatchdog: Syncing health check requests for packages: {}
06-25 14:42:50.540   526   526 I ExplicitHealthCheckController: Service not ready to get health check supported packages. Binding...
06-25 14:42:50.542   526   526 I ExplicitHealthCheckController: Explicit health check service is bound
06-25 14:42:50.542   526   526 I ExplicitHealthCheckController: Explicit health check service is connected ComponentInfo{com.google.android.ext.services/android.ext.services.watchdog.ExplicitHealthCheckServiceImpl}
06-25 14:42:50.542   526   526 I ExplicitHealthCheckController: Service initialized, syncing requests
06-25 14:42:50.542   526   526 I PackageWatchdog: Syncing health check requests for packages: {}
06-25 14:42:50.542   526   526 D ExplicitHealthCheckController: Getting health check supported packages
06-25 14:42:50.542   526   554 D PackageWatchdog: rescue-party-observer added the following packages to monitor [android]
06-25 14:42:50.542   526   554 I PackageWatchdog: Syncing state, reason: updated observers
06-25 14:42:50.542   526   526 I PackageWatchdog: Syncing health check requests for packages: {}
06-25 14:42:50.542   526   526 D ExplicitHealthCheckController: Getting health check supported packages
06-25 14:42:50.542   526   925 I ExplicitHealthCheckController: Explicit health check supported packages [PackageConfig{com.google.android.networkstack, 86400000}]
06-25 14:42:50.542   526   925 D PackageWatchdog: Received supported packages [PackageConfig{com.google.android.networkstack, 86400000}]
06-25 14:42:50.542   526   925 D ExplicitHealthCheckController: Getting health check requested packages
06-25 14:42:50.543   526   925 I ExplicitHealthCheckController: Explicit health check requested packages []
06-25 14:42:50.543   526   925 I ExplicitHealthCheckController: No more health check requests, unbinding...
06-25 14:42:50.543   526  2225 I ExplicitHealthCheckController: Explicit health check supported packages [PackageConfig{com.google.android.networkstack, 86400000}]
06-25 14:42:50.543   526  2225 D PackageWatchdog: Received supported packages [PackageConfig{com.google.android.networkstack, 86400000}]
06-25 14:42:50.543   526   925 I ExplicitHealthCheckController: Explicit health check service is unbound
06-25 14:42:50.543   526  2225 I ExplicitHealthCheckController: Service not ready to get health check requested packages. Binding...
06-25 14:42:50.543   526   554 I PackageWatchdog: Saving observer state to file
06-25 14:42:50.544   526  2225 I ExplicitHealthCheckController: Explicit health check service is bound
06-25 14:42:50.547   526   526 I ExplicitHealthCheckController: Explicit health check service is connected ComponentInfo{com.google.android.ext.services/android.ext.services.watchdog.ExplicitHealthCheckServiceImpl}
06-25 14:42:50.547   526   526 I ExplicitHealthCheckController: Service initialized, syncing requests
06-25 14:42:50.552  7404  7602 W QueryController: Could not detect idle state.
06-25 14:42:50.557   526   526 I PackageWatchdog: Syncing health check requests for packages: {}
06-25 14:42:50.557   526   526 D ExplicitHealthCheckController: Getting health check supported packages
06-25 14:42:50.557   526  2143 I ExplicitHealthCheckController: Explicit health check supported packages [PackageConfig{com.google.android.networkstack, 86400000}]
06-25 14:42:50.557   526  2143 D PackageWatchdog: Received supported packages [PackageConfig{com.google.android.networkstack, 86400000}]
06-25 14:42:50.557   526  2143 D ExplicitHealthCheckController: Getting health check requested packages
06-25 14:42:50.557   526  2143 I ExplicitHealthCheckController: Explicit health check requested packages []
06-25 14:42:50.557   526  2143 I ExplicitHealthCheckController: No more health check requests, unbinding...
06-25 14:42:50.558   526  2143 I ExplicitHealthCheckController: Explicit health check service is unbound
06-25 14:42:50.559  7404  7602 W QueryController: Could not detect idle state.
06-25 14:42:50.566  7404  7602 W UiDevice: Skipping wait as package ${APP_ID} does not match current window com.hanapkalinga.mobile.
06-25 14:42:50.567   526   624 I RescueParty: Starting to observe: [android], updated namespace: runtime_native_boot
06-25 14:42:50.568   526   554 I PackageWatchdog: Syncing state, reason: observing new packages
06-25 14:42:50.568   526   554 D PackageWatchdog: rescue-party-observer added the following packages to monitor [android]
06-25 14:42:50.568   526   554 I PackageWatchdog: Syncing state, reason: updated observers
06-25 14:42:50.570   526   554 I PackageWatchdog: Saving observer state to file
06-25 14:42:50.571   526   526 I PackageWatchdog: Syncing health check requests for packages: {}
06-25 14:42:50.571   526   526 I ExplicitHealthCheckController: Service not ready to get health check supported packages. Binding...
06-25 14:42:50.575   526   526 I ExplicitHealthCheckController: Explicit health check service is bound
06-25 14:42:50.578  7404  7602 W QueryController: Could not detect idle state.
06-25 14:42:50.578  4998  7675 I bwir    : updateFromConfigurations using legacy put method [CONTEXT service_id=204 ]
06-25 14:42:50.583  7404  7602 W QueryController: Could not detect idle state.
06-25 14:42:50.591  7404  7602 W UiDevice: Skipping wait as package ${APP_ID} does not match current window com.hanapkalinga.mobile.
06-25 14:42:50.591   526   526 I PackageWatchdog: Syncing health check requests for packages: {}
06-25 14:42:50.591   526   526 I ExplicitHealthCheckController: Service not ready to get health check supported packages. Binding...
06-25 14:42:50.591   526   526 I ExplicitHealthCheckController: Not binding to service, service already connecting
06-25 14:42:50.591   526   526 I ExplicitHealthCheckController: Explicit health check service is connected ComponentInfo{com.google.android.ext.services/android.ext.services.watchdog.ExplicitHealthCheckServiceImpl}
06-25 14:42:50.591   526   526 I ExplicitHealthCheckController: Service initialized, syncing requests
06-25 14:42:50.591   526   526 I PackageWatchdog: Syncing health check requests for packages: {}
06-25 14:42:50.591   526   526 D ExplicitHealthCheckController: Getting health check supported packages
06-25 14:42:50.592   526  2225 I ExplicitHealthCheckController: Explicit health check supported packages [PackageConfig{com.google.android.networkstack, 86400000}]
06-25 14:42:50.592   526  2225 D PackageWatchdog: Received supported packages [PackageConfig{com.google.android.networkstack, 86400000}]
06-25 14:42:50.592   526  2225 D ExplicitHealthCheckController: Getting health check requested packages
06-25 14:42:50.592   526  2225 I ExplicitHealthCheckController: Explicit health check requested packages []
06-25 14:42:50.592   526  2225 I ExplicitHealthCheckController: No more health check requests, unbinding...
06-25 14:42:50.592   526  2225 I ExplicitHealthCheckController: Explicit health check service is unbound
06-25 14:42:50.603  4998  7675 I NamespaceManager: Package com.android.refreshratecontrol name not found! Using module version.
06-25 14:42:50.603  4998  7675 I NamespaceManager: Package com.google.oslo name not found! Using module version.
06-25 14:42:50.603  4998  7675 I NamespaceManager: Package com.android.media name not found! Using module version.
06-25 14:42:50.603  4998  7675 I NamespaceManager: Package com.android.media.swcodec name not found! Using module version.
06-25 14:42:50.604  4998  7675 I NamespaceManager: Package com.android.neuralnetworks name not found! Using module version.
06-25 14:42:50.604  4998  7675 I NamespaceManager: Package com.android.media name not found! Using module version.
06-25 14:42:50.604  4998  7675 I NamespaceManager: Package 1 name not found! Using module version.
06-25 14:42:50.604  4998  7675 I NamespaceManager: Package rkpd name not found! Using module version.
06-25 14:42:50.604  4998  7675 I NamespaceManager: Package android.companion name not found! Using module version.
06-25 14:42:50.604  4998  7675 I NamespaceManager: Package com.google.android.aicore name not found! Using module version.
06-25 14:42:50.604  4998  7675 I NamespaceManager: Package com.google.android.audioproxy name not found! Using module version.
06-25 14:42:50.604  4998  7675 I NamespaceManager: Package com.google.android.apps.pixel.psi name not found! Using module version.
06-25 14:42:50.604  4998  7675 I NamespaceManager: Package com.google.android.apps.safetycore name not found! Using module version.
06-25 14:42:50.604  4998  7675 I NamespaceManager: Package com.google.android.crashrecovery name not found! Using module version.
06-25 14:42:50.604  4998  7675 I NamespaceManager: Package com.google.android.profiling name not found! Using module version.
06-25 14:42:50.604  4998  7675 I NamespaceManager: Package com.google.android.bt name not found! Using module version.
06-25 14:42:50.604  4998  7675 I NamespaceManager: Package com.google.android.nfcservices name not found! Using module version.
06-25 14:42:50.604  4998  7675 I NamespaceManager: Package com.google.android.webapp name not found! Using module version.
06-25 14:42:50.604  4998  7675 I NamespaceManager: Package com.google.android.telephonycore name not found! Using module version.
06-25 14:42:50.604  4998  7675 I NamespaceManager: Package com.google.android.uprobestats name not found! Using module version.
06-25 14:42:50.627   526   624 I RescueParty: Starting to observe: [android], updated namespace: accessibility
06-25 14:42:50.628   526   554 I PackageWatchdog: Syncing state, reason: observing new packages
06-25 14:42:50.628   526   554 D PackageWatchdog: rescue-party-observer added the following packages to monitor [android]
06-25 14:42:50.628   526   554 I PackageWatchdog: Syncing state, reason: updated observers
06-25 14:42:50.628   526   554 I PackageWatchdog: Not pruning observers, elapsed time: 0ms
06-25 14:42:50.628   526   554 I PackageWatchdog: Saving observer state to file
06-25 14:42:50.630   526   526 I PackageWatchdog: Syncing health check requests for packages: {}
06-25 14:42:50.630   526   526 I ExplicitHealthCheckController: Service not ready to get health check supported packages. Binding...
06-25 14:42:50.632   526   526 I ExplicitHealthCheckController: Explicit health check service is bound
06-25 14:42:50.633   526   526 I ExplicitHealthCheckController: Explicit health check service is connected ComponentInfo{com.google.android.ext.services/android.ext.services.watchdog.ExplicitHealthCheckServiceImpl}
06-25 14:42:50.633   526   526 I ExplicitHealthCheckController: Service initialized, syncing requests
06-25 14:42:50.633   526   526 I PackageWatchdog: Syncing health check requests for packages: {}
06-25 14:42:50.633   526   526 D ExplicitHealthCheckController: Getting health check supported packages
06-25 14:42:50.633   526  2143 I ExplicitHealthCheckController: Explicit health check supported packages [PackageConfig{com.google.android.networkstack, 86400000}]
06-25 14:42:50.633   526  2143 D PackageWatchdog: Received supported packages [PackageConfig{com.google.android.networkstack, 86400000}]
06-25 14:42:50.633   526  2143 D ExplicitHealthCheckController: Getting health check requested packages
06-25 14:42:50.633   526  2143 I ExplicitHealthCheckController: Explicit health check requested packages []
06-25 14:42:50.633   526  2143 I ExplicitHealthCheckController: No more health check requests, unbinding...
06-25 14:42:50.634   526  2143 I ExplicitHealthCheckController: Explicit health check service is unbound
06-25 14:42:50.637   526   624 I RescueParty: Starting to observe: [android], updated namespace: netd_native
06-25 14:42:50.637   526   554 I PackageWatchdog: Syncing state, reason: observing new packages
06-25 14:42:50.637   526   554 D PackageWatchdog: rescue-party-observer added the following packages to monitor [android]
06-25 14:42:50.637   526   554 I PackageWatchdog: Syncing state, reason: updated observers
06-25 14:42:50.637   526   554 I PackageWatchdog: Not pruning observers, elapsed time: 0ms
06-25 14:42:50.637   526   554 I PackageWatchdog: Saving observer state to file
06-25 14:42:50.640   526   526 I PackageWatchdog: Syncing health check requests for packages: {}
06-25 14:42:50.640   526   526 I ExplicitHealthCheckController: Service not ready to get health check supported packages. Binding...
06-25 14:42:50.646   526   526 I ExplicitHealthCheckController: Explicit health check service is bound
06-25 14:42:50.647   526   526 I ExplicitHealthCheckController: Explicit health check service is connected ComponentInfo{com.google.android.ext.services/android.ext.services.watchdog.ExplicitHealthCheckServiceImpl}
06-25 14:42:50.647   526   526 I ExplicitHealthCheckController: Service initialized, syncing requests
06-25 14:42:50.647   526   526 I PackageWatchdog: Syncing health check requests for packages: {}
06-25 14:42:50.647   526   526 D ExplicitHealthCheckController: Getting health check supported packages
06-25 14:42:50.649   526  2225 I ExplicitHealthCheckController: Explicit health check supported packages [PackageConfig{com.google.android.networkstack, 86400000}]
06-25 14:42:50.650   526  2225 D PackageWatchdog: Received supported packages [PackageConfig{com.google.android.networkstack, 86400000}]
06-25 14:42:50.650   526  2225 D ExplicitHealthCheckController: Getting health check requested packages
06-25 14:42:50.650   526  2225 I ExplicitHealthCheckController: Explicit health check requested packages []
06-25 14:42:50.650   526  2225 I ExplicitHealthCheckController: No more health check requests, unbinding...
06-25 14:42:50.652   526  2225 I ExplicitHealthCheckController: Explicit health check service is unbound
06-25 14:42:50.653  7404  7602 W QueryController: Could not detect idle state.
06-25 14:42:50.658  7404  7602 W QueryController: Could not detect idle state.
06-25 14:42:50.669  7404  7602 W UiDevice: Skipping wait as package ${APP_ID} does not match current window com.hanapkalinga.mobile.
06-25 14:42:50.676   526   624 I RescueParty: Starting to observe: [android], updated namespace: clipboard
06-25 14:42:50.677   526   554 I PackageWatchdog: Syncing state, reason: observing new packages
06-25 14:42:50.677   526   554 D PackageWatchdog: rescue-party-observer added the following packages to monitor [android]
06-25 14:42:50.677   526   554 I PackageWatchdog: Syncing state, reason: updated observers
06-25 14:42:50.678   526   554 I PackageWatchdog: Not pruning observers, elapsed time: 0ms
06-25 14:42:50.678   526   554 I PackageWatchdog: Saving observer state to file
06-25 14:42:50.678   526   526 I PackageWatchdog: Syncing health check requests for packages: {}
06-25 14:42:50.678   526   526 I ExplicitHealthCheckController: Service not ready to get health check supported packages. Binding...
06-25 14:42:50.681   526   526 I ExplicitHealthCheckController: Explicit health check service is bound
06-25 14:42:50.681   526   526 I PackageWatchdog: Syncing health check requests for packages: {}
06-25 14:42:50.681   526   526 I ExplicitHealthCheckController: Service not ready to get health check supported packages. Binding...
06-25 14:42:50.681   526   526 I ExplicitHealthCheckController: Not binding to service, service already connecting
06-25 14:42:50.681   526   526 I ExplicitHealthCheckController: Explicit health check service is connected ComponentInfo{com.google.android.ext.services/android.ext.services.watchdog.ExplicitHealthCheckServiceImpl}
06-25 14:42:50.681   526   526 I ExplicitHealthCheckController: Service initialized, syncing requests
06-25 14:42:50.681   526   526 I PackageWatchdog: Syncing health check requests for packages: {}
06-25 14:42:50.681   526   526 D ExplicitHealthCheckController: Getting health check supported packages
06-25 14:42:50.682   526  2225 I ExplicitHealthCheckController: Explicit health check supported packages [PackageConfig{com.google.android.networkstack, 86400000}]
06-25 14:42:50.682   526  2225 D PackageWatchdog: Received supported packages [PackageConfig{com.google.android.networkstack, 86400000}]
06-25 14:42:50.682   526  2225 D ExplicitHealthCheckController: Getting health check requested packages
06-25 14:42:50.682   526  2225 I ExplicitHealthCheckController: Explicit health check requested packages []
06-25 14:42:50.682   526  2225 I ExplicitHealthCheckController: No more health check requests, unbinding...
06-25 14:42:50.682   526  2225 I ExplicitHealthCheckController: Explicit health check service is unbound
06-25 14:42:50.685   526   624 I RescueParty: Starting to observe: [android], updated namespace: nearby
06-25 14:42:50.685   526   554 I PackageWatchdog: Syncing state, reason: observing new packages
06-25 14:42:50.686   526   554 D PackageWatchdog: rescue-party-observer added the following packages to monitor [android]
06-25 14:42:50.686   526   554 I PackageWatchdog: Syncing state, reason: updated observers
06-25 14:42:50.686   526   554 I PackageWatchdog: Not pruning observers, elapsed time: 0ms
06-25 14:42:50.686   526   554 I PackageWatchdog: Saving observer state to file
06-25 14:42:50.690   526   526 I PackageWatchdog: Syncing health check requests for packages: {}
06-25 14:42:50.690   526   526 I ExplicitHealthCheckController: Service not ready to get health check supported packages. Binding...
06-25 14:42:50.692   526   526 I ExplicitHealthCheckController: Explicit health check service is bound
06-25 14:42:50.692   526   526 I ExplicitHealthCheckController: Explicit health check service is connected ComponentInfo{com.google.android.ext.services/android.ext.services.watchdog.ExplicitHealthCheckServiceImpl}
06-25 14:42:50.692   526   526 I ExplicitHealthCheckController: Service initialized, syncing requests
06-25 14:42:50.692   526   526 I PackageWatchdog: Syncing health check requests for packages: {}
06-25 14:42:50.692   526   526 D ExplicitHealthCheckController: Getting health check supported packages
06-25 14:42:50.692   526  2143 I ExplicitHealthCheckController: Explicit health check supported packages [PackageConfig{com.google.android.networkstack, 86400000}]
06-25 14:42:50.693   526  2143 D PackageWatchdog: Received supported packages [PackageConfig{com.google.android.networkstack, 86400000}]
06-25 14:42:50.693   526  2143 D ExplicitHealthCheckController: Getting health check requested packages
06-25 14:42:50.693   526  2143 I ExplicitHealthCheckController: Explicit health check requested packages []
06-25 14:42:50.693   526  2143 I ExplicitHealthCheckController: No more health check requests, unbinding...
06-25 14:42:50.693   526  2143 I ExplicitHealthCheckController: Explicit health check service is unbound
06-25 14:42:50.713   526   624 I RescueParty: Starting to observe: [android, com.google.android.networkstack], updated namespace: connectivity
06-25 14:42:50.713   526   554 I PackageWatchdog: Syncing state, reason: observing new packages
06-25 14:42:50.715   526   554 D PackageWatchdog: rescue-party-observer added the following packages to monitor [android, com.google.android.networkstack]
06-25 14:42:50.715   526   554 I PackageWatchdog: Syncing state, reason: updated observers
06-25 14:42:50.715   526   554 I PackageWatchdog: Saving observer state to file
06-25 14:42:50.716   526   526 I PackageWatchdog: Syncing health check requests for packages: {}
06-25 14:42:50.716   526   526 I ExplicitHealthCheckController: Service not ready to get health check supported packages. Binding...
06-25 14:42:50.720   526   526 I ExplicitHealthCheckController: Explicit health check service is bound
06-25 14:42:50.722   526   526 I PackageWatchdog: Syncing health check requests for packages: {}
06-25 14:42:50.723   526   526 I ExplicitHealthCheckController: Service not ready to get health check supported packages. Binding...
06-25 14:42:50.723   526   526 I ExplicitHealthCheckController: Not binding to service, service already connecting
06-25 14:42:50.723   526   526 I ExplicitHealthCheckController: Explicit health check service is connected ComponentInfo{com.google.android.ext.services/android.ext.services.watchdog.ExplicitHealthCheckServiceImpl}
06-25 14:42:50.724   526   526 I ExplicitHealthCheckController: Service initialized, syncing requests
06-25 14:42:50.724   526   526 I PackageWatchdog: Syncing health check requests for packages: {}
06-25 14:42:50.724   526   526 D ExplicitHealthCheckController: Getting health check supported packages
06-25 14:42:50.725   526  2143 I ExplicitHealthCheckController: Explicit health check supported packages [PackageConfig{com.google.android.networkstack, 86400000}]
06-25 14:42:50.725   526  2143 D PackageWatchdog: Received supported packages [PackageConfig{com.google.android.networkstack, 86400000}]
06-25 14:42:50.725   526  2143 D ExplicitHealthCheckController: Getting health check requested packages
06-25 14:42:50.726   526  2143 I ExplicitHealthCheckController: Explicit health check requested packages []
06-25 14:42:50.726   526  2143 I ExplicitHealthCheckController: No more health check requests, unbinding...
06-25 14:42:50.727   526  2143 I ExplicitHealthCheckController: Explicit health check service is unbound
06-25 14:42:50.729   526   624 I RescueParty: Starting to observe: [com.google.android.permissioncontroller], updated namespace: permissions
06-25 14:42:50.729   526   554 I PackageWatchdog: Syncing state, reason: observing new packages
06-25 14:42:50.730   526   554 D PackageWatchdog: rescue-party-observer added the following packages to monitor [com.google.android.permissioncontroller]
06-25 14:42:50.730  7404  7602 W QueryController: Could not detect idle state.
06-25 14:42:50.730   526   554 I PackageWatchdog: Syncing state, reason: updated observers
06-25 14:42:50.731   526   554 I PackageWatchdog: Saving observer state to file
06-25 14:42:50.731   526   526 I PackageWatchdog: Syncing health check requests for packages: {}
06-25 14:42:50.731   526   526 I ExplicitHealthCheckController: Service not ready to get health check supported packages. Binding...
06-25 14:42:50.732   526   526 I ExplicitHealthCheckController: Explicit health check service is bound
06-25 14:42:50.735   526   526 I PackageWatchdog: Syncing health check requests for packages: {}
06-25 14:42:50.735   526   526 I ExplicitHealthCheckController: Service not ready to get health check supported packages. Binding...
06-25 14:42:50.735   526   526 I ExplicitHealthCheckController: Not binding to service, service already connecting
06-25 14:42:50.737  7404  7602 W QueryController: Could not detect idle state.
06-25 14:42:50.744   526   526 I ExplicitHealthCheckController: Explicit health check service is connected ComponentInfo{com.google.android.ext.services/android.ext.services.watchdog.ExplicitHealthCheckServiceImpl}
06-25 14:42:50.745   526   526 I ExplicitHealthCheckController: Service initialized, syncing requests
06-25 14:42:50.745   526   526 I PackageWatchdog: Syncing health check requests for packages: {}
06-25 14:42:50.745   526   526 D ExplicitHealthCheckController: Getting health check supported packages
06-25 14:42:50.747   526  2225 I ExplicitHealthCheckController: Explicit health check supported packages [PackageConfig{com.google.android.networkstack, 86400000}]
06-25 14:42:50.748   526  2225 D PackageWatchdog: Received supported packages [PackageConfig{com.google.android.networkstack, 86400000}]
06-25 14:42:50.748   526  2225 D ExplicitHealthCheckController: Getting health check requested packages
06-25 14:42:50.748  7404  7602 W UiDevice: Skipping wait as package ${APP_ID} does not match current window com.hanapkalinga.mobile.
06-25 14:42:50.750   526  2225 I ExplicitHealthCheckController: Explicit health check requested packages []
06-25 14:42:50.751   526  2225 I ExplicitHealthCheckController: No more health check requests, unbinding...
06-25 14:42:50.751   526  2225 I ExplicitHealthCheckController: Explicit health check service is unbound
06-25 14:42:50.760  7404  7602 W QueryController: Could not detect idle state.
06-25 14:42:50.761  7404  7602 W QueryController: Could not detect idle state.
06-25 14:42:50.766  7404  7602 W UiDevice: Skipping wait as package ${APP_ID} does not match current window com.hanapkalinga.mobile.
06-25 14:42:50.774  7404  7602 W QueryController: Could not detect idle state.
06-25 14:42:50.777  7404  7602 W QueryController: Could not detect idle state.
06-25 14:42:50.782   526   624 I RescueParty: Starting to observe: [android], updated namespace: wifi
06-25 14:42:50.783   526   554 I PackageWatchdog: Syncing state, reason: observing new packages
06-25 14:42:50.784  7404  7602 W UiDevice: Skipping wait as package ${APP_ID} does not match current window com.hanapkalinga.mobile.
06-25 14:42:50.784   526   554 D PackageWatchdog: rescue-party-observer added the following packages to monitor [android]
06-25 14:42:50.784   526   554 I PackageWatchdog: Syncing state, reason: updated observers
06-25 14:42:50.784   526   554 I PackageWatchdog: Not pruning observers, elapsed time: 0ms
06-25 14:42:50.784   526   554 I PackageWatchdog: Saving observer state to file
06-25 14:42:50.789   526   526 I PackageWatchdog: Syncing health check requests for packages: {}
06-25 14:42:50.789   526   526 I ExplicitHealthCheckController: Service not ready to get health check supported packages. Binding...
06-25 14:42:50.791   526   526 I ExplicitHealthCheckController: Explicit health check service is bound
06-25 14:42:50.791   526   526 I ExplicitHealthCheckController: Explicit health check service is connected ComponentInfo{com.google.android.ext.services/android.ext.services.watchdog.ExplicitHealthCheckServiceImpl}
06-25 14:42:50.792   526   526 I ExplicitHealthCheckController: Service initialized, syncing requests
06-25 14:42:50.792   526   526 I PackageWatchdog: Syncing health check requests for packages: {}
06-25 14:42:50.792   526   526 D ExplicitHealthCheckController: Getting health check supported packages
06-25 14:42:50.792   526  2225 I ExplicitHealthCheckController: Explicit health check supported packages [PackageConfig{com.google.android.networkstack, 86400000}]
06-25 14:42:50.792   526  2225 D PackageWatchdog: Received supported packages [PackageConfig{com.google.android.networkstack, 86400000}]
06-25 14:42:50.792   526  2225 D ExplicitHealthCheckController: Getting health check requested packages
06-25 14:42:50.793   526  2225 I ExplicitHealthCheckController: Explicit health check requested packages []
06-25 14:42:50.793   526  2225 I ExplicitHealthCheckController: No more health check requests, unbinding...
06-25 14:42:50.794   526  2225 I ExplicitHealthCheckController: Explicit health check service is unbound
06-25 14:42:50.800   526   624 I RescueParty: Starting to observe: [android], updated namespace: edgetpu_native
06-25 14:42:50.800   526   554 I PackageWatchdog: Syncing state, reason: observing new packages
06-25 14:42:50.801   526   554 D PackageWatchdog: rescue-party-observer added the following packages to monitor [android]
06-25 14:42:50.801   526   554 I PackageWatchdog: Syncing state, reason: updated observers
06-25 14:42:50.801   526   554 I PackageWatchdog: Saving observer state to file
06-25 14:42:50.801   526   526 I PackageWatchdog: Syncing health check requests for packages: {}
06-25 14:42:50.801   526   526 I ExplicitHealthCheckController: Service not ready to get health check supported packages. Binding...
06-25 14:42:50.804   526   526 I ExplicitHealthCheckController: Explicit health check service is bound
06-25 14:42:50.804   526   526 I PackageWatchdog: Syncing health check requests for packages: {}
06-25 14:42:50.804   526   526 I ExplicitHealthCheckController: Service not ready to get health check supported packages. Binding...
06-25 14:42:50.804   526   526 I ExplicitHealthCheckController: Not binding to service, service already connecting
06-25 14:42:50.805   526   526 I ExplicitHealthCheckController: Explicit health check service is connected ComponentInfo{com.google.android.ext.services/android.ext.services.watchdog.ExplicitHealthCheckServiceImpl}
06-25 14:42:50.807   526   624 I RescueParty: Starting to observe: [android], updated namespace: appsearch
06-25 14:42:50.807   526   526 I ExplicitHealthCheckController: Service initialized, syncing requests
06-25 14:42:50.810   526   526 I PackageWatchdog: Syncing health check requests for packages: {}
06-25 14:42:50.810   526   526 D ExplicitHealthCheckController: Getting health check supported packages
06-25 14:42:50.812   526   554 I PackageWatchdog: Syncing state, reason: observing new packages
06-25 14:42:50.812   526   526 I PackageWatchdog: Syncing health check requests for packages: {}
06-25 14:42:50.812   526   526 D ExplicitHealthCheckController: Getting health check supported packages
06-25 14:42:50.812   526   554 D PackageWatchdog: rescue-party-observer added the following packages to monitor [android]
06-25 14:42:50.812   526   554 I PackageWatchdog: Syncing state, reason: updated observers
06-25 14:42:50.812   526   554 I PackageWatchdog: Not pruning observers, elapsed time: 0ms
06-25 14:42:50.812   526   526 I PackageWatchdog: Syncing health check requests for packages: {}
06-25 14:42:50.812   526   526 D ExplicitHealthCheckController: Getting health check supported packages
06-25 14:42:50.813   526   554 I PackageWatchdog: Saving observer state to file
06-25 14:42:50.815   526  2225 I ExplicitHealthCheckController: Explicit health check supported packages [PackageConfig{com.google.android.networkstack, 86400000}]
06-25 14:42:50.815   526  2225 D PackageWatchdog: Received supported packages [PackageConfig{com.google.android.networkstack, 86400000}]
06-25 14:42:50.815   526   925 I ExplicitHealthCheckController: Explicit health check supported packages [PackageConfig{com.google.android.networkstack, 86400000}]
06-25 14:42:50.815   526   925 D PackageWatchdog: Received supported packages [PackageConfig{com.google.android.networkstack, 86400000}]
06-25 14:42:50.815   526  2225 D ExplicitHealthCheckController: Getting health check requested packages
06-25 14:42:50.815   526  2143 I ExplicitHealthCheckController: Explicit health check supported packages [PackageConfig{com.google.android.networkstack, 86400000}]
06-25 14:42:50.815   526  2143 D PackageWatchdog: Received supported packages [PackageConfig{com.google.android.networkstack, 86400000}]
06-25 14:42:50.815   526  2143 D ExplicitHealthCheckController: Getting health check requested packages
06-25 14:42:50.815   526  2225 I ExplicitHealthCheckController: Explicit health check requested packages []
06-25 14:42:50.815   526   925 D ExplicitHealthCheckController: Getting health check requested packages
06-25 14:42:50.815   526  2143 I ExplicitHealthCheckController: Explicit health check requested packages []
06-25 14:42:50.816   526  2143 I ExplicitHealthCheckController: No more health check requests, unbinding...
06-25 14:42:50.816   526   925 I ExplicitHealthCheckController: Explicit health check requested packages []
06-25 14:42:50.817   526  2143 I ExplicitHealthCheckController: Explicit health check service is unbound
06-25 14:42:50.817   526  2225 I ExplicitHealthCheckController: No more health check requests, unbinding...
06-25 14:42:50.817   526  2225 I ExplicitHealthCheckController: Explicit health check service is unbound
06-25 14:42:50.817   526   925 I ExplicitHealthCheckController: No more health check requests, unbinding...
06-25 14:42:50.817   526   925 I ExplicitHealthCheckController: Explicit health check service is unbound
06-25 14:42:50.838  7404  7602 W QueryController: Could not detect idle state.
06-25 14:42:50.841  7404  7602 W QueryController: Could not detect idle state.
06-25 14:42:50.843   526   624 I RescueParty: Starting to observe: [com.google.android.apps.nexuslauncher, com.android.settings, com.android.systemui], updated namespace: interaction_jank_monitor
06-25 14:42:50.843   526   554 I PackageWatchdog: Syncing state, reason: observing new packages
06-25 14:42:50.845   526   554 D PackageWatchdog: rescue-party-observer added the following packages to monitor [com.google.android.apps.nexuslauncher, com.android.settings, com.android.systemui]
06-25 14:42:50.847   526   554 I PackageWatchdog: Syncing state, reason: updated observers
06-25 14:42:50.847   526   554 I PackageWatchdog: Saving observer state to file
06-25 14:42:50.848   526   624 I RescueParty: Starting to observe: [android], updated namespace: wearable_sensing
06-25 14:42:50.848   526   526 I PackageWatchdog: Syncing health check requests for packages: {}
06-25 14:42:50.848   526   526 I ExplicitHealthCheckController: Service not ready to get health check supported packages. Binding...
06-25 14:42:50.849   526   526 I ExplicitHealthCheckController: Explicit health check service is bound
06-25 14:42:50.850   526   526 I PackageWatchdog: Syncing health check requests for packages: {}
06-25 14:42:50.850   526   526 I ExplicitHealthCheckController: Service not ready to get health check supported packages. Binding...
06-25 14:42:50.850   526   526 I ExplicitHealthCheckController: Not binding to service, service already connecting
06-25 14:42:50.850   526   554 I PackageWatchdog: Syncing state, reason: observing new packages
06-25 14:42:50.851   526   526 I PackageWatchdog: Syncing health check requests for packages: {}
06-25 14:42:50.851  7404  7602 W UiDevice: Skipping wait as package ${APP_ID} does not match current window com.hanapkalinga.mobile.
06-25 14:42:50.851   526   526 I ExplicitHealthCheckController: Service not ready to get health check supported packages. Binding...
06-25 14:42:50.851   526   526 I ExplicitHealthCheckController: Not binding to service, service already connecting
06-25 14:42:50.851   526   554 D PackageWatchdog: rescue-party-observer added the following packages to monitor [android]
06-25 14:42:50.851   526   554 I PackageWatchdog: Syncing state, reason: updated observers
06-25 14:42:50.851   526   526 I PackageWatchdog: Syncing health check requests for packages: {}
06-25 14:42:50.851   526   526 I ExplicitHealthCheckController: Service not ready to get health check supported packages. Binding...
06-25 14:42:50.852   526   526 I ExplicitHealthCheckController: Not binding to service, service already connecting
06-25 14:42:50.852   526   554 I PackageWatchdog: Saving observer state to file
06-25 14:42:50.852   526   526 I ExplicitHealthCheckController: Explicit health check service is connected ComponentInfo{com.google.android.ext.services/android.ext.services.watchdog.ExplicitHealthCheckServiceImpl}
06-25 14:42:50.852   526   526 I ExplicitHealthCheckController: Service initialized, syncing requests
06-25 14:42:50.858   526   526 I PackageWatchdog: Syncing health check requests for packages: {}
06-25 14:42:50.858   526   526 D ExplicitHealthCheckController: Getting health check supported packages
06-25 14:42:50.859   526   925 I ExplicitHealthCheckController: Explicit health check supported packages [PackageConfig{com.google.android.networkstack, 86400000}]
06-25 14:42:50.859   526   925 D PackageWatchdog: Received supported packages [PackageConfig{com.google.android.networkstack, 86400000}]
06-25 14:42:50.860   526   925 D ExplicitHealthCheckController: Getting health check requested packages
06-25 14:42:50.861   526   925 I ExplicitHealthCheckController: Explicit health check requested packages []
06-25 14:42:50.862   526   925 I ExplicitHealthCheckController: No more health check requests, unbinding...
06-25 14:42:50.863   526   925 I ExplicitHealthCheckController: Explicit health check service is unbound
06-25 14:42:50.869  7404  7602 W QueryController: Could not detect idle state.
06-25 14:42:50.871  7404  7602 W QueryController: Could not detect idle state.
06-25 14:42:50.879  7404  7602 W UiDevice: Skipping wait as package ${APP_ID} does not match current window com.hanapkalinga.mobile.
06-25 14:42:50.886  7404  7602 W QueryController: Could not detect idle state.
06-25 14:42:50.888  7404  7602 W QueryController: Could not detect idle state.
06-25 14:42:50.892  7404  7602 W UiDevice: Skipping wait as package ${APP_ID} does not match current window com.hanapkalinga.mobile.
06-25 14:42:50.901  7404  7602 W QueryController: Could not detect idle state.
06-25 14:42:50.903  7404  7602 W QueryController: Could not detect idle state.
06-25 14:42:50.907  7404  7602 W UiDevice: Skipping wait as package ${APP_ID} does not match current window com.hanapkalinga.mobile.
06-25 14:42:50.937   526   624 I RescueParty: Starting to observe: [android], updated namespace: adservices
06-25 14:42:50.938   526   554 I PackageWatchdog: Syncing state, reason: observing new packages
06-25 14:42:50.938   526   554 D PackageWatchdog: rescue-party-observer added the following packages to monitor [android]
06-25 14:42:50.938   526   554 I PackageWatchdog: Syncing state, reason: updated observers
06-25 14:42:50.939   526   554 I PackageWatchdog: Not pruning observers, elapsed time: 0ms
06-25 14:42:50.939   526   526 I PackageWatchdog: Syncing health check requests for packages: {}
06-25 14:42:50.939   526   526 I ExplicitHealthCheckController: Service not ready to get health check supported packages. Binding...
06-25 14:42:50.941   526   526 I ExplicitHealthCheckController: Explicit health check service is bound
06-25 14:42:50.945   526   526 I PackageWatchdog: Syncing health check requests for packages: {}
06-25 14:42:50.945   526   526 I ExplicitHealthCheckController: Service not ready to get health check supported packages. Binding...
06-25 14:42:50.946   526   526 I ExplicitHealthCheckController: Not binding to service, service already connecting
06-25 14:42:50.946   526   526 I ExplicitHealthCheckController: Explicit health check service is connected ComponentInfo{com.google.android.ext.services/android.ext.services.watchdog.ExplicitHealthCheckServiceImpl}
06-25 14:42:50.946   526   554 I PackageWatchdog: Saving observer state to file
06-25 14:42:50.947   526   526 I ExplicitHealthCheckController: Service initialized, syncing requests
06-25 14:42:50.950   526   526 I PackageWatchdog: Syncing health check requests for packages: {}
06-25 14:42:50.950   526   526 D ExplicitHealthCheckController: Getting health check supported packages
06-25 14:42:50.951   526   925 I ExplicitHealthCheckController: Explicit health check supported packages [PackageConfig{com.google.android.networkstack, 86400000}]
06-25 14:42:50.951   526   925 D PackageWatchdog: Received supported packages [PackageConfig{com.google.android.networkstack, 86400000}]
06-25 14:42:50.951   526   925 D ExplicitHealthCheckController: Getting health check requested packages
06-25 14:42:50.951   526   925 I ExplicitHealthCheckController: Explicit health check requested packages []
06-25 14:42:50.952   526   925 I ExplicitHealthCheckController: No more health check requests, unbinding...
06-25 14:42:50.955   526   925 I ExplicitHealthCheckController: Explicit health check service is unbound
06-25 14:42:50.958  7404  7602 W QueryController: Could not detect idle state.
06-25 14:42:50.960  7404  7602 W QueryController: Could not detect idle state.
06-25 14:42:50.963  7404  7602 W UiDevice: Skipping wait as package ${APP_ID} does not match current window com.hanapkalinga.mobile.
06-25 14:42:50.970   526   624 I RescueParty: Starting to observe: [android], updated namespace: tare
06-25 14:42:50.971   526   554 I PackageWatchdog: Syncing state, reason: observing new packages
06-25 14:42:50.971   526   554 D PackageWatchdog: rescue-party-observer added the following packages to monitor [android]
06-25 14:42:50.971   526   554 I PackageWatchdog: Syncing state, reason: updated observers
06-25 14:42:50.971   526   554 I PackageWatchdog: Saving observer state to file
06-25 14:42:50.972   526   526 I PackageWatchdog: Syncing health check requests for packages: {}
