--------- beginning of main
06-25 14:43:32.732  8051  8077 I ReactNativeJS: [TurnstileWebView] Turnstile success, token length: 21
--------- beginning of main
06-25 14:43:32.702   337  8177 I resolv  : doQuery: rcode=0, ancount=4, return value=109
06-25 14:43:32.732  8051  8077 I ReactNativeJS: [TurnstileWebView] Turnstile success, token length: 21
06-25 14:43:33.089   343  4862 D android.hardware.audio@7.1-impl.ranchu: threadLoop: entering standby, frames: 2391424
06-25 14:43:33.228  8051  8070 D EGL_emulation: app_time_stats: avg=21.55ms min=4.07ms max=179.85ms count=34
06-25 14:43:33.969  7911  7947 W QueryController: Could not detect idle state.
06-25 14:43:33.970  7911  7947 D Maestro : Requesting view hierarchy
06-25 14:43:33.971  7911  7947 W QueryController: Could not detect idle state.
06-25 14:43:33.972  7911  7947 W QueryController: Could not detect idle state.
06-25 14:43:33.993  7911  7947 I Maestro : Skipping invisible child: android.view.accessibility.AccessibilityNodeInfo@128c9; boundsInParent: Rect(0, 0 - 320, 0); boundsInScreen: Rect(0, 0 - 320, 0); boundsInWindow: Rect(0, 0 - 320, 0); packageName: com.hanapkalinga.mobile; className: android.widget.LinearLayout; text: null; error: null; maxTextLength: -1; stateDescription: null; contentDescription: null; tooltipText: null; containerTitle: null; viewIdResName: null; uniqueId: null; checkable: false; checked: false; focusable: false; focused: false; selected: false; clickable: false; longClickable: false; contextClickable: false; enabled: true; password: false; scrollable: false; importantForAccessibility: false; visible: false; actions: [AccessibilityAction: ACTION_SELECT - null, AccessibilityAction: ACTION_CLEAR_SELECTION - null, AccessibilityAction: ACTION_ACCESSIBILITY_FOCUS - null, AccessibilityAction: ACTION_SHOW_ON_SCREEN - null]; isTextSelectable: false
06-25 14:43:33.994  7911  7947 I Maestro : Skipping invisible child: android.view.accessibility.AccessibilityNodeInfo@12508; boundsInParent: Rect(0, 0 - 320, 0); boundsInScreen: Rect(0, 0 - 320, 0); boundsInWindow: Rect(0, 0 - 320, 0); packageName: com.hanapkalinga.mobile; className: android.view.ViewGroup; text: null; error: null; maxTextLength: -1; stateDescription: null; contentDescription: null; tooltipText: null; containerTitle: null; viewIdResName: null; uniqueId: null; checkable: false; checked: false; focusable: false; focused: false; selected: false; clickable: false; longClickable: false; contextClickable: false; enabled: true; password: false; scrollable: false; importantForAccessibility: false; visible: false; actions: [AccessibilityAction: ACTION_SELECT - null, AccessibilityAction: ACTION_CLEAR_SELECTION - null, AccessibilityAction: ACTION_ACCESSIBILITY_FOCUS - null, AccessibilityAction: ACTION_SHOW_ON_SCREEN - null]; isTextSelectable: false
06-25 14:43:33.995  7911  7947 I Maestro : Skipping invisible child: android.view.accessibility.AccessibilityNodeInfo@1a4aa; boundsInParent: Rect(0, 0 - 320, 0); boundsInScreen: Rect(0, 0 - 320, 0); boundsInWindow: Rect(0, 0 - 320, 0); packageName: com.hanapkalinga.mobile; className: android.widget.LinearLayout; text: null; error: null; maxTextLength: -1; stateDescription: null; contentDescription: null; tooltipText: null; containerTitle: null; viewIdResName: null; uniqueId: null; checkable: false; checked: false; focusable: false; focused: false; selected: false; clickable: false; longClickable: false; contextClickable: false; enabled: true; password: false; scrollable: false; importantForAccessibility: false; visible: false; actions: [AccessibilityAction: ACTION_SELECT - null, AccessibilityAction: ACTION_CLEAR_SELECTION - null, AccessibilityAction: ACTION_ACCESSIBILITY_FOCUS - null, AccessibilityAction: ACTION_SHOW_ON_SCREEN - null]; isTextSelectable: false
06-25 14:43:33.996  7911  7947 I Maestro : Skipping invisible child: android.view.accessibility.AccessibilityNodeInfo@1a0e9; boundsInParent: Rect(0, 0 - 320, 0); boundsInScreen: Rect(0, 0 - 320, 0); boundsInWindow: Rect(0, 0 - 320, 0); packageName: com.hanapkalinga.mobile; className: android.view.ViewGroup; text: null; error: null; maxTextLength: -1; stateDescription: null; contentDescription: null; tooltipText: null; containerTitle: null; viewIdResName: null; uniqueId: null; checkable: false; checked: false; focusable: false; focused: false; selected: false; clickable: false; longClickable: false; contextClickable: false; enabled: true; password: false; scrollable: false; importantForAccessibility: false; visible: false; actions: [AccessibilityAction: ACTION_SELECT - null, AccessibilityAction: ACTION_CLEAR_SELECTION - null, AccessibilityAction: ACTION_ACCESSIBILITY_FOCUS - null, AccessibilityAction: ACTION_SHOW_ON_SCREEN - null]; isTextSelectable: false
06-25 14:43:34.022  7911  7947 D Maestro : View hierarchy received in 52 ms
--------- beginning of system
06-25 14:43:34.183   526  2310 D OomAdjuster: Not killing cached processes
06-25 14:43:34.283  7911  7947 D Maestro : Requesting view hierarchy
06-25 14:43:34.284  7911  7947 W QueryController: Could not detect idle state.
06-25 14:43:34.284  7911  7947 W QueryController: Could not detect idle state.
06-25 14:43:34.303  7911  7947 I Maestro : Skipping invisible child: android.view.accessibility.AccessibilityNodeInfo@128c9; boundsInParent: Rect(0, 0 - 320, 0); boundsInScreen: Rect(0, 0 - 320, 0); boundsInWindow: Rect(0, 0 - 320, 0); packageName: com.hanapkalinga.mobile; className: android.widget.LinearLayout; text: null; error: null; maxTextLength: -1; stateDescription: null; contentDescription: null; tooltipText: null; containerTitle: null; viewIdResName: null; uniqueId: null; checkable: false; checked: false; focusable: false; focused: false; selected: false; clickable: false; longClickable: false; contextClickable: false; enabled: true; password: false; scrollable: false; importantForAccessibility: false; visible: false; actions: [AccessibilityAction: ACTION_SELECT - null, AccessibilityAction: ACTION_CLEAR_SELECTION - null, AccessibilityAction: ACTION_ACCESSIBILITY_FOCUS - null, AccessibilityAction: ACTION_SHOW_ON_SCREEN - null]; isTextSelectable: false
06-25 14:43:34.304  7911  7947 I Maestro : Skipping invisible child: android.view.accessibility.AccessibilityNodeInfo@12508; boundsInParent: Rect(0, 0 - 320, 0); boundsInScreen: Rect(0, 0 - 320, 0); boundsInWindow: Rect(0, 0 - 320, 0); packageName: com.hanapkalinga.mobile; className: android.view.ViewGroup; text: null; error: null; maxTextLength: -1; stateDescription: null; contentDescription: null; tooltipText: null; containerTitle: null; viewIdResName: null; uniqueId: null; checkable: false; checked: false; focusable: false; focused: false; selected: false; clickable: false; longClickable: false; contextClickable: false; enabled: true; password: false; scrollable: false; importantForAccessibility: false; visible: false; actions: [AccessibilityAction: ACTION_SELECT - null, AccessibilityAction: ACTION_CLEAR_SELECTION - null, AccessibilityAction: ACTION_ACCESSIBILITY_FOCUS - null, AccessibilityAction: ACTION_SHOW_ON_SCREEN - null]; isTextSelectable: false
06-25 14:43:34.304  7911  7947 I Maestro : Skipping invisible child: android.view.accessibility.AccessibilityNodeInfo@1a4aa; boundsInParent: Rect(0, 0 - 320, 0); boundsInScreen: Rect(0, 0 - 320, 0); boundsInWindow: Rect(0, 0 - 320, 0); packageName: com.hanapkalinga.mobile; className: android.widget.LinearLayout; text: null; error: null; maxTextLength: -1; stateDescription: null; contentDescription: null; tooltipText: null; containerTitle: null; viewIdResName: null; uniqueId: null; checkable: false; checked: false; focusable: false; focused: false; selected: false; clickable: false; longClickable: false; contextClickable: false; enabled: true; password: false; scrollable: false; importantForAccessibility: false; visible: false; actions: [AccessibilityAction: ACTION_SELECT - null, AccessibilityAction: ACTION_CLEAR_SELECTION - null, AccessibilityAction: ACTION_ACCESSIBILITY_FOCUS - null, AccessibilityAction: ACTION_SHOW_ON_SCREEN - null]; isTextSelectable: false
06-25 14:43:34.305  7911  7947 I Maestro : Skipping invisible child: android.view.accessibility.AccessibilityNodeInfo@1a0e9; boundsInParent: Rect(0, 0 - 320, 0); boundsInScreen: Rect(0, 0 - 320, 0); boundsInWindow: Rect(0, 0 - 320, 0); packageName: com.hanapkalinga.mobile; className: android.view.ViewGroup; text: null; error: null; maxTextLength: -1; stateDescription: null; contentDescription: null; tooltipText: null; containerTitle: null; viewIdResName: null; uniqueId: null; checkable: false; checked: false; focusable: false; focused: false; selected: false; clickable: false; longClickable: false; contextClickable: false; enabled: true; password: false; scrollable: false; importantForAccessibility: false; visible: false; actions: [AccessibilityAction: ACTION_SELECT - null, AccessibilityAction: ACTION_CLEAR_SELECTION - null, AccessibilityAction: ACTION_ACCESSIBILITY_FOCUS - null, AccessibilityAction: ACTION_SHOW_ON_SCREEN - null]; isTextSelectable: false
06-25 14:43:34.327  7911  7947 D Maestro : View hierarchy received in 44 ms
06-25 14:43:34.393  7911  7947 D Maestro : Requesting view hierarchy
06-25 14:43:34.394  7911  7947 W QueryController: Could not detect idle state.
06-25 14:43:34.394  7911  7947 W QueryController: Could not detect idle state.
06-25 14:43:34.418  7911  7947 I Maestro : Skipping invisible child: android.view.accessibility.AccessibilityNodeInfo@128c9; boundsInParent: Rect(0, 0 - 320, 0); boundsInScreen: Rect(0, 0 - 320, 0); boundsInWindow: Rect(0, 0 - 320, 0); packageName: com.hanapkalinga.mobile; className: android.widget.LinearLayout; text: null; error: null; maxTextLength: -1; stateDescription: null; contentDescription: null; tooltipText: null; containerTitle: null; viewIdResName: null; uniqueId: null; checkable: false; checked: false; focusable: false; focused: false; selected: false; clickable: false; longClickable: false; contextClickable: false; enabled: true; password: false; scrollable: false; importantForAccessibility: false; visible: false; actions: [AccessibilityAction: ACTION_SELECT - null, AccessibilityAction: ACTION_CLEAR_SELECTION - null, AccessibilityAction: ACTION_ACCESSIBILITY_FOCUS - null, AccessibilityAction: ACTION_SHOW_ON_SCREEN - null]; isTextSelectable: false
06-25 14:43:34.419  7911  7947 I Maestro : Skipping invisible child: android.view.accessibility.AccessibilityNodeInfo@12508; boundsInParent: Rect(0, 0 - 320, 0); boundsInScreen: Rect(0, 0 - 320, 0); boundsInWindow: Rect(0, 0 - 320, 0); packageName: com.hanapkalinga.mobile; className: android.view.ViewGroup; text: null; error: null; maxTextLength: -1; stateDescription: null; contentDescription: null; tooltipText: null; containerTitle: null; viewIdResName: null; uniqueId: null; checkable: false; checked: false; focusable: false; focused: false; selected: false; clickable: false; longClickable: false; contextClickable: false; enabled: true; password: false; scrollable: false; importantForAccessibility: false; visible: false; actions: [AccessibilityAction: ACTION_SELECT - null, AccessibilityAction: ACTION_CLEAR_SELECTION - null, AccessibilityAction: ACTION_ACCESSIBILITY_FOCUS - null, AccessibilityAction: ACTION_SHOW_ON_SCREEN - null]; isTextSelectable: false
06-25 14:43:34.420  7911  7947 I Maestro : Skipping invisible child: android.view.accessibility.AccessibilityNodeInfo@1a4aa; boundsInParent: Rect(0, 0 - 320, 0); boundsInScreen: Rect(0, 0 - 320, 0); boundsInWindow: Rect(0, 0 - 320, 0); packageName: com.hanapkalinga.mobile; className: android.widget.LinearLayout; text: null; error: null; maxTextLength: -1; stateDescription: null; contentDescription: null; tooltipText: null; containerTitle: null; viewIdResName: null; uniqueId: null; checkable: false; checked: false; focusable: false; focused: false; selected: false; clickable: false; longClickable: false; contextClickable: false; enabled: true; password: false; scrollable: false; importantForAccessibility: false; visible: false; actions: [AccessibilityAction: ACTION_SELECT - null, AccessibilityAction: ACTION_CLEAR_SELECTION - null, AccessibilityAction: ACTION_ACCESSIBILITY_FOCUS - null, AccessibilityAction: ACTION_SHOW_ON_SCREEN - null]; isTextSelectable: false
06-25 14:43:34.420  7911  7947 I Maestro : Skipping invisible child: android.view.accessibility.AccessibilityNodeInfo@1a0e9; boundsInParent: Rect(0, 0 - 320, 0); boundsInScreen: Rect(0, 0 - 320, 0); boundsInWindow: Rect(0, 0 - 320, 0); packageName: com.hanapkalinga.mobile; className: android.view.ViewGroup; text: null; error: null; maxTextLength: -1; stateDescription: null; contentDescription: null; tooltipText: null; containerTitle: null; viewIdResName: null; uniqueId: null; checkable: false; checked: false; focusable: false; focused: false; selected: false; clickable: false; longClickable: false; contextClickable: false; enabled: true; password: false; scrollable: false; importantForAccessibility: false; visible: false; actions: [AccessibilityAction: ACTION_SELECT - null, AccessibilityAction: ACTION_CLEAR_SELECTION - null, AccessibilityAction: ACTION_ACCESSIBILITY_FOCUS - null, AccessibilityAction: ACTION_SHOW_ON_SCREEN - null]; isTextSelectable: false
06-25 14:43:34.446  7911  7947 D Maestro : View hierarchy received in 53 ms
06-25 14:43:34.503  7911  7947 W QueryController: Could not detect idle state.
06-25 14:43:34.505  7911  7947 W QueryController: Could not detect idle state.
06-25 14:43:34.508  7911  7947 W UiDevice: Skipping wait as package ${APP_ID} does not match current window com.hanapkalinga.mobile.
06-25 14:43:34.517  7911  7947 W QueryController: Could not detect idle state.
06-25 14:43:34.519  7911  7947 W QueryController: Could not detect idle state.
06-25 14:43:34.524  7911  7947 W UiDevice: Skipping wait as package ${APP_ID} does not match current window com.hanapkalinga.mobile.
06-25 14:43:34.533  7911  7947 W QueryController: Could not detect idle state.
06-25 14:43:34.537  7911  7947 W QueryController: Could not detect idle state.
06-25 14:43:34.542  7911  7947 W UiDevice: Skipping wait as package ${APP_ID} does not match current window com.hanapkalinga.mobile.
06-25 14:43:34.549  7911  7947 W QueryController: Could not detect idle state.
06-25 14:43:34.550  7911  7947 W QueryController: Could not detect idle state.
06-25 14:43:34.553  7911  7947 W UiDevice: Skipping wait as package ${APP_ID} does not match current window com.hanapkalinga.mobile.
06-25 14:43:34.560  7911  7947 W QueryController: Could not detect idle state.
06-25 14:43:34.562  7911  7947 W QueryController: Could not detect idle state.
06-25 14:43:34.564  7911  7947 W UiDevice: Skipping wait as package ${APP_ID} does not match current window com.hanapkalinga.mobile.
06-25 14:43:34.571  7911  7947 W QueryController: Could not detect idle state.
06-25 14:43:34.573  7911  7947 W QueryController: Could not detect idle state.
06-25 14:43:34.576  7911  7947 W UiDevice: Skipping wait as package ${APP_ID} does not match current window com.hanapkalinga.mobile.
06-25 14:43:34.585  7911  7947 W QueryController: Could not detect idle state.
06-25 14:43:34.586  7911  7947 W QueryController: Could not detect idle state.
06-25 14:43:34.589  7911  7947 W UiDevice: Skipping wait as package ${APP_ID} does not match current window com.hanapkalinga.mobile.
06-25 14:43:34.597  7911  7947 W QueryController: Could not detect idle state.
06-25 14:43:34.599  7911  7947 W QueryController: Could not detect idle state.
06-25 14:43:34.602  7911  7947 W UiDevice: Skipping wait as package ${APP_ID} does not match current window com.hanapkalinga.mobile.
06-25 14:43:34.648  7911  7947 W QueryController: Could not detect idle state.
06-25 14:43:34.650  7911  7947 W QueryController: Could not detect idle state.
06-25 14:43:34.653  7911  7947 W UiDevice: Skipping wait as package ${APP_ID} does not match current window com.hanapkalinga.mobile.
06-25 14:43:34.660  7911  7947 W QueryController: Could not detect idle state.
06-25 14:43:34.662  7911  7947 W QueryController: Could not detect idle state.
06-25 14:43:34.665  7911  7947 W UiDevice: Skipping wait as package ${APP_ID} does not match current window com.hanapkalinga.mobile.
06-25 14:43:34.672  7911  7947 W QueryController: Could not detect idle state.
06-25 14:43:34.673  7911  7947 W QueryController: Could not detect idle state.
06-25 14:43:34.676  7911  7947 W UiDevice: Skipping wait as package ${APP_ID} does not match current window com.hanapkalinga.mobile.
06-25 14:43:34.684  7911  7947 W QueryController: Could not detect idle state.
06-25 14:43:34.686  7911  7947 W QueryController: Could not detect idle state.
06-25 14:43:34.689  7911  7947 W UiDevice: Skipping wait as package ${APP_ID} does not match current window com.hanapkalinga.mobile.
06-25 14:43:34.698  7911  7947 W QueryController: Could not detect idle state.
06-25 14:43:34.699  7911  7947 W QueryController: Could not detect idle state.
06-25 14:43:34.702  7911  7947 W UiDevice: Skipping wait as package ${APP_ID} does not match current window com.hanapkalinga.mobile.
06-25 14:43:34.709  7911  7947 W QueryController: Could not detect idle state.
06-25 14:43:34.711  7911  7947 W QueryController: Could not detect idle state.
06-25 14:43:34.714  7911  7947 W UiDevice: Skipping wait as package ${APP_ID} does not match current window com.hanapkalinga.mobile.
06-25 14:43:34.720  7911  7947 W QueryController: Could not detect idle state.
06-25 14:43:34.721  7911  7947 W QueryController: Could not detect idle state.
06-25 14:43:34.724  7911  7947 W UiDevice: Skipping wait as package ${APP_ID} does not match current window com.hanapkalinga.mobile.
06-25 14:43:34.730  7911  7947 W QueryController: Could not detect idle state.
06-25 14:43:34.732  7911  7947 W QueryController: Could not detect idle state.
06-25 14:43:34.735  7911  7947 W UiDevice: Skipping wait as package ${APP_ID} does not match current window com.hanapkalinga.mobile.
06-25 14:43:34.741  7911  7947 W QueryController: Could not detect idle state.
06-25 14:43:34.743  7911  7947 W QueryController: Could not detect idle state.
06-25 14:43:34.745  7911  7947 W UiDevice: Skipping wait as package ${APP_ID} does not match current window com.hanapkalinga.mobile.
06-25 14:43:34.753  7911  7947 W QueryController: Could not detect idle state.
06-25 14:43:34.755  7911  7947 W QueryController: Could not detect idle state.
06-25 14:43:34.758  7911  7947 W UiDevice: Skipping wait as package ${APP_ID} does not match current window com.hanapkalinga.mobile.
06-25 14:43:34.765  7911  7947 W QueryController: Could not detect idle state.
06-25 14:43:34.767  7911  7947 W QueryController: Could not detect idle state.
06-25 14:43:34.770  7911  7947 W UiDevice: Skipping wait as package ${APP_ID} does not match current window com.hanapkalinga.mobile.
06-25 14:43:34.776  7911  7947 W QueryController: Could not detect idle state.
06-25 14:43:34.778  7911  7947 W QueryController: Could not detect idle state.
06-25 14:43:34.781  7911  7947 W UiDevice: Skipping wait as package ${APP_ID} does not match current window com.hanapkalinga.mobile.
06-25 14:43:34.787  7911  7947 W QueryController: Could not detect idle state.
06-25 14:43:34.788  7911  7947 W QueryController: Could not detect idle state.
06-25 14:43:34.791  7911  7947 W UiDevice: Skipping wait as package ${APP_ID} does not match current window com.hanapkalinga.mobile.
06-25 14:43:34.798  7911  7947 W QueryController: Could not detect idle state.
06-25 14:43:34.799  7911  7947 W QueryController: Could not detect idle state.
06-25 14:43:34.802  7911  7947 W UiDevice: Skipping wait as package ${APP_ID} does not match current window com.hanapkalinga.mobile.
06-25 14:43:34.809  7911  7947 W QueryController: Could not detect idle state.
06-25 14:43:34.811  7911  7947 W QueryController: Could not detect idle state.
06-25 14:43:34.814  7911  7947 W UiDevice: Skipping wait as package ${APP_ID} does not match current window com.hanapkalinga.mobile.
06-25 14:43:34.822  7911  7947 W QueryController: Could not detect idle state.
06-25 14:43:34.823  7911  7947 W QueryController: Could not detect idle state.
06-25 14:43:34.826  7911  7947 W UiDevice: Skipping wait as package ${APP_ID} does not match current window com.hanapkalinga.mobile.
06-25 14:43:34.834  7911  7947 W QueryController: Could not detect idle state.
06-25 14:43:34.836  7911  7947 W QueryController: Could not detect idle state.
06-25 14:43:34.839  7911  7947 W UiDevice: Skipping wait as package ${APP_ID} does not match current window com.hanapkalinga.mobile.
06-25 14:43:34.848  7911  7947 W QueryController: Could not detect idle state.
06-25 14:43:34.850  7911  7947 W QueryController: Could not detect idle state.
06-25 14:43:34.852  7911  7947 W UiDevice: Skipping wait as package ${APP_ID} does not match current window com.hanapkalinga.mobile.
06-25 14:43:34.860  7911  7947 W QueryController: Could not detect idle state.
06-25 14:43:34.861  7911  7947 W QueryController: Could not detect idle state.
06-25 14:43:34.864  7911  7947 W UiDevice: Skipping wait as package ${APP_ID} does not match current window com.hanapkalinga.mobile.
06-25 14:43:34.871  7911  7947 W QueryController: Could not detect idle state.
06-25 14:43:34.872  7911  7947 W QueryController: Could not detect idle state.
06-25 14:43:34.874  7911  7947 W UiDevice: Skipping wait as package ${APP_ID} does not match current window com.hanapkalinga.mobile.
06-25 14:43:34.882  7911  7947 W QueryController: Could not detect idle state.
06-25 14:43:34.883  7911  7947 W QueryController: Could not detect idle state.
06-25 14:43:34.885  7911  7947 W UiDevice: Skipping wait as package ${APP_ID} does not match current window com.hanapkalinga.mobile.
06-25 14:43:34.892  7911  7947 W QueryController: Could not detect idle state.
06-25 14:43:34.894  7911  7947 W QueryController: Could not detect idle state.
06-25 14:43:34.896  7911  7947 W UiDevice: Skipping wait as package ${APP_ID} does not match current window com.hanapkalinga.mobile.
06-25 14:43:34.904  7911  7947 W QueryController: Could not detect idle state.
06-25 14:43:34.906  7911  7947 W QueryController: Could not detect idle state.
06-25 14:43:34.908  7911  7947 W UiDevice: Skipping wait as package ${APP_ID} does not match current window com.hanapkalinga.mobile.
06-25 14:43:34.915  7911  7947 W QueryController: Could not detect idle state.
06-25 14:43:34.917  7911  7947 W QueryController: Could not detect idle state.
06-25 14:43:34.919  7911  7947 W UiDevice: Skipping wait as package ${APP_ID} does not match current window com.hanapkalinga.mobile.
06-25 14:43:34.926  7911  7947 W QueryController: Could not detect idle state.
06-25 14:43:34.927  7911  7947 W QueryController: Could not detect idle state.
06-25 14:43:34.930  7911  7947 W UiDevice: Skipping wait as package ${APP_ID} does not match current window com.hanapkalinga.mobile.
06-25 14:43:34.938  7911  7947 W QueryController: Could not detect idle state.
06-25 14:43:34.939  7911  7947 W QueryController: Could not detect idle state.
06-25 14:43:34.942  7911  7947 W UiDevice: Skipping wait as package ${APP_ID} does not match current window com.hanapkalinga.mobile.
06-25 14:43:34.951  7911  7947 W QueryController: Could not detect idle state.
06-25 14:43:34.953  7911  7947 W QueryController: Could not detect idle state.
06-25 14:43:34.955  7911  7947 W UiDevice: Skipping wait as package ${APP_ID} does not match current window com.hanapkalinga.mobile.
06-25 14:43:34.963  7911  7947 W QueryController: Could not detect idle state.
06-25 14:43:34.965  7911  7947 W QueryController: Could not detect idle state.
06-25 14:43:34.968  7911  7947 W UiDevice: Skipping wait as package ${APP_ID} does not match current window com.hanapkalinga.mobile.
06-25 14:43:34.976  7911  7947 W QueryController: Could not detect idle state.
06-25 14:43:34.978  7911  7947 W QueryController: Could not detect idle state.
06-25 14:43:34.980  7911  7947 W UiDevice: Skipping wait as package ${APP_ID} does not match current window com.hanapkalinga.mobile.
06-25 14:43:34.987  7911  7947 W QueryController: Could not detect idle state.
06-25 14:43:34.988  7911  7947 W QueryController: Could not detect idle state.
06-25 14:43:34.991  7911  7947 W UiDevice: Skipping wait as package ${APP_ID} does not match current window com.hanapkalinga.mobile.
06-25 14:43:34.999  7911  7947 W QueryController: Could not detect idle state.
06-25 14:43:35.001  7911  7947 W QueryController: Could not detect idle state.
06-25 14:43:35.003  7911  7947 W UiDevice: Skipping wait as package ${APP_ID} does not match current window com.hanapkalinga.mobile.
06-25 14:43:35.011  7911  7947 W QueryController: Could not detect idle state.
06-25 14:43:35.013  7911  7947 W QueryController: Could not detect idle state.
06-25 14:43:35.017  7911  7947 W UiDevice: Skipping wait as package ${APP_ID} does not match current window com.hanapkalinga.mobile.
06-25 14:43:35.025  7911  7947 W QueryController: Could not detect idle state.
06-25 14:43:35.026  7911  7947 W QueryController: Could not detect idle state.
06-25 14:43:35.029  7911  7947 W UiDevice: Skipping wait as package ${APP_ID} does not match current window com.hanapkalinga.mobile.
06-25 14:43:35.037  7911  7947 W QueryController: Could not detect idle state.
06-25 14:43:35.038  7911  7947 W QueryController: Could not detect idle state.
06-25 14:43:35.042  7911  7947 W UiDevice: Skipping wait as package ${APP_ID} does not match current window com.hanapkalinga.mobile.
06-25 14:43:35.050  7911  7947 W QueryController: Could not detect idle state.
06-25 14:43:35.052  7911  7947 W QueryController: Could not detect idle state.
06-25 14:43:35.056  7911  7947 W UiDevice: Skipping wait as package ${APP_ID} does not match current window com.hanapkalinga.mobile.
06-25 14:43:35.065  7911  7947 W QueryController: Could not detect idle state.
06-25 14:43:35.066  7911  7947 W QueryController: Could not detect idle state.
06-25 14:43:35.069  7911  7947 W UiDevice: Skipping wait as package ${APP_ID} does not match current window com.hanapkalinga.mobile.
06-25 14:43:35.076  7911  7947 W QueryController: Could not detect idle state.
06-25 14:43:35.078  7911  7947 W QueryController: Could not detect idle state.
06-25 14:43:35.080  7911  7947 W UiDevice: Skipping wait as package ${APP_ID} does not match current window com.hanapkalinga.mobile.
06-25 14:43:35.088  7911  7947 W QueryController: Could not detect idle state.
06-25 14:43:35.090  7911  7947 W QueryController: Could not detect idle state.
06-25 14:43:35.092  7911  7947 W UiDevice: Skipping wait as package ${APP_ID} does not match current window com.hanapkalinga.mobile.
06-25 14:43:35.100  7911  7947 W QueryController: Could not detect idle state.
06-25 14:43:35.102  7911  7947 W QueryController: Could not detect idle state.
06-25 14:43:35.104  7911  7947 W UiDevice: Skipping wait as package ${APP_ID} does not match current window com.hanapkalinga.mobile.
06-25 14:43:35.112  7911  7947 W QueryController: Could not detect idle state.
06-25 14:43:35.113  7911  7947 W QueryController: Could not detect idle state.
06-25 14:43:35.116  7911  7947 W UiDevice: Skipping wait as package ${APP_ID} does not match current window com.hanapkalinga.mobile.
06-25 14:43:35.123  7911  7947 W QueryController: Could not detect idle state.
06-25 14:43:35.127  7911  7947 W QueryController: Could not detect idle state.
06-25 14:43:35.132  7911  7947 W UiDevice: Skipping wait as package ${APP_ID} does not match current window com.hanapkalinga.mobile.
06-25 14:43:35.139  7911  7947 W QueryController: Could not detect idle state.
06-25 14:43:35.143  7911  7947 W QueryController: Could not detect idle state.
06-25 14:43:35.149  7911  7947 W UiDevice: Skipping wait as package ${APP_ID} does not match current window com.hanapkalinga.mobile.
06-25 14:43:35.156  7911  7947 W QueryController: Could not detect idle state.
06-25 14:43:35.158  7911  7947 W QueryController: Could not detect idle state.
06-25 14:43:35.161  7911  7947 W UiDevice: Skipping wait as package ${APP_ID} does not match current window com.hanapkalinga.mobile.
06-25 14:43:35.210  7911  7947 W QueryController: Could not detect idle state.
06-25 14:43:35.212  7911  7947 W QueryController: Could not detect idle state.
06-25 14:43:35.214  7911  7947 W UiDevice: Skipping wait as package ${APP_ID} does not match current window com.hanapkalinga.mobile.
06-25 14:43:35.224  7911  7947 W QueryController: Could not detect idle state.
06-25 14:43:35.226  7911  7947 W QueryController: Could not detect idle state.
06-25 14:43:35.229  7911  7947 W UiDevice: Skipping wait as package ${APP_ID} does not match current window com.hanapkalinga.mobile.
06-25 14:43:35.237  7911  7947 W QueryController: Could not detect idle state.
06-25 14:43:35.239  7911  7947 W QueryController: Could not detect idle state.
06-25 14:43:35.241  7911  7947 W UiDevice: Skipping wait as package ${APP_ID} does not match current window com.hanapkalinga.mobile.
06-25 14:43:35.248  7911  7947 W QueryController: Could not detect idle state.
06-25 14:43:35.250  7911  7947 W QueryController: Could not detect idle state.
06-25 14:43:35.253  7911  7947 W UiDevice: Skipping wait as package ${APP_ID} does not match current window com.hanapkalinga.mobile.
06-25 14:43:35.268  7911  7947 D Maestro : Requesting view hierarchy
06-25 14:43:35.269  7911  7947 W QueryController: Could not detect idle state.
06-25 14:43:35.269  7911  7947 W QueryController: Could not detect idle state.
06-25 14:43:35.289  7911  7947 I Maestro : Skipping invisible child: android.view.accessibility.AccessibilityNodeInfo@128c9; boundsInParent: Rect(0, 0 - 320, 0); boundsInScreen: Rect(0, 0 - 320, 0); boundsInWindow: Rect(0, 0 - 320, 0); packageName: com.hanapkalinga.mobile; className: android.widget.LinearLayout; text: null; error: null; maxTextLength: -1; stateDescription: null; contentDescription: null; tooltipText: null; containerTitle: null; viewIdResName: null; uniqueId: null; checkable: false; checked: false; focusable: false; focused: false; selected: false; clickable: false; longClickable: false; contextClickable: false; enabled: true; password: false; scrollable: false; importantForAccessibility: false; visible: false; actions: [AccessibilityAction: ACTION_SELECT - null, AccessibilityAction: ACTION_CLEAR_SELECTION - null, AccessibilityAction: ACTION_ACCESSIBILITY_FOCUS - null, AccessibilityAction: ACTION_SHOW_ON_SCREEN - null]; isTextSelectable: false
06-25 14:43:35.289  7911  7947 I Maestro : Skipping invisible child: android.view.accessibility.AccessibilityNodeInfo@12508; boundsInParent: Rect(0, 0 - 320, 0); boundsInScreen: Rect(0, 0 - 320, 0); boundsInWindow: Rect(0, 0 - 320, 0); packageName: com.hanapkalinga.mobile; className: android.view.ViewGroup; text: null; error: null; maxTextLength: -1; stateDescription: null; contentDescription: null; tooltipText: null; containerTitle: null; viewIdResName: null; uniqueId: null; checkable: false; checked: false; focusable: false; focused: false; selected: false; clickable: false; longClickable: false; contextClickable: false; enabled: true; password: false; scrollable: false; importantForAccessibility: false; visible: false; actions: [AccessibilityAction: ACTION_SELECT - null, AccessibilityAction: ACTION_CLEAR_SELECTION - null, AccessibilityAction: ACTION_ACCESSIBILITY_FOCUS - null, AccessibilityAction: ACTION_SHOW_ON_SCREEN - null]; isTextSelectable: false
06-25 14:43:35.290  7911  7947 I Maestro : Skipping invisible child: android.view.accessibility.AccessibilityNodeInfo@1a4aa; boundsInParent: Rect(0, 0 - 320, 0); boundsInScreen: Rect(0, 0 - 320, 0); boundsInWindow: Rect(0, 0 - 320, 0); packageName: com.hanapkalinga.mobile; className: android.widget.LinearLayout; text: null; error: null; maxTextLength: -1; stateDescription: null; contentDescription: null; tooltipText: null; containerTitle: null; viewIdResName: null; uniqueId: null; checkable: false; checked: false; focusable: false; focused: false; selected: false; clickable: false; longClickable: false; contextClickable: false; enabled: true; password: false; scrollable: false; importantForAccessibility: false; visible: false; actions: [AccessibilityAction: ACTION_SELECT - null, AccessibilityAction: ACTION_CLEAR_SELECTION - null, AccessibilityAction: ACTION_ACCESSIBILITY_FOCUS - null, AccessibilityAction: ACTION_SHOW_ON_SCREEN - null]; isTextSelectable: false
06-25 14:43:35.291  7911  7947 I Maestro : Skipping invisible child: android.view.accessibility.AccessibilityNodeInfo@1a0e9; boundsInParent: Rect(0, 0 - 320, 0); boundsInScreen: Rect(0, 0 - 320, 0); boundsInWindow: Rect(0, 0 - 320, 0); packageName: com.hanapkalinga.mobile; className: android.view.ViewGroup; text: null; error: null; maxTextLength: -1; stateDescription: null; contentDescription: null; tooltipText: null; containerTitle: null; viewIdResName: null; uniqueId: null; checkable: false; checked: false; focusable: false; focused: false; selected: false; clickable: false; longClickable: false; contextClickable: false; enabled: true; password: false; scrollable: false; importantForAccessibility: false; visible: false; actions: [AccessibilityAction: ACTION_SELECT - null, AccessibilityAction: ACTION_CLEAR_SELECTION - null, AccessibilityAction: ACTION_ACCESSIBILITY_FOCUS - null, AccessibilityAction: ACTION_SHOW_ON_SCREEN - null]; isTextSelectable: false
06-25 14:43:35.310  7911  7947 D Maestro : View hierarchy received in 42 ms
06-25 14:43:35.381  1104  1104 D TaplEvents: TIS / TouchInteractionService.onInputEvent: MotionEvent { action=ACTION_DOWN, actionButton=0, id[0]=0, x[0]=160.0, y[0]=223.0, toolType[0]=TOOL_TYPE_FINGER, buttonState=0, classification=NONE, metaState=0, flags=0x0, edgeFlags=0x0, pointerCount=1, historySize=0, eventTime=363921, downTime=363921, deviceId=-1, source=0x1002, displayId=0, eventId=-477921062 }
06-25 14:43:35.478   830   830 I wpa_supplicant: wlan0: CTRL-EVENT-BEACON-LOSS 
06-25 14:43:35.484  1104  1104 D TaplEvents: TIS / TouchInteractionService.onInputEvent: MotionEvent { action=ACTION_UP, actionButton=0, id[0]=0, x[0]=160.0, y[0]=223.0, toolType[0]=TOOL_TYPE_FINGER, buttonState=0, classification=NONE, metaState=0, flags=0x0, edgeFlags=0x0, pointerCount=1, historySize=0, eventTime=364039, downTime=363921, deviceId=-1, source=0x1002, displayId=0, eventId=-389563456 }
06-25 14:43:35.486   526  2149 W FillRequestEventLogger: Couldn't find packageName: com.google.android.inputmethod.latin
06-25 14:43:35.488   526   526 D AutofillInlineSuggestionsRequestSession: onCreateInlineSuggestionsRequestLocked called: 1073741824@1591768250
06-25 14:43:35.488   526  2149 D CompatibilityChangeReporter: Compat change id reported: 214016041; UID 10192; state: ENABLED
06-25 14:43:35.489  1549  1549 I GoogleInputMethodService: GoogleInputMethodService.onFinishInput():3227 
06-25 14:43:35.490  8051  8051 I ImeTracker: com.hanapkalinga.mobile:a09e61b6: onRequestShow at ORIGIN_CLIENT_SHOW_SOFT_INPUT reason SHOW_SOFT_INPUT
06-25 14:43:35.490  1549  1549 I GoogleInputMethodService: GoogleInputMethodService.updateDeviceLockedStatus():2087 repeatCheckTimes = 0, unlocked = true
06-25 14:43:35.490  8051  8051 D InputMethodManager: showSoftInput() view=com.facebook.react.views.textinput.ReactEditText{5dfed80 VFED..CL. .F.P..ID 33,178-287,220 #80 aid=1073741824} flags=0 reason=SHOW_SOFT_INPUT
06-25 14:43:35.490  1549  1549 I GoogleInputMethodService: GoogleInputMethodService.onStartInput():1877 onStartInput(EditorInfo{inputType=0x21(EmailAddress) imeOptions=0x8000006 privateImeOptions=null actionName=DONE actionLabel=null actionId=0 initialSelStart=0 initialSelEnd=0 initialCapsMode=0x0 hintText=non-empty label=null packageName=com.hanapkalinga.mobile fieldId=128 fieldName=null extras=Bundle[mParcelledData.dataSize=240]}, false)
06-25 14:43:35.490  1549  1549 I GoogleInputMethodService: GoogleInputMethodService.shouldHideHeaderOnInitialState():4008 ShouldHideHeaderOnInitialState = false
06-25 14:43:35.491  1549  1549 I GoogleInputMethodService: GoogleInputMethodService.updateDeviceLockedStatus():2087 repeatCheckTimes = 2, unlocked = true
06-25 14:43:35.498   400  4072 D audioserver: FGS Logger Transaction failed
06-25 14:43:35.499   400  4072 D audioserver: -129
06-25 14:43:35.502  8051  8051 I AssistStructure: Flattened final assist data: 2592 bytes, containing 1 windows, 14 views
06-25 14:43:35.502   526  2098 D AutofillSession: createPendingIntent for request 13
06-25 14:43:35.502   526  2098 D ContentCapturePerUserService: Notified activity assist data for activity: Token{b2f8b5e ActivityRecord{74471e0 u0 com.hanapkalinga.mobile/.MainActivity t14}} without a session Id
06-25 14:43:35.502  1549  1549 I DeviceModeUtil: DeviceModeUtil.getDeviceMode():122 Get device mode phone by ui mode:1 and smallestScreenWidthDp:320
06-25 14:43:35.503  1549  1549 I GoogleInputMethodService: GoogleInputMethodService.onStartInputView():1995 onStartInputView(EditorInfo{inputType=0x21(EmailAddress) imeOptions=0x8000006 privateImeOptions=null actionName=DONE actionLabel=null actionId=0 initialSelStart=0 initialSelEnd=0 initialCapsMode=0x0 hintText=non-empty label=null packageName=com.hanapkalinga.mobile fieldId=128 fieldName=null extras=Bundle[{android.support.text.emoji.emojiCompat_metadataVersion=9, android.support.text.emoji.emojiCompat_replaceAll=false}]}, false)
06-25 14:43:35.503   526  2310 D AutofillInlineSuggestionsRequestSession: onInlineSuggestionsSessionInvalidated() called.
06-25 14:43:35.505   526  1718 D AutofillInlineSuggestionsRequestSession: onInlineSuggestionsRequest() received: InlineSuggestionsRequest { maxSuggestionCount = 9, inlinePresentationSpecs = [InlinePresentationSpec { minSize = 42x38, maxSize = 240x38, style = Bundle[mParcelledData.dataSize=2816] }, InlinePresentationSpec { minSize = 42x38, maxSize = 240x38, style = Bundle[mParcelledData.dataSize=2816] }, InlinePresentationSpec { minSize = 42x38, maxSize = 240x38, style = Bundle[mParcelledData.dataSize=2816] }, InlinePresentationSpec { minSize = 42x38, maxSize = 240x38, style = Bundle[mParcelledData.dataSize=2816] }, InlinePresentationSpec { minSize = 42x38, maxSize = 240x38, style = Bundle[mParcelledData.dataSize=2816] }, InlinePresentationSpec { minSize = 42x38, maxSize = 240x38, style = Bundle[mParcelledData.dataSize=2816] }, InlinePresentationSpec { minSize = 42x38, maxSize = 240x38, style = Bundle[mParcelledData.dataSize=2816] }, InlinePresentationSpec { minSize = 42x38, maxSize = 240x38, style = Bundle[mParcelledData.dataSize=2816] }, InlinePresentationSpec { minSize = 42x38, maxSize = 240x38, style = Bundle[mParcelledData.dataSize=2816] }], hostPackageName = com.google.android.inputmethod.latin, supportedLocales = [en_US], extras = Bundle[EMPTY_PARCEL], hostInputToken = android.os.BinderProxy@2aed875, hostDisplayId = 0, inlineTooltipPresentationSpec = null }
06-25 14:43:35.505  8051  8070 D EGL_emulation: app_time_stats: avg=65.30ms min=3.46ms max=1691.49ms count=28
06-25 14:43:35.506  1549  1549 I GoogleInputMethodService: GoogleInputMethodService.updateDeviceLockedStatus():2087 repeatCheckTimes = 2, unlocked = true
06-25 14:43:35.506  1549  1610 I DeviceModeUtil: DeviceModeUtil.getDeviceMode():122 Get device mode phone by ui mode:1 and smallestScreenWidthDp:320
06-25 14:43:35.507  1549  1549 W ModuleManager: ModuleManager.loadModule():450 Module erj is not available
06-25 14:43:35.508  1549  1549 I KeyboardViewUtil: KeyboardViewUtil.getKeyboardHeightRatio():189 systemKeyboardHeightRatio:1.000000; userKeyboardHeightRatio:1.000000.
06-25 14:43:35.509  1549  1549 I AndroidIME: AbstractIme.onActivate():86 LatinIme.onActivate() : EditorInfo = inputType=0x21(EmailAddress) imeOptions=0x8000006 privateImeOptions=null actionName=DONE actionLabel=null actionId=0 initialSelStart=0 initialSelEnd=0 initialCapsMode=0x0 hintText=non-empty label=null packageName=com.hanapkalinga.mobile fieldId=128 fieldName=null extras=Bundle[{android.support.text.emoji.emojiCompat_metadataVersion=9, android.support.text.emoji.emojiCompat_replaceAll=false}], IncognitoMode = false, DeviceLocked = false
06-25 14:43:35.510  1549  1549 I Delight5Facilitator: Delight5Facilitator.initializeForIme():777 initializeForIme() : Locale = [en_US], layout = qwerty
06-25 14:43:35.511  8051  8051 I ImeTracker: com.hanapkalinga.mobile:72d367f5: onRequestShow at ORIGIN_CLIENT_SHOW_SOFT_INPUT reason SHOW_SOFT_INPUT
06-25 14:43:35.511  8051  8051 D InputMethodManager: showSoftInput() view=com.facebook.react.views.textinput.ReactEditText{5dfed80 VFED..CL. .F...... 33,178-287,220 #80 aid=1073741824} flags=0 reason=SHOW_SOFT_INPUT
06-25 14:43:35.512  1549  1549 I VoiceInputManagerWrapper: VoiceInputManagerWrapper.cancelShutdown():55 cancelShutdown()
06-25 14:43:35.512  1549  1549 I VoiceInputManagerWrapper: VoiceInputManagerWrapper.syncLanguagePacks():67 syncLanguagePacks()
06-25 14:43:35.513  1549  1549 I LatinIme: LatinIme.updateEnableInlineSuggestionsOnDecoderSideFlags():1003 inline flag updated to:false
06-25 14:43:35.514  1549  5846 I SpeechFactory: SpeechRecognitionFactory.maybeScheduleAutoPackDownloadForFallback():205 maybeScheduleAutoPackDownloadForFallback()
06-25 14:43:35.515  1549  5846 I FallbackOnDeviceRecognitionProvider: FallbackOnDeviceRecognitionProvider.maybeScheduleAutoPackDownload():195 maybeScheduleAutoPackDownload() for language tag en-US
06-25 14:43:35.524  1549  1549 I KeyboardWrapper: KeyboardWrapper.consumeEvent():275 Skip consuming an event as current keyboard is deactivated (state=0, keyboard existence=true)
06-25 14:43:35.527  4998  4998 W AutofillChimeraService: Pending fill request while another request in the same session was triggered. [CONTEXT service_id=177 ]
06-25 14:43:35.532   526   526 W FillRequestEventLogger: Shouldn't be logging AutofillFillRequestReported again for same event
06-25 14:43:35.532   526   526 W FillResponseEventLogger: Shouldn't be logging AutofillFillRequestReported again for same event
06-25 14:43:35.532   526   526 D AutofillSession: clearPendingIntentLocked
06-25 14:43:35.532   526   526 D AutofillInlineSuggestionsRequestSession: onInlineSuggestionsResponseLocked called for:1073741824@1591768250
06-25 14:43:35.533   526   526 D AutofillInlineSuggestionsRequestSession: maybeNotifyFillUiEventLoked(): hasSuggestionToShow=false, mPreviousHasNonPinSuggestionShow=false
06-25 14:43:35.533   526   526 D AutofillInlineSuggestionsRequestSession: Send inline response: 0
06-25 14:43:35.533   526   544 D AutofillUI: destroySaveUiUiThread(): already destroyed
06-25 14:43:35.533  1563  1563 V InlineSuggestionRenderService: handleDestroySuggestionViews called for 0:1591768250
06-25 14:43:35.536  4998  5015 I IPCThreadState: oneway function results for code 1 on binder at 0x738135fec570 will be dropped but finished with status UNKNOWN_TRANSACTION and reply parcel size 80
06-25 14:43:35.539  1549  1549 I KeyboardViewHelper: KeyboardViewHelper.getView():170 Get view with height ratio:1.000000
06-25 14:43:35.547  1549  1549 I KeyboardViewUtil: KeyboardViewUtil.calculateMaxKeyboardBodyHeight():40 leave 110 height for app when screen height:640, header height:38 and isFullscreenMode:false, so the max keyboard body height is:492
06-25 14:43:35.548  1549  1549 I DeviceModeUtil: DeviceModeUtil.getDeviceMode():122 Get device mode phone by ui mode:1 and smallestScreenWidthDp:320
06-25 14:43:35.548  1549  1549 I GoogleInputMethodService: GoogleInputMethodService.setKeyboardViewShown():3483 setKeyboardViewShown() : type = HEADER, shownType = SHOW_OPTIONAL
06-25 14:43:35.548  1549  1549 I GoogleInputMethodService: GoogleInputMethodService.setKeyboardViewShown():3530 setKeyboardViewShown() : shouldShow = true
06-25 14:43:35.548  1549  1549 I GoogleInputMethodService: GoogleInputMethodService.setKeyboardViewShown():3483 setKeyboardViewShown() : type = BODY, shownType = SHOW_MANDATORY
06-25 14:43:35.548  1549  1549 I GoogleInputMethodService: GoogleInputMethodService.setKeyboardViewShown():3530 setKeyboardViewShown() : shouldShow = true
06-25 14:43:35.548  1549  1549 I GoogleInputMethodService: GoogleInputMethodService.setKeyboardViewShown():3483 setKeyboardViewShown() : type = FLOATING_CANDIDATES, shownType = HIDE
06-25 14:43:35.548  1549  1549 I GoogleInputMethodService: GoogleInputMethodService.setKeyboardViewShown():3530 setKeyboardViewShown() : shouldShow = false
06-25 14:43:35.549  1549  1549 I KeyboardViewUtil: KeyboardViewUtil.calculateMaxKeyboardBodyHeight():40 leave 110 height for app when screen height:640, header height:38 and isFullscreenMode:false, so the max keyboard body height is:492
06-25 14:43:35.549  1549  1549 I DeviceModeUtil: DeviceModeUtil.getDeviceMode():122 Get device mode phone by ui mode:1 and smallestScreenWidthDp:320
06-25 14:43:35.552  1549  1549 I DeviceModeUtil: DeviceModeUtil.getDeviceMode():122 Get device mode phone by ui mode:1 and smallestScreenWidthDp:320
06-25 14:43:35.552  1549  1549 I DeviceModeUtil: DeviceModeUtil.getDeviceMode():122 Get device mode phone by ui mode:1 and smallestScreenWidthDp:320
06-25 14:43:35.552  1549  1549 I KeyboardModeManager: KeyboardModeManager.setInputView():364 setInputView() : supportsOneHandedMode=true
06-25 14:43:35.552  1549  1549 I NormalModeController: NormalModeController.getKeyboardBodyViewHolderPaddingBottom():116 currentPrimeKeyboardType:SOFT systemPaddingBottom:-1
06-25 14:43:35.553  1549  1549 I NormalModeController: NormalModeController.getKeyboardBodyViewHolderPaddingBottom():116 currentPrimeKeyboardType:SOFT systemPaddingBottom:-1
06-25 14:43:35.553  1549  1549 I KeyboardModeManager: KeyboardModeManager.setInputView():356 setInputView() : entry=hwn{languageTag=en-US, variant=qwerty, hasLocalizedResources=true, conditionCacheKey=_device=phone_device_size=default_enable_adaptive_text_editing=true_enable_inline_suggestions_on_client_side=false_enable_large_tablet_batch_1=false_enable_large_tablet_batch_2=false_enable_more_candidates_view_for_multilingual=false_enable_nav_redesign=false_enable_number_row=false_enable_preemptive_decode=true_enable_secondary_symbols=false_expressions=normal_four_or_more_letter_rows=false_keyboard_mode=normal_language=en-US_orientation=portrait_physical_keyboard=qwerty_show_secondary_digits=true_show_suggestions=true_split_with_duplicate_keys=true_variant=qwerty, imeDef.stringId=ime_english_united_states, imeDef.className=com.google.android.apps.inputmethod.libs.latin5.LatinIme, imeDef.languageTag=en-US}
06-25 14:43:35.554  1549  1549 I CurrentMicStatusHolder: CurrentMicStatusHolder.onStartInputView():79 Current Mic status = {MicIconHidden-EmailInputType,}
06-25 14:43:35.554  1549  1549 I VoiceImeExtension: VoiceImeExtension.shouldStartVoiceInputAutomatically():383 No private IME option set to start voice input.
06-25 14:43:35.556   526  2310 D CoreBackPreview: Window{2e810be u0 com.hanapkalinga.mobile/com.hanapkalinga.mobile.MainActivity}: Setting back callback OnBackInvokedCallbackInfo{mCallback=android.window.IOnBackInvokedCallback$Stub$Proxy@ecd0375, mPriority=0, mIsAnimationCallback=false}
06-25 14:43:35.585  1549  1549 I DeviceModeUtil: DeviceModeUtil.getDeviceMode():122 Get device mode phone by ui mode:1 and smallestScreenWidthDp:320
06-25 14:43:35.586   526  1718 I ImeTracker: com.hanapkalinga.mobile:a09e61b6: onFailed at PHASE_WM_SHOW_IME_RUNNER
06-25 14:43:35.587  1549  1549 I DeviceModeUtil: DeviceModeUtil.getDeviceMode():122 Get device mode phone by ui mode:1 and smallestScreenWidthDp:320
06-25 14:43:35.587  1549  1549 I DeviceModeUtil: DeviceModeUtil.getDeviceMode():122 Get device mode phone by ui mode:1 and smallestScreenWidthDp:320
06-25 14:43:35.587  1549  1549 I NormalModeController: NormalModeController.getKeyboardBodyViewHolderPaddingBottom():116 currentPrimeKeyboardType:SOFT systemPaddingBottom:-1
06-25 14:43:35.588  1549  2649 I Delight5Decoder: Delight5DecoderWrapper.setKeyboardLayout():457 setKeyboardLayout()
06-25 14:43:35.591  8051  8051 D InsetsController: show(ime(), fromIme=true)
06-25 14:43:35.604  1549  2649 I Delight5Decoder: Delight5DecoderWrapper.setKeyboardLayout():457 setKeyboardLayout()
06-25 14:43:35.622  8051  8051 I ImeTracker: com.hanapkalinga.mobile:72d367f5: onShown
06-25 14:43:35.625  5051  5051 D BoundBrokerSvc: onBind: Intent { act=com.google.android.gms.common.BIND_SHARED_PREFS pkg=com.google.android.gms }
06-25 14:43:35.625  5051  5051 D BoundBrokerSvc: Loading bound service for intent: Intent { act=com.google.android.gms.common.BIND_SHARED_PREFS pkg=com.google.android.gms }
06-25 14:43:35.627  5051  5051 D BoundBrokerSvc: onUnbind: Intent { act=com.google.android.gms.common.BIND_SHARED_PREFS pkg=com.google.android.gms }
06-25 14:43:35.634  5051  5051 D BoundBrokerSvc: onBind: Intent { act=com.google.android.gms.common.BIND_SHARED_PREFS pkg=com.google.android.gms }
06-25 14:43:35.635  5051  5051 D BoundBrokerSvc: Loading bound service for intent: Intent { act=com.google.android.gms.common.BIND_SHARED_PREFS pkg=com.google.android.gms }
06-25 14:43:35.636  5051  5051 D BoundBrokerSvc: onUnbind: Intent { act=com.google.android.gms.common.BIND_SHARED_PREFS pkg=com.google.android.gms }
06-25 14:43:35.663   400   497 D audioserver: FGS Logger Transaction failed
06-25 14:43:35.663   400   497 D audioserver: -129
06-25 14:43:35.726  1549  1549 W TooltipLifecycleManager: TooltipLifecycleManager.dismissTooltips():159 Tooltip with id spell_check_add_to_dictionary not found in tooltipManager.
06-25 14:43:36.133  7911  7947 W QueryController: Could not detect idle state.
06-25 14:43:36.134  7911  7947 D Maestro : Requesting view hierarchy
06-25 14:43:36.135  7911  7947 W QueryController: Could not detect idle state.
06-25 14:43:36.135  7911  7947 W QueryController: Could not detect idle state.
06-25 14:43:36.213   844   844 D StatusBarIconController: ignoring old pipeline callbacks, because the new mobile icons are enabled
