06-25 03:38:48.103  5582  5634 I Maestro : Skipping invisible child: android.view.accessibility.AccessibilityNodeInfo@1a463; boundsInParent: Rect(0, 0 - 320, 0); boundsInScreen: Rect(0, 0 - 320, 0); boundsInWindow: Rect(0, 0 - 320, 0); packageName: com.hanapkalinga.mobile; className: android.widget.LinearLayout; text: null; error: null; maxTextLength: -1; stateDescription: null; contentDescription: null; tooltipText: null; containerTitle: null; viewIdResName: null; uniqueId: null; checkable: false; checked: false; focusable: false; focused: false; selected: false; clickable: false; longClickable: false; contextClickable: false; enabled: true; password: false; scrollable: false; importantForAccessibility: false; visible: false; actions: [AccessibilityAction: ACTION_SELECT - null, AccessibilityAction: ACTION_CLEAR_SELECTION - null, AccessibilityAction: ACTION_ACCESSIBILITY_FOCUS - null, AccessibilityAction: ACTION_SHOW_ON_SCREEN - null]; isTextSelectable: false
06-25 03:38:48.103  5582  5634 I Maestro : Skipping invisible child: android.view.accessibility.AccessibilityNodeInfo@1a0a2; boundsInParent: Rect(0, 0 - 320, 0); boundsInScreen: Rect(0, 0 - 320, 0); boundsInWindow: Rect(0, 0 - 320, 0); packageName: com.hanapkalinga.mobile; className: android.view.ViewGroup; text: null; error: null; maxTextLength: -1; stateDescription: null; contentDescription: null; tooltipText: null; containerTitle: null; viewIdResName: null; uniqueId: null; checkable: false; checked: false; focusable: false; focused: false; selected: false; clickable: false; longClickable: false; contextClickable: false; enabled: true; password: false; scrollable: false; importantForAccessibility: false; visible: false; actions: [AccessibilityAction: ACTION_SELECT - null, AccessibilityAction: ACTION_CLEAR_SELECTION - null, AccessibilityAction: ACTION_ACCESSIBILITY_FOCUS - null, AccessibilityAction: ACTION_SHOW_ON_SCREEN - null]; isTextSelectable: false
06-25 03:38:48.122  5582  5634 D Maestro : View hierarchy received in 30 ms
06-25 03:38:48.144  5764  5784 D EGL_emulation: app_time_stats: avg=500.07ms min=499.31ms max=500.66ms count=3
06-25 03:38:48.168   521   609 D ActivityManager: freezing 3874 com.google.android.gm
06-25 03:38:48.216  5582  5634 D Maestro : Requesting view hierarchy
06-25 03:38:48.216  5582  5634 W QueryController: Could not detect idle state.
06-25 03:38:48.216  5582  5634 W QueryController: Could not detect idle state.
06-25 03:38:48.223  5582  5634 I Maestro : Skipping invisible child: android.view.accessibility.AccessibilityNodeInfo@12882; boundsInParent: Rect(0, 0 - 320, 0); boundsInScreen: Rect(0, 0 - 320, 0); boundsInWindow: Rect(0, 0 - 320, 0); packageName: com.hanapkalinga.mobile; className: android.widget.LinearLayout; text: null; error: null; maxTextLength: -1; stateDescription: null; contentDescription: null; tooltipText: null; containerTitle: null; viewIdResName: null; uniqueId: null; checkable: false; checked: false; focusable: false; focused: false; selected: false; clickable: false; longClickable: false; contextClickable: false; enabled: true; password: false; scrollable: false; importantForAccessibility: false; visible: false; actions: [AccessibilityAction: ACTION_SELECT - null, AccessibilityAction: ACTION_CLEAR_SELECTION - null, AccessibilityAction: ACTION_ACCESSIBILITY_FOCUS - null, AccessibilityAction: ACTION_SHOW_ON_SCREEN - null]; isTextSelectable: false
06-25 03:38:48.223  5582  5634 I Maestro : Skipping invisible child: android.view.accessibility.AccessibilityNodeInfo@124c1; boundsInParent: Rect(0, 0 - 320, 0); boundsInScreen: Rect(0, 0 - 320, 0); boundsInWindow: Rect(0, 0 - 320, 0); packageName: com.hanapkalinga.mobile; className: android.view.ViewGroup; text: null; error: null; maxTextLength: -1; stateDescription: null; contentDescription: null; tooltipText: null; containerTitle: null; viewIdResName: null; uniqueId: null; checkable: false; checked: false; focusable: false; focused: false; selected: false; clickable: false; longClickable: false; contextClickable: false; enabled: true; password: false; scrollable: false; importantForAccessibility: false; visible: false; actions: [AccessibilityAction: ACTION_SELECT - null, AccessibilityAction: ACTION_CLEAR_SELECTION - null, AccessibilityAction: ACTION_ACCESSIBILITY_FOCUS - null, AccessibilityAction: ACTION_SHOW_ON_SCREEN - null]; isTextSelectable: false
06-25 03:38:48.224  5582  5634 I Maestro : Skipping invisible child: android.view.accessibility.AccessibilityNodeInfo@1a463; boundsInParent: Rect(0, 0 - 320, 0); boundsInScreen: Rect(0, 0 - 320, 0); boundsInWindow: Rect(0, 0 - 320, 0); packageName: com.hanapkalinga.mobile; className: android.widget.LinearLayout; text: null; error: null; maxTextLength: -1; stateDescription: null; contentDescription: null; tooltipText: null; containerTitle: null; viewIdResName: null; uniqueId: null; checkable: false; checked: false; focusable: false; focused: false; selected: false; clickable: false; longClickable: false; contextClickable: false; enabled: true; password: false; scrollable: false; importantForAccessibility: false; visible: false; actions: [AccessibilityAction: ACTION_SELECT - null, AccessibilityAction: ACTION_CLEAR_SELECTION - null, AccessibilityAction: ACTION_ACCESSIBILITY_FOCUS - null, AccessibilityAction: ACTION_SHOW_ON_SCREEN - null]; isTextSelectable: false
06-25 03:38:48.224  5582  5634 I Maestro : Skipping invisible child: android.view.accessibility.AccessibilityNodeInfo@1a0a2; boundsInParent: Rect(0, 0 - 320, 0); boundsInScreen: Rect(0, 0 - 320, 0); boundsInWindow: Rect(0, 0 - 320, 0); packageName: com.hanapkalinga.mobile; className: android.view.ViewGroup; text: null; error: null; maxTextLength: -1; stateDescription: null; contentDescription: null; tooltipText: null; containerTitle: null; viewIdResName: null; uniqueId: null; checkable: false; checked: false; focusable: false; focused: false; selected: false; clickable: false; longClickable: false; contextClickable: false; enabled: true; password: false; scrollable: false; importantForAccessibility: false; visible: false; actions: [AccessibilityAction: ACTION_SELECT - null, AccessibilityAction: ACTION_CLEAR_SELECTION - null, AccessibilityAction: ACTION_ACCESSIBILITY_FOCUS - null, AccessibilityAction: ACTION_SHOW_ON_SCREEN - null]; isTextSelectable: false
06-25 03:38:48.244  5582  5634 D Maestro : View hierarchy received in 28 ms
06-25 03:38:48.336  5582  5634 D Maestro : Requesting view hierarchy
06-25 03:38:48.337  5582  5634 W QueryController: Could not detect idle state.
06-25 03:38:48.337  5582  5634 W QueryController: Could not detect idle state.
06-25 03:38:48.348  5582  5634 I Maestro : Skipping invisible child: android.view.accessibility.AccessibilityNodeInfo@12882; boundsInParent: Rect(0, 0 - 320, 0); boundsInScreen: Rect(0, 0 - 320, 0); boundsInWindow: Rect(0, 0 - 320, 0); packageName: com.hanapkalinga.mobile; className: android.widget.LinearLayout; text: null; error: null; maxTextLength: -1; stateDescription: null; contentDescription: null; tooltipText: null; containerTitle: null; viewIdResName: null; uniqueId: null; checkable: false; checked: false; focusable: false; focused: false; selected: false; clickable: false; longClickable: false; contextClickable: false; enabled: true; password: false; scrollable: false; importantForAccessibility: false; visible: false; actions: [AccessibilityAction: ACTION_SELECT - null, AccessibilityAction: ACTION_CLEAR_SELECTION - null, AccessibilityAction: ACTION_ACCESSIBILITY_FOCUS - null, AccessibilityAction: ACTION_SHOW_ON_SCREEN - null]; isTextSelectable: false
06-25 03:38:48.348  5582  5634 I Maestro : Skipping invisible child: android.view.accessibility.AccessibilityNodeInfo@124c1; boundsInParent: Rect(0, 0 - 320, 0); boundsInScreen: Rect(0, 0 - 320, 0); boundsInWindow: Rect(0, 0 - 320, 0); packageName: com.hanapkalinga.mobile; className: android.view.ViewGroup; text: null; error: null; maxTextLength: -1; stateDescription: null; contentDescription: null; tooltipText: null; containerTitle: null; viewIdResName: null; uniqueId: null; checkable: false; checked: false; focusable: false; focused: false; selected: false; clickable: false; longClickable: false; contextClickable: false; enabled: true; password: false; scrollable: false; importantForAccessibility: false; visible: false; actions: [AccessibilityAction: ACTION_SELECT - null, AccessibilityAction: ACTION_CLEAR_SELECTION - null, AccessibilityAction: ACTION_ACCESSIBILITY_FOCUS - null, AccessibilityAction: ACTION_SHOW_ON_SCREEN - null]; isTextSelectable: false
06-25 03:38:48.349  5582  5634 I Maestro : Skipping invisible child: android.view.accessibility.AccessibilityNodeInfo@1a463; boundsInParent: Rect(0, 0 - 320, 0); boundsInScreen: Rect(0, 0 - 320, 0); boundsInWindow: Rect(0, 0 - 320, 0); packageName: com.hanapkalinga.mobile; className: android.widget.LinearLayout; text: null; error: null; maxTextLength: -1; stateDescription: null; contentDescription: null; tooltipText: null; containerTitle: null; viewIdResName: null; uniqueId: null; checkable: false; checked: false; focusable: false; focused: false; selected: false; clickable: false; longClickable: false; contextClickable: false; enabled: true; password: false; scrollable: false; importantForAccessibility: false; visible: false; actions: [AccessibilityAction: ACTION_SELECT - null, AccessibilityAction: ACTION_CLEAR_SELECTION - null, AccessibilityAction: ACTION_ACCESSIBILITY_FOCUS - null, AccessibilityAction: ACTION_SHOW_ON_SCREEN - null]; isTextSelectable: false
06-25 03:38:48.350  5582  5634 I Maestro : Skipping invisible child: android.view.accessibility.AccessibilityNodeInfo@1a0a2; boundsInParent: Rect(0, 0 - 320, 0); boundsInScreen: Rect(0, 0 - 320, 0); boundsInWindow: Rect(0, 0 - 320, 0); packageName: com.hanapkalinga.mobile; className: android.view.ViewGroup; text: null; error: null; maxTextLength: -1; stateDescription: null; contentDescription: null; tooltipText: null; containerTitle: null; viewIdResName: null; uniqueId: null; checkable: false; checked: false; focusable: false; focused: false; selected: false; clickable: false; longClickable: false; contextClickable: false; enabled: true; password: false; scrollable: false; importantForAccessibility: false; visible: false; actions: [AccessibilityAction: ACTION_SELECT - null, AccessibilityAction: ACTION_CLEAR_SELECTION - null, AccessibilityAction: ACTION_ACCESSIBILITY_FOCUS - null, AccessibilityAction: ACTION_SHOW_ON_SCREEN - null]; isTextSelectable: false
06-25 03:38:48.366  5582  5634 D Maestro : View hierarchy received in 30 ms
06-25 03:38:48.422  5582  5841 D Maestro : Requesting view hierarchy
06-25 03:38:48.423  5582  5841 W QueryController: Could not detect idle state.
06-25 03:38:48.423  5582  5841 W QueryController: Could not detect idle state.
06-25 03:38:48.424  5911  5911 D BoundBrokerSvc: onUnbind: Intent { act=com.google.android.gms.auth.account.workaccount.START dat=chimera-action:/... cmp=com.google.android.gms/.chimera.PersistentApiService }
06-25 03:38:48.428  6015  6015 D BoundBrokerSvc: onUnbind: Intent { act=com.google.android.gms.checkin.START pkg=com.google.android.gms }
06-25 03:38:48.434  5582  5841 I Maestro : Skipping invisible child: android.view.accessibility.AccessibilityNodeInfo@12882; boundsInParent: Rect(0, 0 - 320, 0); boundsInScreen: Rect(0, 0 - 320, 0); boundsInWindow: Rect(0, 0 - 320, 0); packageName: com.hanapkalinga.mobile; className: android.widget.LinearLayout; text: null; error: null; maxTextLength: -1; stateDescription: null; contentDescription: null; tooltipText: null; containerTitle: null; viewIdResName: null; uniqueId: null; checkable: false; checked: false; focusable: false; focused: false; selected: false; clickable: false; longClickable: false; contextClickable: false; enabled: true; password: false; scrollable: false; importantForAccessibility: false; visible: false; actions: [AccessibilityAction: ACTION_SELECT - null, AccessibilityAction: ACTION_CLEAR_SELECTION - null, AccessibilityAction: ACTION_ACCESSIBILITY_FOCUS - null, AccessibilityAction: ACTION_SHOW_ON_SCREEN - null]; isTextSelectable: false
06-25 03:38:48.435  5582  5841 I Maestro : Skipping invisible child: android.view.accessibility.AccessibilityNodeInfo@124c1; boundsInParent: Rect(0, 0 - 320, 0); boundsInScreen: Rect(0, 0 - 320, 0); boundsInWindow: Rect(0, 0 - 320, 0); packageName: com.hanapkalinga.mobile; className: android.view.ViewGroup; text: null; error: null; maxTextLength: -1; stateDescription: null; contentDescription: null; tooltipText: null; containerTitle: null; viewIdResName: null; uniqueId: null; checkable: false; checked: false; focusable: false; focused: false; selected: false; clickable: false; longClickable: false; contextClickable: false; enabled: true; password: false; scrollable: false; importantForAccessibility: false; visible: false; actions: [AccessibilityAction: ACTION_SELECT - null, AccessibilityAction: ACTION_CLEAR_SELECTION - null, AccessibilityAction: ACTION_ACCESSIBILITY_FOCUS - null, AccessibilityAction: ACTION_SHOW_ON_SCREEN - null]; isTextSelectable: false
06-25 03:38:48.436  5582  5841 I Maestro : Skipping invisible child: android.view.accessibility.AccessibilityNodeInfo@1a463; boundsInParent: Rect(0, 0 - 320, 0); boundsInScreen: Rect(0, 0 - 320, 0); boundsInWindow: Rect(0, 0 - 320, 0); packageName: com.hanapkalinga.mobile; className: android.widget.LinearLayout; text: null; error: null; maxTextLength: -1; stateDescription: null; contentDescription: null; tooltipText: null; containerTitle: null; viewIdResName: null; uniqueId: null; checkable: false; checked: false; focusable: false; focused: false; selected: false; clickable: false; longClickable: false; contextClickable: false; enabled: true; password: false; scrollable: false; importantForAccessibility: false; visible: false; actions: [AccessibilityAction: ACTION_SELECT - null, AccessibilityAction: ACTION_CLEAR_SELECTION - null, AccessibilityAction: ACTION_ACCESSIBILITY_FOCUS - null, AccessibilityAction: ACTION_SHOW_ON_SCREEN - null]; isTextSelectable: false
06-25 03:38:48.436  5582  5841 I Maestro : Skipping invisible child: android.view.accessibility.AccessibilityNodeInfo@1a0a2; boundsInParent: Rect(0, 0 - 320, 0); boundsInScreen: Rect(0, 0 - 320, 0); boundsInWindow: Rect(0, 0 - 320, 0); packageName: com.hanapkalinga.mobile; className: android.view.ViewGroup; text: null; error: null; maxTextLength: -1; stateDescription: null; contentDescription: null; tooltipText: null; containerTitle: null; viewIdResName: null; uniqueId: null; checkable: false; checked: false; focusable: false; focused: false; selected: false; clickable: false; longClickable: false; contextClickable: false; enabled: true; password: false; scrollable: false; importantForAccessibility: false; visible: false; actions: [AccessibilityAction: ACTION_SELECT - null, AccessibilityAction: ACTION_CLEAR_SELECTION - null, AccessibilityAction: ACTION_ACCESSIBILITY_FOCUS - null, AccessibilityAction: ACTION_SHOW_ON_SCREEN - null]; isTextSelectable: false
06-25 03:38:48.455  5582  5841 D Maestro : View hierarchy received in 33 ms
06-25 03:38:48.548  5582  5841 D Maestro : Requesting view hierarchy
06-25 03:38:48.549  5582  5841 W QueryController: Could not detect idle state.
06-25 03:38:48.549  5582  5841 W QueryController: Could not detect idle state.
06-25 03:38:48.558  5582  5841 I Maestro : Skipping invisible child: android.view.accessibility.AccessibilityNodeInfo@12882; boundsInParent: Rect(0, 0 - 320, 0); boundsInScreen: Rect(0, 0 - 320, 0); boundsInWindow: Rect(0, 0 - 320, 0); packageName: com.hanapkalinga.mobile; className: android.widget.LinearLayout; text: null; error: null; maxTextLength: -1; stateDescription: null; contentDescription: null; tooltipText: null; containerTitle: null; viewIdResName: null; uniqueId: null; checkable: false; checked: false; focusable: false; focused: false; selected: false; clickable: false; longClickable: false; contextClickable: false; enabled: true; password: false; scrollable: false; importantForAccessibility: false; visible: false; actions: [AccessibilityAction: ACTION_SELECT - null, AccessibilityAction: ACTION_CLEAR_SELECTION - null, AccessibilityAction: ACTION_ACCESSIBILITY_FOCUS - null, AccessibilityAction: ACTION_SHOW_ON_SCREEN - null]; isTextSelectable: false
06-25 03:38:48.558  5582  5841 I Maestro : Skipping invisible child: android.view.accessibility.AccessibilityNodeInfo@124c1; boundsInParent: Rect(0, 0 - 320, 0); boundsInScreen: Rect(0, 0 - 320, 0); boundsInWindow: Rect(0, 0 - 320, 0); packageName: com.hanapkalinga.mobile; className: android.view.ViewGroup; text: null; error: null; maxTextLength: -1; stateDescription: null; contentDescription: null; tooltipText: null; containerTitle: null; viewIdResName: null; uniqueId: null; checkable: false; checked: false; focusable: false; focused: false; selected: false; clickable: false; longClickable: false; contextClickable: false; enabled: true; password: false; scrollable: false; importantForAccessibility: false; visible: false; actions: [AccessibilityAction: ACTION_SELECT - null, AccessibilityAction: ACTION_CLEAR_SELECTION - null, AccessibilityAction: ACTION_ACCESSIBILITY_FOCUS - null, AccessibilityAction: ACTION_SHOW_ON_SCREEN - null]; isTextSelectable: false
06-25 03:38:48.559  5582  5841 I Maestro : Skipping invisible child: android.view.accessibility.AccessibilityNodeInfo@1a463; boundsInParent: Rect(0, 0 - 320, 0); boundsInScreen: Rect(0, 0 - 320, 0); boundsInWindow: Rect(0, 0 - 320, 0); packageName: com.hanapkalinga.mobile; className: android.widget.LinearLayout; text: null; error: null; maxTextLength: -1; stateDescription: null; contentDescription: null; tooltipText: null; containerTitle: null; viewIdResName: null; uniqueId: null; checkable: false; checked: false; focusable: false; focused: false; selected: false; clickable: false; longClickable: false; contextClickable: false; enabled: true; password: false; scrollable: false; importantForAccessibility: false; visible: false; actions: [AccessibilityAction: ACTION_SELECT - null, AccessibilityAction: ACTION_CLEAR_SELECTION - null, AccessibilityAction: ACTION_ACCESSIBILITY_FOCUS - null, AccessibilityAction: ACTION_SHOW_ON_SCREEN - null]; isTextSelectable: false
06-25 03:38:48.559  5582  5841 I Maestro : Skipping invisible child: android.view.accessibility.AccessibilityNodeInfo@1a0a2; boundsInParent: Rect(0, 0 - 320, 0); boundsInScreen: Rect(0, 0 - 320, 0); boundsInWindow: Rect(0, 0 - 320, 0); packageName: com.hanapkalinga.mobile; className: android.view.ViewGroup; text: null; error: null; maxTextLength: -1; stateDescription: null; contentDescription: null; tooltipText: null; containerTitle: null; viewIdResName: null; uniqueId: null; checkable: false; checked: false; focusable: false; focused: false; selected: false; clickable: false; longClickable: false; contextClickable: false; enabled: true; password: false; scrollable: false; importantForAccessibility: false; visible: false; actions: [AccessibilityAction: ACTION_SELECT - null, AccessibilityAction: ACTION_CLEAR_SELECTION - null, AccessibilityAction: ACTION_ACCESSIBILITY_FOCUS - null, AccessibilityAction: ACTION_SHOW_ON_SCREEN - null]; isTextSelectable: false
06-25 03:38:48.562   336   376 I netd    : tetherGetStats() -> {[]} <0.25ms>
06-25 03:38:48.564   336   376 I netd    : bandwidthSetGlobalAlert(2097152) <0.06ms>
06-25 03:38:48.565   336   376 I netd    : bandwidthRemoveInterfaceQuota(eth0) <0.34ms>
06-25 03:38:48.566   336   376 I netd    : bandwidthSetInterfaceQuota(eth0, 9223372036854775807) <0.38ms>
06-25 03:38:48.579  5582  5841 D Maestro : View hierarchy received in 31 ms
06-25 03:38:48.641  5911  5911 D BoundBrokerSvc: onUnbind: Intent { act=com.google.android.gms.auth.proximity.START dat=chimera-action:/... cmp=com.google.android.gms/.chimera.PersistentBoundBrokerService }
06-25 03:38:48.671  5582  5841 D Maestro : Requesting view hierarchy
06-25 03:38:48.671  5582  5841 W QueryController: Could not detect idle state.
06-25 03:38:48.671  5582  5841 W QueryController: Could not detect idle state.
06-25 03:38:48.681  5582  5841 I Maestro : Skipping invisible child: android.view.accessibility.AccessibilityNodeInfo@12882; boundsInParent: Rect(0, 0 - 320, 0); boundsInScreen: Rect(0, 0 - 320, 0); boundsInWindow: Rect(0, 0 - 320, 0); packageName: com.hanapkalinga.mobile; className: android.widget.LinearLayout; text: null; error: null; maxTextLength: -1; stateDescription: null; contentDescription: null; tooltipText: null; containerTitle: null; viewIdResName: null; uniqueId: null; checkable: false; checked: false; focusable: false; focused: false; selected: false; clickable: false; longClickable: false; contextClickable: false; enabled: true; password: false; scrollable: false; importantForAccessibility: false; visible: false; actions: [AccessibilityAction: ACTION_SELECT - null, AccessibilityAction: ACTION_CLEAR_SELECTION - null, AccessibilityAction: ACTION_ACCESSIBILITY_FOCUS - null, AccessibilityAction: ACTION_SHOW_ON_SCREEN - null]; isTextSelectable: false
06-25 03:38:48.681  5582  5841 I Maestro : Skipping invisible child: android.view.accessibility.AccessibilityNodeInfo@124c1; boundsInParent: Rect(0, 0 - 320, 0); boundsInScreen: Rect(0, 0 - 320, 0); boundsInWindow: Rect(0, 0 - 320, 0); packageName: com.hanapkalinga.mobile; className: android.view.ViewGroup; text: null; error: null; maxTextLength: -1; stateDescription: null; contentDescription: null; tooltipText: null; containerTitle: null; viewIdResName: null; uniqueId: null; checkable: false; checked: false; focusable: false; focused: false; selected: false; clickable: false; longClickable: false; contextClickable: false; enabled: true; password: false; scrollable: false; importantForAccessibility: false; visible: false; actions: [AccessibilityAction: ACTION_SELECT - null, AccessibilityAction: ACTION_CLEAR_SELECTION - null, AccessibilityAction: ACTION_ACCESSIBILITY_FOCUS - null, AccessibilityAction: ACTION_SHOW_ON_SCREEN - null]; isTextSelectable: false
06-25 03:38:48.682  5582  5841 I Maestro : Skipping invisible child: android.view.accessibility.AccessibilityNodeInfo@1a463; boundsInParent: Rect(0, 0 - 320, 0); boundsInScreen: Rect(0, 0 - 320, 0); boundsInWindow: Rect(0, 0 - 320, 0); packageName: com.hanapkalinga.mobile; className: android.widget.LinearLayout; text: null; error: null; maxTextLength: -1; stateDescription: null; contentDescription: null; tooltipText: null; containerTitle: null; viewIdResName: null; uniqueId: null; checkable: false; checked: false; focusable: false; focused: false; selected: false; clickable: false; longClickable: false; contextClickable: false; enabled: true; password: false; scrollable: false; importantForAccessibility: false; visible: false; actions: [AccessibilityAction: ACTION_SELECT - null, AccessibilityAction: ACTION_CLEAR_SELECTION - null, AccessibilityAction: ACTION_ACCESSIBILITY_FOCUS - null, AccessibilityAction: ACTION_SHOW_ON_SCREEN - null]; isTextSelectable: false
06-25 03:38:48.682  5582  5841 I Maestro : Skipping invisible child: android.view.accessibility.AccessibilityNodeInfo@1a0a2; boundsInParent: Rect(0, 0 - 320, 0); boundsInScreen: Rect(0, 0 - 320, 0); boundsInWindow: Rect(0, 0 - 320, 0); packageName: com.hanapkalinga.mobile; className: android.view.ViewGroup; text: null; error: null; maxTextLength: -1; stateDescription: null; contentDescription: null; tooltipText: null; containerTitle: null; viewIdResName: null; uniqueId: null; checkable: false; checked: false; focusable: false; focused: false; selected: false; clickable: false; longClickable: false; contextClickable: false; enabled: true; password: false; scrollable: false; importantForAccessibility: false; visible: false; actions: [AccessibilityAction: ACTION_SELECT - null, AccessibilityAction: ACTION_CLEAR_SELECTION - null, AccessibilityAction: ACTION_ACCESSIBILITY_FOCUS - null, AccessibilityAction: ACTION_SHOW_ON_SCREEN - null]; isTextSelectable: false
06-25 03:38:48.703  5582  5841 D Maestro : View hierarchy received in 32 ms
06-25 03:38:48.775   521  2557 W JobScheduler: Job didn't exist in JobStore: 823ee3a #u0a155/7 com.google.android.contacts/com.google.android.apps.contacts.shortcut.ShortcutJobService
06-25 03:38:48.797  5582  5634 D Maestro : Requesting view hierarchy
06-25 03:38:48.797  5582  5634 W QueryController: Could not detect idle state.
06-25 03:38:48.798  5582  5634 W QueryController: Could not detect idle state.
06-25 03:38:48.808  5582  5634 I Maestro : Skipping invisible child: android.view.accessibility.AccessibilityNodeInfo@12882; boundsInParent: Rect(0, 0 - 320, 0); boundsInScreen: Rect(0, 0 - 320, 0); boundsInWindow: Rect(0, 0 - 320, 0); packageName: com.hanapkalinga.mobile; className: android.widget.LinearLayout; text: null; error: null; maxTextLength: -1; stateDescription: null; contentDescription: null; tooltipText: null; containerTitle: null; viewIdResName: null; uniqueId: null; checkable: false; checked: false; focusable: false; focused: false; selected: false; clickable: false; longClickable: false; contextClickable: false; enabled: true; password: false; scrollable: false; importantForAccessibility: false; visible: false; actions: [AccessibilityAction: ACTION_SELECT - null, AccessibilityAction: ACTION_CLEAR_SELECTION - null, AccessibilityAction: ACTION_ACCESSIBILITY_FOCUS - null, AccessibilityAction: ACTION_SHOW_ON_SCREEN - null]; isTextSelectable: false
06-25 03:38:48.809  5582  5634 I Maestro : Skipping invisible child: android.view.accessibility.AccessibilityNodeInfo@124c1; boundsInParent: Rect(0, 0 - 320, 0); boundsInScreen: Rect(0, 0 - 320, 0); boundsInWindow: Rect(0, 0 - 320, 0); packageName: com.hanapkalinga.mobile; className: android.view.ViewGroup; text: null; error: null; maxTextLength: -1; stateDescription: null; contentDescription: null; tooltipText: null; containerTitle: null; viewIdResName: null; uniqueId: null; checkable: false; checked: false; focusable: false; focused: false; selected: false; clickable: false; longClickable: false; contextClickable: false; enabled: true; password: false; scrollable: false; importantForAccessibility: false; visible: false; actions: [AccessibilityAction: ACTION_SELECT - null, AccessibilityAction: ACTION_CLEAR_SELECTION - null, AccessibilityAction: ACTION_ACCESSIBILITY_FOCUS - null, AccessibilityAction: ACTION_SHOW_ON_SCREEN - null]; isTextSelectable: false
06-25 03:38:48.809  5582  5634 I Maestro : Skipping invisible child: android.view.accessibility.AccessibilityNodeInfo@1a463; boundsInParent: Rect(0, 0 - 320, 0); boundsInScreen: Rect(0, 0 - 320, 0); boundsInWindow: Rect(0, 0 - 320, 0); packageName: com.hanapkalinga.mobile; className: android.widget.LinearLayout; text: null; error: null; maxTextLength: -1; stateDescription: null; contentDescription: null; tooltipText: null; containerTitle: null; viewIdResName: null; uniqueId: null; checkable: false; checked: false; focusable: false; focused: false; selected: false; clickable: false; longClickable: false; contextClickable: false; enabled: true; password: false; scrollable: false; importantForAccessibility: false; visible: false; actions: [AccessibilityAction: ACTION_SELECT - null, AccessibilityAction: ACTION_CLEAR_SELECTION - null, AccessibilityAction: ACTION_ACCESSIBILITY_FOCUS - null, AccessibilityAction: ACTION_SHOW_ON_SCREEN - null]; isTextSelectable: false
06-25 03:38:48.810  5582  5634 I Maestro : Skipping invisible child: android.view.accessibility.AccessibilityNodeInfo@1a0a2; boundsInParent: Rect(0, 0 - 320, 0); boundsInScreen: Rect(0, 0 - 320, 0); boundsInWindow: Rect(0, 0 - 320, 0); packageName: com.hanapkalinga.mobile; className: android.view.ViewGroup; text: null; error: null; maxTextLength: -1; stateDescription: null; contentDescription: null; tooltipText: null; containerTitle: null; viewIdResName: null; uniqueId: null; checkable: false; checked: false; focusable: false; focused: false; selected: false; clickable: false; longClickable: false; contextClickable: false; enabled: true; password: false; scrollable: false; importantForAccessibility: false; visible: false; actions: [AccessibilityAction: ACTION_SELECT - null, AccessibilityAction: ACTION_CLEAR_SELECTION - null, AccessibilityAction: ACTION_ACCESSIBILITY_FOCUS - null, AccessibilityAction: ACTION_SHOW_ON_SCREEN - null]; isTextSelectable: false
06-25 03:38:48.828  5582  5634 D Maestro : View hierarchy received in 31 ms
06-25 03:38:48.835  1694  1694 I BgTaskExecutorImpl: Starting EXCLUSIVE background task UPLOAD_ASSISTANT_DEVICE_SETTINGS.
06-25 03:38:48.839  1694  3409 I NetworkRecognitionRnr: Using pair HTTP connection
06-25 03:38:48.841  1694  3759 I A       : [Upload] Connected
06-25 03:38:48.842  1694  2380 W LocationOracle: getBestLocation(): no location is available
06-25 03:38:48.844  1694  2212 W CronetNetworkRqstWrppr: Upload request without a content type.
06-25 03:38:48.852  1694  2196 W LocationOracle: No location returned by GMS core getLastLocation()
06-25 03:38:48.854  1694  1694 E A       : onError
06-25 03:38:48.854  1694  1694 E A       : com.google.android.apps.gsa.shared.speech.a.m: errorCode: 65561, engine: 2
06-25 03:38:48.854  1694  1694 E A       : 	at com.google.android.apps.gsa.staticplugins.dc.a.e.a(PG:3)
06-25 03:38:48.854  1694  1694 E A       : 	at com.google.android.apps.gsa.s3.n.hh(PG:1)
06-25 03:38:48.854  1694  1694 E A       : 	at com.google.cd.g.a.f.e(PG:2)
06-25 03:38:48.854  1694  1694 E A       : 	at com.google.android.apps.gsa.speech.k.a.g.d(PG:22)
06-25 03:38:48.854  1694  1694 E A       : 	at com.google.android.apps.gsa.speech.k.a.g.ks(PG:6)
06-25 03:38:48.854  1694  1694 E A       : 	at com.google.android.apps.gsa.s3.o.e(PG:14)
06-25 03:38:48.854  1694  1694 E A       : 	at com.google.android.apps.gsa.s3.p.run(PG:1)
06-25 03:38:48.854  1694  1694 E A       : 	at java.util.concurrent.Executors$RunnableAdapter.call(Executors.java:487)
06-25 03:38:48.854  1694  1694 E A       : 	at java.util.concurrent.FutureTask.run(FutureTask.java:264)
06-25 03:38:48.854  1694  1694 E A       : 	at com.google.android.apps.gsa.shared.util.c.a.e.run(PG:2)
06-25 03:38:48.854  1694  1694 E A       : 	at com.google.android.apps.gsa.shared.util.c.a.bi.run(PG:1)
06-25 03:38:48.854  1694  1694 E A       : 	at com.google.android.apps.gsa.shared.util.c.a.bi.run(PG:1)
06-25 03:38:48.854  1694  1694 E A       : 	at java.util.concurrent.ThreadPoolExecutor.runWorker(ThreadPoolExecutor.java:1145)
06-25 03:38:48.854  1694  1694 E A       : 	at java.util.concurrent.ThreadPoolExecutor$Worker.run(ThreadPoolExecutor.java:644)
06-25 03:38:48.854  1694  1694 E A       : 	at java.lang.Thread.run(Thread.java:1012)
06-25 03:38:48.854  1694  1694 E A       : 	at com.google.android.apps.gsa.shared.util.c.a.l.run(PG:5)
06-25 03:38:48.854  1694  1694 E A       : Caused by: com.google.android.apps.gsa.shared.speech.a.o: errorCode: 65586, engine: 2
06-25 03:38:48.854  1694  1694 E A       : 	... 15 more
06-25 03:38:48.854  1694  1694 E A       : Caused by: com.google.android.apps.gsa.shared.speech.a.k: errorCode: 401, engine: 2
06-25 03:38:48.854  1694  1694 E A       : 	at com.google.android.apps.gsa.assistant.shared.n.h.a(PG:5)
06-25 03:38:48.854  1694  1694 E A       : 	at com.google.android.apps.gsa.s3.producers.j.hE(PG:2)
06-25 03:38:48.854  1694  1694 E A       : 	at com.google.android.apps.gsa.speech.k.a.g.d(PG:16)
06-25 03:38:48.854  1694  1694 E A       : 	... 12 more
06-25 03:38:48.854  1694  3759 I NetworkRecognitionRnr: Using pair HTTP connection
06-25 03:38:48.855  1694  2380 I A       : [Upload] Connected
06-25 03:38:48.855  1694  2221 E cr_CronetUrlRequestContext: Exception in upload method
06-25 03:38:48.855  1694  2221 E cr_CronetUrlRequestContext: com.google.android.apps.gsa.shared.r.d: Error code: 262182
06-25 03:38:48.855  1694  2221 E cr_CronetUrlRequestContext: 	at com.google.android.apps.gsa.shared.ab.bk.d(PG:5)
06-25 03:38:48.855  1694  2221 E cr_CronetUrlRequestContext: 	at com.google.android.libraries.gsa.c.a.ar.d(PG:1)
06-25 03:38:48.855  1694  2221 E cr_CronetUrlRequestContext: 	at com.google.android.libraries.gsa.c.a.bo.b(PG:5)
06-25 03:38:48.855  1694  2221 E cr_CronetUrlRequestContext: 	at com.google.android.libraries.gsa.c.a.e.a(PG:2)
06-25 03:38:48.855  1694  2221 E cr_CronetUrlRequestContext: 	at com.google.android.libraries.gsa.c.a.a.run(PG:2)
06-25 03:38:48.855  1694  2221 E cr_CronetUrlRequestContext: 	at com.google.common.util.concurrent.bf.execute(PG:1)
06-25 03:38:48.855  1694  2221 E cr_CronetUrlRequestContext: 	at com.google.common.util.concurrent.d.i(PG:1)
06-25 03:38:48.855  1694  2221 E cr_CronetUrlRequestContext: 	at com.google.common.util.concurrent.d.l(PG:12)
06-25 03:38:48.855  1694  2221 E cr_CronetUrlRequestContext: 	at com.google.common.util.concurrent.d.cancel(PG:8)
06-25 03:38:48.855  1694  2221 E cr_CronetUrlRequestContext: 	at com.google.common.util.concurrent.d.m(PG:2)
06-25 03:38:48.855  1694  2221 E cr_CronetUrlRequestContext: 	at com.google.common.util.concurrent.j.a(PG:1)
06-25 03:38:48.855  1694  2221 E cr_CronetUrlRequestContext: 	at com.google.common.util.concurrent.d.l(PG:3)
06-25 03:38:48.855  1694  2221 E cr_CronetUrlRequestContext: 	at com.google.common.util.concurrent.d.cancel(PG:8)
06-25 03:38:48.855  1694  2221 E cr_CronetUrlRequestContext: 	at com.google.common.util.concurrent.d.m(PG:2)
06-25 03:38:48.855  1694  2221 E cr_CronetUrlRequestContext: 	at com.google.common.util.concurrent.j.a(PG:1)
06-25 03:38:48.855  1694  2221 E cr_CronetUrlRequestContext: 	at com.google.common.util.concurrent.d.l(PG:3)
06-25 03:38:48.855  1694  2221 E cr_CronetUrlRequestContext: 	at com.google.common.util.concurrent.d.cancel(PG:8)
06-25 03:38:48.855  1694  2221 E cr_CronetUrlRequestContext: 	at com.google.common.util.concurrent.d.m(PG:2)
06-25 03:38:48.855  1694  2221 E cr_CronetUrlRequestContext: 	at com.google.common.util.concurrent.j.a(PG:1)
06-25 03:38:48.855  1694  2221 E cr_CronetUrlRequestContext: 	at com.google.common.util.concurrent.d.l(PG:3)
06-25 03:38:48.855  1694  2221 E cr_CronetUrlRequestContext: 	at com.google.common.util.concurrent.d.cancel(PG:8)
06-25 03:38:48.855  1694  2221 E cr_CronetUrlRequestContext: 	at com.google.common.util.concurrent.d.m(PG:2)
06-25 03:38:48.855  1694  2221 E cr_CronetUrlRequestContext: 	at com.google.common.util.concurrent.j.a(PG:1)
06-25 03:38:48.855  1694  2221 E cr_CronetUrlRequestContext: 	at com.google.common.util.concurrent.d.l(PG:3)
06-25 03:38:48.855  1694  2221 E cr_CronetUrlRequestContext: 	at com.google.common.util.concurrent.d.cancel(PG:8)
06-25 03:38:48.855  1694  2221 E cr_CronetUrlRequestContext: 	at com.google.common.util.concurrent.d.m(PG:2)
06-25 03:38:48.855  1694  2221 E cr_CronetUrlRequestContext: 	at com.google.common.util.concurrent.c.a(PG:1)
06-25 03:38:48.855  1694  2221 E cr_CronetUrlRequestContext: 	at com.google.common.util.concurrent.d.l(PG:3)
06-25 03:38:48.855  1694  2221 E cr_CronetUrlRequestContext: 	at com.google.common.util.concurrent.d.cancel(PG:8)
06-25 03:38:48.855  1694  2221 E cr_CronetUrlRequestContext: 	at com.google.common.util.concurrent.bu.cancel(PG:1)
06-25 03:38:48.855  1694  2221 E cr_CronetUrlRequestContext: 	at com.google.common.util.concurrent.d.cancel(PG:17)
06-25 03:38:48.855  1694  2221 E cr_CronetUrlRequestContext: 	at com.google.android.apps.gsa.staticplugins.bk.b.h.run(PG:2)
06-25 03:38:48.855  1694  2221 E cr_CronetUrlRequestContext: 	at com.google.common.util.concurrent.bf.execute(PG:1)
06-25 03:38:48.855  1694  2221 E cr_CronetUrlRequestContext: 	at com.google.common.util.concurrent.d.i(PG:1)
06-25 03:38:48.855  1694  2221 E cr_CronetUrlRequestContext: 	at com.google.common.util.concurrent.d.l(PG:12)
06-25 03:38:48.855  1694  2221 E cr_CronetUrlRequestContext: 	at com.google.common.util.concurrent.d.cancel(PG:8)
06-25 03:38:48.855  1694  2221 E cr_CronetUrlRequestContext: 	at com.google.common.util.concurrent.d.m(PG:2)
06-25 03:38:48.855  1694  2221 E cr_CronetUrlRequestContext: 	at com.google.common.util.concurrent.j.a(PG:1)
06-25 03:38:48.855  1694  2221 E cr_CronetUrlRequestContext: 	at com.google.common.util.concurrent.d.l(PG:3)
06-25 03:38:48.855  1694  2221 E cr_CronetUrlRequestContext: 	at com.google.common.util.concurrent.d.cancel(PG:8)
06-25 03:38:48.855  1694  2221 E cr_CronetUrlRequestContext: 	at com.google.android.apps.gsa.shared.util.c.aj.a(PG:2)
06-25 03:38:48.855  1694  2221 E cr_CronetUrlRequestContext: 	at com.google.common.util.concurrent.d.l(PG:3)
06-25 03:38:48.855  1694  2221 E cr_CronetUrlRequestContext: 	at com.google.common.util.concurrent.d.cancel(PG:8)
06-25 03:38:48.855  1694  2221 E cr_CronetUrlRequestContext: 	at com.google.common.util.concurrent.d.m(PG:2)
06-25 03:38:48.855  1694  2221 E cr_CronetUrlRequestContext: 	at com.google.common.util.concurrent.c.a(PG:1)
06-25 03:38:48.855  1694  2221 E cr_CronetUrlRequestContext: 	at com.google.common.util.concurrent.d.l(PG:3)
06-25 03:38:48.855  1694  2221 E cr_CronetUrlRequestContext: 	at com.google.common.util.concurrent.d.cancel(PG:8)
06-25 03:38:48.855  1694  2221 E cr_CronetUrlRequestContext: 	at com.google.android.apps.gsa.s3.o.c(PG:2)
06-25 03:38:48.855  1694  2221 E cr_CronetUrlRequestContext: 	at com.google.android.apps.gsa.s3.r.a(PG:1)
06-25 03:38:48.855  1694  2221 E cr_CronetUrlRequestContext: 	at com.google.android.apps.gsa.staticplugins.dc.a.c.e(PG:2)
06-25 03:38:48.855  1694  2221 E cr_CronetUrlRequestContext: 	at com.google.android.apps.gsa.staticplugins.dc.a.c.c(PG:3)
06-25 03:38:48.855  1694  2221 E cr_CronetUrlRequestContext: 	at com.google.android.apps.gsa.staticplugins.dc.a.e.a(PG:5)
06-25 03:38:48.855  1694  2221 E cr_CronetUrlRequestContext: 	at com.google.android.apps.gsa.s3.n.hh(PG:1)
06-25 03:38:48.855  1694  2221 E cr_CronetUrlRequestContext: 	at com.google.cd.g.a.f.e(PG:2)
06-25 03:38:48.855  1694  2221 E cr_CronetUrlRequestContext: 	at com.google.android.apps.gsa.speech.k.a.g.d(PG:22)
06-25 03:38:48.855  1694  2221 E cr_CronetUrlRequestContext: 	at com.google.android.apps.gsa.speech.k.a.g.ks(PG:6)
06-25 03:38:48.855  1694  2221 E cr_CronetUrlRequestContext: 	at com.google.android.apps.gsa.s3.o.e(PG:14)
06-25 03:38:48.855  1694  2221 E cr_CronetUrlRequestContext: 	at com.google.android.apps.gsa.s3.p.run(PG:1)
06-25 03:38:48.855  1694  2221 E cr_CronetUrlRequestContext: 	at java.util.concurrent.Executors$RunnableAdapter.call(Executors.java:487)
06-25 03:38:48.855  1694  2221 E cr_CronetUrlRequestContext: 	at java.util.concurrent.FutureTask.run(FutureTask.java:264)
06-25 03:38:48.855  1694  2221 E cr_CronetUrlRequestContext: 	at com.google.android.apps.gsa.shared.util.c.a.e.run(PG:2)
06-25 03:38:48.855  1694  2221 E cr_CronetUrlRequestContext: 	at com.google.android.apps.gsa.shared.util.c.a.bi.run(PG:1)
06-25 03:38:48.855  1694  2221 E cr_CronetUrlRequestContext: 	at com.google.android.apps.gsa.shared.util.c.a.bi.run(PG:1)
06-25 03:38:48.855  1694  2221 E cr_CronetUrlRequestContext: 	at java.util.concurrent.ThreadPoolExecutor.runWorker(ThreadPoolExecutor.java:1145)
06-25 03:38:48.855  1694  2221 E cr_CronetUrlRequestContext: 	at java.util.concurrent.ThreadPoolExecutor$Worker.run(ThreadPoolExecutor.java:644)
06-25 03:38:48.855  1694  2221 E cr_CronetUrlRequestContext: 	at java.lang.Thread.run(Thread.java:1012)
06-25 03:38:48.855  1694  2221 E cr_CronetUrlRequestContext: 	at com.google.android.apps.gsa.shared.util.c.a.l.run(PG:5)
06-25 03:38:48.856  1694  1694 W A       : Failed to sync device settings.
06-25 03:38:48.856  1694  1694 I A       : Retrying to sync device settings.
06-25 03:38:48.860   521  2557 W JobScheduler: Job didn't exist in JobStore: 498bf36 #u0a131/-353 com.google.android.googlequicksearchbox/com.google.android.apps.gsa.tasks.BackgroundTasksJobService
06-25 03:38:48.862  1694  2249 W SearchServiceCore: Abort, client detached.
06-25 03:38:48.862  1694  2249 W SearchServiceCore: Abort, client detached.
06-25 03:38:48.877  1694  1789 I earchbox:search: JIT allocated 66KB for compiled code of com.google.android.apps.gsa.s.h com.google.android.apps.gsa.s.h.a(int)
06-25 03:38:48.923  5582  5634 D Maestro : Requesting view hierarchy
06-25 03:38:48.924  5582  5634 W QueryController: Could not detect idle state.
06-25 03:38:48.924  5582  5634 W QueryController: Could not detect idle state.
06-25 03:38:48.930  5582  5634 I Maestro : Skipping invisible child: android.view.accessibility.AccessibilityNodeInfo@12882; boundsInParent: Rect(0, 0 - 320, 0); boundsInScreen: Rect(0, 0 - 320, 0); boundsInWindow: Rect(0, 0 - 320, 0); packageName: com.hanapkalinga.mobile; className: android.widget.LinearLayout; text: null; error: null; maxTextLength: -1; stateDescription: null; contentDescription: null; tooltipText: null; containerTitle: null; viewIdResName: null; uniqueId: null; checkable: false; checked: false; focusable: false; focused: false; selected: false; clickable: false; longClickable: false; contextClickable: false; enabled: true; password: false; scrollable: false; importantForAccessibility: false; visible: false; actions: [AccessibilityAction: ACTION_SELECT - null, AccessibilityAction: ACTION_CLEAR_SELECTION - null, AccessibilityAction: ACTION_ACCESSIBILITY_FOCUS - null, AccessibilityAction: ACTION_SHOW_ON_SCREEN - null]; isTextSelectable: false
06-25 03:38:48.931  5582  5634 I Maestro : Skipping invisible child: android.view.accessibility.AccessibilityNodeInfo@124c1; boundsInParent: Rect(0, 0 - 320, 0); boundsInScreen: Rect(0, 0 - 320, 0); boundsInWindow: Rect(0, 0 - 320, 0); packageName: com.hanapkalinga.mobile; className: android.view.ViewGroup; text: null; error: null; maxTextLength: -1; stateDescription: null; contentDescription: null; tooltipText: null; containerTitle: null; viewIdResName: null; uniqueId: null; checkable: false; checked: false; focusable: false; focused: false; selected: false; clickable: false; longClickable: false; contextClickable: false; enabled: true; password: false; scrollable: false; importantForAccessibility: false; visible: false; actions: [AccessibilityAction: ACTION_SELECT - null, AccessibilityAction: ACTION_CLEAR_SELECTION - null, AccessibilityAction: ACTION_ACCESSIBILITY_FOCUS - null, AccessibilityAction: ACTION_SHOW_ON_SCREEN - null]; isTextSelectable: false
06-25 03:38:48.931  5582  5634 I Maestro : Skipping invisible child: android.view.accessibility.AccessibilityNodeInfo@1a463; boundsInParent: Rect(0, 0 - 320, 0); boundsInScreen: Rect(0, 0 - 320, 0); boundsInWindow: Rect(0, 0 - 320, 0); packageName: com.hanapkalinga.mobile; className: android.widget.LinearLayout; text: null; error: null; maxTextLength: -1; stateDescription: null; contentDescription: null; tooltipText: null; containerTitle: null; viewIdResName: null; uniqueId: null; checkable: false; checked: false; focusable: false; focused: false; selected: false; clickable: false; longClickable: false; contextClickable: false; enabled: true; password: false; scrollable: false; importantForAccessibility: false; visible: false; actions: [AccessibilityAction: ACTION_SELECT - null, AccessibilityAction: ACTION_CLEAR_SELECTION - null, AccessibilityAction: ACTION_ACCESSIBILITY_FOCUS - null, AccessibilityAction: ACTION_SHOW_ON_SCREEN - null]; isTextSelectable: false
06-25 03:38:48.932  5582  5634 I Maestro : Skipping invisible child: android.view.accessibility.AccessibilityNodeInfo@1a0a2; boundsInParent: Rect(0, 0 - 320, 0); boundsInScreen: Rect(0, 0 - 320, 0); boundsInWindow: Rect(0, 0 - 320, 0); packageName: com.hanapkalinga.mobile; className: android.view.ViewGroup; text: null; error: null; maxTextLength: -1; stateDescription: null; contentDescription: null; tooltipText: null; containerTitle: null; viewIdResName: null; uniqueId: null; checkable: false; checked: false; focusable: false; focused: false; selected: false; clickable: false; longClickable: false; contextClickable: false; enabled: true; password: false; scrollable: false; importantForAccessibility: false; visible: false; actions: [AccessibilityAction: ACTION_SELECT - null, AccessibilityAction: ACTION_CLEAR_SELECTION - null, AccessibilityAction: ACTION_ACCESSIBILITY_FOCUS - null, AccessibilityAction: ACTION_SHOW_ON_SCREEN - null]; isTextSelectable: false
06-25 03:38:48.952  5582  5634 D Maestro : View hierarchy received in 29 ms
06-25 03:38:49.044  5582  5634 D Maestro : Requesting view hierarchy
06-25 03:38:49.044  5582  5634 W QueryController: Could not detect idle state.
06-25 03:38:49.044  5582  5634 W QueryController: Could not detect idle state.
06-25 03:38:49.052  5582  5634 I Maestro : Skipping invisible child: android.view.accessibility.AccessibilityNodeInfo@12882; boundsInParent: Rect(0, 0 - 320, 0); boundsInScreen: Rect(0, 0 - 320, 0); boundsInWindow: Rect(0, 0 - 320, 0); packageName: com.hanapkalinga.mobile; className: android.widget.LinearLayout; text: null; error: null; maxTextLength: -1; stateDescription: null; contentDescription: null; tooltipText: null; containerTitle: null; viewIdResName: null; uniqueId: null; checkable: false; checked: false; focusable: false; focused: false; selected: false; clickable: false; longClickable: false; contextClickable: false; enabled: true; password: false; scrollable: false; importantForAccessibility: false; visible: false; actions: [AccessibilityAction: ACTION_SELECT - null, AccessibilityAction: ACTION_CLEAR_SELECTION - null, AccessibilityAction: ACTION_ACCESSIBILITY_FOCUS - null, AccessibilityAction: ACTION_SHOW_ON_SCREEN - null]; isTextSelectable: false
06-25 03:38:49.053  5582  5634 I Maestro : Skipping invisible child: android.view.accessibility.AccessibilityNodeInfo@124c1; boundsInParent: Rect(0, 0 - 320, 0); boundsInScreen: Rect(0, 0 - 320, 0); boundsInWindow: Rect(0, 0 - 320, 0); packageName: com.hanapkalinga.mobile; className: android.view.ViewGroup; text: null; error: null; maxTextLength: -1; stateDescription: null; contentDescription: null; tooltipText: null; containerTitle: null; viewIdResName: null; uniqueId: null; checkable: false; checked: false; focusable: false; focused: false; selected: false; clickable: false; longClickable: false; contextClickable: false; enabled: true; password: false; scrollable: false; importantForAccessibility: false; visible: false; actions: [AccessibilityAction: ACTION_SELECT - null, AccessibilityAction: ACTION_CLEAR_SELECTION - null, AccessibilityAction: ACTION_ACCESSIBILITY_FOCUS - null, AccessibilityAction: ACTION_SHOW_ON_SCREEN - null]; isTextSelectable: false
06-25 03:38:49.054  5582  5634 I Maestro : Skipping invisible child: android.view.accessibility.AccessibilityNodeInfo@1a463; boundsInParent: Rect(0, 0 - 320, 0); boundsInScreen: Rect(0, 0 - 320, 0); boundsInWindow: Rect(0, 0 - 320, 0); packageName: com.hanapkalinga.mobile; className: android.widget.LinearLayout; text: null; error: null; maxTextLength: -1; stateDescription: null; contentDescription: null; tooltipText: null; containerTitle: null; viewIdResName: null; uniqueId: null; checkable: false; checked: false; focusable: false; focused: false; selected: false; clickable: false; longClickable: false; contextClickable: false; enabled: true; password: false; scrollable: false; importantForAccessibility: false; visible: false; actions: [AccessibilityAction: ACTION_SELECT - null, AccessibilityAction: ACTION_CLEAR_SELECTION - null, AccessibilityAction: ACTION_ACCESSIBILITY_FOCUS - null, AccessibilityAction: ACTION_SHOW_ON_SCREEN - null]; isTextSelectable: false
06-25 03:38:49.055  5582  5634 I Maestro : Skipping invisible child: android.view.accessibility.AccessibilityNodeInfo@1a0a2; boundsInParent: Rect(0, 0 - 320, 0); boundsInScreen: Rect(0, 0 - 320, 0); boundsInWindow: Rect(0, 0 - 320, 0); packageName: com.hanapkalinga.mobile; className: android.view.ViewGroup; text: null; error: null; maxTextLength: -1; stateDescription: null; contentDescription: null; tooltipText: null; containerTitle: null; viewIdResName: null; uniqueId: null; checkable: false; checked: false; focusable: false; focused: false; selected: false; clickable: false; longClickable: false; contextClickable: false; enabled: true; password: false; scrollable: false; importantForAccessibility: false; visible: false; actions: [AccessibilityAction: ACTION_SELECT - null, AccessibilityAction: ACTION_CLEAR_SELECTION - null, AccessibilityAction: ACTION_ACCESSIBILITY_FOCUS - null, AccessibilityAction: ACTION_SHOW_ON_SCREEN - null]; isTextSelectable: false
06-25 03:38:49.084  5582  5634 D Maestro : View hierarchy received in 40 ms
06-25 03:38:49.138  5582  5634 D Maestro : Requesting view hierarchy
06-25 03:38:49.139  5582  5634 W QueryController: Could not detect idle state.
06-25 03:38:49.139  5582  5634 W QueryController: Could not detect idle state.
06-25 03:38:49.145  5764  5784 D EGL_emulation: app_time_stats: avg=500.06ms min=499.20ms max=500.92ms count=2
06-25 03:38:49.151  5582  5634 I Maestro : Skipping invisible child: android.view.accessibility.AccessibilityNodeInfo@12882; boundsInParent: Rect(0, 0 - 320, 0); boundsInScreen: Rect(0, 0 - 320, 0); boundsInWindow: Rect(0, 0 - 320, 0); packageName: com.hanapkalinga.mobile; className: android.widget.LinearLayout; text: null; error: null; maxTextLength: -1; stateDescription: null; contentDescription: null; tooltipText: null; containerTitle: null; viewIdResName: null; uniqueId: null; checkable: false; checked: false; focusable: false; focused: false; selected: false; clickable: false; longClickable: false; contextClickable: false; enabled: true; password: false; scrollable: false; importantForAccessibility: false; visible: false; actions: [AccessibilityAction: ACTION_SELECT - null, AccessibilityAction: ACTION_CLEAR_SELECTION - null, AccessibilityAction: ACTION_ACCESSIBILITY_FOCUS - null, AccessibilityAction: ACTION_SHOW_ON_SCREEN - null]; isTextSelectable: false
