06-25 03:38:54.098  5911  5973 W TapAndPay: 	at acjn.run(:com.google.android.gms@231818047@23.18.18 (190800-535401451):0)
06-25 03:38:54.098  5911  5973 W TapAndPay: 	at java.lang.Thread.run(Thread.java:1012)
06-25 03:38:54.099  5911  6455 I NetworkScheduler.Stats: Task com.google.android.gms/com.google.android.gms.tapandpay.gcmtask.TapAndPayGcmTaskService started execution. cause:4 exec_start_elapsed_seconds: 169 [CONTEXT service_id=218 ]
06-25 03:38:54.106   521  2554 D ActivityManager: sync unfroze 2807 com.google.android.gms.unstable for 6
06-25 03:38:54.111  5911  5973 I NetworkScheduler.Stats: Task com.google.android.gms/com.google.android.gms.tapandpay.gcmtask.TapAndPayGcmTaskService finished executing. cause:4 result: 3 elapsed_millis: 14 uptime_millis: 14 exec_start_elapsed_seconds: 169 [CONTEXT service_id=218 ]
06-25 03:38:54.130  5582  5634 D Maestro : View hierarchy received in 77 ms
06-25 03:38:54.150   336  6639 I resolv  : GetAddrInfoHandler::run: {101 786533 101 983141 10132 0}
06-25 03:38:54.150  2807  6633 D TrafficStats: tagSocket(103) with statsTag=0x1809, statsUid=-1
06-25 03:38:54.152  2807  6633 W libc    : Access denied finding property "persist.adb.tls_server.enable"
06-25 03:38:54.152  2807  6633 W libc    : Access denied finding property "service.adb.tls.port"
06-25 03:38:54.147  2807  2807 W binder:2807_9: type=1400 audit(0.0:54): avc:  denied  { read } for  name="u:object_r:system_adbd_prop:s0" dev="tmpfs" ino=292 scontext=u:r:gmscore_app:s0:c512,c768 tcontext=u:object_r:system_adbd_prop:s0 tclass=file permissive=0 app=com.google.android.gms
06-25 03:38:54.161  4804  6632 E BugleRcsEngine: [139] brfg.a: DroidGuardLogger: Could not create DroidGuard token creation event
06-25 03:38:54.161  4804  6632 I BugleRcsEngine: [139] brfq.d: (PEv2-SM-Bugle-216309783): RequestWithImsiState: event Send config request [f24660a9-9c76-45f2-adba-e8361a8c893a]
06-25 03:38:54.161  4804  6632 I BugleRcsEngine: [139] brfq.d: (PEv2-SM-Bugle-216309783): InProgressState: event Send config request [f24660a9-9c76-45f2-adba-e8361a8c893a]
06-25 03:38:54.162  4804  6632 W BugleRcsEngine: [139] bpxc.w: Unable to send diagnostic log
06-25 03:38:54.164  4804  6640 W BugleRcsEngine: [140] bpxc.w: Unable to send diagnostic log
06-25 03:38:54.147  2807  2807 W binder:2807_9: type=1400 audit(0.0:55): avc:  denied  { read } for  name="u:object_r:adbd_prop:s0" dev="tmpfs" ino=60 scontext=u:r:gmscore_app:s0:c512,c768 tcontext=u:object_r:adbd_prop:s0 tclass=file permissive=0 app=com.google.android.gms
06-25 03:38:54.164   336  6641 I resolv  : GetAddrInfoHandler::run: {101 786533 101 983141 10130 0}
06-25 03:38:54.165   336  6642 I resolv  : res_nmkquery: (QUERY, IN, AAAA)
06-25 03:38:54.165   336  6643 I resolv  : res_nmkquery: (QUERY, IN, A)
06-25 03:38:54.165   336  6643 I resolv  : resolv_cache_lookup: FOUND IN CACHE entry=0x7f48fb7a7690
06-25 03:38:54.165   336  6643 I resolv  : doQuery: rcode=0, ancount=1, return value=64
06-25 03:38:54.165   336  6642 I resolv  : resolv_cache_lookup: FOUND IN CACHE entry=0x7f48fb7a98b0
06-25 03:38:54.165   336  6642 I resolv  : doQuery: rcode=0, ancount=1, return value=76
06-25 03:38:54.165  4804  6640 D TrafficStats: tagSocket(147) with statsTag=0x12c4, statsUid=-1
06-25 03:38:54.186  5582  5634 D Maestro : Requesting view hierarchy
06-25 03:38:54.187  5582  5634 W QueryController: Could not detect idle state.
06-25 03:38:54.187  5582  5634 W QueryController: Could not detect idle state.
06-25 03:38:54.193  5582  5634 I Maestro : Skipping invisible child: android.view.accessibility.AccessibilityNodeInfo@12882; boundsInParent: Rect(0, 0 - 320, 0); boundsInScreen: Rect(0, 0 - 320, 0); boundsInWindow: Rect(0, 0 - 320, 0); packageName: com.hanapkalinga.mobile; className: android.widget.LinearLayout; text: null; error: null; maxTextLength: -1; stateDescription: null; contentDescription: null; tooltipText: null; containerTitle: null; viewIdResName: null; uniqueId: null; checkable: false; checked: false; focusable: false; focused: false; selected: false; clickable: false; longClickable: false; contextClickable: false; enabled: true; password: false; scrollable: false; importantForAccessibility: false; visible: false; actions: [AccessibilityAction: ACTION_SELECT - null, AccessibilityAction: ACTION_CLEAR_SELECTION - null, AccessibilityAction: ACTION_ACCESSIBILITY_FOCUS - null, AccessibilityAction: ACTION_SHOW_ON_SCREEN - null]; isTextSelectable: false
06-25 03:38:54.194  5582  5634 I Maestro : Skipping invisible child: android.view.accessibility.AccessibilityNodeInfo@124c1; boundsInParent: Rect(0, 0 - 320, 0); boundsInScreen: Rect(0, 0 - 320, 0); boundsInWindow: Rect(0, 0 - 320, 0); packageName: com.hanapkalinga.mobile; className: android.view.ViewGroup; text: null; error: null; maxTextLength: -1; stateDescription: null; contentDescription: null; tooltipText: null; containerTitle: null; viewIdResName: null; uniqueId: null; checkable: false; checked: false; focusable: false; focused: false; selected: false; clickable: false; longClickable: false; contextClickable: false; enabled: true; password: false; scrollable: false; importantForAccessibility: false; visible: false; actions: [AccessibilityAction: ACTION_SELECT - null, AccessibilityAction: ACTION_CLEAR_SELECTION - null, AccessibilityAction: ACTION_ACCESSIBILITY_FOCUS - null, AccessibilityAction: ACTION_SHOW_ON_SCREEN - null]; isTextSelectable: false
06-25 03:38:54.194  5582  5634 I Maestro : Skipping invisible child: android.view.accessibility.AccessibilityNodeInfo@1a463; boundsInParent: Rect(0, 0 - 320, 0); boundsInScreen: Rect(0, 0 - 320, 0); boundsInWindow: Rect(0, 0 - 320, 0); packageName: com.hanapkalinga.mobile; className: android.widget.LinearLayout; text: null; error: null; maxTextLength: -1; stateDescription: null; contentDescription: null; tooltipText: null; containerTitle: null; viewIdResName: null; uniqueId: null; checkable: false; checked: false; focusable: false; focused: false; selected: false; clickable: false; longClickable: false; contextClickable: false; enabled: true; password: false; scrollable: false; importantForAccessibility: false; visible: false; actions: [AccessibilityAction: ACTION_SELECT - null, AccessibilityAction: ACTION_CLEAR_SELECTION - null, AccessibilityAction: ACTION_ACCESSIBILITY_FOCUS - null, AccessibilityAction: ACTION_SHOW_ON_SCREEN - null]; isTextSelectable: false
06-25 03:38:54.195  5582  5634 I Maestro : Skipping invisible child: android.view.accessibility.AccessibilityNodeInfo@1a0a2; boundsInParent: Rect(0, 0 - 320, 0); boundsInScreen: Rect(0, 0 - 320, 0); boundsInWindow: Rect(0, 0 - 320, 0); packageName: com.hanapkalinga.mobile; className: android.view.ViewGroup; text: null; error: null; maxTextLength: -1; stateDescription: null; contentDescription: null; tooltipText: null; containerTitle: null; viewIdResName: null; uniqueId: null; checkable: false; checked: false; focusable: false; focused: false; selected: false; clickable: false; longClickable: false; contextClickable: false; enabled: true; password: false; scrollable: false; importantForAccessibility: false; visible: false; actions: [AccessibilityAction: ACTION_SELECT - null, AccessibilityAction: ACTION_CLEAR_SELECTION - null, AccessibilityAction: ACTION_ACCESSIBILITY_FOCUS - null, AccessibilityAction: ACTION_SHOW_ON_SCREEN - null]; isTextSelectable: false
06-25 03:38:54.220  5582  5634 D Maestro : View hierarchy received in 34 ms
06-25 03:38:54.311  5582  5634 D Maestro : Requesting view hierarchy
06-25 03:38:54.312  5582  5634 W QueryController: Could not detect idle state.
06-25 03:38:54.312  5582  5634 W QueryController: Could not detect idle state.
06-25 03:38:54.320  5582  5634 I Maestro : Skipping invisible child: android.view.accessibility.AccessibilityNodeInfo@12882; boundsInParent: Rect(0, 0 - 320, 0); boundsInScreen: Rect(0, 0 - 320, 0); boundsInWindow: Rect(0, 0 - 320, 0); packageName: com.hanapkalinga.mobile; className: android.widget.LinearLayout; text: null; error: null; maxTextLength: -1; stateDescription: null; contentDescription: null; tooltipText: null; containerTitle: null; viewIdResName: null; uniqueId: null; checkable: false; checked: false; focusable: false; focused: false; selected: false; clickable: false; longClickable: false; contextClickable: false; enabled: true; password: false; scrollable: false; importantForAccessibility: false; visible: false; actions: [AccessibilityAction: ACTION_SELECT - null, AccessibilityAction: ACTION_CLEAR_SELECTION - null, AccessibilityAction: ACTION_ACCESSIBILITY_FOCUS - null, AccessibilityAction: ACTION_SHOW_ON_SCREEN - null]; isTextSelectable: false
06-25 03:38:54.321  5582  5634 I Maestro : Skipping invisible child: android.view.accessibility.AccessibilityNodeInfo@124c1; boundsInParent: Rect(0, 0 - 320, 0); boundsInScreen: Rect(0, 0 - 320, 0); boundsInWindow: Rect(0, 0 - 320, 0); packageName: com.hanapkalinga.mobile; className: android.view.ViewGroup; text: null; error: null; maxTextLength: -1; stateDescription: null; contentDescription: null; tooltipText: null; containerTitle: null; viewIdResName: null; uniqueId: null; checkable: false; checked: false; focusable: false; focused: false; selected: false; clickable: false; longClickable: false; contextClickable: false; enabled: true; password: false; scrollable: false; importantForAccessibility: false; visible: false; actions: [AccessibilityAction: ACTION_SELECT - null, AccessibilityAction: ACTION_CLEAR_SELECTION - null, AccessibilityAction: ACTION_ACCESSIBILITY_FOCUS - null, AccessibilityAction: ACTION_SHOW_ON_SCREEN - null]; isTextSelectable: false
06-25 03:38:54.321  5582  5634 I Maestro : Skipping invisible child: android.view.accessibility.AccessibilityNodeInfo@1a463; boundsInParent: Rect(0, 0 - 320, 0); boundsInScreen: Rect(0, 0 - 320, 0); boundsInWindow: Rect(0, 0 - 320, 0); packageName: com.hanapkalinga.mobile; className: android.widget.LinearLayout; text: null; error: null; maxTextLength: -1; stateDescription: null; contentDescription: null; tooltipText: null; containerTitle: null; viewIdResName: null; uniqueId: null; checkable: false; checked: false; focusable: false; focused: false; selected: false; clickable: false; longClickable: false; contextClickable: false; enabled: true; password: false; scrollable: false; importantForAccessibility: false; visible: false; actions: [AccessibilityAction: ACTION_SELECT - null, AccessibilityAction: ACTION_CLEAR_SELECTION - null, AccessibilityAction: ACTION_ACCESSIBILITY_FOCUS - null, AccessibilityAction: ACTION_SHOW_ON_SCREEN - null]; isTextSelectable: false
06-25 03:38:54.322  5582  5634 I Maestro : Skipping invisible child: android.view.accessibility.AccessibilityNodeInfo@1a0a2; boundsInParent: Rect(0, 0 - 320, 0); boundsInScreen: Rect(0, 0 - 320, 0); boundsInWindow: Rect(0, 0 - 320, 0); packageName: com.hanapkalinga.mobile; className: android.view.ViewGroup; text: null; error: null; maxTextLength: -1; stateDescription: null; contentDescription: null; tooltipText: null; containerTitle: null; viewIdResName: null; uniqueId: null; checkable: false; checked: false; focusable: false; focused: false; selected: false; clickable: false; longClickable: false; contextClickable: false; enabled: true; password: false; scrollable: false; importantForAccessibility: false; visible: false; actions: [AccessibilityAction: ACTION_SELECT - null, AccessibilityAction: ACTION_CLEAR_SELECTION - null, AccessibilityAction: ACTION_ACCESSIBILITY_FOCUS - null, AccessibilityAction: ACTION_SHOW_ON_SCREEN - null]; isTextSelectable: false
06-25 03:38:54.345  5582  5634 D Maestro : View hierarchy received in 34 ms
06-25 03:38:54.439  5582  5634 D Maestro : Requesting view hierarchy
06-25 03:38:54.439  5582  5634 W QueryController: Could not detect idle state.
06-25 03:38:54.439  5582  5634 W QueryController: Could not detect idle state.
06-25 03:38:54.445  5582  5634 I Maestro : Skipping invisible child: android.view.accessibility.AccessibilityNodeInfo@12882; boundsInParent: Rect(0, 0 - 320, 0); boundsInScreen: Rect(0, 0 - 320, 0); boundsInWindow: Rect(0, 0 - 320, 0); packageName: com.hanapkalinga.mobile; className: android.widget.LinearLayout; text: null; error: null; maxTextLength: -1; stateDescription: null; contentDescription: null; tooltipText: null; containerTitle: null; viewIdResName: null; uniqueId: null; checkable: false; checked: false; focusable: false; focused: false; selected: false; clickable: false; longClickable: false; contextClickable: false; enabled: true; password: false; scrollable: false; importantForAccessibility: false; visible: false; actions: [AccessibilityAction: ACTION_SELECT - null, AccessibilityAction: ACTION_CLEAR_SELECTION - null, AccessibilityAction: ACTION_ACCESSIBILITY_FOCUS - null, AccessibilityAction: ACTION_SHOW_ON_SCREEN - null]; isTextSelectable: false
06-25 03:38:54.446  5582  5634 I Maestro : Skipping invisible child: android.view.accessibility.AccessibilityNodeInfo@124c1; boundsInParent: Rect(0, 0 - 320, 0); boundsInScreen: Rect(0, 0 - 320, 0); boundsInWindow: Rect(0, 0 - 320, 0); packageName: com.hanapkalinga.mobile; className: android.view.ViewGroup; text: null; error: null; maxTextLength: -1; stateDescription: null; contentDescription: null; tooltipText: null; containerTitle: null; viewIdResName: null; uniqueId: null; checkable: false; checked: false; focusable: false; focused: false; selected: false; clickable: false; longClickable: false; contextClickable: false; enabled: true; password: false; scrollable: false; importantForAccessibility: false; visible: false; actions: [AccessibilityAction: ACTION_SELECT - null, AccessibilityAction: ACTION_CLEAR_SELECTION - null, AccessibilityAction: ACTION_ACCESSIBILITY_FOCUS - null, AccessibilityAction: ACTION_SHOW_ON_SCREEN - null]; isTextSelectable: false
06-25 03:38:54.446  5582  5634 I Maestro : Skipping invisible child: android.view.accessibility.AccessibilityNodeInfo@1a463; boundsInParent: Rect(0, 0 - 320, 0); boundsInScreen: Rect(0, 0 - 320, 0); boundsInWindow: Rect(0, 0 - 320, 0); packageName: com.hanapkalinga.mobile; className: android.widget.LinearLayout; text: null; error: null; maxTextLength: -1; stateDescription: null; contentDescription: null; tooltipText: null; containerTitle: null; viewIdResName: null; uniqueId: null; checkable: false; checked: false; focusable: false; focused: false; selected: false; clickable: false; longClickable: false; contextClickable: false; enabled: true; password: false; scrollable: false; importantForAccessibility: false; visible: false; actions: [AccessibilityAction: ACTION_SELECT - null, AccessibilityAction: ACTION_CLEAR_SELECTION - null, AccessibilityAction: ACTION_ACCESSIBILITY_FOCUS - null, AccessibilityAction: ACTION_SHOW_ON_SCREEN - null]; isTextSelectable: false
06-25 03:38:54.446  5582  5634 I Maestro : Skipping invisible child: android.view.accessibility.AccessibilityNodeInfo@1a0a2; boundsInParent: Rect(0, 0 - 320, 0); boundsInScreen: Rect(0, 0 - 320, 0); boundsInWindow: Rect(0, 0 - 320, 0); packageName: com.hanapkalinga.mobile; className: android.view.ViewGroup; text: null; error: null; maxTextLength: -1; stateDescription: null; contentDescription: null; tooltipText: null; containerTitle: null; viewIdResName: null; uniqueId: null; checkable: false; checked: false; focusable: false; focused: false; selected: false; clickable: false; longClickable: false; contextClickable: false; enabled: true; password: false; scrollable: false; importantForAccessibility: false; visible: false; actions: [AccessibilityAction: ACTION_SELECT - null, AccessibilityAction: ACTION_CLEAR_SELECTION - null, AccessibilityAction: ACTION_ACCESSIBILITY_FOCUS - null, AccessibilityAction: ACTION_SHOW_ON_SCREEN - null]; isTextSelectable: false
06-25 03:38:54.464  5582  5634 D Maestro : View hierarchy received in 25 ms
06-25 03:38:54.555  5582  5634 D Maestro : Requesting view hierarchy
06-25 03:38:54.556  5582  5634 W QueryController: Could not detect idle state.
06-25 03:38:54.556  5582  5634 W QueryController: Could not detect idle state.
06-25 03:38:54.564  5582  5634 I Maestro : Skipping invisible child: android.view.accessibility.AccessibilityNodeInfo@12882; boundsInParent: Rect(0, 0 - 320, 0); boundsInScreen: Rect(0, 0 - 320, 0); boundsInWindow: Rect(0, 0 - 320, 0); packageName: com.hanapkalinga.mobile; className: android.widget.LinearLayout; text: null; error: null; maxTextLength: -1; stateDescription: null; contentDescription: null; tooltipText: null; containerTitle: null; viewIdResName: null; uniqueId: null; checkable: false; checked: false; focusable: false; focused: false; selected: false; clickable: false; longClickable: false; contextClickable: false; enabled: true; password: false; scrollable: false; importantForAccessibility: false; visible: false; actions: [AccessibilityAction: ACTION_SELECT - null, AccessibilityAction: ACTION_CLEAR_SELECTION - null, AccessibilityAction: ACTION_ACCESSIBILITY_FOCUS - null, AccessibilityAction: ACTION_SHOW_ON_SCREEN - null]; isTextSelectable: false
06-25 03:38:54.565  5582  5634 I Maestro : Skipping invisible child: android.view.accessibility.AccessibilityNodeInfo@124c1; boundsInParent: Rect(0, 0 - 320, 0); boundsInScreen: Rect(0, 0 - 320, 0); boundsInWindow: Rect(0, 0 - 320, 0); packageName: com.hanapkalinga.mobile; className: android.view.ViewGroup; text: null; error: null; maxTextLength: -1; stateDescription: null; contentDescription: null; tooltipText: null; containerTitle: null; viewIdResName: null; uniqueId: null; checkable: false; checked: false; focusable: false; focused: false; selected: false; clickable: false; longClickable: false; contextClickable: false; enabled: true; password: false; scrollable: false; importantForAccessibility: false; visible: false; actions: [AccessibilityAction: ACTION_SELECT - null, AccessibilityAction: ACTION_CLEAR_SELECTION - null, AccessibilityAction: ACTION_ACCESSIBILITY_FOCUS - null, AccessibilityAction: ACTION_SHOW_ON_SCREEN - null]; isTextSelectable: false
06-25 03:38:54.565  5582  5634 I Maestro : Skipping invisible child: android.view.accessibility.AccessibilityNodeInfo@1a463; boundsInParent: Rect(0, 0 - 320, 0); boundsInScreen: Rect(0, 0 - 320, 0); boundsInWindow: Rect(0, 0 - 320, 0); packageName: com.hanapkalinga.mobile; className: android.widget.LinearLayout; text: null; error: null; maxTextLength: -1; stateDescription: null; contentDescription: null; tooltipText: null; containerTitle: null; viewIdResName: null; uniqueId: null; checkable: false; checked: false; focusable: false; focused: false; selected: false; clickable: false; longClickable: false; contextClickable: false; enabled: true; password: false; scrollable: false; importantForAccessibility: false; visible: false; actions: [AccessibilityAction: ACTION_SELECT - null, AccessibilityAction: ACTION_CLEAR_SELECTION - null, AccessibilityAction: ACTION_ACCESSIBILITY_FOCUS - null, AccessibilityAction: ACTION_SHOW_ON_SCREEN - null]; isTextSelectable: false
06-25 03:38:54.566  5582  5634 I Maestro : Skipping invisible child: android.view.accessibility.AccessibilityNodeInfo@1a0a2; boundsInParent: Rect(0, 0 - 320, 0); boundsInScreen: Rect(0, 0 - 320, 0); boundsInWindow: Rect(0, 0 - 320, 0); packageName: com.hanapkalinga.mobile; className: android.view.ViewGroup; text: null; error: null; maxTextLength: -1; stateDescription: null; contentDescription: null; tooltipText: null; containerTitle: null; viewIdResName: null; uniqueId: null; checkable: false; checked: false; focusable: false; focused: false; selected: false; clickable: false; longClickable: false; contextClickable: false; enabled: true; password: false; scrollable: false; importantForAccessibility: false; visible: false; actions: [AccessibilityAction: ACTION_SELECT - null, AccessibilityAction: ACTION_CLEAR_SELECTION - null, AccessibilityAction: ACTION_ACCESSIBILITY_FOCUS - null, AccessibilityAction: ACTION_SHOW_ON_SCREEN - null]; isTextSelectable: false
06-25 03:38:54.580  4804  6640 W BugleRcsEngine: [140] bpxc.w: Unable to send diagnostic log
06-25 03:38:54.581  4804  6632 I BugleRcsEngine: [139] brfq.d: (PEv2-SM-Bugle-216309783): RequestWithImsiState: event HTTP Response [f24660a9-9c76-45f2-adba-e8361a8c893a]
06-25 03:38:54.581  4804  6632 I BugleRcsEngine: [139] brfq.d: (PEv2-SM-Bugle-216309783): InProgressState: event HTTP Response [f24660a9-9c76-45f2-adba-e8361a8c893a]
06-25 03:38:54.581  4804  6632 W BugleRcsEngine: [139] bpxc.w: Unable to send diagnostic log
06-25 03:38:54.581  4804  6632 I BugleRcsEngine: [139] brfq.d: (PEv2-SM-Bugle-216309783): RequestWithImsiState: event HTTP 400 (Bad request) [f24660a9-9c76-45f2-adba-e8361a8c893a]
06-25 03:38:54.581  4804  6632 I BugleRcsEngine: [139] brfq.d: (PEv2-SM-Bugle-216309783): InProgressState: event HTTP 400 (Bad request) [f24660a9-9c76-45f2-adba-e8361a8c893a]
06-25 03:38:54.581  4804  6632 W BugleRcsEngine: [139] bpxc.w: Unable to send diagnostic log
06-25 03:38:54.581  4804  6632 I BugleRcsEngine: [139] brfq.d: (PEv2-SM-Bugle-216309783): transitionTo: destState=RetryState [f24660a9-9c76-45f2-adba-e8361a8c893a]
06-25 03:38:54.581  4804  6632 I BugleRcsEngine: [139] brfq.d: (PEv2-SM-Bugle-216309783): onTransitionRequested RequestWithImsiState [f24660a9-9c76-45f2-adba-e8361a8c893a]
06-25 03:38:54.582  4804  6632 I BugleRcsEngine: [139] brfq.d: (PEv2-SM-Bugle-216309783): Exit RequestWithImsiState [f24660a9-9c76-45f2-adba-e8361a8c893a]
06-25 03:38:54.582  4804  6632 W BugleRcsEngine: [139] bpxc.w: Unable to send diagnostic log
06-25 03:38:54.582  4804  6632 I BugleRcsEngine: [139] brfq.d: (PEv2-SM-Bugle-216309783): Exit InProgressState [f24660a9-9c76-45f2-adba-e8361a8c893a]
06-25 03:38:54.582  4804  6632 W BugleRcsEngine: [139] bpxc.w: Unable to send diagnostic log
06-25 03:38:54.583  4804  6632 I BugleRcsEngine: [139] brfq.d: (PEv2-SM-Bugle-216309783): Enter RetryState [f24660a9-9c76-45f2-adba-e8361a8c893a]
06-25 03:38:54.584  4804  6632 W BugleRcsEngine: [139] bpxc.w: Unable to send diagnostic log
06-25 03:38:54.585  4804  6632 I BugleRcsEngine: [139] brfq.d: (PEv2-SM-Bugle-216309783): nextRetry = 0 [f24660a9-9c76-45f2-adba-e8361a8c893a]
06-25 03:38:54.585  4804  6632 I BugleRcsEngine: [139] brfq.d: (PEv2-SM-Bugle-216309783): scheduleRetry, currentRetry = 0, retryMillis = 1800000 [f24660a9-9c76-45f2-adba-e8361a8c893a]
06-25 03:38:54.585  4804  4927 W BugleRcsEngine: [41] bpxc.w: Unable to send diagnostic log
06-25 03:38:54.588  4804  6632 I BugleRcsEngine: [139] brjv.b: RcsAvailabilityManager: Calculating Rcs Availability
06-25 03:38:54.589  4804  6632 I BugleRcsEngine: [139] brnl.C: Bugle is default SMS app: true
06-25 03:38:54.589  4804  6632 I BugleRcsEngine: [139] brjv.b: Bugle has minimum required RCS permissions: true
06-25 03:38:54.589  4804  6632 I BugleRcsEngine: [139] brnl.B: Rcs is enabled from user settings: true
06-25 03:38:54.589  4804  6632 I BugleRcsEngine: [139] brox.b: Using config server URL from bqas
06-25 03:38:54.590  4804  6632 I BugleRcsEngine: [139] brnl.e: No RCS Configuration was found in Bugle for simID: redacted-pii:sim_id[chars:20,last3:897]
06-25 03:38:54.590  4804  6632 I BugleRcsEngine: [139] brnl.e: No RCS Configuration was found in Bugle for simID: redacted-pii:sim_id[chars:20,last3:897]
06-25 03:38:54.591  4804  6632 I BugleRcsEngine: [139] brjv.b: Config state is not ACCEPTED, provisioning still in progress
06-25 03:38:54.591  4804  6632 I BugleRcsEngine: [139] brjv.b: RcsAvailabilityManager: Rcs Availability still CARRIER_SETUP_PENDING (Carrier RCS is not set up)
06-25 03:38:54.593  4804  6632 I BugleRcsWorker: [seqId=1][workId=cddb8922-ff8a-4e77-a25b-6ad64909cbaa] Received a provisioning state changed event from the provisioning engine RETRY
06-25 03:38:54.593  4804  4943 W BugleRcsEngine: [43] bpxc.w: Unable to send diagnostic log
06-25 03:38:54.593  4804  4943 W BugleRcsEngine: [43] bpxc.w: Unable to send diagnostic log
06-25 03:38:54.593  4804  6632 I BugleRcsWorker: [seqId=1][workId=cddb8922-ff8a-4e77-a25b-6ad64909cbaa] Provisioning Engine entered RetryState, provisioning task will be rescheduled with exponential backoff
06-25 03:38:54.594  4804  6632 I BugleRcsWorker: [seqId=1][workId=cddb8922-ff8a-4e77-a25b-6ad64909cbaa] finish provisioning task with result Success {mOutputData=Data {}}
06-25 03:38:54.594  4804  6632 I BugleRcsWorker: [seqId=1][workId=cddb8922-ff8a-4e77-a25b-6ad64909cbaa] RCS provisioning task has finished with result Success {mOutputData=Data {}}
06-25 03:38:54.595  4804  5046 I BugleRcsEngine: [59] brfq.d: (PEv2-SM-Bugle-216309783): quit [null]
06-25 03:38:54.595  4804  4993 I WM-WorkerWrapper: Worker result SUCCESS for Work [ id=0011f00e-40b1-44d2-b991-c99b8c2cb11a, tags={ com.google.android.apps.messaging.rcsprovisioning.RcsProvisioningListenableWorker, provisioning } ]
06-25 03:38:54.595  4804  6632 I BugleRcsEngine: [139] brfq.d: (PEv2-SM-Bugle-216309783): transitionTo: destState=bqjk [null]
06-25 03:38:54.595  4804  6632 I BugleRcsEngine: [139] brfq.d: (PEv2-SM-Bugle-216309783): Exit RetryState [null]
06-25 03:38:54.595  4804  6632 W BugleRcsEngine: [139] bpxc.w: Unable to send diagnostic log
06-25 03:38:54.596  4804  6632 W BugleRcsEngine: [139] brfq.e: (PEv2-SM-Bugle-216309783): onQuitting [null]
06-25 03:38:54.596  4804  6632 I BugleRcsEngine: [139] brjv.b: RcsAvailabilityManager: Calculating Rcs Availability
06-25 03:38:54.599  4804  6632 I BugleRcsEngine: [139] brnl.C: Bugle is default SMS app: true
06-25 03:38:54.599  4804  6632 I BugleRcsEngine: [139] brjv.b: Bugle has minimum required RCS permissions: true
06-25 03:38:54.599  4804  6632 I BugleRcsEngine: [139] brnl.B: Rcs is enabled from user settings: true
06-25 03:38:54.599  4804  6632 I BugleRcsEngine: [139] brox.b: Using config server URL from bqas
06-25 03:38:54.599  4804  6632 I BugleRcsEngine: [139] brnl.e: No RCS Configuration was found in Bugle for simID: redacted-pii:sim_id[chars:20,last3:897]
06-25 03:38:54.599  4804  6632 I BugleRcsEngine: [139] brnl.e: No RCS Configuration was found in Bugle for simID: redacted-pii:sim_id[chars:20,last3:897]
06-25 03:38:54.600  5582  5634 D Maestro : View hierarchy received in 45 ms
06-25 03:38:54.601  4804  4927 I Bugle   : Scheduling custom retry
06-25 03:38:54.601  4804  5425 W BugleRcsEngine: [78] brcu.d: [SR]: Single Registration is disabled. Skipping Single Registration capability check for subId: 1, OS.isAtLeastS:[true], enableSingleRegistrationProvisioning:[false]
06-25 03:38:54.602  4804  5425 I BugleRcsEngine: [78] brnl.e: No RCS Configuration was found in Bugle for simID: redacted-pii:sim_id[chars:20,last3:897]
06-25 03:38:54.602  4804  6632 I BugleRcsEngine: [139] brjv.b: Config state is not ACCEPTED, provisioning still in progress
06-25 03:38:54.602  4804  6632 I BugleRcsEngine: [139] brjv.b: RcsAvailabilityManager: Rcs Availability still CARRIER_SETUP_PENDING (Carrier RCS is not set up)
06-25 03:38:54.604  4804  5425 I BugleRcsEngine: [78] zzo.l: Scheduled provisioning task with 30 seconds delay, APPEND policy, trigger is STATE_MACHINE_RETRY, workerId is a3aa4948-d2fc-4f27-b3ad-c41b1c83beb6
06-25 03:38:54.645  5764  5784 D EGL_emulation: app_time_stats: avg=500.22ms min=498.44ms max=501.17ms count=3
06-25 03:38:54.656  5582  5634 D Maestro : Requesting view hierarchy
06-25 03:38:54.656  5582  5634 W QueryController: Could not detect idle state.
06-25 03:38:54.656  5582  5634 W QueryController: Could not detect idle state.
06-25 03:38:54.666  5582  5634 I Maestro : Skipping invisible child: android.view.accessibility.AccessibilityNodeInfo@12882; boundsInParent: Rect(0, 0 - 320, 0); boundsInScreen: Rect(0, 0 - 320, 0); boundsInWindow: Rect(0, 0 - 320, 0); packageName: com.hanapkalinga.mobile; className: android.widget.LinearLayout; text: null; error: null; maxTextLength: -1; stateDescription: null; contentDescription: null; tooltipText: null; containerTitle: null; viewIdResName: null; uniqueId: null; checkable: false; checked: false; focusable: false; focused: false; selected: false; clickable: false; longClickable: false; contextClickable: false; enabled: true; password: false; scrollable: false; importantForAccessibility: false; visible: false; actions: [AccessibilityAction: ACTION_SELECT - null, AccessibilityAction: ACTION_CLEAR_SELECTION - null, AccessibilityAction: ACTION_ACCESSIBILITY_FOCUS - null, AccessibilityAction: ACTION_SHOW_ON_SCREEN - null]; isTextSelectable: false
06-25 03:38:54.666  5582  5634 I Maestro : Skipping invisible child: android.view.accessibility.AccessibilityNodeInfo@124c1; boundsInParent: Rect(0, 0 - 320, 0); boundsInScreen: Rect(0, 0 - 320, 0); boundsInWindow: Rect(0, 0 - 320, 0); packageName: com.hanapkalinga.mobile; className: android.view.ViewGroup; text: null; error: null; maxTextLength: -1; stateDescription: null; contentDescription: null; tooltipText: null; containerTitle: null; viewIdResName: null; uniqueId: null; checkable: false; checked: false; focusable: false; focused: false; selected: false; clickable: false; longClickable: false; contextClickable: false; enabled: true; password: false; scrollable: false; importantForAccessibility: false; visible: false; actions: [AccessibilityAction: ACTION_SELECT - null, AccessibilityAction: ACTION_CLEAR_SELECTION - null, AccessibilityAction: ACTION_ACCESSIBILITY_FOCUS - null, AccessibilityAction: ACTION_SHOW_ON_SCREEN - null]; isTextSelectable: false
06-25 03:38:54.667  5582  5634 I Maestro : Skipping invisible child: android.view.accessibility.AccessibilityNodeInfo@1a463; boundsInParent: Rect(0, 0 - 320, 0); boundsInScreen: Rect(0, 0 - 320, 0); boundsInWindow: Rect(0, 0 - 320, 0); packageName: com.hanapkalinga.mobile; className: android.widget.LinearLayout; text: null; error: null; maxTextLength: -1; stateDescription: null; contentDescription: null; tooltipText: null; containerTitle: null; viewIdResName: null; uniqueId: null; checkable: false; checked: false; focusable: false; focused: false; selected: false; clickable: false; longClickable: false; contextClickable: false; enabled: true; password: false; scrollable: false; importantForAccessibility: false; visible: false; actions: [AccessibilityAction: ACTION_SELECT - null, AccessibilityAction: ACTION_CLEAR_SELECTION - null, AccessibilityAction: ACTION_ACCESSIBILITY_FOCUS - null, AccessibilityAction: ACTION_SHOW_ON_SCREEN - null]; isTextSelectable: false
06-25 03:38:54.667  5582  5634 I Maestro : Skipping invisible child: android.view.accessibility.AccessibilityNodeInfo@1a0a2; boundsInParent: Rect(0, 0 - 320, 0); boundsInScreen: Rect(0, 0 - 320, 0); boundsInWindow: Rect(0, 0 - 320, 0); packageName: com.hanapkalinga.mobile; className: android.view.ViewGroup; text: null; error: null; maxTextLength: -1; stateDescription: null; contentDescription: null; tooltipText: null; containerTitle: null; viewIdResName: null; uniqueId: null; checkable: false; checked: false; focusable: false; focused: false; selected: false; clickable: false; longClickable: false; contextClickable: false; enabled: true; password: false; scrollable: false; importantForAccessibility: false; visible: false; actions: [AccessibilityAction: ACTION_SELECT - null, AccessibilityAction: ACTION_CLEAR_SELECTION - null, AccessibilityAction: ACTION_ACCESSIBILITY_FOCUS - null, AccessibilityAction: ACTION_SHOW_ON_SCREEN - null]; isTextSelectable: false
06-25 03:38:54.683  5582  5634 D Maestro : View hierarchy received in 27 ms
06-25 03:38:54.775  5582  5634 D Maestro : Requesting view hierarchy
06-25 03:38:54.776  5582  5634 W QueryController: Could not detect idle state.
06-25 03:38:54.776  5582  5634 W QueryController: Could not detect idle state.
06-25 03:38:54.784  5582  5634 I Maestro : Skipping invisible child: android.view.accessibility.AccessibilityNodeInfo@12882; boundsInParent: Rect(0, 0 - 320, 0); boundsInScreen: Rect(0, 0 - 320, 0); boundsInWindow: Rect(0, 0 - 320, 0); packageName: com.hanapkalinga.mobile; className: android.widget.LinearLayout; text: null; error: null; maxTextLength: -1; stateDescription: null; contentDescription: null; tooltipText: null; containerTitle: null; viewIdResName: null; uniqueId: null; checkable: false; checked: false; focusable: false; focused: false; selected: false; clickable: false; longClickable: false; contextClickable: false; enabled: true; password: false; scrollable: false; importantForAccessibility: false; visible: false; actions: [AccessibilityAction: ACTION_SELECT - null, AccessibilityAction: ACTION_CLEAR_SELECTION - null, AccessibilityAction: ACTION_ACCESSIBILITY_FOCUS - null, AccessibilityAction: ACTION_SHOW_ON_SCREEN - null]; isTextSelectable: false
06-25 03:38:54.785  5582  5634 I Maestro : Skipping invisible child: android.view.accessibility.AccessibilityNodeInfo@124c1; boundsInParent: Rect(0, 0 - 320, 0); boundsInScreen: Rect(0, 0 - 320, 0); boundsInWindow: Rect(0, 0 - 320, 0); packageName: com.hanapkalinga.mobile; className: android.view.ViewGroup; text: null; error: null; maxTextLength: -1; stateDescription: null; contentDescription: null; tooltipText: null; containerTitle: null; viewIdResName: null; uniqueId: null; checkable: false; checked: false; focusable: false; focused: false; selected: false; clickable: false; longClickable: false; contextClickable: false; enabled: true; password: false; scrollable: false; importantForAccessibility: false; visible: false; actions: [AccessibilityAction: ACTION_SELECT - null, AccessibilityAction: ACTION_CLEAR_SELECTION - null, AccessibilityAction: ACTION_ACCESSIBILITY_FOCUS - null, AccessibilityAction: ACTION_SHOW_ON_SCREEN - null]; isTextSelectable: false
06-25 03:38:54.785  5582  5634 I Maestro : Skipping invisible child: android.view.accessibility.AccessibilityNodeInfo@1a463; boundsInParent: Rect(0, 0 - 320, 0); boundsInScreen: Rect(0, 0 - 320, 0); boundsInWindow: Rect(0, 0 - 320, 0); packageName: com.hanapkalinga.mobile; className: android.widget.LinearLayout; text: null; error: null; maxTextLength: -1; stateDescription: null; contentDescription: null; tooltipText: null; containerTitle: null; viewIdResName: null; uniqueId: null; checkable: false; checked: false; focusable: false; focused: false; selected: false; clickable: false; longClickable: false; contextClickable: false; enabled: true; password: false; scrollable: false; importantForAccessibility: false; visible: false; actions: [AccessibilityAction: ACTION_SELECT - null, AccessibilityAction: ACTION_CLEAR_SELECTION - null, AccessibilityAction: ACTION_ACCESSIBILITY_FOCUS - null, AccessibilityAction: ACTION_SHOW_ON_SCREEN - null]; isTextSelectable: false
06-25 03:38:54.785  5582  5634 I Maestro : Skipping invisible child: android.view.accessibility.AccessibilityNodeInfo@1a0a2; boundsInParent: Rect(0, 0 - 320, 0); boundsInScreen: Rect(0, 0 - 320, 0); boundsInWindow: Rect(0, 0 - 320, 0); packageName: com.hanapkalinga.mobile; className: android.view.ViewGroup; text: null; error: null; maxTextLength: -1; stateDescription: null; contentDescription: null; tooltipText: null; containerTitle: null; viewIdResName: null; uniqueId: null; checkable: false; checked: false; focusable: false; focused: false; selected: false; clickable: false; longClickable: false; contextClickable: false; enabled: true; password: false; scrollable: false; importantForAccessibility: false; visible: false; actions: [AccessibilityAction: ACTION_SELECT - null, AccessibilityAction: ACTION_CLEAR_SELECTION - null, AccessibilityAction: ACTION_ACCESSIBILITY_FOCUS - null, AccessibilityAction: ACTION_SHOW_ON_SCREEN - null]; isTextSelectable: false
06-25 03:38:54.803  5582  5634 D Maestro : View hierarchy received in 28 ms
06-25 03:38:54.895  5582  5634 D Maestro : Requesting view hierarchy
06-25 03:38:54.895  5582  5634 W QueryController: Could not detect idle state.
06-25 03:38:54.896  5582  5634 W QueryController: Could not detect idle state.
06-25 03:38:54.904  5582  5634 I Maestro : Skipping invisible child: android.view.accessibility.AccessibilityNodeInfo@12882; boundsInParent: Rect(0, 0 - 320, 0); boundsInScreen: Rect(0, 0 - 320, 0); boundsInWindow: Rect(0, 0 - 320, 0); packageName: com.hanapkalinga.mobile; className: android.widget.LinearLayout; text: null; error: null; maxTextLength: -1; stateDescription: null; contentDescription: null; tooltipText: null; containerTitle: null; viewIdResName: null; uniqueId: null; checkable: false; checked: false; focusable: false; focused: false; selected: false; clickable: false; longClickable: false; contextClickable: false; enabled: true; password: false; scrollable: false; importantForAccessibility: false; visible: false; actions: [AccessibilityAction: ACTION_SELECT - null, AccessibilityAction: ACTION_CLEAR_SELECTION - null, AccessibilityAction: ACTION_ACCESSIBILITY_FOCUS - null, AccessibilityAction: ACTION_SHOW_ON_SCREEN - null]; isTextSelectable: false
06-25 03:38:54.904  5582  5634 I Maestro : Skipping invisible child: android.view.accessibility.AccessibilityNodeInfo@124c1; boundsInParent: Rect(0, 0 - 320, 0); boundsInScreen: Rect(0, 0 - 320, 0); boundsInWindow: Rect(0, 0 - 320, 0); packageName: com.hanapkalinga.mobile; className: android.view.ViewGroup; text: null; error: null; maxTextLength: -1; stateDescription: null; contentDescription: null; tooltipText: null; containerTitle: null; viewIdResName: null; uniqueId: null; checkable: false; checked: false; focusable: false; focused: false; selected: false; clickable: false; longClickable: false; contextClickable: false; enabled: true; password: false; scrollable: false; importantForAccessibility: false; visible: false; actions: [AccessibilityAction: ACTION_SELECT - null, AccessibilityAction: ACTION_CLEAR_SELECTION - null, AccessibilityAction: ACTION_ACCESSIBILITY_FOCUS - null, AccessibilityAction: ACTION_SHOW_ON_SCREEN - null]; isTextSelectable: false
06-25 03:38:54.905  5582  5634 I Maestro : Skipping invisible child: android.view.accessibility.AccessibilityNodeInfo@1a463; boundsInParent: Rect(0, 0 - 320, 0); boundsInScreen: Rect(0, 0 - 320, 0); boundsInWindow: Rect(0, 0 - 320, 0); packageName: com.hanapkalinga.mobile; className: android.widget.LinearLayout; text: null; error: null; maxTextLength: -1; stateDescription: null; contentDescription: null; tooltipText: null; containerTitle: null; viewIdResName: null; uniqueId: null; checkable: false; checked: false; focusable: false; focused: false; selected: false; clickable: false; longClickable: false; contextClickable: false; enabled: true; password: false; scrollable: false; importantForAccessibility: false; visible: false; actions: [AccessibilityAction: ACTION_SELECT - null, AccessibilityAction: ACTION_CLEAR_SELECTION - null, AccessibilityAction: ACTION_ACCESSIBILITY_FOCUS - null, AccessibilityAction: ACTION_SHOW_ON_SCREEN - null]; isTextSelectable: false
06-25 03:38:54.905  5582  5634 I Maestro : Skipping invisible child: android.view.accessibility.AccessibilityNodeInfo@1a0a2; boundsInParent: Rect(0, 0 - 320, 0); boundsInScreen: Rect(0, 0 - 320, 0); boundsInWindow: Rect(0, 0 - 320, 0); packageName: com.hanapkalinga.mobile; className: android.view.ViewGroup; text: null; error: null; maxTextLength: -1; stateDescription: null; contentDescription: null; tooltipText: null; containerTitle: null; viewIdResName: null; uniqueId: null; checkable: false; checked: false; focusable: false; focused: false; selected: false; clickable: false; longClickable: false; contextClickable: false; enabled: true; password: false; scrollable: false; importantForAccessibility: false; visible: false; actions: [AccessibilityAction: ACTION_SELECT - null, AccessibilityAction: ACTION_CLEAR_SELECTION - null, AccessibilityAction: ACTION_ACCESSIBILITY_FOCUS - null, AccessibilityAction: ACTION_SHOW_ON_SCREEN - null]; isTextSelectable: false
06-25 03:38:54.920  5582  5634 D Maestro : View hierarchy received in 25 ms
06-25 03:38:54.959  6015  6625 I ChimeraConfigurator: Starting update, reason: 4 urgentFeatures: vision.ocr:-1
06-25 03:38:54.970  6015  6625 I ChimeraConfigurator: Detected pending changes for urgent request: [vision.ocr]. Pending module sets: container:2318189190800+mlkit.ocr.common,tflite_dynamite:2605805025100800+tflite_dynamite,vision_ocr:2316024025100000+vision.ocr
06-25 03:38:54.979  6015  6625 I GmsDebugLogger: [73] 1801
06-25 03:38:54.982  6015  6625 W ZappDownloader: No successful module downloads for requested features [vision.ocr].
06-25 03:38:54.983  6015  6625 I GmsDebugLogger: [30] [VisionOcrDynamite.integ:231602402100000],[TfliteDynamiteDynamite.integ:260580502100800],[MlkitOcrCommon.optional:231818100800]
06-25 03:38:54.985  6015  6625 W ChimeraConfigService: Retry attempt was throttled. [CONTEXT service_id=264 ]
06-25 03:38:54.985  6015  6625 I GmsDebugLogger: [83] 1 [vision.ocr]
06-25 03:38:54.986  6015  6621 W Vision  : Request for optional module download of ocr failed. Request again.
06-25 03:38:54.986  6015  6621 W Vision  : Would have logged:
06-25 03:38:54.986  6015  6621 W Vision  : # dsae@37884fe7
06-25 03:38:54.987  6015  6621 I Vision  : Schedule retrying download ocr at 170582 with backoff 20 seconds
06-25 03:38:55.011  5582  5841 D Maestro : Requesting view hierarchy
06-25 03:38:55.011  5582  5841 W QueryController: Could not detect idle state.
06-25 03:38:55.012  5582  5841 W QueryController: Could not detect idle state.
06-25 03:38:55.019  5582  5841 I Maestro : Skipping invisible child: android.view.accessibility.AccessibilityNodeInfo@12882; boundsInParent: Rect(0, 0 - 320, 0); boundsInScreen: Rect(0, 0 - 320, 0); boundsInWindow: Rect(0, 0 - 320, 0); packageName: com.hanapkalinga.mobile; className: android.widget.LinearLayout; text: null; error: null; maxTextLength: -1; stateDescription: null; contentDescription: null; tooltipText: null; containerTitle: null; viewIdResName: null; uniqueId: null; checkable: false; checked: false; focusable: false; focused: false; selected: false; clickable: false; longClickable: false; contextClickable: false; enabled: true; password: false; scrollable: false; importantForAccessibility: false; visible: false; actions: [AccessibilityAction: ACTION_SELECT - null, AccessibilityAction: ACTION_CLEAR_SELECTION - null, AccessibilityAction: ACTION_ACCESSIBILITY_FOCUS - null, AccessibilityAction: ACTION_SHOW_ON_SCREEN - null]; isTextSelectable: false
06-25 03:38:55.019  5582  5841 I Maestro : Skipping invisible child: android.view.accessibility.AccessibilityNodeInfo@124c1; boundsInParent: Rect(0, 0 - 320, 0); boundsInScreen: Rect(0, 0 - 320, 0); boundsInWindow: Rect(0, 0 - 320, 0); packageName: com.hanapkalinga.mobile; className: android.view.ViewGroup; text: null; error: null; maxTextLength: -1; stateDescription: null; contentDescription: null; tooltipText: null; containerTitle: null; viewIdResName: null; uniqueId: null; checkable: false; checked: false; focusable: false; focused: false; selected: false; clickable: false; longClickable: false; contextClickable: false; enabled: true; password: false; scrollable: false; importantForAccessibility: false; visible: false; actions: [AccessibilityAction: ACTION_SELECT - null, AccessibilityAction: ACTION_CLEAR_SELECTION - null, AccessibilityAction: ACTION_ACCESSIBILITY_FOCUS - null, AccessibilityAction: ACTION_SHOW_ON_SCREEN - null]; isTextSelectable: false
06-25 03:38:55.020  5582  5841 I Maestro : Skipping invisible child: android.view.accessibility.AccessibilityNodeInfo@1a463; boundsInParent: Rect(0, 0 - 320, 0); boundsInScreen: Rect(0, 0 - 320, 0); boundsInWindow: Rect(0, 0 - 320, 0); packageName: com.hanapkalinga.mobile; className: android.widget.LinearLayout; text: null; error: null; maxTextLength: -1; stateDescription: null; contentDescription: null; tooltipText: null; containerTitle: null; viewIdResName: null; uniqueId: null; checkable: false; checked: false; focusable: false; focused: false; selected: false; clickable: false; longClickable: false; contextClickable: false; enabled: true; password: false; scrollable: false; importantForAccessibility: false; visible: false; actions: [AccessibilityAction: ACTION_SELECT - null, AccessibilityAction: ACTION_CLEAR_SELECTION - null, AccessibilityAction: ACTION_ACCESSIBILITY_FOCUS - null, AccessibilityAction: ACTION_SHOW_ON_SCREEN - null]; isTextSelectable: false
06-25 03:38:55.020  5582  5841 I Maestro : Skipping invisible child: android.view.accessibility.AccessibilityNodeInfo@1a0a2; boundsInParent: Rect(0, 0 - 320, 0); boundsInScreen: Rect(0, 0 - 320, 0); boundsInWindow: Rect(0, 0 - 320, 0); packageName: com.hanapkalinga.mobile; className: android.view.ViewGroup; text: null; error: null; maxTextLength: -1; stateDescription: null; contentDescription: null; tooltipText: null; containerTitle: null; viewIdResName: null; uniqueId: null; checkable: false; checked: false; focusable: false; focused: false; selected: false; clickable: false; longClickable: false; contextClickable: false; enabled: true; password: false; scrollable: false; importantForAccessibility: false; visible: false; actions: [AccessibilityAction: ACTION_SELECT - null, AccessibilityAction: ACTION_CLEAR_SELECTION - null, AccessibilityAction: ACTION_ACCESSIBILITY_FOCUS - null, AccessibilityAction: ACTION_SHOW_ON_SCREEN - null]; isTextSelectable: false
06-25 03:38:55.035  5582  5841 D Maestro : View hierarchy received in 24 ms
06-25 03:38:55.127  5582  5841 D Maestro : Requesting view hierarchy
06-25 03:38:55.128  5582  5841 W QueryController: Could not detect idle state.
06-25 03:38:55.128  5582  5841 W QueryController: Could not detect idle state.
06-25 03:38:55.135  5582  5841 I Maestro : Skipping invisible child: android.view.accessibility.AccessibilityNodeInfo@12882; boundsInParent: Rect(0, 0 - 320, 0); boundsInScreen: Rect(0, 0 - 320, 0); boundsInWindow: Rect(0, 0 - 320, 0); packageName: com.hanapkalinga.mobile; className: android.widget.LinearLayout; text: null; error: null; maxTextLength: -1; stateDescription: null; contentDescription: null; tooltipText: null; containerTitle: null; viewIdResName: null; uniqueId: null; checkable: false; checked: false; focusable: false; focused: false; selected: false; clickable: false; longClickable: false; contextClickable: false; enabled: true; password: false; scrollable: false; importantForAccessibility: false; visible: false; actions: [AccessibilityAction: ACTION_SELECT - null, AccessibilityAction: ACTION_CLEAR_SELECTION - null, AccessibilityAction: ACTION_ACCESSIBILITY_FOCUS - null, AccessibilityAction: ACTION_SHOW_ON_SCREEN - null]; isTextSelectable: false
06-25 03:38:55.135  5582  5841 I Maestro : Skipping invisible child: android.view.accessibility.AccessibilityNodeInfo@124c1; boundsInParent: Rect(0, 0 - 320, 0); boundsInScreen: Rect(0, 0 - 320, 0); boundsInWindow: Rect(0, 0 - 320, 0); packageName: com.hanapkalinga.mobile; className: android.view.ViewGroup; text: null; error: null; maxTextLength: -1; stateDescription: null; contentDescription: null; tooltipText: null; containerTitle: null; viewIdResName: null; uniqueId: null; checkable: false; checked: false; focusable: false; focused: false; selected: false; clickable: false; longClickable: false; contextClickable: false; enabled: true; password: false; scrollable: false; importantForAccessibility: false; visible: false; actions: [AccessibilityAction: ACTION_SELECT - null, AccessibilityAction: ACTION_CLEAR_SELECTION - null, AccessibilityAction: ACTION_ACCESSIBILITY_FOCUS - null, AccessibilityAction: ACTION_SHOW_ON_SCREEN - null]; isTextSelectable: false
06-25 03:38:55.135  5582  5841 I Maestro : Skipping invisible child: android.view.accessibility.AccessibilityNodeInfo@1a463; boundsInParent: Rect(0, 0 - 320, 0); boundsInScreen: Rect(0, 0 - 320, 0); boundsInWindow: Rect(0, 0 - 320, 0); packageName: com.hanapkalinga.mobile; className: android.widget.LinearLayout; text: null; error: null; maxTextLength: -1; stateDescription: null; contentDescription: null; tooltipText: null; containerTitle: null; viewIdResName: null; uniqueId: null; checkable: false; checked: false; focusable: false; focused: false; selected: false; clickable: false; longClickable: false; contextClickable: false; enabled: true; password: false; scrollable: false; importantForAccessibility: false; visible: false; actions: [AccessibilityAction: ACTION_SELECT - null, AccessibilityAction: ACTION_CLEAR_SELECTION - null, AccessibilityAction: ACTION_ACCESSIBILITY_FOCUS - null, AccessibilityAction: ACTION_SHOW_ON_SCREEN - null]; isTextSelectable: false
06-25 03:38:55.136  5582  5841 I Maestro : Skipping invisible child: android.view.accessibility.AccessibilityNodeInfo@1a0a2; boundsInParent: Rect(0, 0 - 320, 0); boundsInScreen: Rect(0, 0 - 320, 0); boundsInWindow: Rect(0, 0 - 320, 0); packageName: com.hanapkalinga.mobile; className: android.view.ViewGroup; text: null; error: null; maxTextLength: -1; stateDescription: null; contentDescription: null; tooltipText: null; containerTitle: null; viewIdResName: null; uniqueId: null; checkable: false; checked: false; focusable: false; focused: false; selected: false; clickable: false; longClickable: false; contextClickable: false; enabled: true; password: false; scrollable: false; importantForAccessibility: false; visible: false; actions: [AccessibilityAction: ACTION_SELECT - null, AccessibilityAction: ACTION_CLEAR_SELECTION - null, AccessibilityAction: ACTION_ACCESSIBILITY_FOCUS - null, AccessibilityAction: ACTION_SHOW_ON_SCREEN - null]; isTextSelectable: false
06-25 03:38:55.166  5582  5841 D Maestro : View hierarchy received in 39 ms
06-25 03:38:55.225  5582  5841 D Maestro : Requesting view hierarchy
06-25 03:38:55.226  5582  5841 W QueryController: Could not detect idle state.
06-25 03:38:55.226  5582  5841 W QueryController: Could not detect idle state.
