06-25 03:41:23.617  5911  7784 I NamespaceManager: Package rkpd name not found! Using module version.
06-25 03:41:23.617  5911  7784 I NamespaceManager: Package android.companion name not found! Using module version.
06-25 03:41:23.617  5911  7784 I NamespaceManager: Package com.google.android.aicore name not found! Using module version.
06-25 03:41:23.617  5911  7784 I NamespaceManager: Package com.google.android.audioproxy name not found! Using module version.
06-25 03:41:23.617  5911  7784 I NamespaceManager: Package com.google.android.apps.pixel.psi name not found! Using module version.
06-25 03:41:23.618  5911  7784 I NamespaceManager: Package com.google.android.apps.safetycore name not found! Using module version.
06-25 03:41:23.620  5911  7784 I NamespaceManager: Package com.google.android.crashrecovery name not found! Using module version.
06-25 03:41:23.620  5911  7784 I NamespaceManager: Package com.google.android.profiling name not found! Using module version.
06-25 03:41:23.620  5911  7784 I NamespaceManager: Package com.google.android.bt name not found! Using module version.
06-25 03:41:23.620  5911  7784 I NamespaceManager: Package com.google.android.nfcservices name not found! Using module version.
06-25 03:41:23.621  5911  7784 I NamespaceManager: Package com.google.android.webapp name not found! Using module version.
06-25 03:41:23.621  5911  7784 I NamespaceManager: Package com.google.android.telephonycore name not found! Using module version.
06-25 03:41:23.621  5911  7784 I NamespaceManager: Package com.google.android.uprobestats name not found! Using module version.
06-25 03:41:23.644  7447  7666 D Maestro : Requesting view hierarchy
06-25 03:41:23.644  7447  7666 W QueryController: Could not detect idle state.
06-25 03:41:23.645  7447  7666 W QueryController: Could not detect idle state.
06-25 03:41:23.665   521   615 I RescueParty: Starting to observe: [android], updated namespace: accessibility
06-25 03:41:23.665   521   548 I PackageWatchdog: Syncing state, reason: observing new packages
06-25 03:41:23.666   521   548 D PackageWatchdog: rescue-party-observer added the following packages to monitor [android]
06-25 03:41:23.666   521   548 I PackageWatchdog: Syncing state, reason: updated observers
06-25 03:41:23.666   521   548 I PackageWatchdog: Not pruning observers, elapsed time: 0ms
06-25 03:41:23.666   521   521 I PackageWatchdog: Syncing health check requests for packages: {}
06-25 03:41:23.666   521   521 I ExplicitHealthCheckController: Service not ready to get health check supported packages. Binding...
06-25 03:41:23.667  7447  7666 I Maestro : Skipping invisible child: android.view.accessibility.AccessibilityNodeInfo@128a8; boundsInParent: Rect(0, 0 - 320, 0); boundsInScreen: Rect(0, 0 - 320, 0); boundsInWindow: Rect(0, 0 - 320, 0); packageName: com.hanapkalinga.mobile; className: android.widget.LinearLayout; text: null; error: null; maxTextLength: -1; stateDescription: null; contentDescription: null; tooltipText: null; containerTitle: null; viewIdResName: null; uniqueId: null; checkable: false; checked: false; focusable: false; focused: false; selected: false; clickable: false; longClickable: false; contextClickable: false; enabled: true; password: false; scrollable: false; importantForAccessibility: false; visible: false; actions: [AccessibilityAction: ACTION_SELECT - null, AccessibilityAction: ACTION_CLEAR_SELECTION - null, AccessibilityAction: ACTION_ACCESSIBILITY_FOCUS - null, AccessibilityAction: ACTION_SHOW_ON_SCREEN - null]; isTextSelectable: false
06-25 03:41:23.667  7447  7666 I Maestro : Skipping invisible child: android.view.accessibility.AccessibilityNodeInfo@124e7; boundsInParent: Rect(0, 0 - 320, 0); boundsInScreen: Rect(0, 0 - 320, 0); boundsInWindow: Rect(0, 0 - 320, 0); packageName: com.hanapkalinga.mobile; className: android.view.ViewGroup; text: null; error: null; maxTextLength: -1; stateDescription: null; contentDescription: null; tooltipText: null; containerTitle: null; viewIdResName: null; uniqueId: null; checkable: false; checked: false; focusable: false; focused: false; selected: false; clickable: false; longClickable: false; contextClickable: false; enabled: true; password: false; scrollable: false; importantForAccessibility: false; visible: false; actions: [AccessibilityAction: ACTION_SELECT - null, AccessibilityAction: ACTION_CLEAR_SELECTION - null, AccessibilityAction: ACTION_ACCESSIBILITY_FOCUS - null, AccessibilityAction: ACTION_SHOW_ON_SCREEN - null]; isTextSelectable: false
06-25 03:41:23.668  7447  7666 I Maestro : Skipping invisible child: android.view.accessibility.AccessibilityNodeInfo@1a489; boundsInParent: Rect(0, 0 - 320, 0); boundsInScreen: Rect(0, 0 - 320, 0); boundsInWindow: Rect(0, 0 - 320, 0); packageName: com.hanapkalinga.mobile; className: android.widget.LinearLayout; text: null; error: null; maxTextLength: -1; stateDescription: null; contentDescription: null; tooltipText: null; containerTitle: null; viewIdResName: null; uniqueId: null; checkable: false; checked: false; focusable: false; focused: false; selected: false; clickable: false; longClickable: false; contextClickable: false; enabled: true; password: false; scrollable: false; importantForAccessibility: false; visible: false; actions: [AccessibilityAction: ACTION_SELECT - null, AccessibilityAction: ACTION_CLEAR_SELECTION - null, AccessibilityAction: ACTION_ACCESSIBILITY_FOCUS - null, AccessibilityAction: ACTION_SHOW_ON_SCREEN - null]; isTextSelectable: false
06-25 03:41:23.668   521   521 I ExplicitHealthCheckController: Explicit health check service is bound
06-25 03:41:23.668   521   521 I PackageWatchdog: Syncing health check requests for packages: {}
06-25 03:41:23.668  7447  7666 I Maestro : Skipping invisible child: android.view.accessibility.AccessibilityNodeInfo@1a0c8; boundsInParent: Rect(0, 0 - 320, 0); boundsInScreen: Rect(0, 0 - 320, 0); boundsInWindow: Rect(0, 0 - 320, 0); packageName: com.hanapkalinga.mobile; className: android.view.ViewGroup; text: null; error: null; maxTextLength: -1; stateDescription: null; contentDescription: null; tooltipText: null; containerTitle: null; viewIdResName: null; uniqueId: null; checkable: false; checked: false; focusable: false; focused: false; selected: false; clickable: false; longClickable: false; contextClickable: false; enabled: true; password: false; scrollable: false; importantForAccessibility: false; visible: false; actions: [AccessibilityAction: ACTION_SELECT - null, AccessibilityAction: ACTION_CLEAR_SELECTION - null, AccessibilityAction: ACTION_ACCESSIBILITY_FOCUS - null, AccessibilityAction: ACTION_SHOW_ON_SCREEN - null]; isTextSelectable: false
06-25 03:41:23.668   521   521 I ExplicitHealthCheckController: Service not ready to get health check supported packages. Binding...
06-25 03:41:23.668   521   521 I ExplicitHealthCheckController: Not binding to service, service already connecting
06-25 03:41:23.668   521   521 I ExplicitHealthCheckController: Explicit health check service is connected ComponentInfo{com.google.android.ext.services/android.ext.services.watchdog.ExplicitHealthCheckServiceImpl}
06-25 03:41:23.669   521   521 I ExplicitHealthCheckController: Service initialized, syncing requests
06-25 03:41:23.669   521   521 I PackageWatchdog: Syncing health check requests for packages: {}
06-25 03:41:23.669   521   521 D ExplicitHealthCheckController: Getting health check supported packages
06-25 03:41:23.669   521   927 I ExplicitHealthCheckController: Explicit health check supported packages [PackageConfig{com.google.android.networkstack, 86400000}]
06-25 03:41:23.669   521   927 D PackageWatchdog: Received supported packages [PackageConfig{com.google.android.networkstack, 86400000}]
06-25 03:41:23.669   521   927 D ExplicitHealthCheckController: Getting health check requested packages
06-25 03:41:23.669   521   927 I ExplicitHealthCheckController: Explicit health check requested packages []
06-25 03:41:23.670   521   927 I ExplicitHealthCheckController: No more health check requests, unbinding...
06-25 03:41:23.671   521   927 I ExplicitHealthCheckController: Explicit health check service is unbound
06-25 03:41:23.671   521   548 I PackageWatchdog: Saving observer state to file
06-25 03:41:23.673  7447  7666 D Maestro : View hierarchy received in 29 ms
06-25 03:41:23.679   521   615 I RescueParty: Starting to observe: [android], updated namespace: netd_native
06-25 03:41:23.679   521   548 I PackageWatchdog: Syncing state, reason: observing new packages
06-25 03:41:23.679   521   548 D PackageWatchdog: rescue-party-observer added the following packages to monitor [android]
06-25 03:41:23.680   521   548 I PackageWatchdog: Syncing state, reason: updated observers
06-25 03:41:23.680   521   548 I PackageWatchdog: Saving observer state to file
06-25 03:41:23.682   521   521 I PackageWatchdog: Syncing health check requests for packages: {}
06-25 03:41:23.682   521   521 I ExplicitHealthCheckController: Service not ready to get health check supported packages. Binding...
06-25 03:41:23.685   521   521 I ExplicitHealthCheckController: Explicit health check service is bound
06-25 03:41:23.685   521   521 I PackageWatchdog: Syncing health check requests for packages: {}
06-25 03:41:23.685   521   521 I ExplicitHealthCheckController: Service not ready to get health check supported packages. Binding...
06-25 03:41:23.685   521   521 I ExplicitHealthCheckController: Not binding to service, service already connecting
06-25 03:41:23.685   521   521 I ExplicitHealthCheckController: Explicit health check service is connected ComponentInfo{com.google.android.ext.services/android.ext.services.watchdog.ExplicitHealthCheckServiceImpl}
06-25 03:41:23.686   521   521 I ExplicitHealthCheckController: Service initialized, syncing requests
06-25 03:41:23.686   521   521 I PackageWatchdog: Syncing health check requests for packages: {}
06-25 03:41:23.686   521   521 D ExplicitHealthCheckController: Getting health check supported packages
06-25 03:41:23.686   521   890 I ExplicitHealthCheckController: Explicit health check supported packages [PackageConfig{com.google.android.networkstack, 86400000}]
06-25 03:41:23.686   521   890 D PackageWatchdog: Received supported packages [PackageConfig{com.google.android.networkstack, 86400000}]
06-25 03:41:23.686   521   890 D ExplicitHealthCheckController: Getting health check requested packages
06-25 03:41:23.687   521   890 I ExplicitHealthCheckController: Explicit health check requested packages []
06-25 03:41:23.687   521   890 I ExplicitHealthCheckController: No more health check requests, unbinding...
06-25 03:41:23.688   521   890 I ExplicitHealthCheckController: Explicit health check service is unbound
06-25 03:41:23.703   521   615 I RescueParty: Starting to observe: [android], updated namespace: clipboard
06-25 03:41:23.703   521   548 I PackageWatchdog: Syncing state, reason: observing new packages
06-25 03:41:23.704   521   548 D PackageWatchdog: rescue-party-observer added the following packages to monitor [android]
06-25 03:41:23.704   521   548 I PackageWatchdog: Syncing state, reason: updated observers
06-25 03:41:23.704   521   548 I PackageWatchdog: Not pruning observers, elapsed time: 0ms
06-25 03:41:23.704   521   521 I PackageWatchdog: Syncing health check requests for packages: {}
06-25 03:41:23.704   521   521 I ExplicitHealthCheckController: Service not ready to get health check supported packages. Binding...
06-25 03:41:23.706   521   521 I ExplicitHealthCheckController: Explicit health check service is bound
06-25 03:41:23.706   521   521 I PackageWatchdog: Syncing health check requests for packages: {}
06-25 03:41:23.706   521   521 I ExplicitHealthCheckController: Service not ready to get health check supported packages. Binding...
06-25 03:41:23.706   521   521 I ExplicitHealthCheckController: Not binding to service, service already connecting
06-25 03:41:23.707   521   521 I ExplicitHealthCheckController: Explicit health check service is connected ComponentInfo{com.google.android.ext.services/android.ext.services.watchdog.ExplicitHealthCheckServiceImpl}
06-25 03:41:23.707   521   521 I ExplicitHealthCheckController: Service initialized, syncing requests
06-25 03:41:23.707   521   521 I PackageWatchdog: Syncing health check requests for packages: {}
06-25 03:41:23.707   521   521 D ExplicitHealthCheckController: Getting health check supported packages
06-25 03:41:23.707   521   890 I ExplicitHealthCheckController: Explicit health check supported packages [PackageConfig{com.google.android.networkstack, 86400000}]
06-25 03:41:23.707   521   890 D PackageWatchdog: Received supported packages [PackageConfig{com.google.android.networkstack, 86400000}]
06-25 03:41:23.707   521   890 D ExplicitHealthCheckController: Getting health check requested packages
06-25 03:41:23.708   521   548 I PackageWatchdog: Saving observer state to file
06-25 03:41:23.708   521   890 I ExplicitHealthCheckController: Explicit health check requested packages []
06-25 03:41:23.708   521   890 I ExplicitHealthCheckController: No more health check requests, unbinding...
06-25 03:41:23.708   521   890 I ExplicitHealthCheckController: Explicit health check service is unbound
06-25 03:41:23.709   521   615 I RescueParty: Starting to observe: [android], updated namespace: nearby
06-25 03:41:23.711   521   548 I PackageWatchdog: Syncing state, reason: observing new packages
06-25 03:41:23.711   521   521 I PackageWatchdog: Syncing health check requests for packages: {}
06-25 03:41:23.711   521   521 I ExplicitHealthCheckController: Service not ready to get health check supported packages. Binding...
06-25 03:41:23.712   521   521 I ExplicitHealthCheckController: Explicit health check service is bound
06-25 03:41:23.713   521   521 I ExplicitHealthCheckController: Explicit health check service is connected ComponentInfo{com.google.android.ext.services/android.ext.services.watchdog.ExplicitHealthCheckServiceImpl}
06-25 03:41:23.713   521   521 I ExplicitHealthCheckController: Service initialized, syncing requests
06-25 03:41:23.713   521   521 I PackageWatchdog: Syncing health check requests for packages: {}
06-25 03:41:23.713   521   521 D ExplicitHealthCheckController: Getting health check supported packages
06-25 03:41:23.713   521   890 I ExplicitHealthCheckController: Explicit health check supported packages [PackageConfig{com.google.android.networkstack, 86400000}]
06-25 03:41:23.713   521   890 D PackageWatchdog: Received supported packages [PackageConfig{com.google.android.networkstack, 86400000}]
06-25 03:41:23.713   521   890 D ExplicitHealthCheckController: Getting health check requested packages
06-25 03:41:23.713   521   548 D PackageWatchdog: rescue-party-observer added the following packages to monitor [android]
06-25 03:41:23.713   521   548 I PackageWatchdog: Syncing state, reason: updated observers
06-25 03:41:23.714   521   890 I ExplicitHealthCheckController: Explicit health check requested packages []
06-25 03:41:23.714   521   890 I ExplicitHealthCheckController: No more health check requests, unbinding...
06-25 03:41:23.714   521   548 I PackageWatchdog: Saving observer state to file
06-25 03:41:23.714   521   521 I PackageWatchdog: Syncing health check requests for packages: {}
06-25 03:41:23.714   521   890 I ExplicitHealthCheckController: Explicit health check service is unbound
06-25 03:41:23.714   521   521 I ExplicitHealthCheckController: Service not ready to get health check supported packages. Binding...
06-25 03:41:23.715   521   521 I ExplicitHealthCheckController: Explicit health check service is bound
06-25 03:41:23.716   521   521 I ExplicitHealthCheckController: Explicit health check service is connected ComponentInfo{com.google.android.ext.services/android.ext.services.watchdog.ExplicitHealthCheckServiceImpl}
06-25 03:41:23.716   521   521 I ExplicitHealthCheckController: Service initialized, syncing requests
06-25 03:41:23.717   521   521 I PackageWatchdog: Syncing health check requests for packages: {}
06-25 03:41:23.717   521   521 D ExplicitHealthCheckController: Getting health check supported packages
06-25 03:41:23.717   521   535 I ExplicitHealthCheckController: Explicit health check supported packages [PackageConfig{com.google.android.networkstack, 86400000}]
06-25 03:41:23.717   521   535 D PackageWatchdog: Received supported packages [PackageConfig{com.google.android.networkstack, 86400000}]
06-25 03:41:23.717   521   535 D ExplicitHealthCheckController: Getting health check requested packages
06-25 03:41:23.718   521   890 I ExplicitHealthCheckController: Explicit health check requested packages []
06-25 03:41:23.718   521   890 I ExplicitHealthCheckController: No more health check requests, unbinding...
06-25 03:41:23.719   521   890 I ExplicitHealthCheckController: Explicit health check service is unbound
06-25 03:41:23.729   521   615 I RescueParty: Starting to observe: [android, com.google.android.networkstack], updated namespace: connectivity
06-25 03:41:23.730   521   548 I PackageWatchdog: Syncing state, reason: observing new packages
06-25 03:41:23.730   521   548 D PackageWatchdog: rescue-party-observer added the following packages to monitor [android, com.google.android.networkstack]
06-25 03:41:23.730   521   548 I PackageWatchdog: Syncing state, reason: updated observers
06-25 03:41:23.730   521   548 I PackageWatchdog: Not pruning observers, elapsed time: 0ms
06-25 03:41:23.730   521   548 I PackageWatchdog: Saving observer state to file
06-25 03:41:23.732   521   521 I PackageWatchdog: Syncing health check requests for packages: {}
06-25 03:41:23.732   521   521 I ExplicitHealthCheckController: Service not ready to get health check supported packages. Binding...
06-25 03:41:23.738   521   521 I ExplicitHealthCheckController: Explicit health check service is bound
06-25 03:41:23.739   521   521 I ExplicitHealthCheckController: Explicit health check service is connected ComponentInfo{com.google.android.ext.services/android.ext.services.watchdog.ExplicitHealthCheckServiceImpl}
06-25 03:41:23.739   521   521 I ExplicitHealthCheckController: Service initialized, syncing requests
06-25 03:41:23.739   521   521 I PackageWatchdog: Syncing health check requests for packages: {}
06-25 03:41:23.740   521   521 D ExplicitHealthCheckController: Getting health check supported packages
06-25 03:41:23.740   521   535 I ExplicitHealthCheckController: Explicit health check supported packages [PackageConfig{com.google.android.networkstack, 86400000}]
06-25 03:41:23.740   521   535 D PackageWatchdog: Received supported packages [PackageConfig{com.google.android.networkstack, 86400000}]
06-25 03:41:23.740   521   535 D ExplicitHealthCheckController: Getting health check requested packages
06-25 03:41:23.740   521   535 I ExplicitHealthCheckController: Explicit health check requested packages []
06-25 03:41:23.741   521   535 I ExplicitHealthCheckController: No more health check requests, unbinding...
06-25 03:41:23.742   521   535 I ExplicitHealthCheckController: Explicit health check service is unbound
06-25 03:41:23.745   521   615 I RescueParty: Starting to observe: [com.google.android.permissioncontroller], updated namespace: permissions
06-25 03:41:23.745   521   548 I PackageWatchdog: Syncing state, reason: observing new packages
06-25 03:41:23.746   521   548 D PackageWatchdog: rescue-party-observer added the following packages to monitor [com.google.android.permissioncontroller]
06-25 03:41:23.746   521   548 I PackageWatchdog: Syncing state, reason: updated observers
06-25 03:41:23.746   521   548 I PackageWatchdog: Not pruning observers, elapsed time: 0ms
06-25 03:41:23.746   521   548 I PackageWatchdog: Saving observer state to file
06-25 03:41:23.746   521   521 I PackageWatchdog: Syncing health check requests for packages: {}
06-25 03:41:23.746   521   521 I ExplicitHealthCheckController: Service not ready to get health check supported packages. Binding...
06-25 03:41:23.748   521   521 I ExplicitHealthCheckController: Explicit health check service is bound
06-25 03:41:23.748   521   521 I PackageWatchdog: Syncing health check requests for packages: {}
06-25 03:41:23.748   521   521 I ExplicitHealthCheckController: Service not ready to get health check supported packages. Binding...
06-25 03:41:23.748   521   521 I ExplicitHealthCheckController: Not binding to service, service already connecting
06-25 03:41:23.749   521   521 I ExplicitHealthCheckController: Explicit health check service is connected ComponentInfo{com.google.android.ext.services/android.ext.services.watchdog.ExplicitHealthCheckServiceImpl}
06-25 03:41:23.749   521   521 I ExplicitHealthCheckController: Service initialized, syncing requests
06-25 03:41:23.749   521   521 I PackageWatchdog: Syncing health check requests for packages: {}
06-25 03:41:23.749   521   521 D ExplicitHealthCheckController: Getting health check supported packages
06-25 03:41:23.750   521   927 I ExplicitHealthCheckController: Explicit health check supported packages [PackageConfig{com.google.android.networkstack, 86400000}]
06-25 03:41:23.750   521   927 D PackageWatchdog: Received supported packages [PackageConfig{com.google.android.networkstack, 86400000}]
06-25 03:41:23.750   521   927 D ExplicitHealthCheckController: Getting health check requested packages
06-25 03:41:23.750   521   927 I ExplicitHealthCheckController: Explicit health check requested packages []
06-25 03:41:23.750   521   927 I ExplicitHealthCheckController: No more health check requests, unbinding...
06-25 03:41:23.750   521   927 I ExplicitHealthCheckController: Explicit health check service is unbound
06-25 03:41:23.773  7447  7666 D Maestro : Requesting view hierarchy
06-25 03:41:23.774  7447  7666 W QueryController: Could not detect idle state.
06-25 03:41:23.774  7447  7666 W QueryController: Could not detect idle state.
06-25 03:41:23.786   521   615 I RescueParty: Starting to observe: [android], updated namespace: wifi
06-25 03:41:23.787   521   548 I PackageWatchdog: Syncing state, reason: observing new packages
06-25 03:41:23.787   521   548 D PackageWatchdog: rescue-party-observer added the following packages to monitor [android]
06-25 03:41:23.788   521   548 I PackageWatchdog: Syncing state, reason: updated observers
06-25 03:41:23.788   521   548 I PackageWatchdog: Saving observer state to file
06-25 03:41:23.800   521   615 I RescueParty: Starting to observe: [android], updated namespace: edgetpu_native
06-25 03:41:23.800   521   548 I PackageWatchdog: Syncing state, reason: observing new packages
06-25 03:41:23.800   521   548 D PackageWatchdog: rescue-party-observer added the following packages to monitor [android]
06-25 03:41:23.800   521   548 I PackageWatchdog: Syncing state, reason: updated observers
06-25 03:41:23.800   521   548 I PackageWatchdog: Not pruning observers, elapsed time: 0ms
06-25 03:41:23.800   521   548 I PackageWatchdog: Saving observer state to file
06-25 03:41:23.803   521   521 I PackageWatchdog: Syncing health check requests for packages: {}
06-25 03:41:23.803   521   521 I ExplicitHealthCheckController: Service not ready to get health check supported packages. Binding...
06-25 03:41:23.804  7447  7666 I Maestro : Skipping invisible child: android.view.accessibility.AccessibilityNodeInfo@128a8; boundsInParent: Rect(0, 0 - 320, 0); boundsInScreen: Rect(0, 0 - 320, 0); boundsInWindow: Rect(0, 0 - 320, 0); packageName: com.hanapkalinga.mobile; className: android.widget.LinearLayout; text: null; error: null; maxTextLength: -1; stateDescription: null; contentDescription: null; tooltipText: null; containerTitle: null; viewIdResName: null; uniqueId: null; checkable: false; checked: false; focusable: false; focused: false; selected: false; clickable: false; longClickable: false; contextClickable: false; enabled: true; password: false; scrollable: false; importantForAccessibility: false; visible: false; actions: [AccessibilityAction: ACTION_SELECT - null, AccessibilityAction: ACTION_CLEAR_SELECTION - null, AccessibilityAction: ACTION_ACCESSIBILITY_FOCUS - null, AccessibilityAction: ACTION_SHOW_ON_SCREEN - null]; isTextSelectable: false
06-25 03:41:23.804   521   521 I ExplicitHealthCheckController: Explicit health check service is bound
06-25 03:41:23.805  7447  7666 I Maestro : Skipping invisible child: android.view.accessibility.AccessibilityNodeInfo@124e7; boundsInParent: Rect(0, 0 - 320, 0); boundsInScreen: Rect(0, 0 - 320, 0); boundsInWindow: Rect(0, 0 - 320, 0); packageName: com.hanapkalinga.mobile; className: android.view.ViewGroup; text: null; error: null; maxTextLength: -1; stateDescription: null; contentDescription: null; tooltipText: null; containerTitle: null; viewIdResName: null; uniqueId: null; checkable: false; checked: false; focusable: false; focused: false; selected: false; clickable: false; longClickable: false; contextClickable: false; enabled: true; password: false; scrollable: false; importantForAccessibility: false; visible: false; actions: [AccessibilityAction: ACTION_SELECT - null, AccessibilityAction: ACTION_CLEAR_SELECTION - null, AccessibilityAction: ACTION_ACCESSIBILITY_FOCUS - null, AccessibilityAction: ACTION_SHOW_ON_SCREEN - null]; isTextSelectable: false
06-25 03:41:23.806  7447  7666 I Maestro : Skipping invisible child: android.view.accessibility.AccessibilityNodeInfo@1a489; boundsInParent: Rect(0, 0 - 320, 0); boundsInScreen: Rect(0, 0 - 320, 0); boundsInWindow: Rect(0, 0 - 320, 0); packageName: com.hanapkalinga.mobile; className: android.widget.LinearLayout; text: null; error: null; maxTextLength: -1; stateDescription: null; contentDescription: null; tooltipText: null; containerTitle: null; viewIdResName: null; uniqueId: null; checkable: false; checked: false; focusable: false; focused: false; selected: false; clickable: false; longClickable: false; contextClickable: false; enabled: true; password: false; scrollable: false; importantForAccessibility: false; visible: false; actions: [AccessibilityAction: ACTION_SELECT - null, AccessibilityAction: ACTION_CLEAR_SELECTION - null, AccessibilityAction: ACTION_ACCESSIBILITY_FOCUS - null, AccessibilityAction: ACTION_SHOW_ON_SCREEN - null]; isTextSelectable: false
06-25 03:41:23.806   521   521 I ExplicitHealthCheckController: Explicit health check service is connected ComponentInfo{com.google.android.ext.services/android.ext.services.watchdog.ExplicitHealthCheckServiceImpl}
06-25 03:41:23.806   521   521 I ExplicitHealthCheckController: Service initialized, syncing requests
06-25 03:41:23.806   521   521 I PackageWatchdog: Syncing health check requests for packages: {}
06-25 03:41:23.806   521   521 D ExplicitHealthCheckController: Getting health check supported packages
06-25 03:41:23.806   521   535 I ExplicitHealthCheckController: Explicit health check supported packages [PackageConfig{com.google.android.networkstack, 86400000}]
06-25 03:41:23.806   521   535 D PackageWatchdog: Received supported packages [PackageConfig{com.google.android.networkstack, 86400000}]
06-25 03:41:23.806   521   535 D ExplicitHealthCheckController: Getting health check requested packages
06-25 03:41:23.806   521   535 I ExplicitHealthCheckController: Explicit health check requested packages []
06-25 03:41:23.806   521   535 I ExplicitHealthCheckController: No more health check requests, unbinding...
06-25 03:41:23.807  7447  7666 I Maestro : Skipping invisible child: android.view.accessibility.AccessibilityNodeInfo@1a0c8; boundsInParent: Rect(0, 0 - 320, 0); boundsInScreen: Rect(0, 0 - 320, 0); boundsInWindow: Rect(0, 0 - 320, 0); packageName: com.hanapkalinga.mobile; className: android.view.ViewGroup; text: null; error: null; maxTextLength: -1; stateDescription: null; contentDescription: null; tooltipText: null; containerTitle: null; viewIdResName: null; uniqueId: null; checkable: false; checked: false; focusable: false; focused: false; selected: false; clickable: false; longClickable: false; contextClickable: false; enabled: true; password: false; scrollable: false; importantForAccessibility: false; visible: false; actions: [AccessibilityAction: ACTION_SELECT - null, AccessibilityAction: ACTION_CLEAR_SELECTION - null, AccessibilityAction: ACTION_ACCESSIBILITY_FOCUS - null, AccessibilityAction: ACTION_SHOW_ON_SCREEN - null]; isTextSelectable: false
06-25 03:41:23.807   521   535 I ExplicitHealthCheckController: Explicit health check service is unbound
06-25 03:41:23.811   521   615 I RescueParty: Starting to observe: [android], updated namespace: appsearch
06-25 03:41:23.811   521   548 I PackageWatchdog: Syncing state, reason: observing new packages
06-25 03:41:23.812   521   548 D PackageWatchdog: rescue-party-observer added the following packages to monitor [android]
06-25 03:41:23.813   521   548 I PackageWatchdog: Syncing state, reason: updated observers
06-25 03:41:23.813   521   548 I PackageWatchdog: Saving observer state to file
06-25 03:41:23.813   521   521 I PackageWatchdog: Syncing health check requests for packages: {}
06-25 03:41:23.813   521   521 I ExplicitHealthCheckController: Service not ready to get health check supported packages. Binding...
06-25 03:41:23.815   521   521 I ExplicitHealthCheckController: Explicit health check service is bound
06-25 03:41:23.819   521   521 I PackageWatchdog: Syncing health check requests for packages: {}
06-25 03:41:23.819   521   521 I ExplicitHealthCheckController: Service not ready to get health check supported packages. Binding...
06-25 03:41:23.819   521   521 I ExplicitHealthCheckController: Not binding to service, service already connecting
06-25 03:41:23.819   521   521 I ExplicitHealthCheckController: Explicit health check service is connected ComponentInfo{com.google.android.ext.services/android.ext.services.watchdog.ExplicitHealthCheckServiceImpl}
06-25 03:41:23.819   521   521 I ExplicitHealthCheckController: Service initialized, syncing requests
06-25 03:41:23.819   521   521 I PackageWatchdog: Syncing health check requests for packages: {}
06-25 03:41:23.820   521   521 D ExplicitHealthCheckController: Getting health check supported packages
06-25 03:41:23.820   521   535 I ExplicitHealthCheckController: Explicit health check supported packages [PackageConfig{com.google.android.networkstack, 86400000}]
06-25 03:41:23.820   521   535 D PackageWatchdog: Received supported packages [PackageConfig{com.google.android.networkstack, 86400000}]
06-25 03:41:23.820   521   535 D ExplicitHealthCheckController: Getting health check requested packages
06-25 03:41:23.820   521   535 I ExplicitHealthCheckController: Explicit health check requested packages []
06-25 03:41:23.820   521   535 I ExplicitHealthCheckController: No more health check requests, unbinding...
06-25 03:41:23.821   521   535 I ExplicitHealthCheckController: Explicit health check service is unbound
06-25 03:41:23.830  7447  7666 D Maestro : View hierarchy received in 57 ms
06-25 03:41:23.840   521   615 I RescueParty: Starting to observe: [com.google.android.apps.nexuslauncher, com.android.settings, com.android.systemui], updated namespace: interaction_jank_monitor
06-25 03:41:23.840   521   548 I PackageWatchdog: Syncing state, reason: observing new packages
06-25 03:41:23.840   521   548 D PackageWatchdog: rescue-party-observer added the following packages to monitor [com.google.android.apps.nexuslauncher, com.android.settings, com.android.systemui]
06-25 03:41:23.841   521   548 I PackageWatchdog: Syncing state, reason: updated observers
06-25 03:41:23.841   521   548 I PackageWatchdog: Not pruning observers, elapsed time: 0ms
06-25 03:41:23.841   521   548 I PackageWatchdog: Saving observer state to file
06-25 03:41:23.842   521   521 I PackageWatchdog: Syncing health check requests for packages: {}
06-25 03:41:23.842   521   521 I ExplicitHealthCheckController: Service not ready to get health check supported packages. Binding...
06-25 03:41:23.843   521   521 I ExplicitHealthCheckController: Explicit health check service is bound
06-25 03:41:23.844   521   521 I ExplicitHealthCheckController: Explicit health check service is connected ComponentInfo{com.google.android.ext.services/android.ext.services.watchdog.ExplicitHealthCheckServiceImpl}
06-25 03:41:23.844   521   521 I ExplicitHealthCheckController: Service initialized, syncing requests
06-25 03:41:23.844   521   521 I PackageWatchdog: Syncing health check requests for packages: {}
06-25 03:41:23.844   521   521 D ExplicitHealthCheckController: Getting health check supported packages
06-25 03:41:23.845   521   890 I ExplicitHealthCheckController: Explicit health check supported packages [PackageConfig{com.google.android.networkstack, 86400000}]
06-25 03:41:23.845   521   890 D PackageWatchdog: Received supported packages [PackageConfig{com.google.android.networkstack, 86400000}]
06-25 03:41:23.845   521   890 D ExplicitHealthCheckController: Getting health check requested packages
06-25 03:41:23.845   521   890 I ExplicitHealthCheckController: Explicit health check requested packages []
06-25 03:41:23.845   521   890 I ExplicitHealthCheckController: No more health check requests, unbinding...
06-25 03:41:23.845   521   890 I ExplicitHealthCheckController: Explicit health check service is unbound
06-25 03:41:23.847   521   615 I RescueParty: Starting to observe: [android], updated namespace: wearable_sensing
06-25 03:41:23.847   521   548 I PackageWatchdog: Syncing state, reason: observing new packages
06-25 03:41:23.847   521   548 D PackageWatchdog: rescue-party-observer added the following packages to monitor [android]
06-25 03:41:23.847   521   548 I PackageWatchdog: Syncing state, reason: updated observers
06-25 03:41:23.847   521   548 I PackageWatchdog: Not pruning observers, elapsed time: 0ms
06-25 03:41:23.847   521   548 I PackageWatchdog: Saving observer state to file
06-25 03:41:23.849   521   521 I PackageWatchdog: Syncing health check requests for packages: {}
06-25 03:41:23.849   521   521 I ExplicitHealthCheckController: Service not ready to get health check supported packages. Binding...
06-25 03:41:23.850   521   521 I ExplicitHealthCheckController: Explicit health check service is bound
06-25 03:41:23.851   521   521 I PackageWatchdog: Syncing health check requests for packages: {}
06-25 03:41:23.851   521   521 I ExplicitHealthCheckController: Service not ready to get health check supported packages. Binding...
06-25 03:41:23.851   521   521 I ExplicitHealthCheckController: Not binding to service, service already connecting
06-25 03:41:23.851   521   521 I ExplicitHealthCheckController: Explicit health check service is connected ComponentInfo{com.google.android.ext.services/android.ext.services.watchdog.ExplicitHealthCheckServiceImpl}
06-25 03:41:23.851   521   521 I ExplicitHealthCheckController: Service initialized, syncing requests
06-25 03:41:23.851   521   521 I PackageWatchdog: Syncing health check requests for packages: {}
06-25 03:41:23.851   521   521 D ExplicitHealthCheckController: Getting health check supported packages
06-25 03:41:23.851   521   535 I ExplicitHealthCheckController: Explicit health check supported packages [PackageConfig{com.google.android.networkstack, 86400000}]
06-25 03:41:23.852   521   535 D PackageWatchdog: Received supported packages [PackageConfig{com.google.android.networkstack, 86400000}]
06-25 03:41:23.852   521   535 D ExplicitHealthCheckController: Getting health check requested packages
06-25 03:41:23.852   521   535 I ExplicitHealthCheckController: Explicit health check requested packages []
06-25 03:41:23.852   521   535 I ExplicitHealthCheckController: No more health check requests, unbinding...
06-25 03:41:23.852   521   535 I ExplicitHealthCheckController: Explicit health check service is unbound
06-25 03:41:23.853   521   615 I RescueParty: Starting to observe: [android], updated namespace: runtime_native
06-25 03:41:23.854   521   548 I PackageWatchdog: Syncing state, reason: observing new packages
06-25 03:41:23.854   521   548 D PackageWatchdog: rescue-party-observer added the following packages to monitor [android]
06-25 03:41:23.854   521   548 I PackageWatchdog: Syncing state, reason: updated observers
06-25 03:41:23.854   521   548 I PackageWatchdog: Saving observer state to file
06-25 03:41:23.856   521   521 I PackageWatchdog: Syncing health check requests for packages: {}
06-25 03:41:23.856   521   521 I ExplicitHealthCheckController: Service not ready to get health check supported packages. Binding...
06-25 03:41:23.857   521   521 I ExplicitHealthCheckController: Explicit health check service is bound
06-25 03:41:23.858   521   521 I ExplicitHealthCheckController: Explicit health check service is connected ComponentInfo{com.google.android.ext.services/android.ext.services.watchdog.ExplicitHealthCheckServiceImpl}
06-25 03:41:23.858   521   521 I ExplicitHealthCheckController: Service initialized, syncing requests
06-25 03:41:23.858   521   521 I PackageWatchdog: Syncing health check requests for packages: {}
06-25 03:41:23.858   521   521 D ExplicitHealthCheckController: Getting health check supported packages
06-25 03:41:23.858   521   535 I ExplicitHealthCheckController: Explicit health check supported packages [PackageConfig{com.google.android.networkstack, 86400000}]
06-25 03:41:23.858   521   535 D PackageWatchdog: Received supported packages [PackageConfig{com.google.android.networkstack, 86400000}]
06-25 03:41:23.858   521   535 D ExplicitHealthCheckController: Getting health check requested packages
06-25 03:41:23.859   521   535 I ExplicitHealthCheckController: Explicit health check requested packages []
06-25 03:41:23.859   521   535 I ExplicitHealthCheckController: No more health check requests, unbinding...
06-25 03:41:23.859   521   535 I ExplicitHealthCheckController: Explicit health check service is unbound
06-25 03:41:23.890  7447  7666 D Maestro : Requesting view hierarchy
06-25 03:41:23.890  7447  7666 W QueryController: Could not detect idle state.
06-25 03:41:23.891  7447  7666 W QueryController: Could not detect idle state.
06-25 03:41:23.904  7447  7666 I Maestro : Skipping invisible child: android.view.accessibility.AccessibilityNodeInfo@128a8; boundsInParent: Rect(0, 0 - 320, 0); boundsInScreen: Rect(0, 0 - 320, 0); boundsInWindow: Rect(0, 0 - 320, 0); packageName: com.hanapkalinga.mobile; className: android.widget.LinearLayout; text: null; error: null; maxTextLength: -1; stateDescription: null; contentDescription: null; tooltipText: null; containerTitle: null; viewIdResName: null; uniqueId: null; checkable: false; checked: false; focusable: false; focused: false; selected: false; clickable: false; longClickable: false; contextClickable: false; enabled: true; password: false; scrollable: false; importantForAccessibility: false; visible: false; actions: [AccessibilityAction: ACTION_SELECT - null, AccessibilityAction: ACTION_CLEAR_SELECTION - null, AccessibilityAction: ACTION_ACCESSIBILITY_FOCUS - null, AccessibilityAction: ACTION_SHOW_ON_SCREEN - null]; isTextSelectable: false
06-25 03:41:23.907  7447  7666 I Maestro : Skipping invisible child: android.view.accessibility.AccessibilityNodeInfo@124e7; boundsInParent: Rect(0, 0 - 320, 0); boundsInScreen: Rect(0, 0 - 320, 0); boundsInWindow: Rect(0, 0 - 320, 0); packageName: com.hanapkalinga.mobile; className: android.view.ViewGroup; text: null; error: null; maxTextLength: -1; stateDescription: null; contentDescription: null; tooltipText: null; containerTitle: null; viewIdResName: null; uniqueId: null; checkable: false; checked: false; focusable: false; focused: false; selected: false; clickable: false; longClickable: false; contextClickable: false; enabled: true; password: false; scrollable: false; importantForAccessibility: false; visible: false; actions: [AccessibilityAction: ACTION_SELECT - null, AccessibilityAction: ACTION_CLEAR_SELECTION - null, AccessibilityAction: ACTION_ACCESSIBILITY_FOCUS - null, AccessibilityAction: ACTION_SHOW_ON_SCREEN - null]; isTextSelectable: false
06-25 03:41:23.907   521   615 I RescueParty: Starting to observe: [android], updated namespace: adservices
06-25 03:41:23.907  7447  7666 I Maestro : Skipping invisible child: android.view.accessibility.AccessibilityNodeInfo@1a489; boundsInParent: Rect(0, 0 - 320, 0); boundsInScreen: Rect(0, 0 - 320, 0); boundsInWindow: Rect(0, 0 - 320, 0); packageName: com.hanapkalinga.mobile; className: android.widget.LinearLayout; text: null; error: null; maxTextLength: -1; stateDescription: null; contentDescription: null; tooltipText: null; containerTitle: null; viewIdResName: null; uniqueId: null; checkable: false; checked: false; focusable: false; focused: false; selected: false; clickable: false; longClickable: false; contextClickable: false; enabled: true; password: false; scrollable: false; importantForAccessibility: false; visible: false; actions: [AccessibilityAction: ACTION_SELECT - null, AccessibilityAction: ACTION_CLEAR_SELECTION - null, AccessibilityAction: ACTION_ACCESSIBILITY_FOCUS - null, AccessibilityAction: ACTION_SHOW_ON_SCREEN - null]; isTextSelectable: false
06-25 03:41:23.908  7447  7666 I Maestro : Skipping invisible child: android.view.accessibility.AccessibilityNodeInfo@1a0c8; boundsInParent: Rect(0, 0 - 320, 0); boundsInScreen: Rect(0, 0 - 320, 0); boundsInWindow: Rect(0, 0 - 320, 0); packageName: com.hanapkalinga.mobile; className: android.view.ViewGroup; text: null; error: null; maxTextLength: -1; stateDescription: null; contentDescription: null; tooltipText: null; containerTitle: null; viewIdResName: null; uniqueId: null; checkable: false; checked: false; focusable: false; focused: false; selected: false; clickable: false; longClickable: false; contextClickable: false; enabled: true; password: false; scrollable: false; importantForAccessibility: false; visible: false; actions: [AccessibilityAction: ACTION_SELECT - null, AccessibilityAction: ACTION_CLEAR_SELECTION - null, AccessibilityAction: ACTION_ACCESSIBILITY_FOCUS - null, AccessibilityAction: ACTION_SHOW_ON_SCREEN - null]; isTextSelectable: false
06-25 03:41:23.908   521   548 I PackageWatchdog: Syncing state, reason: observing new packages
06-25 03:41:23.908   521   548 D PackageWatchdog: rescue-party-observer added the following packages to monitor [android]
06-25 03:41:23.908   521   548 I PackageWatchdog: Syncing state, reason: updated observers
06-25 03:41:23.908   521   548 I PackageWatchdog: Not pruning observers, elapsed time: 0ms
06-25 03:41:23.908   521   548 I PackageWatchdog: Saving observer state to file
06-25 03:41:23.911   521   521 I PackageWatchdog: Syncing health check requests for packages: {}
06-25 03:41:23.912   521   521 I ExplicitHealthCheckController: Service not ready to get health check supported packages. Binding...
06-25 03:41:23.913   521   521 I ExplicitHealthCheckController: Explicit health check service is bound
06-25 03:41:23.916   521   521 I ExplicitHealthCheckController: Explicit health check service is connected ComponentInfo{com.google.android.ext.services/android.ext.services.watchdog.ExplicitHealthCheckServiceImpl}
06-25 03:41:23.916   521   521 I ExplicitHealthCheckController: Service initialized, syncing requests
06-25 03:41:23.916   521   521 I PackageWatchdog: Syncing health check requests for packages: {}
06-25 03:41:23.917   521   521 D ExplicitHealthCheckController: Getting health check supported packages
06-25 03:41:23.917   521   927 I ExplicitHealthCheckController: Explicit health check supported packages [PackageConfig{com.google.android.networkstack, 86400000}]
06-25 03:41:23.917   521   927 D PackageWatchdog: Received supported packages [PackageConfig{com.google.android.networkstack, 86400000}]
06-25 03:41:23.917   521   927 D ExplicitHealthCheckController: Getting health check requested packages
06-25 03:41:23.918   521   927 I ExplicitHealthCheckController: Explicit health check requested packages []
06-25 03:41:23.918   521   927 I ExplicitHealthCheckController: No more health check requests, unbinding...
06-25 03:41:23.919   521   927 I ExplicitHealthCheckController: Explicit health check service is unbound
06-25 03:41:23.927  7447  7666 D Maestro : View hierarchy received in 37 ms
06-25 03:41:23.939   521   615 I RescueParty: Starting to observe: [android], updated namespace: tare
06-25 03:41:23.940   521   548 I PackageWatchdog: Syncing state, reason: observing new packages
06-25 03:41:23.940   521   548 D PackageWatchdog: rescue-party-observer added the following packages to monitor [android]
06-25 03:41:23.940   521   548 I PackageWatchdog: Syncing state, reason: updated observers
06-25 03:41:23.940   521   548 I PackageWatchdog: Not pruning observers, elapsed time: 0ms
06-25 03:41:23.940   521   548 I PackageWatchdog: Saving observer state to file
06-25 03:41:23.941   521   521 I PackageWatchdog: Syncing health check requests for packages: {}
06-25 03:41:23.941   521   521 I ExplicitHealthCheckController: Service not ready to get health check supported packages. Binding...
06-25 03:41:23.942   521   521 I ExplicitHealthCheckController: Explicit health check service is bound
06-25 03:41:23.943   521   521 I ExplicitHealthCheckController: Explicit health check service is connected ComponentInfo{com.google.android.ext.services/android.ext.services.watchdog.ExplicitHealthCheckServiceImpl}
06-25 03:41:23.943   521   521 I ExplicitHealthCheckController: Service initialized, syncing requests
06-25 03:41:23.944   521   521 I PackageWatchdog: Syncing health check requests for packages: {}
06-25 03:41:23.944   521   521 D ExplicitHealthCheckController: Getting health check supported packages
06-25 03:41:23.944   521   927 I ExplicitHealthCheckController: Explicit health check supported packages [PackageConfig{com.google.android.networkstack, 86400000}]
06-25 03:41:23.944   521   927 D PackageWatchdog: Received supported packages [PackageConfig{com.google.android.networkstack, 86400000}]
06-25 03:41:23.944   521   927 D ExplicitHealthCheckController: Getting health check requested packages
06-25 03:41:23.944   521   927 I ExplicitHealthCheckController: Explicit health check requested packages []
06-25 03:41:23.945   521   927 I ExplicitHealthCheckController: No more health check requests, unbinding...
06-25 03:41:23.945   521   927 I ExplicitHealthCheckController: Explicit health check service is unbound
06-25 03:41:23.954   521   615 I RescueParty: Starting to observe: [android], updated namespace: lmkd_native
06-25 03:41:23.954   521   548 I PackageWatchdog: Syncing state, reason: observing new packages
06-25 03:41:23.954   521   548 D PackageWatchdog: rescue-party-observer added the following packages to monitor [android]
06-25 03:41:23.955   521   548 I PackageWatchdog: Syncing state, reason: updated observers
06-25 03:41:23.955   521   548 I PackageWatchdog: Not pruning observers, elapsed time: 0ms
06-25 03:41:23.955   521   548 I PackageWatchdog: Saving observer state to file
--------- beginning of kernel
06-25 03:41:24.154     0     0 I init    : processing action (persist.device_config.lmkd_native.thrashing_limit_critical=*) from (/system/etc/init/lmkd.rc:44)
06-25 03:41:24.156     0     0 I init    : processing action (lmkd.reinit=1) from (/system/etc/init/lmkd.rc:10)
06-25 03:41:24.158     0     0 I init    : starting service 'exec 24 (/system/bin/lmkd --reinit)'...
06-25 03:41:23.963   521   521 I PackageWatchdog: Syncing health check requests for packages: {}
06-25 03:41:23.963   521   521 I ExplicitHealthCheckController: Service not ready to get health check supported packages. Binding...
06-25 03:41:23.965   521   521 I ExplicitHealthCheckController: Explicit health check service is bound
06-25 03:41:23.965   521   521 I ExplicitHealthCheckController: Explicit health check service is connected ComponentInfo{com.google.android.ext.services/android.ext.services.watchdog.ExplicitHealthCheckServiceImpl}
06-25 03:41:23.966   521   521 I ExplicitHealthCheckController: Service initialized, syncing requests
06-25 03:41:23.966   521   521 I PackageWatchdog: Syncing health check requests for packages: {}
06-25 03:41:23.966   521   521 D ExplicitHealthCheckController: Getting health check supported packages
06-25 03:41:23.966   521   535 I ExplicitHealthCheckController: Explicit health check supported packages [PackageConfig{com.google.android.networkstack, 86400000}]
06-25 03:41:23.967   521   535 D PackageWatchdog: Received supported packages [PackageConfig{com.google.android.networkstack, 86400000}]
06-25 03:41:23.967   521   535 D ExplicitHealthCheckController: Getting health check requested packages
06-25 03:41:23.967   521   535 I ExplicitHealthCheckController: Explicit health check requested packages []
06-25 03:41:23.967   521   535 I ExplicitHealthCheckController: No more health check requests, unbinding...
06-25 03:41:23.967   521   535 I ExplicitHealthCheckController: Explicit health check service is unbound
06-25 03:41:23.981   521   615 I RescueParty: Starting to observe: [android], updated namespace: display_manager
06-25 03:41:23.981   521   566 W BrightnessThrottler: DeviceConfig ThermalBrightnessThrottlingData is null
06-25 03:41:24.180     0     0 I init    : ... started service 'exec 24 (/system/bin/lmkd --reinit)' has pid 7790
06-25 03:41:23.987   134   134 I lowmemorykiller: lmkd data connection established
06-25 03:41:23.990   521   548 I PackageWatchdog: Syncing state, reason: observing new packages
06-25 03:41:23.991   521   548 D PackageWatchdog: rescue-party-observer added the following packages to monitor [android]
06-25 03:41:23.991   521   548 I PackageWatchdog: Syncing state, reason: updated observers
06-25 03:41:23.991   521   548 I PackageWatchdog: Not pruning observers, elapsed time: 0ms
06-25 03:41:23.991   521   548 I PackageWatchdog: Saving observer state to file
06-25 03:41:23.992   521   521 I PackageWatchdog: Syncing health check requests for packages: {}
