06-25 03:41:23.992   521   521 I ExplicitHealthCheckController: Service not ready to get health check supported packages. Binding...
06-25 03:41:23.993   521   521 I ExplicitHealthCheckController: Explicit health check service is bound
06-25 03:41:23.994   521   521 I ExplicitHealthCheckController: Explicit health check service is connected ComponentInfo{com.google.android.ext.services/android.ext.services.watchdog.ExplicitHealthCheckServiceImpl}
06-25 03:41:23.994   521   521 I ExplicitHealthCheckController: Service initialized, syncing requests
06-25 03:41:23.994   521   521 I PackageWatchdog: Syncing health check requests for packages: {}
06-25 03:41:23.994   521   521 D ExplicitHealthCheckController: Getting health check supported packages
06-25 03:41:23.995   521   535 I ExplicitHealthCheckController: Explicit health check supported packages [PackageConfig{com.google.android.networkstack, 86400000}]
06-25 03:41:23.995   521   535 D PackageWatchdog: Received supported packages [PackageConfig{com.google.android.networkstack, 86400000}]
06-25 03:41:23.995   521   535 D ExplicitHealthCheckController: Getting health check requested packages
06-25 03:41:23.995   521   535 I ExplicitHealthCheckController: Explicit health check requested packages []
06-25 03:41:23.995   521   535 I ExplicitHealthCheckController: No more health check requests, unbinding...
06-25 03:41:23.995   521   535 I ExplicitHealthCheckController: Explicit health check service is unbound
06-25 03:41:23.997   521   615 I RescueParty: Starting to observe: [android, com.android.settings], updated namespace: activity_manager
06-25 03:41:23.998   521   548 I PackageWatchdog: Syncing state, reason: observing new packages
06-25 03:41:23.998   521   548 D PackageWatchdog: rescue-party-observer added the following packages to monitor [android, com.android.settings]
06-25 03:41:23.998   521   548 I PackageWatchdog: Syncing state, reason: updated observers
06-25 03:41:23.998   521   548 I PackageWatchdog: Not pruning observers, elapsed time: 0ms
06-25 03:41:23.998   521   548 I PackageWatchdog: Saving observer state to file
06-25 03:41:24.000   521   521 I PackageWatchdog: Syncing health check requests for packages: {}
06-25 03:41:24.000   521   521 I ExplicitHealthCheckController: Service not ready to get health check supported packages. Binding...
06-25 03:41:24.000   521   521 I ExplicitHealthCheckController: Explicit health check service is bound
06-25 03:41:24.002   521   521 I ExplicitHealthCheckController: Explicit health check service is connected ComponentInfo{com.google.android.ext.services/android.ext.services.watchdog.ExplicitHealthCheckServiceImpl}
06-25 03:41:24.002   521   521 I ExplicitHealthCheckController: Service initialized, syncing requests
06-25 03:41:24.002   521   521 I PackageWatchdog: Syncing health check requests for packages: {}
06-25 03:41:24.002   521   521 D ExplicitHealthCheckController: Getting health check supported packages
06-25 03:41:24.002   521   535 I ExplicitHealthCheckController: Explicit health check supported packages [PackageConfig{com.google.android.networkstack, 86400000}]
06-25 03:41:24.002   521   535 D PackageWatchdog: Received supported packages [PackageConfig{com.google.android.networkstack, 86400000}]
06-25 03:41:24.002   521   535 D ExplicitHealthCheckController: Getting health check requested packages
06-25 03:41:24.002   521   535 I ExplicitHealthCheckController: Explicit health check requested packages []
06-25 03:41:24.002   521   535 I ExplicitHealthCheckController: No more health check requests, unbinding...
06-25 03:41:24.003   521   535 I ExplicitHealthCheckController: Explicit health check service is unbound
06-25 03:41:24.005   521   521 I AutofillManagerService: Ignoring change on package_deny_list_for_unimportant_view
06-25 03:41:24.005   521   521 W FillRequestEventLogger: Shouldn't be logging AutofillFillRequestReported again for same event
06-25 03:41:24.005   521   521 W FillResponseEventLogger: Shouldn't be logging AutofillFillRequestReported again for same event
06-25 03:41:24.005   521   521 D AutofillSession: clearPendingIntentLocked
06-25 03:41:24.005   521   521 D AutofillInlineSuggestionsRequestSession: onInlineSuggestionsResponseLocked called for:1073741825@10971461
06-25 03:41:24.005   521   539 D AutofillUI: destroySaveUiUiThread(): already destroyed
06-25 03:41:24.005   521   539 D AutofillUI: destroySaveUiUiThread(): already destroyed
06-25 03:41:24.006   521   521 D AutofillManagerServiceImpl: Set component for user 0 as ComponentInfo{com.google.android.gms/com.google.android.gms.autofill.service.AutofillService} and info as ServiceInfo{adf7bf6 com.google.android.gms.autofill.service.AutofillService}
06-25 03:41:24.006   521   521 I AutofillManagerService: Ignoring change on trigger_fill_request_on_filtered_important_views
06-25 03:41:24.006   521   521 I AutofillManagerService: Ignoring change on package_and_activity_allowlist_for_triggering_fill_request
06-25 03:41:24.006   521   521 I AutofillManagerService: Ignoring change on multiline_filter_enabled
06-25 03:41:24.006   521   521 I AutofillManagerService: Ignoring change on augmented_autofill_mode
06-25 03:41:24.006   521   521 I AutofillManagerService: Ignoring change on autofill_dialog_hints
06-25 03:41:24.006   521   521 I AutofillManagerService: Ignoring change on include_all_views_in_assist_structure
06-25 03:41:24.006   521   521 I AutofillManagerService: Ignoring change on should_enable_autofill_on_all_view_types
06-25 03:41:24.007   521   521 I AutofillManagerService: Ignoring change on autofill_save_dialog_landscape_body_height_max_percent
06-25 03:41:24.007   521   521 I AutofillManagerService: Ignoring change on non_autofillable_ime_action_ids
06-25 03:41:24.007   521   521 I AutofillManagerService: Ignoring change on autofill_save_dialog_portrait_body_height_max_percent
06-25 03:41:24.007   521   521 I AutofillManagerService: Ignoring change on include_all_autofill_type_not_none_views_in_assist_structure
06-25 03:41:24.007   521   521 I AutofillManagerService: Ignoring change on trigger_fill_request_on_unimportant_view
06-25 03:41:24.007   521   521 I AutofillManagerService: Ignoring change on autofill_dialog_enabled
06-25 03:41:24.007   521   521 W ServiceConnector.Impl: mayInterruptIfRunning not supported - ignoring
06-25 03:41:24.007  1537  1537 V InlineSuggestionRenderService: handleDestroySuggestionViews called for 0:10971461
06-25 03:41:24.007  1632  1632 D AugmentedAutofillService: handleOnConnected(): debug=true, verbose=false
06-25 03:41:24.007  1632  2854 I AiAiAutofill: Disconnected AiAiAugmentedAutofillService.
06-25 03:41:24.008  1632  2854 I AiAiAutofill: Connected AiAiAugmentedAutofillService.
06-25 03:41:24.022   134   134 I lowmemorykiller: Using psi monitors for memory pressure detection
06-25 03:41:24.022   134   134 I lowmemorykiller: Properties reinitilized
06-25 03:41:24.022  7790  7790 I lowmemorykiller: lmkd updated properties successfully
06-25 03:41:24.022   134   134 I lowmemorykiller: lmkd data connection dropped
06-25 03:41:24.022   134   134 I lowmemorykiller: closing lmkd data connection
06-25 03:41:24.220     0     0 I init    : Service 'exec 24 (/system/bin/lmkd --reinit)' (pid 7790) exited with status 0 oneshot service took 0.060000 seconds in background
06-25 03:41:24.222     0     0 I init    : Sending signal 9 to service 'exec 24 (/system/bin/lmkd --reinit)' (pid 7790) process group...
06-25 03:41:24.029  7447  7666 D Maestro : Requesting view hierarchy
06-25 03:41:24.224     0     0 I libprocessgroup: Successfully killed process cgroup uid 0 pid 7790 in 0ms
06-25 03:41:24.030  7447  7666 W QueryController: Could not detect idle state.
06-25 03:41:24.030  7447  7666 W QueryController: Could not detect idle state.
06-25 03:41:24.042  7447  7666 I Maestro : Skipping invisible child: android.view.accessibility.AccessibilityNodeInfo@128a8; boundsInParent: Rect(0, 0 - 320, 0); boundsInScreen: Rect(0, 0 - 320, 0); boundsInWindow: Rect(0, 0 - 320, 0); packageName: com.hanapkalinga.mobile; className: android.widget.LinearLayout; text: null; error: null; maxTextLength: -1; stateDescription: null; contentDescription: null; tooltipText: null; containerTitle: null; viewIdResName: null; uniqueId: null; checkable: false; checked: false; focusable: false; focused: false; selected: false; clickable: false; longClickable: false; contextClickable: false; enabled: true; password: false; scrollable: false; importantForAccessibility: false; visible: false; actions: [AccessibilityAction: ACTION_SELECT - null, AccessibilityAction: ACTION_CLEAR_SELECTION - null, AccessibilityAction: ACTION_ACCESSIBILITY_FOCUS - null, AccessibilityAction: ACTION_SHOW_ON_SCREEN - null]; isTextSelectable: false
06-25 03:41:24.042  7447  7666 I Maestro : Skipping invisible child: android.view.accessibility.AccessibilityNodeInfo@124e7; boundsInParent: Rect(0, 0 - 320, 0); boundsInScreen: Rect(0, 0 - 320, 0); boundsInWindow: Rect(0, 0 - 320, 0); packageName: com.hanapkalinga.mobile; className: android.view.ViewGroup; text: null; error: null; maxTextLength: -1; stateDescription: null; contentDescription: null; tooltipText: null; containerTitle: null; viewIdResName: null; uniqueId: null; checkable: false; checked: false; focusable: false; focused: false; selected: false; clickable: false; longClickable: false; contextClickable: false; enabled: true; password: false; scrollable: false; importantForAccessibility: false; visible: false; actions: [AccessibilityAction: ACTION_SELECT - null, AccessibilityAction: ACTION_CLEAR_SELECTION - null, AccessibilityAction: ACTION_ACCESSIBILITY_FOCUS - null, AccessibilityAction: ACTION_SHOW_ON_SCREEN - null]; isTextSelectable: false
06-25 03:41:24.043  7447  7666 I Maestro : Skipping invisible child: android.view.accessibility.AccessibilityNodeInfo@1a489; boundsInParent: Rect(0, 0 - 320, 0); boundsInScreen: Rect(0, 0 - 320, 0); boundsInWindow: Rect(0, 0 - 320, 0); packageName: com.hanapkalinga.mobile; className: android.widget.LinearLayout; text: null; error: null; maxTextLength: -1; stateDescription: null; contentDescription: null; tooltipText: null; containerTitle: null; viewIdResName: null; uniqueId: null; checkable: false; checked: false; focusable: false; focused: false; selected: false; clickable: false; longClickable: false; contextClickable: false; enabled: true; password: false; scrollable: false; importantForAccessibility: false; visible: false; actions: [AccessibilityAction: ACTION_SELECT - null, AccessibilityAction: ACTION_CLEAR_SELECTION - null, AccessibilityAction: ACTION_ACCESSIBILITY_FOCUS - null, AccessibilityAction: ACTION_SHOW_ON_SCREEN - null]; isTextSelectable: false
06-25 03:41:24.043  7447  7666 I Maestro : Skipping invisible child: android.view.accessibility.AccessibilityNodeInfo@1a0c8; boundsInParent: Rect(0, 0 - 320, 0); boundsInScreen: Rect(0, 0 - 320, 0); boundsInWindow: Rect(0, 0 - 320, 0); packageName: com.hanapkalinga.mobile; className: android.view.ViewGroup; text: null; error: null; maxTextLength: -1; stateDescription: null; contentDescription: null; tooltipText: null; containerTitle: null; viewIdResName: null; uniqueId: null; checkable: false; checked: false; focusable: false; focused: false; selected: false; clickable: false; longClickable: false; contextClickable: false; enabled: true; password: false; scrollable: false; importantForAccessibility: false; visible: false; actions: [AccessibilityAction: ACTION_SELECT - null, AccessibilityAction: ACTION_CLEAR_SELECTION - null, AccessibilityAction: ACTION_ACCESSIBILITY_FOCUS - null, AccessibilityAction: ACTION_SHOW_ON_SCREEN - null]; isTextSelectable: false
06-25 03:41:24.052  7447  7666 D Maestro : View hierarchy received in 23 ms
06-25 03:41:24.068   521   615 I RescueParty: Starting to observe: [com.google.android.as, com.google.android.as.oss], updated namespace: device_personalization_services
06-25 03:41:24.068   521   548 I PackageWatchdog: Syncing state, reason: observing new packages
06-25 03:41:24.068   521   548 D PackageWatchdog: rescue-party-observer added the following packages to monitor [com.google.android.as, com.google.android.as.oss]
06-25 03:41:24.068   521   548 I PackageWatchdog: Syncing state, reason: updated observers
06-25 03:41:24.068   521   548 I PackageWatchdog: Not pruning observers, elapsed time: 0ms
06-25 03:41:24.068   521   548 I PackageWatchdog: Saving observer state to file
06-25 03:41:24.070   521   521 I PackageWatchdog: Syncing health check requests for packages: {}
06-25 03:41:24.070   521   521 I ExplicitHealthCheckController: Service not ready to get health check supported packages. Binding...
06-25 03:41:24.071   521   521 I ExplicitHealthCheckController: Explicit health check service is bound
06-25 03:41:24.073   521   521 I ExplicitHealthCheckController: Explicit health check service is connected ComponentInfo{com.google.android.ext.services/android.ext.services.watchdog.ExplicitHealthCheckServiceImpl}
06-25 03:41:24.074   521   521 I ExplicitHealthCheckController: Service initialized, syncing requests
06-25 03:41:24.075   521   521 I PackageWatchdog: Syncing health check requests for packages: {}
06-25 03:41:24.076   521   521 D ExplicitHealthCheckController: Getting health check supported packages
06-25 03:41:24.078   521   927 I ExplicitHealthCheckController: Explicit health check supported packages [PackageConfig{com.google.android.networkstack, 86400000}]
06-25 03:41:24.079   521   927 D PackageWatchdog: Received supported packages [PackageConfig{com.google.android.networkstack, 86400000}]
06-25 03:41:24.080   521   927 D ExplicitHealthCheckController: Getting health check requested packages
06-25 03:41:24.080   521   615 I RescueParty: Starting to observe: [android, com.android.systemui], updated namespace: app_compat
06-25 03:41:24.081   521   548 I PackageWatchdog: Syncing state, reason: observing new packages
06-25 03:41:24.081   521   548 D PackageWatchdog: rescue-party-observer added the following packages to monitor [android, com.android.systemui]
06-25 03:41:24.081   521   548 I PackageWatchdog: Syncing state, reason: updated observers
06-25 03:41:24.081   521   548 I PackageWatchdog: Not pruning observers, elapsed time: 0ms
06-25 03:41:24.081   521   548 I PackageWatchdog: Saving observer state to file
06-25 03:41:24.081   521   927 I ExplicitHealthCheckController: Explicit health check requested packages []
06-25 03:41:24.081   521   927 I ExplicitHealthCheckController: No more health check requests, unbinding...
06-25 03:41:24.082   521   927 I ExplicitHealthCheckController: Explicit health check service is unbound
06-25 03:41:24.082   521   521 I PackageWatchdog: Syncing health check requests for packages: {}
06-25 03:41:24.082   521   521 I ExplicitHealthCheckController: Service not ready to get health check supported packages. Binding...
06-25 03:41:24.084   521   521 I ExplicitHealthCheckController: Explicit health check service is bound
06-25 03:41:24.087   521   521 I ExplicitHealthCheckController: Explicit health check service is connected ComponentInfo{com.google.android.ext.services/android.ext.services.watchdog.ExplicitHealthCheckServiceImpl}
06-25 03:41:24.087   521   521 I ExplicitHealthCheckController: Service initialized, syncing requests
06-25 03:41:24.087   521   521 I PackageWatchdog: Syncing health check requests for packages: {}
06-25 03:41:24.088   521   521 D ExplicitHealthCheckController: Getting health check supported packages
06-25 03:41:24.088   521   927 I ExplicitHealthCheckController: Explicit health check supported packages [PackageConfig{com.google.android.networkstack, 86400000}]
06-25 03:41:24.088   521   927 D PackageWatchdog: Received supported packages [PackageConfig{com.google.android.networkstack, 86400000}]
06-25 03:41:24.088   521   927 D ExplicitHealthCheckController: Getting health check requested packages
06-25 03:41:24.088   521   927 I ExplicitHealthCheckController: Explicit health check requested packages []
06-25 03:41:24.088   521   927 I ExplicitHealthCheckController: No more health check requests, unbinding...
06-25 03:41:24.089   521   927 I ExplicitHealthCheckController: Explicit health check service is unbound
06-25 03:41:24.113   521   615 I RescueParty: Starting to observe: [android], updated namespace: credential_manager
06-25 03:41:24.114   521   548 I PackageWatchdog: Syncing state, reason: observing new packages
06-25 03:41:24.114   521   548 D PackageWatchdog: rescue-party-observer added the following packages to monitor [android]
06-25 03:41:24.114   521   548 I PackageWatchdog: Syncing state, reason: updated observers
06-25 03:41:24.114   521   548 I PackageWatchdog: Not pruning observers, elapsed time: 0ms
06-25 03:41:24.114   521   548 I PackageWatchdog: Saving observer state to file
06-25 03:41:24.115   521   521 I PackageWatchdog: Syncing health check requests for packages: {}
06-25 03:41:24.116   521   521 I ExplicitHealthCheckController: Service not ready to get health check supported packages. Binding...
06-25 03:41:24.117   521   521 I ExplicitHealthCheckController: Explicit health check service is bound
06-25 03:41:24.117   521   521 I ExplicitHealthCheckController: Explicit health check service is connected ComponentInfo{com.google.android.ext.services/android.ext.services.watchdog.ExplicitHealthCheckServiceImpl}
06-25 03:41:24.117   521   521 I ExplicitHealthCheckController: Service initialized, syncing requests
06-25 03:41:24.118   521   521 I PackageWatchdog: Syncing health check requests for packages: {}
06-25 03:41:24.118   521   521 D ExplicitHealthCheckController: Getting health check supported packages
06-25 03:41:24.118   521   927 I ExplicitHealthCheckController: Explicit health check supported packages [PackageConfig{com.google.android.networkstack, 86400000}]
06-25 03:41:24.118   521   927 D PackageWatchdog: Received supported packages [PackageConfig{com.google.android.networkstack, 86400000}]
06-25 03:41:24.118   521   927 D ExplicitHealthCheckController: Getting health check requested packages
06-25 03:41:24.119   521   927 I ExplicitHealthCheckController: Explicit health check requested packages []
06-25 03:41:24.119   521   927 I ExplicitHealthCheckController: No more health check requests, unbinding...
06-25 03:41:24.119   521   927 I ExplicitHealthCheckController: Explicit health check service is unbound
06-25 03:41:24.125   521   615 I RescueParty: Starting to observe: [android], updated namespace: remote_key_provisioning_native
06-25 03:41:24.125   521   548 I PackageWatchdog: Syncing state, reason: observing new packages
06-25 03:41:24.125   521   548 D PackageWatchdog: rescue-party-observer added the following packages to monitor [android]
06-25 03:41:24.125   521   548 I PackageWatchdog: Syncing state, reason: updated observers
06-25 03:41:24.125   521   548 I PackageWatchdog: Not pruning observers, elapsed time: 0ms
06-25 03:41:24.125   521   548 I PackageWatchdog: Saving observer state to file
06-25 03:41:24.127   521   521 I PackageWatchdog: Syncing health check requests for packages: {}
06-25 03:41:24.127   521   521 I ExplicitHealthCheckController: Service not ready to get health check supported packages. Binding...
06-25 03:41:24.128   521   521 I ExplicitHealthCheckController: Explicit health check service is bound
06-25 03:41:24.129   521   521 I ExplicitHealthCheckController: Explicit health check service is connected ComponentInfo{com.google.android.ext.services/android.ext.services.watchdog.ExplicitHealthCheckServiceImpl}
06-25 03:41:24.129   521   521 I ExplicitHealthCheckController: Service initialized, syncing requests
06-25 03:41:24.129   521   521 I PackageWatchdog: Syncing health check requests for packages: {}
06-25 03:41:24.129   521   521 D ExplicitHealthCheckController: Getting health check supported packages
06-25 03:41:24.130   521   927 I ExplicitHealthCheckController: Explicit health check supported packages [PackageConfig{com.google.android.networkstack, 86400000}]
06-25 03:41:24.130   521   927 D PackageWatchdog: Received supported packages [PackageConfig{com.google.android.networkstack, 86400000}]
06-25 03:41:24.130   521   927 D ExplicitHealthCheckController: Getting health check requested packages
06-25 03:41:24.130   521   927 I ExplicitHealthCheckController: Explicit health check requested packages []
06-25 03:41:24.130   521   927 I ExplicitHealthCheckController: No more health check requests, unbinding...
06-25 03:41:24.130   521   927 I ExplicitHealthCheckController: Explicit health check service is unbound
06-25 03:41:24.131   521   615 I RescueParty: Starting to observe: [android, com.android.phone], updated namespace: telephony
06-25 03:41:24.131   521   548 I PackageWatchdog: Syncing state, reason: observing new packages
06-25 03:41:24.131   521   548 D PackageWatchdog: rescue-party-observer added the following packages to monitor [android, com.android.phone]
06-25 03:41:24.131   521   548 I PackageWatchdog: Syncing state, reason: updated observers
06-25 03:41:24.131   521   548 I PackageWatchdog: Not pruning observers, elapsed time: 0ms
06-25 03:41:24.131   521   548 I PackageWatchdog: Saving observer state to file
06-25 03:41:24.133   521   521 I PackageWatchdog: Syncing health check requests for packages: {}
06-25 03:41:24.133   521   521 I ExplicitHealthCheckController: Service not ready to get health check supported packages. Binding...
06-25 03:41:24.134   521   521 I ExplicitHealthCheckController: Explicit health check service is bound
06-25 03:41:24.135   521   521 I ExplicitHealthCheckController: Explicit health check service is connected ComponentInfo{com.google.android.ext.services/android.ext.services.watchdog.ExplicitHealthCheckServiceImpl}
06-25 03:41:24.135   521   521 I ExplicitHealthCheckController: Service initialized, syncing requests
06-25 03:41:24.135   521   521 I PackageWatchdog: Syncing health check requests for packages: {}
06-25 03:41:24.135   521   521 D ExplicitHealthCheckController: Getting health check supported packages
06-25 03:41:24.135   521   535 I ExplicitHealthCheckController: Explicit health check supported packages [PackageConfig{com.google.android.networkstack, 86400000}]
06-25 03:41:24.135   521   535 D PackageWatchdog: Received supported packages [PackageConfig{com.google.android.networkstack, 86400000}]
06-25 03:41:24.135   521   535 D ExplicitHealthCheckController: Getting health check requested packages
06-25 03:41:24.135   521   535 I ExplicitHealthCheckController: Explicit health check requested packages []
06-25 03:41:24.135   521   535 I ExplicitHealthCheckController: No more health check requests, unbinding...
06-25 03:41:24.136   521   535 I ExplicitHealthCheckController: Explicit health check service is unbound
06-25 03:41:24.147  7447  7666 D Maestro : Requesting view hierarchy
06-25 03:41:24.147  7447  7666 W QueryController: Could not detect idle state.
06-25 03:41:24.147  7447  7666 W QueryController: Could not detect idle state.
06-25 03:41:24.164  7447  7666 I Maestro : Skipping invisible child: android.view.accessibility.AccessibilityNodeInfo@128a8; boundsInParent: Rect(0, 0 - 320, 0); boundsInScreen: Rect(0, 0 - 320, 0); boundsInWindow: Rect(0, 0 - 320, 0); packageName: com.hanapkalinga.mobile; className: android.widget.LinearLayout; text: null; error: null; maxTextLength: -1; stateDescription: null; contentDescription: null; tooltipText: null; containerTitle: null; viewIdResName: null; uniqueId: null; checkable: false; checked: false; focusable: false; focused: false; selected: false; clickable: false; longClickable: false; contextClickable: false; enabled: true; password: false; scrollable: false; importantForAccessibility: false; visible: false; actions: [AccessibilityAction: ACTION_SELECT - null, AccessibilityAction: ACTION_CLEAR_SELECTION - null, AccessibilityAction: ACTION_ACCESSIBILITY_FOCUS - null, AccessibilityAction: ACTION_SHOW_ON_SCREEN - null]; isTextSelectable: false
06-25 03:41:24.165  7447  7666 I Maestro : Skipping invisible child: android.view.accessibility.AccessibilityNodeInfo@124e7; boundsInParent: Rect(0, 0 - 320, 0); boundsInScreen: Rect(0, 0 - 320, 0); boundsInWindow: Rect(0, 0 - 320, 0); packageName: com.hanapkalinga.mobile; className: android.view.ViewGroup; text: null; error: null; maxTextLength: -1; stateDescription: null; contentDescription: null; tooltipText: null; containerTitle: null; viewIdResName: null; uniqueId: null; checkable: false; checked: false; focusable: false; focused: false; selected: false; clickable: false; longClickable: false; contextClickable: false; enabled: true; password: false; scrollable: false; importantForAccessibility: false; visible: false; actions: [AccessibilityAction: ACTION_SELECT - null, AccessibilityAction: ACTION_CLEAR_SELECTION - null, AccessibilityAction: ACTION_ACCESSIBILITY_FOCUS - null, AccessibilityAction: ACTION_SHOW_ON_SCREEN - null]; isTextSelectable: false
06-25 03:41:24.165  7447  7666 I Maestro : Skipping invisible child: android.view.accessibility.AccessibilityNodeInfo@1a489; boundsInParent: Rect(0, 0 - 320, 0); boundsInScreen: Rect(0, 0 - 320, 0); boundsInWindow: Rect(0, 0 - 320, 0); packageName: com.hanapkalinga.mobile; className: android.widget.LinearLayout; text: null; error: null; maxTextLength: -1; stateDescription: null; contentDescription: null; tooltipText: null; containerTitle: null; viewIdResName: null; uniqueId: null; checkable: false; checked: false; focusable: false; focused: false; selected: false; clickable: false; longClickable: false; contextClickable: false; enabled: true; password: false; scrollable: false; importantForAccessibility: false; visible: false; actions: [AccessibilityAction: ACTION_SELECT - null, AccessibilityAction: ACTION_CLEAR_SELECTION - null, AccessibilityAction: ACTION_ACCESSIBILITY_FOCUS - null, AccessibilityAction: ACTION_SHOW_ON_SCREEN - null]; isTextSelectable: false
06-25 03:41:24.165  7447  7666 I Maestro : Skipping invisible child: android.view.accessibility.AccessibilityNodeInfo@1a0c8; boundsInParent: Rect(0, 0 - 320, 0); boundsInScreen: Rect(0, 0 - 320, 0); boundsInWindow: Rect(0, 0 - 320, 0); packageName: com.hanapkalinga.mobile; className: android.view.ViewGroup; text: null; error: null; maxTextLength: -1; stateDescription: null; contentDescription: null; tooltipText: null; containerTitle: null; viewIdResName: null; uniqueId: null; checkable: false; checked: false; focusable: false; focused: false; selected: false; clickable: false; longClickable: false; contextClickable: false; enabled: true; password: false; scrollable: false; importantForAccessibility: false; visible: false; actions: [AccessibilityAction: ACTION_SELECT - null, AccessibilityAction: ACTION_CLEAR_SELECTION - null, AccessibilityAction: ACTION_ACCESSIBILITY_FOCUS - null, AccessibilityAction: ACTION_SHOW_ON_SCREEN - null]; isTextSelectable: false
06-25 03:41:24.168   521   615 I RescueParty: Starting to observe: [android], updated namespace: media_better_together
06-25 03:41:24.169   521   548 I PackageWatchdog: Syncing state, reason: observing new packages
06-25 03:41:24.169   521   548 D PackageWatchdog: rescue-party-observer added the following packages to monitor [android]
06-25 03:41:24.169   521   548 I PackageWatchdog: Syncing state, reason: updated observers
06-25 03:41:24.169   521   548 I PackageWatchdog: Not pruning observers, elapsed time: 0ms
06-25 03:41:24.169   521   548 I PackageWatchdog: Saving observer state to file
06-25 03:41:24.174   521   521 I PackageWatchdog: Syncing health check requests for packages: {}
06-25 03:41:24.174   521   521 I ExplicitHealthCheckController: Service not ready to get health check supported packages. Binding...
06-25 03:41:24.175   521   521 I ExplicitHealthCheckController: Explicit health check service is bound
06-25 03:41:24.177   521   521 I ExplicitHealthCheckController: Explicit health check service is connected ComponentInfo{com.google.android.ext.services/android.ext.services.watchdog.ExplicitHealthCheckServiceImpl}
06-25 03:41:24.177   521   521 I ExplicitHealthCheckController: Service initialized, syncing requests
06-25 03:41:24.177   521   521 I PackageWatchdog: Syncing health check requests for packages: {}
06-25 03:41:24.177   521   521 D ExplicitHealthCheckController: Getting health check supported packages
06-25 03:41:24.177   521   535 I ExplicitHealthCheckController: Explicit health check supported packages [PackageConfig{com.google.android.networkstack, 86400000}]
06-25 03:41:24.177   521   535 D PackageWatchdog: Received supported packages [PackageConfig{com.google.android.networkstack, 86400000}]
06-25 03:41:24.178   521   535 D ExplicitHealthCheckController: Getting health check requested packages
06-25 03:41:24.178   521   535 I ExplicitHealthCheckController: Explicit health check requested packages []
06-25 03:41:24.178   521   535 I ExplicitHealthCheckController: No more health check requests, unbinding...
06-25 03:41:24.178   521   535 I ExplicitHealthCheckController: Explicit health check service is unbound
06-25 03:41:24.190  7447  7666 D Maestro : View hierarchy received in 43 ms
06-25 03:41:24.195   521   615 I RescueParty: Starting to observe: [android], updated namespace: health_fitness
06-25 03:41:24.196   521   548 I PackageWatchdog: Syncing state, reason: observing new packages
06-25 03:41:24.196   521   548 D PackageWatchdog: rescue-party-observer added the following packages to monitor [android]
06-25 03:41:24.196   521   548 I PackageWatchdog: Syncing state, reason: updated observers
06-25 03:41:24.196   521   548 I PackageWatchdog: Not pruning observers, elapsed time: 0ms
06-25 03:41:24.196   521   548 I PackageWatchdog: Saving observer state to file
06-25 03:41:24.197   521   521 I PackageWatchdog: Syncing health check requests for packages: {}
06-25 03:41:24.197   521   521 I ExplicitHealthCheckController: Service not ready to get health check supported packages. Binding...
06-25 03:41:24.198   521   615 I RescueParty: Starting to observe: [android], updated namespace: app_standby
06-25 03:41:24.198   521   548 I PackageWatchdog: Syncing state, reason: observing new packages
06-25 03:41:24.198   521   548 D PackageWatchdog: rescue-party-observer added the following packages to monitor [android]
06-25 03:41:24.198   521   548 I PackageWatchdog: Syncing state, reason: updated observers
06-25 03:41:24.198   521   548 I PackageWatchdog: Not pruning observers, elapsed time: 0ms
06-25 03:41:24.198   521   548 I PackageWatchdog: Saving observer state to file
06-25 03:41:24.199   521   521 I ExplicitHealthCheckController: Explicit health check service is bound
06-25 03:41:24.200   521   521 I PackageWatchdog: Syncing health check requests for packages: {}
06-25 03:41:24.200   521   521 I ExplicitHealthCheckController: Service not ready to get health check supported packages. Binding...
06-25 03:41:24.200   521   521 I ExplicitHealthCheckController: Not binding to service, service already connecting
06-25 03:41:24.200   521   521 I ExplicitHealthCheckController: Explicit health check service is connected ComponentInfo{com.google.android.ext.services/android.ext.services.watchdog.ExplicitHealthCheckServiceImpl}
06-25 03:41:24.200   521   521 I ExplicitHealthCheckController: Service initialized, syncing requests
06-25 03:41:24.200   521   521 I PackageWatchdog: Syncing health check requests for packages: {}
06-25 03:41:24.200   521   521 D ExplicitHealthCheckController: Getting health check supported packages
06-25 03:41:24.201   521   927 I ExplicitHealthCheckController: Explicit health check supported packages [PackageConfig{com.google.android.networkstack, 86400000}]
06-25 03:41:24.201   521   927 D PackageWatchdog: Received supported packages [PackageConfig{com.google.android.networkstack, 86400000}]
06-25 03:41:24.201   521   927 D ExplicitHealthCheckController: Getting health check requested packages
06-25 03:41:24.201   521   927 I ExplicitHealthCheckController: Explicit health check requested packages []
06-25 03:41:24.201   521   927 I ExplicitHealthCheckController: No more health check requests, unbinding...
06-25 03:41:24.202   521   927 I ExplicitHealthCheckController: Explicit health check service is unbound
06-25 03:41:24.202   521   602 D CompatibilityChangeReporter: Compat change id reported: 218533173; UID 10197; state: ENABLED
06-25 03:41:24.202   521   602 D CompatibilityChangeReporter: Compat change id reported: 262645982; UID 10197; state: ENABLED
06-25 03:41:24.203   521   602 D CompatibilityChangeReporter: Compat change id reported: 218533173; UID 10192; state: ENABLED
06-25 03:41:24.203   521   602 D CompatibilityChangeReporter: Compat change id reported: 262645982; UID 10192; state: ENABLED
06-25 03:41:24.205   521   602 D CompatibilityChangeReporter: Compat change id reported: 218533173; UID 10133; state: ENABLED
06-25 03:41:24.205   521   602 D CompatibilityChangeReporter: Compat change id reported: 262645982; UID 10133; state: ENABLED
06-25 03:41:24.205   521   602 D CompatibilityChangeReporter: Compat change id reported: 262645982; UID 10132; state: ENABLED
06-25 03:41:24.207   521   615 I RescueParty: Starting to observe: [com.google.android.apps.nexuslauncher], updated namespace: launcher
06-25 03:41:24.207   521   548 I PackageWatchdog: Syncing state, reason: observing new packages
06-25 03:41:24.207   521   548 D PackageWatchdog: rescue-party-observer added the following packages to monitor [com.google.android.apps.nexuslauncher]
06-25 03:41:24.207   521   548 I PackageWatchdog: Syncing state, reason: updated observers
06-25 03:41:24.207   521   548 I PackageWatchdog: Not pruning observers, elapsed time: 0ms
06-25 03:41:24.207   521   548 I PackageWatchdog: Saving observer state to file
06-25 03:41:24.208  1105  1105 I ActivityThread: Schedule relaunch activity: com.google.android.apps.nexuslauncher.NexusLauncherActivity
06-25 03:41:24.208   521   521 I PackageWatchdog: Syncing health check requests for packages: {}
06-25 03:41:24.208   521   521 I ExplicitHealthCheckController: Service not ready to get health check supported packages. Binding...
06-25 03:41:24.209   521   521 I ExplicitHealthCheckController: Explicit health check service is bound
06-25 03:41:24.210   521   521 I ExplicitHealthCheckController: Explicit health check service is connected ComponentInfo{com.google.android.ext.services/android.ext.services.watchdog.ExplicitHealthCheckServiceImpl}
06-25 03:41:24.210   521   521 I ExplicitHealthCheckController: Service initialized, syncing requests
06-25 03:41:24.211   521   521 I PackageWatchdog: Syncing health check requests for packages: {}
06-25 03:41:24.211   521   521 D ExplicitHealthCheckController: Getting health check supported packages
06-25 03:41:24.211   521   535 I ExplicitHealthCheckController: Explicit health check supported packages [PackageConfig{com.google.android.networkstack, 86400000}]
06-25 03:41:24.211   521   535 D PackageWatchdog: Received supported packages [PackageConfig{com.google.android.networkstack, 86400000}]
06-25 03:41:24.211   521   535 D ExplicitHealthCheckController: Getting health check requested packages
06-25 03:41:24.211   521   535 I ExplicitHealthCheckController: Explicit health check requested packages []
06-25 03:41:24.212   521   535 I ExplicitHealthCheckController: No more health check requests, unbinding...
06-25 03:41:24.213   521   535 I ExplicitHealthCheckController: Explicit health check service is unbound
06-25 03:41:24.213  1105  1105 D b/254119092: clearActivity
06-25 03:41:24.213  1105  1105 D b/254119092: mActivity and mContext agree taskbarIsPresent=false
06-25 03:41:24.214  1105  1105 W WindowOnBackDispatcher: sendCancelIfRunning: isInProgress=falsecallback=android.view.ViewRootImpl$$ExternalSyntheticLambda17@fed101e
06-25 03:41:24.215   521   927 D CoreBackPreview: Window{d9a5b8 u0 com.google.android.apps.nexuslauncher/com.google.android.apps.nexuslauncher.NexusLauncherActivity}: Setting back callback null
06-25 03:41:24.217   521   535 D SearchUiPerUserService: Removing callback for session Id=com.google.android.apps.nexuslauncher:df9598a9-381b-42a3-aeb3-a3f8fd4fc0f2,0 and callback=android.os.BinderProxy@267faa5
06-25 03:41:24.217   521   535 D SearchUiPerUserService: Removing all callbacks for session Id=com.google.android.apps.nexuslauncher:df9598a9-381b-42a3-aeb3-a3f8fd4fc0f2,0 and 0 callbacks.
06-25 03:41:24.220   521   615 I RescueParty: Starting to observe: [android], updated namespace: configuration
06-25 03:41:24.220   521   548 I PackageWatchdog: Syncing state, reason: observing new packages
06-25 03:41:24.220   521   548 D PackageWatchdog: rescue-party-observer added the following packages to monitor [android]
06-25 03:41:24.220   521   548 I PackageWatchdog: Syncing state, reason: updated observers
06-25 03:41:24.220   521   548 I PackageWatchdog: Not pruning observers, elapsed time: 0ms
06-25 03:41:24.220   521   548 I PackageWatchdog: Saving observer state to file
06-25 03:41:24.221   521   535 W InputManager-JNI: Input channel object 'd9a5b8 com.google.android.apps.nexuslauncher/com.google.android.apps.nexuslauncher.NexusLauncherActivity (client)' was disposed without first being removed with the input manager!
06-25 03:41:24.222   521   521 I PackageWatchdog: Syncing health check requests for packages: {}
06-25 03:41:24.222   521   521 I ExplicitHealthCheckController: Service not ready to get health check supported packages. Binding...
06-25 03:41:24.227   521   521 I ExplicitHealthCheckController: Explicit health check service is bound
06-25 03:41:24.227   521   521 I ExplicitHealthCheckController: Explicit health check service is connected ComponentInfo{com.google.android.ext.services/android.ext.services.watchdog.ExplicitHealthCheckServiceImpl}
06-25 03:41:24.227   521   521 I ExplicitHealthCheckController: Service initialized, syncing requests
06-25 03:41:24.227   521   521 I PackageWatchdog: Syncing health check requests for packages: {}
06-25 03:41:24.227   521   521 D ExplicitHealthCheckController: Getting health check supported packages
06-25 03:41:24.227   521   615 I RescueParty: Starting to observe: [android], updated namespace: companion
06-25 03:41:24.228   521   548 I PackageWatchdog: Syncing state, reason: observing new packages
06-25 03:41:24.228   521   548 D PackageWatchdog: rescue-party-observer added the following packages to monitor [android]
06-25 03:41:24.228   521   548 I PackageWatchdog: Syncing state, reason: updated observers
06-25 03:41:24.228   521   548 I PackageWatchdog: Not pruning observers, elapsed time: 0ms
06-25 03:41:24.228   521   548 I PackageWatchdog: Saving observer state to file
06-25 03:41:24.228   521   927 I ExplicitHealthCheckController: Explicit health check supported packages [PackageConfig{com.google.android.networkstack, 86400000}]
06-25 03:41:24.230   521   927 D PackageWatchdog: Received supported packages [PackageConfig{com.google.android.networkstack, 86400000}]
06-25 03:41:24.230   521   927 D ExplicitHealthCheckController: Getting health check requested packages
06-25 03:41:24.230   521   521 I PackageWatchdog: Syncing health check requests for packages: {}
06-25 03:41:24.230   521   521 D ExplicitHealthCheckController: Getting health check supported packages
06-25 03:41:24.231   521   927 I ExplicitHealthCheckController: Explicit health check requested packages []
06-25 03:41:24.231   521   927 I ExplicitHealthCheckController: No more health check requests, unbinding...
06-25 03:41:24.232   521   890 I ExplicitHealthCheckController: Explicit health check supported packages [PackageConfig{com.google.android.networkstack, 86400000}]
06-25 03:41:24.232   521   890 D PackageWatchdog: Received supported packages [PackageConfig{com.google.android.networkstack, 86400000}]
06-25 03:41:24.232   521   927 I ExplicitHealthCheckController: Explicit health check service is unbound
06-25 03:41:24.233   521   890 I ExplicitHealthCheckController: Service not ready to get health check requested packages. Binding...
06-25 03:41:24.233  1105  1105 W WindowOnBackDispatcher: OnBackInvokedCallback is not enabled for the application.
06-25 03:41:24.233  1105  1105 W WindowOnBackDispatcher: Set 'android:enableOnBackInvokedCallback="true"' in the application manifest.
06-25 03:41:24.234   521   890 I ExplicitHealthCheckController: Explicit health check service is bound
06-25 03:41:24.234   521   521 I ExplicitHealthCheckController: Explicit health check service is connected ComponentInfo{com.google.android.ext.services/android.ext.services.watchdog.ExplicitHealthCheckServiceImpl}
06-25 03:41:24.234   521   521 I ExplicitHealthCheckController: Service initialized, syncing requests
06-25 03:41:24.234   521   521 I PackageWatchdog: Syncing health check requests for packages: {}
06-25 03:41:24.234   521   521 D ExplicitHealthCheckController: Getting health check supported packages
06-25 03:41:24.235   521  2553 I ExplicitHealthCheckController: Explicit health check supported packages [PackageConfig{com.google.android.networkstack, 86400000}]
06-25 03:41:24.235   521  2553 D PackageWatchdog: Received supported packages [PackageConfig{com.google.android.networkstack, 86400000}]
06-25 03:41:24.235   521  2553 D ExplicitHealthCheckController: Getting health check requested packages
06-25 03:41:24.235   521  2553 I ExplicitHealthCheckController: Explicit health check requested packages []
06-25 03:41:24.235   521  2553 I ExplicitHealthCheckController: No more health check requests, unbinding...
06-25 03:41:24.235   521  2553 I ExplicitHealthCheckController: Explicit health check service is unbound
06-25 03:41:24.240   521   615 I RescueParty: Starting to observe: [android], updated namespace: package_manager_service
06-25 03:41:24.241   521   548 I PackageWatchdog: Syncing state, reason: observing new packages
06-25 03:41:24.243   521   521 I PackageWatchdog: Syncing health check requests for packages: {}
06-25 03:41:24.243   521   521 I ExplicitHealthCheckController: Service not ready to get health check supported packages. Binding...
06-25 03:41:24.244   521   521 I ExplicitHealthCheckController: Explicit health check service is bound
06-25 03:41:24.244   521   548 D PackageWatchdog: rescue-party-observer added the following packages to monitor [android]
06-25 03:41:24.244   521   548 I PackageWatchdog: Syncing state, reason: updated observers
06-25 03:41:24.244   521   521 I PackageWatchdog: Syncing health check requests for packages: {}
06-25 03:41:24.244   521   521 I ExplicitHealthCheckController: Service not ready to get health check supported packages. Binding...
06-25 03:41:24.244   521   521 I ExplicitHealthCheckController: Not binding to service, service already connecting
06-25 03:41:24.244   521   548 I PackageWatchdog: Saving observer state to file
06-25 03:41:24.246   521   521 I ExplicitHealthCheckController: Explicit health check service is connected ComponentInfo{com.google.android.ext.services/android.ext.services.watchdog.ExplicitHealthCheckServiceImpl}
06-25 03:41:24.246   521   521 I ExplicitHealthCheckController: Service initialized, syncing requests
06-25 03:41:24.253   521   521 I PackageWatchdog: Syncing health check requests for packages: {}
06-25 03:41:24.253   521   521 D ExplicitHealthCheckController: Getting health check supported packages
06-25 03:41:24.254   521  2553 I ExplicitHealthCheckController: Explicit health check supported packages [PackageConfig{com.google.android.networkstack, 86400000}]
06-25 03:41:24.254   521  2553 D PackageWatchdog: Received supported packages [PackageConfig{com.google.android.networkstack, 86400000}]
06-25 03:41:24.254   521  2553 D ExplicitHealthCheckController: Getting health check requested packages
06-25 03:41:24.254   521  2553 I ExplicitHealthCheckController: Explicit health check requested packages []
06-25 03:41:24.254   521  2553 I ExplicitHealthCheckController: No more health check requests, unbinding...
06-25 03:41:24.255   521  2553 I ExplicitHealthCheckController: Explicit health check service is unbound
06-25 03:41:24.258   521  6737 E SettingsToPropertiesMapper: key=persist.device_config.configuration.AdbWritableFlags__adb_writable_flags_list value=adservices/disable_sdk_sandbox,adservices/enforce_broadcast_receiver_restrictions,adservices/fledge_ad_selection_enforce_foreground_status_custom_audience,adservices/fledge_custom_audience_max_count,adservices/fledge_custom_audience_max_num_ads,adservices/fledge_custom_audience_max_owner_count,adservices/fledge_custom_audience_per_app_max_count,adservices/fledge_js_isolate_enforce_max_heap_size,adservices/fledge_js_isolate_max_heap_size_bytes,adservices/sdk_request_permits_per_second,adservices/sdksandbox_customized_sdk_context_enabled,configuration/namespace_to_package_mapping,constrain_display_apis/always_constrain_display_apis,constrain_display_apis/never_constrain_display_apis,constrain_display_apis/never_constrain_display_apis_all_packages,device_policy_manager/disable_resources_updatability,flipendo/default_savings_mode_launch,flipendo/essential_apps,flipendo/flipendo_enabled_launch,flipendo/grayscale_enabled_launch,flipendo/lever_ble_scanning_enabled_launch,flipendo/lever_hotspot_enabled_launch,flipendo/lever_work_profile_enabled_launch,flipendo/resuspend_delay_minutes,namespace/key,namespace1/key1,namespace1/key2,namespace2/key1,namespace2/key2,package_manager_service/incfs_default_timeouts,package_manager_service/known_digesters_list,privacy/location_access_check_periodic_interval_millis,rollback/enable_rollback_timeout,rollback/watchdog_explicit_health_check_enabled,rollback/watchdog_request_timeout_millis,rollback/watchdog_trigger_failure_count,rollback/watchdog_trigger_failure_duration_millis,rollback_boot/rollback_lifetime_in_millis,systemui/nas_generate_actions,systemui/nas_generate_replies,systemui/nas_max_messages_to_extract,systemui/nas_max_suggestions,testspace/another,testspace/flagname,textclassifier/config_updater_model_enabled,textclassifier/key,textclassifier/key2,textclassifier/manifest_url_annotator_en,textclassifier/manifest_url_annotator_ru,textclassifier/model_download_backoff_delay_in_millis,textclassifier/model_download_manager_enabled,textclassifier/multi_language_support_enabled,textclassifier/testing_locale_list_override,textclassifier/textclassifier_service_package_override,window_manager/enable_default_rescind_bal_privileges_from_pending_intent_sender,wrong/nas_generate_replies, exceeds system property max length.
06-25 03:41:24.263   521   615 I RescueParty: Starting to observe: [android, com.google.android.permissioncontroller, com.android.settings, com.android.systemui], updated namespace: privacy
06-25 03:41:24.263   521   548 I PackageWatchdog: Syncing state, reason: observing new packages
06-25 03:41:24.263   521   548 D PackageWatchdog: rescue-party-observer added the following packages to monitor [android, com.google.android.permissioncontroller, com.android.settings, com.android.systemui]
06-25 03:41:24.263   521   548 I PackageWatchdog: Syncing state, reason: updated observers
06-25 03:41:24.263   521   548 I PackageWatchdog: Not pruning observers, elapsed time: 0ms
06-25 03:41:24.263   521   521 I PackageWatchdog: Syncing health check requests for packages: {}
06-25 03:41:24.263   521   521 I ExplicitHealthCheckController: Service not ready to get health check supported packages. Binding...
06-25 03:41:24.265   521   521 I ExplicitHealthCheckController: Explicit health check service is bound
06-25 03:41:24.265   521   521 I PackageWatchdog: Syncing health check requests for packages: {}
06-25 03:41:24.265   521   521 I ExplicitHealthCheckController: Service not ready to get health check supported packages. Binding...
06-25 03:41:24.266   521   521 I ExplicitHealthCheckController: Not binding to service, service already connecting
06-25 03:41:24.266   521   521 I ExplicitHealthCheckController: Explicit health check service is connected ComponentInfo{com.google.android.ext.services/android.ext.services.watchdog.ExplicitHealthCheckServiceImpl}
06-25 03:41:24.267   521   521 I ExplicitHealthCheckController: Service initialized, syncing requests
06-25 03:41:24.267   521   521 I PackageWatchdog: Syncing health check requests for packages: {}
06-25 03:41:24.267   521   521 D ExplicitHealthCheckController: Getting health check supported packages
06-25 03:41:24.268   521   890 I ExplicitHealthCheckController: Explicit health check supported packages [PackageConfig{com.google.android.networkstack, 86400000}]
06-25 03:41:24.268   521   890 D PackageWatchdog: Received supported packages [PackageConfig{com.google.android.networkstack, 86400000}]
06-25 03:41:24.268   521   890 D ExplicitHealthCheckController: Getting health check requested packages
06-25 03:41:24.268   521   890 I ExplicitHealthCheckController: Explicit health check requested packages []
06-25 03:41:24.268   521   890 I ExplicitHealthCheckController: No more health check requests, unbinding...
06-25 03:41:24.269   521   890 I ExplicitHealthCheckController: Explicit health check service is unbound
06-25 03:41:24.269  7447  7666 D Maestro : Requesting view hierarchy
06-25 03:41:24.270  7447  7666 W QueryController: Could not detect idle state.
06-25 03:41:24.270  7447  7666 W QueryController: Could not detect idle state.
06-25 03:41:24.271   521   548 I PackageWatchdog: Saving observer state to file
06-25 03:41:24.276  1105  1146 I AiAiSuggestUi: Connecting to system intelligence module.
06-25 03:41:24.280  1105  1377 I AiAiSuggestUi: Successfully connected to system intelligence: 
06-25 03:41:24.282   521   615 I RescueParty: Starting to observe: [android, com.google.android.as, com.android.systemui], updated namespace: systemui
06-25 03:41:24.282   521   548 I PackageWatchdog: Syncing state, reason: observing new packages
