06-25 03:41:24.283   521   548 D PackageWatchdog: rescue-party-observer added the following packages to monitor [android, com.google.android.as, com.android.systemui]
06-25 03:41:24.283   521   548 I PackageWatchdog: Syncing state, reason: updated observers
06-25 03:41:24.284   521   548 I PackageWatchdog: Saving observer state to file
06-25 03:41:24.285   521   521 I PackageWatchdog: Syncing health check requests for packages: {}
06-25 03:41:24.285   521   521 I ExplicitHealthCheckController: Service not ready to get health check supported packages. Binding...
06-25 03:41:24.285   521  2553 D CompatibilityChangeReporter: Compat change id reported: 161252188; UID 10132; state: DISABLED
06-25 03:41:24.287   521   521 I ExplicitHealthCheckController: Explicit health check service is bound
06-25 03:41:24.288   521   521 I PackageWatchdog: Syncing health check requests for packages: {}
06-25 03:41:24.288   521   521 I ExplicitHealthCheckController: Service not ready to get health check supported packages. Binding...
06-25 03:41:24.288   521   521 I ExplicitHealthCheckController: Not binding to service, service already connecting
06-25 03:41:24.288   521   521 I ExplicitHealthCheckController: Explicit health check service is connected ComponentInfo{com.google.android.ext.services/android.ext.services.watchdog.ExplicitHealthCheckServiceImpl}
06-25 03:41:24.288   521   521 I ExplicitHealthCheckController: Service initialized, syncing requests
06-25 03:41:24.289   521   521 I PackageWatchdog: Syncing health check requests for packages: {}
06-25 03:41:24.289   521   521 D ExplicitHealthCheckController: Getting health check supported packages
06-25 03:41:24.289   521  2553 I ExplicitHealthCheckController: Explicit health check supported packages [PackageConfig{com.google.android.networkstack, 86400000}]
06-25 03:41:24.289   521  2553 D PackageWatchdog: Received supported packages [PackageConfig{com.google.android.networkstack, 86400000}]
06-25 03:41:24.289   521  2553 D ExplicitHealthCheckController: Getting health check requested packages
06-25 03:41:24.289   521  2553 I ExplicitHealthCheckController: Explicit health check requested packages []
06-25 03:41:24.289   521  2553 I ExplicitHealthCheckController: No more health check requests, unbinding...
06-25 03:41:24.290   521  2553 I ExplicitHealthCheckController: Explicit health check service is unbound
06-25 03:41:24.290  1632  1644 I AiAiEcho: Settings changed for uri: content://settings/secure/show_qr_code_scanner_setting
06-25 03:41:24.290   521   615 I RescueParty: Starting to observe: [android], updated namespace: media
06-25 03:41:24.290  1632  1927 I AiAiEcho: Predicting[0]: 
06-25 03:41:24.290  1632  1927 I AiAiEcho: EchoTargets: 
06-25 03:41:24.290  1632  1927 I AiAiEcho: Filtered by AiAi flag check: 
06-25 03:41:24.291  1632  1927 I AiAiEcho: Ranked targets strategy: SORT, count: 0, ranking metadata: 
06-25 03:41:24.291  1632  1927 I AiAiEcho: Predicting[0]: 
06-25 03:41:24.294  1632  1927 I AiAiEcho: EchoTargets: 
06-25 03:41:24.294  1632  1927 I AiAiEcho: Filtered by AiAi flag check: 
06-25 03:41:24.294   521   548 I PackageWatchdog: Syncing state, reason: observing new packages
06-25 03:41:24.294  1632  1927 I AiAiEcho: Ranked targets strategy: SORT, count: 0, ranking metadata: 
06-25 03:41:24.294  1632  1927 I AiAiEcho: #postPredictionTargets: Sending updates to UISurface lockscreen with targets# 0 (types=[])
06-25 03:41:24.295  1632  1927 I AiAiEcho: #postPredictionTargets: Sending updates to UISurface home with targets# 0 (types=[])
06-25 03:41:24.299   842   842 W PageIndicator: Total number of pages invalid: 0. Assuming 1 page.
06-25 03:41:24.300   521   521 I PackageWatchdog: Syncing health check requests for packages: {}
06-25 03:41:24.300   521   521 I ExplicitHealthCheckController: Service not ready to get health check supported packages. Binding...
06-25 03:41:24.302   521   521 I ExplicitHealthCheckController: Explicit health check service is bound
06-25 03:41:24.302   521   521 I ExplicitHealthCheckController: Explicit health check service is connected ComponentInfo{com.google.android.ext.services/android.ext.services.watchdog.ExplicitHealthCheckServiceImpl}
06-25 03:41:24.302   521   521 I ExplicitHealthCheckController: Service initialized, syncing requests
06-25 03:41:24.302   521   521 I PackageWatchdog: Syncing health check requests for packages: {}
06-25 03:41:24.302   521   521 D ExplicitHealthCheckController: Getting health check supported packages
06-25 03:41:24.303   521   890 I ExplicitHealthCheckController: Explicit health check supported packages [PackageConfig{com.google.android.networkstack, 86400000}]
06-25 03:41:24.303   521   890 D PackageWatchdog: Received supported packages [PackageConfig{com.google.android.networkstack, 86400000}]
06-25 03:41:24.303   521   890 D ExplicitHealthCheckController: Getting health check requested packages
06-25 03:41:24.303   521   890 I ExplicitHealthCheckController: Explicit health check requested packages []
06-25 03:41:24.303   521   890 I ExplicitHealthCheckController: No more health check requests, unbinding...
06-25 03:41:24.303   521   890 I ExplicitHealthCheckController: Explicit health check service is unbound
06-25 03:41:24.304  5911  7784 I bwir    : updateFromConfigurations using legacy put method [CONTEXT service_id=204 ]
06-25 03:41:24.306   521   548 D PackageWatchdog: rescue-party-observer added the following packages to monitor [android]
06-25 03:41:24.306   521   548 I PackageWatchdog: Syncing state, reason: updated observers
06-25 03:41:24.306   521   548 I PackageWatchdog: Saving observer state to file
06-25 03:41:24.306   521   615 I RescueParty: Starting to observe: [android], updated namespace: alarm_manager
06-25 03:41:24.310   521   548 I PackageWatchdog: Syncing state, reason: observing new packages
06-25 03:41:24.313   521   548 D PackageWatchdog: rescue-party-observer added the following packages to monitor [android]
06-25 03:41:24.313   521   548 I PackageWatchdog: Syncing state, reason: updated observers
06-25 03:41:24.313   521   548 I PackageWatchdog: Not pruning observers, elapsed time: 0ms
06-25 03:41:24.313   521   548 I PackageWatchdog: Saving observer state to file
06-25 03:41:24.316   521   521 I PackageWatchdog: Syncing health check requests for packages: {}
06-25 03:41:24.316   521   521 I ExplicitHealthCheckController: Service not ready to get health check supported packages. Binding...
06-25 03:41:24.320   521   521 I ExplicitHealthCheckController: Explicit health check service is bound
06-25 03:41:24.321   521   521 I PackageWatchdog: Syncing health check requests for packages: {}
06-25 03:41:24.321   521   521 I ExplicitHealthCheckController: Service not ready to get health check supported packages. Binding...
06-25 03:41:24.321   521   521 I ExplicitHealthCheckController: Not binding to service, service already connecting
06-25 03:41:24.325   521   521 I ExplicitHealthCheckController: Explicit health check service is connected ComponentInfo{com.google.android.ext.services/android.ext.services.watchdog.ExplicitHealthCheckServiceImpl}
06-25 03:41:24.325   521   521 I ExplicitHealthCheckController: Service initialized, syncing requests
06-25 03:41:24.325   521   521 I PackageWatchdog: Syncing health check requests for packages: {}
06-25 03:41:24.325   521   521 D ExplicitHealthCheckController: Getting health check supported packages
06-25 03:41:24.326  1105  1105 D AutofillManager: Fill dialog is enabled:false, hints=[password, passwordAuto, creditCardNumber, creditCardSecurityCode, creditCardExpirationDate]
06-25 03:41:24.326   521   535 I ExplicitHealthCheckController: Explicit health check supported packages [PackageConfig{com.google.android.networkstack, 86400000}]
06-25 03:41:24.326   521   535 D PackageWatchdog: Received supported packages [PackageConfig{com.google.android.networkstack, 86400000}]
06-25 03:41:24.326   521   535 D ExplicitHealthCheckController: Getting health check requested packages
06-25 03:41:24.329   521   535 I ExplicitHealthCheckController: Explicit health check requested packages []
06-25 03:41:24.329   521   535 I ExplicitHealthCheckController: No more health check requests, unbinding...
06-25 03:41:24.329  7447  7666 I Maestro : Skipping invisible child: android.view.accessibility.AccessibilityNodeInfo@128a8; boundsInParent: Rect(0, 0 - 320, 0); boundsInScreen: Rect(0, 0 - 320, 0); boundsInWindow: Rect(0, 0 - 320, 0); packageName: com.hanapkalinga.mobile; className: android.widget.LinearLayout; text: null; error: null; maxTextLength: -1; stateDescription: null; contentDescription: null; tooltipText: null; containerTitle: null; viewIdResName: null; uniqueId: null; checkable: false; checked: false; focusable: false; focused: false; selected: false; clickable: false; longClickable: false; contextClickable: false; enabled: true; password: false; scrollable: false; importantForAccessibility: false; visible: false; actions: [AccessibilityAction: ACTION_SELECT - null, AccessibilityAction: ACTION_CLEAR_SELECTION - null, AccessibilityAction: ACTION_ACCESSIBILITY_FOCUS - null, AccessibilityAction: ACTION_SHOW_ON_SCREEN - null]; isTextSelectable: false
06-25 03:41:24.329   521   535 I ExplicitHealthCheckController: Explicit health check service is unbound
06-25 03:41:24.330  7447  7666 I Maestro : Skipping invisible child: android.view.accessibility.AccessibilityNodeInfo@124e7; boundsInParent: Rect(0, 0 - 320, 0); boundsInScreen: Rect(0, 0 - 320, 0); boundsInWindow: Rect(0, 0 - 320, 0); packageName: com.hanapkalinga.mobile; className: android.view.ViewGroup; text: null; error: null; maxTextLength: -1; stateDescription: null; contentDescription: null; tooltipText: null; containerTitle: null; viewIdResName: null; uniqueId: null; checkable: false; checked: false; focusable: false; focused: false; selected: false; clickable: false; longClickable: false; contextClickable: false; enabled: true; password: false; scrollable: false; importantForAccessibility: false; visible: false; actions: [AccessibilityAction: ACTION_SELECT - null, AccessibilityAction: ACTION_CLEAR_SELECTION - null, AccessibilityAction: ACTION_ACCESSIBILITY_FOCUS - null, AccessibilityAction: ACTION_SHOW_ON_SCREEN - null]; isTextSelectable: false
06-25 03:41:24.330  7447  7666 I Maestro : Skipping invisible child: android.view.accessibility.AccessibilityNodeInfo@1a489; boundsInParent: Rect(0, 0 - 320, 0); boundsInScreen: Rect(0, 0 - 320, 0); boundsInWindow: Rect(0, 0 - 320, 0); packageName: com.hanapkalinga.mobile; className: android.widget.LinearLayout; text: null; error: null; maxTextLength: -1; stateDescription: null; contentDescription: null; tooltipText: null; containerTitle: null; viewIdResName: null; uniqueId: null; checkable: false; checked: false; focusable: false; focused: false; selected: false; clickable: false; longClickable: false; contextClickable: false; enabled: true; password: false; scrollable: false; importantForAccessibility: false; visible: false; actions: [AccessibilityAction: ACTION_SELECT - null, AccessibilityAction: ACTION_CLEAR_SELECTION - null, AccessibilityAction: ACTION_ACCESSIBILITY_FOCUS - null, AccessibilityAction: ACTION_SHOW_ON_SCREEN - null]; isTextSelectable: false
06-25 03:41:24.331  7447  7666 I Maestro : Skipping invisible child: android.view.accessibility.AccessibilityNodeInfo@1a0c8; boundsInParent: Rect(0, 0 - 320, 0); boundsInScreen: Rect(0, 0 - 320, 0); boundsInWindow: Rect(0, 0 - 320, 0); packageName: com.hanapkalinga.mobile; className: android.view.ViewGroup; text: null; error: null; maxTextLength: -1; stateDescription: null; contentDescription: null; tooltipText: null; containerTitle: null; viewIdResName: null; uniqueId: null; checkable: false; checked: false; focusable: false; focused: false; selected: false; clickable: false; longClickable: false; contextClickable: false; enabled: true; password: false; scrollable: false; importantForAccessibility: false; visible: false; actions: [AccessibilityAction: ACTION_SELECT - null, AccessibilityAction: ACTION_CLEAR_SELECTION - null, AccessibilityAction: ACTION_ACCESSIBILITY_FOCUS - null, AccessibilityAction: ACTION_SHOW_ON_SCREEN - null]; isTextSelectable: false
06-25 03:41:24.331  1105  1105 D DeviceSearchAlg: search timeout = %d200
06-25 03:41:24.337   521   615 I RescueParty: Starting to observe: [android, com.android.settings], updated namespace: app_hibernation
06-25 03:41:24.337   521   548 I PackageWatchdog: Syncing state, reason: observing new packages
06-25 03:41:24.337   521   548 D PackageWatchdog: rescue-party-observer added the following packages to monitor [android, com.android.settings]
06-25 03:41:24.338   521   548 I PackageWatchdog: Syncing state, reason: updated observers
06-25 03:41:24.338   521   548 I PackageWatchdog: Not pruning observers, elapsed time: 0ms
06-25 03:41:24.338   521   548 I PackageWatchdog: Saving observer state to file
06-25 03:41:24.338   521   521 D AppHibernationService: App hibernation changed to enabled=true
06-25 03:41:24.339  7447  7666 D Maestro : View hierarchy received in 70 ms
06-25 03:41:24.342   521   521 I PackageWatchdog: Syncing health check requests for packages: {}
06-25 03:41:24.342   521   521 I ExplicitHealthCheckController: Service not ready to get health check supported packages. Binding...
06-25 03:41:24.343   521   521 I ExplicitHealthCheckController: Explicit health check service is bound
06-25 03:41:24.344   521   521 I ExplicitHealthCheckController: Explicit health check service is connected ComponentInfo{com.google.android.ext.services/android.ext.services.watchdog.ExplicitHealthCheckServiceImpl}
06-25 03:41:24.344   521   521 I ExplicitHealthCheckController: Service initialized, syncing requests
06-25 03:41:24.344   521   521 I PackageWatchdog: Syncing health check requests for packages: {}
06-25 03:41:24.344   521   521 D ExplicitHealthCheckController: Getting health check supported packages
06-25 03:41:24.344   521  2553 I ExplicitHealthCheckController: Explicit health check supported packages [PackageConfig{com.google.android.networkstack, 86400000}]
06-25 03:41:24.345   521  2553 D PackageWatchdog: Received supported packages [PackageConfig{com.google.android.networkstack, 86400000}]
06-25 03:41:24.345   521  2553 D ExplicitHealthCheckController: Getting health check requested packages
06-25 03:41:24.346   521  2553 I ExplicitHealthCheckController: Explicit health check requested packages []
06-25 03:41:24.346   521  2553 I ExplicitHealthCheckController: No more health check requests, unbinding...
06-25 03:41:24.347   521  2553 I ExplicitHealthCheckController: Explicit health check service is unbound
06-25 03:41:24.347  1105  1105 W PageIndicator: Total number of pages invalid: 0. Assuming 1 page.
06-25 03:41:24.347  1105  1105 W BcSmartspaceView: Current card is not present in the Adapter; cannot log.
06-25 03:41:24.350   521   615 I RescueParty: Starting to observe: [android, com.android.systemui], updated namespace: window_manager
06-25 03:41:24.351  1105  1105 I OverviewComponentObserver: updateOverviewTargets: mIsHomeDisabled=false, isDefaultHomeNull=false, mIsDefaultHome=true
06-25 03:41:24.351   521   548 I PackageWatchdog: Syncing state, reason: observing new packages
06-25 03:41:24.351   521   548 D PackageWatchdog: rescue-party-observer added the following packages to monitor [android, com.android.systemui]
06-25 03:41:24.351   521   548 I PackageWatchdog: Syncing state, reason: updated observers
06-25 03:41:24.352   521   548 I PackageWatchdog: Saving observer state to file
06-25 03:41:24.352   521   521 I PackageWatchdog: Syncing health check requests for packages: {}
06-25 03:41:24.352   521   521 I ExplicitHealthCheckController: Service not ready to get health check supported packages. Binding...
06-25 03:41:24.353   521   521 I ExplicitHealthCheckController: Explicit health check service is bound
06-25 03:41:24.354   521   521 I PackageWatchdog: Syncing health check requests for packages: {}
06-25 03:41:24.354   521   521 I ExplicitHealthCheckController: Service not ready to get health check supported packages. Binding...
06-25 03:41:24.354   521   521 I ExplicitHealthCheckController: Not binding to service, service already connecting
06-25 03:41:24.354   521   521 I ExplicitHealthCheckController: Explicit health check service is connected ComponentInfo{com.google.android.ext.services/android.ext.services.watchdog.ExplicitHealthCheckServiceImpl}
06-25 03:41:24.355   521   521 I ExplicitHealthCheckController: Service initialized, syncing requests
06-25 03:41:24.355   521   521 I PackageWatchdog: Syncing health check requests for packages: {}
06-25 03:41:24.355   521   521 D ExplicitHealthCheckController: Getting health check supported packages
06-25 03:41:24.355   521   535 I ExplicitHealthCheckController: Explicit health check supported packages [PackageConfig{com.google.android.networkstack, 86400000}]
06-25 03:41:24.355   521   535 D PackageWatchdog: Received supported packages [PackageConfig{com.google.android.networkstack, 86400000}]
06-25 03:41:24.355   521   535 D ExplicitHealthCheckController: Getting health check requested packages
06-25 03:41:24.355   521   535 I ExplicitHealthCheckController: Explicit health check requested packages []
06-25 03:41:24.355   521   535 I ExplicitHealthCheckController: No more health check requests, unbinding...
06-25 03:41:24.356   521   535 I ExplicitHealthCheckController: Explicit health check service is unbound
06-25 03:41:24.366   521  2553 D SearchUiPerUserService: Creating SearchSessionInfo for session Id=com.google.android.apps.nexuslauncher:8287f599-e0f1-477e-8c98-e93bbaa32028,0
06-25 03:41:24.367   521  2553 D SearchUiPerUserService: Storing callback for session Id=com.google.android.apps.nexuslauncher:8287f599-e0f1-477e-8c98-e93bbaa32028,0 and callback=android.os.BinderProxy@8052569
06-25 03:41:24.368  1632  1632 I AiAiEcho: SearchContextManagerImpl::setSearchContext resultTypes=[141151] extras=[Bundle[mParcelledData.dataSize=684]] sessionId=[com.google.android.apps.nexuslauncher:8287f599-e0f1-477e-8c98-e93bbaa32028,0]
06-25 03:41:24.368  1105  1146 D SearchTargetUtil:  query= size=1
06-25 03:41:24.368  1105  1146 D SearchTargetUtil: layoutType=icon_row resultType=4096 packageName= extras=Bundle{icon_container_enabled=true,zero_state_all_apps_web_suggest_count=3,rank=1.0,key_ipc_start=319963,hide_subtitle=true,zero_state_qsb_web_suggest_count=10,}ParentID: null targetID: SESSION_INFO:0::zero_state_flags
06-25 03:41:24.370   521  2553 W ProcessStats: Tracking association SourceState{132eab com.google.android.apps.nexuslauncher/10169 BFgs #14855} whose proc state 4 is better than process ProcessState{84466f9 com.google.android.googlequicksearchbox:search/10131 pkg=com.google.android.googlequicksearchbox} proc state 6 (53 skipped)
06-25 03:41:24.371  1105  1105 I ContentCaptureHelper: Setting logging level to DEBUG
06-25 03:41:24.371  1105  1105 D ContentCaptureManager: setFlushViewTreeAppearingEventDisabled(): setting to false
06-25 03:41:24.371  1105  1105 D ContentCaptureManager: updateWindowAttributes(): window flags=-2137980672
06-25 03:41:24.379  1105  1105 D MainContentCaptureSession: Destroying session (ctx=com.google.android.apps.nexuslauncher.NexusLauncherActivity@6247ffe, id=-228933078) with 0 event(s) for act:com.google.android.apps.nexuslauncher/.NexusLauncherActivity [state=2 (ACTIVE), disabled=false]
06-25 03:41:24.385  1105  1105 D AutofillManager: view is not autofillable - activity denied for autofill
06-25 03:41:24.388  1105  1146 I ImeTracker: com.google.android.apps.nexuslauncher:7fdd172c: onRequestHide at ORIGIN_CLIENT_HIDE_SOFT_INPUT reason HIDE_SOFT_INPUT
06-25 03:41:24.389  1105  1146 I ImeTracker: com.google.android.apps.nexuslauncher:7fdd172c: onFailed at PHASE_CLIENT_VIEW_SERVED
06-25 03:41:24.391   521   535 D CoreBackPreview: Window{40318a1 u0 com.google.android.apps.nexuslauncher/com.google.android.apps.nexuslauncher.NexusLauncherActivity}: Setting back callback OnBackInvokedCallbackInfo{mCallback=android.window.IOnBackInvokedCallback$Stub$Proxy@e2e5c9e, mPriority=0, mIsAnimationCallback=false}
06-25 03:41:24.401  1105  1105 D TISBindHelper: TIS service connected
06-25 03:41:24.401  1105  1105 D b/254119092: Set mActivity=com.google.android.apps.nexuslauncher.NexusLauncherActivity@aa19bdb
06-25 03:41:24.401  1105  1105 D b/254119092: mActivity and mContext agree taskbarIsPresent=false
06-25 03:41:24.401  1105  1105 D MainContentCaptureSession: handleScheduleFlush(act:com.google.android.apps.nexuslauncher/.NexusLauncherActivity [state=1 (WAITING_FOR_SERVER), disabled=false], reason=FORCE_FLUSH): not a timeout reason because mDirectServiceInterface is not ready yet
06-25 03:41:24.412   521  2553 I ActivityTaskManager: Activity reported stop, but no longer stopping: ActivityRecord{1e07614 u0 com.google.android.apps.nexuslauncher/.NexusLauncherActivity t7} STOPPED
06-25 03:41:24.414  7447  7666 D Maestro : Requesting view hierarchy
06-25 03:41:24.414  7447  7666 W QueryController: Could not detect idle state.
06-25 03:41:24.415  7447  7666 W QueryController: Could not detect idle state.
06-25 03:41:24.450  7447  7666 I Maestro : Skipping invisible child: android.view.accessibility.AccessibilityNodeInfo@128a8; boundsInParent: Rect(0, 0 - 320, 0); boundsInScreen: Rect(0, 0 - 320, 0); boundsInWindow: Rect(0, 0 - 320, 0); packageName: com.hanapkalinga.mobile; className: android.widget.LinearLayout; text: null; error: null; maxTextLength: -1; stateDescription: null; contentDescription: null; tooltipText: null; containerTitle: null; viewIdResName: null; uniqueId: null; checkable: false; checked: false; focusable: false; focused: false; selected: false; clickable: false; longClickable: false; contextClickable: false; enabled: true; password: false; scrollable: false; importantForAccessibility: false; visible: false; actions: [AccessibilityAction: ACTION_SELECT - null, AccessibilityAction: ACTION_CLEAR_SELECTION - null, AccessibilityAction: ACTION_ACCESSIBILITY_FOCUS - null, AccessibilityAction: ACTION_SHOW_ON_SCREEN - null]; isTextSelectable: false
06-25 03:41:24.451  7447  7666 I Maestro : Skipping invisible child: android.view.accessibility.AccessibilityNodeInfo@124e7; boundsInParent: Rect(0, 0 - 320, 0); boundsInScreen: Rect(0, 0 - 320, 0); boundsInWindow: Rect(0, 0 - 320, 0); packageName: com.hanapkalinga.mobile; className: android.view.ViewGroup; text: null; error: null; maxTextLength: -1; stateDescription: null; contentDescription: null; tooltipText: null; containerTitle: null; viewIdResName: null; uniqueId: null; checkable: false; checked: false; focusable: false; focused: false; selected: false; clickable: false; longClickable: false; contextClickable: false; enabled: true; password: false; scrollable: false; importantForAccessibility: false; visible: false; actions: [AccessibilityAction: ACTION_SELECT - null, AccessibilityAction: ACTION_CLEAR_SELECTION - null, AccessibilityAction: ACTION_ACCESSIBILITY_FOCUS - null, AccessibilityAction: ACTION_SHOW_ON_SCREEN - null]; isTextSelectable: false
06-25 03:41:24.452  7447  7666 I Maestro : Skipping invisible child: android.view.accessibility.AccessibilityNodeInfo@1a489; boundsInParent: Rect(0, 0 - 320, 0); boundsInScreen: Rect(0, 0 - 320, 0); boundsInWindow: Rect(0, 0 - 320, 0); packageName: com.hanapkalinga.mobile; className: android.widget.LinearLayout; text: null; error: null; maxTextLength: -1; stateDescription: null; contentDescription: null; tooltipText: null; containerTitle: null; viewIdResName: null; uniqueId: null; checkable: false; checked: false; focusable: false; focused: false; selected: false; clickable: false; longClickable: false; contextClickable: false; enabled: true; password: false; scrollable: false; importantForAccessibility: false; visible: false; actions: [AccessibilityAction: ACTION_SELECT - null, AccessibilityAction: ACTION_CLEAR_SELECTION - null, AccessibilityAction: ACTION_ACCESSIBILITY_FOCUS - null, AccessibilityAction: ACTION_SHOW_ON_SCREEN - null]; isTextSelectable: false
06-25 03:41:24.452  7447  7666 I Maestro : Skipping invisible child: android.view.accessibility.AccessibilityNodeInfo@1a0c8; boundsInParent: Rect(0, 0 - 320, 0); boundsInScreen: Rect(0, 0 - 320, 0); boundsInWindow: Rect(0, 0 - 320, 0); packageName: com.hanapkalinga.mobile; className: android.view.ViewGroup; text: null; error: null; maxTextLength: -1; stateDescription: null; contentDescription: null; tooltipText: null; containerTitle: null; viewIdResName: null; uniqueId: null; checkable: false; checked: false; focusable: false; focused: false; selected: false; clickable: false; longClickable: false; contextClickable: false; enabled: true; password: false; scrollable: false; importantForAccessibility: false; visible: false; actions: [AccessibilityAction: ACTION_SELECT - null, AccessibilityAction: ACTION_CLEAR_SELECTION - null, AccessibilityAction: ACTION_ACCESSIBILITY_FOCUS - null, AccessibilityAction: ACTION_SHOW_ON_SCREEN - null]; isTextSelectable: false
06-25 03:41:24.460  1694  1694 I ImeTracker: com.google.android.googlequicksearchbox:search:24a35a58: onRequestHide at ORIGIN_CLIENT_HIDE_SOFT_INPUT reason HIDE_SOFT_INPUT
06-25 03:41:24.460  1694  1694 I ImeTracker: com.google.android.googlequicksearchbox:search:24a35a58: onFailed at PHASE_CLIENT_VIEW_SERVED
06-25 03:41:24.460  7447  7666 D Maestro : View hierarchy received in 46 ms
06-25 03:41:24.467  1694  1694 W WindowOnBackDispatcher: sendCancelIfRunning: isInProgress=falsecallback=android.view.ViewRootImpl$$ExternalSyntheticLambda17@be9df98
06-25 03:41:24.467   521   535 D CoreBackPreview: Window{a0cc7a1 u0 com.google.android.apps.nexuslauncher/com.google.android.apps.nexuslauncher.NexusLauncherActivity}: Setting back callback null
06-25 03:41:24.467   521   535 W InputManager-JNI: Input channel object 'a0cc7a1 com.google.android.apps.nexuslauncher/com.google.android.apps.nexuslauncher.NexusLauncherActivity (client)' was disposed without first being removed with the input manager!
06-25 03:41:24.477   521   535 D CoreBackPreview: Window{71fa4aa u0 com.google.android.apps.nexuslauncher/com.google.android.apps.nexuslauncher.NexusLauncherActivity}: Setting back callback OnBackInvokedCallbackInfo{mCallback=android.window.IOnBackInvokedCallback$Stub$Proxy@a2b6176, mPriority=0, mIsAnimationCallback=false}
06-25 03:41:24.484   521   615 I RescueParty: Starting to observe: [android, com.google.android.bluetooth], updated namespace: bluetooth
06-25 03:41:24.484   521   548 I PackageWatchdog: Syncing state, reason: observing new packages
06-25 03:41:24.484   521   548 D PackageWatchdog: rescue-party-observer added the following packages to monitor [android, com.google.android.bluetooth]
06-25 03:41:24.484   521   548 I PackageWatchdog: Syncing state, reason: updated observers
06-25 03:41:24.484   521   548 I PackageWatchdog: Not pruning observers, elapsed time: 0ms
06-25 03:41:24.484   521   548 I PackageWatchdog: Saving observer state to file
06-25 03:41:24.487   521   521 D BluetoothDeviceConfigChangeTracker: shouldRestartWhenPropertiesUpdated: INIT_gd_hal_snoop_logger_filtering='true',scan_timeout_millis='300000',location_denylist_name='',audio_policy_hf_enabled='true',INIT_gd_hal_snoop_logger_socket='true',location_denylist_advertising_data='⊈0016AAFE40/00FFFFFFF0,⊆0016AAFE/00FFFFFF,⊆00FF4C0002/00FFFFFFFF',le_audio_enabled_by_default='false',location_denylist_mac='',audio_policy_ag_enabled='true'
06-25 03:41:24.490   521   521 D BluetoothDeviceConfigListener: All properties unchanged, skipping restart
06-25 03:41:24.490   521   521 I PackageWatchdog: Syncing health check requests for packages: {}
06-25 03:41:24.490   521   521 I ExplicitHealthCheckController: Service not ready to get health check supported packages. Binding...
06-25 03:41:24.494   521   521 I ExplicitHealthCheckController: Explicit health check service is bound
06-25 03:41:24.495   521   521 I ExplicitHealthCheckController: Explicit health check service is connected ComponentInfo{com.google.android.ext.services/android.ext.services.watchdog.ExplicitHealthCheckServiceImpl}
06-25 03:41:24.495   521   521 I ExplicitHealthCheckController: Service initialized, syncing requests
06-25 03:41:24.495   521   521 I PackageWatchdog: Syncing health check requests for packages: {}
06-25 03:41:24.496   521   521 D ExplicitHealthCheckController: Getting health check supported packages
06-25 03:41:24.496   521  2553 I ExplicitHealthCheckController: Explicit health check supported packages [PackageConfig{com.google.android.networkstack, 86400000}]
06-25 03:41:24.496   521  2553 D PackageWatchdog: Received supported packages [PackageConfig{com.google.android.networkstack, 86400000}]
06-25 03:41:24.496   521  2553 D ExplicitHealthCheckController: Getting health check requested packages
06-25 03:41:24.496   521  2553 I ExplicitHealthCheckController: Explicit health check requested packages []
06-25 03:41:24.496   521  2553 I ExplicitHealthCheckController: No more health check requests, unbinding...
06-25 03:41:24.497   521  2553 I ExplicitHealthCheckController: Explicit health check service is unbound
06-25 03:41:24.503   521   615 I RescueParty: Starting to observe: [android, com.google.android.apps.nexuslauncher, com.android.systemui], updated namespace: latency_tracker
06-25 03:41:24.503   521   548 I PackageWatchdog: Syncing state, reason: observing new packages
06-25 03:41:24.503   521   548 D PackageWatchdog: rescue-party-observer added the following packages to monitor [android, com.google.android.apps.nexuslauncher, com.android.systemui]
06-25 03:41:24.503   521   548 I PackageWatchdog: Syncing state, reason: updated observers
06-25 03:41:24.503   521   548 I PackageWatchdog: Not pruning observers, elapsed time: 0ms
06-25 03:41:24.503   521   548 I PackageWatchdog: Saving observer state to file
06-25 03:41:24.505   521   521 I PackageWatchdog: Syncing health check requests for packages: {}
06-25 03:41:24.505   521   521 I ExplicitHealthCheckController: Service not ready to get health check supported packages. Binding...
06-25 03:41:24.506   521   521 I ExplicitHealthCheckController: Explicit health check service is bound
06-25 03:41:24.507   521   521 I ExplicitHealthCheckController: Explicit health check service is connected ComponentInfo{com.google.android.ext.services/android.ext.services.watchdog.ExplicitHealthCheckServiceImpl}
06-25 03:41:24.507   521   521 I ExplicitHealthCheckController: Service initialized, syncing requests
06-25 03:41:24.507   521   521 I PackageWatchdog: Syncing health check requests for packages: {}
06-25 03:41:24.507   521   521 D ExplicitHealthCheckController: Getting health check supported packages
06-25 03:41:24.507   521  2553 I ExplicitHealthCheckController: Explicit health check supported packages [PackageConfig{com.google.android.networkstack, 86400000}]
06-25 03:41:24.507   521  2553 D PackageWatchdog: Received supported packages [PackageConfig{com.google.android.networkstack, 86400000}]
06-25 03:41:24.507   521  2553 D ExplicitHealthCheckController: Getting health check requested packages
06-25 03:41:24.507   521   535 I ExplicitHealthCheckController: Explicit health check requested packages []
06-25 03:41:24.507   521   535 I ExplicitHealthCheckController: No more health check requests, unbinding...
06-25 03:41:24.508   521   535 I ExplicitHealthCheckController: Explicit health check service is unbound
06-25 03:41:24.513   521   615 I RescueParty: Starting to observe: [android], updated namespace: battery_saver
06-25 03:41:24.513   521   548 I PackageWatchdog: Syncing state, reason: observing new packages
06-25 03:41:24.513   521   548 D PackageWatchdog: rescue-party-observer added the following packages to monitor [android]
06-25 03:41:24.513   521   548 I PackageWatchdog: Syncing state, reason: updated observers
06-25 03:41:24.513   521   548 I PackageWatchdog: Not pruning observers, elapsed time: 0ms
06-25 03:41:24.513   521   548 I PackageWatchdog: Saving observer state to file
06-25 03:41:24.515   521   521 I PackageWatchdog: Syncing health check requests for packages: {}
06-25 03:41:24.515   521   521 I ExplicitHealthCheckController: Service not ready to get health check supported packages. Binding...
06-25 03:41:24.516   521   615 I RescueParty: Starting to observe: [android], updated namespace: constrain_display_apis
06-25 03:41:24.516   521   548 I PackageWatchdog: Syncing state, reason: observing new packages
06-25 03:41:24.516   521   548 D PackageWatchdog: rescue-party-observer added the following packages to monitor [android]
06-25 03:41:24.516   521   548 I PackageWatchdog: Syncing state, reason: updated observers
06-25 03:41:24.516   521   548 I PackageWatchdog: Not pruning observers, elapsed time: 0ms
06-25 03:41:24.517   521   548 I PackageWatchdog: Saving observer state to file
06-25 03:41:24.519   521   521 I ExplicitHealthCheckController: Explicit health check service is bound
06-25 03:41:24.520   521   521 E DeviceConfig: Parsing int failed for location_mode
06-25 03:41:24.522   521   521 I PackageWatchdog: Syncing health check requests for packages: {}
06-25 03:41:24.522   521   521 I ExplicitHealthCheckController: Service not ready to get health check supported packages. Binding...
06-25 03:41:24.522   521   521 I ExplicitHealthCheckController: Not binding to service, service already connecting
06-25 03:41:24.522   521   521 I ExplicitHealthCheckController: Explicit health check service is connected ComponentInfo{com.google.android.ext.services/android.ext.services.watchdog.ExplicitHealthCheckServiceImpl}
06-25 03:41:24.522   521   521 I ExplicitHealthCheckController: Service initialized, syncing requests
06-25 03:41:24.522   521   521 I PackageWatchdog: Syncing health check requests for packages: {}
06-25 03:41:24.522   521   521 D ExplicitHealthCheckController: Getting health check supported packages
06-25 03:41:24.523   521   535 I ExplicitHealthCheckController: Explicit health check supported packages [PackageConfig{com.google.android.networkstack, 86400000}]
06-25 03:41:24.523   521   535 D PackageWatchdog: Received supported packages [PackageConfig{com.google.android.networkstack, 86400000}]
06-25 03:41:24.523   521   535 D ExplicitHealthCheckController: Getting health check requested packages
06-25 03:41:24.524   521  2553 I ExplicitHealthCheckController: Explicit health check requested packages []
06-25 03:41:24.524   521  2553 I ExplicitHealthCheckController: No more health check requests, unbinding...
06-25 03:41:24.524   521  2553 I ExplicitHealthCheckController: Explicit health check service is unbound
06-25 03:41:24.526   521   615 I RescueParty: Starting to observe: [android], updated namespace: backup_and_restore
06-25 03:41:24.526   521   548 I PackageWatchdog: Syncing state, reason: observing new packages
06-25 03:41:24.526   521   548 D PackageWatchdog: rescue-party-observer added the following packages to monitor [android]
06-25 03:41:24.526   521   548 I PackageWatchdog: Syncing state, reason: updated observers
06-25 03:41:24.526   521   548 I PackageWatchdog: Not pruning observers, elapsed time: 0ms
06-25 03:41:24.526   521   548 I PackageWatchdog: Saving observer state to file
06-25 03:41:24.526   521   521 I PackageWatchdog: Syncing health check requests for packages: {}
06-25 03:41:24.526   521   521 I ExplicitHealthCheckController: Service not ready to get health check supported packages. Binding...
06-25 03:41:24.528   521   521 I ExplicitHealthCheckController: Explicit health check service is bound
06-25 03:41:24.529   521   521 I ExplicitHealthCheckController: Explicit health check service is connected ComponentInfo{com.google.android.ext.services/android.ext.services.watchdog.ExplicitHealthCheckServiceImpl}
06-25 03:41:24.529   521   521 I ExplicitHealthCheckController: Service initialized, syncing requests
06-25 03:41:24.529   521   521 I PackageWatchdog: Syncing health check requests for packages: {}
06-25 03:41:24.529   521   521 D ExplicitHealthCheckController: Getting health check supported packages
06-25 03:41:24.529   521   535 I ExplicitHealthCheckController: Explicit health check supported packages [PackageConfig{com.google.android.networkstack, 86400000}]
06-25 03:41:24.529   521   535 D PackageWatchdog: Received supported packages [PackageConfig{com.google.android.networkstack, 86400000}]
06-25 03:41:24.529   521   535 D ExplicitHealthCheckController: Getting health check requested packages
06-25 03:41:24.529   521   535 I ExplicitHealthCheckController: Explicit health check requested packages []
06-25 03:41:24.529   521   535 I ExplicitHealthCheckController: No more health check requests, unbinding...
06-25 03:41:24.530   521   535 I ExplicitHealthCheckController: Explicit health check service is unbound
06-25 03:41:24.533   521   615 I RescueParty: Starting to observe: [android], updated namespace: nnapi_native
06-25 03:41:24.533   521   548 I PackageWatchdog: Syncing state, reason: observing new packages
06-25 03:41:24.533   521   548 D PackageWatchdog: rescue-party-observer added the following packages to monitor [android]
06-25 03:41:24.533   521   548 I PackageWatchdog: Syncing state, reason: updated observers
06-25 03:41:24.533   521   548 I PackageWatchdog: Not pruning observers, elapsed time: 0ms
06-25 03:41:24.533   521   548 I PackageWatchdog: Saving observer state to file
06-25 03:41:24.535   521   521 I PackageWatchdog: Syncing health check requests for packages: {}
06-25 03:41:24.535   521   521 I ExplicitHealthCheckController: Service not ready to get health check supported packages. Binding...
06-25 03:41:24.536   521   521 I ExplicitHealthCheckController: Explicit health check service is bound
06-25 03:41:24.538   521   521 I ExplicitHealthCheckController: Explicit health check service is connected ComponentInfo{com.google.android.ext.services/android.ext.services.watchdog.ExplicitHealthCheckServiceImpl}
06-25 03:41:24.538   521   521 I ExplicitHealthCheckController: Service initialized, syncing requests
06-25 03:41:24.538   521   521 I PackageWatchdog: Syncing health check requests for packages: {}
06-25 03:41:24.538   521   521 D ExplicitHealthCheckController: Getting health check supported packages
06-25 03:41:24.538   521   535 I ExplicitHealthCheckController: Explicit health check supported packages [PackageConfig{com.google.android.networkstack, 86400000}]
06-25 03:41:24.538   521   535 D PackageWatchdog: Received supported packages [PackageConfig{com.google.android.networkstack, 86400000}]
06-25 03:41:24.538   521   535 D ExplicitHealthCheckController: Getting health check requested packages
06-25 03:41:24.539   521  2553 I ExplicitHealthCheckController: Explicit health check requested packages []
06-25 03:41:24.539   521  2553 I ExplicitHealthCheckController: No more health check requests, unbinding...
06-25 03:41:24.539   521   615 I RescueParty: Starting to observe: [android, com.google.android.networkstack], updated namespace: tethering
06-25 03:41:24.539   521  2553 I ExplicitHealthCheckController: Explicit health check service is unbound
06-25 03:41:24.539   521   548 I PackageWatchdog: Syncing state, reason: observing new packages
06-25 03:41:24.539   521   521 I PackageWatchdog: Syncing health check requests for packages: {}
06-25 03:41:24.539   521   521 I ExplicitHealthCheckController: Service not ready to get health check supported packages. Binding...
06-25 03:41:24.540   521   521 I ExplicitHealthCheckController: Explicit health check service is bound
06-25 03:41:24.540   521   548 D PackageWatchdog: rescue-party-observer added the following packages to monitor [android, com.google.android.networkstack]
06-25 03:41:24.541   521   548 I PackageWatchdog: Syncing state, reason: updated observers
06-25 03:41:24.541   521   521 I PackageWatchdog: Syncing health check requests for packages: {}
06-25 03:41:24.541   521   521 I ExplicitHealthCheckController: Service not ready to get health check supported packages. Binding...
06-25 03:41:24.541   521   521 I ExplicitHealthCheckController: Not binding to service, service already connecting
06-25 03:41:24.541   521   548 I PackageWatchdog: Saving observer state to file
06-25 03:41:24.542   521   521 I ExplicitHealthCheckController: Explicit health check service is connected ComponentInfo{com.google.android.ext.services/android.ext.services.watchdog.ExplicitHealthCheckServiceImpl}
06-25 03:41:24.542   521   521 I ExplicitHealthCheckController: Service initialized, syncing requests
06-25 03:41:24.543  7447  7666 D Maestro : Requesting view hierarchy
06-25 03:41:24.544  7447  7666 W QueryController: Could not detect idle state.
06-25 03:41:24.544   521   521 I PackageWatchdog: Syncing health check requests for packages: {}
06-25 03:41:24.544   521   521 D ExplicitHealthCheckController: Getting health check supported packages
06-25 03:41:24.544   521   535 I ExplicitHealthCheckController: Explicit health check supported packages [PackageConfig{com.google.android.networkstack, 86400000}]
06-25 03:41:24.544   521   535 D PackageWatchdog: Received supported packages [PackageConfig{com.google.android.networkstack, 86400000}]
06-25 03:41:24.544   521   535 D ExplicitHealthCheckController: Getting health check requested packages
06-25 03:41:24.544  7447  7666 W QueryController: Could not detect idle state.
06-25 03:41:24.544   521   535 I ExplicitHealthCheckController: Explicit health check requested packages []
06-25 03:41:24.544   521   535 I ExplicitHealthCheckController: No more health check requests, unbinding...
06-25 03:41:24.549   521   535 I ExplicitHealthCheckController: Explicit health check service is unbound
06-25 03:41:24.560  7447  7666 I Maestro : Skipping invisible child: android.view.accessibility.AccessibilityNodeInfo@128a8; boundsInParent: Rect(0, 0 - 320, 0); boundsInScreen: Rect(0, 0 - 320, 0); boundsInWindow: Rect(0, 0 - 320, 0); packageName: com.hanapkalinga.mobile; className: android.widget.LinearLayout; text: null; error: null; maxTextLength: -1; stateDescription: null; contentDescription: null; tooltipText: null; containerTitle: null; viewIdResName: null; uniqueId: null; checkable: false; checked: false; focusable: false; focused: false; selected: false; clickable: false; longClickable: false; contextClickable: false; enabled: true; password: false; scrollable: false; importantForAccessibility: false; visible: false; actions: [AccessibilityAction: ACTION_SELECT - null, AccessibilityAction: ACTION_CLEAR_SELECTION - null, AccessibilityAction: ACTION_ACCESSIBILITY_FOCUS - null, AccessibilityAction: ACTION_SHOW_ON_SCREEN - null]; isTextSelectable: false
06-25 03:41:24.560  7447  7666 I Maestro : Skipping invisible child: android.view.accessibility.AccessibilityNodeInfo@124e7; boundsInParent: Rect(0, 0 - 320, 0); boundsInScreen: Rect(0, 0 - 320, 0); boundsInWindow: Rect(0, 0 - 320, 0); packageName: com.hanapkalinga.mobile; className: android.view.ViewGroup; text: null; error: null; maxTextLength: -1; stateDescription: null; contentDescription: null; tooltipText: null; containerTitle: null; viewIdResName: null; uniqueId: null; checkable: false; checked: false; focusable: false; focused: false; selected: false; clickable: false; longClickable: false; contextClickable: false; enabled: true; password: false; scrollable: false; importantForAccessibility: false; visible: false; actions: [AccessibilityAction: ACTION_SELECT - null, AccessibilityAction: ACTION_CLEAR_SELECTION - null, AccessibilityAction: ACTION_ACCESSIBILITY_FOCUS - null, AccessibilityAction: ACTION_SHOW_ON_SCREEN - null]; isTextSelectable: false
06-25 03:41:24.561  7447  7666 I Maestro : Skipping invisible child: android.view.accessibility.AccessibilityNodeInfo@1a489; boundsInParent: Rect(0, 0 - 320, 0); boundsInScreen: Rect(0, 0 - 320, 0); boundsInWindow: Rect(0, 0 - 320, 0); packageName: com.hanapkalinga.mobile; className: android.widget.LinearLayout; text: null; error: null; maxTextLength: -1; stateDescription: null; contentDescription: null; tooltipText: null; containerTitle: null; viewIdResName: null; uniqueId: null; checkable: false; checked: false; focusable: false; focused: false; selected: false; clickable: false; longClickable: false; contextClickable: false; enabled: true; password: false; scrollable: false; importantForAccessibility: false; visible: false; actions: [AccessibilityAction: ACTION_SELECT - null, AccessibilityAction: ACTION_CLEAR_SELECTION - null, AccessibilityAction: ACTION_ACCESSIBILITY_FOCUS - null, AccessibilityAction: ACTION_SHOW_ON_SCREEN - null]; isTextSelectable: false
06-25 03:41:24.561  7447  7666 I Maestro : Skipping invisible child: android.view.accessibility.AccessibilityNodeInfo@1a0c8; boundsInParent: Rect(0, 0 - 320, 0); boundsInScreen: Rect(0, 0 - 320, 0); boundsInWindow: Rect(0, 0 - 320, 0); packageName: com.hanapkalinga.mobile; className: android.view.ViewGroup; text: null; error: null; maxTextLength: -1; stateDescription: null; contentDescription: null; tooltipText: null; containerTitle: null; viewIdResName: null; uniqueId: null; checkable: false; checked: false; focusable: false; focused: false; selected: false; clickable: false; longClickable: false; contextClickable: false; enabled: true; password: false; scrollable: false; importantForAccessibility: false; visible: false; actions: [AccessibilityAction: ACTION_SELECT - null, AccessibilityAction: ACTION_CLEAR_SELECTION - null, AccessibilityAction: ACTION_ACCESSIBILITY_FOCUS - null, AccessibilityAction: ACTION_SHOW_ON_SCREEN - null]; isTextSelectable: false
06-25 03:41:24.564  7447  7666 D Maestro : View hierarchy received in 21 ms
06-25 03:41:24.569   521   615 I RescueParty: Starting to observe: [android], updated namespace: location
06-25 03:41:24.569   521   548 I PackageWatchdog: Syncing state, reason: observing new packages
06-25 03:41:24.570   521   548 D PackageWatchdog: rescue-party-observer added the following packages to monitor [android]
06-25 03:41:24.570   521   548 I PackageWatchdog: Syncing state, reason: updated observers
06-25 03:41:24.570   521   548 I PackageWatchdog: Saving observer state to file
06-25 03:41:24.572   521   521 I PackageWatchdog: Syncing health check requests for packages: {}
06-25 03:41:24.572   521   521 I ExplicitHealthCheckController: Service not ready to get health check supported packages. Binding...
06-25 03:41:24.573   521   521 I ExplicitHealthCheckController: Explicit health check service is bound
06-25 03:41:24.574   521   521 I PackageWatchdog: Syncing health check requests for packages: {}
06-25 03:41:24.574   521   521 I ExplicitHealthCheckController: Service not ready to get health check supported packages. Binding...
06-25 03:41:24.574   521   521 I ExplicitHealthCheckController: Not binding to service, service already connecting
06-25 03:41:24.575   521   521 I ExplicitHealthCheckController: Explicit health check service is connected ComponentInfo{com.google.android.ext.services/android.ext.services.watchdog.ExplicitHealthCheckServiceImpl}
06-25 03:41:24.575   521   521 I ExplicitHealthCheckController: Service initialized, syncing requests
06-25 03:41:24.575   521   521 I PackageWatchdog: Syncing health check requests for packages: {}
06-25 03:41:24.575   521   521 D ExplicitHealthCheckController: Getting health check supported packages
06-25 03:41:24.578   521   535 I ExplicitHealthCheckController: Explicit health check supported packages [PackageConfig{com.google.android.networkstack, 86400000}]
06-25 03:41:24.578   521   535 D PackageWatchdog: Received supported packages [PackageConfig{com.google.android.networkstack, 86400000}]
06-25 03:41:24.578   521   535 D ExplicitHealthCheckController: Getting health check requested packages
06-25 03:41:24.578   521  2553 I ExplicitHealthCheckController: Explicit health check requested packages []
06-25 03:41:24.578   521  2553 I ExplicitHealthCheckController: No more health check requests, unbinding...
06-25 03:41:24.578   521  2553 I ExplicitHealthCheckController: Explicit health check service is unbound
06-25 03:41:24.660  7447  7666 D Maestro : Requesting view hierarchy
06-25 03:41:24.661  7447  7666 W QueryController: Could not detect idle state.
06-25 03:41:24.661  7447  7666 W QueryController: Could not detect idle state.
06-25 03:41:24.676  7447  7666 I Maestro : Skipping invisible child: android.view.accessibility.AccessibilityNodeInfo@128a8; boundsInParent: Rect(0, 0 - 320, 0); boundsInScreen: Rect(0, 0 - 320, 0); boundsInWindow: Rect(0, 0 - 320, 0); packageName: com.hanapkalinga.mobile; className: android.widget.LinearLayout; text: null; error: null; maxTextLength: -1; stateDescription: null; contentDescription: null; tooltipText: null; containerTitle: null; viewIdResName: null; uniqueId: null; checkable: false; checked: false; focusable: false; focused: false; selected: false; clickable: false; longClickable: false; contextClickable: false; enabled: true; password: false; scrollable: false; importantForAccessibility: false; visible: false; actions: [AccessibilityAction: ACTION_SELECT - null, AccessibilityAction: ACTION_CLEAR_SELECTION - null, AccessibilityAction: ACTION_ACCESSIBILITY_FOCUS - null, AccessibilityAction: ACTION_SHOW_ON_SCREEN - null]; isTextSelectable: false
