--------- beginning of main
06-25 03:41:59.896  7988  8222 W QueryController: Could not detect idle state.
06-25 03:41:59.896  7988  8222 W QueryController: Could not detect idle state.
06-25 03:41:59.927  7988  8222 I Maestro : Skipping invisible child: android.view.accessibility.AccessibilityNodeInfo@10333; boundsInParent: Rect(0, 0 - 320, 0); boundsInScreen: Rect(0, 0 - 320, 0); boundsInWindow: Rect(0, 0 - 320, 0); packageName: com.hanapkalinga.mobile; className: android.widget.LinearLayout; text: null; error: null; maxTextLength: -1; stateDescription: null; contentDescription: null; tooltipText: null; containerTitle: null; viewIdResName: null; uniqueId: null; checkable: false; checked: false; focusable: false; focused: false; selected: false; clickable: false; longClickable: false; contextClickable: false; enabled: true; password: false; scrollable: false; importantForAccessibility: false; visible: false; actions: [AccessibilityAction: ACTION_SELECT - null, AccessibilityAction: ACTION_CLEAR_SELECTION - null, AccessibilityAction: ACTION_ACCESSIBILITY_FOCUS - null, AccessibilityAction: ACTION_SHOW_ON_SCREEN - null]; isTextSelectable: false
06-25 03:41:59.928  7988  8222 I Maestro : Skipping invisible child: android.view.accessibility.AccessibilityNodeInfo@ff72; boundsInParent: Rect(0, 0 - 320, 0); boundsInScreen: Rect(0, 0 - 320, 0); boundsInWindow: Rect(0, 0 - 320, 0); packageName: com.hanapkalinga.mobile; className: android.view.ViewGroup; text: null; error: null; maxTextLength: -1; stateDescription: null; contentDescription: null; tooltipText: null; containerTitle: null; viewIdResName: null; uniqueId: null; checkable: false; checked: false; focusable: false; focused: false; selected: false; clickable: false; longClickable: false; contextClickable: false; enabled: true; password: false; scrollable: false; importantForAccessibility: false; visible: false; actions: [AccessibilityAction: ACTION_SELECT - null, AccessibilityAction: ACTION_CLEAR_SELECTION - null, AccessibilityAction: ACTION_ACCESSIBILITY_FOCUS - null, AccessibilityAction: ACTION_SHOW_ON_SCREEN - null]; isTextSelectable: false
06-25 03:41:59.929  7988  8222 I Maestro : Skipping invisible child: android.view.accessibility.AccessibilityNodeInfo@17f14; boundsInParent: Rect(0, 0 - 320, 0); boundsInScreen: Rect(0, 0 - 320, 0); boundsInWindow: Rect(0, 0 - 320, 0); packageName: com.hanapkalinga.mobile; className: android.widget.LinearLayout; text: null; error: null; maxTextLength: -1; stateDescription: null; contentDescription: null; tooltipText: null; containerTitle: null; viewIdResName: null; uniqueId: null; checkable: false; checked: false; focusable: false; focused: false; selected: false; clickable: false; longClickable: false; contextClickable: false; enabled: true; password: false; scrollable: false; importantForAccessibility: false; visible: false; actions: [AccessibilityAction: ACTION_SELECT - null, AccessibilityAction: ACTION_CLEAR_SELECTION - null, AccessibilityAction: ACTION_ACCESSIBILITY_FOCUS - null, AccessibilityAction: ACTION_SHOW_ON_SCREEN - null]; isTextSelectable: false
06-25 03:41:59.930  7988  8222 I Maestro : Skipping invisible child: android.view.accessibility.AccessibilityNodeInfo@17b53; boundsInParent: Rect(0, 0 - 320, 0); boundsInScreen: Rect(0, 0 - 320, 0); boundsInWindow: Rect(0, 0 - 320, 0); packageName: com.hanapkalinga.mobile; className: android.view.ViewGroup; text: null; error: null; maxTextLength: -1; stateDescription: null; contentDescription: null; tooltipText: null; containerTitle: null; viewIdResName: null; uniqueId: null; checkable: false; checked: false; focusable: false; focused: false; selected: false; clickable: false; longClickable: false; contextClickable: false; enabled: true; password: false; scrollable: false; importantForAccessibility: false; visible: false; actions: [AccessibilityAction: ACTION_SELECT - null, AccessibilityAction: ACTION_CLEAR_SELECTION - null, AccessibilityAction: ACTION_ACCESSIBILITY_FOCUS - null, AccessibilityAction: ACTION_SHOW_ON_SCREEN - null]; isTextSelectable: false
06-25 03:42:00.035  1632  1927 I AiAiEcho: Predicting[0]: 
06-25 03:42:00.035   842   923 D EGL_emulation: app_time_stats: avg=5885.26ms min=14.17ms max=11756.35ms count=2
06-25 03:42:00.035  1632  1927 I AiAiEcho: EchoTargets: 
06-25 03:42:00.035  1632  1927 I AiAiEcho: Filtered by AiAi flag check: 
06-25 03:42:00.036  1632  1927 I AiAiEcho: Ranked targets strategy: SORT, count: 0, ranking metadata: 
06-25 03:42:00.036  1632  1927 I AiAiEcho: #postPredictionTargets: Sending updates to UISurface lockscreen with targets# 0 (types=[])
06-25 03:42:00.042   842   842 W PageIndicator: Total number of pages invalid: 0. Assuming 1 page.
06-25 03:42:00.065  8160  8180 D EGL_emulation: app_time_stats: avg=11.13ms min=2.26ms max=190.56ms count=42
06-25 03:42:00.148   842   842 D StatusBarIconController: ignoring old pipeline callbacks, because the new mobile icons are enabled
06-25 03:42:00.307  7988  8222 D Maestro : View hierarchy received in 412 ms
06-25 03:42:00.369  7988  8222 W QueryController: Could not detect idle state.
06-25 03:42:00.370  7988  8222 W QueryController: Could not detect idle state.
06-25 03:42:00.386  7988  8222 W UiDevice: Skipping wait as package ${APP_ID} does not match current window com.hanapkalinga.mobile.
06-25 03:42:00.395  7988  8222 W QueryController: Could not detect idle state.
06-25 03:42:00.398  7988  8222 W QueryController: Could not detect idle state.
06-25 03:42:00.405  7988  8222 W UiDevice: Skipping wait as package ${APP_ID} does not match current window com.hanapkalinga.mobile.
06-25 03:42:00.420  7988  8222 W QueryController: Could not detect idle state.
06-25 03:42:00.421  7988  8222 W QueryController: Could not detect idle state.
06-25 03:42:00.423  7988  8222 W UiDevice: Skipping wait as package ${APP_ID} does not match current window com.hanapkalinga.mobile.
06-25 03:42:00.435  7988  8222 W QueryController: Could not detect idle state.
06-25 03:42:00.438  7988  8222 W QueryController: Could not detect idle state.
06-25 03:42:00.444  7988  8222 W UiDevice: Skipping wait as package ${APP_ID} does not match current window com.hanapkalinga.mobile.
06-25 03:42:00.453  7988  8222 W QueryController: Could not detect idle state.
06-25 03:42:00.456  7988  8222 W QueryController: Could not detect idle state.
06-25 03:42:00.463  7988  8222 W UiDevice: Skipping wait as package ${APP_ID} does not match current window com.hanapkalinga.mobile.
06-25 03:42:00.509  7988  8222 W QueryController: Could not detect idle state.
06-25 03:42:00.514  7988  8222 W QueryController: Could not detect idle state.
06-25 03:42:00.517  7988  8222 W UiDevice: Skipping wait as package ${APP_ID} does not match current window com.hanapkalinga.mobile.
06-25 03:42:00.524  7988  8222 W QueryController: Could not detect idle state.
06-25 03:42:00.526  7988  8222 W QueryController: Could not detect idle state.
06-25 03:42:00.530  7988  8222 W UiDevice: Skipping wait as package ${APP_ID} does not match current window com.hanapkalinga.mobile.
06-25 03:42:00.535  7988  8222 W QueryController: Could not detect idle state.
06-25 03:42:00.536  7988  8222 W QueryController: Could not detect idle state.
06-25 03:42:00.542  7988  8222 W UiDevice: Skipping wait as package ${APP_ID} does not match current window com.hanapkalinga.mobile.
06-25 03:42:00.547  7988  8222 W QueryController: Could not detect idle state.
06-25 03:42:00.551  7988  8222 W QueryController: Could not detect idle state.
06-25 03:42:00.557  7988  8222 W UiDevice: Skipping wait as package ${APP_ID} does not match current window com.hanapkalinga.mobile.
06-25 03:42:00.563  7988  8222 W QueryController: Could not detect idle state.
06-25 03:42:00.566  7988  8222 W QueryController: Could not detect idle state.
06-25 03:42:00.570  7988  8222 W UiDevice: Skipping wait as package ${APP_ID} does not match current window com.hanapkalinga.mobile.
06-25 03:42:00.576  7988  8222 W QueryController: Could not detect idle state.
06-25 03:42:00.578  7988  8222 W QueryController: Could not detect idle state.
06-25 03:42:00.582  7988  8222 W UiDevice: Skipping wait as package ${APP_ID} does not match current window com.hanapkalinga.mobile.
06-25 03:42:00.587  7988  8222 W QueryController: Could not detect idle state.
06-25 03:42:00.588  7988  8222 W QueryController: Could not detect idle state.
06-25 03:42:00.590  7988  8222 W UiDevice: Skipping wait as package ${APP_ID} does not match current window com.hanapkalinga.mobile.
06-25 03:42:00.596  7988  8222 W QueryController: Could not detect idle state.
06-25 03:42:00.597  7988  8222 W QueryController: Could not detect idle state.
06-25 03:42:00.599  7988  8222 W UiDevice: Skipping wait as package ${APP_ID} does not match current window com.hanapkalinga.mobile.
06-25 03:42:00.606  7988  8222 W QueryController: Could not detect idle state.
06-25 03:42:00.608  7988  8222 W QueryController: Could not detect idle state.
06-25 03:42:00.612  7988  8222 W UiDevice: Skipping wait as package ${APP_ID} does not match current window com.hanapkalinga.mobile.
06-25 03:42:00.617  7988  8222 W QueryController: Could not detect idle state.
06-25 03:42:00.618  7988  8222 W QueryController: Could not detect idle state.
06-25 03:42:00.620  7988  8222 W UiDevice: Skipping wait as package ${APP_ID} does not match current window com.hanapkalinga.mobile.
06-25 03:42:00.667  7988  8222 W QueryController: Could not detect idle state.
06-25 03:42:00.669  7988  8222 W QueryController: Could not detect idle state.
06-25 03:42:00.671  7988  8222 W UiDevice: Skipping wait as package ${APP_ID} does not match current window com.hanapkalinga.mobile.
06-25 03:42:00.677  7988  8222 W QueryController: Could not detect idle state.
06-25 03:42:00.681  7988  8222 W QueryController: Could not detect idle state.
06-25 03:42:00.685  7988  8222 W UiDevice: Skipping wait as package ${APP_ID} does not match current window com.hanapkalinga.mobile.
06-25 03:42:00.691  7988  8222 W QueryController: Could not detect idle state.
06-25 03:42:00.694  7988  8222 W QueryController: Could not detect idle state.
06-25 03:42:00.698  7988  8222 W UiDevice: Skipping wait as package ${APP_ID} does not match current window com.hanapkalinga.mobile.
06-25 03:42:00.704  7988  8222 W QueryController: Could not detect idle state.
06-25 03:42:00.708  7988  8222 W QueryController: Could not detect idle state.
06-25 03:42:00.712  7988  8222 W UiDevice: Skipping wait as package ${APP_ID} does not match current window com.hanapkalinga.mobile.
06-25 03:42:00.718  7988  8222 W QueryController: Could not detect idle state.
06-25 03:42:00.719  7988  8222 W QueryController: Could not detect idle state.
06-25 03:42:00.722  7988  8222 W UiDevice: Skipping wait as package ${APP_ID} does not match current window com.hanapkalinga.mobile.
06-25 03:42:00.728  7988  8222 W QueryController: Could not detect idle state.
06-25 03:42:00.730  7988  8222 W QueryController: Could not detect idle state.
06-25 03:42:00.732  7988  8222 W UiDevice: Skipping wait as package ${APP_ID} does not match current window com.hanapkalinga.mobile.
06-25 03:42:00.738  7988  8222 W QueryController: Could not detect idle state.
06-25 03:42:00.741  7988  8222 W QueryController: Could not detect idle state.
06-25 03:42:00.744  7988  8222 W UiDevice: Skipping wait as package ${APP_ID} does not match current window com.hanapkalinga.mobile.
06-25 03:42:00.750  7988  8222 W QueryController: Could not detect idle state.
06-25 03:42:00.751  7988  8222 W QueryController: Could not detect idle state.
06-25 03:42:00.753  7988  8222 W UiDevice: Skipping wait as package ${APP_ID} does not match current window com.hanapkalinga.mobile.
06-25 03:42:00.759  7988  8222 W QueryController: Could not detect idle state.
06-25 03:42:00.760  7988  8222 W QueryController: Could not detect idle state.
06-25 03:42:00.762  7988  8222 W UiDevice: Skipping wait as package ${APP_ID} does not match current window com.hanapkalinga.mobile.
06-25 03:42:00.768  7988  8222 W QueryController: Could not detect idle state.
06-25 03:42:00.769  7988  8222 W QueryController: Could not detect idle state.
06-25 03:42:00.771  7988  8222 W UiDevice: Skipping wait as package ${APP_ID} does not match current window com.hanapkalinga.mobile.
06-25 03:42:00.776  7988  8222 W QueryController: Could not detect idle state.
06-25 03:42:00.777  7988  8222 W QueryController: Could not detect idle state.
06-25 03:42:00.779  7988  8222 W UiDevice: Skipping wait as package ${APP_ID} does not match current window com.hanapkalinga.mobile.
06-25 03:42:00.783  7988  8222 W QueryController: Could not detect idle state.
06-25 03:42:00.784  7988  8222 W QueryController: Could not detect idle state.
06-25 03:42:00.786  7988  8222 W UiDevice: Skipping wait as package ${APP_ID} does not match current window com.hanapkalinga.mobile.
06-25 03:42:00.791  7988  8222 W QueryController: Could not detect idle state.
06-25 03:42:00.792  7988  8222 W QueryController: Could not detect idle state.
06-25 03:42:00.794  7988  8222 W UiDevice: Skipping wait as package ${APP_ID} does not match current window com.hanapkalinga.mobile.
06-25 03:42:00.800  7988  8222 W QueryController: Could not detect idle state.
06-25 03:42:00.801  7988  8222 W QueryController: Could not detect idle state.
06-25 03:42:00.803  7988  8222 W UiDevice: Skipping wait as package ${APP_ID} does not match current window com.hanapkalinga.mobile.
06-25 03:42:00.809  7988  8222 W QueryController: Could not detect idle state.
06-25 03:42:00.811  7988  8222 W QueryController: Could not detect idle state.
06-25 03:42:00.813  7988  8222 W UiDevice: Skipping wait as package ${APP_ID} does not match current window com.hanapkalinga.mobile.
06-25 03:42:00.819  7988  8222 W QueryController: Could not detect idle state.
06-25 03:42:00.820  7988  8222 W QueryController: Could not detect idle state.
06-25 03:42:00.822  7988  8222 W UiDevice: Skipping wait as package ${APP_ID} does not match current window com.hanapkalinga.mobile.
06-25 03:42:00.868  7988  8222 W QueryController: Could not detect idle state.
06-25 03:42:00.870  7988  8222 W QueryController: Could not detect idle state.
06-25 03:42:00.873  7988  8222 W UiDevice: Skipping wait as package ${APP_ID} does not match current window com.hanapkalinga.mobile.
06-25 03:42:00.878  7988  8222 W QueryController: Could not detect idle state.
06-25 03:42:00.882  7988  8222 W QueryController: Could not detect idle state.
06-25 03:42:00.889  7988  8222 W UiDevice: Skipping wait as package ${APP_ID} does not match current window com.hanapkalinga.mobile.
06-25 03:42:00.938  7988  8222 W QueryController: Could not detect idle state.
06-25 03:42:00.943  7988  8222 W QueryController: Could not detect idle state.
06-25 03:42:00.949  7988  8222 W UiDevice: Skipping wait as package ${APP_ID} does not match current window com.hanapkalinga.mobile.
06-25 03:42:00.999  7988  8222 W QueryController: Could not detect idle state.
06-25 03:42:01.003  7988  8222 W QueryController: Could not detect idle state.
06-25 03:42:01.007  7988  8222 W UiDevice: Skipping wait as package ${APP_ID} does not match current window com.hanapkalinga.mobile.
06-25 03:42:01.016  7988  8222 W QueryController: Could not detect idle state.
06-25 03:42:01.020  7988  8222 W QueryController: Could not detect idle state.
06-25 03:42:01.027  7988  8222 W UiDevice: Skipping wait as package ${APP_ID} does not match current window com.hanapkalinga.mobile.
06-25 03:42:01.034  7988  8222 W QueryController: Could not detect idle state.
06-25 03:42:01.038  7988  8222 W QueryController: Could not detect idle state.
06-25 03:42:01.042  7988  8222 W UiDevice: Skipping wait as package ${APP_ID} does not match current window com.hanapkalinga.mobile.
06-25 03:42:01.050  7988  8222 W QueryController: Could not detect idle state.
06-25 03:42:01.054  7988  8222 W QueryController: Could not detect idle state.
06-25 03:42:01.057  7988  8222 W UiDevice: Skipping wait as package ${APP_ID} does not match current window com.hanapkalinga.mobile.
06-25 03:42:01.063  7988  8222 W QueryController: Could not detect idle state.
06-25 03:42:01.067  7988  8222 W QueryController: Could not detect idle state.
06-25 03:42:01.073  7988  8222 W UiDevice: Skipping wait as package ${APP_ID} does not match current window com.hanapkalinga.mobile.
06-25 03:42:01.079  7988  8222 W QueryController: Could not detect idle state.
06-25 03:42:01.080  7988  8222 W QueryController: Could not detect idle state.
06-25 03:42:01.082  7988  8222 W UiDevice: Skipping wait as package ${APP_ID} does not match current window com.hanapkalinga.mobile.
06-25 03:42:01.088  7988  8222 W QueryController: Could not detect idle state.
06-25 03:42:01.089  7988  8222 W QueryController: Could not detect idle state.
06-25 03:42:01.092  7988  8222 W UiDevice: Skipping wait as package ${APP_ID} does not match current window com.hanapkalinga.mobile.
06-25 03:42:01.098  7988  8222 W QueryController: Could not detect idle state.
06-25 03:42:01.099  7988  8222 W QueryController: Could not detect idle state.
06-25 03:42:01.100  7988  8222 W UiDevice: Skipping wait as package ${APP_ID} does not match current window com.hanapkalinga.mobile.
06-25 03:42:01.106  7988  8222 W QueryController: Could not detect idle state.
06-25 03:42:01.107  7988  8222 W QueryController: Could not detect idle state.
06-25 03:42:01.110  7988  8222 W UiDevice: Skipping wait as package ${APP_ID} does not match current window com.hanapkalinga.mobile.
06-25 03:42:01.121  7988  8222 D Maestro : Requesting view hierarchy
06-25 03:42:01.121  7988  8222 W QueryController: Could not detect idle state.
06-25 03:42:01.122  7988  8222 W QueryController: Could not detect idle state.
06-25 03:42:01.144  7988  8222 I Maestro : Skipping invisible child: android.view.accessibility.AccessibilityNodeInfo@10333; boundsInParent: Rect(0, 0 - 320, 0); boundsInScreen: Rect(0, 0 - 320, 0); boundsInWindow: Rect(0, 0 - 320, 0); packageName: com.hanapkalinga.mobile; className: android.widget.LinearLayout; text: null; error: null; maxTextLength: -1; stateDescription: null; contentDescription: null; tooltipText: null; containerTitle: null; viewIdResName: null; uniqueId: null; checkable: false; checked: false; focusable: false; focused: false; selected: false; clickable: false; longClickable: false; contextClickable: false; enabled: true; password: false; scrollable: false; importantForAccessibility: false; visible: false; actions: [AccessibilityAction: ACTION_SELECT - null, AccessibilityAction: ACTION_CLEAR_SELECTION - null, AccessibilityAction: ACTION_ACCESSIBILITY_FOCUS - null, AccessibilityAction: ACTION_SHOW_ON_SCREEN - null]; isTextSelectable: false
06-25 03:42:01.145  7988  8222 I Maestro : Skipping invisible child: android.view.accessibility.AccessibilityNodeInfo@ff72; boundsInParent: Rect(0, 0 - 320, 0); boundsInScreen: Rect(0, 0 - 320, 0); boundsInWindow: Rect(0, 0 - 320, 0); packageName: com.hanapkalinga.mobile; className: android.view.ViewGroup; text: null; error: null; maxTextLength: -1; stateDescription: null; contentDescription: null; tooltipText: null; containerTitle: null; viewIdResName: null; uniqueId: null; checkable: false; checked: false; focusable: false; focused: false; selected: false; clickable: false; longClickable: false; contextClickable: false; enabled: true; password: false; scrollable: false; importantForAccessibility: false; visible: false; actions: [AccessibilityAction: ACTION_SELECT - null, AccessibilityAction: ACTION_CLEAR_SELECTION - null, AccessibilityAction: ACTION_ACCESSIBILITY_FOCUS - null, AccessibilityAction: ACTION_SHOW_ON_SCREEN - null]; isTextSelectable: false
06-25 03:42:01.146  7988  8222 I Maestro : Skipping invisible child: android.view.accessibility.AccessibilityNodeInfo@17f14; boundsInParent: Rect(0, 0 - 320, 0); boundsInScreen: Rect(0, 0 - 320, 0); boundsInWindow: Rect(0, 0 - 320, 0); packageName: com.hanapkalinga.mobile; className: android.widget.LinearLayout; text: null; error: null; maxTextLength: -1; stateDescription: null; contentDescription: null; tooltipText: null; containerTitle: null; viewIdResName: null; uniqueId: null; checkable: false; checked: false; focusable: false; focused: false; selected: false; clickable: false; longClickable: false; contextClickable: false; enabled: true; password: false; scrollable: false; importantForAccessibility: false; visible: false; actions: [AccessibilityAction: ACTION_SELECT - null, AccessibilityAction: ACTION_CLEAR_SELECTION - null, AccessibilityAction: ACTION_ACCESSIBILITY_FOCUS - null, AccessibilityAction: ACTION_SHOW_ON_SCREEN - null]; isTextSelectable: false
06-25 03:42:01.147  7988  8222 I Maestro : Skipping invisible child: android.view.accessibility.AccessibilityNodeInfo@17b53; boundsInParent: Rect(0, 0 - 320, 0); boundsInScreen: Rect(0, 0 - 320, 0); boundsInWindow: Rect(0, 0 - 320, 0); packageName: com.hanapkalinga.mobile; className: android.view.ViewGroup; text: null; error: null; maxTextLength: -1; stateDescription: null; contentDescription: null; tooltipText: null; containerTitle: null; viewIdResName: null; uniqueId: null; checkable: false; checked: false; focusable: false; focused: false; selected: false; clickable: false; longClickable: false; contextClickable: false; enabled: true; password: false; scrollable: false; importantForAccessibility: false; visible: false; actions: [AccessibilityAction: ACTION_SELECT - null, AccessibilityAction: ACTION_CLEAR_SELECTION - null, AccessibilityAction: ACTION_ACCESSIBILITY_FOCUS - null, AccessibilityAction: ACTION_SHOW_ON_SCREEN - null]; isTextSelectable: false
06-25 03:42:01.166  7988  8222 D Maestro : View hierarchy received in 45 ms
06-25 03:42:01.466  7988  8222 D Maestro : Requesting view hierarchy
06-25 03:42:01.467  7988  8222 W QueryController: Could not detect idle state.
06-25 03:42:01.467  7988  8222 W QueryController: Could not detect idle state.
06-25 03:42:01.486  7988  8222 I Maestro : Skipping invisible child: android.view.accessibility.AccessibilityNodeInfo@10333; boundsInParent: Rect(0, 0 - 320, 0); boundsInScreen: Rect(0, 0 - 320, 0); boundsInWindow: Rect(0, 0 - 320, 0); packageName: com.hanapkalinga.mobile; className: android.widget.LinearLayout; text: null; error: null; maxTextLength: -1; stateDescription: null; contentDescription: null; tooltipText: null; containerTitle: null; viewIdResName: null; uniqueId: null; checkable: false; checked: false; focusable: false; focused: false; selected: false; clickable: false; longClickable: false; contextClickable: false; enabled: true; password: false; scrollable: false; importantForAccessibility: false; visible: false; actions: [AccessibilityAction: ACTION_SELECT - null, AccessibilityAction: ACTION_CLEAR_SELECTION - null, AccessibilityAction: ACTION_ACCESSIBILITY_FOCUS - null, AccessibilityAction: ACTION_SHOW_ON_SCREEN - null]; isTextSelectable: false
06-25 03:42:01.486  7988  8222 I Maestro : Skipping invisible child: android.view.accessibility.AccessibilityNodeInfo@ff72; boundsInParent: Rect(0, 0 - 320, 0); boundsInScreen: Rect(0, 0 - 320, 0); boundsInWindow: Rect(0, 0 - 320, 0); packageName: com.hanapkalinga.mobile; className: android.view.ViewGroup; text: null; error: null; maxTextLength: -1; stateDescription: null; contentDescription: null; tooltipText: null; containerTitle: null; viewIdResName: null; uniqueId: null; checkable: false; checked: false; focusable: false; focused: false; selected: false; clickable: false; longClickable: false; contextClickable: false; enabled: true; password: false; scrollable: false; importantForAccessibility: false; visible: false; actions: [AccessibilityAction: ACTION_SELECT - null, AccessibilityAction: ACTION_CLEAR_SELECTION - null, AccessibilityAction: ACTION_ACCESSIBILITY_FOCUS - null, AccessibilityAction: ACTION_SHOW_ON_SCREEN - null]; isTextSelectable: false
06-25 03:42:01.487  7988  8222 I Maestro : Skipping invisible child: android.view.accessibility.AccessibilityNodeInfo@17f14; boundsInParent: Rect(0, 0 - 320, 0); boundsInScreen: Rect(0, 0 - 320, 0); boundsInWindow: Rect(0, 0 - 320, 0); packageName: com.hanapkalinga.mobile; className: android.widget.LinearLayout; text: null; error: null; maxTextLength: -1; stateDescription: null; contentDescription: null; tooltipText: null; containerTitle: null; viewIdResName: null; uniqueId: null; checkable: false; checked: false; focusable: false; focused: false; selected: false; clickable: false; longClickable: false; contextClickable: false; enabled: true; password: false; scrollable: false; importantForAccessibility: false; visible: false; actions: [AccessibilityAction: ACTION_SELECT - null, AccessibilityAction: ACTION_CLEAR_SELECTION - null, AccessibilityAction: ACTION_ACCESSIBILITY_FOCUS - null, AccessibilityAction: ACTION_SHOW_ON_SCREEN - null]; isTextSelectable: false
06-25 03:42:01.487  7988  8222 I Maestro : Skipping invisible child: android.view.accessibility.AccessibilityNodeInfo@17b53; boundsInParent: Rect(0, 0 - 320, 0); boundsInScreen: Rect(0, 0 - 320, 0); boundsInWindow: Rect(0, 0 - 320, 0); packageName: com.hanapkalinga.mobile; className: android.view.ViewGroup; text: null; error: null; maxTextLength: -1; stateDescription: null; contentDescription: null; tooltipText: null; containerTitle: null; viewIdResName: null; uniqueId: null; checkable: false; checked: false; focusable: false; focused: false; selected: false; clickable: false; longClickable: false; contextClickable: false; enabled: true; password: false; scrollable: false; importantForAccessibility: false; visible: false; actions: [AccessibilityAction: ACTION_SELECT - null, AccessibilityAction: ACTION_CLEAR_SELECTION - null, AccessibilityAction: ACTION_ACCESSIBILITY_FOCUS - null, AccessibilityAction: ACTION_SHOW_ON_SCREEN - null]; isTextSelectable: false
06-25 03:42:01.501  7988  8222 D Maestro : View hierarchy received in 35 ms
06-25 03:42:01.613  1105  1105 D TaplEvents: TIS / TouchInteractionService.onInputEvent: MotionEvent { action=ACTION_DOWN, actionButton=0, id[0]=0, x[0]=160.0, y[0]=223.0, toolType[0]=TOOL_TYPE_FINGER, buttonState=0, classification=NONE, metaState=0, flags=0x0, edgeFlags=0x0, pointerCount=1, historySize=0, eventTime=357186, downTime=357186, deviceId=-1, source=0x1002, displayId=0, eventId=-202074355 }
06-25 03:42:01.715  1105  1105 D TaplEvents: TIS / TouchInteractionService.onInputEvent: MotionEvent { action=ACTION_UP, actionButton=0, id[0]=0, x[0]=160.0, y[0]=223.0, toolType[0]=TOOL_TYPE_FINGER, buttonState=0, classification=NONE, metaState=0, flags=0x0, edgeFlags=0x0, pointerCount=1, historySize=0, eventTime=357308, downTime=357186, deviceId=-1, source=0x1002, displayId=0, eventId=-1013674610 }
--------- beginning of system
06-25 03:42:01.717   521  2553 W FillRequestEventLogger: Couldn't find packageName: com.google.android.inputmethod.latin
06-25 03:42:01.718   521   521 D AutofillInlineSuggestionsRequestSession: onCreateInlineSuggestionsRequestLocked called: 1073741824@1768562344
06-25 03:42:01.718   521  2555 D AutofillInlineSuggestionsRequestSession: onInlineSuggestionsSessionInvalidated() called.
06-25 03:42:01.719   521  2553 D CompatibilityChangeReporter: Compat change id reported: 214016041; UID 10192; state: ENABLED
06-25 03:42:01.719  1530  1530 I GoogleInputMethodService: GoogleInputMethodService.onFinishInput():3227 
06-25 03:42:01.719  8160  8160 I ImeTracker: com.hanapkalinga.mobile:7bee8a1b: onRequestShow at ORIGIN_CLIENT_SHOW_SOFT_INPUT reason SHOW_SOFT_INPUT
06-25 03:42:01.720  8160  8160 D InputMethodManager: showSoftInput() view=com.facebook.react.views.textinput.ReactEditText{96eeca0 VFED..CL. .F.P..ID 33,178-287,220 #54 aid=1073741824} flags=0 reason=SHOW_SOFT_INPUT
06-25 03:42:01.720  1530  1530 I GoogleInputMethodService: GoogleInputMethodService.updateDeviceLockedStatus():2087 repeatCheckTimes = 0, unlocked = true
06-25 03:42:01.720   521   959 D OomAdjuster: Not killing cached processes
06-25 03:42:01.723  1530  1530 I GoogleInputMethodService: GoogleInputMethodService.onStartInput():1877 onStartInput(EditorInfo{inputType=0x21(EmailAddress) imeOptions=0x8000006 privateImeOptions=null actionName=DONE actionLabel=null actionId=0 initialSelStart=0 initialSelEnd=0 initialCapsMode=0x0 hintText=non-empty label=null packageName=com.hanapkalinga.mobile fieldId=84 fieldName=null extras=Bundle[mParcelledData.dataSize=240]}, false)
06-25 03:42:01.723  1530  1530 I GoogleInputMethodService: GoogleInputMethodService.shouldHideHeaderOnInitialState():4008 ShouldHideHeaderOnInitialState = false
06-25 03:42:01.723   521  1259 D AutofillInlineSuggestionsRequestSession: onInlineSuggestionsRequest() received: InlineSuggestionsRequest { maxSuggestionCount = 9, inlinePresentationSpecs = [InlinePresentationSpec { minSize = 42x38, maxSize = 240x38, style = Bundle[mParcelledData.dataSize=2816] }, InlinePresentationSpec { minSize = 42x38, maxSize = 240x38, style = Bundle[mParcelledData.dataSize=2816] }, InlinePresentationSpec { minSize = 42x38, maxSize = 240x38, style = Bundle[mParcelledData.dataSize=2816] }, InlinePresentationSpec { minSize = 42x38, maxSize = 240x38, style = Bundle[mParcelledData.dataSize=2816] }, InlinePresentationSpec { minSize = 42x38, maxSize = 240x38, style = Bundle[mParcelledData.dataSize=2816] }, InlinePresentationSpec { minSize = 42x38, maxSize = 240x38, style = Bundle[mParcelledData.dataSize=2816] }, InlinePresentationSpec { minSize = 42x38, maxSize = 240x38, style = Bundle[mParcelledData.dataSize=2816] }, InlinePresentationSpec { minSize = 42x38, maxSize = 240x38, style = Bundle[mParcelledData.dataSize=2816] }, InlinePresentationSpec { minSize = 42x38, maxSize = 240x38, style = Bundle[mParcelledData.dataSize=2816] }], hostPackageName = com.google.android.inputmethod.latin, supportedLocales = [en_US], extras = Bundle[EMPTY_PARCEL], hostInputToken = android.os.BinderProxy@26fdab7, hostDisplayId = 0, inlineTooltipPresentationSpec = null }
06-25 03:42:01.724  1530  1530 I GoogleInputMethodService: GoogleInputMethodService.updateDeviceLockedStatus():2087 repeatCheckTimes = 2, unlocked = true
06-25 03:42:01.729  8160  8180 D EGL_emulation: app_time_stats: avg=83.47ms min=3.18ms max=1252.39ms count=16
06-25 03:42:01.725  1530  1530 I DeviceModeUtil: DeviceModeUtil.getDeviceMode():122 Get device mode phone by ui mode:1 and smallestScreenWidthDp:320
06-25 03:42:01.730   397   411 D audioserver: FGS Logger Transaction failed
06-25 03:42:01.731   397   411 D audioserver: -129
06-25 03:42:01.731  1530  1530 I GoogleInputMethodService: GoogleInputMethodService.onStartInputView():1995 onStartInputView(EditorInfo{inputType=0x21(EmailAddress) imeOptions=0x8000006 privateImeOptions=null actionName=DONE actionLabel=null actionId=0 initialSelStart=0 initialSelEnd=0 initialCapsMode=0x0 hintText=non-empty label=null packageName=com.hanapkalinga.mobile fieldId=84 fieldName=null extras=Bundle[{android.support.text.emoji.emojiCompat_metadataVersion=9, android.support.text.emoji.emojiCompat_replaceAll=false}]}, false)
06-25 03:42:01.732   397   504 D AudioFlinger: mixer(0x7bdf4df6a930) throttle end: throttle time(34)
06-25 03:42:01.732  1530  1530 I GoogleInputMethodService: GoogleInputMethodService.updateDeviceLockedStatus():2087 repeatCheckTimes = 2, unlocked = true
06-25 03:42:01.733  1530  1530 W ModuleManager: ModuleManager.loadModule():450 Module erj is not available
06-25 03:42:01.733  1530  1615 I DeviceModeUtil: DeviceModeUtil.getDeviceMode():122 Get device mode phone by ui mode:1 and smallestScreenWidthDp:320
06-25 03:42:01.733  1530  1530 I KeyboardViewUtil: KeyboardViewUtil.getKeyboardHeightRatio():189 systemKeyboardHeightRatio:1.000000; userKeyboardHeightRatio:1.000000.
06-25 03:42:01.733  1530  1530 I AndroidIME: AbstractIme.onActivate():86 LatinIme.onActivate() : EditorInfo = inputType=0x21(EmailAddress) imeOptions=0x8000006 privateImeOptions=null actionName=DONE actionLabel=null actionId=0 initialSelStart=0 initialSelEnd=0 initialCapsMode=0x0 hintText=non-empty label=null packageName=com.hanapkalinga.mobile fieldId=84 fieldName=null extras=Bundle[{android.support.text.emoji.emojiCompat_metadataVersion=9, android.support.text.emoji.emojiCompat_replaceAll=false}], IncognitoMode = false, DeviceLocked = false
06-25 03:42:01.734  1530  1530 I Delight5Facilitator: Delight5Facilitator.initializeForIme():777 initializeForIme() : Locale = [en_US], layout = qwerty
06-25 03:42:01.734  1530  1530 I VoiceInputManagerWrapper: VoiceInputManagerWrapper.cancelShutdown():55 cancelShutdown()
06-25 03:42:01.734  1530  1530 I VoiceInputManagerWrapper: VoiceInputManagerWrapper.syncLanguagePacks():67 syncLanguagePacks()
06-25 03:42:01.734  1530  6367 I SpeechFactory: SpeechRecognitionFactory.maybeScheduleAutoPackDownloadForFallback():205 maybeScheduleAutoPackDownloadForFallback()
06-25 03:42:01.734  1530  1530 I LatinIme: LatinIme.updateEnableInlineSuggestionsOnDecoderSideFlags():1003 inline flag updated to:false
06-25 03:42:01.734  1530  6367 I FallbackOnDeviceRecognitionProvider: FallbackOnDeviceRecognitionProvider.maybeScheduleAutoPackDownload():195 maybeScheduleAutoPackDownload() for language tag en-US
06-25 03:42:01.737  1530  1530 I KeyboardWrapper: KeyboardWrapper.consumeEvent():275 Skip consuming an event as current keyboard is deactivated (state=0, keyboard existence=true)
06-25 03:42:01.743  1530  1530 I KeyboardViewHelper: KeyboardViewHelper.getView():170 Get view with height ratio:1.000000
06-25 03:42:01.748  8160  8160 I AssistStructure: Flattened final assist data: 2592 bytes, containing 1 windows, 14 views
06-25 03:42:01.748   521  1259 D AutofillSession: createPendingIntent for request 12
06-25 03:42:01.749   521  1259 D ContentCapturePerUserService: Notified activity assist data for activity: Token{a201c78 ActivityRecord{49b92ea u0 com.hanapkalinga.mobile/.MainActivity t13}} without a session Id
06-25 03:42:01.749  8160  8160 I ImeTracker: com.hanapkalinga.mobile:805f852e: onRequestShow at ORIGIN_CLIENT_SHOW_SOFT_INPUT reason SHOW_SOFT_INPUT
06-25 03:42:01.749  8160  8160 D InputMethodManager: showSoftInput() view=com.facebook.react.views.textinput.ReactEditText{96eeca0 VFED..CL. .F...... 33,178-287,220 #54 aid=1073741824} flags=0 reason=SHOW_SOFT_INPUT
06-25 03:42:01.752  1530  1530 I KeyboardViewUtil: KeyboardViewUtil.calculateMaxKeyboardBodyHeight():40 leave 110 height for app when screen height:640, header height:38 and isFullscreenMode:false, so the max keyboard body height is:492
06-25 03:42:01.753  1530  1530 I DeviceModeUtil: DeviceModeUtil.getDeviceMode():122 Get device mode phone by ui mode:1 and smallestScreenWidthDp:320
06-25 03:42:01.757  1530  1530 I GoogleInputMethodService: GoogleInputMethodService.setKeyboardViewShown():3483 setKeyboardViewShown() : type = HEADER, shownType = SHOW_OPTIONAL
06-25 03:42:01.757  1530  1530 I GoogleInputMethodService: GoogleInputMethodService.setKeyboardViewShown():3530 setKeyboardViewShown() : shouldShow = true
06-25 03:42:01.757  1530  1530 I GoogleInputMethodService: GoogleInputMethodService.setKeyboardViewShown():3483 setKeyboardViewShown() : type = BODY, shownType = SHOW_MANDATORY
06-25 03:42:01.757  1530  1530 I GoogleInputMethodService: GoogleInputMethodService.setKeyboardViewShown():3530 setKeyboardViewShown() : shouldShow = true
06-25 03:42:01.757  1530  1530 I GoogleInputMethodService: GoogleInputMethodService.setKeyboardViewShown():3483 setKeyboardViewShown() : type = FLOATING_CANDIDATES, shownType = HIDE
06-25 03:42:01.758  1530  1530 I GoogleInputMethodService: GoogleInputMethodService.setKeyboardViewShown():3530 setKeyboardViewShown() : shouldShow = false
06-25 03:42:01.760  1530  1530 I KeyboardViewUtil: KeyboardViewUtil.calculateMaxKeyboardBodyHeight():40 leave 110 height for app when screen height:640, header height:38 and isFullscreenMode:false, so the max keyboard body height is:492
06-25 03:42:01.761  1530  1530 I DeviceModeUtil: DeviceModeUtil.getDeviceMode():122 Get device mode phone by ui mode:1 and smallestScreenWidthDp:320
06-25 03:42:01.762  1530  1530 I DeviceModeUtil: DeviceModeUtil.getDeviceMode():122 Get device mode phone by ui mode:1 and smallestScreenWidthDp:320
06-25 03:42:01.763  1530  1530 I DeviceModeUtil: DeviceModeUtil.getDeviceMode():122 Get device mode phone by ui mode:1 and smallestScreenWidthDp:320
06-25 03:42:01.763  1530  1530 I KeyboardModeManager: KeyboardModeManager.setInputView():364 setInputView() : supportsOneHandedMode=true
06-25 03:42:01.763  1530  1530 I NormalModeController: NormalModeController.getKeyboardBodyViewHolderPaddingBottom():116 currentPrimeKeyboardType:SOFT systemPaddingBottom:-1
06-25 03:42:01.763  1530  1530 I NormalModeController: NormalModeController.getKeyboardBodyViewHolderPaddingBottom():116 currentPrimeKeyboardType:SOFT systemPaddingBottom:-1
06-25 03:42:01.763  1530  1530 I KeyboardModeManager: KeyboardModeManager.setInputView():356 setInputView() : entry=hwn{languageTag=en-US, variant=qwerty, hasLocalizedResources=true, conditionCacheKey=_device=phone_device_size=default_enable_adaptive_text_editing=true_enable_inline_suggestions_on_client_side=false_enable_large_tablet_batch_1=false_enable_large_tablet_batch_2=false_enable_more_candidates_view_for_multilingual=false_enable_nav_redesign=false_enable_number_row=false_enable_preemptive_decode=true_enable_secondary_symbols=false_expressions=normal_four_or_more_letter_rows=false_keyboard_mode=normal_language=en-US_orientation=portrait_physical_keyboard=qwerty_show_secondary_digits=true_show_suggestions=true_split_with_duplicate_keys=true_variant=qwerty, imeDef.stringId=ime_english_united_states, imeDef.className=com.google.android.apps.inputmethod.libs.latin5.LatinIme, imeDef.languageTag=en-US}
06-25 03:42:01.765  1530  1530 I CurrentMicStatusHolder: CurrentMicStatusHolder.onStartInputView():79 Current Mic status = {MicIconHidden-EmailInputType,}
06-25 03:42:01.765  1530  1530 I VoiceImeExtension: VoiceImeExtension.shouldStartVoiceInputAutomatically():383 No private IME option set to start voice input.
06-25 03:42:01.773   521  2560 D CoreBackPreview: Window{62336d8 u0 com.hanapkalinga.mobile/com.hanapkalinga.mobile.MainActivity}: Setting back callback OnBackInvokedCallbackInfo{mCallback=android.window.IOnBackInvokedCallback$Stub$Proxy@522a1d7, mPriority=0, mIsAnimationCallback=false}
06-25 03:42:01.775  6015  6015 D BoundBrokerSvc: onBind: Intent { act=com.google.firebase.dynamiclinks.service.START pkg=com.google.android.gms }
06-25 03:42:01.776  6015  6015 D BoundBrokerSvc: Loading bound service for intent: Intent { act=com.google.firebase.dynamiclinks.service.START pkg=com.google.android.gms }
06-25 03:42:01.784  5911  5911 W AutofillChimeraService: Pending fill request while another request in the same session was triggered. [CONTEXT service_id=177 ]
06-25 03:42:01.785   521   521 W FillRequestEventLogger: Shouldn't be logging AutofillFillRequestReported again for same event
06-25 03:42:01.786   521   521 W FillResponseEventLogger: Shouldn't be logging AutofillFillRequestReported again for same event
06-25 03:42:01.786   521   521 D AutofillSession: clearPendingIntentLocked
06-25 03:42:01.786   521   539 D AutofillUI: destroySaveUiUiThread(): already destroyed
06-25 03:42:01.787   521   521 D AutofillInlineSuggestionsRequestSession: onInlineSuggestionsResponseLocked called for:1073741824@1768562344
06-25 03:42:01.788   521   521 D AutofillInlineSuggestionsRequestSession: maybeNotifyFillUiEventLoked(): hasSuggestionToShow=false, mPreviousHasNonPinSuggestionShow=false
06-25 03:42:01.788   521   521 D AutofillInlineSuggestionsRequestSession: Send inline response: 0
06-25 03:42:01.789  1530  1530 I DeviceModeUtil: DeviceModeUtil.getDeviceMode():122 Get device mode phone by ui mode:1 and smallestScreenWidthDp:320
06-25 03:42:01.790  1530  1530 I DeviceModeUtil: DeviceModeUtil.getDeviceMode():122 Get device mode phone by ui mode:1 and smallestScreenWidthDp:320
06-25 03:42:01.790   521  1004 I ImeTracker: com.hanapkalinga.mobile:7bee8a1b: onFailed at PHASE_WM_SHOW_IME_RUNNER
06-25 03:42:01.790  1530  1530 I DeviceModeUtil: DeviceModeUtil.getDeviceMode():122 Get device mode phone by ui mode:1 and smallestScreenWidthDp:320
06-25 03:42:01.791  1530  1530 I NormalModeController: NormalModeController.getKeyboardBodyViewHolderPaddingBottom():116 currentPrimeKeyboardType:SOFT systemPaddingBottom:-1
06-25 03:42:01.793  8160  8160 D InsetsController: show(ime(), fromIme=true)
06-25 03:42:01.794  1530  1921 I Delight5Decoder: Delight5DecoderWrapper.setKeyboardLayout():457 setKeyboardLayout()
06-25 03:42:01.796  1530  1921 I Delight5Decoder: Delight5DecoderWrapper.setKeyboardLayout():457 setKeyboardLayout()
06-25 03:42:01.796  1537  1537 V InlineSuggestionRenderService: handleDestroySuggestionViews called for 0:1768562344
06-25 03:42:01.812  6015  6015 D BoundBrokerSvc: onBind: Intent { act=com.google.android.gms.common.BIND_SHARED_PREFS pkg=com.google.android.gms }
06-25 03:42:01.813  6015  6015 D BoundBrokerSvc: Loading bound service for intent: Intent { act=com.google.android.gms.common.BIND_SHARED_PREFS pkg=com.google.android.gms }
06-25 03:42:01.816  6015  6015 D BoundBrokerSvc: onUnbind: Intent { act=com.google.android.gms.common.BIND_SHARED_PREFS pkg=com.google.android.gms }
06-25 03:42:01.817  8160  8160 I ImeTracker: com.hanapkalinga.mobile:805f852e: onShown
06-25 03:42:01.818  1530  1574 W SP      : File ref is being finalized but wasn't closed, file: main_en_us_2022101700_1[16]
06-25 03:42:01.818  1530  1574 W SP      : File ref is being finalized but wasn't closed, file: main_en_840_2022102600_1[12]
06-25 03:42:01.818  1530  1574 W SP      : File ref is being finalized but wasn't closed, file: main_en_us_2022051700_2[12]
06-25 03:42:01.818  1530  1574 W SP      : File ref is being finalized but wasn't closed, file: main_en_us_2022101700_1[16]
06-25 03:42:01.818  1530  1574 W SP      : File ref is being finalized but wasn't closed, file: main_en_840_2022102600_1[12]
06-25 03:42:01.821  6015  6015 D BoundBrokerSvc: onBind: Intent { act=com.google.android.gms.common.BIND_SHARED_PREFS pkg=com.google.android.gms }
06-25 03:42:01.821  6015  6015 D BoundBrokerSvc: Loading bound service for intent: Intent { act=com.google.android.gms.common.BIND_SHARED_PREFS pkg=com.google.android.gms }
06-25 03:42:01.822  6015  6015 D BoundBrokerSvc: onUnbind: Intent { act=com.google.android.gms.common.BIND_SHARED_PREFS pkg=com.google.android.gms }
06-25 03:42:01.891   397   504 D audioserver: FGS Logger Transaction failed
06-25 03:42:01.892   397   504 D audioserver: -129
06-25 03:42:01.939  1530  1530 W TooltipLifecycleManager: TooltipLifecycleManager.dismissTooltips():159 Tooltip with id spell_check_add_to_dictionary not found in tooltipManager.
06-25 03:42:02.353  7988  8222 W QueryController: Could not detect idle state.
06-25 03:42:02.354  7988  8222 D Maestro : Requesting view hierarchy
06-25 03:42:02.355  7988  8222 W QueryController: Could not detect idle state.
06-25 03:42:02.355  7988  8222 W QueryController: Could not detect idle state.
06-25 03:42:02.437  7988  8222 I Maestro : Skipping invisible child: android.view.accessibility.AccessibilityNodeInfo@13b7d; boundsInParent: Rect(0, 0 - 320, 0); boundsInScreen: Rect(0, 640 - 320, 640); boundsInWindow: Rect(0, 640 - 320, 640); packageName: com.google.android.inputmethod.latin; className: android.widget.FrameLayout; text: null; error: null; maxTextLength: -1; stateDescription: null; contentDescription: null; tooltipText: null; containerTitle: null; viewIdResName: com.google.android.inputmethod.latin:id/0_resource_name_obfuscated; uniqueId: null; checkable: false; checked: false; focusable: false; focused: false; selected: false; clickable: false; longClickable: false; contextClickable: false; enabled: true; password: false; scrollable: false; importantForAccessibility: false; visible: false; actions: [AccessibilityAction: ACTION_SELECT - null, AccessibilityAction: ACTION_CLEAR_SELECTION - null, AccessibilityAction: ACTION_ACCESSIBILITY_FOCUS - null, AccessibilityAction: ACTION_SHOW_ON_SCREEN - null]; isTextSelectable: false
06-25 03:42:02.438  7988  8222 I Maestro : Skipping invisible child: android.view.accessibility.AccessibilityNodeInfo@13f3e; boundsInParent: Rect(0, 0 - 320, 0); boundsInScreen: Rect(0, 640 - 320, 640); boundsInWindow: Rect(0, 640 - 320, 640); packageName: com.google.android.inputmethod.latin; className: android.view.View; text: null; error: null; maxTextLength: -1; stateDescription: null; contentDescription: null; tooltipText: null; containerTitle: null; viewIdResName: com.google.android.inputmethod.latin:id/0_resource_name_obfuscated; uniqueId: null; checkable: false; checked: false; focusable: false; focused: false; selected: false; clickable: true; longClickable: false; contextClickable: false; enabled: true; password: false; scrollable: false; importantForAccessibility: true; visible: false; actions: [AccessibilityAction: ACTION_SELECT - null, AccessibilityAction: ACTION_CLEAR_SELECTION - null, AccessibilityAction: ACTION_CLICK - null, AccessibilityAction: ACTION_ACCESSIBILITY_FOCUS - null, AccessibilityAction: ACTION_SHOW_ON_SCREEN - null]; isTextSelectable: false
06-25 03:42:02.439  7988  8222 I Maestro : Skipping invisible child: android.view.accessibility.AccessibilityNodeInfo@d622; boundsInParent: Rect(0, 0 - 320, 0); boundsInScreen: Rect(0, 640 - 320, 640); boundsInWindow: Rect(0, 640 - 320, 640); packageName: com.google.android.inputmethod.latin; className: android.widget.FrameLayout; text: null; error: null; maxTextLength: -1; stateDescription: null; contentDescription: null; tooltipText: null; containerTitle: null; viewIdResName: null; uniqueId: null; checkable: false; checked: false; focusable: false; focused: false; selected: false; clickable: false; longClickable: false; contextClickable: false; enabled: true; password: false; scrollable: false; importantForAccessibility: false; visible: false; actions: [AccessibilityAction: ACTION_SELECT - null, AccessibilityAction: ACTION_CLEAR_SELECTION - null, AccessibilityAction: ACTION_ACCESSIBILITY_FOCUS - null, AccessibilityAction: ACTION_SHOW_ON_SCREEN - null]; isTextSelectable: false
06-25 03:42:02.451  7988  8222 I Maestro : Skipping invisible child: android.view.accessibility.AccessibilityNodeInfo@10333; boundsInParent: Rect(0, 0 - 320, 0); boundsInScreen: Rect(0, 0 - 320, 0); boundsInWindow: Rect(0, 0 - 320, 0); packageName: com.hanapkalinga.mobile; className: android.widget.LinearLayout; text: null; error: null; maxTextLength: -1; stateDescription: null; contentDescription: null; tooltipText: null; containerTitle: null; viewIdResName: null; uniqueId: null; checkable: false; checked: false; focusable: false; focused: false; selected: false; clickable: false; longClickable: false; contextClickable: false; enabled: true; password: false; scrollable: false; importantForAccessibility: false; visible: false; actions: [AccessibilityAction: ACTION_SELECT - null, AccessibilityAction: ACTION_CLEAR_SELECTION - null, AccessibilityAction: ACTION_ACCESSIBILITY_FOCUS - null, AccessibilityAction: ACTION_SHOW_ON_SCREEN - null]; isTextSelectable: false
06-25 03:42:02.451  7988  8222 I Maestro : Skipping invisible child: android.view.accessibility.AccessibilityNodeInfo@ff72; boundsInParent: Rect(0, 0 - 320, 0); boundsInScreen: Rect(0, 0 - 320, 0); boundsInWindow: Rect(0, 0 - 320, 0); packageName: com.hanapkalinga.mobile; className: android.view.ViewGroup; text: null; error: null; maxTextLength: -1; stateDescription: null; contentDescription: null; tooltipText: null; containerTitle: null; viewIdResName: null; uniqueId: null; checkable: false; checked: false; focusable: false; focused: false; selected: false; clickable: false; longClickable: false; contextClickable: false; enabled: true; password: false; scrollable: false; importantForAccessibility: false; visible: false; actions: [AccessibilityAction: ACTION_SELECT - null, AccessibilityAction: ACTION_CLEAR_SELECTION - null, AccessibilityAction: ACTION_ACCESSIBILITY_FOCUS - null, AccessibilityAction: ACTION_SHOW_ON_SCREEN - null]; isTextSelectable: false
06-25 03:42:02.452  7988  8222 I Maestro : Skipping invisible child: android.view.accessibility.AccessibilityNodeInfo@17f14; boundsInParent: Rect(0, 0 - 320, 0); boundsInScreen: Rect(0, 0 - 320, 0); boundsInWindow: Rect(0, 0 - 320, 0); packageName: com.hanapkalinga.mobile; className: android.widget.LinearLayout; text: null; error: null; maxTextLength: -1; stateDescription: null; contentDescription: null; tooltipText: null; containerTitle: null; viewIdResName: null; uniqueId: null; checkable: false; checked: false; focusable: false; focused: false; selected: false; clickable: false; longClickable: false; contextClickable: false; enabled: true; password: false; scrollable: false; importantForAccessibility: false; visible: false; actions: [AccessibilityAction: ACTION_SELECT - null, AccessibilityAction: ACTION_CLEAR_SELECTION - null, AccessibilityAction: ACTION_ACCESSIBILITY_FOCUS - null, AccessibilityAction: ACTION_SHOW_ON_SCREEN - null]; isTextSelectable: false
