--------- beginning of main
06-25 03:44:11.002  9000  9058 I Maestro : Skipping invisible child: android.view.accessibility.AccessibilityNodeInfo@12522; boundsInParent: Rect(0, 0 - 320, 0); boundsInScreen: Rect(0, 0 - 320, 0); boundsInWindow: Rect(0, 0 - 320, 0); packageName: com.hanapkalinga.mobile; className: android.view.ViewGroup; text: null; error: null; maxTextLength: -1; stateDescription: null; contentDescription: null; tooltipText: null; containerTitle: null; viewIdResName: null; uniqueId: null; checkable: false; checked: false; focusable: false; focused: false; selected: false; clickable: false; longClickable: false; contextClickable: false; enabled: true; password: false; scrollable: false; importantForAccessibility: false; visible: false; actions: [AccessibilityAction: ACTION_SELECT - null, AccessibilityAction: ACTION_CLEAR_SELECTION - null, AccessibilityAction: ACTION_ACCESSIBILITY_FOCUS - null, AccessibilityAction: ACTION_SHOW_ON_SCREEN - null]; isTextSelectable: false
06-25 03:44:11.003  9000  9058 I Maestro : Skipping invisible child: android.view.accessibility.AccessibilityNodeInfo@1a4c4; boundsInParent: Rect(0, 0 - 320, 0); boundsInScreen: Rect(0, 0 - 320, 0); boundsInWindow: Rect(0, 0 - 320, 0); packageName: com.hanapkalinga.mobile; className: android.widget.LinearLayout; text: null; error: null; maxTextLength: -1; stateDescription: null; contentDescription: null; tooltipText: null; containerTitle: null; viewIdResName: null; uniqueId: null; checkable: false; checked: false; focusable: false; focused: false; selected: false; clickable: false; longClickable: false; contextClickable: false; enabled: true; password: false; scrollable: false; importantForAccessibility: false; visible: false; actions: [AccessibilityAction: ACTION_SELECT - null, AccessibilityAction: ACTION_CLEAR_SELECTION - null, AccessibilityAction: ACTION_ACCESSIBILITY_FOCUS - null, AccessibilityAction: ACTION_SHOW_ON_SCREEN - null]; isTextSelectable: false
06-25 03:44:11.004  9000  9058 I Maestro : Skipping invisible child: android.view.accessibility.AccessibilityNodeInfo@1a103; boundsInParent: Rect(0, 0 - 320, 0); boundsInScreen: Rect(0, 0 - 320, 0); boundsInWindow: Rect(0, 0 - 320, 0); packageName: com.hanapkalinga.mobile; className: android.view.ViewGroup; text: null; error: null; maxTextLength: -1; stateDescription: null; contentDescription: null; tooltipText: null; containerTitle: null; viewIdResName: null; uniqueId: null; checkable: false; checked: false; focusable: false; focused: false; selected: false; clickable: false; longClickable: false; contextClickable: false; enabled: true; password: false; scrollable: false; importantForAccessibility: false; visible: false; actions: [AccessibilityAction: ACTION_SELECT - null, AccessibilityAction: ACTION_CLEAR_SELECTION - null, AccessibilityAction: ACTION_ACCESSIBILITY_FOCUS - null, AccessibilityAction: ACTION_SHOW_ON_SCREEN - null]; isTextSelectable: false
06-25 03:44:11.034  9000  9058 D Maestro : View hierarchy received in 39 ms
06-25 03:44:11.095  9000  9058 D Maestro : Requesting view hierarchy
06-25 03:44:11.096  9000  9058 W QueryController: Could not detect idle state.
06-25 03:44:11.096  9000  9058 W QueryController: Could not detect idle state.
06-25 03:44:11.105  9000  9058 I Maestro : Skipping invisible child: android.view.accessibility.AccessibilityNodeInfo@128e3; boundsInParent: Rect(0, 0 - 320, 0); boundsInScreen: Rect(0, 0 - 320, 0); boundsInWindow: Rect(0, 0 - 320, 0); packageName: com.hanapkalinga.mobile; className: android.widget.LinearLayout; text: null; error: null; maxTextLength: -1; stateDescription: null; contentDescription: null; tooltipText: null; containerTitle: null; viewIdResName: null; uniqueId: null; checkable: false; checked: false; focusable: false; focused: false; selected: false; clickable: false; longClickable: false; contextClickable: false; enabled: true; password: false; scrollable: false; importantForAccessibility: false; visible: false; actions: [AccessibilityAction: ACTION_SELECT - null, AccessibilityAction: ACTION_CLEAR_SELECTION - null, AccessibilityAction: ACTION_ACCESSIBILITY_FOCUS - null, AccessibilityAction: ACTION_SHOW_ON_SCREEN - null]; isTextSelectable: false
06-25 03:44:11.106  9000  9058 I Maestro : Skipping invisible child: android.view.accessibility.AccessibilityNodeInfo@12522; boundsInParent: Rect(0, 0 - 320, 0); boundsInScreen: Rect(0, 0 - 320, 0); boundsInWindow: Rect(0, 0 - 320, 0); packageName: com.hanapkalinga.mobile; className: android.view.ViewGroup; text: null; error: null; maxTextLength: -1; stateDescription: null; contentDescription: null; tooltipText: null; containerTitle: null; viewIdResName: null; uniqueId: null; checkable: false; checked: false; focusable: false; focused: false; selected: false; clickable: false; longClickable: false; contextClickable: false; enabled: true; password: false; scrollable: false; importantForAccessibility: false; visible: false; actions: [AccessibilityAction: ACTION_SELECT - null, AccessibilityAction: ACTION_CLEAR_SELECTION - null, AccessibilityAction: ACTION_ACCESSIBILITY_FOCUS - null, AccessibilityAction: ACTION_SHOW_ON_SCREEN - null]; isTextSelectable: false
06-25 03:44:11.107  9000  9058 I Maestro : Skipping invisible child: android.view.accessibility.AccessibilityNodeInfo@1a4c4; boundsInParent: Rect(0, 0 - 320, 0); boundsInScreen: Rect(0, 0 - 320, 0); boundsInWindow: Rect(0, 0 - 320, 0); packageName: com.hanapkalinga.mobile; className: android.widget.LinearLayout; text: null; error: null; maxTextLength: -1; stateDescription: null; contentDescription: null; tooltipText: null; containerTitle: null; viewIdResName: null; uniqueId: null; checkable: false; checked: false; focusable: false; focused: false; selected: false; clickable: false; longClickable: false; contextClickable: false; enabled: true; password: false; scrollable: false; importantForAccessibility: false; visible: false; actions: [AccessibilityAction: ACTION_SELECT - null, AccessibilityAction: ACTION_CLEAR_SELECTION - null, AccessibilityAction: ACTION_ACCESSIBILITY_FOCUS - null, AccessibilityAction: ACTION_SHOW_ON_SCREEN - null]; isTextSelectable: false
06-25 03:44:11.108  9000  9058 I Maestro : Skipping invisible child: android.view.accessibility.AccessibilityNodeInfo@1a103; boundsInParent: Rect(0, 0 - 320, 0); boundsInScreen: Rect(0, 0 - 320, 0); boundsInWindow: Rect(0, 0 - 320, 0); packageName: com.hanapkalinga.mobile; className: android.view.ViewGroup; text: null; error: null; maxTextLength: -1; stateDescription: null; contentDescription: null; tooltipText: null; containerTitle: null; viewIdResName: null; uniqueId: null; checkable: false; checked: false; focusable: false; focused: false; selected: false; clickable: false; longClickable: false; contextClickable: false; enabled: true; password: false; scrollable: false; importantForAccessibility: false; visible: false; actions: [AccessibilityAction: ACTION_SELECT - null, AccessibilityAction: ACTION_CLEAR_SELECTION - null, AccessibilityAction: ACTION_ACCESSIBILITY_FOCUS - null, AccessibilityAction: ACTION_SHOW_ON_SCREEN - null]; isTextSelectable: false
06-25 03:44:11.148  9000  9058 D Maestro : View hierarchy received in 53 ms
06-25 03:44:11.202  9000  9058 W QueryController: Could not detect idle state.
06-25 03:44:11.204  9000  9058 W QueryController: Could not detect idle state.
06-25 03:44:11.206  9000  9058 W UiDevice: Skipping wait as package ${APP_ID} does not match current window com.hanapkalinga.mobile.
06-25 03:44:11.212  9000  9058 W QueryController: Could not detect idle state.
06-25 03:44:11.213  9000  9058 W QueryController: Could not detect idle state.
06-25 03:44:11.215  9000  9058 W UiDevice: Skipping wait as package ${APP_ID} does not match current window com.hanapkalinga.mobile.
06-25 03:44:11.221  9000  9058 W QueryController: Could not detect idle state.
06-25 03:44:11.222  9000  9058 W QueryController: Could not detect idle state.
06-25 03:44:11.224  9000  9058 W UiDevice: Skipping wait as package ${APP_ID} does not match current window com.hanapkalinga.mobile.
06-25 03:44:11.271  9000  9058 W QueryController: Could not detect idle state.
06-25 03:44:11.272  9000  9058 W QueryController: Could not detect idle state.
06-25 03:44:11.274  9000  9058 W UiDevice: Skipping wait as package ${APP_ID} does not match current window com.hanapkalinga.mobile.
06-25 03:44:11.323  9000  9058 W QueryController: Could not detect idle state.
06-25 03:44:11.324  9000  9058 W QueryController: Could not detect idle state.
06-25 03:44:11.326  9000  9058 W UiDevice: Skipping wait as package ${APP_ID} does not match current window com.hanapkalinga.mobile.
06-25 03:44:11.332  9000  9058 W QueryController: Could not detect idle state.
06-25 03:44:11.334  9000  9058 W QueryController: Could not detect idle state.
06-25 03:44:11.338  9000  9058 W UiDevice: Skipping wait as package ${APP_ID} does not match current window com.hanapkalinga.mobile.
06-25 03:44:11.344  9000  9058 W QueryController: Could not detect idle state.
06-25 03:44:11.345  9000  9058 W QueryController: Could not detect idle state.
06-25 03:44:11.347  9000  9058 W UiDevice: Skipping wait as package ${APP_ID} does not match current window com.hanapkalinga.mobile.
06-25 03:44:11.353  9000  9058 W QueryController: Could not detect idle state.
06-25 03:44:11.357  9000  9058 W QueryController: Could not detect idle state.
06-25 03:44:11.361  9000  9058 W UiDevice: Skipping wait as package ${APP_ID} does not match current window com.hanapkalinga.mobile.
06-25 03:44:11.367  9000  9058 W QueryController: Could not detect idle state.
06-25 03:44:11.370  9000  9058 W QueryController: Could not detect idle state.
06-25 03:44:11.375  9000  9058 W UiDevice: Skipping wait as package ${APP_ID} does not match current window com.hanapkalinga.mobile.
06-25 03:44:11.381  9000  9058 W QueryController: Could not detect idle state.
06-25 03:44:11.382  9000  9058 W QueryController: Could not detect idle state.
06-25 03:44:11.385  9000  9058 W UiDevice: Skipping wait as package ${APP_ID} does not match current window com.hanapkalinga.mobile.
06-25 03:44:11.391  9000  9058 W QueryController: Could not detect idle state.
06-25 03:44:11.392  9000  9058 W QueryController: Could not detect idle state.
06-25 03:44:11.395  9000  9058 W UiDevice: Skipping wait as package ${APP_ID} does not match current window com.hanapkalinga.mobile.
06-25 03:44:11.401  9000  9058 W QueryController: Could not detect idle state.
06-25 03:44:11.402  9000  9058 W QueryController: Could not detect idle state.
06-25 03:44:11.404  9000  9058 W UiDevice: Skipping wait as package ${APP_ID} does not match current window com.hanapkalinga.mobile.
06-25 03:44:11.410  9000  9058 W QueryController: Could not detect idle state.
06-25 03:44:11.411  9000  9058 W QueryController: Could not detect idle state.
06-25 03:44:11.413  9000  9058 W UiDevice: Skipping wait as package ${APP_ID} does not match current window com.hanapkalinga.mobile.
06-25 03:44:11.419  9000  9058 W QueryController: Could not detect idle state.
06-25 03:44:11.423  9000  9058 W QueryController: Could not detect idle state.
06-25 03:44:11.427  9000  9058 W UiDevice: Skipping wait as package ${APP_ID} does not match current window com.hanapkalinga.mobile.
06-25 03:44:11.433  9000  9058 W QueryController: Could not detect idle state.
06-25 03:44:11.437  9000  9058 W QueryController: Could not detect idle state.
06-25 03:44:11.443  9000  9058 W UiDevice: Skipping wait as package ${APP_ID} does not match current window com.hanapkalinga.mobile.
06-25 03:44:11.490  9000  9058 W QueryController: Could not detect idle state.
06-25 03:44:11.492  9000  9058 W QueryController: Could not detect idle state.
06-25 03:44:11.493  9000  9058 W UiDevice: Skipping wait as package ${APP_ID} does not match current window com.hanapkalinga.mobile.
06-25 03:44:11.499  9000  9058 W QueryController: Could not detect idle state.
06-25 03:44:11.501  9000  9058 W QueryController: Could not detect idle state.
06-25 03:44:11.505  9000  9058 W UiDevice: Skipping wait as package ${APP_ID} does not match current window com.hanapkalinga.mobile.
06-25 03:44:11.510  9000  9058 W QueryController: Could not detect idle state.
06-25 03:44:11.514  9000  9058 W QueryController: Could not detect idle state.
06-25 03:44:11.519  9000  9058 W UiDevice: Skipping wait as package ${APP_ID} does not match current window com.hanapkalinga.mobile.
06-25 03:44:11.525  9000  9058 W QueryController: Could not detect idle state.
06-25 03:44:11.527  9000  9058 W QueryController: Could not detect idle state.
06-25 03:44:11.532  9000  9058 W UiDevice: Skipping wait as package ${APP_ID} does not match current window com.hanapkalinga.mobile.
06-25 03:44:11.537  9000  9058 W QueryController: Could not detect idle state.
06-25 03:44:11.539  9000  9058 W QueryController: Could not detect idle state.
06-25 03:44:11.542  9000  9058 W UiDevice: Skipping wait as package ${APP_ID} does not match current window com.hanapkalinga.mobile.
06-25 03:44:11.547  9000  9058 W QueryController: Could not detect idle state.
06-25 03:44:11.550  9000  9058 W QueryController: Could not detect idle state.
06-25 03:44:11.554  9000  9058 W UiDevice: Skipping wait as package ${APP_ID} does not match current window com.hanapkalinga.mobile.
06-25 03:44:11.560  9000  9058 W QueryController: Could not detect idle state.
06-25 03:44:11.561  9000  9058 W QueryController: Could not detect idle state.
06-25 03:44:11.564  9000  9058 W UiDevice: Skipping wait as package ${APP_ID} does not match current window com.hanapkalinga.mobile.
06-25 03:44:11.569  9000  9058 W QueryController: Could not detect idle state.
06-25 03:44:11.570  9000  9058 W QueryController: Could not detect idle state.
06-25 03:44:11.572  9000  9058 W UiDevice: Skipping wait as package ${APP_ID} does not match current window com.hanapkalinga.mobile.
06-25 03:44:11.619  9000  9058 W QueryController: Could not detect idle state.
06-25 03:44:11.620  9000  9058 W QueryController: Could not detect idle state.
06-25 03:44:11.622  9000  9058 W UiDevice: Skipping wait as package ${APP_ID} does not match current window com.hanapkalinga.mobile.
06-25 03:44:11.627  9000  9058 W QueryController: Could not detect idle state.
06-25 03:44:11.630  9000  9058 W QueryController: Could not detect idle state.
06-25 03:44:11.634  9000  9058 W UiDevice: Skipping wait as package ${APP_ID} does not match current window com.hanapkalinga.mobile.
06-25 03:44:11.680  9000  9058 W QueryController: Could not detect idle state.
06-25 03:44:11.681  9000  9058 W QueryController: Could not detect idle state.
06-25 03:44:11.683  9000  9058 W UiDevice: Skipping wait as package ${APP_ID} does not match current window com.hanapkalinga.mobile.
06-25 03:44:11.689  9000  9058 W QueryController: Could not detect idle state.
06-25 03:44:11.690  9000  9058 W QueryController: Could not detect idle state.
06-25 03:44:11.693  9000  9058 W UiDevice: Skipping wait as package ${APP_ID} does not match current window com.hanapkalinga.mobile.
06-25 03:44:11.697  9000  9058 W QueryController: Could not detect idle state.
06-25 03:44:11.699  9000  9058 W QueryController: Could not detect idle state.
06-25 03:44:11.701  9000  9058 W UiDevice: Skipping wait as package ${APP_ID} does not match current window com.hanapkalinga.mobile.
06-25 03:44:11.706  9000  9058 W QueryController: Could not detect idle state.
06-25 03:44:11.708  9000  9058 W QueryController: Could not detect idle state.
06-25 03:44:11.712  9000  9058 W UiDevice: Skipping wait as package ${APP_ID} does not match current window com.hanapkalinga.mobile.
06-25 03:44:11.758  9000  9058 W QueryController: Could not detect idle state.
06-25 03:44:11.759  9000  9058 W QueryController: Could not detect idle state.
06-25 03:44:11.761  9000  9058 W UiDevice: Skipping wait as package ${APP_ID} does not match current window com.hanapkalinga.mobile.
06-25 03:44:11.767  9000  9058 W QueryController: Could not detect idle state.
06-25 03:44:11.768  9000  9058 W QueryController: Could not detect idle state.
06-25 03:44:11.770  9000  9058 W UiDevice: Skipping wait as package ${APP_ID} does not match current window com.hanapkalinga.mobile.
06-25 03:44:11.775  9000  9058 W QueryController: Could not detect idle state.
06-25 03:44:11.776  9000  9058 W QueryController: Could not detect idle state.
06-25 03:44:11.778  9000  9058 W UiDevice: Skipping wait as package ${APP_ID} does not match current window com.hanapkalinga.mobile.
06-25 03:44:11.783  9000  9058 W QueryController: Could not detect idle state.
06-25 03:44:11.786  9000  9058 W QueryController: Could not detect idle state.
06-25 03:44:11.790  9000  9058 W UiDevice: Skipping wait as package ${APP_ID} does not match current window com.hanapkalinga.mobile.
06-25 03:44:11.796  9000  9058 W QueryController: Could not detect idle state.
06-25 03:44:11.798  9000  9058 W QueryController: Could not detect idle state.
06-25 03:44:11.801  9000  9058 W UiDevice: Skipping wait as package ${APP_ID} does not match current window com.hanapkalinga.mobile.
06-25 03:44:11.806  9000  9058 W QueryController: Could not detect idle state.
06-25 03:44:11.808  9000  9058 W QueryController: Could not detect idle state.
06-25 03:44:11.812  9000  9058 W UiDevice: Skipping wait as package ${APP_ID} does not match current window com.hanapkalinga.mobile.
06-25 03:44:11.819  9000  9058 W QueryController: Could not detect idle state.
06-25 03:44:11.821  9000  9058 W QueryController: Could not detect idle state.
06-25 03:44:11.823  9000  9058 W UiDevice: Skipping wait as package ${APP_ID} does not match current window com.hanapkalinga.mobile.
06-25 03:44:11.828  9000  9058 W QueryController: Could not detect idle state.
06-25 03:44:11.830  9000  9058 W QueryController: Could not detect idle state.
06-25 03:44:11.833  9000  9058 W UiDevice: Skipping wait as package ${APP_ID} does not match current window com.hanapkalinga.mobile.
06-25 03:44:11.838  9000  9058 W QueryController: Could not detect idle state.
06-25 03:44:11.840  9000  9058 W QueryController: Could not detect idle state.
06-25 03:44:11.843  9000  9058 W UiDevice: Skipping wait as package ${APP_ID} does not match current window com.hanapkalinga.mobile.
06-25 03:44:11.849  9000  9058 W QueryController: Could not detect idle state.
06-25 03:44:11.850  9000  9058 W QueryController: Could not detect idle state.
06-25 03:44:11.852  9000  9058 W UiDevice: Skipping wait as package ${APP_ID} does not match current window com.hanapkalinga.mobile.
06-25 03:44:11.858  9000  9058 W QueryController: Could not detect idle state.
06-25 03:44:11.858  9000  9058 W QueryController: Could not detect idle state.
06-25 03:44:11.860  9000  9058 W UiDevice: Skipping wait as package ${APP_ID} does not match current window com.hanapkalinga.mobile.
06-25 03:44:11.865  9000  9058 W QueryController: Could not detect idle state.
06-25 03:44:11.866  9000  9058 W QueryController: Could not detect idle state.
06-25 03:44:11.868  9000  9058 W UiDevice: Skipping wait as package ${APP_ID} does not match current window com.hanapkalinga.mobile.
06-25 03:44:11.876  9000  9058 W QueryController: Could not detect idle state.
06-25 03:44:11.877  9000  9058 W QueryController: Could not detect idle state.
06-25 03:44:11.879  9000  9058 W UiDevice: Skipping wait as package ${APP_ID} does not match current window com.hanapkalinga.mobile.
06-25 03:44:11.885  9000  9058 W QueryController: Could not detect idle state.
06-25 03:44:11.886  9000  9058 W QueryController: Could not detect idle state.
06-25 03:44:11.888  9000  9058 W UiDevice: Skipping wait as package ${APP_ID} does not match current window com.hanapkalinga.mobile.
06-25 03:44:11.933  9000  9058 W QueryController: Could not detect idle state.
06-25 03:44:11.937  9000  9058 W QueryController: Could not detect idle state.
06-25 03:44:11.941  9000  9058 W UiDevice: Skipping wait as package ${APP_ID} does not match current window com.hanapkalinga.mobile.
06-25 03:44:11.947  9000  9058 W QueryController: Could not detect idle state.
06-25 03:44:11.948  9000  9058 W QueryController: Could not detect idle state.
06-25 03:44:11.949  9000  9058 W UiDevice: Skipping wait as package ${APP_ID} does not match current window com.hanapkalinga.mobile.
06-25 03:44:11.960  9000  9058 D Maestro : Requesting view hierarchy
06-25 03:44:11.961  9000  9058 W QueryController: Could not detect idle state.
06-25 03:44:11.961  9000  9058 W QueryController: Could not detect idle state.
06-25 03:44:11.967  9000  9058 I Maestro : Skipping invisible child: android.view.accessibility.AccessibilityNodeInfo@128e3; boundsInParent: Rect(0, 0 - 320, 0); boundsInScreen: Rect(0, 0 - 320, 0); boundsInWindow: Rect(0, 0 - 320, 0); packageName: com.hanapkalinga.mobile; className: android.widget.LinearLayout; text: null; error: null; maxTextLength: -1; stateDescription: null; contentDescription: null; tooltipText: null; containerTitle: null; viewIdResName: null; uniqueId: null; checkable: false; checked: false; focusable: false; focused: false; selected: false; clickable: false; longClickable: false; contextClickable: false; enabled: true; password: false; scrollable: false; importantForAccessibility: false; visible: false; actions: [AccessibilityAction: ACTION_SELECT - null, AccessibilityAction: ACTION_CLEAR_SELECTION - null, AccessibilityAction: ACTION_ACCESSIBILITY_FOCUS - null, AccessibilityAction: ACTION_SHOW_ON_SCREEN - null]; isTextSelectable: false
06-25 03:44:11.968  9000  9058 I Maestro : Skipping invisible child: android.view.accessibility.AccessibilityNodeInfo@12522; boundsInParent: Rect(0, 0 - 320, 0); boundsInScreen: Rect(0, 0 - 320, 0); boundsInWindow: Rect(0, 0 - 320, 0); packageName: com.hanapkalinga.mobile; className: android.view.ViewGroup; text: null; error: null; maxTextLength: -1; stateDescription: null; contentDescription: null; tooltipText: null; containerTitle: null; viewIdResName: null; uniqueId: null; checkable: false; checked: false; focusable: false; focused: false; selected: false; clickable: false; longClickable: false; contextClickable: false; enabled: true; password: false; scrollable: false; importantForAccessibility: false; visible: false; actions: [AccessibilityAction: ACTION_SELECT - null, AccessibilityAction: ACTION_CLEAR_SELECTION - null, AccessibilityAction: ACTION_ACCESSIBILITY_FOCUS - null, AccessibilityAction: ACTION_SHOW_ON_SCREEN - null]; isTextSelectable: false
06-25 03:44:11.968  9000  9058 I Maestro : Skipping invisible child: android.view.accessibility.AccessibilityNodeInfo@1a4c4; boundsInParent: Rect(0, 0 - 320, 0); boundsInScreen: Rect(0, 0 - 320, 0); boundsInWindow: Rect(0, 0 - 320, 0); packageName: com.hanapkalinga.mobile; className: android.widget.LinearLayout; text: null; error: null; maxTextLength: -1; stateDescription: null; contentDescription: null; tooltipText: null; containerTitle: null; viewIdResName: null; uniqueId: null; checkable: false; checked: false; focusable: false; focused: false; selected: false; clickable: false; longClickable: false; contextClickable: false; enabled: true; password: false; scrollable: false; importantForAccessibility: false; visible: false; actions: [AccessibilityAction: ACTION_SELECT - null, AccessibilityAction: ACTION_CLEAR_SELECTION - null, AccessibilityAction: ACTION_ACCESSIBILITY_FOCUS - null, AccessibilityAction: ACTION_SHOW_ON_SCREEN - null]; isTextSelectable: false
06-25 03:44:11.969  9000  9058 I Maestro : Skipping invisible child: android.view.accessibility.AccessibilityNodeInfo@1a103; boundsInParent: Rect(0, 0 - 320, 0); boundsInScreen: Rect(0, 0 - 320, 0); boundsInWindow: Rect(0, 0 - 320, 0); packageName: com.hanapkalinga.mobile; className: android.view.ViewGroup; text: null; error: null; maxTextLength: -1; stateDescription: null; contentDescription: null; tooltipText: null; containerTitle: null; viewIdResName: null; uniqueId: null; checkable: false; checked: false; focusable: false; focused: false; selected: false; clickable: false; longClickable: false; contextClickable: false; enabled: true; password: false; scrollable: false; importantForAccessibility: false; visible: false; actions: [AccessibilityAction: ACTION_SELECT - null, AccessibilityAction: ACTION_CLEAR_SELECTION - null, AccessibilityAction: ACTION_ACCESSIBILITY_FOCUS - null, AccessibilityAction: ACTION_SHOW_ON_SCREEN - null]; isTextSelectable: false
06-25 03:44:11.993  9000  9058 D Maestro : View hierarchy received in 33 ms
06-25 03:44:12.044  1105  1105 D TaplEvents: TIS / TouchInteractionService.onInputEvent: MotionEvent { action=ACTION_DOWN, actionButton=0, id[0]=0, x[0]=160.0, y[0]=223.0, toolType[0]=TOOL_TYPE_FINGER, buttonState=0, classification=NONE, metaState=0, flags=0x0, edgeFlags=0x0, pointerCount=1, historySize=0, eventTime=487635, downTime=487635, deviceId=-1, source=0x1002, displayId=0, eventId=-19490772 }
06-25 03:44:12.146  1105  1105 D TaplEvents: TIS / TouchInteractionService.onInputEvent: MotionEvent { action=ACTION_UP, actionButton=0, id[0]=0, x[0]=160.0, y[0]=223.0, toolType[0]=TOOL_TYPE_FINGER, buttonState=0, classification=NONE, metaState=0, flags=0x0, edgeFlags=0x0, pointerCount=1, historySize=0, eventTime=487740, downTime=487635, deviceId=-1, source=0x1002, displayId=0, eventId=-547344243 }
--------- beginning of system
06-25 03:44:12.147   521  2553 W FillRequestEventLogger: Couldn't find packageName: com.google.android.inputmethod.latin
06-25 03:44:12.148   521   521 D AutofillInlineSuggestionsRequestSession: onCreateInlineSuggestionsRequestLocked called: 1073741824@736286096
06-25 03:44:12.149   521   593 D CompatibilityChangeReporter: Compat change id reported: 214016041; UID 10192; state: ENABLED
06-25 03:44:12.149  1530  1530 I GoogleInputMethodService: GoogleInputMethodService.onFinishInput():3227 
06-25 03:44:12.149  1530  1530 I GoogleInputMethodService: GoogleInputMethodService.updateDeviceLockedStatus():2087 repeatCheckTimes = 0, unlocked = true
06-25 03:44:12.150  1530  1530 I GoogleInputMethodService: GoogleInputMethodService.onStartInput():1877 onStartInput(EditorInfo{inputType=0x21(EmailAddress) imeOptions=0x8000006 privateImeOptions=null actionName=DONE actionLabel=null actionId=0 initialSelStart=0 initialSelEnd=0 initialCapsMode=0x0 hintText=non-empty label=null packageName=com.hanapkalinga.mobile fieldId=128 fieldName=null extras=Bundle[mParcelledData.dataSize=240]}, false)
06-25 03:44:12.150  1530  1530 I GoogleInputMethodService: GoogleInputMethodService.shouldHideHeaderOnInitialState():4008 ShouldHideHeaderOnInitialState = false
06-25 03:44:12.150  9153  9153 I ImeTracker: com.hanapkalinga.mobile:f6efbaa9: onRequestShow at ORIGIN_CLIENT_SHOW_SOFT_INPUT reason SHOW_SOFT_INPUT
06-25 03:44:12.150  1530  1530 I GoogleInputMethodService: GoogleInputMethodService.updateDeviceLockedStatus():2087 repeatCheckTimes = 2, unlocked = true
06-25 03:44:12.151  9153  9153 D InputMethodManager: showSoftInput() view=com.facebook.react.views.textinput.ReactEditText{edc4f39 VFED..CL. .F.P..ID 33,178-287,220 #80 aid=1073741824} flags=0 reason=SHOW_SOFT_INPUT
06-25 03:44:12.151   521   996 D AutofillInlineSuggestionsRequestSession: onInlineSuggestionsSessionInvalidated() called.
06-25 03:44:12.153   521   996 D AutofillInlineSuggestionsRequestSession: onInlineSuggestionsRequest() received: InlineSuggestionsRequest { maxSuggestionCount = 9, inlinePresentationSpecs = [InlinePresentationSpec { minSize = 42x38, maxSize = 240x38, style = Bundle[mParcelledData.dataSize=2816] }, InlinePresentationSpec { minSize = 42x38, maxSize = 240x38, style = Bundle[mParcelledData.dataSize=2816] }, InlinePresentationSpec { minSize = 42x38, maxSize = 240x38, style = Bundle[mParcelledData.dataSize=2816] }, InlinePresentationSpec { minSize = 42x38, maxSize = 240x38, style = Bundle[mParcelledData.dataSize=2816] }, InlinePresentationSpec { minSize = 42x38, maxSize = 240x38, style = Bundle[mParcelledData.dataSize=2816] }, InlinePresentationSpec { minSize = 42x38, maxSize = 240x38, style = Bundle[mParcelledData.dataSize=2816] }, InlinePresentationSpec { minSize = 42x38, maxSize = 240x38, style = Bundle[mParcelledData.dataSize=2816] }, InlinePresentationSpec { minSize = 42x38, maxSize = 240x38, style = Bundle[mParcelledData.dataSize=2816] }, InlinePresentationSpec { minSize = 42x38, maxSize = 240x38, style = Bundle[mParcelledData.dataSize=2816] }], hostPackageName = com.google.android.inputmethod.latin, supportedLocales = [en_US], extras = Bundle[EMPTY_PARCEL], hostInputToken = android.os.BinderProxy@26fdab7, hostDisplayId = 0, inlineTooltipPresentationSpec = null }
06-25 03:44:12.153  1530  1530 I DeviceModeUtil: DeviceModeUtil.getDeviceMode():122 Get device mode phone by ui mode:1 and smallestScreenWidthDp:320
06-25 03:44:12.153  1530  1530 I GoogleInputMethodService: GoogleInputMethodService.onStartInputView():1995 onStartInputView(EditorInfo{inputType=0x21(EmailAddress) imeOptions=0x8000006 privateImeOptions=null actionName=DONE actionLabel=null actionId=0 initialSelStart=0 initialSelEnd=0 initialCapsMode=0x0 hintText=non-empty label=null packageName=com.hanapkalinga.mobile fieldId=128 fieldName=null extras=Bundle[{android.support.text.emoji.emojiCompat_metadataVersion=9, android.support.text.emoji.emojiCompat_replaceAll=false}]}, false)
06-25 03:44:12.153  1530  1615 I DeviceModeUtil: DeviceModeUtil.getDeviceMode():122 Get device mode phone by ui mode:1 and smallestScreenWidthDp:320
06-25 03:44:12.154  1530  1530 I GoogleInputMethodService: GoogleInputMethodService.updateDeviceLockedStatus():2087 repeatCheckTimes = 2, unlocked = true
06-25 03:44:12.154  1530  1530 W ModuleManager: ModuleManager.loadModule():450 Module erj is not available
06-25 03:44:12.155  1530  1530 I KeyboardViewUtil: KeyboardViewUtil.getKeyboardHeightRatio():189 systemKeyboardHeightRatio:1.000000; userKeyboardHeightRatio:1.000000.
06-25 03:44:12.155  1530  1530 I AndroidIME: AbstractIme.onActivate():86 LatinIme.onActivate() : EditorInfo = inputType=0x21(EmailAddress) imeOptions=0x8000006 privateImeOptions=null actionName=DONE actionLabel=null actionId=0 initialSelStart=0 initialSelEnd=0 initialCapsMode=0x0 hintText=non-empty label=null packageName=com.hanapkalinga.mobile fieldId=128 fieldName=null extras=Bundle[{android.support.text.emoji.emojiCompat_metadataVersion=9, android.support.text.emoji.emojiCompat_replaceAll=false}], IncognitoMode = false, DeviceLocked = false
06-25 03:44:12.155  1530  1530 I Delight5Facilitator: Delight5Facilitator.initializeForIme():777 initializeForIme() : Locale = [en_US], layout = qwerty
06-25 03:44:12.155  1530  1530 I VoiceInputManagerWrapper: VoiceInputManagerWrapper.cancelShutdown():55 cancelShutdown()
06-25 03:44:12.155  1530  1530 I VoiceInputManagerWrapper: VoiceInputManagerWrapper.syncLanguagePacks():67 syncLanguagePacks()
06-25 03:44:12.156  1530  6367 I SpeechFactory: SpeechRecognitionFactory.maybeScheduleAutoPackDownloadForFallback():205 maybeScheduleAutoPackDownloadForFallback()
06-25 03:44:12.156  1530  1530 I LatinIme: LatinIme.updateEnableInlineSuggestionsOnDecoderSideFlags():1003 inline flag updated to:false
06-25 03:44:12.156  1530  6367 I FallbackOnDeviceRecognitionProvider: FallbackOnDeviceRecognitionProvider.maybeScheduleAutoPackDownload():195 maybeScheduleAutoPackDownload() for language tag en-US
06-25 03:44:12.159  1530  1530 I KeyboardWrapper: KeyboardWrapper.consumeEvent():275 Skip consuming an event as current keyboard is deactivated (state=0, keyboard existence=true)
06-25 03:44:12.163   397  6661 D audioserver: FGS Logger Transaction failed
06-25 03:44:12.163   397  6661 D audioserver: -129
06-25 03:44:12.165  9153  9172 D EGL_emulation: app_time_stats: avg=46.65ms min=2.73ms max=1237.60ms count=29
06-25 03:44:12.166   397   504 D AudioFlinger: mixer(0x7bdf4df6a930) throttle end: throttle time(34)
06-25 03:44:12.168  9153  9153 I AssistStructure: Flattened final assist data: 2592 bytes, containing 1 windows, 14 views
06-25 03:44:12.169   521  1004 D AutofillSession: createPendingIntent for request 18
06-25 03:44:12.169   521  1004 D ContentCapturePerUserService: Notified activity assist data for activity: Token{7d02bf4 ActivityRecord{2bdf06 u0 com.hanapkalinga.mobile/.MainActivity t15}} without a session Id
06-25 03:44:12.172  1530  1530 I KeyboardViewHelper: KeyboardViewHelper.getView():170 Get view with height ratio:1.000000
06-25 03:44:12.178  9153  9153 I ImeTracker: com.hanapkalinga.mobile:99dcd691: onRequestShow at ORIGIN_CLIENT_SHOW_SOFT_INPUT reason SHOW_SOFT_INPUT
06-25 03:44:12.178  9153  9153 D InputMethodManager: showSoftInput() view=com.facebook.react.views.textinput.ReactEditText{edc4f39 VFED..CL. .F...... 33,178-287,220 #80 aid=1073741824} flags=0 reason=SHOW_SOFT_INPUT
06-25 03:44:12.187  1530  1530 I KeyboardViewUtil: KeyboardViewUtil.calculateMaxKeyboardBodyHeight():40 leave 110 height for app when screen height:640, header height:38 and isFullscreenMode:false, so the max keyboard body height is:492
06-25 03:44:12.187  1530  1530 I DeviceModeUtil: DeviceModeUtil.getDeviceMode():122 Get device mode phone by ui mode:1 and smallestScreenWidthDp:320
06-25 03:44:12.188  1530  1530 I GoogleInputMethodService: GoogleInputMethodService.setKeyboardViewShown():3483 setKeyboardViewShown() : type = HEADER, shownType = SHOW_OPTIONAL
06-25 03:44:12.188  1530  1530 I GoogleInputMethodService: GoogleInputMethodService.setKeyboardViewShown():3530 setKeyboardViewShown() : shouldShow = true
06-25 03:44:12.188  1530  1530 I GoogleInputMethodService: GoogleInputMethodService.setKeyboardViewShown():3483 setKeyboardViewShown() : type = BODY, shownType = SHOW_MANDATORY
06-25 03:44:12.188  1530  1530 I GoogleInputMethodService: GoogleInputMethodService.setKeyboardViewShown():3530 setKeyboardViewShown() : shouldShow = true
06-25 03:44:12.188  1530  1530 I GoogleInputMethodService: GoogleInputMethodService.setKeyboardViewShown():3483 setKeyboardViewShown() : type = FLOATING_CANDIDATES, shownType = HIDE
06-25 03:44:12.188  1530  1530 I GoogleInputMethodService: GoogleInputMethodService.setKeyboardViewShown():3530 setKeyboardViewShown() : shouldShow = false
06-25 03:44:12.188  1530  1530 I KeyboardViewUtil: KeyboardViewUtil.calculateMaxKeyboardBodyHeight():40 leave 110 height for app when screen height:640, header height:38 and isFullscreenMode:false, so the max keyboard body height is:492
06-25 03:44:12.189  1530  1530 I DeviceModeUtil: DeviceModeUtil.getDeviceMode():122 Get device mode phone by ui mode:1 and smallestScreenWidthDp:320
06-25 03:44:12.191  1530  1530 I DeviceModeUtil: DeviceModeUtil.getDeviceMode():122 Get device mode phone by ui mode:1 and smallestScreenWidthDp:320
06-25 03:44:12.191  1530  1530 I DeviceModeUtil: DeviceModeUtil.getDeviceMode():122 Get device mode phone by ui mode:1 and smallestScreenWidthDp:320
06-25 03:44:12.191  1530  1530 I KeyboardModeManager: KeyboardModeManager.setInputView():364 setInputView() : supportsOneHandedMode=true
06-25 03:44:12.191  1530  1530 I NormalModeController: NormalModeController.getKeyboardBodyViewHolderPaddingBottom():116 currentPrimeKeyboardType:SOFT systemPaddingBottom:-1
06-25 03:44:12.192  1530  1530 I NormalModeController: NormalModeController.getKeyboardBodyViewHolderPaddingBottom():116 currentPrimeKeyboardType:SOFT systemPaddingBottom:-1
06-25 03:44:12.192  1530  1530 I KeyboardModeManager: KeyboardModeManager.setInputView():356 setInputView() : entry=hwn{languageTag=en-US, variant=qwerty, hasLocalizedResources=true, conditionCacheKey=_device=phone_device_size=default_enable_adaptive_text_editing=true_enable_inline_suggestions_on_client_side=false_enable_large_tablet_batch_1=false_enable_large_tablet_batch_2=false_enable_more_candidates_view_for_multilingual=false_enable_nav_redesign=false_enable_number_row=false_enable_preemptive_decode=true_enable_secondary_symbols=false_expressions=normal_four_or_more_letter_rows=false_keyboard_mode=normal_language=en-US_orientation=portrait_physical_keyboard=qwerty_show_secondary_digits=true_show_suggestions=true_split_with_duplicate_keys=true_variant=qwerty, imeDef.stringId=ime_english_united_states, imeDef.className=com.google.android.apps.inputmethod.libs.latin5.LatinIme, imeDef.languageTag=en-US}
06-25 03:44:12.194  1530  1530 I CurrentMicStatusHolder: CurrentMicStatusHolder.onStartInputView():79 Current Mic status = {MicIconHidden-EmailInputType,}
06-25 03:44:12.194  1530  1530 I VoiceImeExtension: VoiceImeExtension.shouldStartVoiceInputAutomatically():383 No private IME option set to start voice input.
06-25 03:44:12.196  6015  6015 D BoundBrokerSvc: onBind: Intent { act=com.google.firebase.dynamiclinks.service.START pkg=com.google.android.gms }
06-25 03:44:12.196  6015  6015 D BoundBrokerSvc: Loading bound service for intent: Intent { act=com.google.firebase.dynamiclinks.service.START pkg=com.google.android.gms }
06-25 03:44:12.197  5911  5911 W AutofillChimeraService: Pending fill request while another request in the same session was triggered. [CONTEXT service_id=177 ]
06-25 03:44:12.199   521   996 D CoreBackPreview: Window{958b454 u0 com.hanapkalinga.mobile/com.hanapkalinga.mobile.MainActivity}: Setting back callback OnBackInvokedCallbackInfo{mCallback=android.window.IOnBackInvokedCallback$Stub$Proxy@64da132, mPriority=0, mIsAnimationCallback=false}
06-25 03:44:12.201   521   521 W FillRequestEventLogger: Shouldn't be logging AutofillFillRequestReported again for same event
06-25 03:44:12.201   521   521 W FillResponseEventLogger: Shouldn't be logging AutofillFillRequestReported again for same event
06-25 03:44:12.201   521   521 D AutofillSession: clearPendingIntentLocked
06-25 03:44:12.201   521   539 D AutofillUI: destroySaveUiUiThread(): already destroyed
06-25 03:44:12.201   521   521 D AutofillInlineSuggestionsRequestSession: onInlineSuggestionsResponseLocked called for:1073741824@736286096
06-25 03:44:12.202   521   521 D AutofillInlineSuggestionsRequestSession: maybeNotifyFillUiEventLoked(): hasSuggestionToShow=false, mPreviousHasNonPinSuggestionShow=false
06-25 03:44:12.202   521   521 D AutofillInlineSuggestionsRequestSession: Send inline response: 0
06-25 03:44:12.203  1537  1537 V InlineSuggestionRenderService: handleDestroySuggestionViews called for 0:736286096
06-25 03:44:12.218  9153  9153 D InsetsController: show(ime(), fromIme=true)
06-25 03:44:12.220  1530  1530 I DeviceModeUtil: DeviceModeUtil.getDeviceMode():122 Get device mode phone by ui mode:1 and smallestScreenWidthDp:320
06-25 03:44:12.220  1530  1530 I DeviceModeUtil: DeviceModeUtil.getDeviceMode():122 Get device mode phone by ui mode:1 and smallestScreenWidthDp:320
06-25 03:44:12.221  1530  1530 I DeviceModeUtil: DeviceModeUtil.getDeviceMode():122 Get device mode phone by ui mode:1 and smallestScreenWidthDp:320
06-25 03:44:12.221  1530  1530 I NormalModeController: NormalModeController.getKeyboardBodyViewHolderPaddingBottom():116 currentPrimeKeyboardType:SOFT systemPaddingBottom:-1
06-25 03:44:12.221  1530  1921 I Delight5Decoder: Delight5DecoderWrapper.setKeyboardLayout():457 setKeyboardLayout()
06-25 03:44:12.223  1530  1921 I Delight5Decoder: Delight5DecoderWrapper.setKeyboardLayout():457 setKeyboardLayout()
06-25 03:44:12.228  9153  9153 D InsetsController: show(ime(), fromIme=true)
06-25 03:44:12.229  9153  9153 I ImeTracker: com.hanapkalinga.mobile:99dcd691: onCancelled at PHASE_CLIENT_APPLY_ANIMATION
06-25 03:44:12.233  6015  6015 D BoundBrokerSvc: onBind: Intent { act=com.google.android.gms.common.BIND_SHARED_PREFS pkg=com.google.android.gms }
06-25 03:44:12.233  6015  6015 D BoundBrokerSvc: Loading bound service for intent: Intent { act=com.google.android.gms.common.BIND_SHARED_PREFS pkg=com.google.android.gms }
06-25 03:44:12.234  6015  6015 D BoundBrokerSvc: onUnbind: Intent { act=com.google.android.gms.common.BIND_SHARED_PREFS pkg=com.google.android.gms }
06-25 03:44:12.236  6015  6015 D BoundBrokerSvc: onBind: Intent { act=com.google.android.gms.common.BIND_SHARED_PREFS pkg=com.google.android.gms }
06-25 03:44:12.236  6015  6015 D BoundBrokerSvc: Loading bound service for intent: Intent { act=com.google.android.gms.common.BIND_SHARED_PREFS pkg=com.google.android.gms }
06-25 03:44:12.237  6015  6015 D BoundBrokerSvc: onUnbind: Intent { act=com.google.android.gms.common.BIND_SHARED_PREFS pkg=com.google.android.gms }
06-25 03:44:12.245  9153  9153 I ImeTracker: com.hanapkalinga.mobile:f6efbaa9: onShown
06-25 03:44:12.323   336   376 I netd    : setProcSysNet(4, 2, wlan0, retrans_time_ms, 750) <0.06ms>
06-25 03:44:12.323   336   376 I netd    : setProcSysNet(4, 2, wlan0, ucast_solicit, 10) <0.02ms>
06-25 03:44:12.323   336   376 I netd    : setProcSysNet(6, 2, wlan0, retrans_time_ms, 750) <0.03ms>
06-25 03:44:12.323   336   376 I netd    : setProcSysNet(6, 2, wlan0, ucast_solicit, 10) <0.04ms>
06-25 03:44:12.325   397   504 D audioserver: FGS Logger Transaction failed
06-25 03:44:12.325   397   504 D audioserver: -129
06-25 03:44:12.360  1530  1530 W TooltipLifecycleManager: TooltipLifecycleManager.dismissTooltips():159 Tooltip with id spell_check_add_to_dictionary not found in tooltipManager.
06-25 03:44:12.779  9000  9058 W QueryController: Could not detect idle state.
06-25 03:44:12.779  9000  9058 D Maestro : Requesting view hierarchy
06-25 03:44:12.780  9000  9058 W QueryController: Could not detect idle state.
06-25 03:44:12.780  9000  9058 W QueryController: Could not detect idle state.
06-25 03:44:12.790  9000  9058 I Maestro : Skipping invisible child: android.view.accessibility.AccessibilityNodeInfo@128e3; boundsInParent: Rect(0, 0 - 320, 0); boundsInScreen: Rect(0, 0 - 320, 0); boundsInWindow: Rect(0, 0 - 320, 0); packageName: com.hanapkalinga.mobile; className: android.widget.LinearLayout; text: null; error: null; maxTextLength: -1; stateDescription: null; contentDescription: null; tooltipText: null; containerTitle: null; viewIdResName: null; uniqueId: null; checkable: false; checked: false; focusable: false; focused: false; selected: false; clickable: false; longClickable: false; contextClickable: false; enabled: true; password: false; scrollable: false; importantForAccessibility: false; visible: false; actions: [AccessibilityAction: ACTION_SELECT - null, AccessibilityAction: ACTION_CLEAR_SELECTION - null, AccessibilityAction: ACTION_ACCESSIBILITY_FOCUS - null, AccessibilityAction: ACTION_SHOW_ON_SCREEN - null]; isTextSelectable: false
06-25 03:44:12.791  9000  9058 I Maestro : Skipping invisible child: android.view.accessibility.AccessibilityNodeInfo@12522; boundsInParent: Rect(0, 0 - 320, 0); boundsInScreen: Rect(0, 0 - 320, 0); boundsInWindow: Rect(0, 0 - 320, 0); packageName: com.hanapkalinga.mobile; className: android.view.ViewGroup; text: null; error: null; maxTextLength: -1; stateDescription: null; contentDescription: null; tooltipText: null; containerTitle: null; viewIdResName: null; uniqueId: null; checkable: false; checked: false; focusable: false; focused: false; selected: false; clickable: false; longClickable: false; contextClickable: false; enabled: true; password: false; scrollable: false; importantForAccessibility: false; visible: false; actions: [AccessibilityAction: ACTION_SELECT - null, AccessibilityAction: ACTION_CLEAR_SELECTION - null, AccessibilityAction: ACTION_ACCESSIBILITY_FOCUS - null, AccessibilityAction: ACTION_SHOW_ON_SCREEN - null]; isTextSelectable: false
06-25 03:44:12.792  9000  9058 I Maestro : Skipping invisible child: android.view.accessibility.AccessibilityNodeInfo@1a4c4; boundsInParent: Rect(0, 0 - 320, 0); boundsInScreen: Rect(0, 0 - 320, 0); boundsInWindow: Rect(0, 0 - 320, 0); packageName: com.hanapkalinga.mobile; className: android.widget.LinearLayout; text: null; error: null; maxTextLength: -1; stateDescription: null; contentDescription: null; tooltipText: null; containerTitle: null; viewIdResName: null; uniqueId: null; checkable: false; checked: false; focusable: false; focused: false; selected: false; clickable: false; longClickable: false; contextClickable: false; enabled: true; password: false; scrollable: false; importantForAccessibility: false; visible: false; actions: [AccessibilityAction: ACTION_SELECT - null, AccessibilityAction: ACTION_CLEAR_SELECTION - null, AccessibilityAction: ACTION_ACCESSIBILITY_FOCUS - null, AccessibilityAction: ACTION_SHOW_ON_SCREEN - null]; isTextSelectable: false
06-25 03:44:12.792  9000  9058 I Maestro : Skipping invisible child: android.view.accessibility.AccessibilityNodeInfo@1a103; boundsInParent: Rect(0, 0 - 320, 0); boundsInScreen: Rect(0, 0 - 320, 0); boundsInWindow: Rect(0, 0 - 320, 0); packageName: com.hanapkalinga.mobile; className: android.view.ViewGroup; text: null; error: null; maxTextLength: -1; stateDescription: null; contentDescription: null; tooltipText: null; containerTitle: null; viewIdResName: null; uniqueId: null; checkable: false; checked: false; focusable: false; focused: false; selected: false; clickable: false; longClickable: false; contextClickable: false; enabled: true; password: false; scrollable: false; importantForAccessibility: false; visible: false; actions: [AccessibilityAction: ACTION_SELECT - null, AccessibilityAction: ACTION_CLEAR_SELECTION - null, AccessibilityAction: ACTION_ACCESSIBILITY_FOCUS - null, AccessibilityAction: ACTION_SHOW_ON_SCREEN - null]; isTextSelectable: false
06-25 03:44:12.803  9000  9058 I Maestro : Skipping invisible child: android.view.accessibility.AccessibilityNodeInfo@18e3e; boundsInParent: Rect(0, 0 - 280, 34); boundsInScreen: Rect(20, 450 - 300, 484); boundsInWindow: Rect(20, 450 - 300, 484); packageName: com.hanapkalinga.mobile; className: android.view.View; text: null; error: null; maxTextLength: -1; stateDescription: null; contentDescription: Forgot password?; tooltipText: null; containerTitle: null; viewIdResName: login_link_forgotPassword; uniqueId: null; checkable: false; checked: false; focusable: true; focused: false; selected: false; clickable: true; longClickable: false; contextClickable: false; enabled: true; password: false; scrollable: false; importantForAccessibility: true; visible: false; actions: [AccessibilityAction: ACTION_FOCUS - null, AccessibilityAction: ACTION_SELECT - null, AccessibilityAction: ACTION_CLEAR_SELECTION - null, AccessibilityAction: ACTION_CLICK - null, AccessibilityAction: ACTION_ACCESSIBILITY_FOCUS - null, AccessibilityAction: ACTION_SHOW_ON_SCREEN - null]; isTextSelectable: false
06-25 03:44:12.803  9000  9058 I Maestro : Skipping invisible child: android.view.accessibility.AccessibilityNodeInfo@195c0; boundsInParent: Rect(0, 0 - 169, 22); boundsInScreen: Rect(11, 508 - 180, 530); boundsInWindow: Rect(11, 508 - 180, 530); packageName: com.hanapkalinga.mobile; className: android.widget.TextView; text: Don't have an account? ; error: null; maxTextLength: -1; stateDescription: null; contentDescription: null; tooltipText: null; containerTitle: null; viewIdResName: null; uniqueId: null; checkable: false; checked: false; focusable: false; focused: false; selected: false; clickable: false; longClickable: false; contextClickable: false; enabled: true; password: false; scrollable: false; importantForAccessibility: true; visible: false; actions: [AccessibilityAction: ACTION_SELECT - null, AccessibilityAction: ACTION_CLEAR_SELECTION - null, AccessibilityAction: ACTION_ACCESSIBILITY_FOCUS - null, AccessibilityAction: ACTION_NEXT_AT_MOVEMENT_GRANULARITY - null, AccessibilityAction: ACTION_PREVIOUS_AT_MOVEMENT_GRANULARITY - null, AccessibilityAction: ACTION_SET_SELECTION - null, AccessibilityAction: ACTION_SHOW_ON_SCREEN - null]; isTextSelectable: false
06-25 03:44:12.804  9000  9058 I Maestro : Skipping invisible child: android.view.accessibility.AccessibilityNodeInfo@19981; boundsInParent: Rect(0, 0 - 128, 22); boundsInScreen: Rect(181, 508 - 309, 530); boundsInWindow: Rect(181, 508 - 309, 530); packageName: com.hanapkalinga.mobile; className: android.view.View; text: null; error: null; maxTextLength: -1; stateDescription: null; contentDescription: Create an account; tooltipText: null; containerTitle: null; viewIdResName: null; uniqueId: null; checkable: false; checked: false; focusable: true; focused: false; selected: false; clickable: true; longClickable: false; contextClickable: false; enabled: true; password: false; scrollable: false; importantForAccessibility: true; visible: false; actions: [AccessibilityAction: ACTION_FOCUS - null, AccessibilityAction: ACTION_SELECT - null, AccessibilityAction: ACTION_CLEAR_SELECTION - null, AccessibilityAction: ACTION_CLICK - null, AccessibilityAction: ACTION_ACCESSIBILITY_FOCUS - null, AccessibilityAction: ACTION_SHOW_ON_SCREEN - null]; isTextSelectable: false
06-25 03:44:12.899  9000  9058 I Maestro : Skipping invisible child: android.view.accessibility.AccessibilityNodeInfo@13b9f; boundsInParent: Rect(0, 0 - 320, 0); boundsInScreen: Rect(0, 640 - 320, 640); boundsInWindow: Rect(0, 640 - 320, 640); packageName: com.google.android.inputmethod.latin; className: android.widget.FrameLayout; text: null; error: null; maxTextLength: -1; stateDescription: null; contentDescription: null; tooltipText: null; containerTitle: null; viewIdResName: com.google.android.inputmethod.latin:id/0_resource_name_obfuscated; uniqueId: null; checkable: false; checked: false; focusable: false; focused: false; selected: false; clickable: false; longClickable: false; contextClickable: false; enabled: true; password: false; scrollable: false; importantForAccessibility: false; visible: false; actions: [AccessibilityAction: ACTION_SELECT - null, AccessibilityAction: ACTION_CLEAR_SELECTION - null, AccessibilityAction: ACTION_ACCESSIBILITY_FOCUS - null, AccessibilityAction: ACTION_SHOW_ON_SCREEN - null]; isTextSelectable: false
