06-25 03:45:21.716  9472  9694 I Maestro : Skipping invisible child: android.view.accessibility.AccessibilityNodeInfo@1a4d7; boundsInParent: Rect(0, 0 - 320, 0); boundsInScreen: Rect(0, 0 - 320, 0); boundsInWindow: Rect(0, 0 - 320, 0); packageName: com.hanapkalinga.mobile; className: android.widget.LinearLayout; text: null; error: null; maxTextLength: -1; stateDescription: null; contentDescription: null; tooltipText: null; containerTitle: null; viewIdResName: null; uniqueId: null; checkable: false; checked: false; focusable: false; focused: false; selected: false; clickable: false; longClickable: false; contextClickable: false; enabled: true; password: false; scrollable: false; importantForAccessibility: false; visible: false; actions: [AccessibilityAction: ACTION_SELECT - null, AccessibilityAction: ACTION_CLEAR_SELECTION - null, AccessibilityAction: ACTION_ACCESSIBILITY_FOCUS - null, AccessibilityAction: ACTION_SHOW_ON_SCREEN - null]; isTextSelectable: false
06-25 03:45:21.716  9472  9694 I Maestro : Skipping invisible child: android.view.accessibility.AccessibilityNodeInfo@1a116; boundsInParent: Rect(0, 0 - 320, 0); boundsInScreen: Rect(0, 0 - 320, 0); boundsInWindow: Rect(0, 0 - 320, 0); packageName: com.hanapkalinga.mobile; className: android.view.ViewGroup; text: null; error: null; maxTextLength: -1; stateDescription: null; contentDescription: null; tooltipText: null; containerTitle: null; viewIdResName: null; uniqueId: null; checkable: false; checked: false; focusable: false; focused: false; selected: false; clickable: false; longClickable: false; contextClickable: false; enabled: true; password: false; scrollable: false; importantForAccessibility: false; visible: false; actions: [AccessibilityAction: ACTION_SELECT - null, AccessibilityAction: ACTION_CLEAR_SELECTION - null, AccessibilityAction: ACTION_ACCESSIBILITY_FOCUS - null, AccessibilityAction: ACTION_SHOW_ON_SCREEN - null]; isTextSelectable: false
06-25 03:45:21.726  9472  9694 D Maestro : View hierarchy received in 28 ms
06-25 03:45:21.814  9472  9694 W QueryController: Could not detect idle state.
06-25 03:45:21.815  9472  9694 W QueryController: Could not detect idle state.
06-25 03:45:21.817  9472  9694 W UiDevice: Skipping wait as package ${APP_ID} does not match current window com.hanapkalinga.mobile.
06-25 03:45:21.822  9472  9694 W QueryController: Could not detect idle state.
06-25 03:45:21.825  9472  9694 W QueryController: Could not detect idle state.
06-25 03:45:21.828  9472  9694 W UiDevice: Skipping wait as package ${APP_ID} does not match current window com.hanapkalinga.mobile.
06-25 03:45:21.829   521   521 D OomAdjuster: Not killing cached processes
06-25 03:45:21.830  5911  6423 I IPCThreadState: oneway function results for code 1 on binder at 0x78c7a5102e90 will be dropped but finished with status UNKNOWN_TRANSACTION and reply parcel size 80
06-25 03:45:21.835  9472  9694 W QueryController: Could not detect idle state.
06-25 03:45:21.835  9472  9694 W QueryController: Could not detect idle state.
06-25 03:45:21.837  9472  9694 W UiDevice: Skipping wait as package ${APP_ID} does not match current window com.hanapkalinga.mobile.
06-25 03:45:21.842  9472  9694 W QueryController: Could not detect idle state.
06-25 03:45:21.843  9472  9694 W QueryController: Could not detect idle state.
06-25 03:45:21.846  9472  9694 W UiDevice: Skipping wait as package ${APP_ID} does not match current window com.hanapkalinga.mobile.
06-25 03:45:21.852  9472  9694 W QueryController: Could not detect idle state.
06-25 03:45:21.854  9472  9694 W QueryController: Could not detect idle state.
06-25 03:45:21.857  9472  9694 W UiDevice: Skipping wait as package ${APP_ID} does not match current window com.hanapkalinga.mobile.
06-25 03:45:21.862  9472  9694 W QueryController: Could not detect idle state.
06-25 03:45:21.863  9472  9694 W QueryController: Could not detect idle state.
06-25 03:45:21.865  9472  9694 W UiDevice: Skipping wait as package ${APP_ID} does not match current window com.hanapkalinga.mobile.
06-25 03:45:21.869  9472  9694 W QueryController: Could not detect idle state.
06-25 03:45:21.870  9472  9694 W QueryController: Could not detect idle state.
06-25 03:45:21.872  9472  9694 W UiDevice: Skipping wait as package ${APP_ID} does not match current window com.hanapkalinga.mobile.
06-25 03:45:21.877  9472  9694 W QueryController: Could not detect idle state.
06-25 03:45:21.878  9472  9694 W QueryController: Could not detect idle state.
06-25 03:45:21.880  9472  9694 W UiDevice: Skipping wait as package ${APP_ID} does not match current window com.hanapkalinga.mobile.
06-25 03:45:21.884  9472  9694 W QueryController: Could not detect idle state.
06-25 03:45:21.886  9472  9694 W QueryController: Could not detect idle state.
06-25 03:45:21.889  9472  9694 W UiDevice: Skipping wait as package ${APP_ID} does not match current window com.hanapkalinga.mobile.
06-25 03:45:21.894  9472  9694 W QueryController: Could not detect idle state.
06-25 03:45:21.897  9472  9694 W QueryController: Could not detect idle state.
06-25 03:45:21.900  9472  9694 W UiDevice: Skipping wait as package ${APP_ID} does not match current window com.hanapkalinga.mobile.
06-25 03:45:21.947  9472  9694 W QueryController: Could not detect idle state.
06-25 03:45:21.949  9472  9694 W QueryController: Could not detect idle state.
06-25 03:45:21.953  9472  9694 W UiDevice: Skipping wait as package ${APP_ID} does not match current window com.hanapkalinga.mobile.
06-25 03:45:21.962  9472  9694 W QueryController: Could not detect idle state.
06-25 03:45:21.964  9472  9694 W QueryController: Could not detect idle state.
06-25 03:45:21.967  9472  9694 W UiDevice: Skipping wait as package ${APP_ID} does not match current window com.hanapkalinga.mobile.
06-25 03:45:21.971  9472  9694 W QueryController: Could not detect idle state.
06-25 03:45:21.972  9472  9694 W QueryController: Could not detect idle state.
06-25 03:45:21.974  9472  9694 W UiDevice: Skipping wait as package ${APP_ID} does not match current window com.hanapkalinga.mobile.
06-25 03:45:21.979  9472  9694 W QueryController: Could not detect idle state.
06-25 03:45:21.981  9472  9694 W QueryController: Could not detect idle state.
06-25 03:45:21.984  9472  9694 W UiDevice: Skipping wait as package ${APP_ID} does not match current window com.hanapkalinga.mobile.
06-25 03:45:21.989  9472  9694 W QueryController: Could not detect idle state.
06-25 03:45:21.991  9472  9694 W QueryController: Could not detect idle state.
06-25 03:45:21.994  9472  9694 W UiDevice: Skipping wait as package ${APP_ID} does not match current window com.hanapkalinga.mobile.
06-25 03:45:21.998  9472  9694 W QueryController: Could not detect idle state.
06-25 03:45:22.001  9472  9694 W QueryController: Could not detect idle state.
06-25 03:45:22.004  9472  9694 W UiDevice: Skipping wait as package ${APP_ID} does not match current window com.hanapkalinga.mobile.
06-25 03:45:22.009  9472  9694 W QueryController: Could not detect idle state.
06-25 03:45:22.010  9472  9694 W QueryController: Could not detect idle state.
06-25 03:45:22.012  9472  9694 W UiDevice: Skipping wait as package ${APP_ID} does not match current window com.hanapkalinga.mobile.
06-25 03:45:22.016  9472  9694 W QueryController: Could not detect idle state.
06-25 03:45:22.017  9472  9694 W QueryController: Could not detect idle state.
06-25 03:45:22.019  9472  9694 W UiDevice: Skipping wait as package ${APP_ID} does not match current window com.hanapkalinga.mobile.
06-25 03:45:22.024  9472  9694 W QueryController: Could not detect idle state.
06-25 03:45:22.025  9472  9694 W QueryController: Could not detect idle state.
06-25 03:45:22.027  9472  9694 W UiDevice: Skipping wait as package ${APP_ID} does not match current window com.hanapkalinga.mobile.
06-25 03:45:22.032  9472  9694 W QueryController: Could not detect idle state.
06-25 03:45:22.033  9472  9694 W QueryController: Could not detect idle state.
06-25 03:45:22.035  9472  9694 W UiDevice: Skipping wait as package ${APP_ID} does not match current window com.hanapkalinga.mobile.
06-25 03:45:22.040  9472  9694 W QueryController: Could not detect idle state.
06-25 03:45:22.041  9472  9694 W QueryController: Could not detect idle state.
06-25 03:45:22.044  9472  9694 W UiDevice: Skipping wait as package ${APP_ID} does not match current window com.hanapkalinga.mobile.
06-25 03:45:22.049  9472  9694 W QueryController: Could not detect idle state.
06-25 03:45:22.051   842   842 D StatusBarIconController: ignoring old pipeline callback because the new wifi icon is enabled
06-25 03:45:22.052  9472  9694 W QueryController: Could not detect idle state.
06-25 03:45:22.056  9472  9694 W UiDevice: Skipping wait as package ${APP_ID} does not match current window com.hanapkalinga.mobile.
06-25 03:45:22.060  9472  9694 W QueryController: Could not detect idle state.
06-25 03:45:22.064  9472  9694 W QueryController: Could not detect idle state.
06-25 03:45:22.068  9472  9694 W UiDevice: Skipping wait as package ${APP_ID} does not match current window com.hanapkalinga.mobile.
06-25 03:45:22.073  9472  9694 W QueryController: Could not detect idle state.
06-25 03:45:22.077  9472  9694 W QueryController: Could not detect idle state.
06-25 03:45:22.081  9472  9694 W UiDevice: Skipping wait as package ${APP_ID} does not match current window com.hanapkalinga.mobile.
06-25 03:45:22.086  9472  9694 W QueryController: Could not detect idle state.
06-25 03:45:22.089  9472  9694 W QueryController: Could not detect idle state.
06-25 03:45:22.093  9472  9694 W UiDevice: Skipping wait as package ${APP_ID} does not match current window com.hanapkalinga.mobile.
06-25 03:45:22.098  9472  9694 W QueryController: Could not detect idle state.
06-25 03:45:22.100  9472  9694 W QueryController: Could not detect idle state.
06-25 03:45:22.103  9472  9694 W UiDevice: Skipping wait as package ${APP_ID} does not match current window com.hanapkalinga.mobile.
06-25 03:45:22.107  9472  9694 W QueryController: Could not detect idle state.
06-25 03:45:22.110  9472  9694 W QueryController: Could not detect idle state.
06-25 03:45:22.113  9472  9694 W UiDevice: Skipping wait as package ${APP_ID} does not match current window com.hanapkalinga.mobile.
06-25 03:45:22.119  9472  9694 W QueryController: Could not detect idle state.
06-25 03:45:22.123  9472  9694 W QueryController: Could not detect idle state.
06-25 03:45:22.127  9472  9694 W UiDevice: Skipping wait as package ${APP_ID} does not match current window com.hanapkalinga.mobile.
06-25 03:45:22.132  9472  9694 W QueryController: Could not detect idle state.
06-25 03:45:22.134  9472  9694 W QueryController: Could not detect idle state.
06-25 03:45:22.137  9472  9694 W UiDevice: Skipping wait as package ${APP_ID} does not match current window com.hanapkalinga.mobile.
06-25 03:45:22.143  9472  9694 W QueryController: Could not detect idle state.
06-25 03:45:22.145  9472  9694 W QueryController: Could not detect idle state.
06-25 03:45:22.148  9472  9694 W UiDevice: Skipping wait as package ${APP_ID} does not match current window com.hanapkalinga.mobile.
06-25 03:45:22.153  9472  9694 W QueryController: Could not detect idle state.
06-25 03:45:22.153  9472  9694 W QueryController: Could not detect idle state.
06-25 03:45:22.155  9472  9694 W UiDevice: Skipping wait as package ${APP_ID} does not match current window com.hanapkalinga.mobile.
06-25 03:45:22.159  9472  9694 W QueryController: Could not detect idle state.
06-25 03:45:22.160  9472  9694 W QueryController: Could not detect idle state.
06-25 03:45:22.162  9472  9694 W UiDevice: Skipping wait as package ${APP_ID} does not match current window com.hanapkalinga.mobile.
06-25 03:45:22.166  9472  9694 W QueryController: Could not detect idle state.
06-25 03:45:22.167  9472  9694 W QueryController: Could not detect idle state.
06-25 03:45:22.169  9472  9694 W UiDevice: Skipping wait as package ${APP_ID} does not match current window com.hanapkalinga.mobile.
06-25 03:45:22.173  9472  9694 W QueryController: Could not detect idle state.
06-25 03:45:22.174  9472  9694 W QueryController: Could not detect idle state.
06-25 03:45:22.176  9472  9694 W UiDevice: Skipping wait as package ${APP_ID} does not match current window com.hanapkalinga.mobile.
06-25 03:45:22.181  9472  9694 W QueryController: Could not detect idle state.
06-25 03:45:22.181  9472  9694 W QueryController: Could not detect idle state.
06-25 03:45:22.183  9472  9694 W UiDevice: Skipping wait as package ${APP_ID} does not match current window com.hanapkalinga.mobile.
06-25 03:45:22.188  9472  9694 W QueryController: Could not detect idle state.
06-25 03:45:22.188  9472  9694 W QueryController: Could not detect idle state.
06-25 03:45:22.190  9472  9694 W UiDevice: Skipping wait as package ${APP_ID} does not match current window com.hanapkalinga.mobile.
06-25 03:45:22.194  9472  9694 W QueryController: Could not detect idle state.
06-25 03:45:22.195  9472  9694 W QueryController: Could not detect idle state.
06-25 03:45:22.197  9472  9694 W UiDevice: Skipping wait as package ${APP_ID} does not match current window com.hanapkalinga.mobile.
06-25 03:45:22.201  9472  9694 W QueryController: Could not detect idle state.
06-25 03:45:22.202  9472  9694 W QueryController: Could not detect idle state.
06-25 03:45:22.203  9472  9694 W UiDevice: Skipping wait as package ${APP_ID} does not match current window com.hanapkalinga.mobile.
06-25 03:45:22.208  9472  9694 W QueryController: Could not detect idle state.
06-25 03:45:22.209  9472  9694 W QueryController: Could not detect idle state.
06-25 03:45:22.211  9472  9694 W UiDevice: Skipping wait as package ${APP_ID} does not match current window com.hanapkalinga.mobile.
06-25 03:45:22.215  9472  9694 W QueryController: Could not detect idle state.
06-25 03:45:22.216  9472  9694 W QueryController: Could not detect idle state.
06-25 03:45:22.218  9472  9694 W UiDevice: Skipping wait as package ${APP_ID} does not match current window com.hanapkalinga.mobile.
06-25 03:45:22.223  9472  9694 W QueryController: Could not detect idle state.
06-25 03:45:22.224  9472  9694 W QueryController: Could not detect idle state.
06-25 03:45:22.227  9472  9694 W UiDevice: Skipping wait as package ${APP_ID} does not match current window com.hanapkalinga.mobile.
06-25 03:45:22.231  9472  9694 W QueryController: Could not detect idle state.
06-25 03:45:22.232  9472  9694 W QueryController: Could not detect idle state.
06-25 03:45:22.234  9472  9694 W UiDevice: Skipping wait as package ${APP_ID} does not match current window com.hanapkalinga.mobile.
06-25 03:45:22.238  9472  9694 W QueryController: Could not detect idle state.
06-25 03:45:22.238  9472  9694 W QueryController: Could not detect idle state.
06-25 03:45:22.240  9472  9694 W UiDevice: Skipping wait as package ${APP_ID} does not match current window com.hanapkalinga.mobile.
06-25 03:45:22.245  9472  9694 W QueryController: Could not detect idle state.
06-25 03:45:22.246  9472  9694 W QueryController: Could not detect idle state.
06-25 03:45:22.247  9472  9694 W UiDevice: Skipping wait as package ${APP_ID} does not match current window com.hanapkalinga.mobile.
06-25 03:45:22.252  9472  9694 W QueryController: Could not detect idle state.
06-25 03:45:22.253  9472  9694 W QueryController: Could not detect idle state.
06-25 03:45:22.254  9472  9694 W UiDevice: Skipping wait as package ${APP_ID} does not match current window com.hanapkalinga.mobile.
06-25 03:45:22.259  9472  9694 W QueryController: Could not detect idle state.
06-25 03:45:22.260  9472  9694 W QueryController: Could not detect idle state.
06-25 03:45:22.261  9472  9694 W UiDevice: Skipping wait as package ${APP_ID} does not match current window com.hanapkalinga.mobile.
06-25 03:45:22.266  9472  9694 W QueryController: Could not detect idle state.
06-25 03:45:22.268  9472  9694 W QueryController: Could not detect idle state.
06-25 03:45:22.271  9472  9694 W UiDevice: Skipping wait as package ${APP_ID} does not match current window com.hanapkalinga.mobile.
06-25 03:45:22.275  9472  9694 W QueryController: Could not detect idle state.
06-25 03:45:22.277  9472  9694 W QueryController: Could not detect idle state.
06-25 03:45:22.280  9472  9694 W UiDevice: Skipping wait as package ${APP_ID} does not match current window com.hanapkalinga.mobile.
06-25 03:45:22.285  9472  9694 W QueryController: Could not detect idle state.
06-25 03:45:22.286  9472  9694 W QueryController: Could not detect idle state.
06-25 03:45:22.288  9472  9694 W UiDevice: Skipping wait as package ${APP_ID} does not match current window com.hanapkalinga.mobile.
06-25 03:45:22.293  9472  9694 W QueryController: Could not detect idle state.
06-25 03:45:22.295  9472  9694 W QueryController: Could not detect idle state.
06-25 03:45:22.298  9472  9694 W UiDevice: Skipping wait as package ${APP_ID} does not match current window com.hanapkalinga.mobile.
06-25 03:45:22.305  9472  9694 W QueryController: Could not detect idle state.
06-25 03:45:22.306  9472  9694 W QueryController: Could not detect idle state.
06-25 03:45:22.309  9472  9694 W UiDevice: Skipping wait as package ${APP_ID} does not match current window com.hanapkalinga.mobile.
06-25 03:45:22.314  9472  9694 W QueryController: Could not detect idle state.
06-25 03:45:22.315  9472  9694 W QueryController: Could not detect idle state.
06-25 03:45:22.317  9472  9694 W UiDevice: Skipping wait as package ${APP_ID} does not match current window com.hanapkalinga.mobile.
06-25 03:45:22.322  9472  9694 W QueryController: Could not detect idle state.
06-25 03:45:22.323  9472  9694 W QueryController: Could not detect idle state.
06-25 03:45:22.325  9472  9694 W UiDevice: Skipping wait as package ${APP_ID} does not match current window com.hanapkalinga.mobile.
06-25 03:45:22.329  9472  9694 W QueryController: Could not detect idle state.
06-25 03:45:22.330  9472  9694 W QueryController: Could not detect idle state.
06-25 03:45:22.332  9472  9694 W UiDevice: Skipping wait as package ${APP_ID} does not match current window com.hanapkalinga.mobile.
06-25 03:45:22.336  9472  9694 W QueryController: Could not detect idle state.
06-25 03:45:22.337  9472  9694 W QueryController: Could not detect idle state.
06-25 03:45:22.339  9472  9694 W UiDevice: Skipping wait as package ${APP_ID} does not match current window com.hanapkalinga.mobile.
06-25 03:45:22.343  9472  9694 W QueryController: Could not detect idle state.
06-25 03:45:22.345  9472  9694 W QueryController: Could not detect idle state.
06-25 03:45:22.347  9472  9694 W UiDevice: Skipping wait as package ${APP_ID} does not match current window com.hanapkalinga.mobile.
06-25 03:45:22.352  9472  9694 W QueryController: Could not detect idle state.
06-25 03:45:22.353  9472  9694 W QueryController: Could not detect idle state.
06-25 03:45:22.355  9472  9694 W UiDevice: Skipping wait as package ${APP_ID} does not match current window com.hanapkalinga.mobile.
06-25 03:45:22.360  9472  9694 W QueryController: Could not detect idle state.
06-25 03:45:22.361  9472  9694 W QueryController: Could not detect idle state.
06-25 03:45:22.363  9472  9694 W UiDevice: Skipping wait as package ${APP_ID} does not match current window com.hanapkalinga.mobile.
06-25 03:45:22.368  9472  9694 W QueryController: Could not detect idle state.
06-25 03:45:22.369  9472  9694 W QueryController: Could not detect idle state.
06-25 03:45:22.371  9472  9694 W UiDevice: Skipping wait as package ${APP_ID} does not match current window com.hanapkalinga.mobile.
06-25 03:45:22.376  9472  9694 W QueryController: Could not detect idle state.
06-25 03:45:22.377  9472  9694 W QueryController: Could not detect idle state.
06-25 03:45:22.378  9472  9694 W UiDevice: Skipping wait as package ${APP_ID} does not match current window com.hanapkalinga.mobile.
06-25 03:45:22.385  9472  9694 W QueryController: Could not detect idle state.
06-25 03:45:22.386  9472  9694 W QueryController: Could not detect idle state.
06-25 03:45:22.388  9472  9694 W UiDevice: Skipping wait as package ${APP_ID} does not match current window com.hanapkalinga.mobile.
06-25 03:45:22.393  9472  9694 W QueryController: Could not detect idle state.
06-25 03:45:22.394  9472  9694 W QueryController: Could not detect idle state.
06-25 03:45:22.396  9472  9694 W UiDevice: Skipping wait as package ${APP_ID} does not match current window com.hanapkalinga.mobile.
06-25 03:45:22.400  9472  9694 W QueryController: Could not detect idle state.
06-25 03:45:22.401  9472  9694 W QueryController: Could not detect idle state.
06-25 03:45:22.403  9472  9694 W UiDevice: Skipping wait as package ${APP_ID} does not match current window com.hanapkalinga.mobile.
06-25 03:45:22.407  9472  9694 W QueryController: Could not detect idle state.
06-25 03:45:22.408  9472  9694 W QueryController: Could not detect idle state.
06-25 03:45:22.410  9472  9694 W UiDevice: Skipping wait as package ${APP_ID} does not match current window com.hanapkalinga.mobile.
06-25 03:45:22.415  9472  9694 W QueryController: Could not detect idle state.
06-25 03:45:22.415  9472  9694 W QueryController: Could not detect idle state.
06-25 03:45:22.417  9472  9694 W UiDevice: Skipping wait as package ${APP_ID} does not match current window com.hanapkalinga.mobile.
06-25 03:45:22.421  9472  9694 W QueryController: Could not detect idle state.
06-25 03:45:22.422  9472  9694 W QueryController: Could not detect idle state.
06-25 03:45:22.424  9472  9694 W UiDevice: Skipping wait as package ${APP_ID} does not match current window com.hanapkalinga.mobile.
06-25 03:45:22.428  9472  9694 W QueryController: Could not detect idle state.
06-25 03:45:22.430  9472  9694 W QueryController: Could not detect idle state.
06-25 03:45:22.434  9472  9694 W UiDevice: Skipping wait as package ${APP_ID} does not match current window com.hanapkalinga.mobile.
06-25 03:45:22.439  9472  9694 W QueryController: Could not detect idle state.
06-25 03:45:22.444  9472  9694 W QueryController: Could not detect idle state.
06-25 03:45:22.448  9472  9694 W UiDevice: Skipping wait as package ${APP_ID} does not match current window com.hanapkalinga.mobile.
06-25 03:45:22.493  9472  9694 W QueryController: Could not detect idle state.
06-25 03:45:22.495  9472  9694 W QueryController: Could not detect idle state.
06-25 03:45:22.498  9472  9694 W UiDevice: Skipping wait as package ${APP_ID} does not match current window com.hanapkalinga.mobile.
06-25 03:45:22.503  9472  9694 W QueryController: Could not detect idle state.
06-25 03:45:22.504  9472  9694 W QueryController: Could not detect idle state.
06-25 03:45:22.507  9472  9694 W UiDevice: Skipping wait as package ${APP_ID} does not match current window com.hanapkalinga.mobile.
06-25 03:45:22.512  9472  9694 W QueryController: Could not detect idle state.
06-25 03:45:22.513  9472  9694 W QueryController: Could not detect idle state.
06-25 03:45:22.515  9472  9694 W UiDevice: Skipping wait as package ${APP_ID} does not match current window com.hanapkalinga.mobile.
06-25 03:45:22.560  9472  9694 W QueryController: Could not detect idle state.
06-25 03:45:22.562  9472  9694 W QueryController: Could not detect idle state.
06-25 03:45:22.564  9472  9694 W UiDevice: Skipping wait as package ${APP_ID} does not match current window com.hanapkalinga.mobile.
06-25 03:45:22.576  9472  9694 D Maestro : Requesting view hierarchy
06-25 03:45:22.577  9472  9694 W QueryController: Could not detect idle state.
06-25 03:45:22.577  9472  9694 W QueryController: Could not detect idle state.
06-25 03:45:22.590  9472  9694 I Maestro : Skipping invisible child: android.view.accessibility.AccessibilityNodeInfo@128f6; boundsInParent: Rect(0, 0 - 320, 0); boundsInScreen: Rect(0, 0 - 320, 0); boundsInWindow: Rect(0, 0 - 320, 0); packageName: com.hanapkalinga.mobile; className: android.widget.LinearLayout; text: null; error: null; maxTextLength: -1; stateDescription: null; contentDescription: null; tooltipText: null; containerTitle: null; viewIdResName: null; uniqueId: null; checkable: false; checked: false; focusable: false; focused: false; selected: false; clickable: false; longClickable: false; contextClickable: false; enabled: true; password: false; scrollable: false; importantForAccessibility: false; visible: false; actions: [AccessibilityAction: ACTION_SELECT - null, AccessibilityAction: ACTION_CLEAR_SELECTION - null, AccessibilityAction: ACTION_ACCESSIBILITY_FOCUS - null, AccessibilityAction: ACTION_SHOW_ON_SCREEN - null]; isTextSelectable: false
06-25 03:45:22.591  9472  9694 I Maestro : Skipping invisible child: android.view.accessibility.AccessibilityNodeInfo@12535; boundsInParent: Rect(0, 0 - 320, 0); boundsInScreen: Rect(0, 0 - 320, 0); boundsInWindow: Rect(0, 0 - 320, 0); packageName: com.hanapkalinga.mobile; className: android.view.ViewGroup; text: null; error: null; maxTextLength: -1; stateDescription: null; contentDescription: null; tooltipText: null; containerTitle: null; viewIdResName: null; uniqueId: null; checkable: false; checked: false; focusable: false; focused: false; selected: false; clickable: false; longClickable: false; contextClickable: false; enabled: true; password: false; scrollable: false; importantForAccessibility: false; visible: false; actions: [AccessibilityAction: ACTION_SELECT - null, AccessibilityAction: ACTION_CLEAR_SELECTION - null, AccessibilityAction: ACTION_ACCESSIBILITY_FOCUS - null, AccessibilityAction: ACTION_SHOW_ON_SCREEN - null]; isTextSelectable: false
06-25 03:45:22.591  9472  9694 I Maestro : Skipping invisible child: android.view.accessibility.AccessibilityNodeInfo@1a4d7; boundsInParent: Rect(0, 0 - 320, 0); boundsInScreen: Rect(0, 0 - 320, 0); boundsInWindow: Rect(0, 0 - 320, 0); packageName: com.hanapkalinga.mobile; className: android.widget.LinearLayout; text: null; error: null; maxTextLength: -1; stateDescription: null; contentDescription: null; tooltipText: null; containerTitle: null; viewIdResName: null; uniqueId: null; checkable: false; checked: false; focusable: false; focused: false; selected: false; clickable: false; longClickable: false; contextClickable: false; enabled: true; password: false; scrollable: false; importantForAccessibility: false; visible: false; actions: [AccessibilityAction: ACTION_SELECT - null, AccessibilityAction: ACTION_CLEAR_SELECTION - null, AccessibilityAction: ACTION_ACCESSIBILITY_FOCUS - null, AccessibilityAction: ACTION_SHOW_ON_SCREEN - null]; isTextSelectable: false
06-25 03:45:22.592  9472  9694 I Maestro : Skipping invisible child: android.view.accessibility.AccessibilityNodeInfo@1a116; boundsInParent: Rect(0, 0 - 320, 0); boundsInScreen: Rect(0, 0 - 320, 0); boundsInWindow: Rect(0, 0 - 320, 0); packageName: com.hanapkalinga.mobile; className: android.view.ViewGroup; text: null; error: null; maxTextLength: -1; stateDescription: null; contentDescription: null; tooltipText: null; containerTitle: null; viewIdResName: null; uniqueId: null; checkable: false; checked: false; focusable: false; focused: false; selected: false; clickable: false; longClickable: false; contextClickable: false; enabled: true; password: false; scrollable: false; importantForAccessibility: false; visible: false; actions: [AccessibilityAction: ACTION_SELECT - null, AccessibilityAction: ACTION_CLEAR_SELECTION - null, AccessibilityAction: ACTION_ACCESSIBILITY_FOCUS - null, AccessibilityAction: ACTION_SHOW_ON_SCREEN - null]; isTextSelectable: false
06-25 03:45:22.602  9472  9694 D Maestro : View hierarchy received in 26 ms
06-25 03:45:22.711  1105  1105 D TaplEvents: TIS / TouchInteractionService.onInputEvent: MotionEvent { action=ACTION_DOWN, actionButton=0, id[0]=0, x[0]=160.0, y[0]=465.0, toolType[0]=TOOL_TYPE_FINGER, buttonState=0, classification=NONE, metaState=0, flags=0x0, edgeFlags=0x0, pointerCount=1, historySize=0, eventTime=558285, downTime=558285, deviceId=-1, source=0x1002, displayId=0, eventId=-190492032 }
06-25 03:45:22.744  9632  9651 D EGL_emulation: app_time_stats: avg=432.89ms min=299.93ms max=499.62ms count=3
06-25 03:45:22.813  1105  1105 D TaplEvents: TIS / TouchInteractionService.onInputEvent: MotionEvent { action=ACTION_UP, actionButton=0, id[0]=0, x[0]=160.0, y[0]=465.0, toolType[0]=TOOL_TYPE_FINGER, buttonState=0, classification=NONE, metaState=0, flags=0x0, edgeFlags=0x0, pointerCount=1, historySize=0, eventTime=558407, downTime=558285, deviceId=-1, source=0x1002, displayId=0, eventId=-178638713 }
06-25 03:45:22.830   397  6662 D audioserver: FGS Logger Transaction failed
06-25 03:45:22.830   397  6662 D audioserver: -129
06-25 03:45:22.832   397   504 D AudioFlinger: mixer(0x7bdf4df6a930) throttle end: throttle time(40)
06-25 03:45:22.836   336  9785 I resolv  : GetAddrInfoHandler::run: {101 101 101 983141 10192 0}
06-25 03:45:22.836   336  9786 I resolv  : res_nmkquery: (QUERY, IN, AAAA)
06-25 03:45:22.837   336  9787 I resolv  : res_nmkquery: (QUERY, IN, A)
06-25 03:45:22.843  9472  9694 D Maestro : Requesting view hierarchy
06-25 03:45:22.843  9472  9694 W QueryController: Could not detect idle state.
06-25 03:45:22.844  9472  9694 W QueryController: Could not detect idle state.
06-25 03:45:22.870   521   609 D ActivityManager: freezing 1874 com.android.keychain
06-25 03:45:22.870   521   609 D ActivityManager: freezing 1056 com.android.settings
06-25 03:45:22.870   521   609 D ActivityManager: freezing 3423 com.android.dynsystem:dynsystem
06-25 03:45:22.871   521   609 D ActivityManager: freezing 3348 com.android.dynsystem
06-25 03:45:22.871   521   609 D ActivityManager: freezing 2319 com.android.localtransport
06-25 03:45:22.946  9472  9694 I Maestro : Skipping invisible child: android.view.accessibility.AccessibilityNodeInfo@128f6; boundsInParent: Rect(0, 0 - 320, 0); boundsInScreen: Rect(0, 0 - 320, 0); boundsInWindow: Rect(0, 0 - 320, 0); packageName: com.hanapkalinga.mobile; className: android.widget.LinearLayout; text: null; error: null; maxTextLength: -1; stateDescription: null; contentDescription: null; tooltipText: null; containerTitle: null; viewIdResName: null; uniqueId: null; checkable: false; checked: false; focusable: false; focused: false; selected: false; clickable: false; longClickable: false; contextClickable: false; enabled: true; password: false; scrollable: false; importantForAccessibility: false; visible: false; actions: [AccessibilityAction: ACTION_SELECT - null, AccessibilityAction: ACTION_CLEAR_SELECTION - null, AccessibilityAction: ACTION_ACCESSIBILITY_FOCUS - null, AccessibilityAction: ACTION_SHOW_ON_SCREEN - null]; isTextSelectable: false
06-25 03:45:22.947  9472  9694 I Maestro : Skipping invisible child: android.view.accessibility.AccessibilityNodeInfo@12535; boundsInParent: Rect(0, 0 - 320, 0); boundsInScreen: Rect(0, 0 - 320, 0); boundsInWindow: Rect(0, 0 - 320, 0); packageName: com.hanapkalinga.mobile; className: android.view.ViewGroup; text: null; error: null; maxTextLength: -1; stateDescription: null; contentDescription: null; tooltipText: null; containerTitle: null; viewIdResName: null; uniqueId: null; checkable: false; checked: false; focusable: false; focused: false; selected: false; clickable: false; longClickable: false; contextClickable: false; enabled: true; password: false; scrollable: false; importantForAccessibility: false; visible: false; actions: [AccessibilityAction: ACTION_SELECT - null, AccessibilityAction: ACTION_CLEAR_SELECTION - null, AccessibilityAction: ACTION_ACCESSIBILITY_FOCUS - null, AccessibilityAction: ACTION_SHOW_ON_SCREEN - null]; isTextSelectable: false
06-25 03:45:22.948  9472  9694 I Maestro : Skipping invisible child: android.view.accessibility.AccessibilityNodeInfo@1a4d7; boundsInParent: Rect(0, 0 - 320, 0); boundsInScreen: Rect(0, 0 - 320, 0); boundsInWindow: Rect(0, 0 - 320, 0); packageName: com.hanapkalinga.mobile; className: android.widget.LinearLayout; text: null; error: null; maxTextLength: -1; stateDescription: null; contentDescription: null; tooltipText: null; containerTitle: null; viewIdResName: null; uniqueId: null; checkable: false; checked: false; focusable: false; focused: false; selected: false; clickable: false; longClickable: false; contextClickable: false; enabled: true; password: false; scrollable: false; importantForAccessibility: false; visible: false; actions: [AccessibilityAction: ACTION_SELECT - null, AccessibilityAction: ACTION_CLEAR_SELECTION - null, AccessibilityAction: ACTION_ACCESSIBILITY_FOCUS - null, AccessibilityAction: ACTION_SHOW_ON_SCREEN - null]; isTextSelectable: false
06-25 03:45:22.948  9472  9694 I Maestro : Skipping invisible child: android.view.accessibility.AccessibilityNodeInfo@1a116; boundsInParent: Rect(0, 0 - 320, 0); boundsInScreen: Rect(0, 0 - 320, 0); boundsInWindow: Rect(0, 0 - 320, 0); packageName: com.hanapkalinga.mobile; className: android.view.ViewGroup; text: null; error: null; maxTextLength: -1; stateDescription: null; contentDescription: null; tooltipText: null; containerTitle: null; viewIdResName: null; uniqueId: null; checkable: false; checked: false; focusable: false; focused: false; selected: false; clickable: false; longClickable: false; contextClickable: false; enabled: true; password: false; scrollable: false; importantForAccessibility: false; visible: false; actions: [AccessibilityAction: ACTION_SELECT - null, AccessibilityAction: ACTION_CLEAR_SELECTION - null, AccessibilityAction: ACTION_ACCESSIBILITY_FOCUS - null, AccessibilityAction: ACTION_SHOW_ON_SCREEN - null]; isTextSelectable: false
06-25 03:45:22.991   397   504 D audioserver: FGS Logger Transaction failed
06-25 03:45:22.991   397   504 D audioserver: -129
06-25 03:45:23.117  9472  9694 D Maestro : View hierarchy received in 274 ms
06-25 03:45:23.335   336  9787 I resolv  : res_nsend: used send_dg 82 terrno: 0
06-25 03:45:23.335   336  9786 I resolv  : res_nsend: used send_dg 117 terrno: 0
06-25 03:45:23.335   336  9787 I resolv  : doQuery: rcode=0, ancount=2, return value=82
06-25 03:45:23.335   336  9786 I resolv  : doQuery: rcode=0, ancount=0, return value=117
06-25 03:45:23.336  9632  9678 D TrafficStats: tagSocket(121) with statsTag=0xffffffff, statsUid=-1
06-25 03:45:23.460  9472  9694 D Maestro : Requesting view hierarchy
06-25 03:45:23.461  9472  9694 W QueryController: Could not detect idle state.
06-25 03:45:23.462  9472  9694 W QueryController: Could not detect idle state.
06-25 03:45:23.479  9472  9694 I Maestro : Skipping invisible child: android.view.accessibility.AccessibilityNodeInfo@128f6; boundsInParent: Rect(0, 0 - 320, 0); boundsInScreen: Rect(0, 0 - 320, 0); boundsInWindow: Rect(0, 0 - 320, 0); packageName: com.hanapkalinga.mobile; className: android.widget.LinearLayout; text: null; error: null; maxTextLength: -1; stateDescription: null; contentDescription: null; tooltipText: null; containerTitle: null; viewIdResName: null; uniqueId: null; checkable: false; checked: false; focusable: false; focused: false; selected: false; clickable: false; longClickable: false; contextClickable: false; enabled: true; password: false; scrollable: false; importantForAccessibility: false; visible: false; actions: [AccessibilityAction: ACTION_SELECT - null, AccessibilityAction: ACTION_CLEAR_SELECTION - null, AccessibilityAction: ACTION_ACCESSIBILITY_FOCUS - null, AccessibilityAction: ACTION_SHOW_ON_SCREEN - null]; isTextSelectable: false
06-25 03:45:23.479  9472  9694 I Maestro : Skipping invisible child: android.view.accessibility.AccessibilityNodeInfo@12535; boundsInParent: Rect(0, 0 - 320, 0); boundsInScreen: Rect(0, 0 - 320, 0); boundsInWindow: Rect(0, 0 - 320, 0); packageName: com.hanapkalinga.mobile; className: android.view.ViewGroup; text: null; error: null; maxTextLength: -1; stateDescription: null; contentDescription: null; tooltipText: null; containerTitle: null; viewIdResName: null; uniqueId: null; checkable: false; checked: false; focusable: false; focused: false; selected: false; clickable: false; longClickable: false; contextClickable: false; enabled: true; password: false; scrollable: false; importantForAccessibility: false; visible: false; actions: [AccessibilityAction: ACTION_SELECT - null, AccessibilityAction: ACTION_CLEAR_SELECTION - null, AccessibilityAction: ACTION_ACCESSIBILITY_FOCUS - null, AccessibilityAction: ACTION_SHOW_ON_SCREEN - null]; isTextSelectable: false
06-25 03:45:23.480  9472  9694 I Maestro : Skipping invisible child: android.view.accessibility.AccessibilityNodeInfo@1a4d7; boundsInParent: Rect(0, 0 - 320, 0); boundsInScreen: Rect(0, 0 - 320, 0); boundsInWindow: Rect(0, 0 - 320, 0); packageName: com.hanapkalinga.mobile; className: android.widget.LinearLayout; text: null; error: null; maxTextLength: -1; stateDescription: null; contentDescription: null; tooltipText: null; containerTitle: null; viewIdResName: null; uniqueId: null; checkable: false; checked: false; focusable: false; focused: false; selected: false; clickable: false; longClickable: false; contextClickable: false; enabled: true; password: false; scrollable: false; importantForAccessibility: false; visible: false; actions: [AccessibilityAction: ACTION_SELECT - null, AccessibilityAction: ACTION_CLEAR_SELECTION - null, AccessibilityAction: ACTION_ACCESSIBILITY_FOCUS - null, AccessibilityAction: ACTION_SHOW_ON_SCREEN - null]; isTextSelectable: false
06-25 03:45:23.480  9472  9694 I Maestro : Skipping invisible child: android.view.accessibility.AccessibilityNodeInfo@1a116; boundsInParent: Rect(0, 0 - 320, 0); boundsInScreen: Rect(0, 0 - 320, 0); boundsInWindow: Rect(0, 0 - 320, 0); packageName: com.hanapkalinga.mobile; className: android.view.ViewGroup; text: null; error: null; maxTextLength: -1; stateDescription: null; contentDescription: null; tooltipText: null; containerTitle: null; viewIdResName: null; uniqueId: null; checkable: false; checked: false; focusable: false; focused: false; selected: false; clickable: false; longClickable: false; contextClickable: false; enabled: true; password: false; scrollable: false; importantForAccessibility: false; visible: false; actions: [AccessibilityAction: ACTION_SELECT - null, AccessibilityAction: ACTION_CLEAR_SELECTION - null, AccessibilityAction: ACTION_ACCESSIBILITY_FOCUS - null, AccessibilityAction: ACTION_SHOW_ON_SCREEN - null]; isTextSelectable: false
06-25 03:45:23.497  9472  9694 D Maestro : View hierarchy received in 37 ms
06-25 03:45:23.554  9472  9694 D Maestro : Requesting view hierarchy
06-25 03:45:23.555  9472  9694 W QueryController: Could not detect idle state.
06-25 03:45:23.555  9472  9694 W QueryController: Could not detect idle state.
06-25 03:45:23.573  9472  9694 I Maestro : Skipping invisible child: android.view.accessibility.AccessibilityNodeInfo@128f6; boundsInParent: Rect(0, 0 - 320, 0); boundsInScreen: Rect(0, 0 - 320, 0); boundsInWindow: Rect(0, 0 - 320, 0); packageName: com.hanapkalinga.mobile; className: android.widget.LinearLayout; text: null; error: null; maxTextLength: -1; stateDescription: null; contentDescription: null; tooltipText: null; containerTitle: null; viewIdResName: null; uniqueId: null; checkable: false; checked: false; focusable: false; focused: false; selected: false; clickable: false; longClickable: false; contextClickable: false; enabled: true; password: false; scrollable: false; importantForAccessibility: false; visible: false; actions: [AccessibilityAction: ACTION_SELECT - null, AccessibilityAction: ACTION_CLEAR_SELECTION - null, AccessibilityAction: ACTION_ACCESSIBILITY_FOCUS - null, AccessibilityAction: ACTION_SHOW_ON_SCREEN - null]; isTextSelectable: false
06-25 03:45:23.573  9472  9694 I Maestro : Skipping invisible child: android.view.accessibility.AccessibilityNodeInfo@12535; boundsInParent: Rect(0, 0 - 320, 0); boundsInScreen: Rect(0, 0 - 320, 0); boundsInWindow: Rect(0, 0 - 320, 0); packageName: com.hanapkalinga.mobile; className: android.view.ViewGroup; text: null; error: null; maxTextLength: -1; stateDescription: null; contentDescription: null; tooltipText: null; containerTitle: null; viewIdResName: null; uniqueId: null; checkable: false; checked: false; focusable: false; focused: false; selected: false; clickable: false; longClickable: false; contextClickable: false; enabled: true; password: false; scrollable: false; importantForAccessibility: false; visible: false; actions: [AccessibilityAction: ACTION_SELECT - null, AccessibilityAction: ACTION_CLEAR_SELECTION - null, AccessibilityAction: ACTION_ACCESSIBILITY_FOCUS - null, AccessibilityAction: ACTION_SHOW_ON_SCREEN - null]; isTextSelectable: false
06-25 03:45:23.574  9472  9694 I Maestro : Skipping invisible child: android.view.accessibility.AccessibilityNodeInfo@1a4d7; boundsInParent: Rect(0, 0 - 320, 0); boundsInScreen: Rect(0, 0 - 320, 0); boundsInWindow: Rect(0, 0 - 320, 0); packageName: com.hanapkalinga.mobile; className: android.widget.LinearLayout; text: null; error: null; maxTextLength: -1; stateDescription: null; contentDescription: null; tooltipText: null; containerTitle: null; viewIdResName: null; uniqueId: null; checkable: false; checked: false; focusable: false; focused: false; selected: false; clickable: false; longClickable: false; contextClickable: false; enabled: true; password: false; scrollable: false; importantForAccessibility: false; visible: false; actions: [AccessibilityAction: ACTION_SELECT - null, AccessibilityAction: ACTION_CLEAR_SELECTION - null, AccessibilityAction: ACTION_ACCESSIBILITY_FOCUS - null, AccessibilityAction: ACTION_SHOW_ON_SCREEN - null]; isTextSelectable: false
06-25 03:45:23.574  9472  9694 I Maestro : Skipping invisible child: android.view.accessibility.AccessibilityNodeInfo@1a116; boundsInParent: Rect(0, 0 - 320, 0); boundsInScreen: Rect(0, 0 - 320, 0); boundsInWindow: Rect(0, 0 - 320, 0); packageName: com.hanapkalinga.mobile; className: android.view.ViewGroup; text: null; error: null; maxTextLength: -1; stateDescription: null; contentDescription: null; tooltipText: null; containerTitle: null; viewIdResName: null; uniqueId: null; checkable: false; checked: false; focusable: false; focused: false; selected: false; clickable: false; longClickable: false; contextClickable: false; enabled: true; password: false; scrollable: false; importantForAccessibility: false; visible: false; actions: [AccessibilityAction: ACTION_SELECT - null, AccessibilityAction: ACTION_CLEAR_SELECTION - null, AccessibilityAction: ACTION_ACCESSIBILITY_FOCUS - null, AccessibilityAction: ACTION_SHOW_ON_SCREEN - null]; isTextSelectable: false
06-25 03:45:23.584  9472  9694 D Maestro : View hierarchy received in 30 ms
06-25 03:45:23.674  9472  9694 D Maestro : Requesting view hierarchy
06-25 03:45:23.674  9472  9694 W QueryController: Could not detect idle state.
06-25 03:45:23.675  9472  9694 W QueryController: Could not detect idle state.
06-25 03:45:23.689  9472  9694 I Maestro : Skipping invisible child: android.view.accessibility.AccessibilityNodeInfo@128f6; boundsInParent: Rect(0, 0 - 320, 0); boundsInScreen: Rect(0, 0 - 320, 0); boundsInWindow: Rect(0, 0 - 320, 0); packageName: com.hanapkalinga.mobile; className: android.widget.LinearLayout; text: null; error: null; maxTextLength: -1; stateDescription: null; contentDescription: null; tooltipText: null; containerTitle: null; viewIdResName: null; uniqueId: null; checkable: false; checked: false; focusable: false; focused: false; selected: false; clickable: false; longClickable: false; contextClickable: false; enabled: true; password: false; scrollable: false; importantForAccessibility: false; visible: false; actions: [AccessibilityAction: ACTION_SELECT - null, AccessibilityAction: ACTION_CLEAR_SELECTION - null, AccessibilityAction: ACTION_ACCESSIBILITY_FOCUS - null, AccessibilityAction: ACTION_SHOW_ON_SCREEN - null]; isTextSelectable: false
06-25 03:45:23.689  9472  9694 I Maestro : Skipping invisible child: android.view.accessibility.AccessibilityNodeInfo@12535; boundsInParent: Rect(0, 0 - 320, 0); boundsInScreen: Rect(0, 0 - 320, 0); boundsInWindow: Rect(0, 0 - 320, 0); packageName: com.hanapkalinga.mobile; className: android.view.ViewGroup; text: null; error: null; maxTextLength: -1; stateDescription: null; contentDescription: null; tooltipText: null; containerTitle: null; viewIdResName: null; uniqueId: null; checkable: false; checked: false; focusable: false; focused: false; selected: false; clickable: false; longClickable: false; contextClickable: false; enabled: true; password: false; scrollable: false; importantForAccessibility: false; visible: false; actions: [AccessibilityAction: ACTION_SELECT - null, AccessibilityAction: ACTION_CLEAR_SELECTION - null, AccessibilityAction: ACTION_ACCESSIBILITY_FOCUS - null, AccessibilityAction: ACTION_SHOW_ON_SCREEN - null]; isTextSelectable: false
06-25 03:45:23.690  9472  9694 I Maestro : Skipping invisible child: android.view.accessibility.AccessibilityNodeInfo@1a4d7; boundsInParent: Rect(0, 0 - 320, 0); boundsInScreen: Rect(0, 0 - 320, 0); boundsInWindow: Rect(0, 0 - 320, 0); packageName: com.hanapkalinga.mobile; className: android.widget.LinearLayout; text: null; error: null; maxTextLength: -1; stateDescription: null; contentDescription: null; tooltipText: null; containerTitle: null; viewIdResName: null; uniqueId: null; checkable: false; checked: false; focusable: false; focused: false; selected: false; clickable: false; longClickable: false; contextClickable: false; enabled: true; password: false; scrollable: false; importantForAccessibility: false; visible: false; actions: [AccessibilityAction: ACTION_SELECT - null, AccessibilityAction: ACTION_CLEAR_SELECTION - null, AccessibilityAction: ACTION_ACCESSIBILITY_FOCUS - null, AccessibilityAction: ACTION_SHOW_ON_SCREEN - null]; isTextSelectable: false
06-25 03:45:23.690  9472  9694 I Maestro : Skipping invisible child: android.view.accessibility.AccessibilityNodeInfo@1a116; boundsInParent: Rect(0, 0 - 320, 0); boundsInScreen: Rect(0, 0 - 320, 0); boundsInWindow: Rect(0, 0 - 320, 0); packageName: com.hanapkalinga.mobile; className: android.view.ViewGroup; text: null; error: null; maxTextLength: -1; stateDescription: null; contentDescription: null; tooltipText: null; containerTitle: null; viewIdResName: null; uniqueId: null; checkable: false; checked: false; focusable: false; focused: false; selected: false; clickable: false; longClickable: false; contextClickable: false; enabled: true; password: false; scrollable: false; importantForAccessibility: false; visible: false; actions: [AccessibilityAction: ACTION_SELECT - null, AccessibilityAction: ACTION_CLEAR_SELECTION - null, AccessibilityAction: ACTION_ACCESSIBILITY_FOCUS - null, AccessibilityAction: ACTION_SHOW_ON_SCREEN - null]; isTextSelectable: false
06-25 03:45:23.702  9472  9694 D Maestro : View hierarchy received in 28 ms
06-25 03:45:23.794  9472  9694 D Maestro : Requesting view hierarchy
06-25 03:45:23.794  9472  9694 W QueryController: Could not detect idle state.
06-25 03:45:23.795  9472  9694 W QueryController: Could not detect idle state.
06-25 03:45:23.811  9472  9694 I Maestro : Skipping invisible child: android.view.accessibility.AccessibilityNodeInfo@128f6; boundsInParent: Rect(0, 0 - 320, 0); boundsInScreen: Rect(0, 0 - 320, 0); boundsInWindow: Rect(0, 0 - 320, 0); packageName: com.hanapkalinga.mobile; className: android.widget.LinearLayout; text: null; error: null; maxTextLength: -1; stateDescription: null; contentDescription: null; tooltipText: null; containerTitle: null; viewIdResName: null; uniqueId: null; checkable: false; checked: false; focusable: false; focused: false; selected: false; clickable: false; longClickable: false; contextClickable: false; enabled: true; password: false; scrollable: false; importantForAccessibility: false; visible: false; actions: [AccessibilityAction: ACTION_SELECT - null, AccessibilityAction: ACTION_CLEAR_SELECTION - null, AccessibilityAction: ACTION_ACCESSIBILITY_FOCUS - null, AccessibilityAction: ACTION_SHOW_ON_SCREEN - null]; isTextSelectable: false
06-25 03:45:23.811  9472  9694 I Maestro : Skipping invisible child: android.view.accessibility.AccessibilityNodeInfo@12535; boundsInParent: Rect(0, 0 - 320, 0); boundsInScreen: Rect(0, 0 - 320, 0); boundsInWindow: Rect(0, 0 - 320, 0); packageName: com.hanapkalinga.mobile; className: android.view.ViewGroup; text: null; error: null; maxTextLength: -1; stateDescription: null; contentDescription: null; tooltipText: null; containerTitle: null; viewIdResName: null; uniqueId: null; checkable: false; checked: false; focusable: false; focused: false; selected: false; clickable: false; longClickable: false; contextClickable: false; enabled: true; password: false; scrollable: false; importantForAccessibility: false; visible: false; actions: [AccessibilityAction: ACTION_SELECT - null, AccessibilityAction: ACTION_CLEAR_SELECTION - null, AccessibilityAction: ACTION_ACCESSIBILITY_FOCUS - null, AccessibilityAction: ACTION_SHOW_ON_SCREEN - null]; isTextSelectable: false
06-25 03:45:23.811  9472  9694 I Maestro : Skipping invisible child: android.view.accessibility.AccessibilityNodeInfo@1a4d7; boundsInParent: Rect(0, 0 - 320, 0); boundsInScreen: Rect(0, 0 - 320, 0); boundsInWindow: Rect(0, 0 - 320, 0); packageName: com.hanapkalinga.mobile; className: android.widget.LinearLayout; text: null; error: null; maxTextLength: -1; stateDescription: null; contentDescription: null; tooltipText: null; containerTitle: null; viewIdResName: null; uniqueId: null; checkable: false; checked: false; focusable: false; focused: false; selected: false; clickable: false; longClickable: false; contextClickable: false; enabled: true; password: false; scrollable: false; importantForAccessibility: false; visible: false; actions: [AccessibilityAction: ACTION_SELECT - null, AccessibilityAction: ACTION_CLEAR_SELECTION - null, AccessibilityAction: ACTION_ACCESSIBILITY_FOCUS - null, AccessibilityAction: ACTION_SHOW_ON_SCREEN - null]; isTextSelectable: false
