06-24 07:49:03.998  5494  5673 I Maestro : Skipping invisible child: android.view.accessibility.AccessibilityNodeInfo@1a0a2; boundsInParent: Rect(0, 0 - 320, 0); boundsInScreen: Rect(0, 0 - 320, 0); boundsInWindow: Rect(0, 0 - 320, 0); packageName: com.hanapkalinga.mobile; className: android.view.ViewGroup; text: null; error: null; maxTextLength: -1; stateDescription: null; contentDescription: null; tooltipText: null; containerTitle: null; viewIdResName: null; uniqueId: null; checkable: false; checked: false; focusable: false; focused: false; selected: false; clickable: false; longClickable: false; contextClickable: false; enabled: true; password: false; scrollable: false; importantForAccessibility: false; visible: false; actions: [AccessibilityAction: ACTION_SELECT - null, AccessibilityAction: ACTION_CLEAR_SELECTION - null, AccessibilityAction: ACTION_ACCESSIBILITY_FOCUS - null, AccessibilityAction: ACTION_SHOW_ON_SCREEN - null]; isTextSelectable: false
06-24 07:49:04.000  5494  5673 I Maestro : Skipping invisible child: android.view.accessibility.AccessibilityNodeInfo@1829a; boundsInParent: Rect(0, 0 - 1, 1); boundsInScreen: Rect(20, 348 - 21, 349); boundsInWindow: Rect(20, 348 - 21, 349); packageName: com.hanapkalinga.mobile; className: android.view.ViewGroup; text: null; error: null; maxTextLength: -1; stateDescription: null; contentDescription: null; tooltipText: null; containerTitle: null; viewIdResName: login_captcha_ready; uniqueId: null; checkable: false; checked: false; focusable: false; focused: false; selected: false; clickable: false; longClickable: false; contextClickable: false; enabled: true; password: false; scrollable: false; importantForAccessibility: true; visible: false; actions: [AccessibilityAction: ACTION_SELECT - null, AccessibilityAction: ACTION_CLEAR_SELECTION - null, AccessibilityAction: ACTION_ACCESSIBILITY_FOCUS - null, AccessibilityAction: ACTION_SHOW_ON_SCREEN - null]; isTextSelectable: false
06-24 07:49:04.007  5494  5673 D Maestro : View hierarchy received in 18 ms
06-24 07:49:04.107  5494  5673 D Maestro : Requesting view hierarchy
06-24 07:49:04.107  5494  5673 W QueryController: Could not detect idle state.
06-24 07:49:04.107  5494  5673 W QueryController: Could not detect idle state.
06-24 07:49:04.124   521  1000 I RemoteProvisionSysSvc: getRegistration(android.hardware.security.keymint.IRemotelyProvisionedComponent/default)
06-24 07:49:04.129  5494  5673 I Maestro : Skipping invisible child: android.view.accessibility.AccessibilityNodeInfo@12882; boundsInParent: Rect(0, 0 - 320, 0); boundsInScreen: Rect(0, 0 - 320, 0); boundsInWindow: Rect(0, 0 - 320, 0); packageName: com.hanapkalinga.mobile; className: android.widget.LinearLayout; text: null; error: null; maxTextLength: -1; stateDescription: null; contentDescription: null; tooltipText: null; containerTitle: null; viewIdResName: null; uniqueId: null; checkable: false; checked: false; focusable: false; focused: false; selected: false; clickable: false; longClickable: false; contextClickable: false; enabled: true; password: false; scrollable: false; importantForAccessibility: false; visible: false; actions: [AccessibilityAction: ACTION_SELECT - null, AccessibilityAction: ACTION_CLEAR_SELECTION - null, AccessibilityAction: ACTION_ACCESSIBILITY_FOCUS - null, AccessibilityAction: ACTION_SHOW_ON_SCREEN - null]; isTextSelectable: false
06-24 07:49:04.130  5494  5673 I Maestro : Skipping invisible child: android.view.accessibility.AccessibilityNodeInfo@124c1; boundsInParent: Rect(0, 0 - 320, 0); boundsInScreen: Rect(0, 0 - 320, 0); boundsInWindow: Rect(0, 0 - 320, 0); packageName: com.hanapkalinga.mobile; className: android.view.ViewGroup; text: null; error: null; maxTextLength: -1; stateDescription: null; contentDescription: null; tooltipText: null; containerTitle: null; viewIdResName: null; uniqueId: null; checkable: false; checked: false; focusable: false; focused: false; selected: false; clickable: false; longClickable: false; contextClickable: false; enabled: true; password: false; scrollable: false; importantForAccessibility: false; visible: false; actions: [AccessibilityAction: ACTION_SELECT - null, AccessibilityAction: ACTION_CLEAR_SELECTION - null, AccessibilityAction: ACTION_ACCESSIBILITY_FOCUS - null, AccessibilityAction: ACTION_SHOW_ON_SCREEN - null]; isTextSelectable: false
06-24 07:49:04.130  5494  5673 I Maestro : Skipping invisible child: android.view.accessibility.AccessibilityNodeInfo@1a463; boundsInParent: Rect(0, 0 - 320, 0); boundsInScreen: Rect(0, 0 - 320, 0); boundsInWindow: Rect(0, 0 - 320, 0); packageName: com.hanapkalinga.mobile; className: android.widget.LinearLayout; text: null; error: null; maxTextLength: -1; stateDescription: null; contentDescription: null; tooltipText: null; containerTitle: null; viewIdResName: null; uniqueId: null; checkable: false; checked: false; focusable: false; focused: false; selected: false; clickable: false; longClickable: false; contextClickable: false; enabled: true; password: false; scrollable: false; importantForAccessibility: false; visible: false; actions: [AccessibilityAction: ACTION_SELECT - null, AccessibilityAction: ACTION_CLEAR_SELECTION - null, AccessibilityAction: ACTION_ACCESSIBILITY_FOCUS - null, AccessibilityAction: ACTION_SHOW_ON_SCREEN - null]; isTextSelectable: false
06-24 07:49:04.131  5494  5673 I Maestro : Skipping invisible child: android.view.accessibility.AccessibilityNodeInfo@1a0a2; boundsInParent: Rect(0, 0 - 320, 0); boundsInScreen: Rect(0, 0 - 320, 0); boundsInWindow: Rect(0, 0 - 320, 0); packageName: com.hanapkalinga.mobile; className: android.view.ViewGroup; text: null; error: null; maxTextLength: -1; stateDescription: null; contentDescription: null; tooltipText: null; containerTitle: null; viewIdResName: null; uniqueId: null; checkable: false; checked: false; focusable: false; focused: false; selected: false; clickable: false; longClickable: false; contextClickable: false; enabled: true; password: false; scrollable: false; importantForAccessibility: false; visible: false; actions: [AccessibilityAction: ACTION_SELECT - null, AccessibilityAction: ACTION_CLEAR_SELECTION - null, AccessibilityAction: ACTION_ACCESSIBILITY_FOCUS - null, AccessibilityAction: ACTION_SHOW_ON_SCREEN - null]; isTextSelectable: false
06-24 07:49:04.133  5494  5673 I Maestro : Skipping invisible child: android.view.accessibility.AccessibilityNodeInfo@1829a; boundsInParent: Rect(0, 0 - 1, 1); boundsInScreen: Rect(20, 348 - 21, 349); boundsInWindow: Rect(20, 348 - 21, 349); packageName: com.hanapkalinga.mobile; className: android.view.ViewGroup; text: null; error: null; maxTextLength: -1; stateDescription: null; contentDescription: null; tooltipText: null; containerTitle: null; viewIdResName: login_captcha_ready; uniqueId: null; checkable: false; checked: false; focusable: false; focused: false; selected: false; clickable: false; longClickable: false; contextClickable: false; enabled: true; password: false; scrollable: false; importantForAccessibility: true; visible: false; actions: [AccessibilityAction: ACTION_SELECT - null, AccessibilityAction: ACTION_CLEAR_SELECTION - null, AccessibilityAction: ACTION_ACCESSIBILITY_FOCUS - null, AccessibilityAction: ACTION_SHOW_ON_SCREEN - null]; isTextSelectable: false
06-24 07:49:04.141  5494  5673 D Maestro : View hierarchy received in 34 ms
06-24 07:49:04.157   521  1000 D ActivityManager: sync unfroze 3753 com.google.android.rkpdapp for 6
06-24 07:49:04.158   521   521 I RegistrationProxy: onServiceConnected: com.android.rkpdapp.service.RemoteProvisioningService
--------- beginning of kernel
06-24 07:49:04.350     0     0 I servicemanager: Found android.hardware.security.keymint.IRemotelyProvisionedComponent/default in device VINTF manifest.
06-24 07:49:04.161   521  1000 I RegistrationProxy: IGetRegistrationCallback.onSuccess
06-24 07:49:04.162   521  1000 I RemoteProvisionSysSvc: Fetching key 10131 for client 250164499
06-24 07:49:04.162   521  1000 I RegistrationProxy: getKeyAsync operation started with callback 120165200
06-24 07:49:04.162  3753  3787 I RkpdRegistrationBinder: Key requested for : android.hardware.security.keymint.IRemotelyProvisionedComponent/default, clientUid: 1017, keyId: 10131, callback: 151731494
06-24 07:49:04.162  3753  3787 I RkpdRegistrationBinder: Key successfully assigned to client
06-24 07:49:04.163   521   521 I RemoteProvisionSysSvc: Successfully fetched key for client 250164499
06-24 07:49:04.233  5494  5673 D Maestro : Requesting view hierarchy
06-24 07:49:04.234  5494  5673 W QueryController: Could not detect idle state.
06-24 07:49:04.234  5494  5673 W QueryController: Could not detect idle state.
06-24 07:49:04.281  5494  5673 I Maestro : Skipping invisible child: android.view.accessibility.AccessibilityNodeInfo@12882; boundsInParent: Rect(0, 0 - 320, 0); boundsInScreen: Rect(0, 0 - 320, 0); boundsInWindow: Rect(0, 0 - 320, 0); packageName: com.hanapkalinga.mobile; className: android.widget.LinearLayout; text: null; error: null; maxTextLength: -1; stateDescription: null; contentDescription: null; tooltipText: null; containerTitle: null; viewIdResName: null; uniqueId: null; checkable: false; checked: false; focusable: false; focused: false; selected: false; clickable: false; longClickable: false; contextClickable: false; enabled: true; password: false; scrollable: false; importantForAccessibility: false; visible: false; actions: [AccessibilityAction: ACTION_SELECT - null, AccessibilityAction: ACTION_CLEAR_SELECTION - null, AccessibilityAction: ACTION_ACCESSIBILITY_FOCUS - null, AccessibilityAction: ACTION_SHOW_ON_SCREEN - null]; isTextSelectable: false
06-24 07:49:04.285  5494  5673 I Maestro : Skipping invisible child: android.view.accessibility.AccessibilityNodeInfo@124c1; boundsInParent: Rect(0, 0 - 320, 0); boundsInScreen: Rect(0, 0 - 320, 0); boundsInWindow: Rect(0, 0 - 320, 0); packageName: com.hanapkalinga.mobile; className: android.view.ViewGroup; text: null; error: null; maxTextLength: -1; stateDescription: null; contentDescription: null; tooltipText: null; containerTitle: null; viewIdResName: null; uniqueId: null; checkable: false; checked: false; focusable: false; focused: false; selected: false; clickable: false; longClickable: false; contextClickable: false; enabled: true; password: false; scrollable: false; importantForAccessibility: false; visible: false; actions: [AccessibilityAction: ACTION_SELECT - null, AccessibilityAction: ACTION_CLEAR_SELECTION - null, AccessibilityAction: ACTION_ACCESSIBILITY_FOCUS - null, AccessibilityAction: ACTION_SHOW_ON_SCREEN - null]; isTextSelectable: false
06-24 07:49:04.298  5494  5673 I Maestro : Skipping invisible child: android.view.accessibility.AccessibilityNodeInfo@1a463; boundsInParent: Rect(0, 0 - 320, 0); boundsInScreen: Rect(0, 0 - 320, 0); boundsInWindow: Rect(0, 0 - 320, 0); packageName: com.hanapkalinga.mobile; className: android.widget.LinearLayout; text: null; error: null; maxTextLength: -1; stateDescription: null; contentDescription: null; tooltipText: null; containerTitle: null; viewIdResName: null; uniqueId: null; checkable: false; checked: false; focusable: false; focused: false; selected: false; clickable: false; longClickable: false; contextClickable: false; enabled: true; password: false; scrollable: false; importantForAccessibility: false; visible: false; actions: [AccessibilityAction: ACTION_SELECT - null, AccessibilityAction: ACTION_CLEAR_SELECTION - null, AccessibilityAction: ACTION_ACCESSIBILITY_FOCUS - null, AccessibilityAction: ACTION_SHOW_ON_SCREEN - null]; isTextSelectable: false
06-24 07:49:04.303  5494  5673 I Maestro : Skipping invisible child: android.view.accessibility.AccessibilityNodeInfo@1a0a2; boundsInParent: Rect(0, 0 - 320, 0); boundsInScreen: Rect(0, 0 - 320, 0); boundsInWindow: Rect(0, 0 - 320, 0); packageName: com.hanapkalinga.mobile; className: android.view.ViewGroup; text: null; error: null; maxTextLength: -1; stateDescription: null; contentDescription: null; tooltipText: null; containerTitle: null; viewIdResName: null; uniqueId: null; checkable: false; checked: false; focusable: false; focused: false; selected: false; clickable: false; longClickable: false; contextClickable: false; enabled: true; password: false; scrollable: false; importantForAccessibility: false; visible: false; actions: [AccessibilityAction: ACTION_SELECT - null, AccessibilityAction: ACTION_CLEAR_SELECTION - null, AccessibilityAction: ACTION_ACCESSIBILITY_FOCUS - null, AccessibilityAction: ACTION_SHOW_ON_SCREEN - null]; isTextSelectable: false
06-24 07:49:04.319  5494  5673 I Maestro : Skipping invisible child: android.view.accessibility.AccessibilityNodeInfo@1829a; boundsInParent: Rect(0, 0 - 1, 1); boundsInScreen: Rect(20, 348 - 21, 349); boundsInWindow: Rect(20, 348 - 21, 349); packageName: com.hanapkalinga.mobile; className: android.view.ViewGroup; text: null; error: null; maxTextLength: -1; stateDescription: null; contentDescription: null; tooltipText: null; containerTitle: null; viewIdResName: login_captcha_ready; uniqueId: null; checkable: false; checked: false; focusable: false; focused: false; selected: false; clickable: false; longClickable: false; contextClickable: false; enabled: true; password: false; scrollable: false; importantForAccessibility: true; visible: false; actions: [AccessibilityAction: ACTION_SELECT - null, AccessibilityAction: ACTION_CLEAR_SELECTION - null, AccessibilityAction: ACTION_ACCESSIBILITY_FOCUS - null, AccessibilityAction: ACTION_SHOW_ON_SCREEN - null]; isTextSelectable: false
06-24 07:49:04.355  5494  5673 D Maestro : View hierarchy received in 122 ms
06-24 07:49:04.417  3192  3241 W libc    : Access denied finding property "persist.adb.tls_server.enable"
06-24 07:49:04.409  3192  3192 W binder:3192_3: type=1400 audit(0.0:58): avc:  denied  { read } for  name="u:object_r:system_adbd_prop:s0" dev="tmpfs" ino=292 scontext=u:r:gmscore_app:s0:c512,c768 tcontext=u:object_r:system_adbd_prop:s0 tclass=file permissive=0 app=com.google.android.gms
06-24 07:49:04.417  3192  3241 W libc    : Access denied finding property "service.adb.tls.port"
06-24 07:49:04.417  3192  3192 W binder:3192_3: type=1400 audit(0.0:59): avc:  denied  { read } for  name="u:object_r:adbd_prop:s0" dev="tmpfs" ino=60 scontext=u:r:gmscore_app:s0:c512,c768 tcontext=u:object_r:adbd_prop:s0 tclass=file permissive=0 app=com.google.android.gms
06-24 07:49:04.457  5494  5673 D Maestro : Requesting view hierarchy
06-24 07:49:04.458  5494  5673 W QueryController: Could not detect idle state.
06-24 07:49:04.458  5494  5673 W QueryController: Could not detect idle state.
06-24 07:49:04.459   836   836 D StatusBarIconController: ignoring old pipeline callback because the new wifi icon is enabled
06-24 07:49:04.482  5494  5673 I Maestro : Skipping invisible child: android.view.accessibility.AccessibilityNodeInfo@12882; boundsInParent: Rect(0, 0 - 320, 0); boundsInScreen: Rect(0, 0 - 320, 0); boundsInWindow: Rect(0, 0 - 320, 0); packageName: com.hanapkalinga.mobile; className: android.widget.LinearLayout; text: null; error: null; maxTextLength: -1; stateDescription: null; contentDescription: null; tooltipText: null; containerTitle: null; viewIdResName: null; uniqueId: null; checkable: false; checked: false; focusable: false; focused: false; selected: false; clickable: false; longClickable: false; contextClickable: false; enabled: true; password: false; scrollable: false; importantForAccessibility: false; visible: false; actions: [AccessibilityAction: ACTION_SELECT - null, AccessibilityAction: ACTION_CLEAR_SELECTION - null, AccessibilityAction: ACTION_ACCESSIBILITY_FOCUS - null, AccessibilityAction: ACTION_SHOW_ON_SCREEN - null]; isTextSelectable: false
06-24 07:49:04.482  5494  5673 I Maestro : Skipping invisible child: android.view.accessibility.AccessibilityNodeInfo@124c1; boundsInParent: Rect(0, 0 - 320, 0); boundsInScreen: Rect(0, 0 - 320, 0); boundsInWindow: Rect(0, 0 - 320, 0); packageName: com.hanapkalinga.mobile; className: android.view.ViewGroup; text: null; error: null; maxTextLength: -1; stateDescription: null; contentDescription: null; tooltipText: null; containerTitle: null; viewIdResName: null; uniqueId: null; checkable: false; checked: false; focusable: false; focused: false; selected: false; clickable: false; longClickable: false; contextClickable: false; enabled: true; password: false; scrollable: false; importantForAccessibility: false; visible: false; actions: [AccessibilityAction: ACTION_SELECT - null, AccessibilityAction: ACTION_CLEAR_SELECTION - null, AccessibilityAction: ACTION_ACCESSIBILITY_FOCUS - null, AccessibilityAction: ACTION_SHOW_ON_SCREEN - null]; isTextSelectable: false
06-24 07:49:04.483  5494  5673 I Maestro : Skipping invisible child: android.view.accessibility.AccessibilityNodeInfo@1a463; boundsInParent: Rect(0, 0 - 320, 0); boundsInScreen: Rect(0, 0 - 320, 0); boundsInWindow: Rect(0, 0 - 320, 0); packageName: com.hanapkalinga.mobile; className: android.widget.LinearLayout; text: null; error: null; maxTextLength: -1; stateDescription: null; contentDescription: null; tooltipText: null; containerTitle: null; viewIdResName: null; uniqueId: null; checkable: false; checked: false; focusable: false; focused: false; selected: false; clickable: false; longClickable: false; contextClickable: false; enabled: true; password: false; scrollable: false; importantForAccessibility: false; visible: false; actions: [AccessibilityAction: ACTION_SELECT - null, AccessibilityAction: ACTION_CLEAR_SELECTION - null, AccessibilityAction: ACTION_ACCESSIBILITY_FOCUS - null, AccessibilityAction: ACTION_SHOW_ON_SCREEN - null]; isTextSelectable: false
06-24 07:49:04.483  5494  5673 I Maestro : Skipping invisible child: android.view.accessibility.AccessibilityNodeInfo@1a0a2; boundsInParent: Rect(0, 0 - 320, 0); boundsInScreen: Rect(0, 0 - 320, 0); boundsInWindow: Rect(0, 0 - 320, 0); packageName: com.hanapkalinga.mobile; className: android.view.ViewGroup; text: null; error: null; maxTextLength: -1; stateDescription: null; contentDescription: null; tooltipText: null; containerTitle: null; viewIdResName: null; uniqueId: null; checkable: false; checked: false; focusable: false; focused: false; selected: false; clickable: false; longClickable: false; contextClickable: false; enabled: true; password: false; scrollable: false; importantForAccessibility: false; visible: false; actions: [AccessibilityAction: ACTION_SELECT - null, AccessibilityAction: ACTION_CLEAR_SELECTION - null, AccessibilityAction: ACTION_ACCESSIBILITY_FOCUS - null, AccessibilityAction: ACTION_SHOW_ON_SCREEN - null]; isTextSelectable: false
06-24 07:49:04.485  5494  5673 I Maestro : Skipping invisible child: android.view.accessibility.AccessibilityNodeInfo@1829a; boundsInParent: Rect(0, 0 - 1, 1); boundsInScreen: Rect(20, 348 - 21, 349); boundsInWindow: Rect(20, 348 - 21, 349); packageName: com.hanapkalinga.mobile; className: android.view.ViewGroup; text: null; error: null; maxTextLength: -1; stateDescription: null; contentDescription: null; tooltipText: null; containerTitle: null; viewIdResName: login_captcha_ready; uniqueId: null; checkable: false; checked: false; focusable: false; focused: false; selected: false; clickable: false; longClickable: false; contextClickable: false; enabled: true; password: false; scrollable: false; importantForAccessibility: true; visible: false; actions: [AccessibilityAction: ACTION_SELECT - null, AccessibilityAction: ACTION_CLEAR_SELECTION - null, AccessibilityAction: ACTION_ACCESSIBILITY_FOCUS - null, AccessibilityAction: ACTION_SHOW_ON_SCREEN - null]; isTextSelectable: false
06-24 07:49:04.495  5494  5673 D Maestro : View hierarchy received in 38 ms
06-24 07:49:04.529  3192  3241 W SystemServiceRegistry: No service published for: persistent_data_block
06-24 07:49:04.554   334  6528 I resolv  : GetAddrInfoHandler::run: {100 786532 100 983140 10131 0}
06-24 07:49:04.555  3192  3241 D TrafficStats: tagSocket(118) with statsTag=0x1809, statsUid=-1
06-24 07:49:04.556  3192  3241 D TrafficStats: tagSocket(118) with statsTag=0x1809, statsUid=-1
06-24 07:49:04.557  3192  3241 D TrafficStats: tagSocket(118) with statsTag=0x1809, statsUid=-1
06-24 07:49:04.593  5494  5673 D Maestro : Requesting view hierarchy
06-24 07:49:04.594  5494  5673 W QueryController: Could not detect idle state.
06-24 07:49:04.594  5494  5673 W QueryController: Could not detect idle state.
06-24 07:49:04.598   521   908 D OomAdjuster: Not killing cached processes
06-24 07:49:04.599  4682  6520 E BugleRcsEngine: [144] brfg.a: DroidGuardLogger: Could not create DroidGuard token creation event
06-24 07:49:04.599  4682  6520 I BugleRcsEngine: [144] brfq.d: (PEv2-SM-Bugle-5210423): RequestWithImsiState: event Send config request [50733619-0064-4061-9003-82c5a040cf64]
06-24 07:49:04.599  4682  6520 I BugleRcsEngine: [144] brfq.d: (PEv2-SM-Bugle-5210423): InProgressState: event Send config request [50733619-0064-4061-9003-82c5a040cf64]
06-24 07:49:04.599  4682  6520 W BugleRcsEngine: [144] bpxc.w: Unable to send diagnostic log
06-24 07:49:04.601  4682  6529 W BugleRcsEngine: [145] bpxc.w: Unable to send diagnostic log
06-24 07:49:04.602   334  6530 I resolv  : GetAddrInfoHandler::run: {100 786532 100 983140 10130 0}
06-24 07:49:04.603   334  6531 I resolv  : res_nmkquery: (QUERY, IN, AAAA)
06-24 07:49:04.603   334  6532 I resolv  : res_nmkquery: (QUERY, IN, A)
06-24 07:49:04.604   334  6531 I resolv  : resolv_cache_lookup: FOUND IN CACHE entry=0x79fa6de37f10
06-24 07:49:04.604   334  6531 I resolv  : doQuery: rcode=0, ancount=1, return value=76
06-24 07:49:04.604   334  6532 I resolv  : resolv_cache_lookup: FOUND IN CACHE entry=0x79fa6de357b0
06-24 07:49:04.604   334  6532 I resolv  : doQuery: rcode=0, ancount=1, return value=64
06-24 07:49:04.607  4682  6529 D TrafficStats: tagSocket(149) with statsTag=0x124a, statsUid=-1
06-24 07:49:04.609  5494  5673 I Maestro : Skipping invisible child: android.view.accessibility.AccessibilityNodeInfo@12882; boundsInParent: Rect(0, 0 - 320, 0); boundsInScreen: Rect(0, 0 - 320, 0); boundsInWindow: Rect(0, 0 - 320, 0); packageName: com.hanapkalinga.mobile; className: android.widget.LinearLayout; text: null; error: null; maxTextLength: -1; stateDescription: null; contentDescription: null; tooltipText: null; containerTitle: null; viewIdResName: null; uniqueId: null; checkable: false; checked: false; focusable: false; focused: false; selected: false; clickable: false; longClickable: false; contextClickable: false; enabled: true; password: false; scrollable: false; importantForAccessibility: false; visible: false; actions: [AccessibilityAction: ACTION_SELECT - null, AccessibilityAction: ACTION_CLEAR_SELECTION - null, AccessibilityAction: ACTION_ACCESSIBILITY_FOCUS - null, AccessibilityAction: ACTION_SHOW_ON_SCREEN - null]; isTextSelectable: false
06-24 07:49:04.610  5494  5673 I Maestro : Skipping invisible child: android.view.accessibility.AccessibilityNodeInfo@124c1; boundsInParent: Rect(0, 0 - 320, 0); boundsInScreen: Rect(0, 0 - 320, 0); boundsInWindow: Rect(0, 0 - 320, 0); packageName: com.hanapkalinga.mobile; className: android.view.ViewGroup; text: null; error: null; maxTextLength: -1; stateDescription: null; contentDescription: null; tooltipText: null; containerTitle: null; viewIdResName: null; uniqueId: null; checkable: false; checked: false; focusable: false; focused: false; selected: false; clickable: false; longClickable: false; contextClickable: false; enabled: true; password: false; scrollable: false; importantForAccessibility: false; visible: false; actions: [AccessibilityAction: ACTION_SELECT - null, AccessibilityAction: ACTION_CLEAR_SELECTION - null, AccessibilityAction: ACTION_ACCESSIBILITY_FOCUS - null, AccessibilityAction: ACTION_SHOW_ON_SCREEN - null]; isTextSelectable: false
06-24 07:49:04.610  5494  5673 I Maestro : Skipping invisible child: android.view.accessibility.AccessibilityNodeInfo@1a463; boundsInParent: Rect(0, 0 - 320, 0); boundsInScreen: Rect(0, 0 - 320, 0); boundsInWindow: Rect(0, 0 - 320, 0); packageName: com.hanapkalinga.mobile; className: android.widget.LinearLayout; text: null; error: null; maxTextLength: -1; stateDescription: null; contentDescription: null; tooltipText: null; containerTitle: null; viewIdResName: null; uniqueId: null; checkable: false; checked: false; focusable: false; focused: false; selected: false; clickable: false; longClickable: false; contextClickable: false; enabled: true; password: false; scrollable: false; importantForAccessibility: false; visible: false; actions: [AccessibilityAction: ACTION_SELECT - null, AccessibilityAction: ACTION_CLEAR_SELECTION - null, AccessibilityAction: ACTION_ACCESSIBILITY_FOCUS - null, AccessibilityAction: ACTION_SHOW_ON_SCREEN - null]; isTextSelectable: false
06-24 07:49:04.610  5494  5673 I Maestro : Skipping invisible child: android.view.accessibility.AccessibilityNodeInfo@1a0a2; boundsInParent: Rect(0, 0 - 320, 0); boundsInScreen: Rect(0, 0 - 320, 0); boundsInWindow: Rect(0, 0 - 320, 0); packageName: com.hanapkalinga.mobile; className: android.view.ViewGroup; text: null; error: null; maxTextLength: -1; stateDescription: null; contentDescription: null; tooltipText: null; containerTitle: null; viewIdResName: null; uniqueId: null; checkable: false; checked: false; focusable: false; focused: false; selected: false; clickable: false; longClickable: false; contextClickable: false; enabled: true; password: false; scrollable: false; importantForAccessibility: false; visible: false; actions: [AccessibilityAction: ACTION_SELECT - null, AccessibilityAction: ACTION_CLEAR_SELECTION - null, AccessibilityAction: ACTION_ACCESSIBILITY_FOCUS - null, AccessibilityAction: ACTION_SHOW_ON_SCREEN - null]; isTextSelectable: false
06-24 07:49:04.614  5494  5673 I Maestro : Skipping invisible child: android.view.accessibility.AccessibilityNodeInfo@1829a; boundsInParent: Rect(0, 0 - 1, 1); boundsInScreen: Rect(20, 348 - 21, 349); boundsInWindow: Rect(20, 348 - 21, 349); packageName: com.hanapkalinga.mobile; className: android.view.ViewGroup; text: null; error: null; maxTextLength: -1; stateDescription: null; contentDescription: null; tooltipText: null; containerTitle: null; viewIdResName: login_captcha_ready; uniqueId: null; checkable: false; checked: false; focusable: false; focused: false; selected: false; clickable: false; longClickable: false; contextClickable: false; enabled: true; password: false; scrollable: false; importantForAccessibility: true; visible: false; actions: [AccessibilityAction: ACTION_SELECT - null, AccessibilityAction: ACTION_CLEAR_SELECTION - null, AccessibilityAction: ACTION_ACCESSIBILITY_FOCUS - null, AccessibilityAction: ACTION_SHOW_ON_SCREEN - null]; isTextSelectable: false
06-24 07:49:04.626  5494  5673 D Maestro : View hierarchy received in 33 ms
06-24 07:49:04.719  5494  5673 D Maestro : Requesting view hierarchy
06-24 07:49:04.720  5494  5673 W QueryController: Could not detect idle state.
06-24 07:49:04.720  5494  5673 W QueryController: Could not detect idle state.
06-24 07:49:04.728  5494  5673 I Maestro : Skipping invisible child: android.view.accessibility.AccessibilityNodeInfo@12882; boundsInParent: Rect(0, 0 - 320, 0); boundsInScreen: Rect(0, 0 - 320, 0); boundsInWindow: Rect(0, 0 - 320, 0); packageName: com.hanapkalinga.mobile; className: android.widget.LinearLayout; text: null; error: null; maxTextLength: -1; stateDescription: null; contentDescription: null; tooltipText: null; containerTitle: null; viewIdResName: null; uniqueId: null; checkable: false; checked: false; focusable: false; focused: false; selected: false; clickable: false; longClickable: false; contextClickable: false; enabled: true; password: false; scrollable: false; importantForAccessibility: false; visible: false; actions: [AccessibilityAction: ACTION_SELECT - null, AccessibilityAction: ACTION_CLEAR_SELECTION - null, AccessibilityAction: ACTION_ACCESSIBILITY_FOCUS - null, AccessibilityAction: ACTION_SHOW_ON_SCREEN - null]; isTextSelectable: false
06-24 07:49:04.728  5494  5673 I Maestro : Skipping invisible child: android.view.accessibility.AccessibilityNodeInfo@124c1; boundsInParent: Rect(0, 0 - 320, 0); boundsInScreen: Rect(0, 0 - 320, 0); boundsInWindow: Rect(0, 0 - 320, 0); packageName: com.hanapkalinga.mobile; className: android.view.ViewGroup; text: null; error: null; maxTextLength: -1; stateDescription: null; contentDescription: null; tooltipText: null; containerTitle: null; viewIdResName: null; uniqueId: null; checkable: false; checked: false; focusable: false; focused: false; selected: false; clickable: false; longClickable: false; contextClickable: false; enabled: true; password: false; scrollable: false; importantForAccessibility: false; visible: false; actions: [AccessibilityAction: ACTION_SELECT - null, AccessibilityAction: ACTION_CLEAR_SELECTION - null, AccessibilityAction: ACTION_ACCESSIBILITY_FOCUS - null, AccessibilityAction: ACTION_SHOW_ON_SCREEN - null]; isTextSelectable: false
06-24 07:49:04.729  5494  5673 I Maestro : Skipping invisible child: android.view.accessibility.AccessibilityNodeInfo@1a463; boundsInParent: Rect(0, 0 - 320, 0); boundsInScreen: Rect(0, 0 - 320, 0); boundsInWindow: Rect(0, 0 - 320, 0); packageName: com.hanapkalinga.mobile; className: android.widget.LinearLayout; text: null; error: null; maxTextLength: -1; stateDescription: null; contentDescription: null; tooltipText: null; containerTitle: null; viewIdResName: null; uniqueId: null; checkable: false; checked: false; focusable: false; focused: false; selected: false; clickable: false; longClickable: false; contextClickable: false; enabled: true; password: false; scrollable: false; importantForAccessibility: false; visible: false; actions: [AccessibilityAction: ACTION_SELECT - null, AccessibilityAction: ACTION_CLEAR_SELECTION - null, AccessibilityAction: ACTION_ACCESSIBILITY_FOCUS - null, AccessibilityAction: ACTION_SHOW_ON_SCREEN - null]; isTextSelectable: false
06-24 07:49:04.729  5494  5673 I Maestro : Skipping invisible child: android.view.accessibility.AccessibilityNodeInfo@1a0a2; boundsInParent: Rect(0, 0 - 320, 0); boundsInScreen: Rect(0, 0 - 320, 0); boundsInWindow: Rect(0, 0 - 320, 0); packageName: com.hanapkalinga.mobile; className: android.view.ViewGroup; text: null; error: null; maxTextLength: -1; stateDescription: null; contentDescription: null; tooltipText: null; containerTitle: null; viewIdResName: null; uniqueId: null; checkable: false; checked: false; focusable: false; focused: false; selected: false; clickable: false; longClickable: false; contextClickable: false; enabled: true; password: false; scrollable: false; importantForAccessibility: false; visible: false; actions: [AccessibilityAction: ACTION_SELECT - null, AccessibilityAction: ACTION_CLEAR_SELECTION - null, AccessibilityAction: ACTION_ACCESSIBILITY_FOCUS - null, AccessibilityAction: ACTION_SHOW_ON_SCREEN - null]; isTextSelectable: false
06-24 07:49:04.731  5494  5673 I Maestro : Skipping invisible child: android.view.accessibility.AccessibilityNodeInfo@1829a; boundsInParent: Rect(0, 0 - 1, 1); boundsInScreen: Rect(20, 348 - 21, 349); boundsInWindow: Rect(20, 348 - 21, 349); packageName: com.hanapkalinga.mobile; className: android.view.ViewGroup; text: null; error: null; maxTextLength: -1; stateDescription: null; contentDescription: null; tooltipText: null; containerTitle: null; viewIdResName: login_captcha_ready; uniqueId: null; checkable: false; checked: false; focusable: false; focused: false; selected: false; clickable: false; longClickable: false; contextClickable: false; enabled: true; password: false; scrollable: false; importantForAccessibility: true; visible: false; actions: [AccessibilityAction: ACTION_SELECT - null, AccessibilityAction: ACTION_CLEAR_SELECTION - null, AccessibilityAction: ACTION_ACCESSIBILITY_FOCUS - null, AccessibilityAction: ACTION_SHOW_ON_SCREEN - null]; isTextSelectable: false
06-24 07:49:04.738  5494  5673 D Maestro : View hierarchy received in 19 ms
06-24 07:49:04.828  5494  5673 D Maestro : Requesting view hierarchy
06-24 07:49:04.829  5494  5673 W QueryController: Could not detect idle state.
06-24 07:49:04.829  5494  5673 W QueryController: Could not detect idle state.
06-24 07:49:04.836  5494  5673 I Maestro : Skipping invisible child: android.view.accessibility.AccessibilityNodeInfo@12882; boundsInParent: Rect(0, 0 - 320, 0); boundsInScreen: Rect(0, 0 - 320, 0); boundsInWindow: Rect(0, 0 - 320, 0); packageName: com.hanapkalinga.mobile; className: android.widget.LinearLayout; text: null; error: null; maxTextLength: -1; stateDescription: null; contentDescription: null; tooltipText: null; containerTitle: null; viewIdResName: null; uniqueId: null; checkable: false; checked: false; focusable: false; focused: false; selected: false; clickable: false; longClickable: false; contextClickable: false; enabled: true; password: false; scrollable: false; importantForAccessibility: false; visible: false; actions: [AccessibilityAction: ACTION_SELECT - null, AccessibilityAction: ACTION_CLEAR_SELECTION - null, AccessibilityAction: ACTION_ACCESSIBILITY_FOCUS - null, AccessibilityAction: ACTION_SHOW_ON_SCREEN - null]; isTextSelectable: false
06-24 07:49:04.837  5494  5673 I Maestro : Skipping invisible child: android.view.accessibility.AccessibilityNodeInfo@124c1; boundsInParent: Rect(0, 0 - 320, 0); boundsInScreen: Rect(0, 0 - 320, 0); boundsInWindow: Rect(0, 0 - 320, 0); packageName: com.hanapkalinga.mobile; className: android.view.ViewGroup; text: null; error: null; maxTextLength: -1; stateDescription: null; contentDescription: null; tooltipText: null; containerTitle: null; viewIdResName: null; uniqueId: null; checkable: false; checked: false; focusable: false; focused: false; selected: false; clickable: false; longClickable: false; contextClickable: false; enabled: true; password: false; scrollable: false; importantForAccessibility: false; visible: false; actions: [AccessibilityAction: ACTION_SELECT - null, AccessibilityAction: ACTION_CLEAR_SELECTION - null, AccessibilityAction: ACTION_ACCESSIBILITY_FOCUS - null, AccessibilityAction: ACTION_SHOW_ON_SCREEN - null]; isTextSelectable: false
06-24 07:49:04.837  5494  5673 I Maestro : Skipping invisible child: android.view.accessibility.AccessibilityNodeInfo@1a463; boundsInParent: Rect(0, 0 - 320, 0); boundsInScreen: Rect(0, 0 - 320, 0); boundsInWindow: Rect(0, 0 - 320, 0); packageName: com.hanapkalinga.mobile; className: android.widget.LinearLayout; text: null; error: null; maxTextLength: -1; stateDescription: null; contentDescription: null; tooltipText: null; containerTitle: null; viewIdResName: null; uniqueId: null; checkable: false; checked: false; focusable: false; focused: false; selected: false; clickable: false; longClickable: false; contextClickable: false; enabled: true; password: false; scrollable: false; importantForAccessibility: false; visible: false; actions: [AccessibilityAction: ACTION_SELECT - null, AccessibilityAction: ACTION_CLEAR_SELECTION - null, AccessibilityAction: ACTION_ACCESSIBILITY_FOCUS - null, AccessibilityAction: ACTION_SHOW_ON_SCREEN - null]; isTextSelectable: false
06-24 07:49:04.837  5494  5673 I Maestro : Skipping invisible child: android.view.accessibility.AccessibilityNodeInfo@1a0a2; boundsInParent: Rect(0, 0 - 320, 0); boundsInScreen: Rect(0, 0 - 320, 0); boundsInWindow: Rect(0, 0 - 320, 0); packageName: com.hanapkalinga.mobile; className: android.view.ViewGroup; text: null; error: null; maxTextLength: -1; stateDescription: null; contentDescription: null; tooltipText: null; containerTitle: null; viewIdResName: null; uniqueId: null; checkable: false; checked: false; focusable: false; focused: false; selected: false; clickable: false; longClickable: false; contextClickable: false; enabled: true; password: false; scrollable: false; importantForAccessibility: false; visible: false; actions: [AccessibilityAction: ACTION_SELECT - null, AccessibilityAction: ACTION_CLEAR_SELECTION - null, AccessibilityAction: ACTION_ACCESSIBILITY_FOCUS - null, AccessibilityAction: ACTION_SHOW_ON_SCREEN - null]; isTextSelectable: false
06-24 07:49:04.839  5494  5673 I Maestro : Skipping invisible child: android.view.accessibility.AccessibilityNodeInfo@1829a; boundsInParent: Rect(0, 0 - 1, 1); boundsInScreen: Rect(20, 348 - 21, 349); boundsInWindow: Rect(20, 348 - 21, 349); packageName: com.hanapkalinga.mobile; className: android.view.ViewGroup; text: null; error: null; maxTextLength: -1; stateDescription: null; contentDescription: null; tooltipText: null; containerTitle: null; viewIdResName: login_captcha_ready; uniqueId: null; checkable: false; checked: false; focusable: false; focused: false; selected: false; clickable: false; longClickable: false; contextClickable: false; enabled: true; password: false; scrollable: false; importantForAccessibility: true; visible: false; actions: [AccessibilityAction: ACTION_SELECT - null, AccessibilityAction: ACTION_CLEAR_SELECTION - null, AccessibilityAction: ACTION_ACCESSIBILITY_FOCUS - null, AccessibilityAction: ACTION_SHOW_ON_SCREEN - null]; isTextSelectable: false
06-24 07:49:04.846  5494  5673 D Maestro : View hierarchy received in 17 ms
06-24 07:49:04.941  5494  5673 D Maestro : Requesting view hierarchy
06-24 07:49:04.946  5494  5673 W QueryController: Could not detect idle state.
06-24 07:49:04.947  5494  5673 W QueryController: Could not detect idle state.
06-24 07:49:04.959  5494  5673 I Maestro : Skipping invisible child: android.view.accessibility.AccessibilityNodeInfo@12882; boundsInParent: Rect(0, 0 - 320, 0); boundsInScreen: Rect(0, 0 - 320, 0); boundsInWindow: Rect(0, 0 - 320, 0); packageName: com.hanapkalinga.mobile; className: android.widget.LinearLayout; text: null; error: null; maxTextLength: -1; stateDescription: null; contentDescription: null; tooltipText: null; containerTitle: null; viewIdResName: null; uniqueId: null; checkable: false; checked: false; focusable: false; focused: false; selected: false; clickable: false; longClickable: false; contextClickable: false; enabled: true; password: false; scrollable: false; importantForAccessibility: false; visible: false; actions: [AccessibilityAction: ACTION_SELECT - null, AccessibilityAction: ACTION_CLEAR_SELECTION - null, AccessibilityAction: ACTION_ACCESSIBILITY_FOCUS - null, AccessibilityAction: ACTION_SHOW_ON_SCREEN - null]; isTextSelectable: false
06-24 07:49:04.959  5494  5673 I Maestro : Skipping invisible child: android.view.accessibility.AccessibilityNodeInfo@124c1; boundsInParent: Rect(0, 0 - 320, 0); boundsInScreen: Rect(0, 0 - 320, 0); boundsInWindow: Rect(0, 0 - 320, 0); packageName: com.hanapkalinga.mobile; className: android.view.ViewGroup; text: null; error: null; maxTextLength: -1; stateDescription: null; contentDescription: null; tooltipText: null; containerTitle: null; viewIdResName: null; uniqueId: null; checkable: false; checked: false; focusable: false; focused: false; selected: false; clickable: false; longClickable: false; contextClickable: false; enabled: true; password: false; scrollable: false; importantForAccessibility: false; visible: false; actions: [AccessibilityAction: ACTION_SELECT - null, AccessibilityAction: ACTION_CLEAR_SELECTION - null, AccessibilityAction: ACTION_ACCESSIBILITY_FOCUS - null, AccessibilityAction: ACTION_SHOW_ON_SCREEN - null]; isTextSelectable: false
06-24 07:49:04.960  5494  5673 I Maestro : Skipping invisible child: android.view.accessibility.AccessibilityNodeInfo@1a463; boundsInParent: Rect(0, 0 - 320, 0); boundsInScreen: Rect(0, 0 - 320, 0); boundsInWindow: Rect(0, 0 - 320, 0); packageName: com.hanapkalinga.mobile; className: android.widget.LinearLayout; text: null; error: null; maxTextLength: -1; stateDescription: null; contentDescription: null; tooltipText: null; containerTitle: null; viewIdResName: null; uniqueId: null; checkable: false; checked: false; focusable: false; focused: false; selected: false; clickable: false; longClickable: false; contextClickable: false; enabled: true; password: false; scrollable: false; importantForAccessibility: false; visible: false; actions: [AccessibilityAction: ACTION_SELECT - null, AccessibilityAction: ACTION_CLEAR_SELECTION - null, AccessibilityAction: ACTION_ACCESSIBILITY_FOCUS - null, AccessibilityAction: ACTION_SHOW_ON_SCREEN - null]; isTextSelectable: false
06-24 07:49:04.960  5494  5673 I Maestro : Skipping invisible child: android.view.accessibility.AccessibilityNodeInfo@1a0a2; boundsInParent: Rect(0, 0 - 320, 0); boundsInScreen: Rect(0, 0 - 320, 0); boundsInWindow: Rect(0, 0 - 320, 0); packageName: com.hanapkalinga.mobile; className: android.view.ViewGroup; text: null; error: null; maxTextLength: -1; stateDescription: null; contentDescription: null; tooltipText: null; containerTitle: null; viewIdResName: null; uniqueId: null; checkable: false; checked: false; focusable: false; focused: false; selected: false; clickable: false; longClickable: false; contextClickable: false; enabled: true; password: false; scrollable: false; importantForAccessibility: false; visible: false; actions: [AccessibilityAction: ACTION_SELECT - null, AccessibilityAction: ACTION_CLEAR_SELECTION - null, AccessibilityAction: ACTION_ACCESSIBILITY_FOCUS - null, AccessibilityAction: ACTION_SHOW_ON_SCREEN - null]; isTextSelectable: false
06-24 07:49:04.962  5494  5673 I Maestro : Skipping invisible child: android.view.accessibility.AccessibilityNodeInfo@1829a; boundsInParent: Rect(0, 0 - 1, 1); boundsInScreen: Rect(20, 348 - 21, 349); boundsInWindow: Rect(20, 348 - 21, 349); packageName: com.hanapkalinga.mobile; className: android.view.ViewGroup; text: null; error: null; maxTextLength: -1; stateDescription: null; contentDescription: null; tooltipText: null; containerTitle: null; viewIdResName: login_captcha_ready; uniqueId: null; checkable: false; checked: false; focusable: false; focused: false; selected: false; clickable: false; longClickable: false; contextClickable: false; enabled: true; password: false; scrollable: false; importantForAccessibility: true; visible: false; actions: [AccessibilityAction: ACTION_SELECT - null, AccessibilityAction: ACTION_CLEAR_SELECTION - null, AccessibilityAction: ACTION_ACCESSIBILITY_FOCUS - null, AccessibilityAction: ACTION_SHOW_ON_SCREEN - null]; isTextSelectable: false
06-24 07:49:04.969  5494  5673 D Maestro : View hierarchy received in 28 ms
06-24 07:49:05.051   521   908 W ActivityManager: stopServiceToken startId 1168 is last, but have 1 remaining args
06-24 07:49:05.062  5494  5527 D Maestro : Requesting view hierarchy
06-24 07:49:05.063  5494  5527 W QueryController: Could not detect idle state.
06-24 07:49:05.063  5494  5527 W QueryController: Could not detect idle state.
06-24 07:49:05.071  5494  5527 I Maestro : Skipping invisible child: android.view.accessibility.AccessibilityNodeInfo@12882; boundsInParent: Rect(0, 0 - 320, 0); boundsInScreen: Rect(0, 0 - 320, 0); boundsInWindow: Rect(0, 0 - 320, 0); packageName: com.hanapkalinga.mobile; className: android.widget.LinearLayout; text: null; error: null; maxTextLength: -1; stateDescription: null; contentDescription: null; tooltipText: null; containerTitle: null; viewIdResName: null; uniqueId: null; checkable: false; checked: false; focusable: false; focused: false; selected: false; clickable: false; longClickable: false; contextClickable: false; enabled: true; password: false; scrollable: false; importantForAccessibility: false; visible: false; actions: [AccessibilityAction: ACTION_SELECT - null, AccessibilityAction: ACTION_CLEAR_SELECTION - null, AccessibilityAction: ACTION_ACCESSIBILITY_FOCUS - null, AccessibilityAction: ACTION_SHOW_ON_SCREEN - null]; isTextSelectable: false
06-24 07:49:05.071  5494  5527 I Maestro : Skipping invisible child: android.view.accessibility.AccessibilityNodeInfo@124c1; boundsInParent: Rect(0, 0 - 320, 0); boundsInScreen: Rect(0, 0 - 320, 0); boundsInWindow: Rect(0, 0 - 320, 0); packageName: com.hanapkalinga.mobile; className: android.view.ViewGroup; text: null; error: null; maxTextLength: -1; stateDescription: null; contentDescription: null; tooltipText: null; containerTitle: null; viewIdResName: null; uniqueId: null; checkable: false; checked: false; focusable: false; focused: false; selected: false; clickable: false; longClickable: false; contextClickable: false; enabled: true; password: false; scrollable: false; importantForAccessibility: false; visible: false; actions: [AccessibilityAction: ACTION_SELECT - null, AccessibilityAction: ACTION_CLEAR_SELECTION - null, AccessibilityAction: ACTION_ACCESSIBILITY_FOCUS - null, AccessibilityAction: ACTION_SHOW_ON_SCREEN - null]; isTextSelectable: false
06-24 07:49:05.072  5494  5527 I Maestro : Skipping invisible child: android.view.accessibility.AccessibilityNodeInfo@1a463; boundsInParent: Rect(0, 0 - 320, 0); boundsInScreen: Rect(0, 0 - 320, 0); boundsInWindow: Rect(0, 0 - 320, 0); packageName: com.hanapkalinga.mobile; className: android.widget.LinearLayout; text: null; error: null; maxTextLength: -1; stateDescription: null; contentDescription: null; tooltipText: null; containerTitle: null; viewIdResName: null; uniqueId: null; checkable: false; checked: false; focusable: false; focused: false; selected: false; clickable: false; longClickable: false; contextClickable: false; enabled: true; password: false; scrollable: false; importantForAccessibility: false; visible: false; actions: [AccessibilityAction: ACTION_SELECT - null, AccessibilityAction: ACTION_CLEAR_SELECTION - null, AccessibilityAction: ACTION_ACCESSIBILITY_FOCUS - null, AccessibilityAction: ACTION_SHOW_ON_SCREEN - null]; isTextSelectable: false
06-24 07:49:05.072  5494  5527 I Maestro : Skipping invisible child: android.view.accessibility.AccessibilityNodeInfo@1a0a2; boundsInParent: Rect(0, 0 - 320, 0); boundsInScreen: Rect(0, 0 - 320, 0); boundsInWindow: Rect(0, 0 - 320, 0); packageName: com.hanapkalinga.mobile; className: android.view.ViewGroup; text: null; error: null; maxTextLength: -1; stateDescription: null; contentDescription: null; tooltipText: null; containerTitle: null; viewIdResName: null; uniqueId: null; checkable: false; checked: false; focusable: false; focused: false; selected: false; clickable: false; longClickable: false; contextClickable: false; enabled: true; password: false; scrollable: false; importantForAccessibility: false; visible: false; actions: [AccessibilityAction: ACTION_SELECT - null, AccessibilityAction: ACTION_CLEAR_SELECTION - null, AccessibilityAction: ACTION_ACCESSIBILITY_FOCUS - null, AccessibilityAction: ACTION_SHOW_ON_SCREEN - null]; isTextSelectable: false
06-24 07:49:05.074  5494  5527 I Maestro : Skipping invisible child: android.view.accessibility.AccessibilityNodeInfo@1829a; boundsInParent: Rect(0, 0 - 1, 1); boundsInScreen: Rect(20, 348 - 21, 349); boundsInWindow: Rect(20, 348 - 21, 349); packageName: com.hanapkalinga.mobile; className: android.view.ViewGroup; text: null; error: null; maxTextLength: -1; stateDescription: null; contentDescription: null; tooltipText: null; containerTitle: null; viewIdResName: login_captcha_ready; uniqueId: null; checkable: false; checked: false; focusable: false; focused: false; selected: false; clickable: false; longClickable: false; contextClickable: false; enabled: true; password: false; scrollable: false; importantForAccessibility: true; visible: false; actions: [AccessibilityAction: ACTION_SELECT - null, AccessibilityAction: ACTION_CLEAR_SELECTION - null, AccessibilityAction: ACTION_ACCESSIBILITY_FOCUS - null, AccessibilityAction: ACTION_SHOW_ON_SCREEN - null]; isTextSelectable: false
06-24 07:49:05.082  5494  5527 D Maestro : View hierarchy received in 20 ms
06-24 07:49:05.172  5494  5527 D Maestro : Requesting view hierarchy
06-24 07:49:05.173  5494  5527 W QueryController: Could not detect idle state.
06-24 07:49:05.173  5494  5527 W QueryController: Could not detect idle state.
06-24 07:49:05.181  5494  5527 I Maestro : Skipping invisible child: android.view.accessibility.AccessibilityNodeInfo@12882; boundsInParent: Rect(0, 0 - 320, 0); boundsInScreen: Rect(0, 0 - 320, 0); boundsInWindow: Rect(0, 0 - 320, 0); packageName: com.hanapkalinga.mobile; className: android.widget.LinearLayout; text: null; error: null; maxTextLength: -1; stateDescription: null; contentDescription: null; tooltipText: null; containerTitle: null; viewIdResName: null; uniqueId: null; checkable: false; checked: false; focusable: false; focused: false; selected: false; clickable: false; longClickable: false; contextClickable: false; enabled: true; password: false; scrollable: false; importantForAccessibility: false; visible: false; actions: [AccessibilityAction: ACTION_SELECT - null, AccessibilityAction: ACTION_CLEAR_SELECTION - null, AccessibilityAction: ACTION_ACCESSIBILITY_FOCUS - null, AccessibilityAction: ACTION_SHOW_ON_SCREEN - null]; isTextSelectable: false
06-24 07:49:05.181  5494  5527 I Maestro : Skipping invisible child: android.view.accessibility.AccessibilityNodeInfo@124c1; boundsInParent: Rect(0, 0 - 320, 0); boundsInScreen: Rect(0, 0 - 320, 0); boundsInWindow: Rect(0, 0 - 320, 0); packageName: com.hanapkalinga.mobile; className: android.view.ViewGroup; text: null; error: null; maxTextLength: -1; stateDescription: null; contentDescription: null; tooltipText: null; containerTitle: null; viewIdResName: null; uniqueId: null; checkable: false; checked: false; focusable: false; focused: false; selected: false; clickable: false; longClickable: false; contextClickable: false; enabled: true; password: false; scrollable: false; importantForAccessibility: false; visible: false; actions: [AccessibilityAction: ACTION_SELECT - null, AccessibilityAction: ACTION_CLEAR_SELECTION - null, AccessibilityAction: ACTION_ACCESSIBILITY_FOCUS - null, AccessibilityAction: ACTION_SHOW_ON_SCREEN - null]; isTextSelectable: false
