06-24 07:51:25.323   521   521 I ExplicitHealthCheckController: Explicit health check service is connected ComponentInfo{com.google.android.ext.services/android.ext.services.watchdog.ExplicitHealthCheckServiceImpl}
06-24 07:51:25.323   521  1000 I ExplicitHealthCheckController: Explicit health check service is bound
06-24 07:51:25.323   521   521 I ExplicitHealthCheckController: Service initialized, syncing requests
06-24 07:51:25.323   521   521 I PackageWatchdog: Syncing health check requests for packages: {}
06-24 07:51:25.323   521   521 D ExplicitHealthCheckController: Getting health check supported packages
06-24 07:51:25.323   521  2239 I ExplicitHealthCheckController: Explicit health check supported packages [PackageConfig{com.google.android.networkstack, 86400000}]
06-24 07:51:25.324   521  2239 D PackageWatchdog: Received supported packages [PackageConfig{com.google.android.networkstack, 86400000}]
06-24 07:51:25.324   521  2239 D ExplicitHealthCheckController: Getting health check requested packages
06-24 07:51:25.324   521  2239 I ExplicitHealthCheckController: Explicit health check requested packages []
06-24 07:51:25.324   521  2239 I ExplicitHealthCheckController: No more health check requests, unbinding...
06-24 07:51:25.324   521  2239 I ExplicitHealthCheckController: Explicit health check service is unbound
06-24 07:51:25.333   521   617 I RescueParty: Starting to observe: [android, com.google.android.permissioncontroller, com.android.settings, com.android.systemui], updated namespace: privacy
06-24 07:51:25.333   521   549 I PackageWatchdog: Syncing state, reason: observing new packages
06-24 07:51:25.333   521   549 D PackageWatchdog: rescue-party-observer added the following packages to monitor [android, com.google.android.permissioncontroller, com.android.settings, com.android.systemui]
06-24 07:51:25.333   521   549 I PackageWatchdog: Syncing state, reason: updated observers
06-24 07:51:25.333   521   549 I PackageWatchdog: Not pruning observers, elapsed time: 0ms
06-24 07:51:25.333   521   549 I PackageWatchdog: Saving observer state to file
06-24 07:51:25.336   521   521 I PackageWatchdog: Syncing health check requests for packages: {}
06-24 07:51:25.336   521   521 I ExplicitHealthCheckController: Service not ready to get health check supported packages. Binding...
06-24 07:51:25.337   521   521 I ExplicitHealthCheckController: Explicit health check service is bound
06-24 07:51:25.337   521   521 I ExplicitHealthCheckController: Explicit health check service is connected ComponentInfo{com.google.android.ext.services/android.ext.services.watchdog.ExplicitHealthCheckServiceImpl}
06-24 07:51:25.337   521   521 I ExplicitHealthCheckController: Service initialized, syncing requests
06-24 07:51:25.337   521   521 I PackageWatchdog: Syncing health check requests for packages: {}
06-24 07:51:25.337   521   521 D ExplicitHealthCheckController: Getting health check supported packages
06-24 07:51:25.337   521  1000 I ExplicitHealthCheckController: Explicit health check supported packages [PackageConfig{com.google.android.networkstack, 86400000}]
06-24 07:51:25.337   521  1000 D PackageWatchdog: Received supported packages [PackageConfig{com.google.android.networkstack, 86400000}]
06-24 07:51:25.337   521  1000 D ExplicitHealthCheckController: Getting health check requested packages
06-24 07:51:25.338   521  1000 I ExplicitHealthCheckController: Explicit health check requested packages []
06-24 07:51:25.338   521  1000 I ExplicitHealthCheckController: No more health check requests, unbinding...
06-24 07:51:25.339   521  1000 I ExplicitHealthCheckController: Explicit health check service is unbound
06-24 07:51:25.340  1106  1106 D AutofillManager: Fill dialog is enabled:false, hints=[password, passwordAuto, creditCardNumber, creditCardSecurityCode, creditCardExpirationDate]
06-24 07:51:25.341  1106  1106 D DeviceSearchAlg: search timeout = %d200
06-24 07:51:25.343  1106  1106 W PageIndicator: Total number of pages invalid: 0. Assuming 1 page.
06-24 07:51:25.343  1106  1106 W BcSmartspaceView: Current card is not present in the Adapter; cannot log.
06-24 07:51:25.346  1106  1106 I OverviewComponentObserver: updateOverviewTargets: mIsHomeDisabled=false, isDefaultHomeNull=false, mIsDefaultHome=true
06-24 07:51:25.347   521   617 I RescueParty: Starting to observe: [android, com.google.android.as, com.android.systemui], updated namespace: systemui
06-24 07:51:25.348   521   549 I PackageWatchdog: Syncing state, reason: observing new packages
06-24 07:51:25.349   521   549 D PackageWatchdog: rescue-party-observer added the following packages to monitor [android, com.google.android.as, com.android.systemui]
06-24 07:51:25.349   521   549 I PackageWatchdog: Syncing state, reason: updated observers
06-24 07:51:25.349   521   549 I PackageWatchdog: Not pruning observers, elapsed time: 0ms
06-24 07:51:25.351   521   521 I PackageWatchdog: Syncing health check requests for packages: {}
06-24 07:51:25.351   521   521 I ExplicitHealthCheckController: Service not ready to get health check supported packages. Binding...
06-24 07:51:25.351   521  2419 D CompatibilityChangeReporter: Compat change id reported: 161252188; UID 10131; state: DISABLED
06-24 07:51:25.352   521   521 I ExplicitHealthCheckController: Explicit health check service is bound
06-24 07:51:25.352   521   521 I PackageWatchdog: Syncing health check requests for packages: {}
06-24 07:51:25.353   521   521 I ExplicitHealthCheckController: Service not ready to get health check supported packages. Binding...
06-24 07:51:25.353   521   521 I ExplicitHealthCheckController: Not binding to service, service already connecting
06-24 07:51:25.353   521   521 I ExplicitHealthCheckController: Explicit health check service is connected ComponentInfo{com.google.android.ext.services/android.ext.services.watchdog.ExplicitHealthCheckServiceImpl}
06-24 07:51:25.353   521   521 I ExplicitHealthCheckController: Service initialized, syncing requests
06-24 07:51:25.353   521   521 I PackageWatchdog: Syncing health check requests for packages: {}
06-24 07:51:25.353   521   521 D ExplicitHealthCheckController: Getting health check supported packages
06-24 07:51:25.354   521  1000 I ExplicitHealthCheckController: Explicit health check supported packages [PackageConfig{com.google.android.networkstack, 86400000}]
06-24 07:51:25.357  1624  2445 I AiAiEcho: Settings changed for uri: content://settings/secure/show_qr_code_scanner_setting
06-24 07:51:25.358  1624  2020 I AiAiEcho: Predicting[0]: 
06-24 07:51:25.358  1624  2020 I AiAiEcho: EchoTargets: 
06-24 07:51:25.358  1624  2020 I AiAiEcho: Filtered by AiAi flag check: 
06-24 07:51:25.358  1624  2020 I AiAiEcho: Ranked targets strategy: SORT, count: 0, ranking metadata: 
06-24 07:51:25.358  1624  2020 I AiAiEcho: Predicting[0]: 
06-24 07:51:25.354   521  1000 D PackageWatchdog: Received supported packages [PackageConfig{com.google.android.networkstack, 86400000}]
06-24 07:51:25.359  1624  2020 I AiAiEcho: EchoTargets: 
06-24 07:51:25.359  1624  2020 I AiAiEcho: Filtered by AiAi flag check: 
06-24 07:51:25.359   521  1000 D ExplicitHealthCheckController: Getting health check requested packages
06-24 07:51:25.359  1624  2020 I AiAiEcho: Ranked targets strategy: SORT, count: 0, ranking metadata: 
06-24 07:51:25.359   521  1000 I ExplicitHealthCheckController: Explicit health check requested packages []
06-24 07:51:25.359   521  1000 I ExplicitHealthCheckController: No more health check requests, unbinding...
06-24 07:51:25.359  1624  2020 I AiAiEcho: #postPredictionTargets: Sending updates to UISurface lockscreen with targets# 0 (types=[])
06-24 07:51:25.360  1624  2020 I AiAiEcho: #postPredictionTargets: Sending updates to UISurface home with targets# 0 (types=[])
06-24 07:51:25.360   521  1000 I ExplicitHealthCheckController: Explicit health check service is unbound
06-24 07:51:25.360   521   549 I PackageWatchdog: Saving observer state to file
06-24 07:51:25.363   836   836 W PageIndicator: Total number of pages invalid: 0. Assuming 1 page.
06-24 07:51:25.368   521   617 I RescueParty: Starting to observe: [android], updated namespace: media
06-24 07:51:25.368   521   549 I PackageWatchdog: Syncing state, reason: observing new packages
06-24 07:51:25.372   521  1000 D SearchUiPerUserService: Creating SearchSessionInfo for session Id=com.google.android.apps.nexuslauncher:d2db047b-6a0d-49b9-8bfe-1aca6968dffc,0
06-24 07:51:25.372  1624  1624 I AiAiEcho: SearchContextManagerImpl::setSearchContext resultTypes=[141151] extras=[Bundle[mParcelledData.dataSize=684]] sessionId=[com.google.android.apps.nexuslauncher:d2db047b-6a0d-49b9-8bfe-1aca6968dffc,0]
06-24 07:51:25.373   521  2419 D SearchUiPerUserService: Storing callback for session Id=com.google.android.apps.nexuslauncher:d2db047b-6a0d-49b9-8bfe-1aca6968dffc,0 and callback=android.os.BinderProxy@9ded8c6
06-24 07:51:25.373  1106  1148 D SearchTargetUtil:  query= size=1
06-24 07:51:25.373  1106  1148 D SearchTargetUtil: layoutType=icon_row resultType=4096 packageName= extras=Bundle{icon_container_enabled=true,zero_state_all_apps_web_suggest_count=3,rank=1.0,key_ipc_start=303828,hide_subtitle=true,zero_state_qsb_web_suggest_count=10,}ParentID: null targetID: SESSION_INFO:0::zero_state_flags
06-24 07:51:25.374   521   549 D PackageWatchdog: rescue-party-observer added the following packages to monitor [android]
06-24 07:51:25.374   521   549 I PackageWatchdog: Syncing state, reason: updated observers
06-24 07:51:25.374   521   549 I PackageWatchdog: Not pruning observers, elapsed time: 0ms
06-24 07:51:25.374   521   549 I PackageWatchdog: Saving observer state to file
06-24 07:51:25.378   521   521 I PackageWatchdog: Syncing health check requests for packages: {}
06-24 07:51:25.379   521   521 I ExplicitHealthCheckController: Service not ready to get health check supported packages. Binding...
06-24 07:51:25.380  1106  1106 I ContentCaptureHelper: Setting logging level to DEBUG
06-24 07:51:25.380  1106  1106 D ContentCaptureManager: setFlushViewTreeAppearingEventDisabled(): setting to false
06-24 07:51:25.380  1106  1106 D ContentCaptureManager: updateWindowAttributes(): window flags=-2137980672
06-24 07:51:25.384   521   521 I ExplicitHealthCheckController: Explicit health check service is bound
06-24 07:51:25.387   521   521 I PackageWatchdog: Syncing health check requests for packages: {}
06-24 07:51:25.387   521   521 I ExplicitHealthCheckController: Service not ready to get health check supported packages. Binding...
06-24 07:51:25.387   521   521 I ExplicitHealthCheckController: Not binding to service, service already connecting
06-24 07:51:25.387   521   521 I ExplicitHealthCheckController: Explicit health check service is connected ComponentInfo{com.google.android.ext.services/android.ext.services.watchdog.ExplicitHealthCheckServiceImpl}
06-24 07:51:25.387   521   521 I ExplicitHealthCheckController: Service initialized, syncing requests
06-24 07:51:25.387   521   521 I PackageWatchdog: Syncing health check requests for packages: {}
06-24 07:51:25.387   521   521 D ExplicitHealthCheckController: Getting health check supported packages
06-24 07:51:25.388   521  2419 I ExplicitHealthCheckController: Explicit health check supported packages [PackageConfig{com.google.android.networkstack, 86400000}]
06-24 07:51:25.388   521  2419 D PackageWatchdog: Received supported packages [PackageConfig{com.google.android.networkstack, 86400000}]
06-24 07:51:25.388   521  2419 D ExplicitHealthCheckController: Getting health check requested packages
06-24 07:51:25.388   521  2419 I ExplicitHealthCheckController: Explicit health check requested packages []
06-24 07:51:25.388   521  2419 I ExplicitHealthCheckController: No more health check requests, unbinding...
06-24 07:51:25.388   521  2419 I ExplicitHealthCheckController: Explicit health check service is unbound
06-24 07:51:25.393  1106  1106 D MainContentCaptureSession: Destroying session (ctx=com.google.android.apps.nexuslauncher.NexusLauncherActivity@8390b2c, id=1705823791) with 0 event(s) for act:com.google.android.apps.nexuslauncher/.NexusLauncherActivity [state=2 (ACTIVE), disabled=false]
06-24 07:51:25.400  1106  1106 D AutofillManager: view is not autofillable - activity denied for autofill
06-24 07:51:25.402  1106  1148 I ImeTracker: com.google.android.apps.nexuslauncher:e2cf7ff3: onRequestHide at ORIGIN_CLIENT_HIDE_SOFT_INPUT reason HIDE_SOFT_INPUT
06-24 07:51:25.402  1106  1148 I ImeTracker: com.google.android.apps.nexuslauncher:e2cf7ff3: onFailed at PHASE_CLIENT_VIEW_SERVED
06-24 07:51:25.403   521  2169 D CoreBackPreview: Window{c5d2d4c u0 com.google.android.apps.nexuslauncher/com.google.android.apps.nexuslauncher.NexusLauncherActivity}: Setting back callback OnBackInvokedCallbackInfo{mCallback=android.window.IOnBackInvokedCallback$Stub$Proxy@da99d02, mPriority=0, mIsAnimationCallback=false}
06-24 07:51:25.404  7369  7437 D Maestro : Requesting view hierarchy
06-24 07:51:25.404  7369  7437 W QueryController: Could not detect idle state.
06-24 07:51:25.405  7369  7437 W QueryController: Could not detect idle state.
06-24 07:51:25.407  1106  1106 D TISBindHelper: TIS service connected
06-24 07:51:25.408  1106  1106 D b/254119092: Set mActivity=com.google.android.apps.nexuslauncher.NexusLauncherActivity@486445d
06-24 07:51:25.408  1106  1106 D b/254119092: mActivity and mContext agree taskbarIsPresent=false
06-24 07:51:25.408  1106  1106 D MainContentCaptureSession: handleScheduleFlush(act:com.google.android.apps.nexuslauncher/.NexusLauncherActivity [state=1 (WAITING_FOR_SERVER), disabled=false], reason=FORCE_FLUSH): not a timeout reason because mDirectServiceInterface is not ready yet
06-24 07:51:25.410   521  2239 I ActivityTaskManager: Activity reported stop, but no longer stopping: ActivityRecord{2aeaf20 u0 com.google.android.apps.nexuslauncher/.NexusLauncherActivity t7} STOPPED
06-24 07:51:25.425  5874  7721 I bwir    : updateFromConfigurations using legacy put method [CONTEXT service_id=204 ]
06-24 07:51:25.433  7369  7437 I Maestro : Skipping invisible child: android.view.accessibility.AccessibilityNodeInfo@128a8; boundsInParent: Rect(0, 0 - 320, 0); boundsInScreen: Rect(0, 0 - 320, 0); boundsInWindow: Rect(0, 0 - 320, 0); packageName: com.hanapkalinga.mobile; className: android.widget.LinearLayout; text: null; error: null; maxTextLength: -1; stateDescription: null; contentDescription: null; tooltipText: null; containerTitle: null; viewIdResName: null; uniqueId: null; checkable: false; checked: false; focusable: false; focused: false; selected: false; clickable: false; longClickable: false; contextClickable: false; enabled: true; password: false; scrollable: false; importantForAccessibility: false; visible: false; actions: [AccessibilityAction: ACTION_SELECT - null, AccessibilityAction: ACTION_CLEAR_SELECTION - null, AccessibilityAction: ACTION_ACCESSIBILITY_FOCUS - null, AccessibilityAction: ACTION_SHOW_ON_SCREEN - null]; isTextSelectable: false
06-24 07:51:25.435  7369  7437 I Maestro : Skipping invisible child: android.view.accessibility.AccessibilityNodeInfo@124e7; boundsInParent: Rect(0, 0 - 320, 0); boundsInScreen: Rect(0, 0 - 320, 0); boundsInWindow: Rect(0, 0 - 320, 0); packageName: com.hanapkalinga.mobile; className: android.view.ViewGroup; text: null; error: null; maxTextLength: -1; stateDescription: null; contentDescription: null; tooltipText: null; containerTitle: null; viewIdResName: null; uniqueId: null; checkable: false; checked: false; focusable: false; focused: false; selected: false; clickable: false; longClickable: false; contextClickable: false; enabled: true; password: false; scrollable: false; importantForAccessibility: false; visible: false; actions: [AccessibilityAction: ACTION_SELECT - null, AccessibilityAction: ACTION_CLEAR_SELECTION - null, AccessibilityAction: ACTION_ACCESSIBILITY_FOCUS - null, AccessibilityAction: ACTION_SHOW_ON_SCREEN - null]; isTextSelectable: false
06-24 07:51:25.436  7369  7437 I Maestro : Skipping invisible child: android.view.accessibility.AccessibilityNodeInfo@1a489; boundsInParent: Rect(0, 0 - 320, 0); boundsInScreen: Rect(0, 0 - 320, 0); boundsInWindow: Rect(0, 0 - 320, 0); packageName: com.hanapkalinga.mobile; className: android.widget.LinearLayout; text: null; error: null; maxTextLength: -1; stateDescription: null; contentDescription: null; tooltipText: null; containerTitle: null; viewIdResName: null; uniqueId: null; checkable: false; checked: false; focusable: false; focused: false; selected: false; clickable: false; longClickable: false; contextClickable: false; enabled: true; password: false; scrollable: false; importantForAccessibility: false; visible: false; actions: [AccessibilityAction: ACTION_SELECT - null, AccessibilityAction: ACTION_CLEAR_SELECTION - null, AccessibilityAction: ACTION_ACCESSIBILITY_FOCUS - null, AccessibilityAction: ACTION_SHOW_ON_SCREEN - null]; isTextSelectable: false
06-24 07:51:25.436  7369  7437 I Maestro : Skipping invisible child: android.view.accessibility.AccessibilityNodeInfo@1a0c8; boundsInParent: Rect(0, 0 - 320, 0); boundsInScreen: Rect(0, 0 - 320, 0); boundsInWindow: Rect(0, 0 - 320, 0); packageName: com.hanapkalinga.mobile; className: android.view.ViewGroup; text: null; error: null; maxTextLength: -1; stateDescription: null; contentDescription: null; tooltipText: null; containerTitle: null; viewIdResName: null; uniqueId: null; checkable: false; checked: false; focusable: false; focused: false; selected: false; clickable: false; longClickable: false; contextClickable: false; enabled: true; password: false; scrollable: false; importantForAccessibility: false; visible: false; actions: [AccessibilityAction: ACTION_SELECT - null, AccessibilityAction: ACTION_CLEAR_SELECTION - null, AccessibilityAction: ACTION_ACCESSIBILITY_FOCUS - null, AccessibilityAction: ACTION_SHOW_ON_SCREEN - null]; isTextSelectable: false
06-24 07:51:25.442  7369  7437 I Maestro : Skipping invisible child: android.view.accessibility.AccessibilityNodeInfo@182c0; boundsInParent: Rect(0, 0 - 1, 1); boundsInScreen: Rect(20, 348 - 21, 349); boundsInWindow: Rect(20, 348 - 21, 349); packageName: com.hanapkalinga.mobile; className: android.view.ViewGroup; text: null; error: null; maxTextLength: -1; stateDescription: null; contentDescription: null; tooltipText: null; containerTitle: null; viewIdResName: login_captcha_ready; uniqueId: null; checkable: false; checked: false; focusable: false; focused: false; selected: false; clickable: false; longClickable: false; contextClickable: false; enabled: true; password: false; scrollable: false; importantForAccessibility: true; visible: false; actions: [AccessibilityAction: ACTION_SELECT - null, AccessibilityAction: ACTION_CLEAR_SELECTION - null, AccessibilityAction: ACTION_ACCESSIBILITY_FOCUS - null, AccessibilityAction: ACTION_SHOW_ON_SCREEN - null]; isTextSelectable: false
06-24 07:51:25.447   521   617 I RescueParty: Starting to observe: [android], updated namespace: alarm_manager
06-24 07:51:25.451   521   549 I PackageWatchdog: Syncing state, reason: observing new packages
06-24 07:51:25.451   521   549 D PackageWatchdog: rescue-party-observer added the following packages to monitor [android]
06-24 07:51:25.451   521   549 I PackageWatchdog: Syncing state, reason: updated observers
06-24 07:51:25.451   521   549 I PackageWatchdog: Not pruning observers, elapsed time: 0ms
06-24 07:51:25.451   521   549 I PackageWatchdog: Saving observer state to file
06-24 07:51:25.454   521   521 I PackageWatchdog: Syncing health check requests for packages: {}
06-24 07:51:25.454   521   521 I ExplicitHealthCheckController: Service not ready to get health check supported packages. Binding...
06-24 07:51:25.456  1730  1730 I ImeTracker: com.google.android.googlequicksearchbox:search:4f8bc805: onRequestHide at ORIGIN_CLIENT_HIDE_SOFT_INPUT reason HIDE_SOFT_INPUT
06-24 07:51:25.456  1730  1730 I ImeTracker: com.google.android.googlequicksearchbox:search:4f8bc805: onFailed at PHASE_CLIENT_VIEW_SERVED
06-24 07:51:25.457   521   521 I ExplicitHealthCheckController: Explicit health check service is bound
06-24 07:51:25.457   521   521 I PackageWatchdog: Syncing health check requests for packages: {}
06-24 07:51:25.457   521   521 I ExplicitHealthCheckController: Service not ready to get health check supported packages. Binding...
06-24 07:51:25.457   521   521 I ExplicitHealthCheckController: Not binding to service, service already connecting
06-24 07:51:25.458   521   521 I ExplicitHealthCheckController: Explicit health check service is connected ComponentInfo{com.google.android.ext.services/android.ext.services.watchdog.ExplicitHealthCheckServiceImpl}
06-24 07:51:25.458   521   521 I ExplicitHealthCheckController: Service initialized, syncing requests
06-24 07:51:25.458   521   521 I PackageWatchdog: Syncing health check requests for packages: {}
06-24 07:51:25.458   521   521 D ExplicitHealthCheckController: Getting health check supported packages
06-24 07:51:25.458   521  2169 I ExplicitHealthCheckController: Explicit health check supported packages [PackageConfig{com.google.android.networkstack, 86400000}]
06-24 07:51:25.458   521  2169 D PackageWatchdog: Received supported packages [PackageConfig{com.google.android.networkstack, 86400000}]
06-24 07:51:25.458   521  2169 D ExplicitHealthCheckController: Getting health check requested packages
06-24 07:51:25.458   521  2169 I ExplicitHealthCheckController: Explicit health check requested packages []
06-24 07:51:25.458   521  2169 I ExplicitHealthCheckController: No more health check requests, unbinding...
06-24 07:51:25.460   521  2169 I ExplicitHealthCheckController: Explicit health check service is unbound
06-24 07:51:25.470  1730  1730 W WindowOnBackDispatcher: sendCancelIfRunning: isInProgress=falsecallback=android.view.ViewRootImpl$$ExternalSyntheticLambda17@eb2bf7
06-24 07:51:25.471   521  2169 W InputManager-JNI: Input channel object '9a5fb4 com.google.android.apps.nexuslauncher/com.google.android.apps.nexuslauncher.NexusLauncherActivity (client)' was disposed without first being removed with the input manager!
06-24 07:51:25.473   521  2239 W WindowManager: Failed looking up window session=Session{d8e2389 1730:u0a10132} callers=com.android.server.wm.WindowManagerService.windowForClientLocked:6034 com.android.server.wm.Session.setOnBackInvokedCallbackInfo:944 android.view.IWindowSession$Stub.onTransact:1145 
06-24 07:51:25.473   521  2239 I WindowManager: setOnBackInvokedCallback(): No window state for package:com.google.android.googlequicksearchbox
06-24 07:51:25.481   521  2239 D CoreBackPreview: Window{27e3968 u0 com.google.android.apps.nexuslauncher/com.google.android.apps.nexuslauncher.NexusLauncherActivity}: Setting back callback OnBackInvokedCallbackInfo{mCallback=android.window.IOnBackInvokedCallback$Stub$Proxy@7b18414, mPriority=0, mIsAnimationCallback=false}
06-24 07:51:25.489  7369  7437 D Maestro : View hierarchy received in 85 ms
06-24 07:51:25.493   521   617 I RescueParty: Starting to observe: [android, com.android.settings], updated namespace: app_hibernation
06-24 07:51:25.493   521   549 I PackageWatchdog: Syncing state, reason: observing new packages
06-24 07:51:25.493   521   549 D PackageWatchdog: rescue-party-observer added the following packages to monitor [android, com.android.settings]
06-24 07:51:25.493   521   549 I PackageWatchdog: Syncing state, reason: updated observers
06-24 07:51:25.493   521   549 I PackageWatchdog: Not pruning observers, elapsed time: 0ms
06-24 07:51:25.493   521   549 I PackageWatchdog: Saving observer state to file
06-24 07:51:25.500  7532  7551 D EGL_emulation: app_time_stats: avg=500.00ms min=499.38ms max=500.62ms count=2
06-24 07:51:25.503   521   521 I PackageWatchdog: Syncing health check requests for packages: {}
06-24 07:51:25.503   521   521 I ExplicitHealthCheckController: Service not ready to get health check supported packages. Binding...
06-24 07:51:25.504   521   521 I ExplicitHealthCheckController: Explicit health check service is bound
06-24 07:51:25.504   521   521 D AppHibernationService: App hibernation changed to enabled=true
06-24 07:51:25.505   521   521 I ExplicitHealthCheckController: Explicit health check service is connected ComponentInfo{com.google.android.ext.services/android.ext.services.watchdog.ExplicitHealthCheckServiceImpl}
06-24 07:51:25.505   521   521 I ExplicitHealthCheckController: Service initialized, syncing requests
06-24 07:51:25.505   521   521 I PackageWatchdog: Syncing health check requests for packages: {}
06-24 07:51:25.505   521   521 D ExplicitHealthCheckController: Getting health check supported packages
06-24 07:51:25.506   521  2239 I ExplicitHealthCheckController: Explicit health check supported packages [PackageConfig{com.google.android.networkstack, 86400000}]
06-24 07:51:25.506   521  2239 D PackageWatchdog: Received supported packages [PackageConfig{com.google.android.networkstack, 86400000}]
06-24 07:51:25.506   521  2239 D ExplicitHealthCheckController: Getting health check requested packages
06-24 07:51:25.506   521  2239 I ExplicitHealthCheckController: Explicit health check requested packages []
06-24 07:51:25.506   521  2239 I ExplicitHealthCheckController: No more health check requests, unbinding...
06-24 07:51:25.506   521  2239 I ExplicitHealthCheckController: Explicit health check service is unbound
06-24 07:51:25.516   521   617 I RescueParty: Starting to observe: [android, com.android.systemui], updated namespace: window_manager
06-24 07:51:25.517   521   549 I PackageWatchdog: Syncing state, reason: observing new packages
06-24 07:51:25.517   521   549 D PackageWatchdog: rescue-party-observer added the following packages to monitor [android, com.android.systemui]
06-24 07:51:25.517   521   549 I PackageWatchdog: Syncing state, reason: updated observers
06-24 07:51:25.517   521   549 I PackageWatchdog: Not pruning observers, elapsed time: 0ms
06-24 07:51:25.517   521   549 I PackageWatchdog: Saving observer state to file
06-24 07:51:25.519   521   521 I PackageWatchdog: Syncing health check requests for packages: {}
06-24 07:51:25.519   521   521 I ExplicitHealthCheckController: Service not ready to get health check supported packages. Binding...
06-24 07:51:25.519   521   521 I ExplicitHealthCheckController: Explicit health check service is bound
06-24 07:51:25.520   521   521 I ExplicitHealthCheckController: Explicit health check service is connected ComponentInfo{com.google.android.ext.services/android.ext.services.watchdog.ExplicitHealthCheckServiceImpl}
06-24 07:51:25.520   521   521 I ExplicitHealthCheckController: Service initialized, syncing requests
06-24 07:51:25.520   521   521 I PackageWatchdog: Syncing health check requests for packages: {}
06-24 07:51:25.520   521   521 D ExplicitHealthCheckController: Getting health check supported packages
06-24 07:51:25.520   521  2239 I ExplicitHealthCheckController: Explicit health check supported packages [PackageConfig{com.google.android.networkstack, 86400000}]
06-24 07:51:25.520   521  2239 D PackageWatchdog: Received supported packages [PackageConfig{com.google.android.networkstack, 86400000}]
06-24 07:51:25.520   521  2239 D ExplicitHealthCheckController: Getting health check requested packages
06-24 07:51:25.521   521  1089 I ExplicitHealthCheckController: Explicit health check requested packages []
06-24 07:51:25.521   521  1089 I ExplicitHealthCheckController: No more health check requests, unbinding...
06-24 07:51:25.521   521  1089 I ExplicitHealthCheckController: Explicit health check service is unbound
06-24 07:51:25.542   521   617 I RescueParty: Starting to observe: [android, com.google.android.bluetooth], updated namespace: bluetooth
06-24 07:51:25.543   521   549 I PackageWatchdog: Syncing state, reason: observing new packages
06-24 07:51:25.543   521   549 D PackageWatchdog: rescue-party-observer added the following packages to monitor [android, com.google.android.bluetooth]
06-24 07:51:25.543   521   549 I PackageWatchdog: Syncing state, reason: updated observers
06-24 07:51:25.543   521   549 I PackageWatchdog: Not pruning observers, elapsed time: 0ms
06-24 07:51:25.543   521   549 I PackageWatchdog: Saving observer state to file
06-24 07:51:25.545   521   521 D BluetoothDeviceConfigChangeTracker: shouldRestartWhenPropertiesUpdated: INIT_gd_hal_snoop_logger_filtering='true',scan_timeout_millis='300000',location_denylist_name='',audio_policy_hf_enabled='true',INIT_gd_hal_snoop_logger_socket='true',location_denylist_advertising_data='⊈0016AAFE40/00FFFFFFF0,⊆0016AAFE/00FFFFFF,⊆00FF4C0002/00FFFFFFFF',le_audio_enabled_by_default='false',location_denylist_mac='',audio_policy_ag_enabled='true'
06-24 07:51:25.549   521   521 D BluetoothDeviceConfigListener: All properties unchanged, skipping restart
06-24 07:51:25.550   521   521 I PackageWatchdog: Syncing health check requests for packages: {}
06-24 07:51:25.550   521   521 I ExplicitHealthCheckController: Service not ready to get health check supported packages. Binding...
06-24 07:51:25.552   521   521 I ExplicitHealthCheckController: Explicit health check service is bound
06-24 07:51:25.557   521   521 I ExplicitHealthCheckController: Explicit health check service is connected ComponentInfo{com.google.android.ext.services/android.ext.services.watchdog.ExplicitHealthCheckServiceImpl}
06-24 07:51:25.557   521   521 I ExplicitHealthCheckController: Service initialized, syncing requests
06-24 07:51:25.557   521   521 I PackageWatchdog: Syncing health check requests for packages: {}
06-24 07:51:25.557   521   521 D ExplicitHealthCheckController: Getting health check supported packages
06-24 07:51:25.558   521  2239 I ExplicitHealthCheckController: Explicit health check supported packages [PackageConfig{com.google.android.networkstack, 86400000}]
06-24 07:51:25.558   521  2239 D PackageWatchdog: Received supported packages [PackageConfig{com.google.android.networkstack, 86400000}]
06-24 07:51:25.558   521  2239 D ExplicitHealthCheckController: Getting health check requested packages
06-24 07:51:25.559   521  2239 I ExplicitHealthCheckController: Explicit health check requested packages []
06-24 07:51:25.559   521  2239 I ExplicitHealthCheckController: No more health check requests, unbinding...
06-24 07:51:25.559   521  2239 I ExplicitHealthCheckController: Explicit health check service is unbound
06-24 07:51:25.563  7369  7437 D Maestro : Requesting view hierarchy
06-24 07:51:25.563  7369  7437 W QueryController: Could not detect idle state.
06-24 07:51:25.563  7369  7437 W QueryController: Could not detect idle state.
06-24 07:51:25.571   521   617 I RescueParty: Starting to observe: [android, com.google.android.apps.nexuslauncher, com.android.systemui], updated namespace: latency_tracker
06-24 07:51:25.572   521   549 I PackageWatchdog: Syncing state, reason: observing new packages
06-24 07:51:25.572   521   549 D PackageWatchdog: rescue-party-observer added the following packages to monitor [android, com.google.android.apps.nexuslauncher, com.android.systemui]
06-24 07:51:25.572   521   549 I PackageWatchdog: Syncing state, reason: updated observers
06-24 07:51:25.572   521   549 I PackageWatchdog: Not pruning observers, elapsed time: 0ms
06-24 07:51:25.572   521   549 I PackageWatchdog: Saving observer state to file
06-24 07:51:25.573   521   521 I PackageWatchdog: Syncing health check requests for packages: {}
06-24 07:51:25.573   521   521 I ExplicitHealthCheckController: Service not ready to get health check supported packages. Binding...
06-24 07:51:25.574   521   521 I ExplicitHealthCheckController: Explicit health check service is bound
06-24 07:51:25.575  7369  7437 I Maestro : Skipping invisible child: android.view.accessibility.AccessibilityNodeInfo@128a8; boundsInParent: Rect(0, 0 - 320, 0); boundsInScreen: Rect(0, 0 - 320, 0); boundsInWindow: Rect(0, 0 - 320, 0); packageName: com.hanapkalinga.mobile; className: android.widget.LinearLayout; text: null; error: null; maxTextLength: -1; stateDescription: null; contentDescription: null; tooltipText: null; containerTitle: null; viewIdResName: null; uniqueId: null; checkable: false; checked: false; focusable: false; focused: false; selected: false; clickable: false; longClickable: false; contextClickable: false; enabled: true; password: false; scrollable: false; importantForAccessibility: false; visible: false; actions: [AccessibilityAction: ACTION_SELECT - null, AccessibilityAction: ACTION_CLEAR_SELECTION - null, AccessibilityAction: ACTION_ACCESSIBILITY_FOCUS - null, AccessibilityAction: ACTION_SHOW_ON_SCREEN - null]; isTextSelectable: false
06-24 07:51:25.575  7369  7437 I Maestro : Skipping invisible child: android.view.accessibility.AccessibilityNodeInfo@124e7; boundsInParent: Rect(0, 0 - 320, 0); boundsInScreen: Rect(0, 0 - 320, 0); boundsInWindow: Rect(0, 0 - 320, 0); packageName: com.hanapkalinga.mobile; className: android.view.ViewGroup; text: null; error: null; maxTextLength: -1; stateDescription: null; contentDescription: null; tooltipText: null; containerTitle: null; viewIdResName: null; uniqueId: null; checkable: false; checked: false; focusable: false; focused: false; selected: false; clickable: false; longClickable: false; contextClickable: false; enabled: true; password: false; scrollable: false; importantForAccessibility: false; visible: false; actions: [AccessibilityAction: ACTION_SELECT - null, AccessibilityAction: ACTION_CLEAR_SELECTION - null, AccessibilityAction: ACTION_ACCESSIBILITY_FOCUS - null, AccessibilityAction: ACTION_SHOW_ON_SCREEN - null]; isTextSelectable: false
06-24 07:51:25.576   521   521 I ExplicitHealthCheckController: Explicit health check service is connected ComponentInfo{com.google.android.ext.services/android.ext.services.watchdog.ExplicitHealthCheckServiceImpl}
06-24 07:51:25.576   521   521 I ExplicitHealthCheckController: Service initialized, syncing requests
06-24 07:51:25.576  7369  7437 I Maestro : Skipping invisible child: android.view.accessibility.AccessibilityNodeInfo@1a489; boundsInParent: Rect(0, 0 - 320, 0); boundsInScreen: Rect(0, 0 - 320, 0); boundsInWindow: Rect(0, 0 - 320, 0); packageName: com.hanapkalinga.mobile; className: android.widget.LinearLayout; text: null; error: null; maxTextLength: -1; stateDescription: null; contentDescription: null; tooltipText: null; containerTitle: null; viewIdResName: null; uniqueId: null; checkable: false; checked: false; focusable: false; focused: false; selected: false; clickable: false; longClickable: false; contextClickable: false; enabled: true; password: false; scrollable: false; importantForAccessibility: false; visible: false; actions: [AccessibilityAction: ACTION_SELECT - null, AccessibilityAction: ACTION_CLEAR_SELECTION - null, AccessibilityAction: ACTION_ACCESSIBILITY_FOCUS - null, AccessibilityAction: ACTION_SHOW_ON_SCREEN - null]; isTextSelectable: false
06-24 07:51:25.576   521   521 I PackageWatchdog: Syncing health check requests for packages: {}
06-24 07:51:25.576   521   521 D ExplicitHealthCheckController: Getting health check supported packages
06-24 07:51:25.576   521  2239 I ExplicitHealthCheckController: Explicit health check supported packages [PackageConfig{com.google.android.networkstack, 86400000}]
06-24 07:51:25.576   521  2239 D PackageWatchdog: Received supported packages [PackageConfig{com.google.android.networkstack, 86400000}]
06-24 07:51:25.576   521  2239 D ExplicitHealthCheckController: Getting health check requested packages
06-24 07:51:25.576  7369  7437 I Maestro : Skipping invisible child: android.view.accessibility.AccessibilityNodeInfo@1a0c8; boundsInParent: Rect(0, 0 - 320, 0); boundsInScreen: Rect(0, 0 - 320, 0); boundsInWindow: Rect(0, 0 - 320, 0); packageName: com.hanapkalinga.mobile; className: android.view.ViewGroup; text: null; error: null; maxTextLength: -1; stateDescription: null; contentDescription: null; tooltipText: null; containerTitle: null; viewIdResName: null; uniqueId: null; checkable: false; checked: false; focusable: false; focused: false; selected: false; clickable: false; longClickable: false; contextClickable: false; enabled: true; password: false; scrollable: false; importantForAccessibility: false; visible: false; actions: [AccessibilityAction: ACTION_SELECT - null, AccessibilityAction: ACTION_CLEAR_SELECTION - null, AccessibilityAction: ACTION_ACCESSIBILITY_FOCUS - null, AccessibilityAction: ACTION_SHOW_ON_SCREEN - null]; isTextSelectable: false
06-24 07:51:25.577   521  2239 I ExplicitHealthCheckController: Explicit health check requested packages []
06-24 07:51:25.577   521  2239 I ExplicitHealthCheckController: No more health check requests, unbinding...
06-24 07:51:25.577   521  2239 I ExplicitHealthCheckController: Explicit health check service is unbound
06-24 07:51:25.579   521   617 I RescueParty: Starting to observe: [android], updated namespace: battery_saver
06-24 07:51:25.579  7369  7437 I Maestro : Skipping invisible child: android.view.accessibility.AccessibilityNodeInfo@182c0; boundsInParent: Rect(0, 0 - 1, 1); boundsInScreen: Rect(20, 348 - 21, 349); boundsInWindow: Rect(20, 348 - 21, 349); packageName: com.hanapkalinga.mobile; className: android.view.ViewGroup; text: null; error: null; maxTextLength: -1; stateDescription: null; contentDescription: null; tooltipText: null; containerTitle: null; viewIdResName: login_captcha_ready; uniqueId: null; checkable: false; checked: false; focusable: false; focused: false; selected: false; clickable: false; longClickable: false; contextClickable: false; enabled: true; password: false; scrollable: false; importantForAccessibility: true; visible: false; actions: [AccessibilityAction: ACTION_SELECT - null, AccessibilityAction: ACTION_CLEAR_SELECTION - null, AccessibilityAction: ACTION_ACCESSIBILITY_FOCUS - null, AccessibilityAction: ACTION_SHOW_ON_SCREEN - null]; isTextSelectable: false
06-24 07:51:25.579   521   521 E DeviceConfig: Parsing int failed for location_mode
06-24 07:51:25.580   521   549 I PackageWatchdog: Syncing state, reason: observing new packages
06-24 07:51:25.580   521   549 D PackageWatchdog: rescue-party-observer added the following packages to monitor [android]
06-24 07:51:25.580   521   549 I PackageWatchdog: Syncing state, reason: updated observers
06-24 07:51:25.580   521   549 I PackageWatchdog: Not pruning observers, elapsed time: 0ms
06-24 07:51:25.580   521   549 I PackageWatchdog: Saving observer state to file
06-24 07:51:25.581   521   521 I PackageWatchdog: Syncing health check requests for packages: {}
06-24 07:51:25.581   521   521 I ExplicitHealthCheckController: Service not ready to get health check supported packages. Binding...
06-24 07:51:25.582   521   521 I ExplicitHealthCheckController: Explicit health check service is bound
06-24 07:51:25.582   521   617 I RescueParty: Starting to observe: [android], updated namespace: constrain_display_apis
06-24 07:51:25.583   521   521 I ExplicitHealthCheckController: Explicit health check service is connected ComponentInfo{com.google.android.ext.services/android.ext.services.watchdog.ExplicitHealthCheckServiceImpl}
06-24 07:51:25.583   521   521 I ExplicitHealthCheckController: Service initialized, syncing requests
06-24 07:51:25.583   521   549 I PackageWatchdog: Syncing state, reason: observing new packages
06-24 07:51:25.583   521   549 D PackageWatchdog: rescue-party-observer added the following packages to monitor [android]
06-24 07:51:25.583   521   549 I PackageWatchdog: Syncing state, reason: updated observers
06-24 07:51:25.583   521   549 I PackageWatchdog: Not pruning observers, elapsed time: 0ms
06-24 07:51:25.583   521   521 I PackageWatchdog: Syncing health check requests for packages: {}
06-24 07:51:25.583   521   521 D ExplicitHealthCheckController: Getting health check supported packages
06-24 07:51:25.583   521   549 I PackageWatchdog: Saving observer state to file
06-24 07:51:25.583   521  2239 I ExplicitHealthCheckController: Explicit health check supported packages [PackageConfig{com.google.android.networkstack, 86400000}]
06-24 07:51:25.584   521  2239 D PackageWatchdog: Received supported packages [PackageConfig{com.google.android.networkstack, 86400000}]
06-24 07:51:25.584   521  2239 D ExplicitHealthCheckController: Getting health check requested packages
06-24 07:51:25.586   521  1089 I ExplicitHealthCheckController: Explicit health check requested packages []
06-24 07:51:25.586   521  1089 I ExplicitHealthCheckController: No more health check requests, unbinding...
06-24 07:51:25.586   521  1089 I ExplicitHealthCheckController: Explicit health check service is unbound
06-24 07:51:25.591   521   617 I RescueParty: Starting to observe: [android], updated namespace: backup_and_restore
06-24 07:51:25.591   521   549 I PackageWatchdog: Syncing state, reason: observing new packages
06-24 07:51:25.592   521   549 D PackageWatchdog: rescue-party-observer added the following packages to monitor [android]
06-24 07:51:25.592   521   549 I PackageWatchdog: Syncing state, reason: updated observers
06-24 07:51:25.592   521   549 I PackageWatchdog: Not pruning observers, elapsed time: 0ms
06-24 07:51:25.592   521   549 I PackageWatchdog: Saving observer state to file
06-24 07:51:25.595   521   521 I PackageWatchdog: Syncing health check requests for packages: {}
06-24 07:51:25.595   521   521 I ExplicitHealthCheckController: Service not ready to get health check supported packages. Binding...
06-24 07:51:25.596   521   521 I ExplicitHealthCheckController: Explicit health check service is bound
06-24 07:51:25.596   521   521 I ExplicitHealthCheckController: Explicit health check service is connected ComponentInfo{com.google.android.ext.services/android.ext.services.watchdog.ExplicitHealthCheckServiceImpl}
06-24 07:51:25.596   521   521 I ExplicitHealthCheckController: Service initialized, syncing requests
06-24 07:51:25.596   521   521 I PackageWatchdog: Syncing health check requests for packages: {}
06-24 07:51:25.596   521   521 D ExplicitHealthCheckController: Getting health check supported packages
06-24 07:51:25.597   521  2239 I ExplicitHealthCheckController: Explicit health check supported packages [PackageConfig{com.google.android.networkstack, 86400000}]
06-24 07:51:25.597   521  2239 D PackageWatchdog: Received supported packages [PackageConfig{com.google.android.networkstack, 86400000}]
06-24 07:51:25.597   521  2239 D ExplicitHealthCheckController: Getting health check requested packages
06-24 07:51:25.597   521  2239 I ExplicitHealthCheckController: Explicit health check requested packages []
06-24 07:51:25.597   521  2239 I ExplicitHealthCheckController: No more health check requests, unbinding...
06-24 07:51:25.597   521  2239 I ExplicitHealthCheckController: Explicit health check service is unbound
06-24 07:51:25.601  7369  7437 D Maestro : View hierarchy received in 38 ms
06-24 07:51:25.601   521   617 I RescueParty: Starting to observe: [android], updated namespace: nnapi_native
06-24 07:51:25.601   521   549 I PackageWatchdog: Syncing state, reason: observing new packages
06-24 07:51:25.602   521   549 D PackageWatchdog: rescue-party-observer added the following packages to monitor [android]
06-24 07:51:25.602   521   549 I PackageWatchdog: Syncing state, reason: updated observers
06-24 07:51:25.602   521   549 I PackageWatchdog: Not pruning observers, elapsed time: 0ms
06-24 07:51:25.602   521   549 I PackageWatchdog: Saving observer state to file
06-24 07:51:25.604   521   521 I PackageWatchdog: Syncing health check requests for packages: {}
06-24 07:51:25.604   521   521 I ExplicitHealthCheckController: Service not ready to get health check supported packages. Binding...
06-24 07:51:25.605   521   521 I ExplicitHealthCheckController: Explicit health check service is bound
06-24 07:51:25.605   521   521 I ExplicitHealthCheckController: Explicit health check service is connected ComponentInfo{com.google.android.ext.services/android.ext.services.watchdog.ExplicitHealthCheckServiceImpl}
06-24 07:51:25.605   521   521 I ExplicitHealthCheckController: Service initialized, syncing requests
06-24 07:51:25.606   521   521 I PackageWatchdog: Syncing health check requests for packages: {}
06-24 07:51:25.606   521   521 D ExplicitHealthCheckController: Getting health check supported packages
06-24 07:51:25.606   521  1089 I ExplicitHealthCheckController: Explicit health check supported packages [PackageConfig{com.google.android.networkstack, 86400000}]
06-24 07:51:25.606   521  1089 D PackageWatchdog: Received supported packages [PackageConfig{com.google.android.networkstack, 86400000}]
06-24 07:51:25.606   521  1089 D ExplicitHealthCheckController: Getting health check requested packages
06-24 07:51:25.607   521  1089 I ExplicitHealthCheckController: Explicit health check requested packages []
06-24 07:51:25.607   521  1089 I ExplicitHealthCheckController: No more health check requests, unbinding...
06-24 07:51:25.607   521  1089 I ExplicitHealthCheckController: Explicit health check service is unbound
06-24 07:51:25.608   521   617 I RescueParty: Starting to observe: [android, com.google.android.networkstack], updated namespace: tethering
06-24 07:51:25.609   521   549 I PackageWatchdog: Syncing state, reason: observing new packages
06-24 07:51:25.609   521   549 D PackageWatchdog: rescue-party-observer added the following packages to monitor [android, com.google.android.networkstack]
06-24 07:51:25.609   521   549 I PackageWatchdog: Syncing state, reason: updated observers
06-24 07:51:25.609   521   549 I PackageWatchdog: Not pruning observers, elapsed time: 0ms
06-24 07:51:25.609   521   549 I PackageWatchdog: Saving observer state to file
06-24 07:51:25.610   521   521 I PackageWatchdog: Syncing health check requests for packages: {}
06-24 07:51:25.610   521   521 I ExplicitHealthCheckController: Service not ready to get health check supported packages. Binding...
06-24 07:51:25.611   521   521 I ExplicitHealthCheckController: Explicit health check service is bound
06-24 07:51:25.611   521   521 I ExplicitHealthCheckController: Explicit health check service is connected ComponentInfo{com.google.android.ext.services/android.ext.services.watchdog.ExplicitHealthCheckServiceImpl}
06-24 07:51:25.611   521   521 I ExplicitHealthCheckController: Service initialized, syncing requests
06-24 07:51:25.612   521   521 I PackageWatchdog: Syncing health check requests for packages: {}
06-24 07:51:25.612   521   521 D ExplicitHealthCheckController: Getting health check supported packages
06-24 07:51:25.612   521  1089 I ExplicitHealthCheckController: Explicit health check supported packages [PackageConfig{com.google.android.networkstack, 86400000}]
06-24 07:51:25.612   521  1089 D PackageWatchdog: Received supported packages [PackageConfig{com.google.android.networkstack, 86400000}]
06-24 07:51:25.612   521  1089 D ExplicitHealthCheckController: Getting health check requested packages
06-24 07:51:25.612   521  1089 I ExplicitHealthCheckController: Explicit health check requested packages []
06-24 07:51:25.612   521  1089 I ExplicitHealthCheckController: No more health check requests, unbinding...
06-24 07:51:25.613   521  1089 I ExplicitHealthCheckController: Explicit health check service is unbound
06-24 07:51:25.617   521   617 I RescueParty: Starting to observe: [android], updated namespace: location
06-24 07:51:25.617   521   549 I PackageWatchdog: Syncing state, reason: observing new packages
06-24 07:51:25.617   521   549 D PackageWatchdog: rescue-party-observer added the following packages to monitor [android]
06-24 07:51:25.617   521   549 I PackageWatchdog: Syncing state, reason: updated observers
06-24 07:51:25.617   521   549 I PackageWatchdog: Not pruning observers, elapsed time: 0ms
06-24 07:51:25.617   521   549 I PackageWatchdog: Saving observer state to file
06-24 07:51:25.619   521   521 I PackageWatchdog: Syncing health check requests for packages: {}
06-24 07:51:25.619   521   521 I ExplicitHealthCheckController: Service not ready to get health check supported packages. Binding...
06-24 07:51:25.620   521   521 I ExplicitHealthCheckController: Explicit health check service is bound
06-24 07:51:25.620   521   521 I ExplicitHealthCheckController: Explicit health check service is connected ComponentInfo{com.google.android.ext.services/android.ext.services.watchdog.ExplicitHealthCheckServiceImpl}
06-24 07:51:25.621   521   521 I ExplicitHealthCheckController: Service initialized, syncing requests
06-24 07:51:25.621   521   521 I PackageWatchdog: Syncing health check requests for packages: {}
06-24 07:51:25.621   521   521 D ExplicitHealthCheckController: Getting health check supported packages
06-24 07:51:25.621   521  1089 I ExplicitHealthCheckController: Explicit health check supported packages [PackageConfig{com.google.android.networkstack, 86400000}]
06-24 07:51:25.621   521  1089 D PackageWatchdog: Received supported packages [PackageConfig{com.google.android.networkstack, 86400000}]
06-24 07:51:25.621   521  1089 D ExplicitHealthCheckController: Getting health check requested packages
06-24 07:51:25.622   521  1089 I ExplicitHealthCheckController: Explicit health check requested packages []
06-24 07:51:25.622   521  1089 I ExplicitHealthCheckController: No more health check requests, unbinding...
06-24 07:51:25.622   521  1089 I ExplicitHealthCheckController: Explicit health check service is unbound
06-24 07:51:25.625   836   836 D StatusBarIconController: ignoring old pipeline callbacks, because the new mobile icons are enabled
06-24 07:51:25.657  7369  7437 D Maestro : Requesting view hierarchy
06-24 07:51:25.657  7369  7437 W QueryController: Could not detect idle state.
06-24 07:51:25.658  7369  7437 W QueryController: Could not detect idle state.
