06-24 07:51:24.986  7369  7437 I Maestro : Skipping invisible child: android.view.accessibility.AccessibilityNodeInfo@182c0; boundsInParent: Rect(0, 0 - 1, 1); boundsInScreen: Rect(20, 348 - 21, 349); boundsInWindow: Rect(20, 348 - 21, 349); packageName: com.hanapkalinga.mobile; className: android.view.ViewGroup; text: null; error: null; maxTextLength: -1; stateDescription: null; contentDescription: null; tooltipText: null; containerTitle: null; viewIdResName: login_captcha_ready; uniqueId: null; checkable: false; checked: false; focusable: false; focused: false; selected: false; clickable: false; longClickable: false; contextClickable: false; enabled: true; password: false; scrollable: false; importantForAccessibility: true; visible: false; actions: [AccessibilityAction: ACTION_SELECT - null, AccessibilityAction: ACTION_CLEAR_SELECTION - null, AccessibilityAction: ACTION_ACCESSIBILITY_FOCUS - null, AccessibilityAction: ACTION_SHOW_ON_SCREEN - null]; isTextSelectable: false
06-24 07:51:24.989   521   617 I RescueParty: Starting to observe: [android], updated namespace: lmkd_native
06-24 07:51:24.989   521   549 I PackageWatchdog: Syncing state, reason: observing new packages
06-24 07:51:24.990   521   549 D PackageWatchdog: rescue-party-observer added the following packages to monitor [android]
06-24 07:51:24.990   521   549 I PackageWatchdog: Syncing state, reason: updated observers
06-24 07:51:24.990   521   549 I PackageWatchdog: Not pruning observers, elapsed time: 0ms
06-24 07:51:24.990   521   521 I PackageWatchdog: Syncing health check requests for packages: {}
06-24 07:51:24.990   521   521 I ExplicitHealthCheckController: Service not ready to get health check supported packages. Binding...
06-24 07:51:24.991   521   521 I ExplicitHealthCheckController: Explicit health check service is bound
06-24 07:51:24.991   521   521 I PackageWatchdog: Syncing health check requests for packages: {}
06-24 07:51:24.991   521   521 I ExplicitHealthCheckController: Service not ready to get health check supported packages. Binding...
06-24 07:51:24.991   521   521 I ExplicitHealthCheckController: Not binding to service, service already connecting
06-24 07:51:24.992   521   549 I PackageWatchdog: Saving observer state to file
06-24 07:51:24.992   521   521 I ExplicitHealthCheckController: Explicit health check service is connected ComponentInfo{com.google.android.ext.services/android.ext.services.watchdog.ExplicitHealthCheckServiceImpl}
06-24 07:51:24.992   521   521 I ExplicitHealthCheckController: Service initialized, syncing requests
--------- beginning of kernel
06-24 07:51:25.184     0     0 I init    : processing action (persist.device_config.lmkd_native.thrashing_limit_critical=*) from (/system/etc/init/lmkd.rc:44)
06-24 07:51:25.186     0     0 I init    : processing action (lmkd.reinit=1) from (/system/etc/init/lmkd.rc:10)
06-24 07:51:25.188     0     0 I init    : starting service 'exec 24 (/system/bin/lmkd --reinit)'...
06-24 07:51:25.001   521   521 I PackageWatchdog: Syncing health check requests for packages: {}
06-24 07:51:25.001   521   521 D ExplicitHealthCheckController: Getting health check supported packages
06-24 07:51:25.002   521  2419 I ExplicitHealthCheckController: Explicit health check supported packages [PackageConfig{com.google.android.networkstack, 86400000}]
06-24 07:51:25.002   521  2419 D PackageWatchdog: Received supported packages [PackageConfig{com.google.android.networkstack, 86400000}]
06-24 07:51:25.002   521  2419 D ExplicitHealthCheckController: Getting health check requested packages
06-24 07:51:25.002   521  2239 I ExplicitHealthCheckController: Explicit health check requested packages []
06-24 07:51:25.002   521  2239 I ExplicitHealthCheckController: No more health check requests, unbinding...
06-24 07:51:25.003   521  2239 I ExplicitHealthCheckController: Explicit health check service is unbound
06-24 07:51:25.208     0     0 I init    : ... started service 'exec 24 (/system/bin/lmkd --reinit)' has pid 7733
06-24 07:51:25.026   133   133 I lowmemorykiller: lmkd data connection established
06-24 07:51:25.031   521   617 I RescueParty: Starting to observe: [android], updated namespace: display_manager
06-24 07:51:25.033   521   567 W BrightnessThrottler: DeviceConfig ThermalBrightnessThrottlingData is null
06-24 07:51:25.034  7369  7437 D Maestro : View hierarchy received in 64 ms
06-24 07:51:25.037   521   549 I PackageWatchdog: Syncing state, reason: observing new packages
06-24 07:51:25.037   521   549 D PackageWatchdog: rescue-party-observer added the following packages to monitor [android]
06-24 07:51:25.037   521   549 I PackageWatchdog: Syncing state, reason: updated observers
06-24 07:51:25.037   521   549 I PackageWatchdog: Not pruning observers, elapsed time: 0ms
06-24 07:51:25.037   521   549 I PackageWatchdog: Saving observer state to file
06-24 07:51:25.037   521   521 I PackageWatchdog: Syncing health check requests for packages: {}
06-24 07:51:25.037   521   521 I ExplicitHealthCheckController: Service not ready to get health check supported packages. Binding...
06-24 07:51:25.038   521   521 I ExplicitHealthCheckController: Explicit health check service is bound
06-24 07:51:25.040   521   521 I PackageWatchdog: Syncing health check requests for packages: {}
06-24 07:51:25.040   521   521 I ExplicitHealthCheckController: Service not ready to get health check supported packages. Binding...
06-24 07:51:25.040   521   521 I ExplicitHealthCheckController: Not binding to service, service already connecting
06-24 07:51:25.040   521   521 I ExplicitHealthCheckController: Explicit health check service is connected ComponentInfo{com.google.android.ext.services/android.ext.services.watchdog.ExplicitHealthCheckServiceImpl}
06-24 07:51:25.040   521   521 I ExplicitHealthCheckController: Service initialized, syncing requests
06-24 07:51:25.040   521   521 I PackageWatchdog: Syncing health check requests for packages: {}
06-24 07:51:25.040   521   521 D ExplicitHealthCheckController: Getting health check supported packages
06-24 07:51:25.041   521  2419 I ExplicitHealthCheckController: Explicit health check supported packages [PackageConfig{com.google.android.networkstack, 86400000}]
06-24 07:51:25.041   521  2419 D PackageWatchdog: Received supported packages [PackageConfig{com.google.android.networkstack, 86400000}]
06-24 07:51:25.041   521  2419 D ExplicitHealthCheckController: Getting health check requested packages
06-24 07:51:25.041   521  2239 I ExplicitHealthCheckController: Explicit health check requested packages []
06-24 07:51:25.041   521  2239 I ExplicitHealthCheckController: No more health check requests, unbinding...
06-24 07:51:25.041   521  2239 I ExplicitHealthCheckController: Explicit health check service is unbound
06-24 07:51:25.048   521   617 I RescueParty: Starting to observe: [android, com.android.settings], updated namespace: activity_manager
06-24 07:51:25.048   521   549 I PackageWatchdog: Syncing state, reason: observing new packages
06-24 07:51:25.048   521   549 D PackageWatchdog: rescue-party-observer added the following packages to monitor [android, com.android.settings]
06-24 07:51:25.048   521   549 I PackageWatchdog: Syncing state, reason: updated observers
06-24 07:51:25.048   521   549 I PackageWatchdog: Not pruning observers, elapsed time: 0ms
06-24 07:51:25.048   521   549 I PackageWatchdog: Saving observer state to file
06-24 07:51:25.049   521   521 I PackageWatchdog: Syncing health check requests for packages: {}
06-24 07:51:25.049   521   521 I ExplicitHealthCheckController: Service not ready to get health check supported packages. Binding...
06-24 07:51:25.050   521   521 I ExplicitHealthCheckController: Explicit health check service is bound
06-24 07:51:25.051   521   521 I ExplicitHealthCheckController: Explicit health check service is connected ComponentInfo{com.google.android.ext.services/android.ext.services.watchdog.ExplicitHealthCheckServiceImpl}
06-24 07:51:25.051   521   521 I ExplicitHealthCheckController: Service initialized, syncing requests
06-24 07:51:25.051   521   521 I PackageWatchdog: Syncing health check requests for packages: {}
06-24 07:51:25.051   521   521 D ExplicitHealthCheckController: Getting health check supported packages
06-24 07:51:25.051   521  2419 I ExplicitHealthCheckController: Explicit health check supported packages [PackageConfig{com.google.android.networkstack, 86400000}]
06-24 07:51:25.051   521  2419 D PackageWatchdog: Received supported packages [PackageConfig{com.google.android.networkstack, 86400000}]
06-24 07:51:25.051   521  2419 D ExplicitHealthCheckController: Getting health check requested packages
06-24 07:51:25.052   521  2419 I ExplicitHealthCheckController: Explicit health check requested packages []
06-24 07:51:25.052   521  2419 I ExplicitHealthCheckController: No more health check requests, unbinding...
06-24 07:51:25.052   521  2419 I ExplicitHealthCheckController: Explicit health check service is unbound
06-24 07:51:25.055   521   521 I AutofillManagerService: Ignoring change on package_deny_list_for_unimportant_view
06-24 07:51:25.055   521   521 W FillRequestEventLogger: Shouldn't be logging AutofillFillRequestReported again for same event
06-24 07:51:25.055   521   521 W FillResponseEventLogger: Shouldn't be logging AutofillFillRequestReported again for same event
06-24 07:51:25.055   521   521 D AutofillSession: clearPendingIntentLocked
06-24 07:51:25.056   521   521 D AutofillInlineSuggestionsRequestSession: onInlineSuggestionsResponseLocked called for:1073741825@2055361415
06-24 07:51:25.056   521   539 D AutofillUI: destroySaveUiUiThread(): already destroyed
06-24 07:51:25.056   521   539 D AutofillUI: destroySaveUiUiThread(): already destroyed
06-24 07:51:25.057   521   521 D AutofillManagerServiceImpl: Set component for user 0 as ComponentInfo{com.google.android.gms/com.google.android.gms.autofill.service.AutofillService} and info as ServiceInfo{da20b65 com.google.android.gms.autofill.service.AutofillService}
06-24 07:51:25.057   521   521 I AutofillManagerService: Ignoring change on trigger_fill_request_on_filtered_important_views
06-24 07:51:25.057   521   521 I AutofillManagerService: Ignoring change on package_and_activity_allowlist_for_triggering_fill_request
06-24 07:51:25.057   521   521 I AutofillManagerService: Ignoring change on multiline_filter_enabled
06-24 07:51:25.057   521   521 I AutofillManagerService: Ignoring change on augmented_autofill_mode
06-24 07:51:25.057   521   521 I AutofillManagerService: Ignoring change on autofill_dialog_hints
06-24 07:51:25.057   521   521 I AutofillManagerService: Ignoring change on include_all_views_in_assist_structure
06-24 07:51:25.057   521   521 I AutofillManagerService: Ignoring change on should_enable_autofill_on_all_view_types
06-24 07:51:25.058   521   521 I AutofillManagerService: Ignoring change on autofill_save_dialog_landscape_body_height_max_percent
06-24 07:51:25.058   521   521 I AutofillManagerService: Ignoring change on non_autofillable_ime_action_ids
06-24 07:51:25.058   521   521 I AutofillManagerService: Ignoring change on autofill_save_dialog_portrait_body_height_max_percent
06-24 07:51:25.058   521   521 I AutofillManagerService: Ignoring change on include_all_autofill_type_not_none_views_in_assist_structure
06-24 07:51:25.058   521   521 I AutofillManagerService: Ignoring change on trigger_fill_request_on_unimportant_view
06-24 07:51:25.058   521   521 I AutofillManagerService: Ignoring change on autofill_dialog_enabled
06-24 07:51:25.058   521   521 W ServiceConnector.Impl: mayInterruptIfRunning not supported - ignoring
06-24 07:51:25.058  1565  1565 V InlineSuggestionRenderService: handleDestroySuggestionViews called for 0:2055361415
06-24 07:51:25.059  1624  2787 I AiAiAutofill: Disconnected AiAiAugmentedAutofillService.
06-24 07:51:25.059  1624  1624 D AugmentedAutofillService: handleOnConnected(): debug=true, verbose=false
06-24 07:51:25.060  1624  2787 I AiAiAutofill: Connected AiAiAugmentedAutofillService.
06-24 07:51:25.061   133   133 I lowmemorykiller: Using psi monitors for memory pressure detection
06-24 07:51:25.061   133   133 I lowmemorykiller: Properties reinitilized
06-24 07:51:25.061  7733  7733 I lowmemorykiller: lmkd updated properties successfully
06-24 07:51:25.061   133   133 I lowmemorykiller: lmkd data connection dropped
06-24 07:51:25.061   133   133 I lowmemorykiller: closing lmkd data connection
06-24 07:51:25.252     0     0 I init    : Service 'exec 24 (/system/bin/lmkd --reinit)' (pid 7733) exited with status 0 oneshot service took 0.061000 seconds in background
06-24 07:51:25.255     0     0 I init    : Sending signal 9 to service 'exec 24 (/system/bin/lmkd --reinit)' (pid 7733) process group...
06-24 07:51:25.257     0     0 I libprocessgroup: Successfully killed process cgroup uid 0 pid 7733 in 0ms
06-24 07:51:25.093   521   617 I RescueParty: Starting to observe: [com.google.android.as, com.google.android.as.oss], updated namespace: device_personalization_services
06-24 07:51:25.093   521   549 I PackageWatchdog: Syncing state, reason: observing new packages
06-24 07:51:25.093   521   549 D PackageWatchdog: rescue-party-observer added the following packages to monitor [com.google.android.as, com.google.android.as.oss]
06-24 07:51:25.093   521   549 I PackageWatchdog: Syncing state, reason: updated observers
06-24 07:51:25.093   521   549 I PackageWatchdog: Not pruning observers, elapsed time: 0ms
06-24 07:51:25.093   521   549 I PackageWatchdog: Saving observer state to file
06-24 07:51:25.094   521   521 I PackageWatchdog: Syncing health check requests for packages: {}
06-24 07:51:25.094   521   521 I ExplicitHealthCheckController: Service not ready to get health check supported packages. Binding...
06-24 07:51:25.095   521   521 I ExplicitHealthCheckController: Explicit health check service is bound
06-24 07:51:25.095   521   521 I PackageWatchdog: Syncing health check requests for packages: {}
06-24 07:51:25.095   521   521 I ExplicitHealthCheckController: Service not ready to get health check supported packages. Binding...
06-24 07:51:25.095   521   521 I ExplicitHealthCheckController: Not binding to service, service already connecting
06-24 07:51:25.095   521   521 I ExplicitHealthCheckController: Explicit health check service is connected ComponentInfo{com.google.android.ext.services/android.ext.services.watchdog.ExplicitHealthCheckServiceImpl}
06-24 07:51:25.095   521   521 I ExplicitHealthCheckController: Service initialized, syncing requests
06-24 07:51:25.095   521   521 I PackageWatchdog: Syncing health check requests for packages: {}
06-24 07:51:25.095   521   521 D ExplicitHealthCheckController: Getting health check supported packages
06-24 07:51:25.096   521  2419 I ExplicitHealthCheckController: Explicit health check supported packages [PackageConfig{com.google.android.networkstack, 86400000}]
06-24 07:51:25.101   521  2419 D PackageWatchdog: Received supported packages [PackageConfig{com.google.android.networkstack, 86400000}]
06-24 07:51:25.101   521  2419 D ExplicitHealthCheckController: Getting health check requested packages
06-24 07:51:25.101   521  2419 I ExplicitHealthCheckController: Explicit health check requested packages []
06-24 07:51:25.101   521  2419 I ExplicitHealthCheckController: No more health check requests, unbinding...
06-24 07:51:25.101   521  2419 I ExplicitHealthCheckController: Explicit health check service is unbound
06-24 07:51:25.104  7369  7437 D Maestro : Requesting view hierarchy
06-24 07:51:25.105  7369  7437 W QueryController: Could not detect idle state.
06-24 07:51:25.105  7369  7437 W QueryController: Could not detect idle state.
06-24 07:51:25.116  7369  7437 I Maestro : Skipping invisible child: android.view.accessibility.AccessibilityNodeInfo@128a8; boundsInParent: Rect(0, 0 - 320, 0); boundsInScreen: Rect(0, 0 - 320, 0); boundsInWindow: Rect(0, 0 - 320, 0); packageName: com.hanapkalinga.mobile; className: android.widget.LinearLayout; text: null; error: null; maxTextLength: -1; stateDescription: null; contentDescription: null; tooltipText: null; containerTitle: null; viewIdResName: null; uniqueId: null; checkable: false; checked: false; focusable: false; focused: false; selected: false; clickable: false; longClickable: false; contextClickable: false; enabled: true; password: false; scrollable: false; importantForAccessibility: false; visible: false; actions: [AccessibilityAction: ACTION_SELECT - null, AccessibilityAction: ACTION_CLEAR_SELECTION - null, AccessibilityAction: ACTION_ACCESSIBILITY_FOCUS - null, AccessibilityAction: ACTION_SHOW_ON_SCREEN - null]; isTextSelectable: false
06-24 07:51:25.116  7369  7437 I Maestro : Skipping invisible child: android.view.accessibility.AccessibilityNodeInfo@124e7; boundsInParent: Rect(0, 0 - 320, 0); boundsInScreen: Rect(0, 0 - 320, 0); boundsInWindow: Rect(0, 0 - 320, 0); packageName: com.hanapkalinga.mobile; className: android.view.ViewGroup; text: null; error: null; maxTextLength: -1; stateDescription: null; contentDescription: null; tooltipText: null; containerTitle: null; viewIdResName: null; uniqueId: null; checkable: false; checked: false; focusable: false; focused: false; selected: false; clickable: false; longClickable: false; contextClickable: false; enabled: true; password: false; scrollable: false; importantForAccessibility: false; visible: false; actions: [AccessibilityAction: ACTION_SELECT - null, AccessibilityAction: ACTION_CLEAR_SELECTION - null, AccessibilityAction: ACTION_ACCESSIBILITY_FOCUS - null, AccessibilityAction: ACTION_SHOW_ON_SCREEN - null]; isTextSelectable: false
06-24 07:51:25.117  7369  7437 I Maestro : Skipping invisible child: android.view.accessibility.AccessibilityNodeInfo@1a489; boundsInParent: Rect(0, 0 - 320, 0); boundsInScreen: Rect(0, 0 - 320, 0); boundsInWindow: Rect(0, 0 - 320, 0); packageName: com.hanapkalinga.mobile; className: android.widget.LinearLayout; text: null; error: null; maxTextLength: -1; stateDescription: null; contentDescription: null; tooltipText: null; containerTitle: null; viewIdResName: null; uniqueId: null; checkable: false; checked: false; focusable: false; focused: false; selected: false; clickable: false; longClickable: false; contextClickable: false; enabled: true; password: false; scrollable: false; importantForAccessibility: false; visible: false; actions: [AccessibilityAction: ACTION_SELECT - null, AccessibilityAction: ACTION_CLEAR_SELECTION - null, AccessibilityAction: ACTION_ACCESSIBILITY_FOCUS - null, AccessibilityAction: ACTION_SHOW_ON_SCREEN - null]; isTextSelectable: false
06-24 07:51:25.117  7369  7437 I Maestro : Skipping invisible child: android.view.accessibility.AccessibilityNodeInfo@1a0c8; boundsInParent: Rect(0, 0 - 320, 0); boundsInScreen: Rect(0, 0 - 320, 0); boundsInWindow: Rect(0, 0 - 320, 0); packageName: com.hanapkalinga.mobile; className: android.view.ViewGroup; text: null; error: null; maxTextLength: -1; stateDescription: null; contentDescription: null; tooltipText: null; containerTitle: null; viewIdResName: null; uniqueId: null; checkable: false; checked: false; focusable: false; focused: false; selected: false; clickable: false; longClickable: false; contextClickable: false; enabled: true; password: false; scrollable: false; importantForAccessibility: false; visible: false; actions: [AccessibilityAction: ACTION_SELECT - null, AccessibilityAction: ACTION_CLEAR_SELECTION - null, AccessibilityAction: ACTION_ACCESSIBILITY_FOCUS - null, AccessibilityAction: ACTION_SHOW_ON_SCREEN - null]; isTextSelectable: false
06-24 07:51:25.118  7369  7437 I Maestro : Skipping invisible child: android.view.accessibility.AccessibilityNodeInfo@182c0; boundsInParent: Rect(0, 0 - 1, 1); boundsInScreen: Rect(20, 348 - 21, 349); boundsInWindow: Rect(20, 348 - 21, 349); packageName: com.hanapkalinga.mobile; className: android.view.ViewGroup; text: null; error: null; maxTextLength: -1; stateDescription: null; contentDescription: null; tooltipText: null; containerTitle: null; viewIdResName: login_captcha_ready; uniqueId: null; checkable: false; checked: false; focusable: false; focused: false; selected: false; clickable: false; longClickable: false; contextClickable: false; enabled: true; password: false; scrollable: false; importantForAccessibility: true; visible: false; actions: [AccessibilityAction: ACTION_SELECT - null, AccessibilityAction: ACTION_CLEAR_SELECTION - null, AccessibilityAction: ACTION_ACCESSIBILITY_FOCUS - null, AccessibilityAction: ACTION_SHOW_ON_SCREEN - null]; isTextSelectable: false
06-24 07:51:25.138  7369  7437 D Maestro : View hierarchy received in 34 ms
06-24 07:51:25.142   521   617 I RescueParty: Starting to observe: [android, com.android.systemui], updated namespace: app_compat
06-24 07:51:25.142   521   549 I PackageWatchdog: Syncing state, reason: observing new packages
06-24 07:51:25.143   521   549 D PackageWatchdog: rescue-party-observer added the following packages to monitor [android, com.android.systemui]
06-24 07:51:25.143   521   549 I PackageWatchdog: Syncing state, reason: updated observers
06-24 07:51:25.143   521   549 I PackageWatchdog: Not pruning observers, elapsed time: 0ms
06-24 07:51:25.143   521   521 I PackageWatchdog: Syncing health check requests for packages: {}
06-24 07:51:25.143   521   521 I ExplicitHealthCheckController: Service not ready to get health check supported packages. Binding...
06-24 07:51:25.144   521   521 I ExplicitHealthCheckController: Explicit health check service is bound
06-24 07:51:25.144   521   549 I PackageWatchdog: Saving observer state to file
06-24 07:51:25.146   521   521 I ExplicitHealthCheckController: Explicit health check service is connected ComponentInfo{com.google.android.ext.services/android.ext.services.watchdog.ExplicitHealthCheckServiceImpl}
06-24 07:51:25.146   521   521 I ExplicitHealthCheckController: Service initialized, syncing requests
06-24 07:51:25.149   521   521 I PackageWatchdog: Syncing health check requests for packages: {}
06-24 07:51:25.149   521   521 D ExplicitHealthCheckController: Getting health check supported packages
06-24 07:51:25.149   521  2239 I ExplicitHealthCheckController: Explicit health check supported packages [PackageConfig{com.google.android.networkstack, 86400000}]
06-24 07:51:25.149   521  2239 D PackageWatchdog: Received supported packages [PackageConfig{com.google.android.networkstack, 86400000}]
06-24 07:51:25.149   521  2239 D ExplicitHealthCheckController: Getting health check requested packages
06-24 07:51:25.149   521  2239 I ExplicitHealthCheckController: Explicit health check requested packages []
06-24 07:51:25.149   521  2239 I ExplicitHealthCheckController: No more health check requests, unbinding...
06-24 07:51:25.150   521  2239 I ExplicitHealthCheckController: Explicit health check service is unbound
06-24 07:51:25.168  1624  1635 I ogle.android.as: JIT allocated 56KB for compiled code of fjb fjd.d()
06-24 07:51:25.169  1624  1635 I ogle.android.as: JIT allocated 52KB for stack maps of fjb fjd.d()
06-24 07:51:25.169  1624  1635 I ogle.android.as: Compiler allocated 16MB to compile fjb fjd.d()
06-24 07:51:25.197   521   617 I RescueParty: Starting to observe: [android], updated namespace: credential_manager
06-24 07:51:25.197   521   549 I PackageWatchdog: Syncing state, reason: observing new packages
06-24 07:51:25.197   521   549 D PackageWatchdog: rescue-party-observer added the following packages to monitor [android]
06-24 07:51:25.197   521   549 I PackageWatchdog: Syncing state, reason: updated observers
06-24 07:51:25.197   521   549 I PackageWatchdog: Not pruning observers, elapsed time: 0ms
06-24 07:51:25.197   521   549 I PackageWatchdog: Saving observer state to file
06-24 07:51:25.197   521   521 I PackageWatchdog: Syncing health check requests for packages: {}
06-24 07:51:25.197   521   521 I ExplicitHealthCheckController: Service not ready to get health check supported packages. Binding...
06-24 07:51:25.199   521   521 I ExplicitHealthCheckController: Explicit health check service is bound
06-24 07:51:25.200   521   521 I ExplicitHealthCheckController: Explicit health check service is connected ComponentInfo{com.google.android.ext.services/android.ext.services.watchdog.ExplicitHealthCheckServiceImpl}
06-24 07:51:25.200   521   521 I ExplicitHealthCheckController: Service initialized, syncing requests
06-24 07:51:25.200   521   521 I PackageWatchdog: Syncing health check requests for packages: {}
06-24 07:51:25.200   521   521 D ExplicitHealthCheckController: Getting health check supported packages
06-24 07:51:25.200   521  1000 I ExplicitHealthCheckController: Explicit health check supported packages [PackageConfig{com.google.android.networkstack, 86400000}]
06-24 07:51:25.200   521  1000 D PackageWatchdog: Received supported packages [PackageConfig{com.google.android.networkstack, 86400000}]
06-24 07:51:25.200   521  1000 D ExplicitHealthCheckController: Getting health check requested packages
06-24 07:51:25.200   521  1000 I ExplicitHealthCheckController: Explicit health check requested packages []
06-24 07:51:25.200   521  1000 I ExplicitHealthCheckController: No more health check requests, unbinding...
06-24 07:51:25.201   521  1000 I ExplicitHealthCheckController: Explicit health check service is unbound
06-24 07:51:25.208   521   617 I RescueParty: Starting to observe: [android], updated namespace: remote_key_provisioning_native
06-24 07:51:25.208   521   549 I PackageWatchdog: Syncing state, reason: observing new packages
06-24 07:51:25.208   521   549 D PackageWatchdog: rescue-party-observer added the following packages to monitor [android]
06-24 07:51:25.208   521   549 I PackageWatchdog: Syncing state, reason: updated observers
06-24 07:51:25.208   521   549 I PackageWatchdog: Not pruning observers, elapsed time: 0ms
06-24 07:51:25.208   521   549 I PackageWatchdog: Saving observer state to file
06-24 07:51:25.210   521   521 I PackageWatchdog: Syncing health check requests for packages: {}
06-24 07:51:25.210   521   521 I ExplicitHealthCheckController: Service not ready to get health check supported packages. Binding...
06-24 07:51:25.212   521   521 I ExplicitHealthCheckController: Explicit health check service is bound
06-24 07:51:25.212   521   521 I ExplicitHealthCheckController: Explicit health check service is connected ComponentInfo{com.google.android.ext.services/android.ext.services.watchdog.ExplicitHealthCheckServiceImpl}
06-24 07:51:25.212   521   521 I ExplicitHealthCheckController: Service initialized, syncing requests
06-24 07:51:25.212   521   521 I PackageWatchdog: Syncing health check requests for packages: {}
06-24 07:51:25.212   521   521 D ExplicitHealthCheckController: Getting health check supported packages
06-24 07:51:25.212   521  2239 I ExplicitHealthCheckController: Explicit health check supported packages [PackageConfig{com.google.android.networkstack, 86400000}]
06-24 07:51:25.212   521  2239 D PackageWatchdog: Received supported packages [PackageConfig{com.google.android.networkstack, 86400000}]
06-24 07:51:25.212   521  2239 D ExplicitHealthCheckController: Getting health check requested packages
06-24 07:51:25.213   521  2239 I ExplicitHealthCheckController: Explicit health check requested packages []
06-24 07:51:25.213   521  2239 I ExplicitHealthCheckController: No more health check requests, unbinding...
06-24 07:51:25.213   521  2239 I ExplicitHealthCheckController: Explicit health check service is unbound
06-24 07:51:25.216   521   617 I RescueParty: Starting to observe: [android, com.android.phone], updated namespace: telephony
06-24 07:51:25.216   521   549 I PackageWatchdog: Syncing state, reason: observing new packages
06-24 07:51:25.216   521   549 D PackageWatchdog: rescue-party-observer added the following packages to monitor [android, com.android.phone]
06-24 07:51:25.216   521   549 I PackageWatchdog: Syncing state, reason: updated observers
06-24 07:51:25.216   521   549 I PackageWatchdog: Not pruning observers, elapsed time: 0ms
06-24 07:51:25.216   521   549 I PackageWatchdog: Saving observer state to file
06-24 07:51:25.218   521   521 I PackageWatchdog: Syncing health check requests for packages: {}
06-24 07:51:25.218   521   521 I ExplicitHealthCheckController: Service not ready to get health check supported packages. Binding...
06-24 07:51:25.219   521   521 I ExplicitHealthCheckController: Explicit health check service is bound
06-24 07:51:25.220   521   521 I ExplicitHealthCheckController: Explicit health check service is connected ComponentInfo{com.google.android.ext.services/android.ext.services.watchdog.ExplicitHealthCheckServiceImpl}
06-24 07:51:25.220   521   521 I ExplicitHealthCheckController: Service initialized, syncing requests
06-24 07:51:25.220   521   521 I PackageWatchdog: Syncing health check requests for packages: {}
06-24 07:51:25.220   521   521 D ExplicitHealthCheckController: Getting health check supported packages
06-24 07:51:25.220   521  2239 I ExplicitHealthCheckController: Explicit health check supported packages [PackageConfig{com.google.android.networkstack, 86400000}]
06-24 07:51:25.220   521  2239 D PackageWatchdog: Received supported packages [PackageConfig{com.google.android.networkstack, 86400000}]
06-24 07:51:25.220   521  2239 D ExplicitHealthCheckController: Getting health check requested packages
06-24 07:51:25.221   521  2239 I ExplicitHealthCheckController: Explicit health check requested packages []
06-24 07:51:25.221   521  2239 I ExplicitHealthCheckController: No more health check requests, unbinding...
06-24 07:51:25.221   521  2239 I ExplicitHealthCheckController: Explicit health check service is unbound
06-24 07:51:25.232   521   617 I RescueParty: Starting to observe: [android], updated namespace: media_better_together
06-24 07:51:25.236   521   617 I RescueParty: Starting to observe: [android], updated namespace: health_fitness
06-24 07:51:25.240   521   617 I RescueParty: Starting to observe: [android], updated namespace: app_standby
06-24 07:51:25.240   521   549 I PackageWatchdog: Syncing state, reason: observing new packages
06-24 07:51:25.243  7369  7437 D Maestro : Requesting view hierarchy
06-24 07:51:25.243   521   549 D PackageWatchdog: rescue-party-observer added the following packages to monitor [android]
06-24 07:51:25.243   521   549 I PackageWatchdog: Syncing state, reason: updated observers
06-24 07:51:25.243   521   549 I PackageWatchdog: Not pruning observers, elapsed time: 0ms
06-24 07:51:25.243   521   549 I PackageWatchdog: Syncing state, reason: observing new packages
06-24 07:51:25.243   521   549 I PackageWatchdog: Not pruning observers, elapsed time: 0ms
06-24 07:51:25.243   521   549 D PackageWatchdog: rescue-party-observer added the following packages to monitor [android]
06-24 07:51:25.243   521   549 I PackageWatchdog: Syncing state, reason: updated observers
06-24 07:51:25.243   521   549 I PackageWatchdog: Not pruning observers, elapsed time: 0ms
06-24 07:51:25.243   521   549 I PackageWatchdog: Syncing state, reason: observing new packages
06-24 07:51:25.243   521   549 I PackageWatchdog: Not pruning observers, elapsed time: 0ms
06-24 07:51:25.243   521   549 D PackageWatchdog: rescue-party-observer added the following packages to monitor [android]
06-24 07:51:25.243   521   549 I PackageWatchdog: Syncing state, reason: updated observers
06-24 07:51:25.243   521   549 I PackageWatchdog: Not pruning observers, elapsed time: 0ms
06-24 07:51:25.243   521   549 I PackageWatchdog: Saving observer state to file
06-24 07:51:25.243   521   521 I PackageWatchdog: Syncing health check requests for packages: {}
06-24 07:51:25.243   521   521 I ExplicitHealthCheckController: Service not ready to get health check supported packages. Binding...
06-24 07:51:25.245   521   521 I ExplicitHealthCheckController: Explicit health check service is bound
06-24 07:51:25.246   521   521 I PackageWatchdog: Syncing health check requests for packages: {}
06-24 07:51:25.246   521   521 I ExplicitHealthCheckController: Service not ready to get health check supported packages. Binding...
06-24 07:51:25.246   521   521 I ExplicitHealthCheckController: Not binding to service, service already connecting
06-24 07:51:25.246   521   521 I ExplicitHealthCheckController: Explicit health check service is connected ComponentInfo{com.google.android.ext.services/android.ext.services.watchdog.ExplicitHealthCheckServiceImpl}
06-24 07:51:25.246   521   521 I ExplicitHealthCheckController: Service initialized, syncing requests
06-24 07:51:25.246   521   521 I PackageWatchdog: Syncing health check requests for packages: {}
06-24 07:51:25.246   521   521 D ExplicitHealthCheckController: Getting health check supported packages
06-24 07:51:25.246  7369  7437 W QueryController: Could not detect idle state.
06-24 07:51:25.246   521  2239 I ExplicitHealthCheckController: Explicit health check supported packages [PackageConfig{com.google.android.networkstack, 86400000}]
06-24 07:51:25.247   521  2239 D PackageWatchdog: Received supported packages [PackageConfig{com.google.android.networkstack, 86400000}]
06-24 07:51:25.247   521  2239 D ExplicitHealthCheckController: Getting health check requested packages
06-24 07:51:25.247   521   604 D CompatibilityChangeReporter: Compat change id reported: 218533173; UID 10085; state: ENABLED
06-24 07:51:25.247   521  1000 I ExplicitHealthCheckController: Explicit health check requested packages []
06-24 07:51:25.247   521  1000 I ExplicitHealthCheckController: No more health check requests, unbinding...
06-24 07:51:25.247   521  1000 I ExplicitHealthCheckController: Explicit health check service is unbound
06-24 07:51:25.247   521   604 D CompatibilityChangeReporter: Compat change id reported: 262645982; UID 10085; state: ENABLED
06-24 07:51:25.248  7369  7437 W QueryController: Could not detect idle state.
06-24 07:51:25.250   521   604 D CompatibilityChangeReporter: Compat change id reported: 218533173; UID 10197; state: ENABLED
06-24 07:51:25.250   521   604 D CompatibilityChangeReporter: Compat change id reported: 262645982; UID 10197; state: ENABLED
06-24 07:51:25.250   521   604 D CompatibilityChangeReporter: Compat change id reported: 218533173; UID 10192; state: ENABLED
06-24 07:51:25.251   521   604 D CompatibilityChangeReporter: Compat change id reported: 262645982; UID 10192; state: ENABLED
06-24 07:51:25.251   521   604 D CompatibilityChangeReporter: Compat change id reported: 218533173; UID 10133; state: ENABLED
06-24 07:51:25.252   521   604 D CompatibilityChangeReporter: Compat change id reported: 262645982; UID 10133; state: ENABLED
06-24 07:51:25.252   521   604 D CompatibilityChangeReporter: Compat change id reported: 218533173; UID 10131; state: ENABLED
06-24 07:51:25.252   521   604 D CompatibilityChangeReporter: Compat change id reported: 262645982; UID 10131; state: ENABLED
06-24 07:51:25.261   521   617 I RescueParty: Starting to observe: [com.google.android.apps.nexuslauncher], updated namespace: launcher
06-24 07:51:25.263  1106  1106 I ActivityThread: Schedule relaunch activity: com.google.android.apps.nexuslauncher.NexusLauncherActivity
06-24 07:51:25.265  1106  1106 D b/254119092: clearActivity
06-24 07:51:25.265  1106  1106 D b/254119092: mActivity and mContext agree taskbarIsPresent=false
06-24 07:51:25.266  1106  1106 W WindowOnBackDispatcher: sendCancelIfRunning: isInProgress=falsecallback=android.view.ViewRootImpl$$ExternalSyntheticLambda17@3b252dd
06-24 07:51:25.266   521  1000 D CoreBackPreview: Window{f588535 u0 com.google.android.apps.nexuslauncher/com.google.android.apps.nexuslauncher.NexusLauncherActivity}: Setting back callback null
06-24 07:51:25.267   521   549 I PackageWatchdog: Syncing state, reason: observing new packages
06-24 07:51:25.268   521   549 D PackageWatchdog: rescue-party-observer added the following packages to monitor [com.google.android.apps.nexuslauncher]
06-24 07:51:25.268   521   549 I PackageWatchdog: Syncing state, reason: updated observers
06-24 07:51:25.268   521   549 I PackageWatchdog: Not pruning observers, elapsed time: 0ms
06-24 07:51:25.268   521   549 I PackageWatchdog: Saving observer state to file
06-24 07:51:25.269  7369  7437 I Maestro : Skipping invisible child: android.view.accessibility.AccessibilityNodeInfo@128a8; boundsInParent: Rect(0, 0 - 320, 0); boundsInScreen: Rect(0, 0 - 320, 0); boundsInWindow: Rect(0, 0 - 320, 0); packageName: com.hanapkalinga.mobile; className: android.widget.LinearLayout; text: null; error: null; maxTextLength: -1; stateDescription: null; contentDescription: null; tooltipText: null; containerTitle: null; viewIdResName: null; uniqueId: null; checkable: false; checked: false; focusable: false; focused: false; selected: false; clickable: false; longClickable: false; contextClickable: false; enabled: true; password: false; scrollable: false; importantForAccessibility: false; visible: false; actions: [AccessibilityAction: ACTION_SELECT - null, AccessibilityAction: ACTION_CLEAR_SELECTION - null, AccessibilityAction: ACTION_ACCESSIBILITY_FOCUS - null, AccessibilityAction: ACTION_SHOW_ON_SCREEN - null]; isTextSelectable: false
06-24 07:51:25.269   521  2239 D SearchUiPerUserService: Removing callback for session Id=com.google.android.apps.nexuslauncher:e08d4f6e-3b33-4c03-b210-3a1a5a27e007,0 and callback=android.os.BinderProxy@62b16c3
06-24 07:51:25.270  7369  7437 I Maestro : Skipping invisible child: android.view.accessibility.AccessibilityNodeInfo@124e7; boundsInParent: Rect(0, 0 - 320, 0); boundsInScreen: Rect(0, 0 - 320, 0); boundsInWindow: Rect(0, 0 - 320, 0); packageName: com.hanapkalinga.mobile; className: android.view.ViewGroup; text: null; error: null; maxTextLength: -1; stateDescription: null; contentDescription: null; tooltipText: null; containerTitle: null; viewIdResName: null; uniqueId: null; checkable: false; checked: false; focusable: false; focused: false; selected: false; clickable: false; longClickable: false; contextClickable: false; enabled: true; password: false; scrollable: false; importantForAccessibility: false; visible: false; actions: [AccessibilityAction: ACTION_SELECT - null, AccessibilityAction: ACTION_CLEAR_SELECTION - null, AccessibilityAction: ACTION_ACCESSIBILITY_FOCUS - null, AccessibilityAction: ACTION_SHOW_ON_SCREEN - null]; isTextSelectable: false
06-24 07:51:25.270   521  2239 D SearchUiPerUserService: Removing all callbacks for session Id=com.google.android.apps.nexuslauncher:e08d4f6e-3b33-4c03-b210-3a1a5a27e007,0 and 0 callbacks.
06-24 07:51:25.271  7369  7437 I Maestro : Skipping invisible child: android.view.accessibility.AccessibilityNodeInfo@1a489; boundsInParent: Rect(0, 0 - 320, 0); boundsInScreen: Rect(0, 0 - 320, 0); boundsInWindow: Rect(0, 0 - 320, 0); packageName: com.hanapkalinga.mobile; className: android.widget.LinearLayout; text: null; error: null; maxTextLength: -1; stateDescription: null; contentDescription: null; tooltipText: null; containerTitle: null; viewIdResName: null; uniqueId: null; checkable: false; checked: false; focusable: false; focused: false; selected: false; clickable: false; longClickable: false; contextClickable: false; enabled: true; password: false; scrollable: false; importantForAccessibility: false; visible: false; actions: [AccessibilityAction: ACTION_SELECT - null, AccessibilityAction: ACTION_CLEAR_SELECTION - null, AccessibilityAction: ACTION_ACCESSIBILITY_FOCUS - null, AccessibilityAction: ACTION_SHOW_ON_SCREEN - null]; isTextSelectable: false
06-24 07:51:25.271  7369  7437 I Maestro : Skipping invisible child: android.view.accessibility.AccessibilityNodeInfo@1a0c8; boundsInParent: Rect(0, 0 - 320, 0); boundsInScreen: Rect(0, 0 - 320, 0); boundsInWindow: Rect(0, 0 - 320, 0); packageName: com.hanapkalinga.mobile; className: android.view.ViewGroup; text: null; error: null; maxTextLength: -1; stateDescription: null; contentDescription: null; tooltipText: null; containerTitle: null; viewIdResName: null; uniqueId: null; checkable: false; checked: false; focusable: false; focused: false; selected: false; clickable: false; longClickable: false; contextClickable: false; enabled: true; password: false; scrollable: false; importantForAccessibility: false; visible: false; actions: [AccessibilityAction: ACTION_SELECT - null, AccessibilityAction: ACTION_CLEAR_SELECTION - null, AccessibilityAction: ACTION_ACCESSIBILITY_FOCUS - null, AccessibilityAction: ACTION_SHOW_ON_SCREEN - null]; isTextSelectable: false
06-24 07:51:25.272   521  2239 W InputManager-JNI: Input channel object 'f588535 com.google.android.apps.nexuslauncher/com.google.android.apps.nexuslauncher.NexusLauncherActivity (client)' was disposed without first being removed with the input manager!
06-24 07:51:25.274  7369  7437 I Maestro : Skipping invisible child: android.view.accessibility.AccessibilityNodeInfo@182c0; boundsInParent: Rect(0, 0 - 1, 1); boundsInScreen: Rect(20, 348 - 21, 349); boundsInWindow: Rect(20, 348 - 21, 349); packageName: com.hanapkalinga.mobile; className: android.view.ViewGroup; text: null; error: null; maxTextLength: -1; stateDescription: null; contentDescription: null; tooltipText: null; containerTitle: null; viewIdResName: login_captcha_ready; uniqueId: null; checkable: false; checked: false; focusable: false; focused: false; selected: false; clickable: false; longClickable: false; contextClickable: false; enabled: true; password: false; scrollable: false; importantForAccessibility: true; visible: false; actions: [AccessibilityAction: ACTION_SELECT - null, AccessibilityAction: ACTION_CLEAR_SELECTION - null, AccessibilityAction: ACTION_ACCESSIBILITY_FOCUS - null, AccessibilityAction: ACTION_SHOW_ON_SCREEN - null]; isTextSelectable: false
06-24 07:51:25.275  1106  1106 W WindowOnBackDispatcher: OnBackInvokedCallback is not enabled for the application.
06-24 07:51:25.275  1106  1106 W WindowOnBackDispatcher: Set 'android:enableOnBackInvokedCallback="true"' in the application manifest.
06-24 07:51:25.289   521   617 I RescueParty: Starting to observe: [android], updated namespace: configuration
06-24 07:51:25.290   521   521 I PackageWatchdog: Syncing health check requests for packages: {}
06-24 07:51:25.290   521   521 I ExplicitHealthCheckController: Service not ready to get health check supported packages. Binding...
06-24 07:51:25.290   521   549 I PackageWatchdog: Syncing state, reason: observing new packages
06-24 07:51:25.290   521   549 D PackageWatchdog: rescue-party-observer added the following packages to monitor [android]
06-24 07:51:25.290   521   549 I PackageWatchdog: Syncing state, reason: updated observers
06-24 07:51:25.290   521   549 I PackageWatchdog: Not pruning observers, elapsed time: 0ms
06-24 07:51:25.291   521   549 I PackageWatchdog: Saving observer state to file
06-24 07:51:25.292   521   617 I RescueParty: Starting to observe: [android], updated namespace: companion
06-24 07:51:25.292   521   521 I ExplicitHealthCheckController: Explicit health check service is bound
06-24 07:51:25.295  1106  1148 I AiAiSuggestUi: Connecting to system intelligence module.
06-24 07:51:25.297   521   549 I PackageWatchdog: Syncing state, reason: observing new packages
06-24 07:51:25.297   521   549 D PackageWatchdog: rescue-party-observer added the following packages to monitor [android]
06-24 07:51:25.297   521   549 I PackageWatchdog: Syncing state, reason: updated observers
06-24 07:51:25.297   521   549 I PackageWatchdog: Saving observer state to file
06-24 07:51:25.308   521   617 I RescueParty: Starting to observe: [android], updated namespace: package_manager_service
06-24 07:51:25.313   521   521 I PackageWatchdog: Syncing health check requests for packages: {}
06-24 07:51:25.313   521   521 I ExplicitHealthCheckController: Service not ready to get health check supported packages. Binding...
06-24 07:51:25.313   521   521 I ExplicitHealthCheckController: Not binding to service, service already connecting
06-24 07:51:25.313   521   521 I ExplicitHealthCheckController: Explicit health check service is connected ComponentInfo{com.google.android.ext.services/android.ext.services.watchdog.ExplicitHealthCheckServiceImpl}
06-24 07:51:25.314   521   521 I ExplicitHealthCheckController: Service initialized, syncing requests
06-24 07:51:25.314   521   521 I PackageWatchdog: Syncing health check requests for packages: {}
06-24 07:51:25.314   521   521 D ExplicitHealthCheckController: Getting health check supported packages
06-24 07:51:25.315   521   549 I PackageWatchdog: Syncing state, reason: observing new packages
06-24 07:51:25.315   521   521 I PackageWatchdog: Syncing health check requests for packages: {}
06-24 07:51:25.315   521   521 D ExplicitHealthCheckController: Getting health check supported packages
06-24 07:51:25.315   521   549 D PackageWatchdog: rescue-party-observer added the following packages to monitor [android]
06-24 07:51:25.315   521   549 I PackageWatchdog: Syncing state, reason: updated observers
06-24 07:51:25.315   521   549 I PackageWatchdog: Not pruning observers, elapsed time: 0ms
06-24 07:51:25.315   521   521 I PackageWatchdog: Syncing health check requests for packages: {}
06-24 07:51:25.315   521   521 D ExplicitHealthCheckController: Getting health check supported packages
06-24 07:51:25.315   521   549 I PackageWatchdog: Saving observer state to file
06-24 07:51:25.316   521  2419 I ExplicitHealthCheckController: Explicit health check supported packages [PackageConfig{com.google.android.networkstack, 86400000}]
06-24 07:51:25.316   521  2239 I ExplicitHealthCheckController: Explicit health check supported packages [PackageConfig{com.google.android.networkstack, 86400000}]
06-24 07:51:25.317  1106  3085 I AiAiSuggestUi: Successfully connected to system intelligence: 
06-24 07:51:25.317   521  1000 I ExplicitHealthCheckController: Explicit health check supported packages [PackageConfig{com.google.android.networkstack, 86400000}]
06-24 07:51:25.318  7369  7437 D Maestro : View hierarchy received in 75 ms
06-24 07:51:25.318   521  7238 E SettingsToPropertiesMapper: key=persist.device_config.configuration.AdbWritableFlags__adb_writable_flags_list value=adservices/disable_sdk_sandbox,adservices/enforce_broadcast_receiver_restrictions,adservices/fledge_ad_selection_enforce_foreground_status_custom_audience,adservices/fledge_custom_audience_max_count,adservices/fledge_custom_audience_max_num_ads,adservices/fledge_custom_audience_max_owner_count,adservices/fledge_custom_audience_per_app_max_count,adservices/fledge_js_isolate_enforce_max_heap_size,adservices/fledge_js_isolate_max_heap_size_bytes,adservices/sdk_request_permits_per_second,adservices/sdksandbox_customized_sdk_context_enabled,configuration/namespace_to_package_mapping,constrain_display_apis/always_constrain_display_apis,constrain_display_apis/never_constrain_display_apis,constrain_display_apis/never_constrain_display_apis_all_packages,device_policy_manager/disable_resources_updatability,flipendo/default_savings_mode_launch,flipendo/essential_apps,flipendo/flipendo_enabled_launch,flipendo/grayscale_enabled_launch,flipendo/lever_ble_scanning_enabled_launch,flipendo/lever_hotspot_enabled_launch,flipendo/lever_work_profile_enabled_launch,flipendo/resuspend_delay_minutes,namespace/key,namespace1/key1,namespace1/key2,namespace2/key1,namespace2/key2,package_manager_service/incfs_default_timeouts,package_manager_service/known_digesters_list,privacy/location_access_check_periodic_interval_millis,rollback/enable_rollback_timeout,rollback/watchdog_explicit_health_check_enabled,rollback/watchdog_request_timeout_millis,rollback/watchdog_trigger_failure_count,rollback/watchdog_trigger_failure_duration_millis,rollback_boot/rollback_lifetime_in_millis,systemui/nas_generate_actions,systemui/nas_generate_replies,systemui/nas_max_messages_to_extract,systemui/nas_max_suggestions,testspace/another,testspace/flagname,textclassifier/config_updater_model_enabled,textclassifier/key,textclassifier/key2,textclassifier/manifest_url_annotator_en,textclassifier/manifest_url_annotator_ru,textclassifier/model_download_backoff_delay_in_millis,textclassifier/model_download_manager_enabled,textclassifier/multi_language_support_enabled,textclassifier/testing_locale_list_override,textclassifier/textclassifier_service_package_override,window_manager/enable_default_rescind_bal_privileges_from_pending_intent_sender,wrong/nas_generate_replies, exceeds system property max length.
06-24 07:51:25.319   521  2419 D PackageWatchdog: Received supported packages [PackageConfig{com.google.android.networkstack, 86400000}]
06-24 07:51:25.319   521  2419 D ExplicitHealthCheckController: Getting health check requested packages
06-24 07:51:25.319   521  2239 D PackageWatchdog: Received supported packages [PackageConfig{com.google.android.networkstack, 86400000}]
06-24 07:51:25.319   521  2239 D ExplicitHealthCheckController: Getting health check requested packages
06-24 07:51:25.320   521  2239 I ExplicitHealthCheckController: Explicit health check requested packages []
06-24 07:51:25.320   521  2419 I ExplicitHealthCheckController: Explicit health check requested packages []
06-24 07:51:25.320   521  2239 I ExplicitHealthCheckController: No more health check requests, unbinding...
06-24 07:51:25.321   521  2239 I ExplicitHealthCheckController: Explicit health check service is unbound
06-24 07:51:25.322   521  2419 I ExplicitHealthCheckController: No more health check requests, unbinding...
06-24 07:51:25.322   521  2419 I ExplicitHealthCheckController: Explicit health check service is unbound
06-24 07:51:25.322   521  1000 D PackageWatchdog: Received supported packages [PackageConfig{com.google.android.networkstack, 86400000}]
06-24 07:51:25.322   521  1000 I ExplicitHealthCheckController: Service not ready to get health check requested packages. Binding...
