--------- beginning of system
06-24 07:51:24.663   521  2419 I ExplicitHealthCheckController: Explicit health check supported packages [PackageConfig{com.google.android.networkstack, 86400000}]
06-24 07:51:24.663   521  2419 D PackageWatchdog: Received supported packages [PackageConfig{com.google.android.networkstack, 86400000}]
06-24 07:51:24.664   521  2419 D ExplicitHealthCheckController: Getting health check requested packages
06-24 07:51:24.664   521  2419 I ExplicitHealthCheckController: Explicit health check requested packages []
06-24 07:51:24.664   521  2419 I ExplicitHealthCheckController: No more health check requests, unbinding...
06-24 07:51:24.664   521  2419 I ExplicitHealthCheckController: Explicit health check service is unbound
06-24 07:51:24.666   521   549 I PackageWatchdog: Syncing state, reason: observing new packages
06-24 07:51:24.667   521   549 D PackageWatchdog: rescue-party-observer added the following packages to monitor [android]
06-24 07:51:24.668   521   549 I PackageWatchdog: Syncing state, reason: updated observers
06-24 07:51:24.668   521   521 I PackageWatchdog: Syncing health check requests for packages: {}
06-24 07:51:24.668   521   521 I ExplicitHealthCheckController: Service not ready to get health check supported packages. Binding...
06-24 07:51:24.669   521   521 I ExplicitHealthCheckController: Explicit health check service is bound
06-24 07:51:24.669   521   521 I PackageWatchdog: Syncing health check requests for packages: {}
06-24 07:51:24.669   521   521 I ExplicitHealthCheckController: Service not ready to get health check supported packages. Binding...
06-24 07:51:24.669   521   521 I ExplicitHealthCheckController: Not binding to service, service already connecting
06-24 07:51:24.669   521   549 I PackageWatchdog: Saving observer state to file
06-24 07:51:24.670   521   521 I ExplicitHealthCheckController: Explicit health check service is connected ComponentInfo{com.google.android.ext.services/android.ext.services.watchdog.ExplicitHealthCheckServiceImpl}
06-24 07:51:24.670   521   521 I ExplicitHealthCheckController: Service initialized, syncing requests
06-24 07:51:24.671   521   617 I RescueParty: Starting to observe: [android], updated namespace: activity_manager_native_boot
06-24 07:51:24.675   521   549 I PackageWatchdog: Syncing state, reason: observing new packages
06-24 07:51:24.675   521   549 D PackageWatchdog: rescue-party-observer added the following packages to monitor [android]
06-24 07:51:24.676   521   549 I PackageWatchdog: Syncing state, reason: updated observers
06-24 07:51:24.676   521   549 I PackageWatchdog: Not pruning observers, elapsed time: 0ms
06-24 07:51:24.676   521   549 I PackageWatchdog: Saving observer state to file
06-24 07:51:24.678   521   521 I PackageWatchdog: Syncing health check requests for packages: {}
06-24 07:51:24.678   521   521 D ExplicitHealthCheckController: Getting health check supported packages
06-24 07:51:24.678   521  2419 I ExplicitHealthCheckController: Explicit health check supported packages [PackageConfig{com.google.android.networkstack, 86400000}]
06-24 07:51:24.678   521  2419 D PackageWatchdog: Received supported packages [PackageConfig{com.google.android.networkstack, 86400000}]
06-24 07:51:24.678   521  2419 D ExplicitHealthCheckController: Getting health check requested packages
06-24 07:51:24.678   521  2419 I ExplicitHealthCheckController: Explicit health check requested packages []
06-24 07:51:24.678   521  2419 I ExplicitHealthCheckController: No more health check requests, unbinding...
06-24 07:51:24.679   521  2419 I ExplicitHealthCheckController: Explicit health check service is unbound
06-24 07:51:24.680   521   617 I RescueParty: Starting to observe: [android], updated namespace: runtime_native_boot
06-24 07:51:24.680   521   549 I PackageWatchdog: Syncing state, reason: observing new packages
06-24 07:51:24.680   521   549 D PackageWatchdog: rescue-party-observer added the following packages to monitor [android]
06-24 07:51:24.680   521   549 I PackageWatchdog: Syncing state, reason: updated observers
06-24 07:51:24.680   521   549 I PackageWatchdog: Not pruning observers, elapsed time: 0ms
06-24 07:51:24.680   521   549 I PackageWatchdog: Saving observer state to file
06-24 07:51:24.682   521   521 I PackageWatchdog: Syncing health check requests for packages: {}
06-24 07:51:24.682   521   521 I ExplicitHealthCheckController: Service not ready to get health check supported packages. Binding...
06-24 07:51:24.683   521   521 I ExplicitHealthCheckController: Explicit health check service is bound
06-24 07:51:24.684   521   521 I ExplicitHealthCheckController: Explicit health check service is connected ComponentInfo{com.google.android.ext.services/android.ext.services.watchdog.ExplicitHealthCheckServiceImpl}
06-24 07:51:24.684   521   521 I ExplicitHealthCheckController: Service initialized, syncing requests
06-24 07:51:24.684   521   521 I PackageWatchdog: Syncing health check requests for packages: {}
06-24 07:51:24.684   521   521 D ExplicitHealthCheckController: Getting health check supported packages
06-24 07:51:24.684   521  2419 I ExplicitHealthCheckController: Explicit health check supported packages [PackageConfig{com.google.android.networkstack, 86400000}]
06-24 07:51:24.684   521  2419 D PackageWatchdog: Received supported packages [PackageConfig{com.google.android.networkstack, 86400000}]
06-24 07:51:24.684   521  2419 D ExplicitHealthCheckController: Getting health check requested packages
06-24 07:51:24.684   521  2419 I ExplicitHealthCheckController: Explicit health check requested packages []
06-24 07:51:24.684   521  2419 I ExplicitHealthCheckController: No more health check requests, unbinding...
06-24 07:51:24.685   521  2419 I ExplicitHealthCheckController: Explicit health check service is unbound
--------- beginning of main
06-24 07:51:24.686  5874  7721 I bwir    : updateFromConfigurations using legacy put method [CONTEXT service_id=204 ]
06-24 07:51:24.692  5874  7721 I NamespaceManager: Package com.android.refreshratecontrol name not found! Using module version.
06-24 07:51:24.692  5874  7721 I NamespaceManager: Package com.google.oslo name not found! Using module version.
06-24 07:51:24.693  5874  7721 I NamespaceManager: Package com.android.media name not found! Using module version.
06-24 07:51:24.693  5874  7721 I NamespaceManager: Package com.android.media.swcodec name not found! Using module version.
06-24 07:51:24.693  5874  7721 I NamespaceManager: Package com.android.neuralnetworks name not found! Using module version.
06-24 07:51:24.693  5874  7721 I NamespaceManager: Package com.android.media name not found! Using module version.
06-24 07:51:24.693  5874  7721 I NamespaceManager: Package 1 name not found! Using module version.
06-24 07:51:24.694  5874  7721 I NamespaceManager: Package rkpd name not found! Using module version.
06-24 07:51:24.694  5874  7721 I NamespaceManager: Package android.companion name not found! Using module version.
06-24 07:51:24.694  5874  7721 I NamespaceManager: Package com.google.android.aicore name not found! Using module version.
06-24 07:51:24.694  5874  7721 I NamespaceManager: Package com.google.android.audioproxy name not found! Using module version.
06-24 07:51:24.694  5874  7721 I NamespaceManager: Package com.google.android.apps.pixel.psi name not found! Using module version.
06-24 07:51:24.694  5874  7721 I NamespaceManager: Package com.google.android.apps.safetycore name not found! Using module version.
06-24 07:51:24.694  5874  7721 I NamespaceManager: Package com.google.android.crashrecovery name not found! Using module version.
06-24 07:51:24.695  5874  7721 I NamespaceManager: Package com.google.android.profiling name not found! Using module version.
06-24 07:51:24.695  5874  7721 I NamespaceManager: Package com.google.android.bt name not found! Using module version.
06-24 07:51:24.695  5874  7721 I NamespaceManager: Package com.google.android.nfcservices name not found! Using module version.
06-24 07:51:24.707  7369  7437 D Maestro : Requesting view hierarchy
06-24 07:51:24.708  7369  7437 W QueryController: Could not detect idle state.
06-24 07:51:24.709  7369  7437 W QueryController: Could not detect idle state.
06-24 07:51:24.715   521   617 I RescueParty: Starting to observe: [android], updated namespace: accessibility
06-24 07:51:24.716   521   549 I PackageWatchdog: Syncing state, reason: observing new packages
06-24 07:51:24.716   521   549 D PackageWatchdog: rescue-party-observer added the following packages to monitor [android]
06-24 07:51:24.716   521   549 I PackageWatchdog: Syncing state, reason: updated observers
06-24 07:51:24.716   521   549 I PackageWatchdog: Saving observer state to file
06-24 07:51:24.718   521   521 I PackageWatchdog: Syncing health check requests for packages: {}
06-24 07:51:24.718   521   521 I ExplicitHealthCheckController: Service not ready to get health check supported packages. Binding...
06-24 07:51:24.719   521   617 I RescueParty: Starting to observe: [android], updated namespace: netd_native
06-24 07:51:24.719   521   549 I PackageWatchdog: Syncing state, reason: observing new packages
06-24 07:51:24.720   521   549 D PackageWatchdog: rescue-party-observer added the following packages to monitor [android]
06-24 07:51:24.720   521   549 I PackageWatchdog: Syncing state, reason: updated observers
06-24 07:51:24.720   521   549 I PackageWatchdog: Not pruning observers, elapsed time: 0ms
06-24 07:51:24.720   521   549 I PackageWatchdog: Saving observer state to file
06-24 07:51:24.722   521   521 I ExplicitHealthCheckController: Explicit health check service is bound
06-24 07:51:24.722   521   521 I PackageWatchdog: Syncing health check requests for packages: {}
06-24 07:51:24.723   521   521 I ExplicitHealthCheckController: Service not ready to get health check supported packages. Binding...
06-24 07:51:24.723   521   521 I ExplicitHealthCheckController: Not binding to service, service already connecting
06-24 07:51:24.723   521   521 I ExplicitHealthCheckController: Explicit health check service is connected ComponentInfo{com.google.android.ext.services/android.ext.services.watchdog.ExplicitHealthCheckServiceImpl}
06-24 07:51:24.723   521   521 I ExplicitHealthCheckController: Service initialized, syncing requests
06-24 07:51:24.723   521   521 I PackageWatchdog: Syncing health check requests for packages: {}
06-24 07:51:24.723   521   521 D ExplicitHealthCheckController: Getting health check supported packages
06-24 07:51:24.724   521  2419 I ExplicitHealthCheckController: Explicit health check supported packages [PackageConfig{com.google.android.networkstack, 86400000}]
06-24 07:51:24.724   521  2419 D PackageWatchdog: Received supported packages [PackageConfig{com.google.android.networkstack, 86400000}]
06-24 07:51:24.724   521  2419 D ExplicitHealthCheckController: Getting health check requested packages
06-24 07:51:24.725   521  1000 I ExplicitHealthCheckController: Explicit health check requested packages []
06-24 07:51:24.725   521  1000 I ExplicitHealthCheckController: No more health check requests, unbinding...
06-24 07:51:24.726   521  1000 I ExplicitHealthCheckController: Explicit health check service is unbound
06-24 07:51:24.735  7369  7437 I Maestro : Skipping invisible child: android.view.accessibility.AccessibilityNodeInfo@128a8; boundsInParent: Rect(0, 0 - 320, 0); boundsInScreen: Rect(0, 0 - 320, 0); boundsInWindow: Rect(0, 0 - 320, 0); packageName: com.hanapkalinga.mobile; className: android.widget.LinearLayout; text: null; error: null; maxTextLength: -1; stateDescription: null; contentDescription: null; tooltipText: null; containerTitle: null; viewIdResName: null; uniqueId: null; checkable: false; checked: false; focusable: false; focused: false; selected: false; clickable: false; longClickable: false; contextClickable: false; enabled: true; password: false; scrollable: false; importantForAccessibility: false; visible: false; actions: [AccessibilityAction: ACTION_SELECT - null, AccessibilityAction: ACTION_CLEAR_SELECTION - null, AccessibilityAction: ACTION_ACCESSIBILITY_FOCUS - null, AccessibilityAction: ACTION_SHOW_ON_SCREEN - null]; isTextSelectable: false
06-24 07:51:24.735  7369  7437 I Maestro : Skipping invisible child: android.view.accessibility.AccessibilityNodeInfo@124e7; boundsInParent: Rect(0, 0 - 320, 0); boundsInScreen: Rect(0, 0 - 320, 0); boundsInWindow: Rect(0, 0 - 320, 0); packageName: com.hanapkalinga.mobile; className: android.view.ViewGroup; text: null; error: null; maxTextLength: -1; stateDescription: null; contentDescription: null; tooltipText: null; containerTitle: null; viewIdResName: null; uniqueId: null; checkable: false; checked: false; focusable: false; focused: false; selected: false; clickable: false; longClickable: false; contextClickable: false; enabled: true; password: false; scrollable: false; importantForAccessibility: false; visible: false; actions: [AccessibilityAction: ACTION_SELECT - null, AccessibilityAction: ACTION_CLEAR_SELECTION - null, AccessibilityAction: ACTION_ACCESSIBILITY_FOCUS - null, AccessibilityAction: ACTION_SHOW_ON_SCREEN - null]; isTextSelectable: false
06-24 07:51:24.736  7369  7437 I Maestro : Skipping invisible child: android.view.accessibility.AccessibilityNodeInfo@1a489; boundsInParent: Rect(0, 0 - 320, 0); boundsInScreen: Rect(0, 0 - 320, 0); boundsInWindow: Rect(0, 0 - 320, 0); packageName: com.hanapkalinga.mobile; className: android.widget.LinearLayout; text: null; error: null; maxTextLength: -1; stateDescription: null; contentDescription: null; tooltipText: null; containerTitle: null; viewIdResName: null; uniqueId: null; checkable: false; checked: false; focusable: false; focused: false; selected: false; clickable: false; longClickable: false; contextClickable: false; enabled: true; password: false; scrollable: false; importantForAccessibility: false; visible: false; actions: [AccessibilityAction: ACTION_SELECT - null, AccessibilityAction: ACTION_CLEAR_SELECTION - null, AccessibilityAction: ACTION_ACCESSIBILITY_FOCUS - null, AccessibilityAction: ACTION_SHOW_ON_SCREEN - null]; isTextSelectable: false
06-24 07:51:24.737  7369  7437 I Maestro : Skipping invisible child: android.view.accessibility.AccessibilityNodeInfo@1a0c8; boundsInParent: Rect(0, 0 - 320, 0); boundsInScreen: Rect(0, 0 - 320, 0); boundsInWindow: Rect(0, 0 - 320, 0); packageName: com.hanapkalinga.mobile; className: android.view.ViewGroup; text: null; error: null; maxTextLength: -1; stateDescription: null; contentDescription: null; tooltipText: null; containerTitle: null; viewIdResName: null; uniqueId: null; checkable: false; checked: false; focusable: false; focused: false; selected: false; clickable: false; longClickable: false; contextClickable: false; enabled: true; password: false; scrollable: false; importantForAccessibility: false; visible: false; actions: [AccessibilityAction: ACTION_SELECT - null, AccessibilityAction: ACTION_CLEAR_SELECTION - null, AccessibilityAction: ACTION_ACCESSIBILITY_FOCUS - null, AccessibilityAction: ACTION_SHOW_ON_SCREEN - null]; isTextSelectable: false
06-24 07:51:24.740  7369  7437 I Maestro : Skipping invisible child: android.view.accessibility.AccessibilityNodeInfo@182c0; boundsInParent: Rect(0, 0 - 1, 1); boundsInScreen: Rect(20, 348 - 21, 349); boundsInWindow: Rect(20, 348 - 21, 349); packageName: com.hanapkalinga.mobile; className: android.view.ViewGroup; text: null; error: null; maxTextLength: -1; stateDescription: null; contentDescription: null; tooltipText: null; containerTitle: null; viewIdResName: login_captcha_ready; uniqueId: null; checkable: false; checked: false; focusable: false; focused: false; selected: false; clickable: false; longClickable: false; contextClickable: false; enabled: true; password: false; scrollable: false; importantForAccessibility: true; visible: false; actions: [AccessibilityAction: ACTION_SELECT - null, AccessibilityAction: ACTION_CLEAR_SELECTION - null, AccessibilityAction: ACTION_ACCESSIBILITY_FOCUS - null, AccessibilityAction: ACTION_SHOW_ON_SCREEN - null]; isTextSelectable: false
06-24 07:51:24.746   521   617 I RescueParty: Starting to observe: [android], updated namespace: clipboard
06-24 07:51:24.747   521   549 I PackageWatchdog: Syncing state, reason: observing new packages
06-24 07:51:24.747   521   549 D PackageWatchdog: rescue-party-observer added the following packages to monitor [android]
06-24 07:51:24.747   521   549 I PackageWatchdog: Syncing state, reason: updated observers
06-24 07:51:24.747   521   549 I PackageWatchdog: Not pruning observers, elapsed time: 0ms
06-24 07:51:24.747   521   549 I PackageWatchdog: Saving observer state to file
06-24 07:51:24.749   521   521 I PackageWatchdog: Syncing health check requests for packages: {}
06-24 07:51:24.749   521   521 I ExplicitHealthCheckController: Service not ready to get health check supported packages. Binding...
06-24 07:51:24.749   521   617 I RescueParty: Starting to observe: [android], updated namespace: nearby
06-24 07:51:24.749   521   549 I PackageWatchdog: Syncing state, reason: observing new packages
06-24 07:51:24.750   521   549 D PackageWatchdog: rescue-party-observer added the following packages to monitor [android]
06-24 07:51:24.750   521   549 I PackageWatchdog: Syncing state, reason: updated observers
06-24 07:51:24.750   521   549 I PackageWatchdog: Not pruning observers, elapsed time: 0ms
06-24 07:51:24.750   521   549 I PackageWatchdog: Saving observer state to file
06-24 07:51:24.750   521   521 I ExplicitHealthCheckController: Explicit health check service is bound
06-24 07:51:24.755   521   521 I PackageWatchdog: Syncing health check requests for packages: {}
06-24 07:51:24.755   521   521 I ExplicitHealthCheckController: Service not ready to get health check supported packages. Binding...
06-24 07:51:24.755   521   521 I ExplicitHealthCheckController: Not binding to service, service already connecting
06-24 07:51:24.755   521   521 I ExplicitHealthCheckController: Explicit health check service is connected ComponentInfo{com.google.android.ext.services/android.ext.services.watchdog.ExplicitHealthCheckServiceImpl}
06-24 07:51:24.755   521   521 I ExplicitHealthCheckController: Service initialized, syncing requests
06-24 07:51:24.755   521   521 I PackageWatchdog: Syncing health check requests for packages: {}
06-24 07:51:24.755   521   521 D ExplicitHealthCheckController: Getting health check supported packages
06-24 07:51:24.756   521  1000 I ExplicitHealthCheckController: Explicit health check supported packages [PackageConfig{com.google.android.networkstack, 86400000}]
06-24 07:51:24.756   521  1000 D PackageWatchdog: Received supported packages [PackageConfig{com.google.android.networkstack, 86400000}]
06-24 07:51:24.756   521  1000 D ExplicitHealthCheckController: Getting health check requested packages
06-24 07:51:24.756   521  1000 I ExplicitHealthCheckController: Explicit health check requested packages []
06-24 07:51:24.756   521  1000 I ExplicitHealthCheckController: No more health check requests, unbinding...
06-24 07:51:24.757   521  1000 I ExplicitHealthCheckController: Explicit health check service is unbound
06-24 07:51:24.770   521   617 I RescueParty: Starting to observe: [android, com.google.android.networkstack], updated namespace: connectivity
06-24 07:51:24.770   521   549 I PackageWatchdog: Syncing state, reason: observing new packages
06-24 07:51:24.771   521   549 D PackageWatchdog: rescue-party-observer added the following packages to monitor [android, com.google.android.networkstack]
06-24 07:51:24.771   521   549 I PackageWatchdog: Syncing state, reason: updated observers
06-24 07:51:24.771   521   549 I PackageWatchdog: Not pruning observers, elapsed time: 0ms
06-24 07:51:24.771   521   549 I PackageWatchdog: Saving observer state to file
06-24 07:51:24.775  7369  7437 D Maestro : View hierarchy received in 68 ms
06-24 07:51:24.775   521   521 I PackageWatchdog: Syncing health check requests for packages: {}
06-24 07:51:24.775   521   521 I ExplicitHealthCheckController: Service not ready to get health check supported packages. Binding...
06-24 07:51:24.776   521   521 I ExplicitHealthCheckController: Explicit health check service is bound
06-24 07:51:24.777   521   521 I ExplicitHealthCheckController: Explicit health check service is connected ComponentInfo{com.google.android.ext.services/android.ext.services.watchdog.ExplicitHealthCheckServiceImpl}
06-24 07:51:24.778   521   521 I ExplicitHealthCheckController: Service initialized, syncing requests
06-24 07:51:24.778   521   521 I PackageWatchdog: Syncing health check requests for packages: {}
06-24 07:51:24.778   521   521 D ExplicitHealthCheckController: Getting health check supported packages
06-24 07:51:24.778   521  1000 I ExplicitHealthCheckController: Explicit health check supported packages [PackageConfig{com.google.android.networkstack, 86400000}]
06-24 07:51:24.778   521  1000 D PackageWatchdog: Received supported packages [PackageConfig{com.google.android.networkstack, 86400000}]
06-24 07:51:24.778   521  1000 D ExplicitHealthCheckController: Getting health check requested packages
06-24 07:51:24.780   521  1000 I ExplicitHealthCheckController: Explicit health check requested packages []
06-24 07:51:24.780   521  1000 I ExplicitHealthCheckController: No more health check requests, unbinding...
06-24 07:51:24.781   521  1000 I ExplicitHealthCheckController: Explicit health check service is unbound
06-24 07:51:24.788   521   617 I RescueParty: Starting to observe: [com.google.android.permissioncontroller], updated namespace: permissions
06-24 07:51:24.789   521   549 I PackageWatchdog: Syncing state, reason: observing new packages
06-24 07:51:24.789   521   549 D PackageWatchdog: rescue-party-observer added the following packages to monitor [com.google.android.permissioncontroller]
06-24 07:51:24.789   521   549 I PackageWatchdog: Syncing state, reason: updated observers
06-24 07:51:24.789   521   549 I PackageWatchdog: Not pruning observers, elapsed time: 0ms
06-24 07:51:24.789   521   549 I PackageWatchdog: Saving observer state to file
06-24 07:51:24.790   521   521 I PackageWatchdog: Syncing health check requests for packages: {}
06-24 07:51:24.790   521   521 I ExplicitHealthCheckController: Service not ready to get health check supported packages. Binding...
06-24 07:51:24.790   521   521 I ExplicitHealthCheckController: Explicit health check service is bound
06-24 07:51:24.791   521   521 I ExplicitHealthCheckController: Explicit health check service is connected ComponentInfo{com.google.android.ext.services/android.ext.services.watchdog.ExplicitHealthCheckServiceImpl}
06-24 07:51:24.791   521   521 I ExplicitHealthCheckController: Service initialized, syncing requests
06-24 07:51:24.791   521   521 I PackageWatchdog: Syncing health check requests for packages: {}
06-24 07:51:24.791   521   521 D ExplicitHealthCheckController: Getting health check supported packages
06-24 07:51:24.791   521  2419 I ExplicitHealthCheckController: Explicit health check supported packages [PackageConfig{com.google.android.networkstack, 86400000}]
06-24 07:51:24.791   521  2419 D PackageWatchdog: Received supported packages [PackageConfig{com.google.android.networkstack, 86400000}]
06-24 07:51:24.791   521  2419 D ExplicitHealthCheckController: Getting health check requested packages
06-24 07:51:24.791   521  2419 I ExplicitHealthCheckController: Explicit health check requested packages []
06-24 07:51:24.792   521  2419 I ExplicitHealthCheckController: No more health check requests, unbinding...
06-24 07:51:24.792   521  2419 I ExplicitHealthCheckController: Explicit health check service is unbound
06-24 07:51:24.807   521   617 I RescueParty: Starting to observe: [android], updated namespace: wifi
06-24 07:51:24.808   521   549 I PackageWatchdog: Syncing state, reason: observing new packages
06-24 07:51:24.808   521   549 D PackageWatchdog: rescue-party-observer added the following packages to monitor [android]
06-24 07:51:24.808   521   549 I PackageWatchdog: Syncing state, reason: updated observers
06-24 07:51:24.808   521   549 I PackageWatchdog: Not pruning observers, elapsed time: 0ms
06-24 07:51:24.808   521   549 I PackageWatchdog: Saving observer state to file
06-24 07:51:24.819   521   521 I PackageWatchdog: Syncing health check requests for packages: {}
06-24 07:51:24.819   521   521 I ExplicitHealthCheckController: Service not ready to get health check supported packages. Binding...
06-24 07:51:24.820   521   521 I ExplicitHealthCheckController: Explicit health check service is bound
06-24 07:51:24.820   521   521 I ExplicitHealthCheckController: Explicit health check service is connected ComponentInfo{com.google.android.ext.services/android.ext.services.watchdog.ExplicitHealthCheckServiceImpl}
06-24 07:51:24.821   521   521 I ExplicitHealthCheckController: Service initialized, syncing requests
06-24 07:51:24.821   521   521 I PackageWatchdog: Syncing health check requests for packages: {}
06-24 07:51:24.821   521   521 D ExplicitHealthCheckController: Getting health check supported packages
06-24 07:51:24.821   521  1000 I ExplicitHealthCheckController: Explicit health check supported packages [PackageConfig{com.google.android.networkstack, 86400000}]
06-24 07:51:24.821   521  1000 D PackageWatchdog: Received supported packages [PackageConfig{com.google.android.networkstack, 86400000}]
06-24 07:51:24.821   521  1000 D ExplicitHealthCheckController: Getting health check requested packages
06-24 07:51:24.821   521  1000 I ExplicitHealthCheckController: Explicit health check requested packages []
06-24 07:51:24.824   521  1000 I ExplicitHealthCheckController: No more health check requests, unbinding...
06-24 07:51:24.824   521  1000 I ExplicitHealthCheckController: Explicit health check service is unbound
06-24 07:51:24.834   521   617 I RescueParty: Starting to observe: [android], updated namespace: edgetpu_native
06-24 07:51:24.835   521   549 I PackageWatchdog: Syncing state, reason: observing new packages
06-24 07:51:24.835   521   549 D PackageWatchdog: rescue-party-observer added the following packages to monitor [android]
06-24 07:51:24.835   521   549 I PackageWatchdog: Syncing state, reason: updated observers
06-24 07:51:24.835   521   549 I PackageWatchdog: Saving observer state to file
06-24 07:51:24.840  7369  7437 D Maestro : Requesting view hierarchy
06-24 07:51:24.841  7369  7437 W QueryController: Could not detect idle state.
06-24 07:51:24.841  7369  7437 W QueryController: Could not detect idle state.
06-24 07:51:24.845   521   617 I RescueParty: Starting to observe: [android], updated namespace: appsearch
06-24 07:51:24.845   521   549 I PackageWatchdog: Syncing state, reason: observing new packages
06-24 07:51:24.845   521   549 D PackageWatchdog: rescue-party-observer added the following packages to monitor [android]
06-24 07:51:24.846   521   549 I PackageWatchdog: Syncing state, reason: updated observers
06-24 07:51:24.846   521   549 I PackageWatchdog: Not pruning observers, elapsed time: 0ms
06-24 07:51:24.846   521   549 I PackageWatchdog: Saving observer state to file
06-24 07:51:24.849   521   521 I PackageWatchdog: Syncing health check requests for packages: {}
06-24 07:51:24.849   521   521 I ExplicitHealthCheckController: Service not ready to get health check supported packages. Binding...
06-24 07:51:24.850   521   521 I ExplicitHealthCheckController: Explicit health check service is bound
06-24 07:51:24.851   521   521 I PackageWatchdog: Syncing health check requests for packages: {}
06-24 07:51:24.851   521   521 I ExplicitHealthCheckController: Service not ready to get health check supported packages. Binding...
06-24 07:51:24.851   521   521 I ExplicitHealthCheckController: Not binding to service, service already connecting
06-24 07:51:24.852   521   521 I ExplicitHealthCheckController: Explicit health check service is connected ComponentInfo{com.google.android.ext.services/android.ext.services.watchdog.ExplicitHealthCheckServiceImpl}
06-24 07:51:24.852   521   521 I ExplicitHealthCheckController: Service initialized, syncing requests
06-24 07:51:24.852   521   521 I PackageWatchdog: Syncing health check requests for packages: {}
06-24 07:51:24.852   521   521 D ExplicitHealthCheckController: Getting health check supported packages
06-24 07:51:24.853   521  2419 I ExplicitHealthCheckController: Explicit health check supported packages [PackageConfig{com.google.android.networkstack, 86400000}]
06-24 07:51:24.853   521  2419 D PackageWatchdog: Received supported packages [PackageConfig{com.google.android.networkstack, 86400000}]
06-24 07:51:24.853   521  2419 D ExplicitHealthCheckController: Getting health check requested packages
06-24 07:51:24.853   521  2419 I ExplicitHealthCheckController: Explicit health check requested packages []
06-24 07:51:24.853   521  2419 I ExplicitHealthCheckController: No more health check requests, unbinding...
06-24 07:51:24.854   521  2419 I ExplicitHealthCheckController: Explicit health check service is unbound
06-24 07:51:24.858  7369  7437 I Maestro : Skipping invisible child: android.view.accessibility.AccessibilityNodeInfo@128a8; boundsInParent: Rect(0, 0 - 320, 0); boundsInScreen: Rect(0, 0 - 320, 0); boundsInWindow: Rect(0, 0 - 320, 0); packageName: com.hanapkalinga.mobile; className: android.widget.LinearLayout; text: null; error: null; maxTextLength: -1; stateDescription: null; contentDescription: null; tooltipText: null; containerTitle: null; viewIdResName: null; uniqueId: null; checkable: false; checked: false; focusable: false; focused: false; selected: false; clickable: false; longClickable: false; contextClickable: false; enabled: true; password: false; scrollable: false; importantForAccessibility: false; visible: false; actions: [AccessibilityAction: ACTION_SELECT - null, AccessibilityAction: ACTION_CLEAR_SELECTION - null, AccessibilityAction: ACTION_ACCESSIBILITY_FOCUS - null, AccessibilityAction: ACTION_SHOW_ON_SCREEN - null]; isTextSelectable: false
06-24 07:51:24.858  7369  7437 I Maestro : Skipping invisible child: android.view.accessibility.AccessibilityNodeInfo@124e7; boundsInParent: Rect(0, 0 - 320, 0); boundsInScreen: Rect(0, 0 - 320, 0); boundsInWindow: Rect(0, 0 - 320, 0); packageName: com.hanapkalinga.mobile; className: android.view.ViewGroup; text: null; error: null; maxTextLength: -1; stateDescription: null; contentDescription: null; tooltipText: null; containerTitle: null; viewIdResName: null; uniqueId: null; checkable: false; checked: false; focusable: false; focused: false; selected: false; clickable: false; longClickable: false; contextClickable: false; enabled: true; password: false; scrollable: false; importantForAccessibility: false; visible: false; actions: [AccessibilityAction: ACTION_SELECT - null, AccessibilityAction: ACTION_CLEAR_SELECTION - null, AccessibilityAction: ACTION_ACCESSIBILITY_FOCUS - null, AccessibilityAction: ACTION_SHOW_ON_SCREEN - null]; isTextSelectable: false
06-24 07:51:24.859  7369  7437 I Maestro : Skipping invisible child: android.view.accessibility.AccessibilityNodeInfo@1a489; boundsInParent: Rect(0, 0 - 320, 0); boundsInScreen: Rect(0, 0 - 320, 0); boundsInWindow: Rect(0, 0 - 320, 0); packageName: com.hanapkalinga.mobile; className: android.widget.LinearLayout; text: null; error: null; maxTextLength: -1; stateDescription: null; contentDescription: null; tooltipText: null; containerTitle: null; viewIdResName: null; uniqueId: null; checkable: false; checked: false; focusable: false; focused: false; selected: false; clickable: false; longClickable: false; contextClickable: false; enabled: true; password: false; scrollable: false; importantForAccessibility: false; visible: false; actions: [AccessibilityAction: ACTION_SELECT - null, AccessibilityAction: ACTION_CLEAR_SELECTION - null, AccessibilityAction: ACTION_ACCESSIBILITY_FOCUS - null, AccessibilityAction: ACTION_SHOW_ON_SCREEN - null]; isTextSelectable: false
06-24 07:51:24.859  7369  7437 I Maestro : Skipping invisible child: android.view.accessibility.AccessibilityNodeInfo@1a0c8; boundsInParent: Rect(0, 0 - 320, 0); boundsInScreen: Rect(0, 0 - 320, 0); boundsInWindow: Rect(0, 0 - 320, 0); packageName: com.hanapkalinga.mobile; className: android.view.ViewGroup; text: null; error: null; maxTextLength: -1; stateDescription: null; contentDescription: null; tooltipText: null; containerTitle: null; viewIdResName: null; uniqueId: null; checkable: false; checked: false; focusable: false; focused: false; selected: false; clickable: false; longClickable: false; contextClickable: false; enabled: true; password: false; scrollable: false; importantForAccessibility: false; visible: false; actions: [AccessibilityAction: ACTION_SELECT - null, AccessibilityAction: ACTION_CLEAR_SELECTION - null, AccessibilityAction: ACTION_ACCESSIBILITY_FOCUS - null, AccessibilityAction: ACTION_SHOW_ON_SCREEN - null]; isTextSelectable: false
06-24 07:51:24.860  7369  7437 I Maestro : Skipping invisible child: android.view.accessibility.AccessibilityNodeInfo@182c0; boundsInParent: Rect(0, 0 - 1, 1); boundsInScreen: Rect(20, 348 - 21, 349); boundsInWindow: Rect(20, 348 - 21, 349); packageName: com.hanapkalinga.mobile; className: android.view.ViewGroup; text: null; error: null; maxTextLength: -1; stateDescription: null; contentDescription: null; tooltipText: null; containerTitle: null; viewIdResName: login_captcha_ready; uniqueId: null; checkable: false; checked: false; focusable: false; focused: false; selected: false; clickable: false; longClickable: false; contextClickable: false; enabled: true; password: false; scrollable: false; importantForAccessibility: true; visible: false; actions: [AccessibilityAction: ACTION_SELECT - null, AccessibilityAction: ACTION_CLEAR_SELECTION - null, AccessibilityAction: ACTION_ACCESSIBILITY_FOCUS - null, AccessibilityAction: ACTION_SHOW_ON_SCREEN - null]; isTextSelectable: false
06-24 07:51:24.874  7369  7437 D Maestro : View hierarchy received in 34 ms
06-24 07:51:24.889   521   617 I RescueParty: Starting to observe: [com.google.android.apps.nexuslauncher, com.android.settings, com.android.systemui], updated namespace: interaction_jank_monitor
06-24 07:51:24.889   521   549 I PackageWatchdog: Syncing state, reason: observing new packages
06-24 07:51:24.890   521   549 D PackageWatchdog: rescue-party-observer added the following packages to monitor [com.google.android.apps.nexuslauncher, com.android.settings, com.android.systemui]
06-24 07:51:24.890   521   549 I PackageWatchdog: Syncing state, reason: updated observers
06-24 07:51:24.890   521   549 I PackageWatchdog: Not pruning observers, elapsed time: 0ms
06-24 07:51:24.890   521   549 I PackageWatchdog: Saving observer state to file
06-24 07:51:24.891   521   521 I PackageWatchdog: Syncing health check requests for packages: {}
06-24 07:51:24.891   521   521 I ExplicitHealthCheckController: Service not ready to get health check supported packages. Binding...
06-24 07:51:24.893   521   521 I ExplicitHealthCheckController: Explicit health check service is bound
06-24 07:51:24.893   521   521 I ExplicitHealthCheckController: Explicit health check service is connected ComponentInfo{com.google.android.ext.services/android.ext.services.watchdog.ExplicitHealthCheckServiceImpl}
06-24 07:51:24.894   521   521 I ExplicitHealthCheckController: Service initialized, syncing requests
06-24 07:51:24.894   521   521 I PackageWatchdog: Syncing health check requests for packages: {}
06-24 07:51:24.894   521   521 D ExplicitHealthCheckController: Getting health check supported packages
06-24 07:51:24.894   521   617 I RescueParty: Starting to observe: [android], updated namespace: wearable_sensing
06-24 07:51:24.894   521   549 I PackageWatchdog: Syncing state, reason: observing new packages
06-24 07:51:24.894   521   549 D PackageWatchdog: rescue-party-observer added the following packages to monitor [android]
06-24 07:51:24.894   521   549 I PackageWatchdog: Syncing state, reason: updated observers
06-24 07:51:24.894   521   549 I PackageWatchdog: Not pruning observers, elapsed time: 0ms
06-24 07:51:24.894   521   549 I PackageWatchdog: Saving observer state to file
06-24 07:51:24.895   521  1089 I ExplicitHealthCheckController: Explicit health check supported packages [PackageConfig{com.google.android.networkstack, 86400000}]
06-24 07:51:24.895   521  1089 D PackageWatchdog: Received supported packages [PackageConfig{com.google.android.networkstack, 86400000}]
06-24 07:51:24.895   521  1089 D ExplicitHealthCheckController: Getting health check requested packages
06-24 07:51:24.896   521   521 I PackageWatchdog: Syncing health check requests for packages: {}
06-24 07:51:24.896   521   521 D ExplicitHealthCheckController: Getting health check supported packages
06-24 07:51:24.896   521  1089 I ExplicitHealthCheckController: Explicit health check requested packages []
06-24 07:51:24.896   521  1089 I ExplicitHealthCheckController: No more health check requests, unbinding...
06-24 07:51:24.896   521  1089 I ExplicitHealthCheckController: Explicit health check service is unbound
06-24 07:51:24.897   521  2239 I ExplicitHealthCheckController: Explicit health check supported packages [PackageConfig{com.google.android.networkstack, 86400000}]
06-24 07:51:24.897   521  2239 D PackageWatchdog: Received supported packages [PackageConfig{com.google.android.networkstack, 86400000}]
06-24 07:51:24.897   521  2239 I ExplicitHealthCheckController: Service not ready to get health check requested packages. Binding...
06-24 07:51:24.897   521  2239 I ExplicitHealthCheckController: Explicit health check service is bound
06-24 07:51:24.898   521   521 I ExplicitHealthCheckController: Explicit health check service is connected ComponentInfo{com.google.android.ext.services/android.ext.services.watchdog.ExplicitHealthCheckServiceImpl}
06-24 07:51:24.898   521   521 I ExplicitHealthCheckController: Service initialized, syncing requests
06-24 07:51:24.898   521   521 I PackageWatchdog: Syncing health check requests for packages: {}
06-24 07:51:24.898   521   521 D ExplicitHealthCheckController: Getting health check supported packages
06-24 07:51:24.898   521  2239 I ExplicitHealthCheckController: Explicit health check supported packages [PackageConfig{com.google.android.networkstack, 86400000}]
06-24 07:51:24.898   521  2239 D PackageWatchdog: Received supported packages [PackageConfig{com.google.android.networkstack, 86400000}]
06-24 07:51:24.898   521  2239 D ExplicitHealthCheckController: Getting health check requested packages
06-24 07:51:24.898   521  2239 I ExplicitHealthCheckController: Explicit health check requested packages []
06-24 07:51:24.898   521  2239 I ExplicitHealthCheckController: No more health check requests, unbinding...
06-24 07:51:24.898   521  2239 I ExplicitHealthCheckController: Explicit health check service is unbound
06-24 07:51:24.901   521   617 I RescueParty: Starting to observe: [android], updated namespace: runtime_native
06-24 07:51:24.902   521   549 I PackageWatchdog: Syncing state, reason: observing new packages
06-24 07:51:24.902   521   549 D PackageWatchdog: rescue-party-observer added the following packages to monitor [android]
06-24 07:51:24.902   521   549 I PackageWatchdog: Syncing state, reason: updated observers
06-24 07:51:24.902   521   549 I PackageWatchdog: Not pruning observers, elapsed time: 0ms
06-24 07:51:24.902   521   549 I PackageWatchdog: Saving observer state to file
06-24 07:51:24.903   521   521 I PackageWatchdog: Syncing health check requests for packages: {}
06-24 07:51:24.903   521   521 I ExplicitHealthCheckController: Service not ready to get health check supported packages. Binding...
06-24 07:51:24.904   521   521 I ExplicitHealthCheckController: Explicit health check service is bound
06-24 07:51:24.905   521   521 I ExplicitHealthCheckController: Explicit health check service is connected ComponentInfo{com.google.android.ext.services/android.ext.services.watchdog.ExplicitHealthCheckServiceImpl}
06-24 07:51:24.906   521   521 I ExplicitHealthCheckController: Service initialized, syncing requests
06-24 07:51:24.906   521   521 I PackageWatchdog: Syncing health check requests for packages: {}
06-24 07:51:24.906   521   521 D ExplicitHealthCheckController: Getting health check supported packages
06-24 07:51:24.906   521  1000 I ExplicitHealthCheckController: Explicit health check supported packages [PackageConfig{com.google.android.networkstack, 86400000}]
06-24 07:51:24.906   521  1000 D PackageWatchdog: Received supported packages [PackageConfig{com.google.android.networkstack, 86400000}]
06-24 07:51:24.906   521  1000 D ExplicitHealthCheckController: Getting health check requested packages
06-24 07:51:24.907   521  1000 I ExplicitHealthCheckController: Explicit health check requested packages []
06-24 07:51:24.907   521  1000 I ExplicitHealthCheckController: No more health check requests, unbinding...
06-24 07:51:24.908   521  1000 I ExplicitHealthCheckController: Explicit health check service is unbound
06-24 07:51:24.943   521   617 I RescueParty: Starting to observe: [android], updated namespace: adservices
06-24 07:51:24.944   521   549 I PackageWatchdog: Syncing state, reason: observing new packages
06-24 07:51:24.944   521   549 D PackageWatchdog: rescue-party-observer added the following packages to monitor [android]
06-24 07:51:24.944   521   549 I PackageWatchdog: Syncing state, reason: updated observers
06-24 07:51:24.944   521   549 I PackageWatchdog: Not pruning observers, elapsed time: 0ms
06-24 07:51:24.944   521   549 I PackageWatchdog: Saving observer state to file
06-24 07:51:24.945   521   521 I PackageWatchdog: Syncing health check requests for packages: {}
06-24 07:51:24.945   521   521 I ExplicitHealthCheckController: Service not ready to get health check supported packages. Binding...
06-24 07:51:24.946   521   521 I ExplicitHealthCheckController: Explicit health check service is bound
06-24 07:51:24.948   521   521 I ExplicitHealthCheckController: Explicit health check service is connected ComponentInfo{com.google.android.ext.services/android.ext.services.watchdog.ExplicitHealthCheckServiceImpl}
06-24 07:51:24.948   521   521 I ExplicitHealthCheckController: Service initialized, syncing requests
06-24 07:51:24.950   521   521 I PackageWatchdog: Syncing health check requests for packages: {}
06-24 07:51:24.950   521   521 D ExplicitHealthCheckController: Getting health check supported packages
06-24 07:51:24.950   521  2419 I ExplicitHealthCheckController: Explicit health check supported packages [PackageConfig{com.google.android.networkstack, 86400000}]
06-24 07:51:24.950   521  2419 D PackageWatchdog: Received supported packages [PackageConfig{com.google.android.networkstack, 86400000}]
06-24 07:51:24.950   521  2419 D ExplicitHealthCheckController: Getting health check requested packages
06-24 07:51:24.950   521  2419 I ExplicitHealthCheckController: Explicit health check requested packages []
06-24 07:51:24.950   521  2419 I ExplicitHealthCheckController: No more health check requests, unbinding...
06-24 07:51:24.951   521  2419 I ExplicitHealthCheckController: Explicit health check service is unbound
06-24 07:51:24.956   521   617 I RescueParty: Starting to observe: [android], updated namespace: tare
06-24 07:51:24.956   521   549 I PackageWatchdog: Syncing state, reason: observing new packages
06-24 07:51:24.956   521   549 D PackageWatchdog: rescue-party-observer added the following packages to monitor [android]
06-24 07:51:24.956   521   549 I PackageWatchdog: Syncing state, reason: updated observers
06-24 07:51:24.956   521   549 I PackageWatchdog: Not pruning observers, elapsed time: 0ms
06-24 07:51:24.956   521   549 I PackageWatchdog: Saving observer state to file
06-24 07:51:24.957   521   521 I PackageWatchdog: Syncing health check requests for packages: {}
06-24 07:51:24.957   521   521 I ExplicitHealthCheckController: Service not ready to get health check supported packages. Binding...
06-24 07:51:24.958   521   521 I ExplicitHealthCheckController: Explicit health check service is bound
06-24 07:51:24.958   521   521 I ExplicitHealthCheckController: Explicit health check service is connected ComponentInfo{com.google.android.ext.services/android.ext.services.watchdog.ExplicitHealthCheckServiceImpl}
06-24 07:51:24.959   521   521 I ExplicitHealthCheckController: Service initialized, syncing requests
06-24 07:51:24.959   521   521 I PackageWatchdog: Syncing health check requests for packages: {}
06-24 07:51:24.959   521   521 D ExplicitHealthCheckController: Getting health check supported packages
06-24 07:51:24.959   521  2419 I ExplicitHealthCheckController: Explicit health check supported packages [PackageConfig{com.google.android.networkstack, 86400000}]
06-24 07:51:24.959   521  2419 D PackageWatchdog: Received supported packages [PackageConfig{com.google.android.networkstack, 86400000}]
06-24 07:51:24.959   521  2419 D ExplicitHealthCheckController: Getting health check requested packages
06-24 07:51:24.959   521  2419 I ExplicitHealthCheckController: Explicit health check requested packages []
06-24 07:51:24.959   521  2419 I ExplicitHealthCheckController: No more health check requests, unbinding...
06-24 07:51:24.960   521  2419 I ExplicitHealthCheckController: Explicit health check service is unbound
06-24 07:51:24.970  7369  7437 D Maestro : Requesting view hierarchy
06-24 07:51:24.970  7369  7437 W QueryController: Could not detect idle state.
06-24 07:51:24.971  7369  7437 W QueryController: Could not detect idle state.
06-24 07:51:24.983  7369  7437 I Maestro : Skipping invisible child: android.view.accessibility.AccessibilityNodeInfo@128a8; boundsInParent: Rect(0, 0 - 320, 0); boundsInScreen: Rect(0, 0 - 320, 0); boundsInWindow: Rect(0, 0 - 320, 0); packageName: com.hanapkalinga.mobile; className: android.widget.LinearLayout; text: null; error: null; maxTextLength: -1; stateDescription: null; contentDescription: null; tooltipText: null; containerTitle: null; viewIdResName: null; uniqueId: null; checkable: false; checked: false; focusable: false; focused: false; selected: false; clickable: false; longClickable: false; contextClickable: false; enabled: true; password: false; scrollable: false; importantForAccessibility: false; visible: false; actions: [AccessibilityAction: ACTION_SELECT - null, AccessibilityAction: ACTION_CLEAR_SELECTION - null, AccessibilityAction: ACTION_ACCESSIBILITY_FOCUS - null, AccessibilityAction: ACTION_SHOW_ON_SCREEN - null]; isTextSelectable: false
06-24 07:51:24.984  7369  7437 I Maestro : Skipping invisible child: android.view.accessibility.AccessibilityNodeInfo@124e7; boundsInParent: Rect(0, 0 - 320, 0); boundsInScreen: Rect(0, 0 - 320, 0); boundsInWindow: Rect(0, 0 - 320, 0); packageName: com.hanapkalinga.mobile; className: android.view.ViewGroup; text: null; error: null; maxTextLength: -1; stateDescription: null; contentDescription: null; tooltipText: null; containerTitle: null; viewIdResName: null; uniqueId: null; checkable: false; checked: false; focusable: false; focused: false; selected: false; clickable: false; longClickable: false; contextClickable: false; enabled: true; password: false; scrollable: false; importantForAccessibility: false; visible: false; actions: [AccessibilityAction: ACTION_SELECT - null, AccessibilityAction: ACTION_CLEAR_SELECTION - null, AccessibilityAction: ACTION_ACCESSIBILITY_FOCUS - null, AccessibilityAction: ACTION_SHOW_ON_SCREEN - null]; isTextSelectable: false
06-24 07:51:24.984  7369  7437 I Maestro : Skipping invisible child: android.view.accessibility.AccessibilityNodeInfo@1a489; boundsInParent: Rect(0, 0 - 320, 0); boundsInScreen: Rect(0, 0 - 320, 0); boundsInWindow: Rect(0, 0 - 320, 0); packageName: com.hanapkalinga.mobile; className: android.widget.LinearLayout; text: null; error: null; maxTextLength: -1; stateDescription: null; contentDescription: null; tooltipText: null; containerTitle: null; viewIdResName: null; uniqueId: null; checkable: false; checked: false; focusable: false; focused: false; selected: false; clickable: false; longClickable: false; contextClickable: false; enabled: true; password: false; scrollable: false; importantForAccessibility: false; visible: false; actions: [AccessibilityAction: ACTION_SELECT - null, AccessibilityAction: ACTION_CLEAR_SELECTION - null, AccessibilityAction: ACTION_ACCESSIBILITY_FOCUS - null, AccessibilityAction: ACTION_SHOW_ON_SCREEN - null]; isTextSelectable: false
06-24 07:51:24.985  7369  7437 I Maestro : Skipping invisible child: android.view.accessibility.AccessibilityNodeInfo@1a0c8; boundsInParent: Rect(0, 0 - 320, 0); boundsInScreen: Rect(0, 0 - 320, 0); boundsInWindow: Rect(0, 0 - 320, 0); packageName: com.hanapkalinga.mobile; className: android.view.ViewGroup; text: null; error: null; maxTextLength: -1; stateDescription: null; contentDescription: null; tooltipText: null; containerTitle: null; viewIdResName: null; uniqueId: null; checkable: false; checked: false; focusable: false; focused: false; selected: false; clickable: false; longClickable: false; contextClickable: false; enabled: true; password: false; scrollable: false; importantForAccessibility: false; visible: false; actions: [AccessibilityAction: ACTION_SELECT - null, AccessibilityAction: ACTION_CLEAR_SELECTION - null, AccessibilityAction: ACTION_ACCESSIBILITY_FOCUS - null, AccessibilityAction: ACTION_SHOW_ON_SCREEN - null]; isTextSelectable: false
