06-24 02:58:53.343   337   369 I netd    : setProcSysNet(4, 2, wlan0, ucast_solicit, 10) <0.02ms>
06-24 02:58:53.343   337   369 I netd    : setProcSysNet(6, 2, wlan0, retrans_time_ms, 750) <0.02ms>
06-24 02:58:53.343   337   369 I netd    : setProcSysNet(6, 2, wlan0, ucast_solicit, 10) <0.02ms>
06-24 02:58:53.494  5040  5133 I NetworkScheduler.Stats: Task com.google.android.gms/com.google.android.gms.tapandpay.gcmtask.TapAndPayGcmTaskService started execution. cause:4 exec_start_elapsed_seconds: 165 [CONTEXT service_id=218 ]
06-24 02:58:53.495  5040  5133 V NFC     : this device does not have NFC support
06-24 02:58:53.495  5040  5133 W TapAndPay: NfcAdapter is null while obtaining CardEmulation instance. [CONTEXT service_id=79 ]
06-24 02:58:53.495  5040  5133 W TapAndPay: java.lang.NullPointerException: NfcAdapter is null
06-24 02:58:53.495  5040  5133 W TapAndPay: 	at android.nfc.cardemulation.CardEmulation.getInstance(CardEmulation.java:152)
06-24 02:58:53.495  5040  5133 W TapAndPay: 	at cdoy.<init>(:com.google.android.gms@231818047@23.18.18 (190800-535401451):0)
06-24 02:58:53.495  5040  5133 W TapAndPay: 	at com.google.android.gms.tapandpay.hce.task.TapAndPayAidRegistrationTaskOperation.a(:com.google.android.gms@231818047@23.18.18 (190800-535401451):5)
06-24 02:58:53.495  5040  5133 W TapAndPay: 	at com.google.android.gms.tapandpay.gcmtask.TapAndPayGcmTaskChimeraService.a(:com.google.android.gms@231818047@23.18.18 (190800-535401451):4)
06-24 02:58:53.495  5040  5133 W TapAndPay: 	at avzs.call(:com.google.android.gms@231818047@23.18.18 (190800-535401451):4)
06-24 02:58:53.495  5040  5133 W TapAndPay: 	at java.util.concurrent.FutureTask.run(FutureTask.java:264)
06-24 02:58:53.495  5040  5133 W TapAndPay: 	at aced.c(:com.google.android.gms@231818047@23.18.18 (190800-535401451):6)
06-24 02:58:53.495  5040  5133 W TapAndPay: 	at aced.run(:com.google.android.gms@231818047@23.18.18 (190800-535401451):7)
06-24 02:58:53.495  5040  5133 W TapAndPay: 	at java.util.concurrent.ThreadPoolExecutor.runWorker(ThreadPoolExecutor.java:1145)
06-24 02:58:53.495  5040  5133 W TapAndPay: 	at java.util.concurrent.ThreadPoolExecutor$Worker.run(ThreadPoolExecutor.java:644)
06-24 02:58:53.495  5040  5133 W TapAndPay: 	at acjn.run(:com.google.android.gms@231818047@23.18.18 (190800-535401451):0)
06-24 02:58:53.495  5040  5133 W TapAndPay: 	at java.lang.Thread.run(Thread.java:1012)
06-24 02:58:53.497  5040  5133 I NetworkScheduler.Stats: Task com.google.android.gms/com.google.android.gms.tapandpay.gcmtask.TapAndPayGcmTaskService finished executing. cause:4 result: 3 elapsed_millis: 7 uptime_millis: 7 exec_start_elapsed_seconds: 165 [CONTEXT service_id=218 ]
06-24 02:58:53.864  1606  3900 W MediaProvider: isAppCloneUserPair for user 0: false
06-24 02:58:53.868  6258  6258 I AccessibilityNodeInfoDumper: Skipping invisible child: android.view.accessibility.AccessibilityNodeInfo@12884; boundsInParent: Rect(0, 0 - 320, 0); boundsInScreen: Rect(0, 0 - 320, 0); boundsInWindow: Rect(0, 0 - 320, 0); packageName: com.hanapkalinga.mobile; className: android.widget.LinearLayout; text: null; error: null; maxTextLength: -1; stateDescription: null; contentDescription: null; tooltipText: null; containerTitle: null; viewIdResName: null; uniqueId: null; checkable: false; checked: false; focusable: false; focused: false; selected: false; clickable: false; longClickable: false; contextClickable: false; enabled: true; password: false; scrollable: false; importantForAccessibility: false; visible: false; actions: [AccessibilityAction: ACTION_SELECT - null, AccessibilityAction: ACTION_CLEAR_SELECTION - null, AccessibilityAction: ACTION_ACCESSIBILITY_FOCUS - null, AccessibilityAction: ACTION_SHOW_ON_SCREEN - null]; isTextSelectable: false
06-24 02:58:53.868  6258  6258 I AccessibilityNodeInfoDumper: Skipping invisible child: android.view.accessibility.AccessibilityNodeInfo@124c3; boundsInParent: Rect(0, 0 - 320, 0); boundsInScreen: Rect(0, 0 - 320, 0); boundsInWindow: Rect(0, 0 - 320, 0); packageName: com.hanapkalinga.mobile; className: android.view.ViewGroup; text: null; error: null; maxTextLength: -1; stateDescription: null; contentDescription: null; tooltipText: null; containerTitle: null; viewIdResName: null; uniqueId: null; checkable: false; checked: false; focusable: false; focused: false; selected: false; clickable: false; longClickable: false; contextClickable: false; enabled: true; password: false; scrollable: false; importantForAccessibility: false; visible: false; actions: [AccessibilityAction: ACTION_SELECT - null, AccessibilityAction: ACTION_CLEAR_SELECTION - null, AccessibilityAction: ACTION_ACCESSIBILITY_FOCUS - null, AccessibilityAction: ACTION_SHOW_ON_SCREEN - null]; isTextSelectable: false
06-24 02:58:53.868  6258  6258 I AccessibilityNodeInfoDumper: Skipping invisible child: android.view.accessibility.AccessibilityNodeInfo@1fabc; boundsInParent: Rect(0, 0 - 320, 0); boundsInScreen: Rect(0, 0 - 320, 0); boundsInWindow: Rect(0, 0 - 320, 0); packageName: com.hanapkalinga.mobile; className: android.widget.LinearLayout; text: null; error: null; maxTextLength: -1; stateDescription: null; contentDescription: null; tooltipText: null; containerTitle: null; viewIdResName: null; uniqueId: null; checkable: false; checked: false; focusable: false; focused: false; selected: false; clickable: false; longClickable: false; contextClickable: false; enabled: true; password: false; scrollable: false; importantForAccessibility: false; visible: false; actions: [AccessibilityAction: ACTION_SELECT - null, AccessibilityAction: ACTION_CLEAR_SELECTION - null, AccessibilityAction: ACTION_ACCESSIBILITY_FOCUS - null, AccessibilityAction: ACTION_SHOW_ON_SCREEN - null]; isTextSelectable: false
06-24 02:58:53.869  6258  6258 I AccessibilityNodeInfoDumper: Skipping invisible child: android.view.accessibility.AccessibilityNodeInfo@1f6fb; boundsInParent: Rect(0, 0 - 320, 0); boundsInScreen: Rect(0, 0 - 320, 0); boundsInWindow: Rect(0, 0 - 320, 0); packageName: com.hanapkalinga.mobile; className: android.view.ViewGroup; text: null; error: null; maxTextLength: -1; stateDescription: null; contentDescription: null; tooltipText: null; containerTitle: null; viewIdResName: null; uniqueId: null; checkable: false; checked: false; focusable: false; focused: false; selected: false; clickable: false; longClickable: false; contextClickable: false; enabled: true; password: false; scrollable: false; importantForAccessibility: false; visible: false; actions: [AccessibilityAction: ACTION_SELECT - null, AccessibilityAction: ACTION_CLEAR_SELECTION - null, AccessibilityAction: ACTION_ACCESSIBILITY_FOCUS - null, AccessibilityAction: ACTION_SHOW_ON_SCREEN - null]; isTextSelectable: false
06-24 02:58:53.869  6258  6258 W AccessibilityNodeInfoDumper: Fetch time: 9ms
06-24 02:58:53.870   522   825 W WindowMagnificationMgr: requestConnection duplicated request: connect=false, mConnectionState=DISCONNECTED
06-24 02:58:53.871   522   825 D AccessibilityManagerService: restoreCurrentUserForTestAutomationIfNeededLocked(): ignoring because device doesn't support visible background users
06-24 02:58:53.871  1575  3278 I AiAiEcho: Settings changed for uri: content://settings/secure/accessibility_enabled
06-24 02:58:53.872  1575  1960 I AiAiEcho: Predicting[0]: 
06-24 02:58:53.873  1575  1960 I AiAiEcho: EchoTargets: 
06-24 02:58:53.873  1575  1960 I AiAiEcho: Filtered by AiAi flag check: 
06-24 02:58:53.873  1575  1960 I AiAiEcho: Ranked targets strategy: SORT, count: 0, ranking metadata: 
06-24 02:58:53.873  1575  1960 I AiAiEcho: Predicting[0]: 
06-24 02:58:53.873  1575  1960 I AiAiEcho: EchoTargets: 
06-24 02:58:53.873  1575  1960 I AiAiEcho: Filtered by AiAi flag check: 
06-24 02:58:53.874  1575  1960 I AiAiEcho: Ranked targets strategy: SORT, count: 0, ranking metadata: 
06-24 02:58:53.875  1575  1960 I AiAiEcho: #postPredictionTargets: Sending updates to UISurface lockscreen with targets# 0 (types=[])
06-24 02:58:53.875  1575  1960 I AiAiEcho: #postPredictionTargets: Sending updates to UISurface home with targets# 0 (types=[])
06-24 02:58:53.875  1683  2129 I A       : NGA enabled in interactor.
06-24 02:58:53.875  1683  2129 I A       : Nga state changed to NgaStateDetails{state=ENABLED, isSpecialExperience=false}
06-24 02:58:53.879  6258  6258 D AndroidRuntime: Shutting down VM
06-24 02:58:53.883   522   522 D BatterySaverPolicy: accessibility changed to false, updating policy.
06-24 02:58:53.884   837   837 W PageIndicator: Total number of pages invalid: 0. Assuming 1 page.
06-24 02:58:53.884  1614  2769 I A       : Initializing all components
06-24 02:58:53.884  1614  2769 I A       : APA or Classic session decision: SessionDecision(sessionVariance=CLASSIC, platformVariance=CLASSIC, justification=CURRENT_PLATFORM_VARIANCE).
06-24 02:58:53.884  1614  2769 I A       : [Memory] eligibility: StashEligibility{6}
06-24 02:58:53.885  1614  2067 I A       : onIsEnabledChanged, isEnabled: false
06-24 02:58:53.885  1614  2067 W A       : Disposing empty manager. Did you forgot to subscribe observables?
06-24 02:58:53.885  1614  2067 W A       : Disposing empty manager. Did you forgot to subscribe observables?
06-24 02:58:53.885  1614  2067 W A       : Disposing empty manager. Did you forgot to subscribe observables?
06-24 02:58:53.886  1614  2051 I A       : State changed: IDLE => IDLE by NGA_STATE_CHANGED and N/A with Optional.empty
06-24 02:58:53.886  1614  2051 I A       : Recognizer choice: (recognizer_type: 1, recognizer_mode: 1, choice_reason: 4)
06-24 02:58:53.886  1614  2051 I A       : onActiveStateChangeEvent: IDLE => IDLE
06-24 02:58:53.886  1614  2051 I A       : #onActiveStateChangeEvent, newState: IDLE, previousState: IDLE.
06-24 02:58:53.887  1614  2067 W A       : Disposing empty manager. Did you forgot to subscribe observables?
06-24 02:58:53.887  1614  2067 W A       : Disposing empty manager. Did you forgot to subscribe observables?
06-24 02:58:53.887  1614  2067 W A       : Disposing empty manager. Did you forgot to subscribe observables?
06-24 02:58:53.887  1614  2067 W A       : Disposing empty manager. Did you forgot to subscribe observables?
06-24 02:58:53.888  1614  2067 W A       : Disposing empty manager. Did you forgot to subscribe observables?
06-24 02:58:53.888  1614  2067 W A       : Disposing empty manager. Did you forgot to subscribe observables?
06-24 02:58:53.888  1614  2067 W A       : Disposing empty manager. Did you forgot to subscribe observables?
06-24 02:58:53.888  1614  2067 I A       : onOpaVisibilityChanged: false
06-24 02:58:53.888  1614  2067 W A       : Disposing empty manager. Did you forgot to subscribe observables?
06-24 02:58:53.888  1614  2067 W A       : Disposing empty manager. Did you forgot to subscribe observables?
06-24 02:58:53.888  1614  2067 W A       : Disposing empty manager. Did you forgot to subscribe observables?
06-24 02:58:53.888  1614  2067 W A       : Disposing empty manager. Did you forgot to subscribe observables?
06-24 02:58:53.888  1614  2067 W A       : Disposing empty manager. Did you forgot to subscribe observables?
06-24 02:58:53.888  1614  2067 W A       : Disposing empty manager. Did you forgot to subscribe observables?
06-24 02:58:53.888  1614  2067 I A       : Setting session to type: NO_SESSION
06-24 02:58:53.888  1614  2067 W A       : Disposing empty manager. Did you forgot to subscribe observables?
06-24 02:58:53.888  1614  2067 W A       : Disposing empty manager. Did you forgot to subscribe observables?
06-24 02:58:53.888  1614  2067 W A       : Disposing empty manager. Did you forgot to subscribe observables?
06-24 02:58:53.888  1614  2067 W A       : Disposing empty manager. Did you forgot to subscribe observables?
06-24 02:58:53.888  1614  2067 W A       : Disposing empty manager. Did you forgot to subscribe observables?
06-24 02:58:53.888  1614  2067 W A       : Disposing empty manager. Did you forgot to subscribe observables?
06-24 02:58:53.888  1614  2067 W A       : Disposing empty manager. Did you forgot to subscribe observables?
06-24 02:58:53.888  1614  2067 W A       : Disposing empty manager. Did you forgot to subscribe observables?
06-24 02:58:53.888  1614  2067 I A       : setNavBarVisible: GestureNavBarVisible{navbarVisible=true}
06-24 02:58:53.888  1614  2067 W A       : Disposing empty manager. Did you forgot to subscribe observables?
06-24 02:58:53.888  1614  2067 W A       : Disposing empty manager. Did you forgot to subscribe observables?
06-24 02:58:53.888  1614  2067 W A       : Disposing empty manager. Did you forgot to subscribe observables?
06-24 02:58:53.888  1614  2067 W A       : Disposing empty manager. Did you forgot to subscribe observables?
06-24 02:58:53.888  1614  2067 W A       : Disposing empty manager. Did you forgot to subscribe observables?
06-24 02:58:53.888  1614  2067 W A       : Disposing empty manager. Did you forgot to subscribe observables?
06-24 02:58:53.889  1614  2067 I A       : onDisabled. Registered: false
06-24 02:58:53.890  1614  2067 I NgaEntryPointEventSendr: setupConnection
06-24 02:58:53.891  1614  2051 I A       : Initialize
06-24 02:58:53.892  1614  2067 I NgaEntryPointEventSendr: State changed: Disconnected => Connecting
06-24 02:58:53.892  1683  1683 I A       : Creating pss binder().
06-24 02:58:53.893  1614  2067 I A       : on opa visibility changed false
06-24 02:58:53.893  1614  2067 I A       : on opa visibility changed false
06-24 02:58:53.893  1614  2067 I A       : stopListening(NGA_PAUSED_UNKNOWN_REASON, NGA_CREATE), idleOverride=NOT_LISTENING
06-24 02:58:53.894  1614  2067 I NgaEntryPointEventSendr: onServiceConnected
06-24 02:58:53.894  1683  5268 I A       : Calling beginBinderSession().
06-24 02:58:53.894  1683  5268 I A       : beginBinderSession(): calling binder
06-24 02:58:53.895  1614  2067 I NgaEntryPointEventSendr: State changed: Connecting => Ready
06-24 02:58:53.904   522   596 W ActivityManager: Unable to start service Intent { cmp=com.google.android.apps.tachyon/.clientapi.ClientApiService } U=0: not found
06-24 02:58:53.906  1614  1614 V ClearcutMetricXmitter: Transmission is done.
06-24 02:58:53.909  1614  2051 I A       : Successfully initialized all components
06-24 02:58:53.911  5040  5133 I NetworkScheduler.Stats: Task com.google.android.gms/com.google.android.gms.ipa.base.IpaGcmTaskService started execution. cause:9 exec_start_elapsed_seconds: 165 [CONTEXT service_id=218 ]
06-24 02:58:53.912  5040  5133 I NetworkScheduler.Stats: Task com.google.android.gms/com.google.android.gms.ipa.base.IpaGcmTaskService finished executing. cause:9 result: 1 elapsed_millis: 9 uptime_millis: 9 exec_start_elapsed_seconds: 165 [CONTEXT service_id=218 ]
06-24 02:58:53.919  1614  2067 I NgaEntryPointEventSendr: State changed: Ready => Disconnected (onOpaDisconnected)
06-24 02:58:53.920  1683  2186 W A       : UiCallbackStub-onGenericEvent[ServiceEvent = 60] task was not run. Callback from Service received after client was disposed.
06-24 02:58:53.921  1683  2284 I PBSessionCacheImpl: Deleted sessionId[7403694547980408] from persistence.
06-24 02:58:53.923  1683  2186 W SearchServiceCore: Abort, client detached.
06-24 02:58:53.923  1683  2186 W SearchServiceCore: Abort, client detached.
06-24 02:58:53.923  1683  2186 W SearchServiceCore: Abort, client detached.
06-24 02:58:53.923  1683  2186 W SearchServiceCore: Abort, client detached.
06-24 02:58:53.923  1683  2186 W SearchServiceCore: Abort, client detached.
06-24 02:58:54.088  6182  6184 I AidlLazyServiceRegistrar: Process has 0 (of 1 available) client(s) in use after notification artd has clients: 0
06-24 02:58:54.088  6182  6184 I AidlLazyServiceRegistrar: Trying to shut down the service. No clients in use for any service in process.
06-24 02:58:54.284     0     0 I servicemanager: Notifying artd they don't (previously: do) have clients when we now have no record of a client
06-24 02:58:54.286     0     0 I servicemanager: Unregistering artd
06-24 02:58:54.287     0     0 I BpBinder: onLastStrongRef automatically unlinking death recipients:
06-24 02:58:54.090  6182  6184 I AidlLazyServiceRegistrar: Unregistered all clients and exiting
06-24 02:58:54.289     0     0 I init    : Service 'artd' (pid 6182) exited with status 0 oneshot service took 2.383000 seconds in background
06-24 02:58:54.291     0     0 I init    : Sending signal 9 to service 'artd' (pid 6182) process group...
06-24 02:58:54.292     0     0 I libprocessgroup: Successfully killed process cgroup uid 1082 pid 6182 in 0ms
