06-24 03:01:53.112  5096  7732 W SQLiteLog: (28) double-quoted string literal: "dev.mobile.maestro.test"
06-24 03:01:53.115  5096  5138 I Icing   : doRemovePackageData dev.mobile.maestro.test
06-24 03:01:53.116  5096  5138 I Icing   : Indexing com.google.android.gms-apps from com.google.android.gms
06-24 03:01:53.117  5096  5138 I Icing   : Indexing done com.google.android.gms-apps
06-24 03:01:53.124  1575  1575 I AiAiEcho: AppFetcherImplV2 onPackageRemoved dev.mobile.maestro.test.
06-24 03:01:53.125  1115  1115 D Launcher.Model: package removed received dev.mobile.maestro.test
06-24 03:01:53.125  1115  1174 D PackageUpdatedTask: Removing app icondev.mobile.maestro.test
06-24 03:01:53.128  1115  1174 D ModelWriter: removing items from db . Reason: [removed because the corresponding package or component is removed. mOp=3 removedPackages=[dev.mobile.maestro.test] removedComponents=[]]
06-24 03:01:53.133  1575  2084 I AiAiEcho: EchoSearch: WidgetFetcherImpl is initialized with [28] widgets [reason=package removed for userId: 0]
06-24 03:01:53.147  1575  1960 I AiAiEcho: [pnb-agg] Reload pnb aggregation on events deleted
06-24 03:01:53.147  1575  1960 I AiAiEcho: [pnb-agg] pnb aggregation disabled.
06-24 03:01:53.198  1495  1559 W AppInfoHelper: <DWB> Application not found: dev.mobile.maestro.test
06-24 03:01:53.198  1495  1559 W AppInfoHelper: android.content.pm.PackageManager$NameNotFoundException: dev.mobile.maestro.test
06-24 03:01:53.198  1495  1559 W AppInfoHelper: 	at android.app.ApplicationPackageManager.getApplicationInfoAsUser(ApplicationPackageManager.java:507)
06-24 03:01:53.198  1495  1559 W AppInfoHelper: 	at android.app.ApplicationPackageManager.getApplicationInfo(ApplicationPackageManager.java:490)
06-24 03:01:53.198  1495  1559 W AppInfoHelper: 	at android.app.ApplicationPackageManager.getApplicationInfo(ApplicationPackageManager.java:484)
06-24 03:01:53.198  1495  1559 W AppInfoHelper: 	at czo.e(PG:2)
06-24 03:01:53.198  1495  1559 W AppInfoHelper: 	at czo.f(PG:7)
06-24 03:01:53.198  1495  1559 W AppInfoHelper: 	at crm.f(PG:14)
06-24 03:01:53.198  1495  1559 W AppInfoHelper: 	at cdm.apply(PG:74)
06-24 03:01:53.198  1495  1559 W AppInfoHelper: 	at j$.util.stream.i.accept(SourceFile:27)
06-24 03:01:53.198  1495  1559 W AppInfoHelper: 	at j$.util.stream.P0.accept(SourceFile:3)
06-24 03:01:53.198  1495  1559 W AppInfoHelper: 	at j$.util.a.forEachRemaining(SourceFile:20)
06-24 03:01:53.198  1495  1559 W AppInfoHelper: 	at j$.util.stream.c.v(SourceFile:21)
06-24 03:01:53.198  1495  1559 W AppInfoHelper: 	at j$.util.stream.c.C(SourceFile:8)
06-24 03:01:53.198  1495  1559 W AppInfoHelper: 	at j$.util.stream.I0.e(SourceFile:1)
06-24 03:01:53.198  1495  1559 W AppInfoHelper: 	at j$.util.stream.c.F(SourceFile:35)
06-24 03:01:53.198  1495  1559 W AppInfoHelper: 	at j$.util.stream.g1.collect(SourceFile:83)
06-24 03:01:53.198  1495  1559 W AppInfoHelper: 	at bsv.a(PG:14)
06-24 03:01:53.198  1495  1559 W AppInfoHelper: 	at jza.a(PG:30)
06-24 03:01:53.198  1495  1559 W AppInfoHelper: 	at jza.a(PG:42)
06-24 03:01:53.198  1495  1559 W AppInfoHelper: 	at lne.a(PG:1)
06-24 03:01:53.198  1495  1559 W AppInfoHelper: 	at lmk.run(PG:4)
06-24 03:01:53.198  1495  1559 W AppInfoHelper: 	at lng.run(PG:1)
06-24 03:01:53.198  1495  1559 W AppInfoHelper: 	at llo.run(PG:3)
06-24 03:01:53.198  1495  1559 W AppInfoHelper: 	at idn.run(PG:5)
06-24 03:01:53.198  1495  1559 W AppInfoHelper: 	at java.util.concurrent.ThreadPoolExecutor.runWorker(ThreadPoolExecutor.java:1145)
06-24 03:01:53.198  1495  1559 W AppInfoHelper: 	at java.util.concurrent.ThreadPoolExecutor$Worker.run(ThreadPoolExecutor.java:644)
06-24 03:01:53.198  1495  1559 W AppInfoHelper: 	at huo.run(PG:51)
06-24 03:01:53.198  1495  1559 W AppInfoHelper: 	at java.lang.Thread.run(Thread.java:1012)
06-24 03:01:53.198  1495  1559 W AppInfoHelper: 	at idx.run(PG:5)
06-24 03:01:53.201  1614  1614 I GsaVoiceInteractionSrv: O received Intent { act=android.intent.action.PACKAGE_REMOVED dat=package: flg=0x4000010 (has extras) }
06-24 03:01:53.211  1614  1614 I GsaVoiceInteractionSrv: O received Intent { act=android.intent.action.PACKAGE_REMOVED dat=package: flg=0x4000010 (has extras) }
06-24 03:01:53.213  1683  2186 W SearchServiceCore: Abort, client detached.
06-24 03:01:53.257   837   837 D TileServices: Couldn't find tile for ComponentInfo{com.google.android.apps.wellbeing/com.google.android.apps.wellbeing.focusmode.quicksettings.FocusModeTileService}(0)
06-24 03:01:53.275   837   837 D TileServices: Couldn't find tile for ComponentInfo{com.google.android.apps.wellbeing/com.google.android.apps.wellbeing.focusmode.quicksettings.FocusModeTileService}(0)
06-24 03:01:53.391  7773  7773 W BpBinder: Linking to death on android.gui.ISurfaceComposer but there are no threads (yet?) listening to incoming transactions. See ProcessState::startThreadPool and ProcessState::setThreadPoolMaxThreadCount. Generally you should setup the binder threadpool before other initialization steps.
06-24 03:01:53.391  7773  7773 W ProcessState: Extra binder thread started, but 0 threads requested. Do not use *startThreadPool when zero threads are requested.
06-24 03:01:53.397   134   134 I hwservicemanager: getTransport: Cannot find entry android.hardware.graphics.mapper@4.0::IMapper/default in either framework or device VINTF manifest.
06-24 03:01:53.397  7773  7774 I Gralloc4: mapper 4.x is not supported
06-24 03:01:53.593     0     0 I servicemanager: Could not find android.hardware.graphics.allocator.IAllocator/default in the VINTF manifest.
06-24 03:01:53.512  7775  7775 D AndroidRuntime: >>>>>> START com.android.internal.os.RuntimeInit uid 2000 <<<<<<
06-24 03:01:53.516  7775  7775 I AndroidRuntime: Using default boot image
06-24 03:01:53.516  7775  7775 I AndroidRuntime: Leaving lock profiling enabled
06-24 03:01:53.518  7775  7775 I app_process: Core platform API reporting enabled, enforcing=false
06-24 03:01:53.518  7775  7775 I app_process: Using CollectorTypeCC GC.
06-24 03:01:53.566  7775  7775 D nativeloader: InitDefaultPublicLibraries for_preload=1: libandroid.so:libaaudio.so:libamidi.so:libbinder_ndk.so:libc.so:libcamera2ndk.so:libdl.so:libEGL.so:libGLESv1_CM.so:libGLESv2.so:libGLESv3.so:libicu.so:libicui18n.so:libicuuc.so:libjnigraphics.so:liblog.so:libmediandk.so:libm.so:libnativehelper.so:libnativewindow.so:libOpenMAXAL.so:libOpenSLES.so:libRS.so:libstdc++.so:libsync.so:libvulkan.so:libwebviewchromium_plat_support.so:libz.so
06-24 03:01:53.574  7775  7775 D app_process: Time zone APEX ICU file found: /apex/com.android.tzdata/etc/icu/icu_tzdata.dat
06-24 03:01:53.574  7775  7775 D app_process: I18n APEX ICU file found: /apex/com.android.i18n/etc/icu/icudt72l.dat
06-24 03:01:53.578  7775  7775 W app_process: Unexpected CPU variant for x86: x86_64.
06-24 03:01:53.578  7775  7775 W app_process: Known variants: atom, sandybridge, silvermont, goldmont, goldmont-plus, tremont, kabylake, default
06-24 03:01:53.580  7775  7775 W app_process: ClassLoaderContext shared library size mismatch. Expected=2, found=0 (PCL[]{PCL[/system/framework/android.test.base.jar*836642756]#PCL[/system/framework/android.test.mock.jar*3186112116]} | PCL[])
06-24 03:01:53.580  7775  7775 W app_process: ClassLoaderContext classpath size mismatch. expected=0, found=1 (PCL[]{PCL[/system/framework/android.test.runner.jar*4168958247]{PCL[/system/framework/android.test.base.jar*836642756]#PCL[/system/framework/android.test.mock.jar*3186112116]}#PCL[/system/framework/android.test.base.jar*836642756]} | PCL[/system/framework/android.test.runner.jar*4168958247])
06-24 03:01:53.593  7775  7775 W libc    : Access denied finding property "ro.product.name_for_attestation"
06-24 03:01:53.593  7775  7775 W libc    : Access denied finding property "ro.product.brand_for_attestation"
06-24 03:01:53.593  7775  7775 W libc    : Access denied finding property "ro.product.model_for_attestation"
06-24 03:01:53.594  7775  7775 D AndroidRuntime: Calling main entry com.android.commands.uiautomator.Launcher
06-24 03:01:53.586  7775  7775 W main    : type=1400 audit(0.0:77): avc:  denied  { read } for  name="u:object_r:build_attestation_prop:s0" dev="tmpfs" ino=86 scontext=u:r:shell:s0 tcontext=u:object_r:build_attestation_prop:s0 tclass=file permissive=0
06-24 03:01:53.586  7775  7775 W main    : type=1400 audit(0.0:78): avc:  denied  { read } for  name="u:object_r:build_attestation_prop:s0" dev="tmpfs" ino=86 scontext=u:r:shell:s0 tcontext=u:object_r:build_attestation_prop:s0 tclass=file permissive=0
06-24 03:01:53.602  7775  7775 D UiAutomationConnection: Created on user UserHandle{0}
06-24 03:01:53.602  7775  7775 I UiAutomation: Initialized for user 0 on display 0
06-24 03:01:53.602  7775  7775 W UiAutomation: Created with deprecatead constructor, assumes DEFAULT_DISPLAY
06-24 03:01:53.586  7775  7775 W main    : type=1400 audit(0.0:79): avc:  denied  { read } for  name="u:object_r:build_attestation_prop:s0" dev="tmpfs" ino=86 scontext=u:r:shell:s0 tcontext=u:object_r:build_attestation_prop:s0 tclass=file permissive=0
06-24 03:01:53.604   522  2459 D AccessibilityManagerService: changeCurrentUserForTestAutomationIfNeededLocked(0): ignoring because device doesn't support visible background users
06-24 03:01:53.604   522  2459 I UiAutomationManager: Registering UiTestAutomationService (id=com.android.server.accessibility/UiAutomation) when called by user 0
06-24 03:01:53.606   522  2459 W WindowMagnificationMgr: requestConnection duplicated request: connect=false, mConnectionState=DISCONNECTED
06-24 03:01:53.606  1575  2721 I AiAiEcho: Settings changed for uri: content://settings/secure/accessibility_enabled
06-24 03:01:53.607   522   522 D BatterySaverPolicy: accessibility changed to true, updating policy.
06-24 03:01:53.608  7775  7789 V UiAutomation: Init UiAutomation@9f52520[id=9, displayId=0, flags=0]
06-24 03:01:53.608  1683  2115 I A       : NGA disabled since it's running Panthera and at least one a11y feature is on.
06-24 03:01:53.608  1683  2115 I A       : Nga state changed to NgaStateDetails{state=DISABLED, isSpecialExperience=false}
06-24 03:01:53.608  1575  1960 I AiAiEcho: Predicting[0]: 
06-24 03:01:53.608  1575  1960 I AiAiEcho: EchoTargets: 
06-24 03:01:53.608  1575  1960 I AiAiEcho: Filtered by AiAi flag check: 
06-24 03:01:53.608  1575  1960 I AiAiEcho: Ranked targets strategy: SORT, count: 0, ranking metadata: 
06-24 03:01:53.608  1575  1960 I AiAiEcho: Predicting[0]: 
06-24 03:01:53.608  1575  1960 I AiAiEcho: EchoTargets: 
06-24 03:01:53.608  1575  1960 I AiAiEcho: Filtered by AiAi flag check: 
06-24 03:01:53.608  1575  1960 I AiAiEcho: Ranked targets strategy: SORT, count: 0, ranking metadata: 
06-24 03:01:53.609  1575  1960 I AiAiEcho: #postPredictionTargets: Sending updates to UISurface lockscreen with targets# 0 (types=[])
06-24 03:01:53.609  1575  1960 I AiAiEcho: #postPredictionTargets: Sending updates to UISurface home with targets# 0 (types=[])
06-24 03:01:53.611  1614  4832 I A       : APA or Classic session decision: SessionDecision(sessionVariance=CLASSIC, platformVariance=CLASSIC, justification=CURRENT_PLATFORM_VARIANCE).
06-24 03:01:53.611  1614  4832 I A       : [Memory] eligibility: StashEligibility{4}
06-24 03:01:53.611  1614  2067 I A       : Unsubscribed to apa or classic variant change.
06-24 03:01:53.612  1575  2721 I AiAiEcho: Settings changed for uri: content://settings/secure/accessibility_enabled
06-24 03:01:53.612  1575  1960 I AiAiEcho: Predicting[0]: 
06-24 03:01:53.612  1575  1960 I AiAiEcho: EchoTargets: 
06-24 03:01:53.612  1575  1960 I AiAiEcho: Filtered by AiAi flag check: 
06-24 03:01:53.612  1575  1960 I AiAiEcho: Ranked targets strategy: SORT, count: 0, ranking metadata: 
06-24 03:01:53.612  1575  1960 I AiAiEcho: Predicting[0]: 
06-24 03:01:53.612  1575  1960 I AiAiEcho: EchoTargets: 
06-24 03:01:53.612  1575  1960 I AiAiEcho: Filtered by AiAi flag check: 
06-24 03:01:53.612  1575  1960 I AiAiEcho: Ranked targets strategy: SORT, count: 0, ranking metadata: 
06-24 03:01:53.612  1575  1960 I AiAiEcho: #postPredictionTargets: Sending updates to UISurface lockscreen with targets# 0 (types=[])
06-24 03:01:53.612  1575  1960 I AiAiEcho: #postPredictionTargets: Sending updates to UISurface home with targets# 0 (types=[])
06-24 03:01:53.613   522  2459 W WindowMagnificationMgr: requestConnection duplicated request: connect=false, mConnectionState=DISCONNECTED
06-24 03:01:53.614   837   837 W PageIndicator: Total number of pages invalid: 0. Assuming 1 page.
06-24 03:01:53.615   837   837 W PageIndicator: Total number of pages invalid: 0. Assuming 1 page.
06-24 03:01:53.619   522   951 D SafetySourceDataValidator: No cert check requested for package com.google.android.permissioncontroller
06-24 03:01:53.802   522   614 I RoleService: Granting default roles...
06-24 03:01:53.811   851  7734 E RoleControllerServiceImpl: Default/fallback role holder package doesn't qualify for the role, package: com.google.android.gms.supervision, role: android.app.role.SYSTEM_SUPERVISION
06-24 03:01:53.812   851  7734 I Role    : com.google.android.gms not qualified for android.app.role.SYSTEM_CALL_STREAMING due to missing RequiredComponent{mIntentFilterData=IntentFilterData{mAction='android.telecom.CallStreamingService', mCategories='[]', mDataScheme='null', mDataType='null'}, mMinTargetSdkVersion=1, mFlags='0', mPermission='android.permission.BIND_CALL_STREAMING_SERVICE', mQueryFlags=0, mMetaData=[]}
06-24 03:01:53.812   851  7734 E RoleControllerServiceImpl: Default/fallback role holder package doesn't qualify for the role, package: com.google.android.gms, role: android.app.role.SYSTEM_CALL_STREAMING
06-24 03:01:53.813   851  7734 W Role    : Default holder doesn't have required signing certificate: com.google.android.apps.work.clouddpc:23962F4B43B9857638EA66F4D419518EAE282491ACDA4B94707BD59003C45E58
06-24 03:01:53.984  5096  5138 I ContentMaintenance: Internal cache bytes used: 0; limit: 100000000; download size: 0
06-24 03:01:53.985  5096  5138 I RealtimeCacheCleanup: Beginning Realtime garbage collection.
06-24 03:01:53.985  5096  5138 I RealtimeCacheCleanup: Finished Realtime garbage collection.
06-24 03:01:54.088  7458  7459 I AidlLazyServiceRegistrar: Process has 0 (of 1 available) client(s) in use after notification artd has clients: 0
06-24 03:01:54.088  7458  7459 I AidlLazyServiceRegistrar: Trying to shut down the service. No clients in use for any service in process.
06-24 03:01:54.284     0     0 I servicemanager: Notifying artd they don't (previously: do) have clients when we now have no record of a client
06-24 03:01:54.286     0     0 I servicemanager: Unregistering artd
06-24 03:01:54.287     0     0 I BpBinder: onLastStrongRef automatically unlinking death recipients:
06-24 03:01:54.090  7458  7459 I AidlLazyServiceRegistrar: Unregistered all clients and exiting
06-24 03:01:54.290     0     0 I init    : Service 'artd' (pid 7458) exited with status 0 oneshot service took 51.508999 seconds in background
06-24 03:01:54.291     0     0 I init    : Sending signal 9 to service 'artd' (pid 7458) process group...
06-24 03:01:54.293     0     0 I libprocessgroup: Successfully killed process cgroup uid 1082 pid 7458 in 0ms
06-24 03:01:54.619  7775  7775 I AccessibilityNodeInfoDumper: Skipping invisible child: android.view.accessibility.AccessibilityNodeInfo@128bf; boundsInParent: Rect(0, 0 - 320, 0); boundsInScreen: Rect(0, 0 - 320, 0); boundsInWindow: Rect(0, 0 - 320, 0); packageName: com.hanapkalinga.mobile; className: android.widget.LinearLayout; text: null; error: null; maxTextLength: -1; stateDescription: null; contentDescription: null; tooltipText: null; containerTitle: null; viewIdResName: null; uniqueId: null; checkable: false; checked: false; focusable: false; focused: false; selected: false; clickable: false; longClickable: false; contextClickable: false; enabled: true; password: false; scrollable: false; importantForAccessibility: false; visible: false; actions: [AccessibilityAction: ACTION_SELECT - null, AccessibilityAction: ACTION_CLEAR_SELECTION - null, AccessibilityAction: ACTION_ACCESSIBILITY_FOCUS - null, AccessibilityAction: ACTION_SHOW_ON_SCREEN - null]; isTextSelectable: false
06-24 03:01:54.619  7775  7775 I AccessibilityNodeInfoDumper: Skipping invisible child: android.view.accessibility.AccessibilityNodeInfo@124fe; boundsInParent: Rect(0, 0 - 320, 0); boundsInScreen: Rect(0, 0 - 320, 0); boundsInWindow: Rect(0, 0 - 320, 0); packageName: com.hanapkalinga.mobile; className: android.view.ViewGroup; text: null; error: null; maxTextLength: -1; stateDescription: null; contentDescription: null; tooltipText: null; containerTitle: null; viewIdResName: null; uniqueId: null; checkable: false; checked: false; focusable: false; focused: false; selected: false; clickable: false; longClickable: false; contextClickable: false; enabled: true; password: false; scrollable: false; importantForAccessibility: false; visible: false; actions: [AccessibilityAction: ACTION_SELECT - null, AccessibilityAction: ACTION_CLEAR_SELECTION - null, AccessibilityAction: ACTION_ACCESSIBILITY_FOCUS - null, AccessibilityAction: ACTION_SHOW_ON_SCREEN - null]; isTextSelectable: false
06-24 03:01:54.619  7775  7775 I AccessibilityNodeInfoDumper: Skipping invisible child: android.view.accessibility.AccessibilityNodeInfo@1a4a0; boundsInParent: Rect(0, 0 - 320, 0); boundsInScreen: Rect(0, 0 - 320, 0); boundsInWindow: Rect(0, 0 - 320, 0); packageName: com.hanapkalinga.mobile; className: android.widget.LinearLayout; text: null; error: null; maxTextLength: -1; stateDescription: null; contentDescription: null; tooltipText: null; containerTitle: null; viewIdResName: null; uniqueId: null; checkable: false; checked: false; focusable: false; focused: false; selected: false; clickable: false; longClickable: false; contextClickable: false; enabled: true; password: false; scrollable: false; importantForAccessibility: false; visible: false; actions: [AccessibilityAction: ACTION_SELECT - null, AccessibilityAction: ACTION_CLEAR_SELECTION - null, AccessibilityAction: ACTION_ACCESSIBILITY_FOCUS - null, AccessibilityAction: ACTION_SHOW_ON_SCREEN - null]; isTextSelectable: false
06-24 03:01:54.619  7775  7775 I AccessibilityNodeInfoDumper: Skipping invisible child: android.view.accessibility.AccessibilityNodeInfo@1a0df; boundsInParent: Rect(0, 0 - 320, 0); boundsInScreen: Rect(0, 0 - 320, 0); boundsInWindow: Rect(0, 0 - 320, 0); packageName: com.hanapkalinga.mobile; className: android.view.ViewGroup; text: null; error: null; maxTextLength: -1; stateDescription: null; contentDescription: null; tooltipText: null; containerTitle: null; viewIdResName: null; uniqueId: null; checkable: false; checked: false; focusable: false; focused: false; selected: false; clickable: false; longClickable: false; contextClickable: false; enabled: true; password: false; scrollable: false; importantForAccessibility: false; visible: false; actions: [AccessibilityAction: ACTION_SELECT - null, AccessibilityAction: ACTION_CLEAR_SELECTION - null, AccessibilityAction: ACTION_ACCESSIBILITY_FOCUS - null, AccessibilityAction: ACTION_SHOW_ON_SCREEN - null]; isTextSelectable: false
06-24 03:01:54.620  7775  7775 W AccessibilityNodeInfoDumper: Fetch time: 3ms
06-24 03:01:54.622   522  2137 W WindowMagnificationMgr: requestConnection duplicated request: connect=false, mConnectionState=DISCONNECTED
06-24 03:01:54.622   522  2137 D AccessibilityManagerService: restoreCurrentUserForTestAutomationIfNeededLocked(): ignoring because device doesn't support visible background users
06-24 03:01:54.622  1575  2721 I AiAiEcho: Settings changed for uri: content://settings/secure/accessibility_enabled
06-24 03:01:54.623  7775  7775 D AndroidRuntime: Shutting down VM
06-24 03:01:54.623  1575  1960 I AiAiEcho: Predicting[0]: 
06-24 03:01:54.624  1575  1960 I AiAiEcho: EchoTargets: 
06-24 03:01:54.624  1575  1960 I AiAiEcho: Filtered by AiAi flag check: 
06-24 03:01:54.624  1575  1960 I AiAiEcho: Ranked targets strategy: SORT, count: 0, ranking metadata: 
06-24 03:01:54.624  1575  1960 I AiAiEcho: Predicting[0]: 
06-24 03:01:54.624  1575  1960 I AiAiEcho: EchoTargets: 
06-24 03:01:54.624  1575  1960 I AiAiEcho: Filtered by AiAi flag check: 
06-24 03:01:54.624  1575  1960 I AiAiEcho: Ranked targets strategy: SORT, count: 0, ranking metadata: 
06-24 03:01:54.624  1575  1960 I AiAiEcho: #postPredictionTargets: Sending updates to UISurface lockscreen with targets# 0 (types=[])
06-24 03:01:54.625  1575  1960 I AiAiEcho: #postPredictionTargets: Sending updates to UISurface home with targets# 0 (types=[])
06-24 03:01:54.625  1683  2103 I A       : NGA enabled in interactor.
06-24 03:01:54.625  1683  2103 I A       : Nga state changed to NgaStateDetails{state=ENABLED, isSpecialExperience=false}
06-24 03:01:54.627  1614  4832 I A       : Initializing all components
06-24 03:01:54.628   522   522 D BatterySaverPolicy: accessibility changed to false, updating policy.
06-24 03:01:54.629  1614  4832 I A       : APA or Classic session decision: SessionDecision(sessionVariance=CLASSIC, platformVariance=CLASSIC, justification=CURRENT_PLATFORM_VARIANCE).
06-24 03:01:54.629  1614  4832 I A       : [Memory] eligibility: StashEligibility{6}
06-24 03:01:54.629  1614  2051 I A       : onIsEnabledChanged, isEnabled: false
06-24 03:01:54.629  1614  2051 W A       : Disposing empty manager. Did you forgot to subscribe observables?
06-24 03:01:54.630  1614  2051 W A       : Disposing empty manager. Did you forgot to subscribe observables?
06-24 03:01:54.630  1614  2051 W A       : Disposing empty manager. Did you forgot to subscribe observables?
06-24 03:01:54.630  1614  2051 W A       : Disposing empty manager. Did you forgot to subscribe observables?
06-24 03:01:54.630  1614  2051 W A       : Disposing empty manager. Did you forgot to subscribe observables?
06-24 03:01:54.630  1614  2051 W A       : Disposing empty manager. Did you forgot to subscribe observables?
06-24 03:01:54.630  1614  2051 W A       : Disposing empty manager. Did you forgot to subscribe observables?
06-24 03:01:54.630  1614  2051 W A       : Disposing empty manager. Did you forgot to subscribe observables?
06-24 03:01:54.630  1614  2051 W A       : Disposing empty manager. Did you forgot to subscribe observables?
06-24 03:01:54.630  1614  2051 W A       : Disposing empty manager. Did you forgot to subscribe observables?
06-24 03:01:54.630  1614  2051 I A       : onOpaVisibilityChanged: false
06-24 03:01:54.630  1614  2051 W A       : Disposing empty manager. Did you forgot to subscribe observables?
06-24 03:01:54.630  1614  2051 W A       : Disposing empty manager. Did you forgot to subscribe observables?
06-24 03:01:54.631  1614  2051 W A       : Disposing empty manager. Did you forgot to subscribe observables?
06-24 03:01:54.631  1614  2051 W A       : Disposing empty manager. Did you forgot to subscribe observables?
06-24 03:01:54.631  1614  2067 I A       : State changed: IDLE => IDLE by NGA_STATE_CHANGED and N/A with Optional.empty
06-24 03:01:54.633  1614  2067 I A       : Recognizer choice: (recognizer_type: 1, recognizer_mode: 1, choice_reason: 4)
06-24 03:01:54.633  1614  2067 I A       : onActiveStateChangeEvent: IDLE => IDLE
06-24 03:01:54.633  1614  2067 I A       : #onActiveStateChangeEvent, newState: IDLE, previousState: IDLE.
06-24 03:01:54.634  1614  2051 W A       : Disposing empty manager. Did you forgot to subscribe observables?
06-24 03:01:54.634  1614  2051 W A       : Disposing empty manager. Did you forgot to subscribe observables?
06-24 03:01:54.634  1614  2051 I A       : Setting session to type: NO_SESSION
06-24 03:01:54.634  1614  2051 W A       : Disposing empty manager. Did you forgot to subscribe observables?
06-24 03:01:54.635  1614  2051 W A       : Disposing empty manager. Did you forgot to subscribe observables?
06-24 03:01:54.635  1614  2051 W A       : Disposing empty manager. Did you forgot to subscribe observables?
06-24 03:01:54.635  1614  2051 W A       : Disposing empty manager. Did you forgot to subscribe observables?
06-24 03:01:54.635  1614  2051 W A       : Disposing empty manager. Did you forgot to subscribe observables?
06-24 03:01:54.635  1614  2051 W A       : Disposing empty manager. Did you forgot to subscribe observables?
06-24 03:01:54.635  1614  2051 W A       : Disposing empty manager. Did you forgot to subscribe observables?
06-24 03:01:54.636  1614  2051 W A       : Disposing empty manager. Did you forgot to subscribe observables?
06-24 03:01:54.636  1614  2051 I A       : setNavBarVisible: GestureNavBarVisible{navbarVisible=true}
06-24 03:01:54.636  1614  2051 W A       : Disposing empty manager. Did you forgot to subscribe observables?
06-24 03:01:54.636  1614  2051 W A       : Disposing empty manager. Did you forgot to subscribe observables?
06-24 03:01:54.636   837   837 W PageIndicator: Total number of pages invalid: 0. Assuming 1 page.
06-24 03:01:54.636  1614  2051 W A       : Disposing empty manager. Did you forgot to subscribe observables?
06-24 03:01:54.636  1614  2051 W A       : Disposing empty manager. Did you forgot to subscribe observables?
06-24 03:01:54.636  1614  2051 W A       : Disposing empty manager. Did you forgot to subscribe observables?
06-24 03:01:54.636  1614  2051 W A       : Disposing empty manager. Did you forgot to subscribe observables?
06-24 03:01:54.637  1614  2051 I A       : onDisabled. Registered: false
06-24 03:01:54.637  1614  2051 I A       : on opa visibility changed false
06-24 03:01:54.638  1614  2051 I A       : on opa visibility changed false
06-24 03:01:54.638  1614  2051 I A       : stopListening(NGA_PAUSED_UNKNOWN_REASON, NGA_CREATE), idleOverride=NOT_LISTENING
06-24 03:01:54.638  1614  2067 I A       : Initialize
06-24 03:01:54.639  1614  2051 I NgaEntryPointEventSendr: setupConnection
06-24 03:01:54.642  1683  1683 I A       : Creating pss binder().
06-24 03:01:54.642  1614  2051 I NgaEntryPointEventSendr: State changed: Disconnected => Connecting
06-24 03:01:54.643  1614  2051 I NgaEntryPointEventSendr: onServiceConnected
06-24 03:01:54.643  1683  1804 I A       : Calling beginBinderSession().
06-24 03:01:54.643  1683  1804 I A       : beginBinderSession(): calling binder
06-24 03:01:54.643  1614  2051 I NgaEntryPointEventSendr: State changed: Connecting => Ready
06-24 03:01:54.645  1614  2067 I A       : Successfully initialized all components
06-24 03:01:54.645   522  2137 W ActivityManager: Unable to start service Intent { cmp=com.google.android.apps.tachyon/.clientapi.ClientApiService } U=0: not found
06-24 03:01:54.653  1614  2067 I NgaEntryPointEventSendr: State changed: Ready => Disconnected (onOpaDisconnected)
06-24 03:01:54.654  1683  2186 W A       : UiCallbackStub-onGenericEvent[ServiceEvent = 60] task was not run. Callback from Service received after client was disposed.
06-24 03:01:54.654  1683  2955 I PBSessionCacheImpl: Deleted sessionId[7403694547980437] from persistence.
06-24 03:01:54.655  1683  2186 W SearchServiceCore: Abort, client detached.
06-24 03:01:55.101   823   823 I wpa_supplicant: wlan0: CTRL-EVENT-BEACON-LOSS 
