06-24 03:00:52.698  7274  7274 W main    : type=1400 audit(0.0:70): avc:  denied  { read } for  name="u:object_r:build_attestation_prop:s0" dev="tmpfs" ino=86 scontext=u:r:shell:s0 tcontext=u:object_r:build_attestation_prop:s0 tclass=file permissive=0
06-24 03:00:52.708   522   600 W WindowMagnificationMgr: requestConnection duplicated request: connect=false, mConnectionState=DISCONNECTED
06-24 03:00:52.709   522   522 D BatterySaverPolicy: accessibility changed to true, updating policy.
06-24 03:00:52.710  1683  2103 I A       : NGA disabled since it's running Panthera and at least one a11y feature is on.
06-24 03:00:52.710  1683  2103 I A       : Nga state changed to NgaStateDetails{state=DISABLED, isSpecialExperience=false}
06-24 03:00:52.711  1575  1622 I AiAiEcho: Settings changed for uri: content://settings/secure/accessibility_enabled
06-24 03:00:52.711  1575  1960 I AiAiEcho: Predicting[0]: 
06-24 03:00:52.711  1575  1960 I AiAiEcho: EchoTargets: 
06-24 03:00:52.711  1575  1960 I AiAiEcho: Filtered by AiAi flag check: 
06-24 03:00:52.712  1575  1960 I AiAiEcho: Ranked targets strategy: SORT, count: 0, ranking metadata: 
06-24 03:00:52.712  1575  1960 I AiAiEcho: Predicting[0]: 
06-24 03:00:52.712  1575  1960 I AiAiEcho: EchoTargets: 
06-24 03:00:52.712  1575  1960 I AiAiEcho: Filtered by AiAi flag check: 
06-24 03:00:52.712  1575  1960 I AiAiEcho: Ranked targets strategy: SORT, count: 0, ranking metadata: 
06-24 03:00:52.712  1575  1960 I AiAiEcho: #postPredictionTargets: Sending updates to UISurface lockscreen with targets# 0 (types=[])
06-24 03:00:52.712  1575  1960 I AiAiEcho: #postPredictionTargets: Sending updates to UISurface home with targets# 0 (types=[])
06-24 03:00:52.713  1614  1643 I A       : APA or Classic session decision: SessionDecision(sessionVariance=CLASSIC, platformVariance=CLASSIC, justification=CURRENT_PLATFORM_VARIANCE).
06-24 03:00:52.713  1614  1643 I A       : [Memory] eligibility: StashEligibility{4}
06-24 03:00:52.713  1614  2051 I A       : Unsubscribed to apa or classic variant change.
06-24 03:00:52.698  7274  7274 W main    : type=1400 audit(0.0:71): avc:  denied  { read } for  name="u:object_r:build_attestation_prop:s0" dev="tmpfs" ino=86 scontext=u:r:shell:s0 tcontext=u:object_r:build_attestation_prop:s0 tclass=file permissive=0
06-24 03:00:52.698  7274  7274 W main    : type=1400 audit(0.0:72): avc:  denied  { read } for  name="u:object_r:build_attestation_prop:s0" dev="tmpfs" ino=86 scontext=u:r:shell:s0 tcontext=u:object_r:build_attestation_prop:s0 tclass=file permissive=0
06-24 03:00:52.722  7274  7288 V UiAutomation: Init UiAutomation@9365a1b[id=7, displayId=0, flags=0]
06-24 03:00:52.726   522   824 W WindowMagnificationMgr: requestConnection duplicated request: connect=false, mConnectionState=DISCONNECTED
06-24 03:00:52.726  1575  1622 I AiAiEcho: Settings changed for uri: content://settings/secure/accessibility_enabled
06-24 03:00:52.726  1575  1960 I AiAiEcho: Predicting[0]: 
06-24 03:00:52.726  1575  1960 I AiAiEcho: EchoTargets: 
06-24 03:00:52.726  1575  1960 I AiAiEcho: Filtered by AiAi flag check: 
06-24 03:00:52.726  1575  1960 I AiAiEcho: Ranked targets strategy: SORT, count: 0, ranking metadata: 
06-24 03:00:52.726  1575  1960 I AiAiEcho: Predicting[0]: 
06-24 03:00:52.726  1575  1960 I AiAiEcho: EchoTargets: 
06-24 03:00:52.726  1575  1960 I AiAiEcho: Filtered by AiAi flag check: 
06-24 03:00:52.727  1575  1960 I AiAiEcho: Ranked targets strategy: SORT, count: 0, ranking metadata: 
06-24 03:00:52.727  1575  1960 I AiAiEcho: #postPredictionTargets: Sending updates to UISurface lockscreen with targets# 0 (types=[])
06-24 03:00:52.727  1575  1960 I AiAiEcho: #postPredictionTargets: Sending updates to UISurface home with targets# 0 (types=[])
06-24 03:00:52.727   837   837 W PageIndicator: Total number of pages invalid: 0. Assuming 1 page.
06-24 03:00:52.727   837   837 W PageIndicator: Total number of pages invalid: 0. Assuming 1 page.
06-24 03:00:52.730   522   600 D SafetySourceDataValidator: No cert check requested for package com.google.android.permissioncontroller
06-24 03:00:53.085   837   837 D StatusBarIconController: ignoring old pipeline callbacks, because the new mobile icons are enabled
06-24 03:00:53.191  5040  5251 I NearbyDiscovery: FastPair: isDestroyable: Scanner is alive. [CONTEXT service_id=265 ]
06-24 03:00:53.191  5040  5251 I NearbyDiscovery: DiscoveryService: Skip stopSelf(), fast pair controller is not destroyable. [CONTEXT service_id=265 ]
06-24 03:00:53.250  7045  7063 D EGL_emulation: app_time_stats: avg=496.60ms min=490.62ms max=499.74ms count=3
06-24 03:00:53.266  5096  5267 I FastPair: ServiceBindHelper: auto unpin triggered, uri = content://com.google.android.gms.nearby.fastpair/method_bind_service_for_discovery_item?is_bind=false
06-24 03:00:53.267  5096  5267 I FastPair: ServiceBindHelper.onSliceUnpinned, unpin slice, uri = content://com.google.android.gms.nearby.fastpair/method_bind_service_for_discovery_item?is_bind=false
06-24 03:00:53.730  7274  7274 I AccessibilityNodeInfoDumper: Skipping invisible child: android.view.accessibility.AccessibilityNodeInfo@128af; boundsInParent: Rect(0, 0 - 320, 0); boundsInScreen: Rect(0, 0 - 320, 0); boundsInWindow: Rect(0, 0 - 320, 0); packageName: com.hanapkalinga.mobile; className: android.widget.LinearLayout; text: null; error: null; maxTextLength: -1; stateDescription: null; contentDescription: null; tooltipText: null; containerTitle: null; viewIdResName: null; uniqueId: null; checkable: false; checked: false; focusable: false; focused: false; selected: false; clickable: false; longClickable: false; contextClickable: false; enabled: true; password: false; scrollable: false; importantForAccessibility: false; visible: false; actions: [AccessibilityAction: ACTION_SELECT - null, AccessibilityAction: ACTION_CLEAR_SELECTION - null, AccessibilityAction: ACTION_ACCESSIBILITY_FOCUS - null, AccessibilityAction: ACTION_SHOW_ON_SCREEN - null]; isTextSelectable: false
06-24 03:00:53.730  7274  7274 I AccessibilityNodeInfoDumper: Skipping invisible child: android.view.accessibility.AccessibilityNodeInfo@124ee; boundsInParent: Rect(0, 0 - 320, 0); boundsInScreen: Rect(0, 0 - 320, 0); boundsInWindow: Rect(0, 0 - 320, 0); packageName: com.hanapkalinga.mobile; className: android.view.ViewGroup; text: null; error: null; maxTextLength: -1; stateDescription: null; contentDescription: null; tooltipText: null; containerTitle: null; viewIdResName: null; uniqueId: null; checkable: false; checked: false; focusable: false; focused: false; selected: false; clickable: false; longClickable: false; contextClickable: false; enabled: true; password: false; scrollable: false; importantForAccessibility: false; visible: false; actions: [AccessibilityAction: ACTION_SELECT - null, AccessibilityAction: ACTION_CLEAR_SELECTION - null, AccessibilityAction: ACTION_ACCESSIBILITY_FOCUS - null, AccessibilityAction: ACTION_SHOW_ON_SCREEN - null]; isTextSelectable: false
06-24 03:00:53.730  7274  7274 I AccessibilityNodeInfoDumper: Skipping invisible child: android.view.accessibility.AccessibilityNodeInfo@1a490; boundsInParent: Rect(0, 0 - 320, 0); boundsInScreen: Rect(0, 0 - 320, 0); boundsInWindow: Rect(0, 0 - 320, 0); packageName: com.hanapkalinga.mobile; className: android.widget.LinearLayout; text: null; error: null; maxTextLength: -1; stateDescription: null; contentDescription: null; tooltipText: null; containerTitle: null; viewIdResName: null; uniqueId: null; checkable: false; checked: false; focusable: false; focused: false; selected: false; clickable: false; longClickable: false; contextClickable: false; enabled: true; password: false; scrollable: false; importantForAccessibility: false; visible: false; actions: [AccessibilityAction: ACTION_SELECT - null, AccessibilityAction: ACTION_CLEAR_SELECTION - null, AccessibilityAction: ACTION_ACCESSIBILITY_FOCUS - null, AccessibilityAction: ACTION_SHOW_ON_SCREEN - null]; isTextSelectable: false
06-24 03:00:53.730  7274  7274 I AccessibilityNodeInfoDumper: Skipping invisible child: android.view.accessibility.AccessibilityNodeInfo@1a0cf; boundsInParent: Rect(0, 0 - 320, 0); boundsInScreen: Rect(0, 0 - 320, 0); boundsInWindow: Rect(0, 0 - 320, 0); packageName: com.hanapkalinga.mobile; className: android.view.ViewGroup; text: null; error: null; maxTextLength: -1; stateDescription: null; contentDescription: null; tooltipText: null; containerTitle: null; viewIdResName: null; uniqueId: null; checkable: false; checked: false; focusable: false; focused: false; selected: false; clickable: false; longClickable: false; contextClickable: false; enabled: true; password: false; scrollable: false; importantForAccessibility: false; visible: false; actions: [AccessibilityAction: ACTION_SELECT - null, AccessibilityAction: ACTION_CLEAR_SELECTION - null, AccessibilityAction: ACTION_ACCESSIBILITY_FOCUS - null, AccessibilityAction: ACTION_SHOW_ON_SCREEN - null]; isTextSelectable: false
06-24 03:00:53.736  7274  7274 W AccessibilityNodeInfoDumper: Fetch time: 9ms
06-24 03:00:53.738   522   600 W WindowMagnificationMgr: requestConnection duplicated request: connect=false, mConnectionState=DISCONNECTED
06-24 03:00:53.738   522   600 D AccessibilityManagerService: restoreCurrentUserForTestAutomationIfNeededLocked(): ignoring because device doesn't support visible background users
06-24 03:00:53.738  1575  1622 I AiAiEcho: Settings changed for uri: content://settings/secure/accessibility_enabled
06-24 03:00:53.738  1575  1960 I AiAiEcho: Predicting[0]: 
06-24 03:00:53.738  1575  1960 I AiAiEcho: EchoTargets: 
06-24 03:00:53.738  1575  1960 I AiAiEcho: Filtered by AiAi flag check: 
06-24 03:00:53.739  1575  1960 I AiAiEcho: Ranked targets strategy: SORT, count: 0, ranking metadata: 
06-24 03:00:53.739  7274  7274 D AndroidRuntime: Shutting down VM
06-24 03:00:53.740  1575  1960 I AiAiEcho: Predicting[0]: 
06-24 03:00:53.740  1575  1960 I AiAiEcho: EchoTargets: 
06-24 03:00:53.740  1575  1960 I AiAiEcho: Filtered by AiAi flag check: 
06-24 03:00:53.740  1575  1960 I AiAiEcho: Ranked targets strategy: SORT, count: 0, ranking metadata: 
06-24 03:00:53.740   522   522 D BatterySaverPolicy: accessibility changed to false, updating policy.
06-24 03:00:53.741  1575  1960 I AiAiEcho: #postPredictionTargets: Sending updates to UISurface lockscreen with targets# 0 (types=[])
06-24 03:00:53.741  1683  2129 I A       : NGA enabled in interactor.
06-24 03:00:53.742  1683  2129 I A       : Nga state changed to NgaStateDetails{state=ENABLED, isSpecialExperience=false}
06-24 03:00:53.744  1614  6274 I A       : Initializing all components
06-24 03:00:53.745  1614  2051 I A       : onIsEnabledChanged, isEnabled: false
06-24 03:00:53.745  1614  2051 W A       : Disposing empty manager. Did you forgot to subscribe observables?
06-24 03:00:53.745  1614  2051 W A       : Disposing empty manager. Did you forgot to subscribe observables?
06-24 03:00:53.746  1614  2051 W A       : Disposing empty manager. Did you forgot to subscribe observables?
06-24 03:00:53.746  1614  2051 W A       : Disposing empty manager. Did you forgot to subscribe observables?
06-24 03:00:53.746  1614  2051 W A       : Disposing empty manager. Did you forgot to subscribe observables?
06-24 03:00:53.746  1614  2051 W A       : Disposing empty manager. Did you forgot to subscribe observables?
06-24 03:00:53.746  1614  2051 W A       : Disposing empty manager. Did you forgot to subscribe observables?
06-24 03:00:53.747  1614  2051 W A       : Disposing empty manager. Did you forgot to subscribe observables?
06-24 03:00:53.747  1614  2051 W A       : Disposing empty manager. Did you forgot to subscribe observables?
06-24 03:00:53.747  1614  2051 W A       : Disposing empty manager. Did you forgot to subscribe observables?
06-24 03:00:53.747  1614  2051 I A       : onOpaVisibilityChanged: false
06-24 03:00:53.747  1614  2051 W A       : Disposing empty manager. Did you forgot to subscribe observables?
06-24 03:00:53.747  1614  2051 W A       : Disposing empty manager. Did you forgot to subscribe observables?
06-24 03:00:53.747  1614  2051 W A       : Disposing empty manager. Did you forgot to subscribe observables?
06-24 03:00:53.747  1614  2051 W A       : Disposing empty manager. Did you forgot to subscribe observables?
06-24 03:00:53.747  1614  2051 W A       : Disposing empty manager. Did you forgot to subscribe observables?
06-24 03:00:53.747  1614  2051 W A       : Disposing empty manager. Did you forgot to subscribe observables?
06-24 03:00:53.747  1614  2051 I A       : Setting session to type: NO_SESSION
06-24 03:00:53.750  1614  2051 W A       : Disposing empty manager. Did you forgot to subscribe observables?
06-24 03:00:53.750  1614  2051 W A       : Disposing empty manager. Did you forgot to subscribe observables?
06-24 03:00:53.750  1614  2051 W A       : Disposing empty manager. Did you forgot to subscribe observables?
06-24 03:00:53.750  1614  2051 W A       : Disposing empty manager. Did you forgot to subscribe observables?
06-24 03:00:53.750  1614  2051 W A       : Disposing empty manager. Did you forgot to subscribe observables?
06-24 03:00:53.750  1614  2051 W A       : Disposing empty manager. Did you forgot to subscribe observables?
06-24 03:00:53.750  1614  2051 W A       : Disposing empty manager. Did you forgot to subscribe observables?
06-24 03:00:53.750  1614  2051 W A       : Disposing empty manager. Did you forgot to subscribe observables?
06-24 03:00:53.750  1614  2051 I A       : setNavBarVisible: GestureNavBarVisible{navbarVisible=true}
06-24 03:00:53.750  1614  2051 W A       : Disposing empty manager. Did you forgot to subscribe observables?
06-24 03:00:53.750  1614  2051 W A       : Disposing empty manager. Did you forgot to subscribe observables?
06-24 03:00:53.750  1614  2051 W A       : Disposing empty manager. Did you forgot to subscribe observables?
06-24 03:00:53.750  1614  2051 W A       : Disposing empty manager. Did you forgot to subscribe observables?
06-24 03:00:53.751  1614  2051 W A       : Disposing empty manager. Did you forgot to subscribe observables?
06-24 03:00:53.751  1614  2051 W A       : Disposing empty manager. Did you forgot to subscribe observables?
06-24 03:00:53.751  1614  2051 I A       : onDisabled. Registered: false
06-24 03:00:53.751  1614  2051 I A       : stopListening(NGA_PAUSED_UNKNOWN_REASON, NGA_CREATE), idleOverride=NOT_LISTENING
06-24 03:00:53.752  1614  6274 I A       : APA or Classic session decision: SessionDecision(sessionVariance=CLASSIC, platformVariance=CLASSIC, justification=CURRENT_PLATFORM_VARIANCE).
06-24 03:00:53.752  1614  6274 I A       : [Memory] eligibility: StashEligibility{6}
06-24 03:00:53.753  1614  2067 I A       : Initialize
06-24 03:00:53.753  1614  2051 I A       : State changed: IDLE => IDLE by NGA_STATE_CHANGED and N/A with Optional.empty
06-24 03:00:53.754  1614  2051 I A       : Recognizer choice: (recognizer_type: 1, recognizer_mode: 1, choice_reason: 4)
06-24 03:00:53.754  1614  2067 I NgaEntryPointEventSendr: setupConnection
06-24 03:00:53.757   522  2261 D OomAdjuster: Not killing cached processes
06-24 03:00:53.757   837   837 W PageIndicator: Total number of pages invalid: 0. Assuming 1 page.
06-24 03:00:53.757  1575  1960 I AiAiEcho: #postPredictionTargets: Sending updates to UISurface home with targets# 0 (types=[])
06-24 03:00:53.759  1683  1683 I A       : Creating pss binder().
06-24 03:00:53.759  1614  2067 I NgaEntryPointEventSendr: State changed: Disconnected => Connecting
06-24 03:00:53.760  1614  2067 I NgaEntryPointEventSendr: onServiceConnected
06-24 03:00:53.760  1683  1804 I A       : Calling beginBinderSession().
06-24 03:00:53.760  1683  1804 I A       : beginBinderSession(): calling binder
06-24 03:00:53.760  1614  2067 I NgaEntryPointEventSendr: State changed: Connecting => Ready
06-24 03:00:53.761  1614  2067 I A       : on opa visibility changed false
06-24 03:00:53.762  1614  2067 I A       : on opa visibility changed false
06-24 03:00:53.764   522   824 W ActivityManager: Unable to start service Intent { cmp=com.google.android.apps.tachyon/.clientapi.ClientApiService } U=0: not found
06-24 03:00:53.768  1614  2051 I A       : onActiveStateChangeEvent: IDLE => IDLE
06-24 03:00:53.769  1614  2051 I A       : #onActiveStateChangeEvent, newState: IDLE, previousState: IDLE.
06-24 03:00:53.772  1683  5450 I PBSessionCacheImpl: Deleted sessionId[7403694547980428] from persistence.
06-24 03:00:53.772  1683  2186 W A       : UiCallbackStub-onGenericEvent[ServiceEvent = 60] task was not run. Callback from Service received after client was disposed.
06-24 03:00:53.773  1614  2067 I NgaEntryPointEventSendr: State changed: Ready => Disconnected (onOpaDisconnected)
06-24 03:00:53.774  1614  2067 I A       : Successfully initialized all components
06-24 03:00:53.774  1683  2186 W SearchServiceCore: Abort, client detached.
06-24 03:00:54.088  6958  6960 I AidlLazyServiceRegistrar: Process has 0 (of 1 available) client(s) in use after notification artd has clients: 0
06-24 03:00:54.088  6958  6960 I AidlLazyServiceRegistrar: Trying to shut down the service. No clients in use for any service in process.
06-24 03:00:54.284     0     0 I servicemanager: Notifying artd they don't (previously: do) have clients when we now have no record of a client
06-24 03:00:54.286     0     0 I servicemanager: Unregistering artd
06-24 03:00:54.287     0     0 I BpBinder: onLastStrongRef automatically unlinking death recipients:
06-24 03:00:54.090  6958  6960 I AidlLazyServiceRegistrar: Unregistered all clients and exiting
06-24 03:00:54.290     0     0 I init    : Service 'artd' (pid 6958) exited with status 0 oneshot service took 52.303001 seconds in background
06-24 03:00:54.292     0     0 I init    : Sending signal 9 to service 'artd' (pid 6958) process group...
06-24 03:00:54.293     0     0 I libprocessgroup: Successfully killed process cgroup uid 1082 pid 6958 in 0ms
06-24 03:00:54.250  7045  7063 D EGL_emulation: app_time_stats: avg=500.02ms min=498.26ms max=501.79ms count=2
