--------- beginning of main
06-24 03:03:48.932  8399  8588 I Maestro : Skipping invisible child: android.view.accessibility.AccessibilityNodeInfo@17f3a; boundsInParent: Rect(0, 0 - 320, 0); boundsInScreen: Rect(0, 0 - 320, 0); boundsInWindow: Rect(0, 0 - 320, 0); packageName: com.hanapkalinga.mobile; className: android.widget.LinearLayout; text: null; error: null; maxTextLength: -1; stateDescription: null; contentDescription: null; tooltipText: null; containerTitle: null; viewIdResName: null; uniqueId: null; checkable: false; checked: false; focusable: false; focused: false; selected: false; clickable: false; longClickable: false; contextClickable: false; enabled: true; password: false; scrollable: false; importantForAccessibility: false; visible: false; actions: [AccessibilityAction: ACTION_SELECT - null, AccessibilityAction: ACTION_CLEAR_SELECTION - null, AccessibilityAction: ACTION_ACCESSIBILITY_FOCUS - null, AccessibilityAction: ACTION_SHOW_ON_SCREEN - null]; isTextSelectable: false
06-24 03:03:48.932  8399  8588 I Maestro : Skipping invisible child: android.view.accessibility.AccessibilityNodeInfo@17b79; boundsInParent: Rect(0, 0 - 320, 0); boundsInScreen: Rect(0, 0 - 320, 0); boundsInWindow: Rect(0, 0 - 320, 0); packageName: com.hanapkalinga.mobile; className: android.view.ViewGroup; text: null; error: null; maxTextLength: -1; stateDescription: null; contentDescription: null; tooltipText: null; containerTitle: null; viewIdResName: null; uniqueId: null; checkable: false; checked: false; focusable: false; focused: false; selected: false; clickable: false; longClickable: false; contextClickable: false; enabled: true; password: false; scrollable: false; importantForAccessibility: false; visible: false; actions: [AccessibilityAction: ACTION_SELECT - null, AccessibilityAction: ACTION_CLEAR_SELECTION - null, AccessibilityAction: ACTION_ACCESSIBILITY_FOCUS - null, AccessibilityAction: ACTION_SHOW_ON_SCREEN - null]; isTextSelectable: false
06-24 03:03:48.938  8399  8588 D Maestro : View hierarchy received in 14 ms
06-24 03:03:49.029  8399  8588 D Maestro : Requesting view hierarchy
06-24 03:03:49.029  8399  8588 W QueryController: Could not detect idle state.
06-24 03:03:49.029  8399  8588 W QueryController: Could not detect idle state.
06-24 03:03:49.035  8399  8588 I Maestro : Skipping invisible child: android.view.accessibility.AccessibilityNodeInfo@128e3; boundsInParent: Rect(0, 0 - 320, 0); boundsInScreen: Rect(0, 0 - 320, 0); boundsInWindow: Rect(0, 0 - 320, 0); packageName: com.hanapkalinga.mobile; className: android.widget.LinearLayout; text: null; error: null; maxTextLength: -1; stateDescription: null; contentDescription: null; tooltipText: null; containerTitle: null; viewIdResName: null; uniqueId: null; checkable: false; checked: false; focusable: false; focused: false; selected: false; clickable: false; longClickable: false; contextClickable: false; enabled: true; password: false; scrollable: false; importantForAccessibility: false; visible: false; actions: [AccessibilityAction: ACTION_SELECT - null, AccessibilityAction: ACTION_CLEAR_SELECTION - null, AccessibilityAction: ACTION_ACCESSIBILITY_FOCUS - null, AccessibilityAction: ACTION_SHOW_ON_SCREEN - null]; isTextSelectable: false
06-24 03:03:49.036  8399  8588 I Maestro : Skipping invisible child: android.view.accessibility.AccessibilityNodeInfo@12522; boundsInParent: Rect(0, 0 - 320, 0); boundsInScreen: Rect(0, 0 - 320, 0); boundsInWindow: Rect(0, 0 - 320, 0); packageName: com.hanapkalinga.mobile; className: android.view.ViewGroup; text: null; error: null; maxTextLength: -1; stateDescription: null; contentDescription: null; tooltipText: null; containerTitle: null; viewIdResName: null; uniqueId: null; checkable: false; checked: false; focusable: false; focused: false; selected: false; clickable: false; longClickable: false; contextClickable: false; enabled: true; password: false; scrollable: false; importantForAccessibility: false; visible: false; actions: [AccessibilityAction: ACTION_SELECT - null, AccessibilityAction: ACTION_CLEAR_SELECTION - null, AccessibilityAction: ACTION_ACCESSIBILITY_FOCUS - null, AccessibilityAction: ACTION_SHOW_ON_SCREEN - null]; isTextSelectable: false
06-24 03:03:49.036  8399  8588 I Maestro : Skipping invisible child: android.view.accessibility.AccessibilityNodeInfo@17f3a; boundsInParent: Rect(0, 0 - 320, 0); boundsInScreen: Rect(0, 0 - 320, 0); boundsInWindow: Rect(0, 0 - 320, 0); packageName: com.hanapkalinga.mobile; className: android.widget.LinearLayout; text: null; error: null; maxTextLength: -1; stateDescription: null; contentDescription: null; tooltipText: null; containerTitle: null; viewIdResName: null; uniqueId: null; checkable: false; checked: false; focusable: false; focused: false; selected: false; clickable: false; longClickable: false; contextClickable: false; enabled: true; password: false; scrollable: false; importantForAccessibility: false; visible: false; actions: [AccessibilityAction: ACTION_SELECT - null, AccessibilityAction: ACTION_CLEAR_SELECTION - null, AccessibilityAction: ACTION_ACCESSIBILITY_FOCUS - null, AccessibilityAction: ACTION_SHOW_ON_SCREEN - null]; isTextSelectable: false
06-24 03:03:49.036  8399  8588 I Maestro : Skipping invisible child: android.view.accessibility.AccessibilityNodeInfo@17b79; boundsInParent: Rect(0, 0 - 320, 0); boundsInScreen: Rect(0, 0 - 320, 0); boundsInWindow: Rect(0, 0 - 320, 0); packageName: com.hanapkalinga.mobile; className: android.view.ViewGroup; text: null; error: null; maxTextLength: -1; stateDescription: null; contentDescription: null; tooltipText: null; containerTitle: null; viewIdResName: null; uniqueId: null; checkable: false; checked: false; focusable: false; focused: false; selected: false; clickable: false; longClickable: false; contextClickable: false; enabled: true; password: false; scrollable: false; importantForAccessibility: false; visible: false; actions: [AccessibilityAction: ACTION_SELECT - null, AccessibilityAction: ACTION_CLEAR_SELECTION - null, AccessibilityAction: ACTION_ACCESSIBILITY_FOCUS - null, AccessibilityAction: ACTION_SHOW_ON_SCREEN - null]; isTextSelectable: false
06-24 03:03:49.043  8399  8588 D Maestro : View hierarchy received in 14 ms
06-24 03:03:49.136  8399  8588 D Maestro : Requesting view hierarchy
06-24 03:03:49.137  8399  8588 W QueryController: Could not detect idle state.
06-24 03:03:49.137  8399  8588 W QueryController: Could not detect idle state.
06-24 03:03:49.143  8399  8588 I Maestro : Skipping invisible child: android.view.accessibility.AccessibilityNodeInfo@128e3; boundsInParent: Rect(0, 0 - 320, 0); boundsInScreen: Rect(0, 0 - 320, 0); boundsInWindow: Rect(0, 0 - 320, 0); packageName: com.hanapkalinga.mobile; className: android.widget.LinearLayout; text: null; error: null; maxTextLength: -1; stateDescription: null; contentDescription: null; tooltipText: null; containerTitle: null; viewIdResName: null; uniqueId: null; checkable: false; checked: false; focusable: false; focused: false; selected: false; clickable: false; longClickable: false; contextClickable: false; enabled: true; password: false; scrollable: false; importantForAccessibility: false; visible: false; actions: [AccessibilityAction: ACTION_SELECT - null, AccessibilityAction: ACTION_CLEAR_SELECTION - null, AccessibilityAction: ACTION_ACCESSIBILITY_FOCUS - null, AccessibilityAction: ACTION_SHOW_ON_SCREEN - null]; isTextSelectable: false
06-24 03:03:49.144  8399  8588 I Maestro : Skipping invisible child: android.view.accessibility.AccessibilityNodeInfo@12522; boundsInParent: Rect(0, 0 - 320, 0); boundsInScreen: Rect(0, 0 - 320, 0); boundsInWindow: Rect(0, 0 - 320, 0); packageName: com.hanapkalinga.mobile; className: android.view.ViewGroup; text: null; error: null; maxTextLength: -1; stateDescription: null; contentDescription: null; tooltipText: null; containerTitle: null; viewIdResName: null; uniqueId: null; checkable: false; checked: false; focusable: false; focused: false; selected: false; clickable: false; longClickable: false; contextClickable: false; enabled: true; password: false; scrollable: false; importantForAccessibility: false; visible: false; actions: [AccessibilityAction: ACTION_SELECT - null, AccessibilityAction: ACTION_CLEAR_SELECTION - null, AccessibilityAction: ACTION_ACCESSIBILITY_FOCUS - null, AccessibilityAction: ACTION_SHOW_ON_SCREEN - null]; isTextSelectable: false
06-24 03:03:49.144  8399  8588 I Maestro : Skipping invisible child: android.view.accessibility.AccessibilityNodeInfo@17f3a; boundsInParent: Rect(0, 0 - 320, 0); boundsInScreen: Rect(0, 0 - 320, 0); boundsInWindow: Rect(0, 0 - 320, 0); packageName: com.hanapkalinga.mobile; className: android.widget.LinearLayout; text: null; error: null; maxTextLength: -1; stateDescription: null; contentDescription: null; tooltipText: null; containerTitle: null; viewIdResName: null; uniqueId: null; checkable: false; checked: false; focusable: false; focused: false; selected: false; clickable: false; longClickable: false; contextClickable: false; enabled: true; password: false; scrollable: false; importantForAccessibility: false; visible: false; actions: [AccessibilityAction: ACTION_SELECT - null, AccessibilityAction: ACTION_CLEAR_SELECTION - null, AccessibilityAction: ACTION_ACCESSIBILITY_FOCUS - null, AccessibilityAction: ACTION_SHOW_ON_SCREEN - null]; isTextSelectable: false
06-24 03:03:49.144  8399  8588 I Maestro : Skipping invisible child: android.view.accessibility.AccessibilityNodeInfo@17b79; boundsInParent: Rect(0, 0 - 320, 0); boundsInScreen: Rect(0, 0 - 320, 0); boundsInWindow: Rect(0, 0 - 320, 0); packageName: com.hanapkalinga.mobile; className: android.view.ViewGroup; text: null; error: null; maxTextLength: -1; stateDescription: null; contentDescription: null; tooltipText: null; containerTitle: null; viewIdResName: null; uniqueId: null; checkable: false; checked: false; focusable: false; focused: false; selected: false; clickable: false; longClickable: false; contextClickable: false; enabled: true; password: false; scrollable: false; importantForAccessibility: false; visible: false; actions: [AccessibilityAction: ACTION_SELECT - null, AccessibilityAction: ACTION_CLEAR_SELECTION - null, AccessibilityAction: ACTION_ACCESSIBILITY_FOCUS - null, AccessibilityAction: ACTION_SHOW_ON_SCREEN - null]; isTextSelectable: false
06-24 03:03:49.151  8399  8588 D Maestro : View hierarchy received in 15 ms
--------- beginning of system
06-24 03:03:49.238   522  2260 D WindowManager: captureDisplay
06-24 03:03:49.900   522   552 I ActivityManager: Force stopping dev.mobile.maestro appid=10203 user=-1: deletePackageX
06-24 03:03:49.900   522   552 E libprocessgroup: No such cgroup attribute: /sys/fs/cgroup/uid_4294877499/cgroup.freeze
06-24 03:03:49.900   522   552 W libprocessgroup: Failed to apply Frozen process profile: No such file or directory
06-24 03:03:49.901   522   552 I ActivityManager: Killing 8399:dev.mobile.maestro/u0a203 (adj 0): stop dev.mobile.maestro due to deletePackageX
06-24 03:03:49.901   522   552 W ActivityManager: Crash of app dev.mobile.maestro running instrumentation ComponentInfo{dev.mobile.maestro.test/androidx.test.runner.AndroidJUnitRunner}
06-24 03:03:49.902   522   552 I ActivityManager: Force stopping dev.mobile.maestro appid=10203 user=0: finished inst
06-24 03:03:49.903   522   540 D DisplayManagerService: Drop pending events for gone uid 10203
06-24 03:03:49.906   522   552 D OomAdjuster: Not killing cached processes
06-24 03:03:49.913  8387  8387 I app_process: System.exit called, status: 0
06-24 03:03:49.913  8387  8387 I AndroidRuntime: VM exiting with result code 0.
--------- beginning of kernel
06-24 03:03:50.119     0     0 I init    : Untracked pid 8387 exited with status 0
06-24 03:03:50.120     0     0 I init    : Untracked pid 8387 did not have an associated service entry and will not be reaped
06-24 03:03:49.942   338   338 I Zygote  : Process 8399 exited due to signal 9 (Killed)
06-24 03:03:50.138     0     0 I binder  : undelivered transaction 992358, process died.
06-24 03:03:50.144     0     0 I logd    : start watching /data/system/packages.list ...
06-24 03:03:50.145     0     0 I logd    : ReadPackageList, total packages: 201
06-24 03:03:49.952   522   552 E libprocessgroup: No such cgroup attribute: /sys/fs/cgroup/uid_4294877499/cgroup.freeze
06-24 03:03:49.952   522   552 W libprocessgroup: Failed to apply Unfrozen process profile: No such file or directory
06-24 03:03:49.953   522  2456 V ActivityManager: Got obituary of 8399:dev.mobile.maestro
06-24 03:03:49.954  1575  2721 I AiAiEcho: Settings changed for uri: content://settings/secure/accessibility_enabled
06-24 03:03:49.955  1575  1960 I AiAiEcho: Predicting[0]: 
06-24 03:03:49.955  1575  1960 I AiAiEcho: EchoTargets: 
06-24 03:03:49.955  1575  1960 I AiAiEcho: Filtered by AiAi flag check: 
06-24 03:03:50.150     0     0 I binder  : 552:522 cannot find target node
06-24 03:03:50.151     0     0 I binder  : 522:552 transaction async to 0:0 failed 992378/29189/-22, size 88-0 line 3210
06-24 03:03:49.956  1575  1960 I AiAiEcho: Ranked targets strategy: SORT, count: 0, ranking metadata: 
06-24 03:03:49.956   522   824 W WindowMagnificationMgr: requestConnection duplicated request: connect=false, mConnectionState=DISCONNECTED
06-24 03:03:49.956   522   824 V UiAutomationManager: UiAutomation service owner died
06-24 03:03:49.956   522   552 E IPCThreadState: Binder transaction failure: 992378/29189/-22
06-24 03:03:49.956   522   552 W ActivityManager: Error shutting down UiAutomationConnection
06-24 03:03:49.958  1575  1960 I AiAiEcho: Predicting[0]: 
06-24 03:03:49.958  1575  1960 I AiAiEcho: EchoTargets: 
06-24 03:03:49.958  1575  1960 I AiAiEcho: Filtered by AiAi flag check: 
06-24 03:03:49.958  1575  1960 I AiAiEcho: Ranked targets strategy: SORT, count: 0, ranking metadata: 
06-24 03:03:49.959  1575  1960 I AiAiEcho: #postPredictionTargets: Sending updates to UISurface lockscreen with targets# 0 (types=[])
06-24 03:03:49.961  1683  2129 I A       : NGA enabled in interactor.
06-24 03:03:49.961  1683  2129 I A       : Nga state changed to NgaStateDetails{state=ENABLED, isSpecialExperience=false}
06-24 03:03:49.962  1614  6274 I A       : Initializing all components
06-24 03:03:49.963  1614  6274 I A       : APA or Classic session decision: SessionDecision(sessionVariance=CLASSIC, platformVariance=CLASSIC, justification=CURRENT_PLATFORM_VARIANCE).
06-24 03:03:49.963  1614  6274 I A       : [Memory] eligibility: StashEligibility{6}
06-24 03:03:49.963  1614  2067 I A       : State changed: IDLE => IDLE by NGA_STATE_CHANGED and N/A with Optional.empty
06-24 03:03:49.963  1614  2067 I A       : Recognizer choice: (recognizer_type: 1, recognizer_mode: 1, choice_reason: 4)
06-24 03:03:49.964  1614  2051 I A       : onIsEnabledChanged, isEnabled: false
06-24 03:03:49.964  1614  2051 W A       : Disposing empty manager. Did you forgot to subscribe observables?
06-24 03:03:49.964  1614  2051 W A       : Disposing empty manager. Did you forgot to subscribe observables?
06-24 03:03:49.964  1614  2051 W A       : Disposing empty manager. Did you forgot to subscribe observables?
06-24 03:03:49.964  1614  2051 W A       : Disposing empty manager. Did you forgot to subscribe observables?
06-24 03:03:49.964  1614  2051 W A       : Disposing empty manager. Did you forgot to subscribe observables?
06-24 03:03:49.964  1614  2051 W A       : Disposing empty manager. Did you forgot to subscribe observables?
06-24 03:03:49.964  1614  2051 W A       : Disposing empty manager. Did you forgot to subscribe observables?
06-24 03:03:49.964  1614  2051 W A       : Disposing empty manager. Did you forgot to subscribe observables?
06-24 03:03:49.964  1614  2051 W A       : Disposing empty manager. Did you forgot to subscribe observables?
06-24 03:03:49.965   837   837 W PageIndicator: Total number of pages invalid: 0. Assuming 1 page.
06-24 03:03:49.965  1614  2051 W A       : Disposing empty manager. Did you forgot to subscribe observables?
06-24 03:03:49.965   522   522 D BatterySaverPolicy: accessibility changed to false, updating policy.
06-24 03:03:49.965  1614  2051 I A       : onOpaVisibilityChanged: false
06-24 03:03:49.966  1614  2051 W A       : Disposing empty manager. Did you forgot to subscribe observables?
06-24 03:03:49.966  1614  2051 W A       : Disposing empty manager. Did you forgot to subscribe observables?
06-24 03:03:49.966  1614  2051 W A       : Disposing empty manager. Did you forgot to subscribe observables?
06-24 03:03:49.966  1614  2051 W A       : Disposing empty manager. Did you forgot to subscribe observables?
06-24 03:03:49.966  1614  2051 W A       : Disposing empty manager. Did you forgot to subscribe observables?
06-24 03:03:49.966  1614  2051 W A       : Disposing empty manager. Did you forgot to subscribe observables?
06-24 03:03:49.966  1614  2051 I A       : Setting session to type: NO_SESSION
06-24 03:03:49.966  1614  2051 W A       : Disposing empty manager. Did you forgot to subscribe observables?
06-24 03:03:49.966  1614  2051 W A       : Disposing empty manager. Did you forgot to subscribe observables?
06-24 03:03:49.966  1614  2051 W A       : Disposing empty manager. Did you forgot to subscribe observables?
06-24 03:03:49.966  1614  2051 W A       : Disposing empty manager. Did you forgot to subscribe observables?
06-24 03:03:49.966  1614  2051 W A       : Disposing empty manager. Did you forgot to subscribe observables?
06-24 03:03:49.966  1614  2051 W A       : Disposing empty manager. Did you forgot to subscribe observables?
06-24 03:03:49.966  1614  2051 W A       : Disposing empty manager. Did you forgot to subscribe observables?
06-24 03:03:49.966  1614  2051 W A       : Disposing empty manager. Did you forgot to subscribe observables?
06-24 03:03:49.966  1614  2051 I A       : setNavBarVisible: GestureNavBarVisible{navbarVisible=true}
06-24 03:03:49.966  1614  2051 W A       : Disposing empty manager. Did you forgot to subscribe observables?
06-24 03:03:49.966  1614  2051 W A       : Disposing empty manager. Did you forgot to subscribe observables?
06-24 03:03:49.966  1614  2051 W A       : Disposing empty manager. Did you forgot to subscribe observables?
06-24 03:03:49.966  1614  2051 W A       : Disposing empty manager. Did you forgot to subscribe observables?
06-24 03:03:49.966  1614  2051 W A       : Disposing empty manager. Did you forgot to subscribe observables?
06-24 03:03:49.966  1614  2051 W A       : Disposing empty manager. Did you forgot to subscribe observables?
06-24 03:03:49.966  1614  2051 I A       : onDisabled. Registered: false
06-24 03:03:49.967  1614  2067 I A       : onActiveStateChangeEvent: IDLE => IDLE
06-24 03:03:49.968  1614  2067 I A       : #onActiveStateChangeEvent, newState: IDLE, previousState: IDLE.
06-24 03:03:49.968  1575  1960 I AiAiEcho: #postPredictionTargets: Sending updates to UISurface home with targets# 0 (types=[])
06-24 03:03:49.973  1614  2051 I A       : Initialize
06-24 03:03:49.974  1614  2051 I A       : stopListening(NGA_PAUSED_UNKNOWN_REASON, NGA_CREATE), idleOverride=NOT_LISTENING
06-24 03:03:49.974  1614  2051 I A       : on opa visibility changed false
06-24 03:03:49.974  1614  2051 I A       : on opa visibility changed false
06-24 03:03:49.975   522  2456 D CompatibilityChangeReporter: Compat change id reported: 197654537; UID 10192; state: ENABLED
06-24 03:03:49.977  1614  2067 I NgaEntryPointEventSendr: setupConnection
06-24 03:03:49.978   522  2263 W ProcessStats: Tracking association SourceState{c776dff com.google.android.googlequicksearchbox:interactor/10132 BFgs #15729} whose proc state 4 is better than process ProcessState{1571a7e com.google.android.googlequicksearchbox:search/10132 pkg=com.google.android.googlequicksearchbox} proc state 14 (4 skipped)
06-24 03:03:49.979  1683  1683 I A       : Creating pss binder().
06-24 03:03:49.979  1614  2067 I NgaEntryPointEventSendr: State changed: Disconnected => Connecting
06-24 03:03:49.980  1614  2051 I NgaEntryPointEventSendr: onServiceConnected
06-24 03:03:49.980  1683  1804 I A       : Calling beginBinderSession().
06-24 03:03:49.983  1683  1804 I A       : beginBinderSession(): calling binder
06-24 03:03:49.984  1614  2067 I A       : Successfully initialized all components
06-24 03:03:49.985  1614  2051 I NgaEntryPointEventSendr: State changed: Connecting => Ready
06-24 03:03:49.992   522   576 D PackageManager: Instant App installer not found with android.intent.action.INSTALL_INSTANT_APP_PACKAGE
06-24 03:03:49.992   522   576 D PackageManager: Clear ephemeral installer activity
06-24 03:03:49.996  1683  2147 W CorpusConfigHelper: Invalid input from icing corpus JSON flag.
06-24 03:03:49.996  1683  2147 W CorpusConfigHelper: android.util.MalformedJsonException: Use JsonReader.setLenient(true) to accept malformed JSON at line 123 column 2
06-24 03:03:49.996  1683  2147 W CorpusConfigHelper: 	at android.util.JsonReader.syntaxError(JsonReader.java:1162)
06-24 03:03:49.996  1683  2147 W CorpusConfigHelper: 	at android.util.JsonReader.checkLenient(JsonReader.java:840)
06-24 03:03:49.996  1683  2147 W CorpusConfigHelper: 	at android.util.JsonReader.nextInArray(JsonReader.java:615)
06-24 03:03:49.996  1683  2147 W CorpusConfigHelper: 	at android.util.JsonReader.peek(JsonReader.java:345)
06-24 03:03:49.996  1683  2147 W CorpusConfigHelper: 	at android.util.JsonReader.hasNext(JsonReader.java:321)
06-24 03:03:49.996  1683  2147 W CorpusConfigHelper: 	at com.google.android.apps.gsa.searchbox.c.b.b.k.c(PG:7)
06-24 03:03:49.996  1683  2147 W CorpusConfigHelper: 	at com.google.android.apps.gsa.searchbox.c.b.b.k.<init>(PG:5)
06-24 03:03:49.996  1683  2147 W CorpusConfigHelper: 	at com.google.android.apps.gsa.staticplugins.searchboxroot.features.n.a.c.<init>(PG:16)
06-24 03:03:49.996  1683  2147 W CorpusConfigHelper: 	at com.google.android.apps.gsa.staticplugins.searchboxroot.b.a(PG:14)
06-24 03:03:49.996  1683  2147 W CorpusConfigHelper: 	at com.google.android.apps.gsa.staticplugins.searchboxroot.x.<init>(PG:7)
06-24 03:03:49.996  1683  2147 W CorpusConfigHelper: 	at com.google.android.apps.gsa.binaries.velvet.app.akd.b(PG:15)
06-24 03:03:49.996  1683  2147 W CorpusConfigHelper: 	at dagger.a.e.b(PG:1)
06-24 03:03:49.996  1683  2147 W CorpusConfigHelper: 	at com.google.android.apps.gsa.staticplugins.searchboxroot.a.a.a(PG:3)
06-24 03:03:49.996  1683  2147 W CorpusConfigHelper: 	at com.google.android.apps.gsa.binaries.velvet.app.ok.f(Unknown Source:2541)
06-24 03:03:49.996  1683  2147 W CorpusConfigHelper: 	at com.google.android.apps.gsa.binaries.velvet.app.ok.b(PG:1)
06-24 03:03:49.996  1683  2147 W CorpusConfigHelper: 	at com.google.android.apps.gsa.search.core.service.g.a.c.a(PG:2)
06-24 03:03:49.996  1683  2147 W CorpusConfigHelper: 	at com.google.android.libraries.gsa.k.a.f.a(PG:2)
06-24 03:03:49.996  1683  2147 W CorpusConfigHelper: 	at com.google.android.apps.gsa.shared.logger.f.a.a.l.h(PG:2)
06-24 03:03:49.996  1683  2147 W CorpusConfigHelper: 	at com.google.android.apps.gsa.shared.logger.f.a.a.h.a(Unknown Source:4)
06-24 03:03:49.996  1683  2147 W CorpusConfigHelper: 	at com.google.common.util.concurrent.dx.a(PG:1)
06-24 03:03:49.996  1683  2147 W CorpusConfigHelper: 	at com.google.common.util.concurrent.cv.run(PG:4)
06-24 03:03:49.996  1683  2147 W CorpusConfigHelper: 	at com.google.common.util.concurrent.dz.run(PG:1)
06-24 03:03:49.996  1683  2147 W CorpusConfigHelper: 	at com.google.android.libraries.i.ae.run(PG:1)
06-24 03:03:49.996  1683  2147 W CorpusConfigHelper: 	at java.util.concurrent.ThreadPoolExecutor.runWorker(ThreadPoolExecutor.java:1145)
06-24 03:03:49.996  1683  2147 W CorpusConfigHelper: 	at java.util.concurrent.ThreadPoolExecutor$Worker.run(ThreadPoolExecutor.java:644)
06-24 03:03:49.996  1683  2147 W CorpusConfigHelper: 	at com.google.android.libraries.i.k.run(PG:2)
06-24 03:03:49.996  1683  2147 W CorpusConfigHelper: 	at com.google.android.libraries.i.p.run(PG:4)
06-24 03:03:49.996  1683  2147 W CorpusConfigHelper: 	at java.lang.Thread.run(Thread.java:1012)
06-24 03:03:49.997  1683  2147 W A       : Queue length for executor EventBus is now 11. Perhaps some tasks are too long, or the pool is too small.
06-24 03:03:49.997  1683  2186 I A       : Using proto config with mendel
06-24 03:03:49.997  1683  2186 I A       : Using proto config with mendel
06-24 03:03:50.001  1683  2186 I A       : Using proto config with mendel
06-24 03:03:50.002  1683  2186 I A       : Merging legacy hotword config map with new proto.
06-24 03:03:50.002  1683  2186 I A       : Adding from config to map. Locale: cmn-Hant-TW modelPrefix: x_google Location:4e7cae00daee30ec565c34e3aa67a51f isSpeakerIdSupported: true
06-24 03:03:50.002  1683  2186 I A       : Adding from config to map. Locale: id-ID modelPrefix: x_google Location:cfffcc1a4c1c084c003c8eb27f73d770 isSpeakerIdSupported: true
06-24 03:03:50.002  1683  2186 I A       : Adding from config to map. Locale: ko-KR modelPrefix: x_google Location:0b132163a2eb2c1194b202067475724b isSpeakerIdSupported: true
06-24 03:03:50.002  1683  2186 I A       : Skipping. Expected model: 2 Found: 1
06-24 03:03:50.002  1683  2186 I A       : Adding from config to map. Locale: zh-TW modelPrefix: x_google Location:4e7cae00daee30ec565c34e3aa67a51f isSpeakerIdSupported: true
06-24 03:03:50.002  1683  2186 I A       : Using proto config with mendel
06-24 03:03:50.002  1683  2186 I A       : Using proto config with mendel
06-24 03:03:50.002  1683  2186 I A       : Using proto config with mendel
06-24 03:03:50.005   522   824 W ActivityManager: Unable to start service Intent { cmp=com.google.android.apps.tachyon/.clientapi.ClientApiService } U=0: not found
06-24 03:03:50.006  1683  2186 W A       : UiCallbackStub-onGenericEvent[ServiceEvent = 111] task was not run. Callback from Service received after client was disposed.
06-24 03:03:50.006  1683  2186 W A       : UiCallbackStub-onGenericEvent[ServiceEvent = 60] task was not run. Callback from Service received after client was disposed.
06-24 03:03:50.006  1683  2186 W A       : UiCallbackStub-onGenericEvent[ServiceEvent = 60] task was not run. Callback from Service received after client was disposed.
06-24 03:03:50.007  1683  2186 W A       : UiCallbackStub-onGenericEvent[ServiceEvent = 105] task was not run. Callback from Service received after client was disposed.
06-24 03:03:50.007  1683  2186 W A       : UiCallbackStub-onGenericEvent[ServiceEvent = 107] task was not run. Callback from Service received after client was disposed.
06-24 03:03:50.007  1683  2186 W A       : UiCallbackStub-onGenericEvent[ServiceEvent = 107] task was not run. Callback from Service received after client was disposed.
06-24 03:03:50.007  1683  2186 W A       : UiCallbackStub-onGenericEvent[ServiceEvent = 42] task was not run. Callback from Service received after client was disposed.
06-24 03:03:50.009  1614  2051 I NgaEntryPointEventSendr: State changed: Ready => Disconnected (onOpaDisconnected)
06-24 03:03:50.009   522  3397 E TaskPersister: File error accessing recents directory (directory doesn't exist?).
06-24 03:03:50.017  1683  2186 W A       : UiCallbackStub-onGenericEvent[ServiceEvent = 67] task was not run. Callback from Service received after client was disposed.
06-24 03:03:50.018  1683  2186 I MicroDetectionState: Should stop hotword detection immediately - true
06-24 03:03:50.018  1683  2186 W A       : UiCallbackStub-onGenericEvent[ServiceEvent = 241] task was not run. Callback from Service received after client was disposed.
06-24 03:03:50.018  1683  2186 W A       : UiCallbackStub-onGenericEvent[ServiceEvent = 241] task was not run. Callback from Service received after client was disposed.
06-24 03:03:50.020  1683  2186 W A       : UiCallbackStub-onGenericEvent[ServiceEvent = 60] task was not run. Callback from Service received after client was disposed.
06-24 03:03:50.021  5096  5229 I Icing   : IndexChimeraService.getServiceInterface callingPackage=com.google.android.googlequicksearchbox componentName=null serviceId=36
06-24 03:03:50.022  1683  5450 I PBSessionCacheImpl: Deleted sessionId[7403694547980479] from persistence.
06-24 03:03:50.022   522   576 I ActivityManager: Force stopping dev.mobile.maestro appid=10203 user=0: pkg removed
06-24 03:03:50.024  1683  2186 W SearchServiceCore: Abort, client detached.
06-24 03:03:50.024  1683  2186 I MicroDetectionState: Should stop hotword detection immediately - true
06-24 03:03:50.025  1683  2186 I A       : Using proto config with mendel
06-24 03:03:50.025  1683  2186 I A       : Using proto config with mendel
06-24 03:03:50.047  1054  1054 D CarrierSvcBindHelper: onPackageRemoved: dev.mobile.maestro
06-24 03:03:50.047  1054  1054 D CarrierSvcBindHelper: No carrier app for: 0
06-24 03:03:50.059  3980  3980 V MediaPlayerList: mPackageChangedBroadcastReceiver: action: android.intent.action.PACKAGE_REMOVED
06-24 03:03:50.060  3980  3980 V MediaPlayerList: mPackageChangedBroadcastReceiver: action: android.intent.action.PACKAGE_REMOVED
06-24 03:03:50.060   522   552 D ActivityManager: sync unfroze 2664 com.android.chrome for 3
06-24 03:03:50.065  1606  1606 W MediaProvider: WorkProfileOwnerApps cache is empty
06-24 03:03:50.070   522   759 W WifiService: Couldn't get PackageInfo for package:dev.mobile.maestro
06-24 03:03:50.070   522   759 D WifiService: Remove settings for package:dev.mobile.maestro
06-24 03:03:50.070   522   759 D WifiConfigManager: Remove all networks for app ApplicationInfo{562a4c6 dev.mobile.maestro}
06-24 03:03:50.071   522   772 E AppOps  : attributionTag VCN not declared in manifest of android
06-24 03:03:50.077   522   552 D ActivityManager: sync unfroze 851 com.google.android.permissioncontroller for 3
06-24 03:03:50.080   522   759 D WifiConfigStore: Writing to stores completed in 9 ms.
06-24 03:03:50.080   522   759 I PasspointManager: No app ops listener found for dev.mobile.maestro
06-24 03:03:50.083   522   522 D ActivityManager: sync unfroze 1763 com.android.keychain for 10
06-24 03:03:50.083   522   522 D ActivityManager: sync unfroze 1055 com.android.settings for 10
06-24 03:03:50.084   522   522 D ActivityManager: sync unfroze 3701 com.android.dynsystem:dynsystem for 10
06-24 03:03:50.084   522   522 D ActivityManager: sync unfroze 3670 com.android.dynsystem for 10
06-24 03:03:50.085   522   635 V StorageManagerService: Package dev.mobile.maestro does not have legacy storage
06-24 03:03:50.085   522   608 I RollbackManager: broadcast=ACTION_PACKAGE_FULLY_REMOVED pkg=dev.mobile.maestro
06-24 03:03:50.085   522   522 D ActivityManager: sync unfroze 2366 com.android.localtransport for 10
06-24 03:03:50.088   522   625 I InputReader: Reconfiguring input devices, changes=KEYBOARD_LAYOUTS
06-24 03:03:50.095   522   759 W WifiService: Couldn't get PackageInfo for package:dev.mobile.maestro
06-24 03:03:50.095   522   759 D WifiService: Remove settings for package:dev.mobile.maestro
06-24 03:03:50.095   522   759 D WifiConfigManager: Remove all networks for app ApplicationInfo{158ea31 dev.mobile.maestro}
06-24 03:03:50.098   522   522 I Telecom : CarModeTracker: Package dev.mobile.maestro is not tracked.: SSH.oR@AaM🔒
06-24 03:03:50.099   522   522 I Telecom : InCallController: updateCarModeForConnections: car mode apps: : SSH.oR@AaM🔒
06-24 03:03:50.099   522   522 I Telecom : InCallController: update carmode current:UserHandle{0} parent:null: SSH.oR@AaM🔒
06-24 03:03:50.106   837   915 D StylusManager: Stylus InputDevice changed: 14 virtio_input_multi_touch_11
06-24 03:03:50.114   522   759 D WifiConfigStore: Writing to stores completed in 6 ms.
06-24 03:03:50.114   522   759 I PasspointManager: No app ops listener found for dev.mobile.maestro
06-24 03:03:50.115   837   915 D StylusManager: Stylus InputDevice changed: 11 virtio_input_multi_touch_8
06-24 03:03:50.129   522   531 I system_server: Background young concurrent copying GC freed 542516(21MB) AllocSpace objects, 52(1404KB) LOS objects, 32% free, 33MB/49MB, paused 1.932ms,84us total 127.282ms
06-24 03:03:50.132   837   915 D StylusManager: Stylus InputDevice changed: 10 virtio_input_multi_touch_7
06-24 03:03:50.132   522  1882 D CompatibilityChangeReporter: Compat change id reported: 161252188; UID 10192; state: DISABLED
06-24 03:03:50.133   522   552 I ActivityManager: Force stopping dev.mobile.maestro.test appid=10204 user=-1: deletePackageX
06-24 03:03:50.133   522   552 E libprocessgroup: No such cgroup attribute: /sys/fs/cgroup/uid_4294877500/cgroup.freeze
06-24 03:03:50.133   522   552 W libprocessgroup: Failed to apply Frozen process profile: No such file or directory
06-24 03:03:50.134   522   552 E libprocessgroup: No such cgroup attribute: /sys/fs/cgroup/uid_4294877500/cgroup.freeze
06-24 03:03:50.134   522   552 W libprocessgroup: Failed to apply Unfrozen process profile: No such file or directory
06-24 03:03:50.136   522   522 I ConditionProviders: Disallowing condition provider dev.mobile.maestro (userSet: true)
06-24 03:03:50.138   522   552 D ActivityManager: sync unfroze 3247 com.google.android.documentsui for 3
06-24 03:03:50.138   837   837 D ControlsListingControllerImpl: ServiceConfig reloaded, count: 0
06-24 03:03:50.141   837   915 D StylusManager: Stylus InputDevice changed: 8 virtio_input_multi_touch_5
06-24 03:03:50.145   522   614 I RoleService: Granting default roles...
06-24 03:03:50.151   522  2260 D SafetySourceDataValidator: No cert check requested for package com.google.android.permissioncontroller
06-24 03:03:50.151  1606  2295 I MediaProvider: Begin Intent { act=android.intent.action.PACKAGE_FULLY_REMOVED dat=package: flg=0x5000010 cmp=com.google.android.providers.media.module/com.android.providers.media.MediaService (has extras) }
06-24 03:03:50.152  1606  2295 D MediaProvider: Deleted 0 Android/media items belonging to dev.mobile.maestro on /data/user/0/com.google.android.providers.media.module/databases/external.db
06-24 03:03:50.154  1606  2295 D MediaGrants: Removed 0 media_grants for 0 user for dev.mobile.maestro. Reason: Package orphaned
06-24 03:03:50.154  1606  2295 I MediaProvider: End Intent { act=android.intent.action.PACKAGE_FULLY_REMOVED dat=package: flg=0x5000010 cmp=com.google.android.providers.media.module/com.android.providers.media.MediaService (has extras) }
06-24 03:03:50.160   851   851 D PersistedStoragePackageUninstalledReceiver: Received android.intent.action.PACKAGE_FULLY_REMOVED for dev.mobile.maestro for u0
06-24 03:03:50.162   522   552 D ActivityManager: sync unfroze 2040 android.process.media for 3
06-24 03:03:50.164   400  1014 D AF::TrackHandle: OpPlayAudio: track:55 usage:13 not muted
06-24 03:03:50.164   400   597 D AF::TrackHandle: OpPlayAudio: track:55 usage:13 not muted
06-24 03:03:50.165   400   597 D AF::TrackHandle: OpPlayAudio: track:55 usage:13 not muted
06-24 03:03:50.165   400   597 D AF::TrackHandle: OpPlayAudio: track:55 usage:13 not muted
06-24 03:03:50.165   400   597 D AF::TrackHandle: OpPlayAudio: track:55 usage:13 not muted
06-24 03:03:50.165   400   597 D AF::TrackHandle: OpPlayAudio: track:55 usage:13 not muted
06-24 03:03:50.165   400   597 D AF::TrackHandle: OpPlayAudio: track:55 usage:13 not muted
06-24 03:03:50.166   400   597 D AF::TrackHandle: OpPlayAudio: track:55 usage:13 not muted
06-24 03:03:50.166   400   597 D AF::TrackHandle: OpPlayAudio: track:55 usage:13 not muted
06-24 03:03:50.166   400   597 D AF::TrackHandle: OpPlayAudio: track:55 usage:13 not muted
06-24 03:03:50.166   400   597 D AF::TrackHandle: OpPlayAudio: track:55 usage:13 not muted
06-24 03:03:50.166   400   597 D AF::TrackHandle: OpPlayAudio: track:55 usage:13 not muted
06-24 03:03:50.167   400   597 D AF::TrackHandle: OpPlayAudio: track:55 usage:13 not muted
06-24 03:03:50.167   400   597 D AF::TrackHandle: OpPlayAudio: track:55 usage:13 not muted
06-24 03:03:50.167   400   597 D AF::TrackHandle: OpPlayAudio: track:55 usage:13 not muted
06-24 03:03:50.168   400   597 D AF::TrackHandle: OpPlayAudio: track:55 usage:13 not muted
06-24 03:03:50.169   837   915 D StylusManager: Stylus InputDevice changed: 7 virtio_input_multi_touch_4
06-24 03:03:50.171  5096  5096 D BoundBrokerSvc: onBind: Intent { act=com.google.android.gms.common.BIND_SHARED_PREFS pkg=com.google.android.gms }
06-24 03:03:50.171  5096  5096 D BoundBrokerSvc: Loading bound service for intent: Intent { act=com.google.android.gms.common.BIND_SHARED_PREFS pkg=com.google.android.gms }
06-24 03:03:50.174   837   915 D StylusManager: Stylus InputDevice changed: 9 virtio_input_multi_touch_6
06-24 03:03:50.178   337   369 I netd    : tetherGetStats() -> {[]} <0.35ms>
06-24 03:03:50.387     0     0 I logd    : start watching /data/system/packages.list ...
06-24 03:03:50.389     0     0 I logd    : ReadPackageList, total packages: 200
06-24 03:03:50.196   837   915 D StylusManager: Stylus InputDevice changed: 13 virtio_input_multi_touch_10
06-24 03:03:50.196   837   915 D StylusManager: Stylus InputDevice changed: 12 virtio_input_multi_touch_9
06-24 03:03:50.197  5096  5096 D BoundBrokerSvc: onUnbind: Intent { act=com.google.android.gms.common.BIND_SHARED_PREFS pkg=com.google.android.gms }
06-24 03:03:50.201  5096  8703 I BlockstoreStorage: Clearing all the Blockstore Data for package dev.mobile.maestro [CONTEXT service_id=258 ]
06-24 03:03:50.206  5040  8704 I ProximityAuth: [RecentAppsMediator] Package removed: (user=UserHandle{0}) dev.mobile.maestro
06-24 03:03:50.206  5096  8703 I BlockstoreStorage: Clearing all the Blockstore Data for 1 packages [CONTEXT service_id=258 ]
06-24 03:03:50.219  5096  5138 I Icing   : Usage reports ok 1, Failed Usage reports 0, indexed 0, rejected 0
06-24 03:03:50.221   851  8707 E RoleControllerServiceImpl: Default/fallback role holder package doesn't qualify for the role, package: com.google.android.gms.supervision, role: android.app.role.SYSTEM_SUPERVISION
06-24 03:03:50.221  5040  8704 I Fitness : FitCleanupIntentOperation received Intent android.intent.action.PACKAGE_REMOVED [CONTEXT service_id=17 ]
06-24 03:03:50.223   837   915 D StylusManager: Stylus InputDevice changed: 6 virtio_input_multi_touch_3
06-24 03:03:50.224   851  8707 I Role    : com.google.android.gms not qualified for android.app.role.SYSTEM_CALL_STREAMING due to missing RequiredComponent{mIntentFilterData=IntentFilterData{mAction='android.telecom.CallStreamingService', mCategories='[]', mDataScheme='null', mDataType='null'}, mMinTargetSdkVersion=1, mFlags='0', mPermission='android.permission.BIND_CALL_STREAMING_SERVICE', mQueryFlags=0, mMetaData=[]}
06-24 03:03:50.224   851  8707 E RoleControllerServiceImpl: Default/fallback role holder package doesn't qualify for the role, package: com.google.android.gms, role: android.app.role.SYSTEM_CALL_STREAMING
06-24 03:03:50.225   851  8707 W Role    : Default holder doesn't have required signing certificate: com.google.android.apps.work.clouddpc:23962F4B43B9857638EA66F4D419518EAE282491ACDA4B94707BD59003C45E58
06-24 03:03:50.231   837   915 D StylusManager: Stylus InputDevice changed: 4 virtio_input_multi_touch_1
06-24 03:03:50.233   522   576 D PackageManager: Instant App installer not found with android.intent.action.INSTALL_INSTANT_APP_PACKAGE
06-24 03:03:50.233   522   576 D PackageManager: Clear ephemeral installer activity
06-24 03:03:50.233   522  3397 E TaskPersister: File error accessing recents directory (directory doesn't exist?).
06-24 03:03:50.236  5096  8702 W SQLiteLog: (28) double-quoted string literal: "dev.mobile.maestro"
06-24 03:03:50.240   837   915 D StylusManager: Stylus InputDevice changed: 5 virtio_input_multi_touch_2
06-24 03:03:50.245   522   576 I ActivityManager: Force stopping dev.mobile.maestro.test appid=10204 user=0: pkg removed
06-24 03:03:50.246   522   576 E libprocessgroup: No such cgroup attribute: /sys/fs/cgroup/uid_10204/cgroup.freeze
06-24 03:03:50.246   522   576 W libprocessgroup: Failed to apply Frozen process profile: No such file or directory
06-24 03:03:50.247   522   576 E libprocessgroup: No such cgroup attribute: /sys/fs/cgroup/uid_10204/cgroup.freeze
06-24 03:03:50.247   522   576 W libprocessgroup: Failed to apply Unfrozen process profile: No such file or directory
06-24 03:03:50.255   522   772 E AppOps  : attributionTag VCN not declared in manifest of android
06-24 03:03:50.256   522   759 W WifiService: Couldn't get PackageInfo for package:dev.mobile.maestro.test
06-24 03:03:50.256   522   759 D WifiService: Remove settings for package:dev.mobile.maestro.test
06-24 03:03:50.256   522   759 D WifiConfigManager: Remove all networks for app ApplicationInfo{579d95b dev.mobile.maestro.test}
06-24 03:03:50.258  1054  1054 D CarrierSvcBindHelper: onPackageRemoved: dev.mobile.maestro.test
06-24 03:03:50.258  1054  1054 D CarrierSvcBindHelper: No carrier app for: 0
06-24 03:03:50.260   522   759 D WifiConfigStore: Writing to stores completed in 3 ms.
06-24 03:03:50.260   522   759 I PasspointManager: No app ops listener found for dev.mobile.maestro.test
06-24 03:03:50.265   522   635 V StorageManagerService: Package dev.mobile.maestro.test does not have legacy storage
06-24 03:03:50.265   522   625 I InputReader: Reconfiguring input devices, changes=KEYBOARD_LAYOUTS
06-24 03:03:50.266  3980  3980 V MediaPlayerList: mPackageChangedBroadcastReceiver: action: android.intent.action.PACKAGE_REMOVED
06-24 03:03:50.266  3980  3980 V MediaPlayerList: mPackageChangedBroadcastReceiver: action: android.intent.action.PACKAGE_REMOVED
06-24 03:03:50.272  1606  1606 W MediaProvider: WorkProfileOwnerApps cache is empty
06-24 03:03:50.273   522   608 I RollbackManager: broadcast=ACTION_PACKAGE_FULLY_REMOVED pkg=dev.mobile.maestro.test
06-24 03:03:50.273   522   759 W WifiService: Couldn't get PackageInfo for package:dev.mobile.maestro.test
06-24 03:03:50.273   522   759 D WifiService: Remove settings for package:dev.mobile.maestro.test
06-24 03:03:50.273   522   759 D WifiConfigManager: Remove all networks for app ApplicationInfo{99a1527 dev.mobile.maestro.test}
06-24 03:03:50.276   837   837 D ControlsListingControllerImpl: ServiceConfig reloaded, count: 0
06-24 03:03:50.278   522   759 D WifiConfigStore: Writing to stores completed in 4 ms.
06-24 03:03:50.278   522   759 I PasspointManager: No app ops listener found for dev.mobile.maestro.test
06-24 03:03:50.291  5096  5138 I Icing   : doRemovePackageData dev.mobile.maestro
06-24 03:03:50.294  5096  5096 D BoundBrokerSvc: onBind: Intent { act=com.google.android.gms.common.BIND_SHARED_PREFS pkg=com.google.android.gms }
06-24 03:03:50.294  5096  5096 D BoundBrokerSvc: Loading bound service for intent: Intent { act=com.google.android.gms.common.BIND_SHARED_PREFS pkg=com.google.android.gms }
06-24 03:03:50.299  5040  8722 I ProximityAuth: [RecentAppsMediator] Package removed: (user=UserHandle{0}) dev.mobile.maestro.test
06-24 03:03:50.300  5096  8718 I BlockstoreStorage: Clearing all the Blockstore Data for package dev.mobile.maestro.test [CONTEXT service_id=258 ]
06-24 03:03:50.300  5096  8718 I BlockstoreStorage: Clearing all the Blockstore Data for 1 packages [CONTEXT service_id=258 ]
06-24 03:03:50.302   522  2263 D SafetySourceDataValidator: No cert check requested for package com.google.android.permissioncontroller
06-24 03:03:50.304   522   522 I Telecom : CarModeTracker: Package dev.mobile.maestro.test is not tracked.: SSH.oR@AaY🔒
06-24 03:03:50.304   522   522 I Telecom : InCallController: updateCarModeForConnections: car mode apps: : SSH.oR@AaY🔒
06-24 03:03:50.304   522   522 I Telecom : InCallController: update carmode current:UserHandle{0} parent:null: SSH.oR@AaY🔒
06-24 03:03:50.304   522   522 I ConditionProviders: Disallowing condition provider dev.mobile.maestro.test (userSet: true)
06-24 03:03:50.307  5096  8730 W SQLiteLog: (28) double-quoted string literal: "dev.mobile.maestro.test"
06-24 03:03:50.311  1575  2721 I AiAiEcho: Settings changed for uri: content://settings/secure/accessibility_enabled
06-24 03:03:50.311  1575  1960 I AiAiEcho: Predicting[0]: 
06-24 03:03:50.311  1575  1960 I AiAiEcho: EchoTargets: 
06-24 03:03:50.311  1575  1960 I AiAiEcho: Filtered by AiAi flag check: 
06-24 03:03:50.311  1575  1960 I AiAiEcho: Ranked targets strategy: SORT, count: 0, ranking metadata: 
06-24 03:03:50.311  1575  1960 I AiAiEcho: Predicting[0]: 
06-24 03:03:50.311  1575  1960 I AiAiEcho: EchoTargets: 
06-24 03:03:50.311  1575  1960 I AiAiEcho: Filtered by AiAi flag check: 
06-24 03:03:50.311  1575  1960 I AiAiEcho: Ranked targets strategy: SORT, count: 0, ranking metadata: 
06-24 03:03:50.311  1575  1960 I AiAiEcho: #postPredictionTargets: Sending updates to UISurface lockscreen with targets# 0 (types=[])
06-24 03:03:50.312  1575  1960 I AiAiEcho: #postPredictionTargets: Sending updates to UISurface home with targets# 0 (types=[])
06-24 03:03:50.312   837   837 W PageIndicator: Total number of pages invalid: 0. Assuming 1 page.
06-24 03:03:50.313   400   597 D AF::TrackHandle: OpPlayAudio: track:55 usage:13 not muted
06-24 03:03:50.314  1606  2295 I MediaProvider: Begin Intent { act=android.intent.action.PACKAGE_FULLY_REMOVED dat=package: flg=0x5000010 cmp=com.google.android.providers.media.module/com.android.providers.media.MediaService (has extras) }
06-24 03:03:50.314  1606  2295 D MediaProvider: Deleted 0 Android/media items belonging to dev.mobile.maestro.test on /data/user/0/com.google.android.providers.media.module/databases/external.db
06-24 03:03:50.317   400   597 D AF::TrackHandle: OpPlayAudio: track:55 usage:13 not muted
06-24 03:03:50.317   400   597 D AF::TrackHandle: OpPlayAudio: track:55 usage:13 not muted
06-24 03:03:50.317   400   597 D AF::TrackHandle: OpPlayAudio: track:55 usage:13 not muted
06-24 03:03:50.318   400   597 D AF::TrackHandle: OpPlayAudio: track:55 usage:13 not muted
06-24 03:03:50.320   400   597 D AF::TrackHandle: OpPlayAudio: track:55 usage:13 not muted
06-24 03:03:50.320   400   597 D AF::TrackHandle: OpPlayAudio: track:55 usage:13 not muted
06-24 03:03:50.320   400   597 D AF::TrackHandle: OpPlayAudio: track:55 usage:13 not muted
06-24 03:03:50.320   400   597 D AF::TrackHandle: OpPlayAudio: track:55 usage:13 not muted
06-24 03:03:50.320   400   597 D AF::TrackHandle: OpPlayAudio: track:55 usage:13 not muted
06-24 03:03:50.320   400   597 D AF::TrackHandle: OpPlayAudio: track:55 usage:13 not muted
06-24 03:03:50.320   400   597 D AF::TrackHandle: OpPlayAudio: track:55 usage:13 not muted
06-24 03:03:50.320   400   597 D AF::TrackHandle: OpPlayAudio: track:55 usage:13 not muted
06-24 03:03:50.320   400   597 D AF::TrackHandle: OpPlayAudio: track:55 usage:13 not muted
06-24 03:03:50.320   400   597 D AF::TrackHandle: OpPlayAudio: track:55 usage:13 not muted
06-24 03:03:50.320   400   597 D AF::TrackHandle: OpPlayAudio: track:55 usage:13 not muted
06-24 03:03:50.320  1606  2295 D MediaGrants: Removed 0 media_grants for 0 user for dev.mobile.maestro.test. Reason: Package orphaned
06-24 03:03:50.322  1606  2295 I MediaProvider: End Intent { act=android.intent.action.PACKAGE_FULLY_REMOVED dat=package: flg=0x5000010 cmp=com.google.android.providers.media.module/com.android.providers.media.MediaService (has extras) }
06-24 03:03:50.326   337   369 I netd    : tetherGetStats() -> {[]} <0.29ms>
06-24 03:03:50.339   851   851 D PersistedStoragePackageUninstalledReceiver: Received android.intent.action.PACKAGE_FULLY_REMOVED for dev.mobile.maestro.test for u0
06-24 03:03:50.355   837   915 D StylusManager: Stylus InputDevice changed: 14 virtio_input_multi_touch_11
06-24 03:03:50.355   522   551 W WindowMagnificationMgr: requestConnection duplicated request: connect=false, mConnectionState=DISCONNECTED
06-24 03:03:50.357  5096  5096 D BoundBrokerSvc: onUnbind: Intent { act=com.google.android.gms.common.BIND_SHARED_PREFS pkg=com.google.android.gms }
06-24 03:03:50.359  5096  5135 I Icing   : IndexChimeraService.getServiceInterface callingPackage=com.google.android.gms componentName=AppsCorpus serviceId=36
06-24 03:03:50.362  5096  5138 I Icing   : doRemovePackageData dev.mobile.maestro.test
06-24 03:03:50.364  5040  8722 I Fitness : FitCleanupIntentOperation received Intent android.intent.action.PACKAGE_REMOVED [CONTEXT service_id=17 ]
06-24 03:03:50.369   837   915 D StylusManager: Stylus InputDevice changed: 11 virtio_input_multi_touch_8
06-24 03:03:50.375   837   915 D StylusManager: Stylus InputDevice changed: 10 virtio_input_multi_touch_7
06-24 03:03:50.377   837   915 D StylusManager: Stylus InputDevice changed: 8 virtio_input_multi_touch_5
06-24 03:03:50.380   837   915 D StylusManager: Stylus InputDevice changed: 7 virtio_input_multi_touch_4
06-24 03:03:50.385  5096  5138 I Icing   : Usage reports ok 0, Failed Usage reports 0, indexed 0, rejected 0
06-24 03:03:50.385   837   915 D StylusManager: Stylus InputDevice changed: 9 virtio_input_multi_touch_6
06-24 03:03:50.387  1575  1575 I AiAiEcho: AppFetcherImplV2 onPackageRemoved dev.mobile.maestro.
06-24 03:03:50.390  1115  1115 D Launcher.Model: package removed received dev.mobile.maestro
06-24 03:03:50.391  1115  1174 D PackageUpdatedTask: Removing app icondev.mobile.maestro
06-24 03:03:50.398   522   551 W WindowMagnificationMgr: requestConnection duplicated request: connect=false, mConnectionState=DISCONNECTED
06-24 03:03:50.402  1115  1174 D ModelWriter: removing items from db . Reason: [removed because the corresponding package or component is removed. mOp=3 removedPackages=[dev.mobile.maestro] removedComponents=[]]
06-24 03:03:50.404  1575  2084 I AiAiEcho: EchoSearch: WidgetFetcherImpl is initialized with [28] widgets [reason=package removed for userId: 0]
06-24 03:03:50.406   837   915 D StylusManager: Stylus InputDevice changed: 13 virtio_input_multi_touch_10
06-24 03:03:50.415  1575  1960 I AiAiEcho: [pnb-agg] Reload pnb aggregation on events deleted
06-24 03:03:50.415  1575  1960 I AiAiEcho: [pnb-agg] pnb aggregation disabled.
06-24 03:03:50.417   837   915 D StylusManager: Stylus InputDevice changed: 12 virtio_input_multi_touch_9
