06-24 03:03:50.418  1115  1115 D Launcher.Model: package removed received dev.mobile.maestro.test
06-24 03:03:50.418  1115  1174 D PackageUpdatedTask: Removing app icondev.mobile.maestro.test
06-24 03:03:50.419  5096  5138 I Icing   : Indexing com.google.android.gms-apps from com.google.android.gms
06-24 03:03:50.420  1575  1575 I AiAiEcho: AppFetcherImplV2 onPackageRemoved dev.mobile.maestro.test.
06-24 03:03:50.421  1575  1960 I AiAiEcho: [pnb-agg] Reload pnb aggregation on events deleted
06-24 03:03:50.421  1575  1960 I AiAiEcho: [pnb-agg] pnb aggregation disabled.
06-24 03:03:50.423  1115  1174 D ModelWriter: removing items from db . Reason: [removed because the corresponding package or component is removed. mOp=3 removedPackages=[dev.mobile.maestro.test] removedComponents=[]]
06-24 03:03:50.427  1575  2084 I AiAiEcho: EchoSearch: WidgetFetcherImpl is initialized with [28] widgets [reason=package removed for userId: 0]
06-24 03:03:50.430   837   915 D StylusManager: Stylus InputDevice changed: 6 virtio_input_multi_touch_3
06-24 03:03:50.432  5096  5138 I Icing   : Indexing done com.google.android.gms-apps
06-24 03:03:50.434   837   915 D StylusManager: Stylus InputDevice changed: 4 virtio_input_multi_touch_1
06-24 03:03:50.438   837   915 D StylusManager: Stylus InputDevice changed: 5 virtio_input_multi_touch_2
06-24 03:03:50.459  5096  5138 I Icing   : Indexing com.google.android.gms-apps from com.google.android.gms
06-24 03:03:50.460  5096  5138 I Icing   : Indexing done com.google.android.gms-apps
06-24 03:03:50.468   522   531 I system_server: Background concurrent copying GC freed 374880(18MB) AllocSpace objects, 54(1896KB) LOS objects, 47% free, 26MB/50MB, paused 75us,83us total 233.331ms
06-24 03:03:50.534  1614  1614 I GsaVoiceInteractionSrv: O received Intent { act=android.intent.action.PACKAGE_REMOVED dat=package: flg=0x4000010 (has extras) }
06-24 03:03:50.536  1614  1614 I GsaVoiceInteractionSrv: O received Intent { act=android.intent.action.PACKAGE_REMOVED dat=package: flg=0x4000010 (has extras) }
06-24 03:03:50.542  1683  2186 W SearchServiceCore: Abort, client detached.
06-24 03:03:50.547  1495  1557 W AppInfoHelper: <DWB> Application not found: dev.mobile.maestro.test
06-24 03:03:50.547  1495  1557 W AppInfoHelper: android.content.pm.PackageManager$NameNotFoundException: dev.mobile.maestro.test
06-24 03:03:50.547  1495  1557 W AppInfoHelper: 	at android.app.ApplicationPackageManager.getApplicationInfoAsUser(ApplicationPackageManager.java:507)
06-24 03:03:50.547  1495  1557 W AppInfoHelper: 	at android.app.ApplicationPackageManager.getApplicationInfo(ApplicationPackageManager.java:490)
06-24 03:03:50.547  1495  1557 W AppInfoHelper: 	at android.app.ApplicationPackageManager.getApplicationInfo(ApplicationPackageManager.java:484)
06-24 03:03:50.547  1495  1557 W AppInfoHelper: 	at czo.e(PG:2)
06-24 03:03:50.547  1495  1557 W AppInfoHelper: 	at czo.f(PG:7)
06-24 03:03:50.547  1495  1557 W AppInfoHelper: 	at crm.f(PG:14)
06-24 03:03:50.547  1495  1557 W AppInfoHelper: 	at cdm.apply(PG:74)
06-24 03:03:50.547  1495  1557 W AppInfoHelper: 	at j$.util.stream.i.accept(SourceFile:27)
06-24 03:03:50.547  1495  1557 W AppInfoHelper: 	at j$.util.stream.P0.accept(SourceFile:3)
06-24 03:03:50.547  1495  1557 W AppInfoHelper: 	at j$.util.a.forEachRemaining(SourceFile:20)
06-24 03:03:50.547  1495  1557 W AppInfoHelper: 	at j$.util.stream.c.v(SourceFile:21)
06-24 03:03:50.547  1495  1557 W AppInfoHelper: 	at j$.util.stream.c.C(SourceFile:8)
06-24 03:03:50.547  1495  1557 W AppInfoHelper: 	at j$.util.stream.I0.e(SourceFile:1)
06-24 03:03:50.547  1495  1557 W AppInfoHelper: 	at j$.util.stream.c.F(SourceFile:35)
06-24 03:03:50.547  1495  1557 W AppInfoHelper: 	at j$.util.stream.g1.collect(SourceFile:83)
06-24 03:03:50.547  1495  1557 W AppInfoHelper: 	at bsv.a(PG:14)
06-24 03:03:50.547  1495  1557 W AppInfoHelper: 	at jza.a(PG:30)
06-24 03:03:50.547  1495  1557 W AppInfoHelper: 	at jza.a(PG:42)
06-24 03:03:50.547  1495  1557 W AppInfoHelper: 	at lne.a(PG:1)
06-24 03:03:50.547  1495  1557 W AppInfoHelper: 	at lmk.run(PG:4)
06-24 03:03:50.547  1495  1557 W AppInfoHelper: 	at lng.run(PG:1)
06-24 03:03:50.547  1495  1557 W AppInfoHelper: 	at llo.run(PG:3)
06-24 03:03:50.547  1495  1557 W AppInfoHelper: 	at idn.run(PG:5)
06-24 03:03:50.547  1495  1557 W AppInfoHelper: 	at java.util.concurrent.ThreadPoolExecutor.runWorker(ThreadPoolExecutor.java:1145)
06-24 03:03:50.547  1495  1557 W AppInfoHelper: 	at java.util.concurrent.ThreadPoolExecutor$Worker.run(ThreadPoolExecutor.java:644)
06-24 03:03:50.547  1495  1557 W AppInfoHelper: 	at huo.run(PG:51)
06-24 03:03:50.547  1495  1557 W AppInfoHelper: 	at java.lang.Thread.run(Thread.java:1012)
06-24 03:03:50.547  1495  1557 W AppInfoHelper: 	at idx.run(PG:5)
06-24 03:03:50.649   837   837 D TileServices: Couldn't find tile for ComponentInfo{com.google.android.apps.wellbeing/com.google.android.apps.wellbeing.focusmode.quicksettings.FocusModeTileService}(0)
06-24 03:03:50.665   837   837 D TileServices: Couldn't find tile for ComponentInfo{com.google.android.apps.wellbeing/com.google.android.apps.wellbeing.focusmode.quicksettings.FocusModeTileService}(0)
06-24 03:03:50.689  8754  8754 W BpBinder: Linking to death on android.gui.ISurfaceComposer but there are no threads (yet?) listening to incoming transactions. See ProcessState::startThreadPool and ProcessState::setThreadPoolMaxThreadCount. Generally you should setup the binder threadpool before other initialization steps.
06-24 03:03:50.690  8754  8754 W ProcessState: Extra binder thread started, but 0 threads requested. Do not use *startThreadPool when zero threads are requested.
06-24 03:03:50.711   134   134 I hwservicemanager: getTransport: Cannot find entry android.hardware.graphics.mapper@4.0::IMapper/default in either framework or device VINTF manifest.
06-24 03:03:50.711  8754  8755 I Gralloc4: mapper 4.x is not supported
06-24 03:03:50.906     0     0 I servicemanager: Could not find android.hardware.graphics.allocator.IAllocator/default in the VINTF manifest.
06-24 03:03:50.840  8756  8756 D AndroidRuntime: >>>>>> START com.android.internal.os.RuntimeInit uid 2000 <<<<<<
06-24 03:03:50.844  8756  8756 I AndroidRuntime: Using default boot image
06-24 03:03:50.844  8756  8756 I AndroidRuntime: Leaving lock profiling enabled
06-24 03:03:50.846  8756  8756 I app_process: Core platform API reporting enabled, enforcing=false
06-24 03:03:50.846  8756  8756 I app_process: Using CollectorTypeCC GC.
06-24 03:03:50.944  8756  8756 D nativeloader: InitDefaultPublicLibraries for_preload=1: libandroid.so:libaaudio.so:libamidi.so:libbinder_ndk.so:libc.so:libcamera2ndk.so:libdl.so:libEGL.so:libGLESv1_CM.so:libGLESv2.so:libGLESv3.so:libicu.so:libicui18n.so:libicuuc.so:libjnigraphics.so:liblog.so:libmediandk.so:libm.so:libnativehelper.so:libnativewindow.so:libOpenMAXAL.so:libOpenSLES.so:libRS.so:libstdc++.so:libsync.so:libvulkan.so:libwebviewchromium_plat_support.so:libz.so
06-24 03:03:50.952  8756  8756 D app_process: Time zone APEX ICU file found: /apex/com.android.tzdata/etc/icu/icu_tzdata.dat
06-24 03:03:50.952  8756  8756 D app_process: I18n APEX ICU file found: /apex/com.android.i18n/etc/icu/icudt72l.dat
06-24 03:03:50.957  8756  8756 W app_process: Unexpected CPU variant for x86: x86_64.
06-24 03:03:50.957  8756  8756 W app_process: Known variants: atom, sandybridge, silvermont, goldmont, goldmont-plus, tremont, kabylake, default
06-24 03:03:50.959  8756  8756 W app_process: ClassLoaderContext shared library size mismatch. Expected=2, found=0 (PCL[]{PCL[/system/framework/android.test.base.jar*836642756]#PCL[/system/framework/android.test.mock.jar*3186112116]} | PCL[])
06-24 03:03:50.961  8756  8756 W app_process: ClassLoaderContext classpath size mismatch. expected=0, found=1 (PCL[]{PCL[/system/framework/android.test.runner.jar*4168958247]{PCL[/system/framework/android.test.base.jar*836642756]#PCL[/system/framework/android.test.mock.jar*3186112116]}#PCL[/system/framework/android.test.base.jar*836642756]} | PCL[/system/framework/android.test.runner.jar*4168958247])
06-24 03:03:50.973  8756  8756 W libc    : Access denied finding property "ro.product.name_for_attestation"
06-24 03:03:50.974  8756  8756 W libc    : Access denied finding property "ro.product.brand_for_attestation"
06-24 03:03:50.974  8756  8756 W libc    : Access denied finding property "ro.product.model_for_attestation"
06-24 03:03:50.974  8756  8756 D AndroidRuntime: Calling main entry com.android.commands.uiautomator.Launcher
06-24 03:03:50.976  8756  8756 D UiAutomationConnection: Created on user UserHandle{0}
06-24 03:03:50.976  8756  8756 I UiAutomation: Initialized for user 0 on display 0
06-24 03:03:50.976  8756  8756 W UiAutomation: Created with deprecatead constructor, assumes DEFAULT_DISPLAY
06-24 03:03:50.977   522  2459 D AccessibilityManagerService: changeCurrentUserForTestAutomationIfNeededLocked(0): ignoring because device doesn't support visible background users
06-24 03:03:50.977   522  2459 I UiAutomationManager: Registering UiTestAutomationService (id=com.android.server.accessibility/UiAutomation) when called by user 0
06-24 03:03:50.970  8756  8756 W main    : type=1400 audit(0.0:93): avc:  denied  { read } for  name="u:object_r:build_attestation_prop:s0" dev="tmpfs" ino=86 scontext=u:r:shell:s0 tcontext=u:object_r:build_attestation_prop:s0 tclass=file permissive=0
06-24 03:03:50.970  8756  8756 W main    : type=1400 audit(0.0:94): avc:  denied  { read } for  name="u:object_r:build_attestation_prop:s0" dev="tmpfs" ino=86 scontext=u:r:shell:s0 tcontext=u:object_r:build_attestation_prop:s0 tclass=file permissive=0
06-24 03:03:50.978   522  2459 W WindowMagnificationMgr: requestConnection duplicated request: connect=false, mConnectionState=DISCONNECTED
06-24 03:03:50.978   522   522 D BatterySaverPolicy: accessibility changed to true, updating policy.
06-24 03:03:50.980  1575  2721 I AiAiEcho: Settings changed for uri: content://settings/secure/accessibility_enabled
06-24 03:03:50.983  8756  8769 V UiAutomation: Init UiAutomation@e45b71d[id=13, displayId=0, flags=0]
06-24 03:03:50.984  1575  1960 I AiAiEcho: Predicting[0]: 
06-24 03:03:50.984  1575  1960 I AiAiEcho: EchoTargets: 
06-24 03:03:50.984  1575  1960 I AiAiEcho: Filtered by AiAi flag check: 
06-24 03:03:50.985  1575  1960 I AiAiEcho: Ranked targets strategy: SORT, count: 0, ranking metadata: 
06-24 03:03:50.985  1575  1960 I AiAiEcho: Predicting[0]: 
06-24 03:03:50.985  1575  1960 I AiAiEcho: EchoTargets: 
06-24 03:03:50.985  1575  1960 I AiAiEcho: Filtered by AiAi flag check: 
06-24 03:03:50.985  1575  1960 I AiAiEcho: Ranked targets strategy: SORT, count: 0, ranking metadata: 
06-24 03:03:50.985  1575  1960 I AiAiEcho: #postPredictionTargets: Sending updates to UISurface lockscreen with targets# 0 (types=[])
06-24 03:03:50.985  1575  1960 I AiAiEcho: #postPredictionTargets: Sending updates to UISurface home with targets# 0 (types=[])
06-24 03:03:50.988   522  2442 W WindowMagnificationMgr: requestConnection duplicated request: connect=false, mConnectionState=DISCONNECTED
06-24 03:03:50.988  1575  2721 I AiAiEcho: Settings changed for uri: content://settings/secure/accessibility_enabled
06-24 03:03:50.989  1575  1960 I AiAiEcho: Predicting[0]: 
06-24 03:03:50.989  1575  1960 I AiAiEcho: EchoTargets: 
06-24 03:03:50.989  1575  1960 I AiAiEcho: Filtered by AiAi flag check: 
06-24 03:03:50.989  1575  1960 I AiAiEcho: Ranked targets strategy: SORT, count: 0, ranking metadata: 
06-24 03:03:50.989  1575  1960 I AiAiEcho: Predicting[0]: 
06-24 03:03:50.989  1575  1960 I AiAiEcho: EchoTargets: 
06-24 03:03:50.989  1575  1960 I AiAiEcho: Filtered by AiAi flag check: 
06-24 03:03:50.989  1575  1960 I AiAiEcho: Ranked targets strategy: SORT, count: 0, ranking metadata: 
06-24 03:03:50.989  1575  1960 I AiAiEcho: #postPredictionTargets: Sending updates to UISurface lockscreen with targets# 0 (types=[])
06-24 03:03:50.989  1575  1960 I AiAiEcho: #postPredictionTargets: Sending updates to UISurface home with targets# 0 (types=[])
06-24 03:03:50.990   837   837 W PageIndicator: Total number of pages invalid: 0. Assuming 1 page.
06-24 03:03:50.990   837   837 W PageIndicator: Total number of pages invalid: 0. Assuming 1 page.
06-24 03:03:50.991   522  2459 D SafetySourceDataValidator: No cert check requested for package com.google.android.permissioncontroller
06-24 03:03:50.970  8756  8756 W main    : type=1400 audit(0.0:95): avc:  denied  { read } for  name="u:object_r:build_attestation_prop:s0" dev="tmpfs" ino=86 scontext=u:r:shell:s0 tcontext=u:object_r:build_attestation_prop:s0 tclass=file permissive=0
06-24 03:03:50.992  1683  2115 I A       : NGA disabled since it's running Panthera and at least one a11y feature is on.
06-24 03:03:50.992  1683  2115 I A       : Nga state changed to NgaStateDetails{state=DISABLED, isSpecialExperience=false}
06-24 03:03:50.993  1614  4832 I A       : APA or Classic session decision: SessionDecision(sessionVariance=CLASSIC, platformVariance=CLASSIC, justification=CURRENT_PLATFORM_VARIANCE).
06-24 03:03:50.993  1614  4832 I A       : [Memory] eligibility: StashEligibility{4}
06-24 03:03:50.993  1614  2051 I A       : Unsubscribed to apa or classic variant change.
06-24 03:03:51.100   522   614 I RoleService: Granting default roles...
06-24 03:03:51.108   851  8707 E RoleControllerServiceImpl: Default/fallback role holder package doesn't qualify for the role, package: com.google.android.gms.supervision, role: android.app.role.SYSTEM_SUPERVISION
06-24 03:03:51.109   851  8707 I Role    : com.google.android.gms not qualified for android.app.role.SYSTEM_CALL_STREAMING due to missing RequiredComponent{mIntentFilterData=IntentFilterData{mAction='android.telecom.CallStreamingService', mCategories='[]', mDataScheme='null', mDataType='null'}, mMinTargetSdkVersion=1, mFlags='0', mPermission='android.permission.BIND_CALL_STREAMING_SERVICE', mQueryFlags=0, mMetaData=[]}
06-24 03:03:51.109   851  8707 E RoleControllerServiceImpl: Default/fallback role holder package doesn't qualify for the role, package: com.google.android.gms, role: android.app.role.SYSTEM_CALL_STREAMING
06-24 03:03:51.110   851  8707 W Role    : Default holder doesn't have required signing certificate: com.google.android.apps.work.clouddpc:23962F4B43B9857638EA66F4D419518EAE282491ACDA4B94707BD59003C45E58
06-24 03:03:51.992  8756  8756 I AccessibilityNodeInfoDumper: Skipping invisible child: android.view.accessibility.AccessibilityNodeInfo@128e7; boundsInParent: Rect(0, 0 - 320, 0); boundsInScreen: Rect(0, 0 - 320, 0); boundsInWindow: Rect(0, 0 - 320, 0); packageName: com.hanapkalinga.mobile; className: android.widget.LinearLayout; text: null; error: null; maxTextLength: -1; stateDescription: null; contentDescription: null; tooltipText: null; containerTitle: null; viewIdResName: null; uniqueId: null; checkable: false; checked: false; focusable: false; focused: false; selected: false; clickable: false; longClickable: false; contextClickable: false; enabled: true; password: false; scrollable: false; importantForAccessibility: false; visible: false; actions: [AccessibilityAction: ACTION_SELECT - null, AccessibilityAction: ACTION_CLEAR_SELECTION - null, AccessibilityAction: ACTION_ACCESSIBILITY_FOCUS - null, AccessibilityAction: ACTION_SHOW_ON_SCREEN - null]; isTextSelectable: false
06-24 03:03:51.992  8756  8756 I AccessibilityNodeInfoDumper: Skipping invisible child: android.view.accessibility.AccessibilityNodeInfo@12526; boundsInParent: Rect(0, 0 - 320, 0); boundsInScreen: Rect(0, 0 - 320, 0); boundsInWindow: Rect(0, 0 - 320, 0); packageName: com.hanapkalinga.mobile; className: android.view.ViewGroup; text: null; error: null; maxTextLength: -1; stateDescription: null; contentDescription: null; tooltipText: null; containerTitle: null; viewIdResName: null; uniqueId: null; checkable: false; checked: false; focusable: false; focused: false; selected: false; clickable: false; longClickable: false; contextClickable: false; enabled: true; password: false; scrollable: false; importantForAccessibility: false; visible: false; actions: [AccessibilityAction: ACTION_SELECT - null, AccessibilityAction: ACTION_CLEAR_SELECTION - null, AccessibilityAction: ACTION_ACCESSIBILITY_FOCUS - null, AccessibilityAction: ACTION_SHOW_ON_SCREEN - null]; isTextSelectable: false
06-24 03:03:51.993  8756  8756 I AccessibilityNodeInfoDumper: Skipping invisible child: android.view.accessibility.AccessibilityNodeInfo@17f3e; boundsInParent: Rect(0, 0 - 320, 0); boundsInScreen: Rect(0, 0 - 320, 0); boundsInWindow: Rect(0, 0 - 320, 0); packageName: com.hanapkalinga.mobile; className: android.widget.LinearLayout; text: null; error: null; maxTextLength: -1; stateDescription: null; contentDescription: null; tooltipText: null; containerTitle: null; viewIdResName: null; uniqueId: null; checkable: false; checked: false; focusable: false; focused: false; selected: false; clickable: false; longClickable: false; contextClickable: false; enabled: true; password: false; scrollable: false; importantForAccessibility: false; visible: false; actions: [AccessibilityAction: ACTION_SELECT - null, AccessibilityAction: ACTION_CLEAR_SELECTION - null, AccessibilityAction: ACTION_ACCESSIBILITY_FOCUS - null, AccessibilityAction: ACTION_SHOW_ON_SCREEN - null]; isTextSelectable: false
06-24 03:03:51.993  8756  8756 I AccessibilityNodeInfoDumper: Skipping invisible child: android.view.accessibility.AccessibilityNodeInfo@17b7d; boundsInParent: Rect(0, 0 - 320, 0); boundsInScreen: Rect(0, 0 - 320, 0); boundsInWindow: Rect(0, 0 - 320, 0); packageName: com.hanapkalinga.mobile; className: android.view.ViewGroup; text: null; error: null; maxTextLength: -1; stateDescription: null; contentDescription: null; tooltipText: null; containerTitle: null; viewIdResName: null; uniqueId: null; checkable: false; checked: false; focusable: false; focused: false; selected: false; clickable: false; longClickable: false; contextClickable: false; enabled: true; password: false; scrollable: false; importantForAccessibility: false; visible: false; actions: [AccessibilityAction: ACTION_SELECT - null, AccessibilityAction: ACTION_CLEAR_SELECTION - null, AccessibilityAction: ACTION_ACCESSIBILITY_FOCUS - null, AccessibilityAction: ACTION_SHOW_ON_SCREEN - null]; isTextSelectable: false
06-24 03:03:51.994  8756  8756 W AccessibilityNodeInfoDumper: Fetch time: 4ms
06-24 03:03:51.998   522  2442 W WindowMagnificationMgr: requestConnection duplicated request: connect=false, mConnectionState=DISCONNECTED
06-24 03:03:51.998   522  2442 D AccessibilityManagerService: restoreCurrentUserForTestAutomationIfNeededLocked(): ignoring because device doesn't support visible background users
06-24 03:03:51.999  1575  2721 I AiAiEcho: Settings changed for uri: content://settings/secure/accessibility_enabled
06-24 03:03:51.999  1575  1960 I AiAiEcho: Predicting[0]: 
06-24 03:03:51.999  1575  1960 I AiAiEcho: EchoTargets: 
06-24 03:03:51.999  1575  1960 I AiAiEcho: Filtered by AiAi flag check: 
06-24 03:03:51.999  1575  1960 I AiAiEcho: Ranked targets strategy: SORT, count: 0, ranking metadata: 
06-24 03:03:51.999  1575  1960 I AiAiEcho: Predicting[0]: 
06-24 03:03:51.999  1575  1960 I AiAiEcho: EchoTargets: 
06-24 03:03:51.999  1575  1960 I AiAiEcho: Filtered by AiAi flag check: 
06-24 03:03:51.999  1575  1960 I AiAiEcho: Ranked targets strategy: SORT, count: 0, ranking metadata: 
06-24 03:03:51.999  1575  1960 I AiAiEcho: #postPredictionTargets: Sending updates to UISurface lockscreen with targets# 0 (types=[])
06-24 03:03:52.000  1575  1960 I AiAiEcho: #postPredictionTargets: Sending updates to UISurface home with targets# 0 (types=[])
06-24 03:03:52.002   837   837 W PageIndicator: Total number of pages invalid: 0. Assuming 1 page.
06-24 03:03:52.002  8756  8756 D AndroidRuntime: Shutting down VM
06-24 03:03:52.006  1683  2103 I A       : NGA enabled in interactor.
06-24 03:03:52.006  1683  2103 I A       : Nga state changed to NgaStateDetails{state=ENABLED, isSpecialExperience=false}
06-24 03:03:52.008  1614  4832 I A       : Initializing all components
06-24 03:03:52.009  1614  4832 I A       : APA or Classic session decision: SessionDecision(sessionVariance=CLASSIC, platformVariance=CLASSIC, justification=CURRENT_PLATFORM_VARIANCE).
06-24 03:03:52.009  1614  4832 I A       : [Memory] eligibility: StashEligibility{6}
06-24 03:03:52.009  1614  2067 I A       : onIsEnabledChanged, isEnabled: false
06-24 03:03:52.009  1614  2067 W A       : Disposing empty manager. Did you forgot to subscribe observables?
06-24 03:03:52.009  1614  2067 W A       : Disposing empty manager. Did you forgot to subscribe observables?
06-24 03:03:52.009  1614  2067 W A       : Disposing empty manager. Did you forgot to subscribe observables?
06-24 03:03:52.009  1614  2067 W A       : Disposing empty manager. Did you forgot to subscribe observables?
06-24 03:03:52.009  1614  2067 W A       : Disposing empty manager. Did you forgot to subscribe observables?
06-24 03:03:52.009  1614  2067 W A       : Disposing empty manager. Did you forgot to subscribe observables?
06-24 03:03:52.009  1614  2067 W A       : Disposing empty manager. Did you forgot to subscribe observables?
06-24 03:03:52.009  1614  2067 W A       : Disposing empty manager. Did you forgot to subscribe observables?
06-24 03:03:52.009  1614  2067 W A       : Disposing empty manager. Did you forgot to subscribe observables?
06-24 03:03:52.009  1614  2067 W A       : Disposing empty manager. Did you forgot to subscribe observables?
06-24 03:03:52.009  1614  2067 I A       : onOpaVisibilityChanged: false
06-24 03:03:52.009  1614  2067 W A       : Disposing empty manager. Did you forgot to subscribe observables?
06-24 03:03:52.009  1614  2067 W A       : Disposing empty manager. Did you forgot to subscribe observables?
06-24 03:03:52.009  1614  2067 W A       : Disposing empty manager. Did you forgot to subscribe observables?
06-24 03:03:52.009  1614  2067 W A       : Disposing empty manager. Did you forgot to subscribe observables?
06-24 03:03:52.009  1614  2067 W A       : Disposing empty manager. Did you forgot to subscribe observables?
06-24 03:03:52.009  1614  2067 W A       : Disposing empty manager. Did you forgot to subscribe observables?
06-24 03:03:52.010  1614  2067 I A       : Setting session to type: NO_SESSION
06-24 03:03:52.010  1614  2067 W A       : Disposing empty manager. Did you forgot to subscribe observables?
06-24 03:03:52.010  1614  2067 W A       : Disposing empty manager. Did you forgot to subscribe observables?
06-24 03:03:52.010  1614  2067 W A       : Disposing empty manager. Did you forgot to subscribe observables?
06-24 03:03:52.010  1614  2067 W A       : Disposing empty manager. Did you forgot to subscribe observables?
06-24 03:03:52.010  1614  2067 W A       : Disposing empty manager. Did you forgot to subscribe observables?
06-24 03:03:52.010  1614  2067 W A       : Disposing empty manager. Did you forgot to subscribe observables?
06-24 03:03:52.010  1614  2067 W A       : Disposing empty manager. Did you forgot to subscribe observables?
06-24 03:03:52.010  1614  2067 W A       : Disposing empty manager. Did you forgot to subscribe observables?
06-24 03:03:52.010  1614  2067 I A       : setNavBarVisible: GestureNavBarVisible{navbarVisible=true}
06-24 03:03:52.010   522   522 D BatterySaverPolicy: accessibility changed to false, updating policy.
06-24 03:03:52.010  1614  2067 W A       : Disposing empty manager. Did you forgot to subscribe observables?
06-24 03:03:52.011  1614  2051 I A       : on opa visibility changed false
06-24 03:03:52.011  1614  2051 I A       : on opa visibility changed false
06-24 03:03:52.012  1614  2051 I A       : State changed: IDLE => IDLE by NGA_STATE_CHANGED and N/A with Optional.empty
06-24 03:03:52.012  1614  2051 I A       : Recognizer choice: (recognizer_type: 1, recognizer_mode: 1, choice_reason: 4)
06-24 03:03:52.012  1614  2051 I A       : onActiveStateChangeEvent: IDLE => IDLE
06-24 03:03:52.013  1614  2051 I A       : #onActiveStateChangeEvent, newState: IDLE, previousState: IDLE.
06-24 03:03:52.013  1614  2067 W A       : Disposing empty manager. Did you forgot to subscribe observables?
06-24 03:03:52.013  1614  2067 W A       : Disposing empty manager. Did you forgot to subscribe observables?
06-24 03:03:52.013  1614  2067 W A       : Disposing empty manager. Did you forgot to subscribe observables?
06-24 03:03:52.013  1614  2067 W A       : Disposing empty manager. Did you forgot to subscribe observables?
06-24 03:03:52.013  1614  2067 W A       : Disposing empty manager. Did you forgot to subscribe observables?
06-24 03:03:52.013  1614  2067 I A       : onDisabled. Registered: false
06-24 03:03:52.014  1614  2051 I NgaEntryPointEventSendr: setupConnection
06-24 03:03:52.019  1683  1683 I A       : Creating pss binder().
06-24 03:03:52.021  1614  2051 I NgaEntryPointEventSendr: State changed: Disconnected => Connecting
06-24 03:03:52.021  1614  2051 I NgaEntryPointEventSendr: onServiceConnected
06-24 03:03:52.021  1683  2187 I A       : Calling beginBinderSession().
06-24 03:03:52.021  1683  2187 I A       : beginBinderSession(): calling binder
06-24 03:03:52.021  1614  2067 I A       : Initialize
06-24 03:03:52.022  1614  2051 I NgaEntryPointEventSendr: State changed: Connecting => Ready
06-24 03:03:52.022  1614  2051 I A       : stopListening(NGA_PAUSED_UNKNOWN_REASON, NGA_CREATE), idleOverride=NOT_LISTENING
06-24 03:03:52.024   522  1647 W ActivityManager: Unable to start service Intent { cmp=com.google.android.apps.tachyon/.clientapi.ClientApiService } U=0: not found
06-24 03:03:52.032  1614  2051 I A       : Successfully initialized all components
06-24 03:03:52.045  1683  5450 I PBSessionCacheImpl: Deleted sessionId[7403694547980482] from persistence.
06-24 03:03:52.045  1614  2051 I NgaEntryPointEventSendr: State changed: Ready => Disconnected (onOpaDisconnected)
06-24 03:03:52.045  1683  2186 W A       : UiCallbackStub-onGenericEvent[ServiceEvent = 60] task was not run. Callback from Service received after client was disposed.
06-24 03:03:52.053  1683  2186 W SearchServiceCore: Abort, client detached.
