06-24 03:02:52.071  8257  8257 D app_process: I18n APEX ICU file found: /apex/com.android.i18n/etc/icu/icudt72l.dat
06-24 03:02:52.076  8257  8257 W app_process: Unexpected CPU variant for x86: x86_64.
06-24 03:02:52.076  8257  8257 W app_process: Known variants: atom, sandybridge, silvermont, goldmont, goldmont-plus, tremont, kabylake, default
06-24 03:02:52.077  8257  8257 W app_process: ClassLoaderContext shared library size mismatch. Expected=2, found=0 (PCL[]{PCL[/system/framework/android.test.base.jar*836642756]#PCL[/system/framework/android.test.mock.jar*3186112116]} | PCL[])
06-24 03:02:52.078  8257  8257 W app_process: ClassLoaderContext classpath size mismatch. expected=0, found=1 (PCL[]{PCL[/system/framework/android.test.runner.jar*4168958247]{PCL[/system/framework/android.test.base.jar*836642756]#PCL[/system/framework/android.test.mock.jar*3186112116]}#PCL[/system/framework/android.test.base.jar*836642756]} | PCL[/system/framework/android.test.runner.jar*4168958247])
06-24 03:02:52.086  8257  8257 W main    : type=1400 audit(0.0:86): avc:  denied  { read } for  name="u:object_r:build_attestation_prop:s0" dev="tmpfs" ino=86 scontext=u:r:shell:s0 tcontext=u:object_r:build_attestation_prop:s0 tclass=file permissive=0
06-24 03:02:52.093  8257  8257 W libc    : Access denied finding property "ro.product.name_for_attestation"
06-24 03:02:52.097  8257  8257 W libc    : Access denied finding property "ro.product.brand_for_attestation"
06-24 03:02:52.097  8257  8257 W libc    : Access denied finding property "ro.product.model_for_attestation"
06-24 03:02:52.090  8257  8257 W main    : type=1400 audit(0.0:87): avc:  denied  { read } for  name="u:object_r:build_attestation_prop:s0" dev="tmpfs" ino=86 scontext=u:r:shell:s0 tcontext=u:object_r:build_attestation_prop:s0 tclass=file permissive=0
06-24 03:02:52.098  8257  8257 D AndroidRuntime: Calling main entry com.android.commands.uiautomator.Launcher
06-24 03:02:52.100  8257  8257 D UiAutomationConnection: Created on user UserHandle{0}
06-24 03:02:52.100  8257  8257 I UiAutomation: Initialized for user 0 on display 0
06-24 03:02:52.100  8257  8257 W UiAutomation: Created with deprecatead constructor, assumes DEFAULT_DISPLAY
06-24 03:02:52.101   522  2261 D AccessibilityManagerService: changeCurrentUserForTestAutomationIfNeededLocked(0): ignoring because device doesn't support visible background users
06-24 03:02:52.090  8257  8257 W main    : type=1400 audit(0.0:88): avc:  denied  { read } for  name="u:object_r:build_attestation_prop:s0" dev="tmpfs" ino=86 scontext=u:r:shell:s0 tcontext=u:object_r:build_attestation_prop:s0 tclass=file permissive=0
06-24 03:02:52.101   522  2261 I UiAutomationManager: Registering UiTestAutomationService (id=com.android.server.accessibility/UiAutomation) when called by user 0
06-24 03:02:52.102   522  2261 W WindowMagnificationMgr: requestConnection duplicated request: connect=false, mConnectionState=DISCONNECTED
06-24 03:02:52.103  1575  2721 I AiAiEcho: Settings changed for uri: content://settings/secure/accessibility_enabled
06-24 03:02:52.103   522   522 D BatterySaverPolicy: accessibility changed to true, updating policy.
06-24 03:02:52.104  1575  1960 I AiAiEcho: Predicting[0]: 
06-24 03:02:52.104  1575  1960 I AiAiEcho: EchoTargets: 
06-24 03:02:52.104  1575  1960 I AiAiEcho: Filtered by AiAi flag check: 
06-24 03:02:52.104  1575  1960 I AiAiEcho: Ranked targets strategy: SORT, count: 0, ranking metadata: 
06-24 03:02:52.105  1575  1960 I AiAiEcho: Predicting[0]: 
06-24 03:02:52.106  1575  1960 I AiAiEcho: EchoTargets: 
06-24 03:02:52.106  1575  1960 I AiAiEcho: Filtered by AiAi flag check: 
06-24 03:02:52.106  8257  8270 V UiAutomation: Init UiAutomation@56ebb53[id=11, displayId=0, flags=0]
06-24 03:02:52.106  1575  1960 I AiAiEcho: Ranked targets strategy: SORT, count: 0, ranking metadata: 
06-24 03:02:52.106  1575  1960 I AiAiEcho: #postPredictionTargets: Sending updates to UISurface lockscreen with targets# 0 (types=[])
06-24 03:02:52.106  1575  1960 I AiAiEcho: #postPredictionTargets: Sending updates to UISurface home with targets# 0 (types=[])
06-24 03:02:52.106  1683  2129 I A       : NGA disabled since it's running Panthera and at least one a11y feature is on.
06-24 03:02:52.106  1683  2129 I A       : Nga state changed to NgaStateDetails{state=DISABLED, isSpecialExperience=false}
06-24 03:02:52.109  1614  2769 I A       : APA or Classic session decision: SessionDecision(sessionVariance=CLASSIC, platformVariance=CLASSIC, justification=CURRENT_PLATFORM_VARIANCE).
06-24 03:02:52.109  1614  2769 I A       : [Memory] eligibility: StashEligibility{4}
06-24 03:02:52.109  1614  2067 I A       : Unsubscribed to apa or classic variant change.
06-24 03:02:52.109   522  1647 W WindowMagnificationMgr: requestConnection duplicated request: connect=false, mConnectionState=DISCONNECTED
06-24 03:02:52.111  1575  2721 I AiAiEcho: Settings changed for uri: content://settings/secure/accessibility_enabled
06-24 03:02:52.111   837   837 W PageIndicator: Total number of pages invalid: 0. Assuming 1 page.
06-24 03:02:52.112  1575  1960 I AiAiEcho: Predicting[0]: 
06-24 03:02:52.112  1575  1960 I AiAiEcho: EchoTargets: 
06-24 03:02:52.112  1575  1960 I AiAiEcho: Filtered by AiAi flag check: 
06-24 03:02:52.112  1575  1960 I AiAiEcho: Ranked targets strategy: SORT, count: 0, ranking metadata: 
06-24 03:02:52.112  1575  1960 I AiAiEcho: Predicting[0]: 
06-24 03:02:52.112  1575  1960 I AiAiEcho: EchoTargets: 
06-24 03:02:52.112  1575  1960 I AiAiEcho: Filtered by AiAi flag check: 
06-24 03:02:52.112  1575  1960 I AiAiEcho: Ranked targets strategy: SORT, count: 0, ranking metadata: 
06-24 03:02:52.114   522  1647 D SafetySourceDataValidator: No cert check requested for package com.google.android.permissioncontroller
06-24 03:02:52.114  1575  1960 I AiAiEcho: #postPredictionTargets: Sending updates to UISurface lockscreen with targets# 0 (types=[])
06-24 03:02:52.115  1575  1960 I AiAiEcho: #postPredictionTargets: Sending updates to UISurface home with targets# 0 (types=[])
06-24 03:02:52.116   837   837 W PageIndicator: Total number of pages invalid: 0. Assuming 1 page.
06-24 03:02:52.171   522   614 I RoleService: Granting default roles...
06-24 03:02:52.180   851  8196 E RoleControllerServiceImpl: Default/fallback role holder package doesn't qualify for the role, package: com.google.android.gms.supervision, role: android.app.role.SYSTEM_SUPERVISION
06-24 03:02:52.181   851  8196 I Role    : com.google.android.gms not qualified for android.app.role.SYSTEM_CALL_STREAMING due to missing RequiredComponent{mIntentFilterData=IntentFilterData{mAction='android.telecom.CallStreamingService', mCategories='[]', mDataScheme='null', mDataType='null'}, mMinTargetSdkVersion=1, mFlags='0', mPermission='android.permission.BIND_CALL_STREAMING_SERVICE', mQueryFlags=0, mMetaData=[]}
06-24 03:02:52.181   851  8196 E RoleControllerServiceImpl: Default/fallback role holder package doesn't qualify for the role, package: com.google.android.gms, role: android.app.role.SYSTEM_CALL_STREAMING
06-24 03:02:52.182   851  8196 W Role    : Default holder doesn't have required signing certificate: com.google.android.apps.work.clouddpc:23962F4B43B9857638EA66F4D419518EAE282491ACDA4B94707BD59003C45E58
06-24 03:02:53.086   837   837 D StatusBarIconController: ignoring old pipeline callbacks, because the new mobile icons are enabled
06-24 03:02:53.109  8257  8257 I AccessibilityNodeInfoDumper: Skipping invisible child: android.view.accessibility.AccessibilityNodeInfo@10348; boundsInParent: Rect(0, 0 - 320, 0); boundsInScreen: Rect(0, 0 - 320, 0); boundsInWindow: Rect(0, 0 - 320, 0); packageName: com.hanapkalinga.mobile; className: android.widget.LinearLayout; text: null; error: null; maxTextLength: -1; stateDescription: null; contentDescription: null; tooltipText: null; containerTitle: null; viewIdResName: null; uniqueId: null; checkable: false; checked: false; focusable: false; focused: false; selected: false; clickable: false; longClickable: false; contextClickable: false; enabled: true; password: false; scrollable: false; importantForAccessibility: false; visible: false; actions: [AccessibilityAction: ACTION_SELECT - null, AccessibilityAction: ACTION_CLEAR_SELECTION - null, AccessibilityAction: ACTION_ACCESSIBILITY_FOCUS - null, AccessibilityAction: ACTION_SHOW_ON_SCREEN - null]; isTextSelectable: false
06-24 03:02:53.109  8257  8257 I AccessibilityNodeInfoDumper: Skipping invisible child: android.view.accessibility.AccessibilityNodeInfo@ff87; boundsInParent: Rect(0, 0 - 320, 0); boundsInScreen: Rect(0, 0 - 320, 0); boundsInWindow: Rect(0, 0 - 320, 0); packageName: com.hanapkalinga.mobile; className: android.view.ViewGroup; text: null; error: null; maxTextLength: -1; stateDescription: null; contentDescription: null; tooltipText: null; containerTitle: null; viewIdResName: null; uniqueId: null; checkable: false; checked: false; focusable: false; focused: false; selected: false; clickable: false; longClickable: false; contextClickable: false; enabled: true; password: false; scrollable: false; importantForAccessibility: false; visible: false; actions: [AccessibilityAction: ACTION_SELECT - null, AccessibilityAction: ACTION_CLEAR_SELECTION - null, AccessibilityAction: ACTION_ACCESSIBILITY_FOCUS - null, AccessibilityAction: ACTION_SHOW_ON_SCREEN - null]; isTextSelectable: false
06-24 03:02:53.109  8257  8257 I AccessibilityNodeInfoDumper: Skipping invisible child: android.view.accessibility.AccessibilityNodeInfo@1599f; boundsInParent: Rect(0, 0 - 320, 0); boundsInScreen: Rect(0, 0 - 320, 0); boundsInWindow: Rect(0, 0 - 320, 0); packageName: com.hanapkalinga.mobile; className: android.widget.LinearLayout; text: null; error: null; maxTextLength: -1; stateDescription: null; contentDescription: null; tooltipText: null; containerTitle: null; viewIdResName: null; uniqueId: null; checkable: false; checked: false; focusable: false; focused: false; selected: false; clickable: false; longClickable: false; contextClickable: false; enabled: true; password: false; scrollable: false; importantForAccessibility: false; visible: false; actions: [AccessibilityAction: ACTION_SELECT - null, AccessibilityAction: ACTION_CLEAR_SELECTION - null, AccessibilityAction: ACTION_ACCESSIBILITY_FOCUS - null, AccessibilityAction: ACTION_SHOW_ON_SCREEN - null]; isTextSelectable: false
06-24 03:02:53.109  8257  8257 I AccessibilityNodeInfoDumper: Skipping invisible child: android.view.accessibility.AccessibilityNodeInfo@155de; boundsInParent: Rect(0, 0 - 320, 0); boundsInScreen: Rect(0, 0 - 320, 0); boundsInWindow: Rect(0, 0 - 320, 0); packageName: com.hanapkalinga.mobile; className: android.view.ViewGroup; text: null; error: null; maxTextLength: -1; stateDescription: null; contentDescription: null; tooltipText: null; containerTitle: null; viewIdResName: null; uniqueId: null; checkable: false; checked: false; focusable: false; focused: false; selected: false; clickable: false; longClickable: false; contextClickable: false; enabled: true; password: false; scrollable: false; importantForAccessibility: false; visible: false; actions: [AccessibilityAction: ACTION_SELECT - null, AccessibilityAction: ACTION_CLEAR_SELECTION - null, AccessibilityAction: ACTION_ACCESSIBILITY_FOCUS - null, AccessibilityAction: ACTION_SHOW_ON_SCREEN - null]; isTextSelectable: false
06-24 03:02:53.110  8257  8257 W AccessibilityNodeInfoDumper: Fetch time: 2ms
06-24 03:02:53.111   522  1647 W WindowMagnificationMgr: requestConnection duplicated request: connect=false, mConnectionState=DISCONNECTED
06-24 03:02:53.111   522  1647 D AccessibilityManagerService: restoreCurrentUserForTestAutomationIfNeededLocked(): ignoring because device doesn't support visible background users
06-24 03:02:53.112  1575  2721 I AiAiEcho: Settings changed for uri: content://settings/secure/accessibility_enabled
06-24 03:02:53.112  1575  1960 I AiAiEcho: Predicting[0]: 
06-24 03:02:53.112  1575  1960 I AiAiEcho: EchoTargets: 
06-24 03:02:53.112  1575  1960 I AiAiEcho: Filtered by AiAi flag check: 
06-24 03:02:53.112  1575  1960 I AiAiEcho: Ranked targets strategy: SORT, count: 0, ranking metadata: 
06-24 03:02:53.112  1575  1960 I AiAiEcho: Predicting[0]: 
06-24 03:02:53.113  1575  1960 I AiAiEcho: EchoTargets: 
06-24 03:02:53.113  1575  1960 I AiAiEcho: Filtered by AiAi flag check: 
06-24 03:02:53.113  1575  1960 I AiAiEcho: Ranked targets strategy: SORT, count: 0, ranking metadata: 
06-24 03:02:53.113  1575  1960 I AiAiEcho: #postPredictionTargets: Sending updates to UISurface lockscreen with targets# 0 (types=[])
06-24 03:02:53.114  1575  1960 I AiAiEcho: #postPredictionTargets: Sending updates to UISurface home with targets# 0 (types=[])
06-24 03:02:53.116   837   837 W PageIndicator: Total number of pages invalid: 0. Assuming 1 page.
06-24 03:02:53.117   522   522 D BatterySaverPolicy: accessibility changed to false, updating policy.
06-24 03:02:53.117  1683  2103 I A       : NGA enabled in interactor.
06-24 03:02:53.117  1683  2103 I A       : Nga state changed to NgaStateDetails{state=ENABLED, isSpecialExperience=false}
06-24 03:02:53.117  8257  8257 D AndroidRuntime: Shutting down VM
06-24 03:02:53.118  1614  2769 I A       : Initializing all components
06-24 03:02:53.118  1614  2769 I A       : APA or Classic session decision: SessionDecision(sessionVariance=CLASSIC, platformVariance=CLASSIC, justification=CURRENT_PLATFORM_VARIANCE).
06-24 03:02:53.119  1614  2769 I A       : [Memory] eligibility: StashEligibility{6}
06-24 03:02:53.119  1614  2067 I A       : onIsEnabledChanged, isEnabled: false
06-24 03:02:53.119  1614  2067 W A       : Disposing empty manager. Did you forgot to subscribe observables?
06-24 03:02:53.119  1614  2067 W A       : Disposing empty manager. Did you forgot to subscribe observables?
06-24 03:02:53.119  1614  2067 W A       : Disposing empty manager. Did you forgot to subscribe observables?
06-24 03:02:53.119  1614  2067 W A       : Disposing empty manager. Did you forgot to subscribe observables?
06-24 03:02:53.119  1614  2067 W A       : Disposing empty manager. Did you forgot to subscribe observables?
06-24 03:02:53.119  1614  2067 W A       : Disposing empty manager. Did you forgot to subscribe observables?
06-24 03:02:53.119  1614  2067 W A       : Disposing empty manager. Did you forgot to subscribe observables?
06-24 03:02:53.119  1614  2067 W A       : Disposing empty manager. Did you forgot to subscribe observables?
06-24 03:02:53.119  1614  2067 W A       : Disposing empty manager. Did you forgot to subscribe observables?
06-24 03:02:53.119  1614  2067 W A       : Disposing empty manager. Did you forgot to subscribe observables?
06-24 03:02:53.119  1614  2067 I A       : onOpaVisibilityChanged: false
06-24 03:02:53.119  1614  2067 W A       : Disposing empty manager. Did you forgot to subscribe observables?
06-24 03:02:53.119  1614  2067 W A       : Disposing empty manager. Did you forgot to subscribe observables?
06-24 03:02:53.119  1614  2067 W A       : Disposing empty manager. Did you forgot to subscribe observables?
06-24 03:02:53.119  1614  2067 W A       : Disposing empty manager. Did you forgot to subscribe observables?
06-24 03:02:53.119  1614  2067 W A       : Disposing empty manager. Did you forgot to subscribe observables?
06-24 03:02:53.119  1614  2067 W A       : Disposing empty manager. Did you forgot to subscribe observables?
06-24 03:02:53.119  1614  2067 I A       : Setting session to type: NO_SESSION
06-24 03:02:53.119  1614  2067 W A       : Disposing empty manager. Did you forgot to subscribe observables?
06-24 03:02:53.119  1614  2067 W A       : Disposing empty manager. Did you forgot to subscribe observables?
06-24 03:02:53.119  1614  2067 W A       : Disposing empty manager. Did you forgot to subscribe observables?
06-24 03:02:53.119  1614  2067 W A       : Disposing empty manager. Did you forgot to subscribe observables?
06-24 03:02:53.119  1614  2067 W A       : Disposing empty manager. Did you forgot to subscribe observables?
06-24 03:02:53.119  1614  2067 W A       : Disposing empty manager. Did you forgot to subscribe observables?
06-24 03:02:53.119  1614  2067 W A       : Disposing empty manager. Did you forgot to subscribe observables?
06-24 03:02:53.119  1614  2067 W A       : Disposing empty manager. Did you forgot to subscribe observables?
06-24 03:02:53.120  1614  2067 I A       : setNavBarVisible: GestureNavBarVisible{navbarVisible=true}
06-24 03:02:53.120  1614  2067 W A       : Disposing empty manager. Did you forgot to subscribe observables?
06-24 03:02:53.120  1614  2067 W A       : Disposing empty manager. Did you forgot to subscribe observables?
06-24 03:02:53.120  1614  2067 W A       : Disposing empty manager. Did you forgot to subscribe observables?
06-24 03:02:53.120  1614  2067 W A       : Disposing empty manager. Did you forgot to subscribe observables?
06-24 03:02:53.120  1614  2067 W A       : Disposing empty manager. Did you forgot to subscribe observables?
06-24 03:02:53.120  1614  2067 W A       : Disposing empty manager. Did you forgot to subscribe observables?
06-24 03:02:53.120  1614  2067 I A       : onDisabled. Registered: false
06-24 03:02:53.120  1614  2067 I A       : on opa visibility changed false
06-24 03:02:53.121  1614  2051 I A       : State changed: IDLE => IDLE by NGA_STATE_CHANGED and N/A with Optional.empty
06-24 03:02:53.122  1614  2051 I A       : Recognizer choice: (recognizer_type: 1, recognizer_mode: 1, choice_reason: 4)
06-24 03:02:53.122  1614  2051 I A       : onActiveStateChangeEvent: IDLE => IDLE
06-24 03:02:53.122  1614  2051 I A       : #onActiveStateChangeEvent, newState: IDLE, previousState: IDLE.
06-24 03:02:53.124  1614  2051 I NgaEntryPointEventSendr: setupConnection
06-24 03:02:53.125  1683  1683 I A       : Creating pss binder().
06-24 03:02:53.125  1614  2051 I NgaEntryPointEventSendr: State changed: Disconnected => Connecting
06-24 03:02:53.126  1614  2051 I NgaEntryPointEventSendr: onServiceConnected
06-24 03:02:53.126  1683  1804 I A       : Calling beginBinderSession().
06-24 03:02:53.126  1683  1804 I A       : beginBinderSession(): calling binder
06-24 03:02:53.127  1614  2051 I NgaEntryPointEventSendr: State changed: Connecting => Ready
06-24 03:02:53.127  1614  2051 I A       : on opa visibility changed false
06-24 03:02:53.127  1614  2051 I A       : stopListening(NGA_PAUSED_UNKNOWN_REASON, NGA_CREATE), idleOverride=NOT_LISTENING
06-24 03:02:53.128  1614  2067 I A       : Initialize
06-24 03:02:53.129   522  1647 W ActivityManager: Unable to start service Intent { cmp=com.google.android.apps.tachyon/.clientapi.ClientApiService } U=0: not found
06-24 03:02:53.136  1614  2051 I A       : Successfully initialized all components
06-24 03:02:53.139  1683  2186 I PBSessionCacheImpl: Deleted sessionId[7403694547980450] from persistence.
06-24 03:02:53.140  1683  2186 W A       : UiCallbackStub-onGenericEvent[ServiceEvent = 60] task was not run. Callback from Service received after client was disposed.
06-24 03:02:53.141  1683  2186 W SearchServiceCore: Abort, client detached.
06-24 03:02:53.142  1614  1614 V ClearcutMetricXmitter: Transmission is done.
06-24 03:02:53.144  1614  2067 I NgaEntryPointEventSendr: State changed: Ready => Disconnected (onOpaDisconnected)
