--------- beginning of main
06-24 03:04:50.605  8837  8917 D Maestro : Requesting view hierarchy
06-24 03:04:50.606  8837  8917 W QueryController: Could not detect idle state.
06-24 03:04:50.606  8837  8917 W QueryController: Could not detect idle state.
06-24 03:04:50.612  8837  8917 I Maestro : Skipping invisible child: android.view.accessibility.AccessibilityNodeInfo@128f6; boundsInParent: Rect(0, 0 - 320, 0); boundsInScreen: Rect(0, 0 - 320, 0); boundsInWindow: Rect(0, 0 - 320, 0); packageName: com.hanapkalinga.mobile; className: android.widget.LinearLayout; text: null; error: null; maxTextLength: -1; stateDescription: null; contentDescription: null; tooltipText: null; containerTitle: null; viewIdResName: null; uniqueId: null; checkable: false; checked: false; focusable: false; focused: false; selected: false; clickable: false; longClickable: false; contextClickable: false; enabled: true; password: false; scrollable: false; importantForAccessibility: false; visible: false; actions: [AccessibilityAction: ACTION_SELECT - null, AccessibilityAction: ACTION_CLEAR_SELECTION - null, AccessibilityAction: ACTION_ACCESSIBILITY_FOCUS - null, AccessibilityAction: ACTION_SHOW_ON_SCREEN - null]; isTextSelectable: false
06-24 03:04:50.612  8837  8917 I Maestro : Skipping invisible child: android.view.accessibility.AccessibilityNodeInfo@12535; boundsInParent: Rect(0, 0 - 320, 0); boundsInScreen: Rect(0, 0 - 320, 0); boundsInWindow: Rect(0, 0 - 320, 0); packageName: com.hanapkalinga.mobile; className: android.view.ViewGroup; text: null; error: null; maxTextLength: -1; stateDescription: null; contentDescription: null; tooltipText: null; containerTitle: null; viewIdResName: null; uniqueId: null; checkable: false; checked: false; focusable: false; focused: false; selected: false; clickable: false; longClickable: false; contextClickable: false; enabled: true; password: false; scrollable: false; importantForAccessibility: false; visible: false; actions: [AccessibilityAction: ACTION_SELECT - null, AccessibilityAction: ACTION_CLEAR_SELECTION - null, AccessibilityAction: ACTION_ACCESSIBILITY_FOCUS - null, AccessibilityAction: ACTION_SHOW_ON_SCREEN - null]; isTextSelectable: false
06-24 03:04:50.613  8837  8917 I Maestro : Skipping invisible child: android.view.accessibility.AccessibilityNodeInfo@1a4d7; boundsInParent: Rect(0, 0 - 320, 0); boundsInScreen: Rect(0, 0 - 320, 0); boundsInWindow: Rect(0, 0 - 320, 0); packageName: com.hanapkalinga.mobile; className: android.widget.LinearLayout; text: null; error: null; maxTextLength: -1; stateDescription: null; contentDescription: null; tooltipText: null; containerTitle: null; viewIdResName: null; uniqueId: null; checkable: false; checked: false; focusable: false; focused: false; selected: false; clickable: false; longClickable: false; contextClickable: false; enabled: true; password: false; scrollable: false; importantForAccessibility: false; visible: false; actions: [AccessibilityAction: ACTION_SELECT - null, AccessibilityAction: ACTION_CLEAR_SELECTION - null, AccessibilityAction: ACTION_ACCESSIBILITY_FOCUS - null, AccessibilityAction: ACTION_SHOW_ON_SCREEN - null]; isTextSelectable: false
06-24 03:04:50.613  8837  8917 I Maestro : Skipping invisible child: android.view.accessibility.AccessibilityNodeInfo@1a116; boundsInParent: Rect(0, 0 - 320, 0); boundsInScreen: Rect(0, 0 - 320, 0); boundsInWindow: Rect(0, 0 - 320, 0); packageName: com.hanapkalinga.mobile; className: android.view.ViewGroup; text: null; error: null; maxTextLength: -1; stateDescription: null; contentDescription: null; tooltipText: null; containerTitle: null; viewIdResName: null; uniqueId: null; checkable: false; checked: false; focusable: false; focused: false; selected: false; clickable: false; longClickable: false; contextClickable: false; enabled: true; password: false; scrollable: false; importantForAccessibility: false; visible: false; actions: [AccessibilityAction: ACTION_SELECT - null, AccessibilityAction: ACTION_CLEAR_SELECTION - null, AccessibilityAction: ACTION_ACCESSIBILITY_FOCUS - null, AccessibilityAction: ACTION_SHOW_ON_SCREEN - null]; isTextSelectable: false
06-24 03:04:50.632  8837  8917 D Maestro : View hierarchy received in 27 ms
--------- beginning of system
06-24 03:04:50.721   522  2454 D WindowManager: captureDisplay
06-24 03:04:51.230   823   823 I wpa_supplicant: wlan0: CTRL-EVENT-BEACON-LOSS 
06-24 03:04:51.409   522   552 I ActivityManager: Force stopping dev.mobile.maestro appid=10205 user=-1: deletePackageX
06-24 03:04:51.409   522   552 E libprocessgroup: No such cgroup attribute: /sys/fs/cgroup/uid_4294877501/cgroup.freeze
06-24 03:04:51.409   522   552 W libprocessgroup: Failed to apply Frozen process profile: No such file or directory
06-24 03:04:51.411   522   540 D DisplayManagerService: Drop pending events for gone uid 10205
06-24 03:04:51.411   522   552 I ActivityManager: Killing 8837:dev.mobile.maestro/u0a205 (adj 0): stop dev.mobile.maestro due to deletePackageX
06-24 03:04:51.412   522   552 W ActivityManager: Crash of app dev.mobile.maestro running instrumentation ComponentInfo{dev.mobile.maestro.test/androidx.test.runner.AndroidJUnitRunner}
06-24 03:04:51.412   522   552 I ActivityManager: Force stopping dev.mobile.maestro appid=10205 user=0: finished inst
06-24 03:04:51.413   522   552 D OomAdjuster: Not killing cached processes
06-24 03:04:51.424   522   552 E libprocessgroup: No such cgroup attribute: /sys/fs/cgroup/uid_4294877501/cgroup.freeze
06-24 03:04:51.424   522   552 W libprocessgroup: Failed to apply Unfrozen process profile: No such file or directory
06-24 03:04:51.426  8825  8838 W Binder  : Caught a RuntimeException from the binder stub implementation.
06-24 03:04:51.426  8825  8838 W Binder  : java.lang.SecurityException: Calling from not trusted UID!
06-24 03:04:51.426  8825  8838 W Binder  : 	at android.app.UiAutomationConnection.throwIfCalledByNotTrustedUidLocked(UiAutomationConnection.java:646)
06-24 03:04:51.426  8825  8838 W Binder  : 	at android.app.UiAutomationConnection.shutdown(UiAutomationConnection.java:547)
06-24 03:04:51.426  8825  8838 W Binder  : 	at android.app.IUiAutomationConnection$Stub.onTransact(IUiAutomationConnection.java:402)
06-24 03:04:51.426  8825  8838 W Binder  : 	at android.os.Binder.execTransactInternal(Binder.java:1344)
06-24 03:04:51.426  8825  8838 W Binder  : 	at android.os.Binder.execTransact(Binder.java:1275)
06-24 03:04:51.429  8825  8825 I app_process: System.exit called, status: 0
06-24 03:04:51.429  8825  8825 I AndroidRuntime: VM exiting with result code 0.
06-24 03:04:51.431   338   338 I Zygote  : Process 8837 exited due to signal 9 (Killed)
06-24 03:04:51.433   522  1645 V ActivityManager: Got obituary of 8837:dev.mobile.maestro
06-24 03:04:51.434  1575  1622 I AiAiEcho: Settings changed for uri: content://settings/secure/accessibility_enabled
06-24 03:04:51.435   522  1569 W WindowMagnificationMgr: requestConnection duplicated request: connect=false, mConnectionState=DISCONNECTED
06-24 03:04:51.435   522  1569 W WindowMagnificationMgr: requestConnection duplicated request: connect=false, mConnectionState=DISCONNECTED
06-24 03:04:51.438  1683  2129 I A       : NGA enabled in interactor.
06-24 03:04:51.438  1683  2129 I A       : Nga state changed to NgaStateDetails{state=ENABLED, isSpecialExperience=false}
06-24 03:04:51.440  1614  6575 I A       : Initializing all components
06-24 03:04:51.440  1614  6575 I A       : APA or Classic session decision: SessionDecision(sessionVariance=CLASSIC, platformVariance=CLASSIC, justification=CURRENT_PLATFORM_VARIANCE).
06-24 03:04:51.440  1614  6575 I A       : [Memory] eligibility: StashEligibility{6}
06-24 03:04:51.440  1614  2051 I A       : onIsEnabledChanged, isEnabled: false
06-24 03:04:51.440  1614  2051 W A       : Disposing empty manager. Did you forgot to subscribe observables?
06-24 03:04:51.440  1614  2051 W A       : Disposing empty manager. Did you forgot to subscribe observables?
06-24 03:04:51.441  1614  2051 W A       : Disposing empty manager. Did you forgot to subscribe observables?
06-24 03:04:51.441  1614  2051 W A       : Disposing empty manager. Did you forgot to subscribe observables?
06-24 03:04:51.442  1614  2067 I A       : State changed: IDLE => IDLE by NGA_STATE_CHANGED and N/A with Optional.empty
06-24 03:04:51.443  1614  2067 I A       : Recognizer choice: (recognizer_type: 1, recognizer_mode: 1, choice_reason: 4)
06-24 03:04:51.443  1614  2067 I A       : onActiveStateChangeEvent: IDLE => IDLE
06-24 03:04:51.443  1614  2067 I A       : #onActiveStateChangeEvent, newState: IDLE, previousState: IDLE.
06-24 03:04:51.444   522  2260 D CompatibilityChangeReporter: Compat change id reported: 197654537; UID 10192; state: ENABLED
06-24 03:04:51.444  1614  2051 W A       : Disposing empty manager. Did you forgot to subscribe observables?
06-24 03:04:51.446  1575  1960 I AiAiEcho: Predicting[0]: 
06-24 03:04:51.446  1575  1960 I AiAiEcho: EchoTargets: 
06-24 03:04:51.446  1575  1960 I AiAiEcho: Filtered by AiAi flag check: 
06-24 03:04:51.446  1575  1960 I AiAiEcho: Ranked targets strategy: SORT, count: 0, ranking metadata: 
06-24 03:04:51.446  1575  1960 I AiAiEcho: Predicting[0]: 
06-24 03:04:51.447  1575  1960 I AiAiEcho: EchoTargets: 
06-24 03:04:51.447  1575  1960 I AiAiEcho: Filtered by AiAi flag check: 
06-24 03:04:51.447  1575  1960 I AiAiEcho: Ranked targets strategy: SORT, count: 0, ranking metadata: 
06-24 03:04:51.447  1575  1960 I AiAiEcho: #postPredictionTargets: Sending updates to UISurface lockscreen with targets# 0 (types=[])
06-24 03:04:51.447  1575  1960 I AiAiEcho: #postPredictionTargets: Sending updates to UISurface home with targets# 0 (types=[])
06-24 03:04:51.450   837   837 W PageIndicator: Total number of pages invalid: 0. Assuming 1 page.
06-24 03:04:51.451  1614  2051 W A       : Disposing empty manager. Did you forgot to subscribe observables?
06-24 03:04:51.451  1614  2051 W A       : Disposing empty manager. Did you forgot to subscribe observables?
06-24 03:04:51.451  1614  2051 W A       : Disposing empty manager. Did you forgot to subscribe observables?
06-24 03:04:51.451  1614  2051 W A       : Disposing empty manager. Did you forgot to subscribe observables?
06-24 03:04:51.451  1614  2051 W A       : Disposing empty manager. Did you forgot to subscribe observables?
06-24 03:04:51.451  1614  2051 I A       : onOpaVisibilityChanged: false
06-24 03:04:51.451  1614  2051 W A       : Disposing empty manager. Did you forgot to subscribe observables?
06-24 03:04:51.451  1614  2051 W A       : Disposing empty manager. Did you forgot to subscribe observables?
06-24 03:04:51.451  1614  2051 W A       : Disposing empty manager. Did you forgot to subscribe observables?
06-24 03:04:51.451  1614  2051 W A       : Disposing empty manager. Did you forgot to subscribe observables?
06-24 03:04:51.451  1614  2051 W A       : Disposing empty manager. Did you forgot to subscribe observables?
06-24 03:04:51.451  1614  2051 W A       : Disposing empty manager. Did you forgot to subscribe observables?
06-24 03:04:51.451  1614  2051 I A       : Setting session to type: NO_SESSION
06-24 03:04:51.451  1614  2051 W A       : Disposing empty manager. Did you forgot to subscribe observables?
06-24 03:04:51.451  1614  2051 W A       : Disposing empty manager. Did you forgot to subscribe observables?
06-24 03:04:51.451  1614  2051 W A       : Disposing empty manager. Did you forgot to subscribe observables?
06-24 03:04:51.451  1614  2051 W A       : Disposing empty manager. Did you forgot to subscribe observables?
06-24 03:04:51.451  1614  2051 W A       : Disposing empty manager. Did you forgot to subscribe observables?
06-24 03:04:51.451  1614  2051 W A       : Disposing empty manager. Did you forgot to subscribe observables?
--------- beginning of kernel
06-24 03:04:51.650     0     0 I init    : Untracked pid 8825 exited with status 0
06-24 03:04:51.652     0     0 I init    : Untracked pid 8825 did not have an associated service entry and will not be reaped
06-24 03:04:51.462  1614  2051 W A       : Disposing empty manager. Did you forgot to subscribe observables?
06-24 03:04:51.462  1614  2051 W A       : Disposing empty manager. Did you forgot to subscribe observables?
06-24 03:04:51.462  1614  2051 I A       : setNavBarVisible: GestureNavBarVisible{navbarVisible=true}
06-24 03:04:51.462  1614  2051 W A       : Disposing empty manager. Did you forgot to subscribe observables?
06-24 03:04:51.462  1614  2051 W A       : Disposing empty manager. Did you forgot to subscribe observables?
06-24 03:04:51.462  1614  2051 W A       : Disposing empty manager. Did you forgot to subscribe observables?
06-24 03:04:51.462  1614  2051 W A       : Disposing empty manager. Did you forgot to subscribe observables?
06-24 03:04:51.462  1614  2051 W A       : Disposing empty manager. Did you forgot to subscribe observables?
06-24 03:04:51.462  1614  2051 W A       : Disposing empty manager. Did you forgot to subscribe observables?
06-24 03:04:51.462  1614  2051 I A       : onDisabled. Registered: false
06-24 03:04:51.463  1614  2051 I A       : on opa visibility changed false
06-24 03:04:51.463  1614  2051 I A       : on opa visibility changed false
06-24 03:04:51.467  1614  2051 I NgaEntryPointEventSendr: setupConnection
06-24 03:04:51.500  1575  1622 I AiAiEcho: Settings changed for uri: content://settings/secure/accessibility_enabled
06-24 03:04:51.501  1575  1960 I AiAiEcho: Predicting[0]: 
06-24 03:04:51.501  1575  1960 I AiAiEcho: EchoTargets: 
06-24 03:04:51.501  1575  1960 I AiAiEcho: Filtered by AiAi flag check: 
06-24 03:04:51.501  1575  1960 I AiAiEcho: Ranked targets strategy: SORT, count: 0, ranking metadata: 
06-24 03:04:51.502  1575  1960 I AiAiEcho: Predicting[0]: 
06-24 03:04:51.502  1575  1960 I AiAiEcho: EchoTargets: 
06-24 03:04:51.502  1575  1960 I AiAiEcho: Filtered by AiAi flag check: 
06-24 03:04:51.502  1575  1960 I AiAiEcho: Ranked targets strategy: SORT, count: 0, ranking metadata: 
06-24 03:04:51.503  1575  1960 I AiAiEcho: #postPredictionTargets: Sending updates to UISurface lockscreen with targets# 0 (types=[])
06-24 03:04:51.503   522  1645 W ProcessStats: Tracking association SourceState{c776dff com.google.android.googlequicksearchbox:interactor/10132 BFgs #16227} whose proc state 4 is better than process ProcessState{1571a7e com.google.android.googlequicksearchbox:search/10132 pkg=com.google.android.googlequicksearchbox} proc state 14 (88 skipped)
06-24 03:04:51.503   837   837 W PageIndicator: Total number of pages invalid: 0. Assuming 1 page.
06-24 03:04:51.504  1575  1960 I AiAiEcho: #postPredictionTargets: Sending updates to UISurface home with targets# 0 (types=[])
06-24 03:04:51.504   522   522 D BatterySaverPolicy: accessibility changed to false, updating policy.
06-24 03:04:51.505  1683  1683 I A       : Creating pss binder().
06-24 03:04:51.506  1614  2067 I A       : Initialize
06-24 03:04:51.507  1614  2051 I NgaEntryPointEventSendr: State changed: Disconnected => Connecting
06-24 03:04:51.507  1614  2051 I NgaEntryPointEventSendr: onServiceConnected
06-24 03:04:51.507  1683  2187 I A       : Calling beginBinderSession().
06-24 03:04:51.508  1683  2187 I A       : beginBinderSession(): calling binder
06-24 03:04:51.508  1614  2051 I NgaEntryPointEventSendr: State changed: Connecting => Ready
06-24 03:04:51.510  1614  2067 I A       : stopListening(NGA_PAUSED_UNKNOWN_REASON, NGA_CREATE), idleOverride=NOT_LISTENING
06-24 03:04:51.523  1614  2051 I A       : Successfully initialized all components
06-24 03:04:51.532  1683  2147 W A       : Queue length for executor EventBus is now 11. Perhaps some tasks are too long, or the pool is too small.
06-24 03:04:51.534  1683  2141 W CorpusConfigHelper: Invalid input from icing corpus JSON flag.
06-24 03:04:51.534  1683  2141 W CorpusConfigHelper: android.util.MalformedJsonException: Use JsonReader.setLenient(true) to accept malformed JSON at line 123 column 2
06-24 03:04:51.534  1683  2141 W CorpusConfigHelper: 	at android.util.JsonReader.syntaxError(JsonReader.java:1162)
06-24 03:04:51.534  1683  2141 W CorpusConfigHelper: 	at android.util.JsonReader.checkLenient(JsonReader.java:840)
06-24 03:04:51.534  1683  2141 W CorpusConfigHelper: 	at android.util.JsonReader.nextInArray(JsonReader.java:615)
06-24 03:04:51.534  1683  2141 W CorpusConfigHelper: 	at android.util.JsonReader.peek(JsonReader.java:345)
06-24 03:04:51.534  1683  2141 W CorpusConfigHelper: 	at android.util.JsonReader.hasNext(JsonReader.java:321)
06-24 03:04:51.534  1683  2141 W CorpusConfigHelper: 	at com.google.android.apps.gsa.searchbox.c.b.b.k.c(PG:7)
06-24 03:04:51.534  1683  2141 W CorpusConfigHelper: 	at com.google.android.apps.gsa.searchbox.c.b.b.k.<init>(PG:5)
06-24 03:04:51.534  1683  2141 W CorpusConfigHelper: 	at com.google.android.apps.gsa.staticplugins.searchboxroot.features.n.a.c.<init>(PG:16)
06-24 03:04:51.534  1683  2141 W CorpusConfigHelper: 	at com.google.android.apps.gsa.staticplugins.searchboxroot.b.a(PG:14)
06-24 03:04:51.534  1683  2141 W CorpusConfigHelper: 	at com.google.android.apps.gsa.staticplugins.searchboxroot.x.<init>(PG:7)
06-24 03:04:51.534  1683  2141 W CorpusConfigHelper: 	at com.google.android.apps.gsa.binaries.velvet.app.akd.b(PG:15)
06-24 03:04:51.534  1683  2141 W CorpusConfigHelper: 	at dagger.a.e.b(PG:1)
06-24 03:04:51.534  1683  2141 W CorpusConfigHelper: 	at com.google.android.apps.gsa.staticplugins.searchboxroot.a.a.a(PG:3)
06-24 03:04:51.534  1683  2141 W CorpusConfigHelper: 	at com.google.android.apps.gsa.binaries.velvet.app.ok.f(Unknown Source:2541)
06-24 03:04:51.534  1683  2141 W CorpusConfigHelper: 	at com.google.android.apps.gsa.binaries.velvet.app.ok.b(PG:1)
06-24 03:04:51.534  1683  2141 W CorpusConfigHelper: 	at com.google.android.apps.gsa.search.core.service.g.a.c.a(PG:2)
06-24 03:04:51.534  1683  2141 W CorpusConfigHelper: 	at com.google.android.libraries.gsa.k.a.f.a(PG:2)
06-24 03:04:51.534  1683  2141 W CorpusConfigHelper: 	at com.google.android.apps.gsa.shared.logger.f.a.a.l.h(PG:2)
06-24 03:04:51.534  1683  2141 W CorpusConfigHelper: 	at com.google.android.apps.gsa.shared.logger.f.a.a.h.a(Unknown Source:4)
06-24 03:04:51.534  1683  2141 W CorpusConfigHelper: 	at com.google.common.util.concurrent.dx.a(PG:1)
06-24 03:04:51.534  1683  2141 W CorpusConfigHelper: 	at com.google.common.util.concurrent.cv.run(PG:4)
06-24 03:04:51.534  1683  2141 W CorpusConfigHelper: 	at com.google.common.util.concurrent.dz.run(PG:1)
06-24 03:04:51.534  1683  2141 W CorpusConfigHelper: 	at com.google.android.libraries.i.ae.run(PG:1)
06-24 03:04:51.534  1683  2141 W CorpusConfigHelper: 	at java.util.concurrent.ThreadPoolExecutor.runWorker(ThreadPoolExecutor.java:1145)
06-24 03:04:51.534  1683  2141 W CorpusConfigHelper: 	at java.util.concurrent.ThreadPoolExecutor$Worker.run(ThreadPoolExecutor.java:644)
06-24 03:04:51.534  1683  2141 W CorpusConfigHelper: 	at com.google.android.libraries.i.k.run(PG:2)
06-24 03:04:51.534  1683  2141 W CorpusConfigHelper: 	at com.google.android.libraries.i.p.run(PG:4)
06-24 03:04:51.534  1683  2141 W CorpusConfigHelper: 	at java.lang.Thread.run(Thread.java:1012)
06-24 03:04:51.753     0     0 I logd    : start watching /data/system/packages.list ...
06-24 03:04:51.755     0     0 I logd    : ReadPackageList, total packages: 201
06-24 03:04:51.573   522   576 D PackageManager: Instant App installer not found with android.intent.action.INSTALL_INSTANT_APP_PACKAGE
06-24 03:04:51.573   522   576 D PackageManager: Clear ephemeral installer activity
06-24 03:04:51.575  1683  2186 I A       : Using proto config with mendel
06-24 03:04:51.575  1683  2186 I A       : Using proto config with mendel
06-24 03:04:51.576  1683  2186 I A       : Using proto config with mendel
06-24 03:04:51.577  1683  2186 I A       : Merging legacy hotword config map with new proto.
06-24 03:04:51.578  1683  2186 I A       : Adding from config to map. Locale: cmn-Hant-TW modelPrefix: x_google Location:4e7cae00daee30ec565c34e3aa67a51f isSpeakerIdSupported: true
06-24 03:04:51.578   522  3397 E TaskPersister: File error accessing recents directory (directory doesn't exist?).
06-24 03:04:51.578  1683  2186 I A       : Adding from config to map. Locale: id-ID modelPrefix: x_google Location:cfffcc1a4c1c084c003c8eb27f73d770 isSpeakerIdSupported: true
06-24 03:04:51.579  1683  2186 I A       : Adding from config to map. Locale: ko-KR modelPrefix: x_google Location:0b132163a2eb2c1194b202067475724b isSpeakerIdSupported: true
06-24 03:04:51.579  1683  2186 I A       : Skipping. Expected model: 2 Found: 1
06-24 03:04:51.580  1683  2186 I A       : Adding from config to map. Locale: zh-TW modelPrefix: x_google Location:4e7cae00daee30ec565c34e3aa67a51f isSpeakerIdSupported: true
06-24 03:04:51.582  1683  2186 I A       : Using proto config with mendel
06-24 03:04:51.582  1683  2186 I A       : Using proto config with mendel
06-24 03:04:51.583  1683  2186 I A       : Using proto config with mendel
06-24 03:04:51.584   522   531 I system_server: Background young concurrent copying GC freed 538213(21MB) AllocSpace objects, 50(1352KB) LOS objects, 37% free, 31MB/50MB, paused 6.702ms,53us total 114.089ms
06-24 03:04:51.591  1614  2067 I NgaEntryPointEventSendr: State changed: Ready => Disconnected (onOpaDisconnected)
06-24 03:04:51.593  5096  5135 I Icing   : IndexChimeraService.getServiceInterface callingPackage=com.google.android.googlequicksearchbox componentName=null serviceId=36
06-24 03:04:51.595   522   576 I ActivityManager: Force stopping dev.mobile.maestro appid=10205 user=0: pkg removed
06-24 03:04:51.616  1614  1614 V ClearcutMetricXmitter: Transmission is done.
06-24 03:04:51.629   522  2454 W ActivityManager: Unable to start service Intent { cmp=com.google.android.apps.tachyon/.clientapi.ClientApiService } U=0: not found
06-24 03:04:51.629  1683  1786 I earchbox:search: CollectorTransition concurrent copying GC freed 147145(5379KB) AllocSpace objects, 8(672KB) LOS objects, 49% free, 19MB/38MB, paused 253us,16us total 117.083ms
06-24 03:04:51.629  1683  2186 W A       : UiCallbackStub-onGenericEvent[ServiceEvent = 111] task was not run. Callback from Service received after client was disposed.
06-24 03:04:51.629  1683  2186 W A       : UiCallbackStub-onGenericEvent[ServiceEvent = 60] task was not run. Callback from Service received after client was disposed.
06-24 03:04:51.630  1683  2186 W A       : UiCallbackStub-onGenericEvent[ServiceEvent = 60] task was not run. Callback from Service received after client was disposed.
06-24 03:04:51.630  1683  2186 W A       : UiCallbackStub-onGenericEvent[ServiceEvent = 105] task was not run. Callback from Service received after client was disposed.
06-24 03:04:51.630  1683  2186 W A       : UiCallbackStub-onGenericEvent[ServiceEvent = 107] task was not run. Callback from Service received after client was disposed.
06-24 03:04:51.630  1683  2186 W A       : UiCallbackStub-onGenericEvent[ServiceEvent = 107] task was not run. Callback from Service received after client was disposed.
06-24 03:04:51.630  1683  2186 W A       : UiCallbackStub-onGenericEvent[ServiceEvent = 42] task was not run. Callback from Service received after client was disposed.
06-24 03:04:51.637   522   759 W WifiService: Couldn't get PackageInfo for package:dev.mobile.maestro
06-24 03:04:51.637   522   759 D WifiService: Remove settings for package:dev.mobile.maestro
06-24 03:04:51.637   522   759 D WifiConfigManager: Remove all networks for app ApplicationInfo{67ac0ae dev.mobile.maestro}
06-24 03:04:51.639   522   772 E AppOps  : attributionTag VCN not declared in manifest of android
06-24 03:04:51.640  1683  2186 W A       : UiCallbackStub-onGenericEvent[ServiceEvent = 67] task was not run. Callback from Service received after client was disposed.
06-24 03:04:51.641  1683  2186 I MicroDetectionState: Should stop hotword detection immediately - true
06-24 03:04:51.641  1683  2186 W A       : UiCallbackStub-onGenericEvent[ServiceEvent = 241] task was not run. Callback from Service received after client was disposed.
06-24 03:04:51.641  1683  2186 W A       : UiCallbackStub-onGenericEvent[ServiceEvent = 241] task was not run. Callback from Service received after client was disposed.
06-24 03:04:51.642  1683  2186 W A       : UiCallbackStub-onGenericEvent[ServiceEvent = 60] task was not run. Callback from Service received after client was disposed.
06-24 03:04:51.643  1054  1054 D CarrierSvcBindHelper: onPackageRemoved: dev.mobile.maestro
06-24 03:04:51.644  1683  2186 W SearchServiceCore: Abort, client detached.
06-24 03:04:51.645   522   625 I InputReader: Reconfiguring input devices, changes=KEYBOARD_LAYOUTS
06-24 03:04:51.645  1683  2186 I MicroDetectionState: Should stop hotword detection immediately - true
06-24 03:04:51.646  1683  2186 I A       : Using proto config with mendel
06-24 03:04:51.646  1683  2186 I A       : Using proto config with mendel
06-24 03:04:51.646  1683  2955 I PBSessionCacheImpl: Deleted sessionId[7403694547980486] from persistence.
06-24 03:04:51.652   522   635 V StorageManagerService: Package dev.mobile.maestro does not have legacy storage
06-24 03:04:51.653  1054  1054 D CarrierSvcBindHelper: No carrier app for: 0
06-24 03:04:51.655  3980  3980 V MediaPlayerList: mPackageChangedBroadcastReceiver: action: android.intent.action.PACKAGE_REMOVED
06-24 03:04:51.655   837   915 D StylusManager: Stylus InputDevice changed: 14 virtio_input_multi_touch_11
06-24 03:04:51.655   837   915 D StylusManager: Stylus InputDevice changed: 11 virtio_input_multi_touch_8
06-24 03:04:51.655  3980  3980 V MediaPlayerList: mPackageChangedBroadcastReceiver: action: android.intent.action.PACKAGE_REMOVED
06-24 03:04:51.656   522   522 D ActivityManager: sync unfroze 1763 com.android.keychain for 10
06-24 03:04:51.656   522   522 D ActivityManager: sync unfroze 1055 com.android.settings for 10
06-24 03:04:51.657   522   522 D ActivityManager: sync unfroze 3701 com.android.dynsystem:dynsystem for 10
06-24 03:04:51.657   522   522 D ActivityManager: sync unfroze 3670 com.android.dynsystem for 10
06-24 03:04:51.657   522   522 D ActivityManager: sync unfroze 2366 com.android.localtransport for 10
06-24 03:04:51.660   522   522 I Telecom : CarModeTracker: Package dev.mobile.maestro is not tracked.: SSH.oR@AbM🔒
06-24 03:04:51.660   522   522 I Telecom : InCallController: updateCarModeForConnections: car mode apps: : SSH.oR@AbM🔒
06-24 03:04:51.660   522   522 I Telecom : InCallController: update carmode current:UserHandle{0} parent:null: SSH.oR@AbM🔒
06-24 03:04:51.662   522   522 I ConditionProviders: Disallowing condition provider dev.mobile.maestro (userSet: true)
06-24 03:04:51.667   522   759 D WifiConfigStore: Writing to stores completed in 29 ms.
06-24 03:04:51.667   522   759 I PasspointManager: No app ops listener found for dev.mobile.maestro
06-24 03:04:51.667   522   759 W WifiService: Couldn't get PackageInfo for package:dev.mobile.maestro
06-24 03:04:51.667   522   759 D WifiService: Remove settings for package:dev.mobile.maestro
06-24 03:04:51.667   522   759 D WifiConfigManager: Remove all networks for app ApplicationInfo{81d3ec1 dev.mobile.maestro}
06-24 03:04:51.674   522   608 I RollbackManager: broadcast=ACTION_PACKAGE_FULLY_REMOVED pkg=dev.mobile.maestro
06-24 03:04:51.674   522  1569 D CompatibilityChangeReporter: Compat change id reported: 161252188; UID 10192; state: DISABLED
06-24 03:04:51.675   400   400 D AF::TrackHandle: OpPlayAudio: track:55 usage:13 not muted
06-24 03:04:51.675   400   400 D AF::TrackHandle: OpPlayAudio: track:55 usage:13 not muted
06-24 03:04:51.675   400   400 D AF::TrackHandle: OpPlayAudio: track:55 usage:13 not muted
06-24 03:04:51.675   400   400 D AF::TrackHandle: OpPlayAudio: track:55 usage:13 not muted
06-24 03:04:51.675   400   400 D AF::TrackHandle: OpPlayAudio: track:55 usage:13 not muted
06-24 03:04:51.675   400   400 D AF::TrackHandle: OpPlayAudio: track:55 usage:13 not muted
06-24 03:04:51.675   400   400 D AF::TrackHandle: OpPlayAudio: track:55 usage:13 not muted
06-24 03:04:51.675   400   400 D AF::TrackHandle: OpPlayAudio: track:55 usage:13 not muted
06-24 03:04:51.675   400   400 D AF::TrackHandle: OpPlayAudio: track:55 usage:13 not muted
06-24 03:04:51.676   400   400 D AF::TrackHandle: OpPlayAudio: track:55 usage:13 not muted
06-24 03:04:51.676   400   400 D AF::TrackHandle: OpPlayAudio: track:55 usage:13 not muted
06-24 03:04:51.676   400   400 D AF::TrackHandle: OpPlayAudio: track:55 usage:13 not muted
06-24 03:04:51.676   400   400 D AF::TrackHandle: OpPlayAudio: track:55 usage:13 not muted
06-24 03:04:51.676   400   400 D AF::TrackHandle: OpPlayAudio: track:55 usage:13 not muted
06-24 03:04:51.676   400   400 D AF::TrackHandle: OpPlayAudio: track:55 usage:13 not muted
06-24 03:04:51.676   400   400 D AF::TrackHandle: OpPlayAudio: track:55 usage:13 not muted
06-24 03:04:51.676  1606  1606 W MediaProvider: WorkProfileOwnerApps cache is empty
06-24 03:04:51.679   522   759 D WifiConfigStore: Writing to stores completed in 11 ms.
06-24 03:04:51.679   522   759 I PasspointManager: No app ops listener found for dev.mobile.maestro
06-24 03:04:51.680   522   614 I RoleService: Granting default roles...
06-24 03:04:51.683  5096  8734 I Icing   : Usage reports ok 1, Failed Usage reports 0, indexed 0, rejected 0
06-24 03:04:51.687   837   915 D StylusManager: Stylus InputDevice changed: 10 virtio_input_multi_touch_7
06-24 03:04:51.687   837   915 D StylusManager: Stylus InputDevice changed: 8 virtio_input_multi_touch_5
06-24 03:04:51.687   837   915 D StylusManager: Stylus InputDevice changed: 7 virtio_input_multi_touch_4
06-24 03:04:51.688   837   915 D StylusManager: Stylus InputDevice changed: 9 virtio_input_multi_touch_6
06-24 03:04:51.688   837   915 D StylusManager: Stylus InputDevice changed: 13 virtio_input_multi_touch_10
06-24 03:04:51.688   837   915 D StylusManager: Stylus InputDevice changed: 12 virtio_input_multi_touch_9
06-24 03:04:51.689   837   915 D StylusManager: Stylus InputDevice changed: 6 virtio_input_multi_touch_3
06-24 03:04:51.689   522   551 W WindowMagnificationMgr: requestConnection duplicated request: connect=false, mConnectionState=DISCONNECTED
06-24 03:04:51.689   837   915 D StylusManager: Stylus InputDevice changed: 4 virtio_input_multi_touch_1
06-24 03:04:51.689   837   915 D StylusManager: Stylus InputDevice changed: 5 virtio_input_multi_touch_2
06-24 03:04:51.690   522   552 D ActivityManager: sync unfroze 2664 com.android.chrome for 3
06-24 03:04:51.692   522   552 I ActivityManager: Force stopping dev.mobile.maestro.test appid=10206 user=-1: deletePackageX
06-24 03:04:51.692   522   552 E libprocessgroup: No such cgroup attribute: /sys/fs/cgroup/uid_4294877502/cgroup.freeze
06-24 03:04:51.694   522   552 W libprocessgroup: Failed to apply Frozen process profile: No such file or directory
06-24 03:04:51.698   522   552 E libprocessgroup: No such cgroup attribute: /sys/fs/cgroup/uid_4294877502/cgroup.freeze
06-24 03:04:51.698   522   552 W libprocessgroup: Failed to apply Unfrozen process profile: No such file or directory
06-24 03:04:51.919     0     0 I logd    : start watching /data/system/packages.list ...
06-24 03:04:51.920     0     0 I logd    : ReadPackageList, total packages: 200
06-24 03:04:51.727   522   614 D ActivityManager: sync unfroze 851 com.google.android.permissioncontroller for 6
06-24 03:04:51.737   837   837 D ControlsListingControllerImpl: ServiceConfig reloaded, count: 0
06-24 03:04:51.741   522   576 D PackageManager: Instant App installer not found with android.intent.action.INSTALL_INSTANT_APP_PACKAGE
06-24 03:04:51.742   522   576 D PackageManager: Clear ephemeral installer activity
06-24 03:04:51.742   522  3397 E TaskPersister: File error accessing recents directory (directory doesn't exist?).
06-24 03:04:51.758   851  9173 E RoleControllerServiceImpl: Default/fallback role holder package doesn't qualify for the role, package: com.google.android.gms.supervision, role: android.app.role.SYSTEM_SUPERVISION
06-24 03:04:51.759   851  9173 I Role    : com.google.android.gms not qualified for android.app.role.SYSTEM_CALL_STREAMING due to missing RequiredComponent{mIntentFilterData=IntentFilterData{mAction='android.telecom.CallStreamingService', mCategories='[]', mDataScheme='null', mDataType='null'}, mMinTargetSdkVersion=1, mFlags='0', mPermission='android.permission.BIND_CALL_STREAMING_SERVICE', mQueryFlags=0, mMetaData=[]}
06-24 03:04:51.759   851  9173 E RoleControllerServiceImpl: Default/fallback role holder package doesn't qualify for the role, package: com.google.android.gms, role: android.app.role.SYSTEM_CALL_STREAMING
06-24 03:04:51.762   522   552 D ActivityManager: sync unfroze 3247 com.google.android.documentsui for 3
06-24 03:04:51.764   851  9173 W Role    : Default holder doesn't have required signing certificate: com.google.android.apps.work.clouddpc:23962F4B43B9857638EA66F4D419518EAE282491ACDA4B94707BD59003C45E58
06-24 03:04:51.768   522   576 I ActivityManager: Force stopping dev.mobile.maestro.test appid=10206 user=0: pkg removed
06-24 03:04:51.769   522   576 E libprocessgroup: No such cgroup attribute: /sys/fs/cgroup/uid_10206/cgroup.freeze
06-24 03:04:51.769   522   576 W libprocessgroup: Failed to apply Frozen process profile: No such file or directory
06-24 03:04:51.770   522   576 E libprocessgroup: No such cgroup attribute: /sys/fs/cgroup/uid_10206/cgroup.freeze
06-24 03:04:51.770   522   576 W libprocessgroup: Failed to apply Unfrozen process profile: No such file or directory
06-24 03:04:51.773  1606  2295 I MediaProvider: Begin Intent { act=android.intent.action.PACKAGE_FULLY_REMOVED dat=package: flg=0x5000010 cmp=com.google.android.providers.media.module/com.android.providers.media.MediaService (has extras) }
06-24 03:04:51.777  1606  2295 D MediaProvider: Deleted 0 Android/media items belonging to dev.mobile.maestro on /data/user/0/com.google.android.providers.media.module/databases/external.db
06-24 03:04:51.781  1054  1054 D CarrierSvcBindHelper: onPackageRemoved: dev.mobile.maestro.test
06-24 03:04:51.782  1054  1054 D CarrierSvcBindHelper: No carrier app for: 0
06-24 03:04:51.786  1606  2295 D MediaGrants: Removed 0 media_grants for 0 user for dev.mobile.maestro. Reason: Package orphaned
06-24 03:04:51.791  1606  2295 I MediaProvider: End Intent { act=android.intent.action.PACKAGE_FULLY_REMOVED dat=package: flg=0x5000010 cmp=com.google.android.providers.media.module/com.android.providers.media.MediaService (has extras) }
06-24 03:04:51.805   522   552 D ActivityManager: sync unfroze 2040 android.process.media for 3
06-24 03:04:51.810  3980  3980 V MediaPlayerList: mPackageChangedBroadcastReceiver: action: android.intent.action.PACKAGE_REMOVED
06-24 03:04:51.810  3980  3980 V MediaPlayerList: mPackageChangedBroadcastReceiver: action: android.intent.action.PACKAGE_REMOVED
06-24 03:04:51.811  1606  1606 W MediaProvider: WorkProfileOwnerApps cache is empty
06-24 03:04:51.816   837   837 D ControlsListingControllerImpl: ServiceConfig reloaded, count: 0
06-24 03:04:51.820  1606  2295 I MediaProvider: Begin Intent { act=android.intent.action.PACKAGE_FULLY_REMOVED dat=package: flg=0x5000010 cmp=com.google.android.providers.media.module/com.android.providers.media.MediaService (has extras) }
06-24 03:04:51.822   522   536 D SafetySourceDataValidator: No cert check requested for package com.google.android.permissioncontroller
06-24 03:04:51.824  1606  2295 D MediaProvider: Deleted 0 Android/media items belonging to dev.mobile.maestro.test on /data/user/0/com.google.android.providers.media.module/databases/external.db
06-24 03:04:51.827   851   851 D PersistedStoragePackageUninstalledReceiver: Received android.intent.action.PACKAGE_FULLY_REMOVED for dev.mobile.maestro for u0
06-24 03:04:51.828  1606  2295 D MediaGrants: Removed 0 media_grants for 0 user for dev.mobile.maestro.test. Reason: Package orphaned
06-24 03:04:51.832  1606  2295 I MediaProvider: End Intent { act=android.intent.action.PACKAGE_FULLY_REMOVED dat=package: flg=0x5000010 cmp=com.google.android.providers.media.module/com.android.providers.media.MediaService (has extras) }
06-24 03:04:51.833  5040  9186 I ProximityAuth: [RecentAppsMediator] Package removed: (user=UserHandle{0}) dev.mobile.maestro
06-24 03:04:51.843   522   759 W WifiService: Couldn't get PackageInfo for package:dev.mobile.maestro.test
06-24 03:04:51.843   522   759 D WifiService: Remove settings for package:dev.mobile.maestro.test
06-24 03:04:51.843   522   759 D WifiConfigManager: Remove all networks for app ApplicationInfo{ce3210f dev.mobile.maestro.test}
06-24 03:04:51.844   522   772 E AppOps  : attributionTag VCN not declared in manifest of android
06-24 03:04:51.845   522   522 I ConditionProviders: Disallowing condition provider dev.mobile.maestro.test (userSet: true)
06-24 03:04:51.848   522   759 D WifiConfigStore: Writing to stores completed in 2 ms.
06-24 03:04:51.848   522   759 I PasspointManager: No app ops listener found for dev.mobile.maestro.test
06-24 03:04:51.848   400   400 D AF::TrackHandle: OpPlayAudio: track:55 usage:13 not muted
06-24 03:04:51.849   400   400 D AF::TrackHandle: OpPlayAudio: track:55 usage:13 not muted
06-24 03:04:51.849   400   400 D AF::TrackHandle: OpPlayAudio: track:55 usage:13 not muted
06-24 03:04:51.850  5040  9200 I Fitness : FitCleanupIntentOperation received Intent android.intent.action.PACKAGE_REMOVED [CONTEXT service_id=17 ]
06-24 03:04:51.851   522  2260 D SafetySourceDataValidator: No cert check requested for package com.google.android.permissioncontroller
06-24 03:04:51.851   400   400 D AF::TrackHandle: OpPlayAudio: track:55 usage:13 not muted
06-24 03:04:51.851   522   625 I InputReader: Reconfiguring input devices, changes=KEYBOARD_LAYOUTS
06-24 03:04:51.851   400   400 D AF::TrackHandle: OpPlayAudio: track:55 usage:13 not muted
06-24 03:04:51.852   400   400 D AF::TrackHandle: OpPlayAudio: track:55 usage:13 not muted
06-24 03:04:51.852   400   400 D AF::TrackHandle: OpPlayAudio: track:55 usage:13 not muted
06-24 03:04:51.852   400   400 D AF::TrackHandle: OpPlayAudio: track:55 usage:13 not muted
06-24 03:04:51.852   400   400 D AF::TrackHandle: OpPlayAudio: track:55 usage:13 not muted
06-24 03:04:51.852   400   400 D AF::TrackHandle: OpPlayAudio: track:55 usage:13 not muted
06-24 03:04:51.852   400   400 D AF::TrackHandle: OpPlayAudio: track:55 usage:13 not muted
06-24 03:04:51.852   400   400 D AF::TrackHandle: OpPlayAudio: track:55 usage:13 not muted
06-24 03:04:51.852   400   400 D AF::TrackHandle: OpPlayAudio: track:55 usage:13 not muted
06-24 03:04:51.852   400   400 D AF::TrackHandle: OpPlayAudio: track:55 usage:13 not muted
06-24 03:04:51.852   400   400 D AF::TrackHandle: OpPlayAudio: track:55 usage:13 not muted
06-24 03:04:51.852   400   400 D AF::TrackHandle: OpPlayAudio: track:55 usage:13 not muted
06-24 03:04:51.856  5040  9197 I ProximityAuth: [RecentAppsMediator] Package removed: (user=UserHandle{0}) dev.mobile.maestro.test
06-24 03:04:51.857   522   635 V StorageManagerService: Package dev.mobile.maestro.test does not have legacy storage
06-24 03:04:51.857   522   608 I RollbackManager: broadcast=ACTION_PACKAGE_FULLY_REMOVED pkg=dev.mobile.maestro.test
06-24 03:04:51.857   522   759 W WifiService: Couldn't get PackageInfo for package:dev.mobile.maestro.test
06-24 03:04:51.857   522   759 D WifiService: Remove settings for package:dev.mobile.maestro.test
06-24 03:04:51.858   522   522 I Telecom : CarModeTracker: Package dev.mobile.maestro.test is not tracked.: SSH.oR@AbY🔒
06-24 03:04:51.858   522   522 I Telecom : InCallController: updateCarModeForConnections: car mode apps: : SSH.oR@AbY🔒
06-24 03:04:51.858   522   522 I Telecom : InCallController: update carmode current:UserHandle{0} parent:null: SSH.oR@AbY🔒
06-24 03:04:51.860   522   759 D WifiConfigManager: Remove all networks for app ApplicationInfo{6e652ef dev.mobile.maestro.test}
06-24 03:04:51.863   522   759 D WifiConfigStore: Writing to stores completed in 2 ms.
06-24 03:04:51.864   522   759 I PasspointManager: No app ops listener found for dev.mobile.maestro.test
06-24 03:04:51.869   837   915 D StylusManager: Stylus InputDevice changed: 14 virtio_input_multi_touch_11
06-24 03:04:51.870   837   915 D StylusManager: Stylus InputDevice changed: 11 virtio_input_multi_touch_8
06-24 03:04:51.870   837   915 D StylusManager: Stylus InputDevice changed: 10 virtio_input_multi_touch_7
06-24 03:04:51.871   837   915 D StylusManager: Stylus InputDevice changed: 8 virtio_input_multi_touch_5
06-24 03:04:51.871   837   915 D StylusManager: Stylus InputDevice changed: 7 virtio_input_multi_touch_4
06-24 03:04:51.871  5040  9188 I Fitness : FitCleanupIntentOperation received Intent android.intent.action.PACKAGE_REMOVED [CONTEXT service_id=17 ]
06-24 03:04:51.871   837   915 D StylusManager: Stylus InputDevice changed: 9 virtio_input_multi_touch_6
06-24 03:04:51.871   837   915 D StylusManager: Stylus InputDevice changed: 13 virtio_input_multi_touch_10
06-24 03:04:51.872   837   915 D StylusManager: Stylus InputDevice changed: 12 virtio_input_multi_touch_9
06-24 03:04:51.872   837   915 D StylusManager: Stylus InputDevice changed: 6 virtio_input_multi_touch_3
06-24 03:04:51.874   337   369 I netd    : tetherGetStats() -> {[]} <0.26ms>
06-24 03:04:51.882   837   915 D StylusManager: Stylus InputDevice changed: 4 virtio_input_multi_touch_1
06-24 03:04:51.885   837   915 D StylusManager: Stylus InputDevice changed: 5 virtio_input_multi_touch_2
06-24 03:04:51.887  5096  9203 I BlockstoreStorage: Clearing all the Blockstore Data for package dev.mobile.maestro [CONTEXT service_id=258 ]
06-24 03:04:51.888  5096  9203 I BlockstoreStorage: Clearing all the Blockstore Data for 1 packages [CONTEXT service_id=258 ]
06-24 03:04:51.898  5096  8734 I ContentMaintenance: Internal cache bytes used: 0; limit: 100000000; download size: 0
06-24 03:04:51.904  5096  8734 I RealtimeCacheCleanup: Beginning Realtime garbage collection.
06-24 03:04:51.904  5096  8734 I RealtimeCacheCleanup: Finished Realtime garbage collection.
06-24 03:04:51.911   851   851 D PersistedStoragePackageUninstalledReceiver: Received android.intent.action.PACKAGE_FULLY_REMOVED for dev.mobile.maestro.test for u0
06-24 03:04:51.917  5096  9182 I BlockstoreStorage: Clearing all the Blockstore Data for package dev.mobile.maestro.test [CONTEXT service_id=258 ]
06-24 03:04:51.918  5096  9182 I BlockstoreStorage: Clearing all the Blockstore Data for 1 packages [CONTEXT service_id=258 ]
06-24 03:04:51.933  5096  5096 D BoundBrokerSvc: onBind: Intent { act=com.google.android.gms.common.BIND_SHARED_PREFS pkg=com.google.android.gms }
06-24 03:04:51.934  5096  5096 D BoundBrokerSvc: Loading bound service for intent: Intent { act=com.google.android.gms.common.BIND_SHARED_PREFS pkg=com.google.android.gms }
06-24 03:04:51.937  5096  8901 I Icing   : doRemovePackageData dev.mobile.maestro
06-24 03:04:51.942  5096  9217 W SQLiteLog: (28) double-quoted string literal: "dev.mobile.maestro"
06-24 03:04:51.944  1115  1115 D Launcher.Model: package removed received dev.mobile.maestro
06-24 03:04:51.944  1115  1174 D PackageUpdatedTask: Removing app icondev.mobile.maestro
06-24 03:04:51.946   337   369 I netd    : tetherGetStats() -> {[]} <0.39ms>
06-24 03:04:51.947  1575  1575 I AiAiEcho: AppFetcherImplV2 onPackageRemoved dev.mobile.maestro.
06-24 03:04:51.953  5096  5096 D BoundBrokerSvc: onUnbind: Intent { act=com.google.android.gms.common.BIND_SHARED_PREFS pkg=com.google.android.gms }
06-24 03:04:51.959  1115  1174 D ModelWriter: removing items from db . Reason: [removed because the corresponding package or component is removed. mOp=3 removedPackages=[dev.mobile.maestro] removedComponents=[]]
06-24 03:04:51.960  1575  2084 I AiAiEcho: EchoSearch: WidgetFetcherImpl is initialized with [28] widgets [reason=package removed for userId: 0]
06-24 03:04:51.965  5096  9216 W SQLiteLog: (28) double-quoted string literal: "dev.mobile.maestro.test"
06-24 03:04:51.966  5096  5096 D BoundBrokerSvc: onBind: Intent { act=com.google.android.gms.common.BIND_SHARED_PREFS pkg=com.google.android.gms }
06-24 03:04:51.966  5096  5096 D BoundBrokerSvc: Loading bound service for intent: Intent { act=com.google.android.gms.common.BIND_SHARED_PREFS pkg=com.google.android.gms }
06-24 03:04:51.970  1575  1960 I AiAiEcho: [pnb-agg] Reload pnb aggregation on events deleted
06-24 03:04:51.970  1575  1960 I AiAiEcho: [pnb-agg] pnb aggregation disabled.
06-24 03:04:51.971  5096  9233 I Icing   : doRemovePackageData dev.mobile.maestro.test
06-24 03:04:51.972  5096  5135 I Icing   : IndexChimeraService.getServiceInterface callingPackage=com.google.android.gms componentName=AppsCorpus serviceId=36
06-24 03:04:51.973  5096  5096 D BoundBrokerSvc: onUnbind: Intent { act=com.google.android.gms.common.BIND_SHARED_PREFS pkg=com.google.android.gms }
06-24 03:04:51.988   522   551 W WindowMagnificationMgr: requestConnection duplicated request: connect=false, mConnectionState=DISCONNECTED
06-24 03:04:52.017  5096  9233 I Icing   : Usage reports ok 0, Failed Usage reports 0, indexed 0, rejected 0
06-24 03:04:52.019  1115  1115 D Launcher.Model: package removed received dev.mobile.maestro.test
06-24 03:04:52.019  1115  1174 D PackageUpdatedTask: Removing app icondev.mobile.maestro.test
06-24 03:04:52.019  1575  1575 I AiAiEcho: AppFetcherImplV2 onPackageRemoved dev.mobile.maestro.test.
06-24 03:04:52.023  1115  1174 D ModelWriter: removing items from db . Reason: [removed because the corresponding package or component is removed. mOp=3 removedPackages=[dev.mobile.maestro.test] removedComponents=[]]
06-24 03:04:52.028   522   531 I system_server: Background concurrent copying GC freed 359042(17MB) AllocSpace objects, 52(1856KB) LOS objects, 45% free, 29MB/53MB, paused 736us,35us total 285.212ms
06-24 03:04:52.032  1575  2084 I AiAiEcho: EchoSearch: WidgetFetcherImpl is initialized with [28] widgets [reason=package removed for userId: 0]
06-24 03:04:52.036  1575  1960 I AiAiEcho: [pnb-agg] Reload pnb aggregation on events deleted
06-24 03:04:52.037  1575  1960 I AiAiEcho: [pnb-agg] pnb aggregation disabled.
06-24 03:04:52.044  5096  9233 I Icing   : Indexing com.google.android.gms-apps from com.google.android.gms
06-24 03:04:52.047  5096  9233 I Icing   : Indexing done com.google.android.gms-apps
06-24 03:04:52.048  5096  9233 I Icing   : Indexing com.google.android.gms-apps from com.google.android.gms
06-24 03:04:52.048  5096  9233 I Icing   : Indexing done com.google.android.gms-apps
06-24 03:04:52.131  1614  1614 I GsaVoiceInteractionSrv: O received Intent { act=android.intent.action.PACKAGE_REMOVED dat=package: flg=0x4000010 (has extras) }
06-24 03:04:52.133  1614  1614 I GsaVoiceInteractionSrv: O received Intent { act=android.intent.action.PACKAGE_REMOVED dat=package: flg=0x4000010 (has extras) }
06-24 03:04:52.138  1683  2186 W SearchServiceCore: Abort, client detached.
06-24 03:04:52.185   837   837 D TileServices: Couldn't find tile for ComponentInfo{com.google.android.apps.wellbeing/com.google.android.apps.wellbeing.focusmode.quicksettings.FocusModeTileService}(0)
06-24 03:04:52.205   837   837 D TileServices: Couldn't find tile for ComponentInfo{com.google.android.apps.wellbeing/com.google.android.apps.wellbeing.focusmode.quicksettings.FocusModeTileService}(0)
06-24 03:04:52.210  9238  9238 W BpBinder: Linking to death on android.gui.ISurfaceComposer but there are no threads (yet?) listening to incoming transactions. See ProcessState::startThreadPool and ProcessState::setThreadPoolMaxThreadCount. Generally you should setup the binder threadpool before other initialization steps.
06-24 03:04:52.211  9238  9238 W ProcessState: Extra binder thread started, but 0 threads requested. Do not use *startThreadPool when zero threads are requested.
06-24 03:04:52.219   134   134 I hwservicemanager: getTransport: Cannot find entry android.hardware.graphics.mapper@4.0::IMapper/default in either framework or device VINTF manifest.
06-24 03:04:52.219  9238  9239 I Gralloc4: mapper 4.x is not supported
06-24 03:04:52.415     0     0 I servicemanager: Could not find android.hardware.graphics.allocator.IAllocator/default in the VINTF manifest.
06-24 03:04:52.351  9240  9240 D AndroidRuntime: >>>>>> START com.android.internal.os.RuntimeInit uid 2000 <<<<<<
06-24 03:04:52.355  9240  9240 I AndroidRuntime: Using default boot image
06-24 03:04:52.355  9240  9240 I AndroidRuntime: Leaving lock profiling enabled
06-24 03:04:52.357  9240  9240 I app_process: Core platform API reporting enabled, enforcing=false
06-24 03:04:52.357  9240  9240 I app_process: Using CollectorTypeCC GC.
06-24 03:04:52.452  9240  9240 D nativeloader: InitDefaultPublicLibraries for_preload=1: libandroid.so:libaaudio.so:libamidi.so:libbinder_ndk.so:libc.so:libcamera2ndk.so:libdl.so:libEGL.so:libGLESv1_CM.so:libGLESv2.so:libGLESv3.so:libicu.so:libicui18n.so:libicuuc.so:libjnigraphics.so:liblog.so:libmediandk.so:libm.so:libnativehelper.so:libnativewindow.so:libOpenMAXAL.so:libOpenSLES.so:libRS.so:libstdc++.so:libsync.so:libvulkan.so:libwebviewchromium_plat_support.so:libz.so
06-24 03:04:52.460  9240  9240 D app_process: Time zone APEX ICU file found: /apex/com.android.tzdata/etc/icu/icu_tzdata.dat
06-24 03:04:52.460  9240  9240 D app_process: I18n APEX ICU file found: /apex/com.android.i18n/etc/icu/icudt72l.dat
06-24 03:04:52.464  9240  9240 W app_process: Unexpected CPU variant for x86: x86_64.
06-24 03:04:52.464  9240  9240 W app_process: Known variants: atom, sandybridge, silvermont, goldmont, goldmont-plus, tremont, kabylake, default
06-24 03:04:52.467  9240  9240 W app_process: ClassLoaderContext shared library size mismatch. Expected=2, found=0 (PCL[]{PCL[/system/framework/android.test.base.jar*836642756]#PCL[/system/framework/android.test.mock.jar*3186112116]} | PCL[])
