06-24 03:04:52.468  9240  9240 W app_process: ClassLoaderContext classpath size mismatch. expected=0, found=1 (PCL[]{PCL[/system/framework/android.test.runner.jar*4168958247]{PCL[/system/framework/android.test.base.jar*836642756]#PCL[/system/framework/android.test.mock.jar*3186112116]}#PCL[/system/framework/android.test.base.jar*836642756]} | PCL[/system/framework/android.test.runner.jar*4168958247])
06-24 03:04:52.483  9240  9240 W libc    : Access denied finding property "ro.product.name_for_attestation"
06-24 03:04:52.483  9240  9240 W libc    : Access denied finding property "ro.product.brand_for_attestation"
06-24 03:04:52.483  9240  9240 W libc    : Access denied finding property "ro.product.model_for_attestation"
06-24 03:04:52.484  9240  9240 D AndroidRuntime: Calling main entry com.android.commands.uiautomator.Launcher
06-24 03:04:52.478  9240  9240 W main    : type=1400 audit(0.0:100): avc:  denied  { read } for  name="u:object_r:build_attestation_prop:s0" dev="tmpfs" ino=86 scontext=u:r:shell:s0 tcontext=u:object_r:build_attestation_prop:s0 tclass=file permissive=0
06-24 03:04:52.485  9240  9240 D UiAutomationConnection: Created on user UserHandle{0}
06-24 03:04:52.485  9240  9240 I UiAutomation: Initialized for user 0 on display 0
06-24 03:04:52.485  9240  9240 W UiAutomation: Created with deprecatead constructor, assumes DEFAULT_DISPLAY
06-24 03:04:52.486   522   596 D AccessibilityManagerService: changeCurrentUserForTestAutomationIfNeededLocked(0): ignoring because device doesn't support visible background users
06-24 03:04:52.486   522   596 I UiAutomationManager: Registering UiTestAutomationService (id=com.android.server.accessibility/UiAutomation) when called by user 0
06-24 03:04:52.487   522   596 W WindowMagnificationMgr: requestConnection duplicated request: connect=false, mConnectionState=DISCONNECTED
06-24 03:04:52.488   522   522 D BatterySaverPolicy: accessibility changed to true, updating policy.
06-24 03:04:52.489  9240  9254 V UiAutomation: Init UiAutomation@1a71c8b[id=15, displayId=0, flags=0]
06-24 03:04:52.490   522   596 W WindowMagnificationMgr: requestConnection duplicated request: connect=false, mConnectionState=DISCONNECTED
06-24 03:04:52.490  1575  2721 I AiAiEcho: Settings changed for uri: content://settings/secure/accessibility_enabled
06-24 03:04:52.490  1575  2721 I AiAiEcho: Settings changed for uri: content://settings/secure/accessibility_enabled
06-24 03:04:52.478  9240  9240 W main    : type=1400 audit(0.0:101): avc:  denied  { read } for  name="u:object_r:build_attestation_prop:s0" dev="tmpfs" ino=86 scontext=u:r:shell:s0 tcontext=u:object_r:build_attestation_prop:s0 tclass=file permissive=0
06-24 03:04:52.491  1575  1960 I AiAiEcho: Predicting[0]: 
06-24 03:04:52.491  1575  1960 I AiAiEcho: EchoTargets: 
06-24 03:04:52.491  1575  1960 I AiAiEcho: Filtered by AiAi flag check: 
06-24 03:04:52.491  1575  1960 I AiAiEcho: Ranked targets strategy: SORT, count: 0, ranking metadata: 
06-24 03:04:52.491  1575  1960 I AiAiEcho: Predicting[0]: 
06-24 03:04:52.491  1575  1960 I AiAiEcho: EchoTargets: 
06-24 03:04:52.491  1575  1960 I AiAiEcho: Filtered by AiAi flag check: 
06-24 03:04:52.491  1575  1960 I AiAiEcho: Ranked targets strategy: SORT, count: 0, ranking metadata: 
06-24 03:04:52.491  1575  1960 I AiAiEcho: Predicting[0]: 
06-24 03:04:52.491  1575  1960 I AiAiEcho: EchoTargets: 
06-24 03:04:52.491  1575  1960 I AiAiEcho: Filtered by AiAi flag check: 
06-24 03:04:52.491  1575  1960 I AiAiEcho: Ranked targets strategy: SORT, count: 0, ranking metadata: 
06-24 03:04:52.491  1575  1960 I AiAiEcho: Predicting[0]: 
06-24 03:04:52.491  1575  1960 I AiAiEcho: EchoTargets: 
06-24 03:04:52.491  1575  1960 I AiAiEcho: Filtered by AiAi flag check: 
06-24 03:04:52.491  1575  1960 I AiAiEcho: Ranked targets strategy: SORT, count: 0, ranking metadata: 
06-24 03:04:52.493  1575  1960 I AiAiEcho: #postPredictionTargets: Sending updates to UISurface lockscreen with targets# 0 (types=[])
06-24 03:04:52.493  1575  1960 I AiAiEcho: #postPredictionTargets: Sending updates to UISurface home with targets# 0 (types=[])
06-24 03:04:52.493  1575  1960 I AiAiEcho: #postPredictionTargets: Sending updates to UISurface lockscreen with targets# 0 (types=[])
06-24 03:04:52.494  1575  1960 I AiAiEcho: #postPredictionTargets: Sending updates to UISurface home with targets# 0 (types=[])
06-24 03:04:52.478  9240  9240 W main    : type=1400 audit(0.0:102): avc:  denied  { read } for  name="u:object_r:build_attestation_prop:s0" dev="tmpfs" ino=86 scontext=u:r:shell:s0 tcontext=u:object_r:build_attestation_prop:s0 tclass=file permissive=0
06-24 03:04:52.496   837   837 W PageIndicator: Total number of pages invalid: 0. Assuming 1 page.
06-24 03:04:52.496   837   837 W PageIndicator: Total number of pages invalid: 0. Assuming 1 page.
06-24 03:04:52.497   522  2441 D SafetySourceDataValidator: No cert check requested for package com.google.android.permissioncontroller
06-24 03:04:52.498  1683  2129 I A       : NGA disabled since it's running Panthera and at least one a11y feature is on.
06-24 03:04:52.498  1683  2129 I A       : Nga state changed to NgaStateDetails{state=DISABLED, isSpecialExperience=false}
06-24 03:04:52.500  1614  1643 I A       : APA or Classic session decision: SessionDecision(sessionVariance=CLASSIC, platformVariance=CLASSIC, justification=CURRENT_PLATFORM_VARIANCE).
06-24 03:04:52.500  1614  1643 I A       : [Memory] eligibility: StashEligibility{4}
06-24 03:04:52.501  1614  2067 I A       : Unsubscribed to apa or classic variant change.
06-24 03:04:52.662   522   614 I RoleService: Granting default roles...
06-24 03:04:52.670   851  9173 E RoleControllerServiceImpl: Default/fallback role holder package doesn't qualify for the role, package: com.google.android.gms.supervision, role: android.app.role.SYSTEM_SUPERVISION
06-24 03:04:52.671   851  9173 I Role    : com.google.android.gms not qualified for android.app.role.SYSTEM_CALL_STREAMING due to missing RequiredComponent{mIntentFilterData=IntentFilterData{mAction='android.telecom.CallStreamingService', mCategories='[]', mDataScheme='null', mDataType='null'}, mMinTargetSdkVersion=1, mFlags='0', mPermission='android.permission.BIND_CALL_STREAMING_SERVICE', mQueryFlags=0, mMetaData=[]}
06-24 03:04:52.671   851  9173 E RoleControllerServiceImpl: Default/fallback role holder package doesn't qualify for the role, package: com.google.android.gms, role: android.app.role.SYSTEM_CALL_STREAMING
06-24 03:04:52.672   851  9173 W Role    : Default holder doesn't have required signing certificate: com.google.android.apps.work.clouddpc:23962F4B43B9857638EA66F4D419518EAE282491ACDA4B94707BD59003C45E58
06-24 03:04:53.086   837   837 D StatusBarIconController: ignoring old pipeline callbacks, because the new mobile icons are enabled
06-24 03:04:53.500  9240  9240 I AccessibilityNodeInfoDumper: Skipping invisible child: android.view.accessibility.AccessibilityNodeInfo@128f9; boundsInParent: Rect(0, 0 - 320, 0); boundsInScreen: Rect(0, 0 - 320, 0); boundsInWindow: Rect(0, 0 - 320, 0); packageName: com.hanapkalinga.mobile; className: android.widget.LinearLayout; text: null; error: null; maxTextLength: -1; stateDescription: null; contentDescription: null; tooltipText: null; containerTitle: null; viewIdResName: null; uniqueId: null; checkable: false; checked: false; focusable: false; focused: false; selected: false; clickable: false; longClickable: false; contextClickable: false; enabled: true; password: false; scrollable: false; importantForAccessibility: false; visible: false; actions: [AccessibilityAction: ACTION_SELECT - null, AccessibilityAction: ACTION_CLEAR_SELECTION - null, AccessibilityAction: ACTION_ACCESSIBILITY_FOCUS - null, AccessibilityAction: ACTION_SHOW_ON_SCREEN - null]; isTextSelectable: false
06-24 03:04:53.500  9240  9240 I AccessibilityNodeInfoDumper: Skipping invisible child: android.view.accessibility.AccessibilityNodeInfo@12538; boundsInParent: Rect(0, 0 - 320, 0); boundsInScreen: Rect(0, 0 - 320, 0); boundsInWindow: Rect(0, 0 - 320, 0); packageName: com.hanapkalinga.mobile; className: android.view.ViewGroup; text: null; error: null; maxTextLength: -1; stateDescription: null; contentDescription: null; tooltipText: null; containerTitle: null; viewIdResName: null; uniqueId: null; checkable: false; checked: false; focusable: false; focused: false; selected: false; clickable: false; longClickable: false; contextClickable: false; enabled: true; password: false; scrollable: false; importantForAccessibility: false; visible: false; actions: [AccessibilityAction: ACTION_SELECT - null, AccessibilityAction: ACTION_CLEAR_SELECTION - null, AccessibilityAction: ACTION_ACCESSIBILITY_FOCUS - null, AccessibilityAction: ACTION_SHOW_ON_SCREEN - null]; isTextSelectable: false
06-24 03:04:53.501  9240  9240 I AccessibilityNodeInfoDumper: Skipping invisible child: android.view.accessibility.AccessibilityNodeInfo@1a4da; boundsInParent: Rect(0, 0 - 320, 0); boundsInScreen: Rect(0, 0 - 320, 0); boundsInWindow: Rect(0, 0 - 320, 0); packageName: com.hanapkalinga.mobile; className: android.widget.LinearLayout; text: null; error: null; maxTextLength: -1; stateDescription: null; contentDescription: null; tooltipText: null; containerTitle: null; viewIdResName: null; uniqueId: null; checkable: false; checked: false; focusable: false; focused: false; selected: false; clickable: false; longClickable: false; contextClickable: false; enabled: true; password: false; scrollable: false; importantForAccessibility: false; visible: false; actions: [AccessibilityAction: ACTION_SELECT - null, AccessibilityAction: ACTION_CLEAR_SELECTION - null, AccessibilityAction: ACTION_ACCESSIBILITY_FOCUS - null, AccessibilityAction: ACTION_SHOW_ON_SCREEN - null]; isTextSelectable: false
06-24 03:04:53.501  9240  9240 I AccessibilityNodeInfoDumper: Skipping invisible child: android.view.accessibility.AccessibilityNodeInfo@1a119; boundsInParent: Rect(0, 0 - 320, 0); boundsInScreen: Rect(0, 0 - 320, 0); boundsInWindow: Rect(0, 0 - 320, 0); packageName: com.hanapkalinga.mobile; className: android.view.ViewGroup; text: null; error: null; maxTextLength: -1; stateDescription: null; contentDescription: null; tooltipText: null; containerTitle: null; viewIdResName: null; uniqueId: null; checkable: false; checked: false; focusable: false; focused: false; selected: false; clickable: false; longClickable: false; contextClickable: false; enabled: true; password: false; scrollable: false; importantForAccessibility: false; visible: false; actions: [AccessibilityAction: ACTION_SELECT - null, AccessibilityAction: ACTION_CLEAR_SELECTION - null, AccessibilityAction: ACTION_ACCESSIBILITY_FOCUS - null, AccessibilityAction: ACTION_SHOW_ON_SCREEN - null]; isTextSelectable: false
06-24 03:04:53.506  9240  9240 W AccessibilityNodeInfoDumper: Fetch time: 9ms
06-24 03:04:53.510  1575  2721 I AiAiEcho: Settings changed for uri: content://settings/secure/accessibility_enabled
06-24 03:04:53.510   522  2441 W WindowMagnificationMgr: requestConnection duplicated request: connect=false, mConnectionState=DISCONNECTED
06-24 03:04:53.510   522  2441 D AccessibilityManagerService: restoreCurrentUserForTestAutomationIfNeededLocked(): ignoring because device doesn't support visible background users
06-24 03:04:53.511   522   522 D BatterySaverPolicy: accessibility changed to false, updating policy.
06-24 03:04:53.511  1575  1960 I AiAiEcho: Predicting[0]: 
06-24 03:04:53.511  1575  1960 I AiAiEcho: EchoTargets: 
06-24 03:04:53.511  1575  1960 I AiAiEcho: Filtered by AiAi flag check: 
06-24 03:04:53.511  1575  1960 I AiAiEcho: Ranked targets strategy: SORT, count: 0, ranking metadata: 
06-24 03:04:53.512  1575  1960 I AiAiEcho: Predicting[0]: 
06-24 03:04:53.512  1575  1960 I AiAiEcho: EchoTargets: 
06-24 03:04:53.512  1575  1960 I AiAiEcho: Filtered by AiAi flag check: 
06-24 03:04:53.512  1575  1960 I AiAiEcho: Ranked targets strategy: SORT, count: 0, ranking metadata: 
06-24 03:04:53.512  1575  1960 I AiAiEcho: #postPredictionTargets: Sending updates to UISurface lockscreen with targets# 0 (types=[])
06-24 03:04:53.512  1575  1960 I AiAiEcho: #postPredictionTargets: Sending updates to UISurface home with targets# 0 (types=[])
06-24 03:04:53.513  9240  9240 D AndroidRuntime: Shutting down VM
06-24 03:04:53.514  1683  2129 I A       : NGA enabled in interactor.
06-24 03:04:53.514  1683  2129 I A       : Nga state changed to NgaStateDetails{state=ENABLED, isSpecialExperience=false}
06-24 03:04:53.519  1614  1656 I A       : Initializing all components
06-24 03:04:53.519  1614  1656 I A       : APA or Classic session decision: SessionDecision(sessionVariance=CLASSIC, platformVariance=CLASSIC, justification=CURRENT_PLATFORM_VARIANCE).
06-24 03:04:53.520  1614  1656 I A       : [Memory] eligibility: StashEligibility{6}
06-24 03:04:53.520  1614  2051 I A       : State changed: IDLE => IDLE by NGA_STATE_CHANGED and N/A with Optional.empty
06-24 03:04:53.520  1614  2051 I A       : Recognizer choice: (recognizer_type: 1, recognizer_mode: 1, choice_reason: 4)
06-24 03:04:53.520  1614  2051 I A       : onActiveStateChangeEvent: IDLE => IDLE
06-24 03:04:53.520  1614  2051 I A       : #onActiveStateChangeEvent, newState: IDLE, previousState: IDLE.
06-24 03:04:53.521   837   837 W PageIndicator: Total number of pages invalid: 0. Assuming 1 page.
06-24 03:04:53.521  1614  2067 I A       : onIsEnabledChanged, isEnabled: false
06-24 03:04:53.521  1614  2067 W A       : Disposing empty manager. Did you forgot to subscribe observables?
06-24 03:04:53.521  1614  2067 W A       : Disposing empty manager. Did you forgot to subscribe observables?
06-24 03:04:53.521  1614  2067 W A       : Disposing empty manager. Did you forgot to subscribe observables?
06-24 03:04:53.521  1614  2067 W A       : Disposing empty manager. Did you forgot to subscribe observables?
06-24 03:04:53.521  1614  2067 W A       : Disposing empty manager. Did you forgot to subscribe observables?
06-24 03:04:53.523  1614  2067 W A       : Disposing empty manager. Did you forgot to subscribe observables?
06-24 03:04:53.523  1614  2067 W A       : Disposing empty manager. Did you forgot to subscribe observables?
06-24 03:04:53.523  1614  2067 W A       : Disposing empty manager. Did you forgot to subscribe observables?
06-24 03:04:53.523  1614  2067 W A       : Disposing empty manager. Did you forgot to subscribe observables?
06-24 03:04:53.523  1614  2067 W A       : Disposing empty manager. Did you forgot to subscribe observables?
06-24 03:04:53.523  1614  2067 I A       : onOpaVisibilityChanged: false
06-24 03:04:53.523  1614  2067 W A       : Disposing empty manager. Did you forgot to subscribe observables?
06-24 03:04:53.523  1614  2067 W A       : Disposing empty manager. Did you forgot to subscribe observables?
06-24 03:04:53.523  1614  2067 W A       : Disposing empty manager. Did you forgot to subscribe observables?
06-24 03:04:53.523  1614  2067 W A       : Disposing empty manager. Did you forgot to subscribe observables?
06-24 03:04:53.523  1614  2067 W A       : Disposing empty manager. Did you forgot to subscribe observables?
06-24 03:04:53.523  1614  2067 W A       : Disposing empty manager. Did you forgot to subscribe observables?
06-24 03:04:53.523  1614  2067 I A       : Setting session to type: NO_SESSION
06-24 03:04:53.523  1614  2067 W A       : Disposing empty manager. Did you forgot to subscribe observables?
06-24 03:04:53.523  1614  2067 W A       : Disposing empty manager. Did you forgot to subscribe observables?
06-24 03:04:53.523  1614  2067 W A       : Disposing empty manager. Did you forgot to subscribe observables?
06-24 03:04:53.523  1614  2067 W A       : Disposing empty manager. Did you forgot to subscribe observables?
06-24 03:04:53.523  1614  2067 W A       : Disposing empty manager. Did you forgot to subscribe observables?
06-24 03:04:53.523  1614  2067 W A       : Disposing empty manager. Did you forgot to subscribe observables?
06-24 03:04:53.523  1614  2067 W A       : Disposing empty manager. Did you forgot to subscribe observables?
06-24 03:04:53.523  1614  2067 W A       : Disposing empty manager. Did you forgot to subscribe observables?
06-24 03:04:53.523  1614  2067 I A       : setNavBarVisible: GestureNavBarVisible{navbarVisible=true}
06-24 03:04:53.523  1614  2067 W A       : Disposing empty manager. Did you forgot to subscribe observables?
06-24 03:04:53.523  1614  2067 W A       : Disposing empty manager. Did you forgot to subscribe observables?
06-24 03:04:53.523  1614  2067 W A       : Disposing empty manager. Did you forgot to subscribe observables?
06-24 03:04:53.523  1614  2067 W A       : Disposing empty manager. Did you forgot to subscribe observables?
06-24 03:04:53.523  1614  2067 W A       : Disposing empty manager. Did you forgot to subscribe observables?
06-24 03:04:53.523  1614  2067 W A       : Disposing empty manager. Did you forgot to subscribe observables?
06-24 03:04:53.523  1614  2067 I A       : onDisabled. Registered: false
06-24 03:04:53.526  1614  2051 I A       : on opa visibility changed false
06-24 03:04:53.526  1614  2051 I A       : on opa visibility changed false
06-24 03:04:53.526  1614  2051 I A       : stopListening(NGA_PAUSED_UNKNOWN_REASON, NGA_CREATE), idleOverride=NOT_LISTENING
06-24 03:04:53.527  1614  2067 I A       : Initialize
06-24 03:04:53.528  1614  2051 I NgaEntryPointEventSendr: setupConnection
06-24 03:04:53.529  1683  1683 I A       : Creating pss binder().
06-24 03:04:53.530  1614  2051 I NgaEntryPointEventSendr: State changed: Disconnected => Connecting
06-24 03:04:53.531  1614  2051 I NgaEntryPointEventSendr: onServiceConnected
06-24 03:04:53.531  1683  1790 I A       : Calling beginBinderSession().
06-24 03:04:53.531  1683  1790 I A       : beginBinderSession(): calling binder
06-24 03:04:53.532  1614  2051 I NgaEntryPointEventSendr: State changed: Connecting => Ready
06-24 03:04:53.533  1614  2051 I A       : Successfully initialized all components
06-24 03:04:53.534   522  2229 W ActivityManager: Unable to start service Intent { cmp=com.google.android.apps.tachyon/.clientapi.ClientApiService } U=0: not found
06-24 03:04:53.540  1683  2955 I PBSessionCacheImpl: Deleted sessionId[7403694547980489] from persistence.
06-24 03:04:53.540  1683  2186 W A       : UiCallbackStub-onGenericEvent[ServiceEvent = 60] task was not run. Callback from Service received after client was disposed.
06-24 03:04:53.541  1683  2186 W SearchServiceCore: Abort, client detached.
06-24 03:04:53.542  1614  2067 I NgaEntryPointEventSendr: State changed: Ready => Disconnected (onOpaDisconnected)
06-24 03:04:54.088  8929  8931 I AidlLazyServiceRegistrar: Process has 0 (of 1 available) client(s) in use after notification artd has clients: 0
06-24 03:04:54.088  8929  8931 I AidlLazyServiceRegistrar: Trying to shut down the service. No clients in use for any service in process.
06-24 03:04:54.284     0     0 I servicemanager: Notifying artd they don't (previously: do) have clients when we now have no record of a client
06-24 03:04:54.286     0     0 I servicemanager: Unregistering artd
06-24 03:04:54.287     0     0 I BpBinder: onLastStrongRef automatically unlinking death recipients:
06-24 03:04:54.090  8929  8931 I AidlLazyServiceRegistrar: Unregistered all clients and exiting
06-24 03:04:54.289     0     0 I init    : Service 'artd' (pid 8929) exited with status 0 oneshot service took 53.195999 seconds in background
06-24 03:04:54.291     0     0 I init    : Sending signal 9 to service 'artd' (pid 8929) process group...
06-24 03:04:54.293     0     0 I libprocessgroup: Successfully killed process cgroup uid 1082 pid 8929 in 0ms
