06-25 11:58:38.762  5470  5506 W AsyncOperation: 	at java.util.concurrent.ThreadPoolExecutor.runWorker(ThreadPoolExecutor.java:1145)
06-25 11:58:38.762  5470  5506 W AsyncOperation: 	at java.util.concurrent.ThreadPoolExecutor$Worker.run(ThreadPoolExecutor.java:644)
06-25 11:58:38.762  5470  5506 W AsyncOperation: 	at acjn.run(:com.google.android.gms@231818047@23.18.18 (190800-535401451):0)
06-25 11:58:38.762  5470  5506 W AsyncOperation: 	at java.lang.Thread.run(Thread.java:1012)
06-25 11:58:38.763  5470  5507 I NearbySharing: Can't stop scanning for FastInitiation. Not scanning. [CONTEXT service_id=194 ]
06-25 11:58:38.763  5470  5507 I NearbySharing: Cancelling in use notification [CONTEXT service_id=194 ]
06-25 11:58:38.763  5470  5507 I NearbySharing: Fast Initiation Scanning has stopped [CONTEXT service_id=194 ]
06-25 11:58:38.763  5470  5507 I NearbySharing: Stopping FastInitiation scanning because Bluetooth is disabled. [CONTEXT service_id=194 ]
06-25 11:58:38.765  5470  5507 I NearbySharing: Dismissing HUN as there's no device nearby. [CONTEXT service_id=194 ]
06-25 11:58:38.765  5470  5507 I NearbySharing: Cancelling in use notification [CONTEXT service_id=194 ]
06-25 11:58:38.767   518  1620 W AppOps  : Noting op not finished: uid 10132 pkg com.google.android.gms code 113 startTime of in progress event=1782388718765
06-25 11:58:38.768  5470  5470 D CompatibilityChangeReporter: Compat change id reported: 148180766; UID 10132; state: ENABLED
06-25 11:58:38.768   518  1923 D CompatibilityChangeReporter: Compat change id reported: 172251878; UID 10132; state: ENABLED
06-25 11:58:38.769  5470  5505 W MobStoreFlagStore: Failed to commit due to stale snapshot for com.google.android.gms.geotimezone, triggering flag update. Experiments may be delayed til next app start.
06-25 11:58:38.770  5470  5507 I NearbySharing: Bluetooth is enabled [CONTEXT service_id=194 ]
06-25 11:58:38.771   518   536 D CompatibilityChangeReporter: Compat change id reported: 241766793; UID 10132; state: DISABLED
06-25 11:58:38.771  5470  5507 I NearbySharing: Stopping scanning because Nearby Sharing is disabled. [CONTEXT service_id=194 ]
06-25 11:58:38.772  5470  5507 I NearbySharing: Failed to stop scanning because we're not scanning. [CONTEXT service_id=194 ]
06-25 11:58:38.772   518   536 D CompatibilityChangeReporter: Compat change id reported: 161252188; UID 10132; state: DISABLED
06-25 11:58:38.772   518   536 D CompatibilityChangeReporter: Compat change id reported: 135634846; UID 10132; state: DISABLED
06-25 11:58:38.773   518   551 D CompatibilityChangeReporter: Compat change id reported: 143937733; UID 10132; state: ENABLED
06-25 11:58:38.778   518   536 W AppOps  : Noting op not finished: uid 10132 pkg com.google.android.gms code 113 startTime of in progress event=1782388718765
06-25 11:58:38.779   518   536 W AppOps  : Noting op not finished: uid 10132 pkg com.google.android.gms code 113 startTime of in progress event=1782388718765
06-25 11:58:38.779   337   337 D Zygote  : Forked child process 5557
06-25 11:58:38.780  5470  5507 I NearbySharing: Can't stop advertising FastInitiation. Not advertising. [CONTEXT service_id=194 ]
06-25 11:58:38.781  5470  5507 I NearbySharing: Stopping Fast Init advertisement because we're not scanning in the foreground. [CONTEXT service_id=194 ]
06-25 11:58:38.781  5470  5507 I NearbySharing: Stopping advertising because Nearby Sharing is disabled. [CONTEXT service_id=194 ]
06-25 11:58:38.785   518  1923 W AppOps  : Noting op not finished: uid 10132 pkg com.google.android.gms code 113 startTime of in progress event=1782388718784
06-25 11:58:38.785  5470  5507 I NearbySharing: Starting scanning for Fast Initiation. [CONTEXT service_id=194 ]
06-25 11:58:38.786  5470  5507 D BluetoothAdapter: isLeEnabled(): ON
06-25 11:58:38.787   518   551 I ActivityManager: Start proc 5557:com.google.android.gms/u0a132 for service {com.google.android.gms/com.google.android.gms.nearby.sharing.SharingTileService}
06-25 11:58:38.787  3987  4216 D BtGatt.GattService: registerScanner() - UUID=6f57a52b-d868-4674-8a5f-3b3eae6c0fff
06-25 11:58:38.788  3987  4216 I bt_stack: [INFO:le_scanning_manager.cc(155)] RegisterScanner in shim layer
06-25 11:58:38.789  3987  4123 D BtGatt.GattService: onScannerRegistered() - UUID=6f57a52b-d868-4674-8a5f-3b3eae6c0fff, scannerId=1, status=0
06-25 11:58:38.789  5470  5559 D BluetoothLeScanner: onScannerRegistered() - status=0 scannerId=1 mScannerId=0
06-25 11:58:38.789  3987  4216 D BtGatt.GattService: start scan with filters
06-25 11:58:38.791  3987  4216 D BtGatt.GattService: enforcePrivilegedPermissionIfNeeded([BluetoothLeScanFilter [mDeviceName=null, mDeviceAddress=null, mUuid=null, mUuidMask=null, mServiceSolicitationUuid=null, mServiceSolicitationUuidMask=null, mServiceDataUuid=0000fe2c-0000-1000-8000-00805f9b34fb, mServiceData=[-4, 18, -114], mServiceDataMask=null, mManufacturerId=-1, mManufacturerData=null, mManufacturerDataMask=null, mAdvertisingDataType=-1, mAdvertisingData=null, mAdvertisingDataMask=null, mTransportBlockFilter=null], BluetoothLeScanFilter [mDeviceName=null, mDeviceAddress=null, mUuid=0000fe2c-0000-1000-8000-00805f9b34fb, mUuidMask=null, mServiceSolicitationUuid=null, mServiceSolicitationUuidMask=null, mServiceDataUuid=null, mServiceData=null, mServiceDataMask=null, mManufacturerId=-1, mManufacturerData=null, mManufacturerDataMask=null, mAdvertisingDataType=9, mAdvertisingData=[95, 66, 75, 79, 0], mAdvertisingDataMask=[-1, -1, -1, -1, 0], mTransportBlockFilter=null]])
06-25 11:58:38.791   518  1620 W AppOps  : Noting op not finished: uid 10132 pkg com.google.android.gms code 113 startTime of in progress event=1782388718784
06-25 11:58:38.791   518  1620 W AppOps  : Noting op not finished: uid 10132 pkg com.google.android.gms code 113 startTime of in progress event=1782388718784
06-25 11:58:38.793  3987  4216 D BtGatt.ScanManager: startScan()  [ScanClient scanModeApp -1 scanModeUsed -1 [appScanStats com.google.uid.shared:10132]]
06-25 11:58:38.794  3987  4216 D ActivityAttributionService: notifyActivityAttributionInfo UID=1002 packageName=com.google.android.bluetooth deviceAddress=no_active_device_address
06-25 11:58:38.794   518   536 W AppOps  : Noting op not finished: uid 10132 pkg com.google.android.gms code 113 startTime of in progress event=1782388718784
06-25 11:58:38.794  3987  4216 I bt_btif : packages/modules/Bluetooth/system/btif/src/bluetooth.cc:829 get_profile_interface: get_profile_interface: id = activity_attribution
06-25 11:58:38.794  3987  4159 D BtGatt.ScanManager: handling starting scan
06-25 11:58:38.799  5079  5079 I ChimeraModuleLdr: Module config changed, forcing restart due to module com.google.android.gms.core_download
06-25 11:58:38.799  5079  5079 I Process : Sending signal. PID: 5079 SIG: 9
06-25 11:58:38.801  5470  5470 W Nearby  : Bind call too late - someone already tried to get: interface dtvj [CONTEXT service_id=49 ]
06-25 11:58:38.805  5470  5507 I NearbySharing: Started scanning for FastInitiation with mode: SCAN_MODE_OPPORTUNISTIC [CONTEXT service_id=194 ]
06-25 11:58:38.815  5470  5504 I NearbySharing: A new client has bound to the NearbySharingService ClientBridge for calling package com.google.android.gms [CONTEXT service_id=194 ]
06-25 11:58:38.826  5470  5504 W WearableService: onGetService: Wear is not available on this device.
06-25 11:58:38.828  5557  5557 I gle.android.gms: Using CollectorTypeCC GC.
06-25 11:58:38.829  5557  5557 W gle.android.gms: Unexpected CPU variant for x86: x86_64.
06-25 11:58:38.829  5557  5557 W gle.android.gms: Known variants: atom, sandybridge, silvermont, goldmont, goldmont-plus, tremont, kabylake, default
06-25 11:58:38.830  5470  5507 I NearbySharing: Fast Initiation Scanning has started [CONTEXT service_id=194 ]
06-25 11:58:38.830   518   896 I ActivityManager: Force stopping com.hanapkalinga.mobile appid=10192 user=0: from pid 5564
06-25 11:58:38.831   518   541 D DisplayManagerService: Drop pending events for gone uid 10192
06-25 11:58:38.834   518   896 I ActivityManager: Killing 4568:com.hanapkalinga.mobile/u0a192 (adj 0): stop com.hanapkalinga.mobile due to from pid 5564
06-25 11:58:38.835   518   896 W ActivityTaskManager: Force removing ActivityRecord{9cb89de u0 com.hanapkalinga.mobile/.MainActivity t9 f}}: app died, no saved state
06-25 11:58:38.835   831   865 V WindowManagerShell: Transition requested: android.os.BinderProxy@e4cb2b9 TransitionRequestInfo { type = CLOSE, triggerTask = TaskInfo{userId=0 taskId=9 displayId=0 isRunning=false baseIntent=Intent { flg=0x10000000 cmp=com.hanapkalinga.mobile/.MainActivity } baseActivity=null topActivity=null origActivity=null realActivity=ComponentInfo{com.hanapkalinga.mobile/com.hanapkalinga.mobile.MainActivity} numActivities=0 lastActiveTime=57056 supportsMultiWindow=true resizeMode=1 isResizeable=true minWidth=-1 minHeight=-1 defaultMinSize=220 token=WCT{android.window.IWindowContainerToken$Stub$Proxy@932a6fe} topActivityType=1 pictureInPictureParams=null shouldDockBigOverlays=false launchIntoPipHostTaskId=-1 lastParentTaskIdBeforePip=-1 displayCutoutSafeInsets=null topActivityInfo=null launchCookies=[] positionInParent=Point(0, 0) parentTaskId=-1 isFocused=true isVisible=true isVisibleRequested=true isSleeping=false topActivityInSizeCompat=false topActivityEligibleForLetterboxEducation= false topActivityLetterboxed= false isFromDoubleTap= false topActivityLetterboxVerticalPosition= -1 topActivityLetterboxHorizontalPosition= -1 topActivityLetterboxWidth=-1 topActivityLetterboxHeight=-1 locusId=null displayAreaFeatureId=1 cameraCompatControlState=hidden}, remoteTransition = null, displayChange = null }
06-25 11:58:38.835  5470  5517 I NearbyMessages: OfflineCache: old scanner cache is not enabled [CONTEXT service_id=62 ]
06-25 11:58:38.844  5470  5498 W GmsPipelineLogger: GmsPipelineLogger Failed to obtain device id [CONTEXT service_id=256 ]
06-25 11:58:38.844  5470  5498 W GmsPipelineLogger: java.lang.NullPointerException
06-25 11:58:38.844  5470  5498 W GmsPipelineLogger: 	at dhat.y(:com.google.android.gms@231818047@23.18.18 (190800-535401451):0)
06-25 11:58:38.844  5470  5498 W GmsPipelineLogger: 	at avot.b(:com.google.android.gms@231818047@23.18.18 (190800-535401451):6)
06-25 11:58:38.844  5470  5498 W GmsPipelineLogger: 	at avot.a(:com.google.android.gms@231818047@23.18.18 (190800-535401451):2)
06-25 11:58:38.844  5470  5498 W GmsPipelineLogger: 	at avor.run(:com.google.android.gms@231818047@23.18.18 (190800-535401451):2)
06-25 11:58:38.844  5470  5498 W GmsPipelineLogger: 	at java.util.concurrent.Executors$RunnableAdapter.call(Executors.java:487)
06-25 11:58:38.844  5470  5498 W GmsPipelineLogger: 	at java.util.concurrent.FutureTask.run(FutureTask.java:264)
06-25 11:58:38.844  5470  5498 W GmsPipelineLogger: 	at aced.c(:com.google.android.gms@231818047@23.18.18 (190800-535401451):6)
06-25 11:58:38.844  5470  5498 W GmsPipelineLogger: 	at aced.run(:com.google.android.gms@231818047@23.18.18 (190800-535401451):7)
06-25 11:58:38.844  5470  5498 W GmsPipelineLogger: 	at java.util.concurrent.ThreadPoolExecutor.runWorker(ThreadPoolExecutor.java:1145)
06-25 11:58:38.844  5470  5498 W GmsPipelineLogger: 	at java.util.concurrent.ThreadPoolExecutor$Worker.run(ThreadPoolExecutor.java:644)
06-25 11:58:38.844  5470  5498 W GmsPipelineLogger: 	at acjn.run(:com.google.android.gms@231818047@23.18.18 (190800-535401451):0)
06-25 11:58:38.844  5470  5498 W GmsPipelineLogger: 	at java.lang.Thread.run(Thread.java:1012)
06-25 11:58:38.845  5557  5557 E gle.android.gms: Not starting debugger since process cannot load the jdwp agent.
06-25 11:58:38.847  5470  5507 I NearbySharing: Dismissing HUN as there's no device nearby. [CONTEXT service_id=194 ]
06-25 11:58:38.847  5470  5507 I NearbySharing: Cancelling in use notification [CONTEXT service_id=194 ]
06-25 11:58:39.016     0     0 I binder  : undelivered transaction 463015, process died.
06-25 11:58:38.848   518  1620 I ActivityManager: Process com.google.android.gms.ui (pid 5079) has died: svc SVC 
06-25 11:58:38.849   518  1620 W ActivityManager: Scheduling restart of crashed service com.google.android.gms/.chimera.UiIntentOperationService in 60493ms for start-requested
06-25 11:58:38.849   518   552 I libprocessgroup: Successfully killed process cgroup uid 10132 pid 5079 in 0ms
06-25 11:58:38.851  5470  5507 I NearbySharing: Not allowed to auto turn on device settings. [CONTEXT service_id=194 ]
06-25 11:58:38.851  5470  5507 I NearbySharing: A ReceiveSurface(BACKGROUND) has been registered [CONTEXT service_id=194 ]
06-25 11:58:38.852  5470  5507 I NearbySharing: Stopping advertising because Nearby Sharing is disabled. [CONTEXT service_id=194 ]
06-25 11:58:38.852  5470  5507 I NearbySharing: Failed to scan for fast initiation because we're already scanning with isHighPowerAllowed=false. [CONTEXT service_id=194 ]
06-25 11:58:38.852  5470  5507 I NearbySharing: Dismissing HUN as there's no device nearby. [CONTEXT service_id=194 ]
06-25 11:58:38.852  5470  5507 I NearbySharing: Cancelling in use notification [CONTEXT service_id=194 ]
06-25 11:58:38.854  5470  5507 I NearbySharing: Broadcasting NearbySharing state change. [CONTEXT service_id=194 ]
06-25 11:58:38.854  5470  5507 I NearbySharing: Not allowed to auto turn on device settings. [CONTEXT service_id=194 ]
06-25 11:58:38.854  5470  5507 W NearbySharing: Cannot get discovered share targets on DisabledNearbySharingProvider. [CONTEXT service_id=194 ]
06-25 11:58:38.854  5470  5507 I NearbySharing: A SendSurface(BACKGROUND) has been registered [CONTEXT service_id=194 ]
06-25 11:58:38.856  5470  5507 I NearbySharing: Stopping scanning because Nearby Sharing is disabled. [CONTEXT service_id=194 ]
06-25 11:58:38.856  5470  5507 I NearbySharing: Failed to stop scanning because we're not scanning. [CONTEXT service_id=194 ]
06-25 11:58:38.857  5470  5507 I NearbySharing: Can't stop advertising FastInitiation. Not advertising. [CONTEXT service_id=194 ]
06-25 11:58:38.857  5470  5507 I NearbySharing: Stopping Fast Init advertisement because we're not scanning in the foreground. [CONTEXT service_id=194 ]
06-25 11:58:38.857  5470  5507 I NearbySharing: Stopping advertising because Nearby Sharing is disabled. [CONTEXT service_id=194 ]
06-25 11:58:38.858  5470  5507 I NearbySharing: Failed to scan for fast initiation because we're already scanning with isHighPowerAllowed=false. [CONTEXT service_id=194 ]
06-25 11:58:38.858   337   337 I Zygote  : Process 5079 exited due to signal 9 (Killed)
06-25 11:58:38.858  5470  5507 I NearbySharing: Dismissing HUN as there's no device nearby. [CONTEXT service_id=194 ]
06-25 11:58:38.858  5470  5507 I NearbySharing: Cancelling in use notification [CONTEXT service_id=194 ]
06-25 11:58:38.859  5470  5507 I NearbySharing: Broadcasting NearbySharing state change. [CONTEXT service_id=194 ]
06-25 11:58:38.860  5470  5470 D BoundBrokerSvc: onUnbind: Intent { act=com.google.android.gms.instantapps.START pkg=com.google.android.gms }
06-25 11:58:38.860  5470  5470 D BoundBrokerSvc: onUnbind: Intent { act=com.google.android.gms.tapandpay.service.BIND dat=chimera-action:/... cmp=com.google.android.gms/.chimera.PersistentApiService }
06-25 11:58:38.871  1571  1768 I AiAiEcho: Predicting[0]: 
06-25 11:58:38.871  1571  1768 I AiAiEcho: EchoTargets: 
06-25 11:58:38.871  1571  1768 I AiAiEcho: Filtered by AiAi flag check: 
06-25 11:58:38.871  1571  1768 I AiAiEcho: Ranked targets strategy: SORT, count: 0, ranking metadata: 
06-25 11:58:38.872  1571  1768 I AiAiEcho: #postPredictionTargets: Sending updates to UISurface home with targets# 0 (types=[])
06-25 11:58:38.872  5470  5498 W NetworkScheduler.Filter: Ignored malformed rule: 
06-25 11:58:38.875   518   896 I ImeTracker: com.hanapkalinga.mobile:79ef605: onRequestHide at ORIGIN_SERVER_HIDE_INPUT reason HIDE_REMOVE_CLIENT
06-25 11:58:38.876   518  2988 I WindowManager: WIN DEATH: Window{958dac0 u0 com.hanapkalinga.mobile/com.hanapkalinga.mobile.MainActivity}
06-25 11:58:38.876   518   896 I ImeTracker: com.hanapkalinga.mobile:79ef605: onCancelled at PHASE_SERVER_SHOULD_HIDE
06-25 11:58:38.876   337   337 I Zygote  : Process 4568 exited due to signal 9 (Killed)
06-25 11:58:38.877   518  2988 W InputManager-JNI: Input channel object '958dac0 com.hanapkalinga.mobile/com.hanapkalinga.mobile.MainActivity (client)' was disposed without first being removed with the input manager!
06-25 11:58:38.880   831   865 W Looper  : Slow dispatch took 45ms wmshell.main h=android.os.Handler c=com.android.wm.shell.transition.Transitions$TransitionPlayerImpl$$ExternalSyntheticLambda1@fe6ae5f m=0
06-25 11:58:38.880   831   865 W Looper  : Slow delivery took 43ms wmshell.main h=android.os.Handler c=com.android.wm.shell.pip.PinnedStackListenerForwarder$PinnedTaskListenerImpl$$ExternalSyntheticLambda1@ad360ac m=0
06-25 11:58:38.880   518  1615 W AppSearchIcing: icing-search-engine.cc:283: Error: 5, Message: Document (com.google.android.googlequicksearchbox$OneSearchZeroStateGoogleSuggestions/default, zp) not found.
06-25 11:58:38.881  1099  2184 D OneSearchSuggestProvider: Created the binder channel successfully for end point service =com.google.android.apps.search.googleapp.search.suggest.plugins.onesearch.server.OneSearchSuggestService , mChannel=z1{delegate=s1{logId=9, target=directaddress:///AndroidComponentAddress%5BIntent%20%7B%20act=grpc.io.action.BIND%20cmp=com.google.android.googlequicksearchbox/com.google.android.apps.search.googleapp.search.suggest.plugins.onesearch.server.OneSearchSuggestService%20%7D%5D}} , mOneSearchConnection=X1.T@7e7c2f7
06-25 11:58:38.882   518  1620 V ActivityManager: Got obituary of 4568:com.hanapkalinga.mobile
06-25 11:58:38.883  3987  4159 D BtGatt.ScanManager: uid 10132 isForeground true scanMode -1
06-25 11:58:38.883   401   401 I BpBinder: onLastStrongRef automatically unlinking death recipients: 
06-25 11:58:38.888  2859  2859 I A       : Created gRPC endpoint to "search" for service class com.google.android.apps.search.googleapp.search.suggest.plugins.onesearch.server.OneSearchSuggestService
06-25 11:58:38.889  1593  1593 I GsaVoiceInteractionSrv: Handling ACTION_START_HOTWORD
06-25 11:58:38.889   831   865 W Looper  : Drained
06-25 11:58:38.890  1593  2018 I GsaVoiceInteractionSrv: disregardVoiceMatch: false
06-25 11:58:38.896  1593  2018 I GsaVoiceInteractionSrv: Cannot start hotword, hotword has been explicitly disabled.
06-25 11:58:38.896  1048  1048 D CarrierSvcBindHelper: onHandleForceStop: [com.hanapkalinga.mobile]
06-25 11:58:38.897  1048  1048 D CarrierSvcBindHelper: No carrier app for: 0
06-25 11:58:38.903   518   544 W WindowManager: Failed to deliver inset control state change to w=Window{958dac0 u0 com.hanapkalinga.mobile/com.hanapkalinga.mobile.MainActivity EXITING}
06-25 11:58:38.903   518   544 W WindowManager: android.os.DeadObjectException
06-25 11:58:38.903   518   544 W WindowManager: 	at android.os.BinderProxy.transactNative(Native Method)
06-25 11:58:38.903   518   544 W WindowManager: 	at android.os.BinderProxy.transact(BinderProxy.java:584)
06-25 11:58:38.903   518   544 W WindowManager: 	at android.view.IWindow$Stub$Proxy.insetsControlChanged(IWindow.java:479)
06-25 11:58:38.903   518   544 W WindowManager: 	at com.android.server.wm.WindowState.notifyInsetsControlChanged(WindowState.java:3802)
06-25 11:58:38.903   518   544 W WindowManager: 	at com.android.server.wm.InsetsStateController.lambda$notifyPendingInsetsControlChanged$3(InsetsStateController.java:343)
06-25 11:58:38.903   518   544 W WindowManager: 	at com.android.server.wm.InsetsStateController.$r8$lambda$8yykPRG1GyNq_J17QvL9d5xANMc(InsetsStateController.java:0)
06-25 11:58:38.903   518   544 W WindowManager: 	at com.android.server.wm.InsetsStateController$$ExternalSyntheticLambda2.run(R8$$SyntheticClass:0)
06-25 11:58:38.903   518   544 W WindowManager: 	at com.android.server.wm.WindowAnimator.executeAfterPrepareSurfacesRunnables(WindowAnimator.java:294)
06-25 11:58:38.903   518   544 W WindowManager: 	at com.android.server.wm.WindowAnimator.animate(WindowAnimator.java:202)
06-25 11:58:38.903   518   544 W WindowManager: 	at com.android.server.wm.WindowAnimator.lambda$new$1(WindowAnimator.java:99)
06-25 11:58:38.903   518   544 W WindowManager: 	at com.android.server.wm.WindowAnimator.$r8$lambda$aHNu1uhcqxihX5NZc4McDDQPAyw(WindowAnimator.java:0)
06-25 11:58:38.903   518   544 W WindowManager: 	at com.android.server.wm.WindowAnimator$$ExternalSyntheticLambda1.doFrame(R8$$SyntheticClass:0)
06-25 11:58:38.903   518   544 W WindowManager: 	at android.view.Choreographer$CallbackRecord.run(Choreographer.java:1337)
06-25 11:58:38.903   518   544 W WindowManager: 	at android.view.Choreographer$CallbackRecord.run(Choreographer.java:1348)
06-25 11:58:38.903   518   544 W WindowManager: 	at android.view.Choreographer.doCallbacks(Choreographer.java:952)
06-25 11:58:38.903   518   544 W WindowManager: 	at android.view.Choreographer.doFrame(Choreographer.java:878)
06-25 11:58:38.903   518   544 W WindowManager: 	at android.view.Choreographer$FrameDisplayEventReceiver.run(Choreographer.java:1322)
06-25 11:58:38.903   518   544 W WindowManager: 	at android.os.Handler.handleCallback(Handler.java:958)
06-25 11:58:38.903   518   544 W WindowManager: 	at android.os.Handler.dispatchMessage(Handler.java:99)
06-25 11:58:38.903   518   544 W WindowManager: 	at android.os.Looper.loopOnce(Looper.java:205)
06-25 11:58:38.903   518   544 W WindowManager: 	at android.os.Looper.loop(Looper.java:294)
06-25 11:58:38.903   518   544 W WindowManager: 	at android.os.HandlerThread.run(HandlerThread.java:67)
06-25 11:58:38.903   518   544 W WindowManager: 	at com.android.server.ServiceThread.run(ServiceThread.java:46)
06-25 11:58:38.916  5470  5549 I Nearby  : [MBleClient] Start ble scanning from NearbyDirect:BluetoothAdapterWrapper, context tag = nearby_messages [CONTEXT service_id=49 ]
06-25 11:58:38.916  5470  5549 I Nearby  : [MBleClient] M hardware scan: 1 clients, scanMode= LOW_LATENCY, filters size = 5 [CONTEXT service_id=49 ]
06-25 11:58:38.916  5470  5549 D BluetoothAdapter: isLeEnabled(): ON
06-25 11:58:38.917  5557  5557 D CompatibilityChangeReporter: Compat change id reported: 171979766; UID 10132; state: ENABLED
06-25 11:58:38.917  5557  5557 D CompatibilityChangeReporter: Compat change id reported: 242716250; UID 10132; state: DISABLED
06-25 11:58:38.921   518   603 D CompatibilityChangeReporter: Compat change id reported: 265195908; UID 10118; state: ENABLED
06-25 11:58:38.921   518   603 D CompatibilityChangeReporter: Compat change id reported: 265195908; UID 10166; state: ENABLED
06-25 11:58:38.921   518   603 D CompatibilityChangeReporter: Compat change id reported: 265195908; UID 10129; state: ENABLED
06-25 11:58:38.921   518   603 D CompatibilityChangeReporter: Compat change id reported: 265195908; UID 10116; state: ENABLED
06-25 11:58:38.928   518   550 W ActivityManager: Rescheduling restart of crashed service com.google.android.gms/.chimera.UiIntentOperationService in 921ms for other
06-25 11:58:38.929  5470  5537 D TrafficStats: tagSocket(147) with statsTag=0x30000407, statsUid=-1
06-25 11:58:38.930  3987  4284 D BtGatt.GattService: registerScanner() - UUID=c6e2ae02-714c-4640-82c4-d331cbe4d357
06-25 11:58:38.931  3987  4284 I bt_stack: [INFO:le_scanning_manager.cc(155)] RegisterScanner in shim layer
06-25 11:58:38.933  3987  4123 D BtGatt.GattService: onScannerRegistered() - UUID=c6e2ae02-714c-4640-82c4-d331cbe4d357, scannerId=2, status=0
06-25 11:58:38.935  5557  5557 D nativeloader: Configuring clns-6 for other apk /system/framework/org.apache.http.legacy.jar. target_sdk_version=33, uses_libraries=ALL, library_path=/product/priv-app/PrebuiltGmsCore/lib/x86_64:/product/priv-app/PrebuiltGmsCore/PrebuiltGmsCore.apk!/lib/x86_64, permitted_path=/data:/mnt/expand:/data/user/0/com.google.android.gms
06-25 11:58:38.935  5470  5559 D BluetoothLeScanner: onScannerRegistered() - status=0 scannerId=2 mScannerId=0
06-25 11:58:38.937  5557  5557 D nativeloader: Configuring clns-7 for other apk /system/framework/com.android.media.remotedisplay.jar. target_sdk_version=33, uses_libraries=ALL, library_path=/product/priv-app/PrebuiltGmsCore/lib/x86_64:/product/priv-app/PrebuiltGmsCore/PrebuiltGmsCore.apk!/lib/x86_64, permitted_path=/data:/mnt/expand:/data/user/0/com.google.android.gms
06-25 11:58:38.938  3987  4284 D BtGatt.GattService: start scan with filters
06-25 11:58:38.938  5557  5557 D nativeloader: Configuring clns-8 for other apk /system/framework/com.android.location.provider.jar. target_sdk_version=33, uses_libraries=ALL, library_path=/product/priv-app/PrebuiltGmsCore/lib/x86_64:/product/priv-app/PrebuiltGmsCore/PrebuiltGmsCore.apk!/lib/x86_64, permitted_path=/data:/mnt/expand:/data/user/0/com.google.android.gms
06-25 11:58:38.939  5557  5557 D ApplicationLoaders: Returning zygote-cached class loader: /system_ext/framework/androidx.window.extensions.jar
06-25 11:58:38.939  5557  5557 D ApplicationLoaders: Returning zygote-cached class loader: /system_ext/framework/androidx.window.sidecar.jar
06-25 11:58:38.939  3987  4284 D BtGatt.GattService: enforcePrivilegedPermissionIfNeeded([BluetoothLeScanFilter [mDeviceName=null, mDeviceAddress=null, mUuid=null, mUuidMask=null, mServiceSolicitationUuid=null, mServiceSolicitationUuidMask=null, mServiceDataUuid=null, mServiceData=null, mServiceDataMask=null, mManufacturerId=224, mManufacturerData=[0, 0, 0], mManufacturerDataMask=[0, 0, -1], mAdvertisingDataType=-1, mAdvertisingData=null, mAdvertisingDataMask=null, mTransportBlockFilter=null], BluetoothLeScanFilter [mDeviceName=null, mDeviceAddress=null, mUuid=0000fef3-0000-1000-8000-00805f9b34fb, mUuidMask=null, mServiceSolicitationUuid=null, mServiceSolicitationUuidMask=null, mServiceDataUuid=null, mServiceData=null, mServiceDataMask=null, mManufacturerId=-1, mManufacturerData=null, mManufacturerDataMask=null, mAdvertisingDataType=-1, mAdvertisingData=null, mAdvertisingDataMask=null, mTransportBlockFilter=null], BluetoothLeScanFilter [mDeviceName=null, mDeviceAddress=null, mUuid=0000feaa-0000-1000-8000-00805f9b34fb, mUuidMask=null, mServiceSolicitationUuid=null, mServiceSolicitationUuidMask=null, mServiceDataUuid=null, mServiceData=null, mServiceDataMask=null, mManufacturerId=-1, mManufacturerData=null, mManufacturerDataMask=null, mAdvertisingDataType=-1, mAdvertisingData=null, mAdvertisingDataMask=null, mTransportBlockFilter=null], BluetoothLeScanFilter [mDeviceName=null, mDeviceAddress=null, mUuid=0000fea0-0000-1000-8000-00805f9b34fb, mUuidMask=null, mServiceSolicitationUuid=null, mServiceSolicitationUuidMask=null, mServiceDataUuid=null, mServiceData=null, mServiceDataMask=null, mManufacturerId=-1, mManufacturerData=null, mManufacturerDataMask=null, mAdvertisingDataType=-1, mAdvertisingData=null, mAdvertisingDataMask=null, mTransportBlockFilter=null], BluetoothLeScanFilter [mDeviceName=null, mDeviceAddress=null, mUuid=null, mUuidMask=null, mServiceSolicitationUuid=null, mServiceSolicitationUuidMask=null, mServiceDataUuid=null, mServiceData=null, mServiceDataMask=null, mManufacturerId=76, mManufacturerData=[2, 21], mManufacturerDataMask=[-1, -1], mAdvertisingDataType=-1, mAdvertisingData=null, mAdvertisingDataMask=null, mTransportBlockFilter=null]])
06-25 11:58:38.942  5470  5470 D BoundBrokerSvc: onBind: Intent { act=com.google.android.contextmanager.service.ContextManagerService.START pkg=com.google.android.gms }
06-25 11:58:38.942  5470  5470 D BoundBrokerSvc: Loading bound service for intent: Intent { act=com.google.android.contextmanager.service.ContextManagerService.START pkg=com.google.android.gms }
06-25 11:58:38.943  3987  4284 D BtGatt.ScanManager: startScan()  [ScanClient scanModeApp 2 scanModeUsed 2 [appScanStats com.google.uid.shared:10132]]
06-25 11:58:38.943  3987  4284 D ActivityAttributionService: notifyActivityAttributionInfo UID=1002 packageName=com.google.android.bluetooth deviceAddress=no_active_device_address
06-25 11:58:38.943  3987  4284 I bt_btif : packages/modules/Bluetooth/system/btif/src/bluetooth.cc:829 get_profile_interface: get_profile_interface: id = activity_attribution
06-25 11:58:38.943  3987  4159 D BtGatt.ScanManager: handling starting scan
06-25 11:58:38.943  3987  4159 I bt_stack: [INFO:le_scanning_manager.cc(268)] ScanFilterEnable in shim layer
06-25 11:58:38.944  3987  4123 D BtGatt.GattService: onScanFilterEnableDisabled() - clientIf=2, status=0, action=1
06-25 11:58:38.944  3987  4123 D BtGatt.ScanManager: callback done for scannerId - 2 status - 0
06-25 11:58:38.944  3987  4159 I bt_stack: [INFO:le_scanning_manager.cc(243)] ScanFilterAdd in shim layer
06-25 11:58:38.944  3987  4123 D BtGatt.GattService: onScanFilterConfig() - clientIf=2, action = 0 status = 0, filterType=0, availableSpace=0
06-25 11:58:38.944  3987  4123 D BtGatt.ScanManager: callback done for scannerId - 2 status - 0
06-25 11:58:38.944  3987  4159 D BtGatt.ScanManager: configureFilterParamter 500 10000 1 0
06-25 11:58:38.944  3987  4159 I bt_stack: [INFO:le_scanning_manager.cc(204)] ScanFilterParamSetup in shim layer
06-25 11:58:38.944  3987  4123 D BtGatt.GattService: onScanFilterParamsConfigured() - clientIf=2, status=0, action=0, availableSpace=0
06-25 11:58:38.944  3987  4123 D BtGatt.ScanManager: callback done for scannerId - 2 status - 0
06-25 11:58:38.944  3987  4159 I bt_stack: [INFO:le_scanning_manager.cc(243)] ScanFilterAdd in shim layer
06-25 11:58:38.944  3987  4123 D BtGatt.GattService: onScanFilterConfig() - clientIf=2, action = 0 status = 0, filterType=0, availableSpace=0
06-25 11:58:38.944  3987  4123 D BtGatt.ScanManager: callback done for scannerId - 2 status - 0
06-25 11:58:38.944  3987  4159 D BtGatt.ScanManager: configureFilterParamter 500 10000 1 0
06-25 11:58:38.944  3987  4159 I bt_stack: [INFO:le_scanning_manager.cc(204)] ScanFilterParamSetup in shim layer
06-25 11:58:38.945  3987  4123 D BtGatt.GattService: onScanFilterParamsConfigured() - clientIf=2, status=0, action=0, availableSpace=0
06-25 11:58:38.945  3987  4123 D BtGatt.ScanManager: callback done for scannerId - 2 status - 0
06-25 11:58:38.945  3987  4159 I bt_stack: [INFO:le_scanning_manager.cc(243)] ScanFilterAdd in shim layer
06-25 11:58:38.945  3987  4123 D BtGatt.GattService: onScanFilterConfig() - clientIf=2, action = 0 status = 0, filterType=0, availableSpace=0
06-25 11:58:38.945  3987  4123 D BtGatt.ScanManager: callback done for scannerId - 2 status - 0
06-25 11:58:38.945  3987  4159 D BtGatt.ScanManager: configureFilterParamter 500 10000 1 0
06-25 11:58:38.945  3987  4159 I bt_stack: [INFO:le_scanning_manager.cc(204)] ScanFilterParamSetup in shim layer
06-25 11:58:38.945  3987  4123 D BtGatt.GattService: onScanFilterParamsConfigured() - clientIf=2, status=0, action=0, availableSpace=0
06-25 11:58:38.945  3987  4123 D BtGatt.ScanManager: callback done for scannerId - 2 status - 0
06-25 11:58:38.945  3987  4159 I bt_stack: [INFO:le_scanning_manager.cc(243)] ScanFilterAdd in shim layer
06-25 11:58:38.946  3987  4123 D BtGatt.GattService: onScanFilterConfig() - clientIf=2, action = 0 status = 0, filterType=0, availableSpace=0
06-25 11:58:38.946  3987  4123 D BtGatt.ScanManager: callback done for scannerId - 2 status - 0
06-25 11:58:38.947  3987  4159 D BtGatt.ScanManager: configureFilterParamter 500 10000 1 0
06-25 11:58:38.947  3987  4159 I bt_stack: [INFO:le_scanning_manager.cc(204)] ScanFilterParamSetup in shim layer
06-25 11:58:38.947  3987  4123 D BtGatt.GattService: onScanFilterParamsConfigured() - clientIf=2, status=0, action=0, availableSpace=0
06-25 11:58:38.947  3987  4123 D BtGatt.ScanManager: callback done for scannerId - 2 status - 0
06-25 11:58:38.947  3987  4159 I bt_stack: [INFO:le_scanning_manager.cc(243)] ScanFilterAdd in shim layer
06-25 11:58:38.947  3987  4123 D BtGatt.GattService: onScanFilterConfig() - clientIf=2, action = 0 status = 0, filterType=0, availableSpace=0
06-25 11:58:38.947  3987  4123 D BtGatt.ScanManager: callback done for scannerId - 2 status - 0
06-25 11:58:38.948  3987  4159 D BtGatt.ScanManager: configureFilterParamter 500 10000 1 0
06-25 11:58:38.948  3987  4159 I bt_stack: [INFO:le_scanning_manager.cc(204)] ScanFilterParamSetup in shim layer
06-25 11:58:38.949  3987  4113 I bluetooth: packages/modules/Bluetooth/system/gd/hci/le_scanning_manager.cc:1369 on_advertising_filter_complete: Got a Command complete LE_ADV_FILTER, status UNKNOWN_CONNECTION
06-25 11:58:38.949  3987  4123 D BtGatt.GattService: onScanFilterParamsConfigured() - clientIf=2, status=0, action=0, availableSpace=0
06-25 11:58:38.949  3987  4123 D BtGatt.ScanManager: callback done for scannerId - 2 status - 0
06-25 11:58:38.949  3987  4159 D BtGatt.ScanManager: start gattClientScanNative from startRegularScan()
06-25 11:58:38.949  3987  4113 I bluetooth: packages/modules/Bluetooth/system/gd/hci/le_scanning_manager.cc:1369 on_advertising_filter_complete: Got a Command complete LE_ADV_FILTER, status UNKNOWN_CONNECTION
06-25 11:58:38.950  3987  4159 I bt_stack: [INFO:le_scanning_manager.cc(168)] Scan in shim layer started
06-25 11:58:38.950  3987  4113 I bluetooth: packages/modules/Bluetooth/system/gd/hci/le_scanning_manager.cc:588 stop_scan: Scanning already stopped, return!
06-25 11:58:38.950  3987  4113 I bluetooth: packages/modules/Bluetooth/system/gd/hci/le_address_manager.cc:175 register_client: Scheduled address rotation for first client registered
06-25 11:58:38.950  3987  4113 I bluetooth: packages/modules/Bluetooth/system/gd/hci/le_address_manager.cc:178 register_client: Client registered
06-25 11:58:38.950  3987  4159 D BtGatt.ScanManager: configureRegularScanParams() - queue=2
06-25 11:58:38.951  5557  5557 D nativeloader: InitLlndkLibrariesProduct: libEGL.so:libGLESv1_CM.so:libGLESv2.so:libGLESv3.so:libRS.so:libandroid_net.so:libbinder_ndk.so:libc.so:libcgrouprc.so:libclang_rt.asan-x86_64-android.so:libcom.android.tethering.connectivity_native.so:libdl.so:libft2.so:liblog.so:libm.so:libmediandk.so:libnativewindow.so:libneuralnetworks.so:libselinux.so:libsync.so:libvndksupport.so:libvulkan.so
06-25 11:58:38.951  5557  5557 D nativeloader: Configuring product-clns-9 for unbundled product apk /product/priv-app/PrebuiltGmsCore/PrebuiltGmsCore.apk. target_sdk_version=33, uses_libraries=, library_path=/product/priv-app/PrebuiltGmsCore/lib/x86_64:/product/priv-app/PrebuiltGmsCore/PrebuiltGmsCore.apk!/lib/x86_64:/product/lib64:/system/product/lib64, permitted_path=/data:/mnt/expand:/data/user/0/com.google.android.gms:/product/lib64:/system/product/lib64
06-25 11:58:38.953  5557  5557 D nativeloader: InitVndkspLibrariesProduct: android.hardware.common-V2-ndk.so:android.hardware.common.fmq-V1-ndk.so:android.hardware.graphics.allocator-V2-ndk.so:android.hardware.graphics.common-V4-ndk.so:android.hardware.graphics.common@1.0.so:android.hardware.graphics.common@1.1.so:android.hardware.graphics.common@1.2.so:android.hardware.graphics.composer3-V1-ndk.so:android.hardware.graphics.mapper@2.0.so:android.hardware.graphics.mapper@2.1.so:android.hardware.graphics.mapper@3.0.so:android.hardware.graphics.mapper@4.0.so:android.hardware.renderscript@1.0.so:android.hidl.memory.token@1.0.so:android.hidl.memory@1.0-impl.so:android.hidl.memory@1.0.so:android.hidl.safe_union@1.0.so:libRSCpuRef.so:libRSDriver.so:libRS_internal.so:libbase.so:libbcinfo.so:libblas.so:libc++.so:libcompiler_rt.so:libcutils.so:libdmabufheap.so:libgralloctypes.so:libhardware.so:libhidlbase.so:libhidlmemory.so:libion.so:libjsoncpp.so:liblzma.so:libprocessgroup.so:libunwindstack.so:libutils.so:libutilscallstack.so:libz.so
06-25 11:58:38.953  3987  4113 I bluetooth: packages/modules/Bluetooth/system/gd/hci/le_scanning_manager.cc:1369 on_advertising_filter_complete: Got a Command complete LE_ADV_FILTER, status UNKNOWN_CONNECTION
06-25 11:58:38.954  3987  4113 I bluetooth: packages/modules/Bluetooth/system/gd/hci/le_scanning_manager.cc:1369 on_advertising_filter_complete: Got a Command complete LE_ADV_FILTER, status UNKNOWN_CONNECTION
06-25 11:58:38.958  5023  5154 W Bugle   : TextClassifierLibManagerImpl: Reclaiming memory at level: 40
06-25 11:58:38.965  3987  4113 I bluetooth: packages/modules/Bluetooth/system/gd/hci/le_scanning_manager.cc:1369 on_advertising_filter_complete: Got a Command complete LE_ADV_FILTER, status UNKNOWN_CONNECTION
06-25 11:58:38.966  3987  4159 I bt_stack: [INFO:le_scanning_manager.cc(168)] Scan in shim layer stopped
06-25 11:58:38.966  3987  4113 I bluetooth: packages/modules/Bluetooth/system/gd/hci/le_address_manager.cc:193 unregister_client: Client unregistered
06-25 11:58:38.966  3987  4113 I bluetooth: packages/modules/Bluetooth/system/gd/hci/le_address_manager.cc:197 unregister_client: Cancelled address rotation alarm
06-25 11:58:38.966  3987  4159 D BtGatt.ScanManager: Start gattClientScanNative with old scanMode -1 new scanMode 2 ( in MS: 100 / 100, in scan unit: 160 / 160 ) [ScanClient scanModeApp 2 scanModeUsed 2 [appScanStats com.google.uid.shared:10132]]
06-25 11:58:38.966  3987  4159 I bt_stack: [INFO:le_scanning_manager.cc(346)] SetScanParameters in shim layer
06-25 11:58:38.966  3987  4123 D BtGatt.GattService: onScanParamSetupCompleted : 0
06-25 11:58:38.967  3987  4159 I bt_stack: [INFO:le_scanning_manager.cc(168)] Scan in shim layer started
06-25 11:58:38.967  3987  4113 I bluetooth: packages/modules/Bluetooth/system/gd/hci/le_scanning_manager.cc:588 stop_scan: Scanning already stopped, return!
06-25 11:58:38.967  3987  4113 I bluetooth: packages/modules/Bluetooth/system/gd/hci/le_address_manager.cc:175 register_client: Scheduled address rotation for first client registered
06-25 11:58:38.967  3987  4113 I bluetooth: packages/modules/Bluetooth/system/gd/hci/le_address_manager.cc:178 register_client: Client registered
06-25 11:58:38.971  5557  5557 V GraphicsEnvironment: Currently set values for:
06-25 11:58:38.971  5557  5557 V GraphicsEnvironment:   angle_gl_driver_selection_pkgs=[]
06-25 11:58:38.971  5557  5557 V GraphicsEnvironment:   angle_gl_driver_selection_values=[]
06-25 11:58:38.971  5557  5557 V GraphicsEnvironment: ANGLE GameManagerService for com.google.android.gms: false
06-25 11:58:38.971  5557  5557 V GraphicsEnvironment: com.google.android.gms is not listed in per-application setting
06-25 11:58:38.971  5557  5557 V GraphicsEnvironment: Neither updatable production driver nor prerelease driver is supported.
06-25 11:58:38.978  5470  5537 I AlarmManager: setExactAndAllowWhileIdle [name: GCM_HB_ALARM type: 2 triggerAtMillis: 638292]
06-25 11:58:38.979   518   540 V WindowManager: Sent Transition #9 createdAt=06-25 11:58:38.835 via request=TransitionRequestInfo { type = CLOSE, triggerTask = TaskInfo{userId=0 taskId=9 displayId=0 isRunning=false baseIntent=Intent { flg=0x10000000 cmp=com.hanapkalinga.mobile/.MainActivity } baseActivity=null topActivity=null origActivity=null realActivity=ComponentInfo{com.hanapkalinga.mobile/com.hanapkalinga.mobile.MainActivity} numActivities=0 lastActiveTime=57056 supportsMultiWindow=true resizeMode=1 isResizeable=true minWidth=-1 minHeight=-1 defaultMinSize=220 token=WCT{RemoteToken{8b63e8d Task{f5f87bf #9 type=standard A=10192:com.hanapkalinga.mobile}}} topActivityType=1 pictureInPictureParams=null shouldDockBigOverlays=false launchIntoPipHostTaskId=-1 lastParentTaskIdBeforePip=-1 displayCutoutSafeInsets=null topActivityInfo=null launchCookies=[] positionInParent=Point(0, 0) parentTaskId=-1 isFocused=true isVisible=true isVisibleRequested=true isSleeping=false topActivityInSizeCompat=false topActivityEligibleForLetterboxEducation= false topActivityLetterboxed= false isFromDoubleTap= false topActivityLetterboxVerticalPosition= -1 topActivityLetterboxHorizontalPosition= -1 topActivityLetterboxWidth=-1 topActivityLetterboxHeight=-1 locusId=null displayAreaFeatureId=1 cameraCompatControlState=hidden}, remoteTransition = null, displayChange = null }
06-25 11:58:38.979   518   540 V WindowManager:     startWCT=WindowContainerTransaction { changes = {} hops = [] errorCallbackToken=null taskFragmentOrganizer=null }
06-25 11:58:38.979   518   540 V WindowManager:     info={id=9 t=CLOSE f=0x0 trk=0 r=[0@Point(0, 0)] c=[{WCT{RemoteToken{8b63e8d Task{f5f87bf #9 type=standard A=10192:com.hanapkalinga.mobile}}} m=CLOSE f=NONE leash=Surface(name=Task=9)/@0x90afb7 sb=Rect(0, 0 - 320, 640) eb=Rect(0, 0 - 320, 640) d=0},{WCT{RemoteToken{7c465fb Task{932c140 #1 type=home}}} m=TO_FRONT f=SHOW_WALLPAPER leash=Surface(name=Task=1)/@0xc7409f0 sb=Rect(0, 0 - 320, 640) eb=Rect(0, 0 - 320, 640) d=0},{null m=TO_FRONT f=IS_WALLPAPER leash=Surface(name=WallpaperWindowToken{5417613 token=android.os.Binder@469ad02})/@0x80d4582 sb=Rect(0, 0 - 320, 640) eb=Rect(0, 0 - 320, 640) d=0}]}
06-25 11:58:38.979   831   865 V WindowManagerShell: onTransitionReady android.os.BinderProxy@e4cb2b9: {id=9 t=CLOSE f=0x0 trk=0 r=[0@Point(0, 0)] c=[{WCT{android.window.IWindowContainerToken$Stub$Proxy@564fff1} m=CLOSE f=NONE leash=Surface(name=Task=9)/@0x47cc175 sb=Rect(0, 0 - 320, 640) eb=Rect(0, 0 - 320, 640) d=0},{WCT{android.window.IWindowContainerToken$Stub$Proxy@76297d6} m=TO_FRONT f=SHOW_WALLPAPER leash=Surface(name=Task=1)/@0x18e350a sb=Rect(0, 0 - 320, 640) eb=Rect(0, 0 - 320, 640) d=0},{null m=TO_FRONT f=IS_WALLPAPER leash=Surface(name=WallpaperWindowToken{5417613 token=android.os.Binder@469ad02})/@0xd71d17b sb=Rect(0, 0 - 320, 640) eb=Rect(0, 0 - 320, 640) d=0}]}
06-25 11:58:38.979   831   865 V WindowManagerShell: Playing animation for (#9)android.os.BinderProxy@e4cb2b9@0
06-25 11:58:38.979   831   865 V WindowManagerShell:  try handler com.android.wm.shell.transition.DefaultMixedHandler@e653594
06-25 11:58:38.979   831   865 V WindowManagerShell:  try handler com.android.wm.shell.keyguard.KeyguardTransitionHandler@be3183d
06-25 11:58:38.979   831   865 V WindowManagerShell:  try handler com.android.wm.shell.activityembedding.ActivityEmbeddingController@d421832
06-25 11:58:38.979   831   865 V WindowManagerShell:  try handler com.android.wm.shell.recents.RecentsTransitionHandler@12fb983
06-25 11:58:38.979   831   865 V ShellRecents: RecentsTransitionHandler.startAnimation: no controller found
06-25 11:58:38.979   831   865 V WindowManagerShell:  try handler com.android.wm.shell.pip.PipTransition@a2a1700
06-25 11:58:38.979   831   865 V WindowManagerShell:  try handler com.android.wm.shell.splitscreen.StageCoordinator@edfb39
06-25 11:58:38.979   831   865 V WindowManagerShell:  try handler com.android.wm.shell.transition.RemoteTransitionHandler@ef5857e
06-25 11:58:38.979   831   865 V WindowManagerShell: Transition doesn't have explicit remote, search filters for match for {id=9 t=CLOSE f=0x0 trk=0 r=[0@Point(0, 0)] c=[{WCT{android.window.IWindowContainerToken$Stub$Proxy@564fff1} m=CLOSE f=NONE leash=Surface(name=Task=9)/@0x47cc175 sb=Rect(0, 0 - 320, 640) eb=Rect(0, 0 - 320, 640) d=0},{WCT{android.window.IWindowContainerToken$Stub$Proxy@76297d6} m=TO_FRONT f=SHOW_WALLPAPER leash=Surface(name=Task=1)/@0x18e350a sb=Rect(0, 0 - 320, 640) eb=Rect(0, 0 - 320, 640) d=0},{null m=TO_FRONT f=IS_WALLPAPER leash=Surface(name=WallpaperWindowToken{5417613 token=android.os.Binder@469ad02})/@0xd71d17b sb=Rect(0, 0 - 320, 640) eb=Rect(0, 0 - 320, 640) d=0}]}
06-25 11:58:38.979   831   865 V WindowManagerShell:  Checking filter Pair{{types=[] flags=0x0] notFlags=0x0 checks=[{atype=dream independent=true modes=[OPEN,TO_FRONT] flags=NONE mustBeTask=false order=ANY topActivity=null},{atype=home independent=true modes=[CLOSE,TO_BACK] flags=NONE mustBeTask=false order=ANY topActivity=null}]} RemoteTransition { remoteTransition = android.window.IRemoteTransition$Stub$Proxy@aaa6adf, appThread = android.app.IApplicationThread$Stub$Proxy@e99a32c, debugName = LauncherToDream }}
06-25 11:58:38.980   831   865 V WindowManagerShell:  Checking filter Pair{{types=[] flags=0x0] notFlags=0x100 checks=[{atype=home independent=true modes=[OPEN,TO_FRONT] flags=NONE mustBeTask=false order=TOP topActivity=ComponentInfo{com.google.android.apps.nexuslauncher/com.google.android.apps.nexuslauncher.NexusLauncherActivity}},{atype=standard independent=true modes=[CLOSE,TO_BACK] flags=NONE mustBeTask=false order=ANY topActivity=null}]} RemoteTransition { remoteTransition = android.window.IRemoteTransition$Stub$Proxy@72a11f5, appThread = android.app.IApplicationThread$Stub$Proxy@6e07b8a, debugName = QuickstepLaunchHome }}
06-25 11:58:38.981  3987  4159 D BtGatt.ScanManager: apply scan timeout (600000)to scannerId 2
06-25 11:58:38.987   831   865 V WindowManagerShell:  Delegate animation for #9 to null
06-25 11:58:38.987   831   865 V WindowManagerShell:  try handler com.android.wm.shell.transition.DefaultTransitionHandler@9f4d5fb
06-25 11:58:38.987   831   865 V WindowManagerShell: start default transition animation, info = {id=9 t=CLOSE f=0x0 trk=0 r=[0@Point(0, 0)] c=[{WCT{android.window.IWindowContainerToken$Stub$Proxy@564fff1} m=CLOSE f=NONE leash=Surface(name=Task=9)/@0x47cc175 sb=Rect(0, 0 - 320, 640) eb=Rect(0, 0 - 320, 640) d=0},{WCT{android.window.IWindowContainerToken$Stub$Proxy@76297d6} m=TO_FRONT f=SHOW_WALLPAPER leash=Surface(name=Task=1)/@0x18e350a sb=Rect(0, 0 - 320, 640) eb=Rect(0, 0 - 320, 640) d=0},{null m=TO_FRONT f=IS_WALLPAPER leash=Surface(name=WallpaperWindowToken{5417613 token=android.os.Binder@469ad02})/@0xd71d17b sb=Rect(0, 0 - 320, 640) eb=Rect(0, 0 - 320, 640) d=0}]}
06-25 11:58:38.990   831   865 V WindowManagerShell: loadAnimation: anim=android.view.animation.AnimationSet@c0f1944 animAttr=0x10 type=CLOSE isEntrance=true
06-25 11:58:38.993   831   865 V WindowManagerShell: loadAnimation: anim=android.view.animation.AnimationSet@a72f4f3 animAttr=0x11 type=CLOSE isEntrance=false
06-25 11:58:38.994   831   865 V WindowManagerShell:  animated by com.android.wm.shell.transition.DefaultTransitionHandler@9f4d5fb
06-25 11:58:39.005   518   593 I ImeTracker: com.google.android.apps.nexuslauncher:20db4849: onRequestHide at ORIGIN_SERVER_HIDE_INPUT reason HIDE_UNSPECIFIED_WINDOW
06-25 11:58:39.006   518   593 I ImeTracker: com.google.android.apps.nexuslauncher:20db4849: onCancelled at PHASE_SERVER_SHOULD_HIDE
06-25 11:58:39.006  1472  1472 I GoogleInputMethodService: GoogleInputMethodService.onFinishInput():3227 
06-25 11:58:39.008   518   544 W WindowManager: Failed to deliver inset control state change to w=Window{958dac0 u0 com.hanapkalinga.mobile/com.hanapkalinga.mobile.MainActivity EXITING}
06-25 11:58:39.008   518   544 W WindowManager: android.os.DeadObjectException
06-25 11:58:39.008   518   544 W WindowManager: 	at android.os.BinderProxy.transactNative(Native Method)
06-25 11:58:39.008   518   544 W WindowManager: 	at android.os.BinderProxy.transact(BinderProxy.java:584)
06-25 11:58:39.008   518   544 W WindowManager: 	at android.view.IWindow$Stub$Proxy.insetsControlChanged(IWindow.java:479)
06-25 11:58:39.008   518   544 W WindowManager: 	at com.android.server.wm.WindowState.notifyInsetsControlChanged(WindowState.java:3802)
06-25 11:58:39.008   518   544 W WindowManager: 	at com.android.server.wm.InsetsStateController.lambda$notifyPendingInsetsControlChanged$3(InsetsStateController.java:343)
06-25 11:58:39.008   518   544 W WindowManager: 	at com.android.server.wm.InsetsStateController.$r8$lambda$8yykPRG1GyNq_J17QvL9d5xANMc(InsetsStateController.java:0)
06-25 11:58:39.008   518   544 W WindowManager: 	at com.android.server.wm.InsetsStateController$$ExternalSyntheticLambda2.run(R8$$SyntheticClass:0)
06-25 11:58:39.008   518   544 W WindowManager: 	at com.android.server.wm.WindowAnimator.executeAfterPrepareSurfacesRunnables(WindowAnimator.java:294)
06-25 11:58:39.008   518   544 W WindowManager: 	at com.android.server.wm.RootWindowContainer.performSurfacePlacementNoTrace(RootWindowContainer.java:811)
06-25 11:58:39.008   518   544 W WindowManager: 	at com.android.server.wm.RootWindowContainer.performSurfacePlacement(RootWindowContainer.java:756)
06-25 11:58:39.008   518   544 W WindowManager: 	at com.android.server.wm.WindowSurfacePlacer.performSurfacePlacementLoop(WindowSurfacePlacer.java:177)
06-25 11:58:39.008   518   544 W WindowManager: 	at com.android.server.wm.WindowSurfacePlacer.performSurfacePlacement(WindowSurfacePlacer.java:126)
06-25 11:58:39.008   518   544 W WindowManager: 	at com.android.server.wm.WindowSurfacePlacer.performSurfacePlacement(WindowSurfacePlacer.java:115)
06-25 11:58:39.008   518   544 W WindowManager: 	at com.android.server.wm.WindowSurfacePlacer$Traverser.run(WindowSurfacePlacer.java:57)
06-25 11:58:39.008   518   544 W WindowManager: 	at android.os.Handler.handleCallback(Handler.java:958)
06-25 11:58:39.008   518   544 W WindowManager: 	at android.os.Handler.dispatchMessage(Handler.java:99)
06-25 11:58:39.008   518   544 W WindowManager: 	at android.os.Looper.loopOnce(Looper.java:205)
06-25 11:58:39.008   518   544 W WindowManager: 	at android.os.Looper.loop(Looper.java:294)
06-25 11:58:39.008   518   544 W WindowManager: 	at android.os.HandlerThread.run(HandlerThread.java:67)
06-25 11:58:39.008   518   544 W WindowManager: 	at com.android.server.ServiceThread.run(ServiceThread.java:46)
06-25 11:58:39.012   831   865 V WindowManagerShell: Transition animation finished (aborted=false), notifying core (#9)android.os.BinderProxy@e4cb2b9@0
06-25 11:58:39.013   518   540 V WindowManager: Finish Transition #9: created at 06-25 11:58:38.835 collect-started=0.046ms request-sent=0.141ms started=44.561ms ready=44.518ms sent=142.984ms finished=178.17ms
06-25 11:58:39.013   518  2986 W WindowManager: Exception thrown during dispatchAppVisibility Window{958dac0 u0 com.hanapkalinga.mobile/com.hanapkalinga.mobile.MainActivity EXITING}
06-25 11:58:39.013   518  2986 W WindowManager: android.os.DeadObjectException
06-25 11:58:39.013   518  2986 W WindowManager: 	at android.os.BinderProxy.transactNative(Native Method)
06-25 11:58:39.013   518  2986 W WindowManager: 	at android.os.BinderProxy.transact(BinderProxy.java:584)
