06-25 11:58:37.736  1399  3848 I NamespaceManager: Package com.google.android.audioproxy name not found! Using module version.
06-25 11:58:37.736  1399  3848 I NamespaceManager: Package com.google.android.apps.pixel.psi name not found! Using module version.
06-25 11:58:37.737  1399  3848 I NamespaceManager: Package com.google.android.apps.safetycore name not found! Using module version.
06-25 11:58:37.737  1399  3848 I NamespaceManager: Package com.google.android.crashrecovery name not found! Using module version.
06-25 11:58:37.737  1399  3848 I NamespaceManager: Package com.google.android.profiling name not found! Using module version.
06-25 11:58:37.738  1399  3848 I NamespaceManager: Package com.google.android.bt name not found! Using module version.
06-25 11:58:37.738  1399  3848 I NamespaceManager: Package com.google.android.nfcservices name not found! Using module version.
06-25 11:58:37.739  1399  3848 I NamespaceManager: Package com.google.android.webapp name not found! Using module version.
06-25 11:58:37.739  1399  3848 I NamespaceManager: Package com.google.android.telephonycore name not found! Using module version.
06-25 11:58:37.739  1399  3848 I NamespaceManager: Package com.google.android.uprobestats name not found! Using module version.
06-25 11:58:37.740  1399  3848 W PhenotypeConfigurationU: Update for unknown DeviceConfig package com.google.android.gms.auth_account [CONTEXT service_id=204 ]
06-25 11:58:37.740  1399  3848 W PhenotypeConfigurationU: bwix: No package exists for config package: com.google.android.gms.auth_account
06-25 11:58:37.740  1399  3848 W PhenotypeConfigurationU: 	at com.google.android.gms.platformconfigurator.PhenotypeConfigurationUpdateListener.b(:com.google.android.gms@231818047@23.18.18 (190800-535401451):6)
06-25 11:58:37.740  1399  3848 W PhenotypeConfigurationU: 	at com.google.android.gms.platformconfigurator.PhenotypeConfigurationUpdateListener.a(:com.google.android.gms@231818047@23.18.18 (190800-535401451):4)
06-25 11:58:37.740  1399  3848 W PhenotypeConfigurationU: 	at com.google.android.gms.platformconfigurator.PhenotypeConfigurationUpdateListener.onHandleIntent(:com.google.android.gms@231818047@23.18.18 (190800-535401451):21)
06-25 11:58:37.740  1399  3848 W PhenotypeConfigurationU: 	at com.google.android.chimera.IntentOperation.onHandleIntent(:com.google.android.gms@231818047@23.18.18 (190800-535401451):2)
06-25 11:58:37.740  1399  3848 W PhenotypeConfigurationU: 	at zhv.onHandleIntent(:com.google.android.gms@231818047@23.18.18 (190800-535401451):4)
06-25 11:58:37.740  1399  3848 W PhenotypeConfigurationU: 	at hjm.run(:com.google.android.gms@231818047@23.18.18 (190800-535401451):3)
06-25 11:58:37.740  1399  3848 W PhenotypeConfigurationU: 	at hjl.run(:com.google.android.gms@231818047@23.18.18 (190800-535401451):11)
06-25 11:58:37.740  1399  3848 W PhenotypeConfigurationU: 	at dfhf.run(:com.google.android.gms@231818047@23.18.18 (190800-535401451):2)
06-25 11:58:37.740  1399  3848 W PhenotypeConfigurationU: 	at java.util.concurrent.ThreadPoolExecutor.runWorker(ThreadPoolExecutor.java:1145)
06-25 11:58:37.740  1399  3848 W PhenotypeConfigurationU: 	at java.util.concurrent.ThreadPoolExecutor$Worker.run(ThreadPoolExecutor.java:644)
06-25 11:58:37.740  1399  3848 W PhenotypeConfigurationU: 	at java.lang.Thread.run(Thread.java:1012)
06-25 11:58:37.741  1453  4855 I LocationHistory: [IntentOperation] Handling action com.google.android.gms.phenotype.COMMITTED [CONTEXT service_id=314 ]
--------- beginning of system
06-25 11:58:37.774   518   542 D ActivityManager: sync unfroze 1495 com.google.android.ext.services for 6
06-25 11:58:37.777  1399  3848 I NamespaceManager: Package com.android.refreshratecontrol name not found! Using module version.
06-25 11:58:37.777  1399  3848 I NamespaceManager: Package com.google.oslo name not found! Using module version.
06-25 11:58:37.778  1399  3848 I NamespaceManager: Package com.android.media name not found! Using module version.
06-25 11:58:37.778  1399  3848 I NamespaceManager: Package com.android.media.swcodec name not found! Using module version.
06-25 11:58:37.778  1399  3848 I NamespaceManager: Package com.android.neuralnetworks name not found! Using module version.
06-25 11:58:37.778  1399  3848 I NamespaceManager: Package com.android.media name not found! Using module version.
06-25 11:58:37.778  1399  3848 I NamespaceManager: Package 1 name not found! Using module version.
06-25 11:58:37.778  1399  3848 I NamespaceManager: Package rkpd name not found! Using module version.
06-25 11:58:37.779  1399  3848 I NamespaceManager: Package android.companion name not found! Using module version.
06-25 11:58:37.780  1399  3848 I NamespaceManager: Package com.google.android.aicore name not found! Using module version.
06-25 11:58:37.780  1399  3848 I NamespaceManager: Package com.google.android.audioproxy name not found! Using module version.
06-25 11:58:37.780  1399  3848 I NamespaceManager: Package com.google.android.apps.pixel.psi name not found! Using module version.
06-25 11:58:37.780  1399  3848 I NamespaceManager: Package com.google.android.apps.safetycore name not found! Using module version.
06-25 11:58:37.780  1399  3848 I NamespaceManager: Package com.google.android.crashrecovery name not found! Using module version.
06-25 11:58:37.780  1399  3848 I NamespaceManager: Package com.google.android.profiling name not found! Using module version.
06-25 11:58:37.780  1399  3848 I NamespaceManager: Package com.google.android.bt name not found! Using module version.
06-25 11:58:37.780  1399  3848 I NamespaceManager: Package com.google.android.nfcservices name not found! Using module version.
06-25 11:58:37.781  1399  3848 I NamespaceManager: Package com.google.android.webapp name not found! Using module version.
06-25 11:58:37.781  1399  3848 I NamespaceManager: Package com.google.android.telephonycore name not found! Using module version.
06-25 11:58:37.781  1399  3848 I NamespaceManager: Package com.google.android.uprobestats name not found! Using module version.
06-25 11:58:37.781  1399  3848 W PhenotypeConfigurationU: Update for unknown DeviceConfig package com.google.android.location [CONTEXT service_id=204 ]
06-25 11:58:37.781  1399  3848 W PhenotypeConfigurationU: bwix: No package exists for config package: com.google.android.location
06-25 11:58:37.781  1399  3848 W PhenotypeConfigurationU: 	at com.google.android.gms.platformconfigurator.PhenotypeConfigurationUpdateListener.b(:com.google.android.gms@231818047@23.18.18 (190800-535401451):6)
06-25 11:58:37.781  1399  3848 W PhenotypeConfigurationU: 	at com.google.android.gms.platformconfigurator.PhenotypeConfigurationUpdateListener.a(:com.google.android.gms@231818047@23.18.18 (190800-535401451):4)
06-25 11:58:37.781  1399  3848 W PhenotypeConfigurationU: 	at com.google.android.gms.platformconfigurator.PhenotypeConfigurationUpdateListener.onHandleIntent(:com.google.android.gms@231818047@23.18.18 (190800-535401451):21)
06-25 11:58:37.781  1399  3848 W PhenotypeConfigurationU: 	at com.google.android.chimera.IntentOperation.onHandleIntent(:com.google.android.gms@231818047@23.18.18 (190800-535401451):2)
06-25 11:58:37.781  1399  3848 W PhenotypeConfigurationU: 	at zhv.onHandleIntent(:com.google.android.gms@231818047@23.18.18 (190800-535401451):4)
06-25 11:58:37.781  1399  3848 W PhenotypeConfigurationU: 	at hjm.run(:com.google.android.gms@231818047@23.18.18 (190800-535401451):3)
06-25 11:58:37.781  1399  3848 W PhenotypeConfigurationU: 	at hjl.run(:com.google.android.gms@231818047@23.18.18 (190800-535401451):11)
06-25 11:58:37.781  1399  3848 W PhenotypeConfigurationU: 	at dfhf.run(:com.google.android.gms@231818047@23.18.18 (190800-535401451):2)
06-25 11:58:37.781  1399  3848 W PhenotypeConfigurationU: 	at java.util.concurrent.ThreadPoolExecutor.runWorker(ThreadPoolExecutor.java:1145)
06-25 11:58:37.781  1399  3848 W PhenotypeConfigurationU: 	at java.util.concurrent.ThreadPoolExecutor$Worker.run(ThreadPoolExecutor.java:644)
06-25 11:58:37.781  1399  3848 W PhenotypeConfigurationU: 	at java.lang.Thread.run(Thread.java:1012)
06-25 11:58:37.786  1399  3507 E NanoAppLogging: Failed to begin contexthub communication
06-25 11:58:37.788  1453  4864 W ModuleInitIntentOp: Dropping unexpected action com.google.android.gms.phenotype.COMMITTED
06-25 11:58:37.788  1453  4867 W ModuleInitIntentOp: Dropping unexpected action com.google.android.gms.phenotype.COMMITTED
06-25 11:58:37.789  1453  4867 I SyncIntentOperation: Handling the intent: Intent { act=com.google.android.gms.phenotype.COMMITTED flg=0x10 pkg=com.google.android.gms cmp=com.google.android.gms/.chimera.GmsIntentOperationService (has extras) }. [CONTEXT service_id=80 ]
06-25 11:58:37.789  1453  4859 W ModuleInitIntentOp: Dropping unexpected action com.google.android.gms.phenotype.COMMITTED
06-25 11:58:37.789  1453  4820 V Backup  : [PhenotypeConfigIO] Phenotype broadcast received for different package
06-25 11:58:37.790  1453  4867 I MdiSyncModule: flag handling is skipping irrelevant intent.
06-25 11:58:37.790  1453  4820 I MlBenchmarkInstaller: Intent: com.google.android.gms.phenotype.COMMITTED [CONTEXT service_id=340 ]
06-25 11:58:37.790  1453  4820 I MlBenchmarkInstaller: COMMITTED Extra package name: com.google.android.location [CONTEXT service_id=340 ]
06-25 11:58:37.791  1453  4820 W ModuleInitIntentOp: Dropping unexpected action com.google.android.gms.phenotype.COMMITTED
06-25 11:58:37.791  1453  4867 I LocationHistory: [IntentOperation] Handling action com.google.android.gms.phenotype.COMMITTED [CONTEXT service_id=314 ]
06-25 11:58:37.794  1453  4820 I GmsSyncPolicyEngine: Periodic sync 1 disabled by policy, cancelled.
06-25 11:58:37.795  1453  4820 I GmsSyncPolicyEngine: Periodic sync 2 disabled by policy, cancelled.
06-25 11:58:37.796  1453  4820 I GmsSyncPolicyEngine: Periodic sync 3 disabled by policy, cancelled.
06-25 11:58:37.800  1399  4822 I PTCommittedOperation: Receive new configuration for com.google.android.location
06-25 11:58:37.801  1399  4822 W SyntheticOperationsLogg: SyntheticOperationsLogger unable to log "com.google.android.gms.location__nonwearable"'s use of "change_component_enabled_state" because installOperationsCollector never executed [CONTEXT service_id=238 ]
06-25 11:58:37.801  1399  4822 W SyntheticOperationsLogg: SyntheticOperationsLogger unable to log "com.google.android.gms.location__nonwearable"'s use of "change_component_enabled_state" because installOperationsCollector never executed [CONTEXT service_id=238 ]
06-25 11:58:37.801  1399  4822 W SyntheticOperationsLogg: SyntheticOperationsLogger unable to log "com.google.android.gms.location__nonwearable"'s use of "change_component_enabled_state" because installOperationsCollector never executed [CONTEXT service_id=238 ]
06-25 11:58:37.802  1399  4822 W SyntheticOperationsLogg: SyntheticOperationsLogger unable to log "com.google.android.gms.location__nonwearable"'s use of "change_component_enabled_state" because installOperationsCollector never executed [CONTEXT service_id=238 ]
06-25 11:58:37.814  1399  3848 I NamespaceManager: Package com.android.refreshratecontrol name not found! Using module version.
06-25 11:58:37.814  1399  3848 I NamespaceManager: Package com.google.oslo name not found! Using module version.
06-25 11:58:37.815  1399  3848 I NamespaceManager: Package com.android.media name not found! Using module version.
06-25 11:58:37.815  1399  3848 I NamespaceManager: Package com.android.media.swcodec name not found! Using module version.
06-25 11:58:37.815  1399  3848 I NamespaceManager: Package com.android.neuralnetworks name not found! Using module version.
06-25 11:58:37.815  1399  3848 I NamespaceManager: Package com.android.media name not found! Using module version.
06-25 11:58:37.816  1399  3848 I NamespaceManager: Package 1 name not found! Using module version.
06-25 11:58:37.816  1399  3848 I NamespaceManager: Package rkpd name not found! Using module version.
06-25 11:58:37.819  1399  3848 I NamespaceManager: Package android.companion name not found! Using module version.
06-25 11:58:37.819  1399  3848 I NamespaceManager: Package com.google.android.aicore name not found! Using module version.
06-25 11:58:37.819  1399  3848 I NamespaceManager: Package com.google.android.audioproxy name not found! Using module version.
06-25 11:58:37.819  1399  3848 I NamespaceManager: Package com.google.android.apps.pixel.psi name not found! Using module version.
06-25 11:58:37.819  1399  3848 I NamespaceManager: Package com.google.android.apps.safetycore name not found! Using module version.
06-25 11:58:37.819  1399  3848 I NamespaceManager: Package com.google.android.crashrecovery name not found! Using module version.
06-25 11:58:37.820  1399  3848 I NamespaceManager: Package com.google.android.profiling name not found! Using module version.
06-25 11:58:37.820  1399  3848 I NamespaceManager: Package com.google.android.bt name not found! Using module version.
06-25 11:58:37.820  1399  3848 I NamespaceManager: Package com.google.android.nfcservices name not found! Using module version.
06-25 11:58:37.820  1399  3848 I NamespaceManager: Package com.google.android.webapp name not found! Using module version.
06-25 11:58:37.822  1399  3848 I NamespaceManager: Package com.google.android.telephonycore name not found! Using module version.
06-25 11:58:37.822  1399  3848 I NamespaceManager: Package com.google.android.uprobestats name not found! Using module version.
06-25 11:58:37.824  1453  4859 I NearbyFastPair: TaskSchedulerUtils cancelTask TAG_FOOTPRINTS_PERIODIC_SCHEDULE success. [CONTEXT service_id=265 ]
06-25 11:58:37.825  1453  4859 I NearbyFastPair: TSS cancel footprints recon sync [CONTEXT service_id=265 ]
06-25 11:58:37.826  1453  4859 I NearbyFastPair: TaskSchedulerUtils cancelTask TAG_FOOTPRINTS_RECON_SYNC_SCHEDULE success. [CONTEXT service_id=265 ]
06-25 11:58:37.827  1399  5431 I NearbyConnections: Runtime state initialization complete. Nearby connections setting is disabled [CONTEXT service_id=54 ]
06-25 11:58:37.827  1399  3848 W PhenotypeConfigurationU: Update for unknown DeviceConfig package com.google.android.gms.nearby [CONTEXT service_id=204 ]
06-25 11:58:37.827  1399  3848 W PhenotypeConfigurationU: bwix: No package exists for config package: com.google.android.gms.nearby
06-25 11:58:37.827  1399  3848 W PhenotypeConfigurationU: 	at com.google.android.gms.platformconfigurator.PhenotypeConfigurationUpdateListener.b(:com.google.android.gms@231818047@23.18.18 (190800-535401451):6)
06-25 11:58:37.827  1399  3848 W PhenotypeConfigurationU: 	at com.google.android.gms.platformconfigurator.PhenotypeConfigurationUpdateListener.a(:com.google.android.gms@231818047@23.18.18 (190800-535401451):4)
06-25 11:58:37.827  1399  3848 W PhenotypeConfigurationU: 	at com.google.android.gms.platformconfigurator.PhenotypeConfigurationUpdateListener.onHandleIntent(:com.google.android.gms@231818047@23.18.18 (190800-535401451):21)
06-25 11:58:37.827  1399  3848 W PhenotypeConfigurationU: 	at com.google.android.chimera.IntentOperation.onHandleIntent(:com.google.android.gms@231818047@23.18.18 (190800-535401451):2)
06-25 11:58:37.827  1399  3848 W PhenotypeConfigurationU: 	at zhv.onHandleIntent(:com.google.android.gms@231818047@23.18.18 (190800-535401451):4)
06-25 11:58:37.827  1399  3848 W PhenotypeConfigurationU: 	at hjm.run(:com.google.android.gms@231818047@23.18.18 (190800-535401451):3)
06-25 11:58:37.827  1399  3848 W PhenotypeConfigurationU: 	at hjl.run(:com.google.android.gms@231818047@23.18.18 (190800-535401451):11)
06-25 11:58:37.827  1399  3848 W PhenotypeConfigurationU: 	at dfhf.run(:com.google.android.gms@231818047@23.18.18 (190800-535401451):2)
06-25 11:58:37.827  1399  3848 W PhenotypeConfigurationU: 	at java.util.concurrent.ThreadPoolExecutor.runWorker(ThreadPoolExecutor.java:1145)
06-25 11:58:37.827  1399  3848 W PhenotypeConfigurationU: 	at java.util.concurrent.ThreadPoolExecutor$Worker.run(ThreadPoolExecutor.java:644)
06-25 11:58:37.827  1399  3848 W PhenotypeConfigurationU: 	at java.lang.Thread.run(Thread.java:1012)
06-25 11:58:37.829  1453  4855 I NearbySharing: Runtime state initialization complete. Sharing is enabled. [CONTEXT service_id=194 ]
06-25 11:58:37.831  1399  1399 I NearbySharing: ReceiveSurfaceService started [CONTEXT service_id=194 ]
06-25 11:58:37.831  1399  2084 I NearbyMediums: BluetoothAdapter's name was not set by Nearby Connections, ignoring call to restore default scan mode. [CONTEXT service_id=54 ]
06-25 11:58:37.832  1399  2084 I NearbyMediums: BluetoothAdapter's name was not set by Nearby Connections, ignoring call to restore device name [CONTEXT service_id=54 ]
06-25 11:58:37.832  1453  2549 I NearbySharing: onBindSlice failed since shareTargets is empty [CONTEXT service_id=194 ]
06-25 11:58:37.833  1399  3925 W ChimeraUtils: Module com.google.android.gms.nearby_en missing resource null(0)
06-25 11:58:37.833  1453  2549 I NearbySharing: Granted slice and Uri permissions to android [CONTEXT service_id=194 ]
06-25 11:58:37.834  1399  3925 W ChimeraUtils: Module com.google.android.gms.nearby_en missing resource null(0)
06-25 11:58:37.841  1399  1399 I NearbyFastPair: DynamicSupportModule: doReceive update intent [CONTEXT service_id=265 ]
06-25 11:58:37.841  1399  3848 I NamespaceManager: Package com.android.refreshratecontrol name not found! Using module version.
06-25 11:58:37.841  1399  3848 I NamespaceManager: Package com.google.oslo name not found! Using module version.
06-25 11:58:37.842  1399  3848 I NamespaceManager: Package com.android.media name not found! Using module version.
06-25 11:58:37.842  1399  3848 I NamespaceManager: Package com.android.media.swcodec name not found! Using module version.
06-25 11:58:37.843  1399  3848 I NamespaceManager: Package com.android.neuralnetworks name not found! Using module version.
06-25 11:58:37.843  1399  3848 I NamespaceManager: Package com.android.media name not found! Using module version.
06-25 11:58:37.843  1399  3848 I NamespaceManager: Package 1 name not found! Using module version.
06-25 11:58:37.843  1399  3848 I NamespaceManager: Package rkpd name not found! Using module version.
06-25 11:58:37.844  1399  3848 I NamespaceManager: Package android.companion name not found! Using module version.
06-25 11:58:37.844  1399  3848 I NamespaceManager: Package com.google.android.aicore name not found! Using module version.
06-25 11:58:37.844  1399  3848 I NamespaceManager: Package com.google.android.audioproxy name not found! Using module version.
06-25 11:58:37.844  1399  3848 I NamespaceManager: Package com.google.android.apps.pixel.psi name not found! Using module version.
06-25 11:58:37.844  1399  3848 I NamespaceManager: Package com.google.android.apps.safetycore name not found! Using module version.
06-25 11:58:37.844  1399  3848 I NamespaceManager: Package com.google.android.crashrecovery name not found! Using module version.
06-25 11:58:37.844  1399  3848 I NamespaceManager: Package com.google.android.profiling name not found! Using module version.
06-25 11:58:37.845  1399  3848 I NamespaceManager: Package com.google.android.bt name not found! Using module version.
06-25 11:58:37.845  1399  3848 I NamespaceManager: Package com.google.android.nfcservices name not found! Using module version.
06-25 11:58:37.845  1399  3848 I NamespaceManager: Package com.google.android.webapp name not found! Using module version.
06-25 11:58:37.845  1399  3848 I NamespaceManager: Package com.google.android.telephonycore name not found! Using module version.
06-25 11:58:37.845  1399  3848 I NamespaceManager: Package com.google.android.uprobestats name not found! Using module version.
06-25 11:58:37.845  1399  3848 W PhenotypeConfigurationU: Update for unknown DeviceConfig package com.google.android.gms.wallet [CONTEXT service_id=204 ]
06-25 11:58:37.845  1399  3848 W PhenotypeConfigurationU: bwix: No package exists for config package: com.google.android.gms.wallet
06-25 11:58:37.845  1399  3848 W PhenotypeConfigurationU: 	at com.google.android.gms.platformconfigurator.PhenotypeConfigurationUpdateListener.b(:com.google.android.gms@231818047@23.18.18 (190800-535401451):6)
06-25 11:58:37.845  1399  3848 W PhenotypeConfigurationU: 	at com.google.android.gms.platformconfigurator.PhenotypeConfigurationUpdateListener.a(:com.google.android.gms@231818047@23.18.18 (190800-535401451):4)
06-25 11:58:37.845  1399  3848 W PhenotypeConfigurationU: 	at com.google.android.gms.platformconfigurator.PhenotypeConfigurationUpdateListener.onHandleIntent(:com.google.android.gms@231818047@23.18.18 (190800-535401451):21)
06-25 11:58:37.845  1399  3848 W PhenotypeConfigurationU: 	at com.google.android.chimera.IntentOperation.onHandleIntent(:com.google.android.gms@231818047@23.18.18 (190800-535401451):2)
06-25 11:58:37.845  1399  3848 W PhenotypeConfigurationU: 	at zhv.onHandleIntent(:com.google.android.gms@231818047@23.18.18 (190800-535401451):4)
06-25 11:58:37.845  1399  3848 W PhenotypeConfigurationU: 	at hjm.run(:com.google.android.gms@231818047@23.18.18 (190800-535401451):3)
06-25 11:58:37.845  1399  3848 W PhenotypeConfigurationU: 	at hjl.run(:com.google.android.gms@231818047@23.18.18 (190800-535401451):11)
06-25 11:58:37.845  1399  3848 W PhenotypeConfigurationU: 	at dfhf.run(:com.google.android.gms@231818047@23.18.18 (190800-535401451):2)
06-25 11:58:37.845  1399  3848 W PhenotypeConfigurationU: 	at java.util.concurrent.ThreadPoolExecutor.runWorker(ThreadPoolExecutor.java:1145)
06-25 11:58:37.845  1399  3848 W PhenotypeConfigurationU: 	at java.util.concurrent.ThreadPoolExecutor$Worker.run(ThreadPoolExecutor.java:644)
06-25 11:58:37.845  1399  3848 W PhenotypeConfigurationU: 	at java.lang.Thread.run(Thread.java:1012)
06-25 11:58:37.847  1399  4529 W NetworkScheduler.Filter: Ignored malformed rule: 
06-25 11:58:37.848  1399  3848 I NamespaceManager: Package com.android.refreshratecontrol name not found! Using module version.
06-25 11:58:37.848  1399  3848 I NamespaceManager: Package com.google.oslo name not found! Using module version.
06-25 11:58:37.848  1399  3848 I NamespaceManager: Package com.android.media name not found! Using module version.
06-25 11:58:37.848  1399  3848 I NamespaceManager: Package com.android.media.swcodec name not found! Using module version.
06-25 11:58:37.848  1399  3848 I NamespaceManager: Package com.android.neuralnetworks name not found! Using module version.
06-25 11:58:37.849  1399  3848 I NamespaceManager: Package com.android.media name not found! Using module version.
06-25 11:58:37.849  1399  3848 I NamespaceManager: Package 1 name not found! Using module version.
06-25 11:58:37.849  1399  3848 I NamespaceManager: Package rkpd name not found! Using module version.
06-25 11:58:37.849  1399  3848 I NamespaceManager: Package android.companion name not found! Using module version.
06-25 11:58:37.849  1399  3848 I NamespaceManager: Package com.google.android.aicore name not found! Using module version.
06-25 11:58:37.849  1399  3848 I NamespaceManager: Package com.google.android.audioproxy name not found! Using module version.
06-25 11:58:37.849  1399  3848 I NamespaceManager: Package com.google.android.apps.pixel.psi name not found! Using module version.
06-25 11:58:37.849  1399  3848 I NamespaceManager: Package com.google.android.apps.safetycore name not found! Using module version.
06-25 11:58:37.849  1399  3848 I NamespaceManager: Package com.google.android.crashrecovery name not found! Using module version.
06-25 11:58:37.849  1399  3848 I NamespaceManager: Package com.google.android.profiling name not found! Using module version.
06-25 11:58:37.849  1399  3848 I NamespaceManager: Package com.google.android.bt name not found! Using module version.
06-25 11:58:37.849  1399  3848 I NamespaceManager: Package com.google.android.nfcservices name not found! Using module version.
06-25 11:58:37.850  1399  3848 I NamespaceManager: Package com.google.android.webapp name not found! Using module version.
06-25 11:58:37.850  1399  3924 I NearbyFastPair: DynamicSupportModule: onSupportStateUpdate start [CONTEXT service_id=265 ]
06-25 11:58:37.850  1399  3848 I NamespaceManager: Package com.google.android.telephonycore name not found! Using module version.
06-25 11:58:37.850  1399  3848 I NamespaceManager: Package com.google.android.uprobestats name not found! Using module version.
06-25 11:58:37.850  1399  3848 W PhenotypeConfigurationU: Update for unknown DeviceConfig package com.google.android.gms.tron.metrics [CONTEXT service_id=204 ]
06-25 11:58:37.850  1399  3848 W PhenotypeConfigurationU: bwix: No package exists for config package: com.google.android.gms.tron.metrics
06-25 11:58:37.850  1399  3848 W PhenotypeConfigurationU: 	at com.google.android.gms.platformconfigurator.PhenotypeConfigurationUpdateListener.b(:com.google.android.gms@231818047@23.18.18 (190800-535401451):6)
06-25 11:58:37.850  1399  3848 W PhenotypeConfigurationU: 	at com.google.android.gms.platformconfigurator.PhenotypeConfigurationUpdateListener.a(:com.google.android.gms@231818047@23.18.18 (190800-535401451):4)
06-25 11:58:37.850  1399  3848 W PhenotypeConfigurationU: 	at com.google.android.gms.platformconfigurator.PhenotypeConfigurationUpdateListener.onHandleIntent(:com.google.android.gms@231818047@23.18.18 (190800-535401451):21)
06-25 11:58:37.850  1399  3848 W PhenotypeConfigurationU: 	at com.google.android.chimera.IntentOperation.onHandleIntent(:com.google.android.gms@231818047@23.18.18 (190800-535401451):2)
06-25 11:58:37.850  1399  3848 W PhenotypeConfigurationU: 	at zhv.onHandleIntent(:com.google.android.gms@231818047@23.18.18 (190800-535401451):4)
06-25 11:58:37.850  1399  3848 W PhenotypeConfigurationU: 	at hjm.run(:com.google.android.gms@231818047@23.18.18 (190800-535401451):3)
06-25 11:58:37.850  1399  3848 W PhenotypeConfigurationU: 	at hjl.run(:com.google.android.gms@231818047@23.18.18 (190800-535401451):11)
06-25 11:58:37.850  1399  3848 W PhenotypeConfigurationU: 	at dfhf.run(:com.google.android.gms@231818047@23.18.18 (190800-535401451):2)
06-25 11:58:37.850  1399  3848 W PhenotypeConfigurationU: 	at java.util.concurrent.ThreadPoolExecutor.runWorker(ThreadPoolExecutor.java:1145)
06-25 11:58:37.850  1399  3848 W PhenotypeConfigurationU: 	at java.util.concurrent.ThreadPoolExecutor$Worker.run(ThreadPoolExecutor.java:644)
06-25 11:58:37.850  1399  3848 W PhenotypeConfigurationU: 	at java.lang.Thread.run(Thread.java:1012)
06-25 11:58:37.851  1399  3924 I NearbyFastPair: DynamicSupportModule: onSupportStateUpdate end [CONTEXT service_id=265 ]
06-25 11:58:37.854   336  5442 I resolv  : res_nsend: used send_dg 104 terrno: 0
06-25 11:58:37.854   336  5442 I resolv  : doQuery: rcode=0, ancount=4, return value=104
06-25 11:58:37.856  1453  4862 D TrafficStats: tagSocket(129) with statsTag=0x30000408, statsUid=-1
06-25 11:58:37.860  1399  4811 I NamespaceManager: Package com.android.refreshratecontrol name not found! Using module version.
06-25 11:58:37.861  1399  4811 I NamespaceManager: Package com.google.oslo name not found! Using module version.
06-25 11:58:37.862  1399  4811 I NamespaceManager: Package com.android.media name not found! Using module version.
06-25 11:58:37.862  1399  4811 I NamespaceManager: Package com.android.media.swcodec name not found! Using module version.
06-25 11:58:37.862  1399  4811 I NamespaceManager: Package com.android.neuralnetworks name not found! Using module version.
06-25 11:58:37.862  1399  4811 I NamespaceManager: Package com.android.media name not found! Using module version.
06-25 11:58:37.862  1399  4811 I NamespaceManager: Package 1 name not found! Using module version.
06-25 11:58:37.862  1399  4811 I NamespaceManager: Package rkpd name not found! Using module version.
06-25 11:58:37.863  1399  4811 I NamespaceManager: Package android.companion name not found! Using module version.
06-25 11:58:37.863  1399  4811 I NamespaceManager: Package com.google.android.aicore name not found! Using module version.
06-25 11:58:37.863  1399  4811 I NamespaceManager: Package com.google.android.audioproxy name not found! Using module version.
06-25 11:58:37.863  1399  4811 I NamespaceManager: Package com.google.android.apps.pixel.psi name not found! Using module version.
06-25 11:58:37.863  1399  4811 I NamespaceManager: Package com.google.android.apps.safetycore name not found! Using module version.
06-25 11:58:37.863  1399  4811 I NamespaceManager: Package com.google.android.crashrecovery name not found! Using module version.
06-25 11:58:37.863  1399  4811 I NamespaceManager: Package com.google.android.profiling name not found! Using module version.
06-25 11:58:37.863  1399  4811 I NamespaceManager: Package com.google.android.bt name not found! Using module version.
06-25 11:58:37.864  1399  4811 I NamespaceManager: Package com.google.android.nfcservices name not found! Using module version.
06-25 11:58:37.864  1399  4811 I NamespaceManager: Package com.google.android.webapp name not found! Using module version.
06-25 11:58:37.864  1399  4811 I NamespaceManager: Package com.google.android.telephonycore name not found! Using module version.
06-25 11:58:37.864  1399  4811 I NamespaceManager: Package com.google.android.uprobestats name not found! Using module version.
06-25 11:58:37.864  1399  4811 W PhenotypeConfigurationU: Update for unknown DeviceConfig package com.google.android.gms.icing.mdd [CONTEXT service_id=204 ]
06-25 11:58:37.864  1399  4811 W PhenotypeConfigurationU: bwix: No package exists for config package: com.google.android.gms.icing.mdd
06-25 11:58:37.864  1399  4811 W PhenotypeConfigurationU: 	at com.google.android.gms.platformconfigurator.PhenotypeConfigurationUpdateListener.b(:com.google.android.gms@231818047@23.18.18 (190800-535401451):6)
06-25 11:58:37.864  1399  4811 W PhenotypeConfigurationU: 	at com.google.android.gms.platformconfigurator.PhenotypeConfigurationUpdateListener.a(:com.google.android.gms@231818047@23.18.18 (190800-535401451):4)
06-25 11:58:37.864  1399  4811 W PhenotypeConfigurationU: 	at com.google.android.gms.platformconfigurator.PhenotypeConfigurationUpdateListener.onHandleIntent(:com.google.android.gms@231818047@23.18.18 (190800-535401451):21)
06-25 11:58:37.864  1399  4811 W PhenotypeConfigurationU: 	at com.google.android.chimera.IntentOperation.onHandleIntent(:com.google.android.gms@231818047@23.18.18 (190800-535401451):2)
06-25 11:58:37.864  1399  4811 W PhenotypeConfigurationU: 	at zhv.onHandleIntent(:com.google.android.gms@231818047@23.18.18 (190800-535401451):4)
06-25 11:58:37.864  1399  4811 W PhenotypeConfigurationU: 	at hjm.run(:com.google.android.gms@231818047@23.18.18 (190800-535401451):3)
06-25 11:58:37.864  1399  4811 W PhenotypeConfigurationU: 	at hjl.run(:com.google.android.gms@231818047@23.18.18 (190800-535401451):11)
06-25 11:58:37.864  1399  4811 W PhenotypeConfigurationU: 	at dfhf.run(:com.google.android.gms@231818047@23.18.18 (190800-535401451):2)
06-25 11:58:37.864  1399  4811 W PhenotypeConfigurationU: 	at java.util.concurrent.ThreadPoolExecutor.runWorker(ThreadPoolExecutor.java:1145)
06-25 11:58:37.864  1399  4811 W PhenotypeConfigurationU: 	at java.util.concurrent.ThreadPoolExecutor$Worker.run(ThreadPoolExecutor.java:644)
06-25 11:58:37.864  1399  4811 W PhenotypeConfigurationU: 	at java.lang.Thread.run(Thread.java:1012)
06-25 11:58:37.870  1623  2091 D CompatibilityChangeReporter: Compat change id reported: 183155436; UID 10179; state: ENABLED
06-25 11:58:37.871   518   896 D CompatibilityChangeReporter: Compat change id reported: 149924527; UID 2000; state: ENABLED
06-25 11:58:37.871   518   896 D CompatibilityChangeReporter: Compat change id reported: 132649864; UID 2000; state: DISABLED
06-25 11:58:37.874  1453  2549 E MDD     : FileGroupManager: Trying to add expired group enpromo-state-config.
06-25 11:58:37.875  1453  2549 W MDD     : MDDManager class cqfz
06-25 11:58:37.878  1623  2091 W MediaProvider: isAppCloneUserPair for user 0: false
06-25 11:58:37.882  5375  5375 I AccessibilityNodeInfoDumper: Skipping invisible child: android.view.accessibility.AccessibilityNodeInfo@111ef; boundsInParent: Rect(0, 0 - 320, 0); boundsInScreen: Rect(0, 0 - 320, 0); boundsInWindow: Rect(0, 0 - 320, 0); packageName: com.hanapkalinga.mobile; className: android.widget.LinearLayout; text: null; error: null; maxTextLength: -1; stateDescription: null; contentDescription: null; tooltipText: null; containerTitle: null; viewIdResName: null; uniqueId: null; checkable: false; checked: false; focusable: false; focused: false; selected: false; clickable: false; longClickable: false; contextClickable: false; enabled: true; password: false; scrollable: false; importantForAccessibility: false; visible: false; actions: [AccessibilityAction: ACTION_SELECT - null, AccessibilityAction: ACTION_CLEAR_SELECTION - null, AccessibilityAction: ACTION_ACCESSIBILITY_FOCUS - null, AccessibilityAction: ACTION_SHOW_ON_SCREEN - null]; isTextSelectable: false
06-25 11:58:37.882  5375  5375 I AccessibilityNodeInfoDumper: Skipping invisible child: android.view.accessibility.AccessibilityNodeInfo@10e2e; boundsInParent: Rect(0, 0 - 320, 0); boundsInScreen: Rect(0, 0 - 320, 0); boundsInWindow: Rect(0, 0 - 320, 0); packageName: com.hanapkalinga.mobile; className: android.view.ViewGroup; text: null; error: null; maxTextLength: -1; stateDescription: null; contentDescription: null; tooltipText: null; containerTitle: null; viewIdResName: null; uniqueId: null; checkable: false; checked: false; focusable: false; focused: false; selected: false; clickable: false; longClickable: false; contextClickable: false; enabled: true; password: false; scrollable: false; importantForAccessibility: false; visible: false; actions: [AccessibilityAction: ACTION_SELECT - null, AccessibilityAction: ACTION_CLEAR_SELECTION - null, AccessibilityAction: ACTION_ACCESSIBILITY_FOCUS - null, AccessibilityAction: ACTION_SHOW_ON_SCREEN - null]; isTextSelectable: false
06-25 11:58:37.882  1453  4862 W Conscrypt: Could not set socket write timeout: java.net.SocketException: Socket closed
06-25 11:58:37.882  1453  4862 W Conscrypt: 	at com.google.android.gms.org.conscrypt.Platform.setSocketWriteTimeout(:com.google.android.gms@231818047@23.18.18 (190800-535401451):2)
06-25 11:58:37.882  1453  4862 W Conscrypt: 	at com.google.android.gms.org.conscrypt.ConscryptFileDescriptorSocket.setSoWriteTimeout(:com.google.android.gms@231818047@23.18.18 (190800-535401451):0)
06-25 11:58:37.884  5375  5375 W AccessibilityNodeInfoDumper: Fetch time: 16ms
06-25 11:58:37.886  1453  4867 W ModuleInitIntentOp: Dropping unexpected action com.google.android.gms.phenotype.COMMITTED
06-25 11:58:37.886  1453  4867 V Backup  : [PhenotypeConfigIO] Phenotype broadcast received for different package
06-25 11:58:37.886  1453  4820 I SyncIntentOperation: Handling the intent: Intent { act=com.google.android.gms.phenotype.COMMITTED flg=0x10 pkg=com.google.android.gms cmp=com.google.android.gms/.chimera.GmsIntentOperationService (has extras) }. [CONTEXT service_id=80 ]
06-25 11:58:37.887  1453  4867 I MdiSyncModule: flag handling is skipping irrelevant intent.
06-25 11:58:37.887  1399  4811 I NamespaceManager: Package com.android.refreshratecontrol name not found! Using module version.
06-25 11:58:37.887  1571  1683 I AiAiEcho: Settings changed for uri: content://settings/secure/accessibility_enabled
06-25 11:58:37.888  1571  1768 I AiAiEcho: Predicting[0]: 
06-25 11:58:37.888  1571  1768 I AiAiEcho: EchoTargets: 
06-25 11:58:37.888  1571  1768 I AiAiEcho: Filtered by AiAi flag check: 
06-25 11:58:37.888  1571  1768 I AiAiEcho: Ranked targets strategy: SORT, count: 0, ranking metadata: 
06-25 11:58:37.888  1571  1768 I AiAiEcho: Predicting[0]: 
06-25 11:58:37.889  1571  1768 I AiAiEcho: EchoTargets: 
06-25 11:58:37.889  1571  1768 I AiAiEcho: Filtered by AiAi flag check: 
06-25 11:58:37.889  1571  1768 I AiAiEcho: Ranked targets strategy: SORT, count: 0, ranking metadata: 
06-25 11:58:37.890  1453  4820 I MlBenchmarkInstaller: Intent: com.google.android.gms.phenotype.COMMITTED [CONTEXT service_id=340 ]
06-25 11:58:37.890  1453  4820 I MlBenchmarkInstaller: COMMITTED Extra package name: com.google.android.gms.ads [CONTEXT service_id=340 ]
06-25 11:58:37.890  1399  4811 I NamespaceManager: Package com.google.oslo name not found! Using module version.
06-25 11:58:37.890  1453  4820 W ModuleInitIntentOp: Dropping unexpected action com.google.android.gms.phenotype.COMMITTED
06-25 11:58:37.890  1571  1768 I AiAiEcho: #postPredictionTargets: Sending updates to UISurface lockscreen with targets# 0 (types=[])
06-25 11:58:37.891  1571  1768 I AiAiEcho: #postPredictionTargets: Sending updates to UISurface home with targets# 0 (types=[])
06-25 11:58:37.891   831   831 W PageIndicator: Total number of pages invalid: 0. Assuming 1 page.
06-25 11:58:37.890   518   536 W WindowMagnificationMgr: requestConnection duplicated request: connect=false, mConnectionState=DISCONNECTED
06-25 11:58:37.892   518   536 D AccessibilityManagerService: restoreCurrentUserForTestAutomationIfNeededLocked(): ignoring because device doesn't support visible background users
06-25 11:58:37.893  5375  5375 D AndroidRuntime: Shutting down VM
06-25 11:58:37.894  1399  4825 I PTCommittedOperation: Receive new configuration for com.google.android.gms.ads
06-25 11:58:37.894  1399  4811 I NamespaceManager: Package com.android.media name not found! Using module version.
06-25 11:58:37.894  1399  4811 I NamespaceManager: Package com.android.media.swcodec name not found! Using module version.
06-25 11:58:37.894  1399  4811 I NamespaceManager: Package com.android.neuralnetworks name not found! Using module version.
06-25 11:58:37.895  1399  4811 I NamespaceManager: Package com.android.media name not found! Using module version.
06-25 11:58:37.895  1399  4811 I NamespaceManager: Package 1 name not found! Using module version.
06-25 11:58:37.895  1399  4811 I NamespaceManager: Package rkpd name not found! Using module version.
06-25 11:58:37.895  1399  4811 I NamespaceManager: Package android.companion name not found! Using module version.
06-25 11:58:37.895  1399  4811 I NamespaceManager: Package com.google.android.aicore name not found! Using module version.
06-25 11:58:37.895  1399  4811 I NamespaceManager: Package com.google.android.audioproxy name not found! Using module version.
06-25 11:58:37.895  1399  4811 I NamespaceManager: Package com.google.android.apps.pixel.psi name not found! Using module version.
06-25 11:58:37.895  1399  4811 I NamespaceManager: Package com.google.android.apps.safetycore name not found! Using module version.
06-25 11:58:37.895  1399  4811 I NamespaceManager: Package com.google.android.crashrecovery name not found! Using module version.
06-25 11:58:37.895  1399  4811 I NamespaceManager: Package com.google.android.profiling name not found! Using module version.
06-25 11:58:37.895  1399  4811 I NamespaceManager: Package com.google.android.bt name not found! Using module version.
06-25 11:58:37.895  1399  4811 I NamespaceManager: Package com.google.android.nfcservices name not found! Using module version.
06-25 11:58:37.895  1399  4811 I NamespaceManager: Package com.google.android.webapp name not found! Using module version.
06-25 11:58:37.895  1399  4811 I NamespaceManager: Package com.google.android.telephonycore name not found! Using module version.
06-25 11:58:37.895  1399  4811 I NamespaceManager: Package com.google.android.uprobestats name not found! Using module version.
06-25 11:58:37.895  1399  4811 W PhenotypeConfigurationU: Update for unknown DeviceConfig package com.google.android.gms.ads [CONTEXT service_id=204 ]
06-25 11:58:37.895  1399  4811 W PhenotypeConfigurationU: bwix: No package exists for config package: com.google.android.gms.ads
06-25 11:58:37.895  1399  4811 W PhenotypeConfigurationU: 	at com.google.android.gms.platformconfigurator.PhenotypeConfigurationUpdateListener.b(:com.google.android.gms@231818047@23.18.18 (190800-535401451):6)
06-25 11:58:37.895  1399  4811 W PhenotypeConfigurationU: 	at com.google.android.gms.platformconfigurator.PhenotypeConfigurationUpdateListener.a(:com.google.android.gms@231818047@23.18.18 (190800-535401451):4)
06-25 11:58:37.895  1399  4811 W PhenotypeConfigurationU: 	at com.google.android.gms.platformconfigurator.PhenotypeConfigurationUpdateListener.onHandleIntent(:com.google.android.gms@231818047@23.18.18 (190800-535401451):21)
06-25 11:58:37.895  1399  4811 W PhenotypeConfigurationU: 	at com.google.android.chimera.IntentOperation.onHandleIntent(:com.google.android.gms@231818047@23.18.18 (190800-535401451):2)
06-25 11:58:37.895  1399  4811 W PhenotypeConfigurationU: 	at zhv.onHandleIntent(:com.google.android.gms@231818047@23.18.18 (190800-535401451):4)
06-25 11:58:37.895  1399  4811 W PhenotypeConfigurationU: 	at hjm.run(:com.google.android.gms@231818047@23.18.18 (190800-535401451):3)
06-25 11:58:37.895  1399  4811 W PhenotypeConfigurationU: 	at hjl.run(:com.google.android.gms@231818047@23.18.18 (190800-535401451):11)
06-25 11:58:37.895  1399  4811 W PhenotypeConfigurationU: 	at dfhf.run(:com.google.android.gms@231818047@23.18.18 (190800-535401451):2)
06-25 11:58:37.895  1399  4811 W PhenotypeConfigurationU: 	at java.util.concurrent.ThreadPoolExecutor.runWorker(ThreadPoolExecutor.java:1145)
06-25 11:58:37.895  1399  4811 W PhenotypeConfigurationU: 	at java.util.concurrent.ThreadPoolExecutor$Worker.run(ThreadPoolExecutor.java:644)
06-25 11:58:37.895  1399  4811 W PhenotypeConfigurationU: 	at java.lang.Thread.run(Thread.java:1012)
06-25 11:58:37.899  1453  4859 I GmsSyncPolicyEngine: Periodic sync 1 disabled by policy, cancelled.
06-25 11:58:37.899  1453  4867 I LocationHistory: [IntentOperation] Handling action com.google.android.gms.phenotype.COMMITTED [CONTEXT service_id=314 ]
06-25 11:58:37.901  1453  4859 I GmsSyncPolicyEngine: Periodic sync 2 disabled by policy, cancelled.
06-25 11:58:37.901  1453  4859 I GmsSyncPolicyEngine: Periodic sync 3 disabled by policy, cancelled.
06-25 11:58:37.903  2859  2934 I A       : NGA enabled in interactor.
06-25 11:58:37.903  2859  2934 I A       : Nga state changed to NgaStateDetails{state=ENABLED, isSpecialExperience=false}
06-25 11:58:37.904  1593  4870 I A       : Initializing all components
06-25 11:58:37.904  1593  4870 I A       : APA or Classic session decision: SessionDecision(sessionVariance=CLASSIC, platformVariance=CLASSIC, justification=CURRENT_PLATFORM_VARIANCE).
06-25 11:58:37.912  1399  3485 W ExecutionCriteria: Running in whitelist mode. Ignoring task: com.google.android.gms/.tapandpay.gcmtask.TapAndPayGcmTaskService{u=0 tag="keyguard.check" trigger=window{period=3600s,flex=1200s,earliest=2394s,latest=3594s} requirements=[NET_CONNECTED] attributes=[PERSISTED,RECURRING] scheduled=-5s last_run=N/A exec_window_multiplier=1.0000 jid=N/A status=PENDING retries=0 client_lib=GMS_TASK_SCHEDULER-231818000} [CONTEXT service_id=218 ]
06-25 11:58:37.912  1593  2089 I A       : onIsEnabledChanged, isEnabled: false
06-25 11:58:37.912  1593  2089 W A       : Disposing empty manager. Did you forgot to subscribe observables?
06-25 11:58:37.912  1593  2089 W A       : Disposing empty manager. Did you forgot to subscribe observables?
06-25 11:58:37.912  1593  2089 W A       : Disposing empty manager. Did you forgot to subscribe observables?
06-25 11:58:37.912  1593  2089 W A       : Disposing empty manager. Did you forgot to subscribe observables?
06-25 11:58:37.912  1593  2089 W A       : Disposing empty manager. Did you forgot to subscribe observables?
06-25 11:58:37.912  1593  2089 W A       : Disposing empty manager. Did you forgot to subscribe observables?
06-25 11:58:37.912  1593  2089 W A       : Disposing empty manager. Did you forgot to subscribe observables?
06-25 11:58:37.912  1593  2089 W A       : Disposing empty manager. Did you forgot to subscribe observables?
06-25 11:58:37.912  1593  2089 W A       : Disposing empty manager. Did you forgot to subscribe observables?
06-25 11:58:37.912  1593  2089 W A       : Disposing empty manager. Did you forgot to subscribe observables?
06-25 11:58:37.912  1593  2089 I A       : onOpaVisibilityChanged: false
06-25 11:58:37.912  1593  2089 W A       : Disposing empty manager. Did you forgot to subscribe observables?
06-25 11:58:37.912  1593  2089 W A       : Disposing empty manager. Did you forgot to subscribe observables?
06-25 11:58:37.913  1593  2089 W A       : Disposing empty manager. Did you forgot to subscribe observables?
06-25 11:58:37.913  1593  2089 W A       : Disposing empty manager. Did you forgot to subscribe observables?
06-25 11:58:37.913  1593  2089 W A       : Disposing empty manager. Did you forgot to subscribe observables?
06-25 11:58:37.913  1593  2089 W A       : Disposing empty manager. Did you forgot to subscribe observables?
06-25 11:58:37.913  1593  2089 I A       : Setting session to type: NO_SESSION
06-25 11:58:37.913  1593  4870 I A       : [Memory] eligibility: StashEligibility{6}
06-25 11:58:37.915   518   518 D BatterySaverPolicy: accessibility changed to false, updating policy.
06-25 11:58:37.916  1593  2089 W A       : Disposing empty manager. Did you forgot to subscribe observables?
06-25 11:58:37.916  1593  2089 W A       : Disposing empty manager. Did you forgot to subscribe observables?
06-25 11:58:37.916  1593  2089 W A       : Disposing empty manager. Did you forgot to subscribe observables?
06-25 11:58:37.916  1593  2089 W A       : Disposing empty manager. Did you forgot to subscribe observables?
06-25 11:58:37.916  1593  2089 W A       : Disposing empty manager. Did you forgot to subscribe observables?
06-25 11:58:37.916  1593  2089 W A       : Disposing empty manager. Did you forgot to subscribe observables?
06-25 11:58:37.916  1593  2089 W A       : Disposing empty manager. Did you forgot to subscribe observables?
06-25 11:58:37.916  1593  2089 W A       : Disposing empty manager. Did you forgot to subscribe observables?
06-25 11:58:37.919  1593  2089 I A       : setNavBarVisible: GestureNavBarVisible{navbarVisible=true}
06-25 11:58:37.919  1593  2089 W A       : Disposing empty manager. Did you forgot to subscribe observables?
06-25 11:58:37.919  1593  2089 W A       : Disposing empty manager. Did you forgot to subscribe observables?
06-25 11:58:37.919  1593  2089 W A       : Disposing empty manager. Did you forgot to subscribe observables?
06-25 11:58:37.919  1593  2089 W A       : Disposing empty manager. Did you forgot to subscribe observables?
06-25 11:58:37.919  1593  2089 W A       : Disposing empty manager. Did you forgot to subscribe observables?
06-25 11:58:37.919  1593  2089 W A       : Disposing empty manager. Did you forgot to subscribe observables?
06-25 11:58:37.919  1593  2089 I A       : onDisabled. Registered: false
06-25 11:58:37.920   831   831 D StatusBarIconController: ignoring old pipeline callbacks, because the new mobile icons are enabled
06-25 11:58:37.923  1593  2079 I A       : State changed: IDLE => IDLE by NGA_STATE_CHANGED and N/A with Optional.empty
06-25 11:58:37.925  1593  2079 I A       : Recognizer choice: (recognizer_type: 1, recognizer_mode: 1, choice_reason: 4)
06-25 11:58:37.925  1593  2089 I A       : Initialize
06-25 11:58:37.926  1593  2089 I A       : on opa visibility changed false
06-25 11:58:37.926  1593  2089 I A       : on opa visibility changed false
06-25 11:58:37.926  1593  2079 I A       : onActiveStateChangeEvent: IDLE => IDLE
06-25 11:58:37.927  1593  2089 I A       : stopListening(NGA_PAUSED_UNKNOWN_REASON, NGA_CREATE), idleOverride=NOT_LISTENING
06-25 11:58:37.930  1593  2089 I NgaEntryPointEventSendr: setupConnection
06-25 11:58:37.931  2859  2859 I A       : Creating pss binder().
06-25 11:58:37.933  1593  2079 W A       : Missing generator mapping for generator GENERATOR_CONTEXTUAL_SUGGESTIONS
06-25 11:58:37.933  1593  2079 W A       : Missing generator mapping for generator GENERATOR_FRE_SUGGESTIONS_ON_TIMEOUT
06-25 11:58:37.933  1593  2079 W A       : Missing generator mapping for generator GENERATOR_FRE_SUGGESTIONS_ON_INVOCATION
06-25 11:58:37.935  1399  3895 I NetworkScheduler.Stats: Task com.google.android.gms/com.google.android.gms.ipa.base.IpaGcmTaskService started execution. cause:9 exec_start_elapsed_seconds: 77 [CONTEXT service_id=218 ]
06-25 11:58:37.936  1593  2079 I A       : #onActiveStateChangeEvent, newState: IDLE, previousState: IDLE.
06-25 11:58:37.937  1593  2089 I NgaEntryPointEventSendr: State changed: Disconnected => Connecting
06-25 11:58:37.937  1593  2089 I NgaEntryPointEventSendr: onServiceConnected
06-25 11:58:37.937   518  2263 D CompatibilityChangeReporter: Compat change id reported: 197654537; UID 10192; state: ENABLED
06-25 11:58:37.937  2859  4957 I A       : Calling beginBinderSession().
06-25 11:58:37.938  1399  4902 I NetworkScheduler.Stats: Task com.google.android.gms/com.google.android.gms.ipa.base.IpaGcmTaskService finished executing. cause:9 result: 1 elapsed_millis: 29 uptime_millis: 29 exec_start_elapsed_seconds: 77 [CONTEXT service_id=218 ]
06-25 11:58:37.939  2859  4957 I A       : beginBinderSession(): calling binder
06-25 11:58:37.939  1593  2089 I NgaEntryPointEventSendr: State changed: Connecting => Ready
06-25 11:58:37.941  1593  2089 W A       : Routing took 12 ms
06-25 11:58:37.943   518   896 W ActivityManager: Unable to start service Intent { cmp=com.google.android.apps.tachyon/.clientapi.ClientApiService } U=0: not found
06-25 11:58:37.948  1593  2079 I A       : Successfully initialized all components
06-25 11:58:37.951  2859  2972 W A       : UiCallbackStub-onGenericEvent[ServiceEvent = 241] task was not run. Callback from Service received after client was disposed.
06-25 11:58:37.952  1593  2089 I NgaEntryPointEventSendr: State changed: Ready => Disconnected (onOpaDisconnected)
06-25 11:58:37.953  2859  2972 W A       : UiCallbackStub-onGenericEvent[ServiceEvent = 241] task was not run. Callback from Service received after client was disposed.
