06-25 11:58:39.013   518  2986 W WindowManager: 	at android.view.IWindow$Stub$Proxy.dispatchAppVisibility(IWindow.java:546)
06-25 11:58:39.013   518  2986 W WindowManager: 	at com.android.server.wm.WindowState.sendAppVisibilityToClients(WindowState.java:3271)
06-25 11:58:39.013   518  2986 W WindowManager: 	at com.android.server.wm.WindowContainer.sendAppVisibilityToClients(WindowContainer.java:1221)
06-25 11:58:39.013   518  2986 W WindowManager: 	at com.android.server.wm.WindowToken.setClientVisible(WindowToken.java:409)
06-25 11:58:39.013   518  2986 W WindowManager: 	at com.android.server.wm.ActivityRecord.setClientVisible(ActivityRecord.java:6946)
06-25 11:58:39.013   518  2986 W WindowManager: 	at com.android.server.wm.ActivityRecord.postApplyAnimation(ActivityRecord.java:5637)
06-25 11:58:39.013   518  2986 W WindowManager: 	at com.android.server.wm.ActivityRecord.commitVisibility(ActivityRecord.java:5580)
06-25 11:58:39.013   518  2986 W WindowManager: 	at com.android.server.wm.Transition.finishTransition(Transition.java:1151)
06-25 11:58:39.013   518  2986 W WindowManager: 	at com.android.server.wm.TransitionController.finishTransition(TransitionController.java:868)
06-25 11:58:39.013   518  2986 W WindowManager: 	at com.android.server.wm.WindowOrganizerController.finishTransition(WindowOrganizerController.java:396)
06-25 11:58:39.013   518  2986 W WindowManager: 	at android.window.IWindowOrganizerController$Stub.onTransact(IWindowOrganizerController.java:286)
06-25 11:58:39.013   518  2986 W WindowManager: 	at com.android.server.wm.WindowOrganizerController.onTransact(WindowOrganizerController.java:181)
06-25 11:58:39.013   518  2986 W WindowManager: 	at android.os.Binder.execTransactInternal(Binder.java:1344)
06-25 11:58:39.013   518  2986 W WindowManager: 	at android.os.Binder.execTransact(Binder.java:1275)
06-25 11:58:39.013   518  2986 I Process : Sending signal. PID: 4568 SIG: 9
06-25 11:58:39.014  5557  5557 D CompatibilityChangeReporter: Compat change id reported: 160794467; UID 10132; state: ENABLED
06-25 11:58:39.021  1472  1472 I GoogleInputMethodService: GoogleInputMethodService.updateDeviceLockedStatus():2087 repeatCheckTimes = 0, unlocked = true
06-25 11:58:39.021  1472  1472 I GoogleInputMethodService: GoogleInputMethodService.onStartInput():1877 onStartInput(EditorInfo{inputType=0x0(NULL) imeOptions=0x0 privateImeOptions=null actionName=UNSPECIFIED actionLabel=null actionId=0 initialSelStart=-1 initialSelEnd=-1 initialCapsMode=0x0 hintText=null label=null packageName=com.google.android.apps.nexuslauncher fieldId=0 fieldName=null extras=null}, false)
06-25 11:58:39.021  1472  1472 I GoogleInputMethodService: GoogleInputMethodService.shouldHideHeaderOnInitialState():4008 ShouldHideHeaderOnInitialState = false
06-25 11:58:39.022  1472  1472 I GoogleInputMethodService: GoogleInputMethodService.updateDeviceLockedStatus():2087 repeatCheckTimes = 2, unlocked = true
06-25 11:58:39.025  1472  1472 I DeviceModeUtil: DeviceModeUtil.getDeviceMode():122 Get device mode phone by ui mode:1 and smallestScreenWidthDp:320
06-25 11:58:39.025  1472  1472 I KeyboardModeManager: KeyboardModeManager.setInputView():364 setInputView() : supportsOneHandedMode=true
06-25 11:58:39.026  1472  1472 I NormalModeController: NormalModeController.getKeyboardBodyViewHolderPaddingBottom():116 currentPrimeKeyboardType:SOFT systemPaddingBottom:-1
06-25 11:58:39.026  1472  1472 I KeyboardModeManager: KeyboardModeManager.setInputView():356 setInputView() : entry=hwn{languageTag=en-US, variant=qwerty, hasLocalizedResources=true, conditionCacheKey=_device=phone_device_size=default_enable_adaptive_text_editing=true_enable_inline_suggestions_on_client_side=false_enable_large_tablet_batch_1=false_enable_large_tablet_batch_2=false_enable_more_candidates_view_for_multilingual=false_enable_nav_redesign=false_enable_number_row=false_enable_preemptive_decode=true_enable_secondary_symbols=false_expressions=normal_four_or_more_letter_rows=false_keyboard_mode=normal_language=en-US_orientation=portrait_physical_keyboard=qwerty_show_secondary_digits=true_show_suggestions=true_split_with_duplicate_keys=true_variant=qwerty, imeDef.stringId=ime_english_united_states, imeDef.className=com.google.android.apps.inputmethod.libs.latin5.LatinIme, imeDef.languageTag=en-US}
06-25 11:58:39.030  1472  1472 I StyledKeyboardTheme: StyledKeyboardTheme.<init>():87 Pref: [], themeName: [silk:], darkMode: [false], cacheKey: [overlay_builtin_dynamic_color_light_base.binarypb:dynamic-light-fff1f0f7-ffb2c5ff-734dbefe1e6f4840c010420f35e14fb0]
06-25 11:58:39.030  1472  1472 I DeviceModeUtil: DeviceModeUtil.getDeviceMode():122 Get device mode phone by ui mode:1 and smallestScreenWidthDp:320
06-25 11:58:39.031  1472  1472 I DeviceModeUtil: DeviceModeUtil.getDeviceMode():122 Get device mode phone by ui mode:1 and smallestScreenWidthDp:320
06-25 11:58:39.031  1472  1472 I DeviceModeUtil: DeviceModeUtil.getDeviceMode():122 Get device mode phone by ui mode:1 and smallestScreenWidthDp:320
06-25 11:58:39.031  1472  1472 I DeviceModeUtil: DeviceModeUtil.getDeviceMode():122 Get device mode phone by ui mode:1 and smallestScreenWidthDp:320
06-25 11:58:39.031  1472  1472 I DeviceModeUtil: DeviceModeUtil.getDeviceMode():122 Get device mode phone by ui mode:1 and smallestScreenWidthDp:320
06-25 11:58:39.031  1472  1472 I GoogleInputMethodService: GoogleInputMethodService.initializeKeyboardTheme():1343 Apply keyboard theme: theme_border_stylesheet_noshadow_gsans_pillkey_silkpopup_refinedkp_materiallight_phone_300_overlay_builtin_dynamic_color_light_base.binarypb:dynamic-light-fff1f0f7-ffb2c5ff-734dbefe1e6f4840c010420f35e14fb0_port
06-25 11:58:39.032   518   543 W ActivityManager: setHasOverlayUi called on unknown pid: 4568
06-25 11:58:39.032  1472  1472 I GoogleInputMethodService: GoogleInputMethodService.onCreateInputView():1768 onCreateInputView()
06-25 11:58:39.040  1472  1472 I DeviceModeUtil: DeviceModeUtil.getDeviceMode():122 Get device mode phone by ui mode:1 and smallestScreenWidthDp:320
06-25 11:58:39.041   831   901 D EGL_emulation: app_time_stats: avg=2345.48ms min=2345.48ms max=2345.48ms count=1
06-25 11:58:39.041  1099  1099 D SearchTargetUtil:  query= size=15
06-25 11:58:39.041  1099  1099 D SearchTargetUtil: layoutType=short_icon_row resultType=131072 packageName=com.google.android.googlequicksearchbox extras=Bundle{suggestion_type=33,suggest_truncate_start=false,is_answer=false,is_entity=false,is_personal=false,suggest_raw_text=chiba zoo monkey laser pointer,group_id=web29298,response_id=e6fcc253-a2cc-495d-8eea-5809b2bf2aad,support_query_builder=false,} searchAction=chiba zoo monkey laser pointer searchActionExtras=Bundle{learn_more_url=https://support.google.com/websearch/answer/106230?hl=106230,suggestion_action_text=Report this,should_start_for_result=true,allow_pinning=true,skip_logging_in_target_handler=false,suggestion_action_rpc=2,}ParentID: null targetID: 2e88f698-8962-4ce2-9d2a-85d00e3e699e
06-25 11:58:39.041  1472  1472 I KeyboardViewUtil: KeyboardViewUtil.getKeyboardHeightRatio():189 systemKeyboardHeightRatio:1.000000; userKeyboardHeightRatio:1.000000.
06-25 11:58:39.042  1099  1099 D SearchTargetUtil: layoutType=extra_tall_icon_row resultType=131072 packageName=com.google.android.googlequicksearchbox extras=Bundle{bitmap_url=data:image/jpeg;base64,/9j/4AAQSkZJRgABAQAAAQABAAD/2wCEAAkGBwgHBgkIBwgKCgkLDRYPDQwMDRsUFRAWIB0iIiAdHx8kKDQsJCYxJx8fLT0tMTU3Ojo6Iys/RD84QzQ5OjcBCgoKDQwNGg8PGjclHyU3Nzc3Nzc3Nzc3Nzc3Nzc3Nzc3Nzc3Nzc3Nzc3Nzc3Nzc3Nzc3Nzc3Nzc3Nzc3Nzc3N//AABEIACAAMAMBEQACEQEDEQH/xAAaAAACAwEBAAAAAAAAAAAAAAAEBQIDBgcA/8QALRAAAgIABAUCBAcAAAAAAAAAAQIDEQAEEiEFEzFBUSKxMmFxkRQjQkOBoeH/xAAaAQABBQEAAAAAAAAAAAAAAAAFAAECAwQG/8QALREAAQQABAQFAwUAAAAAAAAAAQACAxEEEiExQVFhcQUTFIGRIjKxQqHh8PH/2gAMAwEAAhEDEQA/AO3ySLGhdzQHXEJJGxtLnbBJBz8VykUdnMRLIR6UdwpP+Yo9U10WePXkOqawlGa46mWL8zOxao1t1VwTd1QHm8DI/XyODgSL/wB2/hQdIApDjSyMeXm0IQbnUuxuvV432+uE93iDH0bJHb8dks4Kf5eUTwpItUw7YMxPL2BxFKwG1ZixJUZxdUDLfUEf1ijEszwuaOSYrEcX4fPJI75H970SktQsVpc7i6A0kDcgjrWAcD4XhvnV9GxrXKbtux4mxyN7WotcWZgNj+VBOC5vrJJGg16wCWbVY9Xqob9a2N/KziZkhzZ5C4uIomgNAeFknlsdORFASD6FNFBQk4FnlTRDPl5oY1tA4MZU2DRrUL2u+xrbDtkwzy54zNLvu/UK4ctOB5hLO6gCAQNun9/ZOeCvLksry0VcsrSamB07se1ixdAfbriWH9Y8eXA7NlGp67ncfHQJ7L3ktFBaTJytNAjuKJF4LYZ7pImufumBtZjj+T08UYaFcZuJgpkkYBHA+IAXvWC0M7WQlzjQbqdOCBeIYe8QABecGrJ0I496Uy2agUeqQyR6NGpBy5NhqZj2N3jkZ5DJK+WIbmxoMtdTwXVYWOBmGYJSDpqTvaqjzU8eangDllj5pjLjUZX/AErZ8A2B/GOrxcEUuG8wMDiQPbqnayN+UnjXwh0OeaBx+IacF4yjSxchxJvYFUCPbHJ4pjmRWzckVpRtR8WjiDG+W0NdewNgjge6NiaUNFqikMInZ/ziJSqqtjU29bk/PBbwv6IZpHHtZ1rrW6xYWg1xdp7q3gr5yPivMzS8uOeI6gPh131+I/fbGfCmQyZzsR7X8lFcS/DugqM2QfevgJ/mcqmYKsxIK9CAD7jBEgOBadihZAOpQkmQZCXUh9uwpvevbGGTw6B40FFKkIMuTIa10d2CQspJ8nYeO5xWYMdQb5mg0HZLU7lebKhmqVGG4IHJa9unY+TveKRgMQHfcD1KiWNO4RMfDmYlyEF9pQWP2BAGNMfhsLBrZKlQR0MCxgaqdh3IG308Y3NaGimjROv/2Q==,suggestion_type=33,suggest_truncate_start=false,is_answer=false,is_entity=true,is_personal=false,suggest_raw_text=pokémon pokopia,group_id=web29298,response_id=e6fcc253-a2cc-495d-8eea-5809b2bf2aad,support_query_builder=false,} searchAction=Pokémon Pokopia searchActionExtras=Bundle{learn_more_url=https://support.google.com/websearch/answer/106230?hl=106230,suggestion_action_text=Report this,should_start_for_result=true,allow_pinning=true,skip_logging_in_target_handler=false,suggestion_action_rpc=2,}ParentID: null targetID: c152d00d-8612-4a12-918c-1854d0f42f21
06-25 11:58:39.042  1099  1099 D SearchTargetUtil: layoutType=short_icon_row resultType=131072 packageName=com.google.android.googlequicksearchbox extras=Bundle{suggestion_type=33,suggest_truncate_start=false,is_answer=false,is_entity=false,is_personal=false,suggest_raw_text=air canada flight diverted boston,group_id=web29298,response_id=e6fcc253-a2cc-495d-8eea-5809b2bf2aad,support_query_builder=false,} searchAction=air canada flight diverted boston searchActionExtras=Bundle{learn_more_url=https://support.google.com/websearch/answer/106230?hl=106230,suggestion_action_text=Report this,should_start_for_result=true,allow_pinning=true,skip_logging_in_target_handler=false,suggestion_action_rpc=2,}ParentID: null targetID: e4759887-5684-4af8-8f62-35e1ae5a5fea
06-25 11:58:39.042  1099  1099 D SearchTargetUtil: layoutType=short_icon_row resultType=131072 packageName=com.google.android.googlequicksearchbox extras=Bundle{suggestion_type=33,suggest_truncate_start=false,is_answer=false,is_entity=false,is_personal=false,suggest_raw_text=today wordle hints,group_id=web29298,response_id=e6fcc253-a2cc-495d-8eea-5809b2bf2aad,support_query_builder=false,} searchAction=today wordle hints searchActionExtras=Bundle{learn_more_url=https://support.google.com/websearch/answer/106230?hl=106230,suggestion_action_text=Report this,should_start_for_result=true,allow_pinning=true,skip_logging_in_target_handler=false,suggestion_action_rpc=2,}ParentID: null targetID: dc517f3d-6373-453c-8e6f-f90c994cf07b
06-25 11:58:39.042  1099  1099 D SearchTargetUtil: layoutType=short_icon_row resultType=131072 packageName=com.google.android.googlequicksearchbox extras=Bundle{suggestion_type=33,suggest_truncate_start=false,is_answer=false,is_entity=false,is_personal=false,suggest_raw_text=euclid telescope milky way image,group_id=web29298,response_id=e6fcc253-a2cc-495d-8eea-5809b2bf2aad,support_query_builder=false,} searchAction=euclid telescope milky way image searchActionExtras=Bundle{learn_more_url=https://support.google.com/websearch/answer/106230?hl=106230,suggestion_action_text=Report this,should_start_for_result=true,allow_pinning=true,skip_logging_in_target_handler=false,suggestion_action_rpc=2,}ParentID: null targetID: 75f828ba-f0c0-4928-af17-312d8c495ca8
06-25 11:58:39.042  1099  1099 D SearchTargetUtil: layoutType=short_icon_row resultType=131072 packageName=com.google.android.googlequicksearchbox extras=Bundle{suggestion_type=33,suggest_truncate_start=false,is_answer=false,is_entity=false,is_personal=false,suggest_raw_text=brendan sorsby nfl supplemental draft,group_id=web29298,response_id=e6fcc253-a2cc-495d-8eea-5809b2bf2aad,support_query_builder=false,} searchAction=brendan sorsby nfl supplemental draft searchActionExtras=Bundle{learn_more_url=https://support.google.com/websearch/answer/106230?hl=106230,suggestion_action_text=Report this,should_start_for_result=true,allow_pinning=true,skip_logging_in_target_handler=false,suggestion_action_rpc=2,}ParentID: null targetID: 8119a4bd-c398-4264-9ee3-87fbcefc23df
06-25 11:58:39.042  1099  1099 D SearchTargetUtil: layoutType=short_icon_row resultType=131072 packageName=com.google.android.googlequicksearchbox extras=Bundle{suggestion_type=33,suggest_truncate_start=false,is_answer=false,is_entity=false,is_personal=false,suggest_raw_text=gta vi pre orders,group_id=web29298,response_id=e6fcc253-a2cc-495d-8eea-5809b2bf2aad,support_query_builder=false,} searchAction=gta vi pre orders searchActionExtras=Bundle{learn_more_url=https://support.google.com/websearch/answer/106230?hl=106230,suggestion_action_text=Report this,should_start_for_result=true,allow_pinning=true,skip_logging_in_target_handler=false,suggestion_action_rpc=2,}ParentID: null targetID: ae8a8ce0-3d24-4781-ba18-ab9199e0e6b2
06-25 11:58:39.043  1099  1099 D SearchTargetUtil: layoutType=extra_tall_icon_row resultType=131072 packageName=com.google.android.googlequicksearchbox extras=Bundle{bitmap_url=data:image/jpeg;base64,/9j/4AAQSkZJRgABAQAAAQABAAD/2wCEAAkGBwgHBgkIBwgKCgkLDRYPDQwMDRsUFRAWIB0iIiAdHx8kKDQsJCYxJx8fLT0tMTU3Ojo6Iys/RD84QzQ5OjcBCgoKDQwNGg8PGjclHyU3Nzc3Nzc3Nzc3Nzc3Nzc3Nzc3Nzc3Nzc3Nzc3Nzc3Nzc3Nzc3Nzc3Nzc3Nzc3Nzc3N//AABEIADAAMAMBIgACEQEDEQH/xAAbAAACAgMBAAAAAAAAAAAAAAADBQEEAAIGB//EAC8QAAIBAwMCBAUDBQAAAAAAAAECEQADBBIhMQVBE1FhkXGBobHhMlLwFBUjJEL/xAAYAQEBAAMAAAAAAAAAAAAAAAAAAwECBP/EABwRAAIDAAMBAAAAAAAAAAAAAAABAhESIUFxE//aAAwDAQACEQMRAD8A8SAld6jTtTS7iQVCLM8xxWHAZZ1CPSjkkSc0Kd6mmDYjGRER3rU4rL/ztWNofRFGPKpAMxVwY7k7CBWDEb9QNNIbR6CcTGxbBu5JVF7Ej8VrnYXho0YjljGlWAJK/uEcinOV0q7nXbNvVcW1pIYoAeedid9hQepE9Kwh/TYmTcbXLX7zaSD6AE7bVxJX6XSj2IrHTCbavkWlWRsbZj3DEH6UO5022CTodVALNrttx7U+6Da6Zl4lx3bIYEgXLTlrqzz+kgj60W5/aT1VunEtax7gHhX7euyCxG6svb7UalYzA5HF6cmWhe0unSxG/PxoqdFaSSQY47V0Wb0fGw2/1M21bVI3RA4+DEc/ehvkpa0hmtnbkap9iB962t9E3BHZmzLf4oiJO/FRdxPEtsoIKvtoYTI71ZS2TpVg8DYAEgL8D2mt/CHil7aRq23bf3qPBamLsTp9rHVrWLZ0ASdKtJ57jv8Aisv4llBbe4mqN5Kwfl5CmBwrulhoGljI0gE+u538qGcYm4SCdju3MegisCipqW7KjaIIVl8vWq2VhY9wBmx1cxy3baeaumyArxalo7mY8/4RQLi3WZigQaBsJEEegj501QcT/9k=,suggestion_type=33,suggest_truncate_start=false,is_answer=false,is_entity=true,is_personal=false,suggest_raw_text=ghost sharks,group_id=web29298,response_id=e6fcc253-a2cc-495d-8eea-5809b2bf2aad,support_query_builder=false,} searchAction=Ghost shark searchActionExtras=Bundle{learn_more_url=https://support.google.com/websearch/answer/106230?hl=106230,suggestion_action_text=Report this,should_start_for_result=true,allow_pinning=true,skip_logging_in_target_handler=false,suggestion_action_rpc=2,}ParentID: null targetID: 072a7de4-a7e2-4b6c-a244-270a4e9f360f
06-25 11:58:39.044  1099  1099 D SearchTargetUtil: layoutType=short_icon_row resultType=131072 packageName=com.google.android.googlequicksearchbox extras=Bundle{suggestion_type=33,suggest_truncate_start=false,is_answer=false,is_entity=false,is_personal=false,suggest_raw_text=moon and stars watermelon release,group_id=web29298,response_id=e6fcc253-a2cc-495d-8eea-5809b2bf2aad,support_query_builder=false,} searchAction=moon and stars watermelon release searchActionExtras=Bundle{learn_more_url=https://support.google.com/websearch/answer/106230?hl=106230,suggestion_action_text=Report this,should_start_for_result=true,allow_pinning=true,skip_logging_in_target_handler=false,suggestion_action_rpc=2,}ParentID: null targetID: 351a0b04-d070-41d7-855d-241b389898bf
06-25 11:58:39.044  1099  1099 D SearchTargetUtil: layoutType=short_icon_row resultType=131072 packageName=com.google.android.googlequicksearchbox extras=Bundle{suggestion_type=33,suggest_truncate_start=false,is_answer=false,is_entity=false,is_personal=false,suggest_raw_text=toyota tacoma,group_id=web29298,response_id=e6fcc253-a2cc-495d-8eea-5809b2bf2aad,support_query_builder=false,} searchAction=toyota tacoma searchActionExtras=Bundle{learn_more_url=https://support.google.com/websearch/answer/106230?hl=106230,suggestion_action_text=Report this,should_start_for_result=true,allow_pinning=true,skip_logging_in_target_handler=false,suggestion_action_rpc=2,}ParentID: null targetID: 3b821b62-00a0-4979-a021-12fc38363e81
06-25 11:58:39.044  1099  1099 D SearchTargetUtil: layoutType=short_icon_row resultType=131072 packageName=com.google.android.googlequicksearchbox extras=Bundle{suggestion_type=33,suggest_truncate_start=false,is_answer=false,is_entity=false,is_personal=false,suggest_raw_text=steam machine gaming console,group_id=web29298,response_id=e6fcc253-a2cc-495d-8eea-5809b2bf2aad,support_query_builder=false,} searchAction=steam machine gaming console searchActionExtras=Bundle{learn_more_url=https://support.google.com/websearch/answer/106230?hl=106230,suggestion_action_text=Report this,should_start_for_result=true,allow_pinning=true,skip_logging_in_target_handler=false,suggestion_action_rpc=2,}ParentID: null targetID: 8783209e-387a-460e-8e7b-13fe66c72cc8
06-25 11:58:39.044  1099  1099 D SearchTargetUtil: layoutType=short_icon_row resultType=131072 packageName=com.google.android.googlequicksearchbox extras=Bundle{suggestion_type=33,suggest_truncate_start=false,is_answer=false,is_entity=false,is_personal=false,suggest_raw_text=strawberry moon,group_id=web29298,response_id=e6fcc253-a2cc-495d-8eea-5809b2bf2aad,support_query_builder=false,} searchAction=strawberry moon searchActionExtras=Bundle{learn_more_url=https://support.google.com/websearch/answer/106230?hl=106230,suggestion_action_text=Report this,should_start_for_result=true,allow_pinning=true,skip_logging_in_target_handler=false,suggestion_action_rpc=2,}ParentID: null targetID: 65ccdc93-182d-4076-8a76-7e32f2c88fde
06-25 11:58:39.044  1099  1099 D SearchTargetUtil: layoutType=short_icon_row resultType=131072 packageName=com.google.android.googlequicksearchbox extras=Bundle{suggestion_type=33,suggest_truncate_start=false,is_answer=false,is_entity=false,is_personal=false,suggest_raw_text=dairy queen blizzards,group_id=web29298,response_id=e6fcc253-a2cc-495d-8eea-5809b2bf2aad,support_query_builder=false,} searchAction=dairy queen blizzards searchActionExtras=Bundle{learn_more_url=https://support.google.com/websearch/answer/106230?hl=106230,suggestion_action_text=Report this,should_start_for_result=true,allow_pinning=true,skip_logging_in_target_handler=false,suggestion_action_rpc=2,}ParentID: null targetID: d36e4e9f-ce9b-4508-8d4c-d05828a5c390
06-25 11:58:39.044  1099  1099 D SearchTargetUtil: layoutType=extra_tall_icon_row resultType=131072 packageName=com.google.android.googlequicksearchbox extras=Bundle{bitmap_url=data:image/jpeg;base64,/9j/4AAQSkZJRgABAQAAAQABAAD/2wCEAAkGBwgHBgkIBwgKCgkLDRYPDQwMDRsUFRAWIB0iIiAdHx8kKDQsJCYxJx8fLT0tMTU3Ojo6Iys/RD84QzQ5OjcBCgoKDQwNGg8PGjclHyU3Nzc3Nzc3Nzc3Nzc3Nzc3Nzc3Nzc3Nzc3Nzc3Nzc3Nzc3Nzc3Nzc3Nzc3Nzc3Nzc3N//AABEIADAAIAMBEQACEQEDEQH/xAAZAAADAQEBAAAAAAAAAAAAAAAEBQYDAgf/xAAuEAABAwMCBQIFBQEAAAAAAAABAgMRBAUSACEGEyIxQVFhMkJxgZEVJGOxwRT/xAAaAQACAwEBAAAAAAAAAAAAAAADBAABBQIG/8QALREAAQQBAQYFAwUAAAAAAAAAAQACAxEEIQUSMUFhcRNRgdHwIpGhMkKxwfH/2gAMAwEAAhEDEQA/APTWkctso+KfKtyPvoqz2ihS6CB6alq91T3FtfU29dEaZRSkqUtUfPEdJ9tzpDOnfFulvzot3YuDFleKJBrQA6XevpSztN1dreJKlsOFVKUqCEeBiQAR9d/zqochz8lzf2+yvM2fHDs2KSvrJ19QTXpoqBNW2HQhwFOQJTsTMesDbSuPtzEmc8XuhvM8+yzn4UjQOZK6Na1zeW2CogBStiNj6SN9TJ25iQ7hB3g48Ry78+auPDkdfKlL8dPV6qqzIpGC5QPuK5ropVPFCik4bAgjI7Sdh3M6bniZlRg7x3eOn8pnCkdj7zmD6uHp/qFsorG+O6ihZYV+nNNZqe/5ijFWfSjMmFymFSIjt4OuMbEbGd9pPb55I+VkvljIeOHA/PMJpfrZcDf7aqgqAuiA/cMKeUyZBBCxiIUBChgdj521cmFhg+J4YDu3zXqksd0pNWSFlYrbdk8V1ztc8gW3A8il56nclFUlw5DoEbYAwJ22E6keFhPJeYwXHormfK01eidcSpcaoBUU7imnEKCQtCcilJBmE+fG3mNHnjc9oDPMfa9V3gUXuBF6FCcJLrXg6q4ureWlIwW4hKVQSflTsn6d/XVxxlrnXw5fb3RMxtQsJFFEcU07dTbg2tlt2T8C1lAXG8EjcachBN1xWLO8M3S46WseDKYUtA410nEpxKUwIMnYeNEyWBu6Ah4krpC8lMr2nKgj+RP+6VW3s41KeyFsA63jjEgf2dRMbS/Q3v8A0kvFF8XT3EUzdShppjlByRtmvIjMyISQExOxJIg+LBpAwoYXMJlrXQX8/KCpuMG6YLQ3cLe4s5KIW4MoT2k5epHjz7au75pobPxbsO/IWlVxilbaEv1FuDLieY24pyAoAE5DqmO/2999VSJHiwxOtruPUcE14UuTlwqHlMpaLDcodWidliNu/v8AjfyNRL5/h+GKdZvp7Iy+JcqKAsMvlhbpCA5jlj5+GRI2giRsTuNGjbdrzz5dwtvt9wpmk4VfqVlX6pTYNrBIVbjkerLvzvbzoz5Hsq6XMRikur07Kgorc3ZOHKW306ypNPikrAIzMGTBJP2kwIGkWtLRRNrawn+LMb8kRalOZPZqKu0En666CNtLdEbaHNf/2Q==,suggestion_type=33,suggest_truncate_start=false,is_answer=false,is_entity=true,is_personal=false,suggest_raw_text=the powerpuff girls,group_id=web29298,response_id=e6fcc253-a2cc-495d-8eea-5809b2bf2aad,support_query_builder=false,} searchAction=The Powerpuff Girls searchActionExtras=Bundle{learn_more_url=https://support.google.com/websearch/answer/106230?hl=106230,suggestion_action_text=Report this,should_start_for_result=true,allow_pinning=true,skip_logging_in_target_handler=false,suggestion_action_rpc=2,}ParentID: null targetID: a6a1f1ee-e74c-4417-8757-399f6ae2ee31
06-25 11:58:39.044  1099  1099 D SearchTargetUtil: layoutType=extra_tall_icon_row resultType=131072 packageName=com.google.android.googlequicksearchbox extras=Bundle{bitmap_url=data:image/png;base64,iVBORw0KGgoAAAANSUhEUgAAADAAAAAwCAMAAABg3Am1AAAApVBMVEX///8OM4bMNDMALoQAJoEAKYIAEnzKIiEAGH0AHn8AGn4ALIMAD3vHAADJHhzIEQ8AI4DLLi3wz8/5+vzy9PjTWlnO0+LLKinJGBbVYWDCyNvn6vGpr8qUnsDqurrQTEvaeXk+VJaCjrbX2ubcgYG4vtQhP4x3hLBse6szTJJIXJrmqKj88/Ptw8MqRY/jnJz13d1gcKVSZZ/fjY3OQD/Wamn46Oj3E/WzAAADaUlEQVRIia1W16KqQAwMuFSRprKIgoi9IPb//7SbLQh6POXh5gVWZjaTbDYR4H9Yfx4lSTTv/w28XK9007Is29SP6+Q30nxjWlpHkdbRLGs9/gE+vjia8maacx58h0+d7jucU/TJZ/E7q5FCfJ800uzLJzmKVNO19O06nUzS9Vb3JUdbfZE1JuJbR98tn5kZLGem+LmrvDH6ivhgzea4OoTZfp+F7EO0FUK7x1fCTujh4WVDzzXQXG+U8VTwT+T8kh++TYfg9hk1AlVa4KolOrG4d7OVq7Ej8HhGo1htWxDneJq2cN+EceH51+dwuFH1zegUffANtU2Nn/O1jS5vUg01XNegDSP1GcKpq2TDIu7OUA+V8EUWhlnuimUP4ziyMEghU2pKQZnQ71V1rq8eW7JUJRxDxO9LlqLuDkDoMU5NNsJY9Ur+xl3YUaPIWkLm8v1beICyJ/Aw8RtNK0bW+zBkHowKXqymj3WW+BlXKl8PHhcE4e12qqYqqFO0Ck5DfNwPYlufJ5XFo60hZIroAnXHp6vRgx46DHqH3FCHbq+CMzsrnSU2YjGTFDKDOciQ6J6u1AOPXh9u/LjTO7BCLFikNivNhBH8CewZwQ0bghoYwQ3uBnUD9QEp+YlQCQJFwinP7wGmoiFE9rsko1xwSdUJJVWLCgwkcEkmI4zfgn70gtigAQs6oL3D3TWmNN7LoAfPtG4BZFqhGqGFMGWPPYTD4Wi0OIDS1AY/deSO2MHRt4M7vBzcjr+vmTr/WRphG7/3HuKFFzhGCnWa2KmrvPrcFiPzAlmLq1bx9fkN1CMoZXlfpY5HHrNLyjZIOKYj9+GaWNi5vEDxfZ9l1SiWFwgZvAtJRXUPsHA5ldcywC5D6+s6BCjEFX12gTPvSk7UMBozEL/UldYNRRuIXmXhOeZe0IYH3hVrQRefW8NlImKy0Ed5i59eaDxF/YnA68t2vi+iVTosrDKPY+yVbuzmLEGFwPsbeLGVmCXWMWGrU5llJT+yRPFFw9++4mGgCEbHPE6eU22crmzR1bXjl+k4WBExPDq+vjoXaVqcledA8WefpulF9FzG6WqEaM3A0zcf4CxX5pcZyvNvLT/jUdbGIV/gTvHTcB8XxCbNYCd2N/12StcWFTNfN23850B2afQbutY2R/t167/ZP+VsSISOLOe/AAAAAElFTkSuQmCC,suggestion_type=33,suggest_truncate_start=false,is_answer=false,is_entity=true,is_personal=false,suggest_raw_text=chicago cubs baseball,group_id=web29298,response_id=e6fcc253-a2cc-495d-8eea-5809b2bf2aad,support_query_builder=false,} searchAction=Chicago Cubs searchActionExtras=Bundle{learn_more_url=https://support.google.com/websearch/answer/106230?hl=106230,suggestion_action_text=Report this,should_start_for_result=true,allow_pinning=true,skip_logging_in_target_handler=false,suggestion_action_rpc=2,}ParentID: null targetID: 3f24c9f2-3e94-43b3-9248-0c084b7a293c
06-25 11:58:39.047  1472  1472 I DeviceModeUtil: DeviceModeUtil.getDeviceMode():122 Get device mode phone by ui mode:1 and smallestScreenWidthDp:320
06-25 11:58:39.048   831   865 V WindowManagerShell: Track 0 became idle
06-25 11:58:39.048  1472  1472 I KeyboardModeManager: KeyboardModeManager.setInputView():364 setInputView() : supportsOneHandedMode=true
06-25 11:58:39.049  1472  1472 I AndroidIME: KeyboardViewManager.updateKeyboardBackgroundFrameVisibility():357 Set background frame visibility. old:8, new:8
06-25 11:58:39.049  1472  1472 I NormalModeController: NormalModeController.getKeyboardBodyViewHolderPaddingBottom():116 currentPrimeKeyboardType:SOFT systemPaddingBottom:-1
06-25 11:58:39.049  1472  1472 I NormalModeController: NormalModeController.getKeyboardBodyViewHolderPaddingBottom():116 currentPrimeKeyboardType:SOFT systemPaddingBottom:-1
06-25 11:58:39.050   401   401 E BpTransactionCompletedListener: Failed to transact (-32)
06-25 11:58:39.055  1472  1472 I KeyboardModeManager: KeyboardModeManager.setInputView():356 setInputView() : entry=hwn{languageTag=en-US, variant=qwerty, hasLocalizedResources=true, conditionCacheKey=_device=phone_device_size=default_enable_adaptive_text_editing=true_enable_inline_suggestions_on_client_side=false_enable_large_tablet_batch_1=false_enable_large_tablet_batch_2=false_enable_more_candidates_view_for_multilingual=false_enable_nav_redesign=false_enable_number_row=false_enable_preemptive_decode=true_enable_secondary_symbols=false_expressions=normal_four_or_more_letter_rows=false_keyboard_mode=normal_language=en-US_orientation=portrait_physical_keyboard=qwerty_show_secondary_digits=true_show_suggestions=true_split_with_duplicate_keys=true_variant=qwerty, imeDef.stringId=ime_english_united_states, imeDef.className=com.google.android.apps.inputmethod.libs.latin5.LatinIme, imeDef.languageTag=en-US}
06-25 11:58:39.058   831   865 V WindowManagerShell: All active transition animations finished
06-25 11:58:39.058   831   865 W Looper  : Slow dispatch took 46ms wmshell.main h=android.os.Handler c=com.android.wm.shell.transition.DefaultTransitionHandler$$ExternalSyntheticLambda0@dc64cdc m=0
06-25 11:58:39.058   831   865 W Looper  : Slow delivery took 47ms wmshell.main h=android.os.Handler c=com.android.wm.shell.common.DisplayInsetsController$PerDisplay$DisplayWindowInsetsControllerImpl$$ExternalSyntheticLambda1@701f1e5 m=0
06-25 11:58:39.059   831   865 W Looper  : Drained
06-25 11:58:39.062  5470  5535 I AlarmManager: setExactAndAllowWhileIdle [name: GCM_HB_ALARM type: 2 triggerAtMillis: 638375]
06-25 11:58:39.065  5557  5557 W ProviderHelper: Unknown dynamite feature providerinstaller.dynamite
06-25 11:58:39.065  5557  5557 I DynamiteModule: Considering local module com.google.android.gms.providerinstaller.dynamite:1 and remote module com.google.android.gms.providerinstaller.dynamite:0
06-25 11:58:39.065  5557  5557 I DynamiteModule: Selected local version of com.google.android.gms.providerinstaller.dynamite
06-25 11:58:39.068  5557  5557 V NativeCrypto: Registering com/google/android/gms/org/conscrypt/NativeCrypto's 295 native methods...
06-25 11:58:39.075  5557  5557 I ProviderInstaller: Installed default security provider GmsCore_OpenSSL
06-25 11:58:39.078  5470  5537 W ctxmgr  : [FencePendingIntentCache]persistState called before cache is initialized. [CONTEXT service_id=47 ]
06-25 11:58:39.087  5557  5557 D CompatibilityChangeReporter: Compat change id reported: 183155436; UID 10132; state: ENABLED
06-25 11:58:39.087  5557  5557 I GmsApplication: [gms_startup_benchmark] Static start time (ms): 78299, Startup latency (ms): 102, Is system user: true
06-25 11:58:39.087  5557  5557 I cuir    : Primes not initialized, returning default (no-op) Primes instance which will ignore all calls. Please call Primes.initialize(...) before using any Primes API.
06-25 11:58:39.087   518   934 I ActivityManager: Flag disabled. Ignoring finishAttachApplication from uid: 10132. pid: 5557
06-25 11:58:39.090  5557  5613 I Watchcat: Started
06-25 11:58:39.091  5557  5613 I GMS_MM_Logger: Start time: 83179
06-25 11:58:39.091  5557  5613 I GMS_MM_Logger: Started.
06-25 11:58:39.095  5470  5535 I AlarmManager: setExactAndAllowWhileIdle [name: GCM_HB_ALARM type: 2 triggerAtMillis: 638408]
06-25 11:58:39.095  5557  5557 I NearbySharing: SharingTileService created. [CONTEXT service_id=194 ]
06-25 11:58:39.098  5557  5616 I NearbySharing: Create pesudo logger. [CONTEXT service_id=194 ]
06-25 11:58:39.106  5557  5557 D BoundBrokerSvc: onBind: Intent { act=com.google.android.gms.wallet.service.BIND pkg=com.google.android.gms }
06-25 11:58:39.106  5557  5557 D BoundBrokerSvc: Loading bound service for intent: Intent { act=com.google.android.gms.wallet.service.BIND pkg=com.google.android.gms }
06-25 11:58:39.110  5557  5587 I DynamiteModule: Considering local module com.google.android.gms.googlecertificates:7 and remote module com.google.android.gms.googlecertificates:7
06-25 11:58:39.110  5557  5587 I DynamiteModule: Selected local version of com.google.android.gms.googlecertificates
06-25 11:58:39.122  5470  5537 D CompatibilityChangeReporter: Compat change id reported: 247079863; UID 10132; state: DISABLED
06-25 11:58:39.150  5470  5632 I NamespaceManager: Package com.android.refreshratecontrol name not found! Using module version.
06-25 11:58:39.151  5470  5632 I NamespaceManager: Package com.google.oslo name not found! Using module version.
06-25 11:58:39.151  5470  5632 I NamespaceManager: Package com.android.media name not found! Using module version.
06-25 11:58:39.152  5470  5632 I NamespaceManager: Package com.android.media.swcodec name not found! Using module version.
06-25 11:58:39.152  5470  5632 I NamespaceManager: Package com.android.neuralnetworks name not found! Using module version.
06-25 11:58:39.152  5470  5632 I NamespaceManager: Package com.android.media name not found! Using module version.
06-25 11:58:39.152  5470  5632 I NamespaceManager: Package 1 name not found! Using module version.
06-25 11:58:39.153  5470  5632 I NamespaceManager: Package rkpd name not found! Using module version.
06-25 11:58:39.153  5470  5632 I NamespaceManager: Package android.companion name not found! Using module version.
06-25 11:58:39.153  5470  5632 I NamespaceManager: Package com.google.android.aicore name not found! Using module version.
06-25 11:58:39.153  5470  5632 I NamespaceManager: Package com.google.android.audioproxy name not found! Using module version.
06-25 11:58:39.153  5470  5632 I NamespaceManager: Package com.google.android.apps.pixel.psi name not found! Using module version.
06-25 11:58:39.154  5470  5632 I NamespaceManager: Package com.google.android.apps.safetycore name not found! Using module version.
06-25 11:58:39.154  5470  5632 I NamespaceManager: Package com.google.android.crashrecovery name not found! Using module version.
06-25 11:58:39.154  5470  5632 I NamespaceManager: Package com.google.android.profiling name not found! Using module version.
06-25 11:58:39.154  5470  5632 I NamespaceManager: Package com.google.android.bt name not found! Using module version.
06-25 11:58:39.154  5470  5632 I NamespaceManager: Package com.google.android.nfcservices name not found! Using module version.
06-25 11:58:39.155  5470  5632 I NamespaceManager: Package com.google.android.webapp name not found! Using module version.
06-25 11:58:39.155  5470  5632 I NamespaceManager: Package com.google.android.telephonycore name not found! Using module version.
06-25 11:58:39.155  5470  5632 I NamespaceManager: Package com.google.android.uprobestats name not found! Using module version.
06-25 11:58:39.162  5557  5557 D BoundBrokerSvc: onBind: Intent { act=com.google.android.gms.languageprofile.service.START pkg=com.google.android.gms }
06-25 11:58:39.162  5557  5557 D BoundBrokerSvc: Loading bound service for intent: Intent { act=com.google.android.gms.languageprofile.service.START pkg=com.google.android.gms }
06-25 11:58:39.165  5470  5636 I NamespaceManager: Package com.android.refreshratecontrol name not found! Using module version.
06-25 11:58:39.165  5470  5636 I NamespaceManager: Package com.google.oslo name not found! Using module version.
06-25 11:58:39.166  5470  5636 I NamespaceManager: Package com.android.media name not found! Using module version.
06-25 11:58:39.166  5470  5636 I NamespaceManager: Package com.android.media.swcodec name not found! Using module version.
06-25 11:58:39.166  5470  5636 I NamespaceManager: Package com.android.neuralnetworks name not found! Using module version.
06-25 11:58:39.166  5470  5636 I NamespaceManager: Package com.android.media name not found! Using module version.
06-25 11:58:39.166  5470  5636 I NamespaceManager: Package 1 name not found! Using module version.
06-25 11:58:39.167  5470  5636 I NamespaceManager: Package rkpd name not found! Using module version.
06-25 11:58:39.167  5470  5636 I NamespaceManager: Package android.companion name not found! Using module version.
06-25 11:58:39.167  5470  5636 I NamespaceManager: Package com.google.android.aicore name not found! Using module version.
06-25 11:58:39.167  5470  5636 I NamespaceManager: Package com.google.android.audioproxy name not found! Using module version.
06-25 11:58:39.167  5470  5636 I NamespaceManager: Package com.google.android.apps.pixel.psi name not found! Using module version.
06-25 11:58:39.167  5470  5636 I NamespaceManager: Package com.google.android.apps.safetycore name not found! Using module version.
06-25 11:58:39.167  5470  5636 I NamespaceManager: Package com.google.android.crashrecovery name not found! Using module version.
06-25 11:58:39.168  5470  5636 I NamespaceManager: Package com.google.android.profiling name not found! Using module version.
06-25 11:58:39.168  5470  5636 I NamespaceManager: Package com.google.android.bt name not found! Using module version.
06-25 11:58:39.168  5470  5636 I NamespaceManager: Package com.google.android.nfcservices name not found! Using module version.
06-25 11:58:39.168  5470  5636 I NamespaceManager: Package com.google.android.webapp name not found! Using module version.
06-25 11:58:39.168  5470  5636 I NamespaceManager: Package com.google.android.telephonycore name not found! Using module version.
06-25 11:58:39.168  5470  5636 I NamespaceManager: Package com.google.android.uprobestats name not found! Using module version.
06-25 11:58:39.176  5557  5648 I Icing   : Storage manager: low false usage 1.57MB avail 4.78GB capacity 5.80GB
06-25 11:58:39.176  5557  5557 D BoundBrokerSvc: onBind: Intent { act=com.google.android.mobstore.service.START pkg=com.google.android.gms }
06-25 11:58:39.176  5557  5557 D BoundBrokerSvc: Loading bound service for intent: Intent { act=com.google.android.mobstore.service.START pkg=com.google.android.gms }
06-25 11:58:39.178  5023  5102 W Bugle   : TextClassifierLibManagerImpl: Reclaiming memory at level: 40
06-25 11:58:39.181  4922  4922 W rules.WifiRx: FenceState currentState is not true
06-25 11:58:39.184  5557  5557 D BoundBrokerSvc: onBind: Intent { act=com.google.android.gms.constellation.service.START pkg=com.google.android.gms }
06-25 11:58:39.184  5557  5557 D BoundBrokerSvc: Loading bound service for intent: Intent { act=com.google.android.gms.constellation.service.START pkg=com.google.android.gms }
06-25 11:58:39.186  5557  5557 D BoundBrokerSvc: onBind: Intent { act=com.google.android.gms.asterism.service.START pkg=com.google.android.gms }
06-25 11:58:39.186  5557  5557 D BoundBrokerSvc: Loading bound service for intent: Intent { act=com.google.android.gms.asterism.service.START pkg=com.google.android.gms }
06-25 11:58:39.187  5557  5557 D BoundBrokerSvc: onBind: Intent { act=com.google.android.gms.pay.service.BIND dat=chimera-action:/... cmp=com.google.android.gms/.chimera.GmsApiService }
06-25 11:58:39.187  5557  5557 D BoundBrokerSvc: Loading bound service for intent: Intent { act=com.google.android.gms.pay.service.BIND dat=chimera-action:/... cmp=com.google.android.gms/.chimera.GmsApiService }
06-25 11:58:39.192  4922  4922 W rules.WifiRx: FenceState currentState is not true
06-25 11:58:39.205  5470  5646 I AlarmManager: set [name: SystemMemoryCache type: 2 triggerAtMillis: 315360078519 windowMillis: -1 intervalMillis: 0]
06-25 11:58:39.215  5557  5648 I native  : I0000 00:00:1782388719.215476    5648 permission-checker.cc:82] Creating PermissionChecker based on ACL with config_version 1 having 10 permissions defined.
06-25 11:58:39.216  5557  5648 W native  : W0000 00:00:1782388719.216470    5648 words-map.cc:36] INVALID_ARGUMENT: Empty URI
06-25 11:58:39.216  5557  5648 W native  : W0000 00:00:1782388719.216506    5648 words-map.cc:40] WordsMap was not properly initialized
06-25 11:58:39.219  5470  5646 I Nearby  : is blocked device type false, isAuto=false, isIot=false, isLatchsky=false, isChinaWearable=false, isTv=false, isWearable=false (supportWearOs=false), isChromeOsDevice=false (supportChromeOs=false) [CONTEXT service_id=49 ]
06-25 11:58:39.227  5470  5646 I Nearby  : is blocked device type false, isAuto=false, isIot=false, isLatchsky=false, isChinaWearable=false, isTv=false, isWearable=false (supportWearOs=false), isChromeOsDevice=false (supportChromeOs=false) [CONTEXT service_id=49 ]
06-25 11:58:39.232  5557  5557 D CompatibilityChangeReporter: Compat change id reported: 263076149; UID 10132; state: DISABLED
06-25 11:58:39.236  5470  5470 I NearbyDiscovery: DiscoveryService created [CONTEXT service_id=265 ]
06-25 11:58:39.236  5557  5557 D BoundBrokerSvc: onBind: Intent { act=com.google.android.gms.chimera.container.moduleinstall.ModuleInstallService.START dat=chimera-action:/... cmp=com.google.android.gms/.chimera.GmsApiService }
06-25 11:58:39.236  5557  5557 D BoundBrokerSvc: Loading bound service for intent: Intent { act=com.google.android.gms.chimera.container.moduleinstall.ModuleInstallService.START dat=chimera-action:/... cmp=com.google.android.gms/.chimera.GmsApiService }
06-25 11:58:39.238  5557  5557 D BoundBrokerSvc: onBind: Intent { act=com.google.android.mobstore.service.START dat=chimera-action:/... cmp=com.google.android.gms/.chimera.GmsBoundBrokerService }
06-25 11:58:39.238  5557  5557 D BoundBrokerSvc: Loading bound service for intent: Intent { act=com.google.android.mobstore.service.START dat=chimera-action:/... cmp=com.google.android.gms/.chimera.GmsBoundBrokerService }
06-25 11:58:39.239  5557  5557 D BoundBrokerSvc: onBind: Intent { act=com.google.android.mdd.service.START dat=chimera-action:/... cmp=com.google.android.gms/.chimera.GmsBoundBrokerService }
06-25 11:58:39.239  5557  5557 D BoundBrokerSvc: Loading bound service for intent: Intent { act=com.google.android.mdd.service.START dat=chimera-action:/... cmp=com.google.android.gms/.chimera.GmsBoundBrokerService }
06-25 11:58:39.244  5470  5470 W ChimeraUtils: Module com.google.android.gms.nearby missing resource null(0)
06-25 11:58:39.249  5470  5470 W ChimeraUtils: Module com.google.android.gms.nearby missing resource null(0)
06-25 11:58:39.260  5557  5648 W Icing   : Package com.google.android.googlequicksearchbox targets Android P and isn't allowed to use AppDataSearch indexing API
06-25 11:58:39.277  5557  5648 W Icing   : Package com.google.android.gm targets Android P and isn't allowed to use AppDataSearch indexing API
06-25 11:58:39.282  5470  5535 I GCoreUlr: WorldUpdater received intent Intent { act=com.google.android.location.reporting.ACTION_UPDATE_WORLD cmp=com.google.android.gms/com.google.android.location.reporting.service.DispatchingService (has extras) } with receiverAction com.google.android.location.internal.server.ACTION_RESTARTED
06-25 11:58:39.289  5470  5535 I GCoreUlr: WorldUpdater:com.google.android.location.internal.server.ACTION_RESTARTED: Ensuring that reporting is stopped because of reasons: (no Google accounts)
06-25 11:58:39.293  5470  5535 I GCoreUlr: Unbound from all signal providers.
06-25 11:58:39.295  5470  5470 D BluetoothAdapter: registerBluetoothConnectionCallback()
06-25 11:58:39.296  5470  5535 I GCoreUlr: WorldUpdater received intent Intent { act=com.google.android.location.reporting.ACTION_UPDATE_WORLD cmp=com.google.android.gms/com.google.android.location.reporting.service.DispatchingService (has extras) } with receiverAction android.location.PROVIDERS_CHANGED
06-25 11:58:39.296  5470  5470 I NearbyShared: BTConnStateMgr: BluetoothConnectionCallback registered.
06-25 11:58:39.298  5470  5470 I NearbyFastPair: NearbyAppHelper: Check Mainline Tethering module version code. [CONTEXT service_id=265 ]
06-25 11:58:39.299  5470  5470 I NearbyFastPair: NearbyAppHelper: Tethering package version code: 340818080 [CONTEXT service_id=265 ]
06-25 11:58:39.300  5470  5535 I GCoreUlr: WorldUpdater:android.location.PROVIDERS_CHANGED: Ensuring that reporting is stopped because of reasons: (no Google accounts)
06-25 11:58:39.301  5470  5535 I GCoreUlr: Unbound from all signal providers.
06-25 11:58:39.308  5470  5563 I NearbyFastPair: DynamicSupportModule: onSupportStateUpdate start [CONTEXT service_id=265 ]
06-25 11:58:39.312  5470  5657 I NetworkScheduler.Stats: Task com.google.android.gms/com.google.android.gms.phenotype.service.sync.PhenotypeConfigurator started execution. cause:3 exec_start_elapsed_seconds: 78 [CONTEXT service_id=218 ]
06-25 11:58:39.312  5470  5657 I NetworkScheduler.Stats: Task com.google.android.gms/com.google.android.gms.clearcut.uploader.QosUploaderService started execution. cause:3 exec_start_elapsed_seconds: 78 [CONTEXT service_id=218 ]
06-25 11:58:39.313  5470  5655 I GCoreUlr: WorldUpdater received intent Intent { act=com.google.android.location.reporting.ACTION_UPDATE_WORLD cmp=com.google.android.gms/com.google.android.location.reporting.service.DispatchingService (has extras) } with receiverAction android.location.PROVIDERS_CHANGED
06-25 11:58:39.314  5470  5655 I GCoreUlr: WorldUpdater:android.location.PROVIDERS_CHANGED: Ensuring that reporting is stopped because of reasons: (no Google accounts)
06-25 11:58:39.319  5470  5655 I GCoreUlr: Unbound from all signal providers.
06-25 11:58:39.325  5470  5563 I NearbyFastPair: DynamicSupportModule: onSupportStateUpdate end [CONTEXT service_id=265 ]
06-25 11:58:39.325  5470  5563 I NearbyFastPair: DynamicSupportModule: onSupportStateUpdate start [CONTEXT service_id=265 ]
06-25 11:58:39.325  5470  5563 I NearbyFastPair: DynamicSupportModule: onSupportStateUpdate end [CONTEXT service_id=265 ]
06-25 11:58:39.325  5470  5535 I Nearby  : is blocked device type false, isAuto=false, isIot=false, isLatchsky=false, isChinaWearable=false, isTv=false, isWearable=false (supportWearOs=false), isChromeOsDevice=false (supportChromeOs=false) [CONTEXT service_id=49 ]
06-25 11:58:39.325  5470  5658 I NearbyDiscovery: FastPairScanner: isScreenOn=true, scanWithScreenOff=false, isLocationEnabled=true, disableLocationRequirement=true, isDiscoveryScanningEnabled=true, during24GhzWifiWarmingUpPeriod=false [CONTEXT service_id=265 ]
06-25 11:58:39.327  5470  5535 I Nearby  : is blocked device type false, isAuto=false, isIot=false, isLatchsky=false, isChinaWearable=false, isTv=false, isWearable=false (supportWearOs=false), isChromeOsDevice=false (supportChromeOs=false) [CONTEXT service_id=49 ]
06-25 11:58:39.327  5470  5658 D BluetoothAdapter: isLeEnabled(): ON
06-25 11:58:39.327  5557  5648 I Icing   : updateResources: need to parse arkh{com.google.android.gms}
06-25 11:58:39.327  5557  5557 D BoundBrokerSvc: onBind: Intent { act=com.google.android.gms.findmydevice.spot.service.management.START dat=chimera-action:/... cmp=com.google.android.gms/.chimera.GmsApiService }
06-25 11:58:39.327  5557  5557 D BoundBrokerSvc: Loading bound service for intent: Intent { act=com.google.android.gms.findmydevice.spot.service.management.START dat=chimera-action:/... cmp=com.google.android.gms/.chimera.GmsApiService }
06-25 11:58:39.329  5470  5658 I NearbyDiscovery: FastPairScanner: eventType=SERVICE_INITIALIZE, intReq=false, scanning=false, scanAllowed=true, bleEnabled=true, bleScanAvailable=false, lockScanRate=false, startScanningByLowPowerMode=false [CONTEXT service_id=265 ]
06-25 11:58:39.330  5470  5658 I NearbyDiscovery: FastPairScanner: register location ble observer [CONTEXT service_id=265 ]
06-25 11:58:39.330  5470  5658 I NearbyDiscovery: FastPairScanner: isScreenOn=true, scanWithScreenOff=false, isLocationEnabled=true, disableLocationRequirement=true, isDiscoveryScanningEnabled=true, during24GhzWifiWarmingUpPeriod=false [CONTEXT service_id=265 ]
06-25 11:58:39.331  5470  5658 I NearbyDiscovery: FastPairScanner: isScreenOn=true, scanWithScreenOff=false, isLocationEnabled=true, disableLocationRequirement=true, isDiscoveryScanningEnabled=true, during24GhzWifiWarmingUpPeriod=false [CONTEXT service_id=265 ]
06-25 11:58:39.331  5470  5658 I NearbyDiscovery: FastPairScanner: Start scanning internally in LOW_LATENCY_SCANNING [CONTEXT service_id=265 ]
06-25 11:58:39.331  5470  5658 D BluetoothAdapter: isLeEnabled(): ON
06-25 11:58:39.333  5470  5470 D BoundBrokerSvc: onBind: Intent { act=com.google.android.gms.icing.LIGHTWEIGHT_INDEX_SERVICE dat=chimera-action:/... cmp=com.google.android.gms/.chimera.PersistentApiService }
06-25 11:58:39.333  5470  5470 D BoundBrokerSvc: Loading bound service for intent: Intent { act=com.google.android.gms.icing.LIGHTWEIGHT_INDEX_SERVICE dat=chimera-action:/... cmp=com.google.android.gms/.chimera.PersistentApiService }
06-25 11:58:39.334  3987  4284 D BtGatt.GattService: registerScanner() - UUID=fb27da9b-4fde-46ec-816c-58081cd808f6
06-25 11:58:39.335  3987  4284 I bt_stack: [INFO:le_scanning_manager.cc(155)] RegisterScanner in shim layer
06-25 11:58:39.335  3987  4123 D BtGatt.GattService: onScannerRegistered() - UUID=fb27da9b-4fde-46ec-816c-58081cd808f6, scannerId=3, status=0
06-25 11:58:39.335  5470  5483 D BluetoothLeScanner: onScannerRegistered() - status=0 scannerId=3 mScannerId=0
06-25 11:58:39.338  3987  4284 D BtGatt.GattService: start scan with filters
06-25 11:58:39.339  3987  4284 D BtGatt.GattService: enforcePrivilegedPermissionIfNeeded([BluetoothLeScanFilter [mDeviceName=null, mDeviceAddress=null, mUuid=null, mUuidMask=null, mServiceSolicitationUuid=null, mServiceSolicitationUuidMask=null, mServiceDataUuid=0000fff6-0000-1000-8000-00805f9b34fb, mServiceData=[0], mServiceDataMask=[0], mManufacturerId=-1, mManufacturerData=null, mManufacturerDataMask=null, mAdvertisingDataType=-1, mAdvertisingData=null, mAdvertisingDataMask=null, mTransportBlockFilter=null], BluetoothLeScanFilter [mDeviceName=null, mDeviceAddress=null, mUuid=null, mUuidMask=null, mServiceSolicitationUuid=null, mServiceSolicitationUuidMask=null, mServiceDataUuid=0000fe2c-0000-1000-8000-00805f9b34fb, mServiceData=[0], mServiceDataMask=[0], mManufacturerId=-1, mManufacturerData=null, mManufacturerDataMask=null, mAdvertisingDataType=-1, mAdvertisingData=null, mAdvertisingDataMask=null, mTransportBlockFilter=null]])
06-25 11:58:39.339  3987  4284 D BtGatt.ScanManager: startScan()  [ScanClient scanModeApp 2 scanModeUsed 2 [appScanStats com.google.uid.shared:10132]]
06-25 11:58:39.339  3987  4284 D ActivityAttributionService: notifyActivityAttributionInfo UID=1002 packageName=com.google.android.bluetooth deviceAddress=no_active_device_address
06-25 11:58:39.339  3987  4284 I bt_btif : packages/modules/Bluetooth/system/btif/src/bluetooth.cc:829 get_profile_interface: get_profile_interface: id = activity_attribution
06-25 11:58:39.339  3987  4159 D BtGatt.ScanManager: handling starting scan
06-25 11:58:39.339  3987  4159 I bt_stack: [INFO:le_scanning_manager.cc(268)] ScanFilterEnable in shim layer
06-25 11:58:39.340  3987  4123 D BtGatt.GattService: onScanFilterEnableDisabled() - clientIf=3, status=0, action=1
06-25 11:58:39.340  3987  4123 D BtGatt.ScanManager: callback done for scannerId - 3 status - 0
06-25 11:58:39.340  3987  4159 I bt_stack: [INFO:le_scanning_manager.cc(243)] ScanFilterAdd in shim layer
06-25 11:58:39.341  3987  4123 D BtGatt.GattService: onScanFilterConfig() - clientIf=3, action = 0 status = 0, filterType=0, availableSpace=0
06-25 11:58:39.341  3987  4123 D BtGatt.ScanManager: callback done for scannerId - 3 status - 0
06-25 11:58:39.341  3987  4159 D BtGatt.ScanManager: configureFilterParamter 500 10000 1 0
06-25 11:58:39.341  3987  4159 I bt_stack: [INFO:le_scanning_manager.cc(204)] ScanFilterParamSetup in shim layer
06-25 11:58:39.342  3987  4113 I bluetooth: packages/modules/Bluetooth/system/gd/hci/le_scanning_manager.cc:1369 on_advertising_filter_complete: Got a Command complete LE_ADV_FILTER, status UNKNOWN_CONNECTION
06-25 11:58:39.343  3987  4123 D BtGatt.GattService: onScanFilterParamsConfigured() - clientIf=3, status=0, action=0, availableSpace=0
06-25 11:58:39.343  3987  4123 D BtGatt.ScanManager: callback done for scannerId - 3 status - 0
06-25 11:58:39.343  3987  4159 I bt_stack: [INFO:le_scanning_manager.cc(243)] ScanFilterAdd in shim layer
06-25 11:58:39.343  3987  4123 D BtGatt.GattService: onScanFilterConfig() - clientIf=3, action = 0 status = 0, filterType=0, availableSpace=0
06-25 11:58:39.344  3987  4123 D BtGatt.ScanManager: callback done for scannerId - 3 status - 0
06-25 11:58:39.344  3987  4159 D BtGatt.ScanManager: configureFilterParamter 500 10000 1 0
06-25 11:58:39.344  3987  4159 I bt_stack: [INFO:le_scanning_manager.cc(204)] ScanFilterParamSetup in shim layer
06-25 11:58:39.344  3987  4113 I bluetooth: packages/modules/Bluetooth/system/gd/hci/le_scanning_manager.cc:1369 on_advertising_filter_complete: Got a Command complete LE_ADV_FILTER, status UNKNOWN_CONNECTION
06-25 11:58:39.345  3987  4123 D BtGatt.GattService: onScanFilterParamsConfigured() - clientIf=3, status=0, action=0, availableSpace=0
06-25 11:58:39.345  3987  4123 D BtGatt.ScanManager: callback done for scannerId - 3 status - 0
06-25 11:58:39.340  5470  5658 I NearbyDiscovery: FastPairScanner: Starting LOW_LATENCY_SCANNING scan for 6 seconds [CONTEXT service_id=265 ]
06-25 11:58:39.346  5470  5658 I NearbyDiscovery: OffloadFastPairScanner: Starts to obtain nearby nano app version. [CONTEXT service_id=265 ]
06-25 11:58:39.345  3987  4159 D BtGatt.ScanManager: configureRegularScanParams() - queue=3
06-25 11:58:39.346  3987  4159 D BtGatt.ScanManager: apply scan timeout (600000)to scannerId 3
06-25 11:58:39.346   518   903 V Binder  : BinderProxy map growth! bucket size = 20 total = 2703
06-25 11:58:39.347  5470  5658 W SystemServiceRegistry: No service published for: contexthub
06-25 11:58:39.347  5557  5557 D BoundBrokerSvc: onBind: Intent { act=com.google.android.gms.findmydevice.spot.service.locationreport.START dat=chimera-action:/... cmp=com.google.android.gms/.chimera.GmsApiService }
