06-25 11:58:39.347  5557  5557 D BoundBrokerSvc: Loading bound service for intent: Intent { act=com.google.android.gms.findmydevice.spot.service.locationreport.START dat=chimera-action:/... cmp=com.google.android.gms/.chimera.GmsApiService }
06-25 11:58:39.350  5470  5658 I NearbyFastPair: NearbyAppHelper: Not supports because contextHubManager is null [CONTEXT service_id=265 ]
06-25 11:58:39.350   518   903 W ActivityManager: Unable to start service Intent { act=com.google.android.gms.home.service.START pkg=com.google.android.gms } U=0: not found
06-25 11:58:39.357   518  2228 W ActivityManager: Unbind failed: could not find connection for android.os.BinderProxy@ad7b5ac
06-25 11:58:39.361  5470  5504 W GmsClient: unable to connect to service: com.google.android.gms.home.service.START on com.google.android.gms
06-25 11:58:39.362  5470  5658 I NearbyDiscovery: OffloadFastPairScanner: Nano app version obtained, version = -1, total time = 17. [CONTEXT service_id=265 ]
06-25 11:58:39.365  5470  5658 I NearbyDiscovery: FastPair: HeadsetPieceImage, grant permission files:0 [CONTEXT service_id=265 ]
06-25 11:58:39.365  5470  5658 I NearbyDiscovery: FastPairController: Set event stream listener [CONTEXT service_id=265 ]
06-25 11:58:39.366  5470  5658 I NearbyDiscovery: FastPairController: Initialize event stream [CONTEXT service_id=265 ]
06-25 11:58:39.374   336  5692 I resolv  : GetAddrInfoHandler::run: {101 786533 101 983141 10132 0}
06-25 11:58:39.374  5470  5658 I Nearby  : is blocked device type false, isAuto=false, isIot=false, isLatchsky=false, isChinaWearable=false, isTv=false, isWearable=false (supportWearOs=false), isChromeOsDevice=false (supportChromeOs=false) [CONTEXT service_id=49 ]
06-25 11:58:39.377   336  5693 I resolv  : res_nmkquery: (QUERY, IN, AAAA)
06-25 11:58:39.377   336  5694 I resolv  : res_nmkquery: (QUERY, IN, A)
06-25 11:58:39.375  5470  5658 I NearbyDiscovery: DiscoveryController, showNotification, itemSize=0 [CONTEXT service_id=265 ]
06-25 11:58:39.378  5470  5470 I GCoreUlr: Unbound from all signal providers.
06-25 11:58:39.378  5470  5470 I GCoreUlr: Stopping handler for UlrDispSvcFast
06-25 11:58:39.378  5470  5553 I NearbySharing: A new client has bound to the NearbySharingService ClientBridge for calling package com.google.android.gms [CONTEXT service_id=194 ]
06-25 11:58:39.378  5470  5658 I NearbyDiscovery: Show notifications: 0 total, no changes since last shown, no-op. [CONTEXT service_id=265 ]
06-25 11:58:39.379  5470  5658 I NearbyDiscovery: OffloadFastPairScanner: Skipping start scanning, scanning not allowed now. [CONTEXT service_id=265 ]
06-25 11:58:39.384  5470  5655 W ctxmgr  : [NetworkStateProducer] No state change for network connection context [CONTEXT service_id=47 ]
06-25 11:58:39.397  5470  5498 I SemanticLocation: [MDD] ModelBundleMetadata: File not found [CONTEXT service_id=173 ]
06-25 11:58:39.397  5470  5498 I SemanticLocation: java.io.FileNotFoundException: /data/user/0/com.google.android.gms/files/model_bundle_metadata.pb: open failed: ENOENT (No such file or directory)
06-25 11:58:39.397  5470  5498 I SemanticLocation: 	at libcore.io.IoBridge.open(IoBridge.java:574)
06-25 11:58:39.397  5470  5498 I SemanticLocation: 	at java.io.FileInputStream.<init>(FileInputStream.java:160)
06-25 11:58:39.397  5470  5498 I SemanticLocation: 	at android.app.ContextImpl.openFileInput(ContextImpl.java:745)
06-25 11:58:39.397  5470  5498 I SemanticLocation: 	at android.content.ContextWrapper.openFileInput(ContextWrapper.java:249)
06-25 11:58:39.397  5470  5498 I SemanticLocation: 	at android.content.ContextWrapper.openFileInput(ContextWrapper.java:249)
06-25 11:58:39.397  5470  5498 I SemanticLocation: 	at android.content.ContextWrapper.openFileInput(ContextWrapper.java:249)
06-25 11:58:39.397  5470  5498 I SemanticLocation: 	at bzxt.h(:com.google.android.gms@231818047@23.18.18 (190800-535401451):1)
06-25 11:58:39.397  5470  5498 I SemanticLocation: 	at bzxd.c(:com.google.android.gms@231818047@23.18.18 (190800-535401451):9)
06-25 11:58:39.397  5470  5498 I SemanticLocation: 	at bzxd.<init>(:com.google.android.gms@231818047@23.18.18 (190800-535401451):0)
06-25 11:58:39.397  5470  5498 I SemanticLocation: 	at cadn.j(:com.google.android.gms@231818047@23.18.18 (190800-535401451):0)
06-25 11:58:39.397  5470  5498 I SemanticLocation: 	at cadn.h(:com.google.android.gms@231818047@23.18.18 (190800-535401451):36)
06-25 11:58:39.397  5470  5498 I SemanticLocation: 	at cadn.b(:com.google.android.gms@231818047@23.18.18 (190800-535401451):0)
06-25 11:58:39.397  5470  5498 I SemanticLocation: 	at com.google.android.gms.semanticlocation.service.SemanticLocationChimeraService.k(:com.google.android.gms@231818047@23.18.18 (190800-535401451):9)
06-25 11:58:39.397  5470  5498 I SemanticLocation: 	at com.google.android.gms.semanticlocation.service.SemanticLocationChimeraService.h(:com.google.android.gms@231818047@23.18.18 (190800-535401451):17)
06-25 11:58:39.397  5470  5498 I SemanticLocation: 	at cacs.run(:com.google.android.gms@231818047@23.18.18 (190800-535401451):68)
06-25 11:58:39.397  5470  5498 I SemanticLocation: 	at java.util.concurrent.Executors$RunnableAdapter.call(Executors.java:487)
06-25 11:58:39.397  5470  5498 I SemanticLocation: 	at java.util.concurrent.FutureTask.run(FutureTask.java:264)
06-25 11:58:39.397  5470  5498 I SemanticLocation: 	at aced.c(:com.google.android.gms@231818047@23.18.18 (190800-535401451):6)
06-25 11:58:39.397  5470  5498 I SemanticLocation: 	at aced.run(:com.google.android.gms@231818047@23.18.18 (190800-535401451):7)
06-25 11:58:39.397  5470  5498 I SemanticLocation: 	at java.util.concurrent.ThreadPoolExecutor.runWorker(ThreadPoolExecutor.java:1145)
06-25 11:58:39.397  5470  5498 I SemanticLocation: 	at java.util.concurrent.ThreadPoolExecutor$Worker.run(ThreadPoolExecutor.java:644)
06-25 11:58:39.397  5470  5498 I SemanticLocation: 	at acjn.run(:com.google.android.gms@231818047@23.18.18 (190800-535401451):0)
06-25 11:58:39.397  5470  5498 I SemanticLocation: 	at java.lang.Thread.run(Thread.java:1012)
06-25 11:58:39.397  5470  5498 I SemanticLocation: Caused by: android.system.ErrnoException: open failed: ENOENT (No such file or directory)
06-25 11:58:39.397  5470  5498 I SemanticLocation: 	at libcore.io.Linux.open(Native Method)
06-25 11:58:39.397  5470  5498 I SemanticLocation: 	at libcore.io.ForwardingOs.open(ForwardingOs.java:563)
06-25 11:58:39.397  5470  5498 I SemanticLocation: 	at libcore.io.BlockGuardOs.open(BlockGuardOs.java:274)
06-25 11:58:39.397  5470  5498 I SemanticLocation: 	at libcore.io.ForwardingOs.open(ForwardingOs.java:563)
06-25 11:58:39.397  5470  5498 I SemanticLocation: 	at android.app.ActivityThread$AndroidOs.open(ActivityThread.java:8063)
06-25 11:58:39.397  5470  5498 I SemanticLocation: 	at libcore.io.IoBridge.open(IoBridge.java:560)
06-25 11:58:39.397  5470  5498 I SemanticLocation: 	... 22 more
06-25 11:58:39.406  5470  5470 D BoundBrokerSvc: onBind: Intent { act=com.google.android.gms.clearcut.bootcount.service.START dat=chimera-action:/... cmp=com.google.android.gms/.chimera.PersistentBoundBrokerService }
06-25 11:58:39.406  5470  5470 D BoundBrokerSvc: Loading bound service for intent: Intent { act=com.google.android.gms.clearcut.bootcount.service.START dat=chimera-action:/... cmp=com.google.android.gms/.chimera.PersistentBoundBrokerService }
06-25 11:58:39.408  5470  5658 I NearbyDiscovery: FastPairHandler: Received action android.net.conn.CONNECTIVITY_CHANGE [CONTEXT service_id=265 ]
06-25 11:58:39.408  5470  5658 I NearbyDiscovery: FastPairHandler: Received action android.net.wifi.STATE_CHANGE [CONTEXT service_id=265 ]
06-25 11:58:39.410  5557  5668 I Auth    : [SupervisedAccountIntentOperation] onHandleIntent(): com.google.android.gms.chimera.container.CONTAINER_UPDATED
06-25 11:58:39.417  5557  5670 I BlockstoreModuleInit: Container update. Module updated: true [CONTEXT service_id=258 ]
06-25 11:58:39.418  5557  5668 I Auth    : [SupervisedAccountIntentOperation] onContainerUpdated
06-25 11:58:39.418  5557  5668 I Auth    : [SupervisedAccountIntentOperation] Skipping token refresh
06-25 11:58:39.421  5470  5470 W SystemServiceRegistry: No service published for: persistent_data_block
06-25 11:58:39.424  5557  5557 D BoundBrokerSvc: onBind: Intent { act=com.google.android.gms.feedback.internal.IFeedbackService dat=chimera-action:/... cmp=com.google.android.gms/.chimera.GmsBoundBrokerService }
06-25 11:58:39.424  5557  5557 D BoundBrokerSvc: Loading bound service for intent: Intent { act=com.google.android.gms.feedback.internal.IFeedbackService dat=chimera-action:/... cmp=com.google.android.gms/.chimera.GmsBoundBrokerService }
06-25 11:58:39.429  5557  5670 I CloudSyncBpTkSvc: scheduling a periodic backup task. [CONTEXT service_id=258 ]
06-25 11:58:39.429  5557  5614 I BlockstoreModuleInit: scheduleOneOffTaskIfAlreadyScheduled finished [CONTEXT service_id=258 ]
06-25 11:58:39.434  5557  5668 V Backup  : [CustomDownloadSchedulingIO] Received Action: com.google.android.gms.chimera.container.CONTAINER_UPDATED
06-25 11:58:39.434  5557  5668 V Backup  : [CustomDownloadSchedulingIO] listenToSetupWizardFinishedBroadcast or customBackupDownloadEnableSuwTriggerWithGmsUpdateCheck flag on
06-25 11:58:39.444  5557  5668 V Backup  : [ShowPhotosNotifIO] Flag not enabled; returning.
06-25 11:58:39.445  5557  5698 I BlockstoreModuleInit: cloudRestoreSourceId cleared [CONTEXT service_id=258 ]
06-25 11:58:39.454  5557  5669 I ChimeraConfigurator: Starting update, reason: 4 urgentFeatures: photopicker_activity:0, mlkit.ocr.common:1, vision.ocr:-1, tflite_dynamite:-1, maps_core:-1, mlkit.barcode.ui:0
06-25 11:58:39.454  5557  5673 V Backup  : [G1ModuleInitIntentOperation] Running restore operation is disabled by flag
06-25 11:58:39.454  5557  5668 V Backup  : [GsfHelper] backup_enabled:com.android.calllogbackup : fetched from GSF: 0
06-25 11:58:39.462  5557  5673 I SyncIntentOperation: Handling the intent: Intent { act=com.google.android.gms.chimera.container.CONTAINER_UPDATED pkg=com.google.android.gms cmp=com.google.android.gms/.chimera.GmsIntentOperationService }. [CONTEXT service_id=80 ]
06-25 11:58:39.469   336  5708 I resolv  : GetAddrInfoHandler::run: {101 786533 101 983141 10132 0}
06-25 11:58:39.471   336  5710 I resolv  : res_nmkquery: (QUERY, IN, A)
06-25 11:58:39.474  5557  5668 V Backup  : [GsfHelper] user_full_data_backup_aware : fetched from GSF: 0
06-25 11:58:39.474  5557  5668 I Backup  : [CallLogFlagSetter] Whitelisted for call log backup, but not enabling because user_full_data_backup_aware not set.
06-25 11:58:39.476  5557  5668 I AppDoctorManager: Updating appdoctor Uri Permissions. [CONTEXT service_id=256 ]
06-25 11:58:39.480   336  5709 I resolv  : res_nmkquery: (QUERY, IN, AAAA)
06-25 11:58:39.491  5557  5669 W ConfigFileUtils: Failed to read asset ChimeraModuleSetList.pb: java.io.FileNotFoundException: ChimeraModuleSetList.pb
06-25 11:58:39.500  5557  5557 D BoundBrokerSvc: onBind: Intent { act=com.google.android.gms.checkin.START pkg=com.google.android.gms }
06-25 11:58:39.500  5557  5557 D BoundBrokerSvc: Loading bound service for intent: Intent { act=com.google.android.gms.checkin.START pkg=com.google.android.gms }
06-25 11:58:39.507  5557  5557 D BoundBrokerSvc: onBind: Intent { act=com.google.android.gms.common.BIND_SHARED_PREFS pkg=com.google.android.gms }
06-25 11:58:39.508  5557  5557 D BoundBrokerSvc: Loading bound service for intent: Intent { act=com.google.android.gms.common.BIND_SHARED_PREFS pkg=com.google.android.gms }
06-25 11:58:39.509   336  5709 I resolv  : res_nsend: used send_dg 159 terrno: 0
06-25 11:58:39.509   336  5709 I resolv  : doQuery: rcode=0, ancount=4, return value=159
06-25 11:58:39.510   336  5710 I resolv  : res_nsend: used send_dg 111 terrno: 0
06-25 11:58:39.510   336  5694 I resolv  : res_nsend: used send_dg 292 terrno: 0
06-25 11:58:39.510   336  5710 I resolv  : doQuery: rcode=0, ancount=4, return value=111
06-25 11:58:39.510   336  5694 I resolv  : doQuery: rcode=0, ancount=16, return value=292
06-25 11:58:39.510   336  5693 I resolv  : res_nsend: used send_dg 148 terrno: 0
06-25 11:58:39.510   336  5693 I resolv  : doQuery: rcode=0, ancount=4, return value=148
06-25 11:58:39.514  5557  5616 I Icing   : IndexChimeraService.getServiceInterface callingPackage=com.google.android.gms componentName=null serviceId=30
06-25 11:58:39.518  5557  5701 D TrafficStats: tagSocket(113) with statsTag=0x107, statsUid=-1
06-25 11:58:39.519  5470  5535 I DynamiteModule: Considering local module com.google.android.gms.cronet_dynamite:0 and remote module com.google.android.gms.cronet_dynamite:2411
06-25 11:58:39.519  5470  5535 I DynamiteModule: Selected remote version of com.google.android.gms.cronet_dynamite, version >= 2411
06-25 11:58:39.522  5470  5537 I SemanticLocation: [MDD] ModelBundleMetadata: File not found [CONTEXT service_id=173 ]
06-25 11:58:39.522  5470  5537 I SemanticLocation: java.io.FileNotFoundException: /data/user/0/com.google.android.gms/files/model_bundle_metadata.pb: open failed: ENOENT (No such file or directory)
06-25 11:58:39.522  5470  5537 I SemanticLocation: 	at libcore.io.IoBridge.open(IoBridge.java:574)
06-25 11:58:39.522  5470  5537 I SemanticLocation: 	at java.io.FileInputStream.<init>(FileInputStream.java:160)
06-25 11:58:39.522  5470  5537 I SemanticLocation: 	at android.app.ContextImpl.openFileInput(ContextImpl.java:745)
06-25 11:58:39.522  5470  5537 I SemanticLocation: 	at android.content.ContextWrapper.openFileInput(ContextWrapper.java:249)
06-25 11:58:39.522  5470  5537 I SemanticLocation: 	at android.content.ContextWrapper.openFileInput(ContextWrapper.java:249)
06-25 11:58:39.522  5470  5537 I SemanticLocation: 	at android.content.ContextWrapper.openFileInput(ContextWrapper.java:249)
06-25 11:58:39.522  5470  5537 I SemanticLocation: 	at bzxt.h(:com.google.android.gms@231818047@23.18.18 (190800-535401451):1)
06-25 11:58:39.522  5470  5537 I SemanticLocation: 	at bzxd.c(:com.google.android.gms@231818047@23.18.18 (190800-535401451):9)
06-25 11:58:39.522  5470  5537 I SemanticLocation: 	at cadb.run(:com.google.android.gms@231818047@23.18.18 (190800-535401451):0)
06-25 11:58:39.522  5470  5537 I SemanticLocation: 	at aced.c(:com.google.android.gms@231818047@23.18.18 (190800-535401451):6)
06-25 11:58:39.522  5470  5537 I SemanticLocation: 	at aced.run(:com.google.android.gms@231818047@23.18.18 (190800-535401451):8)
06-25 11:58:39.522  5470  5537 I SemanticLocation: 	at java.util.concurrent.ThreadPoolExecutor.runWorker(ThreadPoolExecutor.java:1145)
06-25 11:58:39.522  5470  5537 I SemanticLocation: 	at java.util.concurrent.ThreadPoolExecutor$Worker.run(ThreadPoolExecutor.java:644)
06-25 11:58:39.522  5470  5537 I SemanticLocation: 	at acjn.run(:com.google.android.gms@231818047@23.18.18 (190800-535401451):0)
06-25 11:58:39.522  5470  5537 I SemanticLocation: 	at java.lang.Thread.run(Thread.java:1012)
06-25 11:58:39.522  5470  5537 I SemanticLocation: Caused by: android.system.ErrnoException: open failed: ENOENT (No such file or directory)
06-25 11:58:39.522  5470  5537 I SemanticLocation: 	at libcore.io.Linux.open(Native Method)
06-25 11:58:39.522  5470  5537 I SemanticLocation: 	at libcore.io.ForwardingOs.open(ForwardingOs.java:563)
06-25 11:58:39.522  5470  5537 I SemanticLocation: 	at libcore.io.BlockGuardOs.open(BlockGuardOs.java:274)
06-25 11:58:39.522  5470  5537 I SemanticLocation: 	at libcore.io.ForwardingOs.open(ForwardingOs.java:563)
06-25 11:58:39.522  5470  5537 I SemanticLocation: 	at android.app.ActivityThread$AndroidOs.open(ActivityThread.java:8063)
06-25 11:58:39.522  5470  5537 I SemanticLocation: 	at libcore.io.IoBridge.open(IoBridge.java:560)
06-25 11:58:39.522  5470  5537 I SemanticLocation: 	... 14 more
06-25 11:58:39.525  5557  5687 I Vision  : Supported ABIS: [x86_64, arm64-v8a]
06-25 11:58:39.526  5470  5535 W ziparchive: Unable to open '/data/user_de/0/com.google.android.gms/app_chimera/m/00000001/CronetDynamite.dm': No such file or directory
06-25 11:58:39.531  5557  5703 I Icing   : Using regular flags by method 2
06-25 11:58:39.536   518  2228 D WifiNl80211Manager: Scan result ready event
06-25 11:58:39.536   518  2228 D WifiNative: Scan result ready event
06-25 11:58:39.537  5557  5665 D TrafficStats: tagSocket(125) with statsTag=0x30001803, statsUid=-1
06-25 11:58:39.537   336   374 E BpfHandler: Unsupported protocol: 1
06-25 11:58:39.537  5557  5665 I TrafficStats: tagSocketFd(125, 805312515, -1) failed with errno-93
06-25 11:58:39.540  5557  5667 I SnapshotHandler: Unable to retrieve flag snapshot for com.google.android.gms.phenotype, using defaults.
06-25 11:58:39.545  5470  5537 I GmsCoreVoilaTileGrpc: grpc compression enabled: gzip
06-25 11:58:39.560  5557  5613 I Icing   : IndexChimeraService.getServiceInterface callingPackage=com.google.android.gms componentName=AppsCorpus serviceId=32
06-25 11:58:39.560  5557  5697 I Icing   : IndexChimeraService.getServiceInterface callingPackage=com.google.android.gms componentName=AppsCorpus serviceId=36
06-25 11:58:39.560  5557  5679 I LocationHistory: [IntentOperation] Handling action android.location.PROVIDERS_CHANGED [CONTEXT service_id=314 ]
06-25 11:58:39.562  5557  5679 I LocationHistory: [IntentOperation] Device settings changed to ENABLED. Scheduling periodic tasks. [CONTEXT service_id=314 ]
06-25 11:58:39.563  5557  5679 I SemanticLocation: [Scheduler] Periodic Task com.google.android.gms.semanticlocationhistory.deidentifieddata.storevisits.StoreVisitsProcessingService.StoreVisitsProcessing is scheduled to run EVERY_6_HOURS [CONTEXT service_id=173 ]
06-25 11:58:39.563  5557  5679 I SemanticLocation: [Scheduler] Periodic Task com.google.android.gms.semanticlocationhistory.deidentifieddata.wifi.WifiPlaceVisitProcessingService.WifiPlaceVisit is scheduled to run EVERY_DAY [CONTEXT service_id=173 ]
06-25 11:58:39.563  5557  5679 I SemanticLocation: [Scheduler] Periodic Task com.google.android.gms.semanticlocationhistory.deidentifieddata.uploads.BatchDeidentifiedDataUploadService.BatchDeidentifiedDataUpload is scheduled to run EVERY_6_HOURS [CONTEXT service_id=173 ]
06-25 11:58:39.563  5557  5679 I SemanticLocation: [Scheduler] Periodic Task com.google.android.gms.semanticlocationhistory.geller.GellerCleanupService.GellerCleanup is scheduled to run EVERY_DAY [CONTEXT service_id=173 ]
06-25 11:58:39.564  5557  5679 I SemanticLocation: [Scheduler] Periodic Task com.google.android.gms.semanticlocationhistory.settings.LocationHistoryActiveProcessingService.LocationHistoryActiveProcessing is scheduled to run EVERY_DAY [CONTEXT service_id=173 ]
06-25 11:58:39.566  5557  5679 I SemanticLocation: [Scheduler] Periodic Task com.google.android.gms.semanticlocationhistory.pulp.PulpInferenceService.PulpInference is scheduled to run EVERY_7_DAYS [CONTEXT service_id=173 ]
06-25 11:58:39.566  5557  5679 I SemanticLocation: [Scheduler] Periodic Task com.google.android.gms.semanticlocationhistory.pulp.PulpMddDownloadScheduleService.PulpMddRefreshDownloadTask is scheduled to run EVERY_DAY [CONTEXT service_id=173 ]
06-25 11:58:39.566  5557  5679 I SemanticLocation: [Scheduler] Periodic Task com.google.android.gms.semanticlocationhistory.pulp.PulpMddMaintenanceService.PulpMddMaintenanceTask is scheduled to run EVERY_DAY [CONTEXT service_id=173 ]
06-25 11:58:39.567  5557  5679 I SemanticLocation: [Scheduler] Periodic Task com.google.android.gms.semanticlocationhistory.federated.FederatedScheduleService.FederatedLocation is scheduled to run EVERY_DAY [CONTEXT service_id=173 ]
06-25 11:58:39.567  5557  5679 W GmsTaskScheduler: com.google.android.gms.semanticlocationhistory.federated.FederatedTaskIdentityDataService is not available. This may cause the task to be lost.
06-25 11:58:39.567  5557  5679 I SemanticLocation: [Scheduler] Periodic Task com.google.android.gms.semanticlocationhistory.federated.FederatedTaskIdentityDataService.FederatedLocation is scheduled to run EVERY_DAY [CONTEXT service_id=173 ]
06-25 11:58:39.567  5557  5679 W GmsTaskScheduler: com.google.android.gms.semanticlocationhistory.federated.FederatedJobHistoryService is not available. This may cause the task to be lost.
06-25 11:58:39.567  5557  5679 I SemanticLocation: [Scheduler] Periodic Task com.google.android.gms.semanticlocationhistory.federated.FederatedJobHistoryService.FederatedLocation is scheduled to run EVERY_DAY [CONTEXT service_id=173 ]
06-25 11:58:39.569  5557  5679 I SemanticLocation: [Scheduler] Periodic Task com.google.android.gms.semanticlocationhistory.db.OdlhDatabaseCleanupJob.OdlhDatabaseCleanup is scheduled to run EVERY_DAY [CONTEXT service_id=173 ]
06-25 11:58:39.569  5557  5648 I Icing   : Internal init done: storage state 0
06-25 11:58:39.569  5557  5679 I SemanticLocation: [Scheduler] Periodic Task com.google.android.gms.semanticlocationhistory.edit.EditMergeJob.EditMergeJob is scheduled to run EVERY_DAY [CONTEXT service_id=173 ]
06-25 11:58:39.569  5557  5679 I SemanticLocation: [Scheduler] Periodic Task com.google.android.gms.semanticlocationhistory.edit.EditUploadJob.EditUploadJob is scheduled to run EVERY_DAY [CONTEXT service_id=173 ]
06-25 11:58:39.569  5557  5679 I SemanticLocation: [Scheduler] Periodic Task com.google.android.gms.semanticlocationhistory.deidentifieddata.historicalbusyness.HistoricalBusynessProcessingService.HistoricalBusyness is scheduled to run EVERY_DAY [CONTEXT service_id=173 ]
06-25 11:58:39.570  5557  5679 I SemanticLocation: [Scheduler] Periodic Task com.google.android.gms.semanticlocationhistory.db.OdlhRemovedAccountsCleanupJob.OdlhRemovedAccountsCleanup is scheduled to run EVERY_DAY [CONTEXT service_id=173 ]
06-25 11:58:39.576  5557  5679 I SemanticLocation: [Scheduler] Periodic Task com.google.android.gms.semanticlocationhistory.db.OdlhUserEditSyncJob.OdlhUserEditSync is scheduled to run EVERY_DAY [CONTEXT service_id=173 ]
06-25 11:58:39.578  5470  5535 D nativeloader: Configuring clns-10 for other apk . target_sdk_version=33, uses_libraries=ALL, library_path=/data/user_de/0/com.google.android.gms/app_chimera/m/00000001/CronetDynamite.apk!/lib/x86_64:/data/user_de/0/com.google.android.gms/app_chimera/m/00000001/CronetDynamite.apk!/lib/arm64-v8a, permitted_path=/data:/mnt/expand
06-25 11:58:39.578  5557  5557 D BoundBrokerSvc: onUnbind: Intent { act=com.google.android.gms.common.BIND_SHARED_PREFS pkg=com.google.android.gms }
06-25 11:58:39.579  5557  5669 I ChimeraConfigurator: Detected pending changes for urgent request: [photopicker_activity, mlkit.ocr.common, vision.ocr, tflite_dynamite, maps_core, mlkit.barcode.ui]. Pending module sets: container:2318189190800+maps_core+mlkit.barcode.ui+mlkit.ocr.common+vision.barcode,tflite_dynamite:2605805025100800+tflite_dynamite,vision_ocr:2316024025100000+vision.ocr
06-25 11:58:39.581  5557  5679 I SemanticLocation: [Scheduler] Periodic Task com.google.android.gms.semanticlocationhistory.federated.regionfetcher.RegionMddMaintenanceService.RegionMddMaintenanceTask is scheduled to run EVERY_DAY [CONTEXT service_id=173 ]
06-25 11:58:39.583  5557  5679 I SemanticLocation: [Scheduler] Periodic Task com.google.android.gms.semanticlocationhistory.federated.regionfetcher.RegionMddDownloadScheduleService.RegionMddRefreshDownloadTask is scheduled to run EVERY_6_HOURS [CONTEXT service_id=173 ]
06-25 11:58:39.584   518  1616 D ConnectivityService: requestNetwork for uid/pid:10132/5470 activeRequest: null callbackRequest: 126 [NetworkRequest [ REQUEST id=127, [ Capabilities: INTERNET&NOT_RESTRICTED&TRUSTED&NOT_VCN_MANAGED Uid: 10132 RequestorUid: 10132 RequestorPkg: com.google.android.gms UnderlyingNetworks: Null] ]] callback flags: 0 order: 2147483647
06-25 11:58:39.585   518   760 D ConnectivityService: NetReassign [127 : null → 101] [c 0] [a 1] [i 0]
06-25 11:58:39.586   518   760 D ConnectivityService: NetReassign [no changes] [c 0] [a 0] [i 1]
06-25 11:58:39.586   518   753 D WifiNetworkFactory: got request NetworkRequest [ REQUEST id=127, [ Capabilities: INTERNET&NOT_RESTRICTED&TRUSTED&NOT_VCN_MANAGED Uid: 10132 RequestorUid: 10132 RequestorPkg: com.google.android.gms UnderlyingNetworks: Null] ]
06-25 11:58:39.587   518   753 D UntrustedWifiNetworkFactory: got request NetworkRequest [ REQUEST id=127, [ Capabilities: INTERNET&NOT_RESTRICTED&TRUSTED&NOT_VCN_MANAGED Uid: 10132 RequestorUid: 10132 RequestorPkg: com.google.android.gms UnderlyingNetworks: Null] ]
06-25 11:58:39.587   518   753 D OemPaidWifiNetworkFactory: got request NetworkRequest [ REQUEST id=127, [ Capabilities: INTERNET&NOT_RESTRICTED&TRUSTED&NOT_VCN_MANAGED Uid: 10132 RequestorUid: 10132 RequestorPkg: com.google.android.gms UnderlyingNetworks: Null] ]
06-25 11:58:39.587   518   753 D MultiInternetWifiNetworkFactory: got request NetworkRequest [ REQUEST id=127, [ Capabilities: INTERNET&NOT_RESTRICTED&TRUSTED&NOT_VCN_MANAGED Uid: 10132 RequestorUid: 10132 RequestorPkg: com.google.android.gms UnderlyingNetworks: Null] ]
06-25 11:58:39.587  5470  5535 I cr_CronetLibraryLoader: Cronet version: 113.0.5672.51, arch: x86_64
06-25 11:58:39.588  5557  5679 I LocationHistory: [IntentOperation] Handling action android.location.PROVIDERS_CHANGED [CONTEXT service_id=314 ]
06-25 11:58:39.588  5557  5679 I LocationHistory: [IntentOperation] Device settings changed to ENABLED. Scheduling periodic tasks. [CONTEXT service_id=314 ]
06-25 11:58:39.588  5557  5679 I SemanticLocation: [Scheduler] Periodic Task com.google.android.gms.semanticlocationhistory.deidentifieddata.storevisits.StoreVisitsProcessingService.StoreVisitsProcessing is scheduled to run EVERY_6_HOURS [CONTEXT service_id=173 ]
06-25 11:58:39.589  5557  5679 I SemanticLocation: [Scheduler] Periodic Task com.google.android.gms.semanticlocationhistory.deidentifieddata.wifi.WifiPlaceVisitProcessingService.WifiPlaceVisit is scheduled to run EVERY_DAY [CONTEXT service_id=173 ]
06-25 11:58:39.589  5557  5679 I SemanticLocation: [Scheduler] Periodic Task com.google.android.gms.semanticlocationhistory.deidentifieddata.uploads.BatchDeidentifiedDataUploadService.BatchDeidentifiedDataUpload is scheduled to run EVERY_6_HOURS [CONTEXT service_id=173 ]
06-25 11:58:39.589  5557  5679 I SemanticLocation: [Scheduler] Periodic Task com.google.android.gms.semanticlocationhistory.geller.GellerCleanupService.GellerCleanup is scheduled to run EVERY_DAY [CONTEXT service_id=173 ]
06-25 11:58:39.590  5557  5679 I SemanticLocation: [Scheduler] Periodic Task com.google.android.gms.semanticlocationhistory.settings.LocationHistoryActiveProcessingService.LocationHistoryActiveProcessing is scheduled to run EVERY_DAY [CONTEXT service_id=173 ]
06-25 11:58:39.590  5557  5679 I SemanticLocation: [Scheduler] Periodic Task com.google.android.gms.semanticlocationhistory.pulp.PulpInferenceService.PulpInference is scheduled to run EVERY_7_DAYS [CONTEXT service_id=173 ]
06-25 11:58:39.591  5557  5557 D BoundBrokerSvc: onBind: Intent { act=com.google.android.gms.common.BIND_SHARED_PREFS pkg=com.google.android.gms }
06-25 11:58:39.592  5557  5557 D BoundBrokerSvc: Loading bound service for intent: Intent { act=com.google.android.gms.common.BIND_SHARED_PREFS pkg=com.google.android.gms }
06-25 11:58:39.594  5557  5679 I SemanticLocation: [Scheduler] Periodic Task com.google.android.gms.semanticlocationhistory.pulp.PulpMddDownloadScheduleService.PulpMddRefreshDownloadTask is scheduled to run EVERY_DAY [CONTEXT service_id=173 ]
06-25 11:58:39.594  5557  5679 I SemanticLocation: [Scheduler] Periodic Task com.google.android.gms.semanticlocationhistory.pulp.PulpMddMaintenanceService.PulpMddMaintenanceTask is scheduled to run EVERY_DAY [CONTEXT service_id=173 ]
06-25 11:58:39.596  5557  5679 I SemanticLocation: [Scheduler] Periodic Task com.google.android.gms.semanticlocationhistory.federated.FederatedScheduleService.FederatedLocation is scheduled to run EVERY_DAY [CONTEXT service_id=173 ]
06-25 11:58:39.596  5557  5679 W GmsTaskScheduler: com.google.android.gms.semanticlocationhistory.federated.FederatedTaskIdentityDataService is not available. This may cause the task to be lost.
06-25 11:58:39.597  5557  5679 I SemanticLocation: [Scheduler] Periodic Task com.google.android.gms.semanticlocationhistory.federated.FederatedTaskIdentityDataService.FederatedLocation is scheduled to run EVERY_DAY [CONTEXT service_id=173 ]
06-25 11:58:39.597  5557  5679 W GmsTaskScheduler: com.google.android.gms.semanticlocationhistory.federated.FederatedJobHistoryService is not available. This may cause the task to be lost.
06-25 11:58:39.598  5557  5679 I SemanticLocation: [Scheduler] Periodic Task com.google.android.gms.semanticlocationhistory.federated.FederatedJobHistoryService.FederatedLocation is scheduled to run EVERY_DAY [CONTEXT service_id=173 ]
06-25 11:58:39.598  5557  5679 I SemanticLocation: [Scheduler] Periodic Task com.google.android.gms.semanticlocationhistory.db.OdlhDatabaseCleanupJob.OdlhDatabaseCleanup is scheduled to run EVERY_DAY [CONTEXT service_id=173 ]
06-25 11:58:39.601   518  2228 D WifiNl80211Manager: Scan result ready event
06-25 11:58:39.601   518  2228 D WifiNative: Scan result ready event
06-25 11:58:39.606  5557  5679 I SemanticLocation: [Scheduler] Periodic Task com.google.android.gms.semanticlocationhistory.edit.EditMergeJob.EditMergeJob is scheduled to run EVERY_DAY [CONTEXT service_id=173 ]
06-25 11:58:39.606  5557  5648 I Icing   : Post-init done
06-25 11:58:39.607  5557  5679 I SemanticLocation: [Scheduler] Periodic Task com.google.android.gms.semanticlocationhistory.edit.EditUploadJob.EditUploadJob is scheduled to run EVERY_DAY [CONTEXT service_id=173 ]
06-25 11:58:39.607  5557  5679 I SemanticLocation: [Scheduler] Periodic Task com.google.android.gms.semanticlocationhistory.deidentifieddata.historicalbusyness.HistoricalBusynessProcessingService.HistoricalBusyness is scheduled to run EVERY_DAY [CONTEXT service_id=173 ]
06-25 11:58:39.608  5557  5667 E PhenotypeRegOp: Attempting to overwrite config package for com.google.android.gms.games [CONTEXT service_id=231 ]
06-25 11:58:39.608  5557  5557 D BoundBrokerSvc: onUnbind: Intent { act=com.google.android.gms.common.BIND_SHARED_PREFS pkg=com.google.android.gms }
06-25 11:58:39.609  5557  5648 I Icing   : Indexing com.google.android.gms-internal.3p:MobileApplication from com.google.android.gms
06-25 11:58:39.609   336  5736 I resolv  : GetAddrInfoHandler::run: {101 786533 101 983141 10132 0}
06-25 11:58:39.609  5557  5669 I DynamiteModule: Considering local module com.google.android.gms.cronet_dynamite:0 and remote module com.google.android.gms.cronet_dynamite:2411
06-25 11:58:39.610  5557  5669 I DynamiteModule: Selected remote version of com.google.android.gms.cronet_dynamite, version >= 2411
06-25 11:58:39.611  5557  5667 E PhenotypeRegOp: Attempting to overwrite config package for com.google.android.gms.maps#com.google.android.gms [CONTEXT service_id=231 ]
06-25 11:58:39.611  5557  5679 I SemanticLocation: [Scheduler] Periodic Task com.google.android.gms.semanticlocationhistory.db.OdlhRemovedAccountsCleanupJob.OdlhRemovedAccountsCleanup is scheduled to run EVERY_DAY [CONTEXT service_id=173 ]
06-25 11:58:39.611   336  5738 I resolv  : res_nmkquery: (QUERY, IN, A)
06-25 11:58:39.611   336  5738 I resolv  : resolv_cache_lookup: FOUND IN CACHE entry=0x7e20e170b810
06-25 11:58:39.611   336  5738 I resolv  : doQuery: rcode=0, ancount=4, return value=101
06-25 11:58:39.611  5557  5679 I SemanticLocation: [Scheduler] Periodic Task com.google.android.gms.semanticlocationhistory.db.OdlhUserEditSyncJob.OdlhUserEditSync is scheduled to run EVERY_DAY [CONTEXT service_id=173 ]
06-25 11:58:39.611   336  5737 I resolv  : res_nmkquery: (QUERY, IN, AAAA)
06-25 11:58:39.612   336  5737 I resolv  : resolv_cache_lookup: FOUND IN CACHE entry=0x7e20e1709770
06-25 11:58:39.612   336  5737 I resolv  : doQuery: rcode=0, ancount=4, return value=149
06-25 11:58:39.613  5557  5667 E PhenotypeRegOp: Attempting to overwrite config package for com.google.android.gms.cast [CONTEXT service_id=231 ]
06-25 11:58:39.613  5470  5734 D TrafficStats: tagSocket(177) with statsTag=0x1065fff, statsUid=-1
06-25 11:58:39.614  5470  5734 D TrafficStats: tagSocket(178) with statsTag=0x1065fff, statsUid=-1
06-25 11:58:39.615  5557  5667 E PhenotypeRegOp: Attempting to overwrite config package for com.google.android.gms.mobile_data_plan [CONTEXT service_id=231 ]
06-25 11:58:39.615  5470  5537 W GLSUser : [DeviceKeyStore] Cannot load key: Device key file not found.
06-25 11:58:39.618  5557  5679 I SemanticLocation: [Scheduler] Periodic Task com.google.android.gms.semanticlocationhistory.federated.regionfetcher.RegionMddMaintenanceService.RegionMddMaintenanceTask is scheduled to run EVERY_DAY [CONTEXT service_id=173 ]
06-25 11:58:39.619  5557  5679 I SemanticLocation: [Scheduler] Periodic Task com.google.android.gms.semanticlocationhistory.federated.regionfetcher.RegionMddDownloadScheduleService.RegionMddRefreshDownloadTask is scheduled to run EVERY_6_HOURS [CONTEXT service_id=173 ]
06-25 11:58:39.630  5557  5667 E PhenotypeRegOp: Attempting to overwrite config package for com.google.android.gms.udc [CONTEXT service_id=231 ]
06-25 11:58:39.632  3074  3116 W DG      : [flow devicekey] DroidGuardRunner.newVmProcessForFastSignalCollection(): Fast program not found [CONTEXT service_id=25 ]
06-25 11:58:39.633  5557  5669 W ziparchive: Unable to open '/data/user_de/0/com.google.android.gms/app_chimera/m/00000001/CronetDynamite.dm': No such file or directory
06-25 11:58:39.667  5557  5648 I Icing   : Indexing done com.google.android.gms-internal.3p:MobileApplication
06-25 11:58:39.685  5557  5669 I GmsDebugLogger: [73] 1801
06-25 11:58:39.686  5557  5669 W ZappDownloader: No successful module downloads for requested features [photopicker_activity, mlkit.ocr.common, vision.ocr, tflite_dynamite, maps_core, mlkit.barcode.ui].
06-25 11:58:39.686  5557  5669 I GmsDebugLogger: [30] [VisionOcrDynamite.integ:231602402100000],[VisionBarcode.optional:231818100800],[TfliteDynamiteDynamite.integ:260580502100800],[MlkitOcrCommon.optional:231818100800],[MapsCoreDynamite.integ:231112103100800],[MlkitBarcodeUi.optional:231818100000]
06-25 11:58:39.689  5557  5669 I ChimeraConfigService: Scheduling checkin for one-off execution between [3300,43201] seconds from now (1782388719689) [CONTEXT service_id=264 ]
06-25 11:58:39.690  5557  5669 I ChimeraConfigurator: Update complete: success
06-25 11:58:39.696  5557  5669 I GmsModuleFndr: Beginning GMS chimera module scan
06-25 11:58:39.726  5557  5669 I ModuleSetMgr: Computing pending module set with APKs: [[AdsFdrDynamite.integ:231004600100000], [Cronetdynamite:231818190800], [Dynamiteloader:231818190000], [Dynamitemodulesa:231818190000], [Dynamitemodulesc:231818190000], [Googlecertificates:231818190000], [Mapsdynamite:231818190000], [Measurementdynamite:231818190000]]
06-25 11:58:39.743   518   903 D CompatibilityChangeReporter: Compat change id reported: 161252188; UID 10129; state: DISABLED
06-25 11:58:39.750  5557  5729 I Icing   : IndexChimeraService.getServiceInterface callingPackage=com.google.android.gms componentName=ContactsIndexer serviceId=33
06-25 11:58:39.763  5557  5648 I Icing   : Usage reports ok 0, Failed Usage reports 0, indexed 0, rejected 0
06-25 11:58:39.772  5557  5669 I ModuleSetMgr: Pending container module APKs: []
06-25 11:58:39.772  5557  5669 I ModuleSetMgr: Pending non-container module APKs: []
06-25 11:58:39.773  5557  5672 I Checkin : [EventLogChimeraService] Opted in for usage reporting: false
06-25 11:58:39.788  5557  5669 W PackageParser: Unknown element under <manifest>: queries at /data/user_de/0/com.google.android.gms/app_chimera/m/00000000/AdsDynamite.apk Binary XML file line #15
06-25 11:58:39.797  5557  5648 I Icing   : Usage reports ok 0, Failed Usage reports 0, indexed 0, rejected 0
06-25 11:58:39.801  5557  5669 W PackageParser: Unknown element under <manifest>: queries at /data/user_de/0/com.google.android.gms/app_chimera/m/00000004/DynamiteModulesC.apk Binary XML file line #15
06-25 11:58:39.820  5557  5648 I Icing   : Usage reports ok 0, Failed Usage reports 0, indexed 0, rejected 0
06-25 11:58:39.828   518  2228 I RemoteProvisionSysSvc: getRegistration(android.hardware.security.keymint.IRemotelyProvisionedComponent/default)
06-25 11:58:39.830   518   518 I RegistrationProxy: onServiceConnected: com.android.rkpdapp.service.RemoteProvisioningService
06-25 11:58:39.998     0     0 I servicemanager: Found android.hardware.security.keymint.IRemotelyProvisionedComponent/default in device VINTF manifest.
06-25 11:58:39.832   518   903 I RegistrationProxy: IGetRegistrationCallback.onSuccess
06-25 11:58:39.834   518  2233 I RemoteProvisionSysSvc: Fetching key 10132 for client 184097338
06-25 11:58:39.834   518  2233 I RegistrationProxy: getKeyAsync operation started with callback 82446059
06-25 11:58:39.834  3570  3668 I RkpdRegistrationBinder: Key requested for : android.hardware.security.keymint.IRemotelyProvisionedComponent/default, clientUid: 1017, keyId: 10132, callback: 97352101
06-25 11:58:39.834  3570  3668 I RkpdRegistrationBinder: Key successfully assigned to client
06-25 11:58:39.835   518   518 I RemoteProvisionSysSvc: Successfully fetched key for client 184097338
06-25 11:58:39.840  5557  5672 W GmsTaskScheduler: ScheduledCheckinGmsTaskService is not available. This may cause the task to be lost.
06-25 11:58:39.844  5557  5557 D BoundBrokerSvc: onBind: Intent { act=com.google.android.gms.common.BIND_SHARED_PREFS pkg=com.google.android.gms }
06-25 11:58:39.844  5557  5557 D BoundBrokerSvc: Loading bound service for intent: Intent { act=com.google.android.gms.common.BIND_SHARED_PREFS pkg=com.google.android.gms }
06-25 11:58:39.850   518   550 D CompatibilityChangeReporter: Compat change id reported: 135634846; UID 10132; state: DISABLED
06-25 11:58:39.850   518   551 D CompatibilityChangeReporter: Compat change id reported: 143937733; UID 10132; state: ENABLED
06-25 11:58:39.860   337   337 D Zygote  : Forked child process 5752
06-25 11:58:39.860   518   551 I ActivityManager: Start proc 5752:com.google.android.gms.ui/u0a132 for service {com.google.android.gms/com.google.android.gms.chimera.UiIntentOperationService}
06-25 11:58:39.864  5557  5672 I Checkin : [EventLogChimeraService] Accumulating logs since 1782388716537
06-25 11:58:39.865  5557  5557 D BoundBrokerSvc: onUnbind: Intent { act=com.google.android.gms.common.BIND_SHARED_PREFS pkg=com.google.android.gms }
06-25 11:58:39.867  5470  5734 D TrafficStats: tagSocket(180) with statsTag=0x1065fff, statsUid=-1
06-25 11:58:39.869  5752  5752 I .android.gms.ui: Using CollectorTypeCC GC.
06-25 11:58:39.870  5752  5752 W .android.gms.ui: Unexpected CPU variant for x86: x86_64.
06-25 11:58:39.870  5752  5752 W .android.gms.ui: Known variants: atom, sandybridge, silvermont, goldmont, goldmont-plus, tremont, kabylake, default
06-25 11:58:39.871  5752  5752 E .android.gms.ui: Not starting debugger since process cannot load the jdwp agent.
06-25 11:58:39.873  5557  5673 I EnterpriseLoader: [ConditionsChecker] ZT config not present. [CONTEXT service_id=225 ]
06-25 11:58:39.874  5557  5673 I SnapshotHandler: Unable to retrieve flag snapshot for com.google.android.gms.esim#com.google.android.gms, using defaults.
06-25 11:58:39.874  5557  5673 I EsimModuleInit: onHandleIntent action: com.google.android.gms.chimera.container.CONTAINER_UPDATED [CONTEXT service_id=333 ]
06-25 11:58:40.043     0     0 I logd    : logdr: UID=10132 GID=10132 PID=5557 n tail=0 logMask=4 pid=0 start=0ns deadline=0ns
06-25 11:58:39.878  5470  5734 D TrafficStats: tagSocket(180) with statsTag=0x1065fff, statsUid=-1
06-25 11:58:39.883  5470  5734 D TrafficStats: tagSocket(180) with statsTag=0x1065fff, statsUid=-1
06-25 11:58:39.894  5557  5673 I MlBenchmarkInstaller: Intent: com.google.android.gms.chimera.container.CONTAINER_UPDATED [CONTEXT service_id=340 ]
06-25 11:58:39.895  5557  5672 D CompatibilityChangeReporter: Compat change id reported: 247079863; UID 10132; state: DISABLED
06-25 11:58:39.895  5557  5729 I Icing   : IndexChimeraService.getServiceInterface callingPackage=com.google.android.gms componentName=null serviceId=36
06-25 11:58:39.904  5557  5648 I Icing   : Usage reports ok 0, Failed Usage reports 0, indexed 0, rejected 0
06-25 11:58:39.905  5752  5752 D CompatibilityChangeReporter: Compat change id reported: 171979766; UID 10132; state: ENABLED
06-25 11:58:39.905  5752  5752 D CompatibilityChangeReporter: Compat change id reported: 242716250; UID 10132; state: DISABLED
06-25 11:58:39.911  5752  5752 D nativeloader: Configuring clns-6 for other apk /system/framework/org.apache.http.legacy.jar. target_sdk_version=33, uses_libraries=ALL, library_path=/product/priv-app/PrebuiltGmsCore/lib/x86_64:/product/priv-app/PrebuiltGmsCore/PrebuiltGmsCore.apk!/lib/x86_64, permitted_path=/data:/mnt/expand:/data/user/0/com.google.android.gms
06-25 11:58:39.912  5557  5673 I NearbySharing: Runtime state initialization complete. Sharing is enabled. [CONTEXT service_id=194 ]
06-25 11:58:39.912  5557  5673 W libc    : Access denied finding property "ro.hardware.chipname"
06-25 11:58:39.913  5557  5673 W ChipsetHelper: Unknown chipset! [CONTEXT service_id=301 ]
06-25 11:58:39.913  5557  5673 I NnApiDriverManager: Registering application with chipset 'unknown' [CONTEXT service_id=301 ]
06-25 11:58:39.913  5557  5648 I Icing   : Usage reports ok 0, Failed Usage reports 0, indexed 0, rejected 0
06-25 11:58:39.919  5752  5752 D nativeloader: Configuring clns-7 for other apk /system/framework/com.android.media.remotedisplay.jar. target_sdk_version=33, uses_libraries=ALL, library_path=/product/priv-app/PrebuiltGmsCore/lib/x86_64:/product/priv-app/PrebuiltGmsCore/PrebuiltGmsCore.apk!/lib/x86_64, permitted_path=/data:/mnt/expand:/data/user/0/com.google.android.gms
06-25 11:58:39.921  5557  5673 D libEGL  : loaded /vendor/lib64/egl/libEGL_emulation.so
06-25 11:58:39.922  5557  5673 D libEGL  : loaded /vendor/lib64/egl/libGLESv1_CM_emulation.so
06-25 11:58:39.923  5557  5673 D libEGL  : loaded /vendor/lib64/egl/libGLESv2_emulation.so
06-25 11:58:39.924  5752  5752 D nativeloader: Configuring clns-8 for other apk /system/framework/com.android.location.provider.jar. target_sdk_version=33, uses_libraries=ALL, library_path=/product/priv-app/PrebuiltGmsCore/lib/x86_64:/product/priv-app/PrebuiltGmsCore/PrebuiltGmsCore.apk!/lib/x86_64, permitted_path=/data:/mnt/expand:/data/user/0/com.google.android.gms
06-25 11:58:39.924  5752  5752 D ApplicationLoaders: Returning zygote-cached class loader: /system_ext/framework/androidx.window.extensions.jar
06-25 11:58:39.924  5752  5752 D ApplicationLoaders: Returning zygote-cached class loader: /system_ext/framework/androidx.window.sidecar.jar
06-25 11:58:39.927  5470  5470 I NearbySharing: ReceiveSurfaceService started [CONTEXT service_id=194 ]
06-25 11:58:39.930  5470  5734 D TrafficStats: tagSocket(180) with statsTag=0x1065fff, statsUid=-1
06-25 11:58:39.940  5557  5729 D CompatibilityChangeReporter: Compat change id reported: 3400644; UID 10132; state: DISABLED
06-25 11:58:39.941  5470  5734 D TrafficStats: tagSocket(178) with statsTag=0x1065fff, statsUid=-1
06-25 11:58:39.941  5557  5729 I NearbySharing: onBindSlice failed since shareTargets is empty [CONTEXT service_id=194 ]
06-25 11:58:39.945  5752  5752 D nativeloader: InitLlndkLibrariesProduct: libEGL.so:libGLESv1_CM.so:libGLESv2.so:libGLESv3.so:libRS.so:libandroid_net.so:libbinder_ndk.so:libc.so:libcgrouprc.so:libclang_rt.asan-x86_64-android.so:libcom.android.tethering.connectivity_native.so:libdl.so:libft2.so:liblog.so:libm.so:libmediandk.so:libnativewindow.so:libneuralnetworks.so:libselinux.so:libsync.so:libvndksupport.so:libvulkan.so
06-25 11:58:39.945  5752  5752 D nativeloader: Configuring product-clns-9 for unbundled product apk /product/priv-app/PrebuiltGmsCore/PrebuiltGmsCore.apk. target_sdk_version=33, uses_libraries=, library_path=/product/priv-app/PrebuiltGmsCore/lib/x86_64:/product/priv-app/PrebuiltGmsCore/PrebuiltGmsCore.apk!/lib/x86_64:/product/lib64:/system/product/lib64, permitted_path=/data:/mnt/expand:/data/user/0/com.google.android.gms:/product/lib64:/system/product/lib64
06-25 11:58:39.945  5752  5752 D nativeloader: InitVndkspLibrariesProduct: android.hardware.common-V2-ndk.so:android.hardware.common.fmq-V1-ndk.so:android.hardware.graphics.allocator-V2-ndk.so:android.hardware.graphics.common-V4-ndk.so:android.hardware.graphics.common@1.0.so:android.hardware.graphics.common@1.1.so:android.hardware.graphics.common@1.2.so:android.hardware.graphics.composer3-V1-ndk.so:android.hardware.graphics.mapper@2.0.so:android.hardware.graphics.mapper@2.1.so:android.hardware.graphics.mapper@3.0.so:android.hardware.graphics.mapper@4.0.so:android.hardware.renderscript@1.0.so:android.hidl.memory.token@1.0.so:android.hidl.memory@1.0-impl.so:android.hidl.memory@1.0.so:android.hidl.safe_union@1.0.so:libRSCpuRef.so:libRSDriver.so:libRS_internal.so:libbase.so:libbcinfo.so:libblas.so:libc++.so:libcompiler_rt.so:libcutils.so:libdmabufheap.so:libgralloctypes.so:libhardware.so:libhidlbase.so:libhidlmemory.so:libion.so:libjsoncpp.so:liblzma.so:libprocessgroup.so:libunwindstack.so:libutils.so:libutilscallstack.so:libz.so
06-25 11:58:39.948  5557  5729 I NearbySharing: Granted slice and Uri permissions to android [CONTEXT service_id=194 ]
06-25 11:58:39.961  5752  5752 V GraphicsEnvironment: Currently set values for:
06-25 11:58:39.961  5752  5752 V GraphicsEnvironment:   angle_gl_driver_selection_pkgs=[]
06-25 11:58:39.961  5752  5752 V GraphicsEnvironment:   angle_gl_driver_selection_values=[]
06-25 11:58:39.961  5752  5752 V GraphicsEnvironment: ANGLE GameManagerService for com.google.android.gms: false
06-25 11:58:39.961  5752  5752 V GraphicsEnvironment: com.google.android.gms is not listed in per-application setting
06-25 11:58:39.961  5752  5752 V GraphicsEnvironment: Neither updatable production driver nor prerelease driver is supported.
06-25 11:58:39.986  5752  5752 D CompatibilityChangeReporter: Compat change id reported: 160794467; UID 10132; state: ENABLED
06-25 11:58:39.988  3074  5468 W DG      : [flow checkin] DroidGuardRunner.newVmProcessForFastSignalCollection(): Fast program not found [CONTEXT service_id=25 ]
06-25 11:58:39.996  5752  5752 W ProviderHelper: Unknown dynamite feature providerinstaller.dynamite
06-25 11:58:39.996  5752  5752 I DynamiteModule: Considering local module com.google.android.gms.providerinstaller.dynamite:1 and remote module com.google.android.gms.providerinstaller.dynamite:0
06-25 11:58:39.996  5752  5752 I DynamiteModule: Selected local version of com.google.android.gms.providerinstaller.dynamite
06-25 11:58:39.998  5752  5752 V NativeCrypto: Registering com/google/android/gms/org/conscrypt/NativeCrypto's 295 native methods...
06-25 11:58:40.001  5470  5734 D TrafficStats: tagSocket(179) with statsTag=0x1065fff, statsUid=-1
06-25 11:58:40.008  5470  5734 D TrafficStats: tagSocket(178) with statsTag=0x1065fff, statsUid=-1
06-25 11:58:40.012  5752  5752 I ProviderInstaller: Installed default security provider GmsCore_OpenSSL
06-25 11:58:40.017   518  2726 I RemoteProvisionSysSvc: getRegistration(android.hardware.security.keymint.IRemotelyProvisionedComponent/default)
06-25 11:58:40.021   518   518 I RegistrationProxy: onServiceConnected: com.android.rkpdapp.service.RemoteProvisioningService
06-25 11:58:40.025   518  1540 I RegistrationProxy: IGetRegistrationCallback.onSuccess
06-25 11:58:40.190     0     0 I servicemanager: Found android.hardware.security.keymint.IRemotelyProvisionedComponent/default in device VINTF manifest.
06-25 11:58:40.028   518  1616 I RemoteProvisionSysSvc: Fetching key 10132 for client 200315130
06-25 11:58:40.028   518  1616 I RegistrationProxy: getKeyAsync operation started with callback 217454251
06-25 11:58:40.029  3570  3668 I RkpdRegistrationBinder: Key requested for : android.hardware.security.keymint.IRemotelyProvisionedComponent/default, clientUid: 1017, keyId: 10132, callback: 204559752
06-25 11:58:40.029  3570  3668 I RkpdRegistrationBinder: Key successfully assigned to client
06-25 11:58:40.030   518   518 I RemoteProvisionSysSvc: Successfully fetched key for client 200315130
06-25 11:58:40.045  5752  5783 I GMS_MM_Logger: Start time: 56519
06-25 11:58:40.045  5752  5783 I GMS_MM_Logger: Started.
06-25 11:58:40.046  5752  5752 D CompatibilityChangeReporter: Compat change id reported: 183155436; UID 10132; state: ENABLED
06-25 11:58:40.046  5752  5752 I GmsApplication: [gms_startup_benchmark] Static start time (ms): 79276, Startup latency (ms): 84, Is system user: true
06-25 11:58:40.046  5752  5752 I cuir    : Primes not initialized, returning default (no-op) Primes instance which will ignore all calls. Please call Primes.initialize(...) before using any Primes API.
06-25 11:58:40.047   518   893 I ActivityManager: Flag disabled. Ignoring finishAttachApplication from uid: 10132. pid: 5752
06-25 11:58:40.076  3074  3074 W binder:3074_3: type=1400 audit(0.0:38): avc:  denied  { read } for  name="u:object_r:system_adbd_prop:s0" dev="tmpfs" ino=292 scontext=u:r:gmscore_app:s0:c512,c768 tcontext=u:object_r:system_adbd_prop:s0 tclass=file permissive=0 app=com.google.android.gms
06-25 11:58:40.082  3074  3116 W libc    : Access denied finding property "persist.adb.tls_server.enable"
06-25 11:58:40.082  3074  3116 W libc    : Access denied finding property "service.adb.tls.port"
06-25 11:58:40.086  5470  5734 D TrafficStats: tagSocket(180) with statsTag=0x1065fff, statsUid=-1
06-25 11:58:40.087  3074  3116 W SystemServiceRegistry: No service published for: persistent_data_block
06-25 11:58:40.080  3074  3074 W binder:3074_3: type=1400 audit(0.0:39): avc:  denied  { read } for  name="u:object_r:adbd_prop:s0" dev="tmpfs" ino=60 scontext=u:r:gmscore_app:s0:c512,c768 tcontext=u:object_r:adbd_prop:s0 tclass=file permissive=0 app=com.google.android.gms
06-25 11:58:40.106  5470  5734 D TrafficStats: tagSocket(178) with statsTag=0x1065fff, statsUid=-1
