06-25 11:58:40.545  5470  5537 W GLSUser : 	at otv.a(:com.google.android.gms@231818047@23.18.18 (190800-535401451):0)
06-25 11:58:40.545  5470  5537 W GLSUser : 	at otx.a(:com.google.android.gms@231818047@23.18.18 (190800-535401451):6)
06-25 11:58:40.545  5470  5537 W GLSUser : 	at otx.b(:com.google.android.gms@231818047@23.18.18 (190800-535401451):0)
06-25 11:58:40.545  5470  5537 W GLSUser : 	at abxk.r(:com.google.android.gms@231818047@23.18.18 (190800-535401451):1)
06-25 11:58:40.545  5470  5537 W GLSUser : 	at abxw.e(:com.google.android.gms@231818047@23.18.18 (190800-535401451):4)
06-25 11:58:40.545  5470  5537 W GLSUser : 	at abxw.g(:com.google.android.gms@231818047@23.18.18 (190800-535401451):0)
06-25 11:58:40.545  5470  5537 W GLSUser : 	at cyeg.a(:com.google.android.gms@231818047@23.18.18 (190800-535401451):27)
06-25 11:58:40.545  5470  5537 W GLSUser : 	at czpd.call(:com.google.android.gms@231818047@23.18.18 (190800-535401451):78)
06-25 11:58:40.545  5470  5537 W GLSUser : 	at java.util.concurrent.FutureTask.run(FutureTask.java:264)
06-25 11:58:40.545  5470  5537 W GLSUser : 	at aced.c(:com.google.android.gms@231818047@23.18.18 (190800-535401451):6)
06-25 11:58:40.545  5470  5537 W GLSUser : 	at aced.run(:com.google.android.gms@231818047@23.18.18 (190800-535401451):7)
06-25 11:58:40.545  5470  5537 W GLSUser : 	at java.util.concurrent.ThreadPoolExecutor.runWorker(ThreadPoolExecutor.java:1145)
06-25 11:58:40.545  5470  5537 W GLSUser : 	at java.util.concurrent.ThreadPoolExecutor$Worker.run(ThreadPoolExecutor.java:644)
06-25 11:58:40.545  5470  5537 W GLSUser : 	at acjn.run(:com.google.android.gms@231818047@23.18.18 (190800-535401451):0)
06-25 11:58:40.545  5470  5537 W GLSUser : 	at java.lang.Thread.run(Thread.java:1012)
06-25 11:58:40.545  5470  5537 W GLSUser : Caused by: avvw: Parse Proto Exception.
06-25 11:58:40.545  5470  5537 W GLSUser : 	at avwn.f(:com.google.android.gms@231818047@23.18.18 (190800-535401451):5)
06-25 11:58:40.545  5470  5537 W GLSUser : 	at avxk.onSucceeded(:com.google.android.gms@231818047@23.18.18 (190800-535401451):0)
06-25 11:58:40.545  5470  5537 W GLSUser : 	at jf.onSucceeded(:com.google.android.gms.dynamite_cronetdynamite@231818047@23.18.18 (190800-0):0)
06-25 11:58:40.545  5470  5537 W GLSUser : 	at ie.run(:com.google.android.gms.dynamite_cronetdynamite@231818047@23.18.18 (190800-0):4)
06-25 11:58:40.545  5470  5537 W GLSUser : 	... 6 more
06-25 11:58:40.545  5470  5537 W GLSUser : Caused by: dzfz: Protocol message contained an invalid tag (zero).
06-25 11:58:40.545  5470  5537 W GLSUser : 	at dzdb.k(:com.google.android.gms@231818047@23.18.18 (190800-535401451):13)
06-25 11:58:40.545  5470  5537 W GLSUser : 	at dzha.c(:com.google.android.gms@231818047@23.18.18 (190800-535401451):47)
06-25 11:58:40.545  5470  5537 W GLSUser : 	at dzha.h(:com.google.android.gms@231818047@23.18.18 (190800-535401451):45)
06-25 11:58:40.545  5470  5537 W GLSUser : 	at dzfd.A(:com.google.android.gms@231818047@23.18.18 (190800-535401451):2)
06-25 11:58:40.545  5470  5537 W GLSUser : 	at dzex.f(:com.google.android.gms@231818047@23.18.18 (190800-535401451):0)
06-25 11:58:40.545  5470  5537 W GLSUser : 	at dzcx.d(:com.google.android.gms@231818047@23.18.18 (190800-535401451):0)
06-25 11:58:40.545  5470  5537 W GLSUser : 	at dzcx.c(:com.google.android.gms@231818047@23.18.18 (190800-535401451):0)
06-25 11:58:40.545  5470  5537 W GLSUser : 	at dzcx.n(:com.google.android.gms@231818047@23.18.18 (190800-535401451):0)
06-25 11:58:40.545  5470  5537 W GLSUser : 	at avwn.h(:com.google.android.gms@231818047@23.18.18 (190800-535401451):7)
06-25 11:58:40.545  5470  5537 W GLSUser : 	at avwn.f(:com.google.android.gms@231818047@23.18.18 (190800-535401451):1)
06-25 11:58:40.545  5470  5537 W GLSUser : 	... 9 more
06-25 11:58:40.547  5470  5537 W GLSUser : [DeviceKeyStore] Cannot load key: Device key file not found.
06-25 11:58:40.553   336  5799 I resolv  : GetAddrInfoHandler::run: {101 786533 101 983141 10132 0}
06-25 11:58:40.554   336  5800 I resolv  : res_nmkquery: (QUERY, IN, AAAA)
06-25 11:58:40.555   336  5801 I resolv  : res_nmkquery: (QUERY, IN, A)
06-25 11:58:40.570   336  5804 I resolv  : GetAddrInfoHandler::run: {101 786533 101 983141 10132 0}
06-25 11:58:40.570   336  5805 I resolv  : res_nmkquery: (QUERY, IN, AAAA)
06-25 11:58:40.570   336  5805 I resolv  : resolv_cache_lookup: FOUND IN CACHE entry=0x7e20e170ca10
06-25 11:58:40.570   336  5805 I resolv  : doQuery: rcode=0, ancount=4, return value=152
06-25 11:58:40.571   336  5806 I resolv  : res_nmkquery: (QUERY, IN, A)
06-25 11:58:40.571   336  5806 I resolv  : resolv_cache_lookup: FOUND IN CACHE entry=0x7e20e170b4b0
06-25 11:58:40.571   336  5806 I resolv  : doQuery: rcode=0, ancount=4, return value=104
06-25 11:58:40.571  5557  5672 D TrafficStats: tagSocket(67) with statsTag=0x30000408, statsUid=-1
06-25 11:58:40.872  5470  5658 I Nearby  : is blocked device type false, isAuto=false, isIot=false, isLatchsky=false, isChinaWearable=false, isTv=false, isWearable=false (supportWearOs=false), isChromeOsDevice=false (supportChromeOs=false) [CONTEXT service_id=49 ]
06-25 11:58:40.873  5470  5658 I NearbyDiscovery: DiscoveryController, showNotification, itemSize=0 [CONTEXT service_id=265 ]
06-25 11:58:40.873  5470  5658 I NearbyDiscovery: Show notifications: 0 total, no changes since last shown, no-op. [CONTEXT service_id=265 ]
06-25 11:58:40.932  5812  5812 W BpBinder: Linking to death on android.gui.ISurfaceComposer but there are no threads (yet?) listening to incoming transactions. See ProcessState::startThreadPool and ProcessState::setThreadPoolMaxThreadCount. Generally you should setup the binder threadpool before other initialization steps.
06-25 11:58:40.932  5812  5812 W ProcessState: Extra binder thread started, but 0 threads requested. Do not use *startThreadPool when zero threads are requested.
06-25 11:58:40.939   135   135 I hwservicemanager: getTransport: Cannot find entry android.hardware.graphics.mapper@4.0::IMapper/default in either framework or device VINTF manifest.
06-25 11:58:40.939  5812  5813 I Gralloc4: mapper 4.x is not supported
06-25 11:58:41.105     0     0 I servicemanager: Could not find android.hardware.graphics.allocator.IAllocator/default in the VINTF manifest.
06-25 11:58:40.940   518   610 D ActivityManager: freezing 1740 com.google.android.apps.youtube.music
06-25 11:58:40.952   336  5801 I resolv  : res_nsend: used send_dg 109 terrno: 0
06-25 11:58:40.952   336  5801 I resolv  : doQuery: rcode=0, ancount=4, return value=109
06-25 11:58:40.952   336  5800 I resolv  : res_nsend: used send_dg 157 terrno: 0
06-25 11:58:40.952   336  5800 I resolv  : doQuery: rcode=0, ancount=4, return value=157
06-25 11:58:40.953  5557  5672 W ProviderHelper: Unknown dynamite feature providerinstaller.dynamite
06-25 11:58:40.953  5557  5672 I DynamiteModule: Considering local module com.google.android.gms.providerinstaller.dynamite:1 and remote module com.google.android.gms.providerinstaller.dynamite:0
06-25 11:58:40.953  5557  5672 I DynamiteModule: Selected local version of com.google.android.gms.providerinstaller.dynamite
06-25 11:58:40.966  5470  5498 D TrafficStats: tagSocket(6) with statsTag=0x34000609, statsUid=10125
06-25 11:58:40.975  5557  5672 W Conscrypt: Could not set socket write timeout: java.net.SocketException: Socket closed
06-25 11:58:40.975  5557  5672 W Conscrypt: 	at com.google.android.gms.org.conscrypt.Platform.setSocketWriteTimeout(:com.google.android.gms@231818047@23.18.18 (190800-535401451):2)
06-25 11:58:40.975  5557  5672 W Conscrypt: 	at com.google.android.gms.org.conscrypt.ConscryptFileDescriptorSocket.setSoWriteTimeout(:com.google.android.gms@231818047@23.18.18 (190800-535401451):0)
06-25 11:58:40.993  5470  5476 W .gms.persistent: Suspending all threads took: 9.723ms
06-25 11:58:40.997  5470  5476 I .gms.persistent: Background young concurrent copying GC freed 241406(14MB) AllocSpace objects, 0(0B) LOS objects, 52% free, 13MB/27MB, paused 167us,9.913ms total 51.477ms
06-25 11:58:41.031  5023  5102 W Bugle   : TextClassifierLibManagerImpl: Reclaiming memory at level: 40
06-25 11:58:41.091  1048  1048 D CarrierSvcBindHelper: onPackageModified: com.google.android.apps.messaging
06-25 11:58:41.092  1048  1048 D CarrierSvcBindHelper: No carrier app for: 0
06-25 11:58:41.092   518   603 D CompatibilityChangeReporter: Compat change id reported: 218533173; UID 10129; state: ENABLED
06-25 11:58:41.092   518   603 D CompatibilityChangeReporter: Compat change id reported: 262645982; UID 10129; state: ENABLED
06-25 11:58:41.094  3987  3987 V MediaPlayerList: mPackageChangedBroadcastReceiver: action: android.intent.action.PACKAGE_CHANGED
06-25 11:58:41.095  3987  3987 V MediaPlayerList: mPackageChangedBroadcastReceiver: action: android.intent.action.PACKAGE_CHANGED
06-25 11:58:41.098  3987  3987 V MediaPlayerList: mPackageChangedBroadcastReceiver: action: android.intent.action.PACKAGE_CHANGED
06-25 11:58:41.099   518   611 I RoleService: Granting default roles...
06-25 11:58:41.100   831   831 D ControlsListingControllerImpl: ServiceConfig reloaded, count: 0
06-25 11:58:41.109   841  1013 E RoleControllerServiceImpl: Default/fallback role holder package doesn't qualify for the role, package: com.google.android.gms.supervision, role: android.app.role.SYSTEM_SUPERVISION
06-25 11:58:41.109   518   622 I InputReader: Reconfiguring input devices, changes=KEYBOARD_LAYOUTS
06-25 11:58:41.110   841  1013 I Role    : com.google.android.gms not qualified for android.app.role.SYSTEM_CALL_STREAMING due to missing RequiredComponent{mIntentFilterData=IntentFilterData{mAction='android.telecom.CallStreamingService', mCategories='[]', mDataScheme='null', mDataType='null'}, mMinTargetSdkVersion=1, mFlags='0', mPermission='android.permission.BIND_CALL_STREAMING_SERVICE', mQueryFlags=0, mMetaData=[]}
06-25 11:58:41.110   841  1013 E RoleControllerServiceImpl: Default/fallback role holder package doesn't qualify for the role, package: com.google.android.gms, role: android.app.role.SYSTEM_CALL_STREAMING
06-25 11:58:41.110   841  4385 I PermissionControllerServiceImpl: Updating user sensitive for uid 10129
06-25 11:58:41.110   841  4385 I PermissionControllerServiceImpl: Updating user sensitive for uid 10154
06-25 11:58:41.110   841  4385 I PermissionControllerServiceImpl: Updating user sensitive for uid 10132
06-25 11:58:41.111   841  1013 W Role    : Default holder doesn't have required signing certificate: com.google.android.apps.work.clouddpc:23962F4B43B9857638EA66F4D419518EAE282491ACDA4B94707BD59003C45E58
06-25 11:58:41.113   518   610 D ActivityManager: freezing 3759 com.google.android.projection.gearhead:shared
06-25 11:58:41.114  3987  3987 V MediaPlayerList: mPackageChangedBroadcastReceiver: action: android.intent.action.PACKAGE_CHANGED
06-25 11:58:41.114  3987  3987 V MediaPlayerList: mPackageChangedBroadcastReceiver: action: android.intent.action.PACKAGE_CHANGED
06-25 11:58:41.116  3987  3987 V MediaPlayerList: mPackageChangedBroadcastReceiver: action: android.intent.action.PACKAGE_CHANGED
06-25 11:58:41.117   831   900 D StylusManager: Stylus InputDevice changed: 12 virtio_input_multi_touch_9
06-25 11:58:41.118   831   831 D ControlsListingControllerImpl: ServiceConfig reloaded, count: 0
06-25 11:58:41.126   831   831 D ControlsListingControllerImpl: ServiceConfig reloaded, count: 0
06-25 11:58:41.172  1048  1048 D CarrierSvcBindHelper: onPackageModified: com.google.android.contacts
06-25 11:58:41.172  1048  1315 D ImsResolver: maybeAddedImsService, packageName: com.google.android.apps.messaging
06-25 11:58:41.172  1048  1048 D CarrierSvcBindHelper: No carrier app for: 0
06-25 11:58:41.174   831   900 D StylusManager: Stylus InputDevice changed: 10 virtio_input_multi_touch_7
06-25 11:58:41.175   831   900 D StylusManager: Stylus InputDevice changed: 11 virtio_input_multi_touch_8
06-25 11:58:41.175   831   900 D StylusManager: Stylus InputDevice changed: 5 virtio_input_multi_touch_2
06-25 11:58:41.175   831   900 D StylusManager: Stylus InputDevice changed: 8 virtio_input_multi_touch_5
06-25 11:58:41.176   831   900 D StylusManager: Stylus InputDevice changed: 14 virtio_input_multi_touch_11
06-25 11:58:41.183   831   900 D StylusManager: Stylus InputDevice changed: 6 virtio_input_multi_touch_3
06-25 11:58:41.190   831   900 D StylusManager: Stylus InputDevice changed: 13 virtio_input_multi_touch_10
06-25 11:58:41.194   831   900 D StylusManager: Stylus InputDevice changed: 4 virtio_input_multi_touch_1
06-25 11:58:41.206  1048  1048 D CarrierSvcBindHelper: onPackageModified: com.google.android.gms
06-25 11:58:41.206  1048  1315 D ImsResolver: maybeAddedImsService, packageName: com.google.android.contacts
06-25 11:58:41.206  1048  1048 D CarrierSvcBindHelper: No carrier app for: 0
06-25 11:58:41.206   831   900 D StylusManager: Stylus InputDevice changed: 9 virtio_input_multi_touch_6
06-25 11:58:41.212   831   900 D StylusManager: Stylus InputDevice changed: 7 virtio_input_multi_touch_4
06-25 11:58:41.223  5816  5816 D AndroidRuntime: >>>>>> START com.android.internal.os.RuntimeInit uid 2000 <<<<<<
06-25 11:58:41.225  1048  1315 D ImsResolver: maybeAddedImsService, packageName: com.google.android.gms
06-25 11:58:41.230  5816  5816 I AndroidRuntime: Using default boot image
06-25 11:58:41.230  5816  5816 I AndroidRuntime: Leaving lock profiling enabled
06-25 11:58:41.233  5816  5816 I app_process: Core platform API reporting enabled, enforcing=false
06-25 11:58:41.233  5816  5816 I app_process: Using CollectorTypeCC GC.
06-25 11:58:41.239   518   549 E system_server: No package ID 7f found for resource ID 0x7f08038b.
06-25 11:58:41.239   518   549 E system_server: No package ID 7f found for resource ID 0x7f150be5.
06-25 11:58:41.239   518   549 E system_server: No package ID 7f found for resource ID 0x7f150be5.
06-25 11:58:41.239   518   549 E system_server: No package ID 7f found for resource ID 0x7f150be4.
06-25 11:58:41.263  5337  5337 I BugleRcsEngine: [2] SystemBindingService.onCreate: SystemBindingService onCreate
06-25 11:58:41.264   518  2988 D ConnectivityService: requestNetwork for uid/pid:10129/5337 activeRequest: null callbackRequest: 129 [NetworkRequest [ REQUEST id=130, [ Capabilities: INTERNET&NOT_RESTRICTED&TRUSTED&NOT_VCN_MANAGED Uid: 10129 RequestorUid: 10129 RequestorPkg: com.google.android.apps.messaging UnderlyingNetworks: Null] ]] callback flags: 0 order: 2147483647
06-25 11:58:41.265  5337  5419 I BugleRcsEngine: [65] bptx.run: SystemBindingService: Starting JibeService
06-25 11:58:41.266  5337  5419 I BugleRcsEngine: [65] bsgz.b: EngineBroadcaster: Broadcasting provisioning intent rcs.intent.action.rcsSystemBinding to Bugle with extras redacted-pii:[null] from source SYSTEM_BINDING_SERVICE
06-25 11:58:41.266  1571  1571 I AiAiEcho: AppFetcherImpl onPackageChanged com.google.android.apps.messaging.
06-25 11:58:41.268  5023  5226 I Bugle   : BroadcastReceiverAsyncWorkTracker: Acknowledging broadcast of bdxy@80e52d4
06-25 11:58:41.269  5023  5179 I BugleRcsProvisioning: RcsProvisioningTrigger: Schedule provisioning on system binding.
06-25 11:58:41.269  5023  5179 I BugleRcsProvisioning: scheduleProvisioning using legacy code path
06-25 11:58:41.269  5023  5179 W BugleRcsEngine: [53] brcu.d: [SR]: Single Registration is disabled. Skipping Single Registration capability check for subId: -1, OS.isAtLeastS:[true], enableSingleRegistrationProvisioning:[false]
06-25 11:58:41.269  5023  5179 I BugleRcsProvisioning: RcsProvisioningTrigger: DR is active, initializing DR provisioning. DUAL_REG
06-25 11:58:41.270  5023  5246 W BugleRcsEngine: [63] brcu.d: [SR]: Single Registration is disabled. Skipping Single Registration capability check for subId: -1, OS.isAtLeastS:[true], enableSingleRegistrationProvisioning:[false]
06-25 11:58:41.270  5023  5226 I Bugle   : BroadcastReceiverAsyncWorkTracker: Acknowledging broadcast of com.google.android.apps.messaging.rcsprovisioning.RcsProvisioningBroadcastReceiver@96622ee
06-25 11:58:41.271  5023  5246 I BugleRcsEngine: [63] zzm.run: Skipping provisioning scheduling since RCS is disabled
06-25 11:58:41.272  5337  5818 I BugleRcsEngine: [74] bscr.run: Creating JibeServiceComponent
06-25 11:58:41.274  1571  2577 I AiAiEcho: AppIndexer Package:[com.google.android.apps.messaging] UserProfile:[0] Enabled:[true].
06-25 11:58:41.274  1571  2577 I AiAiEcho: AppFetcherImplV2 updateApps package:[com.google.android.apps.messaging], userId:[0], reason:[package is updated.].
06-25 11:58:41.282  5337  5419 W BugleRcsEngine: [65] bpxc.w: Unable to send diagnostic log
06-25 11:58:41.283   518   753 D WifiNetworkFactory: got request NetworkRequest [ REQUEST id=130, [ Capabilities: INTERNET&NOT_RESTRICTED&TRUSTED&NOT_VCN_MANAGED Uid: 10129 RequestorUid: 10129 RequestorPkg: com.google.android.apps.messaging UnderlyingNetworks: Null] ]
06-25 11:58:41.283   518   753 D UntrustedWifiNetworkFactory: got request NetworkRequest [ REQUEST id=130, [ Capabilities: INTERNET&NOT_RESTRICTED&TRUSTED&NOT_VCN_MANAGED Uid: 10129 RequestorUid: 10129 RequestorPkg: com.google.android.apps.messaging UnderlyingNetworks: Null] ]
06-25 11:58:41.283   518   753 D OemPaidWifiNetworkFactory: got request NetworkRequest [ REQUEST id=130, [ Capabilities: INTERNET&NOT_RESTRICTED&TRUSTED&NOT_VCN_MANAGED Uid: 10129 RequestorUid: 10129 RequestorPkg: com.google.android.apps.messaging UnderlyingNetworks: Null] ]
06-25 11:58:41.283   518   753 D MultiInternetWifiNetworkFactory: got request NetworkRequest [ REQUEST id=130, [ Capabilities: INTERNET&NOT_RESTRICTED&TRUSTED&NOT_VCN_MANAGED Uid: 10129 RequestorUid: 10129 RequestorPkg: com.google.android.apps.messaging UnderlyingNetworks: Null] ]
06-25 11:58:41.284   518   760 D ConnectivityService: NetReassign [130 : null → 101] [c 0] [a 2] [i 1]
06-25 11:58:41.288  1099  1952 D EGL_emulation: app_time_stats: avg=772.31ms min=17.65ms max=2228.67ms count=3
06-25 11:58:41.288   518   549 E system_server: No package ID 7f found for resource ID 0x7f080107.
06-25 11:58:41.288   518   549 E system_server: No package ID 7f found for resource ID 0x7f150560.
06-25 11:58:41.289  5337  5818 I BugleRcsEngine: [74] bscd.o: (Sim): Processing an intent
06-25 11:58:41.289  5337  5818 I BugleRcsEngine: [74] bscd.z: (Sim): Ignoring duplicate SIM state: LOADED
06-25 11:58:41.289  5337  5818 I BugleRcsEngine: [74] bqbp.a: Initializing Carrier Services Logging.
06-25 11:58:41.289  5337  5818 D BugleRcsEngine: log_saver already enabled
06-25 11:58:41.289  5337  5818 I BugleRcsEngine: [74] RcsEngineProxyImpl.initializeRcsEngineForBugle: RcsEngineProxyImpl:[44e9f08a-8b87]: Initializing RCS Engine for Bugle host.
06-25 11:58:41.299  1571  1571 I AiAiEcho: AppFetcherImpl onPackageChanged com.google.android.contacts.
06-25 11:58:41.300  1571  2267 I AiAiEcho: AppIndexer Package:[com.google.android.contacts] UserProfile:[0] Enabled:[true].
06-25 11:58:41.300  1571  2267 I AiAiEcho: AppFetcherImplV2 updateApps package:[com.google.android.contacts], userId:[0], reason:[package is updated.].
06-25 11:58:41.302  5337  5818 I BugleRcsEngine: [74] bscd.o: (Sim): Processing an intent
06-25 11:58:41.302  5337  5818 I BugleRcsEngine: [74] bscd.z: (Sim): Ignoring duplicate SIM state: LOADED
06-25 11:58:41.307   518  1923 D CompatibilityChangeReporter: Compat change id reported: 161145287; UID 10129; state: ENABLED
06-25 11:58:41.307  5337  5818 W BugleRcsEngine: [74] RcsEngineProxyImpl.initializeRcsEngineForBugle: RcsEngineProxyImpl:[44e9f08a-8b87]: enableRcsEngineInitializationByBugle is disabled, directly initializing new DUAL_REG RcsEngine
06-25 11:58:41.308  5337  5818 I BugleRcsEngine: [74] bqbp.a: Initializing Carrier Services Logging.
06-25 11:58:41.308  5337  5818 D BugleRcsEngine: log_saver already enabled
06-25 11:58:41.308  5337  5818 I BugleRcsEngine: [74] RcsEngineImpl.<init>: RcsEngine SipConnectionType set to DUAL_REG
06-25 11:58:41.309  5337  5818 I BugleRcsEngine: [74] RcsEngineImpl.<init>: RcsEngineImpl[DUAL_REG]:[71ed870f-9122]: instantiated in package: com.google.android.apps.messaging
06-25 11:58:41.309  5337  5423 I BugleRcsEngine: [69] bscg.c: SIM delay is not enabled
06-25 11:58:41.309  5337  5423 W BugleRcsEngine: [69] bscd.a: (Sim): process intent: android.intent.action.SIM_STATE_CHANGED
06-25 11:58:41.312  5337  5818 I BugleRcsEngine: [74] RcsEngineImpl.init: RcsEngineImpl[DUAL_REG]:[71ed870f-9122]: Initializing RcsEngine.
06-25 11:58:41.313   518  2988 D ConnectivityService: requestNetwork for uid/pid:10129/5337 activeRequest: null callbackRequest: 131 [NetworkRequest [ REQUEST id=132, [ Capabilities: INTERNET&NOT_RESTRICTED&TRUSTED&NOT_VCN_MANAGED Uid: 10129 RequestorUid: 10129 RequestorPkg: com.google.android.apps.messaging UnderlyingNetworks: Null] ]] callback flags: 0 order: 2147483647
06-25 11:58:41.314   518   753 D WifiNetworkFactory: got request NetworkRequest [ REQUEST id=132, [ Capabilities: INTERNET&NOT_RESTRICTED&TRUSTED&NOT_VCN_MANAGED Uid: 10129 RequestorUid: 10129 RequestorPkg: com.google.android.apps.messaging UnderlyingNetworks: Null] ]
06-25 11:58:41.314   518   760 D ConnectivityService: NetReassign [132 : null → 101] [c 0] [a 0] [i 1]
06-25 11:58:41.314   518   753 D UntrustedWifiNetworkFactory: got request NetworkRequest [ REQUEST id=132, [ Capabilities: INTERNET&NOT_RESTRICTED&TRUSTED&NOT_VCN_MANAGED Uid: 10129 RequestorUid: 10129 RequestorPkg: com.google.android.apps.messaging UnderlyingNetworks: Null] ]
06-25 11:58:41.314   518   753 D OemPaidWifiNetworkFactory: got request NetworkRequest [ REQUEST id=132, [ Capabilities: INTERNET&NOT_RESTRICTED&TRUSTED&NOT_VCN_MANAGED Uid: 10129 RequestorUid: 10129 RequestorPkg: com.google.android.apps.messaging UnderlyingNetworks: Null] ]
06-25 11:58:41.315   518   753 D MultiInternetWifiNetworkFactory: got request NetworkRequest [ REQUEST id=132, [ Capabilities: INTERNET&NOT_RESTRICTED&TRUSTED&NOT_VCN_MANAGED Uid: 10129 RequestorUid: 10129 RequestorPkg: com.google.android.apps.messaging UnderlyingNetworks: Null] ]
06-25 11:58:41.315  5337  5422 I BugleRcsEngine: [68] bqvv.c: Connected state: [1], networkType: [WIFI]
06-25 11:58:41.315  5337  5422 I BugleRcsEngine: [68] bqvv.c: Connected state: [1], networkType: [WIFI]
06-25 11:58:41.316  5337  5818 I BugleRcsEngine: [74] RcsEngineImpl.init: RcsEngineImpl[DUAL_REG]:[71ed870f-9122]: Initializing RBM resource permissions.
06-25 11:58:41.316  5337  5818 I BugleRcsEngine: [74] brga.s: ProvisioningEngineManager: onCsLibPhenotypeUpdated, provisioningTaskInBugleEnabled = true, currentProvisioningStrategy = brka
06-25 11:58:41.316  5337  5818 I BugleRcsEngine: [74] RcsEngineProxyImpl.f: RcsEngineProxyImpl:[44e9f08a-8b87]: setting active RCS Engine to DUAL_REG instance
06-25 11:58:41.316   518  2988 D CompatibilityChangeReporter: Compat change id reported: 271850009; UID 10129; state: ENABLED
06-25 11:58:41.317   518  2988 D CompatibilityChangeReporter: Compat change id reported: 253665015; UID 10129; state: ENABLED
06-25 11:58:41.317   518  2988 D CompatibilityChangeReporter: Compat change id reported: 194532703; UID 10129; state: ENABLED
06-25 11:58:41.320  5337  5419 W BugleRcsEngine: [65] bpxk.i: Unable to send RCS extension log
06-25 11:58:41.320  5816  5816 D nativeloader: InitDefaultPublicLibraries for_preload=1: libandroid.so:libaaudio.so:libamidi.so:libbinder_ndk.so:libc.so:libcamera2ndk.so:libdl.so:libEGL.so:libGLESv1_CM.so:libGLESv2.so:libGLESv3.so:libicu.so:libicui18n.so:libicuuc.so:libjnigraphics.so:liblog.so:libmediandk.so:libm.so:libnativehelper.so:libnativewindow.so:libOpenMAXAL.so:libOpenSLES.so:libRS.so:libstdc++.so:libsync.so:libvulkan.so:libwebviewchromium_plat_support.so:libz.so
06-25 11:58:41.321  5337  5818 D BugleRcsEngine: log_saver already enabled
06-25 11:58:41.324  5337  5419 W BugleRcsEngine: [65] bqun.run: ProvisioningEngineMetricsStorage, the wrapper class for proto data store, is null
06-25 11:58:41.325  5337  5421 W BugleRcsEngine: [67] brpi.b: Unable to send provisioning event log
06-25 11:58:41.325  5337  5423 I BugleRcsEngine: [69] EventHubProxy.subscribe: Adding event listener brml@90f02c5 for category 8 with key 151978693 for hub ENGINE
06-25 11:58:41.325  5337  5818 W BugleRcsEngine: [74] JibeService.b: JibeService: Ignoring start action: com.google.android.ims.SIM_LOADED
06-25 11:58:41.327  5337  5821 I BugleRcsEngine: [77] bscd.o: (Sim): Processing an intent
06-25 11:58:41.327  5337  5821 I BugleRcsEngine: [77] bscd.z: (Sim): Ignoring duplicate SIM state: LOADED
06-25 11:58:41.329  5816  5816 D app_process: Time zone APEX ICU file found: /apex/com.android.tzdata/etc/icu/icu_tzdata.dat
06-25 11:58:41.329  5816  5816 D app_process: I18n APEX ICU file found: /apex/com.android.i18n/etc/icu/icudt72l.dat
06-25 11:58:41.330  5337  5821 I BugleRcsEngine: [77] bscg.c: SIM delay is not enabled
06-25 11:58:41.331  5337  5821 I BugleRcsEngine: [77] bscd.o: (Sim): Processing an intent
06-25 11:58:41.331  5337  5821 I BugleRcsEngine: [77] bscd.z: (Sim): Ignoring duplicate SIM state: LOADED
06-25 11:58:41.333  5816  5816 W app_process: Unexpected CPU variant for x86: x86_64.
06-25 11:58:41.333  5816  5816 W app_process: Known variants: atom, sandybridge, silvermont, goldmont, goldmont-plus, tremont, kabylake, default
06-25 11:58:41.334  5816  5816 W app_process: ClassLoaderContext shared library size mismatch. Expected=2, found=0 (PCL[]{PCL[/system/framework/android.test.base.jar*836642756]#PCL[/system/framework/android.test.mock.jar*3186112116]} | PCL[])
06-25 11:58:41.335  5816  5816 W app_process: ClassLoaderContext classpath size mismatch. expected=0, found=1 (PCL[]{PCL[/system/framework/android.test.runner.jar*4168958247]{PCL[/system/framework/android.test.base.jar*836642756]#PCL[/system/framework/android.test.mock.jar*3186112116]}#PCL[/system/framework/android.test.base.jar*836642756]} | PCL[/system/framework/android.test.runner.jar*4168958247])
06-25 11:58:41.338   518   549 I CredManSysServiceImpl: CredentialManagerServiceImpl constructed for: com.google.android.gms/.auth.api.credentials.credman.service.PasswordAndPasskeyService
06-25 11:58:41.338   518   549 I CredManSysServiceImpl: newServiceInfoLocked, mInfo null, com.google.android.gms/com.google.android.gms.auth.api.credentials.credman.service.PasswordAndPasskeyService
06-25 11:58:41.352  5816  5816 W main    : type=1400 audit(0.0:42): avc:  denied  { read } for  name="u:object_r:build_attestation_prop:s0" dev="tmpfs" ino=86 scontext=u:r:shell:s0 tcontext=u:object_r:build_attestation_prop:s0 tclass=file permissive=0
06-25 11:58:41.357  5816  5816 W libc    : Access denied finding property "ro.product.name_for_attestation"
06-25 11:58:41.356  5816  5816 W main    : type=1400 audit(0.0:43): avc:  denied  { read } for  name="u:object_r:build_attestation_prop:s0" dev="tmpfs" ino=86 scontext=u:r:shell:s0 tcontext=u:object_r:build_attestation_prop:s0 tclass=file permissive=0
06-25 11:58:41.360  5816  5816 W libc    : Access denied finding property "ro.product.brand_for_attestation"
06-25 11:58:41.360  5816  5816 W libc    : Access denied finding property "ro.product.model_for_attestation"
06-25 11:58:41.361  5816  5816 D AndroidRuntime: Calling main entry com.android.commands.uiautomator.Launcher
06-25 11:58:41.360  5816  5816 W main    : type=1400 audit(0.0:44): avc:  denied  { read } for  name="u:object_r:build_attestation_prop:s0" dev="tmpfs" ino=86 scontext=u:r:shell:s0 tcontext=u:object_r:build_attestation_prop:s0 tclass=file permissive=0
06-25 11:58:41.365  5470  5657 E bwel    : Phenotype registration failed [CONTEXT service_id=51 ]
06-25 11:58:41.365  5470  5657 E bwel    : java.util.concurrent.TimeoutException: Timed out waiting for Task
06-25 11:58:41.365  5470  5657 E bwel    : 	at cfsz.o(:com.google.android.gms@231818047@23.18.18 (190800-535401451):6)
06-25 11:58:41.365  5470  5657 E bwel    : 	at bwel.a(:com.google.android.gms@231818047@23.18.18 (190800-535401451):12)
06-25 11:58:41.365  5470  5657 E bwel    : 	at com.google.android.gms.phenotype.sync.HeterodyneSyncTaskChimeraService.d(:com.google.android.gms@231818047@23.18.18 (190800-535401451):8)
06-25 11:58:41.365  5470  5657 E bwel    : 	at com.google.android.gms.phenotype.sync.HeterodyneSyncTaskChimeraService.a(:com.google.android.gms@231818047@23.18.18 (190800-535401451):10)
06-25 11:58:41.365  5470  5657 E bwel    : 	at avzs.call(:com.google.android.gms@231818047@23.18.18 (190800-535401451):4)
06-25 11:58:41.365  5470  5657 E bwel    : 	at java.util.concurrent.FutureTask.run(FutureTask.java:264)
06-25 11:58:41.365  5470  5657 E bwel    : 	at aced.c(:com.google.android.gms@231818047@23.18.18 (190800-535401451):6)
06-25 11:58:41.365  5470  5657 E bwel    : 	at aced.run(:com.google.android.gms@231818047@23.18.18 (190800-535401451):7)
06-25 11:58:41.365  5470  5657 E bwel    : 	at java.util.concurrent.ThreadPoolExecutor.runWorker(ThreadPoolExecutor.java:1145)
06-25 11:58:41.365  5470  5657 E bwel    : 	at java.util.concurrent.ThreadPoolExecutor$Worker.run(ThreadPoolExecutor.java:644)
06-25 11:58:41.365  5470  5657 E bwel    : 	at acjn.run(:com.google.android.gms@231818047@23.18.18 (190800-535401451):0)
06-25 11:58:41.365  5470  5657 E bwel    : 	at java.lang.Thread.run(Thread.java:1012)
06-25 11:58:41.366   518   549 I AppBindingService: Connected: com.google.android.apps.messaging/com.google.android.ims.binding.SystemBindingService u0
06-25 11:58:41.367  5816  5816 D UiAutomationConnection: Created on user UserHandle{0}
06-25 11:58:41.367  5816  5816 I UiAutomation: Initialized for user 0 on display 0
06-25 11:58:41.367  5816  5816 W UiAutomation: Created with deprecatead constructor, assumes DEFAULT_DISPLAY
06-25 11:58:41.368  1571  1571 I AiAiEcho: AppFetcherImpl onPackageChanged com.google.android.gms.
06-25 11:58:41.371   518   537 D AccessibilityManagerService: changeCurrentUserForTestAutomationIfNeededLocked(0): ignoring because device doesn't support visible background users
06-25 11:58:41.372   518   537 I UiAutomationManager: Registering UiTestAutomationService (id=com.android.server.accessibility/UiAutomation) when called by user 0
06-25 11:58:41.372  1571  2601 I AiAiEcho: AppIndexer Package:[com.google.android.gms] UserProfile:[0] Enabled:[true].
06-25 11:58:41.372  1571  2601 I AiAiEcho: AppFetcherImplV2 updateApps package:[com.google.android.gms], userId:[0], reason:[package is updated.].
06-25 11:58:41.374   518   537 W WindowMagnificationMgr: requestConnection duplicated request: connect=false, mConnectionState=DISCONNECTED
06-25 11:58:41.375  5816  5834 V UiAutomation: Init UiAutomation@2094cf0[id=2, displayId=0, flags=0]
06-25 11:58:41.376  1571  3144 I AiAiEcho: Settings changed for uri: content://settings/secure/accessibility_enabled
06-25 11:58:41.376  1571  1768 I AiAiEcho: Predicting[0]: 
06-25 11:58:41.376  1571  1768 I AiAiEcho: EchoTargets: 
06-25 11:58:41.376  1571  1768 I AiAiEcho: Filtered by AiAi flag check: 
06-25 11:58:41.376  1571  1768 I AiAiEcho: Ranked targets strategy: SORT, count: 0, ranking metadata: 
06-25 11:58:41.376  1571  1768 I AiAiEcho: Predicting[0]: 
06-25 11:58:41.376  1571  1768 I AiAiEcho: EchoTargets: 
06-25 11:58:41.376  1571  1768 I AiAiEcho: Filtered by AiAi flag check: 
06-25 11:58:41.376  1571  1768 I AiAiEcho: Ranked targets strategy: SORT, count: 0, ranking metadata: 
06-25 11:58:41.377  1571  1768 I AiAiEcho: #postPredictionTargets: Sending updates to UISurface lockscreen with targets# 0 (types=[])
06-25 11:58:41.377  1571  1768 I AiAiEcho: #postPredictionTargets: Sending updates to UISurface home with targets# 0 (types=[])
06-25 11:58:41.377   518   896 W WindowMagnificationMgr: requestConnection duplicated request: connect=false, mConnectionState=DISCONNECTED
06-25 11:58:41.379   831   831 W PageIndicator: Total number of pages invalid: 0. Assuming 1 page.
06-25 11:58:41.382  1571  1683 I AiAiEcho: Settings changed for uri: content://settings/secure/accessibility_enabled
06-25 11:58:41.383  1571  1768 I AiAiEcho: Predicting[0]: 
06-25 11:58:41.383  1571  1768 I AiAiEcho: EchoTargets: 
06-25 11:58:41.383  1571  1768 I AiAiEcho: Filtered by AiAi flag check: 
06-25 11:58:41.383  1571  1768 I AiAiEcho: Ranked targets strategy: SORT, count: 0, ranking metadata: 
06-25 11:58:41.383  1571  1768 I AiAiEcho: Predicting[0]: 
06-25 11:58:41.383  1571  1768 I AiAiEcho: EchoTargets: 
06-25 11:58:41.383  1571  1768 I AiAiEcho: Filtered by AiAi flag check: 
06-25 11:58:41.384  1571  1768 I AiAiEcho: Ranked targets strategy: SORT, count: 0, ranking metadata: 
06-25 11:58:41.384  1571  1768 I AiAiEcho: #postPredictionTargets: Sending updates to UISurface lockscreen with targets# 0 (types=[])
06-25 11:58:41.384  1571  1768 I AiAiEcho: #postPredictionTargets: Sending updates to UISurface home with targets# 0 (types=[])
06-25 11:58:41.387   831   831 W PageIndicator: Total number of pages invalid: 0. Assuming 1 page.
06-25 11:58:41.388   518  2986 D SafetySourceDataValidator: No cert check requested for package com.google.android.permissioncontroller
06-25 11:58:41.389   518   518 D BatterySaverPolicy: accessibility changed to true, updating policy.
06-25 11:58:41.390  2859  2927 I A       : NGA disabled since it's running Panthera and at least one a11y feature is on.
06-25 11:58:41.391  2859  2927 I A       : Nga state changed to NgaStateDetails{state=DISABLED, isSpecialExperience=false}
06-25 11:58:41.394  1593  5469 I A       : APA or Classic session decision: SessionDecision(sessionVariance=CLASSIC, platformVariance=CLASSIC, justification=CURRENT_PLATFORM_VARIANCE).
06-25 11:58:41.394  1593  5469 I A       : [Memory] eligibility: StashEligibility{4}
06-25 11:58:41.396  1593  2079 I A       : Unsubscribed to apa or classic variant change.
06-25 11:58:41.452  5470  5498 W Conscrypt: Could not set socket write timeout: java.net.SocketException: Socket closed
06-25 11:58:41.452  5470  5498 W Conscrypt: 	at com.google.android.gms.org.conscrypt.Platform.setSocketWriteTimeout(:com.google.android.gms@231818047@23.18.18 (190800-535401451):2)
06-25 11:58:41.453  5470  5498 W Conscrypt: 	at com.google.android.gms.org.conscrypt.ConscryptFileDescriptorSocket.setSoWriteTimeout(:com.google.android.gms@231818047@23.18.18 (190800-535401451):0)
06-25 11:58:41.457  5557  5672 W Conscrypt: Could not set socket write timeout: java.net.SocketException: Socket closed
06-25 11:58:41.457  5557  5672 W Conscrypt: 	at com.google.android.gms.org.conscrypt.Platform.setSocketWriteTimeout(:com.google.android.gms@231818047@23.18.18 (190800-535401451):2)
06-25 11:58:41.457  5557  5672 W Conscrypt: 	at com.google.android.gms.org.conscrypt.ConscryptFileDescriptorSocket.setSoWriteTimeout(:com.google.android.gms@231818047@23.18.18 (190800-535401451):0)
06-25 11:58:41.608  5557  5670 I NamespaceManager: Package com.android.refreshratecontrol name not found! Using module version.
06-25 11:58:41.609  5557  5670 I NamespaceManager: Package com.google.oslo name not found! Using module version.
06-25 11:58:41.610  5557  5670 I NamespaceManager: Package com.android.media name not found! Using module version.
06-25 11:58:41.610  5557  5670 I NamespaceManager: Package com.android.media.swcodec name not found! Using module version.
06-25 11:58:41.610  5557  5670 I NamespaceManager: Package com.android.neuralnetworks name not found! Using module version.
06-25 11:58:41.610  5557  5670 I NamespaceManager: Package com.android.media name not found! Using module version.
06-25 11:58:41.610  5557  5670 I NamespaceManager: Package 1 name not found! Using module version.
06-25 11:58:41.610  5557  5670 I NamespaceManager: Package rkpd name not found! Using module version.
06-25 11:58:41.611  5557  5670 I NamespaceManager: Package android.companion name not found! Using module version.
06-25 11:58:41.611  5557  5670 I NamespaceManager: Package com.google.android.aicore name not found! Using module version.
06-25 11:58:41.611  5557  5670 I NamespaceManager: Package com.google.android.audioproxy name not found! Using module version.
06-25 11:58:41.611  5557  5670 I NamespaceManager: Package com.google.android.apps.pixel.psi name not found! Using module version.
06-25 11:58:41.611  5557  5670 I NamespaceManager: Package com.google.android.apps.safetycore name not found! Using module version.
06-25 11:58:41.611  5557  5670 I NamespaceManager: Package com.google.android.crashrecovery name not found! Using module version.
06-25 11:58:41.611  5557  5670 I NamespaceManager: Package com.google.android.profiling name not found! Using module version.
06-25 11:58:41.611  5557  5670 I NamespaceManager: Package com.google.android.bt name not found! Using module version.
06-25 11:58:41.611  5557  5670 I NamespaceManager: Package com.google.android.nfcservices name not found! Using module version.
06-25 11:58:41.612  5557  5670 I NamespaceManager: Package com.google.android.webapp name not found! Using module version.
06-25 11:58:41.612  5557  5670 I NamespaceManager: Package com.google.android.telephonycore name not found! Using module version.
06-25 11:58:41.612  5557  5670 I NamespaceManager: Package com.google.android.uprobestats name not found! Using module version.
06-25 11:58:41.621  5470  5646 I Fitness : OnPackageChangedOperation got intent: Intent { act=android.intent.action.PACKAGE_CHANGED dat=package: flg=0x45000010 pkg=com.google.android.gms cmp=com.google.android.gms/.chimera.PersistentIntentOperationService (has extras) } [CONTEXT service_id=17 ]
06-25 11:58:41.623  5470  5495 W ChimeraUtils: Module com.google.android.gms.nearby_en missing resource null(0)
06-25 11:58:41.634  5557  5587 I PeopleGalProvider: Gal directories started.
06-25 11:58:41.635  5557  5587 I PeopleGalProvider: Method 1 completed.
06-25 11:58:41.636  5557  5587 I PeopleGalProvider: Method 1 finished successfully.
06-25 11:58:41.639  5557  5649 I Icing   : Indexing com.google.android.gms-apps from com.google.android.gms
06-25 11:58:41.639  5470  5498 W Conscrypt: Could not set socket write timeout: java.net.SocketException: Socket closed
06-25 11:58:41.639  5470  5498 W Conscrypt: 	at com.google.android.gms.org.conscrypt.Platform.setSocketWriteTimeout(:com.google.android.gms@231818047@23.18.18 (190800-535401451):2)
06-25 11:58:41.639  5470  5498 W Conscrypt: 	at com.google.android.gms.org.conscrypt.ConscryptFileDescriptorSocket.setSoWriteTimeout(:com.google.android.gms@231818047@23.18.18 (190800-535401451):0)
06-25 11:58:41.640  5470  5495 W ChimeraUtils: Module com.google.android.gms.nearby_en missing resource null(0)
06-25 11:58:41.642  5557  5649 I Icing   : Indexing done com.google.android.gms-apps
06-25 11:58:41.646  5557  5648 I GmscoreIpa: Using regular flags by method 2 [CONTEXT service_id=255 ]
06-25 11:58:41.647  5470  5632 I Fitness : FitCleanupIntentOperation received Intent android.intent.action.PACKAGE_CHANGED [CONTEXT service_id=17 ]
06-25 11:58:41.654  5557  5672 I Checkin : [CheckinRequestProcessor] updateCheckinIdTokenFileFromResponse, Reading existing AID
06-25 11:58:41.662  5470  5646 I Fitness : OnPackageChangedOperation got intent: Intent { act=android.intent.action.PACKAGE_CHANGED dat=package: flg=0x45000010 pkg=com.google.android.gms cmp=com.google.android.gms/.chimera.PersistentIntentOperationService (has extras) } [CONTEXT service_id=17 ]
06-25 11:58:41.667  5470  5641 I Fitness : FitCleanupIntentOperation received Intent android.intent.action.PACKAGE_CHANGED [CONTEXT service_id=17 ]
06-25 11:58:41.670  5470  5646 I Fitness : OnPackageChangedOperation got intent: Intent { act=android.intent.action.PACKAGE_CHANGED dat=package: flg=0x45000010 pkg=com.google.android.gms cmp=com.google.android.gms/.chimera.PersistentIntentOperationService (has extras) } [CONTEXT service_id=17 ]
06-25 11:58:41.678  5557  5703 I Icing   : Indexing com.google.android.gms-internal.3p:MobileApplication from com.google.android.gms
06-25 11:58:41.682  5557  5672 I Checkin : [CheckinRequestProcessor] Default Task : Checkin Succeeded: https://android.googleapis.com/checkin (fragment #1).
06-25 11:58:41.688  5470  5646 I Fitness : FitCleanupIntentOperation received Intent android.intent.action.PACKAGE_CHANGED [CONTEXT service_id=17 ]
06-25 11:58:41.688  5557  5703 I Icing   : Indexing done com.google.android.gms-internal.3p:MobileApplication
06-25 11:58:41.688  5557  5703 I Icing   : updateResources: need to parse arkh{com.google.android.gms}
06-25 11:58:41.700  5470  5509 I AlarmManager: setExactAndAllowWhileIdle [name: GCM_CONN_ALARM type: 2 triggerAtMillis: 88512]
06-25 11:58:41.705  5557  5673 I AccountSeedingPrefetchI: AccountSeedingPrefetchInit intent operation started. [CONTEXT service_id=42 ]
06-25 11:58:41.706  5470  5841 W ChimeraUtils: Module com.google.android.gms.nearby_en missing resource null(0)
06-25 11:58:41.708  5557  5670 W gle.android.gms: Accessing hidden method Landroid/net/ConnectivityManager;->isNetworkTypeMobile(I)Z (max-target-p, reflection, denied)
06-25 11:58:41.708  5557  5670 W gle.android.gms: Accessing hidden method Landroid/os/PowerManager;->isLightDeviceIdleMode()Z (max-target-s, reflection, denied)
06-25 11:58:41.710  5470  5841 W ChimeraUtils: Module com.google.android.gms.nearby_en missing resource null(0)
06-25 11:58:41.712  5557  5672 I Checkin : [CheckinOperation] Checkin Operation finished with result: SUCCESS finish time: 81026.
06-25 11:58:41.713  5557  5672 W WakefulBroadcastReceiver: No active wake lock id #4
06-25 11:58:41.723  5470  5537 W GlsClientGrpc: Voilatile gRPC failure INVALID_ARGUMENT: Application credential header not valid. Please fix the client to pass a valid application credential header. [CONTEXT service_id=6 ]
06-25 11:58:41.723  5470  5537 W GlsClientGrpc: enms: INVALID_ARGUMENT: Application credential header not valid. Please fix the client to pass a valid application credential header.
06-25 11:58:41.723  5470  5537 W GlsClientGrpc: 	at enmr.h(:com.google.android.gms@231818047@23.18.18 (190800-535401451):0)
06-25 11:58:41.723  5470  5537 W GlsClientGrpc: 	at abxw.u(:com.google.android.gms@231818047@23.18.18 (190800-535401451):2)
06-25 11:58:41.723  5470  5537 W GlsClientGrpc: 	at abxw.e(:com.google.android.gms@231818047@23.18.18 (190800-535401451):17)
06-25 11:58:41.723  5470  5537 W GlsClientGrpc: 	at abxw.g(:com.google.android.gms@231818047@23.18.18 (190800-535401451):0)
06-25 11:58:41.723  5470  5537 W GlsClientGrpc: 	at cyeg.a(:com.google.android.gms@231818047@23.18.18 (190800-535401451):27)
06-25 11:58:41.723  5470  5537 W GlsClientGrpc: 	at czpd.call(:com.google.android.gms@231818047@23.18.18 (190800-535401451):78)
06-25 11:58:41.723  5470  5537 W GlsClientGrpc: 	at java.util.concurrent.FutureTask.run(FutureTask.java:264)
06-25 11:58:41.723  5470  5537 W GlsClientGrpc: 	at aced.c(:com.google.android.gms@231818047@23.18.18 (190800-535401451):6)
06-25 11:58:41.723  5470  5537 W GlsClientGrpc: 	at aced.run(:com.google.android.gms@231818047@23.18.18 (190800-535401451):7)
06-25 11:58:41.723  5470  5537 W GlsClientGrpc: 	at java.util.concurrent.ThreadPoolExecutor.runWorker(ThreadPoolExecutor.java:1145)
06-25 11:58:41.723  5470  5537 W GlsClientGrpc: 	at java.util.concurrent.ThreadPoolExecutor$Worker.run(ThreadPoolExecutor.java:644)
06-25 11:58:41.723  5470  5537 W GlsClientGrpc: 	at acjn.run(:com.google.android.gms@231818047@23.18.18 (190800-535401451):0)
06-25 11:58:41.723  5470  5537 W GlsClientGrpc: 	at java.lang.Thread.run(Thread.java:1012)
06-25 11:58:41.728  5557  5703 I Icing   : Indexing com.google.android.gms-apps from com.google.android.gms
06-25 11:58:41.732  5470  5495 W ChimeraUtils: Module com.google.android.gms.nearby_en missing resource null(0)
06-25 11:58:41.733  5557  5703 I Icing   : Indexing done com.google.android.gms-apps
06-25 11:58:41.736  5470  5495 W ChimeraUtils: Module com.google.android.gms.nearby_en missing resource null(0)
06-25 11:58:42.036   518  2961 E TaskPersister: File error accessing recents directory (directory doesn't exist?).
06-25 11:58:42.063   518   610 D ActivityManager: freezing 2537 com.google.android.tts
06-25 11:58:42.393  1623  2113 W MediaProvider: isAppCloneUserPair for user 0: false
06-25 11:58:42.397  5816  5816 I AccessibilityNodeInfoDumper: Skipping invisible child: android.view.accessibility.AccessibilityNodeInfo@17b16; boundsInParent: Rect(0, 0 - 0, 19); boundsInScreen: Rect(31, 66 - 31, 80); boundsInWindow: Rect(31, 66 - 31, 80); packageName: com.google.android.apps.nexuslauncher; className: android.widget.TextView; text: null; error: null; maxTextLength: -1; stateDescription: null; contentDescription: null; tooltipText: null; containerTitle: null; viewIdResName: com.google.android.apps.nexuslauncher:id/subtitle_text; uniqueId: null; checkable: false; checked: false; focusable: true; focused: false; selected: false; clickable: true; longClickable: false; contextClickable: false; enabled: true; password: false; scrollable: false; importantForAccessibility: true; visible: false; actions: [AccessibilityAction: ACTION_FOCUS - null, AccessibilityAction: ACTION_SELECT - null, AccessibilityAction: ACTION_CLEAR_SELECTION - null, AccessibilityAction: ACTION_CLICK - null, AccessibilityAction: ACTION_ACCESSIBILITY_FOCUS - null, AccessibilityAction: ACTION_SHOW_ON_SCREEN - null]; isTextSelectable: false
06-25 11:58:42.397  5470  5536 D CompatibilityChangeReporter: Compat change id reported: 150939131; UID 10132; state: ENABLED
06-25 11:58:42.397  5816  5816 W AccessibilityNodeInfoDumper: Fetch time: 6ms
06-25 11:58:42.398   518  2988 W WindowMagnificationMgr: requestConnection duplicated request: connect=false, mConnectionState=DISCONNECTED
06-25 11:58:42.398   518  2988 D AccessibilityManagerService: restoreCurrentUserForTestAutomationIfNeededLocked(): ignoring because device doesn't support visible background users
06-25 11:58:42.399  5816  5816 D AndroidRuntime: Shutting down VM
06-25 11:58:42.403  1571  3144 I AiAiEcho: Settings changed for uri: content://settings/secure/accessibility_enabled
06-25 11:58:42.404  1571  1768 I AiAiEcho: Predicting[0]: 
06-25 11:58:42.404  1571  1768 I AiAiEcho: EchoTargets: 
06-25 11:58:42.404  1571  1768 I AiAiEcho: Filtered by AiAi flag check: 
06-25 11:58:42.405  1571  1768 I AiAiEcho: Ranked targets strategy: SORT, count: 0, ranking metadata: 
06-25 11:58:42.405  1571  1768 I AiAiEcho: Predicting[0]: 
06-25 11:58:42.405  1571  1768 I AiAiEcho: EchoTargets: 
06-25 11:58:42.405  1571  1768 I AiAiEcho: Filtered by AiAi flag check: 
06-25 11:58:42.405  1571  1768 I AiAiEcho: Ranked targets strategy: SORT, count: 0, ranking metadata: 
06-25 11:58:42.406  1571  1768 I AiAiEcho: #postPredictionTargets: Sending updates to UISurface lockscreen with targets# 0 (types=[])
06-25 11:58:42.406  1571  1768 I AiAiEcho: #postPredictionTargets: Sending updates to UISurface home with targets# 0 (types=[])
06-25 11:58:42.407   831   831 W PageIndicator: Total number of pages invalid: 0. Assuming 1 page.
06-25 11:58:42.409  2859  2927 I A       : NGA enabled in interactor.
06-25 11:58:42.410   518   518 D BatterySaverPolicy: accessibility changed to false, updating policy.
06-25 11:58:42.411  2859  2927 I A       : Nga state changed to NgaStateDetails{state=ENABLED, isSpecialExperience=false}
06-25 11:58:42.414  1593  5469 I A       : Initializing all components
06-25 11:58:42.416  1593  5469 I A       : APA or Classic session decision: SessionDecision(sessionVariance=CLASSIC, platformVariance=CLASSIC, justification=CURRENT_PLATFORM_VARIANCE).
06-25 11:58:42.419  1593  5469 I A       : [Memory] eligibility: StashEligibility{6}
06-25 11:58:42.419  1593  2089 I A       : onIsEnabledChanged, isEnabled: false
06-25 11:58:42.419  1593  2089 W A       : Disposing empty manager. Did you forgot to subscribe observables?
06-25 11:58:42.419  1593  2089 W A       : Disposing empty manager. Did you forgot to subscribe observables?
06-25 11:58:42.419  1593  2089 W A       : Disposing empty manager. Did you forgot to subscribe observables?
06-25 11:58:42.419  1593  2089 W A       : Disposing empty manager. Did you forgot to subscribe observables?
06-25 11:58:42.419  1593  2089 W A       : Disposing empty manager. Did you forgot to subscribe observables?
06-25 11:58:42.419  1593  2089 W A       : Disposing empty manager. Did you forgot to subscribe observables?
06-25 11:58:42.421  1593  2089 W A       : Disposing empty manager. Did you forgot to subscribe observables?
06-25 11:58:42.421  1593  2089 W A       : Disposing empty manager. Did you forgot to subscribe observables?
06-25 11:58:42.421  1593  2089 W A       : Disposing empty manager. Did you forgot to subscribe observables?
06-25 11:58:42.421  1593  2089 W A       : Disposing empty manager. Did you forgot to subscribe observables?
06-25 11:58:42.421  1593  2089 I A       : onOpaVisibilityChanged: false
06-25 11:58:42.421  1593  2089 W A       : Disposing empty manager. Did you forgot to subscribe observables?
06-25 11:58:42.421  1593  2089 W A       : Disposing empty manager. Did you forgot to subscribe observables?
06-25 11:58:42.421  1593  2089 W A       : Disposing empty manager. Did you forgot to subscribe observables?
06-25 11:58:42.421  1593  2089 W A       : Disposing empty manager. Did you forgot to subscribe observables?
06-25 11:58:42.422  1593  2089 W A       : Disposing empty manager. Did you forgot to subscribe observables?
06-25 11:58:42.422  1593  2089 W A       : Disposing empty manager. Did you forgot to subscribe observables?
06-25 11:58:42.422  1593  2089 I A       : Setting session to type: NO_SESSION
06-25 11:58:42.422  1593  2089 W A       : Disposing empty manager. Did you forgot to subscribe observables?
06-25 11:58:42.422  1593  2089 W A       : Disposing empty manager. Did you forgot to subscribe observables?
06-25 11:58:42.422  1593  2089 W A       : Disposing empty manager. Did you forgot to subscribe observables?
06-25 11:58:42.422  1593  2089 W A       : Disposing empty manager. Did you forgot to subscribe observables?
