06-25 11:58:47.833  1571  1683 I AiAiEcho: Settings changed for uri: content://settings/secure/active_unlock_on_face_acquire_info
06-25 11:58:47.833   831   831 W PageIndicator: Total number of pages invalid: 0. Assuming 1 page.
06-25 11:58:47.833  1571  1768 I AiAiEcho: #postPredictionTargets: Sending updates to UISurface home with targets# 0 (types=[])
06-25 11:58:47.834  1571  1768 I AiAiEcho: #postPredictionTargets: Sending updates to UISurface lockscreen with targets# 0 (types=[])
06-25 11:58:47.834   831   831 W PageIndicator: Total number of pages invalid: 0. Assuming 1 page.
06-25 11:58:47.834  1571  1768 I AiAiEcho: #postPredictionTargets: Sending updates to UISurface home with targets# 0 (types=[])
06-25 11:58:47.835  1571  1768 I AiAiEcho: #postPredictionTargets: Sending updates to UISurface lockscreen with targets# 0 (types=[])
06-25 11:58:47.835   831   831 W PageIndicator: Total number of pages invalid: 0. Assuming 1 page.
06-25 11:58:47.835  1571  1768 I AiAiEcho: #postPredictionTargets: Sending updates to UISurface home with targets# 0 (types=[])
06-25 11:58:47.835  5557  5998 W ChimeraUtils: Module com.google.android.gms.activeunlock_primary missing resource null(0)
06-25 11:58:47.835  1571  1768 I AiAiEcho: #postPredictionTargets: Sending updates to UISurface lockscreen with targets# 0 (types=[])
06-25 11:58:47.835   831   831 W PageIndicator: Total number of pages invalid: 0. Assuming 1 page.
06-25 11:58:47.836  1571  1768 I AiAiEcho: Predicting[0]: 
06-25 11:58:47.836  1571  1768 I AiAiEcho: EchoTargets: 
06-25 11:58:47.836  1571  1768 I AiAiEcho: Filtered by AiAi flag check: 
06-25 11:58:47.836  1571  1768 I AiAiEcho: Ranked targets strategy: SORT, count: 0, ranking metadata: 
06-25 11:58:47.836  1571  1768 I AiAiEcho: Predicting[0]: 
06-25 11:58:47.836  1571  1768 I AiAiEcho: EchoTargets: 
06-25 11:58:47.836  1571  1768 I AiAiEcho: Filtered by AiAi flag check: 
06-25 11:58:47.836  1571  1768 I AiAiEcho: Ranked targets strategy: SORT, count: 0, ranking metadata: 
06-25 11:58:47.836  1571  1768 I AiAiEcho: Predicting[0]: 
06-25 11:58:47.836  1571  1768 I AiAiEcho: EchoTargets: 
06-25 11:58:47.836  1571  1768 I AiAiEcho: Filtered by AiAi flag check: 
06-25 11:58:47.836  1571  1768 I AiAiEcho: Ranked targets strategy: SORT, count: 0, ranking metadata: 
06-25 11:58:47.836  1571  1768 I AiAiEcho: Predicting[0]: 
06-25 11:58:47.836  1571  1768 I AiAiEcho: EchoTargets: 
06-25 11:58:47.836  1571  1768 I AiAiEcho: Filtered by AiAi flag check: 
06-25 11:58:47.836  1571  1768 I AiAiEcho: Ranked targets strategy: SORT, count: 0, ranking metadata: 
06-25 11:58:47.837  1571  1768 I AiAiEcho: #postPredictionTargets: Sending updates to UISurface home with targets# 0 (types=[])
06-25 11:58:47.837  1571  1768 I AiAiEcho: #postPredictionTargets: Sending updates to UISurface lockscreen with targets# 0 (types=[])
06-25 11:58:47.837   831   831 W PageIndicator: Total number of pages invalid: 0. Assuming 1 page.
06-25 11:58:47.837  1571  1768 I AiAiEcho: #postPredictionTargets: Sending updates to UISurface home with targets# 0 (types=[])
06-25 11:58:47.837  1571  1768 I AiAiEcho: #postPredictionTargets: Sending updates to UISurface lockscreen with targets# 0 (types=[])
06-25 11:58:47.838  1571  1768 I AiAiEcho: #postPredictionTargets: Sending updates to UISurface home with targets# 0 (types=[])
06-25 11:58:47.838   831   831 W PageIndicator: Total number of pages invalid: 0. Assuming 1 page.
06-25 11:58:47.838  1571  1768 I AiAiEcho: Predicting[0]: 
06-25 11:58:47.838  1571  1768 I AiAiEcho: EchoTargets: 
06-25 11:58:47.838  1571  1768 I AiAiEcho: Filtered by AiAi flag check: 
06-25 11:58:47.838  1571  1768 I AiAiEcho: Ranked targets strategy: SORT, count: 0, ranking metadata: 
06-25 11:58:47.839  1571  1768 I AiAiEcho: Predicting[0]: 
06-25 11:58:47.839  1571  1768 I AiAiEcho: EchoTargets: 
06-25 11:58:47.839  1571  1768 I AiAiEcho: Filtered by AiAi flag check: 
06-25 11:58:47.839  1571  1768 I AiAiEcho: Ranked targets strategy: SORT, count: 0, ranking metadata: 
06-25 11:58:47.839  1571  1768 I AiAiEcho: Predicting[0]: 
06-25 11:58:47.839  1571  1768 I AiAiEcho: EchoTargets: 
06-25 11:58:47.839  1571  1768 I AiAiEcho: Filtered by AiAi flag check: 
06-25 11:58:47.839  1571  1768 I AiAiEcho: Ranked targets strategy: SORT, count: 0, ranking metadata: 
06-25 11:58:47.839  1571  1768 I AiAiEcho: Predicting[0]: 
06-25 11:58:47.839  1571  1768 I AiAiEcho: EchoTargets: 
06-25 11:58:47.839  1571  1768 I AiAiEcho: Filtered by AiAi flag check: 
06-25 11:58:47.839  1571  1768 I AiAiEcho: Ranked targets strategy: SORT, count: 0, ranking metadata: 
06-25 11:58:47.839  1571  1768 I AiAiEcho: #postPredictionTargets: Sending updates to UISurface lockscreen with targets# 0 (types=[])
06-25 11:58:47.839  1571  1768 I AiAiEcho: #postPredictionTargets: Sending updates to UISurface home with targets# 0 (types=[])
06-25 11:58:47.839   831   831 W PageIndicator: Total number of pages invalid: 0. Assuming 1 page.
06-25 11:58:47.839  5557  5939 I ChimeraConfigurator: Detected pending changes for urgent request: [tflite_dynamite]. Pending module sets: container:2318189190800,tflite_dynamite:2605805025100800+tflite_dynamite
06-25 11:58:47.840  1571  1768 I AiAiEcho: #postPredictionTargets: Sending updates to UISurface lockscreen with targets# 0 (types=[])
06-25 11:58:47.840   831   831 W PageIndicator: Total number of pages invalid: 0. Assuming 1 page.
06-25 11:58:47.840  1571  1768 I AiAiEcho: #postPredictionTargets: Sending updates to UISurface home with targets# 0 (types=[])
06-25 11:58:47.840  1571  1768 I AiAiEcho: #postPredictionTargets: Sending updates to UISurface lockscreen with targets# 0 (types=[])
06-25 11:58:47.840  1571  1768 I AiAiEcho: #postPredictionTargets: Sending updates to UISurface home with targets# 0 (types=[])
06-25 11:58:47.841   831   831 W PageIndicator: Total number of pages invalid: 0. Assuming 1 page.
06-25 11:58:47.841  1571  1768 I AiAiEcho: #postPredictionTargets: Sending updates to UISurface lockscreen with targets# 0 (types=[])
06-25 11:58:47.841   831   831 W PageIndicator: Total number of pages invalid: 0. Assuming 1 page.
06-25 11:58:47.841  1571  1768 I AiAiEcho: #postPredictionTargets: Sending updates to UISurface home with targets# 0 (types=[])
06-25 11:58:47.853  5557  5939 I GmsDebugLogger: [73] 1801
06-25 11:58:47.855  5557  5939 W ZappDownloader: No successful module downloads for requested features [tflite_dynamite].
06-25 11:58:47.855  5557  5939 I GmsDebugLogger: [30] [TfliteDynamiteDynamite.integ:260580502100800]
06-25 11:58:47.858  5557  5939 W ChimeraConfigService: Retry attempt was throttled. [CONTEXT service_id=264 ]
06-25 11:58:47.858  5557  5939 I GmsDebugLogger: [83] 1 [tflite_dynamite]
06-25 11:58:47.861  5557  5670 I SystemUpdate: [Control,UpdateReminderDialogControl] Received action: android.intent.action.BOOT_COMPLETED
06-25 11:58:47.879  5557  6013 I ChimeraConfigurator: Starting update, reason: 4 urgentFeatures: vision.ocr:-1
06-25 11:58:47.895  5557  6013 I ChimeraConfigurator: Detected pending changes for urgent request: [vision.ocr]. Pending module sets: container:2318189190800+mlkit.ocr.common,tflite_dynamite:2605805025100800+tflite_dynamite,vision_ocr:2316024025100000+vision.ocr
06-25 11:58:47.897  2718  2718 W JobService: onNetworkChanged() not implemented in com.android.voicemail.impl.scheduling.TaskSchedulerJobService. Must override in a subclass.
06-25 11:58:47.906  5557  5670 I Wear_Controller: Wearable module requires a companion app to be installed.
06-25 11:58:47.907  5557  5670 I Wear_Controller: onStartup - Wear is not available on this device.
06-25 11:58:47.910  5557  6013 I GmsDebugLogger: [73] 1801
06-25 11:58:47.912  5557  6013 W ZappDownloader: No successful module downloads for requested features [vision.ocr].
06-25 11:58:47.912  5557  6013 I GmsDebugLogger: [30] [VisionOcrDynamite.integ:231602402100000],[TfliteDynamiteDynamite.integ:260580502100800],[MlkitOcrCommon.optional:231818100800]
06-25 11:58:47.917  5557  6013 W ChimeraConfigService: Retry attempt was throttled. [CONTEXT service_id=264 ]
06-25 11:58:47.917  5557  6013 I GmsDebugLogger: [83] 1 [vision.ocr]
06-25 11:58:47.918  5557  5939 W Vision  : Request for optional module download of ocr failed. Request again.
06-25 11:58:47.918  5557  5939 W Vision  : Would have logged:
06-25 11:58:47.918  5557  5939 W Vision  : # dsae@44f943d5
06-25 11:58:47.918  5557  5939 I Vision  : Schedule retrying download ocr at 87232 with backoff 10 seconds
06-25 11:58:47.920   831   831 D StatusBarIconController: ignoring old pipeline callbacks, because the new mobile icons are enabled
06-25 11:58:47.923   831   901 D EGL_emulation: app_time_stats: avg=4440.20ms min=15.14ms max=8865.26ms count=2
06-25 11:58:47.927  5470  5535 I NetworkScheduler.Stats: Task com.google.android.gms/com.google.android.gms.pay.gcmtask.PayGcmTaskService started execution. cause:7 exec_start_elapsed_seconds: 87 [CONTEXT service_id=218 ]
06-25 11:58:47.957  5470  5535 I NetworkScheduler.Stats: Task com.google.android.gms/com.google.android.gms.pay.gcmtask.PayGcmTaskService finished executing. cause:7 result: 1 elapsed_millis: 103 uptime_millis: 103 exec_start_elapsed_seconds: 87 [CONTEXT service_id=218 ]
06-25 11:58:47.980  5470  5743 I NetworkScheduler.Stats: Task com.google.android.gms/com.google.android.gms.gass.chimera.SchedulePeriodicTasksService started execution. cause:5 exec_start_elapsed_seconds: 87 [CONTEXT service_id=218 ]
06-25 11:58:47.990  5470  5535 I NetworkScheduler.Stats: Task com.google.android.gms/com.google.android.gms.gass.chimera.SchedulePeriodicTasksService finished executing. cause:5 result: 1 elapsed_millis: 21 uptime_millis: 21 exec_start_elapsed_seconds: 87 [CONTEXT service_id=218 ]
06-25 11:58:48.002  5470  5743 I NetworkScheduler.Stats: Task com.google.android.gms/com.google.android.gms.gass.chimera.SchedulePeriodicTasksService started execution. cause:5 exec_start_elapsed_seconds: 87 [CONTEXT service_id=218 ]
06-25 11:58:48.006  5470  5535 I NetworkScheduler.Stats: Task com.google.android.gms/com.google.android.gms.gass.chimera.SchedulePeriodicTasksService finished executing. cause:5 result: 1 elapsed_millis: 8 uptime_millis: 8 exec_start_elapsed_seconds: 87 [CONTEXT service_id=218 ]
06-25 11:58:48.017  5470  5743 I NetworkScheduler.Stats: Task com.google.android.gms/com.google.android.gms.pay.gcmtask.PayGcmTaskService started execution. cause:5 exec_start_elapsed_seconds: 87 [CONTEXT service_id=218 ]
06-25 11:58:48.018  5470  5535 I NetworkScheduler.Stats: Task com.google.android.gms/com.google.android.gms.pay.gcmtask.PayGcmTaskService finished executing. cause:5 result: 1 elapsed_millis: 5 uptime_millis: 5 exec_start_elapsed_seconds: 87 [CONTEXT service_id=218 ]
06-25 11:58:48.028  5470  5743 I NetworkScheduler.Stats: Task com.google.android.gms/com.google.android.gms.pay.gcmtask.PayGcmTaskService started execution. cause:5 exec_start_elapsed_seconds: 87 [CONTEXT service_id=218 ]
06-25 11:58:48.030  5470  5535 I NetworkScheduler.Stats: Task com.google.android.gms/com.google.android.gms.pay.gcmtask.PayGcmTaskService finished executing. cause:5 result: 1 elapsed_millis: 6 uptime_millis: 6 exec_start_elapsed_seconds: 87 [CONTEXT service_id=218 ]
06-25 11:58:48.051  5470  5743 I NetworkScheduler.Stats: Task com.google.android.gms/com.google.android.gms.pay.gcmtask.PayGcmTaskService started execution. cause:5 exec_start_elapsed_seconds: 87 [CONTEXT service_id=218 ]
06-25 11:58:48.052  5557  5648 I Pay     : Device does not support HCE. [CONTEXT service_id=198 ]
06-25 11:58:48.055  5470  5535 I NetworkScheduler.Stats: Task com.google.android.gms/com.google.android.gms.pay.gcmtask.PayGcmTaskService finished executing. cause:5 result: 2 elapsed_millis: 14 uptime_millis: 14 exec_start_elapsed_seconds: 87 [CONTEXT service_id=218 ]
06-25 11:58:48.056   518  1540 I RemoteProvisionSysSvc: getRegistration(android.hardware.security.keymint.IRemotelyProvisionedComponent/default)
06-25 11:58:48.058   518   518 I RegistrationProxy: onServiceConnected: com.android.rkpdapp.service.RemoteProvisioningService
06-25 11:58:48.226     0     0 I servicemanager: Found android.hardware.security.keymint.IRemotelyProvisionedComponent/default in device VINTF manifest.
06-25 11:58:48.060   518  1930 I RegistrationProxy: IGetRegistrationCallback.onSuccess
06-25 11:58:48.061   518  2228 I RemoteProvisionSysSvc: Fetching key 10132 for client 113216263
06-25 11:58:48.061   518  2228 I RegistrationProxy: getKeyAsync operation started with callback 173311028
06-25 11:58:48.061  3570  3667 I RkpdRegistrationBinder: Key requested for : android.hardware.security.keymint.IRemotelyProvisionedComponent/default, clientUid: 1017, keyId: 10132, callback: 185370066
06-25 11:58:48.062  3570  3667 I RkpdRegistrationBinder: Key successfully assigned to client
06-25 11:58:48.062   518   518 I RemoteProvisionSysSvc: Successfully fetched key for client 113216263
06-25 11:58:48.075  5470  5743 I NetworkScheduler.Stats: Task com.google.android.gms/com.google.android.gms.pay.gcmtask.PayGcmTaskService started execution. cause:5 exec_start_elapsed_seconds: 87 [CONTEXT service_id=218 ]
06-25 11:58:48.076  5557  5649 W Pay     : Active account was null, notification task will be cancelled. [CONTEXT service_id=198 ]
06-25 11:58:48.076  5557  5649 W Pay     : No account found on the task or the device. Notification task will not be rescheduled. [CONTEXT service_id=198 ]
06-25 11:58:48.077  5470  5743 I NetworkScheduler.Stats: Task com.google.android.gms/com.google.android.gms.pay.gcmtask.PayGcmTaskService finished executing. cause:5 result: 2 elapsed_millis: 6 uptime_millis: 6 exec_start_elapsed_seconds: 87 [CONTEXT service_id=218 ]
06-25 11:58:48.091  5470  5498 I NetworkScheduler.Stats: Task com.google.android.gms/com.google.android.gms.pay.gcmtask.PayGcmTaskService started execution. cause:5 exec_start_elapsed_seconds: 87 [CONTEXT service_id=218 ]
06-25 11:58:48.093  5470  5498 I NetworkScheduler.Stats: Task com.google.android.gms/com.google.android.gms.pay.gcmtask.PayGcmTaskService finished executing. cause:5 result: 1 elapsed_millis: 7 uptime_millis: 7 exec_start_elapsed_seconds: 87 [CONTEXT service_id=218 ]
06-25 11:58:48.120  3074  3109 W SystemServiceRegistry: No service published for: persistent_data_block
06-25 11:58:48.124  5470  5743 I NetworkScheduler.Stats: Task com.google.android.gms/com.google.android.gms.pay.gcmtask.PayGcmTaskService started execution. cause:5 exec_start_elapsed_seconds: 87 [CONTEXT service_id=218 ]
06-25 11:58:48.126  5470  5743 I NetworkScheduler.Stats: Task com.google.android.gms/com.google.android.gms.pay.gcmtask.PayGcmTaskService finished executing. cause:5 result: 1 elapsed_millis: 14 uptime_millis: 14 exec_start_elapsed_seconds: 87 [CONTEXT service_id=218 ]
06-25 11:58:48.128  3074  3074 W binder:3074_1: type=1400 audit(0.0:53): avc:  denied  { read } for  name="u:object_r:system_adbd_prop:s0" dev="tmpfs" ino=292 scontext=u:r:gmscore_app:s0:c512,c768 tcontext=u:object_r:system_adbd_prop:s0 tclass=file permissive=0 app=com.google.android.gms
06-25 11:58:48.133  3074  3109 W libc    : Access denied finding property "persist.adb.tls_server.enable"
06-25 11:58:48.132  3074  3074 W binder:3074_1: type=1400 audit(0.0:54): avc:  denied  { read } for  name="u:object_r:adbd_prop:s0" dev="tmpfs" ino=60 scontext=u:r:gmscore_app:s0:c512,c768 tcontext=u:object_r:adbd_prop:s0 tclass=file permissive=0 app=com.google.android.gms
06-25 11:58:48.136  3074  3109 W libc    : Access denied finding property "service.adb.tls.port"
06-25 11:58:48.152   518   610 D ActivityManager: freezing 1495 com.google.android.ext.services
06-25 11:58:48.160  3074  3109 D TrafficStats: tagSocket(100) with statsTag=0x1809, statsUid=-1
06-25 11:58:48.163  5470  5498 I NetworkScheduler.Stats: Task com.google.android.gms/com.google.android.gms.udc.service.UdcContextInitService started execution. cause:5 exec_start_elapsed_seconds: 87 [CONTEXT service_id=218 ]
06-25 11:58:48.164  3074  3109 D TrafficStats: tagSocket(100) with statsTag=0x1809, statsUid=-1
06-25 11:58:48.164  3074  3109 D TrafficStats: tagSocket(100) with statsTag=0x1809, statsUid=-1
06-25 11:58:48.192  5557  5681 W Conscrypt: Could not set socket write timeout: java.net.SocketException: Socket closed
06-25 11:58:48.192  5557  5681 W Conscrypt: 	at com.google.android.gms.org.conscrypt.Platform.setSocketWriteTimeout(:com.google.android.gms@231818047@23.18.18 (190800-535401451):2)
06-25 11:58:48.192  5557  5681 W Conscrypt: 	at com.google.android.gms.org.conscrypt.ConscryptFileDescriptorSocket.setSoWriteTimeout(:com.google.android.gms@231818047@23.18.18 (190800-535401451):0)
06-25 11:58:48.210  5470  5743 I NetworkScheduler.Stats: Task com.google.android.gms/com.google.android.gms.udc.service.UdcContextInitService finished executing. cause:5 result: 1 elapsed_millis: 53 uptime_millis: 53 exec_start_elapsed_seconds: 87 [CONTEXT service_id=218 ]
06-25 11:58:48.394     0     0 I logd    : logdr: UID=2000 GID=2000 PID=6022 n tail=3000 logMask=99 pid=0 start=0ns deadline=0ns
06-25 11:58:48.435     0     0 I logd    : logdr: UID=2000 GID=2000 PID=6025 n tail=3000 logMask=99 pid=0 start=0ns deadline=0ns
06-25 11:58:48.318   518  1930 I ActivityManager: Force stopping com.hanapkalinga.mobile appid=10192 user=0: from pid 6030
06-25 11:58:48.413   336  6036 I resolv  : GetAddrInfoHandler::run: {101 786533 101 983141 10132 0}
06-25 11:58:48.415   336  6038 I resolv  : res_nmkquery: (QUERY, IN, A)
06-25 11:58:48.416   336  6038 I resolv  : resolv_cache_lookup: FOUND IN CACHE entry=0x7e213170c090
06-25 11:58:48.416   336  6038 I resolv  : doQuery: rcode=0, ancount=16, return value=292
06-25 11:58:48.417   336  6037 I resolv  : res_nmkquery: (QUERY, IN, AAAA)
06-25 11:58:48.418   336  6037 I resolv  : resolv_cache_lookup: FOUND IN CACHE entry=0x7e20e17088d0
06-25 11:58:48.418   336  6037 I resolv  : doQuery: rcode=0, ancount=4, return value=148
06-25 11:58:48.418  5557  5648 D TrafficStats: tagSocket(150) with statsTag=0x30003000, statsUid=-1
06-25 11:58:48.425   518   903 W BatteryExternalStatsWorker: error reading Bluetooth stats: 11
06-25 11:58:48.445  6035  6035 W BpBinder: Linking to death on android.gui.ISurfaceComposer but there are no threads (yet?) listening to incoming transactions. See ProcessState::startThreadPool and ProcessState::setThreadPoolMaxThreadCount. Generally you should setup the binder threadpool before other initialization steps.
06-25 11:58:48.445  6035  6035 W ProcessState: Extra binder thread started, but 0 threads requested. Do not use *startThreadPool when zero threads are requested.
06-25 11:58:48.451   135   135 I hwservicemanager: getTransport: Cannot find entry android.hardware.graphics.mapper@4.0::IMapper/default in either framework or device VINTF manifest.
06-25 11:58:48.451  6035  6039 I Gralloc4: mapper 4.x is not supported
06-25 11:58:48.617     0     0 I servicemanager: Could not find android.hardware.graphics.allocator.IAllocator/default in the VINTF manifest.
06-25 11:58:48.604   518   903 W ProcessStats: Tracking association SourceState{36128c9 com.google.android.gms/10132 BTop #10686} whose proc state 2 is better than process ProcessState{75d384b com.google.android.gms.persistent/10132 pkg=com.google.android.gms} proc state 4 (29165 skipped)
06-25 11:58:48.644  6040  6040 D AndroidRuntime: >>>>>> START com.android.internal.os.RuntimeInit uid 2000 <<<<<<
06-25 11:58:48.647  6040  6040 I AndroidRuntime: Using default boot image
06-25 11:58:48.647  6040  6040 I AndroidRuntime: Leaving lock profiling enabled
06-25 11:58:48.649  6040  6040 I app_process: Core platform API reporting enabled, enforcing=false
06-25 11:58:48.649  6040  6040 I app_process: Using CollectorTypeCC GC.
06-25 11:58:48.687  5557  5648 W Conscrypt: Could not set socket write timeout: java.net.SocketException: Socket closed
06-25 11:58:48.690  5557  5681 W Conscrypt: Could not set socket write timeout: java.net.SocketException: Socket closed
06-25 11:58:48.694  5557  5681 W Conscrypt: 	at com.google.android.gms.org.conscrypt.Platform.setSocketWriteTimeout(:com.google.android.gms@231818047@23.18.18 (190800-535401451):2)
06-25 11:58:48.696  5557  5681 W Conscrypt: 	at com.google.android.gms.org.conscrypt.ConscryptFileDescriptorSocket.setSoWriteTimeout(:com.google.android.gms@231818047@23.18.18 (190800-535401451):0)
06-25 11:58:48.698  5557  5648 W Conscrypt: 	at com.google.android.gms.org.conscrypt.Platform.setSocketWriteTimeout(:com.google.android.gms@231818047@23.18.18 (190800-535401451):2)
06-25 11:58:48.709  6040  6040 D nativeloader: InitDefaultPublicLibraries for_preload=1: libandroid.so:libaaudio.so:libamidi.so:libbinder_ndk.so:libc.so:libcamera2ndk.so:libdl.so:libEGL.so:libGLESv1_CM.so:libGLESv2.so:libGLESv3.so:libicu.so:libicui18n.so:libicuuc.so:libjnigraphics.so:liblog.so:libmediandk.so:libm.so:libnativehelper.so:libnativewindow.so:libOpenMAXAL.so:libOpenSLES.so:libRS.so:libstdc++.so:libsync.so:libvulkan.so:libwebviewchromium_plat_support.so:libz.so
06-25 11:58:48.709  5557  5648 W Conscrypt: 	at com.google.android.gms.org.conscrypt.ConscryptFileDescriptorSocket.setSoWriteTimeout(:com.google.android.gms@231818047@23.18.18 (190800-535401451):0)
06-25 11:58:48.717  6040  6040 D app_process: Time zone APEX ICU file found: /apex/com.android.tzdata/etc/icu/icu_tzdata.dat
06-25 11:58:48.717  6040  6040 D app_process: I18n APEX ICU file found: /apex/com.android.i18n/etc/icu/icudt72l.dat
06-25 11:58:48.722  6040  6040 W app_process: Unexpected CPU variant for x86: x86_64.
06-25 11:58:48.722  6040  6040 W app_process: Known variants: atom, sandybridge, silvermont, goldmont, goldmont-plus, tremont, kabylake, default
06-25 11:58:48.725  6040  6040 W app_process: ClassLoaderContext shared library size mismatch. Expected=2, found=0 (PCL[]{PCL[/system/framework/android.test.base.jar*836642756]#PCL[/system/framework/android.test.mock.jar*3186112116]} | PCL[])
06-25 11:58:48.728  6040  6040 W app_process: ClassLoaderContext classpath size mismatch. expected=0, found=1 (PCL[]{PCL[/system/framework/android.test.runner.jar*4168958247]{PCL[/system/framework/android.test.base.jar*836642756]#PCL[/system/framework/android.test.mock.jar*3186112116]}#PCL[/system/framework/android.test.base.jar*836642756]} | PCL[/system/framework/android.test.runner.jar*4168958247])
06-25 11:58:48.740  6040  6040 W main    : type=1400 audit(0.0:55): avc:  denied  { read } for  name="u:object_r:build_attestation_prop:s0" dev="tmpfs" ino=86 scontext=u:r:shell:s0 tcontext=u:object_r:build_attestation_prop:s0 tclass=file permissive=0
06-25 11:58:48.743  6040  6040 W libc    : Access denied finding property "ro.product.name_for_attestation"
06-25 11:58:48.740  6040  6040 W main    : type=1400 audit(0.0:56): avc:  denied  { read } for  name="u:object_r:build_attestation_prop:s0" dev="tmpfs" ino=86 scontext=u:r:shell:s0 tcontext=u:object_r:build_attestation_prop:s0 tclass=file permissive=0
06-25 11:58:48.746  6040  6040 W libc    : Access denied finding property "ro.product.brand_for_attestation"
06-25 11:58:48.744  6040  6040 W main    : type=1400 audit(0.0:57): avc:  denied  { read } for  name="u:object_r:build_attestation_prop:s0" dev="tmpfs" ino=86 scontext=u:r:shell:s0 tcontext=u:object_r:build_attestation_prop:s0 tclass=file permissive=0
06-25 11:58:48.749  6040  6040 W libc    : Access denied finding property "ro.product.model_for_attestation"
06-25 11:58:48.750  6040  6040 D AndroidRuntime: Calling main entry com.android.commands.uiautomator.Launcher
06-25 11:58:48.754  6040  6040 D UiAutomationConnection: Created on user UserHandle{0}
06-25 11:58:48.754  6040  6040 I UiAutomation: Initialized for user 0 on display 0
06-25 11:58:48.754  6040  6040 W UiAutomation: Created with deprecatead constructor, assumes DEFAULT_DISPLAY
06-25 11:58:48.755   518   903 D AccessibilityManagerService: changeCurrentUserForTestAutomationIfNeededLocked(0): ignoring because device doesn't support visible background users
06-25 11:58:48.755   518   903 I UiAutomationManager: Registering UiTestAutomationService (id=com.android.server.accessibility/UiAutomation) when called by user 0
06-25 11:58:48.759   518   903 W WindowMagnificationMgr: requestConnection duplicated request: connect=false, mConnectionState=DISCONNECTED
06-25 11:58:48.759  1571  1683 I AiAiEcho: Settings changed for uri: content://settings/secure/accessibility_enabled
06-25 11:58:48.760  1571  1768 I AiAiEcho: Predicting[0]: 
06-25 11:58:48.760  1571  1768 I AiAiEcho: EchoTargets: 
06-25 11:58:48.760  1571  1768 I AiAiEcho: Filtered by AiAi flag check: 
06-25 11:58:48.760  1571  1768 I AiAiEcho: Ranked targets strategy: SORT, count: 0, ranking metadata: 
06-25 11:58:48.760  6040  6054 V UiAutomation: Init UiAutomation@47b85cf[id=5, displayId=0, flags=0]
06-25 11:58:48.761  1571  1768 I AiAiEcho: Predicting[0]: 
06-25 11:58:48.761  1571  1768 I AiAiEcho: EchoTargets: 
06-25 11:58:48.761  1571  1768 I AiAiEcho: Filtered by AiAi flag check: 
06-25 11:58:48.761  1571  1768 I AiAiEcho: Ranked targets strategy: SORT, count: 0, ranking metadata: 
06-25 11:58:48.762  1571  1768 I AiAiEcho: #postPredictionTargets: Sending updates to UISurface lockscreen with targets# 0 (types=[])
06-25 11:58:48.762   518   903 W WindowMagnificationMgr: requestConnection duplicated request: connect=false, mConnectionState=DISCONNECTED
06-25 11:58:48.763  1571  1768 I AiAiEcho: #postPredictionTargets: Sending updates to UISurface home with targets# 0 (types=[])
06-25 11:58:48.764   831   831 W PageIndicator: Total number of pages invalid: 0. Assuming 1 page.
06-25 11:58:48.766  1571  1683 I AiAiEcho: Settings changed for uri: content://settings/secure/accessibility_enabled
06-25 11:58:48.766  2859  2934 I A       : NGA disabled since it's running Panthera and at least one a11y feature is on.
06-25 11:58:48.766  1571  1768 I AiAiEcho: Predicting[0]: 
06-25 11:58:48.767  1571  1768 I AiAiEcho: EchoTargets: 
06-25 11:58:48.767  1571  1768 I AiAiEcho: Filtered by AiAi flag check: 
06-25 11:58:48.767  1571  1768 I AiAiEcho: Ranked targets strategy: SORT, count: 0, ranking metadata: 
06-25 11:58:48.767  1571  1768 I AiAiEcho: Predicting[0]: 
06-25 11:58:48.767  1571  1768 I AiAiEcho: EchoTargets: 
06-25 11:58:48.767  1571  1768 I AiAiEcho: Filtered by AiAi flag check: 
06-25 11:58:48.767  1571  1768 I AiAiEcho: Ranked targets strategy: SORT, count: 0, ranking metadata: 
06-25 11:58:48.768  1571  1768 I AiAiEcho: #postPredictionTargets: Sending updates to UISurface lockscreen with targets# 0 (types=[])
06-25 11:58:48.768  1571  1768 I AiAiEcho: #postPredictionTargets: Sending updates to UISurface home with targets# 0 (types=[])
06-25 11:58:48.768  2859  2934 I A       : Nga state changed to NgaStateDetails{state=DISABLED, isSpecialExperience=false}
06-25 11:58:48.771   831   831 W PageIndicator: Total number of pages invalid: 0. Assuming 1 page.
06-25 11:58:48.772  1593  2089 I A       : Unsubscribed to apa or classic variant change.
06-25 11:58:48.773  1593  1614 I A       : APA or Classic session decision: SessionDecision(sessionVariance=CLASSIC, platformVariance=CLASSIC, justification=CURRENT_PLATFORM_VARIANCE).
06-25 11:58:48.773  1593  1614 I A       : [Memory] eligibility: StashEligibility{4}
06-25 11:58:48.774   518   518 D BatterySaverPolicy: accessibility changed to true, updating policy.
06-25 11:58:48.774   518  2133 D SafetySourceDataValidator: No cert check requested for package com.google.android.permissioncontroller
06-25 11:58:48.829  5557  5681 I Checkin : [CheckinRequestProcessor] updateCheckinIdTokenFileFromResponse, Reading existing AID
06-25 11:58:48.829  5557  5681 I Checkin : [CheckinRequestProcessor] Default Task : Checkin Succeeded: https://android.googleapis.com/checkin (fragment #1).
06-25 11:58:48.829  5557  5648 W Conscrypt: Could not set socket write timeout: java.net.SocketException: Socket closed
06-25 11:58:48.830  5557  5648 W Conscrypt: 	at com.google.android.gms.org.conscrypt.Platform.setSocketWriteTimeout(:com.google.android.gms@231818047@23.18.18 (190800-535401451):2)
06-25 11:58:48.830  5557  5648 W Conscrypt: 	at com.google.android.gms.org.conscrypt.ConscryptFileDescriptorSocket.setSoWriteTimeout(:com.google.android.gms@231818047@23.18.18 (190800-535401451):0)
06-25 11:58:48.836  5557  5681 I Checkin : [CheckinOperation] Checkin Operation finished with result: SUCCESS finish time: 88150.
06-25 11:58:48.885   518   896 D CompatibilityChangeReporter: Compat change id reported: 161145287; UID 10132; state: DISABLED
06-25 11:58:48.885   518   896 D CompatibilityChangeReporter: Compat change id reported: 161145287; UID 10132; state: ENABLED
06-25 11:58:48.894   518  1595 D CompatibilityChangeReporter: Compat change id reported: 261072174; UID 10132; state: DISABLED
06-25 11:58:48.900  5470  5535 I NetworkScheduler.Stats: Task com.google.android.gms/com.google.android.gms.auth.account.be.legacy.AuthCronService started execution. cause:1 exec_start_elapsed_seconds: 88 [CONTEXT service_id=218 ]
06-25 11:58:48.903  5470  5535 I NetworkScheduler.Stats: Task com.google.android.gms/com.google.android.gms.auth.account.be.legacy.AuthCronService finished executing. cause:1 result: 3 elapsed_millis: 12 uptime_millis: 12 exec_start_elapsed_seconds: 88 [CONTEXT service_id=218 ]
06-25 11:58:49.043  5557  5936 E PhenotypeFlagCommitter: Retrieving snapshot for com.google.android.gms.playlog.uploader failed
06-25 11:58:49.043  5557  5936 E PhenotypeFlagCommitter: java.util.concurrent.TimeoutException: Timed out waiting for Task
06-25 11:58:49.043  5557  5936 E PhenotypeFlagCommitter: 	at cfsz.o(:com.google.android.gms@231818047@23.18.18 (190800-535401451):6)
06-25 11:58:49.043  5557  5936 E PhenotypeFlagCommitter: 	at bwch.e(:com.google.android.gms@231818047@23.18.18 (190800-535401451):2)
06-25 11:58:49.043  5557  5936 E PhenotypeFlagCommitter: 	at bwch.j(:com.google.android.gms@231818047@23.18.18 (190800-535401451):2)
06-25 11:58:49.043  5557  5936 E PhenotypeFlagCommitter: 	at bwch.h(:com.google.android.gms@231818047@23.18.18 (190800-535401451):0)
06-25 11:58:49.043  5557  5936 E PhenotypeFlagCommitter: 	at com.google.android.gms.clearcut.init.ClearcutInitChimeraIntentService.b(:com.google.android.gms@231818047@23.18.18 (190800-535401451):5)
06-25 11:58:49.043  5557  5936 E PhenotypeFlagCommitter: 	at zdm.onHandleIntent(:com.google.android.gms@231818047@23.18.18 (190800-535401451):2)
06-25 11:58:49.043  5557  5936 E PhenotypeFlagCommitter: 	at com.google.android.gms.clearcut.init.DefaultPriorityClearcutInitChimeraIntentService.onHandleIntent(:com.google.android.gms@231818047@23.18.18 (190800-535401451):2)
06-25 11:58:49.043  5557  5936 E PhenotypeFlagCommitter: 	at com.google.android.chimera.IntentOperation.onHandleIntent(:com.google.android.gms@231818047@23.18.18 (190800-535401451):2)
06-25 11:58:49.043  5557  5936 E PhenotypeFlagCommitter: 	at zhv.onHandleIntent(:com.google.android.gms@231818047@23.18.18 (190800-535401451):4)
06-25 11:58:49.043  5557  5936 E PhenotypeFlagCommitter: 	at hjm.run(:com.google.android.gms@231818047@23.18.18 (190800-535401451):3)
06-25 11:58:49.043  5557  5936 E PhenotypeFlagCommitter: 	at hjl.run(:com.google.android.gms@231818047@23.18.18 (190800-535401451):11)
06-25 11:58:49.043  5557  5936 E PhenotypeFlagCommitter: 	at dfhf.run(:com.google.android.gms@231818047@23.18.18 (190800-535401451):2)
06-25 11:58:49.043  5557  5936 E PhenotypeFlagCommitter: 	at java.util.concurrent.ThreadPoolExecutor.runWorker(ThreadPoolExecutor.java:1145)
06-25 11:58:49.043  5557  5936 E PhenotypeFlagCommitter: 	at java.util.concurrent.ThreadPoolExecutor$Worker.run(ThreadPoolExecutor.java:644)
06-25 11:58:49.043  5557  5936 E PhenotypeFlagCommitter: 	at java.lang.Thread.run(Thread.java:1012)
06-25 11:58:49.057  5470  5646 W SystemServiceRegistry: No service published for: contexthub
06-25 11:58:49.066  5470  5641 W ChimeraUtils: Module com.google.android.gms.location__nonwearable missing resource location_module_display_name(0)
06-25 11:58:49.067  5470  5498 I GCoreUlr: WorldUpdater received intent Intent { act=com.google.android.location.reporting.ACTION_UPDATE_WORLD cmp=com.google.android.gms/com.google.android.location.reporting.service.DispatchingService (has extras) } with receiverAction init
06-25 11:58:49.071  5470  5498 I GCoreUlr: WorldUpdater:init: Ensuring that reporting is stopped because of reasons: (no Google accounts)
06-25 11:58:49.073  5470  5498 I GCoreUlr: Unbound from all signal providers.
06-25 11:58:49.077  5470  5470 I GCoreUlr: Unbound from all signal providers.
06-25 11:58:49.077  5470  5470 I GCoreUlr: Stopping handler for UlrDispSvcFast
06-25 11:58:49.577  5557  5672 E PhenotypeFlagCommitter: Retrieving snapshot for com.google.android.gms.people failed
06-25 11:58:49.577  5557  5672 E PhenotypeFlagCommitter: java.util.concurrent.TimeoutException: Timed out waiting for Task
06-25 11:58:49.577  5557  5672 E PhenotypeFlagCommitter: 	at cfsz.o(:com.google.android.gms@231818047@23.18.18 (190800-535401451):6)
06-25 11:58:49.577  5557  5672 E PhenotypeFlagCommitter: 	at bwch.e(:com.google.android.gms@231818047@23.18.18 (190800-535401451):2)
06-25 11:58:49.577  5557  5672 E PhenotypeFlagCommitter: 	at bwch.j(:com.google.android.gms@231818047@23.18.18 (190800-535401451):2)
06-25 11:58:49.577  5557  5672 E PhenotypeFlagCommitter: 	at bwch.h(:com.google.android.gms@231818047@23.18.18 (190800-535401451):0)
06-25 11:58:49.577  5557  5672 E PhenotypeFlagCommitter: 	at buqd.onHandleIntent(:com.google.android.gms@231818047@23.18.18 (190800-535401451):4)
06-25 11:58:49.577  5557  5672 E PhenotypeFlagCommitter: 	at com.google.android.chimera.IntentOperation.onHandleIntent(:com.google.android.gms@231818047@23.18.18 (190800-535401451):2)
06-25 11:58:49.577  5557  5672 E PhenotypeFlagCommitter: 	at zhv.onHandleIntent(:com.google.android.gms@231818047@23.18.18 (190800-535401451):4)
06-25 11:58:49.577  5557  5672 E PhenotypeFlagCommitter: 	at hjm.run(:com.google.android.gms@231818047@23.18.18 (190800-535401451):3)
06-25 11:58:49.577  5557  5672 E PhenotypeFlagCommitter: 	at hjl.run(:com.google.android.gms@231818047@23.18.18 (190800-535401451):11)
06-25 11:58:49.577  5557  5672 E PhenotypeFlagCommitter: 	at dfhf.run(:com.google.android.gms@231818047@23.18.18 (190800-535401451):2)
06-25 11:58:49.577  5557  5672 E PhenotypeFlagCommitter: 	at java.util.concurrent.ThreadPoolExecutor.runWorker(ThreadPoolExecutor.java:1145)
06-25 11:58:49.577  5557  5672 E PhenotypeFlagCommitter: 	at java.util.concurrent.ThreadPoolExecutor$Worker.run(ThreadPoolExecutor.java:644)
06-25 11:58:49.577  5557  5672 E PhenotypeFlagCommitter: 	at java.lang.Thread.run(Thread.java:1012)
06-25 11:58:49.772  6040  6040 I AccessibilityNodeInfoDumper: Skipping invisible child: android.view.accessibility.AccessibilityNodeInfo@17b2e; boundsInParent: Rect(0, 0 - 0, 19); boundsInScreen: Rect(31, 66 - 31, 80); boundsInWindow: Rect(31, 66 - 31, 80); packageName: com.google.android.apps.nexuslauncher; className: android.widget.TextView; text: null; error: null; maxTextLength: -1; stateDescription: null; contentDescription: null; tooltipText: null; containerTitle: null; viewIdResName: com.google.android.apps.nexuslauncher:id/subtitle_text; uniqueId: null; checkable: false; checked: false; focusable: true; focused: false; selected: false; clickable: true; longClickable: false; contextClickable: false; enabled: true; password: false; scrollable: false; importantForAccessibility: true; visible: false; actions: [AccessibilityAction: ACTION_FOCUS - null, AccessibilityAction: ACTION_SELECT - null, AccessibilityAction: ACTION_CLEAR_SELECTION - null, AccessibilityAction: ACTION_CLICK - null, AccessibilityAction: ACTION_ACCESSIBILITY_FOCUS - null, AccessibilityAction: ACTION_SHOW_ON_SCREEN - null]; isTextSelectable: false
06-25 11:58:49.777  6040  6040 W AccessibilityNodeInfoDumper: Fetch time: 9ms
06-25 11:58:49.778  1571  1683 I AiAiEcho: Settings changed for uri: content://settings/secure/accessibility_enabled
06-25 11:58:49.778   518  2988 W WindowMagnificationMgr: requestConnection duplicated request: connect=false, mConnectionState=DISCONNECTED
06-25 11:58:49.778  1571  1768 I AiAiEcho: Predicting[0]: 
06-25 11:58:49.779  1571  1768 I AiAiEcho: EchoTargets: 
06-25 11:58:49.779  1571  1768 I AiAiEcho: Filtered by AiAi flag check: 
06-25 11:58:49.779  1571  1768 I AiAiEcho: Ranked targets strategy: SORT, count: 0, ranking metadata: 
06-25 11:58:49.779  1571  1768 I AiAiEcho: Predicting[0]: 
06-25 11:58:49.779   518  2988 D AccessibilityManagerService: restoreCurrentUserForTestAutomationIfNeededLocked(): ignoring because device doesn't support visible background users
06-25 11:58:49.779  1571  1768 I AiAiEcho: EchoTargets: 
06-25 11:58:49.779  1571  1768 I AiAiEcho: Filtered by AiAi flag check: 
06-25 11:58:49.779  1571  1768 I AiAiEcho: Ranked targets strategy: SORT, count: 0, ranking metadata: 
06-25 11:58:49.782  2859  2935 I A       : NGA enabled in interactor.
06-25 11:58:49.783   518   518 D BatterySaverPolicy: accessibility changed to false, updating policy.
06-25 11:58:49.784  1571  1768 I AiAiEcho: #postPredictionTargets: Sending updates to UISurface lockscreen with targets# 0 (types=[])
06-25 11:58:49.784  1571  1768 I AiAiEcho: #postPredictionTargets: Sending updates to UISurface home with targets# 0 (types=[])
06-25 11:58:49.785  2859  2935 I A       : Nga state changed to NgaStateDetails{state=ENABLED, isSpecialExperience=false}
06-25 11:58:49.787  1593  1614 I A       : Initializing all components
06-25 11:58:49.788  6040  6040 D AndroidRuntime: Shutting down VM
06-25 11:58:49.789  1593  1614 I A       : APA or Classic session decision: SessionDecision(sessionVariance=CLASSIC, platformVariance=CLASSIC, justification=CURRENT_PLATFORM_VARIANCE).
06-25 11:58:49.790  1593  1614 I A       : [Memory] eligibility: StashEligibility{6}
06-25 11:58:49.790  1593  2089 I A       : onIsEnabledChanged, isEnabled: false
06-25 11:58:49.791  1593  2089 W A       : Disposing empty manager. Did you forgot to subscribe observables?
06-25 11:58:49.791  1593  2089 W A       : Disposing empty manager. Did you forgot to subscribe observables?
06-25 11:58:49.791  1593  2089 W A       : Disposing empty manager. Did you forgot to subscribe observables?
06-25 11:58:49.791  1593  2089 W A       : Disposing empty manager. Did you forgot to subscribe observables?
06-25 11:58:49.791  1593  2089 W A       : Disposing empty manager. Did you forgot to subscribe observables?
06-25 11:58:49.791  1593  2089 W A       : Disposing empty manager. Did you forgot to subscribe observables?
06-25 11:58:49.791  1593  2089 W A       : Disposing empty manager. Did you forgot to subscribe observables?
06-25 11:58:49.791  1593  2089 W A       : Disposing empty manager. Did you forgot to subscribe observables?
06-25 11:58:49.791  1593  2089 W A       : Disposing empty manager. Did you forgot to subscribe observables?
06-25 11:58:49.791  1593  2089 W A       : Disposing empty manager. Did you forgot to subscribe observables?
06-25 11:58:49.791  1593  2089 I A       : onOpaVisibilityChanged: false
06-25 11:58:49.791  1593  2089 W A       : Disposing empty manager. Did you forgot to subscribe observables?
06-25 11:58:49.791  1593  2089 W A       : Disposing empty manager. Did you forgot to subscribe observables?
06-25 11:58:49.791  1593  2089 W A       : Disposing empty manager. Did you forgot to subscribe observables?
06-25 11:58:49.791  1593  2089 W A       : Disposing empty manager. Did you forgot to subscribe observables?
06-25 11:58:49.791  1593  2089 W A       : Disposing empty manager. Did you forgot to subscribe observables?
06-25 11:58:49.791  1593  2089 W A       : Disposing empty manager. Did you forgot to subscribe observables?
06-25 11:58:49.791  1593  2089 I A       : Setting session to type: NO_SESSION
06-25 11:58:49.791  1593  2089 W A       : Disposing empty manager. Did you forgot to subscribe observables?
06-25 11:58:49.792  1593  2089 W A       : Disposing empty manager. Did you forgot to subscribe observables?
06-25 11:58:49.792  1593  2089 W A       : Disposing empty manager. Did you forgot to subscribe observables?
06-25 11:58:49.792  1593  2089 W A       : Disposing empty manager. Did you forgot to subscribe observables?
06-25 11:58:49.792  1593  2089 W A       : Disposing empty manager. Did you forgot to subscribe observables?
06-25 11:58:49.792  1593  2089 W A       : Disposing empty manager. Did you forgot to subscribe observables?
06-25 11:58:49.792  1593  2089 W A       : Disposing empty manager. Did you forgot to subscribe observables?
06-25 11:58:49.792  1593  2089 W A       : Disposing empty manager. Did you forgot to subscribe observables?
06-25 11:58:49.792  1593  2089 I A       : setNavBarVisible: GestureNavBarVisible{navbarVisible=true}
06-25 11:58:49.792  1593  2089 W A       : Disposing empty manager. Did you forgot to subscribe observables?
06-25 11:58:49.792  1593  2089 W A       : Disposing empty manager. Did you forgot to subscribe observables?
06-25 11:58:49.792  1593  2089 W A       : Disposing empty manager. Did you forgot to subscribe observables?
06-25 11:58:49.792  1593  2089 W A       : Disposing empty manager. Did you forgot to subscribe observables?
06-25 11:58:49.792  1593  2089 W A       : Disposing empty manager. Did you forgot to subscribe observables?
06-25 11:58:49.792  1593  2089 W A       : Disposing empty manager. Did you forgot to subscribe observables?
06-25 11:58:49.792  1593  2089 I A       : onDisabled. Registered: false
06-25 11:58:49.793   831   831 W PageIndicator: Total number of pages invalid: 0. Assuming 1 page.
06-25 11:58:49.793  1593  2079 I A       : State changed: IDLE => IDLE by NGA_STATE_CHANGED and N/A with Optional.empty
06-25 11:58:49.793  1593  2079 I A       : Recognizer choice: (recognizer_type: 1, recognizer_mode: 1, choice_reason: 4)
06-25 11:58:49.795  1593  2079 I A       : onActiveStateChangeEvent: IDLE => IDLE
06-25 11:58:49.795  1593  2079 I A       : #onActiveStateChangeEvent, newState: IDLE, previousState: IDLE.
06-25 11:58:49.795  1593  2089 I NgaEntryPointEventSendr: setupConnection
06-25 11:58:49.798  2859  2859 I A       : Creating pss binder().
06-25 11:58:49.799  1593  2089 I NgaEntryPointEventSendr: State changed: Disconnected => Connecting
06-25 11:58:49.799  1593  2089 I A       : on opa visibility changed false
06-25 11:58:49.799  1593  2089 I A       : stopListening(NGA_PAUSED_UNKNOWN_REASON, NGA_CREATE), idleOverride=NOT_LISTENING
06-25 11:58:49.804  1593  2079 I A       : Initialize
06-25 11:58:49.804  1593  2089 I NgaEntryPointEventSendr: onServiceConnected
06-25 11:58:49.805  2859  3317 I A       : Calling beginBinderSession().
06-25 11:58:49.805  1593  2079 I A       : on opa visibility changed false
06-25 11:58:49.805  2859  3317 I A       : beginBinderSession(): calling binder
06-25 11:58:49.805  1593  2089 I NgaEntryPointEventSendr: State changed: Connecting => Ready
06-25 11:58:49.808   518  2228 W ActivityManager: Unable to start service Intent { cmp=com.google.android.apps.tachyon/.clientapi.ClientApiService } U=0: not found
06-25 11:58:49.810  1593  2079 I A       : Successfully initialized all components
06-25 11:58:49.815  1593  2089 I NgaEntryPointEventSendr: State changed: Ready => Disconnected (onOpaDisconnected)
06-25 11:58:49.816  2859  2972 W A       : UiCallbackStub-onGenericEvent[ServiceEvent = 60] task was not run. Callback from Service received after client was disposed.
06-25 11:58:49.820  2859  3859 I PBSessionCacheImpl: Deleted sessionId[12575797363922188] from persistence.
06-25 11:58:49.821  2859  2972 W SearchServiceCore: Abort, client detached.
06-25 11:58:50.041  5023  5243 I Bugle   : BugleStartup: Registering SIM change receiver...
06-25 11:58:50.041  5023  5243 I Bugle   : BugleStartup: Updating app config...
06-25 11:58:50.042   518   896 D PackageManager: Instant App installer not found with android.intent.action.INSTALL_INSTANT_APP_PACKAGE
06-25 11:58:50.042   518   896 D PackageManager: Clear ephemeral installer activity
06-25 11:58:50.043   518   896 D PackageManager: Instant App installer not found with android.intent.action.INSTALL_INSTANT_APP_PACKAGE
06-25 11:58:50.043   518   896 D PackageManager: Clear ephemeral installer activity
06-25 11:58:50.044   518   896 D PackageManager: Instant App installer not found with android.intent.action.INSTALL_INSTANT_APP_PACKAGE
06-25 11:58:50.044   518   896 D PackageManager: Clear ephemeral installer activity
06-25 11:58:50.044   518   896 D PackageManager: Instant App installer not found with android.intent.action.INSTALL_INSTANT_APP_PACKAGE
06-25 11:58:50.044   518   896 D PackageManager: Clear ephemeral installer activity
06-25 11:58:50.045   518   896 D PackageManager: Instant App installer not found with android.intent.action.INSTALL_INSTANT_APP_PACKAGE
06-25 11:58:50.045   518   896 D PackageManager: Clear ephemeral installer activity
06-25 11:58:50.046   518   896 D PackageManager: Instant App installer not found with android.intent.action.INSTALL_INSTANT_APP_PACKAGE
06-25 11:58:50.046   518   896 D PackageManager: Clear ephemeral installer activity
06-25 11:58:50.046  5023  5243 I Bugle   : BugleStartup: Done with SIM change receiver & app config.
06-25 11:58:50.046  5023  5243 I Bugle   : BugleStartup: Handling shared prefs upgrade & Load MMS Configuration...
06-25 11:58:50.051  5023  6057 I BugleRcsEngine: [79] bscg.c: do not delay first event
06-25 11:58:50.053  5023  6057 I BugleRcsEngine: [79] bscd.o: (Sim): Processing an intent
06-25 11:58:50.053  5023  5102 I Bugle   : Upgrading shared prefs from -1 to 2
06-25 11:58:50.053  5023  6057 I BugleRcsEngine: [79] bscd.z: (Sim): SIM state LOADED
06-25 11:58:50.054  5023  5239 W Bugle   : BuglePhoneNumberUtils: canonicalizeMccMnc: invalid mccmnc. mcc: null, mnc: null
06-25 11:58:50.057  5023  6057 I BugleRcsEngine: [79] bsgz.b: EngineBroadcaster: Broadcasting provisioning intent rcs.intent.action.rcsSimSwap to Bugle with extras redacted-pii:[chars:86] from source SIM_STATE_TRACKER
06-25 11:58:50.058  5023  6057 I BugleRcsEngine: [79] bscd.z: (Sim): SIM changed: true. current id: redacted-pii:sim_id[chars:20,last3:897]; stored id: redacted-pii:sim_id[chars:0,last3:]; isFiDevice: false; subId: 1; slotIndex: 0
06-25 11:58:50.063  5023  5243 I Bugle   : BugleStartup: Initializing RCS availability...
06-25 11:58:50.063  5023  5243 I Bugle   : RcsAvailabilityUtilForProvisioningEngineV2: updateAvailabilityAsync, hint: NO_HINT
06-25 11:58:50.064  5023  5243 I BugleRcsProvisioning: RcsAvailabilityUpdaterLocal: updateAvailabilityAsync: scheduling updateRcsAvailability call, hint: NO_HINT, enableWelcomePopupWithoutGoogleTos: false, reshowSuccessPopup: false
06-25 11:58:50.064  5023  5243 I Bugle   : BugleStartup: Done with RCS availability.
06-25 11:58:50.064  5023  5243 I Bugle   : BugleStartup: Done initializing with enabled individual init failures.
06-25 11:58:50.066  5023  5244 W BugleRcsEngine: [61] brcu.d: [SR]: Single Registration is disabled. Skipping Single Registration capability check for subId: 1, OS.isAtLeastS:[true], enableSingleRegistrationProvisioning:[false]
06-25 11:58:50.066  5023  6057 I BugleRcsEngine: [79] bscd.z: (Sim): Skipping writing subId because this is main bugle process.
06-25 11:58:50.066  5023  6057 I BugleRcsEngine: [79] bscd.z: (Sim): Updated SIM info: currentSimId: redacted-pii:sim_id[chars:20,last3:897]; imsi: redacted-pii:imsi[chars:15]; rawMsisdn: redacted-pii:phone_number[chars:12,last2:67]; formattedMsisdn: redacted-pii:phone_number[chars:0,last2:]; mccmnc: redacted-pii:sim_operator[chars:6]; gid1: redacted-pii:sim_gid[chars:0]; isFiDevice: false; subId: 1; slotIndex: 0
06-25 11:58:50.066  5023  6057 I BugleRcsEngine: [79] bscd.z: (Sim): First update of the SIM info.
06-25 11:58:50.067  5023  6057 I BugleRcsEngine: [79] bscd.I: (Sim): Broadcasting Intent { act=com.google.android.ims.SIM_LOADED (has extras) }
06-25 11:58:50.067  5023  5023 I Bugle   : SimChangeReceiver: action: com.google.android.ims.SIM_LOADED
06-25 11:58:50.068  5023  5205 I Bugle   : RcsAvailabilityUtilForProvisioningEngineV2: updateAvailabilityAsync, hint: NO_HINT
06-25 11:58:50.069  5023  5205 I BugleRcsProvisioning: RcsAvailabilityUpdaterLocal: updateAvailabilityAsync: scheduling updateRcsAvailability call, hint: NO_HINT, enableWelcomePopupWithoutGoogleTos: false, reshowSuccessPopup: false
06-25 11:58:50.074  5023  5246 W BugleRcsEngine: [63] brcu.d: [SR]: Single Registration is disabled. Skipping Single Registration capability check for subId: 1, OS.isAtLeastS:[true], enableSingleRegistrationProvisioning:[false]
06-25 11:58:50.074  5023  5179 I GnpSdk  : GrowthKit is disabled by Phenotype flag.
06-25 11:58:50.075  5023  5100 I GnpSdk  : GrowthKit is disabled by Phenotype flag.
06-25 11:58:50.078  5023  5205 I BugleJobs: Starts to observe table change.
06-25 11:58:50.081  5023  5244 I BugleRcsProvisioning: RcsAvailabilityUpdaterLocal: RcsAvailability configuration availability and enabled status: simId: redacted-pii:sim_id[chars:20,last3:897], SipConnectionType: DUAL_REG, isConfigurationAvailableAndEnabled: false
06-25 11:58:50.081  5023  5244 I BugleRcsProvisioning: RcsAvailabilityUpdaterLocal: updateRcsAvailability, currentAvailability: 1, newAvailability: 2, hint: NO_HINT
06-25 11:58:50.082  5023  5248 I BugleRcsProvisioning: RcsProvisioningTrigger: onRcsAvailabilityUpdate : availability is updated to RCS is disabled for this carrier by Google, lastAvailability is RCS is disabled due to SIM absent, simId hash = 5835118159293605404, simId = redacted-pii:sim_id[chars:20,last3:897], isPev3Enabled = true
