06-25 11:58:50.253  5023  5205 E ctbc    : 	at ccfb.a(PG:1)
06-25 11:58:50.253  5023  5205 E ctbc    : 	at cnpm.a(PG:3)
06-25 11:58:50.253  5023  5205 E ctbc    : 	at ctfv.a(PG:1)
06-25 11:58:50.253  5023  5205 E ctbc    : 	at ctet.run(PG:4)
06-25 11:58:50.253  5023  5205 E ctbc    : 	at ctfx.run(PG:1)
06-25 11:58:50.253  5023  5205 E ctbc    : 	at bxfd.run(PG:1)
06-25 11:58:50.253  5023  5205 E ctbc    : 	at java.util.concurrent.ThreadPoolExecutor.runWorker(ThreadPoolExecutor.java:1145)
06-25 11:58:50.253  5023  5205 E ctbc    : 	at java.util.concurrent.ThreadPoolExecutor$Worker.run(ThreadPoolExecutor.java:644)
06-25 11:58:50.253  5023  5205 E ctbc    : 	at bxef.run(PG:2)
06-25 11:58:50.253  5023  5205 E ctbc    : 	at java.lang.Thread.run(Thread.java:1012)
06-25 11:58:50.253  5023  5205 E ctbc    : 	at bxfj.run(PG:5)
06-25 11:58:50.255  5023  5244 E ctbc    : RuntimeException while executing runnable ctdz{cnpz@73eafbd} with executor MoreExecutors.directExecutor()
06-25 11:58:50.255  5023  5244 E ctbc    : java.lang.NullPointerException: Attempt to read from field 'java.lang.String cayk.b' on a null object reference in method 'void ccdw.b(java.lang.Object)'
06-25 11:58:50.255  5023  5244 E ctbc    : 	at ccdw.b(PG:2)
06-25 11:58:50.255  5023  5244 E ctbc    : 	at cnpz.b(PG:3)
06-25 11:58:50.255  5023  5244 E ctbc    : 	at ctdz.run(PG:6)
06-25 11:58:50.255  5023  5244 E ctbc    : 	at ctdd.execute(PG:1)
06-25 11:58:50.255  5023  5244 E ctbc    : 	at ctbc.o(PG:1)
06-25 11:58:50.255  5023  5244 E ctbc    : 	at ctbc.b(PG:5)
06-25 11:58:50.255  5023  5244 E ctbc    : 	at cteg.r(PG:2)
06-25 11:58:50.255  5023  5244 E ctbc    : 	at cnsl.k(PG:1)
06-25 11:58:50.255  5023  5244 E ctbc    : 	at ccdy.a(PG:15)
06-25 11:58:50.255  5023  5244 E ctbc    : 	at atyv.a(PG:2)
06-25 11:58:50.255  5023  5244 E ctbc    : 	at cbeo.o(PG:3)
06-25 11:58:50.255  5023  5244 E ctbc    : 	at cbeo.s(PG:1)
06-25 11:58:50.255  5023  5244 E ctbc    : 	at cbeo.g(PG:1)
06-25 11:58:50.255  5023  5244 E ctbc    : 	at ccfb.a(PG:1)
06-25 11:58:50.255  5023  5244 E ctbc    : 	at cnpm.a(PG:3)
06-25 11:58:50.255  5023  5244 E ctbc    : 	at ctfv.a(PG:1)
06-25 11:58:50.255  5023  5244 E ctbc    : 	at ctet.run(PG:4)
06-25 11:58:50.255  5023  5244 E ctbc    : 	at ctfx.run(PG:1)
06-25 11:58:50.255  5023  5244 E ctbc    : 	at bxfd.run(PG:1)
06-25 11:58:50.255  5023  5244 E ctbc    : 	at java.util.concurrent.ThreadPoolExecutor.runWorker(ThreadPoolExecutor.java:1145)
06-25 11:58:50.255  5023  5244 E ctbc    : 	at java.util.concurrent.ThreadPoolExecutor$Worker.run(ThreadPoolExecutor.java:644)
06-25 11:58:50.255  5023  5244 E ctbc    : 	at bxef.run(PG:2)
06-25 11:58:50.255  5023  5244 E ctbc    : 	at java.lang.Thread.run(Thread.java:1012)
06-25 11:58:50.255  5023  5244 E ctbc    : 	at bxfj.run(PG:5)
06-25 11:58:50.258  5023  5244 E PhFileGroupPop: Failed to add file group 
06-25 11:58:50.258  5023  5244 E ctbc    : RuntimeException while executing runnable ctdz{cnpz@eae3480} with executor MoreExecutors.directExecutor()
06-25 11:58:50.258  5023  5244 E ctbc    : java.lang.NullPointerException: Attempt to read from field 'java.lang.String cayk.b' on a null object reference in method 'void ccdw.b(java.lang.Object)'
06-25 11:58:50.258  5023  5244 E ctbc    : 	at ccdw.b(PG:2)
06-25 11:58:50.258  5023  5244 E ctbc    : 	at cnpz.b(PG:3)
06-25 11:58:50.258  5023  5244 E ctbc    : 	at ctdz.run(PG:6)
06-25 11:58:50.258  5023  5244 E ctbc    : 	at ctdd.execute(PG:1)
06-25 11:58:50.258  5023  5244 E ctbc    : 	at ctbc.o(PG:1)
06-25 11:58:50.258  5023  5244 E ctbc    : 	at ctbc.b(PG:5)
06-25 11:58:50.258  5023  5244 E ctbc    : 	at cteg.r(PG:2)
06-25 11:58:50.258  5023  5244 E ctbc    : 	at cnsl.k(PG:1)
06-25 11:58:50.258  5023  5244 E ctbc    : 	at ccdy.a(PG:15)
06-25 11:58:50.258  5023  5244 E ctbc    : 	at atyv.a(PG:2)
06-25 11:58:50.258  5023  5244 E ctbc    : 	at cbeo.o(PG:3)
06-25 11:58:50.258  5023  5244 E ctbc    : 	at cbeo.s(PG:1)
06-25 11:58:50.258  5023  5244 E ctbc    : 	at cbeo.g(PG:1)
06-25 11:58:50.258  5023  5244 E ctbc    : 	at ccfb.a(PG:1)
06-25 11:58:50.258  5023  5244 E ctbc    : 	at cnpm.a(PG:3)
06-25 11:58:50.258  5023  5244 E ctbc    : 	at ctfv.a(PG:1)
06-25 11:58:50.258  5023  5244 E ctbc    : 	at ctet.run(PG:4)
06-25 11:58:50.258  5023  5244 E ctbc    : 	at ctfx.run(PG:1)
06-25 11:58:50.258  5023  5244 E ctbc    : 	at bxfd.run(PG:1)
06-25 11:58:50.258  5023  5244 E ctbc    : 	at java.util.concurrent.ThreadPoolExecutor.runWorker(ThreadPoolExecutor.java:1145)
06-25 11:58:50.258  5023  5244 E ctbc    : 	at java.util.concurrent.ThreadPoolExecutor$Worker.run(ThreadPoolExecutor.java:644)
06-25 11:58:50.258  5023  5244 E ctbc    : 	at bxef.run(PG:2)
06-25 11:58:50.258  5023  5244 E ctbc    : 	at java.lang.Thread.run(Thread.java:1012)
06-25 11:58:50.258  5023  5244 E ctbc    : 	at bxfj.run(PG:5)
06-25 11:58:50.258  5023  5244 E PhFileGroupPop: Failed to add file group 
06-25 11:58:50.258  5023  5244 E ctbc    : RuntimeException while executing runnable ctdz{cnpz@de49efe} with executor MoreExecutors.directExecutor()
06-25 11:58:50.258  5023  5244 E ctbc    : java.lang.NullPointerException: Attempt to read from field 'java.lang.String cayk.b' on a null object reference in method 'void ccdw.b(java.lang.Object)'
06-25 11:58:50.258  5023  5244 E ctbc    : 	at ccdw.b(PG:2)
06-25 11:58:50.258  5023  5244 E ctbc    : 	at cnpz.b(PG:3)
06-25 11:58:50.258  5023  5244 E ctbc    : 	at ctdz.run(PG:6)
06-25 11:58:50.258  5023  5244 E ctbc    : 	at ctdd.execute(PG:1)
06-25 11:58:50.258  5023  5244 E ctbc    : 	at ctbc.o(PG:1)
06-25 11:58:50.258  5023  5244 E ctbc    : 	at ctbc.b(PG:5)
06-25 11:58:50.258  5023  5244 E ctbc    : 	at cteg.r(PG:2)
06-25 11:58:50.258  5023  5244 E ctbc    : 	at cnsl.k(PG:1)
06-25 11:58:50.258  5023  5244 E ctbc    : 	at ccdy.a(PG:15)
06-25 11:58:50.258  5023  5244 E ctbc    : 	at atyv.a(PG:2)
06-25 11:58:50.258  5023  5244 E ctbc    : 	at cbeo.o(PG:3)
06-25 11:58:50.258  5023  5244 E ctbc    : 	at cbeo.s(PG:1)
06-25 11:58:50.258  5023  5244 E ctbc    : 	at cbeo.g(PG:1)
06-25 11:58:50.258  5023  5244 E ctbc    : 	at ccfb.a(PG:1)
06-25 11:58:50.258  5023  5244 E ctbc    : 	at cnpm.a(PG:3)
06-25 11:58:50.258  5023  5244 E ctbc    : 	at ctfv.a(PG:1)
06-25 11:58:50.258  5023  5244 E ctbc    : 	at ctet.run(PG:4)
06-25 11:58:50.258  5023  5244 E ctbc    : 	at ctfx.run(PG:1)
06-25 11:58:50.258  5023  5244 E ctbc    : 	at bxfd.run(PG:1)
06-25 11:58:50.258  5023  5244 E ctbc    : 	at java.util.concurrent.ThreadPoolExecutor.runWorker(ThreadPoolExecutor.java:1145)
06-25 11:58:50.258  5023  5244 E ctbc    : 	at java.util.concurrent.ThreadPoolExecutor$Worker.run(ThreadPoolExecutor.java:644)
06-25 11:58:50.258  5023  5244 E ctbc    : 	at bxef.run(PG:2)
06-25 11:58:50.258  5023  5244 E ctbc    : 	at java.lang.Thread.run(Thread.java:1012)
06-25 11:58:50.258  5023  5244 E ctbc    : 	at bxfj.run(PG:5)
06-25 11:58:50.258  5023  5244 E ctbc    : RuntimeException while executing runnable ctdz{cnpz@70218ac} with executor MoreExecutors.directExecutor()
06-25 11:58:50.258  5023  5244 E ctbc    : java.lang.NullPointerException: Attempt to read from field 'java.lang.String cayk.b' on a null object reference in method 'void ccdw.b(java.lang.Object)'
06-25 11:58:50.258  5023  5244 E ctbc    : 	at ccdw.b(PG:2)
06-25 11:58:50.258  5023  5244 E ctbc    : 	at cnpz.b(PG:3)
06-25 11:58:50.258  5023  5244 E ctbc    : 	at ctdz.run(PG:6)
06-25 11:58:50.258  5023  5244 E ctbc    : 	at ctdd.execute(PG:1)
06-25 11:58:50.258  5023  5244 E ctbc    : 	at ctbc.o(PG:1)
06-25 11:58:50.258  5023  5244 E ctbc    : 	at ctbc.b(PG:5)
06-25 11:58:50.258  5023  5244 E ctbc    : 	at cteg.r(PG:2)
06-25 11:58:50.258  5023  5244 E ctbc    : 	at cnsl.k(PG:1)
06-25 11:58:50.258  5023  5244 E ctbc    : 	at ccdy.a(PG:15)
06-25 11:58:50.258  5023  5244 E ctbc    : 	at atyv.a(PG:2)
06-25 11:58:50.258  5023  5244 E ctbc    : 	at cbeo.o(PG:3)
06-25 11:58:50.258  5023  5244 E ctbc    : 	at cbeo.s(PG:1)
06-25 11:58:50.258  5023  5244 E ctbc    : 	at cbeo.g(PG:1)
06-25 11:58:50.258  5023  5244 E ctbc    : 	at ccfb.a(PG:1)
06-25 11:58:50.258  5023  5244 E ctbc    : 	at cnpm.a(PG:3)
06-25 11:58:50.258  5023  5244 E ctbc    : 	at ctfv.a(PG:1)
06-25 11:58:50.258  5023  5244 E ctbc    : 	at ctet.run(PG:4)
06-25 11:58:50.258  5023  5244 E ctbc    : 	at ctfx.run(PG:1)
06-25 11:58:50.258  5023  5244 E ctbc    : 	at bxfd.run(PG:1)
06-25 11:58:50.258  5023  5244 E ctbc    : 	at java.util.concurrent.ThreadPoolExecutor.runWorker(ThreadPoolExecutor.java:1145)
06-25 11:58:50.258  5023  5244 E ctbc    : 	at java.util.concurrent.ThreadPoolExecutor$Worker.run(ThreadPoolExecutor.java:644)
06-25 11:58:50.258  5023  5244 E ctbc    : 	at bxef.run(PG:2)
06-25 11:58:50.258  5023  5244 E ctbc    : 	at java.lang.Thread.run(Thread.java:1012)
06-25 11:58:50.258  5023  5244 E ctbc    : 	at bxfj.run(PG:5)
06-25 11:58:50.258  5023  5244 E ctbc    : RuntimeException while executing runnable ctdz{cnpz@b67ad0a} with executor MoreExecutors.directExecutor()
06-25 11:58:50.258  5023  5244 E ctbc    : java.lang.NullPointerException: Attempt to read from field 'java.lang.String cayk.b' on a null object reference in method 'void ccdw.b(java.lang.Object)'
06-25 11:58:50.258  5023  5244 E ctbc    : 	at ccdw.b(PG:2)
06-25 11:58:50.258  5023  5244 E ctbc    : 	at cnpz.b(PG:3)
06-25 11:58:50.258  5023  5244 E ctbc    : 	at ctdz.run(PG:6)
06-25 11:58:50.258  5023  5244 E ctbc    : 	at ctdd.execute(PG:1)
06-25 11:58:50.258  5023  5244 E ctbc    : 	at ctbc.o(PG:1)
06-25 11:58:50.258  5023  5244 E ctbc    : 	at ctbc.b(PG:5)
06-25 11:58:50.258  5023  5244 E ctbc    : 	at cteg.r(PG:2)
06-25 11:58:50.258  5023  5244 E ctbc    : 	at cnsl.k(PG:1)
06-25 11:58:50.258  5023  5244 E ctbc    : 	at ccdy.a(PG:15)
06-25 11:58:50.258  5023  5244 E ctbc    : 	at atyv.a(PG:2)
06-25 11:58:50.258  5023  5244 E ctbc    : 	at cbeo.o(PG:3)
06-25 11:58:50.258  5023  5244 E ctbc    : 	at cbeo.s(PG:1)
06-25 11:58:50.258  5023  5244 E ctbc    : 	at cbeo.g(PG:1)
06-25 11:58:50.258  5023  5244 E ctbc    : 	at ccfb.a(PG:1)
06-25 11:58:50.258  5023  5244 E ctbc    : 	at cnpm.a(PG:3)
06-25 11:58:50.258  5023  5244 E ctbc    : 	at ctfv.a(PG:1)
06-25 11:58:50.258  5023  5244 E ctbc    : 	at ctet.run(PG:4)
06-25 11:58:50.258  5023  5244 E ctbc    : 	at ctfx.run(PG:1)
06-25 11:58:50.258  5023  5244 E ctbc    : 	at bxfd.run(PG:1)
06-25 11:58:50.258  5023  5244 E ctbc    : 	at java.util.concurrent.ThreadPoolExecutor.runWorker(ThreadPoolExecutor.java:1145)
06-25 11:58:50.258  5023  5244 E ctbc    : 	at java.util.concurrent.ThreadPoolExecutor$Worker.run(ThreadPoolExecutor.java:644)
06-25 11:58:50.258  5023  5244 E ctbc    : 	at bxef.run(PG:2)
06-25 11:58:50.258  5023  5244 E ctbc    : 	at java.lang.Thread.run(Thread.java:1012)
06-25 11:58:50.258  5023  5244 E ctbc    : 	at bxfj.run(PG:5)
06-25 11:58:50.275   336  6083 I resolv  : GetAddrInfoHandler::run: {101 786533 101 983141 10129 0}
06-25 11:58:50.278   336  6084 I resolv  : res_nmkquery: (QUERY, IN, AAAA)
06-25 11:58:50.278   336  6084 I resolv  : resolv_cache_lookup: FOUND IN CACHE entry=0x7e20a1714e50
06-25 11:58:50.278   336  6084 I resolv  : doQuery: rcode=0, ancount=1, return value=61
06-25 11:58:50.280   336  6085 I resolv  : res_nmkquery: (QUERY, IN, A)
06-25 11:58:50.280   336  6085 I resolv  : resolv_cache_lookup: FOUND IN CACHE entry=0x7e20a1714310
06-25 11:58:50.280   336  6085 I resolv  : doQuery: rcode=0, ancount=1, return value=49
06-25 11:58:50.283  5023  6082 D TrafficStats: tagSocket(89) with statsTag=0xffffffff, statsUid=-1
06-25 11:58:50.300  5023  5245 I WM-WorkerWrapper: Worker result SUCCESS for Work [ id=95aa52c0-b880-4c5c-8d43-7bcc9335ef6e, tags={ com.google.android.libraries.mdi.download.workmanager.workers.PeriodicWorker, MDD.MAINTENANCE.PERIODIC.GCM.TASK } ]
06-25 11:58:50.302  5023  5243 E MDD     : FileGroupManager: Trying to add expired group webref-model-local-index.
06-25 11:58:50.303  5023  5243 W MDD     : MDDManager class cbkc
06-25 11:58:50.303  5023  5243 E PhFileGroupPop: Failed to add file group
06-25 11:58:50.303  5023  5243 E PhFileGroupPop: cbkc
06-25 11:58:50.303  5023  5243 E PhFileGroupPop: 	at cbqx.a(PG:90)
06-25 11:58:50.303  5023  5243 E PhFileGroupPop: 	at cnpq.a(PG:3)
06-25 11:58:50.303  5023  5243 E PhFileGroupPop: 	at ctbg.d(PG:2)
06-25 11:58:50.303  5023  5243 E PhFileGroupPop: 	at ctbi.run(PG:9)
06-25 11:58:50.303  5023  5243 E PhFileGroupPop: 	at ctfm.run(PG:4)
06-25 11:58:50.303  5023  5243 E PhFileGroupPop: 	at bxfd.run(PG:1)
06-25 11:58:50.303  5023  5243 E PhFileGroupPop: 	at java.util.concurrent.ThreadPoolExecutor.runWorker(ThreadPoolExecutor.java:1145)
06-25 11:58:50.303  5023  5243 E PhFileGroupPop: 	at java.util.concurrent.ThreadPoolExecutor$Worker.run(ThreadPoolExecutor.java:644)
06-25 11:58:50.303  5023  5243 E PhFileGroupPop: 	at bxef.run(PG:2)
06-25 11:58:50.303  5023  5243 E PhFileGroupPop: 	at java.lang.Thread.run(Thread.java:1012)
06-25 11:58:50.303  5023  5243 E PhFileGroupPop: 	at bxfj.run(PG:5)
06-25 11:58:50.341  5470  5961 W .gms.persistent: Long monitor contention with owner lowpool[5] (5537) at long bwdg.a(bwdv)(:com.google.android.gms@231818047@23.18.18 (190800-535401451):12) waiters=0 in void bwdg.b() for 2.715s
06-25 11:58:50.347  5470  5657 I HeterodyneSyncScheduler: Scheduling adaptive one off task with window [14400, 604800] in seconds [CONTEXT service_id=51 ]
06-25 11:58:50.366  1593  1593 V ClearcutMetricXmitter: Transmission is done.
06-25 11:58:50.371  5470  5505 I HeterodyneSyncScheduler: Scheduling Phenotype for a PhenotypeSyncImmediately(16, com.google.android.gms.icing.mdd) one off with window [1, 2] in seconds [CONTEXT service_id=51 ]
06-25 11:58:50.395   518  2988 D OomAdjuster: Not killing cached processes
06-25 11:58:50.404  1501  2135 W TimedProcessReaper: Scheduling killing of process to refresh configuration
06-25 11:58:50.408  1048  1048 D CarrierSvcBindHelper: onPackageModified: com.google.android.contacts
06-25 11:58:50.409  1048  1048 D CarrierSvcBindHelper: No carrier app for: 0
06-25 11:58:50.411   841   853 I PermissionControllerServiceImpl: Updating user sensitive for uid 10154
06-25 11:58:50.415   518   622 I InputReader: Reconfiguring input devices, changes=KEYBOARD_LAYOUTS
06-25 11:58:50.420  5023  5023 W BugleRcsEngine: [2] bpxk.i: Unable to send RCS extension log
06-25 11:58:50.424   518   611 I RoleService: Granting default roles...
06-25 11:58:50.425   831   900 D StylusManager: Stylus InputDevice changed: 12 virtio_input_multi_touch_9
06-25 11:58:50.426   831   900 D StylusManager: Stylus InputDevice changed: 10 virtio_input_multi_touch_7
06-25 11:58:50.427   831   900 D StylusManager: Stylus InputDevice changed: 11 virtio_input_multi_touch_8
06-25 11:58:50.427   831   900 D StylusManager: Stylus InputDevice changed: 5 virtio_input_multi_touch_2
06-25 11:58:50.427   831   900 D StylusManager: Stylus InputDevice changed: 8 virtio_input_multi_touch_5
06-25 11:58:50.427   831   900 D StylusManager: Stylus InputDevice changed: 14 virtio_input_multi_touch_11
06-25 11:58:50.428   831   900 D StylusManager: Stylus InputDevice changed: 6 virtio_input_multi_touch_3
06-25 11:58:50.428   518   622 I InputReader: Reconfiguring input devices, changes=KEYBOARD_LAYOUTS
06-25 11:58:50.434   841   853 I PermissionControllerServiceImpl: Updating user sensitive for uid 10132
06-25 11:58:50.445   831   900 D StylusManager: Stylus InputDevice changed: 13 virtio_input_multi_touch_10
06-25 11:58:50.445   518   549 E system_server: No package ID 7f found for resource ID 0x7f080107.
06-25 11:58:50.445   518   549 E system_server: No package ID 7f found for resource ID 0x7f150560.
06-25 11:58:50.447  2859  2859 I BgTaskExecutorImpl: Starting EXCLUSIVE background task UPLOAD_ASSISTANT_DEVICE_SETTINGS.
06-25 11:58:50.448  1048  1048 D CarrierSvcBindHelper: onPackageModified: com.google.android.gms
06-25 11:58:50.448  1048  1315 D ImsResolver: maybeAddedImsService, packageName: com.google.android.contacts
06-25 11:58:50.448  1048  1048 D CarrierSvcBindHelper: No carrier app for: 0
06-25 11:58:50.448   831   900 D StylusManager: Stylus InputDevice changed: 4 virtio_input_multi_touch_1
06-25 11:58:50.451   831   900 D StylusManager: Stylus InputDevice changed: 9 virtio_input_multi_touch_6
06-25 11:58:50.451   831   900 D StylusManager: Stylus InputDevice changed: 7 virtio_input_multi_touch_4
06-25 11:58:50.452  2859  3859 W LocationOracle: getBestLocation(): no location is available
06-25 11:58:50.452   831   900 D StylusManager: Stylus InputDevice changed: 12 virtio_input_multi_touch_9
06-25 11:58:50.452   831   900 D StylusManager: Stylus InputDevice changed: 10 virtio_input_multi_touch_7
06-25 11:58:50.452   831   900 D StylusManager: Stylus InputDevice changed: 11 virtio_input_multi_touch_8
06-25 11:58:50.455   841  1013 E RoleControllerServiceImpl: Default/fallback role holder package doesn't qualify for the role, package: com.google.android.gms.supervision, role: android.app.role.SYSTEM_SUPERVISION
06-25 11:58:50.456  1048  1315 D ImsResolver: maybeAddedImsService, packageName: com.google.android.gms
06-25 11:58:50.456  1048  1048 D CarrierSvcBindHelper: onHandleForceStop: [com.hanapkalinga.mobile]
06-25 11:58:50.458  1048  1048 D CarrierSvcBindHelper: No carrier app for: 0
06-25 11:58:50.460  2859  2921 I NetworkRecognitionRnr: Using pair HTTP connection
06-25 11:58:50.461   831   900 D StylusManager: Stylus InputDevice changed: 5 virtio_input_multi_touch_2
06-25 11:58:50.462   831   900 D StylusManager: Stylus InputDevice changed: 8 virtio_input_multi_touch_5
06-25 11:58:50.462   831   900 D StylusManager: Stylus InputDevice changed: 14 virtio_input_multi_touch_11
06-25 11:58:50.462   831   900 D StylusManager: Stylus InputDevice changed: 6 virtio_input_multi_touch_3
06-25 11:58:50.464   841  1013 I Role    : com.google.android.gms not qualified for android.app.role.SYSTEM_CALL_STREAMING due to missing RequiredComponent{mIntentFilterData=IntentFilterData{mAction='android.telecom.CallStreamingService', mCategories='[]', mDataScheme='null', mDataType='null'}, mMinTargetSdkVersion=1, mFlags='0', mPermission='android.permission.BIND_CALL_STREAMING_SERVICE', mQueryFlags=0, mMetaData=[]}
06-25 11:58:50.465   841  1013 E RoleControllerServiceImpl: Default/fallback role holder package doesn't qualify for the role, package: com.google.android.gms, role: android.app.role.SYSTEM_CALL_STREAMING
06-25 11:58:50.465   841  1013 W Role    : Default holder doesn't have required signing certificate: com.google.android.apps.work.clouddpc:23962F4B43B9857638EA66F4D419518EAE282491ACDA4B94707BD59003C45E58
06-25 11:58:50.465  1571  1571 I AiAiEcho: AppFetcherImpl onPackageChanged com.google.android.contacts.
06-25 11:58:50.466  1571  2575 I AiAiEcho: AppIndexer Package:[com.google.android.contacts] UserProfile:[0] Enabled:[true].
06-25 11:58:50.466  1571  2575 I AiAiEcho: AppFetcherImplV2 updateApps package:[com.google.android.contacts], userId:[0], reason:[package is updated.].
06-25 11:58:50.469  1593  1593 V ClearcutMetricXmitter: Transmission is done.
06-25 11:58:50.471   518   549 I CredManSysServiceImpl: CredentialManagerServiceImpl constructed for: com.google.android.gms/.auth.api.credentials.credman.service.PasswordAndPasskeyService
06-25 11:58:50.471   518   549 I CredManSysServiceImpl: newServiceInfoLocked, mInfo null, com.google.android.gms/com.google.android.gms.auth.api.credentials.credman.service.PasswordAndPasskeyService
06-25 11:58:50.475  1571  1571 I AiAiEcho: AppFetcherImpl onPackageChanged com.google.android.gms.
06-25 11:58:50.475  1571  2577 I AiAiEcho: AppIndexer Package:[com.google.android.gms] UserProfile:[0] Enabled:[true].
06-25 11:58:50.475  1571  2577 I AiAiEcho: AppFetcherImplV2 updateApps package:[com.google.android.gms], userId:[0], reason:[package is updated.].
06-25 11:58:50.482  5470  5643 W .gms.persistent: Long monitor contention with owner [com.google.android.gms.chimera.container.intentoperation.PersistentIntentOperationChimeraService-Executor] processing com.google.android.gms.platformconfigurator.PhenotypeConfigurationUpdateListener for action com.google.android.gms.phenotype.UPDATE (5636) at void hjm.run()(:com.google.android.gms@231818047@23.18.18 (190800-535401451):3) waiters=0 in void hjm.run() for 2.835s
06-25 11:58:50.485  2859  3862 I A       : [Upload] Connected
06-25 11:58:50.488  2859  2934 W CronetNetworkRqstWrppr: Upload request without a content type.
06-25 11:58:50.488  5557  5587 I FastPair: FastPair: provider is called with method [getCardList]
06-25 11:58:50.505  2859  2927 W LocationOracle: No location returned by GMS core getLastLocation()
06-25 11:58:50.506  2859  2859 E A       : onError
06-25 11:58:50.506  2859  2859 E A       : com.google.android.apps.gsa.shared.speech.a.m: errorCode: 65561, engine: 2
06-25 11:58:50.506  2859  2859 E A       : 	at com.google.android.apps.gsa.staticplugins.dc.a.e.a(PG:3)
06-25 11:58:50.506  2859  2859 E A       : 	at com.google.android.apps.gsa.s3.n.hh(PG:1)
06-25 11:58:50.506  2859  2859 E A       : 	at com.google.cd.g.a.f.e(PG:2)
06-25 11:58:50.506  2859  2859 E A       : 	at com.google.android.apps.gsa.speech.k.a.g.d(PG:22)
06-25 11:58:50.506  2859  2859 E A       : 	at com.google.android.apps.gsa.speech.k.a.g.ks(PG:6)
06-25 11:58:50.506  2859  2859 E A       : 	at com.google.android.apps.gsa.s3.o.e(PG:14)
06-25 11:58:50.506  2859  2859 E A       : 	at com.google.android.apps.gsa.s3.p.run(PG:1)
06-25 11:58:50.506  2859  2859 E A       : 	at java.util.concurrent.Executors$RunnableAdapter.call(Executors.java:487)
06-25 11:58:50.506  2859  2859 E A       : 	at java.util.concurrent.FutureTask.run(FutureTask.java:264)
06-25 11:58:50.506  2859  2859 E A       : 	at com.google.android.apps.gsa.shared.util.c.a.e.run(PG:2)
06-25 11:58:50.506  2859  2859 E A       : 	at com.google.android.apps.gsa.shared.util.c.a.bi.run(PG:1)
06-25 11:58:50.506  2859  2859 E A       : 	at com.google.android.apps.gsa.shared.util.c.a.bi.run(PG:1)
06-25 11:58:50.506  2859  2859 E A       : 	at java.util.concurrent.ThreadPoolExecutor.runWorker(ThreadPoolExecutor.java:1145)
06-25 11:58:50.506  2859  2859 E A       : 	at java.util.concurrent.ThreadPoolExecutor$Worker.run(ThreadPoolExecutor.java:644)
06-25 11:58:50.506  2859  2859 E A       : 	at java.lang.Thread.run(Thread.java:1012)
06-25 11:58:50.506  2859  2859 E A       : 	at com.google.android.apps.gsa.shared.util.c.a.l.run(PG:5)
06-25 11:58:50.506  2859  2859 E A       : Caused by: com.google.android.apps.gsa.shared.speech.a.o: errorCode: 65586, engine: 2
06-25 11:58:50.506  2859  2859 E A       : 	... 15 more
06-25 11:58:50.506  2859  2859 E A       : Caused by: com.google.android.apps.gsa.shared.speech.a.k: errorCode: 401, engine: 2
06-25 11:58:50.506  2859  2859 E A       : 	at com.google.android.apps.gsa.assistant.shared.n.h.a(PG:5)
06-25 11:58:50.506  2859  2859 E A       : 	at com.google.android.apps.gsa.s3.producers.j.hE(PG:2)
06-25 11:58:50.506  2859  2859 E A       : 	at com.google.android.apps.gsa.speech.k.a.g.d(PG:16)
06-25 11:58:50.506  2859  2859 E A       : 	... 12 more
06-25 11:58:50.508  2859  3862 I NetworkRecognitionRnr: Using pair HTTP connection
06-25 11:58:50.509  2859  3859 I A       : [Upload] Connected
06-25 11:58:50.511  2859  2859 W A       : Failed to sync device settings.
06-25 11:58:50.511  2859  2859 I A       : Retrying to sync device settings.
06-25 11:58:50.514   518  2240 W JobScheduler: Job didn't exist in JobStore: 89c25f2 #u0a131/-353 com.google.android.googlequicksearchbox/com.google.android.apps.gsa.tasks.BackgroundTasksJobService
06-25 11:58:50.520  2859  2965 W A       : Failed to get connectivityLock in 4000 ms
06-25 11:58:50.521  2859  2965 W CronetNetworkRqstWrppr: Upload request without a content type.
06-25 11:58:50.524  1099  1952 D EGL_emulation: app_time_stats: avg=3073.45ms min=15.84ms max=9156.57ms count=3
06-25 11:58:50.540   336  6073 I resolv  : res_nsend: used send_dg 118 terrno: 0
06-25 11:58:50.540   336  6073 I resolv  : doQuery: rcode=0, ancount=4, return value=118
06-25 11:58:50.540   336  6072 I resolv  : res_nsend: used send_dg 166 terrno: 0
06-25 11:58:50.540   336  6072 I resolv  : doQuery: rcode=0, ancount=4, return value=166
06-25 11:58:50.541  5023  6069 D TrafficStats: tagSocket(88) with statsTag=0x8001, statsUid=-1
06-25 11:58:50.558  5023  6082 W DynamiteModule: Local module descriptor class for com.google.android.gms.providerinstaller.dynamite not found.
06-25 11:58:50.562  5470  5563 W BpBinder: Large outgoing transaction of 403988 bytes, interface descriptor , code 4
06-25 11:58:50.570   518   550 D ActivityManager: sync unfroze 4433 com.google.android.googlequicksearchbox for 3
06-25 11:58:50.574  4433  4433 I PhenotypeBackgroundRecv: Skipping com.google.android.apps.search.assistant.device#com.google.android.googlequicksearchbox which doesn't use ProcessStable flags.
06-25 11:58:50.575  4433  4433 I PhenotypeBackgroundRecv: Skipping com.google.android.libraries.search.googleapp.user#com.google.android.googlequicksearchbox which doesn't use ProcessStable flags.
06-25 11:58:50.578  5023  5248 I PhenotypeBackgroundRecv: Successfully updated snapshot for com.google.android.libraries.mobileconfiguration#com.google.android.apps.messaging
06-25 11:58:50.584  5470  5563 I HeterodyneSyncScheduler: Scheduling Phenotype for a PhenotypeSyncImmediately(6, com.google.android.ims.library) one off with window [1, 2] in seconds [CONTEXT service_id=51 ]
06-25 11:58:50.585  5470  5553 W ProviderHelper: Unknown dynamite feature providerinstaller.dynamite
06-25 11:58:50.586  4433  4433 I PhenotypeBackgroundRecv: Skipping com.google.android.apps.search.assistant.mobile.user#com.google.android.googlequicksearchbox which doesn't use ProcessStable flags.
06-25 11:58:50.586  4433  4433 I PhenotypeBackgroundRecv: Skipping com.google.android.gms.icing.mdd#com.google.android.googlequicksearchbox which doesn't use ProcessStable flags.
06-25 11:58:50.588  5023  5183 I Bugle   : BroadcastReceiverAsyncWorkTracker: Acknowledging broadcast of com.google.android.apps.messaging.shared.experiments.receiver.BuglePhenotypeBroadcastReceiver@4c553f7
06-25 11:58:50.589  5557  5557 D CompatibilityChangeReporter: Compat change id reported: 119147584; UID 10132; state: ENABLED
06-25 11:58:50.591  5023  5205 I PhenotypeBackgroundRecv: Successfully updated snapshot for com.google.android.libraries.internal.growth.growthkit#com.google.android.apps.messaging
06-25 11:58:50.599  5023  5183 I Bugle   : BroadcastReceiverAsyncWorkTracker: Acknowledging broadcast of com.google.android.apps.messaging.shared.experiments.receiver.BuglePhenotypeBroadcastReceiver@2dab8c9
06-25 11:58:50.605  5023  5023 I PhenotypeBackgroundRecv: Skipping com.google.lighter.android#com.google.android.apps.messaging which doesn't use ProcessStable flags.
06-25 11:58:50.607  5023  5243 D PhFileGroupPop: Added file groups smart_actions_grammars
06-25 11:58:50.624  5470  5505 W BpBinder: Large outgoing transaction of 403988 bytes, interface descriptor , code 4
06-25 11:58:50.627  5023  5102 I BugleRcsEngine: [41] bscg.c: SIM delay is not enabled
06-25 11:58:50.627  5023  5183 I Bugle   : BroadcastReceiverAsyncWorkTracker: Acknowledging broadcast of com.google.android.apps.messaging.shared.experiments.receiver.BuglePhenotypeBroadcastReceiver@ecbb801
06-25 11:58:50.630  5023  6082 I DynamiteModule: Considering local module com.google.android.gms.providerinstaller.dynamite:0 and remote module com.google.android.gms.providerinstaller.dynamite:0
06-25 11:58:50.631  5023  6082 W ProviderInstaller: Failed to load providerinstaller module: No acceptable module com.google.android.gms.providerinstaller.dynamite found. Local version is 0 and remote version is 0.
06-25 11:58:50.631  5023  5023 I PhenotypeBackgroundRecv: Skipping com.google.android.gms.icing.mdd#com.google.android.apps.messaging which doesn't use ProcessStable flags.
06-25 11:58:50.633  5023  5226 I Bugle   : BroadcastReceiverAsyncWorkTracker: Acknowledging broadcast of com.google.android.apps.messaging.shared.experiments.receiver.BuglePhenotypeBroadcastReceiver@aafc94
06-25 11:58:50.636  5023  5179 I PhenotypeBackgroundRecv: Successfully updated snapshot for com.google.android.libraries.notifications.platform#com.google.android.apps.messaging
06-25 11:58:50.637  5470  5636 I NamespaceManager: Package com.android.refreshratecontrol name not found! Using module version.
06-25 11:58:50.637  5470  5636 I NamespaceManager: Package com.google.oslo name not found! Using module version.
06-25 11:58:50.639  5470  5636 I NamespaceManager: Package com.android.media name not found! Using module version.
06-25 11:58:50.639  5470  5636 I NamespaceManager: Package com.android.media.swcodec name not found! Using module version.
06-25 11:58:50.639  5470  5636 I NamespaceManager: Package com.android.neuralnetworks name not found! Using module version.
06-25 11:58:50.639  5470  5636 I NamespaceManager: Package com.android.media name not found! Using module version.
06-25 11:58:50.639  5470  5636 I NamespaceManager: Package 1 name not found! Using module version.
06-25 11:58:50.639  5470  5636 I NamespaceManager: Package rkpd name not found! Using module version.
06-25 11:58:50.639  5470  5636 I NamespaceManager: Package android.companion name not found! Using module version.
06-25 11:58:50.640  5470  5636 I NamespaceManager: Package com.google.android.aicore name not found! Using module version.
06-25 11:58:50.640  5470  5636 I NamespaceManager: Package com.google.android.audioproxy name not found! Using module version.
06-25 11:58:50.640  5470  5636 I NamespaceManager: Package com.google.android.apps.pixel.psi name not found! Using module version.
06-25 11:58:50.640  5470  5636 I NamespaceManager: Package com.google.android.apps.safetycore name not found! Using module version.
06-25 11:58:50.640  5470  5636 I NamespaceManager: Package com.google.android.crashrecovery name not found! Using module version.
06-25 11:58:50.641  5470  5636 I NamespaceManager: Package com.google.android.profiling name not found! Using module version.
06-25 11:58:50.641  5470  5636 I NamespaceManager: Package com.google.android.bt name not found! Using module version.
06-25 11:58:50.641  5470  5636 I NamespaceManager: Package com.google.android.nfcservices name not found! Using module version.
06-25 11:58:50.641  5470  5636 I NamespaceManager: Package com.google.android.webapp name not found! Using module version.
06-25 11:58:50.641  5470  5636 I NamespaceManager: Package com.google.android.telephonycore name not found! Using module version.
06-25 11:58:50.641  5470  5636 I NamespaceManager: Package com.google.android.uprobestats name not found! Using module version.
06-25 11:58:50.645  5023  5226 I Bugle   : BroadcastReceiverAsyncWorkTracker: Acknowledging broadcast of com.google.android.apps.messaging.shared.experiments.receiver.BuglePhenotypeBroadcastReceiver@5a96c83
06-25 11:58:50.645  5023  5023 I PhenotypeBackgroundRecv: Skipping com.google.android.apps.messaging.auto#com.google.android.apps.messaging which doesn't use ProcessStable flags.
06-25 11:58:50.648  5023  5102 W BugleRcsEngine: [41] bscd.a: (Sim): process intent: android.intent.action.SIM_STATE_CHANGED
06-25 11:58:50.655  5470  5973 I LockboxIntentOp: Completed task: true [CONTEXT service_id=26 ]
06-25 11:58:50.821     0     0 I logd    : logdr: UID=2000 GID=2000 PID=6100 n tail=3000 logMask=99 pid=0 start=0ns deadline=0ns
06-25 11:58:50.657  5470  5498 I NetworkScheduler.Stats: Task com.google.android.gms/com.google.android.gms.phenotype.service.sync.PhenotypeConfigurator finished executing. cause:3 result: 1 elapsed_millis: 11456 uptime_millis: 11456 exec_start_elapsed_seconds: 78 [CONTEXT service_id=218 ]
06-25 11:58:50.661  5023  6082 D nativeloader: Configuring clns-8 for other apk /system/framework/com.android.media.remotedisplay.jar. target_sdk_version=33, uses_libraries=ALL, library_path=/product/priv-app/PrebuiltGmsCore/lib/x86_64:/product/priv-app/PrebuiltGmsCore/PrebuiltGmsCore.apk!/lib/x86_64, permitted_path=/data:/mnt/expand:/data/user/0/com.google.android.gms
06-25 11:58:50.661  2859  3320 W TimedProcessReaper: Scheduling killing of process to refresh configuration
06-25 11:58:50.669  5023  6082 D nativeloader: Configuring clns-9 for other apk /system/framework/com.android.location.provider.jar. target_sdk_version=33, uses_libraries=ALL, library_path=/product/priv-app/PrebuiltGmsCore/lib/x86_64:/product/priv-app/PrebuiltGmsCore/PrebuiltGmsCore.apk!/lib/x86_64, permitted_path=/data:/mnt/expand:/data/user/0/com.google.android.gms
06-25 11:58:50.669  5023  6082 D ApplicationLoaders: Returning zygote-cached class loader: /system_ext/framework/androidx.window.extensions.jar
06-25 11:58:50.669  5023  6082 D ApplicationLoaders: Returning zygote-cached class loader: /system_ext/framework/androidx.window.sidecar.jar
06-25 11:58:50.671  5023  6082 D nativeloader: Configuring product-clns-10 for unbundled product apk /product/priv-app/PrebuiltGmsCore/PrebuiltGmsCore.apk. target_sdk_version=33, uses_libraries=, library_path=/product/priv-app/PrebuiltGmsCore/lib/x86_64:/product/priv-app/PrebuiltGmsCore/PrebuiltGmsCore.apk!/lib/x86_64:/product/lib64:/system/product/lib64, permitted_path=/data:/mnt/expand:/data/user/0/com.google.android.gms:/product/lib64:/system/product/lib64
06-25 11:58:50.675  2859  2859 I BgTaskExecutorImpl: Starting EXCLUSIVE background task FETCH_CONFIGS_FROM_PHENOTYPE.
06-25 11:58:50.688  5023  6057 I BugleRcsEngine: [79] bscd.o: (Sim): Processing an intent
06-25 11:58:50.688  5023  6057 I BugleRcsEngine: [79] bscd.z: (Sim): Ignoring duplicate SIM state: LOADED
06-25 11:58:50.692  5023  6082 V NativeCrypto: Registering com/google/android/gms/org/conscrypt/NativeCrypto's 295 native methods...
06-25 11:58:50.697  5023  5205 W TimedProcessReaper: Scheduling killing of process to refresh configuration
06-25 11:58:50.698  5023  6082 I ProviderInstaller: Installed default security provider GmsCore_OpenSSL
06-25 11:58:50.698  5023  6069 W .apps.messaging: Long monitor contention with owner OkHttp https://www.gstatic.com/... (6082) at void bpfd.a(android.content.Context)(PG:13) waiters=0 in void bpfd.a(android.content.Context) for 139ms
06-25 11:58:50.698  5023  6069 W DynamiteModule: Local module descriptor class for com.google.android.gms.providerinstaller.dynamite not found.
06-25 11:58:50.699  5470  5483 W ProviderHelper: Unknown dynamite feature providerinstaller.dynamite
06-25 11:58:50.699  5023  6069 I DynamiteModule: Considering local module com.google.android.gms.providerinstaller.dynamite:0 and remote module com.google.android.gms.providerinstaller.dynamite:0
06-25 11:58:50.699  5023  6069 W ProviderInstaller: Failed to load providerinstaller module: No acceptable module com.google.android.gms.providerinstaller.dynamite found. Local version is 0 and remote version is 0.
06-25 11:58:50.710   518  1595 D CompatibilityChangeReporter: Compat change id reported: 161145287; UID 10118; state: ENABLED
06-25 11:58:50.713  4922  4922 W CardCollectorJobService: refreshJob, cancel job.
06-25 11:58:50.714  4922  4922 W BatteryWidgetPhenotypeCommitListener: Phenotype flag updated = true
06-25 11:58:50.716   518  1595 W ActivityManager: Unable to start service Intent { act=android.settings.hats.START_SERVICE pkg=com.google.android.settings.intelligence (has extras) } U=0: not found
06-25 11:58:50.718  4922  4922 W BatteryPhenotypeCommitListener: pheotype flag is update success=true
06-25 11:58:50.718   518  2988 D CompatibilityChangeReporter: Compat change id reported: 171306433; UID 10118; state: ENABLED
06-25 11:58:50.718   518  2988 D CompatibilityChangeReporter: Compat change id reported: 226439802; UID 10118; state: ENABLED
06-25 11:58:50.719  4922  4922 W BatteryPhenotypeCommitListener: dump configurations:
06-25 11:58:50.719  4922  4922 W BatteryPhenotypeCommitListener: 	isFeatureEnabled:true
06-25 11:58:50.719  4922  4922 W BatteryPhenotypeCommitListener: 	dataFetchInterval:60
06-25 11:58:50.719  4922  4922 W BatteryPhenotypeCommitListener: 	dataRetentionDays:9
06-25 11:58:50.719  4922  4922 W BatteryPhenotypeCommitListener: 	grantExactAlarmPermission:true
06-25 11:58:50.719  4922  4922 W BatteryPhenotypeCommitListener: has 1 listeners
06-25 11:58:50.722  2859  2921 W TimedProcessReaper: Scheduling killing of process to refresh configuration
06-25 11:58:50.723  2718  2718 I PhenotypeBackgroundRecv: Skipping com.google.android.dialer which doesn't use ProcessStable flags.
06-25 11:58:50.729  1050  1074 D PrefCtrlListHelper: Could not find Context-only controller for pref: com.android.settings.notification.BubbleNotificationIllustrationPreferenceController
06-25 11:58:50.729  1050  1074 D PrefCtrlListHelper: Could not find Context-only controller for pref: com.android.settings.notification.BubbleNotificationPreferenceController
06-25 11:58:50.729  1050  1074 W libc    : Access denied finding property "ro.vendor.aware_available"
06-25 11:58:50.729  1050  1074 D PrefCtrlListHelper: Could not find Context-only controller for pref: com.android.settings.applications.specialaccess.vrlistener.VrListenerScreenPreferenceController
06-25 11:58:50.730  1050  1074 D PrefCtrlListHelper: Could not find Context-only controller for pref: com.android.settings.slices.SlicePreferenceController
06-25 11:58:50.730  1050  1074 D PrefCtrlListHelper: Could not find Context-only controller for pref: com.android.settings.connecteddevice.AddDevicePreferenceController
06-25 11:58:50.730  1050  1074 D PrefCtrlListHelper: Could not find Context-only controller for pref: com.android.settings.connecteddevice.PreviouslyConnectedDevicePreferenceController
06-25 11:58:50.730  1050  1074 D PrefCtrlListHelper: Could not find Context-only controller for pref: com.android.settings.connecteddevice.AdvancedConnectedDeviceController
06-25 11:58:50.730  1050  1074 D PrefCtrlListHelper: Could not find Context-only controller for pref: com.android.settings.connecteddevice.DiscoverableFooterPreferenceController
06-25 11:58:50.730  1050  1074 D PrefCtrlListHelper: Could not find Context-only controller for pref: com.android.settings.gestures.TapScreenGesturePreferenceController
06-25 11:58:50.730  1050  1074 D PrefCtrlListHelper: Could not find Context-only controller for pref: com.android.settings.accessibility.SelectLongPressTimeoutPreferenceController
06-25 11:58:50.730  1050  1074 D PrefCtrlListHelper: Could not find Context-only controller for pref: com.android.settings.accessibility.AccessibilityTimeoutPreferenceController
06-25 11:58:50.730  1050  1074 D PrefCtrlListHelper: Could not find Context-only controller for pref: com.android.settings.accessibility.AutoclickPreferenceController
06-25 11:58:50.730  1050  1074 D PrefCtrlListHelper: Could not find Context-only controller for pref: com.android.settings.gestures.DoubleTapScreenPreferenceController
06-25 11:58:50.731  1050  1074 D PrefCtrlListHelper: Could not find Context-only controller for pref: com.android.settings.network.BluetoothWiFiResetPreferenceController
06-25 11:58:50.731  1050  1074 D PrefCtrlListHelper: Could not find Context-only controller for pref: com.android.settings.network.EraseEuiccDataController
06-25 11:58:50.731  1050  1074 D PrefCtrlListHelper: Could not find Context-only controller for pref: com.android.settings.accessibility.CaptioningPreviewPreferenceController
06-25 11:58:50.731  1050  1074 D PrefCtrlListHelper: Could not find Context-only controller for pref: com.android.settings.accessibility.CaptioningFontSizeController
06-25 11:58:50.731  1050  1074 D PrefCtrlListHelper: Could not find Context-only controller for pref: com.android.settings.accessibility.CaptioningPresetController
06-25 11:58:50.731  1050  1074 D PrefCtrlListHelper: Could not find Context-only controller for pref: com.android.settings.accessibility.CaptioningCustomController
06-25 11:58:50.731  1050  1074 D PrefCtrlListHelper: Could not find Context-only controller for pref: com.android.settings.accessibility.CaptioningTypefaceController
06-25 11:58:50.731  1050  1074 D PrefCtrlListHelper: Could not find Context-only controller for pref: com.android.settings.accessibility.CaptioningForegroundColorController
06-25 11:58:50.731  1050  1074 D PrefCtrlListHelper: Could not find Context-only controller for pref: com.android.settings.accessibility.CaptioningForegroundOpacityController
06-25 11:58:50.731  1050  1074 D PrefCtrlListHelper: Could not find Context-only controller for pref: com.android.settings.accessibility.CaptioningEdgeTypeController
06-25 11:58:50.731  1050  1074 D PrefCtrlListHelper: Could not find Context-only controller for pref: com.android.settings.accessibility.CaptioningEdgeColorController
06-25 11:58:50.731  1050  1074 D PrefCtrlListHelper: Could not find Context-only controller for pref: com.android.settings.accessibility.CaptioningBackgroundColorController
06-25 11:58:50.731  1050  1074 D PrefCtrlListHelper: Could not find Context-only controller for pref: com.android.settings.accessibility.CaptioningBackgroundOpacityController
06-25 11:58:50.731  1050  1074 D PrefCtrlListHelper: Could not find Context-only controller for pref: com.android.settings.accessibility.CaptioningWindowColorController
06-25 11:58:50.731  1050  1074 D PrefCtrlListHelper: Could not find Context-only controller for pref: com.android.settings.accessibility.CaptioningWindowOpacityController
06-25 11:58:50.731  1050  1074 D PrefCtrlListHelper: Could not find Context-only controller for pref: com.android.settings.accessibility.CaptioningFooterPreferenceController
06-25 11:58:50.733   518  1595 W JobScheduler: Job didn't exist in JobStore: 11baaaf #u0a131/-43 com.google.android.googlequicksearchbox/com.google.android.apps.gsa.tasks.BackgroundTasksJobService
06-25 11:58:50.734  1050  4017 D PrefCtrlListHelper: Could not find Context-only controller for pref: com.android.settings.notification.BubbleNotificationIllustrationPreferenceController
06-25 11:58:50.734  1050  4017 D PrefCtrlListHelper: Could not find Context-only controller for pref: com.android.settings.notification.BubbleNotificationPreferenceController
06-25 11:58:50.734  1050  4017 W libc    : Access denied finding property "ro.vendor.aware_available"
06-25 11:58:50.735  1050  4017 V SettingsSearchProvider: com.google.android.settings.aware.AwareSettings$1@b646ce7 tried to add an empty non-indexable key
06-25 11:58:50.735  1050  4017 D PrefCtrlListHelper: Could not find Context-only controller for pref: com.android.settings.applications.specialaccess.vrlistener.VrListenerScreenPreferenceController
06-25 11:58:50.735  1050  4017 D PrefCtrlListHelper: Could not find Context-only controller for pref: com.android.settings.slices.SlicePreferenceController
06-25 11:58:50.735  1050  4017 D PrefCtrlListHelper: Could not find Context-only controller for pref: com.android.settings.connecteddevice.AddDevicePreferenceController
06-25 11:58:50.735  1050  4017 D PrefCtrlListHelper: Could not find Context-only controller for pref: com.android.settings.connecteddevice.PreviouslyConnectedDevicePreferenceController
06-25 11:58:50.735  1050  4017 D PrefCtrlListHelper: Could not find Context-only controller for pref: com.android.settings.connecteddevice.AdvancedConnectedDeviceController
06-25 11:58:50.735  1050  4017 D PrefCtrlListHelper: Could not find Context-only controller for pref: com.android.settings.connecteddevice.DiscoverableFooterPreferenceController
06-25 11:58:50.735  1050  4017 D PrefCtrlListHelper: Could not find Context-only controller for pref: com.android.settings.gestures.TapScreenGesturePreferenceController
06-25 11:58:50.735  1050  4017 D PrefCtrlListHelper: Could not find Context-only controller for pref: com.android.settings.accessibility.SelectLongPressTimeoutPreferenceController
06-25 11:58:50.735  1050  4017 D PrefCtrlListHelper: Could not find Context-only controller for pref: com.android.settings.accessibility.AccessibilityTimeoutPreferenceController
06-25 11:58:50.735  1050  4017 D PrefCtrlListHelper: Could not find Context-only controller for pref: com.android.settings.accessibility.AutoclickPreferenceController
06-25 11:58:50.735  1050  4017 D PrefCtrlListHelper: Could not find Context-only controller for pref: com.android.settings.gestures.DoubleTapScreenPreferenceController
06-25 11:58:50.735  1050  4017 D PrefCtrlListHelper: Could not find Context-only controller for pref: com.android.settings.network.BluetoothWiFiResetPreferenceController
06-25 11:58:50.735  1050  4017 D PrefCtrlListHelper: Could not find Context-only controller for pref: com.android.settings.network.EraseEuiccDataController
06-25 11:58:50.736  1050  1074 V OnDeviceRecognitionPreferenceController: Recognition service in the same package as the default on-device recognizer with settings activity: com.google.android.as/com.google.android.apps.miphone.aiai.speech.languagepacks.settings.ui.SettingsActivity.
06-25 11:58:50.736  1050  1074 V OnDeviceRecognitionPreferenceController: Recognition service not in the same package as the default on-device recognizer: com.google.android.tts/com.google.android.apps.speech.tts.googletts.service.GoogleTTSRecognitionService.
06-25 11:58:50.736  1050  1074 D PrefCtrlListHelper: Could not find Context-only controller for pref: com.android.settings.language.PhoneLanguagePreferenceController
06-25 11:58:50.736  1050  1074 D PrefCtrlListHelper: Could not find Context-only controller for pref: com.android.settings.applications.appinfo.ManageAppLocalePreferenceController
06-25 11:58:50.736  1050  1074 W PrefCtrlListHelper: Cannot instantiate controller from reflection: com.android.settings.applications.appinfo.ManageAppLocalePreferenceController
06-25 11:58:50.736  1050  1074 D PrefCtrlListHelper: Could not find Context-only controller for pref: com.android.settings.regionalpreferences.RegionalPreferencesController
06-25 11:58:50.736  1050  1074 D PrefCtrlListHelper: Could not find Context-only controller for pref: com.android.settings.language.OnDeviceRecognitionPreferenceController
06-25 11:58:50.736  1050  1074 W PrefCtrlListHelper: on_device_recognition_settings already has a controller
06-25 11:58:50.736  1050  1074 D PrefCtrlListHelper: Could not find Context-only controller for pref: com.android.settings.network.AdaptiveConnectivityTogglePreferenceController
06-25 11:58:50.737  1050  1074 D PrefCtrlListHelper: Could not find Context-only controller for pref: com.android.settings.display.AutoBrightnessPreferenceController
06-25 11:58:50.737  1050  1074 D PrefCtrlListHelper: Could not find Context-only controller for pref: com.android.settings.security.screenlock.LockScreenPreferenceController
06-25 11:58:50.737  1050  1074 D PrefCtrlListHelper: Could not find Context-only controller for pref: com.android.settings.display.ScreenTimeoutPreferenceController
06-25 11:58:50.737  1050  1074 D PrefCtrlListHelper: Could not find Context-only controller for pref: com.android.settings.display.DarkUIPreferenceController
06-25 11:58:50.737  1050  1074 D PrefCtrlListHelper: Could not find Context-only controller for pref: com.android.settings.display.ScreenSaverPreferenceController
06-25 11:58:50.737  1050  1074 D PrefCtrlListHelper: Could not find Context-only controller for pref: com.android.settings.accessibility.TextReadingFragmentForDisplaySettingsController
06-25 11:58:50.737  1050  1074 D PrefCtrlListHelper: Could not find Context-only controller for pref: com.android.settings.gestures.SystemNavigationPreferenceController
06-25 11:58:50.737  1050  1074 D PrefCtrlListHelper: Could not find Context-only controller for pref: com.android.settings.display.DisplayWhiteBalancePreferenceController
06-25 11:58:50.737  1050  1074 D PrefCtrlListHelper: Could not find Context-only controller for pref: com.android.settings.display.NightDisplayPreferenceController
06-25 11:58:50.737  1050  1082 D SlicesIndexer: Slices already indexed - returning.
06-25 11:58:50.737  1050  1074 D PrefCtrlListHelper: Could not find Context-only controller for pref: com.android.settings.display.ColorModePreferenceController
06-25 11:58:50.737  1050  1074 D PrefCtrlListHelper: Could not find Context-only controller for pref: com.android.settings.display.SmartAutoRotatePreferenceController
06-25 11:58:50.737  1050  1074 D PrefCtrlListHelper: Could not find Context-only controller for pref: com.android.settings.display.DeviceStateAutoRotateOverviewController
06-25 11:58:50.737  1050  1074 D PrefCtrlListHelper: Could not find Context-only controller for pref: com.android.settings.display.ScreenResolutionController
06-25 11:58:50.737  1050  1074 E ScreenResolutionController: No support
06-25 11:58:50.737  1050  1074 D PrefCtrlListHelper: Could not find Context-only controller for pref: com.android.settings.display.PeakRefreshRatePreferenceController
06-25 11:58:50.737  1050  1074 D RefreshRatePrefCtr: DEFAULT_REFRESH_RATE : 60.0 mPeakRefreshRate : 60.0
06-25 11:58:50.737  1050  1074 D PrefCtrlListHelper: Could not find Context-only controller for pref: com.google.android.settings.touch.TouchSensitivityPreferenceController
06-25 11:58:50.737  1050  1082 D SettingsSliceProvider: provide 41 non-public slices
06-25 11:58:50.737  1050  1082 D SlicesIndexer: Slices already indexed - returning.
06-25 11:58:50.738  1050  1074 D PrefCtrlListHelper: Could not find Context-only controller for pref: com.android.settings.notification.RemoteVolumeGroupController
06-25 11:58:50.738  2859  2859 I A       : Refusing EXCLUSIVE task 21, it is already pending. Try again in 359 seconds.
06-25 11:58:50.739  1050  1082 D SettingsSliceProvider: Allowlisting 54 uris to 3 pkgs.
06-25 11:58:50.740  1050  1074 W LocalMediaManager: BluetoothAdapter is null or muting expected device not exist
06-25 11:58:50.740  1050  1074 D PrefCtrlListHelper: Could not find Context-only controller for pref: com.android.settings.sound.MediaOutputPreferenceController
