06-25 11:58:44.925  3987  4123 D BtGatt.ScanManager: callback done for scannerId - 2 status - 0
06-25 11:58:44.925  3987  4159 D BtGatt.ScanManager: configureRegularScanParams() - queue=2
06-25 11:58:44.925  3987  4216 D BtGatt.GattService: registerScanner() - UUID=1cf1a659-375a-4760-8470-ba72cde30a58
06-25 11:58:44.925  3987  4216 I bt_stack: [INFO:le_scanning_manager.cc(155)] RegisterScanner in shim layer
06-25 11:58:44.926  3987  4123 D BtGatt.GattService: onScannerRegistered() - UUID=1cf1a659-375a-4760-8470-ba72cde30a58, scannerId=2, status=0
06-25 11:58:44.926  5470  5480 D BluetoothLeScanner: onScannerRegistered() - status=0 scannerId=2 mScannerId=0
06-25 11:58:44.926  3987  4284 D BtGatt.GattService: start scan with filters
06-25 11:58:44.926  3987  4284 D BtGatt.GattService: enforcePrivilegedPermissionIfNeeded([BluetoothLeScanFilter [mDeviceName=null, mDeviceAddress=null, mUuid=null, mUuidMask=null, mServiceSolicitationUuid=null, mServiceSolicitationUuidMask=null, mServiceDataUuid=null, mServiceData=null, mServiceDataMask=null, mManufacturerId=224, mManufacturerData=[0, 0, 0], mManufacturerDataMask=[0, 0, -1], mAdvertisingDataType=-1, mAdvertisingData=null, mAdvertisingDataMask=null, mTransportBlockFilter=null], BluetoothLeScanFilter [mDeviceName=null, mDeviceAddress=null, mUuid=0000fef3-0000-1000-8000-00805f9b34fb, mUuidMask=null, mServiceSolicitationUuid=null, mServiceSolicitationUuidMask=null, mServiceDataUuid=null, mServiceData=null, mServiceDataMask=null, mManufacturerId=-1, mManufacturerData=null, mManufacturerDataMask=null, mAdvertisingDataType=-1, mAdvertisingData=null, mAdvertisingDataMask=null, mTransportBlockFilter=null], BluetoothLeScanFilter [mDeviceName=null, mDeviceAddress=null, mUuid=0000feaa-0000-1000-8000-00805f9b34fb, mUuidMask=null, mServiceSolicitationUuid=null, mServiceSolicitationUuidMask=null, mServiceDataUuid=null, mServiceData=null, mServiceDataMask=null, mManufacturerId=-1, mManufacturerData=null, mManufacturerDataMask=null, mAdvertisingDataType=-1, mAdvertisingData=null, mAdvertisingDataMask=null, mTransportBlockFilter=null], BluetoothLeScanFilter [mDeviceName=null, mDeviceAddress=null, mUuid=0000fea0-0000-1000-8000-00805f9b34fb, mUuidMask=null, mServiceSolicitationUuid=null, mServiceSolicitationUuidMask=null, mServiceDataUuid=null, mServiceData=null, mServiceDataMask=null, mManufacturerId=-1, mManufacturerData=null, mManufacturerDataMask=null, mAdvertisingDataType=-1, mAdvertisingData=null, mAdvertisingDataMask=null, mTransportBlockFilter=null], BluetoothLeScanFilter [mDeviceName=null, mDeviceAddress=null, mUuid=null, mUuidMask=null, mServiceSolicitationUuid=null, mServiceSolicitationUuidMask=null, mServiceDataUuid=null, mServiceData=null, mServiceDataMask=null, mManufacturerId=76, mManufacturerData=[2, 21], mManufacturerDataMask=[-1, -1], mAdvertisingDataType=-1, mAdvertisingData=null, mAdvertisingDataMask=null, mTransportBlockFilter=null]])
06-25 11:58:44.927  1593  2079 I NgaEntryPointEventSendr: setupConnection
06-25 11:58:44.928  3987  4284 D BtGatt.ScanManager: startScan()  [ScanClient scanModeApp -1 scanModeUsed -1 [appScanStats com.google.uid.shared:10132]]
06-25 11:58:44.928  3987  4284 D ActivityAttributionService: notifyActivityAttributionInfo UID=1002 packageName=com.google.android.bluetooth deviceAddress=no_active_device_address
06-25 11:58:44.928  3987  4284 I bt_btif : packages/modules/Bluetooth/system/btif/src/bluetooth.cc:829 get_profile_interface: get_profile_interface: id = activity_attribution
06-25 11:58:44.928  3987  4159 D BtGatt.ScanManager: handling starting scan
06-25 11:58:44.929  2859  2859 I A       : Creating pss binder().
06-25 11:58:44.930  1593  2079 I NgaEntryPointEventSendr: State changed: Disconnected => Connecting
06-25 11:58:44.930  1593  2079 I NgaEntryPointEventSendr: onServiceConnected
06-25 11:58:44.931  2859  3317 I A       : Calling beginBinderSession().
06-25 11:58:44.931  2859  3317 I A       : beginBinderSession(): calling binder
06-25 11:58:44.932  1593  2079 I NgaEntryPointEventSendr: State changed: Connecting => Ready
06-25 11:58:44.932  1593  2079 I A       : stopListening(NGA_PAUSED_UNKNOWN_REASON, NGA_CREATE), idleOverride=NOT_LISTENING
06-25 11:58:44.933  1593  2089 I A       : Initialize
06-25 11:58:44.937   518  2986 W ActivityManager: Unable to start service Intent { cmp=com.google.android.apps.tachyon/.clientapi.ClientApiService } U=0: not found
06-25 11:58:44.942  1593  2079 I A       : Successfully initialized all components
06-25 11:58:44.950  1593  2089 I NgaEntryPointEventSendr: State changed: Ready => Disconnected (onOpaDisconnected)
06-25 11:58:44.951  2859  2972 W A       : UiCallbackStub-onGenericEvent[ServiceEvent = 60] task was not run. Callback from Service received after client was disposed.
06-25 11:58:44.951  2859  3859 I PBSessionCacheImpl: Deleted sessionId[12575797363922182] from persistence.
06-25 11:58:44.952  2859  2972 W SearchServiceCore: Abort, client detached.
06-25 11:58:45.106  5557  5649 I GCM-GMS : Got GMS direct boot token.
06-25 11:58:45.110  5470  5509 I NetworkScheduler.Stats: Task com.google.android.gms/com.google.android.gms.gcm.gmsproc.GcmInGmsTaskService finished executing. cause:5 result: 1 elapsed_millis: 633 uptime_millis: 633 exec_start_elapsed_seconds: 83 [CONTEXT service_id=218 ]
06-25 11:58:45.125  5470  5535 I NetworkScheduler.Stats: Task com.google.android.gms/com.google.android.gms.icing.proxy.IcingInternalCorporaUpdateService started execution. cause:5 exec_start_elapsed_seconds: 84 [CONTEXT service_id=218 ]
06-25 11:58:45.128  5470  5509 I NetworkScheduler.Stats: Task com.google.android.gms/com.google.android.gms.icing.proxy.IcingInternalCorporaUpdateService finished executing. cause:5 result: 1 elapsed_millis: 9 uptime_millis: 9 exec_start_elapsed_seconds: 84 [CONTEXT service_id=218 ]
06-25 11:58:45.147  5470  5535 I NetworkScheduler.Stats: Task com.google.android.gms/com.google.android.gms.languageprofile.GcmTaskService started execution. cause:5 exec_start_elapsed_seconds: 84 [CONTEXT service_id=218 ]
06-25 11:58:45.204  5470  5509 I NetworkScheduler.Stats: Task com.google.android.gms/com.google.android.gms.languageprofile.GcmTaskService finished executing. cause:5 result: 1 elapsed_millis: 66 uptime_millis: 66 exec_start_elapsed_seconds: 84 [CONTEXT service_id=218 ]
06-25 11:58:45.223  5470  5535 I NetworkScheduler.Stats: Task com.google.android.gms/com.google.android.gms.clearcut.uploader.QosUploaderService started execution. cause:5 exec_start_elapsed_seconds: 84 [CONTEXT service_id=218 ]
06-25 11:58:45.228  5470  5509 I NetworkScheduler.Stats: Task com.google.android.gms/com.google.android.gms.clearcut.uploader.QosUploaderService finished executing. cause:5 result: 1 elapsed_millis: 12 uptime_millis: 12 exec_start_elapsed_seconds: 84 [CONTEXT service_id=218 ]
06-25 11:58:45.240  5470  5537 I NetworkScheduler.Stats: Task com.google.android.gms/com.google.android.gms.tapandpay.gcmtask.TapAndPayGcmTaskService started execution. cause:5 exec_start_elapsed_seconds: 84 [CONTEXT service_id=218 ]
06-25 11:58:45.240  5470  5535 V NFC     : this device does not have NFC support
06-25 11:58:45.241  5470  5535 W TapAndPay: NfcAdapter is null while obtaining CardEmulation instance. [CONTEXT service_id=79 ]
06-25 11:58:45.241  5470  5535 W TapAndPay: java.lang.NullPointerException: NfcAdapter is null
06-25 11:58:45.241  5470  5535 W TapAndPay: 	at android.nfc.cardemulation.CardEmulation.getInstance(CardEmulation.java:152)
06-25 11:58:45.241  5470  5535 W TapAndPay: 	at cdoy.<init>(:com.google.android.gms@231818047@23.18.18 (190800-535401451):0)
06-25 11:58:45.241  5470  5535 W TapAndPay: 	at com.google.android.gms.tapandpay.hce.task.TapAndPayAidRegistrationTaskOperation.a(:com.google.android.gms@231818047@23.18.18 (190800-535401451):5)
06-25 11:58:45.241  5470  5535 W TapAndPay: 	at com.google.android.gms.tapandpay.gcmtask.TapAndPayGcmTaskChimeraService.a(:com.google.android.gms@231818047@23.18.18 (190800-535401451):4)
06-25 11:58:45.241  5470  5535 W TapAndPay: 	at avzs.call(:com.google.android.gms@231818047@23.18.18 (190800-535401451):4)
06-25 11:58:45.241  5470  5535 W TapAndPay: 	at java.util.concurrent.FutureTask.run(FutureTask.java:264)
06-25 11:58:45.241  5470  5535 W TapAndPay: 	at aced.c(:com.google.android.gms@231818047@23.18.18 (190800-535401451):6)
06-25 11:58:45.241  5470  5535 W TapAndPay: 	at aced.run(:com.google.android.gms@231818047@23.18.18 (190800-535401451):7)
06-25 11:58:45.241  5470  5535 W TapAndPay: 	at java.util.concurrent.ThreadPoolExecutor.runWorker(ThreadPoolExecutor.java:1145)
06-25 11:58:45.241  5470  5535 W TapAndPay: 	at java.util.concurrent.ThreadPoolExecutor$Worker.run(ThreadPoolExecutor.java:644)
06-25 11:58:45.241  5470  5535 W TapAndPay: 	at acjn.run(:com.google.android.gms@231818047@23.18.18 (190800-535401451):0)
06-25 11:58:45.241  5470  5535 W TapAndPay: 	at java.lang.Thread.run(Thread.java:1012)
06-25 11:58:45.245  5470  5535 I NetworkScheduler.Stats: Task com.google.android.gms/com.google.android.gms.tapandpay.gcmtask.TapAndPayGcmTaskService finished executing. cause:5 result: 3 elapsed_millis: 9 uptime_millis: 9 exec_start_elapsed_seconds: 84 [CONTEXT service_id=218 ]
06-25 11:58:45.257  5470  5537 I NetworkScheduler.Stats: Task com.google.android.gms/com.google.android.gms.tapandpay.gcmtask.TapAndPayGcmTaskService started execution. cause:5 exec_start_elapsed_seconds: 84 [CONTEXT service_id=218 ]
06-25 11:58:45.258  5470  5535 W .gms.persistent: Accessing hidden method Landroid/net/ConnectivityManager;->isNetworkSupported(I)Z (max-target-p, reflection, denied)
06-25 11:58:45.259  5470  5535 I NetworkScheduler.Stats: Task com.google.android.gms/com.google.android.gms.tapandpay.gcmtask.TapAndPayGcmTaskService finished executing. cause:5 result: 1 elapsed_millis: 6 uptime_millis: 6 exec_start_elapsed_seconds: 84 [CONTEXT service_id=218 ]
06-25 11:58:45.274  5470  5537 I NetworkScheduler.Stats: Task com.google.android.gms/com.google.android.gms.tapandpay.gcmtask.TapAndPayGcmTaskService started execution. cause:5 exec_start_elapsed_seconds: 84 [CONTEXT service_id=218 ]
06-25 11:58:45.275  5470  5537 I NetworkScheduler.Stats: Task com.google.android.gms/com.google.android.gms.tapandpay.gcmtask.TapAndPayGcmTaskService finished executing. cause:5 result: 1 elapsed_millis: 6 uptime_millis: 6 exec_start_elapsed_seconds: 84 [CONTEXT service_id=218 ]
06-25 11:58:45.285  5470  5535 I NetworkScheduler.Stats: Task com.google.android.gms/com.google.android.gms.tapandpay.gcmtask.TapAndPayGcmTaskService started execution. cause:5 exec_start_elapsed_seconds: 84 [CONTEXT service_id=218 ]
06-25 11:58:45.291  5470  5535 I NetworkScheduler.Stats: Task com.google.android.gms/com.google.android.gms.tapandpay.gcmtask.TapAndPayGcmTaskService finished executing. cause:5 result: 1 elapsed_millis: 9 uptime_millis: 9 exec_start_elapsed_seconds: 84 [CONTEXT service_id=218 ]
06-25 11:58:45.301  5470  5537 I NetworkScheduler.Stats: Task com.google.android.gms/com.google.android.gms.tapandpay.gcmtask.TapAndPayGcmTaskService started execution. cause:5 exec_start_elapsed_seconds: 84 [CONTEXT service_id=218 ]
06-25 11:58:45.302  5470  5509 W ChimeraUtils: Module com.google.android.gms.tapandpay missing resource null(0)
06-25 11:58:45.308   518   537 D OomAdjuster: Not killing cached processes
06-25 11:58:45.311  5557  5649 E Pay     : [SeTosMigration] payCapabilities gating flag: enabled [CONTEXT service_id=198 ]
06-25 11:58:45.312  5557  5649 E Pay     : [SeTosMigration] payCapabilities RoW use_wallet: true, use_wallet_jp: false [CONTEXT service_id=198 ]
06-25 11:58:45.312  5470  5509 I NetworkScheduler.Stats: Task com.google.android.gms/com.google.android.gms.tapandpay.gcmtask.TapAndPayGcmTaskService finished executing. cause:5 result: 1 elapsed_millis: 13 uptime_millis: 13 exec_start_elapsed_seconds: 84 [CONTEXT service_id=218 ]
06-25 11:58:45.366  5470  5658 I NearbyDiscovery: FastPairScanner: isScreenOn=true, scanWithScreenOff=false, isLocationEnabled=true, disableLocationRequirement=true, isDiscoveryScanningEnabled=true, during24GhzWifiWarmingUpPeriod=false [CONTEXT service_id=265 ]
06-25 11:58:45.366  5470  5658 D BluetoothAdapter: isLeEnabled(): ON
06-25 11:58:45.366  5470  5658 I NearbyDiscovery: FastPairScanner: eventType=INTERNAL_DOWNGRADE_SCAN, intReq=true, scanning=true, scanAllowed=true, bleEnabled=true, bleScanAvailable=false, lockScanRate=false, startScanningByLowPowerMode=false [CONTEXT service_id=265 ]
06-25 11:58:45.366  5470  5658 I NearbyDiscovery: FastPairScanner: Stopping scan [CONTEXT service_id=265 ]
06-25 11:58:45.366  5470  5658 D BluetoothAdapter: isLeEnabled(): ON
06-25 11:58:45.366  3987  4216 D BtGatt.GattService: stopScan() - queue size =3
06-25 11:58:45.367  3987  4216 D ActivityAttributionService: notifyActivityAttributionInfo UID=1002 packageName=com.google.android.bluetooth deviceAddress=no_active_device_address
06-25 11:58:45.367  3987  4216 I bt_btif : packages/modules/Bluetooth/system/btif/src/bluetooth.cc:829 get_profile_interface: get_profile_interface: id = activity_attribution
06-25 11:58:45.367  3987  4159 D BtGatt.ScanManager: handling stopping scan  [ScanClient scanModeApp 2 scanModeUsed 2 [appScanStats com.google.uid.shared:10132]]
06-25 11:58:45.367  3987  4159 D BtGatt.ScanManager: stop gattClientScanNative
06-25 11:58:45.367  3987  4159 I bt_stack: [INFO:le_scanning_manager.cc(168)] Scan in shim layer stopped
06-25 11:58:45.367  3987  4113 I bluetooth: packages/modules/Bluetooth/system/gd/hci/le_address_manager.cc:193 unregister_client: Client unregistered
06-25 11:58:45.367  3987  4113 I bluetooth: packages/modules/Bluetooth/system/gd/hci/le_address_manager.cc:197 unregister_client: Cancelled address rotation alarm
06-25 11:58:45.367  3987  4159 I bt_stack: [INFO:le_scanning_manager.cc(204)] ScanFilterParamSetup in shim layer
06-25 11:58:45.368  3987  4123 D BtGatt.GattService: onScanFilterParamsConfigured() - clientIf=3, status=0, action=0, availableSpace=0
06-25 11:58:45.368  3987  4123 D BtGatt.ScanManager: callback done for scannerId - 3 status - 0
06-25 11:58:45.368  3987  4159 I bt_stack: [INFO:le_scanning_manager.cc(204)] ScanFilterParamSetup in shim layer
06-25 11:58:45.368  3987  4123 D BtGatt.GattService: onScanFilterParamsConfigured() - clientIf=3, status=0, action=0, availableSpace=0
06-25 11:58:45.368  3987  4123 D BtGatt.ScanManager: callback done for scannerId - 3 status - 0
06-25 11:58:45.368  3987  4159 D BtGatt.ScanManager: configureRegularScanParams() - queue=2
06-25 11:58:45.368  3987  4159 D BtGatt.ScanManager: configureRegularScanParams() - queue empty, scan stopped
06-25 11:58:45.369  3987  4216 D BtGatt.GattService: unregisterScanner() - scannerId=3
06-25 11:58:45.369  3987  4216 I bt_stack: [INFO:le_scanning_manager.cc(162)] Unregister in shim layer, scanner_id:3
06-25 11:58:45.369  5470  5658 I NearbyDiscovery: FastPairScanner: isScreenOn=true, scanWithScreenOff=false, isLocationEnabled=true, disableLocationRequirement=true, isDiscoveryScanningEnabled=true, during24GhzWifiWarmingUpPeriod=false [CONTEXT service_id=265 ]
06-25 11:58:45.370  5470  5658 I NearbyDiscovery: FastPairScanner: Start scanning internally in LOW_POWER_SCANNING [CONTEXT service_id=265 ]
06-25 11:58:45.370  5470  5658 D BluetoothAdapter: isLeEnabled(): ON
06-25 11:58:45.371  3987  4216 D BtGatt.GattService: registerScanner() - UUID=225656a7-da00-4859-9df5-87949d19187e
06-25 11:58:45.371  3987  4216 I bt_stack: [INFO:le_scanning_manager.cc(155)] RegisterScanner in shim layer
06-25 11:58:45.371  3987  4123 D BtGatt.GattService: onScannerRegistered() - UUID=225656a7-da00-4859-9df5-87949d19187e, scannerId=3, status=0
06-25 11:58:45.371  5470  5553 D BluetoothLeScanner: onScannerRegistered() - status=0 scannerId=3 mScannerId=0
06-25 11:58:45.371  3987  4216 D BtGatt.GattService: start scan with filters
06-25 11:58:45.371  3987  4216 D BtGatt.GattService: enforcePrivilegedPermissionIfNeeded([BluetoothLeScanFilter [mDeviceName=null, mDeviceAddress=null, mUuid=null, mUuidMask=null, mServiceSolicitationUuid=null, mServiceSolicitationUuidMask=null, mServiceDataUuid=0000fff6-0000-1000-8000-00805f9b34fb, mServiceData=[0], mServiceDataMask=[0], mManufacturerId=-1, mManufacturerData=null, mManufacturerDataMask=null, mAdvertisingDataType=-1, mAdvertisingData=null, mAdvertisingDataMask=null, mTransportBlockFilter=null], BluetoothLeScanFilter [mDeviceName=null, mDeviceAddress=null, mUuid=null, mUuidMask=null, mServiceSolicitationUuid=null, mServiceSolicitationUuidMask=null, mServiceDataUuid=0000fe2c-0000-1000-8000-00805f9b34fb, mServiceData=[0], mServiceDataMask=[0], mManufacturerId=-1, mManufacturerData=null, mManufacturerDataMask=null, mAdvertisingDataType=-1, mAdvertisingData=null, mAdvertisingDataMask=null, mTransportBlockFilter=null]])
06-25 11:58:45.372  3987  4216 D BtGatt.ScanManager: startScan()  [ScanClient scanModeApp 1 scanModeUsed 1 [appScanStats com.google.uid.shared:10132]]
06-25 11:58:45.372  3987  4216 D ActivityAttributionService: notifyActivityAttributionInfo UID=1002 packageName=com.google.android.bluetooth deviceAddress=no_active_device_address
06-25 11:58:45.372  3987  4216 I bt_btif : packages/modules/Bluetooth/system/btif/src/bluetooth.cc:829 get_profile_interface: get_profile_interface: id = activity_attribution
06-25 11:58:45.372  3987  4159 D BtGatt.ScanManager: handling starting scan
06-25 11:58:45.372  3987  4159 I bt_stack: [INFO:le_scanning_manager.cc(268)] ScanFilterEnable in shim layer
06-25 11:58:45.372  3987  4123 D BtGatt.GattService: onScanFilterEnableDisabled() - clientIf=3, status=0, action=1
06-25 11:58:45.372  3987  4123 D BtGatt.ScanManager: callback done for scannerId - 3 status - 0
06-25 11:58:45.372  3987  4159 I bt_stack: [INFO:le_scanning_manager.cc(243)] ScanFilterAdd in shim layer
06-25 11:58:45.372  3987  4123 D BtGatt.GattService: onScanFilterConfig() - clientIf=3, action = 0 status = 0, filterType=0, availableSpace=0
06-25 11:58:45.372  3987  4123 D BtGatt.ScanManager: callback done for scannerId - 3 status - 0
06-25 11:58:45.372  3987  4159 D BtGatt.ScanManager: configureFilterParamter 500 10000 1 0
06-25 11:58:45.372  3987  4159 I bt_stack: [INFO:le_scanning_manager.cc(204)] ScanFilterParamSetup in shim layer
06-25 11:58:45.372  3987  4123 D BtGatt.GattService: onScanFilterParamsConfigured() - clientIf=3, status=0, action=0, availableSpace=0
06-25 11:58:45.372  3987  4123 D BtGatt.ScanManager: callback done for scannerId - 3 status - 0
06-25 11:58:45.372  3987  4159 I bt_stack: [INFO:le_scanning_manager.cc(243)] ScanFilterAdd in shim layer
06-25 11:58:45.372  3987  4123 D BtGatt.GattService: onScanFilterConfig() - clientIf=3, action = 0 status = 0, filterType=0, availableSpace=0
06-25 11:58:45.373  3987  4123 D BtGatt.ScanManager: callback done for scannerId - 3 status - 0
06-25 11:58:45.373  3987  4159 D BtGatt.ScanManager: configureFilterParamter 500 10000 1 0
06-25 11:58:45.373  3987  4159 I bt_stack: [INFO:le_scanning_manager.cc(204)] ScanFilterParamSetup in shim layer
06-25 11:58:45.373  3987  4123 D BtGatt.GattService: onScanFilterParamsConfigured() - clientIf=3, status=0, action=0, availableSpace=0
06-25 11:58:45.373  3987  4123 D BtGatt.ScanManager: callback done for scannerId - 3 status - 0
06-25 11:58:45.373  3987  4159 D BtGatt.ScanManager: start gattClientScanNative from startRegularScan()
06-25 11:58:45.373  3987  4159 I bt_stack: [INFO:le_scanning_manager.cc(168)] Scan in shim layer started
06-25 11:58:45.373  3987  4113 I bluetooth: packages/modules/Bluetooth/system/gd/hci/le_scanning_manager.cc:588 stop_scan: Scanning already stopped, return!
06-25 11:58:45.373  3987  4113 I bluetooth: packages/modules/Bluetooth/system/gd/hci/le_address_manager.cc:175 register_client: Scheduled address rotation for first client registered
06-25 11:58:45.373  3987  4113 I bluetooth: packages/modules/Bluetooth/system/gd/hci/le_address_manager.cc:178 register_client: Client registered
06-25 11:58:45.373  3987  4159 D BtGatt.ScanManager: configureRegularScanParams() - queue=3
06-25 11:58:45.373  3987  4113 I bluetooth: packages/modules/Bluetooth/system/gd/hci/le_scanning_manager.cc:1369 on_advertising_filter_complete: Got a Command complete LE_ADV_FILTER, status UNKNOWN_CONNECTION
06-25 11:58:45.374  3987  4113 I bluetooth: packages/modules/Bluetooth/system/gd/hci/le_scanning_manager.cc:1369 on_advertising_filter_complete: Got a Command complete LE_ADV_FILTER, status UNKNOWN_CONNECTION
06-25 11:58:45.374  3987  4159 I bt_stack: [INFO:le_scanning_manager.cc(168)] Scan in shim layer stopped
06-25 11:58:45.374  3987  4113 I bluetooth: packages/modules/Bluetooth/system/gd/hci/le_address_manager.cc:193 unregister_client: Client unregistered
06-25 11:58:45.374  3987  4113 I bluetooth: packages/modules/Bluetooth/system/gd/hci/le_address_manager.cc:197 unregister_client: Cancelled address rotation alarm
06-25 11:58:45.374  3987  4159 D BtGatt.ScanManager: Start gattClientScanNative with old scanMode -1 new scanMode 1 ( in MS: 730 / 183, in scan unit: 1168 / 292 ) [ScanClient scanModeApp 1 scanModeUsed 1 [appScanStats com.google.uid.shared:10132]]
06-25 11:58:45.374  3987  4159 I bt_stack: [INFO:le_scanning_manager.cc(346)] SetScanParameters in shim layer
06-25 11:58:45.374  3987  4123 D BtGatt.GattService: onScanParamSetupCompleted : 0
06-25 11:58:45.374  3987  4159 I bt_stack: [INFO:le_scanning_manager.cc(168)] Scan in shim layer started
06-25 11:58:45.374  3987  4113 I bluetooth: packages/modules/Bluetooth/system/gd/hci/le_scanning_manager.cc:588 stop_scan: Scanning already stopped, return!
06-25 11:58:45.374  3987  4113 I bluetooth: packages/modules/Bluetooth/system/gd/hci/le_address_manager.cc:175 register_client: Scheduled address rotation for first client registered
06-25 11:58:45.374  3987  4113 I bluetooth: packages/modules/Bluetooth/system/gd/hci/le_address_manager.cc:178 register_client: Client registered
06-25 11:58:45.374  3987  4159 D BtGatt.ScanManager: apply scan timeout (600000)to scannerId 3
06-25 11:58:45.375  5470  5658 I NearbyDiscovery: FastPairScanner: Starting LOW_POWER_SCANNING scanning [CONTEXT service_id=265 ]
06-25 11:58:45.757   518  1594 W JobScheduler: Job didn't exist in JobStore: 866cba1 #u0a154/7 com.google.android.contacts/com.google.android.apps.contacts.shortcut.ShortcutJobService
06-25 11:58:45.949     0     0 I logd    : logdr: UID=2000 GID=2000 PID=5905 n tail=3000 logMask=99 pid=0 start=0ns deadline=0ns
06-25 11:58:45.983     0     0 I logd    : logdr: UID=2000 GID=2000 PID=5908 n tail=3000 logMask=99 pid=0 start=0ns deadline=0ns
06-25 11:58:45.858   518  1594 I ActivityManager: Force stopping com.hanapkalinga.mobile appid=10192 user=0: from pid 5913
06-25 11:58:45.863  1048  1048 D CarrierSvcBindHelper: onHandleForceStop: [com.hanapkalinga.mobile]
06-25 11:58:45.863  1048  1048 D CarrierSvcBindHelper: No carrier app for: 0
06-25 11:58:45.936  5918  5918 W BpBinder: Linking to death on android.gui.ISurfaceComposer but there are no threads (yet?) listening to incoming transactions. See ProcessState::startThreadPool and ProcessState::setThreadPoolMaxThreadCount. Generally you should setup the binder threadpool before other initialization steps.
06-25 11:58:45.936  5918  5918 W ProcessState: Extra binder thread started, but 0 threads requested. Do not use *startThreadPool when zero threads are requested.
06-25 11:58:45.948   135   135 I hwservicemanager: getTransport: Cannot find entry android.hardware.graphics.mapper@4.0::IMapper/default in either framework or device VINTF manifest.
06-25 11:58:45.949  5918  5919 I Gralloc4: mapper 4.x is not supported
06-25 11:58:46.114     0     0 I servicemanager: Could not find android.hardware.graphics.allocator.IAllocator/default in the VINTF manifest.
06-25 11:58:46.137  5920  5920 D AndroidRuntime: >>>>>> START com.android.internal.os.RuntimeInit uid 2000 <<<<<<
06-25 11:58:46.140  5920  5920 I AndroidRuntime: Using default boot image
06-25 11:58:46.140  5920  5920 I AndroidRuntime: Leaving lock profiling enabled
06-25 11:58:46.142  5920  5920 I app_process: Core platform API reporting enabled, enforcing=false
06-25 11:58:46.142  5920  5920 I app_process: Using CollectorTypeCC GC.
06-25 11:58:46.199  5920  5920 D nativeloader: InitDefaultPublicLibraries for_preload=1: libandroid.so:libaaudio.so:libamidi.so:libbinder_ndk.so:libc.so:libcamera2ndk.so:libdl.so:libEGL.so:libGLESv1_CM.so:libGLESv2.so:libGLESv3.so:libicu.so:libicui18n.so:libicuuc.so:libjnigraphics.so:liblog.so:libmediandk.so:libm.so:libnativehelper.so:libnativewindow.so:libOpenMAXAL.so:libOpenSLES.so:libRS.so:libstdc++.so:libsync.so:libvulkan.so:libwebviewchromium_plat_support.so:libz.so
06-25 11:58:46.206  5920  5920 D app_process: Time zone APEX ICU file found: /apex/com.android.tzdata/etc/icu/icu_tzdata.dat
06-25 11:58:46.206  5920  5920 D app_process: I18n APEX ICU file found: /apex/com.android.i18n/etc/icu/icudt72l.dat
06-25 11:58:46.210  5920  5920 W app_process: Unexpected CPU variant for x86: x86_64.
06-25 11:58:46.210  5920  5920 W app_process: Known variants: atom, sandybridge, silvermont, goldmont, goldmont-plus, tremont, kabylake, default
06-25 11:58:46.211  5920  5920 W app_process: ClassLoaderContext shared library size mismatch. Expected=2, found=0 (PCL[]{PCL[/system/framework/android.test.base.jar*836642756]#PCL[/system/framework/android.test.mock.jar*3186112116]} | PCL[])
06-25 11:58:46.212  5920  5920 W app_process: ClassLoaderContext classpath size mismatch. expected=0, found=1 (PCL[]{PCL[/system/framework/android.test.runner.jar*4168958247]{PCL[/system/framework/android.test.base.jar*836642756]#PCL[/system/framework/android.test.mock.jar*3186112116]}#PCL[/system/framework/android.test.base.jar*836642756]} | PCL[/system/framework/android.test.runner.jar*4168958247])
06-25 11:58:46.224  5920  5920 W main    : type=1400 audit(0.0:48): avc:  denied  { read } for  name="u:object_r:build_attestation_prop:s0" dev="tmpfs" ino=86 scontext=u:r:shell:s0 tcontext=u:object_r:build_attestation_prop:s0 tclass=file permissive=0
06-25 11:58:46.227  5920  5920 W libc    : Access denied finding property "ro.product.name_for_attestation"
06-25 11:58:46.224  5920  5920 W main    : type=1400 audit(0.0:49): avc:  denied  { read } for  name="u:object_r:build_attestation_prop:s0" dev="tmpfs" ino=86 scontext=u:r:shell:s0 tcontext=u:object_r:build_attestation_prop:s0 tclass=file permissive=0
06-25 11:58:46.230  5920  5920 W libc    : Access denied finding property "ro.product.brand_for_attestation"
06-25 11:58:46.233  5920  5920 W libc    : Access denied finding property "ro.product.model_for_attestation"
06-25 11:58:46.234  5920  5920 D AndroidRuntime: Calling main entry com.android.commands.uiautomator.Launcher
06-25 11:58:46.228  5920  5920 W main    : type=1400 audit(0.0:50): avc:  denied  { read } for  name="u:object_r:build_attestation_prop:s0" dev="tmpfs" ino=86 scontext=u:r:shell:s0 tcontext=u:object_r:build_attestation_prop:s0 tclass=file permissive=0
06-25 11:58:46.236  5920  5920 D UiAutomationConnection: Created on user UserHandle{0}
06-25 11:58:46.236  5920  5920 I UiAutomation: Initialized for user 0 on display 0
06-25 11:58:46.236  5920  5920 W UiAutomation: Created with deprecatead constructor, assumes DEFAULT_DISPLAY
06-25 11:58:46.237   518  1594 D AccessibilityManagerService: changeCurrentUserForTestAutomationIfNeededLocked(0): ignoring because device doesn't support visible background users
06-25 11:58:46.237   518  1594 I UiAutomationManager: Registering UiTestAutomationService (id=com.android.server.accessibility/UiAutomation) when called by user 0
06-25 11:58:46.243   518  1594 W WindowMagnificationMgr: requestConnection duplicated request: connect=false, mConnectionState=DISCONNECTED
06-25 11:58:46.244  5920  5934 V UiAutomation: Init UiAutomation@f3650fd[id=4, displayId=0, flags=0]
06-25 11:58:46.245  1571  3144 I AiAiEcho: Settings changed for uri: content://settings/secure/accessibility_enabled
06-25 11:58:46.245  1571  1768 I AiAiEcho: Predicting[0]: 
06-25 11:58:46.245  1571  1768 I AiAiEcho: EchoTargets: 
06-25 11:58:46.245  1571  1768 I AiAiEcho: Filtered by AiAi flag check: 
06-25 11:58:46.245  1571  1768 I AiAiEcho: Ranked targets strategy: SORT, count: 0, ranking metadata: 
06-25 11:58:46.246  1571  1768 I AiAiEcho: #postPredictionTargets: Sending updates to UISurface lockscreen with targets# 0 (types=[])
06-25 11:58:46.248  2859  2934 I A       : NGA disabled since it's running Panthera and at least one a11y feature is on.
06-25 11:58:46.249   518   518 D BatterySaverPolicy: accessibility changed to true, updating policy.
06-25 11:58:46.249  1571  1768 I AiAiEcho: Predicting[0]: 
06-25 11:58:46.249  1571  1768 I AiAiEcho: EchoTargets: 
06-25 11:58:46.249  1571  1768 I AiAiEcho: Filtered by AiAi flag check: 
06-25 11:58:46.251  1571  1768 I AiAiEcho: Ranked targets strategy: SORT, count: 0, ranking metadata: 
06-25 11:58:46.251  1571  1768 I AiAiEcho: #postPredictionTargets: Sending updates to UISurface home with targets# 0 (types=[])
06-25 11:58:46.252  2859  2934 I A       : Nga state changed to NgaStateDetails{state=DISABLED, isSpecialExperience=false}
06-25 11:58:46.252   831   831 W PageIndicator: Total number of pages invalid: 0. Assuming 1 page.
06-25 11:58:46.254  1571  3144 I AiAiEcho: Settings changed for uri: content://settings/secure/accessibility_enabled
06-25 11:58:46.255  1571  1768 I AiAiEcho: Predicting[0]: 
06-25 11:58:46.255  1571  1768 I AiAiEcho: EchoTargets: 
06-25 11:58:46.255  1571  1768 I AiAiEcho: Filtered by AiAi flag check: 
06-25 11:58:46.255  1571  1768 I AiAiEcho: Ranked targets strategy: SORT, count: 0, ranking metadata: 
06-25 11:58:46.255  1571  1768 I AiAiEcho: Predicting[0]: 
06-25 11:58:46.255   518  1594 W WindowMagnificationMgr: requestConnection duplicated request: connect=false, mConnectionState=DISCONNECTED
06-25 11:58:46.255  1571  1768 I AiAiEcho: EchoTargets: 
06-25 11:58:46.255  1571  1768 I AiAiEcho: Filtered by AiAi flag check: 
06-25 11:58:46.255  1571  1768 I AiAiEcho: Ranked targets strategy: SORT, count: 0, ranking metadata: 
06-25 11:58:46.257  1571  1768 I AiAiEcho: #postPredictionTargets: Sending updates to UISurface lockscreen with targets# 0 (types=[])
06-25 11:58:46.257   518  1594 D SafetySourceDataValidator: No cert check requested for package com.google.android.permissioncontroller
06-25 11:58:46.258   831   831 W PageIndicator: Total number of pages invalid: 0. Assuming 1 page.
06-25 11:58:46.258  1571  1768 I AiAiEcho: #postPredictionTargets: Sending updates to UISurface home with targets# 0 (types=[])
06-25 11:58:46.259  1593  5469 I A       : APA or Classic session decision: SessionDecision(sessionVariance=CLASSIC, platformVariance=CLASSIC, justification=CURRENT_PLATFORM_VARIANCE).
06-25 11:58:46.260  1593  5469 I A       : [Memory] eligibility: StashEligibility{4}
06-25 11:58:46.260  1593  2079 I A       : Unsubscribed to apa or classic variant change.
06-25 11:58:46.708  5557  5678 W gle.android.gms: Long monitor contention with owner [com.google.android.gms.chimera.container.intentoperation.GmsIntentOperationChimeraService-Executor] processing com.google.android.gms.scheduler.InfraPrioritySchedulerModuleInitIntentOperation for action android.intent.action.BOOT_COMPLETED (5667) at void hjm.run()(:com.google.android.gms@231818047@23.18.18 (190800-535401451):3) waiters=0 in void hjm.run() for 6.487s
06-25 11:58:46.709  5470  5563 I HeterodyneSyncScheduler: Scheduling Phenotype for a PhenotypeSyncImmediately(16, com.google.android.gms.nnapi.drivermanager) one off with window [1, 2] in seconds [CONTEXT service_id=51 ]
06-25 11:58:46.716  5557  5678 E PhenotypeRegOp: Attempting to overwrite config package for com.google.android.gms.games [CONTEXT service_id=231 ]
06-25 11:58:46.717  5557  5678 E PhenotypeRegOp: Attempting to overwrite config package for com.google.android.gms.maps#com.google.android.gms [CONTEXT service_id=231 ]
06-25 11:58:46.718  5557  5678 E PhenotypeRegOp: Attempting to overwrite config package for com.google.android.gms.cast [CONTEXT service_id=231 ]
06-25 11:58:46.718  5557  5678 E PhenotypeRegOp: Attempting to overwrite config package for com.google.android.gms.mobile_data_plan [CONTEXT service_id=231 ]
06-25 11:58:46.718  5557  5678 E PhenotypeRegOp: Attempting to overwrite config package for com.google.android.gms.udc [CONTEXT service_id=231 ]
06-25 11:58:46.720  5557  5672 W SystemServiceRegistry: No service published for: persistent_data_block
06-25 11:58:46.722  5557  5681 I Auth    : [WorkAccount] update authenticator enabled for boot or update
06-25 11:58:46.723  5557  5672 I Auth    : [FRP,FrpUpdateIntentOperation] FRP is not supported for this device / user
06-25 11:58:46.727  5557  5672 I SystemUpdate: [Installation,ReceiverIntentOperation] Received intent: Intent { act=com.google.android.gms.update.BASE_MODULE_INIT cat=[targeted_intent_op_prefix:.update.control.ReceiverIntentOperation] cmp=com.google.android.gms/.chimera.GmsIntentOperationService }.
06-25 11:58:46.729  5470  5470 D BoundBrokerSvc: onBind: Intent { act=com.google.android.gms.auth.account.workaccount.START dat=chimera-action:/... cmp=com.google.android.gms/.chimera.PersistentApiService }
06-25 11:58:46.729  5470  5470 D BoundBrokerSvc: Loading bound service for intent: Intent { act=com.google.android.gms.auth.account.workaccount.START dat=chimera-action:/... cmp=com.google.android.gms/.chimera.PersistentApiService }
06-25 11:58:46.731  5470  5619 I Auth    : [WorkAccountServiceImpl] init work authenticator
06-25 11:58:46.752  5557  5936 I SystemUpdate: [Execution,InstallationEventIntentOperation] Handling event of type 1.
06-25 11:58:46.757  5557  5936 I SystemUpdate: [Execution,InstallationIntentOperation] Received intent: Intent { act=com.google.android.gms.update.INSTALL_UPDATE cat=[targeted_intent_op_prefix:.update.execution.InstallationIntentOperation] cmp=com.google.android.gms/.chimera.GmsIntentOperationService }.
06-25 11:58:46.757  5557  5936 I SystemUpdate: [Execution,ExecutionManager] Action finished-execution executed for 0.00 seconds.
06-25 11:58:46.767   518  2228 D PackageManager: Instant App installer not found with android.intent.action.INSTALL_INSTANT_APP_PACKAGE
06-25 11:58:46.767   518  2228 D PackageManager: Clear ephemeral installer activity
06-25 11:58:46.771   518  2233 W JobScheduler: Job didn't exist in JobStore: c7762c8 #u0a154/100004 com.google.android.contacts/androidx.work.impl.background.systemjob.SystemJobService
06-25 11:58:46.777   518  2228 D PackageManager: Instant App installer not found with android.intent.action.INSTALL_INSTANT_APP_PACKAGE
06-25 11:58:46.777   518  2228 D PackageManager: Clear ephemeral installer activity
06-25 11:58:46.778   518  1594 D PackageManager: Instant App installer not found with android.intent.action.INSTALL_INSTANT_APP_PACKAGE
06-25 11:58:46.778   518  1594 D PackageManager: Clear ephemeral installer activity
06-25 11:58:46.782  5557  5667 I Auth    : [SupervisedAccountIntentOperation] onHandleIntent(): android.intent.action.BOOT_COMPLETED
06-25 11:58:46.782  5557  5681 W Auth    : [PubsubPeriodicSyncherRuntimeInit] Initializing periodic tasks, IntentAction=android.intent.action.BOOT_COMPLETED, InitRuntimeState=2
06-25 11:58:46.784  5470  5470 W SystemServiceRegistry: No service published for: persistent_data_block
06-25 11:58:46.806  5470  5537 W EasyUnlock: [HostValidator] Invalid account list. [CONTEXT service_id=234 ]
06-25 11:58:46.807   518  2228 D PackageManager: Instant App installer not found with android.intent.action.INSTALL_INSTANT_APP_PACKAGE
06-25 11:58:46.807   518  2228 D PackageManager: Clear ephemeral installer activity
06-25 11:58:46.809  5470  5470 D BoundBrokerSvc: onBind: Intent { act=com.google.android.gms.auth.proximity.devicesyncservice.START dat=chimera-action:/... cmp=com.google.android.gms/.chimera.PersistentBoundBrokerService }
06-25 11:58:46.809  5470  5470 D BoundBrokerSvc: Loading bound service for intent: Intent { act=com.google.android.gms.auth.proximity.devicesyncservice.START dat=chimera-action:/... cmp=com.google.android.gms/.chimera.PersistentBoundBrokerService }
06-25 11:58:46.814  5557  5672 I Auth    : [AuthManaged, PasswordComplexityHelperImpl] Updating password complexity components state.
06-25 11:58:46.814  5557  5672 I Auth    : [AuthManaged, PasswordComplexityHelperImpl] Disabling com.google.android.gms.auth.managed.admin.DeviceAdminReceiver
06-25 11:58:46.814  5557  5672 I Auth    : [AuthManaged, PasswordComplexityHelperImpl] Disabling com.google.android.gms.auth.managed.ui.SetNewPasswordActivity
06-25 11:58:46.814  5557  5672 I Auth    : [AuthManaged, AuthManagedModuleInitIntentOperation] enabling com.google.android.gms.auth.managed.ui.EmmActivity
06-25 11:58:46.815  5557  5672 I Auth    : [AuthManaged, AuthManagedModuleInitIntentOperation] enabling com.google.android.gms.auth.managed.ui.PhoneskyDpcInstallActivity
06-25 11:58:46.815  5557  5672 W Auth    : [AuthManaged, SettingsSecurityDeviceOwnerChimeraActivity] device owner: n/a
06-25 11:58:46.815  5557  5672 I Auth    : [AuthManaged, AuthManagedModuleInitIntentOperation] disabling com.google.android.gms.auth.managed.ui.SettingsSecurityDeviceOwnerActivity
06-25 11:58:46.815  5557  5672 I Auth    : [AuthManaged, PasswordComplexityHelperImpl] Updating password complexity components state.
06-25 11:58:46.815  5557  5672 I Auth    : [AuthManaged, PasswordComplexityHelperImpl] Disabling com.google.android.gms.auth.managed.admin.DeviceAdminReceiver
06-25 11:58:46.815  5557  5672 I Auth    : [AuthManaged, PasswordComplexityHelperImpl] Disabling com.google.android.gms.auth.managed.ui.SetNewPasswordActivity
06-25 11:58:46.818  5557  5681 I RecoverableKeyStoreGms: [RecoverableKeyStoreGmsInitOperation] Initializing auth_folsom
06-25 11:58:46.820  5557  5681 I RecoverableKeyStoreGms: [RecoverableKeyStoreGmsInitOperation] com.google.android.gms.auth.folsom.service.FolsomPublicKeyUpdateService is already enabled. Ignore.
06-25 11:58:46.821  5557  5681 I RecoverableKeyStoreGms: [RecoverableKeyStoreGmsInitOperation] com.google.android.gms.auth.folsom.service.GcmReceiverService is already enabled. Ignore.
06-25 11:58:46.829  5470  5642 I TetheringManager: registerTetheringEventCallback:com.google.android.gms
06-25 11:58:46.831   518  1594 V RecoverableKeyStoreMgr: Not updating secret types - same as old value.
06-25 11:58:46.836  5470  5470 I ProximityAuth: [MessageProcessorManager] MessageProcessorManager instantiated for user UserHandle{0}
06-25 11:58:46.837  5470  5470 I ProximityAuth: [PhoneHubService] Handling intent for PhoneHubChimeraService.
06-25 11:58:46.839  5557  5672 I ProximityAuth: [FeatureLoader] auth_easyunlock module load status: 2, auth_magictether module load status: 2
06-25 11:58:46.840  5470  5470 D BoundBrokerSvc: onBind: Intent { act=com.google.android.gms.auth.proximity.START dat=chimera-action:/... cmp=com.google.android.gms/.chimera.PersistentBoundBrokerService }
06-25 11:58:46.840  5470  5470 D BoundBrokerSvc: Loading bound service for intent: Intent { act=com.google.android.gms.auth.proximity.START dat=chimera-action:/... cmp=com.google.android.gms/.chimera.PersistentBoundBrokerService }
06-25 11:58:46.841  5557  5681 I RecoverableKeyStoreGms: [RecoverableKeyStoreGmsInitOperation] Setting vault handle
06-25 11:58:46.841   518  1594 V RecoverableKeyStoreMgr: Not updating server params - same as old value.
06-25 11:58:46.843  5470  5656 I ProximityAuth: [AccountEligibilityMediator] Cannot check accounts eligibility in cross profile, checking accounts in current profiles
06-25 11:58:46.843   518  2233 I RecoverySnapshotLstnrs: Registered listener for agent with uid 10132
06-25 11:58:46.843  5470  5656 I ProximityAuth: [PhoneHubService] No enabled account, stopping service
06-25 11:58:46.844  5470  5470 I ProximityAuth: [PhoneHubService] Destroying PhoneHubChimeraService.
06-25 11:58:46.844  5470  5470 W ProximityAuth: [PhoneHubNotificationProcessor] shutdown(): context is null.
06-25 11:58:46.844  5470  5470 I ProximityAuth: [PhoneHubService] All devices have disconnected. Performing cleanup...
06-25 11:58:46.844  5470  5470 W ChimeraUtils: Module com.google.android.gms.auth_proximity missing resource null(0)
06-25 11:58:46.848  5557  5681 I RecoverableKeyStoreGms: [EnrollmentManager] Returning certificates list from cache [CONTEXT service_id=172 ]
06-25 11:58:46.849  5470  5656 W ProximityAuth: [GetMyPublicKey] Failed to fetch public key.
06-25 11:58:46.849  5470  5656 E dlpn    : RuntimeException while executing runnable dlqc{qze@b5a10f2} with executor MoreExecutors.directExecutor()
06-25 11:58:46.849  5470  5656 E dlpn    : java.lang.NullPointerException: Attempt to get length of null array
06-25 11:58:46.849  5470  5656 E dlpn    : 	at android.util.Base64.encode(Base64.java:496)
06-25 11:58:46.849  5470  5656 E dlpn    : 	at android.util.Base64.encodeToString(Base64.java:458)
06-25 11:58:46.849  5470  5656 E dlpn    : 	at com.google.android.gms.auth.proximity.RemoteDevice.a(:com.google.android.gms@231818047@23.18.18 (190800-535401451):0)
06-25 11:58:46.849  5470  5656 E dlpn    : 	at qze.b(:com.google.android.gms@231818047@23.18.18 (190800-535401451):2)
06-25 11:58:46.849  5470  5656 E dlpn    : 	at dlqc.run(:com.google.android.gms@231818047@23.18.18 (190800-535401451):6)
06-25 11:58:46.849  5470  5656 E dlpn    : 	at dlpk.execute(:com.google.android.gms@231818047@23.18.18 (190800-535401451):0)
06-25 11:58:46.849  5470  5656 E dlpn    : 	at dlpn.c(:com.google.android.gms@231818047@23.18.18 (190800-535401451):1)
06-25 11:58:46.849  5470  5656 E dlpn    : 	at dlpn.b(:com.google.android.gms@231818047@23.18.18 (190800-535401451):3)
06-25 11:58:46.849  5470  5656 E dlpn    : 	at acei.done(:com.google.android.gms@231818047@23.18.18 (190800-535401451):0)
06-25 11:58:46.849  5470  5656 E dlpn    : 	at java.util.concurrent.FutureTask.finishCompletion(FutureTask.java:381)
06-25 11:58:46.849  5470  5656 E dlpn    : 	at java.util.concurrent.FutureTask.set(FutureTask.java:232)
06-25 11:58:46.849  5470  5656 E dlpn    : 	at java.util.concurrent.FutureTask.run(FutureTask.java:272)
06-25 11:58:46.849  5470  5656 E dlpn    : 	at aced.c(:com.google.android.gms@231818047@23.18.18 (190800-535401451):6)
06-25 11:58:46.849  5470  5656 E dlpn    : 	at aced.run(:com.google.android.gms@231818047@23.18.18 (190800-535401451):7)
06-25 11:58:46.849  5470  5656 E dlpn    : 	at java.util.concurrent.ThreadPoolExecutor.runWorker(ThreadPoolExecutor.java:1145)
06-25 11:58:46.849  5470  5656 E dlpn    : 	at java.util.concurrent.ThreadPoolExecutor$Worker.run(ThreadPoolExecutor.java:644)
06-25 11:58:46.849  5470  5656 E dlpn    : 	at acjn.run(:com.google.android.gms@231818047@23.18.18 (190800-535401451):0)
06-25 11:58:46.849  5470  5656 E dlpn    : 	at java.lang.Thread.run(Thread.java:1012)
06-25 11:58:46.858   518  2233 I RecoverableKeyStoreMgr: The cert file serial number is the same, so skip updating.
06-25 11:58:46.858  5557  5681 I RecoverableKeyStoreGms: [EnrollmentManager] Recovery service is initialized. [CONTEXT service_id=172 ]
06-25 11:58:46.858  5470  5475 I .gms.persistent: Compiler allocated 5020KB to compile void bwhy.C(java.util.Set, long, dmuh, dmui, java.util.List, java.util.LinkedHashMap, dzew, bwhx, boolean)
06-25 11:58:46.860   518  2228 E RecoverySnapshotStorage: Error reading snapshot for 10132 from disk
06-25 11:58:46.860   518  2228 E RecoverySnapshotStorage: java.io.FileNotFoundException: /data/system/recoverablekeystore/snapshots/10132.xml: open failed: ENOENT (No such file or directory)
06-25 11:58:46.860   518  2228 E RecoverySnapshotStorage: 	at libcore.io.IoBridge.open(IoBridge.java:574)
06-25 11:58:46.860   518  2228 E RecoverySnapshotStorage: 	at java.io.FileInputStream.<init>(FileInputStream.java:160)
06-25 11:58:46.860   518  2228 E RecoverySnapshotStorage: 	at com.android.server.locksettings.recoverablekeystore.storage.RecoverySnapshotStorage.readFromDisk(RecoverySnapshotStorage.java:152)
06-25 11:58:46.860   518  2228 E RecoverySnapshotStorage: 	at com.android.server.locksettings.recoverablekeystore.storage.RecoverySnapshotStorage.get(RecoverySnapshotStorage.java:104)
06-25 11:58:46.860   518  2228 E RecoverySnapshotStorage: 	at com.android.server.locksettings.recoverablekeystore.RecoverableKeyStoreManager.getKeyChainSnapshot(RecoverableKeyStoreManager.java:369)
06-25 11:58:46.860   518  2228 E RecoverySnapshotStorage: 	at com.android.server.locksettings.LockSettingsService.getKeyChainSnapshot(LockSettingsService.java:2494)
06-25 11:58:46.860   518  2228 E RecoverySnapshotStorage: 	at com.android.internal.widget.ILockSettings$Stub.onTransact(ILockSettings.java:838)
06-25 11:58:46.860   518  2228 E RecoverySnapshotStorage: 	at android.os.Binder.execTransactInternal(Binder.java:1339)
06-25 11:58:46.860   518  2228 E RecoverySnapshotStorage: 	at android.os.Binder.execTransact(Binder.java:1275)
06-25 11:58:46.860   518  2228 E RecoverySnapshotStorage: Caused by: android.system.ErrnoException: open failed: ENOENT (No such file or directory)
06-25 11:58:46.860   518  2228 E RecoverySnapshotStorage: 	at libcore.io.Linux.open(Native Method)
06-25 11:58:46.860   518  2228 E RecoverySnapshotStorage: 	at libcore.io.ForwardingOs.open(ForwardingOs.java:563)
06-25 11:58:46.860   518  2228 E RecoverySnapshotStorage: 	at libcore.io.BlockGuardOs.open(BlockGuardOs.java:274)
06-25 11:58:46.860   518  2228 E RecoverySnapshotStorage: 	at libcore.io.IoBridge.open(IoBridge.java:560)
06-25 11:58:46.860   518  2228 E RecoverySnapshotStorage: 	... 8 more
06-25 11:58:46.862   518  2228 W PlatformKeyManager: Platform generation ID was 0 but no entry was present in AndroidKeyStore. Generating fresh key.
06-25 11:58:46.863  5557  5557 D BoundBrokerSvc: onBind: Intent { act=com.google.android.gms.auth.cryptauth.cryptauthservice.START dat=chimera-action:/... cmp=com.google.android.gms/.chimera.GmsBoundBrokerService }
06-25 11:58:46.863  5557  5557 D BoundBrokerSvc: Loading bound service for intent: Intent { act=com.google.android.gms.auth.cryptauth.cryptauthservice.START dat=chimera-action:/... cmp=com.google.android.gms/.chimera.GmsBoundBrokerService }
06-25 11:58:46.865   158   158 E keystore2: system/security/keystore2/src/error.rs:180 - system/security/keystore2/src/security_level.rs:684
06-25 11:58:46.865   158   158 E keystore2: 
06-25 11:58:46.865   158   158 E keystore2: Caused by:
06-25 11:58:46.865   158   158 E keystore2:     0: system/security/keystore2/src/security_level.rs:199
06-25 11:58:46.865   158   158 E keystore2:     1: system/security/keystore2/src/security_level.rs:176: Failed to handle super encryption.
06-25 11:58:46.865   158   158 E keystore2:     2: system/security/keystore2/src/super_key.rs:762: User ECDH key missing.
06-25 11:58:46.865   158   158 E keystore2:     3: Error::Rc(r#SYSTEM_ERROR)
06-25 11:58:46.865  5557  5946 W ChimeraUtils: Module com.google.android.gms.auth_authzen__phone missing resource null(0)
06-25 11:58:46.867  5557  5681 W RecoverableKeyStoreGms: [WrappingKeyManager] InternalRecoveryServiceException during wrapping key generation [CONTEXT service_id=172 ]
06-25 11:58:46.867  5557  5681 W RecoverableKeyStoreGms: android.security.keystore.recovery.InternalRecoveryServiceException: Failed to import secret key.
06-25 11:58:46.867  5557  5681 W RecoverableKeyStoreGms: 	at android.security.keystore.recovery.RecoveryController.wrapUnexpectedServiceSpecificException(RecoveryController.java:783)
06-25 11:58:46.867  5557  5681 W RecoverableKeyStoreGms: 	at android.security.keystore.recovery.RecoveryController.generateKey(RecoveryController.java:569)
06-25 11:58:46.867  5557  5681 W RecoverableKeyStoreGms: 	at qiw.f(:com.google.android.gms@231818047@23.18.18 (190800-535401451):3)
06-25 11:58:46.867  5557  5681 W RecoverableKeyStoreGms: 	at qiw.e(:com.google.android.gms@231818047@23.18.18 (190800-535401451):15)
06-25 11:58:46.867  5557  5681 W RecoverableKeyStoreGms: 	at qfw.f(:com.google.android.gms@231818047@23.18.18 (190800-535401451):68)
06-25 11:58:46.867  5557  5681 W RecoverableKeyStoreGms: 	at com.google.android.gms.auth.folsom.operation.FolsomModuleInitIntentOperation.b(:com.google.android.gms@231818047@23.18.18 (190800-535401451):5)
06-25 11:58:46.867  5557  5681 W RecoverableKeyStoreGms: 	at zdm.onHandleIntent(:com.google.android.gms@231818047@23.18.18 (190800-535401451):2)
06-25 11:58:46.867  5557  5681 W RecoverableKeyStoreGms: 	at com.google.android.chimera.IntentOperation.onHandleIntent(:com.google.android.gms@231818047@23.18.18 (190800-535401451):2)
06-25 11:58:46.867  5557  5681 W RecoverableKeyStoreGms: 	at zhv.onHandleIntent(:com.google.android.gms@231818047@23.18.18 (190800-535401451):4)
06-25 11:58:46.867  5557  5681 W RecoverableKeyStoreGms: 	at hjm.run(:com.google.android.gms@231818047@23.18.18 (190800-535401451):3)
06-25 11:58:46.867  5557  5681 W RecoverableKeyStoreGms: 	at hjl.run(:com.google.android.gms@231818047@23.18.18 (190800-535401451):11)
06-25 11:58:46.867  5557  5681 W RecoverableKeyStoreGms: 	at dfhf.run(:com.google.android.gms@231818047@23.18.18 (190800-535401451):2)
06-25 11:58:46.867  5557  5681 W RecoverableKeyStoreGms: 	at java.util.concurrent.ThreadPoolExecutor.runWorker(ThreadPoolExecutor.java:1145)
06-25 11:58:46.867  5557  5681 W RecoverableKeyStoreGms: 	at java.util.concurrent.ThreadPoolExecutor$Worker.run(ThreadPoolExecutor.java:644)
06-25 11:58:46.867  5557  5681 W RecoverableKeyStoreGms: 	at java.lang.Thread.run(Thread.java:1012)
06-25 11:58:46.867  5557  5681 W RecoverableKeyStoreGms: Caused by: android.os.ServiceSpecificException: Failed to import secret key. (code 22)
06-25 11:58:46.867  5557  5681 W RecoverableKeyStoreGms: 	at android.os.Parcel.createExceptionOrNull(Parcel.java:3071)
06-25 11:58:46.867  5557  5681 W RecoverableKeyStoreGms: 	at android.os.Parcel.createException(Parcel.java:3041)
