06-25 11:58:39.043  1099  1099 D SearchTargetUtil: layoutType=extra_tall_icon_row resultType=131072 packageName=com.google.android.googlequicksearchbox extras=Bundle{bitmap_url=data:image/jpeg;base64,/9j/4AAQSkZJRgABAQAAAQABAAD/2wCEAAkGBwgHBgkIBwgKCgkLDRYPDQwMDRsUFRAWIB0iIiAdHx8kKDQsJCYxJx8fLT0tMTU3Ojo6Iys/RD84QzQ5OjcBCgoKDQwNGg8PGjclHyU3Nzc3Nzc3Nzc3Nzc3Nzc3Nzc3Nzc3Nzc3Nzc3Nzc3Nzc3Nzc3Nzc3Nzc3Nzc3Nzc3N//AABEIADAAMAMBIgACEQEDEQH/xAAbAAACAgMBAAAAAAAAAAAAAAADBQEEAAIGB//EAC8QAAIBAwMCBAUDBQAAAAAAAAECEQADBBIhMQVBE1FhkXGBobHhMlLwFBUjJEL/xAAYAQEBAAMAAAAAAAAAAAAAAAAAAwECBP/EABwRAAIDAAMBAAAAAAAAAAAAAAABAhESIUFxE//aAAwDAQACEQMRAD8A8SAld6jTtTS7iQVCLM8xxWHAZZ1CPSjkkSc0Kd6mmDYjGRER3rU4rL/ztWNofRFGPKpAMxVwY7k7CBWDEb9QNNIbR6CcTGxbBu5JVF7Ej8VrnYXho0YjljGlWAJK/uEcinOV0q7nXbNvVcW1pIYoAeedid9hQepE9Kwh/TYmTcbXLX7zaSD6AE7bVxJX6XSj2IrHTCbavkWlWRsbZj3DEH6UO5022CTodVALNrttx7U+6Da6Zl4lx3bIYEgXLTlrqzz+kgj60W5/aT1VunEtax7gHhX7euyCxG6svb7UalYzA5HF6cmWhe0unSxG/PxoqdFaSSQY47V0Wb0fGw2/1M21bVI3RA4+DEc/ehvkpa0hmtnbkap9iB962t9E3BHZmzLf4oiJO/FRdxPEtsoIKvtoYTI71ZS2TpVg8DYAEgL8D2mt/CHil7aRq23bf3qPBamLsTp9rHVrWLZ0ASdKtJ57jv8Aisv4llBbe4mqN5Kwfl5CmBwrulhoGljI0gE+u538qGcYm4SCdju3MegisCipqW7KjaIIVl8vWq2VhY9wBmx1cxy3baeaumyArxalo7mY8/4RQLi3WZigQaBsJEEegj501QcT/9k=,suggestion_type=33,suggest_truncate_start=false,is_answer=false,is_entity=true,is_personal=false,suggest_raw_text=ghost sharks,group_id=web29298,response_id=e6fcc253-a2cc-495d-8eea-5809b2bf2aad,support_query_builder=false,} searchAction=Ghost shark searchActionExtras=Bundle{learn_more_url=https://support.google.com/websearch/answer/106230?hl=106230,suggestion_action_text=Report this,should_start_for_result=true,allow_pinning=true,skip_logging_in_target_handler=false,suggestion_action_rpc=2,}ParentID: null targetID: 072a7de4-a7e2-4b6c-a244-270a4e9f360f
06-25 11:58:39.044  1099  1099 D SearchTargetUtil: layoutType=short_icon_row resultType=131072 packageName=com.google.android.googlequicksearchbox extras=Bundle{suggestion_type=33,suggest_truncate_start=false,is_answer=false,is_entity=false,is_personal=false,suggest_raw_text=moon and stars watermelon release,group_id=web29298,response_id=e6fcc253-a2cc-495d-8eea-5809b2bf2aad,support_query_builder=false,} searchAction=moon and stars watermelon release searchActionExtras=Bundle{learn_more_url=https://support.google.com/websearch/answer/106230?hl=106230,suggestion_action_text=Report this,should_start_for_result=true,allow_pinning=true,skip_logging_in_target_handler=false,suggestion_action_rpc=2,}ParentID: null targetID: 351a0b04-d070-41d7-855d-241b389898bf
06-25 11:58:39.044  1099  1099 D SearchTargetUtil: layoutType=short_icon_row resultType=131072 packageName=com.google.android.googlequicksearchbox extras=Bundle{suggestion_type=33,suggest_truncate_start=false,is_answer=false,is_entity=false,is_personal=false,suggest_raw_text=toyota tacoma,group_id=web29298,response_id=e6fcc253-a2cc-495d-8eea-5809b2bf2aad,support_query_builder=false,} searchAction=toyota tacoma searchActionExtras=Bundle{learn_more_url=https://support.google.com/websearch/answer/106230?hl=106230,suggestion_action_text=Report this,should_start_for_result=true,allow_pinning=true,skip_logging_in_target_handler=false,suggestion_action_rpc=2,}ParentID: null targetID: 3b821b62-00a0-4979-a021-12fc38363e81
06-25 11:58:39.044  1099  1099 D SearchTargetUtil: layoutType=short_icon_row resultType=131072 packageName=com.google.android.googlequicksearchbox extras=Bundle{suggestion_type=33,suggest_truncate_start=false,is_answer=false,is_entity=false,is_personal=false,suggest_raw_text=steam machine gaming console,group_id=web29298,response_id=e6fcc253-a2cc-495d-8eea-5809b2bf2aad,support_query_builder=false,} searchAction=steam machine gaming console searchActionExtras=Bundle{learn_more_url=https://support.google.com/websearch/answer/106230?hl=106230,suggestion_action_text=Report this,should_start_for_result=true,allow_pinning=true,skip_logging_in_target_handler=false,suggestion_action_rpc=2,}ParentID: null targetID: 8783209e-387a-460e-8e7b-13fe66c72cc8
06-25 11:58:39.044  1099  1099 D SearchTargetUtil: layoutType=short_icon_row resultType=131072 packageName=com.google.android.googlequicksearchbox extras=Bundle{suggestion_type=33,suggest_truncate_start=false,is_answer=false,is_entity=false,is_personal=false,suggest_raw_text=strawberry moon,group_id=web29298,response_id=e6fcc253-a2cc-495d-8eea-5809b2bf2aad,support_query_builder=false,} searchAction=strawberry moon searchActionExtras=Bundle{learn_more_url=https://support.google.com/websearch/answer/106230?hl=106230,suggestion_action_text=Report this,should_start_for_result=true,allow_pinning=true,skip_logging_in_target_handler=false,suggestion_action_rpc=2,}ParentID: null targetID: 65ccdc93-182d-4076-8a76-7e32f2c88fde
06-25 11:58:39.044  1099  1099 D SearchTargetUtil: layoutType=short_icon_row resultType=131072 packageName=com.google.android.googlequicksearchbox extras=Bundle{suggestion_type=33,suggest_truncate_start=false,is_answer=false,is_entity=false,is_personal=false,suggest_raw_text=dairy queen blizzards,group_id=web29298,response_id=e6fcc253-a2cc-495d-8eea-5809b2bf2aad,support_query_builder=false,} searchAction=dairy queen blizzards searchActionExtras=Bundle{learn_more_url=https://support.google.com/websearch/answer/106230?hl=106230,suggestion_action_text=Report this,should_start_for_result=true,allow_pinning=true,skip_logging_in_target_handler=false,suggestion_action_rpc=2,}ParentID: null targetID: d36e4e9f-ce9b-4508-8d4c-d05828a5c390
06-25 11:58:39.044  1099  1099 D SearchTargetUtil: layoutType=extra_tall_icon_row resultType=131072 packageName=com.google.android.googlequicksearchbox extras=Bundle{bitmap_url=data:image/jpeg;base64,/9j/4AAQSkZJRgABAQAAAQABAAD/2wCEAAkGBwgHBgkIBwgKCgkLDRYPDQwMDRsUFRAWIB0iIiAdHx8kKDQsJCYxJx8fLT0tMTU3Ojo6Iys/RD84QzQ5OjcBCgoKDQwNGg8PGjclHyU3Nzc3Nzc3Nzc3Nzc3Nzc3Nzc3Nzc3Nzc3Nzc3Nzc3Nzc3Nzc3Nzc3Nzc3Nzc3Nzc3N//AABEIADAAIAMBEQACEQEDEQH/xAAZAAADAQEBAAAAAAAAAAAAAAAEBQYDAgf/xAAuEAABAwMCBQIFBQEAAAAAAAABAgMRBAUSACEGEyIxQVFhMkJxgZEVJGOxwRT/xAAaAQACAwEBAAAAAAAAAAAAAAADBAABBQIG/8QALREAAQQBAQYFAwUAAAAAAAAAAQACAxEEIQUSMUFhcRNRgdHwIpGhMkKxwfH/2gAMAwEAAhEDEQA/APTWkctso+KfKtyPvoqz2ihS6CB6alq91T3FtfU29dEaZRSkqUtUfPEdJ9tzpDOnfFulvzot3YuDFleKJBrQA6XevpSztN1dreJKlsOFVKUqCEeBiQAR9d/zqochz8lzf2+yvM2fHDs2KSvrJ19QTXpoqBNW2HQhwFOQJTsTMesDbSuPtzEmc8XuhvM8+yzn4UjQOZK6Na1zeW2CogBStiNj6SN9TJ25iQ7hB3g48Ry78+auPDkdfKlL8dPV6qqzIpGC5QPuK5ropVPFCik4bAgjI7Sdh3M6bniZlRg7x3eOn8pnCkdj7zmD6uHp/qFsorG+O6ihZYV+nNNZqe/5ijFWfSjMmFymFSIjt4OuMbEbGd9pPb55I+VkvljIeOHA/PMJpfrZcDf7aqgqAuiA/cMKeUyZBBCxiIUBChgdj521cmFhg+J4YDu3zXqksd0pNWSFlYrbdk8V1ztc8gW3A8il56nclFUlw5DoEbYAwJ22E6keFhPJeYwXHormfK01eidcSpcaoBUU7imnEKCQtCcilJBmE+fG3mNHnjc9oDPMfa9V3gUXuBF6FCcJLrXg6q4ureWlIwW4hKVQSflTsn6d/XVxxlrnXw5fb3RMxtQsJFFEcU07dTbg2tlt2T8C1lAXG8EjcachBN1xWLO8M3S46WseDKYUtA410nEpxKUwIMnYeNEyWBu6Ah4krpC8lMr2nKgj+RP+6VW3s41KeyFsA63jjEgf2dRMbS/Q3v8A0kvFF8XT3EUzdShppjlByRtmvIjMyISQExOxJIg+LBpAwoYXMJlrXQX8/KCpuMG6YLQ3cLe4s5KIW4MoT2k5epHjz7au75pobPxbsO/IWlVxilbaEv1FuDLieY24pyAoAE5DqmO/2999VSJHiwxOtruPUcE14UuTlwqHlMpaLDcodWidliNu/v8AjfyNRL5/h+GKdZvp7Iy+JcqKAsMvlhbpCA5jlj5+GRI2giRsTuNGjbdrzz5dwtvt9wpmk4VfqVlX6pTYNrBIVbjkerLvzvbzoz5Hsq6XMRikur07Kgorc3ZOHKW306ypNPikrAIzMGTBJP2kwIGkWtLRRNrawn+LMb8kRalOZPZqKu0En666CNtLdEbaHNf/2Q==,suggestion_type=33,suggest_truncate_start=false,is_answer=false,is_entity=true,is_personal=false,suggest_raw_text=the powerpuff girls,group_id=web29298,response_id=e6fcc253-a2cc-495d-8eea-5809b2bf2aad,support_query_builder=false,} searchAction=The Powerpuff Girls searchActionExtras=Bundle{learn_more_url=https://support.google.com/websearch/answer/106230?hl=106230,suggestion_action_text=Report this,should_start_for_result=true,allow_pinning=true,skip_logging_in_target_handler=false,suggestion_action_rpc=2,}ParentID: null targetID: a6a1f1ee-e74c-4417-8757-399f6ae2ee31
06-25 11:58:39.044  1099  1099 D SearchTargetUtil: layoutType=extra_tall_icon_row resultType=131072 packageName=com.google.android.googlequicksearchbox extras=Bundle{bitmap_url=data:image/png;base64,iVBORw0KGgoAAAANSUhEUgAAADAAAAAwCAMAAABg3Am1AAAApVBMVEX///8OM4bMNDMALoQAJoEAKYIAEnzKIiEAGH0AHn8AGn4ALIMAD3vHAADJHhzIEQ8AI4DLLi3wz8/5+vzy9PjTWlnO0+LLKinJGBbVYWDCyNvn6vGpr8qUnsDqurrQTEvaeXk+VJaCjrbX2ubcgYG4vtQhP4x3hLBse6szTJJIXJrmqKj88/Ptw8MqRY/jnJz13d1gcKVSZZ/fjY3OQD/Wamn46Oj3E/WzAAADaUlEQVRIia1W16KqQAwMuFSRprKIgoi9IPb//7SbLQh6POXh5gVWZjaTbDYR4H9Yfx4lSTTv/w28XK9007Is29SP6+Q30nxjWlpHkdbRLGs9/gE+vjia8maacx58h0+d7jucU/TJZ/E7q5FCfJ800uzLJzmKVNO19O06nUzS9Vb3JUdbfZE1JuJbR98tn5kZLGem+LmrvDH6ivhgzea4OoTZfp+F7EO0FUK7x1fCTujh4WVDzzXQXG+U8VTwT+T8kh++TYfg9hk1AlVa4KolOrG4d7OVq7Ej8HhGo1htWxDneJq2cN+EceH51+dwuFH1zegUffANtU2Nn/O1jS5vUg01XNegDSP1GcKpq2TDIu7OUA+V8EUWhlnuimUP4ziyMEghU2pKQZnQ71V1rq8eW7JUJRxDxO9LlqLuDkDoMU5NNsJY9Ur+xl3YUaPIWkLm8v1beICyJ/Aw8RtNK0bW+zBkHowKXqymj3WW+BlXKl8PHhcE4e12qqYqqFO0Ck5DfNwPYlufJ5XFo60hZIroAnXHp6vRgx46DHqH3FCHbq+CMzsrnSU2YjGTFDKDOciQ6J6u1AOPXh9u/LjTO7BCLFikNivNhBH8CewZwQ0bghoYwQ3uBnUD9QEp+YlQCQJFwinP7wGmoiFE9rsko1xwSdUJJVWLCgwkcEkmI4zfgn70gtigAQs6oL3D3TWmNN7LoAfPtG4BZFqhGqGFMGWPPYTD4Wi0OIDS1AY/deSO2MHRt4M7vBzcjr+vmTr/WRphG7/3HuKFFzhGCnWa2KmrvPrcFiPzAlmLq1bx9fkN1CMoZXlfpY5HHrNLyjZIOKYj9+GaWNi5vEDxfZ9l1SiWFwgZvAtJRXUPsHA5ldcywC5D6+s6BCjEFX12gTPvSk7UMBozEL/UldYNRRuIXmXhOeZe0IYH3hVrQRefW8NlImKy0Ed5i59eaDxF/YnA68t2vi+iVTosrDKPY+yVbuzmLEGFwPsbeLGVmCXWMWGrU5llJT+yRPFFw9++4mGgCEbHPE6eU22crmzR1bXjl+k4WBExPDq+vjoXaVqcledA8WefpulF9FzG6WqEaM3A0zcf4CxX5pcZyvNvLT/jUdbGIV/gTvHTcB8XxCbNYCd2N/12StcWFTNfN23850B2afQbutY2R/t167/ZP+VsSISOLOe/AAAAAElFTkSuQmCC,suggestion_type=33,suggest_truncate_start=false,is_answer=false,is_entity=true,is_personal=false,suggest_raw_text=chicago cubs baseball,group_id=web29298,response_id=e6fcc253-a2cc-495d-8eea-5809b2bf2aad,support_query_builder=false,} searchAction=Chicago Cubs searchActionExtras=Bundle{learn_more_url=https://support.google.com/websearch/answer/106230?hl=106230,suggestion_action_text=Report this,should_start_for_result=true,allow_pinning=true,skip_logging_in_target_handler=false,suggestion_action_rpc=2,}ParentID: null targetID: 3f24c9f2-3e94-43b3-9248-0c084b7a293c
06-25 11:58:39.047  1472  1472 I DeviceModeUtil: DeviceModeUtil.getDeviceMode():122 Get device mode phone by ui mode:1 and smallestScreenWidthDp:320
06-25 11:58:39.048   831   865 V WindowManagerShell: Track 0 became idle
06-25 11:58:39.048  1472  1472 I KeyboardModeManager: KeyboardModeManager.setInputView():364 setInputView() : supportsOneHandedMode=true
06-25 11:58:39.049  1472  1472 I AndroidIME: KeyboardViewManager.updateKeyboardBackgroundFrameVisibility():357 Set background frame visibility. old:8, new:8
06-25 11:58:39.049  1472  1472 I NormalModeController: NormalModeController.getKeyboardBodyViewHolderPaddingBottom():116 currentPrimeKeyboardType:SOFT systemPaddingBottom:-1
06-25 11:58:39.049  1472  1472 I NormalModeController: NormalModeController.getKeyboardBodyViewHolderPaddingBottom():116 currentPrimeKeyboardType:SOFT systemPaddingBottom:-1
06-25 11:58:39.050   401   401 E BpTransactionCompletedListener: Failed to transact (-32)
06-25 11:58:39.055  1472  1472 I KeyboardModeManager: KeyboardModeManager.setInputView():356 setInputView() : entry=hwn{languageTag=en-US, variant=qwerty, hasLocalizedResources=true, conditionCacheKey=_device=phone_device_size=default_enable_adaptive_text_editing=true_enable_inline_suggestions_on_client_side=false_enable_large_tablet_batch_1=false_enable_large_tablet_batch_2=false_enable_more_candidates_view_for_multilingual=false_enable_nav_redesign=false_enable_number_row=false_enable_preemptive_decode=true_enable_secondary_symbols=false_expressions=normal_four_or_more_letter_rows=false_keyboard_mode=normal_language=en-US_orientation=portrait_physical_keyboard=qwerty_show_secondary_digits=true_show_suggestions=true_split_with_duplicate_keys=true_variant=qwerty, imeDef.stringId=ime_english_united_states, imeDef.className=com.google.android.apps.inputmethod.libs.latin5.LatinIme, imeDef.languageTag=en-US}
06-25 11:58:39.058   831   865 V WindowManagerShell: All active transition animations finished
06-25 11:58:39.058   831   865 W Looper  : Slow dispatch took 46ms wmshell.main h=android.os.Handler c=com.android.wm.shell.transition.DefaultTransitionHandler$$ExternalSyntheticLambda0@dc64cdc m=0
06-25 11:58:39.058   831   865 W Looper  : Slow delivery took 47ms wmshell.main h=android.os.Handler c=com.android.wm.shell.common.DisplayInsetsController$PerDisplay$DisplayWindowInsetsControllerImpl$$ExternalSyntheticLambda1@701f1e5 m=0
06-25 11:58:39.059   831   865 W Looper  : Drained
06-25 11:58:39.062  5470  5535 I AlarmManager: setExactAndAllowWhileIdle [name: GCM_HB_ALARM type: 2 triggerAtMillis: 638375]
06-25 11:58:39.065  5557  5557 W ProviderHelper: Unknown dynamite feature providerinstaller.dynamite
06-25 11:58:39.065  5557  5557 I DynamiteModule: Considering local module com.google.android.gms.providerinstaller.dynamite:1 and remote module com.google.android.gms.providerinstaller.dynamite:0
06-25 11:58:39.065  5557  5557 I DynamiteModule: Selected local version of com.google.android.gms.providerinstaller.dynamite
06-25 11:58:39.068  5557  5557 V NativeCrypto: Registering com/google/android/gms/org/conscrypt/NativeCrypto's 295 native methods...
06-25 11:58:39.075  5557  5557 I ProviderInstaller: Installed default security provider GmsCore_OpenSSL
06-25 11:58:39.078  5470  5537 W ctxmgr  : [FencePendingIntentCache]persistState called before cache is initialized. [CONTEXT service_id=47 ]
06-25 11:58:39.087  5557  5557 D CompatibilityChangeReporter: Compat change id reported: 183155436; UID 10132; state: ENABLED
06-25 11:58:39.087  5557  5557 I GmsApplication: [gms_startup_benchmark] Static start time (ms): 78299, Startup latency (ms): 102, Is system user: true
06-25 11:58:39.087  5557  5557 I cuir    : Primes not initialized, returning default (no-op) Primes instance which will ignore all calls. Please call Primes.initialize(...) before using any Primes API.
06-25 11:58:39.087   518   934 I ActivityManager: Flag disabled. Ignoring finishAttachApplication from uid: 10132. pid: 5557
06-25 11:58:39.090  5557  5613 I Watchcat: Started
06-25 11:58:39.091  5557  5613 I GMS_MM_Logger: Start time: 83179
06-25 11:58:39.091  5557  5613 I GMS_MM_Logger: Started.
06-25 11:58:39.095  5470  5535 I AlarmManager: setExactAndAllowWhileIdle [name: GCM_HB_ALARM type: 2 triggerAtMillis: 638408]
06-25 11:58:39.095  5557  5557 I NearbySharing: SharingTileService created. [CONTEXT service_id=194 ]
06-25 11:58:39.098  5557  5616 I NearbySharing: Create pesudo logger. [CONTEXT service_id=194 ]
06-25 11:58:39.106  5557  5557 D BoundBrokerSvc: onBind: Intent { act=com.google.android.gms.wallet.service.BIND pkg=com.google.android.gms }
06-25 11:58:39.106  5557  5557 D BoundBrokerSvc: Loading bound service for intent: Intent { act=com.google.android.gms.wallet.service.BIND pkg=com.google.android.gms }
06-25 11:58:39.110  5557  5587 I DynamiteModule: Considering local module com.google.android.gms.googlecertificates:7 and remote module com.google.android.gms.googlecertificates:7
06-25 11:58:39.110  5557  5587 I DynamiteModule: Selected local version of com.google.android.gms.googlecertificates
06-25 11:58:39.122  5470  5537 D CompatibilityChangeReporter: Compat change id reported: 247079863; UID 10132; state: DISABLED
06-25 11:58:39.150  5470  5632 I NamespaceManager: Package com.android.refreshratecontrol name not found! Using module version.
06-25 11:58:39.151  5470  5632 I NamespaceManager: Package com.google.oslo name not found! Using module version.
06-25 11:58:39.151  5470  5632 I NamespaceManager: Package com.android.media name not found! Using module version.
06-25 11:58:39.152  5470  5632 I NamespaceManager: Package com.android.media.swcodec name not found! Using module version.
06-25 11:58:39.152  5470  5632 I NamespaceManager: Package com.android.neuralnetworks name not found! Using module version.
06-25 11:58:39.152  5470  5632 I NamespaceManager: Package com.android.media name not found! Using module version.
06-25 11:58:39.152  5470  5632 I NamespaceManager: Package 1 name not found! Using module version.
06-25 11:58:39.153  5470  5632 I NamespaceManager: Package rkpd name not found! Using module version.
06-25 11:58:39.153  5470  5632 I NamespaceManager: Package android.companion name not found! Using module version.
06-25 11:58:39.153  5470  5632 I NamespaceManager: Package com.google.android.aicore name not found! Using module version.
06-25 11:58:39.153  5470  5632 I NamespaceManager: Package com.google.android.audioproxy name not found! Using module version.
06-25 11:58:39.153  5470  5632 I NamespaceManager: Package com.google.android.apps.pixel.psi name not found! Using module version.
06-25 11:58:39.154  5470  5632 I NamespaceManager: Package com.google.android.apps.safetycore name not found! Using module version.
06-25 11:58:39.154  5470  5632 I NamespaceManager: Package com.google.android.crashrecovery name not found! Using module version.
06-25 11:58:39.154  5470  5632 I NamespaceManager: Package com.google.android.profiling name not found! Using module version.
06-25 11:58:39.154  5470  5632 I NamespaceManager: Package com.google.android.bt name not found! Using module version.
06-25 11:58:39.154  5470  5632 I NamespaceManager: Package com.google.android.nfcservices name not found! Using module version.
06-25 11:58:39.155  5470  5632 I NamespaceManager: Package com.google.android.webapp name not found! Using module version.
06-25 11:58:39.155  5470  5632 I NamespaceManager: Package com.google.android.telephonycore name not found! Using module version.
06-25 11:58:39.155  5470  5632 I NamespaceManager: Package com.google.android.uprobestats name not found! Using module version.
06-25 11:58:39.162  5557  5557 D BoundBrokerSvc: onBind: Intent { act=com.google.android.gms.languageprofile.service.START pkg=com.google.android.gms }
06-25 11:58:39.162  5557  5557 D BoundBrokerSvc: Loading bound service for intent: Intent { act=com.google.android.gms.languageprofile.service.START pkg=com.google.android.gms }
06-25 11:58:39.165  5470  5636 I NamespaceManager: Package com.android.refreshratecontrol name not found! Using module version.
06-25 11:58:39.165  5470  5636 I NamespaceManager: Package com.google.oslo name not found! Using module version.
06-25 11:58:39.166  5470  5636 I NamespaceManager: Package com.android.media name not found! Using module version.
06-25 11:58:39.166  5470  5636 I NamespaceManager: Package com.android.media.swcodec name not found! Using module version.
06-25 11:58:39.166  5470  5636 I NamespaceManager: Package com.android.neuralnetworks name not found! Using module version.
06-25 11:58:39.166  5470  5636 I NamespaceManager: Package com.android.media name not found! Using module version.
06-25 11:58:39.166  5470  5636 I NamespaceManager: Package 1 name not found! Using module version.
06-25 11:58:39.167  5470  5636 I NamespaceManager: Package rkpd name not found! Using module version.
06-25 11:58:39.167  5470  5636 I NamespaceManager: Package android.companion name not found! Using module version.
06-25 11:58:39.167  5470  5636 I NamespaceManager: Package com.google.android.aicore name not found! Using module version.
06-25 11:58:39.167  5470  5636 I NamespaceManager: Package com.google.android.audioproxy name not found! Using module version.
06-25 11:58:39.167  5470  5636 I NamespaceManager: Package com.google.android.apps.pixel.psi name not found! Using module version.
06-25 11:58:39.167  5470  5636 I NamespaceManager: Package com.google.android.apps.safetycore name not found! Using module version.
06-25 11:58:39.167  5470  5636 I NamespaceManager: Package com.google.android.crashrecovery name not found! Using module version.
06-25 11:58:39.168  5470  5636 I NamespaceManager: Package com.google.android.profiling name not found! Using module version.
06-25 11:58:39.168  5470  5636 I NamespaceManager: Package com.google.android.bt name not found! Using module version.
06-25 11:58:39.168  5470  5636 I NamespaceManager: Package com.google.android.nfcservices name not found! Using module version.
06-25 11:58:39.168  5470  5636 I NamespaceManager: Package com.google.android.webapp name not found! Using module version.
06-25 11:58:39.168  5470  5636 I NamespaceManager: Package com.google.android.telephonycore name not found! Using module version.
06-25 11:58:39.168  5470  5636 I NamespaceManager: Package com.google.android.uprobestats name not found! Using module version.
06-25 11:58:39.176  5557  5648 I Icing   : Storage manager: low false usage 1.57MB avail 4.78GB capacity 5.80GB
06-25 11:58:39.176  5557  5557 D BoundBrokerSvc: onBind: Intent { act=com.google.android.mobstore.service.START pkg=com.google.android.gms }
06-25 11:58:39.176  5557  5557 D BoundBrokerSvc: Loading bound service for intent: Intent { act=com.google.android.mobstore.service.START pkg=com.google.android.gms }
06-25 11:58:39.178  5023  5102 W Bugle   : TextClassifierLibManagerImpl: Reclaiming memory at level: 40
06-25 11:58:39.181  4922  4922 W rules.WifiRx: FenceState currentState is not true
06-25 11:58:39.184  5557  5557 D BoundBrokerSvc: onBind: Intent { act=com.google.android.gms.constellation.service.START pkg=com.google.android.gms }
06-25 11:58:39.184  5557  5557 D BoundBrokerSvc: Loading bound service for intent: Intent { act=com.google.android.gms.constellation.service.START pkg=com.google.android.gms }
06-25 11:58:39.186  5557  5557 D BoundBrokerSvc: onBind: Intent { act=com.google.android.gms.asterism.service.START pkg=com.google.android.gms }
06-25 11:58:39.186  5557  5557 D BoundBrokerSvc: Loading bound service for intent: Intent { act=com.google.android.gms.asterism.service.START pkg=com.google.android.gms }
06-25 11:58:39.187  5557  5557 D BoundBrokerSvc: onBind: Intent { act=com.google.android.gms.pay.service.BIND dat=chimera-action:/... cmp=com.google.android.gms/.chimera.GmsApiService }
06-25 11:58:39.187  5557  5557 D BoundBrokerSvc: Loading bound service for intent: Intent { act=com.google.android.gms.pay.service.BIND dat=chimera-action:/... cmp=com.google.android.gms/.chimera.GmsApiService }
06-25 11:58:39.192  4922  4922 W rules.WifiRx: FenceState currentState is not true
06-25 11:58:39.205  5470  5646 I AlarmManager: set [name: SystemMemoryCache type: 2 triggerAtMillis: 315360078519 windowMillis: -1 intervalMillis: 0]
06-25 11:58:39.215  5557  5648 I native  : I0000 00:00:1782388719.215476    5648 permission-checker.cc:82] Creating PermissionChecker based on ACL with config_version 1 having 10 permissions defined.
06-25 11:58:39.216  5557  5648 W native  : W0000 00:00:1782388719.216470    5648 words-map.cc:36] INVALID_ARGUMENT: Empty URI
06-25 11:58:39.216  5557  5648 W native  : W0000 00:00:1782388719.216506    5648 words-map.cc:40] WordsMap was not properly initialized
06-25 11:58:39.219  5470  5646 I Nearby  : is blocked device type false, isAuto=false, isIot=false, isLatchsky=false, isChinaWearable=false, isTv=false, isWearable=false (supportWearOs=false), isChromeOsDevice=false (supportChromeOs=false) [CONTEXT service_id=49 ]
06-25 11:58:39.227  5470  5646 I Nearby  : is blocked device type false, isAuto=false, isIot=false, isLatchsky=false, isChinaWearable=false, isTv=false, isWearable=false (supportWearOs=false), isChromeOsDevice=false (supportChromeOs=false) [CONTEXT service_id=49 ]
06-25 11:58:39.232  5557  5557 D CompatibilityChangeReporter: Compat change id reported: 263076149; UID 10132; state: DISABLED
06-25 11:58:39.236  5470  5470 I NearbyDiscovery: DiscoveryService created [CONTEXT service_id=265 ]
06-25 11:58:39.236  5557  5557 D BoundBrokerSvc: onBind: Intent { act=com.google.android.gms.chimera.container.moduleinstall.ModuleInstallService.START dat=chimera-action:/... cmp=com.google.android.gms/.chimera.GmsApiService }
06-25 11:58:39.236  5557  5557 D BoundBrokerSvc: Loading bound service for intent: Intent { act=com.google.android.gms.chimera.container.moduleinstall.ModuleInstallService.START dat=chimera-action:/... cmp=com.google.android.gms/.chimera.GmsApiService }
06-25 11:58:39.238  5557  5557 D BoundBrokerSvc: onBind: Intent { act=com.google.android.mobstore.service.START dat=chimera-action:/... cmp=com.google.android.gms/.chimera.GmsBoundBrokerService }
06-25 11:58:39.238  5557  5557 D BoundBrokerSvc: Loading bound service for intent: Intent { act=com.google.android.mobstore.service.START dat=chimera-action:/... cmp=com.google.android.gms/.chimera.GmsBoundBrokerService }
06-25 11:58:39.239  5557  5557 D BoundBrokerSvc: onBind: Intent { act=com.google.android.mdd.service.START dat=chimera-action:/... cmp=com.google.android.gms/.chimera.GmsBoundBrokerService }
06-25 11:58:39.239  5557  5557 D BoundBrokerSvc: Loading bound service for intent: Intent { act=com.google.android.mdd.service.START dat=chimera-action:/... cmp=com.google.android.gms/.chimera.GmsBoundBrokerService }
06-25 11:58:39.244  5470  5470 W ChimeraUtils: Module com.google.android.gms.nearby missing resource null(0)
06-25 11:58:39.249  5470  5470 W ChimeraUtils: Module com.google.android.gms.nearby missing resource null(0)
06-25 11:58:39.260  5557  5648 W Icing   : Package com.google.android.googlequicksearchbox targets Android P and isn't allowed to use AppDataSearch indexing API
06-25 11:58:39.277  5557  5648 W Icing   : Package com.google.android.gm targets Android P and isn't allowed to use AppDataSearch indexing API
06-25 11:58:39.282  5470  5535 I GCoreUlr: WorldUpdater received intent Intent { act=com.google.android.location.reporting.ACTION_UPDATE_WORLD cmp=com.google.android.gms/com.google.android.location.reporting.service.DispatchingService (has extras) } with receiverAction com.google.android.location.internal.server.ACTION_RESTARTED
06-25 11:58:39.289  5470  5535 I GCoreUlr: WorldUpdater:com.google.android.location.internal.server.ACTION_RESTARTED: Ensuring that reporting is stopped because of reasons: (no Google accounts)
06-25 11:58:39.293  5470  5535 I GCoreUlr: Unbound from all signal providers.
06-25 11:58:39.295  5470  5470 D BluetoothAdapter: registerBluetoothConnectionCallback()
06-25 11:58:39.296  5470  5535 I GCoreUlr: WorldUpdater received intent Intent { act=com.google.android.location.reporting.ACTION_UPDATE_WORLD cmp=com.google.android.gms/com.google.android.location.reporting.service.DispatchingService (has extras) } with receiverAction android.location.PROVIDERS_CHANGED
06-25 11:58:39.296  5470  5470 I NearbyShared: BTConnStateMgr: BluetoothConnectionCallback registered.
06-25 11:58:39.298  5470  5470 I NearbyFastPair: NearbyAppHelper: Check Mainline Tethering module version code. [CONTEXT service_id=265 ]
06-25 11:58:39.299  5470  5470 I NearbyFastPair: NearbyAppHelper: Tethering package version code: 340818080 [CONTEXT service_id=265 ]
06-25 11:58:39.300  5470  5535 I GCoreUlr: WorldUpdater:android.location.PROVIDERS_CHANGED: Ensuring that reporting is stopped because of reasons: (no Google accounts)
06-25 11:58:39.301  5470  5535 I GCoreUlr: Unbound from all signal providers.
06-25 11:58:39.308  5470  5563 I NearbyFastPair: DynamicSupportModule: onSupportStateUpdate start [CONTEXT service_id=265 ]
06-25 11:58:39.312  5470  5657 I NetworkScheduler.Stats: Task com.google.android.gms/com.google.android.gms.phenotype.service.sync.PhenotypeConfigurator started execution. cause:3 exec_start_elapsed_seconds: 78 [CONTEXT service_id=218 ]
06-25 11:58:39.312  5470  5657 I NetworkScheduler.Stats: Task com.google.android.gms/com.google.android.gms.clearcut.uploader.QosUploaderService started execution. cause:3 exec_start_elapsed_seconds: 78 [CONTEXT service_id=218 ]
06-25 11:58:39.313  5470  5655 I GCoreUlr: WorldUpdater received intent Intent { act=com.google.android.location.reporting.ACTION_UPDATE_WORLD cmp=com.google.android.gms/com.google.android.location.reporting.service.DispatchingService (has extras) } with receiverAction android.location.PROVIDERS_CHANGED
06-25 11:58:39.314  5470  5655 I GCoreUlr: WorldUpdater:android.location.PROVIDERS_CHANGED: Ensuring that reporting is stopped because of reasons: (no Google accounts)
06-25 11:58:39.319  5470  5655 I GCoreUlr: Unbound from all signal providers.
06-25 11:58:39.325  5470  5563 I NearbyFastPair: DynamicSupportModule: onSupportStateUpdate end [CONTEXT service_id=265 ]
06-25 11:58:39.325  5470  5563 I NearbyFastPair: DynamicSupportModule: onSupportStateUpdate start [CONTEXT service_id=265 ]
06-25 11:58:39.325  5470  5563 I NearbyFastPair: DynamicSupportModule: onSupportStateUpdate end [CONTEXT service_id=265 ]
06-25 11:58:39.325  5470  5535 I Nearby  : is blocked device type false, isAuto=false, isIot=false, isLatchsky=false, isChinaWearable=false, isTv=false, isWearable=false (supportWearOs=false), isChromeOsDevice=false (supportChromeOs=false) [CONTEXT service_id=49 ]
06-25 11:58:39.325  5470  5658 I NearbyDiscovery: FastPairScanner: isScreenOn=true, scanWithScreenOff=false, isLocationEnabled=true, disableLocationRequirement=true, isDiscoveryScanningEnabled=true, during24GhzWifiWarmingUpPeriod=false [CONTEXT service_id=265 ]
06-25 11:58:39.327  5470  5535 I Nearby  : is blocked device type false, isAuto=false, isIot=false, isLatchsky=false, isChinaWearable=false, isTv=false, isWearable=false (supportWearOs=false), isChromeOsDevice=false (supportChromeOs=false) [CONTEXT service_id=49 ]
06-25 11:58:39.327  5470  5658 D BluetoothAdapter: isLeEnabled(): ON
06-25 11:58:39.327  5557  5648 I Icing   : updateResources: need to parse arkh{com.google.android.gms}
06-25 11:58:39.327  5557  5557 D BoundBrokerSvc: onBind: Intent { act=com.google.android.gms.findmydevice.spot.service.management.START dat=chimera-action:/... cmp=com.google.android.gms/.chimera.GmsApiService }
06-25 11:58:39.327  5557  5557 D BoundBrokerSvc: Loading bound service for intent: Intent { act=com.google.android.gms.findmydevice.spot.service.management.START dat=chimera-action:/... cmp=com.google.android.gms/.chimera.GmsApiService }
06-25 11:58:39.329  5470  5658 I NearbyDiscovery: FastPairScanner: eventType=SERVICE_INITIALIZE, intReq=false, scanning=false, scanAllowed=true, bleEnabled=true, bleScanAvailable=false, lockScanRate=false, startScanningByLowPowerMode=false [CONTEXT service_id=265 ]
06-25 11:58:39.330  5470  5658 I NearbyDiscovery: FastPairScanner: register location ble observer [CONTEXT service_id=265 ]
06-25 11:58:39.330  5470  5658 I NearbyDiscovery: FastPairScanner: isScreenOn=true, scanWithScreenOff=false, isLocationEnabled=true, disableLocationRequirement=true, isDiscoveryScanningEnabled=true, during24GhzWifiWarmingUpPeriod=false [CONTEXT service_id=265 ]
06-25 11:58:39.331  5470  5658 I NearbyDiscovery: FastPairScanner: isScreenOn=true, scanWithScreenOff=false, isLocationEnabled=true, disableLocationRequirement=true, isDiscoveryScanningEnabled=true, during24GhzWifiWarmingUpPeriod=false [CONTEXT service_id=265 ]
06-25 11:58:39.331  5470  5658 I NearbyDiscovery: FastPairScanner: Start scanning internally in LOW_LATENCY_SCANNING [CONTEXT service_id=265 ]
06-25 11:58:39.331  5470  5658 D BluetoothAdapter: isLeEnabled(): ON
06-25 11:58:39.333  5470  5470 D BoundBrokerSvc: onBind: Intent { act=com.google.android.gms.icing.LIGHTWEIGHT_INDEX_SERVICE dat=chimera-action:/... cmp=com.google.android.gms/.chimera.PersistentApiService }
06-25 11:58:39.333  5470  5470 D BoundBrokerSvc: Loading bound service for intent: Intent { act=com.google.android.gms.icing.LIGHTWEIGHT_INDEX_SERVICE dat=chimera-action:/... cmp=com.google.android.gms/.chimera.PersistentApiService }
06-25 11:58:39.334  3987  4284 D BtGatt.GattService: registerScanner() - UUID=fb27da9b-4fde-46ec-816c-58081cd808f6
06-25 11:58:39.335  3987  4284 I bt_stack: [INFO:le_scanning_manager.cc(155)] RegisterScanner in shim layer
06-25 11:58:39.335  3987  4123 D BtGatt.GattService: onScannerRegistered() - UUID=fb27da9b-4fde-46ec-816c-58081cd808f6, scannerId=3, status=0
06-25 11:58:39.335  5470  5483 D BluetoothLeScanner: onScannerRegistered() - status=0 scannerId=3 mScannerId=0
06-25 11:58:39.338  3987  4284 D BtGatt.GattService: start scan with filters
06-25 11:58:39.339  3987  4284 D BtGatt.GattService: enforcePrivilegedPermissionIfNeeded([BluetoothLeScanFilter [mDeviceName=null, mDeviceAddress=null, mUuid=null, mUuidMask=null, mServiceSolicitationUuid=null, mServiceSolicitationUuidMask=null, mServiceDataUuid=0000fff6-0000-1000-8000-00805f9b34fb, mServiceData=[0], mServiceDataMask=[0], mManufacturerId=-1, mManufacturerData=null, mManufacturerDataMask=null, mAdvertisingDataType=-1, mAdvertisingData=null, mAdvertisingDataMask=null, mTransportBlockFilter=null], BluetoothLeScanFilter [mDeviceName=null, mDeviceAddress=null, mUuid=null, mUuidMask=null, mServiceSolicitationUuid=null, mServiceSolicitationUuidMask=null, mServiceDataUuid=0000fe2c-0000-1000-8000-00805f9b34fb, mServiceData=[0], mServiceDataMask=[0], mManufacturerId=-1, mManufacturerData=null, mManufacturerDataMask=null, mAdvertisingDataType=-1, mAdvertisingData=null, mAdvertisingDataMask=null, mTransportBlockFilter=null]])
06-25 11:58:39.339  3987  4284 D BtGatt.ScanManager: startScan()  [ScanClient scanModeApp 2 scanModeUsed 2 [appScanStats com.google.uid.shared:10132]]
06-25 11:58:39.339  3987  4284 D ActivityAttributionService: notifyActivityAttributionInfo UID=1002 packageName=com.google.android.bluetooth deviceAddress=no_active_device_address
06-25 11:58:39.339  3987  4284 I bt_btif : packages/modules/Bluetooth/system/btif/src/bluetooth.cc:829 get_profile_interface: get_profile_interface: id = activity_attribution
06-25 11:58:39.339  3987  4159 D BtGatt.ScanManager: handling starting scan
06-25 11:58:39.339  3987  4159 I bt_stack: [INFO:le_scanning_manager.cc(268)] ScanFilterEnable in shim layer
06-25 11:58:39.340  3987  4123 D BtGatt.GattService: onScanFilterEnableDisabled() - clientIf=3, status=0, action=1
06-25 11:58:39.340  3987  4123 D BtGatt.ScanManager: callback done for scannerId - 3 status - 0
06-25 11:58:39.340  3987  4159 I bt_stack: [INFO:le_scanning_manager.cc(243)] ScanFilterAdd in shim layer
06-25 11:58:39.341  3987  4123 D BtGatt.GattService: onScanFilterConfig() - clientIf=3, action = 0 status = 0, filterType=0, availableSpace=0
06-25 11:58:39.341  3987  4123 D BtGatt.ScanManager: callback done for scannerId - 3 status - 0
06-25 11:58:39.341  3987  4159 D BtGatt.ScanManager: configureFilterParamter 500 10000 1 0
06-25 11:58:39.341  3987  4159 I bt_stack: [INFO:le_scanning_manager.cc(204)] ScanFilterParamSetup in shim layer
06-25 11:58:39.342  3987  4113 I bluetooth: packages/modules/Bluetooth/system/gd/hci/le_scanning_manager.cc:1369 on_advertising_filter_complete: Got a Command complete LE_ADV_FILTER, status UNKNOWN_CONNECTION
06-25 11:58:39.343  3987  4123 D BtGatt.GattService: onScanFilterParamsConfigured() - clientIf=3, status=0, action=0, availableSpace=0
06-25 11:58:39.343  3987  4123 D BtGatt.ScanManager: callback done for scannerId - 3 status - 0
06-25 11:58:39.343  3987  4159 I bt_stack: [INFO:le_scanning_manager.cc(243)] ScanFilterAdd in shim layer
06-25 11:58:39.343  3987  4123 D BtGatt.GattService: onScanFilterConfig() - clientIf=3, action = 0 status = 0, filterType=0, availableSpace=0
06-25 11:58:39.344  3987  4123 D BtGatt.ScanManager: callback done for scannerId - 3 status - 0
06-25 11:58:39.344  3987  4159 D BtGatt.ScanManager: configureFilterParamter 500 10000 1 0
06-25 11:58:39.344  3987  4159 I bt_stack: [INFO:le_scanning_manager.cc(204)] ScanFilterParamSetup in shim layer
06-25 11:58:39.344  3987  4113 I bluetooth: packages/modules/Bluetooth/system/gd/hci/le_scanning_manager.cc:1369 on_advertising_filter_complete: Got a Command complete LE_ADV_FILTER, status UNKNOWN_CONNECTION
06-25 11:58:39.345  3987  4123 D BtGatt.GattService: onScanFilterParamsConfigured() - clientIf=3, status=0, action=0, availableSpace=0
06-25 11:58:39.345  3987  4123 D BtGatt.ScanManager: callback done for scannerId - 3 status - 0
06-25 11:58:39.340  5470  5658 I NearbyDiscovery: FastPairScanner: Starting LOW_LATENCY_SCANNING scan for 6 seconds [CONTEXT service_id=265 ]
06-25 11:58:39.346  5470  5658 I NearbyDiscovery: OffloadFastPairScanner: Starts to obtain nearby nano app version. [CONTEXT service_id=265 ]
06-25 11:58:39.345  3987  4159 D BtGatt.ScanManager: configureRegularScanParams() - queue=3
06-25 11:58:39.346  3987  4159 D BtGatt.ScanManager: apply scan timeout (600000)to scannerId 3
06-25 11:58:39.346   518   903 V Binder  : BinderProxy map growth! bucket size = 20 total = 2703
06-25 11:58:39.347  5470  5658 W SystemServiceRegistry: No service published for: contexthub
06-25 11:58:39.347  5557  5557 D BoundBrokerSvc: onBind: Intent { act=com.google.android.gms.findmydevice.spot.service.locationreport.START dat=chimera-action:/... cmp=com.google.android.gms/.chimera.GmsApiService }
06-25 11:58:39.347  5557  5557 D BoundBrokerSvc: Loading bound service for intent: Intent { act=com.google.android.gms.findmydevice.spot.service.locationreport.START dat=chimera-action:/... cmp=com.google.android.gms/.chimera.GmsApiService }
06-25 11:58:39.350  5470  5658 I NearbyFastPair: NearbyAppHelper: Not supports because contextHubManager is null [CONTEXT service_id=265 ]
06-25 11:58:39.350   518   903 W ActivityManager: Unable to start service Intent { act=com.google.android.gms.home.service.START pkg=com.google.android.gms } U=0: not found
06-25 11:58:39.357   518  2228 W ActivityManager: Unbind failed: could not find connection for android.os.BinderProxy@ad7b5ac
06-25 11:58:39.361  5470  5504 W GmsClient: unable to connect to service: com.google.android.gms.home.service.START on com.google.android.gms
06-25 11:58:39.362  5470  5658 I NearbyDiscovery: OffloadFastPairScanner: Nano app version obtained, version = -1, total time = 17. [CONTEXT service_id=265 ]
06-25 11:58:39.365  5470  5658 I NearbyDiscovery: FastPair: HeadsetPieceImage, grant permission files:0 [CONTEXT service_id=265 ]
06-25 11:58:39.365  5470  5658 I NearbyDiscovery: FastPairController: Set event stream listener [CONTEXT service_id=265 ]
06-25 11:58:39.366  5470  5658 I NearbyDiscovery: FastPairController: Initialize event stream [CONTEXT service_id=265 ]
06-25 11:58:39.374   336  5692 I resolv  : GetAddrInfoHandler::run: {101 786533 101 983141 10132 0}
06-25 11:58:39.374  5470  5658 I Nearby  : is blocked device type false, isAuto=false, isIot=false, isLatchsky=false, isChinaWearable=false, isTv=false, isWearable=false (supportWearOs=false), isChromeOsDevice=false (supportChromeOs=false) [CONTEXT service_id=49 ]
06-25 11:58:39.377   336  5693 I resolv  : res_nmkquery: (QUERY, IN, AAAA)
06-25 11:58:39.377   336  5694 I resolv  : res_nmkquery: (QUERY, IN, A)
06-25 11:58:39.375  5470  5658 I NearbyDiscovery: DiscoveryController, showNotification, itemSize=0 [CONTEXT service_id=265 ]
06-25 11:58:39.378  5470  5470 I GCoreUlr: Unbound from all signal providers.
06-25 11:58:39.378  5470  5470 I GCoreUlr: Stopping handler for UlrDispSvcFast
06-25 11:58:39.378  5470  5553 I NearbySharing: A new client has bound to the NearbySharingService ClientBridge for calling package com.google.android.gms [CONTEXT service_id=194 ]
06-25 11:58:39.378  5470  5658 I NearbyDiscovery: Show notifications: 0 total, no changes since last shown, no-op. [CONTEXT service_id=265 ]
06-25 11:58:39.379  5470  5658 I NearbyDiscovery: OffloadFastPairScanner: Skipping start scanning, scanning not allowed now. [CONTEXT service_id=265 ]
06-25 11:58:39.384  5470  5655 W ctxmgr  : [NetworkStateProducer] No state change for network connection context [CONTEXT service_id=47 ]
06-25 11:58:39.397  5470  5498 I SemanticLocation: [MDD] ModelBundleMetadata: File not found [CONTEXT service_id=173 ]
06-25 11:58:39.397  5470  5498 I SemanticLocation: java.io.FileNotFoundException: /data/user/0/com.google.android.gms/files/model_bundle_metadata.pb: open failed: ENOENT (No such file or directory)
06-25 11:58:39.397  5470  5498 I SemanticLocation: 	at libcore.io.IoBridge.open(IoBridge.java:574)
06-25 11:58:39.397  5470  5498 I SemanticLocation: 	at java.io.FileInputStream.<init>(FileInputStream.java:160)
06-25 11:58:39.397  5470  5498 I SemanticLocation: 	at android.app.ContextImpl.openFileInput(ContextImpl.java:745)
06-25 11:58:39.397  5470  5498 I SemanticLocation: 	at android.content.ContextWrapper.openFileInput(ContextWrapper.java:249)
06-25 11:58:39.397  5470  5498 I SemanticLocation: 	at android.content.ContextWrapper.openFileInput(ContextWrapper.java:249)
06-25 11:58:39.397  5470  5498 I SemanticLocation: 	at android.content.ContextWrapper.openFileInput(ContextWrapper.java:249)
06-25 11:58:39.397  5470  5498 I SemanticLocation: 	at bzxt.h(:com.google.android.gms@231818047@23.18.18 (190800-535401451):1)
06-25 11:58:39.397  5470  5498 I SemanticLocation: 	at bzxd.c(:com.google.android.gms@231818047@23.18.18 (190800-535401451):9)
06-25 11:58:39.397  5470  5498 I SemanticLocation: 	at bzxd.<init>(:com.google.android.gms@231818047@23.18.18 (190800-535401451):0)
06-25 11:58:39.397  5470  5498 I SemanticLocation: 	at cadn.j(:com.google.android.gms@231818047@23.18.18 (190800-535401451):0)
06-25 11:58:39.397  5470  5498 I SemanticLocation: 	at cadn.h(:com.google.android.gms@231818047@23.18.18 (190800-535401451):36)
06-25 11:58:39.397  5470  5498 I SemanticLocation: 	at cadn.b(:com.google.android.gms@231818047@23.18.18 (190800-535401451):0)
06-25 11:58:39.397  5470  5498 I SemanticLocation: 	at com.google.android.gms.semanticlocation.service.SemanticLocationChimeraService.k(:com.google.android.gms@231818047@23.18.18 (190800-535401451):9)
06-25 11:58:39.397  5470  5498 I SemanticLocation: 	at com.google.android.gms.semanticlocation.service.SemanticLocationChimeraService.h(:com.google.android.gms@231818047@23.18.18 (190800-535401451):17)
06-25 11:58:39.397  5470  5498 I SemanticLocation: 	at cacs.run(:com.google.android.gms@231818047@23.18.18 (190800-535401451):68)
06-25 11:58:39.397  5470  5498 I SemanticLocation: 	at java.util.concurrent.Executors$RunnableAdapter.call(Executors.java:487)
06-25 11:58:39.397  5470  5498 I SemanticLocation: 	at java.util.concurrent.FutureTask.run(FutureTask.java:264)
06-25 11:58:39.397  5470  5498 I SemanticLocation: 	at aced.c(:com.google.android.gms@231818047@23.18.18 (190800-535401451):6)
06-25 11:58:39.397  5470  5498 I SemanticLocation: 	at aced.run(:com.google.android.gms@231818047@23.18.18 (190800-535401451):7)
06-25 11:58:39.397  5470  5498 I SemanticLocation: 	at java.util.concurrent.ThreadPoolExecutor.runWorker(ThreadPoolExecutor.java:1145)
06-25 11:58:39.397  5470  5498 I SemanticLocation: 	at java.util.concurrent.ThreadPoolExecutor$Worker.run(ThreadPoolExecutor.java:644)
06-25 11:58:39.397  5470  5498 I SemanticLocation: 	at acjn.run(:com.google.android.gms@231818047@23.18.18 (190800-535401451):0)
06-25 11:58:39.397  5470  5498 I SemanticLocation: 	at java.lang.Thread.run(Thread.java:1012)
06-25 11:58:39.397  5470  5498 I SemanticLocation: Caused by: android.system.ErrnoException: open failed: ENOENT (No such file or directory)
06-25 11:58:39.397  5470  5498 I SemanticLocation: 	at libcore.io.Linux.open(Native Method)
06-25 11:58:39.397  5470  5498 I SemanticLocation: 	at libcore.io.ForwardingOs.open(ForwardingOs.java:563)
06-25 11:58:39.397  5470  5498 I SemanticLocation: 	at libcore.io.BlockGuardOs.open(BlockGuardOs.java:274)
06-25 11:58:39.397  5470  5498 I SemanticLocation: 	at libcore.io.ForwardingOs.open(ForwardingOs.java:563)
06-25 11:58:39.397  5470  5498 I SemanticLocation: 	at android.app.ActivityThread$AndroidOs.open(ActivityThread.java:8063)
06-25 11:58:39.397  5470  5498 I SemanticLocation: 	at libcore.io.IoBridge.open(IoBridge.java:560)
06-25 11:58:39.397  5470  5498 I SemanticLocation: 	... 22 more
06-25 11:58:39.406  5470  5470 D BoundBrokerSvc: onBind: Intent { act=com.google.android.gms.clearcut.bootcount.service.START dat=chimera-action:/... cmp=com.google.android.gms/.chimera.PersistentBoundBrokerService }
06-25 11:58:39.406  5470  5470 D BoundBrokerSvc: Loading bound service for intent: Intent { act=com.google.android.gms.clearcut.bootcount.service.START dat=chimera-action:/... cmp=com.google.android.gms/.chimera.PersistentBoundBrokerService }
06-25 11:58:39.408  5470  5658 I NearbyDiscovery: FastPairHandler: Received action android.net.conn.CONNECTIVITY_CHANGE [CONTEXT service_id=265 ]
06-25 11:58:39.408  5470  5658 I NearbyDiscovery: FastPairHandler: Received action android.net.wifi.STATE_CHANGE [CONTEXT service_id=265 ]
06-25 11:58:39.410  5557  5668 I Auth    : [SupervisedAccountIntentOperation] onHandleIntent(): com.google.android.gms.chimera.container.CONTAINER_UPDATED
06-25 11:58:39.417  5557  5670 I BlockstoreModuleInit: Container update. Module updated: true [CONTEXT service_id=258 ]
06-25 11:58:39.418  5557  5668 I Auth    : [SupervisedAccountIntentOperation] onContainerUpdated
06-25 11:58:39.418  5557  5668 I Auth    : [SupervisedAccountIntentOperation] Skipping token refresh
06-25 11:58:39.421  5470  5470 W SystemServiceRegistry: No service published for: persistent_data_block
06-25 11:58:39.424  5557  5557 D BoundBrokerSvc: onBind: Intent { act=com.google.android.gms.feedback.internal.IFeedbackService dat=chimera-action:/... cmp=com.google.android.gms/.chimera.GmsBoundBrokerService }
06-25 11:58:39.424  5557  5557 D BoundBrokerSvc: Loading bound service for intent: Intent { act=com.google.android.gms.feedback.internal.IFeedbackService dat=chimera-action:/... cmp=com.google.android.gms/.chimera.GmsBoundBrokerService }
06-25 11:58:39.429  5557  5670 I CloudSyncBpTkSvc: scheduling a periodic backup task. [CONTEXT service_id=258 ]
06-25 11:58:39.429  5557  5614 I BlockstoreModuleInit: scheduleOneOffTaskIfAlreadyScheduled finished [CONTEXT service_id=258 ]
06-25 11:58:39.434  5557  5668 V Backup  : [CustomDownloadSchedulingIO] Received Action: com.google.android.gms.chimera.container.CONTAINER_UPDATED
06-25 11:58:39.434  5557  5668 V Backup  : [CustomDownloadSchedulingIO] listenToSetupWizardFinishedBroadcast or customBackupDownloadEnableSuwTriggerWithGmsUpdateCheck flag on
06-25 11:58:39.444  5557  5668 V Backup  : [ShowPhotosNotifIO] Flag not enabled; returning.
06-25 11:58:39.445  5557  5698 I BlockstoreModuleInit: cloudRestoreSourceId cleared [CONTEXT service_id=258 ]
06-25 11:58:39.454  5557  5669 I ChimeraConfigurator: Starting update, reason: 4 urgentFeatures: photopicker_activity:0, mlkit.ocr.common:1, vision.ocr:-1, tflite_dynamite:-1, maps_core:-1, mlkit.barcode.ui:0
06-25 11:58:39.454  5557  5673 V Backup  : [G1ModuleInitIntentOperation] Running restore operation is disabled by flag
06-25 11:58:39.454  5557  5668 V Backup  : [GsfHelper] backup_enabled:com.android.calllogbackup : fetched from GSF: 0
06-25 11:58:39.462  5557  5673 I SyncIntentOperation: Handling the intent: Intent { act=com.google.android.gms.chimera.container.CONTAINER_UPDATED pkg=com.google.android.gms cmp=com.google.android.gms/.chimera.GmsIntentOperationService }. [CONTEXT service_id=80 ]
06-25 11:58:39.469   336  5708 I resolv  : GetAddrInfoHandler::run: {101 786533 101 983141 10132 0}
06-25 11:58:39.471   336  5710 I resolv  : res_nmkquery: (QUERY, IN, A)
06-25 11:58:39.474  5557  5668 V Backup  : [GsfHelper] user_full_data_backup_aware : fetched from GSF: 0
06-25 11:58:39.474  5557  5668 I Backup  : [CallLogFlagSetter] Whitelisted for call log backup, but not enabling because user_full_data_backup_aware not set.
06-25 11:58:39.476  5557  5668 I AppDoctorManager: Updating appdoctor Uri Permissions. [CONTEXT service_id=256 ]
06-25 11:58:39.480   336  5709 I resolv  : res_nmkquery: (QUERY, IN, AAAA)
06-25 11:58:39.491  5557  5669 W ConfigFileUtils: Failed to read asset ChimeraModuleSetList.pb: java.io.FileNotFoundException: ChimeraModuleSetList.pb
06-25 11:58:39.500  5557  5557 D BoundBrokerSvc: onBind: Intent { act=com.google.android.gms.checkin.START pkg=com.google.android.gms }
06-25 11:58:39.500  5557  5557 D BoundBrokerSvc: Loading bound service for intent: Intent { act=com.google.android.gms.checkin.START pkg=com.google.android.gms }
06-25 11:58:39.507  5557  5557 D BoundBrokerSvc: onBind: Intent { act=com.google.android.gms.common.BIND_SHARED_PREFS pkg=com.google.android.gms }
06-25 11:58:39.508  5557  5557 D BoundBrokerSvc: Loading bound service for intent: Intent { act=com.google.android.gms.common.BIND_SHARED_PREFS pkg=com.google.android.gms }
06-25 11:58:39.509   336  5709 I resolv  : res_nsend: used send_dg 159 terrno: 0
06-25 11:58:39.509   336  5709 I resolv  : doQuery: rcode=0, ancount=4, return value=159
06-25 11:58:39.510   336  5710 I resolv  : res_nsend: used send_dg 111 terrno: 0
06-25 11:58:39.510   336  5694 I resolv  : res_nsend: used send_dg 292 terrno: 0
06-25 11:58:39.510   336  5710 I resolv  : doQuery: rcode=0, ancount=4, return value=111
06-25 11:58:39.510   336  5694 I resolv  : doQuery: rcode=0, ancount=16, return value=292
06-25 11:58:39.510   336  5693 I resolv  : res_nsend: used send_dg 148 terrno: 0
06-25 11:58:39.510   336  5693 I resolv  : doQuery: rcode=0, ancount=4, return value=148
06-25 11:58:39.514  5557  5616 I Icing   : IndexChimeraService.getServiceInterface callingPackage=com.google.android.gms componentName=null serviceId=30
06-25 11:58:39.518  5557  5701 D TrafficStats: tagSocket(113) with statsTag=0x107, statsUid=-1
06-25 11:58:39.519  5470  5535 I DynamiteModule: Considering local module com.google.android.gms.cronet_dynamite:0 and remote module com.google.android.gms.cronet_dynamite:2411
06-25 11:58:39.519  5470  5535 I DynamiteModule: Selected remote version of com.google.android.gms.cronet_dynamite, version >= 2411
06-25 11:58:39.522  5470  5537 I SemanticLocation: [MDD] ModelBundleMetadata: File not found [CONTEXT service_id=173 ]
06-25 11:58:39.522  5470  5537 I SemanticLocation: java.io.FileNotFoundException: /data/user/0/com.google.android.gms/files/model_bundle_metadata.pb: open failed: ENOENT (No such file or directory)
06-25 11:58:39.522  5470  5537 I SemanticLocation: 	at libcore.io.IoBridge.open(IoBridge.java:574)
