06-25 11:58:44.470  5470  5535 I NetworkScheduler.Stats: Task com.google.android.gms/com.google.android.gms.pay.gcmtask.PayGcmTaskService finished executing. cause:5 result: 1 elapsed_millis: 56 uptime_millis: 56 exec_start_elapsed_seconds: 83 [CONTEXT service_id=218 ]
06-25 11:58:44.479  5470  5537 I NetworkScheduler.Stats: Task com.google.android.gms/com.google.android.gms.gcm.gmsproc.GcmInGmsTaskService started execution. cause:5 exec_start_elapsed_seconds: 83 [CONTEXT service_id=218 ]
06-25 11:58:44.480  5557  5649 I GCM-GMS : Registering GMS for direct boot.
06-25 11:58:44.488   336  5894 I resolv  : GetAddrInfoHandler::run: {101 786533 101 983141 10132 0}
06-25 11:58:44.488   336  5895 I resolv  : res_nmkquery: (QUERY, IN, AAAA)
06-25 11:58:44.489   336  5896 I resolv  : res_nmkquery: (QUERY, IN, A)
06-25 11:58:44.517  5557  5557 D BoundBrokerSvc: onUnbind: Intent { act=com.google.android.gms.findmydevice.spot.service.management.START dat=chimera-action:/... cmp=com.google.android.gms/.chimera.GmsApiService }
06-25 11:58:44.518  5557  5557 D BoundBrokerSvc: onUnbind: Intent { act=com.google.android.gms.findmydevice.spot.service.locationreport.START dat=chimera-action:/... cmp=com.google.android.gms/.chimera.GmsApiService }
06-25 11:58:44.645   336   378 I netd    : setProcSysNet(4, 2, wlan0, retrans_time_ms, 750) <0.09ms>
06-25 11:58:44.646   336   378 I netd    : setProcSysNet(4, 2, wlan0, ucast_solicit, 10) <0.02ms>
06-25 11:58:44.646   336   378 I netd    : setProcSysNet(6, 2, wlan0, retrans_time_ms, 750) <0.03ms>
06-25 11:58:44.646   336   378 I netd    : setProcSysNet(6, 2, wlan0, ucast_solicit, 10) <0.02ms>
06-25 11:58:44.747  1677  1677 V ContactsProvider: Scheduled notifyChange started.
06-25 11:58:44.748  3987  3987 D BluetoothPbapService:  onChange on contact uri 
06-25 11:58:44.749  5557  5582 D CompatibilityChangeReporter: Compat change id reported: 150939131; UID 10132; state: ENABLED
06-25 11:58:44.753  3987  5897 D BluetoothPbapUtils: primaryVersionCounter = 0, secondaryVersionCounter=0
06-25 11:58:44.820   336  5896 I resolv  : res_nsend: used send_dg 161 terrno: 0
06-25 11:58:44.820   336  5896 I resolv  : doQuery: rcode=0, ancount=7, return value=161
06-25 11:58:44.820   336  5895 I resolv  : res_nsend: used send_dg 273 terrno: 0
06-25 11:58:44.820   336  5895 I resolv  : doQuery: rcode=0, ancount=5, return value=273
06-25 11:58:44.822  5470  5734 D TrafficStats: tagSocket(190) with statsTag=0x407, statsUid=-1
06-25 11:58:44.823  5470  5734 D TrafficStats: tagSocket(190) with statsTag=0x407, statsUid=-1
06-25 11:58:44.824  5470  5734 D TrafficStats: tagSocket(190) with statsTag=0x407, statsUid=-1
06-25 11:58:44.827  5470  5734 D TrafficStats: tagSocket(190) with statsTag=0x407, statsUid=-1
06-25 11:58:44.830  5470  5495 I NearbySharing: FastInitiation warming period has ended [CONTEXT service_id=194 ]
06-25 11:58:44.831  5470  5734 D TrafficStats: tagSocket(190) with statsTag=0x407, statsUid=-1
06-25 11:58:44.893  5869  5869 I AccessibilityNodeInfoDumper: Skipping invisible child: android.view.accessibility.AccessibilityNodeInfo@17b1e; boundsInParent: Rect(0, 0 - 0, 19); boundsInScreen: Rect(31, 66 - 31, 80); boundsInWindow: Rect(31, 66 - 31, 80); packageName: com.google.android.apps.nexuslauncher; className: android.widget.TextView; text: null; error: null; maxTextLength: -1; stateDescription: null; contentDescription: null; tooltipText: null; containerTitle: null; viewIdResName: com.google.android.apps.nexuslauncher:id/subtitle_text; uniqueId: null; checkable: false; checked: false; focusable: true; focused: false; selected: false; clickable: true; longClickable: false; contextClickable: false; enabled: true; password: false; scrollable: false; importantForAccessibility: true; visible: false; actions: [AccessibilityAction: ACTION_FOCUS - null, AccessibilityAction: ACTION_SELECT - null, AccessibilityAction: ACTION_CLEAR_SELECTION - null, AccessibilityAction: ACTION_CLICK - null, AccessibilityAction: ACTION_ACCESSIBILITY_FOCUS - null, AccessibilityAction: ACTION_SHOW_ON_SCREEN - null]; isTextSelectable: false
06-25 11:58:44.894  5869  5869 W AccessibilityNodeInfoDumper: Fetch time: 3ms
06-25 11:58:44.900   518  2263 W WindowMagnificationMgr: requestConnection duplicated request: connect=false, mConnectionState=DISCONNECTED
06-25 11:58:44.900   518  2263 D AccessibilityManagerService: restoreCurrentUserForTestAutomationIfNeededLocked(): ignoring because device doesn't support visible background users
06-25 11:58:44.900  1571  1683 I AiAiEcho: Settings changed for uri: content://settings/secure/accessibility_enabled
06-25 11:58:44.901  5869  5869 D AndroidRuntime: Shutting down VM
06-25 11:58:44.903  1571  1768 I AiAiEcho: Predicting[0]: 
06-25 11:58:44.903  1571  1768 I AiAiEcho: EchoTargets: 
06-25 11:58:44.903  1571  1768 I AiAiEcho: Filtered by AiAi flag check: 
06-25 11:58:44.903  1571  1768 I AiAiEcho: Ranked targets strategy: SORT, count: 0, ranking metadata: 
06-25 11:58:44.903  1571  1768 I AiAiEcho: Predicting[0]: 
06-25 11:58:44.903  1571  1768 I AiAiEcho: EchoTargets: 
06-25 11:58:44.903  1571  1768 I AiAiEcho: Filtered by AiAi flag check: 
06-25 11:58:44.903  1571  1768 I AiAiEcho: Ranked targets strategy: SORT, count: 0, ranking metadata: 
06-25 11:58:44.904  1571  1768 I AiAiEcho: #postPredictionTargets: Sending updates to UISurface lockscreen with targets# 0 (types=[])
06-25 11:58:44.905  1571  1768 I AiAiEcho: #postPredictionTargets: Sending updates to UISurface home with targets# 0 (types=[])
06-25 11:58:44.907   831   831 W PageIndicator: Total number of pages invalid: 0. Assuming 1 page.
06-25 11:58:44.907  2859  2943 I A       : NGA enabled in interactor.
06-25 11:58:44.907  2859  2943 I A       : Nga state changed to NgaStateDetails{state=ENABLED, isSpecialExperience=false}
06-25 11:58:44.908   518   518 D BatterySaverPolicy: accessibility changed to false, updating policy.
06-25 11:58:44.911  1593  2079 I A       : on opa visibility changed false
06-25 11:58:44.912  1593  3323 I A       : Initializing all components
06-25 11:58:44.912  1593  3323 I A       : APA or Classic session decision: SessionDecision(sessionVariance=CLASSIC, platformVariance=CLASSIC, justification=CURRENT_PLATFORM_VARIANCE).
06-25 11:58:44.912  1593  3323 I A       : [Memory] eligibility: StashEligibility{6}
06-25 11:58:44.913  1593  2079 I A       : onIsEnabledChanged, isEnabled: false
06-25 11:58:44.913  1593  2079 W A       : Disposing empty manager. Did you forgot to subscribe observables?
06-25 11:58:44.913  1593  2079 W A       : Disposing empty manager. Did you forgot to subscribe observables?
06-25 11:58:44.913  1593  2079 W A       : Disposing empty manager. Did you forgot to subscribe observables?
06-25 11:58:44.913  1593  2079 W A       : Disposing empty manager. Did you forgot to subscribe observables?
06-25 11:58:44.913  1593  2079 W A       : Disposing empty manager. Did you forgot to subscribe observables?
06-25 11:58:44.913  1593  2079 W A       : Disposing empty manager. Did you forgot to subscribe observables?
06-25 11:58:44.913  1593  2079 W A       : Disposing empty manager. Did you forgot to subscribe observables?
06-25 11:58:44.913  1593  2079 W A       : Disposing empty manager. Did you forgot to subscribe observables?
06-25 11:58:44.914  1593  2079 W A       : Disposing empty manager. Did you forgot to subscribe observables?
06-25 11:58:44.914  1593  2079 W A       : Disposing empty manager. Did you forgot to subscribe observables?
06-25 11:58:44.914  1593  2079 I A       : onOpaVisibilityChanged: false
06-25 11:58:44.914  1593  2079 W A       : Disposing empty manager. Did you forgot to subscribe observables?
06-25 11:58:44.914  1593  2079 W A       : Disposing empty manager. Did you forgot to subscribe observables?
06-25 11:58:44.914  1593  2079 W A       : Disposing empty manager. Did you forgot to subscribe observables?
06-25 11:58:44.914  1593  2079 W A       : Disposing empty manager. Did you forgot to subscribe observables?
06-25 11:58:44.914  1593  2079 W A       : Disposing empty manager. Did you forgot to subscribe observables?
06-25 11:58:44.914  1593  2079 W A       : Disposing empty manager. Did you forgot to subscribe observables?
06-25 11:58:44.914  1593  2079 I A       : Setting session to type: NO_SESSION
06-25 11:58:44.914  1593  2079 W A       : Disposing empty manager. Did you forgot to subscribe observables?
06-25 11:58:44.914  1593  2079 W A       : Disposing empty manager. Did you forgot to subscribe observables?
06-25 11:58:44.914  1593  2079 W A       : Disposing empty manager. Did you forgot to subscribe observables?
06-25 11:58:44.914  1593  2079 W A       : Disposing empty manager. Did you forgot to subscribe observables?
06-25 11:58:44.914  1593  2079 W A       : Disposing empty manager. Did you forgot to subscribe observables?
06-25 11:58:44.914  1593  2079 W A       : Disposing empty manager. Did you forgot to subscribe observables?
06-25 11:58:44.914  1593  2079 W A       : Disposing empty manager. Did you forgot to subscribe observables?
06-25 11:58:44.914  1593  2079 W A       : Disposing empty manager. Did you forgot to subscribe observables?
06-25 11:58:44.914  1593  2079 I A       : setNavBarVisible: GestureNavBarVisible{navbarVisible=true}
06-25 11:58:44.914  1593  2079 W A       : Disposing empty manager. Did you forgot to subscribe observables?
06-25 11:58:44.915  1593  2079 W A       : Disposing empty manager. Did you forgot to subscribe observables?
06-25 11:58:44.915  1593  2079 W A       : Disposing empty manager. Did you forgot to subscribe observables?
06-25 11:58:44.915  1593  2079 W A       : Disposing empty manager. Did you forgot to subscribe observables?
06-25 11:58:44.915  1593  2079 W A       : Disposing empty manager. Did you forgot to subscribe observables?
06-25 11:58:44.915  1593  2079 W A       : Disposing empty manager. Did you forgot to subscribe observables?
06-25 11:58:44.915  1593  2079 I A       : onDisabled. Registered: false
06-25 11:58:44.915  1593  2079 I A       : on opa visibility changed false
06-25 11:58:44.916  1593  2089 I A       : State changed: IDLE => IDLE by NGA_STATE_CHANGED and N/A with Optional.empty
06-25 11:58:44.916  1593  2089 I A       : Recognizer choice: (recognizer_type: 1, recognizer_mode: 1, choice_reason: 4)
06-25 11:58:44.918  5470  5549 I Nearby  : [MBleClient] Start ble scanning from NearbyDirect:BluetoothAdapterWrapper, context tag = nearby_messages [CONTEXT service_id=49 ]
06-25 11:58:44.918  5470  5549 D BluetoothAdapter: isLeEnabled(): ON
06-25 11:58:44.919  3987  4216 D BtGatt.GattService: stopScan() - queue size =3
06-25 11:58:44.919  3987  4216 D ActivityAttributionService: notifyActivityAttributionInfo UID=1002 packageName=com.google.android.bluetooth deviceAddress=no_active_device_address
06-25 11:58:44.920  3987  4216 I bt_btif : packages/modules/Bluetooth/system/btif/src/bluetooth.cc:829 get_profile_interface: get_profile_interface: id = activity_attribution
06-25 11:58:44.920  3987  4159 D BtGatt.ScanManager: handling stopping scan  [ScanClient scanModeApp 2 scanModeUsed 2 [appScanStats com.google.uid.shared:10132]]
06-25 11:58:44.920  3987  4159 I bt_stack: [INFO:le_scanning_manager.cc(204)] ScanFilterParamSetup in shim layer
06-25 11:58:44.922  3987  4216 D BtGatt.GattService: unregisterScanner() - scannerId=2
06-25 11:58:44.922  3987  4216 I bt_stack: [INFO:le_scanning_manager.cc(162)] Unregister in shim layer, scanner_id:2
06-25 11:58:44.922  3987  4123 D BtGatt.GattService: onScanFilterParamsConfigured() - clientIf=2, status=0, action=0, availableSpace=0
06-25 11:58:44.922  3987  4123 D BtGatt.ScanManager: callback done for scannerId - 2 status - 0
06-25 11:58:44.922  3987  4159 I bt_stack: [INFO:le_scanning_manager.cc(204)] ScanFilterParamSetup in shim layer
06-25 11:58:44.922  5470  5549 I Nearby  : [MBleClient] M hardware scan: 1 clients, scanMode= OPPORTUNISTIC, filters size = 5 [CONTEXT service_id=49 ]
06-25 11:58:44.922  5470  5549 D BluetoothAdapter: isLeEnabled(): ON
06-25 11:58:44.923  3987  4123 D BtGatt.GattService: onScanFilterParamsConfigured() - clientIf=2, status=0, action=0, availableSpace=0
06-25 11:58:44.923  3987  4123 D BtGatt.ScanManager: callback done for scannerId - 2 status - 0
06-25 11:58:44.923  1593  2089 I A       : onActiveStateChangeEvent: IDLE => IDLE
06-25 11:58:44.924  1593  2089 I A       : #onActiveStateChangeEvent, newState: IDLE, previousState: IDLE.
06-25 11:58:44.924  3987  4159 I bt_stack: [INFO:le_scanning_manager.cc(204)] ScanFilterParamSetup in shim layer
06-25 11:58:44.924  3987  4123 D BtGatt.GattService: onScanFilterParamsConfigured() - clientIf=2, status=0, action=0, availableSpace=0
06-25 11:58:44.924  3987  4123 D BtGatt.ScanManager: callback done for scannerId - 2 status - 0
06-25 11:58:44.925  3987  4159 I bt_stack: [INFO:le_scanning_manager.cc(204)] ScanFilterParamSetup in shim layer
06-25 11:58:44.925  3987  4123 D BtGatt.GattService: onScanFilterParamsConfigured() - clientIf=2, status=0, action=0, availableSpace=0
06-25 11:58:44.925  3987  4123 D BtGatt.ScanManager: callback done for scannerId - 2 status - 0
06-25 11:58:44.925  3987  4159 I bt_stack: [INFO:le_scanning_manager.cc(204)] ScanFilterParamSetup in shim layer
06-25 11:58:44.925  3987  4123 D BtGatt.GattService: onScanFilterParamsConfigured() - clientIf=2, status=0, action=0, availableSpace=0
06-25 11:58:44.925  3987  4123 D BtGatt.ScanManager: callback done for scannerId - 2 status - 0
06-25 11:58:44.925  3987  4159 D BtGatt.ScanManager: configureRegularScanParams() - queue=2
06-25 11:58:44.925  3987  4216 D BtGatt.GattService: registerScanner() - UUID=1cf1a659-375a-4760-8470-ba72cde30a58
06-25 11:58:44.925  3987  4216 I bt_stack: [INFO:le_scanning_manager.cc(155)] RegisterScanner in shim layer
06-25 11:58:44.926  3987  4123 D BtGatt.GattService: onScannerRegistered() - UUID=1cf1a659-375a-4760-8470-ba72cde30a58, scannerId=2, status=0
06-25 11:58:44.926  5470  5480 D BluetoothLeScanner: onScannerRegistered() - status=0 scannerId=2 mScannerId=0
06-25 11:58:44.926  3987  4284 D BtGatt.GattService: start scan with filters
06-25 11:58:44.926  3987  4284 D BtGatt.GattService: enforcePrivilegedPermissionIfNeeded([BluetoothLeScanFilter [mDeviceName=null, mDeviceAddress=null, mUuid=null, mUuidMask=null, mServiceSolicitationUuid=null, mServiceSolicitationUuidMask=null, mServiceDataUuid=null, mServiceData=null, mServiceDataMask=null, mManufacturerId=224, mManufacturerData=[0, 0, 0], mManufacturerDataMask=[0, 0, -1], mAdvertisingDataType=-1, mAdvertisingData=null, mAdvertisingDataMask=null, mTransportBlockFilter=null], BluetoothLeScanFilter [mDeviceName=null, mDeviceAddress=null, mUuid=0000fef3-0000-1000-8000-00805f9b34fb, mUuidMask=null, mServiceSolicitationUuid=null, mServiceSolicitationUuidMask=null, mServiceDataUuid=null, mServiceData=null, mServiceDataMask=null, mManufacturerId=-1, mManufacturerData=null, mManufacturerDataMask=null, mAdvertisingDataType=-1, mAdvertisingData=null, mAdvertisingDataMask=null, mTransportBlockFilter=null], BluetoothLeScanFilter [mDeviceName=null, mDeviceAddress=null, mUuid=0000feaa-0000-1000-8000-00805f9b34fb, mUuidMask=null, mServiceSolicitationUuid=null, mServiceSolicitationUuidMask=null, mServiceDataUuid=null, mServiceData=null, mServiceDataMask=null, mManufacturerId=-1, mManufacturerData=null, mManufacturerDataMask=null, mAdvertisingDataType=-1, mAdvertisingData=null, mAdvertisingDataMask=null, mTransportBlockFilter=null], BluetoothLeScanFilter [mDeviceName=null, mDeviceAddress=null, mUuid=0000fea0-0000-1000-8000-00805f9b34fb, mUuidMask=null, mServiceSolicitationUuid=null, mServiceSolicitationUuidMask=null, mServiceDataUuid=null, mServiceData=null, mServiceDataMask=null, mManufacturerId=-1, mManufacturerData=null, mManufacturerDataMask=null, mAdvertisingDataType=-1, mAdvertisingData=null, mAdvertisingDataMask=null, mTransportBlockFilter=null], BluetoothLeScanFilter [mDeviceName=null, mDeviceAddress=null, mUuid=null, mUuidMask=null, mServiceSolicitationUuid=null, mServiceSolicitationUuidMask=null, mServiceDataUuid=null, mServiceData=null, mServiceDataMask=null, mManufacturerId=76, mManufacturerData=[2, 21], mManufacturerDataMask=[-1, -1], mAdvertisingDataType=-1, mAdvertisingData=null, mAdvertisingDataMask=null, mTransportBlockFilter=null]])
06-25 11:58:44.927  1593  2079 I NgaEntryPointEventSendr: setupConnection
06-25 11:58:44.928  3987  4284 D BtGatt.ScanManager: startScan()  [ScanClient scanModeApp -1 scanModeUsed -1 [appScanStats com.google.uid.shared:10132]]
06-25 11:58:44.928  3987  4284 D ActivityAttributionService: notifyActivityAttributionInfo UID=1002 packageName=com.google.android.bluetooth deviceAddress=no_active_device_address
06-25 11:58:44.928  3987  4284 I bt_btif : packages/modules/Bluetooth/system/btif/src/bluetooth.cc:829 get_profile_interface: get_profile_interface: id = activity_attribution
06-25 11:58:44.928  3987  4159 D BtGatt.ScanManager: handling starting scan
06-25 11:58:44.929  2859  2859 I A       : Creating pss binder().
06-25 11:58:44.930  1593  2079 I NgaEntryPointEventSendr: State changed: Disconnected => Connecting
06-25 11:58:44.930  1593  2079 I NgaEntryPointEventSendr: onServiceConnected
06-25 11:58:44.931  2859  3317 I A       : Calling beginBinderSession().
06-25 11:58:44.931  2859  3317 I A       : beginBinderSession(): calling binder
06-25 11:58:44.932  1593  2079 I NgaEntryPointEventSendr: State changed: Connecting => Ready
06-25 11:58:44.932  1593  2079 I A       : stopListening(NGA_PAUSED_UNKNOWN_REASON, NGA_CREATE), idleOverride=NOT_LISTENING
06-25 11:58:44.933  1593  2089 I A       : Initialize
06-25 11:58:44.937   518  2986 W ActivityManager: Unable to start service Intent { cmp=com.google.android.apps.tachyon/.clientapi.ClientApiService } U=0: not found
06-25 11:58:44.942  1593  2079 I A       : Successfully initialized all components
06-25 11:58:44.950  1593  2089 I NgaEntryPointEventSendr: State changed: Ready => Disconnected (onOpaDisconnected)
06-25 11:58:44.951  2859  2972 W A       : UiCallbackStub-onGenericEvent[ServiceEvent = 60] task was not run. Callback from Service received after client was disposed.
06-25 11:58:44.951  2859  3859 I PBSessionCacheImpl: Deleted sessionId[12575797363922182] from persistence.
06-25 11:58:44.952  2859  2972 W SearchServiceCore: Abort, client detached.
06-25 11:58:45.106  5557  5649 I GCM-GMS : Got GMS direct boot token.
06-25 11:58:45.110  5470  5509 I NetworkScheduler.Stats: Task com.google.android.gms/com.google.android.gms.gcm.gmsproc.GcmInGmsTaskService finished executing. cause:5 result: 1 elapsed_millis: 633 uptime_millis: 633 exec_start_elapsed_seconds: 83 [CONTEXT service_id=218 ]
06-25 11:58:45.125  5470  5535 I NetworkScheduler.Stats: Task com.google.android.gms/com.google.android.gms.icing.proxy.IcingInternalCorporaUpdateService started execution. cause:5 exec_start_elapsed_seconds: 84 [CONTEXT service_id=218 ]
06-25 11:58:45.128  5470  5509 I NetworkScheduler.Stats: Task com.google.android.gms/com.google.android.gms.icing.proxy.IcingInternalCorporaUpdateService finished executing. cause:5 result: 1 elapsed_millis: 9 uptime_millis: 9 exec_start_elapsed_seconds: 84 [CONTEXT service_id=218 ]
06-25 11:58:45.147  5470  5535 I NetworkScheduler.Stats: Task com.google.android.gms/com.google.android.gms.languageprofile.GcmTaskService started execution. cause:5 exec_start_elapsed_seconds: 84 [CONTEXT service_id=218 ]
06-25 11:58:45.204  5470  5509 I NetworkScheduler.Stats: Task com.google.android.gms/com.google.android.gms.languageprofile.GcmTaskService finished executing. cause:5 result: 1 elapsed_millis: 66 uptime_millis: 66 exec_start_elapsed_seconds: 84 [CONTEXT service_id=218 ]
06-25 11:58:45.223  5470  5535 I NetworkScheduler.Stats: Task com.google.android.gms/com.google.android.gms.clearcut.uploader.QosUploaderService started execution. cause:5 exec_start_elapsed_seconds: 84 [CONTEXT service_id=218 ]
06-25 11:58:45.228  5470  5509 I NetworkScheduler.Stats: Task com.google.android.gms/com.google.android.gms.clearcut.uploader.QosUploaderService finished executing. cause:5 result: 1 elapsed_millis: 12 uptime_millis: 12 exec_start_elapsed_seconds: 84 [CONTEXT service_id=218 ]
06-25 11:58:45.240  5470  5537 I NetworkScheduler.Stats: Task com.google.android.gms/com.google.android.gms.tapandpay.gcmtask.TapAndPayGcmTaskService started execution. cause:5 exec_start_elapsed_seconds: 84 [CONTEXT service_id=218 ]
06-25 11:58:45.240  5470  5535 V NFC     : this device does not have NFC support
06-25 11:58:45.241  5470  5535 W TapAndPay: NfcAdapter is null while obtaining CardEmulation instance. [CONTEXT service_id=79 ]
06-25 11:58:45.241  5470  5535 W TapAndPay: java.lang.NullPointerException: NfcAdapter is null
06-25 11:58:45.241  5470  5535 W TapAndPay: 	at android.nfc.cardemulation.CardEmulation.getInstance(CardEmulation.java:152)
06-25 11:58:45.241  5470  5535 W TapAndPay: 	at cdoy.<init>(:com.google.android.gms@231818047@23.18.18 (190800-535401451):0)
06-25 11:58:45.241  5470  5535 W TapAndPay: 	at com.google.android.gms.tapandpay.hce.task.TapAndPayAidRegistrationTaskOperation.a(:com.google.android.gms@231818047@23.18.18 (190800-535401451):5)
06-25 11:58:45.241  5470  5535 W TapAndPay: 	at com.google.android.gms.tapandpay.gcmtask.TapAndPayGcmTaskChimeraService.a(:com.google.android.gms@231818047@23.18.18 (190800-535401451):4)
06-25 11:58:45.241  5470  5535 W TapAndPay: 	at avzs.call(:com.google.android.gms@231818047@23.18.18 (190800-535401451):4)
06-25 11:58:45.241  5470  5535 W TapAndPay: 	at java.util.concurrent.FutureTask.run(FutureTask.java:264)
06-25 11:58:45.241  5470  5535 W TapAndPay: 	at aced.c(:com.google.android.gms@231818047@23.18.18 (190800-535401451):6)
06-25 11:58:45.241  5470  5535 W TapAndPay: 	at aced.run(:com.google.android.gms@231818047@23.18.18 (190800-535401451):7)
06-25 11:58:45.241  5470  5535 W TapAndPay: 	at java.util.concurrent.ThreadPoolExecutor.runWorker(ThreadPoolExecutor.java:1145)
06-25 11:58:45.241  5470  5535 W TapAndPay: 	at java.util.concurrent.ThreadPoolExecutor$Worker.run(ThreadPoolExecutor.java:644)
06-25 11:58:45.241  5470  5535 W TapAndPay: 	at acjn.run(:com.google.android.gms@231818047@23.18.18 (190800-535401451):0)
06-25 11:58:45.241  5470  5535 W TapAndPay: 	at java.lang.Thread.run(Thread.java:1012)
06-25 11:58:45.245  5470  5535 I NetworkScheduler.Stats: Task com.google.android.gms/com.google.android.gms.tapandpay.gcmtask.TapAndPayGcmTaskService finished executing. cause:5 result: 3 elapsed_millis: 9 uptime_millis: 9 exec_start_elapsed_seconds: 84 [CONTEXT service_id=218 ]
06-25 11:58:45.257  5470  5537 I NetworkScheduler.Stats: Task com.google.android.gms/com.google.android.gms.tapandpay.gcmtask.TapAndPayGcmTaskService started execution. cause:5 exec_start_elapsed_seconds: 84 [CONTEXT service_id=218 ]
06-25 11:58:45.258  5470  5535 W .gms.persistent: Accessing hidden method Landroid/net/ConnectivityManager;->isNetworkSupported(I)Z (max-target-p, reflection, denied)
06-25 11:58:45.259  5470  5535 I NetworkScheduler.Stats: Task com.google.android.gms/com.google.android.gms.tapandpay.gcmtask.TapAndPayGcmTaskService finished executing. cause:5 result: 1 elapsed_millis: 6 uptime_millis: 6 exec_start_elapsed_seconds: 84 [CONTEXT service_id=218 ]
06-25 11:58:45.274  5470  5537 I NetworkScheduler.Stats: Task com.google.android.gms/com.google.android.gms.tapandpay.gcmtask.TapAndPayGcmTaskService started execution. cause:5 exec_start_elapsed_seconds: 84 [CONTEXT service_id=218 ]
06-25 11:58:45.275  5470  5537 I NetworkScheduler.Stats: Task com.google.android.gms/com.google.android.gms.tapandpay.gcmtask.TapAndPayGcmTaskService finished executing. cause:5 result: 1 elapsed_millis: 6 uptime_millis: 6 exec_start_elapsed_seconds: 84 [CONTEXT service_id=218 ]
06-25 11:58:45.285  5470  5535 I NetworkScheduler.Stats: Task com.google.android.gms/com.google.android.gms.tapandpay.gcmtask.TapAndPayGcmTaskService started execution. cause:5 exec_start_elapsed_seconds: 84 [CONTEXT service_id=218 ]
06-25 11:58:45.291  5470  5535 I NetworkScheduler.Stats: Task com.google.android.gms/com.google.android.gms.tapandpay.gcmtask.TapAndPayGcmTaskService finished executing. cause:5 result: 1 elapsed_millis: 9 uptime_millis: 9 exec_start_elapsed_seconds: 84 [CONTEXT service_id=218 ]
06-25 11:58:45.301  5470  5537 I NetworkScheduler.Stats: Task com.google.android.gms/com.google.android.gms.tapandpay.gcmtask.TapAndPayGcmTaskService started execution. cause:5 exec_start_elapsed_seconds: 84 [CONTEXT service_id=218 ]
06-25 11:58:45.302  5470  5509 W ChimeraUtils: Module com.google.android.gms.tapandpay missing resource null(0)
06-25 11:58:45.308   518   537 D OomAdjuster: Not killing cached processes
06-25 11:58:45.311  5557  5649 E Pay     : [SeTosMigration] payCapabilities gating flag: enabled [CONTEXT service_id=198 ]
06-25 11:58:45.312  5557  5649 E Pay     : [SeTosMigration] payCapabilities RoW use_wallet: true, use_wallet_jp: false [CONTEXT service_id=198 ]
06-25 11:58:45.312  5470  5509 I NetworkScheduler.Stats: Task com.google.android.gms/com.google.android.gms.tapandpay.gcmtask.TapAndPayGcmTaskService finished executing. cause:5 result: 1 elapsed_millis: 13 uptime_millis: 13 exec_start_elapsed_seconds: 84 [CONTEXT service_id=218 ]
06-25 11:58:45.366  5470  5658 I NearbyDiscovery: FastPairScanner: isScreenOn=true, scanWithScreenOff=false, isLocationEnabled=true, disableLocationRequirement=true, isDiscoveryScanningEnabled=true, during24GhzWifiWarmingUpPeriod=false [CONTEXT service_id=265 ]
06-25 11:58:45.366  5470  5658 D BluetoothAdapter: isLeEnabled(): ON
06-25 11:58:45.366  5470  5658 I NearbyDiscovery: FastPairScanner: eventType=INTERNAL_DOWNGRADE_SCAN, intReq=true, scanning=true, scanAllowed=true, bleEnabled=true, bleScanAvailable=false, lockScanRate=false, startScanningByLowPowerMode=false [CONTEXT service_id=265 ]
06-25 11:58:45.366  5470  5658 I NearbyDiscovery: FastPairScanner: Stopping scan [CONTEXT service_id=265 ]
06-25 11:58:45.366  5470  5658 D BluetoothAdapter: isLeEnabled(): ON
06-25 11:58:45.366  3987  4216 D BtGatt.GattService: stopScan() - queue size =3
06-25 11:58:45.367  3987  4216 D ActivityAttributionService: notifyActivityAttributionInfo UID=1002 packageName=com.google.android.bluetooth deviceAddress=no_active_device_address
06-25 11:58:45.367  3987  4216 I bt_btif : packages/modules/Bluetooth/system/btif/src/bluetooth.cc:829 get_profile_interface: get_profile_interface: id = activity_attribution
06-25 11:58:45.367  3987  4159 D BtGatt.ScanManager: handling stopping scan  [ScanClient scanModeApp 2 scanModeUsed 2 [appScanStats com.google.uid.shared:10132]]
06-25 11:58:45.367  3987  4159 D BtGatt.ScanManager: stop gattClientScanNative
06-25 11:58:45.367  3987  4159 I bt_stack: [INFO:le_scanning_manager.cc(168)] Scan in shim layer stopped
06-25 11:58:45.367  3987  4113 I bluetooth: packages/modules/Bluetooth/system/gd/hci/le_address_manager.cc:193 unregister_client: Client unregistered
06-25 11:58:45.367  3987  4113 I bluetooth: packages/modules/Bluetooth/system/gd/hci/le_address_manager.cc:197 unregister_client: Cancelled address rotation alarm
06-25 11:58:45.367  3987  4159 I bt_stack: [INFO:le_scanning_manager.cc(204)] ScanFilterParamSetup in shim layer
06-25 11:58:45.368  3987  4123 D BtGatt.GattService: onScanFilterParamsConfigured() - clientIf=3, status=0, action=0, availableSpace=0
06-25 11:58:45.368  3987  4123 D BtGatt.ScanManager: callback done for scannerId - 3 status - 0
06-25 11:58:45.368  3987  4159 I bt_stack: [INFO:le_scanning_manager.cc(204)] ScanFilterParamSetup in shim layer
06-25 11:58:45.368  3987  4123 D BtGatt.GattService: onScanFilterParamsConfigured() - clientIf=3, status=0, action=0, availableSpace=0
06-25 11:58:45.368  3987  4123 D BtGatt.ScanManager: callback done for scannerId - 3 status - 0
06-25 11:58:45.368  3987  4159 D BtGatt.ScanManager: configureRegularScanParams() - queue=2
06-25 11:58:45.368  3987  4159 D BtGatt.ScanManager: configureRegularScanParams() - queue empty, scan stopped
06-25 11:58:45.369  3987  4216 D BtGatt.GattService: unregisterScanner() - scannerId=3
06-25 11:58:45.369  3987  4216 I bt_stack: [INFO:le_scanning_manager.cc(162)] Unregister in shim layer, scanner_id:3
06-25 11:58:45.369  5470  5658 I NearbyDiscovery: FastPairScanner: isScreenOn=true, scanWithScreenOff=false, isLocationEnabled=true, disableLocationRequirement=true, isDiscoveryScanningEnabled=true, during24GhzWifiWarmingUpPeriod=false [CONTEXT service_id=265 ]
06-25 11:58:45.370  5470  5658 I NearbyDiscovery: FastPairScanner: Start scanning internally in LOW_POWER_SCANNING [CONTEXT service_id=265 ]
06-25 11:58:45.370  5470  5658 D BluetoothAdapter: isLeEnabled(): ON
06-25 11:58:45.371  3987  4216 D BtGatt.GattService: registerScanner() - UUID=225656a7-da00-4859-9df5-87949d19187e
06-25 11:58:45.371  3987  4216 I bt_stack: [INFO:le_scanning_manager.cc(155)] RegisterScanner in shim layer
06-25 11:58:45.371  3987  4123 D BtGatt.GattService: onScannerRegistered() - UUID=225656a7-da00-4859-9df5-87949d19187e, scannerId=3, status=0
06-25 11:58:45.371  5470  5553 D BluetoothLeScanner: onScannerRegistered() - status=0 scannerId=3 mScannerId=0
06-25 11:58:45.371  3987  4216 D BtGatt.GattService: start scan with filters
06-25 11:58:45.371  3987  4216 D BtGatt.GattService: enforcePrivilegedPermissionIfNeeded([BluetoothLeScanFilter [mDeviceName=null, mDeviceAddress=null, mUuid=null, mUuidMask=null, mServiceSolicitationUuid=null, mServiceSolicitationUuidMask=null, mServiceDataUuid=0000fff6-0000-1000-8000-00805f9b34fb, mServiceData=[0], mServiceDataMask=[0], mManufacturerId=-1, mManufacturerData=null, mManufacturerDataMask=null, mAdvertisingDataType=-1, mAdvertisingData=null, mAdvertisingDataMask=null, mTransportBlockFilter=null], BluetoothLeScanFilter [mDeviceName=null, mDeviceAddress=null, mUuid=null, mUuidMask=null, mServiceSolicitationUuid=null, mServiceSolicitationUuidMask=null, mServiceDataUuid=0000fe2c-0000-1000-8000-00805f9b34fb, mServiceData=[0], mServiceDataMask=[0], mManufacturerId=-1, mManufacturerData=null, mManufacturerDataMask=null, mAdvertisingDataType=-1, mAdvertisingData=null, mAdvertisingDataMask=null, mTransportBlockFilter=null]])
06-25 11:58:45.372  3987  4216 D BtGatt.ScanManager: startScan()  [ScanClient scanModeApp 1 scanModeUsed 1 [appScanStats com.google.uid.shared:10132]]
06-25 11:58:45.372  3987  4216 D ActivityAttributionService: notifyActivityAttributionInfo UID=1002 packageName=com.google.android.bluetooth deviceAddress=no_active_device_address
06-25 11:58:45.372  3987  4216 I bt_btif : packages/modules/Bluetooth/system/btif/src/bluetooth.cc:829 get_profile_interface: get_profile_interface: id = activity_attribution
06-25 11:58:45.372  3987  4159 D BtGatt.ScanManager: handling starting scan
06-25 11:58:45.372  3987  4159 I bt_stack: [INFO:le_scanning_manager.cc(268)] ScanFilterEnable in shim layer
06-25 11:58:45.372  3987  4123 D BtGatt.GattService: onScanFilterEnableDisabled() - clientIf=3, status=0, action=1
06-25 11:58:45.372  3987  4123 D BtGatt.ScanManager: callback done for scannerId - 3 status - 0
06-25 11:58:45.372  3987  4159 I bt_stack: [INFO:le_scanning_manager.cc(243)] ScanFilterAdd in shim layer
06-25 11:58:45.372  3987  4123 D BtGatt.GattService: onScanFilterConfig() - clientIf=3, action = 0 status = 0, filterType=0, availableSpace=0
06-25 11:58:45.372  3987  4123 D BtGatt.ScanManager: callback done for scannerId - 3 status - 0
06-25 11:58:45.372  3987  4159 D BtGatt.ScanManager: configureFilterParamter 500 10000 1 0
06-25 11:58:45.372  3987  4159 I bt_stack: [INFO:le_scanning_manager.cc(204)] ScanFilterParamSetup in shim layer
06-25 11:58:45.372  3987  4123 D BtGatt.GattService: onScanFilterParamsConfigured() - clientIf=3, status=0, action=0, availableSpace=0
06-25 11:58:45.372  3987  4123 D BtGatt.ScanManager: callback done for scannerId - 3 status - 0
06-25 11:58:45.372  3987  4159 I bt_stack: [INFO:le_scanning_manager.cc(243)] ScanFilterAdd in shim layer
06-25 11:58:45.372  3987  4123 D BtGatt.GattService: onScanFilterConfig() - clientIf=3, action = 0 status = 0, filterType=0, availableSpace=0
06-25 11:58:45.373  3987  4123 D BtGatt.ScanManager: callback done for scannerId - 3 status - 0
06-25 11:58:45.373  3987  4159 D BtGatt.ScanManager: configureFilterParamter 500 10000 1 0
06-25 11:58:45.373  3987  4159 I bt_stack: [INFO:le_scanning_manager.cc(204)] ScanFilterParamSetup in shim layer
06-25 11:58:45.373  3987  4123 D BtGatt.GattService: onScanFilterParamsConfigured() - clientIf=3, status=0, action=0, availableSpace=0
06-25 11:58:45.373  3987  4123 D BtGatt.ScanManager: callback done for scannerId - 3 status - 0
06-25 11:58:45.373  3987  4159 D BtGatt.ScanManager: start gattClientScanNative from startRegularScan()
06-25 11:58:45.373  3987  4159 I bt_stack: [INFO:le_scanning_manager.cc(168)] Scan in shim layer started
06-25 11:58:45.373  3987  4113 I bluetooth: packages/modules/Bluetooth/system/gd/hci/le_scanning_manager.cc:588 stop_scan: Scanning already stopped, return!
06-25 11:58:45.373  3987  4113 I bluetooth: packages/modules/Bluetooth/system/gd/hci/le_address_manager.cc:175 register_client: Scheduled address rotation for first client registered
06-25 11:58:45.373  3987  4113 I bluetooth: packages/modules/Bluetooth/system/gd/hci/le_address_manager.cc:178 register_client: Client registered
06-25 11:58:45.373  3987  4159 D BtGatt.ScanManager: configureRegularScanParams() - queue=3
06-25 11:58:45.373  3987  4113 I bluetooth: packages/modules/Bluetooth/system/gd/hci/le_scanning_manager.cc:1369 on_advertising_filter_complete: Got a Command complete LE_ADV_FILTER, status UNKNOWN_CONNECTION
06-25 11:58:45.374  3987  4113 I bluetooth: packages/modules/Bluetooth/system/gd/hci/le_scanning_manager.cc:1369 on_advertising_filter_complete: Got a Command complete LE_ADV_FILTER, status UNKNOWN_CONNECTION
06-25 11:58:45.374  3987  4159 I bt_stack: [INFO:le_scanning_manager.cc(168)] Scan in shim layer stopped
06-25 11:58:45.374  3987  4113 I bluetooth: packages/modules/Bluetooth/system/gd/hci/le_address_manager.cc:193 unregister_client: Client unregistered
06-25 11:58:45.374  3987  4113 I bluetooth: packages/modules/Bluetooth/system/gd/hci/le_address_manager.cc:197 unregister_client: Cancelled address rotation alarm
06-25 11:58:45.374  3987  4159 D BtGatt.ScanManager: Start gattClientScanNative with old scanMode -1 new scanMode 1 ( in MS: 730 / 183, in scan unit: 1168 / 292 ) [ScanClient scanModeApp 1 scanModeUsed 1 [appScanStats com.google.uid.shared:10132]]
06-25 11:58:45.374  3987  4159 I bt_stack: [INFO:le_scanning_manager.cc(346)] SetScanParameters in shim layer
06-25 11:58:45.374  3987  4123 D BtGatt.GattService: onScanParamSetupCompleted : 0
06-25 11:58:45.374  3987  4159 I bt_stack: [INFO:le_scanning_manager.cc(168)] Scan in shim layer started
06-25 11:58:45.374  3987  4113 I bluetooth: packages/modules/Bluetooth/system/gd/hci/le_scanning_manager.cc:588 stop_scan: Scanning already stopped, return!
06-25 11:58:45.374  3987  4113 I bluetooth: packages/modules/Bluetooth/system/gd/hci/le_address_manager.cc:175 register_client: Scheduled address rotation for first client registered
06-25 11:58:45.374  3987  4113 I bluetooth: packages/modules/Bluetooth/system/gd/hci/le_address_manager.cc:178 register_client: Client registered
06-25 11:58:45.374  3987  4159 D BtGatt.ScanManager: apply scan timeout (600000)to scannerId 3
06-25 11:58:45.375  5470  5658 I NearbyDiscovery: FastPairScanner: Starting LOW_POWER_SCANNING scanning [CONTEXT service_id=265 ]
06-25 11:58:45.757   518  1594 W JobScheduler: Job didn't exist in JobStore: 866cba1 #u0a154/7 com.google.android.contacts/com.google.android.apps.contacts.shortcut.ShortcutJobService
06-25 11:58:45.949     0     0 I logd    : logdr: UID=2000 GID=2000 PID=5905 n tail=3000 logMask=99 pid=0 start=0ns deadline=0ns
06-25 11:58:45.983     0     0 I logd    : logdr: UID=2000 GID=2000 PID=5908 n tail=3000 logMask=99 pid=0 start=0ns deadline=0ns
06-25 11:58:45.858   518  1594 I ActivityManager: Force stopping com.hanapkalinga.mobile appid=10192 user=0: from pid 5913
06-25 11:58:45.863  1048  1048 D CarrierSvcBindHelper: onHandleForceStop: [com.hanapkalinga.mobile]
06-25 11:58:45.863  1048  1048 D CarrierSvcBindHelper: No carrier app for: 0
06-25 11:58:45.936  5918  5918 W BpBinder: Linking to death on android.gui.ISurfaceComposer but there are no threads (yet?) listening to incoming transactions. See ProcessState::startThreadPool and ProcessState::setThreadPoolMaxThreadCount. Generally you should setup the binder threadpool before other initialization steps.
06-25 11:58:45.936  5918  5918 W ProcessState: Extra binder thread started, but 0 threads requested. Do not use *startThreadPool when zero threads are requested.
06-25 11:58:45.948   135   135 I hwservicemanager: getTransport: Cannot find entry android.hardware.graphics.mapper@4.0::IMapper/default in either framework or device VINTF manifest.
06-25 11:58:45.949  5918  5919 I Gralloc4: mapper 4.x is not supported
06-25 11:58:46.114     0     0 I servicemanager: Could not find android.hardware.graphics.allocator.IAllocator/default in the VINTF manifest.
06-25 11:58:46.137  5920  5920 D AndroidRuntime: >>>>>> START com.android.internal.os.RuntimeInit uid 2000 <<<<<<
06-25 11:58:46.140  5920  5920 I AndroidRuntime: Using default boot image
06-25 11:58:46.140  5920  5920 I AndroidRuntime: Leaving lock profiling enabled
06-25 11:58:46.142  5920  5920 I app_process: Core platform API reporting enabled, enforcing=false
06-25 11:58:46.142  5920  5920 I app_process: Using CollectorTypeCC GC.
06-25 11:58:46.199  5920  5920 D nativeloader: InitDefaultPublicLibraries for_preload=1: libandroid.so:libaaudio.so:libamidi.so:libbinder_ndk.so:libc.so:libcamera2ndk.so:libdl.so:libEGL.so:libGLESv1_CM.so:libGLESv2.so:libGLESv3.so:libicu.so:libicui18n.so:libicuuc.so:libjnigraphics.so:liblog.so:libmediandk.so:libm.so:libnativehelper.so:libnativewindow.so:libOpenMAXAL.so:libOpenSLES.so:libRS.so:libstdc++.so:libsync.so:libvulkan.so:libwebviewchromium_plat_support.so:libz.so
06-25 11:58:46.206  5920  5920 D app_process: Time zone APEX ICU file found: /apex/com.android.tzdata/etc/icu/icu_tzdata.dat
06-25 11:58:46.206  5920  5920 D app_process: I18n APEX ICU file found: /apex/com.android.i18n/etc/icu/icudt72l.dat
06-25 11:58:46.210  5920  5920 W app_process: Unexpected CPU variant for x86: x86_64.
06-25 11:58:46.210  5920  5920 W app_process: Known variants: atom, sandybridge, silvermont, goldmont, goldmont-plus, tremont, kabylake, default
06-25 11:58:46.211  5920  5920 W app_process: ClassLoaderContext shared library size mismatch. Expected=2, found=0 (PCL[]{PCL[/system/framework/android.test.base.jar*836642756]#PCL[/system/framework/android.test.mock.jar*3186112116]} | PCL[])
06-25 11:58:46.212  5920  5920 W app_process: ClassLoaderContext classpath size mismatch. expected=0, found=1 (PCL[]{PCL[/system/framework/android.test.runner.jar*4168958247]{PCL[/system/framework/android.test.base.jar*836642756]#PCL[/system/framework/android.test.mock.jar*3186112116]}#PCL[/system/framework/android.test.base.jar*836642756]} | PCL[/system/framework/android.test.runner.jar*4168958247])
06-25 11:58:46.224  5920  5920 W main    : type=1400 audit(0.0:48): avc:  denied  { read } for  name="u:object_r:build_attestation_prop:s0" dev="tmpfs" ino=86 scontext=u:r:shell:s0 tcontext=u:object_r:build_attestation_prop:s0 tclass=file permissive=0
06-25 11:58:46.227  5920  5920 W libc    : Access denied finding property "ro.product.name_for_attestation"
06-25 11:58:46.224  5920  5920 W main    : type=1400 audit(0.0:49): avc:  denied  { read } for  name="u:object_r:build_attestation_prop:s0" dev="tmpfs" ino=86 scontext=u:r:shell:s0 tcontext=u:object_r:build_attestation_prop:s0 tclass=file permissive=0
06-25 11:58:46.230  5920  5920 W libc    : Access denied finding property "ro.product.brand_for_attestation"
06-25 11:58:46.233  5920  5920 W libc    : Access denied finding property "ro.product.model_for_attestation"
06-25 11:58:46.234  5920  5920 D AndroidRuntime: Calling main entry com.android.commands.uiautomator.Launcher
06-25 11:58:46.228  5920  5920 W main    : type=1400 audit(0.0:50): avc:  denied  { read } for  name="u:object_r:build_attestation_prop:s0" dev="tmpfs" ino=86 scontext=u:r:shell:s0 tcontext=u:object_r:build_attestation_prop:s0 tclass=file permissive=0
06-25 11:58:46.236  5920  5920 D UiAutomationConnection: Created on user UserHandle{0}
06-25 11:58:46.236  5920  5920 I UiAutomation: Initialized for user 0 on display 0
06-25 11:58:46.236  5920  5920 W UiAutomation: Created with deprecatead constructor, assumes DEFAULT_DISPLAY
06-25 11:58:46.237   518  1594 D AccessibilityManagerService: changeCurrentUserForTestAutomationIfNeededLocked(0): ignoring because device doesn't support visible background users
06-25 11:58:46.237   518  1594 I UiAutomationManager: Registering UiTestAutomationService (id=com.android.server.accessibility/UiAutomation) when called by user 0
06-25 11:58:46.243   518  1594 W WindowMagnificationMgr: requestConnection duplicated request: connect=false, mConnectionState=DISCONNECTED
06-25 11:58:46.244  5920  5934 V UiAutomation: Init UiAutomation@f3650fd[id=4, displayId=0, flags=0]
06-25 11:58:46.245  1571  3144 I AiAiEcho: Settings changed for uri: content://settings/secure/accessibility_enabled
06-25 11:58:46.245  1571  1768 I AiAiEcho: Predicting[0]: 
06-25 11:58:46.245  1571  1768 I AiAiEcho: EchoTargets: 
06-25 11:58:46.245  1571  1768 I AiAiEcho: Filtered by AiAi flag check: 
06-25 11:58:46.245  1571  1768 I AiAiEcho: Ranked targets strategy: SORT, count: 0, ranking metadata: 
06-25 11:58:46.246  1571  1768 I AiAiEcho: #postPredictionTargets: Sending updates to UISurface lockscreen with targets# 0 (types=[])
06-25 11:58:46.248  2859  2934 I A       : NGA disabled since it's running Panthera and at least one a11y feature is on.
06-25 11:58:46.249   518   518 D BatterySaverPolicy: accessibility changed to true, updating policy.
06-25 11:58:46.249  1571  1768 I AiAiEcho: Predicting[0]: 
06-25 11:58:46.249  1571  1768 I AiAiEcho: EchoTargets: 
06-25 11:58:46.249  1571  1768 I AiAiEcho: Filtered by AiAi flag check: 
06-25 11:58:46.251  1571  1768 I AiAiEcho: Ranked targets strategy: SORT, count: 0, ranking metadata: 
06-25 11:58:46.251  1571  1768 I AiAiEcho: #postPredictionTargets: Sending updates to UISurface home with targets# 0 (types=[])
06-25 11:58:46.252  2859  2934 I A       : Nga state changed to NgaStateDetails{state=DISABLED, isSpecialExperience=false}
06-25 11:58:46.252   831   831 W PageIndicator: Total number of pages invalid: 0. Assuming 1 page.
06-25 11:58:46.254  1571  3144 I AiAiEcho: Settings changed for uri: content://settings/secure/accessibility_enabled
06-25 11:58:46.255  1571  1768 I AiAiEcho: Predicting[0]: 
06-25 11:58:46.255  1571  1768 I AiAiEcho: EchoTargets: 
06-25 11:58:46.255  1571  1768 I AiAiEcho: Filtered by AiAi flag check: 
06-25 11:58:46.255  1571  1768 I AiAiEcho: Ranked targets strategy: SORT, count: 0, ranking metadata: 
06-25 11:58:46.255  1571  1768 I AiAiEcho: Predicting[0]: 
06-25 11:58:46.255   518  1594 W WindowMagnificationMgr: requestConnection duplicated request: connect=false, mConnectionState=DISCONNECTED
06-25 11:58:46.255  1571  1768 I AiAiEcho: EchoTargets: 
06-25 11:58:46.255  1571  1768 I AiAiEcho: Filtered by AiAi flag check: 
06-25 11:58:46.255  1571  1768 I AiAiEcho: Ranked targets strategy: SORT, count: 0, ranking metadata: 
06-25 11:58:46.257  1571  1768 I AiAiEcho: #postPredictionTargets: Sending updates to UISurface lockscreen with targets# 0 (types=[])
06-25 11:58:46.257   518  1594 D SafetySourceDataValidator: No cert check requested for package com.google.android.permissioncontroller
06-25 11:58:46.258   831   831 W PageIndicator: Total number of pages invalid: 0. Assuming 1 page.
06-25 11:58:46.258  1571  1768 I AiAiEcho: #postPredictionTargets: Sending updates to UISurface home with targets# 0 (types=[])
06-25 11:58:46.259  1593  5469 I A       : APA or Classic session decision: SessionDecision(sessionVariance=CLASSIC, platformVariance=CLASSIC, justification=CURRENT_PLATFORM_VARIANCE).
06-25 11:58:46.260  1593  5469 I A       : [Memory] eligibility: StashEligibility{4}
06-25 11:58:46.260  1593  2079 I A       : Unsubscribed to apa or classic variant change.
06-25 11:58:46.708  5557  5678 W gle.android.gms: Long monitor contention with owner [com.google.android.gms.chimera.container.intentoperation.GmsIntentOperationChimeraService-Executor] processing com.google.android.gms.scheduler.InfraPrioritySchedulerModuleInitIntentOperation for action android.intent.action.BOOT_COMPLETED (5667) at void hjm.run()(:com.google.android.gms@231818047@23.18.18 (190800-535401451):3) waiters=0 in void hjm.run() for 6.487s
06-25 11:58:46.709  5470  5563 I HeterodyneSyncScheduler: Scheduling Phenotype for a PhenotypeSyncImmediately(16, com.google.android.gms.nnapi.drivermanager) one off with window [1, 2] in seconds [CONTEXT service_id=51 ]
06-25 11:58:46.716  5557  5678 E PhenotypeRegOp: Attempting to overwrite config package for com.google.android.gms.games [CONTEXT service_id=231 ]
06-25 11:58:46.717  5557  5678 E PhenotypeRegOp: Attempting to overwrite config package for com.google.android.gms.maps#com.google.android.gms [CONTEXT service_id=231 ]
06-25 11:58:46.718  5557  5678 E PhenotypeRegOp: Attempting to overwrite config package for com.google.android.gms.cast [CONTEXT service_id=231 ]
06-25 11:58:46.718  5557  5678 E PhenotypeRegOp: Attempting to overwrite config package for com.google.android.gms.mobile_data_plan [CONTEXT service_id=231 ]
06-25 11:58:46.718  5557  5678 E PhenotypeRegOp: Attempting to overwrite config package for com.google.android.gms.udc [CONTEXT service_id=231 ]
06-25 11:58:46.720  5557  5672 W SystemServiceRegistry: No service published for: persistent_data_block
06-25 11:58:46.722  5557  5681 I Auth    : [WorkAccount] update authenticator enabled for boot or update
06-25 11:58:46.723  5557  5672 I Auth    : [FRP,FrpUpdateIntentOperation] FRP is not supported for this device / user
06-25 11:58:46.727  5557  5672 I SystemUpdate: [Installation,ReceiverIntentOperation] Received intent: Intent { act=com.google.android.gms.update.BASE_MODULE_INIT cat=[targeted_intent_op_prefix:.update.control.ReceiverIntentOperation] cmp=com.google.android.gms/.chimera.GmsIntentOperationService }.
06-25 11:58:46.729  5470  5470 D BoundBrokerSvc: onBind: Intent { act=com.google.android.gms.auth.account.workaccount.START dat=chimera-action:/... cmp=com.google.android.gms/.chimera.PersistentApiService }
06-25 11:58:46.729  5470  5470 D BoundBrokerSvc: Loading bound service for intent: Intent { act=com.google.android.gms.auth.account.workaccount.START dat=chimera-action:/... cmp=com.google.android.gms/.chimera.PersistentApiService }
06-25 11:58:46.731  5470  5619 I Auth    : [WorkAccountServiceImpl] init work authenticator
06-25 11:58:46.752  5557  5936 I SystemUpdate: [Execution,InstallationEventIntentOperation] Handling event of type 1.
06-25 11:58:46.757  5557  5936 I SystemUpdate: [Execution,InstallationIntentOperation] Received intent: Intent { act=com.google.android.gms.update.INSTALL_UPDATE cat=[targeted_intent_op_prefix:.update.execution.InstallationIntentOperation] cmp=com.google.android.gms/.chimera.GmsIntentOperationService }.
06-25 11:58:46.757  5557  5936 I SystemUpdate: [Execution,ExecutionManager] Action finished-execution executed for 0.00 seconds.
06-25 11:58:46.767   518  2228 D PackageManager: Instant App installer not found with android.intent.action.INSTALL_INSTANT_APP_PACKAGE
06-25 11:58:46.767   518  2228 D PackageManager: Clear ephemeral installer activity
06-25 11:58:46.771   518  2233 W JobScheduler: Job didn't exist in JobStore: c7762c8 #u0a154/100004 com.google.android.contacts/androidx.work.impl.background.systemjob.SystemJobService
06-25 11:58:46.777   518  2228 D PackageManager: Instant App installer not found with android.intent.action.INSTALL_INSTANT_APP_PACKAGE
06-25 11:58:46.777   518  2228 D PackageManager: Clear ephemeral installer activity
06-25 11:58:46.778   518  1594 D PackageManager: Instant App installer not found with android.intent.action.INSTALL_INSTANT_APP_PACKAGE
06-25 11:58:46.778   518  1594 D PackageManager: Clear ephemeral installer activity
06-25 11:58:46.782  5557  5667 I Auth    : [SupervisedAccountIntentOperation] onHandleIntent(): android.intent.action.BOOT_COMPLETED
06-25 11:58:46.782  5557  5681 W Auth    : [PubsubPeriodicSyncherRuntimeInit] Initializing periodic tasks, IntentAction=android.intent.action.BOOT_COMPLETED, InitRuntimeState=2
06-25 11:58:46.784  5470  5470 W SystemServiceRegistry: No service published for: persistent_data_block
06-25 11:58:46.806  5470  5537 W EasyUnlock: [HostValidator] Invalid account list. [CONTEXT service_id=234 ]
06-25 11:58:46.807   518  2228 D PackageManager: Instant App installer not found with android.intent.action.INSTALL_INSTANT_APP_PACKAGE
06-25 11:58:46.807   518  2228 D PackageManager: Clear ephemeral installer activity
06-25 11:58:46.809  5470  5470 D BoundBrokerSvc: onBind: Intent { act=com.google.android.gms.auth.proximity.devicesyncservice.START dat=chimera-action:/... cmp=com.google.android.gms/.chimera.PersistentBoundBrokerService }
06-25 11:58:46.809  5470  5470 D BoundBrokerSvc: Loading bound service for intent: Intent { act=com.google.android.gms.auth.proximity.devicesyncservice.START dat=chimera-action:/... cmp=com.google.android.gms/.chimera.PersistentBoundBrokerService }
06-25 11:58:46.814  5557  5672 I Auth    : [AuthManaged, PasswordComplexityHelperImpl] Updating password complexity components state.
06-25 11:58:46.814  5557  5672 I Auth    : [AuthManaged, PasswordComplexityHelperImpl] Disabling com.google.android.gms.auth.managed.admin.DeviceAdminReceiver
