06-25 11:58:50.743  1050  1074 D PrefCtrlListHelper: Could not find Context-only controller for pref: com.android.settings.notification.CallVolumePreferenceController
06-25 11:58:50.743  1050  1074 D PrefCtrlListHelper: Could not find Context-only controller for pref: com.android.settings.sound.HandsFreeProfileOutputPreferenceController
06-25 11:58:50.743  1050  1074 D PrefCtrlListHelper: Could not find Context-only controller for pref: com.android.settings.notification.zen.ZenModePreferenceController
06-25 11:58:50.743  1050  1074 D PrefCtrlListHelper: Could not find Context-only controller for pref: com.android.settings.notification.SpatialAudioParentPreferenceController
06-25 11:58:50.743  1050  1074 D PrefCtrlListHelper: Could not find Context-only controller for pref: com.android.settings.sound.MediaControlsParentPreferenceController
06-25 11:58:50.743  1050  1074 D PrefCtrlListHelper: Could not find Context-only controller for pref: com.android.settings.accessibility.VibrationPreferenceController
06-25 11:58:50.743  1050  1074 D PrefCtrlListHelper: Could not find Context-only controller for pref: com.android.settings.gestures.PreventRingingParentPreferenceController
06-25 11:58:50.743  1050  1074 D PrefCtrlListHelper: Could not find Context-only controller for pref: com.google.android.settings.notification.ClearCallingPreferenceController
06-25 11:58:50.743  1050  1074 D PrefCtrlListHelper: Could not find Context-only controller for pref: com.android.settings.notification.WorkSoundsPreferenceController
06-25 11:58:50.743  2859  2859 I A       : Refusing EXCLUSIVE task 21, it is already pending. Try again in 359 seconds.
06-25 11:58:50.744  1050  1074 D PrefCtrlListHelper: Could not find Context-only controller for pref: com.android.settings.display.darkmode.DarkModeActivationPreferenceController
06-25 11:58:50.744  1050  1074 D PrefCtrlListHelper: Could not find Context-only controller for pref: com.android.settings.display.TwilightLocationPreferenceController
06-25 11:58:50.744  1050  1074 D PrefCtrlListHelper: Could not find Context-only controller for pref: com.android.settings.display.darkmode.DarkModeScheduleSelectorController
06-25 11:58:50.744  1050  1074 D PrefCtrlListHelper: Could not find Context-only controller for pref: com.android.settings.display.darkmode.DarkModeCustomBedtimePreferenceController
06-25 11:58:50.744  1050  1074 D PrefCtrlListHelper: Could not find Context-only controller for pref: com.android.settings.accessibility.VibrationMainSwitchPreferenceController
06-25 11:58:50.744  1050  1074 W PrefCtrlListHelper: Cannot instantiate controller from reflection: com.android.settings.accessibility.VibrationMainSwitchPreferenceController
06-25 11:58:50.744  1050  1074 D PrefCtrlListHelper: Could not find Context-only controller for pref: com.android.settings.accessibility.RingVibrationTogglePreferenceController
06-25 11:58:50.744  1050  1074 W PrefCtrlListHelper: Cannot instantiate controller from reflection: com.android.settings.accessibility.RingVibrationTogglePreferenceController
06-25 11:58:50.744  1050  1074 D PrefCtrlListHelper: Could not find Context-only controller for pref: com.android.settings.accessibility.VibrationRampingRingerTogglePreferenceController
06-25 11:58:50.744  1050  1074 W PrefCtrlListHelper: Cannot instantiate controller from reflection: com.android.settings.accessibility.VibrationRampingRingerTogglePreferenceController
06-25 11:58:50.744  1050  1074 D PrefCtrlListHelper: Could not find Context-only controller for pref: com.android.settings.accessibility.NotificationVibrationTogglePreferenceController
06-25 11:58:50.744  1050  1074 W PrefCtrlListHelper: Cannot instantiate controller from reflection: com.android.settings.accessibility.NotificationVibrationTogglePreferenceController
06-25 11:58:50.744  1050  1074 D PrefCtrlListHelper: Could not find Context-only controller for pref: com.android.settings.accessibility.AlarmVibrationTogglePreferenceController
06-25 11:58:50.744  1050  1074 W PrefCtrlListHelper: Cannot instantiate controller from reflection: com.android.settings.accessibility.AlarmVibrationTogglePreferenceController
06-25 11:58:50.744  1050  1074 D PrefCtrlListHelper: Could not find Context-only controller for pref: com.android.settings.accessibility.HapticFeedbackTogglePreferenceController
06-25 11:58:50.745  1050  1074 W PrefCtrlListHelper: Cannot instantiate controller from reflection: com.android.settings.accessibility.HapticFeedbackTogglePreferenceController
06-25 11:58:50.745  1050  1074 D PrefCtrlListHelper: Could not find Context-only controller for pref: com.android.settings.accessibility.MediaVibrationTogglePreferenceController
06-25 11:58:50.745  1050  1074 W PrefCtrlListHelper: Cannot instantiate controller from reflection: com.android.settings.accessibility.MediaVibrationTogglePreferenceController
06-25 11:58:50.745  1050  1074 D PrefCtrlListHelper: Could not find Context-only controller for pref: com.android.settings.accessibility.AvailableHearingDevicePreferenceController
06-25 11:58:50.745  1050  1074 D PrefCtrlListHelper: Could not find Context-only controller for pref: com.android.settings.connecteddevice.AddDevicePreferenceController
06-25 11:58:50.745  1050  1074 D PrefCtrlListHelper: Could not find Context-only controller for pref: com.android.settings.accessibility.SavedHearingDevicePreferenceController
06-25 11:58:50.745  2859  2859 I A       : Refusing EXCLUSIVE task 21, it is already pending. Try again in 359 seconds.
06-25 11:58:50.745  1050  1074 D PrefCtrlListHelper: Could not find Context-only controller for pref: com.android.settings.accessibility.HearingAidAudioRoutingPreferenceController
06-25 11:58:50.745  1050  1074 D PrefCtrlListHelper: Could not find Context-only controller for pref: com.android.settings.accessibility.HearingAidCompatibilityPreferenceController
06-25 11:58:50.745  1050  1074 D PrefCtrlListHelper: Could not find Context-only controller for pref: com.android.settings.accessibility.HearingDeviceFooterPreferenceController
06-25 11:58:50.745  1050  1074 D PrefCtrlListHelper: Could not find Context-only controller for pref: com.android.settings.gestures.DoubleTapPowerPreferenceController
06-25 11:58:50.747  1050  1074 D PrefCtrlListHelper: Could not find Context-only controller for pref: com.android.settings.biometrics.face.FaceSettingsLockscreenBypassPreferenceController
06-25 11:58:50.747  1050  1074 D PrefCtrlListHelper: Could not find Context-only controller for pref: com.android.settings.users.AddUserWhenLockedPreferenceController
06-25 11:58:50.748  1050  1074 D PrefCtrlListHelper: Could not find Context-only controller for pref: com.android.settings.display.WalletPrivacyPreferenceController
06-25 11:58:50.748  1050  1074 D PrefCtrlListHelper: Could not find Context-only controller for pref: com.android.settings.display.ControlsPrivacyPreferenceController
06-25 11:58:50.748  1050  1074 D PrefCtrlListHelper: Could not find Context-only controller for pref: com.android.settings.display.ControlsTrivialPrivacyPreferenceController
06-25 11:58:50.748  1050  1074 D PrefCtrlListHelper: Could not find Context-only controller for pref: com.android.settings.display.CustomizableLockScreenQuickAffordancesPreferenceController
06-25 11:58:50.748  1050  1074 D PrefCtrlListHelper: Could not find Context-only controller for pref: com.android.settings.display.LockscreenClockPreferenceController
06-25 11:58:50.748  1050  1074 D PrefCtrlListHelper: Could not find Context-only controller for pref: com.google.android.settings.display.LockscreenWeatherPreferenceController
06-25 11:58:50.748  1050  1074 D PrefCtrlListHelper: Could not find Context-only controller for pref: com.android.settings.display.AmbientDisplayWhenToShowPreferenceController
06-25 11:58:50.748  1050  1074 D PrefCtrlListHelper: Could not find Context-only controller for pref: com.android.settings.display.AmbientDisplayAlwaysOnPreferenceController
06-25 11:58:50.748  1050  1074 D PrefCtrlListHelper: Could not find Context-only controller for pref: com.android.settings.gestures.TapScreenGesturePreferenceController
06-25 11:58:50.748  1050  1074 D PrefCtrlListHelper: Could not find Context-only controller for pref: com.android.settings.gestures.DoubleTapScreenPreferenceController
06-25 11:58:50.748  1050  1074 D PrefCtrlListHelper: Could not find Context-only controller for pref: com.android.settings.gestures.PickupGesturePreferenceController
06-25 11:58:50.748  1050  1074 D PrefCtrlListHelper: Could not find Context-only controller for pref: com.android.settings.display.AmbientDisplayNotificationsPreferenceController
06-25 11:58:50.748  1050  1074 D PrefCtrlListHelper: Could not find Context-only controller for pref: com.android.settings.fuelgauge.BatteryHeaderPreferenceController
06-25 11:58:50.748  1050  1074 D PrefCtrlListHelper: Could not find Context-only controller for pref: com.android.settings.fuelgauge.batterytip.BatteryTipPreferenceController
06-25 11:58:50.748  1050  1074 D PrefCtrlListHelper: Could not find Context-only controller for pref: com.google.android.settings.fuelgauge.adaptivecharging.AdaptiveChargingPreferenceController
06-25 11:58:50.748  1050  1074 D PrefCtrlListHelper: Could not find Context-only controller for pref: com.google.android.settings.fuelgauge.reversecharging.ReverseChargingPreferenceController
06-25 11:58:50.749  1050  4017 D PrefCtrlListHelper: Could not find Context-only controller for pref: com.android.settings.accessibility.CaptioningPreviewPreferenceController
06-25 11:58:50.749  1050  4017 D PrefCtrlListHelper: Could not find Context-only controller for pref: com.android.settings.accessibility.CaptioningFontSizeController
06-25 11:58:50.749  1050  4017 D PrefCtrlListHelper: Could not find Context-only controller for pref: com.android.settings.accessibility.CaptioningPresetController
06-25 11:58:50.749  1050  4017 D PrefCtrlListHelper: Could not find Context-only controller for pref: com.android.settings.accessibility.CaptioningCustomController
06-25 11:58:50.749  1050  4017 D PrefCtrlListHelper: Could not find Context-only controller for pref: com.android.settings.accessibility.CaptioningTypefaceController
06-25 11:58:50.749  1050  4017 D PrefCtrlListHelper: Could not find Context-only controller for pref: com.android.settings.accessibility.CaptioningForegroundColorController
06-25 11:58:50.749  1050  4017 D PrefCtrlListHelper: Could not find Context-only controller for pref: com.android.settings.accessibility.CaptioningForegroundOpacityController
06-25 11:58:50.749  1050  4017 D PrefCtrlListHelper: Could not find Context-only controller for pref: com.android.settings.accessibility.CaptioningEdgeTypeController
06-25 11:58:50.749  1050  4017 D PrefCtrlListHelper: Could not find Context-only controller for pref: com.android.settings.accessibility.CaptioningEdgeColorController
06-25 11:58:50.749  1050  4017 D PrefCtrlListHelper: Could not find Context-only controller for pref: com.android.settings.accessibility.CaptioningBackgroundColorController
06-25 11:58:50.749  1050  4017 D PrefCtrlListHelper: Could not find Context-only controller for pref: com.android.settings.accessibility.CaptioningBackgroundOpacityController
06-25 11:58:50.749  1050  4017 D PrefCtrlListHelper: Could not find Context-only controller for pref: com.android.settings.accessibility.CaptioningWindowColorController
06-25 11:58:50.749  1050  4017 D PrefCtrlListHelper: Could not find Context-only controller for pref: com.android.settings.accessibility.CaptioningWindowOpacityController
06-25 11:58:50.749  1050  4017 D PrefCtrlListHelper: Could not find Context-only controller for pref: com.android.settings.accessibility.CaptioningFooterPreferenceController
06-25 11:58:50.749  1050  1074 D PrefCtrlListHelper: Could not find Context-only controller for pref: com.android.settings.display.BatteryPercentagePreferenceController
06-25 11:58:50.749  1050  1074 D PrefCtrlListHelper: Could not find Context-only controller for pref: com.android.settings.gestures.PickupGesturePreferenceController
06-25 11:58:50.749  1050  1074 D PrefCtrlListHelper: Could not find Context-only controller for pref: com.android.settings.accessibility.FlashNotificationsIntroPreferenceController
06-25 11:58:50.749  1050  1074 D PrefCtrlListHelper: Could not find Context-only controller for pref: com.android.settings.accessibility.FlashNotificationIllustrationPreferenceController
06-25 11:58:50.749  1050  1074 D PrefCtrlListHelper: Could not find Context-only controller for pref: com.android.settings.accessibility.CameraFlashNotificationPreferenceController
06-25 11:58:50.749  1050  1074 D PrefCtrlListHelper: Could not find Context-only controller for pref: com.android.settings.accessibility.ScreenFlashNotificationPreferenceController
06-25 11:58:50.749  1050  1074 D PrefCtrlListHelper: Could not find Context-only controller for pref: com.android.settings.accessibility.FlashNotificationsPreviewPreferenceController
06-25 11:58:50.749  1050  1074 D PrefCtrlListHelper: Could not find Context-only controller for pref: com.android.settings.accessibility.FlashNotificationsFooterPreferenceController
06-25 11:58:50.750  1050  1074 W BaseSearchIndex: Error initial controller
06-25 11:58:50.750  1050  1074 D PrefCtrlListHelper: Could not find Context-only controller for pref: com.android.settings.network.AirplaneModePreferenceController
06-25 11:58:50.752  1050  1074 D PrefCtrlListHelper: Could not find Context-only controller for pref: com.android.settings.network.AllInOneTetherPreferenceController
06-25 11:58:50.753  1050  4017 V OnDeviceRecognitionPreferenceController: Recognition service in the same package as the default on-device recognizer with settings activity: com.google.android.as/com.google.android.apps.miphone.aiai.speech.languagepacks.settings.ui.SettingsActivity.
06-25 11:58:50.753  1050  4017 V OnDeviceRecognitionPreferenceController: Recognition service not in the same package as the default on-device recognizer: com.google.android.tts/com.google.android.apps.speech.tts.googletts.service.GoogleTTSRecognitionService.
06-25 11:58:50.753  1050  4017 D PrefCtrlListHelper: Could not find Context-only controller for pref: com.android.settings.language.PhoneLanguagePreferenceController
06-25 11:58:50.753  1050  4017 D PrefCtrlListHelper: Could not find Context-only controller for pref: com.android.settings.applications.appinfo.ManageAppLocalePreferenceController
06-25 11:58:50.753  1050  4017 W PrefCtrlListHelper: Cannot instantiate controller from reflection: com.android.settings.applications.appinfo.ManageAppLocalePreferenceController
06-25 11:58:50.753  1050  4017 D PrefCtrlListHelper: Could not find Context-only controller for pref: com.android.settings.regionalpreferences.RegionalPreferencesController
06-25 11:58:50.753  1050  4017 D PrefCtrlListHelper: Could not find Context-only controller for pref: com.android.settings.language.OnDeviceRecognitionPreferenceController
06-25 11:58:50.753  1050  4017 W PrefCtrlListHelper: on_device_recognition_settings already has a controller
06-25 11:58:50.753  1050  4017 D PrefCtrlListHelper: Could not find Context-only controller for pref: com.android.settings.network.AdaptiveConnectivityTogglePreferenceController
06-25 11:58:50.753  1050  4017 V SettingsSearchProvider: com.android.settings.search.BaseSearchIndexProvider@582fc42 tried to add an empty non-indexable key
06-25 11:58:50.754  1050  4017 D PrefCtrlListHelper: Could not find Context-only controller for pref: com.android.settings.display.AutoBrightnessPreferenceController
06-25 11:58:50.754  1050  4017 D PrefCtrlListHelper: Could not find Context-only controller for pref: com.android.settings.security.screenlock.LockScreenPreferenceController
06-25 11:58:50.754  1050  4017 D PrefCtrlListHelper: Could not find Context-only controller for pref: com.android.settings.display.ScreenTimeoutPreferenceController
06-25 11:58:50.754  1050  4017 D PrefCtrlListHelper: Could not find Context-only controller for pref: com.android.settings.display.DarkUIPreferenceController
06-25 11:58:50.754  1050  4017 D PrefCtrlListHelper: Could not find Context-only controller for pref: com.android.settings.display.ScreenSaverPreferenceController
06-25 11:58:50.754  1050  4017 D PrefCtrlListHelper: Could not find Context-only controller for pref: com.android.settings.accessibility.TextReadingFragmentForDisplaySettingsController
06-25 11:58:50.754  1050  4017 D PrefCtrlListHelper: Could not find Context-only controller for pref: com.android.settings.gestures.SystemNavigationPreferenceController
06-25 11:58:50.754  1050  4017 D PrefCtrlListHelper: Could not find Context-only controller for pref: com.android.settings.display.DisplayWhiteBalancePreferenceController
06-25 11:58:50.754  1050  4017 D PrefCtrlListHelper: Could not find Context-only controller for pref: com.android.settings.display.NightDisplayPreferenceController
06-25 11:58:50.754  1050  4017 D PrefCtrlListHelper: Could not find Context-only controller for pref: com.android.settings.display.ColorModePreferenceController
06-25 11:58:50.754  1050  4017 D PrefCtrlListHelper: Could not find Context-only controller for pref: com.android.settings.display.SmartAutoRotatePreferenceController
06-25 11:58:50.754  1050  4017 D PrefCtrlListHelper: Could not find Context-only controller for pref: com.android.settings.display.DeviceStateAutoRotateOverviewController
06-25 11:58:50.754  1050  4017 D PrefCtrlListHelper: Could not find Context-only controller for pref: com.android.settings.display.ScreenResolutionController
06-25 11:58:50.754  1050  4017 E ScreenResolutionController: No support
06-25 11:58:50.754  1050  4017 D PrefCtrlListHelper: Could not find Context-only controller for pref: com.android.settings.display.PeakRefreshRatePreferenceController
06-25 11:58:50.754  1050  4017 D RefreshRatePrefCtr: DEFAULT_REFRESH_RATE : 60.0 mPeakRefreshRate : 60.0
06-25 11:58:50.754  1050  4017 D PrefCtrlListHelper: Could not find Context-only controller for pref: com.google.android.settings.touch.TouchSensitivityPreferenceController
06-25 11:58:50.755  1050  1074 D PrefCtrlListHelper: Could not find Context-only controller for pref: com.android.settings.network.AdaptiveConnectivityPreferenceController
06-25 11:58:50.755  1050  1074 D PrefCtrlListHelper: Could not find Context-only controller for pref: com.android.settings.accessibility.CaptioningLocalePreferenceController
06-25 11:58:50.755  1050  1074 D PrefCtrlListHelper: Could not find Context-only controller for pref: com.android.settings.accessibility.CaptioningFooterPreferenceController
06-25 11:58:50.755  1050  1074 D PrefCtrlListHelper: Could not find Context-only controller for pref: com.android.settings.datausage.UnrestrictedDataAccessPreferenceController
06-25 11:58:50.756  1050  1074 D PrefCtrlListHelper: Could not find Context-only controller for pref: com.android.settings.biometrics.combination.BiometricFaceStatusPreferenceController
06-25 11:58:50.758  1050  1074 D PrefCtrlListHelper: Could not find Context-only controller for pref: com.android.settings.biometrics.combination.BiometricFingerprintStatusPreferenceController
06-25 11:58:50.759  1050  4017 V SettingsSearchProvider: com.android.settings.accessibility.MagnificationPreferenceFragment$1@fbe8cbb tried to add an empty non-indexable key
06-25 11:58:50.759  1050  4017 V SettingsSearchProvider: com.android.settings.security.ScreenPinningSettings$2@e024d31 tried to add an empty non-indexable key
06-25 11:58:50.760  1050  4017 D PrefCtrlListHelper: Could not find Context-only controller for pref: com.android.settings.notification.RemoteVolumeGroupController
06-25 11:58:50.761  1050  4017 W LocalMediaManager: BluetoothAdapter is null or muting expected device not exist
06-25 11:58:50.761  1050  4017 D PrefCtrlListHelper: Could not find Context-only controller for pref: com.android.settings.sound.MediaOutputPreferenceController
06-25 11:58:50.762  1050  4017 D PrefCtrlListHelper: Could not find Context-only controller for pref: com.android.settings.notification.CallVolumePreferenceController
06-25 11:58:50.762  1050  4017 D PrefCtrlListHelper: Could not find Context-only controller for pref: com.android.settings.sound.HandsFreeProfileOutputPreferenceController
06-25 11:58:50.762  1050  4017 D PrefCtrlListHelper: Could not find Context-only controller for pref: com.android.settings.notification.zen.ZenModePreferenceController
06-25 11:58:50.762  1050  4017 D PrefCtrlListHelper: Could not find Context-only controller for pref: com.android.settings.notification.SpatialAudioParentPreferenceController
06-25 11:58:50.762  1050  4017 D PrefCtrlListHelper: Could not find Context-only controller for pref: com.android.settings.sound.MediaControlsParentPreferenceController
06-25 11:58:50.762  1050  4017 D PrefCtrlListHelper: Could not find Context-only controller for pref: com.android.settings.accessibility.VibrationPreferenceController
06-25 11:58:50.762  1050  4017 D PrefCtrlListHelper: Could not find Context-only controller for pref: com.android.settings.gestures.PreventRingingParentPreferenceController
06-25 11:58:50.762  1050  4017 D PrefCtrlListHelper: Could not find Context-only controller for pref: com.google.android.settings.notification.ClearCallingPreferenceController
06-25 11:58:50.762  1050  4017 D PrefCtrlListHelper: Could not find Context-only controller for pref: com.android.settings.notification.WorkSoundsPreferenceController
06-25 11:58:50.765  1050  1074 I ActiveUnlockStatusUtils: authority not set
06-25 11:58:50.766  1050  1074 I ActiveUnlockStatusUtils: authority not set
06-25 11:58:50.766  1050  1074 I ActiveUnlockStatusUtils: authority not set
06-25 11:58:50.766  1050  1074 D PrefCtrlListHelper: Could not find Context-only controller for pref: com.android.settings.biometrics.combination.BiometricSettingsKeyguardPreferenceController
06-25 11:58:50.766  1050  1074 D PrefCtrlListHelper: Could not find Context-only controller for pref: com.android.settings.biometrics.combination.BiometricSettingsAppPreferenceController
06-25 11:58:50.766  1050  1074 D PrefCtrlListHelper: Could not find Context-only controller for pref: com.android.settings.display.AutoBrightnessDetailPreferenceController
06-25 11:58:50.766  1050  1074 D PrefCtrlListHelper: Could not find Context-only controller for pref: com.android.settings.gestures.AssistGestureSettingsPreferenceController
06-25 11:58:50.766  1050  1074 D AssistGesture: mAssistOnly:false, isSupported:false, isSensorAvailable:false
06-25 11:58:50.771  1050  1074 D PrefCtrlListHelper: Could not find Context-only controller for pref: com.android.settings.connecteddevice.NfcAndPaymentFragmentController
06-25 11:58:50.771  1050  1074 D PrefCtrlListHelper: Could not find Context-only controller for pref: com.android.settings.wfd.WifiDisplayPreferenceController
06-25 11:58:50.771  5557  5670 E WorkSourceUtil: Could not find package: com.google.android.gms.westworld
06-25 11:58:50.772  1050  1074 D PrefCtrlListHelper: Could not find Context-only controller for pref: com.android.settings.nfc.AndroidBeamPreferenceController
06-25 11:58:50.772  1050  1074 D PrefCtrlListHelper: Could not find Context-only controller for pref: com.android.settings.uwb.UwbPreferenceController
06-25 11:58:50.772  1050  4017 D PrefCtrlListHelper: Could not find Context-only controller for pref: com.android.settings.display.darkmode.DarkModeActivationPreferenceController
06-25 11:58:50.772  1050  4017 D PrefCtrlListHelper: Could not find Context-only controller for pref: com.android.settings.display.TwilightLocationPreferenceController
06-25 11:58:50.772  1050  4017 D PrefCtrlListHelper: Could not find Context-only controller for pref: com.android.settings.display.darkmode.DarkModeScheduleSelectorController
06-25 11:58:50.772  1050  4017 D PrefCtrlListHelper: Could not find Context-only controller for pref: com.android.settings.display.darkmode.DarkModeCustomBedtimePreferenceController
06-25 11:58:50.774  1050  1074 D PrefCtrlListHelper: Could not find Context-only controller for pref: com.android.settings.accessibility.DaltonizerPreferenceController
06-25 11:58:50.774  1050  1074 D PrefCtrlListHelper: Could not find Context-only controller for pref: com.android.settings.accessibility.ColorInversionPreferenceController
06-25 11:58:50.774  1050  1074 D PrefCtrlListHelper: Could not find Context-only controller for pref: com.android.settings.display.DarkUIPreferenceController
06-25 11:58:50.774  1050  1074 D PrefCtrlListHelper: Could not find Context-only controller for pref: com.android.settings.accessibility.DisableAnimationsPreferenceController
06-25 11:58:50.774  1050  1074 D PrefCtrlListHelper: Could not find Context-only controller for pref: com.android.settings.accessibility.LargePointerIconPreferenceController
06-25 11:58:50.775  1050  1074 D PrefCtrlListHelper: Could not find Context-only controller for pref: com.android.settings.bluetooth.BluetoothDeviceRenamePreferenceController
06-25 11:58:50.775  1050  1074 D PrefCtrlListHelper: Could not find Context-only controller for pref: com.android.settings.connecteddevice.AddDevicePreferenceController
06-25 11:58:50.775  1050  1074 D PrefCtrlListHelper: Could not find Context-only controller for pref: com.android.settings.accessibility.MagnificationModePreferenceController
06-25 11:58:50.775  1050  1074 D PrefCtrlListHelper: Could not find Context-only controller for pref: com.android.settings.accessibility.ToggleAutoclickPreferenceController
06-25 11:58:50.775  1050  1074 D PrefCtrlListHelper: Could not find Context-only controller for pref: com.android.settings.accessibility.ToggleAutoclickPreferenceController
06-25 11:58:50.775  1050  1074 D PrefCtrlListHelper: Could not find Context-only controller for pref: com.android.settings.accessibility.ToggleAutoclickPreferenceController
06-25 11:58:50.775  1050  1074 D PrefCtrlListHelper: Could not find Context-only controller for pref: com.android.settings.accessibility.ToggleAutoclickPreferenceController
06-25 11:58:50.775  1050  1074 D PrefCtrlListHelper: Could not find Context-only controller for pref: com.android.settings.accessibility.ToggleAutoclickPreferenceController
06-25 11:58:50.775  1050  1074 D PrefCtrlListHelper: Could not find Context-only controller for pref: com.android.settings.accessibility.ToggleAutoclickCustomSeekbarController
06-25 11:58:50.775  1050  1074 D PrefCtrlListHelper: Could not find Context-only controller for pref: com.android.settings.accessibility.ToggleAutoclickFooterPreferenceController
06-25 11:58:50.775  1050  1074 D PrefCtrlListHelper: Could not find Context-only controller for pref: com.android.settings.applications.DefaultAppsPreferenceController
06-25 11:58:50.775  1050  1074 D PrefCtrlListHelper: Could not find Context-only controller for pref: com.android.settings.applications.ClonedAppsPreferenceController
06-25 11:58:50.775  1050  1074 D PrefCtrlListHelper: Could not find Context-only controller for pref: com.android.settings.applications.HibernatedAppsPreferenceController
06-25 11:58:50.775  1050  1074 D PrefCtrlListHelper: Could not find Context-only controller for pref: com.android.settings.applications.AppBatteryUsagePreferenceController
06-25 11:58:50.775  1050  1074 D PrefCtrlListHelper: Could not find Context-only controller for pref: com.android.settings.applications.SpecialAppAccessPreferenceController
06-25 11:58:50.776  1050  1074 W libc    : Access denied finding property "ro.vendor.aware_available"
06-25 11:58:50.776  1050  1074 D PrefCtrlListHelper: Could not find Context-only controller for pref: com.android.settings.deviceinfo.hardwareinfo.DeviceModelPreferenceController
06-25 11:58:50.776  1050  1074 D PrefCtrlListHelper: Could not find Context-only controller for pref: com.android.settings.deviceinfo.hardwareinfo.SerialNumberPreferenceController
06-25 11:58:50.776  1050  1074 D PrefCtrlListHelper: Could not find Context-only controller for pref: com.android.settings.deviceinfo.hardwareinfo.HardwareRevisionPreferenceController
06-25 11:58:50.776  1050  1074 D PrefCtrlListHelper: Could not find Context-only controller for pref: com.android.settings.deviceinfo.hardwareinfo.ManufacturedYearPreferenceController
06-25 11:58:50.779  1050  4017 W SettingsPrefController: Skipping updateNonIndexableKeys, key already in list. com.android.settings.display.darkmode.DarkModeCustomBedtimePreferenceController@526cb8a
06-25 11:58:50.781  1050  1074 E HardwareInfoFeatureProviderImpl: Could not parse manufactured year from serial.
06-25 11:58:50.781  1050  1074 E HardwareInfoFeatureProviderImpl: java.lang.NumberFormatException: For input string: "E"
06-25 11:58:50.781  1050  1074 E HardwareInfoFeatureProviderImpl: 	at java.lang.Integer.parseInt(Integer.java:797)
06-25 11:58:50.781  1050  1074 E HardwareInfoFeatureProviderImpl: 	at java.lang.Integer.valueOf(Integer.java:1128)
06-25 11:58:50.781  1050  1074 E HardwareInfoFeatureProviderImpl: 	at com.google.android.settings.deviceinfo.hardwareinfo.HardwareInfoFeatureProviderGoogleImpl.getManufacturedYear(HardwareInfoFeatureProviderGoogleImpl.kt:22)
06-25 11:58:50.781  1050  1074 E HardwareInfoFeatureProviderImpl: 	at com.android.settings.deviceinfo.hardwareinfo.ManufacturedYearPreferenceController.<init>(ManufacturedYearPreferenceController.kt:26)
06-25 11:58:50.781  1050  1074 E HardwareInfoFeatureProviderImpl: 	at java.lang.reflect.Constructor.newInstance0(Native Method)
06-25 11:58:50.781  1050  1074 E HardwareInfoFeatureProviderImpl: 	at java.lang.reflect.Constructor.newInstance(Constructor.java:343)
06-25 11:58:50.781  1050  1074 E HardwareInfoFeatureProviderImpl: 	at com.android.settings.core.BasePreferenceController.createInstance(BasePreferenceController.java:187)
06-25 11:58:50.781  1050  1074 E HardwareInfoFeatureProviderImpl: 	at com.android.settings.core.PreferenceControllerListHelper.getPreferenceControllersFromXml(PreferenceControllerListHelper.java:83)
06-25 11:58:50.781  1050  1074 E HardwareInfoFeatureProviderImpl: 	at com.android.settings.search.BaseSearchIndexProvider.getPreferenceControllers(BaseSearchIndexProvider.java:149)
06-25 11:58:50.781  1050  1074 E HardwareInfoFeatureProviderImpl: 	at com.android.settings.search.BaseSearchIndexProvider.getDynamicRawDataToIndex(BaseSearchIndexProvider.java:87)
06-25 11:58:50.781  1050  1074 E HardwareInfoFeatureProviderImpl: 	at com.android.settings.search.SettingsSearchIndexablesProvider.getDynamicSearchIndexableRawData(SettingsSearchIndexablesProvider.java:379)
06-25 11:58:50.781  1050  1074 E HardwareInfoFeatureProviderImpl: 	at com.android.settings.search.SettingsSearchIndexablesProvider.queryDynamicRawData(SettingsSearchIndexablesProvider.java:180)
06-25 11:58:50.781  1050  1074 E HardwareInfoFeatureProviderImpl: 	at android.provider.SearchIndexablesProvider.query(SearchIndexablesProvider.java:133)
06-25 11:58:50.781  1050  1074 E HardwareInfoFeatureProviderImpl: 	at android.content.ContentProvider.query(ContentProvider.java:1596)
06-25 11:58:50.781  1050  1074 E HardwareInfoFeatureProviderImpl: 	at android.content.ContentProvider.query(ContentProvider.java:1692)
06-25 11:58:50.781  1050  1074 E HardwareInfoFeatureProviderImpl: 	at android.content.ContentProvider$Transport.query(ContentProvider.java:292)
06-25 11:58:50.781  1050  1074 E HardwareInfoFeatureProviderImpl: 	at android.content.ContentProviderNative.onTransact(ContentProviderNative.java:107)
06-25 11:58:50.781  1050  1074 E HardwareInfoFeatureProviderImpl: 	at android.os.Binder.execTransactInternal(Binder.java:1339)
06-25 11:58:50.781  1050  1074 E HardwareInfoFeatureProviderImpl: 	at android.os.Binder.execTransact(Binder.java:1275)
06-25 11:58:50.781  1050  1074 D PrefCtrlListHelper: Could not find Context-only controller for pref: com.android.settings.language.LanguageAndInputPreferenceController
06-25 11:58:50.781  1050  1074 D PrefCtrlListHelper: Could not find Context-only controller for pref: com.android.settings.gestures.SystemNavigationPreferenceController
06-25 11:58:50.781  1050  1074 D PrefCtrlListHelper: Could not find Context-only controller for pref: com.android.settings.language.LanguagePreferenceController
06-25 11:58:50.781  1050  1074 D PrefCtrlListHelper: Could not find Context-only controller for pref: com.android.settings.inputmethod.KeyboardPreferenceController
06-25 11:58:50.781  1050  1074 D PrefCtrlListHelper: Could not find Context-only controller for pref: com.android.settings.inputmethod.TrackpadSettingsController
06-25 11:58:50.781  1050  1074 D PrefCtrlListHelper: Could not find Context-only controller for pref: com.android.settings.datetime.DateTimePreferenceController
06-25 11:58:50.781  1050  1074 D PrefCtrlListHelper: Could not find Context-only controller for pref: com.google.android.settings.aware.AwareSettingsPreferenceController
06-25 11:58:50.781  1050  1074 D PrefCtrlListHelper: Could not find Context-only controller for pref: com.android.settings.system.ResetPreferenceController
06-25 11:58:50.781  1050  1074 D PrefCtrlListHelper: Could not find Context-only controller for pref: com.android.settings.applications.specialaccess.DataSaverController
06-25 11:58:50.782  1050  1074 D PrefCtrlListHelper: Could not find Context-only controller for pref: com.android.settings.regionalpreferences.FirstDayOfWeekItemCategoryController
06-25 11:58:50.784  1050  4017 D PrefCtrlListHelper: Could not find Context-only controller for pref: com.android.settings.applications.credentials.CredentialManagerPreferenceController
06-25 11:58:50.784  1050  4017 W PrefCtrlListHelper: Cannot instantiate controller from reflection: com.android.settings.applications.credentials.CredentialManagerPreferenceController
06-25 11:58:50.785  1050  1074 W libc    : Access denied finding property "ro.vendor.aware_available"
06-25 11:58:50.786  1050  1074 D PrefCtrlListHelper: Could not find Context-only controller for pref: com.android.settings.display.AutoRotateSwitchBarController
06-25 11:58:50.786  1050  1074 D PrefCtrlListHelper: Could not find Context-only controller for pref: com.android.settings.display.AutoRotatePreferenceController
06-25 11:58:50.786  1050  1074 D PrefCtrlListHelper: Could not find Context-only controller for pref: com.android.settings.display.SmartAutoRotatePermissionController
06-25 11:58:50.789  1050  4017 D PrefCtrlListHelper: Could not find Context-only controller for pref: com.android.settings.accessibility.VibrationMainSwitchPreferenceController
06-25 11:58:50.789  1050  4017 W PrefCtrlListHelper: Cannot instantiate controller from reflection: com.android.settings.accessibility.VibrationMainSwitchPreferenceController
06-25 11:58:50.789  1050  4017 D PrefCtrlListHelper: Could not find Context-only controller for pref: com.android.settings.accessibility.RingVibrationTogglePreferenceController
06-25 11:58:50.789  1050  4017 W PrefCtrlListHelper: Cannot instantiate controller from reflection: com.android.settings.accessibility.RingVibrationTogglePreferenceController
06-25 11:58:50.789  1050  4017 D PrefCtrlListHelper: Could not find Context-only controller for pref: com.android.settings.accessibility.VibrationRampingRingerTogglePreferenceController
06-25 11:58:50.789  1050  4017 W PrefCtrlListHelper: Cannot instantiate controller from reflection: com.android.settings.accessibility.VibrationRampingRingerTogglePreferenceController
06-25 11:58:50.789  1050  4017 D PrefCtrlListHelper: Could not find Context-only controller for pref: com.android.settings.accessibility.NotificationVibrationTogglePreferenceController
06-25 11:58:50.789  1050  4017 W PrefCtrlListHelper: Cannot instantiate controller from reflection: com.android.settings.accessibility.NotificationVibrationTogglePreferenceController
06-25 11:58:50.789  1050  4017 D PrefCtrlListHelper: Could not find Context-only controller for pref: com.android.settings.accessibility.AlarmVibrationTogglePreferenceController
06-25 11:58:50.789  1050  4017 W PrefCtrlListHelper: Cannot instantiate controller from reflection: com.android.settings.accessibility.AlarmVibrationTogglePreferenceController
06-25 11:58:50.789  1050  4017 D PrefCtrlListHelper: Could not find Context-only controller for pref: com.android.settings.accessibility.HapticFeedbackTogglePreferenceController
06-25 11:58:50.789  1050  4017 W PrefCtrlListHelper: Cannot instantiate controller from reflection: com.android.settings.accessibility.HapticFeedbackTogglePreferenceController
06-25 11:58:50.789  1050  4017 D PrefCtrlListHelper: Could not find Context-only controller for pref: com.android.settings.accessibility.MediaVibrationTogglePreferenceController
06-25 11:58:50.790  1050  4017 W PrefCtrlListHelper: Cannot instantiate controller from reflection: com.android.settings.accessibility.MediaVibrationTogglePreferenceController
06-25 11:58:50.790  1050  4017 D PrefCtrlListHelper: Could not find Context-only controller for pref: com.android.settings.accessibility.AvailableHearingDevicePreferenceController
06-25 11:58:50.790  1050  4017 D PrefCtrlListHelper: Could not find Context-only controller for pref: com.android.settings.connecteddevice.AddDevicePreferenceController
06-25 11:58:50.790  1050  4017 D PrefCtrlListHelper: Could not find Context-only controller for pref: com.android.settings.accessibility.SavedHearingDevicePreferenceController
06-25 11:58:50.790  1050  4017 D PrefCtrlListHelper: Could not find Context-only controller for pref: com.android.settings.accessibility.HearingAidAudioRoutingPreferenceController
06-25 11:58:50.790  1050  4017 D PrefCtrlListHelper: Could not find Context-only controller for pref: com.android.settings.accessibility.HearingAidCompatibilityPreferenceController
06-25 11:58:50.790  1050  4017 D PrefCtrlListHelper: Could not find Context-only controller for pref: com.android.settings.accessibility.HearingDeviceFooterPreferenceController
06-25 11:58:50.790  1050  1074 D PrefCtrlListHelper: Could not find Context-only controller for pref: com.android.settings.display.SmartAutoRotateCameraStateController
06-25 11:58:50.790  1050  1074 D PrefCtrlListHelper: Could not find Context-only controller for pref: com.android.settings.display.SmartAutoRotateBatterySaverController
06-25 11:58:50.790  1050  1074 D PrefCtrlListHelper: Could not find Context-only controller for pref: com.android.settings.display.SmartAutoRotateController
06-25 11:58:50.790  1050  1074 D PrefCtrlListHelper: Could not find Context-only controller for pref: com.android.settings.accessibility.AccessibilityButtonPreviewPreferenceController
06-25 11:58:50.790  1050  1074 D PrefCtrlListHelper: Could not find Context-only controller for pref: com.android.settings.accessibility.AccessibilityButtonLocationPreferenceController
06-25 11:58:50.790  1050  1074 D PrefCtrlListHelper: Could not find Context-only controller for pref: com.android.settings.accessibility.AccessibilityButtonGesturePreferenceController
06-25 11:58:50.790  1050  1074 D PrefCtrlListHelper: Could not find Context-only controller for pref: com.android.settings.accessibility.FloatingMenuSizePreferenceController
06-25 11:58:50.790  1050  1074 D PrefCtrlListHelper: Could not find Context-only controller for pref: com.android.settings.accessibility.FloatingMenuFadePreferenceController
06-25 11:58:50.790  1050  1074 D PrefCtrlListHelper: Could not find Context-only controller for pref: com.android.settings.accessibility.FloatingMenuTransparencyPreferenceController
06-25 11:58:50.790  1050  1074 D PrefCtrlListHelper: Could not find Context-only controller for pref: com.android.settings.accessibility.AccessibilityButtonFooterPreferenceController
06-25 11:58:50.791  1050  1074 W libc    : Access denied finding property "ro.vendor.aware_available"
06-25 11:58:50.791  1050  1074 D PrefCtrlListHelper: Could not find Context-only controller for pref: com.google.android.settings.notification.ClearCallingTogglePreferenceController
06-25 11:58:50.791  1050  1074 D PrefCtrlListHelper: Could not find Context-only controller for pref: com.google.android.settings.notification.ClearCallingFooterPreferenceController
06-25 11:58:50.791  1050  1074 D PrefCtrlListHelper: Could not find Context-only controller for pref: com.android.settings.deviceinfo.storage.StorageSelectionPreferenceController
06-25 11:58:50.791  1050  1074 D PrefCtrlListHelper: Could not find Context-only controller for pref: com.android.settings.deviceinfo.storage.StorageUsageProgressBarPreferenceController
06-25 11:58:50.791  1050  1074 D PrefCtrlListHelper: Could not find Context-only controller for pref: com.android.settings.deviceinfo.storage.AutomaticStorageManagementSwitchPreferenceController
06-25 11:58:50.791  1050  1074 D PrefCtrlListHelper: Could not find Context-only controller for pref: com.android.settings.deviceinfo.storage.ManageStoragePreferenceController
06-25 11:58:50.791  1050  1074 D PrefCtrlListHelper: Could not find Context-only controller for pref: com.android.settings.applications.specialaccess.interactacrossprofiles.InteractAcrossProfilesController
06-25 11:58:50.791  1050  1074 D PrefCtrlListHelper: Could not find Context-only controller for pref: com.android.settings.enterprise.ManageDeviceAdminPreferenceController
06-25 11:58:50.791  1050  1074 D PrefCtrlListHelper: Could not find Context-only controller for pref: com.google.android.settings.applications.specialaccess.DebuggingDataPreferenceController
06-25 11:58:50.791  1050  1074 D PrefCtrlListHelper: Could not find Context-only controller for pref: com.android.settings.applications.specialaccess.SystemAlertWindowPreferenceController
06-25 11:58:50.791  1050  1074 D PrefCtrlListHelper: Could not find Context-only controller for pref: com.android.settings.applications.specialaccess.zenaccess.ZenAccessController
06-25 11:58:50.791  1050  1074 D PrefCtrlListHelper: Could not find Context-only controller for pref: com.android.settings.applications.specialaccess.notificationaccess.NotificationAccessController
06-25 11:58:50.791  1050  1074 D PrefCtrlListHelper: Could not find Context-only controller for pref: com.android.settings.spa.app.specialaccess.UseFullScreenIntentPreferenceController
06-25 11:58:50.791  1050  1074 D PrefCtrlListHelper: Could not find Context-only controller for pref: com.android.settings.applications.specialaccess.pictureinpicture.PictureInPictureController
06-25 11:58:50.791  1050  1074 D PrefCtrlListHelper: Could not find Context-only controller for pref: com.android.settings.applications.specialaccess.premiumsms.PremiumSmsController
06-25 11:58:50.791  1050  1074 D PrefCtrlListHelper: Could not find Context-only controller for pref: com.android.settings.applications.specialaccess.DataSaverController
06-25 11:58:50.791  1050  1074 D PrefCtrlListHelper: Could not find Context-only controller for pref: com.android.settings.applications.specialaccess.vrlistener.EnabledVrListenersController
06-25 11:58:50.791  1050  1074 D PrefCtrlListHelper: Could not find Context-only controller for pref: com.android.settings.applications.specialaccess.MoreSpecialAccessPreferenceController
06-25 11:58:50.791  1050  1074 D PrefCtrlListHelper: Could not find Context-only controller for pref: com.android.settings.nfc.NfcTagAppsPreferenceController
06-25 11:58:50.794  1050  4017 D PrefCtrlListHelper: Could not find Context-only controller for pref: com.android.settings.gestures.DoubleTapPowerPreferenceController
06-25 11:58:50.794  1050  1074 D PrefCtrlListHelper: Could not find Context-only controller for pref: com.android.settings.emergency.EmergencyGesturePreferenceController
06-25 11:58:50.794  1050  1074 D PrefCtrlListHelper: Could not find Context-only controller for pref: com.android.settings.emergency.EmergencyGestureSoundPreferenceController
06-25 11:58:50.794  1050  1074 D PrefCtrlListHelper: Could not find Context-only controller for pref: com.android.settings.emergency.EmergencyGestureNumberOverridePreferenceController
06-25 11:58:50.794  1050  1074 D PrefCtrlListHelper: Could not find Context-only controller for pref: com.android.settings.regionalpreferences.TemperatureUnitController
06-25 11:58:50.794  1050  1074 D PrefCtrlListHelper: Could not find Context-only controller for pref: com.android.settings.regionalpreferences.FirstDayOfWeekController
06-25 11:58:50.794  1050  1074 D PrefCtrlListHelper: Could not find Context-only controller for pref: com.android.settings.regionalpreferences.NumberingSystemController
06-25 11:58:50.794  1050  1074 D PrefCtrlListHelper: Could not find Context-only controller for pref: com.android.settings.regionalpreferences.RegionalFooterPreferenceController
06-25 11:58:50.794  1050  1074 E ScreenResolutionController: No support
06-25 11:58:50.795  1050  4017 D PrefCtrlListHelper: Could not find Context-only controller for pref: com.android.settings.biometrics.face.FaceSettingsLockscreenBypassPreferenceController
06-25 11:58:50.795  1050  4017 D PrefCtrlListHelper: Could not find Context-only controller for pref: com.android.settings.users.AddUserWhenLockedPreferenceController
06-25 11:58:50.795  1050  1074 D PrefCtrlListHelper: Could not find Context-only controller for pref: com.android.settings.wifi.CellularFallbackPreferenceController
06-25 11:58:50.795  1050  1074 D PrefCtrlListHelper: Could not find Context-only controller for pref: com.android.settings.dream.DreamMainSwitchPreferenceController
06-25 11:58:50.795  1050  1074 D PrefCtrlListHelper: Could not find Context-only controller for pref: com.android.settings.dream.DreamComplicationPreferenceController
06-25 11:58:50.795  1050  1074 D PrefCtrlListHelper: Could not find Context-only controller for pref: com.android.settings.dream.DreamHomeControlsPreferenceController
06-25 11:58:50.795  1050  1074 D PrefCtrlListHelper: Could not find Context-only controller for pref: com.android.settings.network.telephony.MobileNetworkSwitchController
06-25 11:58:50.795  1050  1074 D PrefCtrlListHelper: Could not find Context-only controller for pref: com.android.settings.network.telephony.DisabledSubscriptionController
06-25 11:58:50.795  1050  1074 D PrefCtrlListHelper: Could not find Context-only controller for pref: com.android.settings.network.telephony.CallsDefaultSubscriptionController
06-25 11:58:50.795  1050  1074 W PrefCtrlListHelper: Cannot instantiate controller from reflection: com.android.settings.network.telephony.CallsDefaultSubscriptionController
06-25 11:58:50.795  1050  1074 D PrefCtrlListHelper: Could not find Context-only controller for pref: com.android.settings.network.telephony.SmsDefaultSubscriptionController
06-25 11:58:50.795  1050  1074 W PrefCtrlListHelper: Cannot instantiate controller from reflection: com.android.settings.network.telephony.SmsDefaultSubscriptionController
06-25 11:58:50.795  1050  1074 D PrefCtrlListHelper: Could not find Context-only controller for pref: com.android.settings.network.telephony.DataServiceSetupPreferenceController
06-25 11:58:50.795  1050  1074 D PrefCtrlListHelper: Could not find Context-only controller for pref: com.android.settings.network.telephony.MobileDataPreferenceController
06-25 11:58:50.795  1050  1074 W PrefCtrlListHelper: Cannot instantiate controller from reflection: com.android.settings.network.telephony.MobileDataPreferenceController
06-25 11:58:50.795  1050  1074 D PrefCtrlListHelper: Could not find Context-only controller for pref: com.android.settings.network.telephony.AutoDataSwitchPreferenceController
06-25 11:58:50.795  1050  1074 D PrefCtrlListHelper: Could not find Context-only controller for pref: com.android.settings.network.telephony.RoamingPreferenceController
06-25 11:58:50.795  1050  1074 W PrefCtrlListHelper: Cannot instantiate controller from reflection: com.android.settings.network.telephony.RoamingPreferenceController
06-25 11:58:50.796  1050  1074 D PrefCtrlListHelper: Could not find Context-only controller for pref: com.android.settings.network.telephony.DataUsagePreferenceController
06-25 11:58:50.796  1050  1074 D PrefCtrlListHelper: Could not find Context-only controller for pref: com.android.settings.datausage.BillingCyclePreferenceController
06-25 11:58:50.796  1050  1074 D PrefCtrlListHelper: Could not find Context-only controller for pref: com.android.settings.network.CarrierWifiTogglePreferenceController
06-25 11:58:50.796  1050  1074 D PrefCtrlListHelper: Could not find Context-only controller for pref: com.android.settings.network.telephony.MmsMessagePreferenceController
06-25 11:58:50.796  1050  1074 D PrefCtrlListHelper: Could not find Context-only controller for pref: com.android.settings.network.telephony.Enhanced4gLtePreferenceController
06-25 11:58:50.796  1050  1074 D PrefCtrlListHelper: Could not find Context-only controller for pref: com.android.settings.network.telephony.Enhanced4gCallingPreferenceController
06-25 11:58:50.796  1050  1074 D PrefCtrlListHelper: Could not find Context-only controller for pref: com.android.settings.network.telephony.Enhanced4gAdvancedCallingPreferenceController
06-25 11:58:50.796  1050  1074 D PrefCtrlListHelper: Could not find Context-only controller for pref: com.android.settings.network.telephony.ContactDiscoveryPreferenceController
06-25 11:58:50.796  1050  1074 D PrefCtrlListHelper: Could not find Context-only controller for pref: com.android.settings.network.telephony.PreferredNetworkModePreferenceController
06-25 11:58:50.796  1050  1074 D PrefCtrlListHelper: Could not find Context-only controller for pref: com.android.settings.network.telephony.EnabledNetworkModePreferenceController
06-25 11:58:50.796  1050  1074 D PrefCtrlListHelper: Could not find Context-only controller for pref: com.android.settings.network.telephony.CarrierSettingsVersionPreferenceController
06-25 11:58:50.796  1050  1074 D PrefCtrlListHelper: Could not find Context-only controller for pref: com.google.android.settings.network.telephony.SpeedBoostPreferenceController
