06-25 11:58:47.544  5557  5937 I Pay     : Requested check of feature migrations. [CONTEXT service_id=198 ]
06-25 11:58:47.546  5557  5937 W Pay     : Active account was null, notification task will be cancelled. [CONTEXT service_id=198 ]
06-25 11:58:47.546  5557  5937 W Pay     : [eMoney txn sync] exiting without init: active tapandpay account not found! [CONTEXT service_id=198 ]
06-25 11:58:47.548   518   532 I system_server: Background young concurrent copying GC freed 824929(18MB) AllocSpace objects, 2(40KB) LOS objects, 35% free, 31MB/48MB, paused 64us,41us total 123.745ms
06-25 11:58:47.548  5557  5937 W Pay     : Active account was null, notification task will be cancelled. [CONTEXT service_id=198 ]
06-25 11:58:47.549  5557  5937 W Pay     : [eMoney card recovery task] exiting without init: active tapandpay account not found! [CONTEXT service_id=198 ]
06-25 11:58:47.549  5557  5937 I Pay     : Requested immediate check to see whether to show pay module downloading complete notification. [CONTEXT service_id=198 ]
06-25 11:58:47.554   518   819 D PackageManager: Instant App installer not found with android.intent.action.INSTALL_INSTANT_APP_PACKAGE
06-25 11:58:47.554   518   819 D PackageManager: Clear ephemeral installer activity
06-25 11:58:47.557  5470  5470 D BoundBrokerSvc: onBind: Intent { act=com.google.android.gms.presencemanager.service.START dat=chimera-action:/... cmp=com.google.android.gms/.chimera.PersistentApiService }
06-25 11:58:47.557  5470  5470 D BoundBrokerSvc: Loading bound service for intent: Intent { act=com.google.android.gms.presencemanager.service.START dat=chimera-action:/... cmp=com.google.android.gms/.chimera.PersistentApiService }
06-25 11:58:47.559  5470  5470 D BoundBrokerSvc: onBind: Intent { act=com.google.android.gms.presencemanager.service.INTERNAL_IDENTITY dat=chimera-action:/... cmp=com.google.android.gms/.chimera.PersistentApiService }
06-25 11:58:47.559  5470  5470 D BoundBrokerSvc: Loading bound service for intent: Intent { act=com.google.android.gms.presencemanager.service.INTERNAL_IDENTITY dat=chimera-action:/... cmp=com.google.android.gms/.chimera.PersistentApiService }
06-25 11:58:47.563  5470  5535 I NetworkScheduler.Stats: Task com.google.android.gms/com.google.android.gms.ads.social.GcmSchedulerWakeupService started execution. cause:5 exec_start_elapsed_seconds: 86 [CONTEXT service_id=218 ]
06-25 11:58:47.565  5557  5937 W PeoplePU: getComponentEnabledSetting failed.
06-25 11:58:47.565  5557  5937 W PeoplePU: java.lang.IllegalArgumentException: Unknown component: ComponentInfo{com.google.android.syncadapters.contacts/com.google.android.syncadapters.contacts.ProxyGalProvider}
06-25 11:58:47.565  5557  5937 W PeoplePU: 	at android.os.Parcel.createExceptionOrNull(Parcel.java:3061)
06-25 11:58:47.565  5557  5937 W PeoplePU: 	at android.os.Parcel.createException(Parcel.java:3041)
06-25 11:58:47.565  5557  5937 W PeoplePU: 	at android.os.Parcel.readException(Parcel.java:3024)
06-25 11:58:47.565  5557  5937 W PeoplePU: 	at android.os.Parcel.readException(Parcel.java:2966)
06-25 11:58:47.565  5557  5937 W PeoplePU: 	at android.content.pm.IPackageManager$Stub$Proxy.getComponentEnabledSetting(IPackageManager.java:6034)
06-25 11:58:47.565  5557  5937 W PeoplePU: 	at android.app.ApplicationPackageManager.getComponentEnabledSetting(ApplicationPackageManager.java:3097)
06-25 11:58:47.565  5557  5937 W PeoplePU: 	at bvox.b(:com.google.android.gms@231818047@23.18.18 (190800-535401451):1)
06-25 11:58:47.565  5557  5937 W PeoplePU: 	at buru.a(:com.google.android.gms@231818047@23.18.18 (190800-535401451):2)
06-25 11:58:47.565  5557  5937 W PeoplePU: 	at com.google.android.gms.people.api.init.PeopleModuleInitIntentOperation.b(:com.google.android.gms@231818047@23.18.18 (190800-535401451):5)
06-25 11:58:47.565  5557  5937 W PeoplePU: 	at zdm.onHandleIntent(:com.google.android.gms@231818047@23.18.18 (190800-535401451):2)
06-25 11:58:47.565  5557  5937 W PeoplePU: 	at com.google.android.chimera.IntentOperation.onHandleIntent(:com.google.android.gms@231818047@23.18.18 (190800-535401451):2)
06-25 11:58:47.565  5557  5937 W PeoplePU: 	at zhv.onHandleIntent(:com.google.android.gms@231818047@23.18.18 (190800-535401451):4)
06-25 11:58:47.565  5557  5937 W PeoplePU: 	at hjm.run(:com.google.android.gms@231818047@23.18.18 (190800-535401451):3)
06-25 11:58:47.565  5557  5937 W PeoplePU: 	at hjl.run(:com.google.android.gms@231818047@23.18.18 (190800-535401451):11)
06-25 11:58:47.565  5557  5937 W PeoplePU: 	at dfhf.run(:com.google.android.gms@231818047@23.18.18 (190800-535401451):2)
06-25 11:58:47.565  5557  5937 W PeoplePU: 	at java.util.concurrent.ThreadPoolExecutor.runWorker(ThreadPoolExecutor.java:1145)
06-25 11:58:47.565  5557  5937 W PeoplePU: 	at java.util.concurrent.ThreadPoolExecutor$Worker.run(ThreadPoolExecutor.java:644)
06-25 11:58:47.565  5557  5937 W PeoplePU: 	at java.lang.Thread.run(Thread.java:1012)
06-25 11:58:47.587  5557  5937 I PeopleGalProvider: Gal directories started.
06-25 11:58:47.587  5557  5937 I PeopleGalProvider: Method 1 completed.
06-25 11:58:47.587  5557  5937 I PeopleGalProvider: Method 1 finished successfully.
06-25 11:58:47.591  5557  5937 I GalProviderController: setting component enabled=1 for com.google.android.gms.people.service.galprovider.PeopleGalProvider
06-25 11:58:47.591  5557  5937 I GalProviderController: Setting component enabled succeeds.
06-25 11:58:47.595  5557  5937 I PeopleGalProvider: Gal directories started.
06-25 11:58:47.595  5557  5937 I PeopleGalProvider: Method 1 completed.
06-25 11:58:47.595  5557  5937 I PeopleGalProvider: Method 1 finished successfully.
06-25 11:58:47.599  5023  5226 I Bugle   : BroadcastReceiverAsyncWorkTracker: Acknowledging broadcast of com.google.android.apps.messaging.shared.experiments.receiver.BuglePhenotypeBroadcastReceiver@db7c457
06-25 11:58:47.602  5557  5937 I DeletedNullContactsCleanup: Scheduling the service.
06-25 11:58:47.607  5557  5937 I BackupAndSyncValidation: Scheduling the service.
06-25 11:58:47.622  5557  5937 I PeopleInitIntentOp: Not initializing debuggability [CONTEXT service_id=5 ]
06-25 11:58:47.627  5557  5938 W ChimeraUtils: Module com.google.android.gms.phonesky_recovery missing resource null(0)
06-25 11:58:47.630  5557  5557 D BoundBrokerSvc: onBind: Intent { act=com.google.android.gms.common.BIND_SHARED_PREFS pkg=com.google.android.gms }
06-25 11:58:47.630  5557  5557 D BoundBrokerSvc: Loading bound service for intent: Intent { act=com.google.android.gms.common.BIND_SHARED_PREFS pkg=com.google.android.gms }
06-25 11:58:47.635  5557  5557 D BoundBrokerSvc: onUnbind: Intent { act=com.google.android.gms.common.BIND_SHARED_PREFS pkg=com.google.android.gms }
06-25 11:58:47.637  5557  5557 D BoundBrokerSvc: onBind: Intent { act=com.google.android.gms.common.BIND_SHARED_PREFS pkg=com.google.android.gms }
06-25 11:58:47.637  5557  5557 D BoundBrokerSvc: Loading bound service for intent: Intent { act=com.google.android.gms.common.BIND_SHARED_PREFS pkg=com.google.android.gms }
06-25 11:58:47.640  5557  5557 D BoundBrokerSvc: onUnbind: Intent { act=com.google.android.gms.common.BIND_SHARED_PREFS pkg=com.google.android.gms }
06-25 11:58:47.644  5557  5937 I ChimeraConfigurator: Starting update, reason: 4 urgentFeatures: mlkit.barcode.ui:0
06-25 11:58:47.648  5557  5681 I Checkin : [CheckinOperation] Starting Checkin: Default Task Reason : 1 Force : false UserId : 0 Start time : 86962
06-25 11:58:47.650  5557  5681 I CheckinUtil: Classify the device as Phone. [CONTEXT service_id=130 ]
06-25 11:58:47.661  5557  5937 I ChimeraConfigurator: Detected pending changes for urgent request: [mlkit.barcode.ui]. Pending module sets: container:2318189190800+mlkit.barcode.ui+vision.barcode,tflite_dynamite:2605805025100800+tflite_dynamite
06-25 11:58:47.668  5470  5535 I NetworkScheduler.Stats: Task com.google.android.gms/com.google.android.gms.ads.social.GcmSchedulerWakeupService finished executing. cause:5 result: 1 elapsed_millis: 81 uptime_millis: 81 exec_start_elapsed_seconds: 86 [CONTEXT service_id=218 ]
06-25 11:58:47.669  5557  5937 I GmsDebugLogger: [73] 1801
06-25 11:58:47.673  5557  5937 W ZappDownloader: No successful module downloads for requested features [mlkit.barcode.ui].
06-25 11:58:47.674  5557  5937 I GmsDebugLogger: [30] [VisionBarcode.optional:231818100800],[TfliteDynamiteDynamite.integ:260580502100800],[MlkitBarcodeUi.optional:231818100000]
06-25 11:58:47.678  5557  5937 W ChimeraConfigService: Retry attempt was throttled. [CONTEXT service_id=264 ]
06-25 11:58:47.679  5557  5937 I GmsDebugLogger: [83] 1 [mlkit.barcode.ui]
06-25 11:58:47.697  5557  5938 I AlarmManager: setExactAndAllowWhileIdle [name: RemindersNSREFRESH_TIME_REMINDERS_ALARM type: 0 triggerAtMillis: 1782432000000]
06-25 11:58:47.698  5557  5939 I GmsSyncPolicyEngine: Periodic sync 1 disabled by policy, cancelled.
06-25 11:58:47.698  5557  5939 I GmsSyncPolicyEngine: Periodic sync 2 disabled by policy, cancelled.
06-25 11:58:47.699  5557  5939 I GmsSyncPolicyEngine: Periodic sync 3 disabled by policy, cancelled.
06-25 11:58:47.712   817   817 I wpa_supplicant: wlan0: CTRL-EVENT-BEACON-LOSS 
06-25 11:58:47.719  5023  5951 D CompatibilityChangeReporter: Compat change id reported: 150939131; UID 10129; state: ENABLED
06-25 11:58:47.725  5557  5938 I SemanticLocation: [Scheduler] Periodic Task com.google.android.gms.semanticlocationhistory.deidentifieddata.storevisits.StoreVisitsProcessingService.StoreVisitsProcessing is scheduled to run EVERY_6_HOURS [CONTEXT service_id=173 ]
06-25 11:58:47.725  5557  5938 I SemanticLocation: [Scheduler] Periodic Task com.google.android.gms.semanticlocationhistory.deidentifieddata.wifi.WifiPlaceVisitProcessingService.WifiPlaceVisit is scheduled to run EVERY_DAY [CONTEXT service_id=173 ]
06-25 11:58:47.726  5557  5938 I SemanticLocation: [Scheduler] Periodic Task com.google.android.gms.semanticlocationhistory.deidentifieddata.uploads.BatchDeidentifiedDataUploadService.BatchDeidentifiedDataUpload is scheduled to run EVERY_6_HOURS [CONTEXT service_id=173 ]
06-25 11:58:47.726  5557  5938 I SemanticLocation: [Scheduler] Periodic Task com.google.android.gms.semanticlocationhistory.geller.GellerCleanupService.GellerCleanup is scheduled to run EVERY_DAY [CONTEXT service_id=173 ]
06-25 11:58:47.726  5557  5938 I SemanticLocation: [Scheduler] Periodic Task com.google.android.gms.semanticlocationhistory.settings.LocationHistoryActiveProcessingService.LocationHistoryActiveProcessing is scheduled to run EVERY_DAY [CONTEXT service_id=173 ]
06-25 11:58:47.726  5557  5938 I SemanticLocation: [Scheduler] Periodic Task com.google.android.gms.semanticlocationhistory.pulp.PulpInferenceService.PulpInference is scheduled to run EVERY_7_DAYS [CONTEXT service_id=173 ]
06-25 11:58:47.727  5557  5938 I SemanticLocation: [Scheduler] Periodic Task com.google.android.gms.semanticlocationhistory.pulp.PulpMddDownloadScheduleService.PulpMddRefreshDownloadTask is scheduled to run EVERY_DAY [CONTEXT service_id=173 ]
06-25 11:58:47.727  5557  5938 I SemanticLocation: [Scheduler] Periodic Task com.google.android.gms.semanticlocationhistory.pulp.PulpMddMaintenanceService.PulpMddMaintenanceTask is scheduled to run EVERY_DAY [CONTEXT service_id=173 ]
06-25 11:58:47.727  5557  5938 I SemanticLocation: [Scheduler] Periodic Task com.google.android.gms.semanticlocationhistory.federated.FederatedScheduleService.FederatedLocation is scheduled to run EVERY_DAY [CONTEXT service_id=173 ]
06-25 11:58:47.727  5557  5938 W GmsTaskScheduler: com.google.android.gms.semanticlocationhistory.federated.FederatedTaskIdentityDataService is not available. This may cause the task to be lost.
06-25 11:58:47.727  5557  5938 I SemanticLocation: [Scheduler] Periodic Task com.google.android.gms.semanticlocationhistory.federated.FederatedTaskIdentityDataService.FederatedLocation is scheduled to run EVERY_DAY [CONTEXT service_id=173 ]
06-25 11:58:47.728  5557  5938 W GmsTaskScheduler: com.google.android.gms.semanticlocationhistory.federated.FederatedJobHistoryService is not available. This may cause the task to be lost.
06-25 11:58:47.728  5557  5938 I SemanticLocation: [Scheduler] Periodic Task com.google.android.gms.semanticlocationhistory.federated.FederatedJobHistoryService.FederatedLocation is scheduled to run EVERY_DAY [CONTEXT service_id=173 ]
06-25 11:58:47.728  5557  5938 I SemanticLocation: [Scheduler] Periodic Task com.google.android.gms.semanticlocationhistory.db.OdlhDatabaseCleanupJob.OdlhDatabaseCleanup is scheduled to run EVERY_DAY [CONTEXT service_id=173 ]
06-25 11:58:47.728  5557  5938 I SemanticLocation: [Scheduler] Periodic Task com.google.android.gms.semanticlocationhistory.edit.EditMergeJob.EditMergeJob is scheduled to run EVERY_DAY [CONTEXT service_id=173 ]
06-25 11:58:47.729  5557  5938 I SemanticLocation: [Scheduler] Periodic Task com.google.android.gms.semanticlocationhistory.edit.EditUploadJob.EditUploadJob is scheduled to run EVERY_DAY [CONTEXT service_id=173 ]
06-25 11:58:47.729  5557  5938 I SemanticLocation: [Scheduler] Periodic Task com.google.android.gms.semanticlocationhistory.deidentifieddata.historicalbusyness.HistoricalBusynessProcessingService.HistoricalBusyness is scheduled to run EVERY_DAY [CONTEXT service_id=173 ]
06-25 11:58:47.729  5557  5938 I SemanticLocation: [Scheduler] Periodic Task com.google.android.gms.semanticlocationhistory.db.OdlhRemovedAccountsCleanupJob.OdlhRemovedAccountsCleanup is scheduled to run EVERY_DAY [CONTEXT service_id=173 ]
06-25 11:58:47.729  5557  5938 I SemanticLocation: [Scheduler] Periodic Task com.google.android.gms.semanticlocationhistory.db.OdlhUserEditSyncJob.OdlhUserEditSync is scheduled to run EVERY_DAY [CONTEXT service_id=173 ]
06-25 11:58:47.730  5557  5938 I SemanticLocation: [Scheduler] Periodic Task com.google.android.gms.semanticlocationhistory.federated.regionfetcher.RegionMddMaintenanceService.RegionMddMaintenanceTask is scheduled to run EVERY_DAY [CONTEXT service_id=173 ]
06-25 11:58:47.731  5557  5938 I SemanticLocation: [Scheduler] Periodic Task com.google.android.gms.semanticlocationhistory.federated.regionfetcher.RegionMddDownloadScheduleService.RegionMddRefreshDownloadTask is scheduled to run EVERY_6_HOURS [CONTEXT service_id=173 ]
06-25 11:58:47.732   518   926 D PackageManager: Instant App installer not found with android.intent.action.INSTALL_INSTANT_APP_PACKAGE
06-25 11:58:47.732   518   926 D PackageManager: Clear ephemeral installer activity
06-25 11:58:47.733   518  1600 D PackageManager: Instant App installer not found with android.intent.action.INSTALL_INSTANT_APP_PACKAGE
06-25 11:58:47.733   518  1600 D PackageManager: Clear ephemeral installer activity
06-25 11:58:47.735  5470  5536 I NetworkScheduler: ignoring stale queue check message
06-25 11:58:47.737  5557  5939 V SmartDevice: [ModuleInitializer] ModuleInitializer got intent Intent { act=android.intent.action.BOOT_COMPLETED flg=0x89000010 pkg=com.google.android.gms cmp=com.google.android.gms/.chimera.GmsIntentOperationService (has extras) } with flag 2
06-25 11:58:47.737  5557  5939 W ChimeraUtils: Module com.google.android.gms.smartdevice missing resource null(0)
06-25 11:58:47.741  5557  5681 I Checkin : [AndroidCheckinProtoModule] Checkin reason type: 1 attempt count: 1.
06-25 11:58:47.745  5557  5939 D SmartDevice: [ModuleInitializer] Module init - scheduling buffered logs cleanup task
06-25 11:58:47.745  5557  5939 I SmartDevice: [CleanBufferedLogsService] Periodic task upload_buffered_logs_periodic scheduled!
06-25 11:58:47.747  5557  5939 I AppLinksModuleInit: onInitRuntimeState [CONTEXT service_id=244 ]
06-25 11:58:47.749  5557  5939 I AppLinksModuleInit: verifying requested domain links post-boot [CONTEXT service_id=244 ]
06-25 11:58:47.757  5557  5648 W Pay     : Active account was null, notification task will be cancelled. [CONTEXT service_id=198 ]
06-25 11:58:47.758  5557  5648 E Pay     : [Migration operation] Active tapandpay account not found! [CONTEXT service_id=198 ]
06-25 11:58:47.759  5557  5648 I Pay     : Migration flag not enabled. [CONTEXT service_id=198 ]
06-25 11:58:47.760  5557  5939 I AppLinksRequestHandler: Processing 0 input requests [CONTEXT service_id=244 ]
06-25 11:58:47.760  5557  5939 I AppLinksModuleInit: Rerunning all WIP verifications [CONTEXT service_id=244 ]
06-25 11:58:47.764  5557  5939 I AppLinksRequestHandler: Processing 0 WIP requests. [CONTEXT service_id=244 ]
06-25 11:58:47.765  5557  5939 I AppLinksModuleInit: Scheduling regular retry verifications. [CONTEXT service_id=244 ]
06-25 11:58:47.765  5557  5939 I AppLinksVerRegularRetry: Retries scheduled. [CONTEXT service_id=244 ]
06-25 11:58:47.776  5557  5938 I TelephonySpamInit: On boot completed TelephonySpam module initialized [CONTEXT service_id=150 ]
06-25 11:58:47.776  5557  5938 I TelephonySpamInit: onModuleUpdated TelephonySpam module initialized [CONTEXT service_id=150 ]
06-25 11:58:47.777  5557  5938 I SpamListSync: scheduleSyncTasks [CONTEXT service_id=150 ]
06-25 11:58:47.777  5557  5938 I SpamListSync: schedulePeriodicTask [CONTEXT service_id=150 ]
06-25 11:58:47.777  5557  5648 I Pay     : Migration already completed. [CONTEXT service_id=198 ]
06-25 11:58:47.784  5557  5938 I SpamListSync: scheduleOneTimeTask [CONTEXT service_id=150 ]
06-25 11:58:47.785  5557  5998 I ThreadNetworkModuleInit: Initializing runtime states: 2 [CONTEXT service_id=305 ]
06-25 11:58:47.787  5557  5998 I ThreadNetworkModuleInit: Enabled component com.google.android.gms.threadnetwork.ui.ShareCredentialsActivity [CONTEXT service_id=305 ]
06-25 11:58:47.788  5557  5998 I ThreadBrSynchronizer: Scheduled periodic Border Router sync task: PeriodicBrSync [CONTEXT service_id=305 ]
06-25 11:58:47.790  5557  5648 I Pay     : Migration already completed. [CONTEXT service_id=198 ]
06-25 11:58:47.790  5557  5648 I Pay     : Migration flag not enabled. [CONTEXT service_id=198 ]
06-25 11:58:47.790  5557  5648 I Pay     : Migration flag not enabled. [CONTEXT service_id=198 ]
06-25 11:58:47.790  5557  5648 I Pay     : Migration flag not enabled. [CONTEXT service_id=198 ]
06-25 11:58:47.790  5557  5648 I Pay     : Migration flag not enabled. [CONTEXT service_id=198 ]
06-25 11:58:47.791  5557  5648 I Pay     : [SeTosMigration] walletJpEligibility is not enabled [CONTEXT service_id=198 ]
06-25 11:58:47.794  5557  5998 I TrustedTime: Skip initializing when trusted time feature disabled. [CONTEXT service_id=326 ]
06-25 11:58:47.796  5557  5648 I Pay     : Wallet install state NOT_INSTALLED [CONTEXT service_id=198 ]
06-25 11:58:47.796  5557  5648 I Pay     : Migration flag not enabled. [CONTEXT service_id=198 ]
06-25 11:58:47.797  5470  5498 I SemanticLocation: [MDD] ModelBundleMetadata: File not found [CONTEXT service_id=173 ]
06-25 11:58:47.797  5470  5498 I SemanticLocation: java.io.FileNotFoundException: /data/user/0/com.google.android.gms/files/model_bundle_metadata.pb: open failed: ENOENT (No such file or directory)
06-25 11:58:47.797  5470  5498 I SemanticLocation: 	at libcore.io.IoBridge.open(IoBridge.java:574)
06-25 11:58:47.797  5470  5498 I SemanticLocation: 	at java.io.FileInputStream.<init>(FileInputStream.java:160)
06-25 11:58:47.797  5470  5498 I SemanticLocation: 	at android.app.ContextImpl.openFileInput(ContextImpl.java:745)
06-25 11:58:47.797  5470  5498 I SemanticLocation: 	at android.content.ContextWrapper.openFileInput(ContextWrapper.java:249)
06-25 11:58:47.797  5470  5498 I SemanticLocation: 	at android.content.ContextWrapper.openFileInput(ContextWrapper.java:249)
06-25 11:58:47.797  5470  5498 I SemanticLocation: 	at android.content.ContextWrapper.openFileInput(ContextWrapper.java:249)
06-25 11:58:47.797  5470  5498 I SemanticLocation: 	at bzxt.h(:com.google.android.gms@231818047@23.18.18 (190800-535401451):1)
06-25 11:58:47.797  5470  5498 I SemanticLocation: 	at bzxd.c(:com.google.android.gms@231818047@23.18.18 (190800-535401451):9)
06-25 11:58:47.797  5470  5498 I SemanticLocation: 	at bzxd.<init>(:com.google.android.gms@231818047@23.18.18 (190800-535401451):0)
06-25 11:58:47.797  5470  5498 I SemanticLocation: 	at cadn.j(:com.google.android.gms@231818047@23.18.18 (190800-535401451):0)
06-25 11:58:47.797  5470  5498 I SemanticLocation: 	at cadn.h(:com.google.android.gms@231818047@23.18.18 (190800-535401451):36)
06-25 11:58:47.797  5470  5498 I SemanticLocation: 	at cadn.b(:com.google.android.gms@231818047@23.18.18 (190800-535401451):0)
06-25 11:58:47.797  5470  5498 I SemanticLocation: 	at com.google.android.gms.semanticlocation.service.SemanticLocationChimeraService.k(:com.google.android.gms@231818047@23.18.18 (190800-535401451):9)
06-25 11:58:47.797  5470  5498 I SemanticLocation: 	at com.google.android.gms.semanticlocation.service.SemanticLocationChimeraService.h(:com.google.android.gms@231818047@23.18.18 (190800-535401451):17)
06-25 11:58:47.797  5470  5498 I SemanticLocation: 	at cacs.run(:com.google.android.gms@231818047@23.18.18 (190800-535401451):68)
06-25 11:58:47.797  5470  5498 I SemanticLocation: 	at java.util.concurrent.Executors$RunnableAdapter.call(Executors.java:487)
06-25 11:58:47.797  5470  5498 I SemanticLocation: 	at java.util.concurrent.FutureTask.run(FutureTask.java:264)
06-25 11:58:47.797  5470  5498 I SemanticLocation: 	at aced.c(:com.google.android.gms@231818047@23.18.18 (190800-535401451):6)
06-25 11:58:47.797  5470  5498 I SemanticLocation: 	at aced.run(:com.google.android.gms@231818047@23.18.18 (190800-535401451):7)
06-25 11:58:47.797  5470  5498 I SemanticLocation: 	at java.util.concurrent.ThreadPoolExecutor.runWorker(ThreadPoolExecutor.java:1145)
06-25 11:58:47.797  5470  5498 I SemanticLocation: 	at java.util.concurrent.ThreadPoolExecutor$Worker.run(ThreadPoolExecutor.java:644)
06-25 11:58:47.797  5470  5498 I SemanticLocation: 	at acjn.run(:com.google.android.gms@231818047@23.18.18 (190800-535401451):0)
06-25 11:58:47.797  5470  5498 I SemanticLocation: 	at java.lang.Thread.run(Thread.java:1012)
06-25 11:58:47.797  5470  5498 I SemanticLocation: Caused by: android.system.ErrnoException: open failed: ENOENT (No such file or directory)
06-25 11:58:47.797  5470  5498 I SemanticLocation: 	at libcore.io.Linux.open(Native Method)
06-25 11:58:47.797  5470  5498 I SemanticLocation: 	at libcore.io.ForwardingOs.open(ForwardingOs.java:563)
06-25 11:58:47.797  5470  5498 I SemanticLocation: 	at libcore.io.BlockGuardOs.open(BlockGuardOs.java:274)
06-25 11:58:47.797  5470  5498 I SemanticLocation: 	at libcore.io.ForwardingOs.open(ForwardingOs.java:563)
06-25 11:58:47.797  5470  5498 I SemanticLocation: 	at android.app.ActivityThread$AndroidOs.open(ActivityThread.java:8063)
06-25 11:58:47.797  5470  5498 I SemanticLocation: 	at libcore.io.IoBridge.open(IoBridge.java:560)
06-25 11:58:47.797  5470  5498 I SemanticLocation: 	... 22 more
06-25 11:58:47.805  5557  5939 I ChimeraConfigurator: Starting update, reason: 4 urgentFeatures: tflite_dynamite:-1
06-25 11:58:47.817  5557  5998 I ActiveUnlock: Clearing old unlock triggers [CONTEXT service_id=327 ]
06-25 11:58:47.819  5470  5498 I SemanticLocation: [MDD] ModelBundleMetadata: File not found [CONTEXT service_id=173 ]
06-25 11:58:47.819  5470  5498 I SemanticLocation: java.io.FileNotFoundException: /data/user/0/com.google.android.gms/files/model_bundle_metadata.pb: open failed: ENOENT (No such file or directory)
06-25 11:58:47.819  5470  5498 I SemanticLocation: 	at libcore.io.IoBridge.open(IoBridge.java:574)
06-25 11:58:47.819  5470  5498 I SemanticLocation: 	at java.io.FileInputStream.<init>(FileInputStream.java:160)
06-25 11:58:47.819  5470  5498 I SemanticLocation: 	at android.app.ContextImpl.openFileInput(ContextImpl.java:745)
06-25 11:58:47.819  5470  5498 I SemanticLocation: 	at android.content.ContextWrapper.openFileInput(ContextWrapper.java:249)
06-25 11:58:47.819  5470  5498 I SemanticLocation: 	at android.content.ContextWrapper.openFileInput(ContextWrapper.java:249)
06-25 11:58:47.819  5470  5498 I SemanticLocation: 	at android.content.ContextWrapper.openFileInput(ContextWrapper.java:249)
06-25 11:58:47.819  5470  5498 I SemanticLocation: 	at bzxt.h(:com.google.android.gms@231818047@23.18.18 (190800-535401451):1)
06-25 11:58:47.819  5470  5498 I SemanticLocation: 	at bzxd.c(:com.google.android.gms@231818047@23.18.18 (190800-535401451):9)
06-25 11:58:47.819  5470  5498 I SemanticLocation: 	at cadb.run(:com.google.android.gms@231818047@23.18.18 (190800-535401451):0)
06-25 11:58:47.819  5470  5498 I SemanticLocation: 	at aced.c(:com.google.android.gms@231818047@23.18.18 (190800-535401451):6)
06-25 11:58:47.819  5470  5498 I SemanticLocation: 	at aced.run(:com.google.android.gms@231818047@23.18.18 (190800-535401451):8)
06-25 11:58:47.819  5470  5498 I SemanticLocation: 	at java.util.concurrent.ThreadPoolExecutor.runWorker(ThreadPoolExecutor.java:1145)
06-25 11:58:47.819  5470  5498 I SemanticLocation: 	at java.util.concurrent.ThreadPoolExecutor$Worker.run(ThreadPoolExecutor.java:644)
06-25 11:58:47.819  5470  5498 I SemanticLocation: 	at acjn.run(:com.google.android.gms@231818047@23.18.18 (190800-535401451):0)
06-25 11:58:47.819  5470  5498 I SemanticLocation: 	at java.lang.Thread.run(Thread.java:1012)
06-25 11:58:47.819  5470  5498 I SemanticLocation: Caused by: android.system.ErrnoException: open failed: ENOENT (No such file or directory)
06-25 11:58:47.819  5470  5498 I SemanticLocation: 	at libcore.io.Linux.open(Native Method)
06-25 11:58:47.819  5470  5498 I SemanticLocation: 	at libcore.io.ForwardingOs.open(ForwardingOs.java:563)
06-25 11:58:47.819  5470  5498 I SemanticLocation: 	at libcore.io.BlockGuardOs.open(BlockGuardOs.java:274)
06-25 11:58:47.819  5470  5498 I SemanticLocation: 	at libcore.io.ForwardingOs.open(ForwardingOs.java:563)
06-25 11:58:47.819  5470  5498 I SemanticLocation: 	at android.app.ActivityThread$AndroidOs.open(ActivityThread.java:8063)
06-25 11:58:47.819  5470  5498 I SemanticLocation: 	at libcore.io.IoBridge.open(IoBridge.java:560)
06-25 11:58:47.819  5470  5498 I SemanticLocation: 	... 14 more
06-25 11:58:47.821  1571  3144 I AiAiEcho: Settings changed for uri: content://settings/secure/active_unlock_on_wake
06-25 11:58:47.821  1571  1768 I AiAiEcho: Predicting[0]: 
06-25 11:58:47.821  1571  1768 I AiAiEcho: EchoTargets: 
06-25 11:58:47.821  1571  1768 I AiAiEcho: Filtered by AiAi flag check: 
06-25 11:58:47.822  1571  1768 I AiAiEcho: Ranked targets strategy: SORT, count: 0, ranking metadata: 
06-25 11:58:47.822  1571  1768 I AiAiEcho: Predicting[0]: 
06-25 11:58:47.822  1571  1768 I AiAiEcho: EchoTargets: 
06-25 11:58:47.822  1571  1768 I AiAiEcho: Filtered by AiAi flag check: 
06-25 11:58:47.822  1571  1768 I AiAiEcho: Ranked targets strategy: SORT, count: 0, ranking metadata: 
06-25 11:58:47.823  1571  1768 I AiAiEcho: #postPredictionTargets: Sending updates to UISurface lockscreen with targets# 0 (types=[])
06-25 11:58:47.823  1571  1768 I AiAiEcho: #postPredictionTargets: Sending updates to UISurface home with targets# 0 (types=[])
06-25 11:58:47.823  1571  3144 I AiAiEcho: Settings changed for uri: content://settings/secure/active_unlock_on_unlock_intent
06-25 11:58:47.824  1571  3144 I AiAiEcho: Settings changed for uri: content://settings/secure/active_unlock_on_biometric_fail
06-25 11:58:47.824  1571  3144 I AiAiEcho: Settings changed for uri: content://settings/secure/active_unlock_on_biometric_fail
06-25 11:58:47.824  1571  3144 I AiAiEcho: Settings changed for uri: content://settings/secure/active_unlock_on_face_errors
06-25 11:58:47.824  1571  3144 I AiAiEcho: Settings changed for uri: content://settings/secure/active_unlock_on_face_acquire_info
06-25 11:58:47.824  1571  3144 I AiAiEcho: Settings changed for uri: content://settings/secure/active_unlock_on_unlock_intent_when_biometric_enrolled
06-25 11:58:47.824  1571  3144 I AiAiEcho: Settings changed for uri: content://settings/secure/active_unlock_on_unlock_intent
06-25 11:58:47.824  5557  5998 I ActiveUnlock: Setting system trigger values from: active_unlock_on_unlock_intent [CONTEXT service_id=327 ]
06-25 11:58:47.825   831   831 W PageIndicator: Total number of pages invalid: 0. Assuming 1 page.
06-25 11:58:47.825  1571  3144 I AiAiEcho: Settings changed for uri: content://settings/secure/active_unlock_wakeups_considered_unlock_intents
06-25 11:58:47.825  1571  3144 I AiAiEcho: Settings changed for uri: content://settings/secure/active_unlock_on_unlock_intent
06-25 11:58:47.825   336  6009 I resolv  : GetAddrInfoHandler::run: {101 786533 101 983141 10132 0}
06-25 11:58:47.825  1571  1768 I AiAiEcho: Predicting[0]: 
06-25 11:58:47.825  1571  1768 I AiAiEcho: EchoTargets: 
06-25 11:58:47.825  1571  1768 I AiAiEcho: Filtered by AiAi flag check: 
06-25 11:58:47.825  1571  1768 I AiAiEcho: Ranked targets strategy: SORT, count: 0, ranking metadata: 
06-25 11:58:47.825  1571  1768 I AiAiEcho: Predicting[0]: 
06-25 11:58:47.825  1571  1768 I AiAiEcho: EchoTargets: 
06-25 11:58:47.825  1571  1768 I AiAiEcho: Filtered by AiAi flag check: 
06-25 11:58:47.825  1571  1768 I AiAiEcho: Ranked targets strategy: SORT, count: 0, ranking metadata: 
06-25 11:58:47.826  1571  1768 I AiAiEcho: Predicting[0]: 
06-25 11:58:47.826  1571  1768 I AiAiEcho: EchoTargets: 
06-25 11:58:47.826  1571  1768 I AiAiEcho: Filtered by AiAi flag check: 
06-25 11:58:47.826  1571  1768 I AiAiEcho: Ranked targets strategy: SORT, count: 0, ranking metadata: 
06-25 11:58:47.826  1571  1768 I AiAiEcho: Predicting[0]: 
06-25 11:58:47.826  1571  1768 I AiAiEcho: EchoTargets: 
06-25 11:58:47.826  1571  1768 I AiAiEcho: Filtered by AiAi flag check: 
06-25 11:58:47.826  1571  1768 I AiAiEcho: Ranked targets strategy: SORT, count: 0, ranking metadata: 
06-25 11:58:47.826  1571  1768 I AiAiEcho: Predicting[0]: 
06-25 11:58:47.826  1571  1768 I AiAiEcho: EchoTargets: 
06-25 11:58:47.826  1571  1768 I AiAiEcho: Filtered by AiAi flag check: 
06-25 11:58:47.826  1571  1768 I AiAiEcho: Ranked targets strategy: SORT, count: 0, ranking metadata: 
06-25 11:58:47.826  1571  1768 I AiAiEcho: Predicting[0]: 
06-25 11:58:47.826  1571  1768 I AiAiEcho: EchoTargets: 
06-25 11:58:47.826  1571  1768 I AiAiEcho: Filtered by AiAi flag check: 
06-25 11:58:47.826  1571  1768 I AiAiEcho: Ranked targets strategy: SORT, count: 0, ranking metadata: 
06-25 11:58:47.826  1571  1768 I AiAiEcho: Predicting[0]: 
06-25 11:58:47.826  1571  1768 I AiAiEcho: EchoTargets: 
06-25 11:58:47.826  1571  1768 I AiAiEcho: Filtered by AiAi flag check: 
06-25 11:58:47.826  1571  1768 I AiAiEcho: Ranked targets strategy: SORT, count: 0, ranking metadata: 
06-25 11:58:47.827  1571  1768 I AiAiEcho: Predicting[0]: 
06-25 11:58:47.827  1571  1768 I AiAiEcho: EchoTargets: 
06-25 11:58:47.827  1571  1768 I AiAiEcho: Filtered by AiAi flag check: 
06-25 11:58:47.827  1571  1768 I AiAiEcho: Ranked targets strategy: SORT, count: 0, ranking metadata: 
06-25 11:58:47.827  5557  5998 I ActiveUnlock: Setting system trigger values from: active_unlock_on_face_errors=[-1] [CONTEXT service_id=327 ]
06-25 11:58:47.827  1571  1768 I AiAiEcho: Predicting[0]: 
06-25 11:58:47.827  1571  1768 I AiAiEcho: EchoTargets: 
06-25 11:58:47.827  1571  1768 I AiAiEcho: Filtered by AiAi flag check: 
06-25 11:58:47.827  1571  1768 I AiAiEcho: Ranked targets strategy: SORT, count: 0, ranking metadata: 
06-25 11:58:47.827  1571  1768 I AiAiEcho: Predicting[0]: 
06-25 11:58:47.827  1571  1768 I AiAiEcho: EchoTargets: 
06-25 11:58:47.827  1571  1768 I AiAiEcho: Filtered by AiAi flag check: 
06-25 11:58:47.828  1571  1768 I AiAiEcho: Ranked targets strategy: SORT, count: 0, ranking metadata: 
06-25 11:58:47.828  1571  1768 I AiAiEcho: Predicting[0]: 
06-25 11:58:47.828  1571  1768 I AiAiEcho: EchoTargets: 
06-25 11:58:47.828  1571  1768 I AiAiEcho: Filtered by AiAi flag check: 
06-25 11:58:47.828  1571  1768 I AiAiEcho: Ranked targets strategy: SORT, count: 0, ranking metadata: 
06-25 11:58:47.828  1571  1768 I AiAiEcho: Predicting[0]: 
06-25 11:58:47.828   336  6011 I resolv  : res_nmkquery: (QUERY, IN, A)
06-25 11:58:47.828   336  6011 I resolv  : resolv_cache_lookup: FOUND IN CACHE entry=0x7e20e170b4b0
06-25 11:58:47.828   336  6011 I resolv  : doQuery: rcode=0, ancount=4, return value=104
06-25 11:58:47.828  1571  1768 I AiAiEcho: EchoTargets: 
06-25 11:58:47.828  1571  1768 I AiAiEcho: Filtered by AiAi flag check: 
06-25 11:58:47.828  1571  1768 I AiAiEcho: Ranked targets strategy: SORT, count: 0, ranking metadata: 
06-25 11:58:47.829  1571  1768 I AiAiEcho: Predicting[0]: 
06-25 11:58:47.829  1571  1768 I AiAiEcho: EchoTargets: 
06-25 11:58:47.829  1571  1768 I AiAiEcho: Filtered by AiAi flag check: 
06-25 11:58:47.829  5557  5998 I ActiveUnlock: Setting system trigger values from: active_unlock_wakeups_considered_unlock_intents=[12] [CONTEXT service_id=327 ]
06-25 11:58:47.829  1571  1768 I AiAiEcho: Ranked targets strategy: SORT, count: 0, ranking metadata: 
06-25 11:58:47.829  1571  1768 I AiAiEcho: Predicting[0]: 
06-25 11:58:47.829  1571  1768 I AiAiEcho: EchoTargets: 
06-25 11:58:47.829  1571  1768 I AiAiEcho: Filtered by AiAi flag check: 
06-25 11:58:47.829  1571  1768 I AiAiEcho: Ranked targets strategy: SORT, count: 0, ranking metadata: 
06-25 11:58:47.829   336  6010 I resolv  : res_nmkquery: (QUERY, IN, AAAA)
06-25 11:58:47.829   336  6010 I resolv  : resolv_cache_lookup: FOUND IN CACHE entry=0x7e20e170ca10
06-25 11:58:47.829   336  6010 I resolv  : doQuery: rcode=0, ancount=4, return value=152
06-25 11:58:47.829  1571  3144 I AiAiEcho: Settings changed for uri: content://settings/secure/active_unlock_on_biometric_fail
06-25 11:58:47.829  1571  3144 I AiAiEcho: Settings changed for uri: content://settings/secure/active_unlock_on_face_errors
06-25 11:58:47.830  1571  1768 I AiAiEcho: Predicting[0]: 
06-25 11:58:47.830  1571  1768 I AiAiEcho: EchoTargets: 
06-25 11:58:47.830  1571  1768 I AiAiEcho: Filtered by AiAi flag check: 
06-25 11:58:47.830  1571  1768 I AiAiEcho: Ranked targets strategy: SORT, count: 0, ranking metadata: 
06-25 11:58:47.830  1571  1768 I AiAiEcho: Predicting[0]: 
06-25 11:58:47.830  1571  1768 I AiAiEcho: EchoTargets: 
06-25 11:58:47.830  1571  1768 I AiAiEcho: Filtered by AiAi flag check: 
06-25 11:58:47.830  1571  1768 I AiAiEcho: Ranked targets strategy: SORT, count: 0, ranking metadata: 
06-25 11:58:47.830  1571  1768 I AiAiEcho: Predicting[0]: 
06-25 11:58:47.830  1571  1768 I AiAiEcho: EchoTargets: 
06-25 11:58:47.830  1571  1768 I AiAiEcho: Filtered by AiAi flag check: 
06-25 11:58:47.830  1571  1768 I AiAiEcho: Ranked targets strategy: SORT, count: 0, ranking metadata: 
06-25 11:58:47.831  1571  1768 I AiAiEcho: Predicting[0]: 
06-25 11:58:47.831  1571  1768 I AiAiEcho: EchoTargets: 
06-25 11:58:47.831  1571  1768 I AiAiEcho: Filtered by AiAi flag check: 
06-25 11:58:47.831  1571  1768 I AiAiEcho: Ranked targets strategy: SORT, count: 0, ranking metadata: 
06-25 11:58:47.831  1571  1768 I AiAiEcho: #postPredictionTargets: Sending updates to UISurface lockscreen with targets# 0 (types=[])
06-25 11:58:47.831  1571  1768 I AiAiEcho: #postPredictionTargets: Sending updates to UISurface home with targets# 0 (types=[])
06-25 11:58:47.831   831   831 W PageIndicator: Total number of pages invalid: 0. Assuming 1 page.
06-25 11:58:47.831  1571  1768 I AiAiEcho: #postPredictionTargets: Sending updates to UISurface lockscreen with targets# 0 (types=[])
06-25 11:58:47.831  1571  1683 I AiAiEcho: Settings changed for uri: content://settings/secure/active_unlock_wakeups_considered_unlock_intents
06-25 11:58:47.832   831   831 W PageIndicator: Total number of pages invalid: 0. Assuming 1 page.
06-25 11:58:47.832  1571  1768 I AiAiEcho: #postPredictionTargets: Sending updates to UISurface home with targets# 0 (types=[])
06-25 11:58:47.832  5557  5998 I ActiveUnlock: Setting system trigger values from: active_unlock_on_face_acquire_info=[25, 26] [CONTEXT service_id=327 ]
06-25 11:58:47.832  1571  1768 I AiAiEcho: #postPredictionTargets: Sending updates to UISurface lockscreen with targets# 0 (types=[])
06-25 11:58:47.833   831   831 W PageIndicator: Total number of pages invalid: 0. Assuming 1 page.
06-25 11:58:47.833  1571  1768 I AiAiEcho: #postPredictionTargets: Sending updates to UISurface home with targets# 0 (types=[])
06-25 11:58:47.833  5557  5681 D TrafficStats: tagSocket(146) with statsTag=0x30000408, statsUid=-1
06-25 11:58:47.833  1571  1768 I AiAiEcho: #postPredictionTargets: Sending updates to UISurface lockscreen with targets# 0 (types=[])
06-25 11:58:47.833  1571  1683 I AiAiEcho: Settings changed for uri: content://settings/secure/active_unlock_on_face_acquire_info
06-25 11:58:47.833   831   831 W PageIndicator: Total number of pages invalid: 0. Assuming 1 page.
06-25 11:58:47.833  1571  1768 I AiAiEcho: #postPredictionTargets: Sending updates to UISurface home with targets# 0 (types=[])
06-25 11:58:47.834  1571  1768 I AiAiEcho: #postPredictionTargets: Sending updates to UISurface lockscreen with targets# 0 (types=[])
06-25 11:58:47.834   831   831 W PageIndicator: Total number of pages invalid: 0. Assuming 1 page.
06-25 11:58:47.834  1571  1768 I AiAiEcho: #postPredictionTargets: Sending updates to UISurface home with targets# 0 (types=[])
06-25 11:58:47.835  1571  1768 I AiAiEcho: #postPredictionTargets: Sending updates to UISurface lockscreen with targets# 0 (types=[])
06-25 11:58:47.835   831   831 W PageIndicator: Total number of pages invalid: 0. Assuming 1 page.
06-25 11:58:47.835  1571  1768 I AiAiEcho: #postPredictionTargets: Sending updates to UISurface home with targets# 0 (types=[])
06-25 11:58:47.835  5557  5998 W ChimeraUtils: Module com.google.android.gms.activeunlock_primary missing resource null(0)
06-25 11:58:47.835  1571  1768 I AiAiEcho: #postPredictionTargets: Sending updates to UISurface lockscreen with targets# 0 (types=[])
06-25 11:58:47.835   831   831 W PageIndicator: Total number of pages invalid: 0. Assuming 1 page.
06-25 11:58:47.836  1571  1768 I AiAiEcho: Predicting[0]: 
06-25 11:58:47.836  1571  1768 I AiAiEcho: EchoTargets: 
06-25 11:58:47.836  1571  1768 I AiAiEcho: Filtered by AiAi flag check: 
06-25 11:58:47.836  1571  1768 I AiAiEcho: Ranked targets strategy: SORT, count: 0, ranking metadata: 
06-25 11:58:47.836  1571  1768 I AiAiEcho: Predicting[0]: 
06-25 11:58:47.836  1571  1768 I AiAiEcho: EchoTargets: 
06-25 11:58:47.836  1571  1768 I AiAiEcho: Filtered by AiAi flag check: 
06-25 11:58:47.836  1571  1768 I AiAiEcho: Ranked targets strategy: SORT, count: 0, ranking metadata: 
06-25 11:58:47.836  1571  1768 I AiAiEcho: Predicting[0]: 
06-25 11:58:47.836  1571  1768 I AiAiEcho: EchoTargets: 
06-25 11:58:47.836  1571  1768 I AiAiEcho: Filtered by AiAi flag check: 
06-25 11:58:47.836  1571  1768 I AiAiEcho: Ranked targets strategy: SORT, count: 0, ranking metadata: 
06-25 11:58:47.836  1571  1768 I AiAiEcho: Predicting[0]: 
06-25 11:58:47.836  1571  1768 I AiAiEcho: EchoTargets: 
06-25 11:58:47.836  1571  1768 I AiAiEcho: Filtered by AiAi flag check: 
06-25 11:58:47.836  1571  1768 I AiAiEcho: Ranked targets strategy: SORT, count: 0, ranking metadata: 
06-25 11:58:47.837  1571  1768 I AiAiEcho: #postPredictionTargets: Sending updates to UISurface home with targets# 0 (types=[])
06-25 11:58:47.837  1571  1768 I AiAiEcho: #postPredictionTargets: Sending updates to UISurface lockscreen with targets# 0 (types=[])
06-25 11:58:47.837   831   831 W PageIndicator: Total number of pages invalid: 0. Assuming 1 page.
06-25 11:58:47.837  1571  1768 I AiAiEcho: #postPredictionTargets: Sending updates to UISurface home with targets# 0 (types=[])
06-25 11:58:47.837  1571  1768 I AiAiEcho: #postPredictionTargets: Sending updates to UISurface lockscreen with targets# 0 (types=[])
06-25 11:58:47.838  1571  1768 I AiAiEcho: #postPredictionTargets: Sending updates to UISurface home with targets# 0 (types=[])
06-25 11:58:47.838   831   831 W PageIndicator: Total number of pages invalid: 0. Assuming 1 page.
06-25 11:58:47.838  1571  1768 I AiAiEcho: Predicting[0]: 
06-25 11:58:47.838  1571  1768 I AiAiEcho: EchoTargets: 
06-25 11:58:47.838  1571  1768 I AiAiEcho: Filtered by AiAi flag check: 
06-25 11:58:47.838  1571  1768 I AiAiEcho: Ranked targets strategy: SORT, count: 0, ranking metadata: 
06-25 11:58:47.839  1571  1768 I AiAiEcho: Predicting[0]: 
06-25 11:58:47.839  1571  1768 I AiAiEcho: EchoTargets: 
06-25 11:58:47.839  1571  1768 I AiAiEcho: Filtered by AiAi flag check: 
06-25 11:58:47.839  1571  1768 I AiAiEcho: Ranked targets strategy: SORT, count: 0, ranking metadata: 
06-25 11:58:47.839  1571  1768 I AiAiEcho: Predicting[0]: 
06-25 11:58:47.839  1571  1768 I AiAiEcho: EchoTargets: 
06-25 11:58:47.839  1571  1768 I AiAiEcho: Filtered by AiAi flag check: 
06-25 11:58:47.839  1571  1768 I AiAiEcho: Ranked targets strategy: SORT, count: 0, ranking metadata: 
06-25 11:58:47.839  1571  1768 I AiAiEcho: Predicting[0]: 
06-25 11:58:47.839  1571  1768 I AiAiEcho: EchoTargets: 
06-25 11:58:47.839  1571  1768 I AiAiEcho: Filtered by AiAi flag check: 
06-25 11:58:47.839  1571  1768 I AiAiEcho: Ranked targets strategy: SORT, count: 0, ranking metadata: 
06-25 11:58:47.839  1571  1768 I AiAiEcho: #postPredictionTargets: Sending updates to UISurface lockscreen with targets# 0 (types=[])
06-25 11:58:47.839  1571  1768 I AiAiEcho: #postPredictionTargets: Sending updates to UISurface home with targets# 0 (types=[])
06-25 11:58:47.839   831   831 W PageIndicator: Total number of pages invalid: 0. Assuming 1 page.
06-25 11:58:47.839  5557  5939 I ChimeraConfigurator: Detected pending changes for urgent request: [tflite_dynamite]. Pending module sets: container:2318189190800,tflite_dynamite:2605805025100800+tflite_dynamite
06-25 11:58:47.840  1571  1768 I AiAiEcho: #postPredictionTargets: Sending updates to UISurface lockscreen with targets# 0 (types=[])
06-25 11:58:47.840   831   831 W PageIndicator: Total number of pages invalid: 0. Assuming 1 page.
06-25 11:58:47.840  1571  1768 I AiAiEcho: #postPredictionTargets: Sending updates to UISurface home with targets# 0 (types=[])
06-25 11:58:47.840  1571  1768 I AiAiEcho: #postPredictionTargets: Sending updates to UISurface lockscreen with targets# 0 (types=[])
06-25 11:58:47.840  1571  1768 I AiAiEcho: #postPredictionTargets: Sending updates to UISurface home with targets# 0 (types=[])
06-25 11:58:47.841   831   831 W PageIndicator: Total number of pages invalid: 0. Assuming 1 page.
06-25 11:58:47.841  1571  1768 I AiAiEcho: #postPredictionTargets: Sending updates to UISurface lockscreen with targets# 0 (types=[])
06-25 11:58:47.841   831   831 W PageIndicator: Total number of pages invalid: 0. Assuming 1 page.
06-25 11:58:47.841  1571  1768 I AiAiEcho: #postPredictionTargets: Sending updates to UISurface home with targets# 0 (types=[])
06-25 11:58:47.853  5557  5939 I GmsDebugLogger: [73] 1801
06-25 11:58:47.855  5557  5939 W ZappDownloader: No successful module downloads for requested features [tflite_dynamite].
06-25 11:58:47.855  5557  5939 I GmsDebugLogger: [30] [TfliteDynamiteDynamite.integ:260580502100800]
06-25 11:58:47.858  5557  5939 W ChimeraConfigService: Retry attempt was throttled. [CONTEXT service_id=264 ]
06-25 11:58:47.858  5557  5939 I GmsDebugLogger: [83] 1 [tflite_dynamite]
06-25 11:58:47.861  5557  5670 I SystemUpdate: [Control,UpdateReminderDialogControl] Received action: android.intent.action.BOOT_COMPLETED
06-25 11:58:47.879  5557  6013 I ChimeraConfigurator: Starting update, reason: 4 urgentFeatures: vision.ocr:-1
06-25 11:58:47.895  5557  6013 I ChimeraConfigurator: Detected pending changes for urgent request: [vision.ocr]. Pending module sets: container:2318189190800+mlkit.ocr.common,tflite_dynamite:2605805025100800+tflite_dynamite,vision_ocr:2316024025100000+vision.ocr
06-25 11:58:47.897  2718  2718 W JobService: onNetworkChanged() not implemented in com.android.voicemail.impl.scheduling.TaskSchedulerJobService. Must override in a subclass.
06-25 11:58:47.906  5557  5670 I Wear_Controller: Wearable module requires a companion app to be installed.
06-25 11:58:47.907  5557  5670 I Wear_Controller: onStartup - Wear is not available on this device.
06-25 11:58:47.910  5557  6013 I GmsDebugLogger: [73] 1801
06-25 11:58:47.912  5557  6013 W ZappDownloader: No successful module downloads for requested features [vision.ocr].
06-25 11:58:47.912  5557  6013 I GmsDebugLogger: [30] [VisionOcrDynamite.integ:231602402100000],[TfliteDynamiteDynamite.integ:260580502100800],[MlkitOcrCommon.optional:231818100800]
06-25 11:58:47.917  5557  6013 W ChimeraConfigService: Retry attempt was throttled. [CONTEXT service_id=264 ]
06-25 11:58:47.917  5557  6013 I GmsDebugLogger: [83] 1 [vision.ocr]
06-25 11:58:47.918  5557  5939 W Vision  : Request for optional module download of ocr failed. Request again.
06-25 11:58:47.918  5557  5939 W Vision  : Would have logged:
06-25 11:58:47.918  5557  5939 W Vision  : # dsae@44f943d5
06-25 11:58:47.918  5557  5939 I Vision  : Schedule retrying download ocr at 87232 with backoff 10 seconds
06-25 11:58:47.920   831   831 D StatusBarIconController: ignoring old pipeline callbacks, because the new mobile icons are enabled
06-25 11:58:47.923   831   901 D EGL_emulation: app_time_stats: avg=4440.20ms min=15.14ms max=8865.26ms count=2
06-25 11:58:47.927  5470  5535 I NetworkScheduler.Stats: Task com.google.android.gms/com.google.android.gms.pay.gcmtask.PayGcmTaskService started execution. cause:7 exec_start_elapsed_seconds: 87 [CONTEXT service_id=218 ]
06-25 11:58:47.957  5470  5535 I NetworkScheduler.Stats: Task com.google.android.gms/com.google.android.gms.pay.gcmtask.PayGcmTaskService finished executing. cause:7 result: 1 elapsed_millis: 103 uptime_millis: 103 exec_start_elapsed_seconds: 87 [CONTEXT service_id=218 ]
06-25 11:58:47.980  5470  5743 I NetworkScheduler.Stats: Task com.google.android.gms/com.google.android.gms.gass.chimera.SchedulePeriodicTasksService started execution. cause:5 exec_start_elapsed_seconds: 87 [CONTEXT service_id=218 ]
06-25 11:58:47.990  5470  5535 I NetworkScheduler.Stats: Task com.google.android.gms/com.google.android.gms.gass.chimera.SchedulePeriodicTasksService finished executing. cause:5 result: 1 elapsed_millis: 21 uptime_millis: 21 exec_start_elapsed_seconds: 87 [CONTEXT service_id=218 ]
06-25 11:58:48.002  5470  5743 I NetworkScheduler.Stats: Task com.google.android.gms/com.google.android.gms.gass.chimera.SchedulePeriodicTasksService started execution. cause:5 exec_start_elapsed_seconds: 87 [CONTEXT service_id=218 ]
06-25 11:58:48.006  5470  5535 I NetworkScheduler.Stats: Task com.google.android.gms/com.google.android.gms.gass.chimera.SchedulePeriodicTasksService finished executing. cause:5 result: 1 elapsed_millis: 8 uptime_millis: 8 exec_start_elapsed_seconds: 87 [CONTEXT service_id=218 ]
06-25 11:58:48.017  5470  5743 I NetworkScheduler.Stats: Task com.google.android.gms/com.google.android.gms.pay.gcmtask.PayGcmTaskService started execution. cause:5 exec_start_elapsed_seconds: 87 [CONTEXT service_id=218 ]
06-25 11:58:48.018  5470  5535 I NetworkScheduler.Stats: Task com.google.android.gms/com.google.android.gms.pay.gcmtask.PayGcmTaskService finished executing. cause:5 result: 1 elapsed_millis: 5 uptime_millis: 5 exec_start_elapsed_seconds: 87 [CONTEXT service_id=218 ]
06-25 11:58:48.028  5470  5743 I NetworkScheduler.Stats: Task com.google.android.gms/com.google.android.gms.pay.gcmtask.PayGcmTaskService started execution. cause:5 exec_start_elapsed_seconds: 87 [CONTEXT service_id=218 ]
06-25 11:58:48.030  5470  5535 I NetworkScheduler.Stats: Task com.google.android.gms/com.google.android.gms.pay.gcmtask.PayGcmTaskService finished executing. cause:5 result: 1 elapsed_millis: 6 uptime_millis: 6 exec_start_elapsed_seconds: 87 [CONTEXT service_id=218 ]
06-25 11:58:48.051  5470  5743 I NetworkScheduler.Stats: Task com.google.android.gms/com.google.android.gms.pay.gcmtask.PayGcmTaskService started execution. cause:5 exec_start_elapsed_seconds: 87 [CONTEXT service_id=218 ]
06-25 11:58:48.052  5557  5648 I Pay     : Device does not support HCE. [CONTEXT service_id=198 ]
06-25 11:58:48.055  5470  5535 I NetworkScheduler.Stats: Task com.google.android.gms/com.google.android.gms.pay.gcmtask.PayGcmTaskService finished executing. cause:5 result: 2 elapsed_millis: 14 uptime_millis: 14 exec_start_elapsed_seconds: 87 [CONTEXT service_id=218 ]
06-25 11:58:48.056   518  1540 I RemoteProvisionSysSvc: getRegistration(android.hardware.security.keymint.IRemotelyProvisionedComponent/default)
06-25 11:58:48.058   518   518 I RegistrationProxy: onServiceConnected: com.android.rkpdapp.service.RemoteProvisioningService
06-25 11:58:48.226     0     0 I servicemanager: Found android.hardware.security.keymint.IRemotelyProvisionedComponent/default in device VINTF manifest.
06-25 11:58:48.060   518  1930 I RegistrationProxy: IGetRegistrationCallback.onSuccess
06-25 11:58:48.061   518  2228 I RemoteProvisionSysSvc: Fetching key 10132 for client 113216263
06-25 11:58:48.061   518  2228 I RegistrationProxy: getKeyAsync operation started with callback 173311028
06-25 11:58:48.061  3570  3667 I RkpdRegistrationBinder: Key requested for : android.hardware.security.keymint.IRemotelyProvisionedComponent/default, clientUid: 1017, keyId: 10132, callback: 185370066
06-25 11:58:48.062  3570  3667 I RkpdRegistrationBinder: Key successfully assigned to client
06-25 11:58:48.062   518   518 I RemoteProvisionSysSvc: Successfully fetched key for client 113216263
06-25 11:58:48.075  5470  5743 I NetworkScheduler.Stats: Task com.google.android.gms/com.google.android.gms.pay.gcmtask.PayGcmTaskService started execution. cause:5 exec_start_elapsed_seconds: 87 [CONTEXT service_id=218 ]
06-25 11:58:48.076  5557  5649 W Pay     : Active account was null, notification task will be cancelled. [CONTEXT service_id=198 ]
06-25 11:58:48.076  5557  5649 W Pay     : No account found on the task or the device. Notification task will not be rescheduled. [CONTEXT service_id=198 ]
