06-25 11:58:56.551  5470  6158 W PhenotypeConfigurationU: 	at com.google.android.chimera.IntentOperation.onHandleIntent(:com.google.android.gms@231818047@23.18.18 (190800-535401451):2)
06-25 11:58:56.551  5470  6158 W PhenotypeConfigurationU: 	at zhv.onHandleIntent(:com.google.android.gms@231818047@23.18.18 (190800-535401451):4)
06-25 11:58:56.551  5470  6158 W PhenotypeConfigurationU: 	at hjm.run(:com.google.android.gms@231818047@23.18.18 (190800-535401451):3)
06-25 11:58:56.551  5470  6158 W PhenotypeConfigurationU: 	at hjl.run(:com.google.android.gms@231818047@23.18.18 (190800-535401451):11)
06-25 11:58:56.551  5470  6158 W PhenotypeConfigurationU: 	at dfhf.run(:com.google.android.gms@231818047@23.18.18 (190800-535401451):2)
06-25 11:58:56.551  5470  6158 W PhenotypeConfigurationU: 	at java.util.concurrent.ThreadPoolExecutor.runWorker(ThreadPoolExecutor.java:1145)
06-25 11:58:56.551  5470  6158 W PhenotypeConfigurationU: 	at java.util.concurrent.ThreadPoolExecutor$Worker.run(ThreadPoolExecutor.java:644)
06-25 11:58:56.551  5470  6158 W PhenotypeConfigurationU: 	at java.lang.Thread.run(Thread.java:1012)
06-25 11:58:56.555  5470  6159 I NamespaceManager: Package com.android.refreshratecontrol name not found! Using module version.
06-25 11:58:56.555  5470  6159 I NamespaceManager: Package com.google.oslo name not found! Using module version.
06-25 11:58:56.555  5470  6159 I NamespaceManager: Package com.android.media name not found! Using module version.
06-25 11:58:56.555  5470  6159 I NamespaceManager: Package com.android.media.swcodec name not found! Using module version.
06-25 11:58:56.555  5470  6159 I NamespaceManager: Package com.android.neuralnetworks name not found! Using module version.
06-25 11:58:56.555  5470  6159 I NamespaceManager: Package com.android.media name not found! Using module version.
06-25 11:58:56.556  5470  6159 I NamespaceManager: Package 1 name not found! Using module version.
06-25 11:58:56.556  5470  6159 I NamespaceManager: Package rkpd name not found! Using module version.
06-25 11:58:56.556  5470  6159 I NamespaceManager: Package android.companion name not found! Using module version.
06-25 11:58:56.556  5470  6159 I NamespaceManager: Package com.google.android.aicore name not found! Using module version.
06-25 11:58:56.556  5470  6159 I NamespaceManager: Package com.google.android.audioproxy name not found! Using module version.
06-25 11:58:56.556  5470  6159 I NamespaceManager: Package com.google.android.apps.pixel.psi name not found! Using module version.
06-25 11:58:56.557  5470  6159 I NamespaceManager: Package com.google.android.apps.safetycore name not found! Using module version.
06-25 11:58:56.557  5470  6159 I NamespaceManager: Package com.google.android.crashrecovery name not found! Using module version.
06-25 11:58:56.557  5470  6159 I NamespaceManager: Package com.google.android.profiling name not found! Using module version.
06-25 11:58:56.557  5470  6159 I NamespaceManager: Package com.google.android.bt name not found! Using module version.
06-25 11:58:56.557  5470  6159 I NamespaceManager: Package com.google.android.nfcservices name not found! Using module version.
06-25 11:58:56.557  5470  6159 I NamespaceManager: Package com.google.android.webapp name not found! Using module version.
06-25 11:58:56.557  5470  6159 I NamespaceManager: Package com.google.android.telephonycore name not found! Using module version.
06-25 11:58:56.557  5470  6159 I NamespaceManager: Package com.google.android.uprobestats name not found! Using module version.
06-25 11:58:56.559  5023  5243 D cevx    : Starting download: https://www.gstatic.com/messages/smarts/smart_actions_ml_models/emotion_templates_reply_grammar.pb
06-25 11:58:56.559  5023  5243 V cevx    : Is http uri, downloading (uri: https://www.gstatic.com/messages/smarts/smart_actions_ml_models/emotion_templates_reply_grammar.pb)
06-25 11:58:56.577   518   616 I RescueParty: Starting to observe: [com.google.android.as, com.google.android.as.oss], updated namespace: device_personalization_services
06-25 11:58:56.577   518   549 I PackageWatchdog: Syncing state, reason: observing new packages
06-25 11:58:56.577   518   549 D PackageWatchdog: rescue-party-observer added the following packages to monitor [com.google.android.as, com.google.android.as.oss]
06-25 11:58:56.577   518   518 I PackageWatchdog: Syncing health check requests for packages: {}
06-25 11:58:56.577   518   518 I ExplicitHealthCheckController: Service not ready to get health check supported packages. Binding...
06-25 11:58:56.579   518   518 I ExplicitHealthCheckController: Explicit health check service is bound
06-25 11:58:56.580   518   518 I ExplicitHealthCheckController: Explicit health check service is connected ComponentInfo{com.google.android.ext.services/android.ext.services.watchdog.ExplicitHealthCheckServiceImpl}
06-25 11:58:56.580   518   518 I ExplicitHealthCheckController: Service initialized, syncing requests
06-25 11:58:56.580   518   518 I PackageWatchdog: Syncing health check requests for packages: {}
06-25 11:58:56.580   518   518 D ExplicitHealthCheckController: Getting health check supported packages
06-25 11:58:56.580   518   549 I PackageWatchdog: Syncing state, reason: updated observers
06-25 11:58:56.580   518   549 I PackageWatchdog: Saving observer state to file
06-25 11:58:56.581   518   518 I PackageWatchdog: Syncing health check requests for packages: {}
06-25 11:58:56.581   518   518 D ExplicitHealthCheckController: Getting health check supported packages
06-25 11:58:56.581   518  2986 I ExplicitHealthCheckController: Explicit health check supported packages [PackageConfig{com.google.android.networkstack, 86400000}]
06-25 11:58:56.582   518  2988 I ExplicitHealthCheckController: Explicit health check supported packages [PackageConfig{com.google.android.networkstack, 86400000}]
06-25 11:58:56.586   518  2986 D PackageWatchdog: Received supported packages [PackageConfig{com.google.android.networkstack, 86400000}]
06-25 11:58:56.586   518  2986 D ExplicitHealthCheckController: Getting health check requested packages
06-25 11:58:56.586   518  2988 D PackageWatchdog: Received supported packages [PackageConfig{com.google.android.networkstack, 86400000}]
06-25 11:58:56.586   518  2988 D ExplicitHealthCheckController: Getting health check requested packages
06-25 11:58:56.588   518  2988 I ExplicitHealthCheckController: Explicit health check requested packages []
06-25 11:58:56.588   518  2988 I ExplicitHealthCheckController: No more health check requests, unbinding...
06-25 11:58:56.588   518  1595 I ExplicitHealthCheckController: Explicit health check requested packages []
06-25 11:58:56.592  5023  5243 E MDD     : DownloadProgressMonitor: Can't find file group for uri: android://com.google.android.apps.messaging/files/datadownload/shared/public/datadownloadfile_1782388730267
06-25 11:58:56.595  5023  6395 D cevx    : Starting download: https://www.gstatic.com/messages/smarts/smart_actions_ml_models/emotion_templates_cont_grammar.pb
06-25 11:58:56.597  5023  6395 V cevx    : Is http uri, downloading (uri: https://www.gstatic.com/messages/smarts/smart_actions_ml_models/emotion_templates_cont_grammar.pb)
06-25 11:58:56.598   518  2988 I ExplicitHealthCheckController: Explicit health check service is unbound
06-25 11:58:56.598   518  1595 I ExplicitHealthCheckController: No more health check requests, unbinding...
06-25 11:58:56.598   518  1595 I ExplicitHealthCheckController: Explicit health check service is unbound
06-25 11:58:56.603  5470  6159 I NamespaceManager: Package com.android.refreshratecontrol name not found! Using module version.
06-25 11:58:56.604  5470  6159 I NamespaceManager: Package com.google.oslo name not found! Using module version.
06-25 11:58:56.604  5470  6159 I NamespaceManager: Package com.android.media name not found! Using module version.
06-25 11:58:56.604  5470  6159 I NamespaceManager: Package com.android.media.swcodec name not found! Using module version.
06-25 11:58:56.604  5470  6159 I NamespaceManager: Package com.android.neuralnetworks name not found! Using module version.
06-25 11:58:56.604  5470  6159 I NamespaceManager: Package com.android.media name not found! Using module version.
06-25 11:58:56.604  5470  6159 I NamespaceManager: Package 1 name not found! Using module version.
06-25 11:58:56.608  5470  6159 I NamespaceManager: Package rkpd name not found! Using module version.
06-25 11:58:56.608  5470  6159 I NamespaceManager: Package android.companion name not found! Using module version.
06-25 11:58:56.608  5470  6159 I NamespaceManager: Package com.google.android.aicore name not found! Using module version.
06-25 11:58:56.608  5470  6159 I NamespaceManager: Package com.google.android.audioproxy name not found! Using module version.
06-25 11:58:56.608  5470  6159 I NamespaceManager: Package com.google.android.apps.pixel.psi name not found! Using module version.
06-25 11:58:56.608  5470  6159 I NamespaceManager: Package com.google.android.apps.safetycore name not found! Using module version.
06-25 11:58:56.608  5470  6159 I NamespaceManager: Package com.google.android.crashrecovery name not found! Using module version.
06-25 11:58:56.609  5470  6159 I NamespaceManager: Package com.google.android.profiling name not found! Using module version.
06-25 11:58:56.609  5470  6159 I NamespaceManager: Package com.google.android.bt name not found! Using module version.
06-25 11:58:56.609  5470  6159 I NamespaceManager: Package com.google.android.nfcservices name not found! Using module version.
06-25 11:58:56.609  5470  6159 I NamespaceManager: Package com.google.android.webapp name not found! Using module version.
06-25 11:58:56.609  5470  6159 I NamespaceManager: Package com.google.android.telephonycore name not found! Using module version.
06-25 11:58:56.609  5470  6159 I NamespaceManager: Package com.google.android.uprobestats name not found! Using module version.
06-25 11:58:56.611   518   616 I RescueParty: Starting to observe: [android], updated namespace: configuration
06-25 11:58:56.612   518   549 I PackageWatchdog: Syncing state, reason: observing new packages
06-25 11:58:56.613   518   518 I PackageWatchdog: Syncing health check requests for packages: {}
06-25 11:58:56.613   518   518 I ExplicitHealthCheckController: Service not ready to get health check supported packages. Binding...
06-25 11:58:56.615   518   518 I ExplicitHealthCheckController: Explicit health check service is bound
06-25 11:58:56.615   518   549 D PackageWatchdog: rescue-party-observer added the following packages to monitor [android]
06-25 11:58:56.615   518   549 I PackageWatchdog: Syncing state, reason: updated observers
06-25 11:58:56.615   518   518 I PackageWatchdog: Syncing health check requests for packages: {}
06-25 11:58:56.615   518   518 I ExplicitHealthCheckController: Service not ready to get health check supported packages. Binding...
06-25 11:58:56.615   518   518 I ExplicitHealthCheckController: Not binding to service, service already connecting
06-25 11:58:56.615   518   549 I PackageWatchdog: Saving observer state to file
06-25 11:58:56.617   518   518 I ExplicitHealthCheckController: Explicit health check service is connected ComponentInfo{com.google.android.ext.services/android.ext.services.watchdog.ExplicitHealthCheckServiceImpl}
06-25 11:58:56.617   518   518 I ExplicitHealthCheckController: Service initialized, syncing requests
06-25 11:58:56.617   518   518 I PackageWatchdog: Syncing health check requests for packages: {}
06-25 11:58:56.617   518   518 D ExplicitHealthCheckController: Getting health check supported packages
06-25 11:58:56.618   518  1595 I ExplicitHealthCheckController: Explicit health check supported packages [PackageConfig{com.google.android.networkstack, 86400000}]
06-25 11:58:56.618   518  1595 D PackageWatchdog: Received supported packages [PackageConfig{com.google.android.networkstack, 86400000}]
06-25 11:58:56.618   518  1595 D ExplicitHealthCheckController: Getting health check requested packages
06-25 11:58:56.620   518  1595 I ExplicitHealthCheckController: Explicit health check requested packages []
06-25 11:58:56.620   518  1595 I ExplicitHealthCheckController: No more health check requests, unbinding...
06-25 11:58:56.621   518  1595 I ExplicitHealthCheckController: Explicit health check service is unbound
06-25 11:58:56.627  5470  6159 I NamespaceManager: Package com.android.refreshratecontrol name not found! Using module version.
06-25 11:58:56.628  5470  6159 I NamespaceManager: Package com.google.oslo name not found! Using module version.
06-25 11:58:56.628  5470  6159 I NamespaceManager: Package com.android.media name not found! Using module version.
06-25 11:58:56.628  5470  6159 I NamespaceManager: Package com.android.media.swcodec name not found! Using module version.
06-25 11:58:56.628  5470  6159 I NamespaceManager: Package com.android.neuralnetworks name not found! Using module version.
06-25 11:58:56.628  5470  6159 I NamespaceManager: Package com.android.media name not found! Using module version.
06-25 11:58:56.628  5470  6159 I NamespaceManager: Package 1 name not found! Using module version.
06-25 11:58:56.629  5470  6159 I NamespaceManager: Package rkpd name not found! Using module version.
06-25 11:58:56.629  5470  6159 I NamespaceManager: Package android.companion name not found! Using module version.
06-25 11:58:56.629  5470  6159 I NamespaceManager: Package com.google.android.aicore name not found! Using module version.
06-25 11:58:56.629  5470  6159 I NamespaceManager: Package com.google.android.audioproxy name not found! Using module version.
06-25 11:58:56.629  5470  6159 I NamespaceManager: Package com.google.android.apps.pixel.psi name not found! Using module version.
06-25 11:58:56.629  5470  6159 I NamespaceManager: Package com.google.android.apps.safetycore name not found! Using module version.
06-25 11:58:56.629  5470  6159 I NamespaceManager: Package com.google.android.crashrecovery name not found! Using module version.
06-25 11:58:56.629  5470  6159 I NamespaceManager: Package com.google.android.profiling name not found! Using module version.
06-25 11:58:56.629  5470  6159 I NamespaceManager: Package com.google.android.bt name not found! Using module version.
06-25 11:58:56.629  5470  6159 I NamespaceManager: Package com.google.android.nfcservices name not found! Using module version.
06-25 11:58:56.630  5470  6159 I NamespaceManager: Package com.google.android.webapp name not found! Using module version.
06-25 11:58:56.630  5470  6159 I NamespaceManager: Package com.google.android.telephonycore name not found! Using module version.
06-25 11:58:56.630  5470  6159 I NamespaceManager: Package com.google.android.uprobestats name not found! Using module version.
06-25 11:58:56.631  5023  6395 E MDD     : DownloadProgressMonitor: Can't find file group for uri: android://com.google.android.apps.messaging/files/datadownload/shared/public/datadownloadfile_1782388730268
06-25 11:58:56.633  5023  5243 D cevx    : Starting download: https://www.gstatic.com/messages/smarts/smart_actions_ml_models/emotions_complete_03312020.pb
06-25 11:58:56.633  5023  5243 V cevx    : Is http uri, downloading (uri: https://www.gstatic.com/messages/smarts/smart_actions_ml_models/emotions_complete_03312020.pb)
06-25 11:58:56.641   518  1442 E SettingsToPropertiesMapper: key=persist.device_config.configuration.AdbWritableFlags__adb_writable_flags_list value=adservices/disable_sdk_sandbox,adservices/enforce_broadcast_receiver_restrictions,adservices/fledge_ad_selection_enforce_foreground_status_custom_audience,adservices/fledge_custom_audience_max_count,adservices/fledge_custom_audience_max_num_ads,adservices/fledge_custom_audience_max_owner_count,adservices/fledge_custom_audience_per_app_max_count,adservices/fledge_js_isolate_enforce_max_heap_size,adservices/fledge_js_isolate_max_heap_size_bytes,adservices/sdk_request_permits_per_second,adservices/sdksandbox_customized_sdk_context_enabled,configuration/namespace_to_package_mapping,constrain_display_apis/always_constrain_display_apis,constrain_display_apis/never_constrain_display_apis,constrain_display_apis/never_constrain_display_apis_all_packages,device_policy_manager/disable_resources_updatability,flipendo/default_savings_mode_launch,flipendo/essential_apps,flipendo/flipendo_enabled_launch,flipendo/grayscale_enabled_launch,flipendo/lever_ble_scanning_enabled_launch,flipendo/lever_hotspot_enabled_launch,flipendo/lever_work_profile_enabled_launch,flipendo/resuspend_delay_minutes,namespace/key,namespace1/key1,namespace1/key2,namespace2/key1,namespace2/key2,package_manager_service/incfs_default_timeouts,package_manager_service/known_digesters_list,privacy/location_access_check_periodic_interval_millis,rollback/enable_rollback_timeout,rollback/watchdog_explicit_health_check_enabled,rollback/watchdog_request_timeout_millis,rollback/watchdog_trigger_failure_count,rollback/watchdog_trigger_failure_duration_millis,rollback_boot/rollback_lifetime_in_millis,systemui/nas_generate_actions,systemui/nas_generate_replies,systemui/nas_max_messages_to_extract,systemui/nas_max_suggestions,testspace/another,testspace/flagname,textclassifier/config_updater_model_enabled,textclassifier/key,textclassifier/key2,textclassifier/manifest_url_annotator_en,textclassifier/manifest_url_annotator_ru,textclassifier/model_download_backoff_delay_in_millis,textclassifier/model_download_manager_enabled,textclassifier/multi_language_support_enabled,textclassifier/testing_locale_list_override,textclassifier/textclassifier_service_package_override,window_manager/enable_default_rescind_bal_privileges_from_pending_intent_sender,wrong/nas_generate_replies, exceeds system property max length.
06-25 11:58:56.656   518   616 I RescueParty: Starting to observe: [android], updated namespace: adservices
06-25 11:58:56.656   518   549 I PackageWatchdog: Syncing state, reason: observing new packages
06-25 11:58:56.656   518   549 D PackageWatchdog: rescue-party-observer added the following packages to monitor [android]
06-25 11:58:56.656   518   549 I PackageWatchdog: Syncing state, reason: updated observers
06-25 11:58:56.656   518   549 I PackageWatchdog: Not pruning observers, elapsed time: 0ms
06-25 11:58:56.656   518   549 I PackageWatchdog: Saving observer state to file
06-25 11:58:56.659   518   518 I PackageWatchdog: Syncing health check requests for packages: {}
06-25 11:58:56.659   518   518 I ExplicitHealthCheckController: Service not ready to get health check supported packages. Binding...
06-25 11:58:56.660   518   518 I ExplicitHealthCheckController: Explicit health check service is bound
06-25 11:58:56.661  5023  5243 E MDD     : DownloadProgressMonitor: Can't find file group for uri: android://com.google.android.apps.messaging/files/datadownload/shared/public/datadownloadfile_1782388730269
06-25 11:58:56.662   518   518 I ExplicitHealthCheckController: Explicit health check service is connected ComponentInfo{com.google.android.ext.services/android.ext.services.watchdog.ExplicitHealthCheckServiceImpl}
06-25 11:58:56.663   518   518 I ExplicitHealthCheckController: Service initialized, syncing requests
06-25 11:58:56.663   518   518 I PackageWatchdog: Syncing health check requests for packages: {}
06-25 11:58:56.663   518   518 D ExplicitHealthCheckController: Getting health check supported packages
06-25 11:58:56.663   518   537 I ExplicitHealthCheckController: Explicit health check supported packages [PackageConfig{com.google.android.networkstack, 86400000}]
06-25 11:58:56.663   518   537 D PackageWatchdog: Received supported packages [PackageConfig{com.google.android.networkstack, 86400000}]
06-25 11:58:56.665   518   537 D ExplicitHealthCheckController: Getting health check requested packages
06-25 11:58:56.666   518   537 I ExplicitHealthCheckController: Explicit health check requested packages []
06-25 11:58:56.666   518   537 I ExplicitHealthCheckController: No more health check requests, unbinding...
06-25 11:58:56.666   518   537 I ExplicitHealthCheckController: Explicit health check service is unbound
06-25 11:58:56.666  5023  6395 D cevx    : Starting download: https://www.gstatic.com/messages/smarts/smart_actions_ml_models/emotion_complete_007_confidence.pb
06-25 11:58:56.666  5023  6395 V cevx    : Is http uri, downloading (uri: https://www.gstatic.com/messages/smarts/smart_actions_ml_models/emotion_complete_007_confidence.pb)
06-25 11:58:56.685  5470  6159 I NamespaceManager: Package com.android.refreshratecontrol name not found! Using module version.
06-25 11:58:56.685  5470  6159 I NamespaceManager: Package com.google.oslo name not found! Using module version.
06-25 11:58:56.685  5470  6159 I NamespaceManager: Package com.android.media name not found! Using module version.
06-25 11:58:56.685  5470  6159 I NamespaceManager: Package com.android.media.swcodec name not found! Using module version.
06-25 11:58:56.685  5470  6159 I NamespaceManager: Package com.android.neuralnetworks name not found! Using module version.
06-25 11:58:56.685  5470  6159 I NamespaceManager: Package com.android.media name not found! Using module version.
06-25 11:58:56.685  5470  6159 I NamespaceManager: Package 1 name not found! Using module version.
06-25 11:58:56.686  5470  6159 I NamespaceManager: Package rkpd name not found! Using module version.
06-25 11:58:56.686  5470  6159 I NamespaceManager: Package android.companion name not found! Using module version.
06-25 11:58:56.686  5470  6159 I NamespaceManager: Package com.google.android.aicore name not found! Using module version.
06-25 11:58:56.686  5470  6159 I NamespaceManager: Package com.google.android.audioproxy name not found! Using module version.
06-25 11:58:56.686  5470  6159 I NamespaceManager: Package com.google.android.apps.pixel.psi name not found! Using module version.
06-25 11:58:56.686  5470  6159 I NamespaceManager: Package com.google.android.apps.safetycore name not found! Using module version.
06-25 11:58:56.688  5470  6159 I NamespaceManager: Package com.google.android.crashrecovery name not found! Using module version.
06-25 11:58:56.688  5470  6159 I NamespaceManager: Package com.google.android.profiling name not found! Using module version.
06-25 11:58:56.688  5470  6159 I NamespaceManager: Package com.google.android.bt name not found! Using module version.
06-25 11:58:56.688  5470  6159 I NamespaceManager: Package com.google.android.nfcservices name not found! Using module version.
06-25 11:58:56.688  5470  6159 I NamespaceManager: Package com.google.android.webapp name not found! Using module version.
06-25 11:58:56.689  5470  6159 I NamespaceManager: Package com.google.android.telephonycore name not found! Using module version.
06-25 11:58:56.689  5470  6159 I NamespaceManager: Package com.google.android.uprobestats name not found! Using module version.
06-25 11:58:56.691   518   616 I RescueParty: Starting to observe: [android, com.google.android.permissioncontroller, com.android.settings, com.android.systemui], updated namespace: privacy
06-25 11:58:56.691   518   549 I PackageWatchdog: Syncing state, reason: observing new packages
06-25 11:58:56.691   518   549 D PackageWatchdog: rescue-party-observer added the following packages to monitor [android, com.google.android.permissioncontroller, com.android.settings, com.android.systemui]
06-25 11:58:56.691   518   549 I PackageWatchdog: Syncing state, reason: updated observers
06-25 11:58:56.691   518   549 I PackageWatchdog: Not pruning observers, elapsed time: 0ms
06-25 11:58:56.692   518   549 I PackageWatchdog: Saving observer state to file
06-25 11:58:56.695   518   518 I PackageWatchdog: Syncing health check requests for packages: {}
06-25 11:58:56.695   518   518 I ExplicitHealthCheckController: Service not ready to get health check supported packages. Binding...
06-25 11:58:56.696   518   518 I ExplicitHealthCheckController: Explicit health check service is bound
06-25 11:58:56.697   518   518 I ExplicitHealthCheckController: Explicit health check service is connected ComponentInfo{com.google.android.ext.services/android.ext.services.watchdog.ExplicitHealthCheckServiceImpl}
06-25 11:58:56.697   518   518 I ExplicitHealthCheckController: Service initialized, syncing requests
06-25 11:58:56.697   518   518 I PackageWatchdog: Syncing health check requests for packages: {}
06-25 11:58:56.697   518   518 D ExplicitHealthCheckController: Getting health check supported packages
06-25 11:58:56.697   518   537 I ExplicitHealthCheckController: Explicit health check supported packages [PackageConfig{com.google.android.networkstack, 86400000}]
06-25 11:58:56.697   518   537 D PackageWatchdog: Received supported packages [PackageConfig{com.google.android.networkstack, 86400000}]
06-25 11:58:56.697   518   537 D ExplicitHealthCheckController: Getting health check requested packages
06-25 11:58:56.698   518   537 I ExplicitHealthCheckController: Explicit health check requested packages []
06-25 11:58:56.698   518   537 I ExplicitHealthCheckController: No more health check requests, unbinding...
06-25 11:58:56.698   518   537 I ExplicitHealthCheckController: Explicit health check service is unbound
06-25 11:58:56.700  5023  5246 E PhFileGroupPop: Failed to add file group 
06-25 11:58:56.701  5023  5246 E PhFileGroupPop: Failed to add file group 
06-25 11:58:56.702  5023  5246 E PhFileGroupPop: Failed to add file group 
06-25 11:58:56.703  5023  5246 E PhFileGroupPop: Failed to add file group 
06-25 11:58:56.704  5023  5246 E PhFileGroupPop: Failed to add file group 
06-25 11:58:56.705  5023  5246 E PhFileGroupPop: Failed to add file group 
06-25 11:58:56.706  5023  5246 E PhFileGroupPop: Failed to add file group 
06-25 11:58:56.706  5023  5246 E PhFileGroupPop: Failed to add file group 
06-25 11:58:56.706  5023  5246 E PhFileGroupPop: Failed to add file group 
06-25 11:58:56.706  5023  6395 E MDD     : DownloadProgressMonitor: Can't find file group for uri: android://com.google.android.apps.messaging/files/datadownload/shared/public/datadownloadfile_1782388730270
06-25 11:58:56.706  5023  5246 E PhFileGroupPop: Failed to add file group 
06-25 11:58:56.707  5023  5243 D cevx    : Starting download: https://www.gstatic.com/messages/smarts/smart_actions_ml_models/emotion_complete_009_confidence.pb
06-25 11:58:56.707  5023  5243 V cevx    : Is http uri, downloading (uri: https://www.gstatic.com/messages/smarts/smart_actions_ml_models/emotion_complete_009_confidence.pb)
06-25 11:58:56.707  5023  5246 E PhFileGroupPop: Failed to add file group 
06-25 11:58:56.707  5023  5246 E PhFileGroupPop: Failed to add file group 
06-25 11:58:56.708  5023  5246 E PhFileGroupPop: Failed to add file group 
06-25 11:58:56.708  5023  5246 E PhFileGroupPop: Failed to add file group 
06-25 11:58:56.709  5023  5246 E PhFileGroupPop: Failed to add file group 
06-25 11:58:56.709  5023  5246 E ctbc    : RuntimeException while executing runnable ctdz{cnpz@ebecdab} with executor MoreExecutors.directExecutor()
06-25 11:58:56.709  5023  5246 E ctbc    : java.lang.NullPointerException: Attempt to read from field 'java.lang.String cayk.b' on a null object reference in method 'void ccdw.b(java.lang.Object)'
06-25 11:58:56.709  5023  5246 E ctbc    : 	at ccdw.b(PG:2)
06-25 11:58:56.709  5023  5246 E ctbc    : 	at cnpz.b(PG:3)
06-25 11:58:56.709  5023  5246 E ctbc    : 	at ctdz.run(PG:6)
06-25 11:58:56.709  5023  5246 E ctbc    : 	at ctdd.execute(PG:1)
06-25 11:58:56.709  5023  5246 E ctbc    : 	at ctbc.o(PG:1)
06-25 11:58:56.709  5023  5246 E ctbc    : 	at ctbc.b(PG:5)
06-25 11:58:56.709  5023  5246 E ctbc    : 	at cteg.r(PG:2)
06-25 11:58:56.709  5023  5246 E ctbc    : 	at cnsl.k(PG:1)
06-25 11:58:56.709  5023  5246 E ctbc    : 	at ccdy.a(PG:15)
06-25 11:58:56.709  5023  5246 E ctbc    : 	at atyv.a(PG:2)
06-25 11:58:56.709  5023  5246 E ctbc    : 	at cbeo.o(PG:3)
06-25 11:58:56.709  5023  5246 E ctbc    : 	at cbeb.a(PG:1)
06-25 11:58:56.709  5023  5246 E ctbc    : 	at cnpq.a(PG:3)
06-25 11:58:56.709  5023  5246 E ctbc    : 	at ctbg.d(PG:2)
06-25 11:58:56.709  5023  5246 E ctbc    : 	at ctbi.run(PG:9)
06-25 11:58:56.709  5023  5246 E ctbc    : 	at ctfm.run(PG:4)
06-25 11:58:56.709  5023  5246 E ctbc    : 	at bxfd.run(PG:1)
06-25 11:58:56.709  5023  5246 E ctbc    : 	at java.util.concurrent.ThreadPoolExecutor.runWorker(ThreadPoolExecutor.java:1145)
06-25 11:58:56.709  5023  5246 E ctbc    : 	at java.util.concurrent.ThreadPoolExecutor$Worker.run(ThreadPoolExecutor.java:644)
06-25 11:58:56.709  5023  5246 E ctbc    : 	at bxef.run(PG:2)
06-25 11:58:56.709  5023  5246 E ctbc    : 	at java.lang.Thread.run(Thread.java:1012)
06-25 11:58:56.709  5023  5246 E ctbc    : 	at bxfj.run(PG:5)
06-25 11:58:56.712  5023  5246 E ctbc    : RuntimeException while executing runnable ctdz{cnpz@40d4fa1} with executor MoreExecutors.directExecutor()
06-25 11:58:56.712  5023  5246 E ctbc    : java.lang.NullPointerException: Attempt to read from field 'java.lang.String cayk.b' on a null object reference in method 'void ccdw.b(java.lang.Object)'
06-25 11:58:56.712  5023  5246 E ctbc    : 	at ccdw.b(PG:2)
06-25 11:58:56.712  5023  5246 E ctbc    : 	at cnpz.b(PG:3)
06-25 11:58:56.712  5023  5246 E ctbc    : 	at ctdz.run(PG:6)
06-25 11:58:56.712  5023  5246 E ctbc    : 	at ctdd.execute(PG:1)
06-25 11:58:56.712  5023  5246 E ctbc    : 	at ctbc.o(PG:1)
06-25 11:58:56.712  5023  5246 E ctbc    : 	at ctbc.b(PG:5)
06-25 11:58:56.712  5023  5246 E ctbc    : 	at cteg.r(PG:2)
06-25 11:58:56.712  5023  5246 E ctbc    : 	at cnsl.k(PG:1)
06-25 11:58:56.712  5023  5246 E ctbc    : 	at ccdy.a(PG:15)
06-25 11:58:56.712  5023  5246 E ctbc    : 	at atyv.a(PG:2)
06-25 11:58:56.712  5023  5246 E ctbc    : 	at cbeo.o(PG:3)
06-25 11:58:56.712  5023  5246 E ctbc    : 	at cbeb.a(PG:1)
06-25 11:58:56.712  5023  5246 E ctbc    : 	at cnpq.a(PG:3)
06-25 11:58:56.712  5023  5246 E ctbc    : 	at ctbg.d(PG:2)
06-25 11:58:56.712  5023  5246 E ctbc    : 	at ctbi.run(PG:9)
06-25 11:58:56.712  5023  5246 E ctbc    : 	at ctfm.run(PG:4)
06-25 11:58:56.712  5023  5246 E ctbc    : 	at bxfd.run(PG:1)
06-25 11:58:56.712  5023  5246 E ctbc    : 	at java.util.concurrent.ThreadPoolExecutor.runWorker(ThreadPoolExecutor.java:1145)
06-25 11:58:56.712  5023  5246 E ctbc    : 	at java.util.concurrent.ThreadPoolExecutor$Worker.run(ThreadPoolExecutor.java:644)
06-25 11:58:56.712  5023  5246 E ctbc    : 	at bxef.run(PG:2)
06-25 11:58:56.712  5023  5246 E ctbc    : 	at java.lang.Thread.run(Thread.java:1012)
06-25 11:58:56.712  5023  5246 E ctbc    : 	at bxfj.run(PG:5)
06-25 11:58:56.712  5023  5246 E ctbc    : RuntimeException while executing runnable ctdz{cnpz@51a9987} with executor MoreExecutors.directExecutor()
06-25 11:58:56.712  5023  5246 E ctbc    : java.lang.NullPointerException: Attempt to read from field 'java.lang.String cayk.b' on a null object reference in method 'void ccdw.b(java.lang.Object)'
06-25 11:58:56.712  5023  5246 E ctbc    : 	at ccdw.b(PG:2)
06-25 11:58:56.712  5023  5246 E ctbc    : 	at cnpz.b(PG:3)
06-25 11:58:56.712  5023  5246 E ctbc    : 	at ctdz.run(PG:6)
06-25 11:58:56.712  5023  5246 E ctbc    : 	at ctdd.execute(PG:1)
06-25 11:58:56.712  5023  5246 E ctbc    : 	at ctbc.o(PG:1)
06-25 11:58:56.712  5023  5246 E ctbc    : 	at ctbc.b(PG:5)
06-25 11:58:56.712  5023  5246 E ctbc    : 	at cteg.r(PG:2)
06-25 11:58:56.712  5023  5246 E ctbc    : 	at cnsl.k(PG:1)
06-25 11:58:56.712  5023  5246 E ctbc    : 	at ccdy.a(PG:15)
06-25 11:58:56.712  5023  5246 E ctbc    : 	at atyv.a(PG:2)
06-25 11:58:56.712  5023  5246 E ctbc    : 	at cbeo.o(PG:3)
06-25 11:58:56.712  5023  5246 E ctbc    : 	at cbeb.a(PG:1)
06-25 11:58:56.712  5023  5246 E ctbc    : 	at cnpq.a(PG:3)
06-25 11:58:56.712  5023  5246 E ctbc    : 	at ctbg.d(PG:2)
06-25 11:58:56.712  5023  5246 E ctbc    : 	at ctbi.run(PG:9)
06-25 11:58:56.712  5023  5246 E ctbc    : 	at ctfm.run(PG:4)
06-25 11:58:56.712  5023  5246 E ctbc    : 	at bxfd.run(PG:1)
06-25 11:58:56.712  5023  5246 E ctbc    : 	at java.util.concurrent.ThreadPoolExecutor.runWorker(ThreadPoolExecutor.java:1145)
06-25 11:58:56.712  5023  5246 E ctbc    : 	at java.util.concurrent.ThreadPoolExecutor$Worker.run(ThreadPoolExecutor.java:644)
06-25 11:58:56.712  5023  5246 E ctbc    : 	at bxef.run(PG:2)
06-25 11:58:56.712  5023  5246 E ctbc    : 	at java.lang.Thread.run(Thread.java:1012)
06-25 11:58:56.712  5023  5246 E ctbc    : 	at bxfj.run(PG:5)
06-25 11:58:56.713  5023  5246 E PhFileGroupPop: Failed to add file group 
06-25 11:58:56.713  5023  5246 E ctbc    : RuntimeException while executing runnable ctdz{cnpz@18e44dd} with executor MoreExecutors.directExecutor()
06-25 11:58:56.713  5023  5246 E ctbc    : java.lang.NullPointerException: Attempt to read from field 'java.lang.String cayk.b' on a null object reference in method 'void ccdw.b(java.lang.Object)'
06-25 11:58:56.713  5023  5246 E ctbc    : 	at ccdw.b(PG:2)
06-25 11:58:56.713  5023  5246 E ctbc    : 	at cnpz.b(PG:3)
06-25 11:58:56.713  5023  5246 E ctbc    : 	at ctdz.run(PG:6)
06-25 11:58:56.713  5023  5246 E ctbc    : 	at ctdd.execute(PG:1)
06-25 11:58:56.713  5023  5246 E ctbc    : 	at ctbc.o(PG:1)
06-25 11:58:56.713  5023  5246 E ctbc    : 	at ctbc.b(PG:5)
06-25 11:58:56.713  5023  5246 E ctbc    : 	at cteg.r(PG:2)
06-25 11:58:56.713  5023  5246 E ctbc    : 	at cnsl.k(PG:1)
06-25 11:58:56.713  5023  5246 E ctbc    : 	at ccdy.a(PG:15)
06-25 11:58:56.713  5023  5246 E ctbc    : 	at atyv.a(PG:2)
06-25 11:58:56.713  5023  5246 E ctbc    : 	at cbeo.o(PG:3)
06-25 11:58:56.713  5023  5246 E ctbc    : 	at cbeb.a(PG:1)
06-25 11:58:56.713  5023  5246 E ctbc    : 	at cnpq.a(PG:3)
06-25 11:58:56.713  5023  5246 E ctbc    : 	at ctbg.d(PG:2)
06-25 11:58:56.713  5023  5246 E ctbc    : 	at ctbi.run(PG:9)
06-25 11:58:56.713  5023  5246 E ctbc    : 	at ctfm.run(PG:4)
06-25 11:58:56.713  5023  5246 E ctbc    : 	at bxfd.run(PG:1)
06-25 11:58:56.713  5023  5246 E ctbc    : 	at java.util.concurrent.ThreadPoolExecutor.runWorker(ThreadPoolExecutor.java:1145)
06-25 11:58:56.713  5023  5246 E ctbc    : 	at java.util.concurrent.ThreadPoolExecutor$Worker.run(ThreadPoolExecutor.java:644)
06-25 11:58:56.713  5023  5246 E ctbc    : 	at bxef.run(PG:2)
06-25 11:58:56.713  5023  5246 E ctbc    : 	at java.lang.Thread.run(Thread.java:1012)
06-25 11:58:56.713  5023  5246 E ctbc    : 	at bxfj.run(PG:5)
06-25 11:58:56.716  5023  5246 E PhFileGroupPop: Failed to add file group 
06-25 11:58:56.717  5023  5246 E ctbc    : RuntimeException while executing runnable ctdz{cnpz@a7d4723} with executor MoreExecutors.directExecutor()
06-25 11:58:56.717  5023  5246 E ctbc    : java.lang.NullPointerException: Attempt to read from field 'java.lang.String cayk.b' on a null object reference in method 'void ccdw.b(java.lang.Object)'
06-25 11:58:56.717  5023  5246 E ctbc    : 	at ccdw.b(PG:2)
06-25 11:58:56.717  5023  5246 E ctbc    : 	at cnpz.b(PG:3)
06-25 11:58:56.717  5023  5246 E ctbc    : 	at ctdz.run(PG:6)
06-25 11:58:56.717  5023  5246 E ctbc    : 	at ctdd.execute(PG:1)
06-25 11:58:56.717  5023  5246 E ctbc    : 	at ctbc.o(PG:1)
06-25 11:58:56.717  5023  5246 E ctbc    : 	at ctbc.b(PG:5)
06-25 11:58:56.717  5023  5246 E ctbc    : 	at cteg.r(PG:2)
06-25 11:58:56.717  5023  5246 E ctbc    : 	at cnsl.k(PG:1)
06-25 11:58:56.717  5023  5246 E ctbc    : 	at ccdy.a(PG:15)
06-25 11:58:56.717  5023  5246 E ctbc    : 	at atyv.a(PG:2)
06-25 11:58:56.717  5023  5246 E ctbc    : 	at cbeo.o(PG:3)
06-25 11:58:56.717  5023  5246 E ctbc    : 	at cbeb.a(PG:1)
06-25 11:58:56.717  5023  5246 E ctbc    : 	at cnpq.a(PG:3)
06-25 11:58:56.717  5023  5246 E ctbc    : 	at ctbg.d(PG:2)
06-25 11:58:56.717  5023  5246 E ctbc    : 	at ctbi.run(PG:9)
06-25 11:58:56.717  5023  5246 E ctbc    : 	at ctfm.run(PG:4)
06-25 11:58:56.717  5023  5246 E ctbc    : 	at bxfd.run(PG:1)
06-25 11:58:56.717  5023  5246 E ctbc    : 	at java.util.concurrent.ThreadPoolExecutor.runWorker(ThreadPoolExecutor.java:1145)
06-25 11:58:56.717  5023  5246 E ctbc    : 	at java.util.concurrent.ThreadPoolExecutor$Worker.run(ThreadPoolExecutor.java:644)
06-25 11:58:56.717  5023  5246 E ctbc    : 	at bxef.run(PG:2)
06-25 11:58:56.717  5023  5246 E ctbc    : 	at java.lang.Thread.run(Thread.java:1012)
06-25 11:58:56.717  5023  5246 E ctbc    : 	at bxfj.run(PG:5)
06-25 11:58:56.717  5023  5246 E ctbc    : RuntimeException while executing runnable ctdz{cnpz@82f51d9} with executor MoreExecutors.directExecutor()
06-25 11:58:56.717  5023  5246 E ctbc    : java.lang.NullPointerException: Attempt to read from field 'java.lang.String cayk.b' on a null object reference in method 'void ccdw.b(java.lang.Object)'
06-25 11:58:56.717  5023  5246 E ctbc    : 	at ccdw.b(PG:2)
06-25 11:58:56.717  5023  5246 E ctbc    : 	at cnpz.b(PG:3)
06-25 11:58:56.717  5023  5246 E ctbc    : 	at ctdz.run(PG:6)
06-25 11:58:56.717  5023  5246 E ctbc    : 	at ctdd.execute(PG:1)
06-25 11:58:56.717  5023  5246 E ctbc    : 	at ctbc.o(PG:1)
06-25 11:58:56.717  5023  5246 E ctbc    : 	at ctbc.b(PG:5)
06-25 11:58:56.717  5023  5246 E ctbc    : 	at cteg.r(PG:2)
06-25 11:58:56.717  5023  5246 E ctbc    : 	at cnsl.k(PG:1)
06-25 11:58:56.717  5023  5246 E ctbc    : 	at ccdy.a(PG:15)
06-25 11:58:56.717  5023  5246 E ctbc    : 	at atyv.a(PG:2)
06-25 11:58:56.717  5023  5246 E ctbc    : 	at cbeo.o(PG:3)
06-25 11:58:56.717  5023  5246 E ctbc    : 	at cbeb.a(PG:1)
06-25 11:58:56.717  5023  5246 E ctbc    : 	at cnpq.a(PG:3)
06-25 11:58:56.717  5023  5246 E ctbc    : 	at ctbg.d(PG:2)
06-25 11:58:56.717  5023  5246 E ctbc    : 	at ctbi.run(PG:9)
06-25 11:58:56.717  5023  5246 E ctbc    : 	at ctfm.run(PG:4)
06-25 11:58:56.717  5023  5246 E ctbc    : 	at bxfd.run(PG:1)
06-25 11:58:56.717  5023  5246 E ctbc    : 	at java.util.concurrent.ThreadPoolExecutor.runWorker(ThreadPoolExecutor.java:1145)
06-25 11:58:56.717  5023  5246 E ctbc    : 	at java.util.concurrent.ThreadPoolExecutor$Worker.run(ThreadPoolExecutor.java:644)
06-25 11:58:56.717  5023  5246 E ctbc    : 	at bxef.run(PG:2)
06-25 11:58:56.717  5023  5246 E ctbc    : 	at java.lang.Thread.run(Thread.java:1012)
06-25 11:58:56.717  5023  5246 E ctbc    : 	at bxfj.run(PG:5)
06-25 11:58:56.717  5023  5246 E ctbc    : RuntimeException while executing runnable ctdz{cnpz@3d3327f} with executor MoreExecutors.directExecutor()
06-25 11:58:56.717  5023  5246 E ctbc    : java.lang.NullPointerException: Attempt to read from field 'java.lang.String cayk.b' on a null object reference in method 'void ccdw.b(java.lang.Object)'
06-25 11:58:56.717  5023  5246 E ctbc    : 	at ccdw.b(PG:2)
06-25 11:58:56.717  5023  5246 E ctbc    : 	at cnpz.b(PG:3)
06-25 11:58:56.717  5023  5246 E ctbc    : 	at ctdz.run(PG:6)
06-25 11:58:56.717  5023  5246 E ctbc    : 	at ctdd.execute(PG:1)
06-25 11:58:56.717  5023  5246 E ctbc    : 	at ctbc.o(PG:1)
06-25 11:58:56.717  5023  5246 E ctbc    : 	at ctbc.b(PG:5)
06-25 11:58:56.717  5023  5246 E ctbc    : 	at cteg.r(PG:2)
06-25 11:58:56.717  5023  5246 E ctbc    : 	at cnsl.k(PG:1)
06-25 11:58:56.717  5023  5246 E ctbc    : 	at ccdy.a(PG:15)
06-25 11:58:56.717  5023  5246 E ctbc    : 	at atyv.a(PG:2)
06-25 11:58:56.717  5023  5246 E ctbc    : 	at cbeo.o(PG:3)
06-25 11:58:56.717  5023  5246 E ctbc    : 	at cbeb.a(PG:1)
06-25 11:58:56.717  5023  5246 E ctbc    : 	at cnpq.a(PG:3)
06-25 11:58:56.717  5023  5246 E ctbc    : 	at ctbg.d(PG:2)
06-25 11:58:56.717  5023  5246 E ctbc    : 	at ctbi.run(PG:9)
06-25 11:58:56.717  5023  5246 E ctbc    : 	at ctfm.run(PG:4)
06-25 11:58:56.717  5023  5246 E ctbc    : 	at bxfd.run(PG:1)
06-25 11:58:56.717  5023  5246 E ctbc    : 	at java.util.concurrent.ThreadPoolExecutor.runWorker(ThreadPoolExecutor.java:1145)
06-25 11:58:56.717  5023  5246 E ctbc    : 	at java.util.concurrent.ThreadPoolExecutor$Worker.run(ThreadPoolExecutor.java:644)
06-25 11:58:56.717  5023  5246 E ctbc    : 	at bxef.run(PG:2)
06-25 11:58:56.717  5023  5246 E ctbc    : 	at java.lang.Thread.run(Thread.java:1012)
06-25 11:58:56.717  5023  5246 E ctbc    : 	at bxfj.run(PG:5)
06-25 11:58:56.733  5023  5243 E MDD     : DownloadProgressMonitor: Can't find file group for uri: android://com.google.android.apps.messaging/files/datadownload/shared/public/datadownloadfile_1782388730271
06-25 11:58:56.734  5023  5244 D cevx    : Starting download: https://www.gstatic.com/messages/smarts/smart_actions_ml_models/emotion_complete_011_confidence.pb
06-25 11:58:56.734  5023  5244 V cevx    : Is http uri, downloading (uri: https://www.gstatic.com/messages/smarts/smart_actions_ml_models/emotion_complete_011_confidence.pb)
06-25 11:58:56.740   336  6462 I resolv  : GetAddrInfoHandler::run: {101 786533 101 983141 10129 0}
06-25 11:58:56.741   336  6463 I resolv  : res_nmkquery: (QUERY, IN, AAAA)
06-25 11:58:56.741   336  6463 I resolv  : resolv_cache_lookup: FOUND IN CACHE entry=0x7e20a1714e50
06-25 11:58:56.741   336  6463 I resolv  : doQuery: rcode=0, ancount=1, return value=61
06-25 11:58:56.742   336  6464 I resolv  : res_nmkquery: (QUERY, IN, A)
06-25 11:58:56.743   336  6464 I resolv  : resolv_cache_lookup: FOUND IN CACHE entry=0x7e20a1714310
06-25 11:58:56.743   336  6464 I resolv  : doQuery: rcode=0, ancount=1, return value=49
06-25 11:58:56.743  5023  6461 D TrafficStats: tagSocket(141) with statsTag=0xffffffff, statsUid=-1
06-25 11:58:56.746  5023  5246 E MDD     : FileGroupManager: Trying to add expired group webref-model-local-index.
06-25 11:58:56.747  5023  5246 W MDD     : MDDManager class cbkc
06-25 11:58:56.747  5023  5246 E PhFileGroupPop: Failed to add file group
06-25 11:58:56.747  5023  5246 E PhFileGroupPop: cbkc
06-25 11:58:56.747  5023  5246 E PhFileGroupPop: 	at cbqx.a(PG:90)
06-25 11:58:56.747  5023  5246 E PhFileGroupPop: 	at cnpq.a(PG:3)
06-25 11:58:56.747  5023  5246 E PhFileGroupPop: 	at ctbg.d(PG:2)
06-25 11:58:56.747  5023  5246 E PhFileGroupPop: 	at ctbi.run(PG:9)
06-25 11:58:56.747  5023  5246 E PhFileGroupPop: 	at ctfm.run(PG:4)
06-25 11:58:56.747  5023  5246 E PhFileGroupPop: 	at bxfd.run(PG:1)
06-25 11:58:56.747  5023  5246 E PhFileGroupPop: 	at java.util.concurrent.ThreadPoolExecutor.runWorker(ThreadPoolExecutor.java:1145)
06-25 11:58:56.747  5023  5246 E PhFileGroupPop: 	at java.util.concurrent.ThreadPoolExecutor$Worker.run(ThreadPoolExecutor.java:644)
06-25 11:58:56.747  5023  5246 E PhFileGroupPop: 	at bxef.run(PG:2)
06-25 11:58:56.747  5023  5246 E PhFileGroupPop: 	at java.lang.Thread.run(Thread.java:1012)
06-25 11:58:56.747  5023  5246 E PhFileGroupPop: 	at bxfj.run(PG:5)
06-25 11:58:56.751  5023  5246 D PhFileGroupPop: Added file groups smart_actions_grammars
06-25 11:58:56.753  5023  5246 D PhFileGroupPop: Added file groups smart_actions_ml_models
06-25 11:58:56.755  5023  5246 D PhFileGroupPop: Added file groups text_classifier
06-25 11:58:56.756  5023  5246 D PhFileGroupPop: Added file groups smart_actions_emotive_models
06-25 11:58:56.760  5023  5244 E MDD     : DownloadProgressMonitor: Can't find file group for uri: android://com.google.android.apps.messaging/files/datadownload/shared/public/datadownloadfile_1782388730272
06-25 11:58:56.761  5023  5243 D cevx    : Starting download: https://www.gstatic.com/messages/smarts/smart_actions_ml_models/emotion_complete_012_confidence.pb
06-25 11:58:56.761  5023  5243 V cevx    : Is http uri, downloading (uri: https://www.gstatic.com/messages/smarts/smart_actions_ml_models/emotion_complete_012_confidence.pb)
06-25 11:58:56.765  5023  5246 D PhFileGroupPop: Added file groups smarts_expressive_content_scoped_v1
06-25 11:58:56.766  5023  5246 D PhFileGroupPop: Added file groups smart_actions_sensitive_classifier_models
06-25 11:58:56.766  5023  5246 D PhFileGroupPop: Added file groups scripted_reply
06-25 11:58:56.767  5023  5246 D PhFileGroupPop: Added file groups multitask_experiment
06-25 11:58:56.767  5023  5246 D PhFileGroupPop: Added file groups spam_verdict_enforcement_policy_config
06-25 11:58:56.775  5023  5246 D PhFileGroupPop: Added file groups smart_suggestion_reranker_models
06-25 11:58:56.776  5023  5244 D cevx    : Starting download: https://www.gstatic.com/messages/smarts/smart_actions_ml_models/emotions_complete_013_confidence.pb
06-25 11:58:56.776  5023  5244 V cevx    : Is http uri, downloading (uri: https://www.gstatic.com/messages/smarts/smart_actions_ml_models/emotions_complete_013_confidence.pb)
06-25 11:58:56.780  5023  5246 D PhFileGroupPop: Added file groups supersort_us_grammars
06-25 11:58:56.781  5023  5246 D PhFileGroupPop: Added file groups nudge
06-25 11:58:56.788  5023  5243 E MDD     : DownloadProgressMonitor: Can't find file group for uri: android://com.google.android.apps.messaging/files/datadownload/shared/public/datadownloadfile_1782388730273
06-25 11:58:56.788  5023  5246 D PhFileGroupPop: Added file groups calendar_appointment_grammar
06-25 11:58:56.788  5023  5246 D PhFileGroupPop: Added file groups birthday_suggestion
06-25 11:58:56.789  5023  5246 D PhFileGroupPop: Added file groups birthday_grammars
06-25 11:58:56.789  5023  6398 D cevx    : Starting download: https://www.gstatic.com/messages/smarts/smart_actions_ml_models/emotion_complete_combined_011_confidence.pb
06-25 11:58:56.789  5023  6398 V cevx    : Is http uri, downloading (uri: https://www.gstatic.com/messages/smarts/smart_actions_ml_models/emotion_complete_combined_011_confidence.pb)
06-25 11:58:56.804  5023  5244 E MDD     : DownloadProgressMonitor: Can't find file group for uri: android://com.google.android.apps.messaging/files/datadownload/shared/public/datadownloadfile_1782388730274
06-25 11:58:56.805  5023  5243 D cevx    : Starting download: https://www.gstatic.com/messages/smarts/smart_actions_ml_models/emotion_complete_combined_013_confidence.pb
06-25 11:58:56.805  5023  5243 V cevx    : Is http uri, downloading (uri: https://www.gstatic.com/messages/smarts/smart_actions_ml_models/emotion_complete_combined_013_confidence.pb)
06-25 11:58:56.815  5023  6398 E MDD     : DownloadProgressMonitor: Can't find file group for uri: android://com.google.android.apps.messaging/files/datadownload/shared/public/datadownloadfile_1782388730275
06-25 11:58:56.816  5023  5244 D cevx    : Starting download: https://www.gstatic.com/messages/smarts/smart_actions_ml_models/emotion_complete_individual_011_confidence.pb
06-25 11:58:56.816  5023  5244 V cevx    : Is http uri, downloading (uri: https://www.gstatic.com/messages/smarts/smart_actions_ml_models/emotion_complete_individual_011_confidence.pb)
06-25 11:58:56.818  5470  6162 I NamespaceManager: Package com.android.refreshratecontrol name not found! Using module version.
06-25 11:58:56.818  5470  5535 I HeterodyneSyncScheduler: Scheduling adaptive one off task with window [14400, 604800] in seconds [CONTEXT service_id=51 ]
06-25 11:58:56.818  5470  6162 I NamespaceManager: Package com.google.oslo name not found! Using module version.
06-25 11:58:56.818  5470  6162 I NamespaceManager: Package com.android.media name not found! Using module version.
06-25 11:58:56.818  5470  6162 I NamespaceManager: Package com.android.media.swcodec name not found! Using module version.
06-25 11:58:56.818  5470  6162 I NamespaceManager: Package com.android.neuralnetworks name not found! Using module version.
06-25 11:58:56.818  5470  6162 I NamespaceManager: Package com.android.media name not found! Using module version.
06-25 11:58:56.818  5470  6162 I NamespaceManager: Package 1 name not found! Using module version.
06-25 11:58:56.818  5470  6162 I NamespaceManager: Package rkpd name not found! Using module version.
06-25 11:58:56.819  5470  6162 I NamespaceManager: Package android.companion name not found! Using module version.
06-25 11:58:56.819  5470  6162 I NamespaceManager: Package com.google.android.aicore name not found! Using module version.
06-25 11:58:56.819  5470  6162 I NamespaceManager: Package com.google.android.audioproxy name not found! Using module version.
06-25 11:58:56.819  5470  6162 I NamespaceManager: Package com.google.android.apps.pixel.psi name not found! Using module version.
06-25 11:58:56.819  5470  6162 I NamespaceManager: Package com.google.android.apps.safetycore name not found! Using module version.
06-25 11:58:56.819  5470  6162 I NamespaceManager: Package com.google.android.crashrecovery name not found! Using module version.
06-25 11:58:56.819  5470  6162 I NamespaceManager: Package com.google.android.profiling name not found! Using module version.
06-25 11:58:56.819  5470  6162 I NamespaceManager: Package com.google.android.bt name not found! Using module version.
06-25 11:58:56.819  5470  6162 I NamespaceManager: Package com.google.android.nfcservices name not found! Using module version.
06-25 11:58:56.819  5470  6162 I NamespaceManager: Package com.google.android.webapp name not found! Using module version.
06-25 11:58:56.819  5470  6162 I NamespaceManager: Package com.google.android.telephonycore name not found! Using module version.
06-25 11:58:56.819  5470  6162 I NamespaceManager: Package com.google.android.uprobestats name not found! Using module version.
06-25 11:58:56.819  5470  6162 W PhenotypeConfigurationU: Update for unknown DeviceConfig package com.google.android.gms.phenotype [CONTEXT service_id=204 ]
06-25 11:58:56.819  5470  6162 W PhenotypeConfigurationU: bwix: No package exists for config package: com.google.android.gms.phenotype
06-25 11:58:56.819  5470  6162 W PhenotypeConfigurationU: 	at com.google.android.gms.platformconfigurator.PhenotypeConfigurationUpdateListener.b(:com.google.android.gms@231818047@23.18.18 (190800-535401451):6)
06-25 11:58:56.819  5470  6162 W PhenotypeConfigurationU: 	at com.google.android.gms.platformconfigurator.PhenotypeConfigurationUpdateListener.a(:com.google.android.gms@231818047@23.18.18 (190800-535401451):4)
06-25 11:58:56.819  5470  6162 W PhenotypeConfigurationU: 	at com.google.android.gms.platformconfigurator.PhenotypeConfigurationUpdateListener.onHandleIntent(:com.google.android.gms@231818047@23.18.18 (190800-535401451):21)
