06-25 11:58:51.055  5023  5245 W SubscriptionMetadataUti: Bugle: SubscriptionMetadataUtils get: unexpected subId = -2, replacing with -1
06-25 11:58:51.055  5023  5245 W SubscriptionMetadataUti: cpwb: FULL
06-25 11:58:51.055  5023  5245 W SubscriptionMetadataUti: 	at bdsy.h(PG:6)
06-25 11:58:51.055  5023  5245 W SubscriptionMetadataUti: 	at bdvp.a(PG:1)
06-25 11:58:51.055  5023  5245 W SubscriptionMetadataUti: 	at bgit.<init>(PG:1)
06-25 11:58:51.055  5023  5245 W SubscriptionMetadataUti: 	at bgiu.a(PG:1)
06-25 11:58:51.055  5023  5245 W SubscriptionMetadataUti: 	at awsw.ai(PG:3)
06-25 11:58:51.055  5023  5245 W SubscriptionMetadataUti: 	at awsw.aj(PG:25)
06-25 11:58:51.055  5023  5245 W SubscriptionMetadataUti: 	at awsw.z(PG:2)
06-25 11:58:51.055  5023  5245 W SubscriptionMetadataUti: 	at aule.k(PG:1)
06-25 11:58:51.055  5023  5245 W SubscriptionMetadataUti: 	at aulc.call(Unknown Source:2)
06-25 11:58:51.055  5023  5245 W SubscriptionMetadataUti: 	at cnsg.a(PG:1)
06-25 11:58:51.055  5023  5245 W SubscriptionMetadataUti: 	at cnpm.a(PG:3)
06-25 11:58:51.055  5023  5245 W SubscriptionMetadataUti: 	at ctfv.a(PG:1)
06-25 11:58:51.055  5023  5245 W SubscriptionMetadataUti: 	at ctet.run(PG:4)
06-25 11:58:51.055  5023  5245 W SubscriptionMetadataUti: 	at ctfx.run(PG:1)
06-25 11:58:51.055  5023  5245 W SubscriptionMetadataUti: 	at bxfd.run(PG:1)
06-25 11:58:51.055  5023  5245 W SubscriptionMetadataUti: 	at java.util.concurrent.ThreadPoolExecutor.runWorker(ThreadPoolExecutor.java:1145)
06-25 11:58:51.055  5023  5245 W SubscriptionMetadataUti: 	at java.util.concurrent.ThreadPoolExecutor$Worker.run(ThreadPoolExecutor.java:644)
06-25 11:58:51.055  5023  5245 W SubscriptionMetadataUti: 	at bxef.run(PG:2)
06-25 11:58:51.055  5023  5245 W SubscriptionMetadataUti: 	at java.lang.Thread.run(Thread.java:1012)
06-25 11:58:51.055  5023  5245 W SubscriptionMetadataUti: 	at bxfj.run(PG:5)
06-25 11:58:51.055  5023  5245 W SubscriptionMetadataUti: Bugle: SubscriptionMetadataUtils get: unexpected subId = -2, replacing with -1
06-25 11:58:51.055  5023  5245 W SubscriptionMetadataUti: cpwb: FULL
06-25 11:58:51.055  5023  5245 W SubscriptionMetadataUti: 	at bdsy.h(PG:6)
06-25 11:58:51.055  5023  5245 W SubscriptionMetadataUti: 	at bgit.<init>(PG:2)
06-25 11:58:51.055  5023  5245 W SubscriptionMetadataUti: 	at bgiu.a(PG:1)
06-25 11:58:51.055  5023  5245 W SubscriptionMetadataUti: 	at awsw.ai(PG:3)
06-25 11:58:51.055  5023  5245 W SubscriptionMetadataUti: 	at awsw.aj(PG:25)
06-25 11:58:51.055  5023  5245 W SubscriptionMetadataUti: 	at awsw.z(PG:2)
06-25 11:58:51.055  5023  5245 W SubscriptionMetadataUti: 	at aule.k(PG:1)
06-25 11:58:51.055  5023  5245 W SubscriptionMetadataUti: 	at aulc.call(Unknown Source:2)
06-25 11:58:51.055  5023  5245 W SubscriptionMetadataUti: 	at cnsg.a(PG:1)
06-25 11:58:51.055  5023  5245 W SubscriptionMetadataUti: 	at cnpm.a(PG:3)
06-25 11:58:51.055  5023  5245 W SubscriptionMetadataUti: 	at ctfv.a(PG:1)
06-25 11:58:51.055  5023  5245 W SubscriptionMetadataUti: 	at ctet.run(PG:4)
06-25 11:58:51.055  5023  5245 W SubscriptionMetadataUti: 	at ctfx.run(PG:1)
06-25 11:58:51.055  5023  5245 W SubscriptionMetadataUti: 	at bxfd.run(PG:1)
06-25 11:58:51.055  5023  5245 W SubscriptionMetadataUti: 	at java.util.concurrent.ThreadPoolExecutor.runWorker(ThreadPoolExecutor.java:1145)
06-25 11:58:51.055  5023  5245 W SubscriptionMetadataUti: 	at java.util.concurrent.ThreadPoolExecutor$Worker.run(ThreadPoolExecutor.java:644)
06-25 11:58:51.055  5023  5245 W SubscriptionMetadataUti: 	at bxef.run(PG:2)
06-25 11:58:51.055  5023  5245 W SubscriptionMetadataUti: 	at java.lang.Thread.run(Thread.java:1012)
06-25 11:58:51.055  5023  5245 W SubscriptionMetadataUti: 	at bxfj.run(PG:5)
06-25 11:58:51.055  5023  5248 W BugleRcsEngine: [64] bpxc.w: Unable to send diagnostic log
06-25 11:58:51.055  5023  5245 W SubscriptionMetadataUti: Bugle: SubscriptionMetadataUtils get: unexpected subId = -2, replacing with -1
06-25 11:58:51.055  5023  5245 W SubscriptionMetadataUti: cpwb: FULL
06-25 11:58:51.055  5023  5245 W SubscriptionMetadataUti: 	at bdsy.h(PG:6)
06-25 11:58:51.055  5023  5245 W SubscriptionMetadataUti: 	at awsw.ai(PG:18)
06-25 11:58:51.055  5023  5245 W SubscriptionMetadataUti: 	at awsw.aj(PG:25)
06-25 11:58:51.055  5023  5245 W SubscriptionMetadataUti: 	at awsw.z(PG:2)
06-25 11:58:51.055  5023  5245 W SubscriptionMetadataUti: 	at aule.k(PG:1)
06-25 11:58:51.055  5023  5245 W SubscriptionMetadataUti: 	at aulc.call(Unknown Source:2)
06-25 11:58:51.055  5023  5245 W SubscriptionMetadataUti: 	at cnsg.a(PG:1)
06-25 11:58:51.055  5023  5245 W SubscriptionMetadataUti: 	at cnpm.a(PG:3)
06-25 11:58:51.055  5023  5245 W SubscriptionMetadataUti: 	at ctfv.a(PG:1)
06-25 11:58:51.055  5023  5245 W SubscriptionMetadataUti: 	at ctet.run(PG:4)
06-25 11:58:51.055  5023  5245 W SubscriptionMetadataUti: 	at ctfx.run(PG:1)
06-25 11:58:51.055  5023  5245 W SubscriptionMetadataUti: 	at bxfd.run(PG:1)
06-25 11:58:51.055  5023  5245 W SubscriptionMetadataUti: 	at java.util.concurrent.ThreadPoolExecutor.runWorker(ThreadPoolExecutor.java:1145)
06-25 11:58:51.055  5023  5245 W SubscriptionMetadataUti: 	at java.util.concurrent.ThreadPoolExecutor$Worker.run(ThreadPoolExecutor.java:644)
06-25 11:58:51.055  5023  5245 W SubscriptionMetadataUti: 	at bxef.run(PG:2)
06-25 11:58:51.055  5023  5245 W SubscriptionMetadataUti: 	at java.lang.Thread.run(Thread.java:1012)
06-25 11:58:51.055  5023  5245 W SubscriptionMetadataUti: 	at bxfj.run(PG:5)
06-25 11:58:51.055  5023  5245 I Bugle   : SubscriptionUtilsAsOfLMR1: getActiveSubscriptionInfo(): empty sub info for subscription{id:-1}
06-25 11:58:51.055  5023  5245 I Bugle   : SubscriptionUtilsAsOfLMR1: getActiveSubscriptionInfo(): empty sub info for subscription{id:-1}
06-25 11:58:51.055  5023  5245 W Bugle   : SubscriptionUtilsAsOfLMR1: getSelfRawNumber: subInfo is null for subscription{id:-1}
06-25 11:58:51.057  5023  5141 I BugleTransport: isChatAvailable: RcsAvailability is DISABLED_VIA_GSERVICES (RCS is disabled for this carrier by Google)
06-25 11:58:51.064   518   610 D ActivityManager: freezing 5031 com.android.traceur
06-25 11:58:51.072  5023  5245 W BugleAction: No default number, returning empty msisdn
06-25 11:58:51.074  5023  5106 I BugleRcsEngine: [42] bptz.run: SystemBindingManager: SystemBinding enabled: true
06-25 11:58:51.074  5023  5106 I BugleRcsEngine: [42] bpua.b: System Binding updated
06-25 11:58:51.074  5023  5141 W BugleRcsEngine: [46] bpxc.w: Unable to send diagnostic log
06-25 11:58:51.074  5023  5179 I BugleTransport: updateActiveTransport: refreshing chat transport
06-25 11:58:51.074  5023  5179 I BugleTransport: refreshChatTransport: isChatAvailable: false, enabledTransport: 1, configuration: <empty>
06-25 11:58:51.075  5023  5245 I RcsClientLib: Connecting RcsEngineLifecycleService
06-25 11:58:51.081  5023  5245 W RcsClientLib: No CS.apk RCS service found. Is RCS running in Bugle?
06-25 11:58:51.084  5023  5245 I RcsClientLib: shouldUseCarrierServicesJibeService: false, CarrierServices rcs service found: false
06-25 11:58:51.091  5023  5179 I RcsClientLib: com.google.android.rcs.client.lifecycle.RcsEngineLifecycleService connected
06-25 11:58:51.093  5337  5424 I BugleRcsEngine: [70] RcsEngineImpl.triggerStopRcsStack: RcsEngineImpl[DUAL_REG]:[71ed870f-9122]: triggerStopRcsStack for msisdn:redacted-pii:phone_number[chars:0,last2:]
06-25 11:58:51.095  5337  5822 I BugleRcsEngine: [78] brqh.handleMessage: RcsEngineImpl[DUAL_REG]:[71ed870f-9122]>Handler: handleMessage processing message:[STOP_RCS_STACK] with [non-null]:RcsEngineImpl reference
06-25 11:58:51.095  5337  5822 I BugleRcsEngine: [78] brqh.handleMessage: RcsEngineImpl[DUAL_REG]:[71ed870f-9122]>Handler: RCS engine STOP RCS stack
06-25 11:58:51.095  5337  5822 W BugleRcsEngine: [78] RcsEngineImpl.e: RcsEngineImpl[DUAL_REG]:[71ed870f-9122]: imsModule is null, shutdown not required
06-25 11:58:51.095  5337  5822 I BugleRcsEngine: [78] RcsEngineImpl.stopRcsStackInternal: RcsEngineImpl[DUAL_REG]:[71ed870f-9122]: skipping imsModule.stop
06-25 11:58:51.095  5337  5822 I BugleRcsEngine: [78] brqh.handleMessage: RcsEngineImpl[DUAL_REG]:[71ed870f-9122]>Handler: handleMessage processing message:[NOTIFY_UPTIME_IGNORE_STATE_CHANGED] with [non-null]:RcsEngineImpl reference
06-25 11:58:51.095  5023  5183 I RcsClientLib: Disconnecting RcsEngineLifecycleService
06-25 11:58:51.097  5337  5822 I BugleRcsEngine: [78] brnl.h: RCS Configuration storage in Bugle is disabled by p/h flag, using ProvisioningEngineStateCacheUtil.getProvisioningConfigurationForGivenSimIfExist()
06-25 11:58:51.101  2859  2972 W SearchServiceCore: Abort, client detached.
06-25 11:58:51.101  2859  3318 I BgTaskExecutorImpl: Starting EXCLUSIVE background task FETCH_CONFIGS_FROM_PHENOTYPE.
06-25 11:58:51.102  5337  6089 D CompatibilityChangeReporter: Compat change id reported: 150939131; UID 10129; state: ENABLED
06-25 11:58:51.115  5023  5106 I Bugle   : RcsAvailabilityUtilForProvisioningEngineV2: onCsLibPhenotypeUpdated
06-25 11:58:51.118  5023  5102 I BugleRcsEngine: [41] bptz.run: SystemBindingManager: SystemBinding enabled: true
06-25 11:58:51.126  5023  5106 I BugleRcsProvisioning: RcsProvisioningTrigger: onCsLibPhenotypeUpdated, enableProvisioningTaskInBugle = true
06-25 11:58:51.126  5023  5106 I BugleRcsProvisioning: RcsProvisioningTrigger: updateRcsAvailability : hint = CSLIB_PHENOTYPE_UPDATE
06-25 11:58:51.126  5023  5106 I Bugle   : RcsAvailabilityUtilForProvisioningEngineV2: updateAvailabilityAsync, hint: CSLIB_PHENOTYPE_UPDATE
06-25 11:58:51.126  5023  5106 I Bugle   : RcsAvailabilityUtilForProvisioningEngineV2: swapAvailabilityUpdater, provisioningTaskInBugle: true, activeRcsAvailabilityUpdater: awuh
06-25 11:58:51.126  5023  5106 I BugleRcsProvisioning: RcsAvailabilityUpdaterLocal: updateAvailabilityAsync: scheduling updateRcsAvailability call, hint: CSLIB_PHENOTYPE_UPDATE, enableWelcomePopupWithoutGoogleTos: false, reshowSuccessPopup: false
06-25 11:58:51.126  5023  5106 I BugleRcsProvisioning: scheduleProvisioning using legacy code path
06-25 11:58:51.126  5023  5106 W BugleRcsEngine: [42] brcu.d: [SR]: Single Registration is disabled. Skipping Single Registration capability check for subId: 1, OS.isAtLeastS:[true], enableSingleRegistrationProvisioning:[false]
06-25 11:58:51.127  5023  5102 I BugleRcsEngine: [41] bpua.b: System Binding updated
06-25 11:58:51.127  5023  5141 W BugleRcsEngine: [46] bpxc.w: Unable to send diagnostic log
06-25 11:58:51.127  5023  5179 W BugleRcsEngine: [53] bpxc.w: Unable to send diagnostic log
06-25 11:58:51.127  5023  5106 I BugleRcsProvisioning: RcsProvisioningTrigger: DR is active, initializing DR provisioning. DUAL_REG
06-25 11:58:51.127  5023  5160 W BugleRcsEngine: [52] brcu.d: [SR]: Single Registration is disabled. Skipping Single Registration capability check for subId: 1, OS.isAtLeastS:[true], enableSingleRegistrationProvisioning:[false]
06-25 11:58:51.130  5023  5160 I BugleRcsEngine: [52] zzm.run: Skipping provisioning scheduling since RCS is disabled
06-25 11:58:51.132  5023  5205 W BugleRcsEngine: [56] brcu.d: [SR]: Single Registration is disabled. Skipping Single Registration capability check for subId: 1, OS.isAtLeastS:[true], enableSingleRegistrationProvisioning:[false]
06-25 11:58:51.132  5023  5205 I BugleRcsProvisioning: RcsAvailabilityUpdaterLocal: RcsAvailability configuration availability and enabled status: simId: redacted-pii:sim_id[chars:20,last3:897], SipConnectionType: DUAL_REG, isConfigurationAvailableAndEnabled: false
06-25 11:58:51.133  5023  5205 I BugleRcsProvisioning: RcsAvailabilityUpdaterLocal: updateRcsAvailability, currentAvailability: 2, newAvailability: 2, hint: CSLIB_PHENOTYPE_UPDATE
06-25 11:58:51.134  6126  6126 W BpBinder: Linking to death on android.gui.ISurfaceComposer but there are no threads (yet?) listening to incoming transactions. See ProcessState::startThreadPool and ProcessState::setThreadPoolMaxThreadCount. Generally you should setup the binder threadpool before other initialization steps.
06-25 11:58:51.134  5023  5141 I BugleRcsProvisioning: RcsProvisioningTrigger: onRcsAvailabilityUpdate : availability is updated to RCS is disabled for this carrier by Google, lastAvailability is RCS is disabled for this carrier by Google, simId hash = 5835118159293605404, simId = redacted-pii:sim_id[chars:20,last3:897], isPev3Enabled = true
06-25 11:58:51.137  6126  6126 W ProcessState: Extra binder thread started, but 0 threads requested. Do not use *startThreadPool when zero threads are requested.
06-25 11:58:51.147   135   135 I hwservicemanager: getTransport: Cannot find entry android.hardware.graphics.mapper@4.0::IMapper/default in either framework or device VINTF manifest.
06-25 11:58:51.148  6126  6127 I Gralloc4: mapper 4.x is not supported
06-25 11:58:51.312     0     0 I servicemanager: Could not find android.hardware.graphics.allocator.IAllocator/default in the VINTF manifest.
06-25 11:58:51.149  5470  5505 W BpBinder: Large outgoing transaction of 403992 bytes, interface descriptor , code 4
06-25 11:58:51.167  3759  4661 I PhenotypeBackgroundRecv: Successfully updated snapshot for com.google.android.projection.gearhead
06-25 11:58:51.176  5470  5636 I NamespaceManager: Package com.android.refreshratecontrol name not found! Using module version.
06-25 11:58:51.183  1472  1472 I PhenotypeModule: PhenotypeModule.receiveBroadcast():373 onReceive() urgent = false
06-25 11:58:51.183  1472  1472 I PhenotypeModule: PhenotypeModule.maybeFetchAndUpdate():166 maybeFetchAndUpdate: start new task to fetch
06-25 11:58:51.184  1048  1048 D CarrierSvcBindHelper: onHandleForceStop: [com.hanapkalinga.mobile]
06-25 11:58:51.184  1048  1048 D CarrierSvcBindHelper: No carrier app for: 0
06-25 11:58:51.185  1048  1048 D CarrierSvcBindHelper: onPackageModified: com.google.android.apps.messaging
06-25 11:58:51.185  1048  1048 D CarrierSvcBindHelper: No carrier app for: 0
06-25 11:58:51.189   841   958 I PermissionControllerServiceImpl: Updating user sensitive for uid 10129
06-25 11:58:51.191  5023  6130 D TrafficStats: tagSocket(107) with statsTag=0xffffffff, statsUid=-1
06-25 11:58:51.194   518   622 I InputReader: Reconfiguring input devices, changes=KEYBOARD_LAYOUTS
06-25 11:58:51.202  1048  1315 D ImsResolver: maybeAddedImsService, packageName: com.google.android.apps.messaging
06-25 11:58:51.203  5470  5636 I NamespaceManager: Package com.google.oslo name not found! Using module version.
06-25 11:58:51.204  1472  1472 I PhenotypeBackgroundRecv: Skipping com.google.android.gms.icing.mdd#com.google.android.inputmethod.latin which doesn't use ProcessStable flags.
06-25 11:58:51.210   831   900 D StylusManager: Stylus InputDevice changed: 12 virtio_input_multi_touch_9
06-25 11:58:51.213  1472  1472 I PhenotypeModule: PhenotypeModule.receiveBroadcast():373 onReceive() urgent = false
06-25 11:58:51.214  1472  1472 I PhenotypeBackgroundRecv: Skipping com.google.android.inputmethod.latin#com.google.android.inputmethod.latin which doesn't use ProcessStable flags.
06-25 11:58:51.215  5470  5636 I NamespaceManager: Package com.android.media name not found! Using module version.
06-25 11:58:51.218  5470  5636 I NamespaceManager: Package com.android.media.swcodec name not found! Using module version.
06-25 11:58:51.219   831   900 D StylusManager: Stylus InputDevice changed: 10 virtio_input_multi_touch_7
06-25 11:58:51.219  5470  5636 I NamespaceManager: Package com.android.neuralnetworks name not found! Using module version.
06-25 11:58:51.225   518   550 D ActivityManager: sync unfroze 1749 com.google.android.youtube for 3
06-25 11:58:51.226  5470  5636 I NamespaceManager: Package com.android.media name not found! Using module version.
06-25 11:58:51.228  5470  5636 I NamespaceManager: Package 1 name not found! Using module version.
06-25 11:58:51.230  5470  5636 I NamespaceManager: Package rkpd name not found! Using module version.
06-25 11:58:51.233  5470  5636 I NamespaceManager: Package android.companion name not found! Using module version.
06-25 11:58:51.233  5470  5636 I NamespaceManager: Package com.google.android.aicore name not found! Using module version.
06-25 11:58:51.234  5470  5636 I NamespaceManager: Package com.google.android.audioproxy name not found! Using module version.
06-25 11:58:51.234  5470  5636 I NamespaceManager: Package com.google.android.apps.pixel.psi name not found! Using module version.
06-25 11:58:51.234   831   900 D StylusManager: Stylus InputDevice changed: 11 virtio_input_multi_touch_8
06-25 11:58:51.235  5470  5636 I NamespaceManager: Package com.google.android.apps.safetycore name not found! Using module version.
06-25 11:58:51.235  5470  5636 I NamespaceManager: Package com.google.android.crashrecovery name not found! Using module version.
06-25 11:58:51.235  5470  5636 I NamespaceManager: Package com.google.android.profiling name not found! Using module version.
06-25 11:58:51.236  5470  5636 I NamespaceManager: Package com.google.android.bt name not found! Using module version.
06-25 11:58:51.236  5470  5636 I NamespaceManager: Package com.google.android.nfcservices name not found! Using module version.
06-25 11:58:51.239  5470  5636 I NamespaceManager: Package com.google.android.webapp name not found! Using module version.
06-25 11:58:51.239  5470  5636 I NamespaceManager: Package com.google.android.telephonycore name not found! Using module version.
06-25 11:58:51.240  5470  5636 I NamespaceManager: Package com.google.android.uprobestats name not found! Using module version.
06-25 11:58:51.241   831   900 D StylusManager: Stylus InputDevice changed: 5 virtio_input_multi_touch_2
06-25 11:58:51.242  2859  2921 W TimedProcessReaper: Scheduling killing of process to refresh configuration
06-25 11:58:51.252  3987  3987 V MediaPlayerList: mPackageChangedBroadcastReceiver: action: android.intent.action.PACKAGE_CHANGED
06-25 11:58:51.252  3987  3987 V MediaPlayerList: mPackageChangedBroadcastReceiver: action: android.intent.action.PACKAGE_CHANGED
06-25 11:58:51.253  3987  3987 V MediaPlayerList: mPackageChangedBroadcastReceiver: action: android.intent.action.PACKAGE_CHANGED
06-25 11:58:51.253  3987  3987 V MediaPlayerList: mPackageChangedBroadcastReceiver: action: android.intent.action.PACKAGE_CHANGED
06-25 11:58:51.253  3987  3987 V MediaPlayerList: mPackageChangedBroadcastReceiver: action: android.intent.action.PACKAGE_CHANGED
06-25 11:58:51.254  3987  3987 V MediaPlayerList: mPackageChangedBroadcastReceiver: action: android.intent.action.PACKAGE_CHANGED
06-25 11:58:51.258   831   831 D ControlsListingControllerImpl: ServiceConfig reloaded, count: 0
06-25 11:58:51.262   831   831 D ControlsListingControllerImpl: ServiceConfig reloaded, count: 0
06-25 11:58:51.265   831   831 D ControlsListingControllerImpl: ServiceConfig reloaded, count: 0
06-25 11:58:51.268   518  2228 W JobScheduler: Job didn't exist in JobStore: 3ad2838 #u0a131/-43 com.google.android.googlequicksearchbox/com.google.android.apps.gsa.tasks.BackgroundTasksJobService
06-25 11:58:51.275  2859  2972 W SearchServiceCore: Abort, client detached.
06-25 11:58:51.276  2859  2972 W SearchServiceCore: Abort, client detached.
06-25 11:58:51.282  5023  5226 I Bugle   : BroadcastReceiverAsyncWorkTracker: Acknowledging broadcast of bdxy@80e52d4
06-25 11:58:51.283  5023  5226 I Bugle   : BroadcastReceiverAsyncWorkTracker: Acknowledging broadcast of bdxy@80e52d4
06-25 11:58:51.286  5023  5160 I BugleRcsProvisioning: RcsProvisioningTrigger: SIM swap detected, restarting provisioning
06-25 11:58:51.286  5023  5160 I BugleRcsProvisioning: RcsProvisioningTrigger: updateRcsAvailability : hint = SIM_SWAP
06-25 11:58:51.286  5023  5160 I Bugle   : RcsAvailabilityUtilForProvisioningEngineV2: updateAvailabilityAsync, hint: SIM_SWAP
06-25 11:58:51.286  5023  5160 I BugleRcsProvisioning: RcsAvailabilityUpdaterLocal: updateAvailabilityAsync: scheduling updateRcsAvailability call, hint: SIM_SWAP, enableWelcomePopupWithoutGoogleTos: false, reshowSuccessPopup: false
06-25 11:58:51.287  5023  5160 W BugleRcsEngine: [52] brcu.d: [SR]: Single Registration is disabled. Skipping Single Registration capability check for subId: 1, OS.isAtLeastS:[true], enableSingleRegistrationProvisioning:[false]
06-25 11:58:51.287  5023  5160 I BugleRcsEngine: [52] zzo.a: RcsAvailabilityLogWorkerScheduler is cancelled
06-25 11:58:51.288  5023  5226 I Bugle   : BroadcastReceiverAsyncWorkTracker: Acknowledging broadcast of com.google.android.apps.messaging.rcsprovisioning.RcsProvisioningBroadcastReceiver@91ef67
06-25 11:58:51.293   831   900 D StylusManager: Stylus InputDevice changed: 8 virtio_input_multi_touch_5
06-25 11:58:51.296  5023  5141 W BugleRcsEngine: [46] brcu.d: [SR]: Single Registration is disabled. Skipping Single Registration capability check for subId: 1, OS.isAtLeastS:[true], enableSingleRegistrationProvisioning:[false]
06-25 11:58:51.297  5023  5141 I BugleRcsProvisioning: RcsAvailabilityUpdaterLocal: RcsAvailability configuration availability and enabled status: simId: redacted-pii:sim_id[chars:20,last3:897], SipConnectionType: DUAL_REG, isConfigurationAvailableAndEnabled: false
06-25 11:58:51.297  5023  5141 I BugleRcsProvisioning: RcsAvailabilityUpdaterLocal: updateRcsAvailability, currentAvailability: 2, newAvailability: 2, hint: SIM_SWAP
06-25 11:58:51.297  5023  5246 I BugleRcsProvisioning: RcsProvisioningTrigger: onRcsAvailabilityUpdate : availability is updated to RCS is disabled for this carrier by Google, lastAvailability is RCS is disabled for this carrier by Google, simId hash = 5835118159293605404, simId = redacted-pii:sim_id[chars:20,last3:897], isPev3Enabled = true
06-25 11:58:51.297  5023  5226 I Bugle   : BroadcastReceiverAsyncWorkTracker: Acknowledging broadcast of bdxy@80e52d4
06-25 11:58:51.301   831   900 D StylusManager: Stylus InputDevice changed: 14 virtio_input_multi_touch_11
06-25 11:58:51.302  5023  5205 I BugleRcsEngine: [56] zzl.apply: Cancel All Provisioning work operation result is: SUCCESS, trigger is SIM_SWAP
06-25 11:58:51.302  5023  5246 W BugleRcsEngine: [63] brcu.d: [SR]: Single Registration is disabled. Skipping Single Registration capability check for subId: 1, OS.isAtLeastS:[true], enableSingleRegistrationProvisioning:[false]
06-25 11:58:51.302  5023  5246 I BugleRcsEngine: [63] zzn.apply: Skipping provisioning scheduling since RCS is disabled
06-25 11:58:51.303  5023  6136 I BugleNetwork: NewLightTickleFcmHandler: Handling firebase new token
06-25 11:58:51.304  5023  6136 I BugleNetwork: RegistrationProvider: Refresh Tachyon Registration Now
06-25 11:58:51.305   831   900 D StylusManager: Stylus InputDevice changed: 6 virtio_input_multi_touch_3
06-25 11:58:51.305   831   900 D StylusManager: Stylus InputDevice changed: 13 virtio_input_multi_touch_10
06-25 11:58:51.305   831   900 D StylusManager: Stylus InputDevice changed: 4 virtio_input_multi_touch_1
06-25 11:58:51.305   831   900 D StylusManager: Stylus InputDevice changed: 9 virtio_input_multi_touch_6
06-25 11:58:51.306   831   900 D StylusManager: Stylus InputDevice changed: 7 virtio_input_multi_touch_4
06-25 11:58:51.307  5023  5160 I BugleNetwork: RegistrationProvider: Tachyon registration token is null, ignore immediate refresh
06-25 11:58:51.308  5023  6136 I BugleNetwork: NewLightTickleFcmHandler: Successfully handled firebase new token.
06-25 11:58:51.309  2718  2894 W TimedProcessReaper: Scheduling killing of process to refresh configuration
06-25 11:58:51.324  2718  2881 I PhenotypeBackgroundRecv: Successfully updated snapshot for com.google.android.libraries.internal.growth.growthkit#com.google.android.dialer
06-25 11:58:51.325  5023  6136 I BugleNetwork: NewLightTickleFcmHandler: Handling firebase new token
06-25 11:58:51.325  5023  6136 I BugleNetwork: RegistrationProvider: Refresh Tachyon Registration Now
06-25 11:58:51.326  5023  5205 I BugleNetwork: RegistrationProvider: Tachyon registration token is null, ignore immediate refresh
06-25 11:58:51.326  5023  5205 I BugleNetwork: NewLightTickleFcmHandler: Successfully handled firebase new token.
06-25 11:58:51.328  2718  2718 I PhenotypeBackgroundRecv: Skipping com.google.android.gms.icing.mdd#com.google.android.dialer which doesn't use ProcessStable flags.
06-25 11:58:51.330  2718  2894 I PhenotypeBackgroundRecv: Successfully updated snapshot for com.google.android.libraries.notifications.platform#com.google.android.dialer
06-25 11:58:51.339  5470  5657 I AlarmManager: setExactAndAllowWhileIdle [name: GCM_CONN_ALARM type: 2 triggerAtMillis: 105649]
06-25 11:58:51.340   518  2228 D CompatibilityChangeReporter: Compat change id reported: 171306433; UID 10132; state: ENABLED
06-25 11:58:51.340   518  2228 D CompatibilityChangeReporter: Compat change id reported: 218533173; UID 10132; state: ENABLED
06-25 11:58:51.342  5023  5205 I BugleRcsProvisioning: BugleSystemBindingManager: onBuglePhenotypeFlagChanged
06-25 11:58:51.342  5023  5205 I BugleTransport: onBuglePhenotypeFlagChanged: kicking off updateActiveTransport
06-25 11:58:51.344  5023  5131 W BugleAction: Null config in BugleSharedPrefs
06-25 11:58:51.344  5023  5131 W BugleAction: Failed to get msisdn from Bugle
06-25 11:58:51.344  5023  5131 W BugleAction: Failed to get msisdn from RcsProfileService
06-25 11:58:51.344  5023  5131 W BugleAction: cksi: Jibe SDK Service not available. Is the Jibe SDK service running? Did you call connect() and wait for the notification before calling an API function?
06-25 11:58:51.344  5023  5131 W BugleAction: 	at cksa.b(PG:2)
06-25 11:58:51.344  5023  5131 W BugleAction: 	at com.google.android.rcs.client.profile.RcsProfileService.g(PG:1)
06-25 11:58:51.344  5023  5131 W BugleAction: 	at com.google.android.rcs.client.profile.RcsProfileService.getMsisdn(PG:3)
06-25 11:58:51.344  5023  5131 W BugleAction: 	at awsw.aj(PG:17)
06-25 11:58:51.344  5023  5131 W BugleAction: 	at awsw.z(PG:2)
06-25 11:58:51.344  5023  5131 W BugleAction: 	at aule.k(PG:1)
06-25 11:58:51.344  5023  5131 W BugleAction: 	at aulc.call(Unknown Source:2)
06-25 11:58:51.344  5023  5131 W BugleAction: 	at cnsg.a(PG:1)
06-25 11:58:51.344  5023  5131 W BugleAction: 	at cnpm.a(PG:3)
06-25 11:58:51.344  5023  5131 W BugleAction: 	at ctfv.a(PG:1)
06-25 11:58:51.344  5023  5131 W BugleAction: 	at ctet.run(PG:4)
06-25 11:58:51.344  5023  5131 W BugleAction: 	at ctfx.run(PG:1)
06-25 11:58:51.344  5023  5131 W BugleAction: 	at bxfd.run(PG:1)
06-25 11:58:51.344  5023  5131 W BugleAction: 	at java.util.concurrent.ThreadPoolExecutor.runWorker(ThreadPoolExecutor.java:1145)
06-25 11:58:51.344  5023  5131 W BugleAction: 	at java.util.concurrent.ThreadPoolExecutor$Worker.run(ThreadPoolExecutor.java:644)
06-25 11:58:51.344  5023  5131 W BugleAction: 	at bxef.run(PG:2)
06-25 11:58:51.344  5023  5131 W BugleAction: 	at java.lang.Thread.run(Thread.java:1012)
06-25 11:58:51.344  5023  5131 W BugleAction: 	at bxfj.run(PG:5)
06-25 11:58:51.344  5023  5248 W BugleRcsEngine: [64] bpxc.w: Unable to send diagnostic log
06-25 11:58:51.345   518   549 E system_server: No package ID 7f found for resource ID 0x7f08038b.
06-25 11:58:51.345   518   549 E system_server: No package ID 7f found for resource ID 0x7f150be5.
06-25 11:58:51.345   518   549 E system_server: No package ID 7f found for resource ID 0x7f150be5.
06-25 11:58:51.345   518   549 E system_server: No package ID 7f found for resource ID 0x7f150be4.
06-25 11:58:51.345  5023  5106 I BugleRcsEngine: [42] bptz.run: SystemBindingManager: SystemBinding enabled: true
06-25 11:58:51.345  5023  5106 I BugleRcsEngine: [42] bpua.b: System Binding updated
06-25 11:58:51.345  5023  5245 W BugleRcsEngine: [62] bpxc.w: Unable to send diagnostic log
06-25 11:58:51.345  5023  5160 I BugleTransport: isChatAvailable: RcsAvailability is DISABLED_VIA_GSERVICES (RCS is disabled for this carrier by Google)
06-25 11:58:51.345  5023  5131 W SubscriptionMetadataUti: Bugle: SubscriptionMetadataUtils get: unexpected subId = -2, replacing with -1
06-25 11:58:51.345  5023  5131 W SubscriptionMetadataUti: cpwb: FULL
06-25 11:58:51.345  5023  5131 W SubscriptionMetadataUti: 	at bdsy.h(PG:6)
06-25 11:58:51.345  5023  5131 W SubscriptionMetadataUti: 	at bdvp.a(PG:1)
06-25 11:58:51.345  5023  5131 W SubscriptionMetadataUti: 	at bgit.<init>(PG:1)
06-25 11:58:51.345  5023  5131 W SubscriptionMetadataUti: 	at bgiu.a(PG:1)
06-25 11:58:51.345  5023  5131 W SubscriptionMetadataUti: 	at awsw.ai(PG:3)
06-25 11:58:51.345  5023  5131 W SubscriptionMetadataUti: 	at awsw.aj(PG:25)
06-25 11:58:51.345  5023  5131 W SubscriptionMetadataUti: 	at awsw.z(PG:2)
06-25 11:58:51.345  5023  5131 W SubscriptionMetadataUti: 	at aule.k(PG:1)
06-25 11:58:51.345  5023  5131 W SubscriptionMetadataUti: 	at aulc.call(Unknown Source:2)
06-25 11:58:51.345  5023  5131 W SubscriptionMetadataUti: 	at cnsg.a(PG:1)
06-25 11:58:51.345  5023  5131 W SubscriptionMetadataUti: 	at cnpm.a(PG:3)
06-25 11:58:51.345  5023  5131 W SubscriptionMetadataUti: 	at ctfv.a(PG:1)
06-25 11:58:51.345  5023  5131 W SubscriptionMetadataUti: 	at ctet.run(PG:4)
06-25 11:58:51.345  5023  5131 W SubscriptionMetadataUti: 	at ctfx.run(PG:1)
06-25 11:58:51.345  5023  5131 W SubscriptionMetadataUti: 	at bxfd.run(PG:1)
06-25 11:58:51.345  5023  5131 W SubscriptionMetadataUti: 	at java.util.concurrent.ThreadPoolExecutor.runWorker(ThreadPoolExecutor.java:1145)
06-25 11:58:51.345  5023  5131 W SubscriptionMetadataUti: 	at java.util.concurrent.ThreadPoolExecutor$Worker.run(ThreadPoolExecutor.java:644)
06-25 11:58:51.345  5023  5131 W SubscriptionMetadataUti: 	at bxef.run(PG:2)
06-25 11:58:51.345  5023  5131 W SubscriptionMetadataUti: 	at java.lang.Thread.run(Thread.java:1012)
06-25 11:58:51.345  5023  5131 W SubscriptionMetadataUti: 	at bxfj.run(PG:5)
06-25 11:58:51.345  5023  5131 W SubscriptionMetadataUti: Bugle: SubscriptionMetadataUtils get: unexpected subId = -2, replacing with -1
06-25 11:58:51.345  5023  5131 W SubscriptionMetadataUti: cpwb: FULL
06-25 11:58:51.345  5023  5131 W SubscriptionMetadataUti: 	at bdsy.h(PG:6)
06-25 11:58:51.345  5023  5131 W SubscriptionMetadataUti: 	at bgit.<init>(PG:2)
06-25 11:58:51.345  5023  5131 W SubscriptionMetadataUti: 	at bgiu.a(PG:1)
06-25 11:58:51.345  5023  5131 W SubscriptionMetadataUti: 	at awsw.ai(PG:3)
06-25 11:58:51.345  5023  5131 W SubscriptionMetadataUti: 	at awsw.aj(PG:25)
06-25 11:58:51.345  5023  5131 W SubscriptionMetadataUti: 	at awsw.z(PG:2)
06-25 11:58:51.345  5023  5131 W SubscriptionMetadataUti: 	at aule.k(PG:1)
06-25 11:58:51.345  5023  5131 W SubscriptionMetadataUti: 	at aulc.call(Unknown Source:2)
06-25 11:58:51.345  5023  5131 W SubscriptionMetadataUti: 	at cnsg.a(PG:1)
06-25 11:58:51.345  5023  5131 W SubscriptionMetadataUti: 	at cnpm.a(PG:3)
06-25 11:58:51.345  5023  5131 W SubscriptionMetadataUti: 	at ctfv.a(PG:1)
06-25 11:58:51.345  5023  5131 W SubscriptionMetadataUti: 	at ctet.run(PG:4)
06-25 11:58:51.345  5023  5131 W SubscriptionMetadataUti: 	at ctfx.run(PG:1)
06-25 11:58:51.345  5023  5131 W SubscriptionMetadataUti: 	at bxfd.run(PG:1)
06-25 11:58:51.345  5023  5131 W SubscriptionMetadataUti: 	at java.util.concurrent.ThreadPoolExecutor.runWorker(ThreadPoolExecutor.java:1145)
06-25 11:58:51.345  5023  5131 W SubscriptionMetadataUti: 	at java.util.concurrent.ThreadPoolExecutor$Worker.run(ThreadPoolExecutor.java:644)
06-25 11:58:51.345  5023  5131 W SubscriptionMetadataUti: 	at bxef.run(PG:2)
06-25 11:58:51.345  5023  5131 W SubscriptionMetadataUti: 	at java.lang.Thread.run(Thread.java:1012)
06-25 11:58:51.345  5023  5131 W SubscriptionMetadataUti: 	at bxfj.run(PG:5)
06-25 11:58:51.346  5023  5131 W SubscriptionMetadataUti: Bugle: SubscriptionMetadataUtils get: unexpected subId = -2, replacing with -1
06-25 11:58:51.346  5023  5131 W SubscriptionMetadataUti: cpwb: FULL
06-25 11:58:51.346  5023  5131 W SubscriptionMetadataUti: 	at bdsy.h(PG:6)
06-25 11:58:51.346  5023  5131 W SubscriptionMetadataUti: 	at awsw.ai(PG:18)
06-25 11:58:51.346  5023  5131 W SubscriptionMetadataUti: 	at awsw.aj(PG:25)
06-25 11:58:51.346  5023  5131 W SubscriptionMetadataUti: 	at awsw.z(PG:2)
06-25 11:58:51.346  5023  5131 W SubscriptionMetadataUti: 	at aule.k(PG:1)
06-25 11:58:51.346  5023  5131 W SubscriptionMetadataUti: 	at aulc.call(Unknown Source:2)
06-25 11:58:51.346  5023  5131 W SubscriptionMetadataUti: 	at cnsg.a(PG:1)
06-25 11:58:51.346  5023  5131 W SubscriptionMetadataUti: 	at cnpm.a(PG:3)
06-25 11:58:51.346  5023  5131 W SubscriptionMetadataUti: 	at ctfv.a(PG:1)
06-25 11:58:51.346  5023  5131 W SubscriptionMetadataUti: 	at ctet.run(PG:4)
06-25 11:58:51.346  5023  5131 W SubscriptionMetadataUti: 	at ctfx.run(PG:1)
06-25 11:58:51.346  5023  5131 W SubscriptionMetadataUti: 	at bxfd.run(PG:1)
06-25 11:58:51.346  5023  5131 W SubscriptionMetadataUti: 	at java.util.concurrent.ThreadPoolExecutor.runWorker(ThreadPoolExecutor.java:1145)
06-25 11:58:51.346  5023  5131 W SubscriptionMetadataUti: 	at java.util.concurrent.ThreadPoolExecutor$Worker.run(ThreadPoolExecutor.java:644)
06-25 11:58:51.346  5023  5131 W SubscriptionMetadataUti: 	at bxef.run(PG:2)
06-25 11:58:51.346  5023  5131 W SubscriptionMetadataUti: 	at java.lang.Thread.run(Thread.java:1012)
06-25 11:58:51.346  5023  5131 W SubscriptionMetadataUti: 	at bxfj.run(PG:5)
06-25 11:58:51.346  5023  5131 I Bugle   : SubscriptionUtilsAsOfLMR1: getActiveSubscriptionInfo(): empty sub info for subscription{id:-1}
06-25 11:58:51.346  5023  5131 I Bugle   : SubscriptionUtilsAsOfLMR1: getActiveSubscriptionInfo(): empty sub info for subscription{id:-1}
06-25 11:58:51.346  5023  5131 W Bugle   : SubscriptionUtilsAsOfLMR1: getSelfRawNumber: subInfo is null for subscription{id:-1}
06-25 11:58:51.349  5023  5131 W BugleAction: No default number, returning empty msisdn
06-25 11:58:51.349  5023  6140 I BugleTransport: updateActiveTransport: refreshing chat transport
06-25 11:58:51.350  5023  6140 I BugleTransport: refreshChatTransport: isChatAvailable: false, enabledTransport: 1, configuration: <empty>
06-25 11:58:51.351  5023  6140 I RcsClientLib: Connecting RcsEngineLifecycleService
06-25 11:58:51.355  5337  5385 I BugleRcsEngine: [47] ProvisioningEventReceiver.d: Received Provisioning Event: [Bugle information (100)]
06-25 11:58:51.356  5023  6140 W RcsClientLib: No CS.apk RCS service found. Is RCS running in Bugle?
06-25 11:58:51.356  5337  5385 I BugleRcsEngine: [47] ProvisioningEventReceiver.d: JibeService is running, passing event to provisioning engine.
06-25 11:58:51.365  5023  6140 I RcsClientLib: shouldUseCarrierServicesJibeService: false, CarrierServices rcs service found: false
06-25 11:58:51.367  5023  5131 I RcsClientLib: com.google.android.rcs.client.lifecycle.RcsEngineLifecycleService connected
06-25 11:58:51.367  5337  5353 I BugleRcsEngine: [38] RcsEngineImpl.triggerStopRcsStack: RcsEngineImpl[DUAL_REG]:[71ed870f-9122]: triggerStopRcsStack for msisdn:redacted-pii:phone_number[chars:0,last2:]
06-25 11:58:51.369   518   549 I AppBindingService: Stopping: com.google.android.apps.messaging/com.google.android.ims.binding.SystemBindingService u0
06-25 11:58:51.372  5337  5822 I BugleRcsEngine: [78] brqh.handleMessage: RcsEngineImpl[DUAL_REG]:[71ed870f-9122]>Handler: handleMessage processing message:[STOP_RCS_STACK] with [non-null]:RcsEngineImpl reference
06-25 11:58:51.373  5337  5822 I BugleRcsEngine: [78] brqh.handleMessage: RcsEngineImpl[DUAL_REG]:[71ed870f-9122]>Handler: RCS engine STOP RCS stack
06-25 11:58:51.373  5337  5822 W BugleRcsEngine: [78] RcsEngineImpl.e: RcsEngineImpl[DUAL_REG]:[71ed870f-9122]: imsModule is null, shutdown not required
06-25 11:58:51.373  5337  5822 I BugleRcsEngine: [78] RcsEngineImpl.stopRcsStackInternal: RcsEngineImpl[DUAL_REG]:[71ed870f-9122]: skipping imsModule.stop
06-25 11:58:51.373  5337  5822 I BugleRcsEngine: [78] brqh.handleMessage: RcsEngineImpl[DUAL_REG]:[71ed870f-9122]>Handler: handleMessage processing message:[NOTIFY_UPTIME_IGNORE_STATE_CHANGED] with [non-null]:RcsEngineImpl reference
06-25 11:58:51.373  5023  5226 I RcsClientLib: Disconnecting RcsEngineLifecycleService
06-25 11:58:51.378  5470  5563 W BpBinder: Large outgoing transaction of 329888 bytes, interface descriptor , code 4
06-25 11:58:51.381  5337  5337 I BugleRcsEngine: [2] SystemBindingService.onCreate: SystemBindingService onCreate
06-25 11:58:51.382   518  2210 D ConnectivityService: requestNetwork for uid/pid:10129/5337 activeRequest: null callbackRequest: 135 [NetworkRequest [ REQUEST id=136, [ Capabilities: INTERNET&NOT_RESTRICTED&TRUSTED&NOT_VCN_MANAGED Uid: 10129 RequestorUid: 10129 RequestorPkg: com.google.android.apps.messaging UnderlyingNetworks: Null] ]] callback flags: 0 order: 2147483647
06-25 11:58:51.382  5337  5421 W BugleRcsEngine: [67] bpxc.w: Unable to send diagnostic log
06-25 11:58:51.383  5337  5419 I BugleRcsEngine: [65] bptx.run: SystemBindingService: Starting JibeService
06-25 11:58:51.383  5337  5419 I BugleRcsEngine: [65] bsgz.b: EngineBroadcaster: Broadcasting provisioning intent rcs.intent.action.rcsSystemBinding to Bugle with extras redacted-pii:[null] from source SYSTEM_BINDING_SERVICE
06-25 11:58:51.388  1571  1571 I AiAiEcho: AppFetcherImpl onPackageChanged com.google.android.apps.messaging.
06-25 11:58:51.388  1571  2267 I AiAiEcho: AppIndexer Package:[com.google.android.apps.messaging] UserProfile:[0] Enabled:[true].
06-25 11:58:51.388  1571  2267 I AiAiEcho: AppFetcherImplV2 updateApps package:[com.google.android.apps.messaging], userId:[0], reason:[package is updated.].
06-25 11:58:51.394  2859  2927 W A       : Can't format flag AndroidGsaVelourJars__velour_birthdaydoodle_jar__name to integer.
06-25 11:58:51.394  2859  2927 W A       : Can't format flag AndroidGsaVelourJars__velour_call_jar__name to integer.
06-25 11:58:51.394  2859  2927 W A       : Can't format flag AndroidGsaVelourJars__velour_canvas_jar__name to integer.
06-25 11:58:51.394  2859  2927 W A       : Can't format flag AndroidGsaVelourJars__velour_chkpkg_jar__name to integer.
06-25 11:58:51.394  2859  2927 W A       : Can't format flag AndroidGsaVelourJars__velour_crashtest_jar__name to integer.
06-25 11:58:51.394  2859  2927 W A       : Can't format flag AndroidGsaVelourJars__velour_dining_jar__name to integer.
06-25 11:58:51.394  2859  2927 W A       : Can't format flag AndroidGsaVelourJars__velour_doodle_notifications_jar__name to integer.
06-25 11:58:51.394  2859  2927 W A       : Can't format flag AndroidGsaVelourJars__velour_imageviewer_jar__name to integer.
06-25 11:58:51.394  2859  2927 W A       : Can't format flag AndroidGsaVelourJars__velour_ipa_jar__name to integer.
06-25 11:58:51.394  2859  2927 W A       : Can't format flag AndroidGsaVelourJars__velour_jslocation_jar__name to integer.
06-25 11:58:51.394  2859  2927 W A       : Can't format flag AndroidGsaVelourJars__velour_localintent_jar__name to integer.
06-25 11:58:51.394  2859  2927 W A       : Can't format flag AndroidGsaVelourJars__velour_messaging_jar__name to integer.
06-25 11:58:51.394  2859  2927 W A       : Can't format flag AndroidGsaVelourJars__velour_nativesrp_activity_jar__name to integer.
06-25 11:58:51.394  2859  2927 W A       : Can't format flag AndroidGsaVelourJars__velour_nativesrp_presenter_jar__name to integer.
06-25 11:58:51.394  2859  2927 W A       : Can't format flag AndroidGsaVelourJars__velour_nowcontent_jar__name to integer.
06-25 11:58:51.394  2859  2927 W A       : Can't format flag AndroidGsaVelourJars__velour_recents_activity_jar__name to integer.
06-25 11:58:51.394  2859  2927 W A       : Can't format flag AndroidGsaVelourJars__velour_save_jar__name to integer.
06-25 11:58:51.394  2859  2927 W A       : Can't format flag AndroidGsaVelourJars__velour_searchresults_activity_jar__name to integer.
06-25 11:58:51.394  2859  2927 W A       : Can't format flag AndroidGsaVelourJars__velour_test_jar__name to integer.
06-25 11:58:51.394  2859  2927 W A       : Can't format flag AndroidGsaVelourJars__velour_weather_jar__name to integer.
06-25 11:58:51.394  2859  2927 W A       : Can't format flag bindle_flags__bloblobber_blob to integer.
06-25 11:58:51.394  2859  2927 W A       : Can't format flag bindle_flags__velour_jar to integer.
06-25 11:58:51.395  5023  5243 D PhFileGroupPop: Added file groups smart_actions_emotive_models
06-25 11:58:51.399  1472  1875 I PhenotypeModule: PhenotypeModule.handlePhenotypeConfigurationUpdatesInternal():350 Latency of updating configurations from phenotype (experiment v4): 0
06-25 11:58:51.399   518   549 I AppBindingService: Connected: com.google.android.apps.messaging/com.google.android.ims.binding.SystemBindingService u0
06-25 11:58:51.399  1472  1875 I PhenotypeModule: PhenotypeModule.handlePhenotypeConfigurationUpdates():277 Latency of updating configurations from phenotype (ExperimentV4): 1
06-25 11:58:51.399  1472  1875 I PhenotypeModule: PhenotypeModule.lambda$fetchAndUpdate$2():220 fetchAndUpdate() : Success, hasFlags=true, fetchStatus=2026-06-25 11:58:51{reason=2, isFullFetch=false, success=true, isEmpty=false, isDelta=true, fetchedFlagsCount=1, deletedFlagsCount=0, updatedFlagsCount=0, totalTime=216}
06-25 11:58:51.399   518   760 D ConnectivityService: NetReassign [136 : null → 101] [c 0] [a 13] [i 0]
06-25 11:58:51.399   518   753 D WifiNetworkFactory: got request NetworkRequest [ REQUEST id=136, [ Capabilities: INTERNET&NOT_RESTRICTED&TRUSTED&NOT_VCN_MANAGED Uid: 10129 RequestorUid: 10129 RequestorPkg: com.google.android.apps.messaging UnderlyingNetworks: Null] ]
06-25 11:58:51.399   518   753 D UntrustedWifiNetworkFactory: got request NetworkRequest [ REQUEST id=136, [ Capabilities: INTERNET&NOT_RESTRICTED&TRUSTED&NOT_VCN_MANAGED Uid: 10129 RequestorUid: 10129 RequestorPkg: com.google.android.apps.messaging UnderlyingNetworks: Null] ]
06-25 11:58:51.399   518   753 D OemPaidWifiNetworkFactory: got request NetworkRequest [ REQUEST id=136, [ Capabilities: INTERNET&NOT_RESTRICTED&TRUSTED&NOT_VCN_MANAGED Uid: 10129 RequestorUid: 10129 RequestorPkg: com.google.android.apps.messaging UnderlyingNetworks: Null] ]
06-25 11:58:51.399   518   753 D MultiInternetWifiNetworkFactory: got request NetworkRequest [ REQUEST id=136, [ Capabilities: INTERNET&NOT_RESTRICTED&TRUSTED&NOT_VCN_MANAGED Uid: 10129 RequestorUid: 10129 RequestorPkg: com.google.android.apps.messaging UnderlyingNetworks: Null] ]
06-25 11:58:51.402  5337  5385 I BugleRcsEngine: [47] ProvisioningEventReceiver.d: Received Provisioning Event: [Bugle information (100)]
06-25 11:58:51.403  5337  5385 I BugleRcsEngine: [47] ProvisioningEventReceiver.d: JibeService is running, passing event to provisioning engine.
06-25 11:58:51.407  5337  5822 I BugleRcsEngine: [78] brnl.h: RCS Configuration storage in Bugle is disabled by p/h flag, using ProvisioningEngineStateCacheUtil.getProvisioningConfigurationForGivenSimIfExist()
06-25 11:58:51.412   518   610 D ActivityManager: freezing 5084 com.google.android.cellbroadcastreceiver
06-25 11:58:51.416  5557  5678 I AccountSeedingPrefetchI: AccountSeedingPrefetchInit intent operation started. [CONTEXT service_id=42 ]
06-25 11:58:51.428  5470  5495 W ChimeraUtils: Module com.google.android.gms.nearby_en missing resource null(0)
06-25 11:58:51.445  5337  5385 I BugleRcsEngine: [47] ProvisioningEventReceiver.d: Received Provisioning Event: [Bugle information (100)]
06-25 11:58:51.445  5337  5385 I BugleRcsEngine: [47] ProvisioningEventReceiver.d: JibeService is running, passing event to provisioning engine.
06-25 11:58:51.453  5023  5243 D PhFileGroupPop: Added file groups smart_actions_emotive_models
06-25 11:58:51.461  5470  5641 I Fitness : OnPackageChangedOperation got intent: Intent { act=android.intent.action.PACKAGE_CHANGED dat=package: flg=0x45000010 pkg=com.google.android.gms cmp=com.google.android.gms/.chimera.PersistentIntentOperationService (has extras) } [CONTEXT service_id=17 ]
06-25 11:58:51.461  5337  6144 I BugleRcsEngine: [83] ProvisioningEventReceiver.d: Received Provisioning Event: [Bugle information (100)]
06-25 11:58:51.461  5337  6144 I BugleRcsEngine: [83] ProvisioningEventReceiver.d: JibeService is running, passing event to provisioning engine.
06-25 11:58:51.462  5337  5385 I BugleRcsEngine: [47] brga.s: ProvisioningEngineManager: onCsLibPhenotypeUpdated, provisioningTaskInBugleEnabled = true, currentProvisioningStrategy = brka
06-25 11:58:51.462  5337  5385 I BugleRcsEngine: [47] brga.s: ProvisioningEngineManager: onCsLibPhenotypeUpdated, provisioningTaskInBugleEnabled = true, currentProvisioningStrategy = brka
06-25 11:58:51.463  6138  6138 D AndroidRuntime: >>>>>> START com.android.internal.os.RuntimeInit uid 2000 <<<<<<
06-25 11:58:51.466  5337  5419 W BugleRcsEngine: [65] bpxc.w: Unable to send diagnostic log
06-25 11:58:51.477  6138  6138 I AndroidRuntime: Using default boot image
06-25 11:58:51.477  6138  6138 I AndroidRuntime: Leaving lock profiling enabled
06-25 11:58:51.478  6138  6138 I app_process: Core platform API reporting enabled, enforcing=false
06-25 11:58:51.478  6138  6138 I app_process: Using CollectorTypeCC GC.
06-25 11:58:51.498  3074  3116 I DynamiteModule: Considering local module com.google.android.gms.googlecertificates:7 and remote module com.google.android.gms.googlecertificates:7
06-25 11:58:51.498  3074  3116 I DynamiteModule: Selected local version of com.google.android.gms.googlecertificates
06-25 11:58:51.500  2718  2851 W TimedProcessReaper: Scheduling killing of process to refresh configuration
06-25 11:58:51.504  2718  2851 W TimedProcessReaper: Scheduling killing of process to refresh configuration
06-25 11:58:51.507  5023  5131 I BugleRcsProvisioning: RcsProvisioningTrigger: Schedule provisioning on system binding.
06-25 11:58:51.508  5023  5131 I BugleRcsProvisioning: scheduleProvisioning using legacy code path
06-25 11:58:51.508  5023  5131 W BugleRcsEngine: [44] brcu.d: [SR]: Single Registration is disabled. Skipping Single Registration capability check for subId: 1, OS.isAtLeastS:[true], enableSingleRegistrationProvisioning:[false]
06-25 11:58:51.508  5023  5131 I BugleRcsProvisioning: RcsProvisioningTrigger: DR is active, initializing DR provisioning. DUAL_REG
06-25 11:58:51.509  5023  6140 W BugleRcsEngine: [115] brcu.d: [SR]: Single Registration is disabled. Skipping Single Registration capability check for subId: 1, OS.isAtLeastS:[true], enableSingleRegistrationProvisioning:[false]
06-25 11:58:51.509  5023  5226 I Bugle   : BroadcastReceiverAsyncWorkTracker: Acknowledging broadcast of com.google.android.apps.messaging.rcsprovisioning.RcsProvisioningBroadcastReceiver@37f50d1
06-25 11:58:51.509  5023  6140 I BugleRcsEngine: [115] zzm.run: Skipping provisioning scheduling since RCS is disabled
06-25 11:58:51.521  2859  2935 I A       : Refusing EXCLUSIVE task 24, it is already pending. Try again in 311 seconds.
06-25 11:58:51.524  2859  2943 I FedAssExpListener: Fed-ass not supported for signed out users.
06-25 11:58:51.527  2859  2943 I FedAssExpListener: Successfully processed experiments changed.
06-25 11:58:51.531   518   610 D ActivityManager: freezing 5113 com.google.android.marvin.talkback
06-25 11:58:51.531   518   610 D ActivityManager: freezing 5104 com.google.android.healthconnect.controller
06-25 11:58:51.534  3074  3116 W DG      : [flow tachyon_registration] DroidGuardRunner.newVmProcessForFastSignalCollection(): Fast program not found [CONTEXT service_id=25 ]
06-25 11:58:51.535  5470  5495 W ChimeraUtils: Module com.google.android.gms.nearby_en missing resource null(0)
06-25 11:58:51.538  2859  2934 I A       : NGA enabled in interactor.
06-25 11:58:51.538  2859  2935 I OpaEligibilityChecker: send OpaEligibilityChange broadcast to CommonBroadcastReceiver
06-25 11:58:51.586  2859  2972 W SearchServiceCore: Abort, client detached.
06-25 11:58:51.586  2859  2972 W SearchServiceCore: Abort, client detached.
06-25 11:58:51.591  5557  5667 W ModuleInitIntentOp: Dropping unexpected action com.google.android.gms.phenotype.COMMITTED
06-25 11:58:51.594  5557  5667 W ModuleInitIntentOp: Dropping unexpected action com.google.android.gms.phenotype.COMMITTED
06-25 11:58:51.601  5557  5667 W ModuleInitIntentOp: Dropping unexpected action com.google.android.gms.phenotype.COMMITTED
06-25 11:58:51.602  5557  5939 V Backup  : [PhenotypeConfigIO] Phenotype broadcast received for different package
06-25 11:58:51.604  2859  2935 W CorpusConfigHelper: Invalid input from icing corpus JSON flag.
06-25 11:58:51.604  2859  2935 W CorpusConfigHelper: android.util.MalformedJsonException: Use JsonReader.setLenient(true) to accept malformed JSON at line 123 column 2
06-25 11:58:51.604  2859  2935 W CorpusConfigHelper: 	at android.util.JsonReader.syntaxError(JsonReader.java:1162)
06-25 11:58:51.604  2859  2935 W CorpusConfigHelper: 	at android.util.JsonReader.checkLenient(JsonReader.java:840)
06-25 11:58:51.604  2859  2935 W CorpusConfigHelper: 	at android.util.JsonReader.nextInArray(JsonReader.java:615)
06-25 11:58:51.604  2859  2935 W CorpusConfigHelper: 	at android.util.JsonReader.peek(JsonReader.java:345)
06-25 11:58:51.604  2859  2935 W CorpusConfigHelper: 	at android.util.JsonReader.hasNext(JsonReader.java:321)
06-25 11:58:51.604  2859  2935 W CorpusConfigHelper: 	at com.google.android.apps.gsa.searchbox.c.b.b.k.c(PG:7)
06-25 11:58:51.604  2859  2935 W CorpusConfigHelper: 	at com.google.android.apps.gsa.searchbox.c.b.b.j.a(Unknown Source:2)
06-25 11:58:51.604  2859  2935 W CorpusConfigHelper: 	at com.google.android.apps.gsa.search.core.i.r.run(PG:5)
06-25 11:58:51.604  2859  2935 W CorpusConfigHelper: 	at com.google.android.libraries.gsa.k.a.h.run(PG:2)
06-25 11:58:51.604  2859  2935 W CorpusConfigHelper: 	at com.google.android.apps.gsa.shared.logger.f.a.a.l.p(PG:2)
06-25 11:58:51.604  2859  2935 W CorpusConfigHelper: 	at com.google.android.apps.gsa.shared.logger.f.a.a.g.run(Unknown Source:4)
06-25 11:58:51.604  2859  2935 W CorpusConfigHelper: 	at com.google.android.apps.gsa.shared.util.c.a.cf.b(PG:1)
06-25 11:58:51.604  2859  2935 W CorpusConfigHelper: 	at com.google.android.apps.gsa.shared.util.c.a.ci.run(PG:1)
