06-25 11:58:56.024  5470  5505 W ChimeraUtils: Module com.google.android.gms.nearby_en missing resource null(0)
06-25 11:58:56.026  5470  6157 I NamespaceManager: Package com.android.refreshratecontrol name not found! Using module version.
06-25 11:58:56.026  5470  6157 I NamespaceManager: Package com.google.oslo name not found! Using module version.
06-25 11:58:56.026  5470  6157 I NamespaceManager: Package com.android.media name not found! Using module version.
06-25 11:58:56.026  5470  6157 I NamespaceManager: Package com.android.media.swcodec name not found! Using module version.
06-25 11:58:56.026  5470  6157 I NamespaceManager: Package com.android.neuralnetworks name not found! Using module version.
06-25 11:58:56.027  5470  5506 I NearbyFastPair: DynamicSupportModule: onSupportStateUpdate start [CONTEXT service_id=265 ]
06-25 11:58:56.028  5470  5506 I NearbyFastPair: DynamicSupportModule: onSupportStateUpdate end [CONTEXT service_id=265 ]
06-25 11:58:56.029  5470  6174 I PTCommittedOperation: Receive new configuration for com.google.android.gms.wearable
06-25 11:58:56.029  5470  6157 I NamespaceManager: Package com.android.media name not found! Using module version.
06-25 11:58:56.029  5470  6157 I NamespaceManager: Package 1 name not found! Using module version.
06-25 11:58:56.029  5470  6157 I NamespaceManager: Package rkpd name not found! Using module version.
06-25 11:58:56.029  5470  6157 I NamespaceManager: Package android.companion name not found! Using module version.
06-25 11:58:56.029  5470  6157 I NamespaceManager: Package com.google.android.aicore name not found! Using module version.
06-25 11:58:56.030  5470  6157 I NamespaceManager: Package com.google.android.audioproxy name not found! Using module version.
06-25 11:58:56.030  5470  6157 I NamespaceManager: Package com.google.android.apps.pixel.psi name not found! Using module version.
06-25 11:58:56.030  5470  6157 I NamespaceManager: Package com.google.android.apps.safetycore name not found! Using module version.
06-25 11:58:56.030  5470  6157 I NamespaceManager: Package com.google.android.crashrecovery name not found! Using module version.
06-25 11:58:56.030  5470  6157 I NamespaceManager: Package com.google.android.profiling name not found! Using module version.
06-25 11:58:56.030  5470  6157 I NamespaceManager: Package com.google.android.bt name not found! Using module version.
06-25 11:58:56.030   518  1595 W WindowMagnificationMgr: requestConnection duplicated request: connect=false, mConnectionState=DISCONNECTED
06-25 11:58:56.030   518  1595 D AccessibilityManagerService: restoreCurrentUserForTestAutomationIfNeededLocked(): ignoring because device doesn't support visible background users
06-25 11:58:56.032  5470  6157 I NamespaceManager: Package com.google.android.nfcservices name not found! Using module version.
06-25 11:58:56.032  5470  6157 I NamespaceManager: Package com.google.android.webapp name not found! Using module version.
06-25 11:58:56.032  5557  5937 W ModuleInitIntentOp: Dropping unexpected action com.google.android.gms.phenotype.COMMITTED
06-25 11:58:56.032  1571  1589 I AiAiEcho: Settings changed for uri: content://settings/secure/accessibility_enabled
06-25 11:58:56.033   518   518 D BatterySaverPolicy: accessibility changed to false, updating policy.
06-25 11:58:56.034  5557  5937 W ModuleInitIntentOp: Dropping unexpected action com.google.android.gms.phenotype.COMMITTED
06-25 11:58:56.034  5557  5937 W ModuleInitIntentOp: Dropping unexpected action com.google.android.gms.phenotype.COMMITTED
06-25 11:58:56.034  5557  5937 V Backup  : [PhenotypeConfigIO] Phenotype broadcast received for different package
06-25 11:58:56.034  5557  5937 I SyncIntentOperation: Handling the intent: Intent { act=com.google.android.gms.phenotype.COMMITTED flg=0x10 pkg=com.google.android.gms cmp=com.google.android.gms/.chimera.GmsIntentOperationService (has extras) }. [CONTEXT service_id=80 ]
06-25 11:58:56.035  5557  5681 I MdiSyncModule: flag handling is skipping irrelevant intent.
06-25 11:58:56.035  5557  5681 I MlBenchmarkInstaller: Intent: com.google.android.gms.phenotype.COMMITTED [CONTEXT service_id=340 ]
06-25 11:58:56.036  5557  5681 I MlBenchmarkInstaller: COMMITTED Extra package name: com.google.android.gms.wearable [CONTEXT service_id=340 ]
06-25 11:58:56.036  5470  6157 I NamespaceManager: Package com.google.android.telephonycore name not found! Using module version.
06-25 11:58:56.036  5470  6157 I NamespaceManager: Package com.google.android.uprobestats name not found! Using module version.
06-25 11:58:56.036  5470  6157 W PhenotypeConfigurationU: Update for unknown DeviceConfig package com.google.android.gms.wearable [CONTEXT service_id=204 ]
06-25 11:58:56.036  5470  6157 W PhenotypeConfigurationU: bwix: No package exists for config package: com.google.android.gms.wearable
06-25 11:58:56.036  5470  6157 W PhenotypeConfigurationU: 	at com.google.android.gms.platformconfigurator.PhenotypeConfigurationUpdateListener.b(:com.google.android.gms@231818047@23.18.18 (190800-535401451):6)
06-25 11:58:56.036  5470  6157 W PhenotypeConfigurationU: 	at com.google.android.gms.platformconfigurator.PhenotypeConfigurationUpdateListener.a(:com.google.android.gms@231818047@23.18.18 (190800-535401451):4)
06-25 11:58:56.036  5470  6157 W PhenotypeConfigurationU: 	at com.google.android.gms.platformconfigurator.PhenotypeConfigurationUpdateListener.onHandleIntent(:com.google.android.gms@231818047@23.18.18 (190800-535401451):21)
06-25 11:58:56.036  5470  6157 W PhenotypeConfigurationU: 	at com.google.android.chimera.IntentOperation.onHandleIntent(:com.google.android.gms@231818047@23.18.18 (190800-535401451):2)
06-25 11:58:56.036  5470  6157 W PhenotypeConfigurationU: 	at zhv.onHandleIntent(:com.google.android.gms@231818047@23.18.18 (190800-535401451):4)
06-25 11:58:56.036  5470  6157 W PhenotypeConfigurationU: 	at hjm.run(:com.google.android.gms@231818047@23.18.18 (190800-535401451):3)
06-25 11:58:56.036  5470  6157 W PhenotypeConfigurationU: 	at hjl.run(:com.google.android.gms@231818047@23.18.18 (190800-535401451):11)
06-25 11:58:56.036  5470  6157 W PhenotypeConfigurationU: 	at dfhf.run(:com.google.android.gms@231818047@23.18.18 (190800-535401451):2)
06-25 11:58:56.036  5470  6157 W PhenotypeConfigurationU: 	at java.util.concurrent.ThreadPoolExecutor.runWorker(ThreadPoolExecutor.java:1145)
06-25 11:58:56.036  5470  6157 W PhenotypeConfigurationU: 	at java.util.concurrent.ThreadPoolExecutor$Worker.run(ThreadPoolExecutor.java:644)
06-25 11:58:56.036  5470  6157 W PhenotypeConfigurationU: 	at java.lang.Thread.run(Thread.java:1012)
06-25 11:58:56.037  5470  5505 W ChimeraUtils: Module com.google.android.gms.nearby_en missing resource null(0)
06-25 11:58:56.038  5557  5681 W ModuleInitIntentOp: Dropping unexpected action com.google.android.gms.phenotype.COMMITTED
06-25 11:58:56.039  5557  5939 I LocationHistory: [IntentOperation] Handling action com.google.android.gms.phenotype.COMMITTED [CONTEXT service_id=314 ]
06-25 11:58:56.043  1571  1768 I AiAiEcho: Predicting[0]: 
06-25 11:58:56.043  1571  1768 I AiAiEcho: EchoTargets: 
06-25 11:58:56.043  1571  1768 I AiAiEcho: Filtered by AiAi flag check: 
06-25 11:58:56.043  1571  1768 I AiAiEcho: Ranked targets strategy: SORT, count: 0, ranking metadata: 
06-25 11:58:56.043  1571  1768 I AiAiEcho: Predicting[0]: 
06-25 11:58:56.043  1571  1768 I AiAiEcho: EchoTargets: 
06-25 11:58:56.043  1571  1768 I AiAiEcho: Filtered by AiAi flag check: 
06-25 11:58:56.043  1571  1768 I AiAiEcho: Ranked targets strategy: SORT, count: 0, ranking metadata: 
06-25 11:58:56.044  1571  1768 I AiAiEcho: #postPredictionTargets: Sending updates to UISurface lockscreen with targets# 0 (types=[])
06-25 11:58:56.045   831   831 W PageIndicator: Total number of pages invalid: 0. Assuming 1 page.
06-25 11:58:56.045  1571  1768 I AiAiEcho: #postPredictionTargets: Sending updates to UISurface home with targets# 0 (types=[])
06-25 11:58:56.047  2859  2934 I A       : NGA enabled in interactor.
06-25 11:58:56.048  5557  5681 I GmsSyncPolicyEngine: Periodic sync 1 disabled by policy, cancelled.
06-25 11:58:56.049  5557  5681 I GmsSyncPolicyEngine: Periodic sync 2 disabled by policy, cancelled.
06-25 11:58:56.049  5023  5023 I BugleDataModel: ActionExecutorImpl: Timestamp for ACTION_EXECUTE_QUEUED_FixupMessageStatusOnStartupAction elapsedRealTime: 95363 currentTimeMillis: 1782388736049
06-25 11:58:56.049  5557  5681 I GmsSyncPolicyEngine: Periodic sync 3 disabled by policy, cancelled.
06-25 11:58:56.049  5023  5023 I BugleDataModel: ActionExecutorImpl: Timestamp for ACTION_EXECUTE_QUEUED_ProcessPendingMessagesAction elapsedRealTime: 95363 currentTimeMillis: 1782388736049
06-25 11:58:56.055  6404  6404 D AndroidRuntime: Shutting down VM
06-25 11:58:56.060  1472  1481 I putmethod.latin: JIT allocated 85KB for compiled code of boolean dsd.a(ikb, java.lang.Object[])
06-25 11:58:56.060  1472  1481 I putmethod.latin: Compiler allocated 4232KB to compile boolean dsd.a(ikb, java.lang.Object[])
06-25 11:58:56.061  2859  2934 I A       : Nga state changed to NgaStateDetails{state=ENABLED, isSpecialExperience=false}
06-25 11:58:56.066  1593  5469 I A       : Initializing all components
06-25 11:58:56.068  1593  5469 I A       : APA or Classic session decision: SessionDecision(sessionVariance=CLASSIC, platformVariance=CLASSIC, justification=CURRENT_PLATFORM_VARIANCE).
06-25 11:58:56.068  1593  5469 I A       : [Memory] eligibility: StashEligibility{6}
06-25 11:58:56.073  1593  2079 I A       : onIsEnabledChanged, isEnabled: false
06-25 11:58:56.073  1593  2079 W A       : Disposing empty manager. Did you forgot to subscribe observables?
06-25 11:58:56.073  1593  2079 W A       : Disposing empty manager. Did you forgot to subscribe observables?
06-25 11:58:56.074  1593  2079 W A       : Disposing empty manager. Did you forgot to subscribe observables?
06-25 11:58:56.074  1593  2079 W A       : Disposing empty manager. Did you forgot to subscribe observables?
06-25 11:58:56.074  1593  2079 W A       : Disposing empty manager. Did you forgot to subscribe observables?
06-25 11:58:56.074  1593  2079 W A       : Disposing empty manager. Did you forgot to subscribe observables?
06-25 11:58:56.074  1593  2079 W A       : Disposing empty manager. Did you forgot to subscribe observables?
06-25 11:58:56.074  1593  2079 W A       : Disposing empty manager. Did you forgot to subscribe observables?
06-25 11:58:56.074  1593  2079 W A       : Disposing empty manager. Did you forgot to subscribe observables?
06-25 11:58:56.074  1593  2079 W A       : Disposing empty manager. Did you forgot to subscribe observables?
06-25 11:58:56.074  1593  2079 I A       : onOpaVisibilityChanged: false
06-25 11:58:56.075  1593  2079 W A       : Disposing empty manager. Did you forgot to subscribe observables?
06-25 11:58:56.075  1593  2079 W A       : Disposing empty manager. Did you forgot to subscribe observables?
06-25 11:58:56.075  1593  2079 W A       : Disposing empty manager. Did you forgot to subscribe observables?
06-25 11:58:56.075  1593  2079 W A       : Disposing empty manager. Did you forgot to subscribe observables?
06-25 11:58:56.076  1593  2079 W A       : Disposing empty manager. Did you forgot to subscribe observables?
06-25 11:58:56.076  1593  2079 W A       : Disposing empty manager. Did you forgot to subscribe observables?
06-25 11:58:56.076  1593  2089 I A       : Initialize
06-25 11:58:56.077  1593  2089 I A       : stopListening(NGA_PAUSED_UNKNOWN_REASON, NGA_CREATE), idleOverride=NOT_LISTENING
06-25 11:58:56.078  1593  2089 I A       : on opa visibility changed false
06-25 11:58:56.078  1593  2089 I A       : on opa visibility changed false
06-25 11:58:56.079  1593  2079 I A       : Setting session to type: NO_SESSION
06-25 11:58:56.079  1593  2079 W A       : Disposing empty manager. Did you forgot to subscribe observables?
06-25 11:58:56.079  5023  5023 I BugleDataModel: ActionExecutorImpl: Timestamp for ACTION_EXECUTE_QUEUED_GenericWorkerQueueAction elapsedRealTime: 95393 currentTimeMillis: 1782388736079
06-25 11:58:56.079  1593  2079 W A       : Disposing empty manager. Did you forgot to subscribe observables?
06-25 11:58:56.079  1593  2079 W A       : Disposing empty manager. Did you forgot to subscribe observables?
06-25 11:58:56.079  1593  2079 W A       : Disposing empty manager. Did you forgot to subscribe observables?
06-25 11:58:56.079  1593  2079 W A       : Disposing empty manager. Did you forgot to subscribe observables?
06-25 11:58:56.079  1593  2079 W A       : Disposing empty manager. Did you forgot to subscribe observables?
06-25 11:58:56.079  1593  2079 W A       : Disposing empty manager. Did you forgot to subscribe observables?
06-25 11:58:56.079  1593  2079 W A       : Disposing empty manager. Did you forgot to subscribe observables?
06-25 11:58:56.080  1593  2079 I A       : setNavBarVisible: GestureNavBarVisible{navbarVisible=true}
06-25 11:58:56.080  1593  2079 W A       : Disposing empty manager. Did you forgot to subscribe observables?
06-25 11:58:56.080  1593  2079 W A       : Disposing empty manager. Did you forgot to subscribe observables?
06-25 11:58:56.080  1593  2079 W A       : Disposing empty manager. Did you forgot to subscribe observables?
06-25 11:58:56.080  1593  2079 W A       : Disposing empty manager. Did you forgot to subscribe observables?
06-25 11:58:56.080  1593  2079 W A       : Disposing empty manager. Did you forgot to subscribe observables?
06-25 11:58:56.080  1593  2079 W A       : Disposing empty manager. Did you forgot to subscribe observables?
06-25 11:58:56.080  1593  2079 I A       : onDisabled. Registered: false
06-25 11:58:56.083  1593  2079 I A       : State changed: IDLE => IDLE by NGA_STATE_CHANGED and N/A with Optional.empty
06-25 11:58:56.084  1593  2079 I A       : Recognizer choice: (recognizer_type: 1, recognizer_mode: 1, choice_reason: 4)
06-25 11:58:56.084  1593  2079 I A       : onActiveStateChangeEvent: IDLE => IDLE
06-25 11:58:56.084  1593  2079 I A       : #onActiveStateChangeEvent, newState: IDLE, previousState: IDLE.
06-25 11:58:56.085  1593  2089 I NgaEntryPointEventSendr: setupConnection
06-25 11:58:56.085  5023  6395 I BugleDataModel: FixupMessageStatusOnStartupAction: sendFailedCnt: 0, downloadFailedCnt: 0, partsProcessingFailedCnt: 0
06-25 11:58:56.087  1593  2079 I A       : Successfully initialized all components
06-25 11:58:56.088  2859  2859 I A       : Creating pss binder().
06-25 11:58:56.089  1593  2089 I NgaEntryPointEventSendr: State changed: Disconnected => Connecting
06-25 11:58:56.089  1593  2079 I NgaEntryPointEventSendr: onServiceConnected
06-25 11:58:56.089  2859  4663 I A       : Calling beginBinderSession().
06-25 11:58:56.089  2859  4663 I A       : beginBinderSession(): calling binder
06-25 11:58:56.090  1593  2079 I NgaEntryPointEventSendr: State changed: Connecting => Ready
06-25 11:58:56.093   518  1616 W ActivityManager: Unable to start service Intent { cmp=com.google.android.apps.tachyon/.clientapi.ClientApiService } U=0: not found
06-25 11:58:56.094  5470  6157 I NamespaceManager: Package com.android.refreshratecontrol name not found! Using module version.
06-25 11:58:56.095  5470  6157 I NamespaceManager: Package com.google.oslo name not found! Using module version.
06-25 11:58:56.095  5470  6157 I NamespaceManager: Package com.android.media name not found! Using module version.
06-25 11:58:56.095  5470  6157 I NamespaceManager: Package com.android.media.swcodec name not found! Using module version.
06-25 11:58:56.095  5470  6157 I NamespaceManager: Package com.android.neuralnetworks name not found! Using module version.
06-25 11:58:56.095  5470  6157 I NamespaceManager: Package com.android.media name not found! Using module version.
06-25 11:58:56.095  5470  6157 I NamespaceManager: Package 1 name not found! Using module version.
06-25 11:58:56.095  5470  6157 I NamespaceManager: Package rkpd name not found! Using module version.
06-25 11:58:56.096  5470  6157 I NamespaceManager: Package android.companion name not found! Using module version.
06-25 11:58:56.097  5470  6157 I NamespaceManager: Package com.google.android.aicore name not found! Using module version.
06-25 11:58:56.101  2859  2972 W A       : UiCallbackStub-onGenericEvent[ServiceEvent = 60] task was not run. Callback from Service received after client was disposed.
06-25 11:58:56.102  2859  3858 I PBSessionCacheImpl: Deleted sessionId[12575797363922214] from persistence.
06-25 11:58:56.102  1593  2079 I NgaEntryPointEventSendr: State changed: Ready => Disconnected (onOpaDisconnected)
06-25 11:58:56.102  5470  6157 I NamespaceManager: Package com.google.android.audioproxy name not found! Using module version.
06-25 11:58:56.103  2859  2972 W SearchServiceCore: Abort, client detached.
06-25 11:58:56.103  5470  6157 I NamespaceManager: Package com.google.android.apps.pixel.psi name not found! Using module version.
06-25 11:58:56.104  5470  6157 I NamespaceManager: Package com.google.android.apps.safetycore name not found! Using module version.
06-25 11:58:56.104  5470  6157 I NamespaceManager: Package com.google.android.crashrecovery name not found! Using module version.
06-25 11:58:56.105  5470  6157 I NamespaceManager: Package com.google.android.profiling name not found! Using module version.
06-25 11:58:56.105  5470  6157 I NamespaceManager: Package com.google.android.bt name not found! Using module version.
06-25 11:58:56.105  5470  6157 I NamespaceManager: Package com.google.android.nfcservices name not found! Using module version.
06-25 11:58:56.105  5470  6157 I NamespaceManager: Package com.google.android.webapp name not found! Using module version.
06-25 11:58:56.106  5470  6157 I NamespaceManager: Package com.google.android.telephonycore name not found! Using module version.
06-25 11:58:56.106  5470  6157 I NamespaceManager: Package com.google.android.uprobestats name not found! Using module version.
06-25 11:58:56.106  5470  6157 W PhenotypeConfigurationU: Update for unknown DeviceConfig package com.google.android.gms.icing.mdd [CONTEXT service_id=204 ]
06-25 11:58:56.106  5470  6157 W PhenotypeConfigurationU: bwix: No package exists for config package: com.google.android.gms.icing.mdd
06-25 11:58:56.106  5470  6157 W PhenotypeConfigurationU: 	at com.google.android.gms.platformconfigurator.PhenotypeConfigurationUpdateListener.b(:com.google.android.gms@231818047@23.18.18 (190800-535401451):6)
06-25 11:58:56.106  5470  6157 W PhenotypeConfigurationU: 	at com.google.android.gms.platformconfigurator.PhenotypeConfigurationUpdateListener.a(:com.google.android.gms@231818047@23.18.18 (190800-535401451):4)
06-25 11:58:56.106  5470  6157 W PhenotypeConfigurationU: 	at com.google.android.gms.platformconfigurator.PhenotypeConfigurationUpdateListener.onHandleIntent(:com.google.android.gms@231818047@23.18.18 (190800-535401451):21)
06-25 11:58:56.106  5470  6157 W PhenotypeConfigurationU: 	at com.google.android.chimera.IntentOperation.onHandleIntent(:com.google.android.gms@231818047@23.18.18 (190800-535401451):2)
06-25 11:58:56.106  5470  6157 W PhenotypeConfigurationU: 	at zhv.onHandleIntent(:com.google.android.gms@231818047@23.18.18 (190800-535401451):4)
06-25 11:58:56.106  5470  6157 W PhenotypeConfigurationU: 	at hjm.run(:com.google.android.gms@231818047@23.18.18 (190800-535401451):3)
06-25 11:58:56.106  5470  6157 W PhenotypeConfigurationU: 	at hjl.run(:com.google.android.gms@231818047@23.18.18 (190800-535401451):11)
06-25 11:58:56.106  5470  6157 W PhenotypeConfigurationU: 	at dfhf.run(:com.google.android.gms@231818047@23.18.18 (190800-535401451):2)
06-25 11:58:56.106  5470  6157 W PhenotypeConfigurationU: 	at java.util.concurrent.ThreadPoolExecutor.runWorker(ThreadPoolExecutor.java:1145)
06-25 11:58:56.106  5470  6157 W PhenotypeConfigurationU: 	at java.util.concurrent.ThreadPoolExecutor$Worker.run(ThreadPoolExecutor.java:644)
06-25 11:58:56.106  5470  6157 W PhenotypeConfigurationU: 	at java.lang.Thread.run(Thread.java:1012)
06-25 11:58:56.110  5023  6395 W BugleConnectivity: Unregister ConnectivityStateListener for subId -1 fail.
06-25 11:58:56.113  5023  6395 I BugleDataModel: PendingMessagesProcessor: process from FixupMessageStatusOnStartupAction due to connectivity changed with delay 0 with queues:
06-25 11:58:56.113  5023  6395 I BugleDataModel: ProcessPendingMessagesTimers: cleared next retry time for channel sms_send 
06-25 11:58:56.113  5023  6395 I BugleDataModel: ProcessPendingMessagesTimers: cleared next retry time for channel mms_send 
06-25 11:58:56.113  5023  6395 I BugleDataModel: ProcessPendingMessagesTimers: cleared next retry time for channel mms_download 
06-25 11:58:56.113  5023  6395 I BugleDataModel: ProcessPendingMessagesTimers: cleared next retry time for channel rcs_send 
06-25 11:58:56.113  5023  6395 I BugleDataModel: ProcessPendingMessagesTimers: cleared next retry time for channel rcs_ft_upload 
06-25 11:58:56.113  5023  6395 I BugleDataModel: ProcessPendingMessagesTimers: cleared next retry time for channel rcs_ft_download 
06-25 11:58:56.113  5023  6395 I BugleDataModel: ProcessPendingMessagesTimers: cleared next retry time for channel cloud_sync_send 
06-25 11:58:56.113  5023  6395 I BugleDataModel: ProcessPendingMessagesTimers: cleared next retry time for channel cloud_sync_attachment_download 
06-25 11:58:56.116  5023  6395 W BugleConnectivity: Unregister ConnectivityStateListener for subId -1 fail.
06-25 11:58:56.118  5470  6174 I NamespaceManager: Package com.android.refreshratecontrol name not found! Using module version.
06-25 11:58:56.118  5023  6395 I BugleDataModel: PendingMessagesProcessor: process from ProcessPendingMessagesAction due to scheduled processing with delay 0 with queues:
06-25 11:58:56.120  5470  6174 I NamespaceManager: Package com.google.oslo name not found! Using module version.
06-25 11:58:56.120  5470  6174 I NamespaceManager: Package com.android.media name not found! Using module version.
06-25 11:58:56.121  5470  6174 I NamespaceManager: Package com.android.media.swcodec name not found! Using module version.
06-25 11:58:56.121  5470  6173 I PTCommittedOperation: Receive new configuration for com.google.android.gms.ads
06-25 11:58:56.122  5470  6174 I NamespaceManager: Package com.android.neuralnetworks name not found! Using module version.
06-25 11:58:56.123  5470  6174 I NamespaceManager: Package com.android.media name not found! Using module version.
06-25 11:58:56.123  5470  6174 I NamespaceManager: Package 1 name not found! Using module version.
06-25 11:58:56.124  5023  6395 I BugleDataModel: ActionExecutorImpl: Timestamp for ACTION_BACKGROUND_QUEUED_GenericWorkerQueueAction elapsedRealTime: 95437 currentTimeMillis: 1782388736124
06-25 11:58:56.124  5470  6174 I NamespaceManager: Package rkpd name not found! Using module version.
06-25 11:58:56.124  5470  6174 I NamespaceManager: Package android.companion name not found! Using module version.
06-25 11:58:56.124  5470  6174 I NamespaceManager: Package com.google.android.aicore name not found! Using module version.
06-25 11:58:56.124  5470  6174 I NamespaceManager: Package com.google.android.audioproxy name not found! Using module version.
06-25 11:58:56.125  5470  6174 I NamespaceManager: Package com.google.android.apps.pixel.psi name not found! Using module version.
06-25 11:58:56.125  5023  6398 I BugleJobs: GenericWorkerQueueAction: Work found
06-25 11:58:56.126  5470  6174 I NamespaceManager: Package com.google.android.apps.safetycore name not found! Using module version.
06-25 11:58:56.127  5557  6454 W ModuleInitIntentOp: Dropping unexpected action com.google.android.gms.phenotype.COMMITTED
06-25 11:58:56.127  5557  6454 V Backup  : [PhenotypeConfigIO] Phenotype broadcast received for different package
06-25 11:58:56.127  5557  6454 I SyncIntentOperation: Handling the intent: Intent { act=com.google.android.gms.phenotype.COMMITTED flg=0x10 pkg=com.google.android.gms cmp=com.google.android.gms/.chimera.GmsIntentOperationService (has extras) }. [CONTEXT service_id=80 ]
06-25 11:58:56.128  5470  6174 I NamespaceManager: Package com.google.android.crashrecovery name not found! Using module version.
06-25 11:58:56.129  5470  6174 I NamespaceManager: Package com.google.android.profiling name not found! Using module version.
06-25 11:58:56.129  5470  6174 I NamespaceManager: Package com.google.android.bt name not found! Using module version.
06-25 11:58:56.129  5470  6174 I NamespaceManager: Package com.google.android.nfcservices name not found! Using module version.
06-25 11:58:56.129  5470  6174 I NamespaceManager: Package com.google.android.webapp name not found! Using module version.
06-25 11:58:56.130  5557  6455 I MdiSyncModule: flag handling is skipping irrelevant intent.
06-25 11:58:56.130  5470  6174 I NamespaceManager: Package com.google.android.telephonycore name not found! Using module version.
06-25 11:58:56.130  5557  6455 I MlBenchmarkInstaller: Intent: com.google.android.gms.phenotype.COMMITTED [CONTEXT service_id=340 ]
06-25 11:58:56.130  5470  6174 I NamespaceManager: Package com.google.android.uprobestats name not found! Using module version.
06-25 11:58:56.131  5470  6174 W PhenotypeConfigurationU: Update for unknown DeviceConfig package com.google.android.gms.ads [CONTEXT service_id=204 ]
06-25 11:58:56.131  5470  6174 W PhenotypeConfigurationU: bwix: No package exists for config package: com.google.android.gms.ads
06-25 11:58:56.131  5470  6174 W PhenotypeConfigurationU: 	at com.google.android.gms.platformconfigurator.PhenotypeConfigurationUpdateListener.b(:com.google.android.gms@231818047@23.18.18 (190800-535401451):6)
06-25 11:58:56.131  5470  6174 W PhenotypeConfigurationU: 	at com.google.android.gms.platformconfigurator.PhenotypeConfigurationUpdateListener.a(:com.google.android.gms@231818047@23.18.18 (190800-535401451):4)
06-25 11:58:56.131  5470  6174 W PhenotypeConfigurationU: 	at com.google.android.gms.platformconfigurator.PhenotypeConfigurationUpdateListener.onHandleIntent(:com.google.android.gms@231818047@23.18.18 (190800-535401451):21)
06-25 11:58:56.131  5470  6174 W PhenotypeConfigurationU: 	at com.google.android.chimera.IntentOperation.onHandleIntent(:com.google.android.gms@231818047@23.18.18 (190800-535401451):2)
06-25 11:58:56.131  5470  6174 W PhenotypeConfigurationU: 	at zhv.onHandleIntent(:com.google.android.gms@231818047@23.18.18 (190800-535401451):4)
06-25 11:58:56.131  5470  6174 W PhenotypeConfigurationU: 	at hjm.run(:com.google.android.gms@231818047@23.18.18 (190800-535401451):3)
06-25 11:58:56.131  5470  6174 W PhenotypeConfigurationU: 	at hjl.run(:com.google.android.gms@231818047@23.18.18 (190800-535401451):11)
06-25 11:58:56.131  5470  6174 W PhenotypeConfigurationU: 	at dfhf.run(:com.google.android.gms@231818047@23.18.18 (190800-535401451):2)
06-25 11:58:56.131  5470  6174 W PhenotypeConfigurationU: 	at java.util.concurrent.ThreadPoolExecutor.runWorker(ThreadPoolExecutor.java:1145)
06-25 11:58:56.131  5470  6174 W PhenotypeConfigurationU: 	at java.util.concurrent.ThreadPoolExecutor$Worker.run(ThreadPoolExecutor.java:644)
06-25 11:58:56.131  5470  6174 W PhenotypeConfigurationU: 	at java.lang.Thread.run(Thread.java:1012)
06-25 11:58:56.133  5557  6455 I MlBenchmarkInstaller: COMMITTED Extra package name: com.google.android.gms.ads [CONTEXT service_id=340 ]
06-25 11:58:56.133  5557  6455 W ModuleInitIntentOp: Dropping unexpected action com.google.android.gms.phenotype.COMMITTED
06-25 11:58:56.134  5557  6455 I LocationHistory: [IntentOperation] Handling action com.google.android.gms.phenotype.COMMITTED [CONTEXT service_id=314 ]
06-25 11:58:56.135  5557  6457 I GmsSyncPolicyEngine: Periodic sync 1 disabled by policy, cancelled.
06-25 11:58:56.136  5557  6457 I GmsSyncPolicyEngine: Periodic sync 2 disabled by policy, cancelled.
06-25 11:58:56.136  5557  6457 I GmsSyncPolicyEngine: Periodic sync 3 disabled by policy, cancelled.
06-25 11:58:56.147  5470  6159 I NamespaceManager: Package com.android.refreshratecontrol name not found! Using module version.
06-25 11:58:56.148  5470  6159 I NamespaceManager: Package com.google.oslo name not found! Using module version.
06-25 11:58:56.148  5470  6159 I NamespaceManager: Package com.android.media name not found! Using module version.
06-25 11:58:56.148  5470  6159 I NamespaceManager: Package com.android.media.swcodec name not found! Using module version.
06-25 11:58:56.148  5470  6159 I NamespaceManager: Package com.android.neuralnetworks name not found! Using module version.
06-25 11:58:56.148  5470  6159 I NamespaceManager: Package com.android.media name not found! Using module version.
06-25 11:58:56.148  5470  6159 I NamespaceManager: Package 1 name not found! Using module version.
06-25 11:58:56.148  5470  6159 I NamespaceManager: Package rkpd name not found! Using module version.
06-25 11:58:56.149  5470  6159 I NamespaceManager: Package android.companion name not found! Using module version.
06-25 11:58:56.149  5470  6159 I NamespaceManager: Package com.google.android.aicore name not found! Using module version.
06-25 11:58:56.149  5470  6159 I NamespaceManager: Package com.google.android.audioproxy name not found! Using module version.
06-25 11:58:56.149  5470  6159 I NamespaceManager: Package com.google.android.apps.pixel.psi name not found! Using module version.
06-25 11:58:56.149  5470  6159 I NamespaceManager: Package com.google.android.apps.safetycore name not found! Using module version.
06-25 11:58:56.149  5470  6159 I NamespaceManager: Package com.google.android.crashrecovery name not found! Using module version.
06-25 11:58:56.149  5470  6159 I NamespaceManager: Package com.google.android.profiling name not found! Using module version.
06-25 11:58:56.149  5470  6159 I NamespaceManager: Package com.google.android.bt name not found! Using module version.
06-25 11:58:56.149  5470  6159 I NamespaceManager: Package com.google.android.nfcservices name not found! Using module version.
06-25 11:58:56.149  5470  6159 I NamespaceManager: Package com.google.android.webapp name not found! Using module version.
06-25 11:58:56.149  5470  6159 I NamespaceManager: Package com.google.android.telephonycore name not found! Using module version.
06-25 11:58:56.149  5470  6159 I NamespaceManager: Package com.google.android.uprobestats name not found! Using module version.
06-25 11:58:56.149  5470  6159 W PhenotypeConfigurationU: Update for unknown DeviceConfig package com.google.android.gms.ocr [CONTEXT service_id=204 ]
06-25 11:58:56.149  5470  6159 W PhenotypeConfigurationU: bwix: No package exists for config package: com.google.android.gms.ocr
06-25 11:58:56.149  5470  6159 W PhenotypeConfigurationU: 	at com.google.android.gms.platformconfigurator.PhenotypeConfigurationUpdateListener.b(:com.google.android.gms@231818047@23.18.18 (190800-535401451):6)
06-25 11:58:56.149  5470  6159 W PhenotypeConfigurationU: 	at com.google.android.gms.platformconfigurator.PhenotypeConfigurationUpdateListener.a(:com.google.android.gms@231818047@23.18.18 (190800-535401451):4)
06-25 11:58:56.149  5470  6159 W PhenotypeConfigurationU: 	at com.google.android.gms.platformconfigurator.PhenotypeConfigurationUpdateListener.onHandleIntent(:com.google.android.gms@231818047@23.18.18 (190800-535401451):21)
06-25 11:58:56.149  5470  6159 W PhenotypeConfigurationU: 	at com.google.android.chimera.IntentOperation.onHandleIntent(:com.google.android.gms@231818047@23.18.18 (190800-535401451):2)
06-25 11:58:56.149  5470  6159 W PhenotypeConfigurationU: 	at zhv.onHandleIntent(:com.google.android.gms@231818047@23.18.18 (190800-535401451):4)
06-25 11:58:56.149  5470  6159 W PhenotypeConfigurationU: 	at hjm.run(:com.google.android.gms@231818047@23.18.18 (190800-535401451):3)
06-25 11:58:56.149  5470  6159 W PhenotypeConfigurationU: 	at hjl.run(:com.google.android.gms@231818047@23.18.18 (190800-535401451):11)
06-25 11:58:56.149  5470  6159 W PhenotypeConfigurationU: 	at dfhf.run(:com.google.android.gms@231818047@23.18.18 (190800-535401451):2)
06-25 11:58:56.149  5470  6159 W PhenotypeConfigurationU: 	at java.util.concurrent.ThreadPoolExecutor.runWorker(ThreadPoolExecutor.java:1145)
06-25 11:58:56.149  5470  6159 W PhenotypeConfigurationU: 	at java.util.concurrent.ThreadPoolExecutor$Worker.run(ThreadPoolExecutor.java:644)
06-25 11:58:56.149  5470  6159 W PhenotypeConfigurationU: 	at java.lang.Thread.run(Thread.java:1012)
06-25 11:58:56.160  5557  5616 E MDD     : FileGroupManager: Trying to add expired group enpromo-state-config.
06-25 11:58:56.161  5557  5616 W MDD     : MDDManager class cqfz
06-25 11:58:56.171  5557  6457 D CompatibilityChangeReporter: Compat change id reported: 250678880; UID 10132; state: ENABLED
06-25 11:58:56.172  5557  6457 W DynamiteModule: Local module descriptor class for com.google.android.gms.vision.dynamite.ocr not found.
06-25 11:58:56.173  5557  6457 W ProviderHelper: Unknown dynamite feature vision.dynamite.ocr
06-25 11:58:56.173  5557  6457 I DynamiteModule: Considering local module com.google.android.gms.vision.dynamite.ocr:0 and remote module com.google.android.gms.vision.dynamite.ocr:0
06-25 11:58:56.173  5557  6457 W ProviderHelper: Ignoring optional dynamite feature vision.ocr
06-25 11:58:56.174  5557  6457 W DynamiteModule: Local module descriptor class for com.google.android.gms.vision.ocr not found.
06-25 11:58:56.174  5557  6457 I DynamiteModule: Considering local module com.google.android.gms.vision.ocr:0 and remote module com.google.android.gms.vision.ocr:0
06-25 11:58:56.174  5557  6457 W Vision  : Error loading optional module com.google.android.gms.vision.ocr: ahbb: No acceptable module com.google.android.gms.vision.ocr found. Local version is 0 and remote version is 0.
06-25 11:58:56.184  5557  5681 I ChimeraConfigurator: Starting update, reason: 4 urgentFeatures: vision.ocr:-1
06-25 11:58:56.200  5470  6159 I NamespaceManager: Package com.android.refreshratecontrol name not found! Using module version.
06-25 11:58:56.200  5470  6159 I NamespaceManager: Package com.google.oslo name not found! Using module version.
06-25 11:58:56.201  5470  6159 I NamespaceManager: Package com.android.media name not found! Using module version.
06-25 11:58:56.201  5470  6159 I NamespaceManager: Package com.android.media.swcodec name not found! Using module version.
06-25 11:58:56.201  5470  6159 I NamespaceManager: Package com.android.neuralnetworks name not found! Using module version.
06-25 11:58:56.201  5470  6159 I NamespaceManager: Package com.android.media name not found! Using module version.
06-25 11:58:56.202  5470  6159 I NamespaceManager: Package 1 name not found! Using module version.
06-25 11:58:56.202  5470  6159 I NamespaceManager: Package rkpd name not found! Using module version.
06-25 11:58:56.202  5470  6159 I NamespaceManager: Package android.companion name not found! Using module version.
06-25 11:58:56.202  5470  6159 I NamespaceManager: Package com.google.android.aicore name not found! Using module version.
06-25 11:58:56.202  5470  6159 I NamespaceManager: Package com.google.android.audioproxy name not found! Using module version.
06-25 11:58:56.202  5557  5648 I Icing   : Indexing com.google.android.gms-internal.3p:MobileApplication from com.google.android.gms
06-25 11:58:56.203  5470  6159 I NamespaceManager: Package com.google.android.apps.pixel.psi name not found! Using module version.
06-25 11:58:56.203  5470  6159 I NamespaceManager: Package com.google.android.apps.safetycore name not found! Using module version.
06-25 11:58:56.203  5557  5648 I Icing   : Indexing done com.google.android.gms-internal.3p:MobileApplication
06-25 11:58:56.204  5557  6457 W TextNativeHandle: Native handle not yet available. Reverting to no-op handle.
06-25 11:58:56.204  5470  6159 I NamespaceManager: Package com.google.android.crashrecovery name not found! Using module version.
06-25 11:58:56.205  5470  6159 I NamespaceManager: Package com.google.android.profiling name not found! Using module version.
06-25 11:58:56.205  5470  6159 I NamespaceManager: Package com.google.android.bt name not found! Using module version.
06-25 11:58:56.205  5470  6159 I NamespaceManager: Package com.google.android.nfcservices name not found! Using module version.
06-25 11:58:56.205  5470  6159 I NamespaceManager: Package com.google.android.webapp name not found! Using module version.
06-25 11:58:56.206  5557  6457 W DynamiteModule: Local module descriptor class for com.google.android.gms.vision.dynamite.ocr not found.
06-25 11:58:56.206  5470  6159 I NamespaceManager: Package com.google.android.telephonycore name not found! Using module version.
06-25 11:58:56.206  5557  6457 W ProviderHelper: Unknown dynamite feature vision.dynamite.ocr
06-25 11:58:56.206  5557  6457 I DynamiteModule: Considering local module com.google.android.gms.vision.dynamite.ocr:0 and remote module com.google.android.gms.vision.dynamite.ocr:0
06-25 11:58:56.206  5557  6457 W ProviderHelper: Ignoring optional dynamite feature vision.ocr
06-25 11:58:56.206  5557  6457 W DynamiteModule: Local module descriptor class for com.google.android.gms.vision.ocr not found.
06-25 11:58:56.206  5557  6457 I DynamiteModule: Considering local module com.google.android.gms.vision.ocr:0 and remote module com.google.android.gms.vision.ocr:0
06-25 11:58:56.206  5557  6457 W Vision  : Error loading optional module com.google.android.gms.vision.ocr: ahbb: No acceptable module com.google.android.gms.vision.ocr found. Local version is 0 and remote version is 0.
06-25 11:58:56.208  5470  6159 I NamespaceManager: Package com.google.android.uprobestats name not found! Using module version.
06-25 11:58:56.208  5470  6159 W PhenotypeConfigurationU: Update for unknown DeviceConfig package com.google.android.gms.pay [CONTEXT service_id=204 ]
06-25 11:58:56.208  5470  6159 W PhenotypeConfigurationU: bwix: No package exists for config package: com.google.android.gms.pay
06-25 11:58:56.208  5470  6159 W PhenotypeConfigurationU: 	at com.google.android.gms.platformconfigurator.PhenotypeConfigurationUpdateListener.b(:com.google.android.gms@231818047@23.18.18 (190800-535401451):6)
06-25 11:58:56.208  5470  6159 W PhenotypeConfigurationU: 	at com.google.android.gms.platformconfigurator.PhenotypeConfigurationUpdateListener.a(:com.google.android.gms@231818047@23.18.18 (190800-535401451):4)
06-25 11:58:56.208  5470  6159 W PhenotypeConfigurationU: 	at com.google.android.gms.platformconfigurator.PhenotypeConfigurationUpdateListener.onHandleIntent(:com.google.android.gms@231818047@23.18.18 (190800-535401451):21)
06-25 11:58:56.208  5470  6159 W PhenotypeConfigurationU: 	at com.google.android.chimera.IntentOperation.onHandleIntent(:com.google.android.gms@231818047@23.18.18 (190800-535401451):2)
06-25 11:58:56.208  5470  6159 W PhenotypeConfigurationU: 	at zhv.onHandleIntent(:com.google.android.gms@231818047@23.18.18 (190800-535401451):4)
06-25 11:58:56.208  5470  6159 W PhenotypeConfigurationU: 	at hjm.run(:com.google.android.gms@231818047@23.18.18 (190800-535401451):3)
06-25 11:58:56.208  5470  6159 W PhenotypeConfigurationU: 	at hjl.run(:com.google.android.gms@231818047@23.18.18 (190800-535401451):11)
06-25 11:58:56.208  5470  6159 W PhenotypeConfigurationU: 	at dfhf.run(:com.google.android.gms@231818047@23.18.18 (190800-535401451):2)
06-25 11:58:56.208  5470  6159 W PhenotypeConfigurationU: 	at java.util.concurrent.ThreadPoolExecutor.runWorker(ThreadPoolExecutor.java:1145)
06-25 11:58:56.208  5470  6159 W PhenotypeConfigurationU: 	at java.util.concurrent.ThreadPoolExecutor$Worker.run(ThreadPoolExecutor.java:644)
06-25 11:58:56.208  5470  6159 W PhenotypeConfigurationU: 	at java.lang.Thread.run(Thread.java:1012)
06-25 11:58:56.210  5557  5681 I ChimeraConfigurator: Detected pending changes for urgent request: [vision.ocr]. Pending module sets: container:2318189190800+mlkit.ocr.common,tflite_dynamite:2605805025100800+tflite_dynamite,vision_ocr:2316024025100000+vision.ocr
06-25 11:58:56.210  5557  6457 I OcrModelUpStIntentOp: Downloading text recognizer
06-25 11:58:56.219  5023  6395 I BugleJobs: GenericWorkerQueueAction: Rescheduling immediately to continue processing since we didn't yet reach the end.
06-25 11:58:56.222  5557  5681 I GmsDebugLogger: [73] 1801
06-25 11:58:56.222  5023  6398 I BugleDataModel: ActionExecutorImpl: Timestamp for ACTION_RESPONSE_QUEUED_GenericWorkerQueueAction elapsedRealTime: 95536 currentTimeMillis: 1782388736222
06-25 11:58:56.224  5557  5557 D BoundBrokerSvc: onRebind: Intent { act=com.google.android.gms.chimera.container.moduleinstall.ModuleInstallService.START dat=chimera-action:/... cmp=com.google.android.gms/.chimera.GmsApiService }
06-25 11:58:56.224  5557  6453 I Pay     : A Phenotype flag has been updated. [CONTEXT service_id=198 ]
06-25 11:58:56.224  5557  6453 I Pay     : Requested check of feature migrations. [CONTEXT service_id=198 ]
06-25 11:58:56.228  5557  5557 D BoundBrokerSvc: onBind: Intent { act=com.google.android.gms.ocr.service.internal.START dat=chimera-action:/... cmp=com.google.android.gms/.chimera.GmsInternalApiService }
06-25 11:58:56.228  5557  5557 D BoundBrokerSvc: Loading bound service for intent: Intent { act=com.google.android.gms.ocr.service.internal.START dat=chimera-action:/... cmp=com.google.android.gms/.chimera.GmsInternalApiService }
06-25 11:58:56.229  5557  5681 W ZappDownloader: No successful module downloads for requested features [vision.ocr].
06-25 11:58:56.230  5557  5681 I GmsDebugLogger: [30] [VisionOcrDynamite.integ:231602402100000],[TfliteDynamiteDynamite.integ:260580502100800],[MlkitOcrCommon.optional:231818100800]
06-25 11:58:56.233  5557  5681 W ChimeraConfigService: Retry attempt was throttled. [CONTEXT service_id=264 ]
06-25 11:58:56.235  5557  5681 I GmsDebugLogger: [83] 1 [vision.ocr]
06-25 11:58:56.236  5023  5023 I BugleDataModel: ActionExecutorImpl: Timestamp for ACTION_EXECUTE_QUEUED_GenericWorkerQueueAction elapsedRealTime: 95550 currentTimeMillis: 1782388736236
06-25 11:58:56.237  5470  5743 W NetworkScheduler: The extras of the task (com.google.android.gms.ocr.service.ModelCleanUpTaskService:type_[4]) are not valid to be persisted so that the task is not persisted [CONTEXT service_id=218 ]
06-25 11:58:56.237  5470  5743 W NetworkScheduler: java.lang.IllegalArgumentException: Only the following extra parameter types are supported: Integer, Long, Double, String, Boolean, and nested Bundles with the same restrictions.
06-25 11:58:56.237  5470  5743 W NetworkScheduler: 	at awaz.e(:com.google.android.gms@231818047@23.18.18 (190800-535401451):10)
06-25 11:58:56.237  5470  5743 W NetworkScheduler: 	at byui.f(:com.google.android.gms@231818047@23.18.18 (190800-535401451):44)
06-25 11:58:56.237  5470  5743 W NetworkScheduler: 	at bytb.n(:com.google.android.gms@231818047@23.18.18 (190800-535401451):3)
06-25 11:58:56.237  5470  5743 W NetworkScheduler: 	at bytb.u(:com.google.android.gms@231818047@23.18.18 (190800-535401451):20)
06-25 11:58:56.237  5470  5743 W NetworkScheduler: 	at bytb.h(:com.google.android.gms@231818047@23.18.18 (190800-535401451):3)
06-25 11:58:56.237  5470  5743 W NetworkScheduler: 	at byot.run(:com.google.android.gms@231818047@23.18.18 (190800-535401451):9)
06-25 11:58:56.237  5470  5743 W NetworkScheduler: 	at aced.c(:com.google.android.gms@231818047@23.18.18 (190800-535401451):6)
06-25 11:58:56.237  5470  5743 W NetworkScheduler: 	at aced.run(:com.google.android.gms@231818047@23.18.18 (190800-535401451):7)
06-25 11:58:56.237  5470  5743 W NetworkScheduler: 	at java.util.concurrent.ThreadPoolExecutor.runWorker(ThreadPoolExecutor.java:1145)
06-25 11:58:56.237  5470  5743 W NetworkScheduler: 	at java.util.concurrent.ThreadPoolExecutor$Worker.run(ThreadPoolExecutor.java:644)
06-25 11:58:56.237  5470  5743 W NetworkScheduler: 	at acjn.run(:com.google.android.gms@231818047@23.18.18 (190800-535401451):0)
06-25 11:58:56.237  5470  5743 W NetworkScheduler: 	at java.lang.Thread.run(Thread.java:1012)
06-25 11:58:56.240  5023  6395 I BugleDataModel: ActionExecutorImpl: Timestamp for ACTION_BACKGROUND_QUEUED_GenericWorkerQueueAction elapsedRealTime: 95554 currentTimeMillis: 1782388736240
06-25 11:58:56.241  5023  5243 I BugleJobs: GenericWorkerQueueAction: Bailing early, no work found, no failed work found
06-25 11:58:56.241  5023  5243 I BugleDataModel: ActionExecutorImpl: Timestamp for ACTION_RESPONSE_QUEUED_GenericWorkerQueueAction elapsedRealTime: 95555 currentTimeMillis: 1782388736241
06-25 11:58:56.244  5557  5937 W Vision  : Request for optional module download of ocr failed. Request again.
06-25 11:58:56.244  5557  5937 W Vision  : Would have logged:
06-25 11:58:56.244  5557  5937 W Vision  : # dsae@37884fe7
06-25 11:58:56.244  5557  5937 I Vision  : Schedule retrying download ocr at 95558 with backoff 10 seconds
06-25 11:58:56.266  5470  5498 I NetworkScheduler.Stats: Task com.google.android.gms/com.google.android.gms.pay.gcmtask.PayGcmTaskService started execution. cause:7 exec_start_elapsed_seconds: 95 [CONTEXT service_id=218 ]
06-25 11:58:56.266  5557  5660 W Pay     : Active account was null, notification task will be cancelled. [CONTEXT service_id=198 ]
06-25 11:58:56.266  5557  5660 E Pay     : [Migration operation] Active tapandpay account not found! [CONTEXT service_id=198 ]
06-25 11:58:56.268  5557  5660 I Pay     : Migration flag not enabled. [CONTEXT service_id=198 ]
06-25 11:58:56.270  5557  5660 I Pay     : Migration already completed. [CONTEXT service_id=198 ]
06-25 11:58:56.271  5557  5660 I Pay     : Migration already completed. [CONTEXT service_id=198 ]
06-25 11:58:56.271  5557  5660 I Pay     : Migration flag not enabled. [CONTEXT service_id=198 ]
06-25 11:58:56.272  5557  5660 I Pay     : Migration flag not enabled. [CONTEXT service_id=198 ]
06-25 11:58:56.272  5557  5660 I Pay     : Migration flag not enabled. [CONTEXT service_id=198 ]
06-25 11:58:56.272  5557  5660 I Pay     : Migration flag not enabled. [CONTEXT service_id=198 ]
06-25 11:58:56.272  5557  5660 I Pay     : [SeTosMigration] walletJpEligibility is not enabled [CONTEXT service_id=198 ]
06-25 11:58:56.273  5557  5660 I Pay     : Wallet install state NOT_INSTALLED [CONTEXT service_id=198 ]
06-25 11:58:56.274  5557  5660 I Pay     : Migration flag not enabled. [CONTEXT service_id=198 ]
06-25 11:58:56.276  5470  5498 I NetworkScheduler.Stats: Task com.google.android.gms/com.google.android.gms.pay.gcmtask.PayGcmTaskService finished executing. cause:7 result: 1 elapsed_millis: 14 uptime_millis: 14 exec_start_elapsed_seconds: 95 [CONTEXT service_id=218 ]
06-25 11:58:56.368  5470  5535 I HeterodyneSyncer: Removed 0 invalid users [CONTEXT service_id=51 ]
06-25 11:58:56.372  5470  6159 I NamespaceManager: Package com.android.refreshratecontrol name not found! Using module version.
06-25 11:58:56.372  5470  6159 I NamespaceManager: Package com.google.oslo name not found! Using module version.
06-25 11:58:56.372  5470  6159 I NamespaceManager: Package com.android.media name not found! Using module version.
06-25 11:58:56.372  5470  6159 I NamespaceManager: Package com.android.media.swcodec name not found! Using module version.
06-25 11:58:56.372  5470  6159 I NamespaceManager: Package com.android.neuralnetworks name not found! Using module version.
06-25 11:58:56.372  5470  6159 I NamespaceManager: Package com.android.media name not found! Using module version.
06-25 11:58:56.372  5470  6159 I NamespaceManager: Package 1 name not found! Using module version.
06-25 11:58:56.372  5470  6159 I NamespaceManager: Package rkpd name not found! Using module version.
06-25 11:58:56.372  5470  6159 I NamespaceManager: Package android.companion name not found! Using module version.
06-25 11:58:56.372  5470  6159 I NamespaceManager: Package com.google.android.aicore name not found! Using module version.
06-25 11:58:56.372  5470  6159 I NamespaceManager: Package com.google.android.audioproxy name not found! Using module version.
06-25 11:58:56.372  5470  6159 I NamespaceManager: Package com.google.android.apps.pixel.psi name not found! Using module version.
06-25 11:58:56.372  5470  6159 I NamespaceManager: Package com.google.android.apps.safetycore name not found! Using module version.
06-25 11:58:56.372  5470  6159 I NamespaceManager: Package com.google.android.crashrecovery name not found! Using module version.
06-25 11:58:56.373  5470  6159 I NamespaceManager: Package com.google.android.profiling name not found! Using module version.
06-25 11:58:56.373  5470  6159 I NamespaceManager: Package com.google.android.bt name not found! Using module version.
06-25 11:58:56.373  5470  6159 I NamespaceManager: Package com.google.android.nfcservices name not found! Using module version.
06-25 11:58:56.373  5470  6159 I NamespaceManager: Package com.google.android.webapp name not found! Using module version.
06-25 11:58:56.373  5470  6159 I NamespaceManager: Package com.google.android.telephonycore name not found! Using module version.
06-25 11:58:56.373  5470  6159 I NamespaceManager: Package com.google.android.uprobestats name not found! Using module version.
06-25 11:58:56.373  5470  6159 W PhenotypeConfigurationU: Update for unknown DeviceConfig package com.google.android.metrics [CONTEXT service_id=204 ]
06-25 11:58:56.373  5470  6159 W PhenotypeConfigurationU: bwix: No package exists for config package: com.google.android.metrics
06-25 11:58:56.373  5470  6159 W PhenotypeConfigurationU: 	at com.google.android.gms.platformconfigurator.PhenotypeConfigurationUpdateListener.b(:com.google.android.gms@231818047@23.18.18 (190800-535401451):6)
06-25 11:58:56.373  5470  6159 W PhenotypeConfigurationU: 	at com.google.android.gms.platformconfigurator.PhenotypeConfigurationUpdateListener.a(:com.google.android.gms@231818047@23.18.18 (190800-535401451):4)
