06-25 11:58:51.824  1050  4017 D PrefCtrlListHelper: Could not find Context-only controller for pref: com.android.settings.accessibility.AccessibilityControlTimeoutFooterPreferenceController
06-25 11:58:51.824  1050  4017 D PrefCtrlListHelper: Could not find Context-only controller for pref: com.android.settings.accessibility.TextReadingFragmentForA11ySettingsController
06-25 11:58:51.824  1050  4017 D PrefCtrlListHelper: Could not find Context-only controller for pref: com.android.settings.accessibility.ReduceBrightColorsPreferenceController
06-25 11:58:51.824  1050  4017 D PrefCtrlListHelper: Could not find Context-only controller for pref: com.android.settings.accessibility.MagnificationPreferenceController
06-25 11:58:51.824  1050  4017 D PrefCtrlListHelper: Could not find Context-only controller for pref: com.android.settings.accessibility.VibrationPreferenceController
06-25 11:58:51.824  1050  4017 D PrefCtrlListHelper: Could not find Context-only controller for pref: com.android.settings.accessibility.LiveCaptionPreferenceController
06-25 11:58:51.824  1050  4017 D PrefCtrlListHelper: Could not find Context-only controller for pref: com.android.settings.accessibility.CaptioningPreferenceController
06-25 11:58:51.824  1050  4017 D PrefCtrlListHelper: Could not find Context-only controller for pref: com.android.settings.accessibility.RTTSettingPreferenceController
06-25 11:58:51.824  1050  4017 D RTTSettingsCtr: init controller
06-25 11:58:51.824  1050  4017 D PrefCtrlListHelper: Could not find Context-only controller for pref: com.android.settings.accessibility.AudioDescriptionPreferenceController
06-25 11:58:51.824  1050  4017 D PrefCtrlListHelper: Could not find Context-only controller for pref: com.android.settings.accessibility.FlashNotificationsPreferenceController
06-25 11:58:51.824  1050  4017 D PrefCtrlListHelper: Could not find Context-only controller for pref: com.android.settings.accessibility.AccessibilityHearingAidPreferenceController
06-25 11:58:51.824  1050  4017 D PrefCtrlListHelper: Could not find Context-only controller for pref: com.android.settings.language.TtsPreferenceController
06-25 11:58:51.825  1050  4017 D RTTSettingsCtr: isRttSettingSupported [start]
06-25 11:58:51.826  1050  4017 D TelecomUtil: Failed to find SubscriptionInfo for phoneAccountHandle
06-25 11:58:51.826  1050  4017 D RTTSettingsCtr: subscription id for the device: -1
06-25 11:58:51.827  5557  5649 I Icing   : Usage reports ok 0, Failed Usage reports 0, indexed 0, rejected 0
06-25 11:58:51.827   518  2228 I Telecom : PhoneAccountRegistrar: getSimCallManager: SimCallManager for subId 1 queried, returning: null: TSI.gPA(cas)@AP4🔒
06-25 11:58:51.827  5557  5649 I Icing   : Indexing com.google.android.gms-apps from com.google.android.gms
06-25 11:58:51.828  1050  4017 D RTTSettingsCtr: rtt calling supported by telecom:: false
06-25 11:58:51.828  1050  4017 D RTTSettingsCtr: isRttSettingSupported [Not support]
06-25 11:58:51.829  1050  4017 D PrefCtrlListHelper: Could not find Context-only controller for pref: com.android.settings.accessibility.CaptioningTogglePreferenceController
06-25 11:58:51.829  1050  4017 D PrefCtrlListHelper: Could not find Context-only controller for pref: com.android.settings.accessibility.CaptioningAppearancePreferenceController
06-25 11:58:51.829  1050  4017 D PrefCtrlListHelper: Could not find Context-only controller for pref: com.android.settings.accessibility.CaptioningFooterPreferenceController
06-25 11:58:51.835  1050  4017 D PrefCtrlListHelper: Could not find Context-only controller for pref: com.android.settings.users.MultiUserTopIntroPreferenceController
06-25 11:58:51.836  1050  4017 D PrefCtrlListHelper: Could not find Context-only controller for pref: com.android.settings.users.TimeoutToDockUserPreferenceController
06-25 11:58:51.837  1050  4017 D PrefCtrlListHelper: Could not find Context-only controller for pref: com.android.settings.accessibility.AccessibilityButtonPreferenceController
06-25 11:58:51.837  1050  4017 D PrefCtrlListHelper: Could not find Context-only controller for pref: com.android.settings.accessibility.AccessibilityShortcutPreferenceController
06-25 11:58:51.837  1050  4017 V SettingsSearchProvider: com.android.settings.accessibility.ToggleReduceBrightColorsPreferenceFragment$1@b97239e tried to add an empty non-indexable key
06-25 11:58:51.837  1050  4017 D PrefCtrlListHelper: Could not find Context-only controller for pref: com.android.settings.sound.MediaControlsPreferenceController
06-25 11:58:51.837  1050  4017 D PrefCtrlListHelper: Could not find Context-only controller for pref: com.android.settings.sound.MediaControlsLockScreenPreferenceController
06-25 11:58:51.837  1050  4017 D PrefCtrlListHelper: Could not find Context-only controller for pref: com.android.settings.sound.MediaControlsRecommendationController
06-25 11:58:51.837  1050  4017 V SettingsSearchProvider: com.android.settings.development.graphicsdriver.GraphicsDriverDashboard$1@b2e5e95 tried to add an empty non-indexable key
06-25 11:58:51.837  1050  4017 D AssistGesture: mAssistOnly:false, isSupported:false, isSensorAvailable:false
06-25 11:58:51.837  1050  4017 D AssistGesture: mAssistOnly:false, isSupported:false, isSensorAvailable:false
06-25 11:58:51.837  1050  4017 V SettingsSearchProvider: com.android.settings.gestures.AssistGestureSettings$1@310839b tried to add an empty non-indexable key
06-25 11:58:51.838  1050  4017 D FaceSettings: FaceManager is not null. Hardware detected: true
06-25 11:58:51.839  1050  4017 D FaceSettings: FaceManager is not null. Hardware detected: true
06-25 11:58:51.839  1050  4017 D FaceSettings: Get non indexable keys. isFaceHardwareDetected: true, size:12
06-25 11:58:51.839  1050  4017 V SettingsSearchProvider: com.android.settings.biometrics.face.FaceSettings$2@2e34f11 tried to add an empty non-indexable key
06-25 11:58:51.840  1050  4017 V SettingsSearchProvider: com.android.settings.nfc.PaymentSettings$1@b69be77 tried to add an empty non-indexable key
06-25 11:58:51.841  1050  4017 D PrefCtrlListHelper: Could not find Context-only controller for pref: com.android.settings.security.MemtagPreferenceController
06-25 11:58:51.841  1050  4017 D PrefCtrlListHelper: Could not find Context-only controller for pref: com.android.settings.security.MemtagFooterPreferenceController
06-25 11:58:51.841  1050  4017 W SettingsPrefController: Skipping updateNonIndexableKeys, key already in list. com.android.settings.security.MemtagFooterPreferenceController@6ebe5d5
06-25 11:58:51.841  1050  4017 V SettingsSearchProvider: com.android.settings.search.BaseSearchIndexProvider@c21b04e tried to add an empty non-indexable key
06-25 11:58:51.841  1050  4017 W libc    : Access denied finding property "ro.vendor.aware_available"
06-25 11:58:51.841  1050  4017 V SettingsSearchProvider: com.google.android.settings.aware.WakeScreenGestureSettings$1@f18527c tried to add an empty non-indexable key
06-25 11:58:51.842  5470  5506 W ChimeraUtils: Module com.google.android.gms.nearby_en missing resource null(0)
06-25 11:58:51.846  1050  4017 V SettingsSearchProvider: com.android.settings.development.transcode.TranscodeSettingsFragment$1@ec835a tried to add an empty non-indexable key
06-25 11:58:51.847  1050  4017 D PrefCtrlListHelper: Could not find Context-only controller for pref: com.android.settings.network.NetworkMobileProviderController
06-25 11:58:51.852  1050  4017 D PrefCtrlListHelper: Could not find Context-only controller for pref: com.android.settings.location.LocationInjectedServicesPreferenceController
06-25 11:58:51.852  1050  4017 D PrefCtrlListHelper: Could not find Context-only controller for pref: com.android.settings.location.LocationServicesWifiScanningPreferenceController
06-25 11:58:51.852  1050  4017 D PrefCtrlListHelper: Could not find Context-only controller for pref: com.android.settings.location.LocationServicesBluetoothScanningPreferenceController
06-25 11:58:51.852  1050  4017 D PrefCtrlListHelper: Could not find Context-only controller for pref: com.google.android.settings.fuelgauge.adaptivecharging.AdaptiveChargingMainSwitchPreferenceController
06-25 11:58:51.852  1050  4017 D PrefCtrlListHelper: Could not find Context-only controller for pref: com.google.android.settings.fuelgauge.adaptivecharging.AdaptiveChargingFooterPreferenceController
06-25 11:58:51.852  1050  4017 D PrefCtrlListHelper: Could not find Context-only controller for pref: com.android.settings.gestures.AssistGestureSettingsPreferenceController
06-25 11:58:51.852  1050  4017 D AssistGesture: mAssistOnly:false, isSupported:false, isSensorAvailable:false
06-25 11:58:51.852  1050  4017 D PrefCtrlListHelper: Could not find Context-only controller for pref: com.android.settings.gestures.SwipeToNotificationPreferenceController
06-25 11:58:51.852  1050  4017 D PrefCtrlListHelper: Could not find Context-only controller for pref: com.android.settings.gestures.DoubleTapPowerPreferenceController
06-25 11:58:51.852  1050  4017 D PrefCtrlListHelper: Could not find Context-only controller for pref: com.android.settings.gestures.DoubleTwistPreferenceController
06-25 11:58:51.853  1050  4017 D PrefCtrlListHelper: Could not find Context-only controller for pref: com.android.settings.gestures.OneHandedEnablePreferenceController
06-25 11:58:51.853  1050  4017 D PrefCtrlListHelper: Could not find Context-only controller for pref: com.android.settings.gestures.TapScreenGesturePreferenceController
06-25 11:58:51.853  1050  4017 D PrefCtrlListHelper: Could not find Context-only controller for pref: com.android.settings.gestures.DoubleTapScreenPreferenceController
06-25 11:58:51.853  1050  4017 D PrefCtrlListHelper: Could not find Context-only controller for pref: com.android.settings.gestures.PickupGesturePreferenceController
06-25 11:58:51.853  1050  4017 D PrefCtrlListHelper: Could not find Context-only controller for pref: com.android.settings.gestures.PowerMenuPreferenceController
06-25 11:58:51.853  1050  4017 D PrefCtrlListHelper: Could not find Context-only controller for pref: com.android.settings.gestures.PreventRingingParentPreferenceController
06-25 11:58:51.853  1050  4017 D AssistGesture: mAssistOnly:false, isSupported:false, isSensorAvailable:false
06-25 11:58:51.853  1050  4017 W SettingsPrefController: Skipping updateNonIndexableKeys, key already in list. com.android.settings.gestures.SwipeToNotificationPreferenceController@8e5ef24
06-25 11:58:51.853  1050  4017 W SettingsPrefController: Skipping updateNonIndexableKeys, key already in list. com.android.settings.gestures.DoubleTwistPreferenceController@29bfa8d
06-25 11:58:51.853  1050  4017 W SettingsPrefController: Skipping updateNonIndexableKeys, key already in list. com.android.settings.gestures.TapScreenGesturePreferenceController@8ced442
06-25 11:58:51.853  1050  4017 W SettingsPrefController: Skipping updateNonIndexableKeys, key already in list. com.android.settings.gestures.DoubleTapScreenPreferenceController@1c8ac53
06-25 11:58:51.854  1050  4017 W SettingsPrefController: Skipping updateNonIndexableKeys, key already in list. com.android.settings.gestures.PickupGesturePreferenceController@224d990
06-25 11:58:51.854  1050  4017 D PrefCtrlListHelper: Could not find Context-only controller for pref: com.android.settings.emergency.MoreSettingsPreferenceController
06-25 11:58:51.854  1050  4017 D PrefCtrlListHelper: Could not find Context-only controller for pref: com.android.settings.emergency.EmergencyGestureEntrypointPreferenceController
06-25 11:58:51.855  1050  4017 D PrefCtrlListHelper: Could not find Context-only controller for pref: com.android.settings.inputmethod.UserDictionaryListPreferenceController
06-25 11:58:51.855  5470  5657 I NetworkScheduler.Stats: Task com.google.android.gms/com.google.android.gms.icing.proxy.IcingInternalCorporaUpdateService started execution. cause:9 exec_start_elapsed_seconds: 91 [CONTEXT service_id=218 ]
06-25 11:58:51.856  1050  4017 D PrefCtrlListHelper: Could not find Context-only controller for pref: com.google.android.settings.fuelgauge.batterysaver.BatterySaverSchedulePreferenceController
06-25 11:58:51.856  1050  4017 D PrefCtrlListHelper: Could not find Context-only controller for pref: com.android.settings.fuelgauge.batterysaver.BatterySaverStickyPreferenceController
06-25 11:58:51.856  1050  4017 D PrefCtrlListHelper: Could not find Context-only controller for pref: com.google.android.settings.fuelgauge.batterysaver.BatterySaverReminderPreferenceController
06-25 11:58:51.856  1050  4017 D PrefCtrlListHelper: Could not find Context-only controller for pref: com.android.settings.notification.SpatialAudioPreferenceController
06-25 11:58:51.856  1050  4017 D PrefCtrlListHelper: Could not find Context-only controller for pref: com.android.settings.notification.SpatialAudioWiredHeadphonesController
06-25 11:58:51.856  5470  5657 I NetworkScheduler.Stats: Task com.google.android.gms/com.google.android.gms.icing.proxy.IcingInternalCorporaUpdateService finished executing. cause:9 result: 1 elapsed_millis: 36 uptime_millis: 36 exec_start_elapsed_seconds: 91 [CONTEXT service_id=218 ]
06-25 11:58:51.857  1050  4017 D PrefCtrlListHelper: Could not find Context-only controller for pref: com.android.settings.deviceinfo.legal.CopyrightPreferenceController
06-25 11:58:51.857  1050  4017 D PrefCtrlListHelper: Could not find Context-only controller for pref: com.android.settings.deviceinfo.legal.LicensePreferenceController
06-25 11:58:51.857  1050  4017 D PrefCtrlListHelper: Could not find Context-only controller for pref: com.android.settings.deviceinfo.legal.TermsPreferenceController
06-25 11:58:51.857  1050  4017 D PrefCtrlListHelper: Could not find Context-only controller for pref: com.android.settings.deviceinfo.legal.ModuleLicensesListPreferenceController
06-25 11:58:51.857  1050  4017 D PrefCtrlListHelper: Could not find Context-only controller for pref: com.android.settings.deviceinfo.legal.WebViewLicensePreferenceController
06-25 11:58:51.857  1050  4017 D PrefCtrlListHelper: Could not find Context-only controller for pref: com.google.android.settings.deviceinfo.legal.SourceCodeController
06-25 11:58:51.857  1050  4017 D PrefCtrlListHelper: Could not find Context-only controller for pref: com.android.settings.deviceinfo.legal.WallpaperAttributionsPreferenceController
06-25 11:58:51.867  1050  4017 D PrefCtrlListHelper: Could not find Context-only controller for pref: com.android.settings.applications.specialaccess.deviceadmin.DeviceAdminListPreferenceController
06-25 11:58:51.867  1050  4017 D PrefCtrlListHelper: Could not find Context-only controller for pref: com.android.settings.datetime.LocationProviderStatusPreferenceController
06-25 11:58:51.868  1050  4017 D PrefCtrlListHelper: Could not find Context-only controller for pref: com.android.settings.regionalpreferences.TemperatureUnitCategoryController
06-25 11:58:51.868  1050  4017 D PrefCtrlListHelper: Could not find Context-only controller for pref: com.android.settings.security.CredentialManagementAppHeaderController
06-25 11:58:51.868  1050  4017 D PrefCtrlListHelper: Could not find Context-only controller for pref: com.android.settings.security.CredentialManagementAppButtonsController
06-25 11:58:51.869  1050  4017 D PrefCtrlListHelper: Could not find Context-only controller for pref: com.android.settings.security.CredentialManagementAppPolicyController
06-25 11:58:51.870  1050  4017 D PrefCtrlListHelper: Could not find Context-only controller for pref: com.android.settings.gestures.DoubleTwistPreferenceController
06-25 11:58:51.871  1050  4017 V SettingsSearchProvider: com.android.settings.development.snooplogger.SnoopLoggerFiltersDashboard$1@3fea96b tried to add an empty non-indexable key
06-25 11:58:51.871  1050  4017 D PrefCtrlListHelper: Could not find Context-only controller for pref: com.android.settings.gestures.LongPressPowerIllustrationPreferenceController
06-25 11:58:51.871  1050  4017 D PrefCtrlListHelper: Could not find Context-only controller for pref: com.android.settings.gestures.LongPressPowerForPowerMenuPreferenceController
06-25 11:58:51.871  1050  4017 D PrefCtrlListHelper: Could not find Context-only controller for pref: com.android.settings.gestures.LongPressPowerForAssistantPreferenceController
06-25 11:58:51.871  1050  4017 D PrefCtrlListHelper: Could not find Context-only controller for pref: com.android.settings.gestures.LongPressPowerSensitivityPreferenceController
06-25 11:58:51.871  1050  4017 D PrefCtrlListHelper: Could not find Context-only controller for pref: com.android.settings.gestures.LongPressPowerFooterPreferenceController
06-25 11:58:51.871  1050  4017 V SettingsSearchProvider: com.android.settings.display.NightDisplaySettings$1@7bb8486 tried to add an empty non-indexable key
06-25 11:58:51.882  2859  2972 W SearchServiceCore: Abort, client detached.
06-25 11:58:51.895   518  3496 D ActivityManager: sync unfroze 5022 com.android.emergency for 7
06-25 11:58:51.895   518  2233 D ActivityManager: sync unfroze 5031 com.android.traceur for 7
06-25 11:58:51.899  4922  4977 W RemoteCallableBase: Null cursor. Cannot add index data for Uri: content://com.google.android.apps.messaging.settings.search/settings/dynamic_indexables_raw
06-25 11:58:51.899  2859  3318 I BgTaskExecutorImpl: Starting EXCLUSIVE background task FETCH_CONFIGS_FROM_PHENOTYPE.
06-25 11:58:51.903  5023  6178 I Bugle   : MessagesSearchIndexablesProvider: Querying NonIndexableKeys.
06-25 11:58:51.913  5470  5646 W .gms.persistent: Long monitor contention with owner [com.google.android.gms.chimera.container.intentoperation.PersistentIntentOperationChimeraService-Executor] processing com.google.android.gms.platformconfigurator.PhenotypeConfigurationUpdateListener for action com.google.android.gms.phenotype.UPDATE (5636) at void hjm.run()(:com.google.android.gms@231818047@23.18.18 (190800-535401451):3) waiters=0 in void hjm.run() for 267ms
06-25 11:58:51.920  4922  5048 W RemoteCallableBase: Null cursor. Cannot add index data for Uri: content://com.google.android.apps.wellbeing/settings/dynamic_indexables_raw
06-25 11:58:51.920  4922  5082 W RemoteCallableBase: Null cursor. Cannot add index data for Uri: content://com.google.android.apps.nexuslauncher/settings/dynamic_indexables_raw
06-25 11:58:51.920  4922  4976 W RemoteCallableBase: Null cursor. Cannot add index data for Uri: content://com.android.emergency/settings/dynamic_indexables_raw
06-25 11:58:51.923  4922  5020 W RemoteCallableBase: Null cursor. Cannot add index data for Uri: content://com.android.traceur/settings/dynamic_indexables_raw
06-25 11:58:51.926  5557  5649 I Icing   : Indexing done com.google.android.gms-apps
06-25 11:58:51.929   518   934 D ActivityManager: sync unfroze 5084 com.google.android.cellbroadcastreceiver for 7
06-25 11:58:51.930  5557  5649 I Icing   : Indexing com.google.android.gms-apps from com.google.android.gms
06-25 11:58:51.931  5470  5636 I NamespaceManager: Package com.android.refreshratecontrol name not found! Using module version.
06-25 11:58:51.933  5557  5649 I Icing   : Indexing done com.google.android.gms-apps
06-25 11:58:51.939  5752  5768 I DynamiteModule: Considering local module com.google.android.gms.googlecertificates:7 and remote module com.google.android.gms.googlecertificates:7
06-25 11:58:51.939  5752  5768 I DynamiteModule: Selected local version of com.google.android.gms.googlecertificates
06-25 11:58:51.940  5470  5636 I NamespaceManager: Package com.google.oslo name not found! Using module version.
06-25 11:58:51.948  4922  4976 W RemoteCallableBase: Null cursor. Cannot add index data for Uri: content://com.android.emergency/settings/non_indexables_key
06-25 11:58:51.957  5470  5636 I NamespaceManager: Package com.android.media name not found! Using module version.
06-25 11:58:51.957  5470  5636 I NamespaceManager: Package com.android.media.swcodec name not found! Using module version.
06-25 11:58:51.957  5470  5636 I NamespaceManager: Package com.android.neuralnetworks name not found! Using module version.
06-25 11:58:51.958  5470  5636 I NamespaceManager: Package com.android.media name not found! Using module version.
06-25 11:58:51.958  5470  5636 I NamespaceManager: Package 1 name not found! Using module version.
06-25 11:58:51.960  5470  5636 I NamespaceManager: Package rkpd name not found! Using module version.
06-25 11:58:51.961  4922  5068 W RemoteCallableBase: Null cursor. Cannot add index data for Uri: content://com.android.cellbroadcastreceiver/settings/dynamic_indexables_raw
06-25 11:58:51.962  4922  5078 W RemoteCallableBase: Null cursor. Cannot add index data for Uri: content://com.google.android.apps.gsa.opa.AssistantSettingsProvider/settings/dynamic_indexables_raw
06-25 11:58:51.964  5470  5636 I NamespaceManager: Package android.companion name not found! Using module version.
06-25 11:58:51.964  5470  5636 I NamespaceManager: Package com.google.android.aicore name not found! Using module version.
06-25 11:58:51.966  5470  5636 I NamespaceManager: Package com.google.android.audioproxy name not found! Using module version.
06-25 11:58:51.967  5470  5636 I NamespaceManager: Package com.google.android.apps.pixel.psi name not found! Using module version.
06-25 11:58:51.967  5470  5636 I NamespaceManager: Package com.google.android.apps.safetycore name not found! Using module version.
06-25 11:58:51.967  5470  5636 I NamespaceManager: Package com.google.android.crashrecovery name not found! Using module version.
06-25 11:58:51.967  5470  5636 I NamespaceManager: Package com.google.android.profiling name not found! Using module version.
06-25 11:58:51.967  5470  5636 I NamespaceManager: Package com.google.android.bt name not found! Using module version.
06-25 11:58:51.967  5470  5636 I NamespaceManager: Package com.google.android.nfcservices name not found! Using module version.
06-25 11:58:51.967  5470  5636 I NamespaceManager: Package com.google.android.webapp name not found! Using module version.
06-25 11:58:51.967  5470  5636 I NamespaceManager: Package com.google.android.telephonycore name not found! Using module version.
06-25 11:58:51.967  5470  5636 I NamespaceManager: Package com.google.android.uprobestats name not found! Using module version.
06-25 11:58:51.968  4922  4977 W RemoteCallableBase: Null cursor. Cannot add index data for Uri: content://com.google.android.settings.intelligence.routines.impl/settings/dynamic_indexables_raw
06-25 11:58:51.969  4922  5048 W RemoteCallableBase: Null cursor. Cannot add index data for Uri: content://com.google.android.settings.intelligence.smartringer.impl/settings/dynamic_indexables_raw
06-25 11:58:51.972   518  3496 D ActivityManager: sync unfroze 5104 com.google.android.healthconnect.controller for 7
06-25 11:58:51.973  2859  2898 I A       : Using proto config with mendel
06-25 11:58:51.973  2859  2898 I A       : Using proto config with mendel
06-25 11:58:51.973  2859  2898 I A       : Using proto config with mendel
06-25 11:58:51.973  2859  2898 I A       : Merging legacy hotword config map with new proto.
06-25 11:58:51.973  2859  2898 I A       : Adding from config to map. Locale: cmn-Hant-TW modelPrefix: x_google Location:4e7cae00daee30ec565c34e3aa67a51f isSpeakerIdSupported: true
06-25 11:58:51.973  2859  2898 I A       : Adding from config to map. Locale: id-ID modelPrefix: x_google Location:cfffcc1a4c1c084c003c8eb27f73d770 isSpeakerIdSupported: true
06-25 11:58:51.973  2859  2898 I A       : Adding from config to map. Locale: ko-KR modelPrefix: x_google Location:0b132163a2eb2c1194b202067475724b isSpeakerIdSupported: true
06-25 11:58:51.973  2859  2898 I A       : Skipping. Expected model: 2 Found: 1
06-25 11:58:51.973  2859  2898 I A       : Adding from config to map. Locale: zh-TW modelPrefix: x_google Location:4e7cae00daee30ec565c34e3aa67a51f isSpeakerIdSupported: true
06-25 11:58:51.974  2859  2898 I A       : hasHotwordEverywhere-true
06-25 11:58:51.974  2859  2898 I A       : Using proto config with mendel
06-25 11:58:51.974  2859  2898 I A       : Using proto config with mendel
06-25 11:58:51.974  2859  2898 I A       : Using proto config with mendel
06-25 11:58:51.974  2859  2898 I A       : Merging legacy hotword config map with new proto.
06-25 11:58:51.974  2859  2898 I A       : Adding from config to map. Locale: cmn-Hant-TW modelPrefix: x_google Location:4e7cae00daee30ec565c34e3aa67a51f isSpeakerIdSupported: true
06-25 11:58:51.974  2859  2898 I A       : Adding from config to map. Locale: id-ID modelPrefix: x_google Location:cfffcc1a4c1c084c003c8eb27f73d770 isSpeakerIdSupported: true
06-25 11:58:51.974  2859  2898 I A       : Adding from config to map. Locale: ko-KR modelPrefix: x_google Location:0b132163a2eb2c1194b202067475724b isSpeakerIdSupported: true
06-25 11:58:51.974  2859  2898 I A       : Skipping. Expected model: 2 Found: 1
06-25 11:58:51.974  2859  2898 I A       : Adding from config to map. Locale: zh-TW modelPrefix: x_google Location:4e7cae00daee30ec565c34e3aa67a51f isSpeakerIdSupported: true
06-25 11:58:51.979  4922  4974 W RemoteCallableBase: Null cursor. Cannot add index data for Uri: content://com.google.android.gms.accountsettings.content/settings/dynamic_indexables_raw
06-25 11:58:51.979  4922  4976 W RemoteCallableBase: Null cursor. Cannot add index data for Uri: content://com.google.android.settings.intelligence.provider.search/settings/dynamic_indexables_raw
06-25 11:58:51.991   518  2233 D ActivityManager: sync unfroze 5113 com.google.android.marvin.talkback for 7
06-25 11:58:51.996  4922  4975 W RemoteCallableBase: Null cursor. Cannot add index data for Uri: content://com.android.healthconnect.controller/settings/dynamic_indexables_raw
06-25 11:58:51.999  5470  5636 I NamespaceManager: Package com.android.refreshratecontrol name not found! Using module version.
06-25 11:58:52.002  4922  5019 W RemoteCallableBase: Null cursor. Cannot add index data for Uri: content://com.android.permissioncontroller/settings/dynamic_indexables_raw
06-25 11:58:52.005  5470  5505 W BpBinder: Large outgoing transaction of 329888 bytes, interface descriptor , code 4
06-25 11:58:52.006  2859  2935 W A       : Can't format flag AndroidGsaVelourJars__velour_birthdaydoodle_jar__name to integer.
06-25 11:58:52.006  2859  2935 W A       : Can't format flag AndroidGsaVelourJars__velour_call_jar__name to integer.
06-25 11:58:52.006  2859  2935 W A       : Can't format flag AndroidGsaVelourJars__velour_canvas_jar__name to integer.
06-25 11:58:52.006  2859  2935 W A       : Can't format flag AndroidGsaVelourJars__velour_chkpkg_jar__name to integer.
06-25 11:58:52.006  2859  2935 W A       : Can't format flag AndroidGsaVelourJars__velour_crashtest_jar__name to integer.
06-25 11:58:52.006  2859  2935 W A       : Can't format flag AndroidGsaVelourJars__velour_dining_jar__name to integer.
06-25 11:58:52.006  2859  2935 W A       : Can't format flag AndroidGsaVelourJars__velour_doodle_notifications_jar__name to integer.
06-25 11:58:52.006  2859  2935 W A       : Can't format flag AndroidGsaVelourJars__velour_imageviewer_jar__name to integer.
06-25 11:58:52.006  2859  2935 W A       : Can't format flag AndroidGsaVelourJars__velour_ipa_jar__name to integer.
06-25 11:58:52.006  2859  2935 W A       : Can't format flag AndroidGsaVelourJars__velour_jslocation_jar__name to integer.
06-25 11:58:52.006  2859  2935 W A       : Can't format flag AndroidGsaVelourJars__velour_localintent_jar__name to integer.
06-25 11:58:52.006  2859  2935 W A       : Can't format flag AndroidGsaVelourJars__velour_messaging_jar__name to integer.
06-25 11:58:52.006  2859  2935 W A       : Can't format flag AndroidGsaVelourJars__velour_nativesrp_activity_jar__name to integer.
06-25 11:58:52.006  2859  2935 W A       : Can't format flag AndroidGsaVelourJars__velour_nativesrp_presenter_jar__name to integer.
06-25 11:58:52.006  2859  2935 W A       : Can't format flag AndroidGsaVelourJars__velour_nowcontent_jar__name to integer.
06-25 11:58:52.006  2859  2935 W A       : Can't format flag AndroidGsaVelourJars__velour_recents_activity_jar__name to integer.
06-25 11:58:52.006  2859  2935 W A       : Can't format flag AndroidGsaVelourJars__velour_save_jar__name to integer.
06-25 11:58:52.006  2859  2935 W A       : Can't format flag AndroidGsaVelourJars__velour_searchresults_activity_jar__name to integer.
06-25 11:58:52.006  2859  2935 W A       : Can't format flag AndroidGsaVelourJars__velour_test_jar__name to integer.
06-25 11:58:52.006  2859  2935 W A       : Can't format flag AndroidGsaVelourJars__velour_weather_jar__name to integer.
06-25 11:58:52.006  2859  2935 W A       : Can't format flag bindle_flags__bloblobber_blob to integer.
06-25 11:58:52.006  2859  2935 W A       : Can't format flag bindle_flags__velour_jar to integer.
06-25 11:58:52.008  5470  5636 I NamespaceManager: Package com.google.oslo name not found! Using module version.
06-25 11:58:52.008  5470  5636 I NamespaceManager: Package com.android.media name not found! Using module version.
06-25 11:58:52.008  5470  5636 I NamespaceManager: Package com.android.media.swcodec name not found! Using module version.
06-25 11:58:52.009  4922  5024 W RemoteCallableBase: Null cursor. Cannot add index data for Uri: content://com.android.permissioncontroller.role/settings/dynamic_indexables_raw
06-25 11:58:52.009  4922  5028 W RemoteCallableBase: Null cursor. Cannot add index data for Uri: content://com.android.permissioncontroller.safetycenter/settings/dynamic_indexables_raw
06-25 11:58:52.010  4922  5021 W RemoteCallableBase: Null cursor. Cannot add index data for Uri: content://com.google.android.marvin.talkback.preference.search.TalkBackSearchIndexablesProvider/settings/dynamic_indexables_raw
06-25 11:58:52.010  4922  4973 W RemoteCallableBase: Null cursor. Cannot add index data for Uri: content://com.google.android.inputmethod.latin/settings/dynamic_indexables_raw
06-25 11:58:52.012  5470  5636 I NamespaceManager: Package com.android.neuralnetworks name not found! Using module version.
06-25 11:58:52.012  5470  5636 I NamespaceManager: Package com.android.media name not found! Using module version.
06-25 11:58:52.013  5470  5636 I NamespaceManager: Package 1 name not found! Using module version.
06-25 11:58:52.013  5470  5636 I NamespaceManager: Package rkpd name not found! Using module version.
06-25 11:58:52.013  5470  5636 I NamespaceManager: Package android.companion name not found! Using module version.
06-25 11:58:52.013  5470  5636 I NamespaceManager: Package com.google.android.aicore name not found! Using module version.
06-25 11:58:52.013  5470  5636 I NamespaceManager: Package com.google.android.audioproxy name not found! Using module version.
06-25 11:58:52.013  5470  5636 I NamespaceManager: Package com.google.android.apps.pixel.psi name not found! Using module version.
06-25 11:58:52.014  5470  5636 I NamespaceManager: Package com.google.android.apps.safetycore name not found! Using module version.
06-25 11:58:52.014  5470  5636 I NamespaceManager: Package com.google.android.crashrecovery name not found! Using module version.
06-25 11:58:52.014  5470  5636 I NamespaceManager: Package com.google.android.profiling name not found! Using module version.
06-25 11:58:52.014  5470  5636 I NamespaceManager: Package com.google.android.bt name not found! Using module version.
06-25 11:58:52.014  5470  5636 I NamespaceManager: Package com.google.android.nfcservices name not found! Using module version.
06-25 11:58:52.014  5470  5636 I NamespaceManager: Package com.google.android.webapp name not found! Using module version.
06-25 11:58:52.014  5470  5636 I NamespaceManager: Package com.google.android.telephonycore name not found! Using module version.
06-25 11:58:52.014  5470  5636 I NamespaceManager: Package com.google.android.uprobestats name not found! Using module version.
06-25 11:58:52.018   518   616 I RescueParty: Starting to observe: [android], updated namespace: clipboard
06-25 11:58:52.018   518   549 I PackageWatchdog: Syncing state, reason: observing new packages
06-25 11:58:52.018   518   549 D PackageWatchdog: rescue-party-observer added the following packages to monitor [android]
06-25 11:58:52.018   518   549 I PackageWatchdog: Syncing state, reason: updated observers
06-25 11:58:52.018   518   549 I PackageWatchdog: Not pruning observers, elapsed time: 0ms
06-25 11:58:52.018   518   549 I PackageWatchdog: Saving observer state to file
06-25 11:58:52.020  4922  5021 W RemoteCallableBase: Null cursor. Cannot add index data for Uri: content://com.google.android.marvin.talkback.preference.search.TalkBackSearchIndexablesProvider/settings/non_indexables_key
06-25 11:58:52.024   518   518 I PackageWatchdog: Syncing health check requests for packages: {}
06-25 11:58:52.024   518   518 I ExplicitHealthCheckController: Service not ready to get health check supported packages. Binding...
06-25 11:58:52.025   518   518 D ActivityManager: sync unfroze 1495 com.google.android.ext.services for 6
06-25 11:58:52.025   518   518 I ExplicitHealthCheckController: Explicit health check service is bound
06-25 11:58:52.035   518   518 I ExplicitHealthCheckController: Explicit health check service is connected ComponentInfo{com.google.android.ext.services/android.ext.services.watchdog.ExplicitHealthCheckServiceImpl}
06-25 11:58:52.035   518   518 I ExplicitHealthCheckController: Service initialized, syncing requests
06-25 11:58:52.035   518   518 I PackageWatchdog: Syncing health check requests for packages: {}
06-25 11:58:52.035   518   518 D ExplicitHealthCheckController: Getting health check supported packages
06-25 11:58:52.035   518  3496 I ExplicitHealthCheckController: Explicit health check supported packages [PackageConfig{com.google.android.networkstack, 86400000}]
06-25 11:58:52.035   518  3496 D PackageWatchdog: Received supported packages [PackageConfig{com.google.android.networkstack, 86400000}]
06-25 11:58:52.035   518  3496 D ExplicitHealthCheckController: Getting health check requested packages
06-25 11:58:52.037   518  3496 I ExplicitHealthCheckController: Explicit health check requested packages []
06-25 11:58:52.037   518  3496 I ExplicitHealthCheckController: No more health check requests, unbinding...
06-25 11:58:52.037   518   934 I RemoteProvisionSysSvc: getRegistration(android.hardware.security.keymint.IRemotelyProvisionedComponent/default)
06-25 11:58:52.039   518  3496 I ExplicitHealthCheckController: Explicit health check service is unbound
06-25 11:58:52.042  5470  6171 I NamespaceManager: Package com.android.refreshratecontrol name not found! Using module version.
06-25 11:58:52.043  5470  6171 I NamespaceManager: Package com.google.oslo name not found! Using module version.
06-25 11:58:52.045   518   518 I RegistrationProxy: onServiceConnected: com.android.rkpdapp.service.RemoteProvisioningService
06-25 11:58:52.045  5470  6171 I NamespaceManager: Package com.android.media name not found! Using module version.
06-25 11:58:52.045  5470  6171 I NamespaceManager: Package com.android.media.swcodec name not found! Using module version.
06-25 11:58:52.045  5470  6171 I NamespaceManager: Package com.android.neuralnetworks name not found! Using module version.
06-25 11:58:52.045  5470  6171 I NamespaceManager: Package com.android.media name not found! Using module version.
06-25 11:58:52.045  5470  6171 I NamespaceManager: Package 1 name not found! Using module version.
06-25 11:58:52.045  5470  6171 I NamespaceManager: Package rkpd name not found! Using module version.
06-25 11:58:52.045  5470  6171 I NamespaceManager: Package android.companion name not found! Using module version.
06-25 11:58:52.045  5470  6171 I NamespaceManager: Package com.google.android.aicore name not found! Using module version.
06-25 11:58:52.046  5470  6171 I NamespaceManager: Package com.google.android.audioproxy name not found! Using module version.
06-25 11:58:52.046  5470  6171 I NamespaceManager: Package com.google.android.apps.pixel.psi name not found! Using module version.
06-25 11:58:52.046  5470  6171 I NamespaceManager: Package com.google.android.apps.safetycore name not found! Using module version.
06-25 11:58:52.046  5470  6171 I NamespaceManager: Package com.google.android.crashrecovery name not found! Using module version.
06-25 11:58:52.046  5470  6171 I NamespaceManager: Package com.google.android.profiling name not found! Using module version.
06-25 11:58:52.046  5470  6171 I NamespaceManager: Package com.google.android.bt name not found! Using module version.
06-25 11:58:52.046  5470  6171 I NamespaceManager: Package com.google.android.nfcservices name not found! Using module version.
06-25 11:58:52.046  5470  6171 I NamespaceManager: Package com.google.android.webapp name not found! Using module version.
06-25 11:58:52.046  5470  6171 I NamespaceManager: Package com.google.android.telephonycore name not found! Using module version.
06-25 11:58:52.046  5470  6171 I NamespaceManager: Package com.google.android.uprobestats name not found! Using module version.
06-25 11:58:52.051   518   934 I RegistrationProxy: IGetRegistrationCallback.onSuccess
06-25 11:58:52.215     0     0 I servicemanager: Found android.hardware.security.keymint.IRemotelyProvisionedComponent/default in device VINTF manifest.
06-25 11:58:52.052   518  2233 I RemoteProvisionSysSvc: Fetching key 10132 for client 1248826
06-25 11:58:52.053   518  2233 I RegistrationProxy: getKeyAsync operation started with callback 21949163
06-25 11:58:52.053  3570  3667 I RkpdRegistrationBinder: Key requested for : android.hardware.security.keymint.IRemotelyProvisionedComponent/default, clientUid: 1017, keyId: 10132, callback: 11468121
06-25 11:58:52.053  3570  3667 I RkpdRegistrationBinder: Key successfully assigned to client
06-25 11:58:52.053   518   518 I RemoteProvisionSysSvc: Successfully fetched key for client 1248826
06-25 11:58:52.072  2859  2972 W SearchServiceCore: Abort, client detached.
06-25 11:58:52.086  2859  2934 I A       : Refusing EXCLUSIVE task 24, it is already pending. Try again in 310 seconds.
06-25 11:58:52.087  2859  2934 I OpaEligibilityChecker: send OpaEligibilityChange broadcast to CommonBroadcastReceiver
06-25 11:58:52.087  2859  2943 I FedAssExpListener: Fed-ass not supported for signed out users.
06-25 11:58:52.087  2859  2943 I FedAssExpListener: Successfully processed experiments changed.
06-25 11:58:52.087  2859  2943 I A       : NGA disabled since it's running Panthera and at least one a11y feature is on.
06-25 11:58:52.093  2859  2934 W CorpusConfigHelper: Invalid input from icing corpus JSON flag.
06-25 11:58:52.093  2859  2934 W CorpusConfigHelper: android.util.MalformedJsonException: Use JsonReader.setLenient(true) to accept malformed JSON at line 123 column 2
06-25 11:58:52.093  2859  2934 W CorpusConfigHelper: 	at android.util.JsonReader.syntaxError(JsonReader.java:1162)
06-25 11:58:52.093  2859  2934 W CorpusConfigHelper: 	at android.util.JsonReader.checkLenient(JsonReader.java:840)
06-25 11:58:52.093  2859  2934 W CorpusConfigHelper: 	at android.util.JsonReader.nextInArray(JsonReader.java:615)
06-25 11:58:52.093  2859  2934 W CorpusConfigHelper: 	at android.util.JsonReader.peek(JsonReader.java:345)
06-25 11:58:52.093  2859  2934 W CorpusConfigHelper: 	at android.util.JsonReader.hasNext(JsonReader.java:321)
06-25 11:58:52.093  2859  2934 W CorpusConfigHelper: 	at com.google.android.apps.gsa.searchbox.c.b.b.k.c(PG:7)
06-25 11:58:52.093  2859  2934 W CorpusConfigHelper: 	at com.google.android.apps.gsa.searchbox.c.b.b.j.a(Unknown Source:2)
06-25 11:58:52.093  2859  2934 W CorpusConfigHelper: 	at com.google.android.apps.gsa.search.core.i.r.run(PG:5)
06-25 11:58:52.093  2859  2934 W CorpusConfigHelper: 	at com.google.android.libraries.gsa.k.a.h.run(PG:2)
06-25 11:58:52.093  2859  2934 W CorpusConfigHelper: 	at com.google.android.apps.gsa.shared.logger.f.a.a.l.p(PG:2)
06-25 11:58:52.093  2859  2934 W CorpusConfigHelper: 	at com.google.android.apps.gsa.shared.logger.f.a.a.g.run(Unknown Source:4)
06-25 11:58:52.093  2859  2934 W CorpusConfigHelper: 	at com.google.android.apps.gsa.shared.util.c.a.cf.b(PG:1)
06-25 11:58:52.093  2859  2934 W CorpusConfigHelper: 	at com.google.android.apps.gsa.shared.util.c.a.ci.run(PG:1)
06-25 11:58:52.093  2859  2934 W CorpusConfigHelper: 	at com.google.android.libraries.i.ae.run(PG:1)
06-25 11:58:52.093  2859  2934 W CorpusConfigHelper: 	at java.util.concurrent.ThreadPoolExecutor.runWorker(ThreadPoolExecutor.java:1145)
06-25 11:58:52.093  2859  2934 W CorpusConfigHelper: 	at java.util.concurrent.ThreadPoolExecutor$Worker.run(ThreadPoolExecutor.java:644)
06-25 11:58:52.093  2859  2934 W CorpusConfigHelper: 	at com.google.android.libraries.i.k.run(PG:2)
06-25 11:58:52.093  2859  2934 W CorpusConfigHelper: 	at com.google.android.libraries.i.p.run(PG:4)
06-25 11:58:52.093  2859  2934 W CorpusConfigHelper: 	at java.lang.Thread.run(Thread.java:1012)
06-25 11:58:52.106  5752  6245 D CompatibilityChangeReporter: Compat change id reported: 158482162; UID 10132; state: ENABLED
06-25 11:58:52.107   518  2233 D CompatibilityChangeReporter: Compat change id reported: 158482162; UID 10132; state: ENABLED
06-25 11:58:52.111  5557  5616 I Icing   : IndexChimeraService.getServiceInterface callingPackage=com.google.android.googlequicksearchbox componentName=agsa_icing_connection serviceId=33
06-25 11:58:52.114  5557  5729 I Icing   : IndexChimeraService.getServiceInterface callingPackage=com.google.android.googlequicksearchbox componentName=agsa_icing_connection serviceId=32
06-25 11:58:52.119  5752  6245 I CAR.DRIVINGMODE: DrivingMode Settings Indexed from the location module
06-25 11:58:52.143  5557  5649 I Icing   : Usage reports ok 0, Failed Usage reports 0, indexed 0, rejected 0
06-25 11:58:52.154  5752  6230 D CompatibilityChangeReporter: Compat change id reported: 263076149; UID 10132; state: DISABLED
06-25 11:58:52.160   518   616 I RescueParty: Starting to observe: [com.google.android.as, com.google.android.as.oss], updated namespace: device_personalization_services
06-25 11:58:52.160  2026  2671 D CompatibilityChangeReporter: Compat change id reported: 150939131; UID 10121; state: ENABLED
06-25 11:58:52.167   518   549 I PackageWatchdog: Syncing state, reason: observing new packages
06-25 11:58:52.170  5470  5470 D BoundBrokerSvc: onBind: Intent { act=com.google.android.gms.instantapps.START pkg=com.google.android.gms }
06-25 11:58:52.170  5470  5470 D BoundBrokerSvc: Loading bound service for intent: Intent { act=com.google.android.gms.instantapps.START pkg=com.google.android.gms }
06-25 11:58:52.173   518   518 I PackageWatchdog: Syncing health check requests for packages: {}
06-25 11:58:52.173   518   518 I ExplicitHealthCheckController: Service not ready to get health check supported packages. Binding...
06-25 11:58:52.178   518   518 I ExplicitHealthCheckController: Explicit health check service is bound
06-25 11:58:52.178   518  3496 W JobScheduler: Job didn't exist in JobStore: 2fb907a #u0a131/-43 com.google.android.googlequicksearchbox/com.google.android.apps.gsa.tasks.BackgroundTasksJobService
06-25 11:58:52.179   518   518 I ExplicitHealthCheckController: Explicit health check service is connected ComponentInfo{com.google.android.ext.services/android.ext.services.watchdog.ExplicitHealthCheckServiceImpl}
06-25 11:58:52.179   518   518 I ExplicitHealthCheckController: Service initialized, syncing requests
06-25 11:58:52.184   518   549 D PackageWatchdog: rescue-party-observer added the following packages to monitor [com.google.android.as, com.google.android.as.oss]
06-25 11:58:52.184   518   518 I PackageWatchdog: Syncing health check requests for packages: {com.google.android.as, com.google.android.as.oss}
06-25 11:58:52.184   518   518 D ExplicitHealthCheckController: Getting health check supported packages
06-25 11:58:52.185   518   549 I PackageWatchdog: Syncing state, reason: updated observers
06-25 11:58:52.185   518   549 I PackageWatchdog: Saving observer state to file
06-25 11:58:52.187   518  2263 I ExplicitHealthCheckController: Explicit health check supported packages [PackageConfig{com.google.android.networkstack, 86400000}]
06-25 11:58:52.187   518  2263 D PackageWatchdog: Received supported packages [PackageConfig{com.google.android.networkstack, 86400000}]
06-25 11:58:52.187   518  2263 I PackageWatchdog: Updated health check state for package com.google.android.as: INACTIVE -> PASSED
06-25 11:58:52.187   518  2263 I PackageWatchdog: Updated health check state for package com.google.android.as.oss: INACTIVE -> PASSED
06-25 11:58:52.187   518  2263 I PackageWatchdog: Syncing state, reason: updated health check supported packages [PackageConfig{com.google.android.networkstack, 86400000}]
06-25 11:58:52.187   518  2263 D ExplicitHealthCheckController: Getting health check requested packages
06-25 11:58:52.187   518   518 I PackageWatchdog: Syncing health check requests for packages: {}
06-25 11:58:52.187   518   518 D ExplicitHealthCheckController: Getting health check supported packages
06-25 11:58:52.188   518   549 I PackageWatchdog: Saving observer state to file
06-25 11:58:52.189   518   893 I ExplicitHealthCheckController: Explicit health check supported packages [PackageConfig{com.google.android.networkstack, 86400000}]
06-25 11:58:52.189   518  3496 I ExplicitHealthCheckController: Explicit health check requested packages []
06-25 11:58:52.189   518  3496 I ExplicitHealthCheckController: No more health check requests, unbinding...
06-25 11:58:52.191   518  3496 I ExplicitHealthCheckController: Explicit health check service is unbound
06-25 11:58:52.196  5752  6245 I Nearby  : is blocked device type false, isAuto=false, isIot=false, isLatchsky=false, isChinaWearable=false, isTv=false, isWearable=false (supportWearOs=false), isChromeOsDevice=false (supportChromeOs=false) [CONTEXT service_id=49 ]
06-25 11:58:52.202   518   893 D PackageWatchdog: Received supported packages [PackageConfig{com.google.android.networkstack, 86400000}]
06-25 11:58:52.202   518   893 I ExplicitHealthCheckController: Service not ready to get health check requested packages. Binding...
06-25 11:58:52.203  3074  3116 W SystemServiceRegistry: No service published for: persistent_data_block
06-25 11:58:52.203   518   893 E AppOps  : Bad call made by uid 1000. Package "android" does not belong to uid 10190.
06-25 11:58:52.204   518   893 E AppOps  : Cannot noteOperation
06-25 11:58:52.204   518   893 E AppOps  : java.lang.SecurityException: Specified package "android" under uid 10190 but it is not
06-25 11:58:52.204   518   893 E AppOps  : 	at com.android.server.appop.AppOpsService.verifyAndGetBypass(AppOpsService.java:3886)
06-25 11:58:52.204   518   893 E AppOps  : 	at com.android.server.appop.AppOpsService.verifyAndGetBypass(AppOpsService.java:3746)
06-25 11:58:52.204   518   893 E AppOps  : 	at com.android.server.appop.AppOpsService.noteOperationUnchecked(AppOpsService.java:2629)
06-25 11:58:52.204   518   893 E AppOps  : 	at com.android.server.appop.AppOpsService.noteOperationImpl(AppOpsService.java:2617)
06-25 11:58:52.204   518   893 E AppOps  : 	at com.android.server.appop.AppOpsService.-$$Nest$mnoteOperationImpl(AppOpsService.java:0)
06-25 11:58:52.204   518   893 E AppOps  : 	at com.android.server.appop.AppOpsService$CheckOpsDelegateDispatcher.$r8$lambda$-zO2p3wazaltMFolMcvKOcU7eN4(AppOpsService.java:0)
06-25 11:58:52.204   518   893 E AppOps  : 	at com.android.server.appop.AppOpsService$CheckOpsDelegateDispatcher$$ExternalSyntheticLambda3.apply(R8$$SyntheticClass:0)
06-25 11:58:52.204   518   893 E AppOps  : 	at com.android.server.policy.AppOpsPolicy.noteOperation(AppOpsPolicy.java:235)
06-25 11:58:52.204   518   893 E AppOps  : 	at com.android.server.appop.AppOpsService$CheckOpsDelegateDispatcher.noteOperation(AppOpsService.java:6434)
06-25 11:58:52.204   518   893 E AppOps  : 	at com.android.server.appop.AppOpsService.noteOperation(AppOpsService.java:2598)
06-25 11:58:52.204   518   893 E AppOps  : 	at android.app.AppOpsManager.noteOpNoThrow(AppOpsManager.java:8420)
06-25 11:58:52.204   518   893 E AppOps  : 	at com.android.server.wm.ActivityTaskManagerService.hasSystemAlertWindowPermission(ActivityTaskManagerService.java:1076)
06-25 11:58:52.204   518   893 E AppOps  : 	at com.android.server.wm.ActivityTaskManagerService$LocalService.hasSystemAlertWindowPermission(ActivityTaskManagerService.java:7006)
06-25 11:58:52.204   518   893 E AppOps  : 	at com.android.server.am.ActiveServices.shouldAllowFgsStartForegroundNoBindingCheckLocked(ActiveServices.java:7910)
06-25 11:58:52.204   518   893 E AppOps  : 	at com.android.server.am.ActiveServices.shouldAllowFgsStartForegroundWithBindingCheckLocked(ActiveServices.java:7795)
06-25 11:58:52.204   518   893 E AppOps  : 	at com.android.server.am.ActiveServices.setFgsRestrictionLocked(ActiveServices.java:7474)
06-25 11:58:52.204   518   893 E AppOps  : 	at com.android.server.am.ActiveServices.bindServiceLocked(ActiveServices.java:3744)
06-25 11:58:52.204   518   893 E AppOps  : 	at com.android.server.am.ActivityManagerService.bindServiceInstance(ActivityManagerService.java:13404)
06-25 11:58:52.204   518   893 E AppOps  : 	at com.android.server.am.ActivityManagerService.bindServiceInstance(ActivityManagerService.java:13368)
06-25 11:58:52.204   518   893 E AppOps  : 	at android.app.ContextImpl.bindServiceCommon(ContextImpl.java:2127)
06-25 11:58:52.204   518   893 E AppOps  : 	at android.app.ContextImpl.bindServiceAsUser(ContextImpl.java:2040)
06-25 11:58:52.204   518   893 E AppOps  : 	at com.android.server.ExplicitHealthCheckController.bindService(ExplicitHealthCheckController.java:345)
06-25 11:58:52.204   518   893 E AppOps  : 	at com.android.server.ExplicitHealthCheckController.prepareServiceLocked(ExplicitHealthCheckController.java:450)
