06-25 11:58:52.675  5470  6173 I NamespaceManager: Package com.google.android.crashrecovery name not found! Using module version.
06-25 11:58:52.675  5470  6173 I NamespaceManager: Package com.google.android.profiling name not found! Using module version.
06-25 11:58:52.675  5470  6173 I NamespaceManager: Package com.google.android.bt name not found! Using module version.
06-25 11:58:52.675  5470  6173 I NamespaceManager: Package com.google.android.nfcservices name not found! Using module version.
06-25 11:58:52.675  5470  6173 I NamespaceManager: Package com.google.android.webapp name not found! Using module version.
06-25 11:58:52.675  5470  6173 I NamespaceManager: Package com.google.android.telephonycore name not found! Using module version.
06-25 11:58:52.676  5470  6173 I NamespaceManager: Package com.google.android.uprobestats name not found! Using module version.
06-25 11:58:52.684  5470  6171 I NamespaceManager: Package com.android.refreshratecontrol name not found! Using module version.
06-25 11:58:52.684  5470  6171 I NamespaceManager: Package com.google.oslo name not found! Using module version.
06-25 11:58:52.684  1050  4353 D VolumeSliceHelper: Unregistering uri broadcast relay: content://com.android.settings.slices/action/alarm_volume
06-25 11:58:52.684  5470  6171 I NamespaceManager: Package com.android.media name not found! Using module version.
06-25 11:58:52.684  5470  6171 I NamespaceManager: Package com.android.media.swcodec name not found! Using module version.
06-25 11:58:52.684  5470  6171 I NamespaceManager: Package com.android.neuralnetworks name not found! Using module version.
06-25 11:58:52.684  5470  6171 I NamespaceManager: Package com.android.media name not found! Using module version.
06-25 11:58:52.684  5470  6171 I NamespaceManager: Package 1 name not found! Using module version.
06-25 11:58:52.685  1050  4182 D SlicesIndexer: Slices already indexed - returning.
06-25 11:58:52.685  1050  4182 D VolumeSliceHelper: Registering uri for broadcast relay: content://com.android.settings.slices/action/alarm_volume
06-25 11:58:52.686  1050  4182 D SettingsSliceProvider: Built slice (content://com.android.settings.slices/action/alarm_volume) in: 1
06-25 11:58:52.686  1050  4017 W ElapsedTimeUtils: getElapsedTime: sSuwFinishedTimeStamp is null
06-25 11:58:52.687  1050  2478 D SettingsSliceProvider: content://com.android.settings.slices/action/gesture_double_tap_power loaded from cache
06-25 11:58:52.688  1050  4353 D SliceBuilder: Creating slice for: com.android.settings.gestures.DoubleTapPowerPreferenceController
06-25 11:58:52.689  5470  6171 I NamespaceManager: Package rkpd name not found! Using module version.
06-25 11:58:52.690   336  6317 I resolv  : GetAddrInfoHandler::run: {101 786533 101 983141 10129 0}
06-25 11:58:52.690  5470  6171 I NamespaceManager: Package android.companion name not found! Using module version.
06-25 11:58:52.690  1050  4353 W ElapsedTimeUtils: getElapsedTime: sSuwFinishedTimeStamp is null
06-25 11:58:52.690  5470  6171 I NamespaceManager: Package com.google.android.aicore name not found! Using module version.
06-25 11:58:52.691  1050  4182 D SettingsSliceProvider: content://com.android.settings.slices/action/screen_magnification_gestures_preference_screen loaded from cache
06-25 11:58:52.691  5470  6171 I NamespaceManager: Package com.google.android.audioproxy name not found! Using module version.
06-25 11:58:52.691   336  6318 I resolv  : res_nmkquery: (QUERY, IN, AAAA)
06-25 11:58:52.691  5470  6171 I NamespaceManager: Package com.google.android.apps.pixel.psi name not found! Using module version.
06-25 11:58:52.691  5470  6171 I NamespaceManager: Package com.google.android.apps.safetycore name not found! Using module version.
06-25 11:58:52.691  5470  6171 I NamespaceManager: Package com.google.android.crashrecovery name not found! Using module version.
06-25 11:58:52.691  5470  6171 I NamespaceManager: Package com.google.android.profiling name not found! Using module version.
06-25 11:58:52.691  5470  6171 I NamespaceManager: Package com.google.android.bt name not found! Using module version.
06-25 11:58:52.692  5470  6171 I NamespaceManager: Package com.google.android.nfcservices name not found! Using module version.
06-25 11:58:52.692  5470  6171 I NamespaceManager: Package com.google.android.webapp name not found! Using module version.
06-25 11:58:52.692  5470  6171 I NamespaceManager: Package com.google.android.telephonycore name not found! Using module version.
06-25 11:58:52.692  5470  6171 I NamespaceManager: Package com.google.android.uprobestats name not found! Using module version.
06-25 11:58:52.692   336  6319 I resolv  : res_nmkquery: (QUERY, IN, A)
06-25 11:58:52.695  1050  4353 D SliceBuilder: Creating slice for: com.android.settings.accessibility.MagnificationGesturesPreferenceController
06-25 11:58:52.702  5470  5646 I NamespaceManager: Package com.android.refreshratecontrol name not found! Using module version.
06-25 11:58:52.703  5470  5646 I NamespaceManager: Package com.google.oslo name not found! Using module version.
06-25 11:58:52.703  5470  5646 I NamespaceManager: Package com.android.media name not found! Using module version.
06-25 11:58:52.703  5470  5646 I NamespaceManager: Package com.android.media.swcodec name not found! Using module version.
06-25 11:58:52.704  5470  5646 I NamespaceManager: Package com.android.neuralnetworks name not found! Using module version.
06-25 11:58:52.705  5470  5646 I NamespaceManager: Package com.android.media name not found! Using module version.
06-25 11:58:52.705  5470  5646 I NamespaceManager: Package 1 name not found! Using module version.
06-25 11:58:52.706  1050  2478 D SlicesIndexer: Slices already indexed - returning.
06-25 11:58:52.707  5470  5646 I NamespaceManager: Package rkpd name not found! Using module version.
06-25 11:58:52.707  1050  2478 D SettingsSliceProvider: Built slice (content://com.android.settings.slices/action/gesture_double_tap_power) in: 1
06-25 11:58:52.707  5470  5646 I NamespaceManager: Package android.companion name not found! Using module version.
06-25 11:58:52.707  5470  5646 I NamespaceManager: Package com.google.android.aicore name not found! Using module version.
06-25 11:58:52.707  5470  5646 I NamespaceManager: Package com.google.android.audioproxy name not found! Using module version.
06-25 11:58:52.707  5470  5646 I NamespaceManager: Package com.google.android.apps.pixel.psi name not found! Using module version.
06-25 11:58:52.707  1050  4353 W ElapsedTimeUtils: getElapsedTime: sSuwFinishedTimeStamp is null
06-25 11:58:52.707  5470  5646 I NamespaceManager: Package com.google.android.apps.safetycore name not found! Using module version.
06-25 11:58:52.707  5470  5646 I NamespaceManager: Package com.google.android.crashrecovery name not found! Using module version.
06-25 11:58:52.707  5470  5646 I NamespaceManager: Package com.google.android.profiling name not found! Using module version.
06-25 11:58:52.708  1050  4017 D SliceBuilder: Creating slice for: com.android.settings.accessibility.MagnificationGesturesPreferenceController
06-25 11:58:52.709  5470  5646 I NamespaceManager: Package com.google.android.bt name not found! Using module version.
06-25 11:58:52.710  5470  5646 I NamespaceManager: Package com.google.android.nfcservices name not found! Using module version.
06-25 11:58:52.710  1050  4182 D SettingsSliceProvider: content://com.android.settings.slices/action/gesture_double_tap_power loaded from cache
06-25 11:58:52.710  5470  5646 I NamespaceManager: Package com.google.android.webapp name not found! Using module version.
06-25 11:58:52.710  5470  5646 I NamespaceManager: Package com.google.android.telephonycore name not found! Using module version.
06-25 11:58:52.710  5470  5646 I NamespaceManager: Package com.google.android.uprobestats name not found! Using module version.
06-25 11:58:52.711  1050  4017 D SliceBuilder: Creating slice for: com.android.settings.notification.MediaVolumePreferenceController
06-25 11:58:52.711  1050  4017 D MediaVolumePreCtrl: The slice doesn't support end item
06-25 11:58:52.714  1050  4017 W ElapsedTimeUtils: getElapsedTime: sSuwFinishedTimeStamp is null
06-25 11:58:52.714  1050  2478 D SlicesIndexer: Slices already indexed - returning.
06-25 11:58:52.715  1050  4017 W ElapsedTimeUtils: getElapsedTime: sSuwFinishedTimeStamp is null
06-25 11:58:52.715  1050  4182 D SettingsSliceProvider: content://com.android.settings.slices/action/media_volume loaded from cache
06-25 11:58:52.715   518   616 I RescueParty: Starting to observe: [android], updated namespace: appsearch
06-25 11:58:52.715   518   549 I PackageWatchdog: Syncing state, reason: observing new packages
06-25 11:58:52.715   518   549 D PackageWatchdog: rescue-party-observer added the following packages to monitor [android]
06-25 11:58:52.715   518   549 I PackageWatchdog: Syncing state, reason: updated observers
06-25 11:58:52.715   518   549 I PackageWatchdog: Not pruning observers, elapsed time: 0ms
06-25 11:58:52.715   518   549 I PackageWatchdog: Saving observer state to file
06-25 11:58:52.715  1050  4017 D VolumeSliceHelper: Unregistering uri broadcast relay: content://com.android.settings.slices/action/media_volume
06-25 11:58:52.715  1050  1050 D SettingsSliceProvider: Stopping background worker for: content://com.android.settings.slices/action/media_volume
06-25 11:58:52.715  1050  2478 D SettingsSliceProvider: Built slice (content://com.android.settings.slices/action/screen_magnification_gestures_preference_screen) in: 1
06-25 11:58:52.723  5470  6172 I NamespaceManager: Package com.android.refreshratecontrol name not found! Using module version.
06-25 11:58:52.723  5470  6172 I NamespaceManager: Package com.google.oslo name not found! Using module version.
06-25 11:58:52.723   518   518 I PackageWatchdog: Syncing health check requests for packages: {}
06-25 11:58:52.723   518   518 I ExplicitHealthCheckController: Service not ready to get health check supported packages. Binding...
06-25 11:58:52.726   518   518 I ExplicitHealthCheckController: Explicit health check service is bound
06-25 11:58:52.727  5470  6172 I NamespaceManager: Package com.android.media name not found! Using module version.
06-25 11:58:52.727  5470  6172 I NamespaceManager: Package com.android.media.swcodec name not found! Using module version.
06-25 11:58:52.727  5470  6172 I NamespaceManager: Package com.android.neuralnetworks name not found! Using module version.
06-25 11:58:52.727  5470  6172 I NamespaceManager: Package com.android.media name not found! Using module version.
06-25 11:58:52.727  5470  6172 I NamespaceManager: Package 1 name not found! Using module version.
06-25 11:58:52.727  5470  6172 I NamespaceManager: Package rkpd name not found! Using module version.
06-25 11:58:52.727  5470  6172 I NamespaceManager: Package android.companion name not found! Using module version.
06-25 11:58:52.727  5470  6172 I NamespaceManager: Package com.google.android.aicore name not found! Using module version.
06-25 11:58:52.727  5470  6172 I NamespaceManager: Package com.google.android.audioproxy name not found! Using module version.
06-25 11:58:52.727  5470  6172 I NamespaceManager: Package com.google.android.apps.pixel.psi name not found! Using module version.
06-25 11:58:52.727  5470  6172 I NamespaceManager: Package com.google.android.apps.safetycore name not found! Using module version.
06-25 11:58:52.727  5470  6172 I NamespaceManager: Package com.google.android.crashrecovery name not found! Using module version.
06-25 11:58:52.727  5470  6172 I NamespaceManager: Package com.google.android.profiling name not found! Using module version.
06-25 11:58:52.727  5470  6172 I NamespaceManager: Package com.google.android.bt name not found! Using module version.
06-25 11:58:52.727  5470  6172 I NamespaceManager: Package com.google.android.nfcservices name not found! Using module version.
06-25 11:58:52.727  5470  6172 I NamespaceManager: Package com.google.android.webapp name not found! Using module version.
06-25 11:58:52.728   518   518 I ExplicitHealthCheckController: Explicit health check service is connected ComponentInfo{com.google.android.ext.services/android.ext.services.watchdog.ExplicitHealthCheckServiceImpl}
06-25 11:58:52.728   518   518 I ExplicitHealthCheckController: Service initialized, syncing requests
06-25 11:58:52.728   518   518 I PackageWatchdog: Syncing health check requests for packages: {}
06-25 11:58:52.728   518   518 D ExplicitHealthCheckController: Getting health check supported packages
06-25 11:58:52.728   518  2165 I ExplicitHealthCheckController: Explicit health check supported packages [PackageConfig{com.google.android.networkstack, 86400000}]
06-25 11:58:52.729   518  2165 D PackageWatchdog: Received supported packages [PackageConfig{com.google.android.networkstack, 86400000}]
06-25 11:58:52.729   518  2165 D ExplicitHealthCheckController: Getting health check requested packages
06-25 11:58:52.729   518  2165 I ExplicitHealthCheckController: Explicit health check requested packages []
06-25 11:58:52.729   518  2165 I ExplicitHealthCheckController: No more health check requests, unbinding...
06-25 11:58:52.730   518  2165 I ExplicitHealthCheckController: Explicit health check service is unbound
06-25 11:58:52.733  5470  6172 I NamespaceManager: Package com.google.android.telephonycore name not found! Using module version.
06-25 11:58:52.734  1050  4182 D SlicesIndexer: Slices already indexed - returning.
06-25 11:58:52.734  1050  4182 D VolumeSliceHelper: Registering uri for broadcast relay: content://com.android.settings.slices/action/media_volume
06-25 11:58:52.735  1050  1050 D SettingsSliceProvider: Starting background worker for: content://com.android.settings.slices/action/media_volume
06-25 11:58:52.736  1050  4182 D SettingsSliceProvider: Built slice (content://com.android.settings.slices/action/media_volume) in: 2
06-25 11:58:52.739  1050  4182 W LocalMediaManager: BluetoothAdapter is null or muting expected device not exist
06-25 11:58:52.740  5470  6172 I NamespaceManager: Package com.google.android.uprobestats name not found! Using module version.
06-25 11:58:52.743  1050  4017 W ElapsedTimeUtils: getElapsedTime: sSuwFinishedTimeStamp is null
06-25 11:58:52.744  1050  4182 D SettingsSliceProvider: content://com.android.settings.slices/action/call_volume loaded from cache
06-25 11:58:52.746  1050  1074 D SliceBuilder: Creating slice for: com.android.settings.notification.CallVolumePreferenceController
06-25 11:58:52.748  1050  4353 W ElapsedTimeUtils: getElapsedTime: sSuwFinishedTimeStamp is null
06-25 11:58:52.749  6138  6138 I AccessibilityNodeInfoDumper: Skipping invisible child: android.view.accessibility.AccessibilityNodeInfo@17b33; boundsInParent: Rect(0, 0 - 0, 19); boundsInScreen: Rect(31, 66 - 31, 80); boundsInWindow: Rect(31, 66 - 31, 80); packageName: com.google.android.apps.nexuslauncher; className: android.widget.TextView; text: null; error: null; maxTextLength: -1; stateDescription: null; contentDescription: null; tooltipText: null; containerTitle: null; viewIdResName: com.google.android.apps.nexuslauncher:id/subtitle_text; uniqueId: null; checkable: false; checked: false; focusable: true; focused: false; selected: false; clickable: true; longClickable: false; contextClickable: false; enabled: true; password: false; scrollable: false; importantForAccessibility: true; visible: false; actions: [AccessibilityAction: ACTION_FOCUS - null, AccessibilityAction: ACTION_SELECT - null, AccessibilityAction: ACTION_CLEAR_SELECTION - null, AccessibilityAction: ACTION_CLICK - null, AccessibilityAction: ACTION_ACCESSIBILITY_FOCUS - null, AccessibilityAction: ACTION_SHOW_ON_SCREEN - null]; isTextSelectable: false
06-25 11:58:52.749  1050  2478 D SettingsSliceProvider: content://com.android.settings.slices/action/media_volume loaded from cache
06-25 11:58:52.749  1050  4017 D SliceBuilder: Creating slice for: com.android.settings.notification.MediaVolumePreferenceController
06-25 11:58:52.750  1050  4017 D MediaVolumePreCtrl: The slice doesn't support end item
06-25 11:58:52.750  1050  4353 D SliceBuilder: Creating slice for: com.android.settings.notification.CallVolumePreferenceController
06-25 11:58:52.751  1050  4017 D SliceBuilder: Creating slice for: com.android.settings.notification.CallVolumePreferenceController
06-25 11:58:52.753  1050  1082 D VolumeSliceHelper: Unregistering uri broadcast relay: content://com.android.settings.slices/action/call_volume
06-25 11:58:52.753  1050  4978 D SliceBuilder: Creating slice for: com.android.settings.notification.SeparateRingVolumePreferenceController
06-25 11:58:52.753  1050  1082 W ElapsedTimeUtils: getElapsedTime: sSuwFinishedTimeStamp is null
06-25 11:58:52.755  1050  4978 D SliceBuilder: Creating slice for: com.android.settings.notification.SeparateRingVolumePreferenceController
06-25 11:58:52.755  1050  4182 D SlicesIndexer: Slices already indexed - returning.
06-25 11:58:52.756  1050  4182 D VolumeSliceHelper: Registering uri for broadcast relay: content://com.android.settings.slices/action/call_volume
06-25 11:58:52.756  1050  4182 D SettingsSliceProvider: Built slice (content://com.android.settings.slices/action/call_volume) in: 1
06-25 11:58:52.758  1050  4353 W ElapsedTimeUtils: getElapsedTime: sSuwFinishedTimeStamp is null
06-25 11:58:52.760  1050  4978 D SliceBuilder: Creating slice for: com.android.settings.notification.SeparateRingVolumePreferenceController
06-25 11:58:52.765  1050  4978 D SliceBuilder: Creating slice for: com.android.settings.deviceinfo.firmwareversion.FirmwareVersionDetailPreferenceController
06-25 11:58:52.766  5470  6156 I NamespaceManager: Package com.android.refreshratecontrol name not found! Using module version.
06-25 11:58:52.766  5470  6156 I NamespaceManager: Package com.google.oslo name not found! Using module version.
06-25 11:58:52.767  5470  6156 I NamespaceManager: Package com.android.media name not found! Using module version.
06-25 11:58:52.767  1050  2478 D SettingsSliceProvider: content://com.android.settings.slices/action/separate_ring_volume loaded from cache
06-25 11:58:52.769  6138  6138 W AccessibilityNodeInfoDumper: Fetch time: 38ms
06-25 11:58:52.770   336  6319 I resolv  : res_nsend: used send_dg 116 terrno: 0
06-25 11:58:52.770   336  6319 I resolv  : doQuery: rcode=0, ancount=4, return value=116
06-25 11:58:52.770   336  6318 I resolv  : res_nsend: used send_dg 164 terrno: 0
06-25 11:58:52.770   336  6318 I resolv  : doQuery: rcode=0, ancount=4, return value=164
06-25 11:58:52.771   336  6301 I resolv  : res_nsend: used send_dg 75 terrno: 0
06-25 11:58:52.771   982   982 D TrafficStats: tagSocket(107) with statsTag=0xffffffff, statsUid=-1
06-25 11:58:52.769  5470  6156 I NamespaceManager: Package com.android.media.swcodec name not found! Using module version.
06-25 11:58:52.775  1050  4353 D VolumeSliceHelper: Unregistering uri broadcast relay: content://com.android.settings.slices/action/separate_ring_volume
06-25 11:58:52.776  5470  6156 I NamespaceManager: Package com.android.neuralnetworks name not found! Using module version.
06-25 11:58:52.776  5470  6156 I NamespaceManager: Package com.android.media name not found! Using module version.
06-25 11:58:52.777  1050  4978 D SliceBuilder: Creating slice for: com.android.settings.deviceinfo.firmwareversion.FirmwareVersionDetailPreferenceController
06-25 11:58:52.777  5470  6156 I NamespaceManager: Package 1 name not found! Using module version.
06-25 11:58:52.779  1571  3144 I AiAiEcho: Settings changed for uri: content://settings/secure/accessibility_enabled
06-25 11:58:52.779  1571  1768 I AiAiEcho: Predicting[0]: 
06-25 11:58:52.779  1571  1768 I AiAiEcho: EchoTargets: 
06-25 11:58:52.779  1571  1768 I AiAiEcho: Filtered by AiAi flag check: 
06-25 11:58:52.779  1571  1768 I AiAiEcho: Ranked targets strategy: SORT, count: 0, ranking metadata: 
06-25 11:58:52.779  1571  1768 I AiAiEcho: Predicting[0]: 
06-25 11:58:52.779  1571  1768 I AiAiEcho: EchoTargets: 
06-25 11:58:52.779  1571  1768 I AiAiEcho: Filtered by AiAi flag check: 
06-25 11:58:52.779  1571  1768 I AiAiEcho: Ranked targets strategy: SORT, count: 0, ranking metadata: 
06-25 11:58:52.779  5470  6156 I NamespaceManager: Package rkpd name not found! Using module version.
06-25 11:58:52.780   982   982 D TrafficStats: tagSocket(107) with statsTag=0xffffffff, statsUid=-1
06-25 11:58:52.780  5470  6156 I NamespaceManager: Package android.companion name not found! Using module version.
06-25 11:58:52.780   518  1616 W WindowMagnificationMgr: requestConnection duplicated request: connect=false, mConnectionState=DISCONNECTED
06-25 11:58:52.780   518  1616 D AccessibilityManagerService: restoreCurrentUserForTestAutomationIfNeededLocked(): ignoring because device doesn't support visible background users
06-25 11:58:52.780  1571  1768 I AiAiEcho: #postPredictionTargets: Sending updates to UISurface lockscreen with targets# 0 (types=[])
06-25 11:58:52.781  5470  6156 I NamespaceManager: Package com.google.android.aicore name not found! Using module version.
06-25 11:58:52.781   831   831 W PageIndicator: Total number of pages invalid: 0. Assuming 1 page.
06-25 11:58:52.781  5470  6156 I NamespaceManager: Package com.google.android.audioproxy name not found! Using module version.
06-25 11:58:52.781   982  6295 D NetworkMonitor/101: PROBE_DNS connectivitycheck.gstatic.com 192ms OK 172.217.214.94,2607:f8b0:4001:c09::5e
06-25 11:58:52.781  5470  6156 I NamespaceManager: Package com.google.android.apps.pixel.psi name not found! Using module version.
06-25 11:58:52.782  5470  6156 I NamespaceManager: Package com.google.android.apps.safetycore name not found! Using module version.
06-25 11:58:52.782  5470  6156 I NamespaceManager: Package com.google.android.crashrecovery name not found! Using module version.
06-25 11:58:52.782  5470  6156 I NamespaceManager: Package com.google.android.profiling name not found! Using module version.
06-25 11:58:52.782  5470  6156 I NamespaceManager: Package com.google.android.bt name not found! Using module version.
06-25 11:58:52.782  5470  6156 I NamespaceManager: Package com.google.android.nfcservices name not found! Using module version.
06-25 11:58:52.783  5470  6156 I NamespaceManager: Package com.google.android.webapp name not found! Using module version.
06-25 11:58:52.784  5470  6156 I NamespaceManager: Package com.google.android.telephonycore name not found! Using module version.
06-25 11:58:52.785  6138  6138 D AndroidRuntime: Shutting down VM
06-25 11:58:52.786  1571  1768 I AiAiEcho: #postPredictionTargets: Sending updates to UISurface home with targets# 0 (types=[])
06-25 11:58:52.788   336  6321 I resolv  : GetAddrInfoHandler::run: {101 983141 101 983141 1073 1}
06-25 11:58:52.789  5470  6156 I NamespaceManager: Package com.google.android.uprobestats name not found! Using module version.
06-25 11:58:52.789  1050  4978 D SliceBuilder: Creating slice for: com.android.settings.deviceinfo.hardwareinfo.DeviceModelPreferenceController
06-25 11:58:52.791   336  6323 I resolv  : res_nmkquery: (QUERY, IN, A)
06-25 11:58:52.791   336  6323 I resolv  : resolv_cache_lookup: FOUND IN CACHE entry=0x7e212170a550
06-25 11:58:52.791   336  6323 I resolv  : doQuery: rcode=0, ancount=1, return value=63
06-25 11:58:52.793   336  6322 I resolv  : res_nmkquery: (QUERY, IN, AAAA)
06-25 11:58:52.793   336  6322 I resolv  : resolv_cache_lookup: FOUND IN CACHE entry=0x7e212170a0f0
06-25 11:58:52.793   336  6322 I resolv  : doQuery: rcode=0, ancount=1, return value=75
06-25 11:58:52.793  1050  1074 W ElapsedTimeUtils: getElapsedTime: sSuwFinishedTimeStamp is null
06-25 11:58:52.795   518   616 I RescueParty: Starting to observe: [android, com.android.phone], updated namespace: telephony
06-25 11:58:52.795   518   549 I PackageWatchdog: Syncing state, reason: observing new packages
06-25 11:58:52.795   518   549 D PackageWatchdog: rescue-party-observer added the following packages to monitor [android, com.android.phone]
06-25 11:58:52.795   518   549 I PackageWatchdog: Syncing state, reason: updated observers
06-25 11:58:52.795   518   549 I PackageWatchdog: Not pruning observers, elapsed time: 0ms
06-25 11:58:52.795   518   549 I PackageWatchdog: Saving observer state to file
06-25 11:58:52.796  1050  4353 D SliceBuilder: Creating slice for: com.android.settings.deviceinfo.hardwareinfo.DeviceModelPreferenceController
06-25 11:58:52.796  1050  4182 D SlicesIndexer: Slices already indexed - returning.
06-25 11:58:52.796  1050  4182 D VolumeSliceHelper: Registering uri for broadcast relay: content://com.android.settings.slices/action/separate_ring_volume
06-25 11:58:52.796   982  6295 D TrafficStats: tagSocket(107) with statsTag=0xffffff81, statsUid=-1
06-25 11:58:52.797  1050  4182 D SettingsSliceProvider: Built slice (content://com.android.settings.slices/action/separate_ring_volume) in: 1
06-25 11:58:52.797  2859  2934 I A       : NGA enabled in interactor.
06-25 11:58:52.806  1050  1074 W ElapsedTimeUtils: getElapsedTime: sSuwFinishedTimeStamp is null
06-25 11:58:52.807  2859  2934 I A       : Nga state changed to NgaStateDetails{state=ENABLED, isSpecialExperience=false}
06-25 11:58:52.807   518   518 I PackageWatchdog: Syncing health check requests for packages: {com.android.phone}
06-25 11:58:52.807   518   518 I ExplicitHealthCheckController: Service not ready to get health check supported packages. Binding...
06-25 11:58:52.811   518   518 I ExplicitHealthCheckController: Explicit health check service is bound
06-25 11:58:52.812  1050  2478 D SettingsSliceProvider: content://com.android.settings.slices/action/os_firmware_version loaded from cache
06-25 11:58:52.812   518   518 D BatterySaverPolicy: accessibility changed to false, updating policy.
06-25 11:58:52.813   518   518 I ExplicitHealthCheckController: Explicit health check service is connected ComponentInfo{com.google.android.ext.services/android.ext.services.watchdog.ExplicitHealthCheckServiceImpl}
06-25 11:58:52.813  1050  1074 W ElapsedTimeUtils: getElapsedTime: sSuwFinishedTimeStamp is null
06-25 11:58:52.813  1050  4182 D SettingsSliceProvider: content://com.android.settings.slices/action/hardware_info_device_model loaded from cache
06-25 11:58:52.816  1593  5469 I A       : Initializing all components
06-25 11:58:52.816  1593  2089 I A       : onIsEnabledChanged, isEnabled: false
06-25 11:58:52.816  1593  2089 W A       : Disposing empty manager. Did you forgot to subscribe observables?
06-25 11:58:52.817  1593  5469 I A       : APA or Classic session decision: SessionDecision(sessionVariance=CLASSIC, platformVariance=CLASSIC, justification=CURRENT_PLATFORM_VARIANCE).
06-25 11:58:52.817  1593  5469 I A       : [Memory] eligibility: StashEligibility{6}
06-25 11:58:52.822  1050  4353 W ElapsedTimeUtils: getElapsedTime: sSuwFinishedTimeStamp is null
06-25 11:58:52.822  1050  2478 D SettingsSliceProvider: content://android.settings.slices/action/airplane_mode loaded from cache
06-25 11:58:52.823  1593  2089 W A       : Disposing empty manager. Did you forgot to subscribe observables?
06-25 11:58:52.823  1593  2089 W A       : Disposing empty manager. Did you forgot to subscribe observables?
06-25 11:58:52.823  1593  2089 W A       : Disposing empty manager. Did you forgot to subscribe observables?
06-25 11:58:52.823  1593  2089 W A       : Disposing empty manager. Did you forgot to subscribe observables?
06-25 11:58:52.823  1593  2089 W A       : Disposing empty manager. Did you forgot to subscribe observables?
06-25 11:58:52.823  1593  2089 W A       : Disposing empty manager. Did you forgot to subscribe observables?
06-25 11:58:52.823  1593  2089 W A       : Disposing empty manager. Did you forgot to subscribe observables?
06-25 11:58:52.823  1593  2089 W A       : Disposing empty manager. Did you forgot to subscribe observables?
06-25 11:58:52.823  1593  2089 W A       : Disposing empty manager. Did you forgot to subscribe observables?
06-25 11:58:52.823  1593  2089 I A       : onOpaVisibilityChanged: false
06-25 11:58:52.823  1593  2089 W A       : Disposing empty manager. Did you forgot to subscribe observables?
06-25 11:58:52.823  1593  2089 W A       : Disposing empty manager. Did you forgot to subscribe observables?
06-25 11:58:52.823  1593  2089 W A       : Disposing empty manager. Did you forgot to subscribe observables?
06-25 11:58:52.823  1593  2089 W A       : Disposing empty manager. Did you forgot to subscribe observables?
06-25 11:58:52.823  1593  2089 W A       : Disposing empty manager. Did you forgot to subscribe observables?
06-25 11:58:52.823  1593  2089 W A       : Disposing empty manager. Did you forgot to subscribe observables?
06-25 11:58:52.824  1593  2089 I A       : Setting session to type: NO_SESSION
06-25 11:58:52.824  1593  2089 W A       : Disposing empty manager. Did you forgot to subscribe observables?
06-25 11:58:52.824  1593  2089 W A       : Disposing empty manager. Did you forgot to subscribe observables?
06-25 11:58:52.824  1050  1074 D SliceBuilder: Creating slice for: com.android.settings.network.AirplaneModePreferenceController
06-25 11:58:52.827   518   518 I ExplicitHealthCheckController: Service initialized, syncing requests
06-25 11:58:52.827   518   518 I PackageWatchdog: Syncing health check requests for packages: {com.android.phone}
06-25 11:58:52.827   518   518 D ExplicitHealthCheckController: Getting health check supported packages
06-25 11:58:52.827   518  1616 I ExplicitHealthCheckController: Explicit health check supported packages [PackageConfig{com.google.android.networkstack, 86400000}]
06-25 11:58:52.828   518  1616 D PackageWatchdog: Received supported packages [PackageConfig{com.google.android.networkstack, 86400000}]
06-25 11:58:52.828   518  1616 I PackageWatchdog: Updated health check state for package com.android.phone: INACTIVE -> PASSED
06-25 11:58:52.828   518  1616 I PackageWatchdog: Syncing state, reason: updated health check supported packages [PackageConfig{com.google.android.networkstack, 86400000}]
06-25 11:58:52.828   518  1616 D ExplicitHealthCheckController: Getting health check requested packages
06-25 11:58:52.828   518   549 I PackageWatchdog: Saving observer state to file
06-25 11:58:52.828   518  1616 I ExplicitHealthCheckController: Explicit health check requested packages []
06-25 11:58:52.829   518  1616 I ExplicitHealthCheckController: No more health check requests, unbinding...
06-25 11:58:52.829   518   518 I PackageWatchdog: Syncing health check requests for packages: {}
06-25 11:58:52.830  1593  2089 W A       : Disposing empty manager. Did you forgot to subscribe observables?
06-25 11:58:52.830  1593  2089 W A       : Disposing empty manager. Did you forgot to subscribe observables?
06-25 11:58:52.830  1593  2089 W A       : Disposing empty manager. Did you forgot to subscribe observables?
06-25 11:58:52.830  1593  2089 W A       : Disposing empty manager. Did you forgot to subscribe observables?
06-25 11:58:52.830  1593  2089 W A       : Disposing empty manager. Did you forgot to subscribe observables?
06-25 11:58:52.830  1593  2089 W A       : Disposing empty manager. Did you forgot to subscribe observables?
06-25 11:58:52.830  1593  2089 I A       : setNavBarVisible: GestureNavBarVisible{navbarVisible=true}
06-25 11:58:52.830  1593  2089 W A       : Disposing empty manager. Did you forgot to subscribe observables?
06-25 11:58:52.831  1593  2089 W A       : Disposing empty manager. Did you forgot to subscribe observables?
06-25 11:58:52.831  1593  2089 W A       : Disposing empty manager. Did you forgot to subscribe observables?
06-25 11:58:52.831  1593  2089 W A       : Disposing empty manager. Did you forgot to subscribe observables?
06-25 11:58:52.831  1593  2089 W A       : Disposing empty manager. Did you forgot to subscribe observables?
06-25 11:58:52.831  1593  2089 W A       : Disposing empty manager. Did you forgot to subscribe observables?
06-25 11:58:52.831  1593  2089 I A       : onDisabled. Registered: false
06-25 11:58:52.832  1593  2089 I A       : State changed: IDLE => IDLE by NGA_STATE_CHANGED and N/A with Optional.empty
06-25 11:58:52.832  1593  2089 I A       : Recognizer choice: (recognizer_type: 1, recognizer_mode: 1, choice_reason: 4)
06-25 11:58:52.833  1593  2089 I A       : onActiveStateChangeEvent: IDLE => IDLE
06-25 11:58:52.833  1593  2089 I A       : #onActiveStateChangeEvent, newState: IDLE, previousState: IDLE.
06-25 11:58:52.836   518  1616 I ExplicitHealthCheckController: Explicit health check service is unbound
06-25 11:58:52.836   518   518 I ExplicitHealthCheckController: Service not ready to get health check supported packages. Binding...
06-25 11:58:52.837   518   518 I ExplicitHealthCheckController: Explicit health check service is bound
06-25 11:58:52.838   518   518 I ExplicitHealthCheckController: Explicit health check service is connected ComponentInfo{com.google.android.ext.services/android.ext.services.watchdog.ExplicitHealthCheckServiceImpl}
06-25 11:58:52.838   518   518 I ExplicitHealthCheckController: Service initialized, syncing requests
06-25 11:58:52.838   518   518 I PackageWatchdog: Syncing health check requests for packages: {}
06-25 11:58:52.838   518   518 D ExplicitHealthCheckController: Getting health check supported packages
06-25 11:58:52.839   518  2263 I ExplicitHealthCheckController: Explicit health check supported packages [PackageConfig{com.google.android.networkstack, 86400000}]
06-25 11:58:52.839   518  2263 D PackageWatchdog: Received supported packages [PackageConfig{com.google.android.networkstack, 86400000}]
06-25 11:58:52.839   518  2263 D ExplicitHealthCheckController: Getting health check requested packages
06-25 11:58:52.840   518  2263 I ExplicitHealthCheckController: Explicit health check requested packages []
06-25 11:58:52.840   518  2263 I ExplicitHealthCheckController: No more health check requests, unbinding...
06-25 11:58:52.840   518  2263 I ExplicitHealthCheckController: Explicit health check service is unbound
06-25 11:58:52.840  1593  2079 I A       : Initialize
06-25 11:58:52.841  1593  2079 I A       : stopListening(NGA_PAUSED_UNKNOWN_REASON, NGA_CREATE), idleOverride=NOT_LISTENING
06-25 11:58:52.841  1593  2079 I A       : on opa visibility changed false
06-25 11:58:52.844   518  2988 W JobScheduler: Job didn't exist in JobStore: c2134f8 #u0a154/7 com.google.android.contacts/com.google.android.apps.contacts.shortcut.ShortcutJobService
06-25 11:58:52.845  1593  2079 I NgaEntryPointEventSendr: setupConnection
06-25 11:58:52.851  5470  6156 I NamespaceManager: Package com.android.refreshratecontrol name not found! Using module version.
06-25 11:58:52.855  1593  2089 I A       : on opa visibility changed false
06-25 11:58:52.855  1593  2079 I NgaEntryPointEventSendr: State changed: Disconnected => Connecting
06-25 11:58:52.857  2859  2859 I A       : Creating pss binder().
06-25 11:58:52.858  1593  2089 I NgaEntryPointEventSendr: onServiceConnected
06-25 11:58:52.859  2859  2898 I A       : Calling beginBinderSession().
06-25 11:58:52.859  2859  2898 I A       : beginBinderSession(): calling binder
06-25 11:58:52.859  1593  2089 I NgaEntryPointEventSendr: State changed: Connecting => Ready
06-25 11:58:52.862  5470  6156 I NamespaceManager: Package com.google.oslo name not found! Using module version.
06-25 11:58:52.862  5470  6156 I NamespaceManager: Package com.android.media name not found! Using module version.
06-25 11:58:52.862  5470  6156 I NamespaceManager: Package com.android.media.swcodec name not found! Using module version.
06-25 11:58:52.863  5470  6156 I NamespaceManager: Package com.android.neuralnetworks name not found! Using module version.
06-25 11:58:52.863  5470  6156 I NamespaceManager: Package com.android.media name not found! Using module version.
06-25 11:58:52.863  5470  6156 I NamespaceManager: Package 1 name not found! Using module version.
06-25 11:58:52.865  1593  1593 V ClearcutMetricXmitter: Transmission is done.
06-25 11:58:52.866  1593  2089 I A       : Successfully initialized all components
06-25 11:58:52.868  1050  4182 D SlicesIndexer: Slices already indexed - returning.
06-25 11:58:52.868  1050  1074 W ElapsedTimeUtils: getElapsedTime: sSuwFinishedTimeStamp is null
06-25 11:58:52.869  1050  2478 D SettingsSliceProvider: content://android.settings.slices/action/battery_saver loaded from cache
06-25 11:58:52.870  5470  6156 I NamespaceManager: Package rkpd name not found! Using module version.
06-25 11:58:52.871  1050  4353 D SliceBuilder: Creating slice for: com.android.settings.fuelgauge.batterysaver.BatterySaverButtonPreferenceController
06-25 11:58:52.871  1050  4182 D SettingsSliceProvider: Built slice (content://android.settings.slices/action/airplane_mode) in: 2
06-25 11:58:52.871  5470  6156 I NamespaceManager: Package android.companion name not found! Using module version.
06-25 11:58:52.876   518  2133 W ActivityManager: Unable to start service Intent { cmp=com.google.android.apps.tachyon/.clientapi.ClientApiService } U=0: not found
06-25 11:58:52.876  5470  6156 I NamespaceManager: Package com.google.android.aicore name not found! Using module version.
06-25 11:58:52.880  5470  6156 I NamespaceManager: Package com.google.android.audioproxy name not found! Using module version.
06-25 11:58:52.882  5470  6156 I NamespaceManager: Package com.google.android.apps.pixel.psi name not found! Using module version.
06-25 11:58:52.882  5470  6156 I NamespaceManager: Package com.google.android.apps.safetycore name not found! Using module version.
06-25 11:58:52.887  5470  6156 I NamespaceManager: Package com.google.android.crashrecovery name not found! Using module version.
06-25 11:58:52.887  5470  6156 I NamespaceManager: Package com.google.android.profiling name not found! Using module version.
06-25 11:58:52.890  5470  6156 I NamespaceManager: Package com.google.android.bt name not found! Using module version.
06-25 11:58:52.890  5470  6156 I NamespaceManager: Package com.google.android.nfcservices name not found! Using module version.
06-25 11:58:52.890  1050  2478 D SlicesIndexer: Slices already indexed - returning.
06-25 11:58:52.890  5470  6156 I NamespaceManager: Package com.google.android.webapp name not found! Using module version.
06-25 11:58:52.890  1050  2478 D SettingsSliceProvider: Built slice (content://android.settings.slices/action/battery_saver) in: 0
06-25 11:58:52.890  5470  6156 I NamespaceManager: Package com.google.android.telephonycore name not found! Using module version.
06-25 11:58:52.890  5470  6156 I NamespaceManager: Package com.google.android.uprobestats name not found! Using module version.
06-25 11:58:52.898  5470  6156 I NamespaceManager: Package com.android.refreshratecontrol name not found! Using module version.
06-25 11:58:52.903  2859  2972 W SearchServiceCore: Abort, client detached.
06-25 11:58:52.905  2859  3859 I PBSessionCacheImpl: Deleted sessionId[12575797363922211] from persistence.
06-25 11:58:52.910  1593  2089 I NgaEntryPointEventSendr: State changed: Ready => Disconnected (onOpaDisconnected)
06-25 11:58:52.913  5470  6156 I NamespaceManager: Package com.google.oslo name not found! Using module version.
06-25 11:58:52.913  5470  6156 I NamespaceManager: Package com.android.media name not found! Using module version.
06-25 11:58:52.913  5470  6156 I NamespaceManager: Package com.android.media.swcodec name not found! Using module version.
06-25 11:58:52.913  5470  6156 I NamespaceManager: Package com.android.neuralnetworks name not found! Using module version.
06-25 11:58:52.913  5470  6156 I NamespaceManager: Package com.android.media name not found! Using module version.
06-25 11:58:52.913  5470  6156 I NamespaceManager: Package 1 name not found! Using module version.
06-25 11:58:52.914  5470  6156 I NamespaceManager: Package rkpd name not found! Using module version.
06-25 11:58:52.914  5470  6156 I NamespaceManager: Package android.companion name not found! Using module version.
06-25 11:58:52.916  5470  6156 I NamespaceManager: Package com.google.android.aicore name not found! Using module version.
06-25 11:58:52.916  5470  6156 I NamespaceManager: Package com.google.android.audioproxy name not found! Using module version.
06-25 11:58:52.916  5470  6156 I NamespaceManager: Package com.google.android.apps.pixel.psi name not found! Using module version.
06-25 11:58:52.918  5470  6156 I NamespaceManager: Package com.google.android.apps.safetycore name not found! Using module version.
06-25 11:58:52.918  5470  6156 I NamespaceManager: Package com.google.android.crashrecovery name not found! Using module version.
06-25 11:58:52.918  5470  6156 I NamespaceManager: Package com.google.android.profiling name not found! Using module version.
06-25 11:58:52.918  5470  6156 I NamespaceManager: Package com.google.android.bt name not found! Using module version.
06-25 11:58:52.918  5470  6156 I NamespaceManager: Package com.google.android.nfcservices name not found! Using module version.
06-25 11:58:52.918  5470  6156 I NamespaceManager: Package com.google.android.webapp name not found! Using module version.
06-25 11:58:52.918  5470  6156 I NamespaceManager: Package com.google.android.telephonycore name not found! Using module version.
06-25 11:58:52.918  5470  6156 I NamespaceManager: Package com.google.android.uprobestats name not found! Using module version.
06-25 11:58:52.920   518   616 I RescueParty: Starting to observe: [com.google.android.apps.nexuslauncher, com.android.settings, com.android.systemui], updated namespace: interaction_jank_monitor
06-25 11:58:52.921   518   549 I PackageWatchdog: Syncing state, reason: observing new packages
06-25 11:58:52.921   518   549 D PackageWatchdog: rescue-party-observer added the following packages to monitor [com.google.android.apps.nexuslauncher, com.android.settings, com.android.systemui]
06-25 11:58:52.921   518   549 I PackageWatchdog: Syncing state, reason: updated observers
06-25 11:58:52.921   518   549 I PackageWatchdog: Not pruning observers, elapsed time: 0ms
06-25 11:58:52.921   518   549 I PackageWatchdog: Saving observer state to file
06-25 11:58:52.926   518   518 I PackageWatchdog: Syncing health check requests for packages: {com.google.android.apps.nexuslauncher, com.android.settings, com.android.systemui}
06-25 11:58:52.926   518   518 I ExplicitHealthCheckController: Service not ready to get health check supported packages. Binding...
06-25 11:58:52.928   518   518 I ExplicitHealthCheckController: Explicit health check service is bound
06-25 11:58:52.930   518   518 I ExplicitHealthCheckController: Explicit health check service is connected ComponentInfo{com.google.android.ext.services/android.ext.services.watchdog.ExplicitHealthCheckServiceImpl}
06-25 11:58:52.930   518   518 I ExplicitHealthCheckController: Service initialized, syncing requests
06-25 11:58:52.930   518   518 I PackageWatchdog: Syncing health check requests for packages: {com.google.android.apps.nexuslauncher, com.android.settings, com.android.systemui}
06-25 11:58:52.930   518   518 D ExplicitHealthCheckController: Getting health check supported packages
06-25 11:58:52.930   518   893 I ExplicitHealthCheckController: Explicit health check supported packages [PackageConfig{com.google.android.networkstack, 86400000}]
06-25 11:58:52.930   518   893 D PackageWatchdog: Received supported packages [PackageConfig{com.google.android.networkstack, 86400000}]
06-25 11:58:52.930   518   893 I PackageWatchdog: Updated health check state for package com.google.android.apps.nexuslauncher: INACTIVE -> PASSED
06-25 11:58:52.930   518   893 I PackageWatchdog: Updated health check state for package com.android.settings: INACTIVE -> PASSED
06-25 11:58:52.930   518   893 I PackageWatchdog: Updated health check state for package com.android.systemui: INACTIVE -> PASSED
06-25 11:58:52.930   518   893 I PackageWatchdog: Syncing state, reason: updated health check supported packages [PackageConfig{com.google.android.networkstack, 86400000}]
06-25 11:58:52.931   518   893 D ExplicitHealthCheckController: Getting health check requested packages
06-25 11:58:52.931   518   893 I ExplicitHealthCheckController: Explicit health check requested packages []
06-25 11:58:52.931   518   893 I ExplicitHealthCheckController: No more health check requests, unbinding...
06-25 11:58:52.931   518   893 I ExplicitHealthCheckController: Explicit health check service is unbound
06-25 11:58:52.932   518   518 I PackageWatchdog: Syncing health check requests for packages: {}
06-25 11:58:52.932   518   518 I ExplicitHealthCheckController: Service not ready to get health check supported packages. Binding...
06-25 11:58:52.933   518   518 I ExplicitHealthCheckController: Explicit health check service is bound
06-25 11:58:52.933   518   549 I PackageWatchdog: Saving observer state to file
06-25 11:58:52.935   518   518 I ExplicitHealthCheckController: Explicit health check service is connected ComponentInfo{com.google.android.ext.services/android.ext.services.watchdog.ExplicitHealthCheckServiceImpl}
06-25 11:58:52.935   518   518 I ExplicitHealthCheckController: Service initialized, syncing requests
06-25 11:58:52.936  5470  6173 I NamespaceManager: Package com.android.refreshratecontrol name not found! Using module version.
06-25 11:58:52.936  5470  6173 I NamespaceManager: Package com.google.oslo name not found! Using module version.
06-25 11:58:52.936  5470  6173 I NamespaceManager: Package com.android.media name not found! Using module version.
06-25 11:58:52.936  5470  6173 I NamespaceManager: Package com.android.media.swcodec name not found! Using module version.
06-25 11:58:52.936  5470  6173 I NamespaceManager: Package com.android.neuralnetworks name not found! Using module version.
06-25 11:58:52.936  5470  6173 I NamespaceManager: Package com.android.media name not found! Using module version.
06-25 11:58:52.936  5470  6173 I NamespaceManager: Package 1 name not found! Using module version.
06-25 11:58:52.936  5470  6173 I NamespaceManager: Package rkpd name not found! Using module version.
06-25 11:58:52.936  5470  6173 I NamespaceManager: Package android.companion name not found! Using module version.
06-25 11:58:52.936  5470  6173 I NamespaceManager: Package com.google.android.aicore name not found! Using module version.
06-25 11:58:52.936  5470  6173 I NamespaceManager: Package com.google.android.audioproxy name not found! Using module version.
06-25 11:58:52.936  5470  6173 I NamespaceManager: Package com.google.android.apps.pixel.psi name not found! Using module version.
06-25 11:58:52.936  5470  6173 I NamespaceManager: Package com.google.android.apps.safetycore name not found! Using module version.
06-25 11:58:52.936  5470  6173 I NamespaceManager: Package com.google.android.crashrecovery name not found! Using module version.
06-25 11:58:52.936  5470  6173 I NamespaceManager: Package com.google.android.profiling name not found! Using module version.
06-25 11:58:52.937  5470  6173 I NamespaceManager: Package com.google.android.bt name not found! Using module version.
06-25 11:58:52.937  5470  6173 I NamespaceManager: Package com.google.android.nfcservices name not found! Using module version.
06-25 11:58:52.937  5470  6173 I NamespaceManager: Package com.google.android.webapp name not found! Using module version.
06-25 11:58:52.937  5470  6173 I NamespaceManager: Package com.google.android.telephonycore name not found! Using module version.
06-25 11:58:52.937  5470  6173 I NamespaceManager: Package com.google.android.uprobestats name not found! Using module version.
06-25 11:58:52.937   518   518 I PackageWatchdog: Syncing health check requests for packages: {}
06-25 11:58:52.937   518   518 D ExplicitHealthCheckController: Getting health check supported packages
06-25 11:58:52.938   518  2133 I ExplicitHealthCheckController: Explicit health check supported packages [PackageConfig{com.google.android.networkstack, 86400000}]
06-25 11:58:52.938   518  2133 D PackageWatchdog: Received supported packages [PackageConfig{com.google.android.networkstack, 86400000}]
06-25 11:58:52.938   518  2133 D ExplicitHealthCheckController: Getting health check requested packages
06-25 11:58:52.939   518  2133 I ExplicitHealthCheckController: Explicit health check requested packages []
06-25 11:58:52.939   518  2133 I ExplicitHealthCheckController: No more health check requests, unbinding...
06-25 11:58:52.941   518  2133 I ExplicitHealthCheckController: Explicit health check service is unbound
06-25 11:58:52.949  5470  6173 I NamespaceManager: Package com.android.refreshratecontrol name not found! Using module version.
06-25 11:58:52.949  5470  6173 I NamespaceManager: Package com.google.oslo name not found! Using module version.
06-25 11:58:52.950  5470  6173 I NamespaceManager: Package com.android.media name not found! Using module version.
06-25 11:58:52.950  5470  6173 I NamespaceManager: Package com.android.media.swcodec name not found! Using module version.
06-25 11:58:52.951  5470  6173 I NamespaceManager: Package com.android.neuralnetworks name not found! Using module version.
06-25 11:58:52.952  5470  6173 I NamespaceManager: Package com.android.media name not found! Using module version.
06-25 11:58:52.953  5470  6173 I NamespaceManager: Package 1 name not found! Using module version.
06-25 11:58:52.954  5470  6173 I NamespaceManager: Package rkpd name not found! Using module version.
06-25 11:58:52.955  5470  6173 I NamespaceManager: Package android.companion name not found! Using module version.
06-25 11:58:52.956  5470  6173 I NamespaceManager: Package com.google.android.aicore name not found! Using module version.
06-25 11:58:52.957  5470  6173 I NamespaceManager: Package com.google.android.audioproxy name not found! Using module version.
