06-25 11:58:55.837  5470  6157 W PhenotypeConfigurationU: bwix: No package exists for config package: com.google.android.gms.dtdi_logging#com.google.android.gms
06-25 11:58:55.837  5470  6157 W PhenotypeConfigurationU: 	at com.google.android.gms.platformconfigurator.PhenotypeConfigurationUpdateListener.b(:com.google.android.gms@231818047@23.18.18 (190800-535401451):6)
06-25 11:58:55.837  5470  6157 W PhenotypeConfigurationU: 	at com.google.android.gms.platformconfigurator.PhenotypeConfigurationUpdateListener.a(:com.google.android.gms@231818047@23.18.18 (190800-535401451):4)
06-25 11:58:55.837  5470  6157 W PhenotypeConfigurationU: 	at com.google.android.gms.platformconfigurator.PhenotypeConfigurationUpdateListener.onHandleIntent(:com.google.android.gms@231818047@23.18.18 (190800-535401451):21)
06-25 11:58:55.837  5470  6157 W PhenotypeConfigurationU: 	at com.google.android.chimera.IntentOperation.onHandleIntent(:com.google.android.gms@231818047@23.18.18 (190800-535401451):2)
06-25 11:58:55.837  5470  6157 W PhenotypeConfigurationU: 	at zhv.onHandleIntent(:com.google.android.gms@231818047@23.18.18 (190800-535401451):4)
06-25 11:58:55.837  5470  6157 W PhenotypeConfigurationU: 	at hjm.run(:com.google.android.gms@231818047@23.18.18 (190800-535401451):3)
06-25 11:58:55.837  5470  6157 W PhenotypeConfigurationU: 	at hjl.run(:com.google.android.gms@231818047@23.18.18 (190800-535401451):11)
06-25 11:58:55.837  5470  6157 W PhenotypeConfigurationU: 	at dfhf.run(:com.google.android.gms@231818047@23.18.18 (190800-535401451):2)
06-25 11:58:55.837  5470  6157 W PhenotypeConfigurationU: 	at java.util.concurrent.ThreadPoolExecutor.runWorker(ThreadPoolExecutor.java:1145)
06-25 11:58:55.837  5470  6157 W PhenotypeConfigurationU: 	at java.util.concurrent.ThreadPoolExecutor$Worker.run(ThreadPoolExecutor.java:644)
06-25 11:58:55.837  5470  6157 W PhenotypeConfigurationU: 	at java.lang.Thread.run(Thread.java:1012)
06-25 11:58:55.840  5470  6157 I NamespaceManager: Package com.android.refreshratecontrol name not found! Using module version.
06-25 11:58:55.840  5470  6157 I NamespaceManager: Package com.google.oslo name not found! Using module version.
06-25 11:58:55.841  5470  6157 I NamespaceManager: Package com.android.media name not found! Using module version.
06-25 11:58:55.841  5470  6157 I NamespaceManager: Package com.android.media.swcodec name not found! Using module version.
06-25 11:58:55.841  5470  6157 I NamespaceManager: Package com.android.neuralnetworks name not found! Using module version.
06-25 11:58:55.841  5470  6157 I NamespaceManager: Package com.android.media name not found! Using module version.
06-25 11:58:55.841  5470  6157 I NamespaceManager: Package 1 name not found! Using module version.
06-25 11:58:55.842  5470  6157 I NamespaceManager: Package rkpd name not found! Using module version.
06-25 11:58:55.842  5470  6157 I NamespaceManager: Package android.companion name not found! Using module version.
06-25 11:58:55.842  5470  6157 I NamespaceManager: Package com.google.android.aicore name not found! Using module version.
06-25 11:58:55.842  5470  6157 I NamespaceManager: Package com.google.android.audioproxy name not found! Using module version.
06-25 11:58:55.842  5470  6157 I NamespaceManager: Package com.google.android.apps.pixel.psi name not found! Using module version.
06-25 11:58:55.843  5470  6157 I NamespaceManager: Package com.google.android.apps.safetycore name not found! Using module version.
06-25 11:58:55.843  5470  6157 I NamespaceManager: Package com.google.android.crashrecovery name not found! Using module version.
06-25 11:58:55.843  5470  6157 I NamespaceManager: Package com.google.android.profiling name not found! Using module version.
06-25 11:58:55.843  5470  6157 I NamespaceManager: Package com.google.android.bt name not found! Using module version.
06-25 11:58:55.843  5470  6157 I NamespaceManager: Package com.google.android.nfcservices name not found! Using module version.
06-25 11:58:55.844  5470  6157 I NamespaceManager: Package com.google.android.webapp name not found! Using module version.
06-25 11:58:55.844  5470  6157 I NamespaceManager: Package com.google.android.telephonycore name not found! Using module version.
06-25 11:58:55.844  5470  6157 I NamespaceManager: Package com.google.android.uprobestats name not found! Using module version.
06-25 11:58:55.844  5470  6157 W PhenotypeConfigurationU: Update for unknown DeviceConfig package com.google.android.gms.lockbox [CONTEXT service_id=204 ]
06-25 11:58:55.844  5470  6157 W PhenotypeConfigurationU: bwix: No package exists for config package: com.google.android.gms.lockbox
06-25 11:58:55.844  5470  6157 W PhenotypeConfigurationU: 	at com.google.android.gms.platformconfigurator.PhenotypeConfigurationUpdateListener.b(:com.google.android.gms@231818047@23.18.18 (190800-535401451):6)
06-25 11:58:55.844  5470  6157 W PhenotypeConfigurationU: 	at com.google.android.gms.platformconfigurator.PhenotypeConfigurationUpdateListener.a(:com.google.android.gms@231818047@23.18.18 (190800-535401451):4)
06-25 11:58:55.844  5470  6157 W PhenotypeConfigurationU: 	at com.google.android.gms.platformconfigurator.PhenotypeConfigurationUpdateListener.onHandleIntent(:com.google.android.gms@231818047@23.18.18 (190800-535401451):21)
06-25 11:58:55.844  5470  6157 W PhenotypeConfigurationU: 	at com.google.android.chimera.IntentOperation.onHandleIntent(:com.google.android.gms@231818047@23.18.18 (190800-535401451):2)
06-25 11:58:55.844  5470  6157 W PhenotypeConfigurationU: 	at zhv.onHandleIntent(:com.google.android.gms@231818047@23.18.18 (190800-535401451):4)
06-25 11:58:55.844  5470  6157 W PhenotypeConfigurationU: 	at hjm.run(:com.google.android.gms@231818047@23.18.18 (190800-535401451):3)
06-25 11:58:55.844  5470  6157 W PhenotypeConfigurationU: 	at hjl.run(:com.google.android.gms@231818047@23.18.18 (190800-535401451):11)
06-25 11:58:55.844  5470  6157 W PhenotypeConfigurationU: 	at dfhf.run(:com.google.android.gms@231818047@23.18.18 (190800-535401451):2)
06-25 11:58:55.844  5470  6157 W PhenotypeConfigurationU: 	at java.util.concurrent.ThreadPoolExecutor.runWorker(ThreadPoolExecutor.java:1145)
06-25 11:58:55.844  5470  6157 W PhenotypeConfigurationU: 	at java.util.concurrent.ThreadPoolExecutor$Worker.run(ThreadPoolExecutor.java:644)
06-25 11:58:55.844  5470  6157 W PhenotypeConfigurationU: 	at java.lang.Thread.run(Thread.java:1012)
06-25 11:58:55.845  5470  6157 I NamespaceManager: Package com.android.refreshratecontrol name not found! Using module version.
06-25 11:58:55.845  5470  6157 I NamespaceManager: Package com.google.oslo name not found! Using module version.
06-25 11:58:55.845  5470  6157 I NamespaceManager: Package com.android.media name not found! Using module version.
06-25 11:58:55.845  5470  6157 I NamespaceManager: Package com.android.media.swcodec name not found! Using module version.
06-25 11:58:55.847  5470  6157 I NamespaceManager: Package com.android.neuralnetworks name not found! Using module version.
06-25 11:58:55.847  5470  6157 I NamespaceManager: Package com.android.media name not found! Using module version.
06-25 11:58:55.847  5470  6157 I NamespaceManager: Package 1 name not found! Using module version.
06-25 11:58:55.848  5470  6157 I NamespaceManager: Package rkpd name not found! Using module version.
06-25 11:58:55.848  5470  6157 I NamespaceManager: Package android.companion name not found! Using module version.
06-25 11:58:55.848  5470  6157 I NamespaceManager: Package com.google.android.aicore name not found! Using module version.
06-25 11:58:55.848  5470  6157 I NamespaceManager: Package com.google.android.audioproxy name not found! Using module version.
06-25 11:58:55.848  5470  6157 I NamespaceManager: Package com.google.android.apps.pixel.psi name not found! Using module version.
06-25 11:58:55.848  5470  6157 I NamespaceManager: Package com.google.android.apps.safetycore name not found! Using module version.
06-25 11:58:55.848  5470  6157 I NamespaceManager: Package com.google.android.crashrecovery name not found! Using module version.
06-25 11:58:55.848  5470  6157 I NamespaceManager: Package com.google.android.profiling name not found! Using module version.
06-25 11:58:55.848  5470  6157 I NamespaceManager: Package com.google.android.bt name not found! Using module version.
06-25 11:58:55.849  5470  6157 I NamespaceManager: Package com.google.android.nfcservices name not found! Using module version.
06-25 11:58:55.849  5470  6157 I NamespaceManager: Package com.google.android.webapp name not found! Using module version.
06-25 11:58:55.849  5470  6157 I NamespaceManager: Package com.google.android.telephonycore name not found! Using module version.
06-25 11:58:55.849  5470  6157 I NamespaceManager: Package com.google.android.uprobestats name not found! Using module version.
06-25 11:58:55.850  5470  6157 W PhenotypeConfigurationU: Update for unknown DeviceConfig package com.google.lighter.android#com.google.android.gms [CONTEXT service_id=204 ]
06-25 11:58:55.850  5470  6157 W PhenotypeConfigurationU: bwix: No package exists for config package: com.google.lighter.android#com.google.android.gms
06-25 11:58:55.850  5470  6157 W PhenotypeConfigurationU: 	at com.google.android.gms.platformconfigurator.PhenotypeConfigurationUpdateListener.b(:com.google.android.gms@231818047@23.18.18 (190800-535401451):6)
06-25 11:58:55.850  5470  6157 W PhenotypeConfigurationU: 	at com.google.android.gms.platformconfigurator.PhenotypeConfigurationUpdateListener.a(:com.google.android.gms@231818047@23.18.18 (190800-535401451):4)
06-25 11:58:55.850  5470  6157 W PhenotypeConfigurationU: 	at com.google.android.gms.platformconfigurator.PhenotypeConfigurationUpdateListener.onHandleIntent(:com.google.android.gms@231818047@23.18.18 (190800-535401451):21)
06-25 11:58:55.850  5470  6157 W PhenotypeConfigurationU: 	at com.google.android.chimera.IntentOperation.onHandleIntent(:com.google.android.gms@231818047@23.18.18 (190800-535401451):2)
06-25 11:58:55.850  5470  6157 W PhenotypeConfigurationU: 	at zhv.onHandleIntent(:com.google.android.gms@231818047@23.18.18 (190800-535401451):4)
06-25 11:58:55.850  5470  6157 W PhenotypeConfigurationU: 	at hjm.run(:com.google.android.gms@231818047@23.18.18 (190800-535401451):3)
06-25 11:58:55.850  5470  6157 W PhenotypeConfigurationU: 	at hjl.run(:com.google.android.gms@231818047@23.18.18 (190800-535401451):11)
06-25 11:58:55.850  5470  6157 W PhenotypeConfigurationU: 	at dfhf.run(:com.google.android.gms@231818047@23.18.18 (190800-535401451):2)
06-25 11:58:55.850  5470  6157 W PhenotypeConfigurationU: 	at java.util.concurrent.ThreadPoolExecutor.runWorker(ThreadPoolExecutor.java:1145)
06-25 11:58:55.850  5470  6157 W PhenotypeConfigurationU: 	at java.util.concurrent.ThreadPoolExecutor$Worker.run(ThreadPoolExecutor.java:644)
06-25 11:58:55.850  5470  6157 W PhenotypeConfigurationU: 	at java.lang.Thread.run(Thread.java:1012)
06-25 11:58:55.854  5470  6157 I NamespaceManager: Package com.android.refreshratecontrol name not found! Using module version.
06-25 11:58:55.854  5470  6157 I NamespaceManager: Package com.google.oslo name not found! Using module version.
06-25 11:58:55.854  5470  6157 I NamespaceManager: Package com.android.media name not found! Using module version.
06-25 11:58:55.854  5470  6157 I NamespaceManager: Package com.android.media.swcodec name not found! Using module version.
06-25 11:58:55.854  5470  6157 I NamespaceManager: Package com.android.neuralnetworks name not found! Using module version.
06-25 11:58:55.854  5470  6157 I NamespaceManager: Package com.android.media name not found! Using module version.
06-25 11:58:55.854  5470  6157 I NamespaceManager: Package 1 name not found! Using module version.
06-25 11:58:55.854  5470  6157 I NamespaceManager: Package rkpd name not found! Using module version.
06-25 11:58:55.854  5470  6157 I NamespaceManager: Package android.companion name not found! Using module version.
06-25 11:58:55.855  5470  6157 I NamespaceManager: Package com.google.android.aicore name not found! Using module version.
06-25 11:58:55.855  5470  6157 I NamespaceManager: Package com.google.android.audioproxy name not found! Using module version.
06-25 11:58:55.855  5470  6157 I NamespaceManager: Package com.google.android.apps.pixel.psi name not found! Using module version.
06-25 11:58:55.855  5470  6157 I NamespaceManager: Package com.google.android.apps.safetycore name not found! Using module version.
06-25 11:58:55.855  5470  6157 I NamespaceManager: Package com.google.android.crashrecovery name not found! Using module version.
06-25 11:58:55.855  5470  6157 I NamespaceManager: Package com.google.android.profiling name not found! Using module version.
06-25 11:58:55.856  5470  6157 I NamespaceManager: Package com.google.android.bt name not found! Using module version.
06-25 11:58:55.856  5470  6157 I NamespaceManager: Package com.google.android.nfcservices name not found! Using module version.
06-25 11:58:55.856  5470  6157 I NamespaceManager: Package com.google.android.webapp name not found! Using module version.
06-25 11:58:55.857  5470  6157 I NamespaceManager: Package com.google.android.telephonycore name not found! Using module version.
06-25 11:58:55.857  5470  6157 I NamespaceManager: Package com.google.android.uprobestats name not found! Using module version.
06-25 11:58:55.857  5470  6157 W PhenotypeConfigurationU: Update for unknown DeviceConfig package com.google.android.gms.people [CONTEXT service_id=204 ]
06-25 11:58:55.857  5470  6157 W PhenotypeConfigurationU: bwix: No package exists for config package: com.google.android.gms.people
06-25 11:58:55.857  5470  6157 W PhenotypeConfigurationU: 	at com.google.android.gms.platformconfigurator.PhenotypeConfigurationUpdateListener.b(:com.google.android.gms@231818047@23.18.18 (190800-535401451):6)
06-25 11:58:55.857  5470  6157 W PhenotypeConfigurationU: 	at com.google.android.gms.platformconfigurator.PhenotypeConfigurationUpdateListener.a(:com.google.android.gms@231818047@23.18.18 (190800-535401451):4)
06-25 11:58:55.857  5470  6157 W PhenotypeConfigurationU: 	at com.google.android.gms.platformconfigurator.PhenotypeConfigurationUpdateListener.onHandleIntent(:com.google.android.gms@231818047@23.18.18 (190800-535401451):21)
06-25 11:58:55.857  5470  6157 W PhenotypeConfigurationU: 	at com.google.android.chimera.IntentOperation.onHandleIntent(:com.google.android.gms@231818047@23.18.18 (190800-535401451):2)
06-25 11:58:55.857  5470  6157 W PhenotypeConfigurationU: 	at zhv.onHandleIntent(:com.google.android.gms@231818047@23.18.18 (190800-535401451):4)
06-25 11:58:55.857  5470  6157 W PhenotypeConfigurationU: 	at hjm.run(:com.google.android.gms@231818047@23.18.18 (190800-535401451):3)
06-25 11:58:55.857  5470  6157 W PhenotypeConfigurationU: 	at hjl.run(:com.google.android.gms@231818047@23.18.18 (190800-535401451):11)
06-25 11:58:55.857  5470  6157 W PhenotypeConfigurationU: 	at dfhf.run(:com.google.android.gms@231818047@23.18.18 (190800-535401451):2)
06-25 11:58:55.857  5470  6157 W PhenotypeConfigurationU: 	at java.util.concurrent.ThreadPoolExecutor.runWorker(ThreadPoolExecutor.java:1145)
06-25 11:58:55.857  5470  6157 W PhenotypeConfigurationU: 	at java.util.concurrent.ThreadPoolExecutor$Worker.run(ThreadPoolExecutor.java:644)
06-25 11:58:55.857  5470  6157 W PhenotypeConfigurationU: 	at java.lang.Thread.run(Thread.java:1012)
06-25 11:58:55.858  5470  6157 I NamespaceManager: Package com.android.refreshratecontrol name not found! Using module version.
06-25 11:58:55.859  5470  6157 I NamespaceManager: Package com.google.oslo name not found! Using module version.
06-25 11:58:55.860  5470  6157 I NamespaceManager: Package com.android.media name not found! Using module version.
06-25 11:58:55.860  5470  6157 I NamespaceManager: Package com.android.media.swcodec name not found! Using module version.
06-25 11:58:55.860  5470  6157 I NamespaceManager: Package com.android.neuralnetworks name not found! Using module version.
06-25 11:58:55.860  5470  6157 I NamespaceManager: Package com.android.media name not found! Using module version.
06-25 11:58:55.860  5470  6157 I NamespaceManager: Package 1 name not found! Using module version.
06-25 11:58:55.860  5470  6157 I NamespaceManager: Package rkpd name not found! Using module version.
06-25 11:58:55.860  5470  6157 I NamespaceManager: Package android.companion name not found! Using module version.
06-25 11:58:55.861  5470  6157 I NamespaceManager: Package com.google.android.aicore name not found! Using module version.
06-25 11:58:55.861  5470  6157 I NamespaceManager: Package com.google.android.audioproxy name not found! Using module version.
06-25 11:58:55.861  5470  6157 I NamespaceManager: Package com.google.android.apps.pixel.psi name not found! Using module version.
06-25 11:58:55.861  5470  6157 I NamespaceManager: Package com.google.android.apps.safetycore name not found! Using module version.
06-25 11:58:55.861  5470  6157 I NamespaceManager: Package com.google.android.crashrecovery name not found! Using module version.
06-25 11:58:55.861  5470  6157 I NamespaceManager: Package com.google.android.profiling name not found! Using module version.
06-25 11:58:55.861  5470  6157 I NamespaceManager: Package com.google.android.bt name not found! Using module version.
06-25 11:58:55.862  5470  6157 I NamespaceManager: Package com.google.android.nfcservices name not found! Using module version.
06-25 11:58:55.862  5470  6157 I NamespaceManager: Package com.google.android.webapp name not found! Using module version.
06-25 11:58:55.862  5470  6157 I NamespaceManager: Package com.google.android.telephonycore name not found! Using module version.
06-25 11:58:55.862  5470  6157 I NamespaceManager: Package com.google.android.uprobestats name not found! Using module version.
06-25 11:58:55.862  5470  6157 W PhenotypeConfigurationU: Update for unknown DeviceConfig package com.google.android.westworld [CONTEXT service_id=204 ]
06-25 11:58:55.862  5470  6157 W PhenotypeConfigurationU: bwix: No package exists for config package: com.google.android.westworld
06-25 11:58:55.862  5470  6157 W PhenotypeConfigurationU: 	at com.google.android.gms.platformconfigurator.PhenotypeConfigurationUpdateListener.b(:com.google.android.gms@231818047@23.18.18 (190800-535401451):6)
06-25 11:58:55.862  5470  6157 W PhenotypeConfigurationU: 	at com.google.android.gms.platformconfigurator.PhenotypeConfigurationUpdateListener.a(:com.google.android.gms@231818047@23.18.18 (190800-535401451):4)
06-25 11:58:55.862  5470  6157 W PhenotypeConfigurationU: 	at com.google.android.gms.platformconfigurator.PhenotypeConfigurationUpdateListener.onHandleIntent(:com.google.android.gms@231818047@23.18.18 (190800-535401451):21)
06-25 11:58:55.862  5470  6157 W PhenotypeConfigurationU: 	at com.google.android.chimera.IntentOperation.onHandleIntent(:com.google.android.gms@231818047@23.18.18 (190800-535401451):2)
06-25 11:58:55.862  5470  6157 W PhenotypeConfigurationU: 	at zhv.onHandleIntent(:com.google.android.gms@231818047@23.18.18 (190800-535401451):4)
06-25 11:58:55.862  5470  6157 W PhenotypeConfigurationU: 	at hjm.run(:com.google.android.gms@231818047@23.18.18 (190800-535401451):3)
06-25 11:58:55.862  5470  6157 W PhenotypeConfigurationU: 	at hjl.run(:com.google.android.gms@231818047@23.18.18 (190800-535401451):11)
06-25 11:58:55.862  5470  6157 W PhenotypeConfigurationU: 	at dfhf.run(:com.google.android.gms@231818047@23.18.18 (190800-535401451):2)
06-25 11:58:55.862  5470  6157 W PhenotypeConfigurationU: 	at java.util.concurrent.ThreadPoolExecutor.runWorker(ThreadPoolExecutor.java:1145)
06-25 11:58:55.862  5470  6157 W PhenotypeConfigurationU: 	at java.util.concurrent.ThreadPoolExecutor$Worker.run(ThreadPoolExecutor.java:644)
06-25 11:58:55.862  5470  6157 W PhenotypeConfigurationU: 	at java.lang.Thread.run(Thread.java:1012)
06-25 11:58:55.881  5470  5470 D CompatibilityChangeReporter: Compat change id reported: 119147584; UID 10132; state: ENABLED
06-25 11:58:55.901  5470  6157 I NamespaceManager: Package com.android.refreshratecontrol name not found! Using module version.
06-25 11:58:55.901  5470  6157 I NamespaceManager: Package com.google.oslo name not found! Using module version.
06-25 11:58:55.902  5470  6157 I NamespaceManager: Package com.android.media name not found! Using module version.
06-25 11:58:55.902  5470  6157 I NamespaceManager: Package com.android.media.swcodec name not found! Using module version.
06-25 11:58:55.902  5470  6157 I NamespaceManager: Package com.android.neuralnetworks name not found! Using module version.
06-25 11:58:55.902  5470  6157 I NamespaceManager: Package com.android.media name not found! Using module version.
06-25 11:58:55.903  5470  6157 I NamespaceManager: Package 1 name not found! Using module version.
06-25 11:58:55.903  5470  6157 I NamespaceManager: Package rkpd name not found! Using module version.
06-25 11:58:55.903  5470  6157 I NamespaceManager: Package android.companion name not found! Using module version.
06-25 11:58:55.903  5470  6157 I NamespaceManager: Package com.google.android.aicore name not found! Using module version.
06-25 11:58:55.903  5470  6157 I NamespaceManager: Package com.google.android.audioproxy name not found! Using module version.
06-25 11:58:55.903  5470  6157 I NamespaceManager: Package com.google.android.apps.pixel.psi name not found! Using module version.
06-25 11:58:55.903  5470  6157 I NamespaceManager: Package com.google.android.apps.safetycore name not found! Using module version.
06-25 11:58:55.904  5470  6157 I NamespaceManager: Package com.google.android.crashrecovery name not found! Using module version.
06-25 11:58:55.904  5470  6157 I NamespaceManager: Package com.google.android.profiling name not found! Using module version.
06-25 11:58:55.904  5470  6157 I NamespaceManager: Package com.google.android.bt name not found! Using module version.
06-25 11:58:55.904  5470  6157 I NamespaceManager: Package com.google.android.nfcservices name not found! Using module version.
06-25 11:58:55.904  5470  6157 I NamespaceManager: Package com.google.android.webapp name not found! Using module version.
06-25 11:58:55.904  5470  6157 I NamespaceManager: Package com.google.android.telephonycore name not found! Using module version.
06-25 11:58:55.904  5470  6157 I NamespaceManager: Package com.google.android.uprobestats name not found! Using module version.
06-25 11:58:55.905  5470  6157 W PhenotypeConfigurationU: Update for unknown DeviceConfig package com.google.android.gms.semanticlocation [CONTEXT service_id=204 ]
06-25 11:58:55.905  5470  6157 W PhenotypeConfigurationU: bwix: No package exists for config package: com.google.android.gms.semanticlocation
06-25 11:58:55.905  5470  6157 W PhenotypeConfigurationU: 	at com.google.android.gms.platformconfigurator.PhenotypeConfigurationUpdateListener.b(:com.google.android.gms@231818047@23.18.18 (190800-535401451):6)
06-25 11:58:55.905  5470  6157 W PhenotypeConfigurationU: 	at com.google.android.gms.platformconfigurator.PhenotypeConfigurationUpdateListener.a(:com.google.android.gms@231818047@23.18.18 (190800-535401451):4)
06-25 11:58:55.905  5470  6157 W PhenotypeConfigurationU: 	at com.google.android.gms.platformconfigurator.PhenotypeConfigurationUpdateListener.onHandleIntent(:com.google.android.gms@231818047@23.18.18 (190800-535401451):21)
06-25 11:58:55.905  5470  6157 W PhenotypeConfigurationU: 	at com.google.android.chimera.IntentOperation.onHandleIntent(:com.google.android.gms@231818047@23.18.18 (190800-535401451):2)
06-25 11:58:55.905  5470  6157 W PhenotypeConfigurationU: 	at zhv.onHandleIntent(:com.google.android.gms@231818047@23.18.18 (190800-535401451):4)
06-25 11:58:55.905  5470  6157 W PhenotypeConfigurationU: 	at hjm.run(:com.google.android.gms@231818047@23.18.18 (190800-535401451):3)
06-25 11:58:55.905  5470  6157 W PhenotypeConfigurationU: 	at hjl.run(:com.google.android.gms@231818047@23.18.18 (190800-535401451):11)
06-25 11:58:55.905  5470  6157 W PhenotypeConfigurationU: 	at dfhf.run(:com.google.android.gms@231818047@23.18.18 (190800-535401451):2)
06-25 11:58:55.905  5470  6157 W PhenotypeConfigurationU: 	at java.util.concurrent.ThreadPoolExecutor.runWorker(ThreadPoolExecutor.java:1145)
06-25 11:58:55.905  5470  6157 W PhenotypeConfigurationU: 	at java.util.concurrent.ThreadPoolExecutor$Worker.run(ThreadPoolExecutor.java:644)
06-25 11:58:55.905  5470  6157 W PhenotypeConfigurationU: 	at java.lang.Thread.run(Thread.java:1012)
06-25 11:58:55.917  5470  6157 I NamespaceManager: Package com.android.refreshratecontrol name not found! Using module version.
06-25 11:58:55.919  5470  6157 I NamespaceManager: Package com.google.oslo name not found! Using module version.
06-25 11:58:55.922  5470  6157 I NamespaceManager: Package com.android.media name not found! Using module version.
06-25 11:58:55.922  5470  6157 I NamespaceManager: Package com.android.media.swcodec name not found! Using module version.
06-25 11:58:55.922  5557  5939 V Backup  : [CustomDownloadSchedulingIO] Received Action: com.google.android.gms.phenotype.com.google.android.gms.backup.COMMITTED
06-25 11:58:55.922  5557  5681 V Backup  : [G1ModuleInitIntentOperation] Flags updated
06-25 11:58:55.922  5557  5681 V Backup  : [G1ModuleInitIntentOperation] Running restore operation is disabled by flag
06-25 11:58:55.922  5557  5681 W ChimeraUtils: Module com.google.android.gms.backup_g1 missing resource null(0)
06-25 11:58:55.923  5557  6438 V Backup  : [ShowPhotosNotifIO] Flag not enabled; returning.
06-25 11:58:55.923  5557  5681 W ChimeraUtils: Module com.google.android.gms.backup_g1 missing resource null(0)
06-25 11:58:55.924  5470  6157 I NamespaceManager: Package com.android.neuralnetworks name not found! Using module version.
06-25 11:58:55.924  5557  5681 W ChimeraUtils: Module com.google.android.gms.backup_g1 missing resource null(0)
06-25 11:58:55.924  5557  5939 V Backup  : [CustomDownloadSchedulingIO] listenToSetupWizardFinishedBroadcast or customBackupDownloadEnableSuwTriggerWithGmsUpdateCheck flag on
06-25 11:58:55.925  5470  6157 I NamespaceManager: Package com.android.media name not found! Using module version.
06-25 11:58:55.925  5470  6157 I NamespaceManager: Package 1 name not found! Using module version.
06-25 11:58:55.925  5470  6157 I NamespaceManager: Package rkpd name not found! Using module version.
06-25 11:58:55.925  5470  6157 I NamespaceManager: Package android.companion name not found! Using module version.
06-25 11:58:55.926  5470  6157 I NamespaceManager: Package com.google.android.aicore name not found! Using module version.
06-25 11:58:55.926  5470  6157 I NamespaceManager: Package com.google.android.audioproxy name not found! Using module version.
06-25 11:58:55.926  5470  6157 I NamespaceManager: Package com.google.android.apps.pixel.psi name not found! Using module version.
06-25 11:58:55.926  5470  6157 I NamespaceManager: Package com.google.android.apps.safetycore name not found! Using module version.
06-25 11:58:55.926  5470  6157 I NamespaceManager: Package com.google.android.crashrecovery name not found! Using module version.
06-25 11:58:55.926  5470  6157 I NamespaceManager: Package com.google.android.profiling name not found! Using module version.
06-25 11:58:55.926  5470  6157 I NamespaceManager: Package com.google.android.bt name not found! Using module version.
06-25 11:58:55.926  5470  6157 I NamespaceManager: Package com.google.android.nfcservices name not found! Using module version.
06-25 11:58:55.926  5470  6157 I NamespaceManager: Package com.google.android.webapp name not found! Using module version.
06-25 11:58:55.926  5470  6157 I NamespaceManager: Package com.google.android.telephonycore name not found! Using module version.
06-25 11:58:55.926  5470  6157 I NamespaceManager: Package com.google.android.uprobestats name not found! Using module version.
06-25 11:58:55.927  5470  6157 W PhenotypeConfigurationU: Update for unknown DeviceConfig package com.google.android.gms.backup [CONTEXT service_id=204 ]
06-25 11:58:55.927  5470  6157 W PhenotypeConfigurationU: bwix: No package exists for config package: com.google.android.gms.backup
06-25 11:58:55.927  5470  6157 W PhenotypeConfigurationU: 	at com.google.android.gms.platformconfigurator.PhenotypeConfigurationUpdateListener.b(:com.google.android.gms@231818047@23.18.18 (190800-535401451):6)
06-25 11:58:55.927  5470  6157 W PhenotypeConfigurationU: 	at com.google.android.gms.platformconfigurator.PhenotypeConfigurationUpdateListener.a(:com.google.android.gms@231818047@23.18.18 (190800-535401451):4)
06-25 11:58:55.927  5470  6157 W PhenotypeConfigurationU: 	at com.google.android.gms.platformconfigurator.PhenotypeConfigurationUpdateListener.onHandleIntent(:com.google.android.gms@231818047@23.18.18 (190800-535401451):21)
06-25 11:58:55.927  5470  6157 W PhenotypeConfigurationU: 	at com.google.android.chimera.IntentOperation.onHandleIntent(:com.google.android.gms@231818047@23.18.18 (190800-535401451):2)
06-25 11:58:55.927  5470  6157 W PhenotypeConfigurationU: 	at zhv.onHandleIntent(:com.google.android.gms@231818047@23.18.18 (190800-535401451):4)
06-25 11:58:55.927  5470  6157 W PhenotypeConfigurationU: 	at hjm.run(:com.google.android.gms@231818047@23.18.18 (190800-535401451):3)
06-25 11:58:55.927  5470  6157 W PhenotypeConfigurationU: 	at hjl.run(:com.google.android.gms@231818047@23.18.18 (190800-535401451):11)
06-25 11:58:55.927  5470  6157 W PhenotypeConfigurationU: 	at dfhf.run(:com.google.android.gms@231818047@23.18.18 (190800-535401451):2)
06-25 11:58:55.927  5470  6157 W PhenotypeConfigurationU: 	at java.util.concurrent.ThreadPoolExecutor.runWorker(ThreadPoolExecutor.java:1145)
06-25 11:58:55.927  5470  6157 W PhenotypeConfigurationU: 	at java.util.concurrent.ThreadPoolExecutor$Worker.run(ThreadPoolExecutor.java:644)
06-25 11:58:55.927  5470  6157 W PhenotypeConfigurationU: 	at java.lang.Thread.run(Thread.java:1012)
06-25 11:58:55.935  5470  6157 I NamespaceManager: Package com.android.refreshratecontrol name not found! Using module version.
06-25 11:58:55.935  5470  6157 I NamespaceManager: Package com.google.oslo name not found! Using module version.
06-25 11:58:55.936  5470  6157 I NamespaceManager: Package com.android.media name not found! Using module version.
06-25 11:58:55.938  5557  5939 W ModuleInitIntentOp: Dropping unexpected action com.google.android.gms.phenotype.COMMITTED
06-25 11:58:55.940  5470  6157 I NamespaceManager: Package com.android.media.swcodec name not found! Using module version.
06-25 11:58:55.940  5470  6157 I NamespaceManager: Package com.android.neuralnetworks name not found! Using module version.
06-25 11:58:55.940  5470  6157 I NamespaceManager: Package com.android.media name not found! Using module version.
06-25 11:58:55.940  5470  6157 I NamespaceManager: Package 1 name not found! Using module version.
06-25 11:58:55.940  5470  6157 I NamespaceManager: Package rkpd name not found! Using module version.
06-25 11:58:55.941  5470  6157 I NamespaceManager: Package android.companion name not found! Using module version.
06-25 11:58:55.941  5470  6157 I NamespaceManager: Package com.google.android.aicore name not found! Using module version.
06-25 11:58:55.941  5470  6157 I NamespaceManager: Package com.google.android.audioproxy name not found! Using module version.
06-25 11:58:55.941  5470  6157 I NamespaceManager: Package com.google.android.apps.pixel.psi name not found! Using module version.
06-25 11:58:55.941  5470  6157 I NamespaceManager: Package com.google.android.apps.safetycore name not found! Using module version.
06-25 11:58:55.942  5470  6157 I NamespaceManager: Package com.google.android.crashrecovery name not found! Using module version.
06-25 11:58:55.942  5470  6157 I NamespaceManager: Package com.google.android.profiling name not found! Using module version.
06-25 11:58:55.943  5470  5641 I PTCommittedOperation: Receive new configuration for com.google.android.gms.auth_account
06-25 11:58:55.944  5557  5681 W ModuleInitIntentOp: Dropping unexpected action com.google.android.gms.phenotype.COMMITTED
06-25 11:58:55.944  5557  5681 W ModuleInitIntentOp: Dropping unexpected action com.google.android.gms.phenotype.COMMITTED
06-25 11:58:55.945  5557  5681 I SyncIntentOperation: Handling the intent: Intent { act=com.google.android.gms.phenotype.COMMITTED flg=0x10 pkg=com.google.android.gms cmp=com.google.android.gms/.chimera.GmsIntentOperationService (has extras) }. [CONTEXT service_id=80 ]
06-25 11:58:55.945  5557  5939 V Backup  : [PhenotypeConfigIO] Phenotype broadcast received for different package
06-25 11:58:55.946  5557  5937 I MdiSyncModule: flag handling is skipping irrelevant intent.
06-25 11:58:55.946  5557  5937 I MlBenchmarkInstaller: Intent: com.google.android.gms.phenotype.COMMITTED [CONTEXT service_id=340 ]
06-25 11:58:55.946  5557  5937 I MlBenchmarkInstaller: COMMITTED Extra package name: com.google.android.gms.auth_account [CONTEXT service_id=340 ]
06-25 11:58:55.946  5557  5937 W ModuleInitIntentOp: Dropping unexpected action com.google.android.gms.phenotype.COMMITTED
06-25 11:58:55.947  5470  6157 I NamespaceManager: Package com.google.android.bt name not found! Using module version.
06-25 11:58:55.949  5470  6157 I NamespaceManager: Package com.google.android.nfcservices name not found! Using module version.
06-25 11:58:55.950  5557  5937 I GmsSyncPolicyEngine: Periodic sync 1 disabled by policy, cancelled.
06-25 11:58:55.950  5470  6157 I NamespaceManager: Package com.google.android.webapp name not found! Using module version.
06-25 11:58:55.951  5470  6157 I NamespaceManager: Package com.google.android.telephonycore name not found! Using module version.
06-25 11:58:55.951  5470  6157 I NamespaceManager: Package com.google.android.uprobestats name not found! Using module version.
06-25 11:58:55.951  5470  6157 W PhenotypeConfigurationU: Update for unknown DeviceConfig package com.google.android.gms.auth_account [CONTEXT service_id=204 ]
06-25 11:58:55.951  5470  6157 W PhenotypeConfigurationU: bwix: No package exists for config package: com.google.android.gms.auth_account
06-25 11:58:55.951  5470  6157 W PhenotypeConfigurationU: 	at com.google.android.gms.platformconfigurator.PhenotypeConfigurationUpdateListener.b(:com.google.android.gms@231818047@23.18.18 (190800-535401451):6)
06-25 11:58:55.951  5470  6157 W PhenotypeConfigurationU: 	at com.google.android.gms.platformconfigurator.PhenotypeConfigurationUpdateListener.a(:com.google.android.gms@231818047@23.18.18 (190800-535401451):4)
06-25 11:58:55.951  5470  6157 W PhenotypeConfigurationU: 	at com.google.android.gms.platformconfigurator.PhenotypeConfigurationUpdateListener.onHandleIntent(:com.google.android.gms@231818047@23.18.18 (190800-535401451):21)
06-25 11:58:55.951  5470  6157 W PhenotypeConfigurationU: 	at com.google.android.chimera.IntentOperation.onHandleIntent(:com.google.android.gms@231818047@23.18.18 (190800-535401451):2)
06-25 11:58:55.951  5470  6157 W PhenotypeConfigurationU: 	at zhv.onHandleIntent(:com.google.android.gms@231818047@23.18.18 (190800-535401451):4)
06-25 11:58:55.951  5470  6157 W PhenotypeConfigurationU: 	at hjm.run(:com.google.android.gms@231818047@23.18.18 (190800-535401451):3)
06-25 11:58:55.951  5470  6157 W PhenotypeConfigurationU: 	at hjl.run(:com.google.android.gms@231818047@23.18.18 (190800-535401451):11)
06-25 11:58:55.951  5470  6157 W PhenotypeConfigurationU: 	at dfhf.run(:com.google.android.gms@231818047@23.18.18 (190800-535401451):2)
06-25 11:58:55.951  5470  6157 W PhenotypeConfigurationU: 	at java.util.concurrent.ThreadPoolExecutor.runWorker(ThreadPoolExecutor.java:1145)
06-25 11:58:55.951  5470  6157 W PhenotypeConfigurationU: 	at java.util.concurrent.ThreadPoolExecutor$Worker.run(ThreadPoolExecutor.java:644)
06-25 11:58:55.951  5470  6157 W PhenotypeConfigurationU: 	at java.lang.Thread.run(Thread.java:1012)
06-25 11:58:55.952  5557  5937 I GmsSyncPolicyEngine: Periodic sync 2 disabled by policy, cancelled.
06-25 11:58:55.956  5557  5681 I LocationHistory: [IntentOperation] Handling action com.google.android.gms.phenotype.COMMITTED [CONTEXT service_id=314 ]
06-25 11:58:55.958  5557  5937 I GmsSyncPolicyEngine: Periodic sync 3 disabled by policy, cancelled.
06-25 11:58:55.972  5470  6157 I NamespaceManager: Package com.android.refreshratecontrol name not found! Using module version.
06-25 11:58:55.972  5470  6157 I NamespaceManager: Package com.google.oslo name not found! Using module version.
06-25 11:58:55.972  5470  6157 I NamespaceManager: Package com.android.media name not found! Using module version.
06-25 11:58:55.972  5470  6157 I NamespaceManager: Package com.android.media.swcodec name not found! Using module version.
06-25 11:58:55.972  5470  6157 I NamespaceManager: Package com.android.neuralnetworks name not found! Using module version.
06-25 11:58:55.972  5470  6157 I NamespaceManager: Package com.android.media name not found! Using module version.
06-25 11:58:55.972  5470  6157 I NamespaceManager: Package 1 name not found! Using module version.
06-25 11:58:55.972  5470  6157 I NamespaceManager: Package rkpd name not found! Using module version.
06-25 11:58:55.972  5470  6157 I NamespaceManager: Package android.companion name not found! Using module version.
06-25 11:58:55.972  5470  6157 I NamespaceManager: Package com.google.android.aicore name not found! Using module version.
06-25 11:58:55.972  5470  6157 I NamespaceManager: Package com.google.android.audioproxy name not found! Using module version.
06-25 11:58:55.972  5470  6157 I NamespaceManager: Package com.google.android.apps.pixel.psi name not found! Using module version.
06-25 11:58:55.972  5470  6157 I NamespaceManager: Package com.google.android.apps.safetycore name not found! Using module version.
06-25 11:58:55.972  5470  6157 I NamespaceManager: Package com.google.android.crashrecovery name not found! Using module version.
06-25 11:58:55.972  5470  6157 I NamespaceManager: Package com.google.android.profiling name not found! Using module version.
06-25 11:58:55.972  5470  6157 I NamespaceManager: Package com.google.android.bt name not found! Using module version.
06-25 11:58:55.973  5470  6157 I NamespaceManager: Package com.google.android.nfcservices name not found! Using module version.
06-25 11:58:55.973  5470  6157 I NamespaceManager: Package com.google.android.webapp name not found! Using module version.
06-25 11:58:55.973  5470  6157 I NamespaceManager: Package com.google.android.telephonycore name not found! Using module version.
06-25 11:58:55.973  5470  6157 I NamespaceManager: Package com.google.android.uprobestats name not found! Using module version.
06-25 11:58:55.973  5470  6157 W PhenotypeConfigurationU: Update for unknown DeviceConfig package com.google.android.location [CONTEXT service_id=204 ]
06-25 11:58:55.973  5470  6157 W PhenotypeConfigurationU: bwix: No package exists for config package: com.google.android.location
06-25 11:58:55.973  5470  6157 W PhenotypeConfigurationU: 	at com.google.android.gms.platformconfigurator.PhenotypeConfigurationUpdateListener.b(:com.google.android.gms@231818047@23.18.18 (190800-535401451):6)
06-25 11:58:55.973  5470  6157 W PhenotypeConfigurationU: 	at com.google.android.gms.platformconfigurator.PhenotypeConfigurationUpdateListener.a(:com.google.android.gms@231818047@23.18.18 (190800-535401451):4)
06-25 11:58:55.973  5470  6157 W PhenotypeConfigurationU: 	at com.google.android.gms.platformconfigurator.PhenotypeConfigurationUpdateListener.onHandleIntent(:com.google.android.gms@231818047@23.18.18 (190800-535401451):21)
06-25 11:58:55.973  5470  6157 W PhenotypeConfigurationU: 	at com.google.android.chimera.IntentOperation.onHandleIntent(:com.google.android.gms@231818047@23.18.18 (190800-535401451):2)
06-25 11:58:55.973  5470  6157 W PhenotypeConfigurationU: 	at zhv.onHandleIntent(:com.google.android.gms@231818047@23.18.18 (190800-535401451):4)
06-25 11:58:55.973  5470  6157 W PhenotypeConfigurationU: 	at hjm.run(:com.google.android.gms@231818047@23.18.18 (190800-535401451):3)
06-25 11:58:55.973  5470  6157 W PhenotypeConfigurationU: 	at hjl.run(:com.google.android.gms@231818047@23.18.18 (190800-535401451):11)
06-25 11:58:55.973  5470  6157 W PhenotypeConfigurationU: 	at dfhf.run(:com.google.android.gms@231818047@23.18.18 (190800-535401451):2)
06-25 11:58:55.973  5470  6157 W PhenotypeConfigurationU: 	at java.util.concurrent.ThreadPoolExecutor.runWorker(ThreadPoolExecutor.java:1145)
06-25 11:58:55.973  5470  6157 W PhenotypeConfigurationU: 	at java.util.concurrent.ThreadPoolExecutor$Worker.run(ThreadPoolExecutor.java:644)
06-25 11:58:55.973  5470  6157 W PhenotypeConfigurationU: 	at java.lang.Thread.run(Thread.java:1012)
06-25 11:58:55.977  5470  5498 E NanoAppLogging: Failed to begin contexthub communication
06-25 11:58:55.979  5557  5937 W ModuleInitIntentOp: Dropping unexpected action com.google.android.gms.phenotype.COMMITTED
06-25 11:58:55.980  5557  5937 V Backup  : [PhenotypeConfigIO] Phenotype broadcast received for different package
06-25 11:58:55.980  5557  5937 I SyncIntentOperation: Handling the intent: Intent { act=com.google.android.gms.phenotype.COMMITTED flg=0x10 pkg=com.google.android.gms cmp=com.google.android.gms/.chimera.GmsIntentOperationService (has extras) }. [CONTEXT service_id=80 ]
06-25 11:58:55.980  5557  5681 W ModuleInitIntentOp: Dropping unexpected action com.google.android.gms.phenotype.COMMITTED
06-25 11:58:55.981  5557  5939 W ModuleInitIntentOp: Dropping unexpected action com.google.android.gms.phenotype.COMMITTED
06-25 11:58:55.981  5557  5939 I MdiSyncModule: flag handling is skipping irrelevant intent.
06-25 11:58:55.981  5557  5681 I MlBenchmarkInstaller: Intent: com.google.android.gms.phenotype.COMMITTED [CONTEXT service_id=340 ]
06-25 11:58:55.981  5557  5681 I MlBenchmarkInstaller: COMMITTED Extra package name: com.google.android.location [CONTEXT service_id=340 ]
06-25 11:58:55.981  5557  5681 W ModuleInitIntentOp: Dropping unexpected action com.google.android.gms.phenotype.COMMITTED
06-25 11:58:55.982  5557  5939 I LocationHistory: [IntentOperation] Handling action com.google.android.gms.phenotype.COMMITTED [CONTEXT service_id=314 ]
06-25 11:58:55.985  5557  5681 I GmsSyncPolicyEngine: Periodic sync 1 disabled by policy, cancelled.
06-25 11:58:55.986  5557  5681 I GmsSyncPolicyEngine: Periodic sync 2 disabled by policy, cancelled.
06-25 11:58:55.987  5557  5681 I GmsSyncPolicyEngine: Periodic sync 3 disabled by policy, cancelled.
06-25 11:58:55.991  5470  6158 I PTCommittedOperation: Receive new configuration for com.google.android.location
06-25 11:58:55.995  5470  6157 I NamespaceManager: Package com.android.refreshratecontrol name not found! Using module version.
06-25 11:58:55.995  5470  6157 I NamespaceManager: Package com.google.oslo name not found! Using module version.
06-25 11:58:55.995  5470  6157 I NamespaceManager: Package com.android.media name not found! Using module version.
06-25 11:58:55.996  5470  6157 I NamespaceManager: Package com.android.media.swcodec name not found! Using module version.
06-25 11:58:55.997  5470  6157 I NamespaceManager: Package com.android.neuralnetworks name not found! Using module version.
06-25 11:58:55.997  5470  6157 I NamespaceManager: Package com.android.media name not found! Using module version.
06-25 11:58:55.997  5470  6157 I NamespaceManager: Package 1 name not found! Using module version.
06-25 11:58:55.998  5470  6157 I NamespaceManager: Package rkpd name not found! Using module version.
06-25 11:58:55.998  5470  6157 I NamespaceManager: Package android.companion name not found! Using module version.
06-25 11:58:55.999  5470  6157 I NamespaceManager: Package com.google.android.aicore name not found! Using module version.
06-25 11:58:56.001  5470  6157 I NamespaceManager: Package com.google.android.audioproxy name not found! Using module version.
06-25 11:58:56.001  5470  6157 I NamespaceManager: Package com.google.android.apps.pixel.psi name not found! Using module version.
06-25 11:58:56.001  5470  6157 I NamespaceManager: Package com.google.android.apps.safetycore name not found! Using module version.
06-25 11:58:56.001  5470  6157 I NamespaceManager: Package com.google.android.crashrecovery name not found! Using module version.
06-25 11:58:56.001  5470  6157 I NamespaceManager: Package com.google.android.profiling name not found! Using module version.
06-25 11:58:56.002  5470  6157 I NamespaceManager: Package com.google.android.bt name not found! Using module version.
06-25 11:58:56.002  5470  6157 I NamespaceManager: Package com.google.android.nfcservices name not found! Using module version.
06-25 11:58:56.002  5470  6157 I NamespaceManager: Package com.google.android.webapp name not found! Using module version.
06-25 11:58:56.002  5470  6157 I NamespaceManager: Package com.google.android.telephonycore name not found! Using module version.
06-25 11:58:56.002  5470  6157 I NamespaceManager: Package com.google.android.uprobestats name not found! Using module version.
06-25 11:58:56.002  5470  6157 W PhenotypeConfigurationU: Update for unknown DeviceConfig package com.google.android.gms.nearby [CONTEXT service_id=204 ]
06-25 11:58:56.002  5470  6157 W PhenotypeConfigurationU: bwix: No package exists for config package: com.google.android.gms.nearby
06-25 11:58:56.002  5470  6157 W PhenotypeConfigurationU: 	at com.google.android.gms.platformconfigurator.PhenotypeConfigurationUpdateListener.b(:com.google.android.gms@231818047@23.18.18 (190800-535401451):6)
06-25 11:58:56.002  5470  6157 W PhenotypeConfigurationU: 	at com.google.android.gms.platformconfigurator.PhenotypeConfigurationUpdateListener.a(:com.google.android.gms@231818047@23.18.18 (190800-535401451):4)
06-25 11:58:56.002  5470  6157 W PhenotypeConfigurationU: 	at com.google.android.gms.platformconfigurator.PhenotypeConfigurationUpdateListener.onHandleIntent(:com.google.android.gms@231818047@23.18.18 (190800-535401451):21)
06-25 11:58:56.002  5470  6157 W PhenotypeConfigurationU: 	at com.google.android.chimera.IntentOperation.onHandleIntent(:com.google.android.gms@231818047@23.18.18 (190800-535401451):2)
06-25 11:58:56.002  5470  6157 W PhenotypeConfigurationU: 	at zhv.onHandleIntent(:com.google.android.gms@231818047@23.18.18 (190800-535401451):4)
06-25 11:58:56.002  5470  6157 W PhenotypeConfigurationU: 	at hjm.run(:com.google.android.gms@231818047@23.18.18 (190800-535401451):3)
06-25 11:58:56.002  5470  6157 W PhenotypeConfigurationU: 	at hjl.run(:com.google.android.gms@231818047@23.18.18 (190800-535401451):11)
06-25 11:58:56.002  5470  6157 W PhenotypeConfigurationU: 	at dfhf.run(:com.google.android.gms@231818047@23.18.18 (190800-535401451):2)
06-25 11:58:56.002  5470  6157 W PhenotypeConfigurationU: 	at java.util.concurrent.ThreadPoolExecutor.runWorker(ThreadPoolExecutor.java:1145)
06-25 11:58:56.002  5470  6157 W PhenotypeConfigurationU: 	at java.util.concurrent.ThreadPoolExecutor$Worker.run(ThreadPoolExecutor.java:644)
06-25 11:58:56.002  5470  6157 W PhenotypeConfigurationU: 	at java.lang.Thread.run(Thread.java:1012)
06-25 11:58:56.003  5470  5636 I NearbyConnections: Runtime state initialization complete. Nearby connections setting is disabled [CONTEXT service_id=54 ]
06-25 11:58:56.004  5470  5495 I NearbyMediums: BluetoothAdapter's name was not set by Nearby Connections, ignoring call to restore default scan mode. [CONTEXT service_id=54 ]
06-25 11:58:56.005  5470  5495 I NearbyMediums: BluetoothAdapter's name was not set by Nearby Connections, ignoring call to restore device name [CONTEXT service_id=54 ]
06-25 11:58:56.006  5557  5939 I NearbyFastPair: TaskSchedulerUtils cancelTask TAG_FOOTPRINTS_PERIODIC_SCHEDULE success. [CONTEXT service_id=265 ]
06-25 11:58:56.007  5557  5939 I NearbyFastPair: TSS cancel footprints recon sync [CONTEXT service_id=265 ]
06-25 11:58:56.007  5557  5939 I NearbyFastPair: TaskSchedulerUtils cancelTask TAG_FOOTPRINTS_RECON_SYNC_SCHEDULE success. [CONTEXT service_id=265 ]
06-25 11:58:56.009  5470  5470 I NearbySharing: ReceiveSurfaceService started [CONTEXT service_id=194 ]
06-25 11:58:56.009  5557  5616 I NearbySharing: onBindSlice failed since shareTargets is empty [CONTEXT service_id=194 ]
06-25 11:58:56.010  5557  5616 I NearbySharing: Granted slice and Uri permissions to android [CONTEXT service_id=194 ]
06-25 11:58:56.010  5557  5937 I NearbySharing: Runtime state initialization complete. Sharing is enabled. [CONTEXT service_id=194 ]
06-25 11:58:56.018  6404  6404 I AccessibilityNodeInfoDumper: Skipping invisible child: android.view.accessibility.AccessibilityNodeInfo@17b39; boundsInParent: Rect(0, 0 - 0, 19); boundsInScreen: Rect(31, 66 - 31, 80); boundsInWindow: Rect(31, 66 - 31, 80); packageName: com.google.android.apps.nexuslauncher; className: android.widget.TextView; text: null; error: null; maxTextLength: -1; stateDescription: null; contentDescription: null; tooltipText: null; containerTitle: null; viewIdResName: com.google.android.apps.nexuslauncher:id/subtitle_text; uniqueId: null; checkable: false; checked: false; focusable: true; focused: false; selected: false; clickable: true; longClickable: false; contextClickable: false; enabled: true; password: false; scrollable: false; importantForAccessibility: true; visible: false; actions: [AccessibilityAction: ACTION_FOCUS - null, AccessibilityAction: ACTION_SELECT - null, AccessibilityAction: ACTION_CLEAR_SELECTION - null, AccessibilityAction: ACTION_CLICK - null, AccessibilityAction: ACTION_ACCESSIBILITY_FOCUS - null, AccessibilityAction: ACTION_SHOW_ON_SCREEN - null]; isTextSelectable: false
06-25 11:58:56.019  6404  6404 W AccessibilityNodeInfoDumper: Fetch time: 3ms
06-25 11:58:56.020  5470  5470 I NearbyFastPair: DynamicSupportModule: doReceive update intent [CONTEXT service_id=265 ]
