06-25 11:58:52.354   518  2985 E AppOps  : 	at android.os.RemoteCallback$1.sendResult(RemoteCallback.java:52)
06-25 11:58:52.354   518  2985 E AppOps  : 	at android.os.IRemoteCallback$Stub.onTransact(IRemoteCallback.java:87)
06-25 11:58:52.354   518  2985 E AppOps  : 	at android.os.Binder.execTransactInternal(Binder.java:1344)
06-25 11:58:52.354   518  2985 E AppOps  : 	at android.os.Binder.execTransact(Binder.java:1275)
06-25 11:58:52.354   518  2985 E AppOps  : Bad call made by uid 1000. Package "android" does not belong to uid 10190.
06-25 11:58:52.354   518  2985 E AppOps  : Cannot checkOperation
06-25 11:58:52.354   518  2985 E AppOps  : java.lang.SecurityException: Specified package "android" under uid 10190 but it is not
06-25 11:58:52.354   518  2985 E AppOps  : 	at com.android.server.appop.AppOpsService.verifyAndGetBypass(AppOpsService.java:3886)
06-25 11:58:52.354   518  2985 E AppOps  : 	at com.android.server.appop.AppOpsService.verifyAndGetBypass(AppOpsService.java:3746)
06-25 11:58:52.354   518  2985 E AppOps  : 	at com.android.server.appop.AppOpsService.verifyAndGetBypass(AppOpsService.java:3738)
06-25 11:58:52.354   518  2985 E AppOps  : 	at com.android.server.appop.AppOpsService.checkOperationUnchecked(AppOpsService.java:2417)
06-25 11:58:52.354   518  2985 E AppOps  : 	at com.android.server.appop.AppOpsService.checkOperationImpl(AppOpsService.java:2400)
06-25 11:58:52.354   518  2985 E AppOps  : 	at com.android.server.appop.AppOpsService.-$$Nest$mcheckOperationImpl(AppOpsService.java:0)
06-25 11:58:52.354   518  2985 E AppOps  : 	at com.android.server.appop.AppOpsService$CheckOpsDelegateDispatcher.$r8$lambda$fx57Sum-uA3sXo7NCFwrI3iq4WM(AppOpsService.java:0)
06-25 11:58:52.354   518  2985 E AppOps  : 	at com.android.server.appop.AppOpsService$CheckOpsDelegateDispatcher$$ExternalSyntheticLambda9.apply(R8$$SyntheticClass:0)
06-25 11:58:52.354   518  2985 E AppOps  : 	at com.android.server.policy.AppOpsPolicy.checkOperation(AppOpsPolicy.java:221)
06-25 11:58:52.354   518  2985 E AppOps  : 	at com.android.server.appop.AppOpsService$CheckOpsDelegateDispatcher.checkOperation(AppOpsService.java:6389)
06-25 11:58:52.354   518  2985 E AppOps  : 	at com.android.server.appop.AppOpsService.checkOperation(AppOpsService.java:2385)
06-25 11:58:52.354   518  2985 E AppOps  : 	at android.app.AppOpsManager.checkOpNoThrow(AppOpsManager.java:8681)
06-25 11:58:52.354   518  2985 E AppOps  : 	at com.android.server.am.ActiveServices.shouldAllowFgsStartForegroundNoBindingCheckLocked(ActiveServices.java:7977)
06-25 11:58:52.354   518  2985 E AppOps  : 	at com.android.server.am.ActiveServices.shouldAllowFgsStartForegroundWithBindingCheckLocked(ActiveServices.java:7795)
06-25 11:58:52.354   518  2985 E AppOps  : 	at com.android.server.am.ActiveServices.setFgsRestrictionLocked(ActiveServices.java:7474)
06-25 11:58:52.354   518  2985 E AppOps  : 	at com.android.server.am.ActiveServices.bindServiceLocked(ActiveServices.java:3744)
06-25 11:58:52.354   518  2985 E AppOps  : 	at com.android.server.am.ActivityManagerService.bindServiceInstance(ActivityManagerService.java:13404)
06-25 11:58:52.354   518  2985 E AppOps  : 	at com.android.server.am.ActivityManagerService.bindServiceInstance(ActivityManagerService.java:13368)
06-25 11:58:52.354   518  2985 E AppOps  : 	at android.app.ContextImpl.bindServiceCommon(ContextImpl.java:2127)
06-25 11:58:52.354   518  2985 E AppOps  : 	at android.app.ContextImpl.bindServiceAsUser(ContextImpl.java:2040)
06-25 11:58:52.354   518  2985 E AppOps  : 	at com.android.server.ExplicitHealthCheckController.bindService(ExplicitHealthCheckController.java:345)
06-25 11:58:52.354   518  2985 E AppOps  : 	at com.android.server.ExplicitHealthCheckController.prepareServiceLocked(ExplicitHealthCheckController.java:450)
06-25 11:58:52.354   518  2985 E AppOps  : 	at com.android.server.ExplicitHealthCheckController.getRequestedPackages(ExplicitHealthCheckController.java:268)
06-25 11:58:52.354   518  2985 E AppOps  : 	at com.android.server.ExplicitHealthCheckController.lambda$syncRequests$3(ExplicitHealthCheckController.java:153)
06-25 11:58:52.354   518  2985 E AppOps  : 	at com.android.server.ExplicitHealthCheckController.$r8$lambda$e0trryK6lMIa0Oyq_R_L8I9fbPU(ExplicitHealthCheckController.java:0)
06-25 11:58:52.354   518  2985 E AppOps  : 	at com.android.server.ExplicitHealthCheckController$$ExternalSyntheticLambda0.accept(R8$$SyntheticClass:0)
06-25 11:58:52.354   518  2985 E AppOps  : 	at com.android.server.ExplicitHealthCheckController.lambda$getSupportedPackages$4(ExplicitHealthCheckController.java:251)
06-25 11:58:52.354   518  2985 E AppOps  : 	at com.android.server.ExplicitHealthCheckController.$r8$lambda$SRa9fw8RTJfzefVJ1-zsa9_9yG0(ExplicitHealthCheckController.java:0)
06-25 11:58:52.354   518  2985 E AppOps  : 	at com.android.server.ExplicitHealthCheckController$$ExternalSyntheticLambda1.onResult(R8$$SyntheticClass:0)
06-25 11:58:52.354   518  2985 E AppOps  : 	at android.os.RemoteCallback.sendResult(RemoteCallback.java:75)
06-25 11:58:52.354   518  2985 E AppOps  : 	at android.os.RemoteCallback$1.sendResult(RemoteCallback.java:52)
06-25 11:58:52.354   518  2985 E AppOps  : 	at android.os.IRemoteCallback$Stub.onTransact(IRemoteCallback.java:87)
06-25 11:58:52.354   518  2985 E AppOps  : 	at android.os.Binder.execTransactInternal(Binder.java:1344)
06-25 11:58:52.354   518  2985 E AppOps  : 	at android.os.Binder.execTransact(Binder.java:1275)
06-25 11:58:52.354   518  2985 I ExplicitHealthCheckController: Explicit health check service is bound
06-25 11:58:52.356   518   518 I ExplicitHealthCheckController: Explicit health check service is connected ComponentInfo{com.google.android.ext.services/android.ext.services.watchdog.ExplicitHealthCheckServiceImpl}
06-25 11:58:52.356   518   518 I ExplicitHealthCheckController: Service initialized, syncing requests
06-25 11:58:52.356   518   518 I PackageWatchdog: Syncing health check requests for packages: {}
06-25 11:58:52.356   518   518 D ExplicitHealthCheckController: Getting health check supported packages
06-25 11:58:52.356   518   893 I ExplicitHealthCheckController: Explicit health check supported packages [PackageConfig{com.google.android.networkstack, 86400000}]
06-25 11:58:52.356   518   893 D PackageWatchdog: Received supported packages [PackageConfig{com.google.android.networkstack, 86400000}]
06-25 11:58:52.356   518   893 D ExplicitHealthCheckController: Getting health check requested packages
06-25 11:58:52.357   518   893 I ExplicitHealthCheckController: Explicit health check requested packages []
06-25 11:58:52.357   518   893 I ExplicitHealthCheckController: No more health check requests, unbinding...
06-25 11:58:52.358   518   893 I ExplicitHealthCheckController: Explicit health check service is unbound
06-25 11:58:52.366  5470  5643 I NamespaceManager: Package com.android.refreshratecontrol name not found! Using module version.
06-25 11:58:52.366  5470  5643 I NamespaceManager: Package com.google.oslo name not found! Using module version.
06-25 11:58:52.367  5470  5643 I NamespaceManager: Package com.android.media name not found! Using module version.
06-25 11:58:52.367  5470  5643 I NamespaceManager: Package com.android.media.swcodec name not found! Using module version.
06-25 11:58:52.367  5470  5643 I NamespaceManager: Package com.android.neuralnetworks name not found! Using module version.
06-25 11:58:52.367  5470  5643 I NamespaceManager: Package com.android.media name not found! Using module version.
06-25 11:58:52.367  5470  5643 I NamespaceManager: Package 1 name not found! Using module version.
06-25 11:58:52.368  5470  5643 I NamespaceManager: Package rkpd name not found! Using module version.
06-25 11:58:52.368  5470  5643 I NamespaceManager: Package android.companion name not found! Using module version.
06-25 11:58:52.368  5470  5643 I NamespaceManager: Package com.google.android.aicore name not found! Using module version.
06-25 11:58:52.368  5470  5643 I NamespaceManager: Package com.google.android.audioproxy name not found! Using module version.
06-25 11:58:52.368  5470  5643 I NamespaceManager: Package com.google.android.apps.pixel.psi name not found! Using module version.
06-25 11:58:52.368  5470  5643 I NamespaceManager: Package com.google.android.apps.safetycore name not found! Using module version.
06-25 11:58:52.368  5470  5643 I NamespaceManager: Package com.google.android.crashrecovery name not found! Using module version.
06-25 11:58:52.368  5470  5643 I NamespaceManager: Package com.google.android.profiling name not found! Using module version.
06-25 11:58:52.369  5470  5643 I NamespaceManager: Package com.google.android.bt name not found! Using module version.
06-25 11:58:52.369  5470  5643 I NamespaceManager: Package com.google.android.nfcservices name not found! Using module version.
06-25 11:58:52.369  5470  5643 I NamespaceManager: Package com.google.android.webapp name not found! Using module version.
06-25 11:58:52.369  5470  5643 I NamespaceManager: Package com.google.android.telephonycore name not found! Using module version.
06-25 11:58:52.369  5470  5643 I NamespaceManager: Package com.google.android.uprobestats name not found! Using module version.
06-25 11:58:52.389  1571  2000 I AiAiNowPlaying: Now Playing config changed. Refreshing FA controller
06-25 11:58:52.399  5470  5643 I NamespaceManager: Package com.android.refreshratecontrol name not found! Using module version.
06-25 11:58:52.399  5470  5643 I NamespaceManager: Package com.google.oslo name not found! Using module version.
06-25 11:58:52.399  5470  5643 I NamespaceManager: Package com.android.media name not found! Using module version.
06-25 11:58:52.399  5470  5643 I NamespaceManager: Package com.android.media.swcodec name not found! Using module version.
06-25 11:58:52.399  5470  5643 I NamespaceManager: Package com.android.neuralnetworks name not found! Using module version.
06-25 11:58:52.399  5470  5643 I NamespaceManager: Package com.android.media name not found! Using module version.
06-25 11:58:52.399  5470  5643 I NamespaceManager: Package 1 name not found! Using module version.
06-25 11:58:52.399  5470  5643 I NamespaceManager: Package rkpd name not found! Using module version.
06-25 11:58:52.399  5470  5643 I NamespaceManager: Package android.companion name not found! Using module version.
06-25 11:58:52.399  5470  5643 I NamespaceManager: Package com.google.android.aicore name not found! Using module version.
06-25 11:58:52.399  5470  5643 I NamespaceManager: Package com.google.android.audioproxy name not found! Using module version.
06-25 11:58:52.400  5470  5643 I NamespaceManager: Package com.google.android.apps.pixel.psi name not found! Using module version.
06-25 11:58:52.400  5470  5643 I NamespaceManager: Package com.google.android.apps.safetycore name not found! Using module version.
06-25 11:58:52.400  5470  5643 I NamespaceManager: Package com.google.android.crashrecovery name not found! Using module version.
06-25 11:58:52.400  5470  5643 I NamespaceManager: Package com.google.android.profiling name not found! Using module version.
06-25 11:58:52.400  5470  5643 I NamespaceManager: Package com.google.android.bt name not found! Using module version.
06-25 11:58:52.400  5470  5643 I NamespaceManager: Package com.google.android.nfcservices name not found! Using module version.
06-25 11:58:52.400  5470  5643 I NamespaceManager: Package com.google.android.webapp name not found! Using module version.
06-25 11:58:52.400  5470  5643 I NamespaceManager: Package com.google.android.telephonycore name not found! Using module version.
06-25 11:58:52.401  5470  5643 I NamespaceManager: Package com.google.android.uprobestats name not found! Using module version.
06-25 11:58:52.405   518   893 D PackageManager: Instant App installer not found with android.intent.action.INSTALL_INSTANT_APP_PACKAGE
06-25 11:58:52.405   518   893 D PackageManager: Clear ephemeral installer activity
06-25 11:58:52.408   518   893 D PackageManager: Instant App installer not found with android.intent.action.INSTALL_INSTANT_APP_PACKAGE
06-25 11:58:52.408   518   893 D PackageManager: Clear ephemeral installer activity
06-25 11:58:52.415  5470  5643 I NamespaceManager: Package com.android.refreshratecontrol name not found! Using module version.
06-25 11:58:52.415  5470  5643 I NamespaceManager: Package com.google.oslo name not found! Using module version.
06-25 11:58:52.415  5470  5643 I NamespaceManager: Package com.android.media name not found! Using module version.
06-25 11:58:52.416  5470  5643 I NamespaceManager: Package com.android.media.swcodec name not found! Using module version.
06-25 11:58:52.416  5470  5643 I NamespaceManager: Package com.android.neuralnetworks name not found! Using module version.
06-25 11:58:52.416  5470  5643 I NamespaceManager: Package com.android.media name not found! Using module version.
06-25 11:58:52.416  5470  5643 I NamespaceManager: Package 1 name not found! Using module version.
06-25 11:58:52.417  5470  5643 I NamespaceManager: Package rkpd name not found! Using module version.
06-25 11:58:52.417  5470  5643 I NamespaceManager: Package android.companion name not found! Using module version.
06-25 11:58:52.417  5470  5643 I NamespaceManager: Package com.google.android.aicore name not found! Using module version.
06-25 11:58:52.417  5470  5643 I NamespaceManager: Package com.google.android.audioproxy name not found! Using module version.
06-25 11:58:52.418  5470  5643 I NamespaceManager: Package com.google.android.apps.pixel.psi name not found! Using module version.
06-25 11:58:52.418  5470  5643 I NamespaceManager: Package com.google.android.apps.safetycore name not found! Using module version.
06-25 11:58:52.418  5470  5643 I NamespaceManager: Package com.google.android.crashrecovery name not found! Using module version.
06-25 11:58:52.419  5470  5643 I NamespaceManager: Package com.google.android.profiling name not found! Using module version.
06-25 11:58:52.419  5470  5643 I NamespaceManager: Package com.google.android.bt name not found! Using module version.
06-25 11:58:52.419  5470  5643 I NamespaceManager: Package com.google.android.nfcservices name not found! Using module version.
06-25 11:58:52.419  5470  5643 I NamespaceManager: Package com.google.android.webapp name not found! Using module version.
06-25 11:58:52.419  5470  5643 I NamespaceManager: Package com.google.android.telephonycore name not found! Using module version.
06-25 11:58:52.419  5470  5643 I NamespaceManager: Package com.google.android.uprobestats name not found! Using module version.
06-25 11:58:52.428  1571  2000 I ModelReloader: Cancelled all jobs.
06-25 11:58:52.428  1571  2000 I AmbientMusicServiceMana: Unloading model 9f6ad62a-1f0b-11e7-87c5-40a8f03d3f15
06-25 11:58:52.428  1571  2000 I SoundTriggerManagerComp: Unloading model 9f6ad62a-1f0b-11e7-87c5-40a8f03d3f15
06-25 11:58:52.429  1571  2000 E AmbientMusicServiceMana: oxe: java.lang.reflect.InvocationTargetException
06-25 11:58:52.429  1571  2000 E AmbientMusicServiceMana: 	at oxf.c(PG:3)
06-25 11:58:52.429  1571  2000 E AmbientMusicServiceMana: 	at onp.v(PG:2)
06-25 11:58:52.429  1571  2000 E AmbientMusicServiceMana: 	at onp.e(PG:10)
06-25 11:58:52.429  1571  2000 E AmbientMusicServiceMana: 	at onn.a(PG:2)
06-25 11:58:52.429  1571  2000 E AmbientMusicServiceMana: 	at hdv.a(PG:55)
06-25 11:58:52.429  1571  2000 E AmbientMusicServiceMana: 	at jou.f(PG:3)
06-25 11:58:52.429  1571  2000 E AmbientMusicServiceMana: 	at jfz.e(Unknown Source:6)
06-25 11:58:52.429  1571  2000 E AmbientMusicServiceMana: 	at byg.a(PG:2)
06-25 11:58:52.429  1571  2000 E AmbientMusicServiceMana: 	at jed.run(PG:39)
06-25 11:58:52.429  1571  2000 E AmbientMusicServiceMana: 	at oek.execute(Unknown Source:0)
06-25 11:58:52.429  1571  2000 E AmbientMusicServiceMana: 	at jgo.onPropertiesChanged(PG:3)
06-25 11:58:52.429  1571  2000 E AmbientMusicServiceMana: 	at android.provider.DeviceConfig.lambda$handleChange$0(DeviceConfig.java:1466)
06-25 11:58:52.429  1571  2000 E AmbientMusicServiceMana: 	at android.provider.DeviceConfig$$ExternalSyntheticLambda0.run(Unknown Source:4)
06-25 11:58:52.429  1571  2000 E AmbientMusicServiceMana: 	at java.util.concurrent.Executors$RunnableAdapter.call(Executors.java:487)
06-25 11:58:52.429  1571  2000 E AmbientMusicServiceMana: 	at java.util.concurrent.FutureTask.run(FutureTask.java:264)
06-25 11:58:52.429  1571  2000 E AmbientMusicServiceMana: 	at java.util.concurrent.ScheduledThreadPoolExecutor$ScheduledFutureTask.run(ScheduledThreadPoolExecutor.java:307)
06-25 11:58:52.429  1571  2000 E AmbientMusicServiceMana: 	at java.util.concurrent.ThreadPoolExecutor.runWorker(ThreadPoolExecutor.java:1145)
06-25 11:58:52.429  1571  2000 E AmbientMusicServiceMana: 	at java.util.concurrent.ThreadPoolExecutor$Worker.run(ThreadPoolExecutor.java:644)
06-25 11:58:52.429  1571  2000 E AmbientMusicServiceMana: 	at dgq.run(PG:67)
06-25 11:58:52.429  1571  2000 E AmbientMusicServiceMana: 	at java.lang.Thread.run(Thread.java:1012)
06-25 11:58:52.429  1571  2000 E AmbientMusicServiceMana: Caused by: java.lang.reflect.InvocationTargetException
06-25 11:58:52.429  1571  2000 E AmbientMusicServiceMana: 	at java.lang.reflect.Method.invoke(Native Method)
06-25 11:58:52.429  1571  2000 E AmbientMusicServiceMana: 	at oxf.c(PG:2)
06-25 11:58:52.429  1571  2000 E AmbientMusicServiceMana: 	... 19 more
06-25 11:58:52.429  1571  2000 E AmbientMusicServiceMana: Caused by: java.lang.IllegalStateException: No underlying SoundTriggerModule available
06-25 11:58:52.429  1571  2000 E AmbientMusicServiceMana: 	at android.media.soundtrigger.SoundTriggerManager.deleteModel(SoundTriggerManager.java:264)
06-25 11:58:52.429  1571  2000 E AmbientMusicServiceMana: 	... 21 more
06-25 11:58:52.430   518   893 D PackageManager: Instant App installer not found with android.intent.action.INSTALL_INSTANT_APP_PACKAGE
06-25 11:58:52.430   518   893 D PackageManager: Clear ephemeral installer activity
06-25 11:58:52.430  1571  3144 I AiAiEcho: Settings changed for uri: content://settings/secure/now_playing_enabled
06-25 11:58:52.431  5470  5476 I .gms.persistent: Background concurrent copying GC freed 322005(15MB) AllocSpace objects, 22(1044KB) LOS objects, 49% free, 16MB/32MB, paused 999us,448us total 315.661ms
06-25 11:58:52.432   336  6273 I resolv  : GetAddrInfoHandler::run: {101 786533 101 983141 10132 0}
06-25 11:58:52.432  3074  3116 D TrafficStats: tagSocket(122) with statsTag=0x1809, statsUid=-1
06-25 11:58:52.433  1571  1768 I AiAiEcho: Predicting[0]: 
06-25 11:58:52.433  1571  1768 I AiAiEcho: EchoTargets: 
06-25 11:58:52.433  1571  1768 I AiAiEcho: Filtered by AiAi flag check: 
06-25 11:58:52.433  1571  1768 I AiAiEcho: Ranked targets strategy: SORT, count: 0, ranking metadata: 
06-25 11:58:52.433  1571  1768 I AiAiEcho: Predicting[0]: 
06-25 11:58:52.433  1571  1768 I AiAiEcho: EchoTargets: 
06-25 11:58:52.433  1571  1768 I AiAiEcho: Filtered by AiAi flag check: 
06-25 11:58:52.433  1571  1768 I AiAiEcho: Ranked targets strategy: SORT, count: 0, ranking metadata: 
06-25 11:58:52.434  3074  3116 D TrafficStats: tagSocket(122) with statsTag=0x1809, statsUid=-1
06-25 11:58:52.434  1571  1768 I AiAiEcho: #postPredictionTargets: Sending updates to UISurface lockscreen with targets# 0 (types=[])
06-25 11:58:52.434  1571  1768 I AiAiEcho: #postPredictionTargets: Sending updates to UISurface home with targets# 0 (types=[])
06-25 11:58:52.436  3074  3116 D TrafficStats: tagSocket(122) with statsTag=0x1809, statsUid=-1
06-25 11:58:52.437   831   831 W PageIndicator: Total number of pages invalid: 0. Assuming 1 page.
06-25 11:58:52.437  3074  3116 W libc    : Access denied finding property "persist.adb.tls_server.enable"
06-25 11:58:52.438  3074  3116 W libc    : Access denied finding property "service.adb.tls.port"
06-25 11:58:52.436  3074  3074 W binder:3074_3: type=1400 audit(0.0:61): avc:  denied  { read } for  name="u:object_r:system_adbd_prop:s0" dev="tmpfs" ino=292 scontext=u:r:gmscore_app:s0:c512,c768 tcontext=u:object_r:system_adbd_prop:s0 tclass=file permissive=0 app=com.google.android.gms
06-25 11:58:52.436  3074  3074 W binder:3074_3: type=1400 audit(0.0:62): avc:  denied  { read } for  name="u:object_r:adbd_prop:s0" dev="tmpfs" ino=60 scontext=u:r:gmscore_app:s0:c512,c768 tcontext=u:object_r:adbd_prop:s0 tclass=file permissive=0 app=com.google.android.gms
06-25 11:58:52.450  5470  5643 I NamespaceManager: Package com.android.refreshratecontrol name not found! Using module version.
06-25 11:58:52.450  5470  5643 I NamespaceManager: Package com.google.oslo name not found! Using module version.
06-25 11:58:52.450  5470  5643 I NamespaceManager: Package com.android.media name not found! Using module version.
06-25 11:58:52.450  5470  5643 I NamespaceManager: Package com.android.media.swcodec name not found! Using module version.
06-25 11:58:52.452  5470  5643 I NamespaceManager: Package com.android.neuralnetworks name not found! Using module version.
06-25 11:58:52.452  5470  5643 I NamespaceManager: Package com.android.media name not found! Using module version.
06-25 11:58:52.452  5470  5643 I NamespaceManager: Package 1 name not found! Using module version.
06-25 11:58:52.454  5470  5643 I NamespaceManager: Package rkpd name not found! Using module version.
06-25 11:58:52.455  5470  5643 I NamespaceManager: Package android.companion name not found! Using module version.
06-25 11:58:52.457  5470  5643 I NamespaceManager: Package com.google.android.aicore name not found! Using module version.
06-25 11:58:52.458  5470  5643 I NamespaceManager: Package com.google.android.audioproxy name not found! Using module version.
06-25 11:58:52.460  5470  5643 I NamespaceManager: Package com.google.android.apps.pixel.psi name not found! Using module version.
06-25 11:58:52.471  4922  4966 W IndexDataConverter: Skipping null deep link for raw indexable com.android.settings/Google
06-25 11:58:52.476  5470  5643 I NamespaceManager: Package com.google.android.apps.safetycore name not found! Using module version.
06-25 11:58:52.476  5470  5643 I NamespaceManager: Package com.google.android.crashrecovery name not found! Using module version.
06-25 11:58:52.476  5470  5643 I NamespaceManager: Package com.google.android.profiling name not found! Using module version.
06-25 11:58:52.476  5470  5643 I NamespaceManager: Package com.google.android.bt name not found! Using module version.
06-25 11:58:52.476  5470  5643 I NamespaceManager: Package com.google.android.nfcservices name not found! Using module version.
06-25 11:58:52.476  5470  5643 I NamespaceManager: Package com.google.android.webapp name not found! Using module version.
06-25 11:58:52.476  5470  5643 I NamespaceManager: Package com.google.android.telephonycore name not found! Using module version.
06-25 11:58:52.476  5470  5643 I NamespaceManager: Package com.google.android.uprobestats name not found! Using module version.
06-25 11:58:52.481  4922  4966 W SQLiteLog: (28) double-quoted string literal: "cmc_consent_key"
06-25 11:58:52.485  4922  4966 W SQLiteLog: (28) double-quoted string literal: "cmc_consent_key"
06-25 11:58:52.490  5470  5636 I NamespaceManager: Package com.android.refreshratecontrol name not found! Using module version.
06-25 11:58:52.493  5470  5636 I NamespaceManager: Package com.google.oslo name not found! Using module version.
06-25 11:58:52.495  5470  5636 I NamespaceManager: Package com.android.media name not found! Using module version.
06-25 11:58:52.495  5470  5636 I NamespaceManager: Package com.android.media.swcodec name not found! Using module version.
06-25 11:58:52.500  5470  5636 I NamespaceManager: Package com.android.neuralnetworks name not found! Using module version.
06-25 11:58:52.500  5470  5636 I NamespaceManager: Package com.android.media name not found! Using module version.
06-25 11:58:52.501  5470  5636 I NamespaceManager: Package 1 name not found! Using module version.
06-25 11:58:52.501  5470  5636 I NamespaceManager: Package rkpd name not found! Using module version.
06-25 11:58:52.501  5470  5636 I NamespaceManager: Package android.companion name not found! Using module version.
06-25 11:58:52.501  5470  5636 I NamespaceManager: Package com.google.android.aicore name not found! Using module version.
06-25 11:58:52.501  5470  5636 I NamespaceManager: Package com.google.android.audioproxy name not found! Using module version.
06-25 11:58:52.504  5470  5636 I NamespaceManager: Package com.google.android.apps.pixel.psi name not found! Using module version.
06-25 11:58:52.505  5470  5636 I NamespaceManager: Package com.google.android.apps.safetycore name not found! Using module version.
06-25 11:58:52.505  5470  5636 I NamespaceManager: Package com.google.android.crashrecovery name not found! Using module version.
06-25 11:58:52.505  5470  5636 I NamespaceManager: Package com.google.android.profiling name not found! Using module version.
06-25 11:58:52.505  5470  5636 I NamespaceManager: Package com.google.android.bt name not found! Using module version.
06-25 11:58:52.505  5470  5636 I NamespaceManager: Package com.google.android.nfcservices name not found! Using module version.
06-25 11:58:52.505  5470  5636 I NamespaceManager: Package com.google.android.webapp name not found! Using module version.
06-25 11:58:52.505  5470  5636 I NamespaceManager: Package com.google.android.telephonycore name not found! Using module version.
06-25 11:58:52.505  5470  5636 I NamespaceManager: Package com.google.android.uprobestats name not found! Using module version.
06-25 11:58:52.517  5470  5636 I NamespaceManager: Package com.android.refreshratecontrol name not found! Using module version.
06-25 11:58:52.518  5470  5636 I NamespaceManager: Package com.google.oslo name not found! Using module version.
06-25 11:58:52.518   518  2133 D PackageManager: Instant App installer not found with android.intent.action.INSTALL_INSTANT_APP_PACKAGE
06-25 11:58:52.518   518  2133 D PackageManager: Clear ephemeral installer activity
06-25 11:58:52.520  5470  5636 I NamespaceManager: Package com.android.media name not found! Using module version.
06-25 11:58:52.521  5470  5636 I NamespaceManager: Package com.android.media.swcodec name not found! Using module version.
06-25 11:58:52.521   518  2165 D CompatibilityChangeReporter: Compat change id reported: 266524688; UID 10131; state: DISABLED
06-25 11:58:52.521   518  2165 D ConnectivityService: requestNetwork for uid/pid:10131/2859 activeRequest: null callbackRequest: 138 [NetworkRequest [ REQUEST id=138, [ Transports: CELLULAR Capabilities: INTERNET&NOT_RESTRICTED&TRUSTED&NOT_VPN&NOT_VCN_MANAGED Uid: 10131 RequestorUid: 10131 RequestorPkg: com.google.android.googlequicksearchbox UnderlyingNetworks: Null] ]] callback flags: 0 order: 2147483647
06-25 11:58:52.523   518   760 D ConnectivityService: Unsetting inactive [100 CELLULAR]
06-25 11:58:52.525   518   760 D ConnectivityService: NetReassign [138 : null → 100] [c 1] [a 1] [i 2]
06-25 11:58:52.530  5470  5636 I NamespaceManager: Package com.android.neuralnetworks name not found! Using module version.
06-25 11:58:52.530  5470  5636 I NamespaceManager: Package com.android.media name not found! Using module version.
06-25 11:58:52.530  5470  5636 I NamespaceManager: Package 1 name not found! Using module version.
06-25 11:58:52.531  5470  5636 I NamespaceManager: Package rkpd name not found! Using module version.
06-25 11:58:52.536   518   760 D ConnectivityService: reportNetworkConnectivity(101, false) by 10131
06-25 11:58:52.537   982  4778 D NetworkMonitor/101: Forcing reevaluation for UID 10131. Dns signal count: 0
06-25 11:58:52.537  5470  5636 I NamespaceManager: Package android.companion name not found! Using module version.
06-25 11:58:52.538  5470  5636 I NamespaceManager: Package com.google.android.aicore name not found! Using module version.
06-25 11:58:52.538  5470  5636 I NamespaceManager: Package com.google.android.audioproxy name not found! Using module version.
06-25 11:58:52.538  5470  5636 I NamespaceManager: Package com.google.android.apps.pixel.psi name not found! Using module version.
06-25 11:58:52.538  5470  5636 I NamespaceManager: Package com.google.android.apps.safetycore name not found! Using module version.
06-25 11:58:52.539  5470  5636 I NamespaceManager: Package com.google.android.crashrecovery name not found! Using module version.
06-25 11:58:52.539  5470  5636 I NamespaceManager: Package com.google.android.profiling name not found! Using module version.
06-25 11:58:52.539  5470  5636 I NamespaceManager: Package com.google.android.bt name not found! Using module version.
06-25 11:58:52.539  5470  5636 I NamespaceManager: Package com.google.android.nfcservices name not found! Using module version.
06-25 11:58:52.539  5470  5636 I NamespaceManager: Package com.google.android.webapp name not found! Using module version.
06-25 11:58:52.539  5470  5636 I NamespaceManager: Package com.google.android.telephonycore name not found! Using module version.
06-25 11:58:52.539  5470  5636 I NamespaceManager: Package com.google.android.uprobestats name not found! Using module version.
06-25 11:58:52.550   518   616 I RescueParty: Starting to observe: [android], updated namespace: wifi
06-25 11:58:52.550   518   549 I PackageWatchdog: Syncing state, reason: observing new packages
06-25 11:58:52.550   518   549 D PackageWatchdog: rescue-party-observer added the following packages to monitor [android]
06-25 11:58:52.550   518   549 I PackageWatchdog: Syncing state, reason: updated observers
06-25 11:58:52.550   518   549 I PackageWatchdog: Not pruning observers, elapsed time: 0ms
06-25 11:58:52.550   518   549 I PackageWatchdog: Saving observer state to file
06-25 11:58:52.579   518   518 I PackageWatchdog: Syncing health check requests for packages: {}
06-25 11:58:52.579   518   518 I ExplicitHealthCheckController: Service not ready to get health check supported packages. Binding...
06-25 11:58:52.580   518   518 I ExplicitHealthCheckController: Explicit health check service is bound
06-25 11:58:52.583  5470  5636 I NamespaceManager: Package com.android.refreshratecontrol name not found! Using module version.
06-25 11:58:52.583  5470  5636 I NamespaceManager: Package com.google.oslo name not found! Using module version.
06-25 11:58:52.583  5470  5636 I NamespaceManager: Package com.android.media name not found! Using module version.
06-25 11:58:52.583  5470  5636 I NamespaceManager: Package com.android.media.swcodec name not found! Using module version.
06-25 11:58:52.583  5470  5636 I NamespaceManager: Package com.android.neuralnetworks name not found! Using module version.
06-25 11:58:52.583  5470  5636 I NamespaceManager: Package com.android.media name not found! Using module version.
06-25 11:58:52.584  5470  5636 I NamespaceManager: Package 1 name not found! Using module version.
06-25 11:58:52.585  4922  4922 D CompatibilityChangeReporter: Compat change id reported: 150939131; UID 10118; state: ENABLED
06-25 11:58:52.587   982  6294 D TrafficStats: tagSocket(106) with statsTag=0xffffff81, statsUid=-1
06-25 11:58:52.587   982  6294 D TrafficStats: tagSocket(106) with statsTag=0xffffff81, statsUid=-1
06-25 11:58:52.587   336  6299 I resolv  : ResNSendHandler::run: 0 / {101 983141 101 983141 1073 1}
06-25 11:58:52.588  5470  5636 I NamespaceManager: Package rkpd name not found! Using module version.
06-25 11:58:52.588   982  6295 D TrafficStats: tagSocket(107) with statsTag=0xffffff81, statsUid=-1
06-25 11:58:52.589  5470  5636 I NamespaceManager: Package android.companion name not found! Using module version.
06-25 11:58:52.589  5470  5636 I NamespaceManager: Package com.google.android.aicore name not found! Using module version.
06-25 11:58:52.589   982  6295 D TrafficStats: tagSocket(107) with statsTag=0xffffff81, statsUid=-1
06-25 11:58:52.595   336  6299 I resolv  : res_nsend: used send_dg 256 terrno: 0
06-25 11:58:52.596   518   518 I ExplicitHealthCheckController: Explicit health check service is connected ComponentInfo{com.google.android.ext.services/android.ext.services.watchdog.ExplicitHealthCheckServiceImpl}
06-25 11:58:52.596   518   518 I ExplicitHealthCheckController: Service initialized, syncing requests
06-25 11:58:52.596   518   518 I PackageWatchdog: Syncing health check requests for packages: {}
06-25 11:58:52.596   518   518 D ExplicitHealthCheckController: Getting health check supported packages
06-25 11:58:52.596  5470  5636 I NamespaceManager: Package com.google.android.audioproxy name not found! Using module version.
06-25 11:58:52.596  5470  5636 I NamespaceManager: Package com.google.android.apps.pixel.psi name not found! Using module version.
06-25 11:58:52.597   518   893 I ExplicitHealthCheckController: Explicit health check supported packages [PackageConfig{com.google.android.networkstack, 86400000}]
06-25 11:58:52.597   518   893 D PackageWatchdog: Received supported packages [PackageConfig{com.google.android.networkstack, 86400000}]
06-25 11:58:52.597   518   893 D ExplicitHealthCheckController: Getting health check requested packages
06-25 11:58:52.597   518   893 I ExplicitHealthCheckController: Explicit health check requested packages []
06-25 11:58:52.597   518   893 I ExplicitHealthCheckController: No more health check requests, unbinding...
06-25 11:58:52.597  5470  5636 I NamespaceManager: Package com.google.android.apps.safetycore name not found! Using module version.
06-25 11:58:52.597   518   893 I ExplicitHealthCheckController: Explicit health check service is unbound
06-25 11:58:52.597   336  6300 I resolv  : ResNSendHandler::run: 0 / {101 983141 101 983141 1073 1}
06-25 11:58:52.597   336  6300 I resolv  : resolv_cache_lookup: FOUND IN CACHE entry=0x7e20e170d430
06-25 11:58:52.598   982   982 D TrafficStats: tagSocket(106) with statsTag=0xffffffff, statsUid=-1
06-25 11:58:52.598   336  6301 I resolv  : ResNSendHandler::run: 0 / {101 983141 101 983141 1073 1}
06-25 11:58:52.601   982   982 D TrafficStats: tagSocket(106) with statsTag=0xffffffff, statsUid=-1
06-25 11:58:52.597  5470  5636 I NamespaceManager: Package com.google.android.crashrecovery name not found! Using module version.
06-25 11:58:52.601   982   982 D TrafficStats: tagSocket(106) with statsTag=0xffffffff, statsUid=-1
06-25 11:58:52.602  5470  5636 I NamespaceManager: Package com.google.android.profiling name not found! Using module version.
06-25 11:58:52.603   982   982 D TrafficStats: tagSocket(106) with statsTag=0xffffffff, statsUid=-1
06-25 11:58:52.603  5470  5636 I NamespaceManager: Package com.google.android.bt name not found! Using module version.
06-25 11:58:52.603  5470  5636 I NamespaceManager: Package com.google.android.nfcservices name not found! Using module version.
06-25 11:58:52.603   982   982 D TrafficStats: tagSocket(106) with statsTag=0xffffffff, statsUid=-1
06-25 11:58:52.604  5470  5636 I NamespaceManager: Package com.google.android.webapp name not found! Using module version.
06-25 11:58:52.606  5470  5636 I NamespaceManager: Package com.google.android.telephonycore name not found! Using module version.
06-25 11:58:52.607  5470  5636 I NamespaceManager: Package com.google.android.uprobestats name not found! Using module version.
06-25 11:58:52.608   982   982 D TrafficStats: tagSocket(106) with statsTag=0xffffffff, statsUid=-1
06-25 11:58:52.608   982   982 D TrafficStats: tagSocket(106) with statsTag=0xffffffff, statsUid=-1
06-25 11:58:52.608   982   982 D TrafficStats: tagSocket(106) with statsTag=0xffffffff, statsUid=-1
06-25 11:58:52.609   982   982 D TrafficStats: tagSocket(106) with statsTag=0xffffffff, statsUid=-1
06-25 11:58:52.609   982   982 D TrafficStats: tagSocket(106) with statsTag=0xffffffff, statsUid=-1
06-25 11:58:52.609   982   982 D TrafficStats: tagSocket(106) with statsTag=0xffffffff, statsUid=-1
06-25 11:58:52.609   982   982 D TrafficStats: tagSocket(106) with statsTag=0xffffffff, statsUid=-1
06-25 11:58:52.609   982   982 D TrafficStats: tagSocket(106) with statsTag=0xffffffff, statsUid=-1
06-25 11:58:52.609   982   982 D TrafficStats: tagSocket(106) with statsTag=0xffffffff, statsUid=-1
06-25 11:58:52.610   982   982 D TrafficStats: tagSocket(106) with statsTag=0xffffffff, statsUid=-1
06-25 11:58:52.610   982   982 D TrafficStats: tagSocket(106) with statsTag=0xffffffff, statsUid=-1
06-25 11:58:52.611   982  6294 D NetworkMonitor/101: PROBE_DNS www.google.com 24ms OK 142.251.153.119,142.251.152.119,142.251.156.119,142.251.151.119,142.251.155.119,142.251.157.119,142.251.150.119,142.251.154.119,2001:4860:4828:7700::,2001:4860:482b:7700::,2001:4860:482d:7700::,2001:4860:482a:7700::,2001:4860:482c:7700::,2001:4860:4827:7700::,2001:4860:4826:7700::,2001:4860:4829:7700::
06-25 11:58:52.615  1571  2000 I AiAiStatsd: Usage metrics: 0 features enabled, 0 features used for date 2026-06-24.
06-25 11:58:52.615  1571  2000 I AiAiStatsd: AiAi is used for the day (2026-06-24): true, the week: true
06-25 11:58:52.616  5023  5246 W ziparchive: Unable to open '/data/user_de/0/com.google.android.gms/app_chimera/m/00000002/DynamiteLoader.dm': No such file or directory
06-25 11:58:52.616  5023  5246 W ziparchive: Unable to open '/data/user_de/0/com.google.android.gms/app_chimera/m/00000002/DynamiteLoader.dm': No such file or directory
06-25 11:58:52.618   336  6304 I resolv  : GetAddrInfoHandler::run: {101 983141 101 983141 1073 1}
06-25 11:58:52.618   336  6302 I resolv  : ResNSendHandler::run: 0 / {101 983141 101 983141 1073 1}
06-25 11:58:52.618   336  6302 I resolv  : resolv_cache_lookup: FOUND IN CACHE entry=0x7e212170a550
06-25 11:58:52.619  5470  5636 I NamespaceManager: Package com.android.refreshratecontrol name not found! Using module version.
06-25 11:58:52.619  5470  5636 I NamespaceManager: Package com.google.oslo name not found! Using module version.
06-25 11:58:52.619  1050  4353 D SettingsSliceProvider: onSlicePinned: content://com.android.settings.slices/action/notification_volume
06-25 11:58:52.619  5470  5636 I NamespaceManager: Package com.android.media name not found! Using module version.
06-25 11:58:52.619  1050  4353 W ElapsedTimeUtils: getElapsedTime: sSuwFinishedTimeStamp is null
06-25 11:58:52.619  5470  5636 I NamespaceManager: Package com.android.media.swcodec name not found! Using module version.
06-25 11:58:52.619  5470  5636 I NamespaceManager: Package com.android.neuralnetworks name not found! Using module version.
06-25 11:58:52.619  5470  5636 I NamespaceManager: Package com.android.media name not found! Using module version.
06-25 11:58:52.620  5470  5636 I NamespaceManager: Package 1 name not found! Using module version.
06-25 11:58:52.620  5470  5636 I NamespaceManager: Package rkpd name not found! Using module version.
06-25 11:58:52.620  5470  5636 I NamespaceManager: Package android.companion name not found! Using module version.
06-25 11:58:52.620  1050  4017 D SliceBuilder: Creating slice for: com.android.settings.notification.NotificationVolumePreferenceController
06-25 11:58:52.620  5470  5636 I NamespaceManager: Package com.google.android.aicore name not found! Using module version.
06-25 11:58:52.620  5470  5636 I NamespaceManager: Package com.google.android.audioproxy name not found! Using module version.
06-25 11:58:52.620  5470  5636 I NamespaceManager: Package com.google.android.apps.pixel.psi name not found! Using module version.
06-25 11:58:52.620  5470  5636 I NamespaceManager: Package com.google.android.apps.safetycore name not found! Using module version.
06-25 11:58:52.620  5470  5636 I NamespaceManager: Package com.google.android.crashrecovery name not found! Using module version.
06-25 11:58:52.620  5470  5636 I NamespaceManager: Package com.google.android.profiling name not found! Using module version.
06-25 11:58:52.620  5470  5636 I NamespaceManager: Package com.google.android.bt name not found! Using module version.
06-25 11:58:52.620  5470  5636 I NamespaceManager: Package com.google.android.nfcservices name not found! Using module version.
06-25 11:58:52.620  5470  5636 I NamespaceManager: Package com.google.android.webapp name not found! Using module version.
06-25 11:58:52.620  5470  5636 I NamespaceManager: Package com.google.android.telephonycore name not found! Using module version.
06-25 11:58:52.620  5470  5636 I NamespaceManager: Package com.google.android.uprobestats name not found! Using module version.
06-25 11:58:52.620   336  6306 I resolv  : res_nmkquery: (QUERY, IN, A)
06-25 11:58:52.620   336  6306 I resolv  : resolv_cache_lookup: FOUND IN CACHE entry=0x7e20e170d430
06-25 11:58:52.620   336  6306 I resolv  : doQuery: rcode=0, ancount=8, return value=160
06-25 11:58:52.621   336  6305 I resolv  : res_nmkquery: (QUERY, IN, AAAA)
06-25 11:58:52.622   336  6305 I resolv  : resolv_cache_lookup: FOUND IN CACHE entry=0x7e213170a110
06-25 11:58:52.622   336  6305 I resolv  : doQuery: rcode=0, ancount=8, return value=256
06-25 11:58:52.623   982  6294 D TrafficStats: tagSocket(106) with statsTag=0xffffff81, statsUid=-1
06-25 11:58:52.627  5023  5246 I DynamiteModule: Considering local module com.google.android.gms.cronet_dynamite:0 and remote module com.google.android.gms.cronet_dynamite:2411
06-25 11:58:52.627  5023  5246 I DynamiteModule: Selected remote version of com.google.android.gms.cronet_dynamite, version >= 2411
06-25 11:58:52.627  5023  5246 V DynamiteModule: Dynamite loader version >= 2, using loadModule2NoCrashUtils
06-25 11:58:52.630  1050  1074 D SliceBuilder: Creating slice for: com.android.settings.notification.NotificationVolumePreferenceController
06-25 11:58:52.631  1050  2478 D SettingsSliceProvider: content://com.android.settings.slices/action/notification_volume loaded from cache
06-25 11:58:52.635  5470  6173 I NamespaceManager: Package com.android.refreshratecontrol name not found! Using module version.
06-25 11:58:52.635  5470  6173 I NamespaceManager: Package com.google.oslo name not found! Using module version.
06-25 11:58:52.636  5470  6173 I NamespaceManager: Package com.android.media name not found! Using module version.
06-25 11:58:52.637  5470  6173 I NamespaceManager: Package com.android.media.swcodec name not found! Using module version.
06-25 11:58:52.637  5023  5246 W ziparchive: Unable to open '/data/user_de/0/com.google.android.gms/app_chimera/m/00000001/CronetDynamite.dm': No such file or directory
06-25 11:58:52.637  5023  5246 W ziparchive: Unable to open '/data/user_de/0/com.google.android.gms/app_chimera/m/00000001/CronetDynamite.dm': No such file or directory
06-25 11:58:52.638  5470  6173 I NamespaceManager: Package com.android.neuralnetworks name not found! Using module version.
06-25 11:58:52.638  5470  6173 I NamespaceManager: Package com.android.media name not found! Using module version.
06-25 11:58:52.639  5470  6173 I NamespaceManager: Package 1 name not found! Using module version.
06-25 11:58:52.639  5470  6173 I NamespaceManager: Package rkpd name not found! Using module version.
06-25 11:58:52.640  5470  6173 I NamespaceManager: Package android.companion name not found! Using module version.
06-25 11:58:52.641  5470  6173 I NamespaceManager: Package com.google.android.aicore name not found! Using module version.
06-25 11:58:52.642  5470  6173 I NamespaceManager: Package com.google.android.audioproxy name not found! Using module version.
06-25 11:58:52.642  5470  6173 I NamespaceManager: Package com.google.android.apps.pixel.psi name not found! Using module version.
06-25 11:58:52.643  5470  6173 I NamespaceManager: Package com.google.android.apps.safetycore name not found! Using module version.
06-25 11:58:52.643  5470  6173 I NamespaceManager: Package com.google.android.crashrecovery name not found! Using module version.
06-25 11:58:52.644  5470  6173 I NamespaceManager: Package com.google.android.profiling name not found! Using module version.
06-25 11:58:52.645  5470  6173 I NamespaceManager: Package com.google.android.bt name not found! Using module version.
06-25 11:58:52.645  5470  6173 I NamespaceManager: Package com.google.android.nfcservices name not found! Using module version.
06-25 11:58:52.645  1571  2000 I AiAiStatsd: Uploading atoms for date: 2026-06-24.
06-25 11:58:52.645  5470  6173 I NamespaceManager: Package com.google.android.webapp name not found! Using module version.
06-25 11:58:52.645  1571  2000 I AiAiStatsd: Total days uploaded: 1 days.
06-25 11:58:52.645  5470  6173 I NamespaceManager: Package com.google.android.telephonycore name not found! Using module version.
06-25 11:58:52.645  5470  6173 I NamespaceManager: Package com.google.android.uprobestats name not found! Using module version.
06-25 11:58:52.647  5023  5246 D nativeloader: Configuring clns-11 for other apk . target_sdk_version=34, uses_libraries=ALL, library_path=/data/user_de/0/com.google.android.gms/app_chimera/m/00000001/CronetDynamite.apk!/lib/x86_64:/data/user_de/0/com.google.android.gms/app_chimera/m/00000001/CronetDynamite.apk!/lib/arm64-v8a, permitted_path=/data:/mnt/expand
06-25 11:58:52.649  1050  4353 D VolumeSliceHelper: Unregistering uri broadcast relay: content://com.android.settings.slices/action/notification_volume
06-25 11:58:52.653   518  2988 D ConnectivityService: requestNetwork for uid/pid:10129/5023 activeRequest: null callbackRequest: 139 [NetworkRequest [ REQUEST id=140, [ Capabilities: INTERNET&NOT_RESTRICTED&TRUSTED&NOT_VCN_MANAGED Uid: 10129 RequestorUid: 10129 RequestorPkg: com.google.android.apps.messaging UnderlyingNetworks: Null] ]] callback flags: 0 order: 2147483647
06-25 11:58:52.656   518   760 D ConnectivityService: NetReassign [140 : null → 101] [c 0] [a 1] [i 2]
06-25 11:58:52.656  5023  5246 I cr_CronetLibraryLoader: Cronet version: 113.0.5672.51, arch: x86_64
06-25 11:58:52.657   518   753 D WifiNetworkFactory: got request NetworkRequest [ REQUEST id=140, [ Capabilities: INTERNET&NOT_RESTRICTED&TRUSTED&NOT_VCN_MANAGED Uid: 10129 RequestorUid: 10129 RequestorPkg: com.google.android.apps.messaging UnderlyingNetworks: Null] ]
06-25 11:58:52.657   518   753 D UntrustedWifiNetworkFactory: got request NetworkRequest [ REQUEST id=140, [ Capabilities: INTERNET&NOT_RESTRICTED&TRUSTED&NOT_VCN_MANAGED Uid: 10129 RequestorUid: 10129 RequestorPkg: com.google.android.apps.messaging UnderlyingNetworks: Null] ]
06-25 11:58:52.657   518   753 D OemPaidWifiNetworkFactory: got request NetworkRequest [ REQUEST id=140, [ Capabilities: INTERNET&NOT_RESTRICTED&TRUSTED&NOT_VCN_MANAGED Uid: 10129 RequestorUid: 10129 RequestorPkg: com.google.android.apps.messaging UnderlyingNetworks: Null] ]
06-25 11:58:52.657   518   753 D MultiInternetWifiNetworkFactory: got request NetworkRequest [ REQUEST id=140, [ Capabilities: INTERNET&NOT_RESTRICTED&TRUSTED&NOT_VCN_MANAGED Uid: 10129 RequestorUid: 10129 RequestorPkg: com.google.android.apps.messaging UnderlyingNetworks: Null] ]
06-25 11:58:52.661  1050  4353 W ElapsedTimeUtils: getElapsedTime: sSuwFinishedTimeStamp is null
06-25 11:58:52.661  1050  4353 W ElapsedTimeUtils: getElapsedTime: sSuwFinishedTimeStamp is null
06-25 11:58:52.663  1050  2478 D SlicesIndexer: Slices already indexed - returning.
06-25 11:58:52.663  1050  4182 D SlicesIndexer: Slices already indexed - returning.
06-25 11:58:52.663  1050  2478 D VolumeSliceHelper: Registering uri for broadcast relay: content://com.android.settings.slices/action/notification_volume
06-25 11:58:52.663  1050  4182 D VolumeSliceHelper: Registering uri for broadcast relay: content://com.android.settings.slices/action/notification_volume
06-25 11:58:52.665  1050  4182 D SettingsSliceProvider: Built slice (content://com.android.settings.slices/action/notification_volume) in: 16
06-25 11:58:52.665  1050  4182 D SettingsSliceProvider: content://com.android.settings.slices/action/alarm_volume loaded from cache
06-25 11:58:52.665  1050  2478 D SettingsSliceProvider: Built slice (content://com.android.settings.slices/action/notification_volume) in: 3
06-25 11:58:52.665   518   760 D ConnectivityService: NetReassign [no changes] [c 0] [a 9] [i 0]
06-25 11:58:52.666  1050  4017 D SliceBuilder: Creating slice for: com.android.settings.notification.AlarmVolumePreferenceController
06-25 11:58:52.666  5023  5246 I BugleNetwork: Creating gRPC Managed channel with Cronet: instantmessaging-pa.googleapis.com:443
06-25 11:58:52.670  5470  6173 I NamespaceManager: Package com.android.refreshratecontrol name not found! Using module version.
06-25 11:58:52.673  5470  6173 I NamespaceManager: Package com.google.oslo name not found! Using module version.
06-25 11:58:52.673  5470  6173 I NamespaceManager: Package com.android.media name not found! Using module version.
06-25 11:58:52.674  5470  6173 I NamespaceManager: Package com.android.media.swcodec name not found! Using module version.
06-25 11:58:52.674  5470  6173 I NamespaceManager: Package com.android.neuralnetworks name not found! Using module version.
06-25 11:58:52.674  5470  6173 I NamespaceManager: Package com.android.media name not found! Using module version.
06-25 11:58:52.674  5470  6173 I NamespaceManager: Package 1 name not found! Using module version.
06-25 11:58:52.674  5470  6173 I NamespaceManager: Package rkpd name not found! Using module version.
06-25 11:58:52.674  5470  6173 I NamespaceManager: Package android.companion name not found! Using module version.
06-25 11:58:52.674  5470  6173 I NamespaceManager: Package com.google.android.aicore name not found! Using module version.
06-25 11:58:52.674  5470  6173 I NamespaceManager: Package com.google.android.audioproxy name not found! Using module version.
06-25 11:58:52.675  5470  6173 I NamespaceManager: Package com.google.android.apps.pixel.psi name not found! Using module version.
06-25 11:58:52.675  5470  6173 I NamespaceManager: Package com.google.android.apps.safetycore name not found! Using module version.
