06-25 11:58:58.823  5470  6174 W PhenotypeConfigurationU: 	at zhv.onHandleIntent(:com.google.android.gms@231818047@23.18.18 (190800-535401451):4)
06-25 11:58:58.823  5470  6174 W PhenotypeConfigurationU: 	at hjm.run(:com.google.android.gms@231818047@23.18.18 (190800-535401451):3)
06-25 11:58:58.823  5470  6174 W PhenotypeConfigurationU: 	at hjl.run(:com.google.android.gms@231818047@23.18.18 (190800-535401451):11)
06-25 11:58:58.823  5470  6174 W PhenotypeConfigurationU: 	at dfhf.run(:com.google.android.gms@231818047@23.18.18 (190800-535401451):2)
06-25 11:58:58.823  5470  6174 W PhenotypeConfigurationU: 	at java.util.concurrent.ThreadPoolExecutor.runWorker(ThreadPoolExecutor.java:1145)
06-25 11:58:58.823  5470  6174 W PhenotypeConfigurationU: 	at java.util.concurrent.ThreadPoolExecutor$Worker.run(ThreadPoolExecutor.java:644)
06-25 11:58:58.823  5470  6174 W PhenotypeConfigurationU: 	at java.lang.Thread.run(Thread.java:1012)
06-25 11:58:58.825  5557  6454 W ModuleInitIntentOp: Dropping unexpected action com.google.android.gms.phenotype.COMMITTED
06-25 11:58:58.828  5470  6498 I PTCommittedOperation: Receive new configuration for com.google.android.gms.auth_account
06-25 11:58:58.830  5557  6454 W ModuleInitIntentOp: Dropping unexpected action com.google.android.gms.phenotype.COMMITTED
06-25 11:58:58.831  5557  6454 V Backup  : [PhenotypeConfigIO] Phenotype broadcast received for different package
06-25 11:58:58.831  5557  6454 I SyncIntentOperation: Handling the intent: Intent { act=com.google.android.gms.phenotype.COMMITTED flg=0x10 pkg=com.google.android.gms cmp=com.google.android.gms/.chimera.GmsIntentOperationService (has extras) }. [CONTEXT service_id=80 ]
06-25 11:58:58.831  5557  5998 W ModuleInitIntentOp: Dropping unexpected action com.google.android.gms.phenotype.COMMITTED
06-25 11:58:58.832  5557  5998 I MdiSyncModule: flag handling is skipping irrelevant intent.
06-25 11:58:58.833  5557  6454 I MlBenchmarkInstaller: Intent: com.google.android.gms.phenotype.COMMITTED [CONTEXT service_id=340 ]
06-25 11:58:58.835  5557  6454 I MlBenchmarkInstaller: COMMITTED Extra package name: com.google.android.gms.auth_account [CONTEXT service_id=340 ]
06-25 11:58:58.835  5557  5937 W ModuleInitIntentOp: Dropping unexpected action com.google.android.gms.phenotype.COMMITTED
06-25 11:58:58.836  5557  5937 I LocationHistory: [IntentOperation] Handling action com.google.android.gms.phenotype.COMMITTED [CONTEXT service_id=314 ]
06-25 11:58:58.836  5557  6454 I GmsSyncPolicyEngine: Periodic sync 1 disabled by policy, cancelled.
06-25 11:58:58.838  5557  6454 I GmsSyncPolicyEngine: Periodic sync 2 disabled by policy, cancelled.
06-25 11:58:58.839  5557  6454 I GmsSyncPolicyEngine: Periodic sync 3 disabled by policy, cancelled.
06-25 11:58:58.839  5023  5244 D cevx    : Starting download: https://c.tenor.com/BznTK02srIsAAAAk/tenor.gif
06-25 11:58:58.839  5023  5244 V cevx    : Is http uri, downloading (uri: https://c.tenor.com/BznTK02srIsAAAAk/tenor.gif)
06-25 11:58:58.842  5023  6398 D cevx    : Starting download: https://c.tenor.com/p1qEArGuSoEAAAAk/tenor.gif
06-25 11:58:58.842  5023  6398 V cevx    : Is http uri, downloading (uri: https://c.tenor.com/p1qEArGuSoEAAAAk/tenor.gif)
06-25 11:58:58.843  5470  6174 I NamespaceManager: Package com.android.refreshratecontrol name not found! Using module version.
06-25 11:58:58.843  5470  6174 I NamespaceManager: Package com.google.oslo name not found! Using module version.
06-25 11:58:58.843  5470  6174 I NamespaceManager: Package com.android.media name not found! Using module version.
06-25 11:58:58.843  5470  6174 I NamespaceManager: Package com.android.media.swcodec name not found! Using module version.
06-25 11:58:58.843  5470  6174 I NamespaceManager: Package com.android.neuralnetworks name not found! Using module version.
06-25 11:58:58.843  5470  6174 I NamespaceManager: Package com.android.media name not found! Using module version.
06-25 11:58:58.843  5470  6174 I NamespaceManager: Package 1 name not found! Using module version.
06-25 11:58:58.844  5470  6174 I NamespaceManager: Package rkpd name not found! Using module version.
06-25 11:58:58.844  5470  6174 I NamespaceManager: Package android.companion name not found! Using module version.
06-25 11:58:58.844  5470  6174 I NamespaceManager: Package com.google.android.aicore name not found! Using module version.
06-25 11:58:58.844  5470  6174 I NamespaceManager: Package com.google.android.audioproxy name not found! Using module version.
06-25 11:58:58.844  5470  6174 I NamespaceManager: Package com.google.android.apps.pixel.psi name not found! Using module version.
06-25 11:58:58.844  5470  6174 I NamespaceManager: Package com.google.android.apps.safetycore name not found! Using module version.
06-25 11:58:58.844  5470  6174 I NamespaceManager: Package com.google.android.crashrecovery name not found! Using module version.
06-25 11:58:58.844  5470  6174 I NamespaceManager: Package com.google.android.profiling name not found! Using module version.
06-25 11:58:58.844  5470  6174 I NamespaceManager: Package com.google.android.bt name not found! Using module version.
06-25 11:58:58.844  5470  6174 I NamespaceManager: Package com.google.android.nfcservices name not found! Using module version.
06-25 11:58:58.844  5470  6174 I NamespaceManager: Package com.google.android.webapp name not found! Using module version.
06-25 11:58:58.844  5470  6174 I NamespaceManager: Package com.google.android.telephonycore name not found! Using module version.
06-25 11:58:58.844  5470  6174 I NamespaceManager: Package com.google.android.uprobestats name not found! Using module version.
06-25 11:58:58.845  5470  6174 W PhenotypeConfigurationU: Update for unknown DeviceConfig package com.google.android.gms.nearby [CONTEXT service_id=204 ]
06-25 11:58:58.845  5470  6174 W PhenotypeConfigurationU: bwix: No package exists for config package: com.google.android.gms.nearby
06-25 11:58:58.845  5470  6174 W PhenotypeConfigurationU: 	at com.google.android.gms.platformconfigurator.PhenotypeConfigurationUpdateListener.b(:com.google.android.gms@231818047@23.18.18 (190800-535401451):6)
06-25 11:58:58.845  5470  6174 W PhenotypeConfigurationU: 	at com.google.android.gms.platformconfigurator.PhenotypeConfigurationUpdateListener.a(:com.google.android.gms@231818047@23.18.18 (190800-535401451):4)
06-25 11:58:58.845  5470  6174 W PhenotypeConfigurationU: 	at com.google.android.gms.platformconfigurator.PhenotypeConfigurationUpdateListener.onHandleIntent(:com.google.android.gms@231818047@23.18.18 (190800-535401451):21)
06-25 11:58:58.845  5470  6174 W PhenotypeConfigurationU: 	at com.google.android.chimera.IntentOperation.onHandleIntent(:com.google.android.gms@231818047@23.18.18 (190800-535401451):2)
06-25 11:58:58.845  5470  6174 W PhenotypeConfigurationU: 	at zhv.onHandleIntent(:com.google.android.gms@231818047@23.18.18 (190800-535401451):4)
06-25 11:58:58.845  5470  6174 W PhenotypeConfigurationU: 	at hjm.run(:com.google.android.gms@231818047@23.18.18 (190800-535401451):3)
06-25 11:58:58.845  5470  6174 W PhenotypeConfigurationU: 	at hjl.run(:com.google.android.gms@231818047@23.18.18 (190800-535401451):11)
06-25 11:58:58.845  5470  6174 W PhenotypeConfigurationU: 	at dfhf.run(:com.google.android.gms@231818047@23.18.18 (190800-535401451):2)
06-25 11:58:58.845  5470  6174 W PhenotypeConfigurationU: 	at java.util.concurrent.ThreadPoolExecutor.runWorker(ThreadPoolExecutor.java:1145)
06-25 11:58:58.845  5470  6174 W PhenotypeConfigurationU: 	at java.util.concurrent.ThreadPoolExecutor$Worker.run(ThreadPoolExecutor.java:644)
06-25 11:58:58.845  5470  6174 W PhenotypeConfigurationU: 	at java.lang.Thread.run(Thread.java:1012)
06-25 11:58:58.851  5470  6160 I NearbyConnections: Runtime state initialization complete. Nearby connections setting is disabled [CONTEXT service_id=54 ]
06-25 11:58:58.855  5470  5563 I NearbyMediums: BluetoothAdapter's name was not set by Nearby Connections, ignoring call to restore default scan mode. [CONTEXT service_id=54 ]
06-25 11:58:58.856  5557  5998 I NearbyFastPair: TaskSchedulerUtils cancelTask TAG_FOOTPRINTS_PERIODIC_SCHEDULE success. [CONTEXT service_id=265 ]
06-25 11:58:58.856  5557  5998 I NearbyFastPair: TSS cancel footprints recon sync [CONTEXT service_id=265 ]
06-25 11:58:58.857  5557  5998 I NearbyFastPair: TaskSchedulerUtils cancelTask TAG_FOOTPRINTS_RECON_SYNC_SCHEDULE success. [CONTEXT service_id=265 ]
06-25 11:58:58.861  5470  5563 I NearbyMediums: BluetoothAdapter's name was not set by Nearby Connections, ignoring call to restore device name [CONTEXT service_id=54 ]
06-25 11:58:58.862  5557  6013 I NearbySharing: Runtime state initialization complete. Sharing is enabled. [CONTEXT service_id=194 ]
06-25 11:58:58.862  5557  5616 I NearbySharing: onBindSlice failed since shareTargets is empty [CONTEXT service_id=194 ]
06-25 11:58:58.862  5557  5616 I NearbySharing: Granted slice and Uri permissions to android [CONTEXT service_id=194 ]
06-25 11:58:58.865  5470  5470 I NearbySharing: ReceiveSurfaceService started [CONTEXT service_id=194 ]
06-25 11:58:58.866  5023  5244 E MDD     : DownloadProgressMonitor: Can't find file group for uri: android://com.google.android.apps.messaging/files/datadownload/shared/public/datadownloadfile_1782388730312
06-25 11:58:58.867  5470  5563 W ChimeraUtils: Module com.google.android.gms.nearby_en missing resource null(0)
06-25 11:58:58.868  5023  6395 D cevx    : Starting download: https://c.tenor.com/QBIzxcCFhAQAAAAk/tenor.gif
06-25 11:58:58.868  5023  6395 V cevx    : Is http uri, downloading (uri: https://c.tenor.com/QBIzxcCFhAQAAAAk/tenor.gif)
06-25 11:58:58.869  5470  5563 W ChimeraUtils: Module com.google.android.gms.nearby_en missing resource null(0)
06-25 11:58:58.873  5023  6398 E MDD     : DownloadProgressMonitor: Can't find file group for uri: android://com.google.android.apps.messaging/files/datadownload/shared/public/datadownloadfile_1782388730313
06-25 11:58:58.875  5470  5470 I NearbyFastPair: DynamicSupportModule: doReceive update intent [CONTEXT service_id=265 ]
06-25 11:58:58.882  5470  5506 I NearbyFastPair: DynamicSupportModule: onSupportStateUpdate start [CONTEXT service_id=265 ]
06-25 11:58:58.882  5470  5506 I NearbyFastPair: DynamicSupportModule: onSupportStateUpdate end [CONTEXT service_id=265 ]
06-25 11:58:58.883  5470  6160 I NamespaceManager: Package com.android.refreshratecontrol name not found! Using module version.
06-25 11:58:58.883  5470  6160 I NamespaceManager: Package com.google.oslo name not found! Using module version.
06-25 11:58:58.883  5470  6160 I NamespaceManager: Package com.android.media name not found! Using module version.
06-25 11:58:58.883  5470  6160 I NamespaceManager: Package com.android.media.swcodec name not found! Using module version.
06-25 11:58:58.884  5470  6160 I NamespaceManager: Package com.android.neuralnetworks name not found! Using module version.
06-25 11:58:58.884  5470  6160 I NamespaceManager: Package com.android.media name not found! Using module version.
06-25 11:58:58.884  5470  6160 I NamespaceManager: Package 1 name not found! Using module version.
06-25 11:58:58.885  5470  6160 I NamespaceManager: Package rkpd name not found! Using module version.
06-25 11:58:58.885  5470  6160 I NamespaceManager: Package android.companion name not found! Using module version.
06-25 11:58:58.886  5470  6160 I NamespaceManager: Package com.google.android.aicore name not found! Using module version.
06-25 11:58:58.886  5470  6160 I NamespaceManager: Package com.google.android.audioproxy name not found! Using module version.
06-25 11:58:58.886  5470  6160 I NamespaceManager: Package com.google.android.apps.pixel.psi name not found! Using module version.
06-25 11:58:58.886  5470  6160 I NamespaceManager: Package com.google.android.apps.safetycore name not found! Using module version.
06-25 11:58:58.887  5023  5244 D cevx    : Starting download: https://c.tenor.com/SNToRS841A4AAAAk/tenor.gif
06-25 11:58:58.887  5023  5244 V cevx    : Is http uri, downloading (uri: https://c.tenor.com/SNToRS841A4AAAAk/tenor.gif)
06-25 11:58:58.889  5470  6160 I NamespaceManager: Package com.google.android.crashrecovery name not found! Using module version.
06-25 11:58:58.889  5557  6013 I Pay     : A Phenotype flag has been updated. [CONTEXT service_id=198 ]
06-25 11:58:58.889  5557  6013 I Pay     : Requested check of feature migrations. [CONTEXT service_id=198 ]
06-25 11:58:58.889  5470  6160 I NamespaceManager: Package com.google.android.profiling name not found! Using module version.
06-25 11:58:58.889  5470  6160 I NamespaceManager: Package com.google.android.bt name not found! Using module version.
06-25 11:58:58.891  5470  6160 I NamespaceManager: Package com.google.android.nfcservices name not found! Using module version.
06-25 11:58:58.892  5470  6160 I NamespaceManager: Package com.google.android.webapp name not found! Using module version.
06-25 11:58:58.892  5470  6160 I NamespaceManager: Package com.google.android.telephonycore name not found! Using module version.
06-25 11:58:58.892  5470  6160 I NamespaceManager: Package com.google.android.uprobestats name not found! Using module version.
06-25 11:58:58.893  5470  6160 W PhenotypeConfigurationU: Update for unknown DeviceConfig package com.google.android.gms.pay [CONTEXT service_id=204 ]
06-25 11:58:58.893  5470  6160 W PhenotypeConfigurationU: bwix: No package exists for config package: com.google.android.gms.pay
06-25 11:58:58.893  5470  6160 W PhenotypeConfigurationU: 	at com.google.android.gms.platformconfigurator.PhenotypeConfigurationUpdateListener.b(:com.google.android.gms@231818047@23.18.18 (190800-535401451):6)
06-25 11:58:58.893  5470  6160 W PhenotypeConfigurationU: 	at com.google.android.gms.platformconfigurator.PhenotypeConfigurationUpdateListener.a(:com.google.android.gms@231818047@23.18.18 (190800-535401451):4)
06-25 11:58:58.893  5470  6160 W PhenotypeConfigurationU: 	at com.google.android.gms.platformconfigurator.PhenotypeConfigurationUpdateListener.onHandleIntent(:com.google.android.gms@231818047@23.18.18 (190800-535401451):21)
06-25 11:58:58.893  5470  6160 W PhenotypeConfigurationU: 	at com.google.android.chimera.IntentOperation.onHandleIntent(:com.google.android.gms@231818047@23.18.18 (190800-535401451):2)
06-25 11:58:58.893  5470  6160 W PhenotypeConfigurationU: 	at zhv.onHandleIntent(:com.google.android.gms@231818047@23.18.18 (190800-535401451):4)
06-25 11:58:58.893  5470  6160 W PhenotypeConfigurationU: 	at hjm.run(:com.google.android.gms@231818047@23.18.18 (190800-535401451):3)
06-25 11:58:58.893  5470  6160 W PhenotypeConfigurationU: 	at hjl.run(:com.google.android.gms@231818047@23.18.18 (190800-535401451):11)
06-25 11:58:58.893  5470  6160 W PhenotypeConfigurationU: 	at dfhf.run(:com.google.android.gms@231818047@23.18.18 (190800-535401451):2)
06-25 11:58:58.893  5470  6160 W PhenotypeConfigurationU: 	at java.util.concurrent.ThreadPoolExecutor.runWorker(ThreadPoolExecutor.java:1145)
06-25 11:58:58.893  5470  6160 W PhenotypeConfigurationU: 	at java.util.concurrent.ThreadPoolExecutor$Worker.run(ThreadPoolExecutor.java:644)
06-25 11:58:58.893  5470  6160 W PhenotypeConfigurationU: 	at java.lang.Thread.run(Thread.java:1012)
06-25 11:58:58.896  5023  6395 E MDD     : DownloadProgressMonitor: Can't find file group for uri: android://com.google.android.apps.messaging/files/datadownload/shared/public/datadownloadfile_1782388730314
06-25 11:58:58.901  5023  6398 D cevx    : Starting download: https://c.tenor.com/QT8fTQhWDdEAAAAk/tenor.gif
06-25 11:58:58.902  5023  6398 V cevx    : Is http uri, downloading (uri: https://c.tenor.com/QT8fTQhWDdEAAAAk/tenor.gif)
06-25 11:58:58.902  5470  6174 I NamespaceManager: Package com.android.refreshratecontrol name not found! Using module version.
06-25 11:58:58.902  5557  6454 W ModuleInitIntentOp: Dropping unexpected action com.google.android.gms.phenotype.COMMITTED
06-25 11:58:58.903  5557  5998 W ModuleInitIntentOp: Dropping unexpected action com.google.android.gms.phenotype.COMMITTED
06-25 11:58:58.903  5470  6174 I NamespaceManager: Package com.google.oslo name not found! Using module version.
06-25 11:58:58.903  5557  5667 W ModuleInitIntentOp: Dropping unexpected action com.google.android.gms.phenotype.COMMITTED
06-25 11:58:58.903  5557  6454 V Backup  : [PhenotypeConfigIO] Phenotype broadcast received for different package
06-25 11:58:58.903  5557  5672 I SyncIntentOperation: Handling the intent: Intent { act=com.google.android.gms.phenotype.COMMITTED flg=0x10 pkg=com.google.android.gms cmp=com.google.android.gms/.chimera.GmsIntentOperationService (has extras) }. [CONTEXT service_id=80 ]
06-25 11:58:58.904  5470  6174 I NamespaceManager: Package com.android.media name not found! Using module version.
06-25 11:58:58.904  5470  6174 I NamespaceManager: Package com.android.media.swcodec name not found! Using module version.
06-25 11:58:58.904  5470  6174 I NamespaceManager: Package com.android.neuralnetworks name not found! Using module version.
06-25 11:58:58.905  5557  6453 I MdiSyncModule: flag handling is skipping irrelevant intent.
06-25 11:58:58.906  5470  6174 I NamespaceManager: Package com.android.media name not found! Using module version.
06-25 11:58:58.906  5557  6013 I MlBenchmarkInstaller: Intent: com.google.android.gms.phenotype.COMMITTED [CONTEXT service_id=340 ]
06-25 11:58:58.907  5470  6174 I NamespaceManager: Package 1 name not found! Using module version.
06-25 11:58:58.908  5470  6174 I NamespaceManager: Package rkpd name not found! Using module version.
06-25 11:58:58.909  5470  6160 I PTCommittedOperation: Receive new configuration for com.google.android.gms.smartdevice
06-25 11:58:58.910  5470  6174 I NamespaceManager: Package android.companion name not found! Using module version.
06-25 11:58:58.910  5557  6013 I MlBenchmarkInstaller: COMMITTED Extra package name: com.google.android.gms.smartdevice [CONTEXT service_id=340 ]
06-25 11:58:58.910  5557  5667 I GmsSyncPolicyEngine: Periodic sync 1 disabled by policy, cancelled.
06-25 11:58:58.911  5557  5672 W ModuleInitIntentOp: Dropping unexpected action com.google.android.gms.phenotype.COMMITTED
06-25 11:58:58.911  5557  5672 I LocationHistory: [IntentOperation] Handling action com.google.android.gms.phenotype.COMMITTED [CONTEXT service_id=314 ]
06-25 11:58:58.911  5470  6174 I NamespaceManager: Package com.google.android.aicore name not found! Using module version.
06-25 11:58:58.912  5557  5667 I GmsSyncPolicyEngine: Periodic sync 2 disabled by policy, cancelled.
06-25 11:58:58.912  5470  6174 I NamespaceManager: Package com.google.android.audioproxy name not found! Using module version.
06-25 11:58:58.912  5557  5667 I GmsSyncPolicyEngine: Periodic sync 3 disabled by policy, cancelled.
06-25 11:58:58.914  5470  6174 I NamespaceManager: Package com.google.android.apps.pixel.psi name not found! Using module version.
06-25 11:58:58.916  5470  6174 I NamespaceManager: Package com.google.android.apps.safetycore name not found! Using module version.
06-25 11:58:58.916  5470  6174 I NamespaceManager: Package com.google.android.crashrecovery name not found! Using module version.
06-25 11:58:58.917  5023  5244 E MDD     : DownloadProgressMonitor: Can't find file group for uri: android://com.google.android.apps.messaging/files/datadownload/shared/public/datadownloadfile_1782388730315
06-25 11:58:58.917  5470  6174 I NamespaceManager: Package com.google.android.profiling name not found! Using module version.
06-25 11:58:58.918  5470  6174 I NamespaceManager: Package com.google.android.bt name not found! Using module version.
06-25 11:58:58.918  5470  6174 I NamespaceManager: Package com.google.android.nfcservices name not found! Using module version.
06-25 11:58:58.918  5470  6174 I NamespaceManager: Package com.google.android.webapp name not found! Using module version.
06-25 11:58:58.918  5470  6174 I NamespaceManager: Package com.google.android.telephonycore name not found! Using module version.
06-25 11:58:58.918  5470  6174 I NamespaceManager: Package com.google.android.uprobestats name not found! Using module version.
06-25 11:58:58.919  5470  6174 W PhenotypeConfigurationU: Update for unknown DeviceConfig package com.google.android.gms.smartdevice [CONTEXT service_id=204 ]
06-25 11:58:58.919  5470  6174 W PhenotypeConfigurationU: bwix: No package exists for config package: com.google.android.gms.smartdevice
06-25 11:58:58.919  5470  6174 W PhenotypeConfigurationU: 	at com.google.android.gms.platformconfigurator.PhenotypeConfigurationUpdateListener.b(:com.google.android.gms@231818047@23.18.18 (190800-535401451):6)
06-25 11:58:58.919  5470  6174 W PhenotypeConfigurationU: 	at com.google.android.gms.platformconfigurator.PhenotypeConfigurationUpdateListener.a(:com.google.android.gms@231818047@23.18.18 (190800-535401451):4)
06-25 11:58:58.919  5470  6174 W PhenotypeConfigurationU: 	at com.google.android.gms.platformconfigurator.PhenotypeConfigurationUpdateListener.onHandleIntent(:com.google.android.gms@231818047@23.18.18 (190800-535401451):21)
06-25 11:58:58.919  5470  6174 W PhenotypeConfigurationU: 	at com.google.android.chimera.IntentOperation.onHandleIntent(:com.google.android.gms@231818047@23.18.18 (190800-535401451):2)
06-25 11:58:58.919  5470  6174 W PhenotypeConfigurationU: 	at zhv.onHandleIntent(:com.google.android.gms@231818047@23.18.18 (190800-535401451):4)
06-25 11:58:58.919  5470  6174 W PhenotypeConfigurationU: 	at hjm.run(:com.google.android.gms@231818047@23.18.18 (190800-535401451):3)
06-25 11:58:58.919  5470  6174 W PhenotypeConfigurationU: 	at hjl.run(:com.google.android.gms@231818047@23.18.18 (190800-535401451):11)
06-25 11:58:58.919  5470  6174 W PhenotypeConfigurationU: 	at dfhf.run(:com.google.android.gms@231818047@23.18.18 (190800-535401451):2)
06-25 11:58:58.919  5470  6174 W PhenotypeConfigurationU: 	at java.util.concurrent.ThreadPoolExecutor.runWorker(ThreadPoolExecutor.java:1145)
06-25 11:58:58.919  5470  6174 W PhenotypeConfigurationU: 	at java.util.concurrent.ThreadPoolExecutor$Worker.run(ThreadPoolExecutor.java:644)
06-25 11:58:58.919  5470  6174 W PhenotypeConfigurationU: 	at java.lang.Thread.run(Thread.java:1012)
06-25 11:58:58.923  5470  5657 I NetworkScheduler.Stats: Task com.google.android.gms/com.google.android.gms.pay.gcmtask.PayGcmTaskService started execution. cause:7 exec_start_elapsed_seconds: 98 [CONTEXT service_id=218 ]
06-25 11:58:58.923  5470  6174 I NamespaceManager: Package com.android.refreshratecontrol name not found! Using module version.
06-25 11:58:58.924  5470  6174 I NamespaceManager: Package com.google.oslo name not found! Using module version.
06-25 11:58:58.924  5557  5648 W Pay     : Active account was null, notification task will be cancelled. [CONTEXT service_id=198 ]
06-25 11:58:58.924  5557  5648 E Pay     : [Migration operation] Active tapandpay account not found! [CONTEXT service_id=198 ]
06-25 11:58:58.925  5470  6174 I NamespaceManager: Package com.android.media name not found! Using module version.
06-25 11:58:58.925  5470  6174 I NamespaceManager: Package com.android.media.swcodec name not found! Using module version.
06-25 11:58:58.925  5470  6174 I NamespaceManager: Package com.android.neuralnetworks name not found! Using module version.
06-25 11:58:58.925  5470  6174 I NamespaceManager: Package com.android.media name not found! Using module version.
06-25 11:58:58.925  5470  6174 I NamespaceManager: Package 1 name not found! Using module version.
06-25 11:58:58.926  5470  6174 I NamespaceManager: Package rkpd name not found! Using module version.
06-25 11:58:58.926  5470  6174 I NamespaceManager: Package android.companion name not found! Using module version.
06-25 11:58:58.926  5470  6174 I NamespaceManager: Package com.google.android.aicore name not found! Using module version.
06-25 11:58:58.926  5470  6174 I NamespaceManager: Package com.google.android.audioproxy name not found! Using module version.
06-25 11:58:58.926  5470  6174 I NamespaceManager: Package com.google.android.apps.pixel.psi name not found! Using module version.
06-25 11:58:58.926  5470  6174 I NamespaceManager: Package com.google.android.apps.safetycore name not found! Using module version.
06-25 11:58:58.926  5470  6174 I NamespaceManager: Package com.google.android.crashrecovery name not found! Using module version.
06-25 11:58:58.927  5470  6174 I NamespaceManager: Package com.google.android.profiling name not found! Using module version.
06-25 11:58:58.927  5470  6174 I NamespaceManager: Package com.google.android.bt name not found! Using module version.
06-25 11:58:58.927  5470  6174 I NamespaceManager: Package com.google.android.nfcservices name not found! Using module version.
06-25 11:58:58.927  5470  6174 I NamespaceManager: Package com.google.android.webapp name not found! Using module version.
06-25 11:58:58.927  5470  6174 I NamespaceManager: Package com.google.android.telephonycore name not found! Using module version.
06-25 11:58:58.927  5470  6174 I NamespaceManager: Package com.google.android.uprobestats name not found! Using module version.
06-25 11:58:58.928  5470  6174 W PhenotypeConfigurationU: Update for unknown DeviceConfig package com.google.android.gms.phenotype [CONTEXT service_id=204 ]
06-25 11:58:58.928  5470  6174 W PhenotypeConfigurationU: bwix: No package exists for config package: com.google.android.gms.phenotype
06-25 11:58:58.928  5470  6174 W PhenotypeConfigurationU: 	at com.google.android.gms.platformconfigurator.PhenotypeConfigurationUpdateListener.b(:com.google.android.gms@231818047@23.18.18 (190800-535401451):6)
06-25 11:58:58.928  5470  6174 W PhenotypeConfigurationU: 	at com.google.android.gms.platformconfigurator.PhenotypeConfigurationUpdateListener.a(:com.google.android.gms@231818047@23.18.18 (190800-535401451):4)
06-25 11:58:58.928  5470  6174 W PhenotypeConfigurationU: 	at com.google.android.gms.platformconfigurator.PhenotypeConfigurationUpdateListener.onHandleIntent(:com.google.android.gms@231818047@23.18.18 (190800-535401451):21)
06-25 11:58:58.928  5470  6174 W PhenotypeConfigurationU: 	at com.google.android.chimera.IntentOperation.onHandleIntent(:com.google.android.gms@231818047@23.18.18 (190800-535401451):2)
06-25 11:58:58.928  5470  6174 W PhenotypeConfigurationU: 	at zhv.onHandleIntent(:com.google.android.gms@231818047@23.18.18 (190800-535401451):4)
06-25 11:58:58.928  5470  6174 W PhenotypeConfigurationU: 	at hjm.run(:com.google.android.gms@231818047@23.18.18 (190800-535401451):3)
06-25 11:58:58.928  5470  6174 W PhenotypeConfigurationU: 	at hjl.run(:com.google.android.gms@231818047@23.18.18 (190800-535401451):11)
06-25 11:58:58.928  5470  6174 W PhenotypeConfigurationU: 	at dfhf.run(:com.google.android.gms@231818047@23.18.18 (190800-535401451):2)
06-25 11:58:58.928  5470  6174 W PhenotypeConfigurationU: 	at java.util.concurrent.ThreadPoolExecutor.runWorker(ThreadPoolExecutor.java:1145)
06-25 11:58:58.928  5470  6174 W PhenotypeConfigurationU: 	at java.util.concurrent.ThreadPoolExecutor$Worker.run(ThreadPoolExecutor.java:644)
06-25 11:58:58.928  5470  6174 W PhenotypeConfigurationU: 	at java.lang.Thread.run(Thread.java:1012)
06-25 11:58:58.929  5023  6398 E MDD     : DownloadProgressMonitor: Can't find file group for uri: android://com.google.android.apps.messaging/files/datadownload/shared/public/datadownloadfile_1782388730316
06-25 11:58:58.930  5557  5648 I Pay     : Migration flag not enabled. [CONTEXT service_id=198 ]
06-25 11:58:58.932  5023  6395 D cevx    : Starting download: https://c.tenor.com/qeiyevOg_1gAAAAk/tenor.gif
06-25 11:58:58.932  5023  6395 V cevx    : Is http uri, downloading (uri: https://c.tenor.com/qeiyevOg_1gAAAAk/tenor.gif)
06-25 11:58:58.936  5557  5648 I Pay     : Migration already completed. [CONTEXT service_id=198 ]
06-25 11:58:58.938  5557  5648 I Pay     : Migration already completed. [CONTEXT service_id=198 ]
06-25 11:58:58.938  5557  5648 I Pay     : Migration flag not enabled. [CONTEXT service_id=198 ]
06-25 11:58:58.938  5557  5648 I Pay     : Migration flag not enabled. [CONTEXT service_id=198 ]
06-25 11:58:58.938  5557  5648 I Pay     : Migration flag not enabled. [CONTEXT service_id=198 ]
06-25 11:58:58.938  5557  5648 I Pay     : Migration flag not enabled. [CONTEXT service_id=198 ]
06-25 11:58:58.939  5557  5648 I Pay     : [SeTosMigration] walletJpEligibility is not enabled [CONTEXT service_id=198 ]
06-25 11:58:58.939  5557  5648 I Pay     : Wallet install state NOT_INSTALLED [CONTEXT service_id=198 ]
06-25 11:58:58.940  5557  5648 I Pay     : Migration flag not enabled. [CONTEXT service_id=198 ]
06-25 11:58:58.942  5470  5973 I NetworkScheduler.Stats: Task com.google.android.gms/com.google.android.gms.pay.gcmtask.PayGcmTaskService finished executing. cause:7 result: 1 elapsed_millis: 32 uptime_millis: 32 exec_start_elapsed_seconds: 98 [CONTEXT service_id=218 ]
06-25 11:58:58.955  5023  6398 D cevx    : Starting download: https://c.tenor.com/JJO64sVq9MsAAAAk/tenor.gif
06-25 11:58:58.955  5023  6398 V cevx    : Is http uri, downloading (uri: https://c.tenor.com/JJO64sVq9MsAAAAk/tenor.gif)
06-25 11:58:58.958  5023  6395 E MDD     : DownloadProgressMonitor: Can't find file group for uri: android://com.google.android.apps.messaging/files/datadownload/shared/public/datadownloadfile_1782388730317
06-25 11:58:58.966  5023  5244 D cevx    : Starting download: https://c.tenor.com/xGYeqMr6cS8AAAAk/tenor.gif
06-25 11:58:58.966  5023  5244 V cevx    : Is http uri, downloading (uri: https://c.tenor.com/xGYeqMr6cS8AAAAk/tenor.gif)
06-25 11:58:58.984  5023  6398 E MDD     : DownloadProgressMonitor: Can't find file group for uri: android://com.google.android.apps.messaging/files/datadownload/shared/public/datadownloadfile_1782388730318
06-25 11:58:58.992  5023  5244 E MDD     : DownloadProgressMonitor: Can't find file group for uri: android://com.google.android.apps.messaging/files/datadownload/shared/public/datadownloadfile_1782388730319
06-25 11:58:58.996  5023  6395 D cevx    : Starting download: https://c.tenor.com/FgmbVOiuvTwAAAAk/tenor.gif
06-25 11:58:58.997  5023  6395 V cevx    : Is http uri, downloading (uri: https://c.tenor.com/FgmbVOiuvTwAAAAk/tenor.gif)
06-25 11:58:59.026  5023  6395 E MDD     : DownloadProgressMonitor: Can't find file group for uri: android://com.google.android.apps.messaging/files/datadownload/shared/public/datadownloadfile_1782388730320
06-25 11:58:59.028  5023  6398 D cevx    : Starting download: https://c.tenor.com/WQQfCdGdB6UAAAAk/tenor.gif
06-25 11:58:59.028  5023  6398 V cevx    : Is http uri, downloading (uri: https://c.tenor.com/WQQfCdGdB6UAAAAk/tenor.gif)
06-25 11:58:59.033  5023  5244 D cevx    : Starting download: https://c.tenor.com/xij-pBxXlXAAAAAk/tenor.gif
06-25 11:58:59.033  5023  5244 V cevx    : Is http uri, downloading (uri: https://c.tenor.com/xij-pBxXlXAAAAAk/tenor.gif)
06-25 11:58:59.055  5023  6398 E MDD     : DownloadProgressMonitor: Can't find file group for uri: android://com.google.android.apps.messaging/files/datadownload/shared/public/datadownloadfile_1782388730321
06-25 11:58:59.059  5023  6395 D cevx    : Starting download: https://c.tenor.com/CHyCK8Tx4GYAAAAk/tenor.gif
06-25 11:58:59.059  5023  6395 V cevx    : Is http uri, downloading (uri: https://c.tenor.com/CHyCK8Tx4GYAAAAk/tenor.gif)
06-25 11:58:59.062  1740  2776 W YouTubeMusic: Could not register for notifications with InnerTube: 
06-25 11:58:59.062  1740  2776 W YouTubeMusic: abqx: zvm: Precondition check failed.
06-25 11:58:59.062  1740  2776 W YouTubeMusic: 	at abqn.apply(Unknown Source:4)
06-25 11:58:59.062  1740  2776 W YouTubeMusic: 	at yyi.r(PG:5)
06-25 11:58:59.062  1740  2776 W YouTubeMusic: 	at yyi.b(PG:2)
06-25 11:58:59.062  1740  2776 W YouTubeMusic: 	at abqp.d(PG:4)
06-25 11:58:59.062  1740  2776 W YouTubeMusic: 	at agsb.c(PG:63)
06-25 11:58:59.062  1740  2776 W YouTubeMusic: 	at agsb.j(PG:38)
06-25 11:58:59.062  1740  2776 W YouTubeMusic: 	at agsb.d(PG:3)
06-25 11:58:59.062  1740  2776 W YouTubeMusic: 	at agrz.run(Unknown Source:2)
06-25 11:58:59.062  1740  2776 W YouTubeMusic: 	at java.util.concurrent.Executors$RunnableAdapter.call(Executors.java:487)
06-25 11:58:59.062  1740  2776 W YouTubeMusic: 	at java.util.concurrent.FutureTask.run(FutureTask.java:264)
06-25 11:58:59.062  1740  2776 W YouTubeMusic: 	at java.util.concurrent.ThreadPoolExecutor.runWorker(ThreadPoolExecutor.java:1145)
06-25 11:58:59.062  1740  2776 W YouTubeMusic: 	at java.util.concurrent.ThreadPoolExecutor$Worker.run(ThreadPoolExecutor.java:644)
06-25 11:58:59.062  1740  2776 W YouTubeMusic: 	at smg.run(PG:2)
06-25 11:58:59.062  1740  2776 W YouTubeMusic: 	at java.lang.Thread.run(Thread.java:1012)
06-25 11:58:59.062  1740  2776 W YouTubeMusic: 	at snu.run(PG:5)
06-25 11:58:59.062  1740  2776 W YouTubeMusic: Caused by: zvm: Precondition check failed.
06-25 11:58:59.062  1740  2776 W YouTubeMusic: 	at abpb.e(PG:5)
06-25 11:58:59.062  1740  2776 W YouTubeMusic: 	at zhp.f(PG:1)
06-25 11:58:59.062  1740  2776 W YouTubeMusic: 	at zhp.e(PG:1)
06-25 11:58:59.062  1740  2776 W YouTubeMusic: 	at zgl.run(PG:19)
06-25 11:58:59.062  1740  2776 W YouTubeMusic: 	at aosb.run(PG:3)
06-25 11:58:59.062  1740  2776 W YouTubeMusic: 	at java.util.concurrent.ThreadPoolExecutor.runWorker(ThreadPoolExecutor.java:1145)
06-25 11:58:59.062  1740  2776 W YouTubeMusic: 	at java.util.concurrent.ThreadPoolExecutor$Worker.run(ThreadPoolExecutor.java:644)
06-25 11:58:59.062  1740  2776 W YouTubeMusic: 	at yxr.run(PG:11)
06-25 11:58:59.062  1740  2776 W YouTubeMusic: 	at java.lang.Thread.run(Thread.java:1012)
06-25 11:58:59.062  1740  2776 W YouTubeMusic: Caused by: efc
06-25 11:58:59.062  1740  2776 W YouTubeMusic: 	at zgl.run(PG:13)
06-25 11:58:59.062  1740  2776 W YouTubeMusic: 	... 5 more
06-25 11:58:59.066  5023  5244 E MDD     : DownloadProgressMonitor: Can't find file group for uri: android://com.google.android.apps.messaging/files/datadownload/shared/public/datadownloadfile_1782388730322
06-25 11:58:59.074  5023  6398 D cevx    : Starting download: https://c.tenor.com/FG7ZEoYk73IAAAAk/tenor.gif
06-25 11:58:59.074  5023  6398 V cevx    : Is http uri, downloading (uri: https://c.tenor.com/FG7ZEoYk73IAAAAk/tenor.gif)
06-25 11:58:59.086  5023  6395 E MDD     : DownloadProgressMonitor: Can't find file group for uri: android://com.google.android.apps.messaging/files/datadownload/shared/public/datadownloadfile_1782388730323
06-25 11:58:59.096   518   537 D WifiNl80211Manager: Scan result ready event
06-25 11:58:59.097   518   537 D WifiNative: Scan result ready event
06-25 11:58:59.102  5023  6398 E MDD     : DownloadProgressMonitor: Can't find file group for uri: android://com.google.android.apps.messaging/files/datadownload/shared/public/datadownloadfile_1782388730324
06-25 11:58:59.105  5023  5244 D cevx    : Starting download: https://c.tenor.com/GMf50kiNLC8AAAAk/tenor.gif
06-25 11:58:59.105  5023  5244 V cevx    : Is http uri, downloading (uri: https://c.tenor.com/GMf50kiNLC8AAAAk/tenor.gif)
06-25 11:58:59.113  1740  2776 W YouTubeMusic: Could not register for notifications with InnerTube: 
06-25 11:58:59.113  1740  2776 W YouTubeMusic: abqx: zvm: Precondition check failed.
06-25 11:58:59.113  1740  2776 W YouTubeMusic: 	at abqn.apply(Unknown Source:4)
06-25 11:58:59.113  1740  2776 W YouTubeMusic: 	at yyi.r(PG:5)
06-25 11:58:59.113  1740  2776 W YouTubeMusic: 	at yyi.b(PG:2)
06-25 11:58:59.113  1740  2776 W YouTubeMusic: 	at abqp.d(PG:4)
06-25 11:58:59.113  1740  2776 W YouTubeMusic: 	at agsb.c(PG:63)
06-25 11:58:59.113  1740  2776 W YouTubeMusic: 	at agsb.i(PG:4)
06-25 11:58:59.113  1740  2776 W YouTubeMusic: 	at agsb.c(PG:92)
06-25 11:58:59.113  1740  2776 W YouTubeMusic: 	at agsb.j(PG:38)
06-25 11:58:59.113  1740  2776 W YouTubeMusic: 	at agsb.d(PG:3)
06-25 11:58:59.113  1740  2776 W YouTubeMusic: 	at agrz.run(Unknown Source:2)
06-25 11:58:59.113  1740  2776 W YouTubeMusic: 	at java.util.concurrent.Executors$RunnableAdapter.call(Executors.java:487)
06-25 11:58:59.113  1740  2776 W YouTubeMusic: 	at java.util.concurrent.FutureTask.run(FutureTask.java:264)
06-25 11:58:59.113  1740  2776 W YouTubeMusic: 	at java.util.concurrent.ThreadPoolExecutor.runWorker(ThreadPoolExecutor.java:1145)
06-25 11:58:59.113  1740  2776 W YouTubeMusic: 	at java.util.concurrent.ThreadPoolExecutor$Worker.run(ThreadPoolExecutor.java:644)
06-25 11:58:59.113  1740  2776 W YouTubeMusic: 	at smg.run(PG:2)
06-25 11:58:59.113  1740  2776 W YouTubeMusic: 	at java.lang.Thread.run(Thread.java:1012)
06-25 11:58:59.113  1740  2776 W YouTubeMusic: 	at snu.run(PG:5)
06-25 11:58:59.113  1740  2776 W YouTubeMusic: Caused by: zvm: Precondition check failed.
06-25 11:58:59.113  1740  2776 W YouTubeMusic: 	at abpb.e(PG:5)
06-25 11:58:59.113  1740  2776 W YouTubeMusic: 	at zhp.f(PG:1)
06-25 11:58:59.113  1740  2776 W YouTubeMusic: 	at zhp.e(PG:1)
06-25 11:58:59.113  1740  2776 W YouTubeMusic: 	at zgl.run(PG:19)
06-25 11:58:59.113  1740  2776 W YouTubeMusic: 	at aosb.run(PG:3)
06-25 11:58:59.113  1740  2776 W YouTubeMusic: 	at java.util.concurrent.ThreadPoolExecutor.runWorker(ThreadPoolExecutor.java:1145)
06-25 11:58:59.113  1740  2776 W YouTubeMusic: 	at java.util.concurrent.ThreadPoolExecutor$Worker.run(ThreadPoolExecutor.java:644)
06-25 11:58:59.113  1740  2776 W YouTubeMusic: 	at yxr.run(PG:11)
06-25 11:58:59.113  1740  2776 W YouTubeMusic: 	at java.lang.Thread.run(Thread.java:1012)
06-25 11:58:59.113  1740  2776 W YouTubeMusic: Caused by: efc
06-25 11:58:59.113  1740  2776 W YouTubeMusic: 	at zgl.run(PG:13)
06-25 11:58:59.113  1740  2776 W YouTubeMusic: 	... 5 more
06-25 11:58:59.115  5023  6395 D cevx    : Starting download: https://c.tenor.com/zMoc55x_4u0AAAAk/tenor.gif
06-25 11:58:59.115  5023  6395 V cevx    : Is http uri, downloading (uri: https://c.tenor.com/zMoc55x_4u0AAAAk/tenor.gif)
06-25 11:58:59.131  5023  5244 E MDD     : DownloadProgressMonitor: Can't find file group for uri: android://com.google.android.apps.messaging/files/datadownload/shared/public/datadownloadfile_1782388730325
06-25 11:58:59.143  5023  6395 E MDD     : DownloadProgressMonitor: Can't find file group for uri: android://com.google.android.apps.messaging/files/datadownload/shared/public/datadownloadfile_1782388730326
06-25 11:58:59.144  5023  6398 D cevx    : Starting download: https://c.tenor.com/_vp7nxsOURoAAAAk/tenor.gif
06-25 11:58:59.144  5023  6398 V cevx    : Is http uri, downloading (uri: https://c.tenor.com/_vp7nxsOURoAAAAk/tenor.gif)
06-25 11:58:59.156  5023  5244 D cevx    : Starting download: https://c.tenor.com/tMK5vWgS8OsAAAAk/tenor.gif
06-25 11:58:59.156  5023  5244 V cevx    : Is http uri, downloading (uri: https://c.tenor.com/tMK5vWgS8OsAAAAk/tenor.gif)
06-25 11:58:59.171  5023  6398 E MDD     : DownloadProgressMonitor: Can't find file group for uri: android://com.google.android.apps.messaging/files/datadownload/shared/public/datadownloadfile_1782388730327
06-25 11:58:59.176  5023  6395 D cevx    : Starting download: https://c.tenor.com/1tJHYEz-rOUAAAAk/tenor.gif
06-25 11:58:59.176  5023  6395 V cevx    : Is http uri, downloading (uri: https://c.tenor.com/1tJHYEz-rOUAAAAk/tenor.gif)
06-25 11:58:59.185  5023  5244 E MDD     : DownloadProgressMonitor: Can't find file group for uri: android://com.google.android.apps.messaging/files/datadownload/shared/public/datadownloadfile_1782388730328
06-25 11:58:59.193  5023  6398 D cevx    : Starting download: https://c.tenor.com/mHn8qmF0jd8AAAAk/tenor.gif
06-25 11:58:59.193  5023  6398 V cevx    : Is http uri, downloading (uri: https://c.tenor.com/mHn8qmF0jd8AAAAk/tenor.gif)
06-25 11:58:59.203  5023  6395 E MDD     : DownloadProgressMonitor: Can't find file group for uri: android://com.google.android.apps.messaging/files/datadownload/shared/public/datadownloadfile_1782388730329
06-25 11:58:59.206  5023  5244 D cevx    : Starting download: https://c.tenor.com/L-cr_zEMUKIAAAAk/tenor.gif
06-25 11:58:59.206  5023  5244 V cevx    : Is http uri, downloading (uri: https://c.tenor.com/L-cr_zEMUKIAAAAk/tenor.gif)
06-25 11:58:59.223  5023  6398 E MDD     : DownloadProgressMonitor: Can't find file group for uri: android://com.google.android.apps.messaging/files/datadownload/shared/public/datadownloadfile_1782388730330
06-25 11:58:59.226  5023  6395 D cevx    : Starting download: https://c.tenor.com/d9jjVFcaM88AAAAk/tenor.gif
06-25 11:58:59.226  5023  6395 V cevx    : Is http uri, downloading (uri: https://c.tenor.com/d9jjVFcaM88AAAAk/tenor.gif)
06-25 11:58:59.233  5023  5244 E MDD     : DownloadProgressMonitor: Can't find file group for uri: android://com.google.android.apps.messaging/files/datadownload/shared/public/datadownloadfile_1782388730331
06-25 11:58:59.235  5023  6398 D cevx    : Starting download: https://c.tenor.com/CAwnO7U1PuUAAAAk/tenor.gif
06-25 11:58:59.235  5023  6398 V cevx    : Is http uri, downloading (uri: https://c.tenor.com/CAwnO7U1PuUAAAAk/tenor.gif)
06-25 11:58:59.256  5023  6395 E MDD     : DownloadProgressMonitor: Can't find file group for uri: android://com.google.android.apps.messaging/files/datadownload/shared/public/datadownloadfile_1782388730332
06-25 11:58:59.259  5023  5244 D cevx    : Starting download: https://c.tenor.com/MNVpjI3peqUAAAAk/tenor.gif
06-25 11:58:59.259  5023  5244 V cevx    : Is http uri, downloading (uri: https://c.tenor.com/MNVpjI3peqUAAAAk/tenor.gif)
06-25 11:58:59.261  5023  6398 E MDD     : DownloadProgressMonitor: Can't find file group for uri: android://com.google.android.apps.messaging/files/datadownload/shared/public/datadownloadfile_1782388730333
06-25 11:58:59.265  5023  6395 D cevx    : Starting download: https://c.tenor.com/AUCaj-n1RScAAAAk/tenor.gif
06-25 11:58:59.265  5023  6395 V cevx    : Is http uri, downloading (uri: https://c.tenor.com/AUCaj-n1RScAAAAk/tenor.gif)
06-25 11:58:59.290  5023  5244 E MDD     : DownloadProgressMonitor: Can't find file group for uri: android://com.google.android.apps.messaging/files/datadownload/shared/public/datadownloadfile_1782388730334
06-25 11:58:59.292  5023  6395 E MDD     : DownloadProgressMonitor: Can't find file group for uri: android://com.google.android.apps.messaging/files/datadownload/shared/public/datadownloadfile_1782388730335
06-25 11:58:59.295  5023  6398 D cevx    : Starting download: https://c.tenor.com/MdGCDaD6Wa8AAAAk/tenor.gif
06-25 11:58:59.295  5023  6398 V cevx    : Is http uri, downloading (uri: https://c.tenor.com/MdGCDaD6Wa8AAAAk/tenor.gif)
06-25 11:58:59.297  5023  6395 D cevx    : Starting download: https://c.tenor.com/RQcrdyXkM2YAAAAk/tenor.gif
06-25 11:58:59.297  5023  6395 V cevx    : Is http uri, downloading (uri: https://c.tenor.com/RQcrdyXkM2YAAAAk/tenor.gif)
06-25 11:58:59.321  5023  6398 E MDD     : DownloadProgressMonitor: Can't find file group for uri: android://com.google.android.apps.messaging/files/datadownload/shared/public/datadownloadfile_1782388730336
06-25 11:58:59.323  5023  5244 D cevx    : Starting download: https://c.tenor.com/GEfom6TUKQIAAAAk/tenor.gif
06-25 11:58:59.323  5023  5244 V cevx    : Is http uri, downloading (uri: https://c.tenor.com/GEfom6TUKQIAAAAk/tenor.gif)
06-25 11:58:59.326  5023  6395 E MDD     : DownloadProgressMonitor: Can't find file group for uri: android://com.google.android.apps.messaging/files/datadownload/shared/public/datadownloadfile_1782388730337
06-25 11:58:59.328  5023  6398 D cevx    : Starting download: https://c.tenor.com/jPgPgvg4CjoAAAAk/tenor.gif
06-25 11:58:59.328  5023  6398 V cevx    : Is http uri, downloading (uri: https://c.tenor.com/jPgPgvg4CjoAAAAk/tenor.gif)
06-25 11:58:59.350  5023  5244 E MDD     : DownloadProgressMonitor: Can't find file group for uri: android://com.google.android.apps.messaging/files/datadownload/shared/public/datadownloadfile_1782388730338
06-25 11:58:59.352  5023  6395 D cevx    : Starting download: https://c.tenor.com/CSkw57W8v1wAAAAk/tenor.gif
06-25 11:58:59.352  5023  6395 V cevx    : Is http uri, downloading (uri: https://c.tenor.com/CSkw57W8v1wAAAAk/tenor.gif)
06-25 11:58:59.356  5023  6398 E MDD     : DownloadProgressMonitor: Can't find file group for uri: android://com.google.android.apps.messaging/files/datadownload/shared/public/datadownloadfile_1782388730339
06-25 11:58:59.359  5023  5244 D cevx    : Starting download: https://c.tenor.com/gOG397-puAsAAAAk/tenor.gif
06-25 11:58:59.359  5023  5244 V cevx    : Is http uri, downloading (uri: https://c.tenor.com/gOG397-puAsAAAAk/tenor.gif)
06-25 11:58:59.379  5023  6395 E MDD     : DownloadProgressMonitor: Can't find file group for uri: android://com.google.android.apps.messaging/files/datadownload/shared/public/datadownloadfile_1782388730340
06-25 11:58:59.381  5023  6398 D cevx    : Starting download: https://c.tenor.com/fynlBjSoN7kAAAAk/tenor.gif
06-25 11:58:59.381  5023  6398 V cevx    : Is http uri, downloading (uri: https://c.tenor.com/fynlBjSoN7kAAAAk/tenor.gif)
06-25 11:58:59.389  5023  5244 E MDD     : DownloadProgressMonitor: Can't find file group for uri: android://com.google.android.apps.messaging/files/datadownload/shared/public/datadownloadfile_1782388730341
06-25 11:58:59.393  5023  6395 D cevx    : Starting download: https://c.tenor.com/wCB5JtcL9k4AAAAk/tenor.gif
06-25 11:58:59.393  5023  6395 V cevx    : Is http uri, downloading (uri: https://c.tenor.com/wCB5JtcL9k4AAAAk/tenor.gif)
06-25 11:58:59.407  5023  6398 E MDD     : DownloadProgressMonitor: Can't find file group for uri: android://com.google.android.apps.messaging/files/datadownload/shared/public/datadownloadfile_1782388730342
06-25 11:58:59.409  5023  5244 D cevx    : Starting download: https://c.tenor.com/1NpGDEgyc98AAAAk/tenor.gif
06-25 11:58:59.409  5023  5244 V cevx    : Is http uri, downloading (uri: https://c.tenor.com/1NpGDEgyc98AAAAk/tenor.gif)
06-25 11:58:59.422  5023  6395 E MDD     : DownloadProgressMonitor: Can't find file group for uri: android://com.google.android.apps.messaging/files/datadownload/shared/public/datadownloadfile_1782388730343
06-25 11:58:59.425  5023  6398 D cevx    : Starting download: https://c.tenor.com/Aq48a65922EAAAAk/tenor.gif
06-25 11:58:59.425  5023  6398 V cevx    : Is http uri, downloading (uri: https://c.tenor.com/Aq48a65922EAAAAk/tenor.gif)
06-25 11:58:59.439  5023  5244 E MDD     : DownloadProgressMonitor: Can't find file group for uri: android://com.google.android.apps.messaging/files/datadownload/shared/public/datadownloadfile_1782388730344
06-25 11:58:59.446  5023  6395 D cevx    : Starting download: https://c.tenor.com/ef41wTywedgAAAAk/tenor.gif
06-25 11:58:59.446  5023  6395 V cevx    : Is http uri, downloading (uri: https://c.tenor.com/ef41wTywedgAAAAk/tenor.gif)
06-25 11:58:59.454  5023  6398 E MDD     : DownloadProgressMonitor: Can't find file group for uri: android://com.google.android.apps.messaging/files/datadownload/shared/public/datadownloadfile_1782388730345
06-25 11:58:59.461  5023  5244 D cevx    : Starting download: https://c.tenor.com/Q-QaNnhrdpMAAAAk/tenor.gif
06-25 11:58:59.461  5023  5244 V cevx    : Is http uri, downloading (uri: https://c.tenor.com/Q-QaNnhrdpMAAAAk/tenor.gif)
06-25 11:58:59.472  5023  6395 E MDD     : DownloadProgressMonitor: Can't find file group for uri: android://com.google.android.apps.messaging/files/datadownload/shared/public/datadownloadfile_1782388730346
06-25 11:58:59.480  5023  6398 D cevx    : Starting download: https://c.tenor.com/XL-Oqt3d6NcAAAAk/tenor.gif
06-25 11:58:59.480  5023  6398 V cevx    : Is http uri, downloading (uri: https://c.tenor.com/XL-Oqt3d6NcAAAAk/tenor.gif)
06-25 11:58:59.490  5023  5244 E MDD     : DownloadProgressMonitor: Can't find file group for uri: android://com.google.android.apps.messaging/files/datadownload/shared/public/datadownloadfile_1782388730347
06-25 11:58:59.498  5023  6395 D cevx    : Starting download: https://c.tenor.com/IjU5mwLSBB8AAAAk/tenor.gif
06-25 11:58:59.498  5023  6395 V cevx    : Is http uri, downloading (uri: https://c.tenor.com/IjU5mwLSBB8AAAAk/tenor.gif)
06-25 11:58:59.507  5023  6398 E MDD     : DownloadProgressMonitor: Can't find file group for uri: android://com.google.android.apps.messaging/files/datadownload/shared/public/datadownloadfile_1782388730348
06-25 11:58:59.511  5023  5244 D cevx    : Starting download: https://c.tenor.com/z-FczidyrWEAAAAk/tenor.gif
06-25 11:58:59.511  5023  5244 V cevx    : Is http uri, downloading (uri: https://c.tenor.com/z-FczidyrWEAAAAk/tenor.gif)
06-25 11:58:59.527  5023  6395 E MDD     : DownloadProgressMonitor: Can't find file group for uri: android://com.google.android.apps.messaging/files/datadownload/shared/public/datadownloadfile_1782388730349
06-25 11:58:59.528  5023  5246 D PhFileGroupPop: Added file groups animated_emoji
06-25 11:58:59.534  5023  5246 I WM-WorkerWrapper: Worker result SUCCESS for Work [ id=ea15826f-44e2-47ec-a763-dff60f97a349, tags={ com.google.android.libraries.mdi.download.workmanager.workers.PeriodicWorker, MDD.CELLULAR.CHARGING.PERIODIC.TASK } ]
06-25 11:58:59.539  5023  5244 E MDD     : DownloadProgressMonitor: Can't find file group for uri: android://com.google.android.apps.messaging/files/datadownload/shared/public/datadownloadfile_1782388730350
06-25 11:58:59.547  5023  5246 D cevx    : Starting download: https://c.tenor.com/sRGmaFiObpEAAAAk/tenor.gif
06-25 11:58:59.547  5023  5246 V cevx    : Is http uri, downloading (uri: https://c.tenor.com/sRGmaFiObpEAAAAk/tenor.gif)
06-25 11:58:59.550  5023  6395 D cevx    : Starting download: https://c.tenor.com/99ocPzxp960AAAAk/tenor.gif
06-25 11:58:59.550  5023  6395 V cevx    : Is http uri, downloading (uri: https://c.tenor.com/99ocPzxp960AAAAk/tenor.gif)
06-25 11:58:59.576  5023  6395 E MDD     : DownloadProgressMonitor: Can't find file group for uri: android://com.google.android.apps.messaging/files/datadownload/shared/public/datadownloadfile_1782388730352
06-25 11:58:59.577  5023  5246 E MDD     : DownloadProgressMonitor: Can't find file group for uri: android://com.google.android.apps.messaging/files/datadownload/shared/public/datadownloadfile_1782388730351
