06-26 07:01:54.163  1122  1122 D TaplEvents: TIS / TouchInteractionService.onInputEvent: MotionEvent { action=ACTION_DOWN, actionButton=0, id[0]=0, x[0]=79.0, y[0]=617.0, toolType[0]=TOOL_TYPE_FINGER, buttonState=0, classification=NONE, metaState=0, flags=0x0, edgeFlags=0x0, pointerCount=1, historySize=0, eventTime=306191, downTime=306191, deviceId=-1, source=0x1002, displayId=0, eventId=-153673360 }
06-26 07:01:54.165   518   628 D CompatibilityChangeReporter: Compat change id reported: 197654537; UID 10192; state: ENABLED
06-26 07:01:54.166  1122  1122 E PagedView: validateNewPage: failed to find a page > mMinScrollX
06-26 07:01:54.166  1122  1122 E PagedView: validateNewPage: failed to find a page > mMinScrollX
06-26 07:01:54.167   868   900 V ShellRecents: RecentsTransitionHandler.startRecentsTransition
06-26 07:01:54.167   868   900 V WindowManagerShell: Directly starting a new transition type=3 wct=WindowContainerTransaction { changes = {} hops = [{PendingIntent: options=Bundle[mParcelledData.dataSize=332]}] errorCallbackToken=null taskFragmentOrganizer=null } handler=com.android.wm.shell.recents.RecentsTransitionHandler@4503b35
06-26 07:01:54.169   868   900 V ShellRecents: [61097972] RecentsController.setTransition: id=android.os.BinderProxy@5972b1d
06-26 07:01:54.178   399   399 I BpBinder: onLastStrongRef automatically unlinking death recipients: 
06-26 07:01:54.181  1122  1122 D TaplTarget: sendStateEventToTest: 6
06-26 07:01:54.182  1122  1178 I ImeTracker: com.google.android.apps.nexuslauncher:1a3cc747: onRequestHide at ORIGIN_CLIENT_HIDE_SOFT_INPUT reason HIDE_SOFT_INPUT
06-26 07:01:54.182  1122  1178 I ImeTracker: com.google.android.apps.nexuslauncher:1a3cc747: onFailed at PHASE_CLIENT_VIEW_SERVED
06-26 07:01:54.215   518   574 V WindowManager: Sent Transition #22 createdAt=06-26 07:01:54.167
06-26 07:01:54.216   518   574 V WindowManager:     startWCT=WindowContainerTransaction { changes = {} hops = [{PendingIntent: options=Bundle[{android.activity.splashScreenStyle=-1, android.activity.sourceInfo=android.app.ActivityOptions$SourceInfo@346bac3, android.activity.transientLaunch=true}]}] errorCallbackToken=null taskFragmentOrganizer=null }
06-26 07:01:54.216   518   574 V WindowManager:     info={id=22 t=TO_FRONT f=0x80 trk=0 r=[0@Point(0, 0)] c=[{WCT{RemoteToken{36b09c6 Task{f76fae0 #1 type=home}}} m=TO_FRONT f=SHOW_WALLPAPER|MOVE_TO_TOP leash=Surface(name=Task=1)/@0xfeef7e6 sb=Rect(0, 0 - 320, 640) eb=Rect(0, 0 - 320, 640) d=0},{WCT{RemoteToken{4e35fba Task{7653875 #14 type=standard A=10192:com.hanapkalinga.mobile}}} m=TO_BACK f=NONE leash=Surface(name=Task=14)/@0x21cffdc sb=Rect(0, 0 - 320, 640) eb=Rect(0, 0 - 320, 640) d=0},{null m=TO_FRONT f=IS_WALLPAPER leash=Surface(name=WallpaperWindowToken{d5d6abd token=android.os.Binder@33d1467})/@0xfbd70d4 sb=Rect(0, 0 - 320, 640) eb=Rect(0, 0 - 320, 640) d=0}]}
06-26 07:01:54.218   518   577 D OomAdjuster: Not killing cached processes
06-26 07:01:54.255   868   900 V WindowManagerShell: onTransitionReady android.os.BinderProxy@5972b1d: {id=22 t=TO_FRONT f=0x80 trk=0 r=[0@Point(0, 0)] c=[{WCT{android.window.IWindowContainerToken$Stub$Proxy@30d04de} m=TO_FRONT f=SHOW_WALLPAPER|MOVE_TO_TOP leash=Surface(name=Task=1)/@0x5ee6192 sb=Rect(0, 0 - 320, 640) eb=Rect(0, 0 - 320, 640) d=0},{WCT{android.window.IWindowContainerToken$Stub$Proxy@5bae6bf} m=TO_BACK f=NONE leash=Surface(name=Task=14)/@0x1263763 sb=Rect(0, 0 - 320, 640) eb=Rect(0, 0 - 320, 640) d=0},{null m=TO_FRONT f=IS_WALLPAPER leash=Surface(name=WallpaperWindowToken{d5d6abd token=android.os.Binder@33d1467})/@0xbb7ef60 sb=Rect(0, 0 - 320, 640) eb=Rect(0, 0 - 320, 640) d=0}]}
06-26 07:01:54.255   868   900 V WindowManagerShell: Playing animation for (#22)android.os.BinderProxy@5972b1d@0
06-26 07:01:54.255   868   900 V WindowManagerShell:  try firstHandler com.android.wm.shell.recents.RecentsTransitionHandler@4503b35
06-26 07:01:54.282   868   900 V ShellRecents: [61097972] RecentsController.start
06-26 07:01:54.283   868   900 V ShellRecents:   adding pausing leaf taskId=14 at layer=8
06-26 07:01:54.283   868   900 V ShellRecents: [61097972] RecentsController.start: calling onAnimationStart
06-26 07:01:54.284   868   900 V WindowManagerShell:  animated by firstHandler
06-26 07:01:54.284   868   900 W Looper  : Slow delivery took 42ms wmshell.main h=android.os.Handler c=com.android.wm.shell.transition.Transitions$TransitionPlayerImpl$$ExternalSyntheticLambda0@f384a78 m=0
06-26 07:01:54.309  1122  1122 D RemoteTargetGluer: appCount: 1 handleLength: 2
06-26 07:01:54.309  1122  1122 D RemoteTargetGluer: resizing handles
06-26 07:01:54.309  1122  1122 D RemoteTargetGluer: containsSplitTargets? false handleLength: 1 appsLength: 1
06-26 07:01:54.310  1122  1122 D RemoteTargetGluer: appCount: 1 handleLength: 2
06-26 07:01:54.310  1122  1122 D RemoteTargetGluer: resizing handles
06-26 07:01:54.310  1122  1122 D RemoteTargetGluer: containsSplitTargets? false handleLength: 1 appsLength: 1
06-26 07:01:54.357  1122  1122 D TaplEvents: TIS / TouchInteractionService.onInputEvent: MotionEvent { action=ACTION_UP, actionButton=0, id[0]=0, x[0]=79.0, y[0]=617.0, toolType[0]=TOOL_TYPE_FINGER, buttonState=0, classification=NONE, metaState=0, flags=0x0, edgeFlags=0x0, pointerCount=1, historySize=0, eventTime=306320, downTime=306191, deviceId=-1, source=0x1002, displayId=0, eventId=-983268041 }
06-26 07:01:54.361   518  1691 W AppSearchIcing: icing-search-engine.cc:283: Error: 5, Message: Document (com.google.android.googlequicksearchbox$OneSearchZeroStateGoogleSuggestions/default, zp) not found.
06-26 07:01:54.366   396   396 D audioserver: FGS Logger Transaction failed
06-26 07:01:54.366   396   396 D audioserver: -129
06-26 07:01:54.368  1122  1122 D TaplTarget: sendStateEventToTest: 0
06-26 07:01:54.371  1122  2099 D OneSearchSuggestProvider: Created the binder channel successfully for end point service =com.google.android.apps.search.googleapp.search.suggest.plugins.onesearch.server.OneSearchSuggestService , mChannel=z1{delegate=s1{logId=41, target=directaddress:///AndroidComponentAddress%5BIntent%20%7B%20act=grpc.io.action.BIND%20cmp=com.google.android.googlequicksearchbox/com.google.android.apps.search.googleapp.search.suggest.plugins.onesearch.server.OneSearchSuggestService%20%7D%5D}} , mOneSearchConnection=X1.T@3313394
06-26 07:01:54.373   868   900 W Looper  : Drained
06-26 07:01:54.376  1683  2067 I AiAiEcho: Predicting[0]: 
06-26 07:01:54.376  1683  2067 I AiAiEcho: EchoTargets: 
06-26 07:01:54.376  1683  2067 I AiAiEcho: Filtered by AiAi flag check: 
06-26 07:01:54.376  1683  2067 I AiAiEcho: Ranked targets strategy: SORT, count: 0, ranking metadata: 
06-26 07:01:54.377  1683  2067 I AiAiEcho: #postPredictionTargets: Sending updates to UISurface home with targets# 0 (types=[])
06-26 07:01:54.377   518   785 W ProcessStats: Tracking association SourceState{c6716dc com.google.android.googlequicksearchbox:search/10132 BTop #15066} whose proc state 2 is better than process ProcessState{28e8b6d com.google.android.googlequicksearchbox:interactor/10132 pkg=com.google.android.googlequicksearchbox} proc state 4 (81 skipped)
06-26 07:01:54.382  4116  4299 D BtGatt.ScanManager: uid 10129 isForeground true scanMode -1
06-26 07:01:54.382  4116  4299 D BtGatt.ScanManager: uid 10129 isForeground true scanMode 1
06-26 07:01:54.382  4116  4299 D BtGatt.ScanManager: uid 10129 isForeground true scanMode -1
06-26 07:01:54.384  1122  1178 I ImeTracker: com.google.android.apps.nexuslauncher:f309bf0c: onRequestHide at ORIGIN_CLIENT_HIDE_SOFT_INPUT reason HIDE_SOFT_INPUT
06-26 07:01:54.384  1122  1178 I ImeTracker: com.google.android.apps.nexuslauncher:f309bf0c: onFailed at PHASE_CLIENT_VIEW_SERVED
06-26 07:01:54.384   868   900 V ShellRecents: [61097972] RecentsController.finishInner: toHome=false userLeave=false willFinishToHome=false state=0
06-26 07:01:54.384   868   900 V ShellRecents:   returning to app
06-26 07:01:54.384   868   900 V ShellRecents: [61097972] RecentsController.cleanup
06-26 07:01:54.385   868   900 V WindowManagerShell: Transition animation finished (aborted=false), notifying core (#22)android.os.BinderProxy@5972b1d@0
06-26 07:01:54.389   518   574 V WindowManager: Finish Transition #22: created at 06-26 07:01:54.167 collect-started=0.053ms started=0.068ms ready=1.207ms sent=45.766ms finished=221.438ms
06-26 07:01:54.391  1753  1753 I A       : Created gRPC endpoint to "search" for service class com.google.android.apps.search.googleapp.search.suggest.plugins.onesearch.server.OneSearchSuggestService
06-26 07:01:54.394  1753  2575 I A       : Using proto config with mendel
06-26 07:01:54.394  1753  2575 W A       : Queue length for executor EventBus is now 11. Perhaps some tasks are too long, or the pool is too small.
06-26 07:01:54.395  1753  2290 W CorpusConfigHelper: Invalid input from icing corpus JSON flag.
06-26 07:01:54.395  1753  2290 W CorpusConfigHelper: android.util.MalformedJsonException: Use JsonReader.setLenient(true) to accept malformed JSON at line 123 column 2
06-26 07:01:54.395  1753  2290 W CorpusConfigHelper: 	at android.util.JsonReader.syntaxError(JsonReader.java:1162)
06-26 07:01:54.395  1753  2290 W CorpusConfigHelper: 	at android.util.JsonReader.checkLenient(JsonReader.java:840)
06-26 07:01:54.395  1753  2290 W CorpusConfigHelper: 	at android.util.JsonReader.nextInArray(JsonReader.java:615)
06-26 07:01:54.395  1753  2290 W CorpusConfigHelper: 	at android.util.JsonReader.peek(JsonReader.java:345)
06-26 07:01:54.395  1753  2290 W CorpusConfigHelper: 	at android.util.JsonReader.hasNext(JsonReader.java:321)
06-26 07:01:54.395  1753  2290 W CorpusConfigHelper: 	at com.google.android.apps.gsa.searchbox.c.b.b.k.c(PG:7)
06-26 07:01:54.395  1753  2290 W CorpusConfigHelper: 	at com.google.android.apps.gsa.searchbox.c.b.b.k.<init>(PG:5)
06-26 07:01:54.395  1753  2290 W CorpusConfigHelper: 	at com.google.android.apps.gsa.staticplugins.searchboxroot.features.n.a.c.<init>(PG:16)
06-26 07:01:54.395  1753  2290 W CorpusConfigHelper: 	at com.google.android.apps.gsa.staticplugins.searchboxroot.b.a(PG:14)
06-26 07:01:54.395  1753  2290 W CorpusConfigHelper: 	at com.google.android.apps.gsa.staticplugins.searchboxroot.x.<init>(PG:7)
06-26 07:01:54.395  1753  2290 W CorpusConfigHelper: 	at com.google.android.apps.gsa.binaries.velvet.app.akd.b(PG:15)
06-26 07:01:54.395  1753  2290 W CorpusConfigHelper: 	at dagger.a.e.b(PG:1)
06-26 07:01:54.395  1753  2290 W CorpusConfigHelper: 	at com.google.android.apps.gsa.staticplugins.searchboxroot.a.a.a(PG:3)
06-26 07:01:54.395  1753  2290 W CorpusConfigHelper: 	at com.google.android.apps.gsa.binaries.velvet.app.ok.f(Unknown Source:2541)
06-26 07:01:54.395  1753  2290 W CorpusConfigHelper: 	at com.google.android.apps.gsa.binaries.velvet.app.ok.b(PG:1)
06-26 07:01:54.395  1753  2290 W CorpusConfigHelper: 	at com.google.android.apps.gsa.search.core.service.g.a.c.a(PG:2)
06-26 07:01:54.395  1753  2290 W CorpusConfigHelper: 	at com.google.android.libraries.gsa.k.a.f.a(PG:2)
06-26 07:01:54.395  1753  2290 W CorpusConfigHelper: 	at com.google.common.util.concurrent.dx.a(PG:1)
06-26 07:01:54.395  1753  2290 W CorpusConfigHelper: 	at com.google.common.util.concurrent.cv.run(PG:4)
06-26 07:01:54.395  1753  2290 W CorpusConfigHelper: 	at com.google.common.util.concurrent.dz.run(PG:1)
06-26 07:01:54.395  1753  2290 W CorpusConfigHelper: 	at com.google.android.libraries.i.ae.run(PG:1)
06-26 07:01:54.395  1753  2290 W CorpusConfigHelper: 	at java.util.concurrent.ThreadPoolExecutor.runWorker(ThreadPoolExecutor.java:1145)
06-26 07:01:54.395  1753  2290 W CorpusConfigHelper: 	at java.util.concurrent.ThreadPoolExecutor$Worker.run(ThreadPoolExecutor.java:644)
06-26 07:01:54.395  1753  2290 W CorpusConfigHelper: 	at com.google.android.libraries.i.k.run(PG:2)
06-26 07:01:54.395  1753  2290 W CorpusConfigHelper: 	at com.google.android.libraries.i.p.run(PG:4)
06-26 07:01:54.395  1753  2290 W CorpusConfigHelper: 	at java.lang.Thread.run(Thread.java:1012)
06-26 07:01:54.399  1753  2575 I A       : Using proto config with mendel
06-26 07:01:54.407   868   900 V WindowManagerShell: Track 0 became idle
06-26 07:01:54.407   868   900 V WindowManagerShell: All active transition animations finished
06-26 07:01:54.415  4116  4299 D BtGatt.ScanManager: uid 10129 isForeground true scanMode -1
06-26 07:01:54.417  4116  4299 D BtGatt.ScanManager: uid 10129 isForeground true scanMode 1
06-26 07:01:54.417  4116  4299 D BtGatt.ScanManager: uid 10129 isForeground true scanMode -1
06-26 07:01:54.420  5369  5420 I Icing   : IndexChimeraService.getServiceInterface callingPackage=com.google.android.googlequicksearchbox componentName=null serviceId=36
06-26 07:01:54.421  1122  1178 I ImeTracker: com.google.android.apps.nexuslauncher:db9cdff: onRequestHide at ORIGIN_CLIENT_HIDE_SOFT_INPUT reason HIDE_SOFT_INPUT
06-26 07:01:54.421  1122  1178 I ImeTracker: com.google.android.apps.nexuslauncher:db9cdff: onFailed at PHASE_CLIENT_VIEW_SERVED
06-26 07:01:54.424  1753  1857 I earchbox:search: JIT allocated 79KB for compiled code of java.lang.Object com.google.android.apps.gsa.binaries.velvet.app.akj.a()
06-26 07:01:54.424  1753  1857 I earchbox:search: Compiler allocated 4258KB to compile java.lang.Object com.google.android.apps.gsa.binaries.velvet.app.akj.a()
06-26 07:01:54.434  1122  2099 D OneSearchSuggestProvider: Shut down the binder channel
06-26 07:01:54.438   518  2640 D CompatibilityChangeReporter: Compat change id reported: 161252188; UID 10192; state: DISABLED
06-26 07:01:54.439  5369  7960 I Icing   : Usage reports ok 1, Failed Usage reports 0, indexed 0, rejected 0
06-26 07:01:54.446  1753  2958 I PBSessionCacheImpl: Deleted sessionId[7711557982791703] from persistence.
06-26 07:01:54.451  1753  2575 W SearchServiceCore: Abort, client detached.
06-26 07:01:54.452  1753  2575 I MicroDetectionState: Should stop hotword detection immediately - true
06-26 07:01:54.453  1753  2575 I A       : Using proto config with mendel
06-26 07:01:54.453  1753  2575 I A       : Using proto config with mendel
06-26 07:01:54.454  1753  2575 I MicroDetectionState: Should stop hotword detection immediately - true
06-26 07:01:54.455  1753  2575 I A       : Using proto config with mendel
06-26 07:01:54.456  1753  2575 I A       : Using proto config with mendel
06-26 07:01:54.460  1122  1122 D SearchTargetUtil:  query= size=15
06-26 07:01:54.460  1122  1122 D SearchTargetUtil: layoutType=short_icon_row resultType=131072 packageName=com.google.android.googlequicksearchbox extras=Bundle{suggestion_type=33,suggest_truncate_start=false,is_answer=false,is_entity=false,is_personal=false,suggest_raw_text=aldi ceramic purple frying pans,group_id=web82214,response_id=ad1b0694-021e-4c56-925d-551f2b51b865,support_query_builder=false,} searchAction=aldi ceramic purple frying pans searchActionExtras=Bundle{learn_more_url=https://support.google.com/websearch/answer/106230?hl=106230,suggestion_action_text=Report this,should_start_for_result=true,allow_pinning=true,skip_logging_in_target_handler=false,suggestion_action_rpc=2,}ParentID: null targetID: c27b259a-f22a-4e46-bd3e-511c5e3d001f
06-26 07:01:54.461  1122  1122 D SearchTargetUtil: layoutType=short_icon_row resultType=131072 packageName=com.google.android.googlequicksearchbox extras=Bundle{suggestion_type=33,suggest_truncate_start=false,is_answer=false,is_entity=false,is_personal=false,suggest_raw_text=bramerton big cat sighting,group_id=web82214,response_id=ad1b0694-021e-4c56-925d-551f2b51b865,support_query_builder=false,} searchAction=bramerton big cat sighting searchActionExtras=Bundle{learn_more_url=https://support.google.com/websearch/answer/106230?hl=106230,suggestion_action_text=Report this,should_start_for_result=true,allow_pinning=true,skip_logging_in_target_handler=false,suggestion_action_rpc=2,}ParentID: null targetID: 53dd6e32-7acd-4343-b699-e6b1774c5a97
06-26 07:01:54.466  1122  1122 D SearchTargetUtil: layoutType=short_icon_row resultType=131072 packageName=com.google.android.googlequicksearchbox extras=Bundle{suggestion_type=33,suggest_truncate_start=false,is_answer=false,is_entity=false,is_personal=false,suggest_raw_text=lakers knicks mavs suns trade,group_id=web82214,response_id=ad1b0694-021e-4c56-925d-551f2b51b865,support_query_builder=false,} searchAction=lakers knicks mavs suns trade searchActionExtras=Bundle{learn_more_url=https://support.google.com/websearch/answer/106230?hl=106230,suggestion_action_text=Report this,should_start_for_result=true,allow_pinning=true,skip_logging_in_target_handler=false,suggestion_action_rpc=2,}ParentID: null targetID: 6e84ec4f-fd20-47e3-a8c3-cb7902458b14
06-26 07:01:54.466  1122  1122 D SearchTargetUtil: layoutType=short_icon_row resultType=131072 packageName=com.google.android.googlequicksearchbox extras=Bundle{suggestion_type=33,suggest_truncate_start=false,is_answer=false,is_entity=false,is_personal=false,suggest_raw_text=dominion mike lindell,group_id=web82214,response_id=ad1b0694-021e-4c56-925d-551f2b51b865,support_query_builder=false,} searchAction=dominion mike lindell searchActionExtras=Bundle{learn_more_url=https://support.google.com/websearch/answer/106230?hl=106230,suggestion_action_text=Report this,should_start_for_result=true,allow_pinning=true,skip_logging_in_target_handler=false,suggestion_action_rpc=2,}ParentID: null targetID: fad5f9ce-7068-4aa8-b9b1-57a61dcb804b
06-26 07:01:54.466  1122  1122 D SearchTargetUtil: layoutType=short_icon_row resultType=131072 packageName=com.google.android.googlequicksearchbox extras=Bundle{suggestion_type=33,suggest_truncate_start=false,is_answer=false,is_entity=false,is_personal=false,suggest_raw_text=samsung galaxy s27 ultra,group_id=web82214,response_id=ad1b0694-021e-4c56-925d-551f2b51b865,support_query_builder=false,} searchAction=samsung galaxy s27 ultra searchActionExtras=Bundle{learn_more_url=https://support.google.com/websearch/answer/106230?hl=106230,suggestion_action_text=Report this,should_start_for_result=true,allow_pinning=true,skip_logging_in_target_handler=false,suggestion_action_rpc=2,}ParentID: null targetID: 347aca46-f9ec-4db8-979d-f3b18cabb47f
06-26 07:01:54.466  1122  1122 D SearchTargetUtil: layoutType=short_icon_row resultType=131072 packageName=com.google.android.googlequicksearchbox extras=Bundle{suggestion_type=33,suggest_truncate_start=false,is_answer=false,is_entity=false,is_personal=false,suggest_raw_text=pce inflation data,group_id=web82214,response_id=ad1b0694-021e-4c56-925d-551f2b51b865,support_query_builder=false,} searchAction=pce inflation data searchActionExtras=Bundle{learn_more_url=https://support.google.com/websearch/answer/106230?hl=106230,suggestion_action_text=Report this,should_start_for_result=true,allow_pinning=true,skip_logging_in_target_handler=false,suggestion_action_rpc=2,}ParentID: null targetID: 93b5553d-b502-4797-9f4e-4567fbe28cfd
06-26 07:01:54.466  1122  1122 D SearchTargetUtil: layoutType=short_icon_row resultType=131072 packageName=com.google.android.googlequicksearchbox extras=Bundle{suggestion_type=33,suggest_truncate_start=false,is_answer=false,is_entity=false,is_personal=false,suggest_raw_text=sense and sensibility 2026 trailer,group_id=web82214,response_id=ad1b0694-021e-4c56-925d-551f2b51b865,support_query_builder=false,} searchAction=sense and sensibility 2026 trailer searchActionExtras=Bundle{learn_more_url=https://support.google.com/websearch/answer/106230?hl=106230,suggestion_action_text=Report this,should_start_for_result=true,allow_pinning=true,skip_logging_in_target_handler=false,suggestion_action_rpc=2,}ParentID: null targetID: ccf71b83-6ea2-4975-baae-a6085a2c2702
06-26 07:01:54.466  1122  1122 D SearchTargetUtil: layoutType=extra_tall_icon_row resultType=131072 packageName=com.google.android.googlequicksearchbox extras=Bundle{bitmap_url=,suggestion_type=33,suggest_truncate_start=false,is_answer=false,is_entity=true,is_personal=false,suggest_raw_text=fifa world cup soccer,group_id=web82214,response_id=ad1b0694-021e-4c56-925d-551f2b51b865,support_query_builder=false,} searchAction=FIFA World Cup searchActionExtras=Bundle{learn_more_url=https://support.google.com/websearch/answer/106230?hl=106230,suggestion_action_text=Report this,should_start_for_result=true,allow_pinning=true,skip_logging_in_target_handler=false,suggestion_action_rpc=2,}ParentID: null targetID: 5b8d7205-9140-4c08-9ae3-ecad0d49eab4
06-26 07:01:54.466  1122  1122 D SearchTargetUtil: layoutType=short_icon_row resultType=131072 packageName=com.google.android.googlequicksearchbox extras=Bundle{suggestion_type=33,suggest_truncate_start=false,is_answer=false,is_entity=false,is_personal=false,suggest_raw_text=amc entertainment 200 million stock offering,group_id=web82214,response_id=ad1b0694-021e-4c56-925d-551f2b51b865,support_query_builder=false,} searchAction=amc entertainment 200 million stock offering searchActionExtras=Bundle{learn_more_url=https://support.google.com/websearch/answer/106230?hl=106230,suggestion_action_text=Report this,should_start_for_result=true,allow_pinning=true,skip_logging_in_target_handler=false,suggestion_action_rpc=2,}ParentID: null targetID: 478ad8e9-7ba6-4d3f-8e31-25c5f5ab46ac
06-26 07:01:54.466  1122  1122 D SearchTargetUtil: layoutType=short_icon_row resultType=131072 packageName=com.google.android.googlequicksearchbox extras=Bundle{suggestion_type=33,suggest_truncate_start=false,is_answer=false,is_entity=false,is_personal=false,suggest_raw_text=microsoft xbox console price increase,group_id=web82214,response_id=ad1b0694-021e-4c56-925d-551f2b51b865,support_query_builder=false,} searchAction=microsoft xbox console price increase searchActionExtras=Bundle{learn_more_url=https://support.google.com/websearch/answer/106230?hl=106230,suggestion_action_text=Report this,should_start_for_result=true,allow_pinning=true,skip_logging_in_target_handler=false,suggestion_action_rpc=2,}ParentID: null targetID: b7aae689-b886-4afd-962c-916e09e8c3e0
06-26 07:01:54.466  1122  1122 D SearchTargetUtil: layoutType=short_icon_row resultType=131072 packageName=com.google.android.googlequicksearchbox extras=Bundle{suggestion_type=33,suggest_truncate_start=false,is_answer=false,is_entity=false,is_personal=false,suggest_raw_text=automatic renewal of work permits,group_id=web82214,response_id=ad1b0694-021e-4c56-925d-551f2b51b865,support_query_builder=false,} searchAction=automatic renewal of work permits searchActionExtras=Bundle{learn_more_url=https://support.google.com/websearch/answer/106230?hl=106230,suggestion_action_text=Report this,should_start_for_result=true,allow_pinning=true,skip_logging_in_target_handler=false,suggestion_action_rpc=2,}ParentID: null targetID: eeb0304e-fb96-411d-b196-f2869283215c
06-26 07:01:54.466  1122  1122 D SearchTargetUtil: layoutType=extra_tall_icon_row resultType=131072 packageName=com.google.android.googlequicksearchbox extras=Bundle{bitmap_url=data:image/jpeg;base64,/9j/4AAQSkZJRgABAQAAAQABAAD/2wCEAAkGBwgHBgkIBwgKCgkLDRYPDQwMDRsUFRAWIB0iIiAdHx8kKDQsJCYxJx8fLT0tMTU3Ojo6Iys/RD84QzQ5OjcBCgoKDQwNGg8PGjclHyU3Nzc3Nzc3Nzc3Nzc3Nzc3Nzc3Nzc3Nzc3Nzc3Nzc3Nzc3Nzc3Nzc3Nzc3Nzc3Nzc3N//AABEIADAAMAMBIgACEQEDEQH/xAAZAAADAQEBAAAAAAAAAAAAAAADBAUCAAb/xAAuEAACAQMDAwIEBgMAAAAAAAABAgMABBEFEiExQVEGExRhcYEiUqGxwfAjMkL/xAAXAQEBAQEAAAAAAAAAAAAAAAAEAwIB/8QAIBEAAgICAQUBAAAAAAAAAAAAAAECEQMhMRMiQVGBEv/aAAwDAQACEQMRAD8Ad3CnrOwM8QuLiVLa1LhFkcEl26bUUcsfkKmQoZpo4lOC7BQfqcV67X7HSY2ivNaEcFjZRGGAiQ75Nw5UAc9BjA5bvwBRcGFTtvhHW/RP9301FtgmN37jM/8AkcgYVMb344CgkA9wcjGQa3eaEhiebTLj4lU/2Tjd0zwR160g3rDSYFMen+nVaAtuO4JHuP5sAHn680bSb303q97D8JC+k6ipGxIz7QkGd2BtO1uexGeuO9K6eCXajLhljtomV1UPU0KQamxhwFkG4gdm7/uDUoOfNBnj/EnFmk7VgrKRhdwv2jdXY+ADyak+pdV1HWr5b68t5IbQgi1gY8xr8+249/sO1Ogo34ZACp4IPSm2lgS2jiuJN23KAj5da3B6ovhinvyStMmtrqMI6OjYO0k8MKSulimvPaiWVMdHI/UU7Jd2C3sQEgUdmY5yKbtL6yYrggHO0EHqfpVKQn6bTUr2+zFqEglktcRpMRhpVIzz5IPfwRWtxFCBVQ7hgdzdPH9xXCUVLI7lbBZIqLpC24+aV1KTZbKzDcgbB8c8UXfTS2M72rvPAwgkTguMBs9MeeM1yMXZ3G+4DpV7YQxiQxRNnBZXXdtPy56UPWb+ySZZokVTjcwjGFUDpx0zmpFxpF1FMfhJBtP/AC+ePvT+laG3vCe9cSuDuCgfhB/mkF7fAeyLi2T3AQzDJz1GaNmiS2lyIGulTdbhyhdSDtPgjqPvS+5qPKLT2Fb2z//Z,suggestion_type=33,suggest_truncate_start=false,is_answer=false,is_entity=true,is_personal=false,suggest_raw_text=wyndham clark,group_id=web82214,response_id=ad1b0694-021e-4c56-925d-551f2b51b865,support_query_builder=false,} searchAction=Wyndham Clark searchActionExtras=Bundle{learn_more_url=https://support.google.com/websearch/answer/106230?hl=106230,suggestion_action_text=Report this,should_start_for_result=true,allow_pinning=true,skip_logging_in_target_handler=false,suggestion_action_rpc=2,}ParentID: null targetID: 4555c70a-cf3d-4d79-9db7-321aaae44abe
06-26 07:01:54.466  1122  1122 D SearchTargetUtil: layoutType=short_icon_row resultType=131072 packageName=com.google.android.googlequicksearchbox extras=Bundle{suggestion_type=33,suggest_truncate_start=false,is_answer=false,is_entity=false,is_personal=false,suggest_raw_text=nike air rift,group_id=web82214,response_id=ad1b0694-021e-4c56-925d-551f2b51b865,support_query_builder=false,} searchAction=nike air rift searchActionExtras=Bundle{learn_more_url=https://support.google.com/websearch/answer/106230?hl=106230,suggestion_action_text=Report this,should_start_for_result=true,allow_pinning=true,skip_logging_in_target_handler=false,suggestion_action_rpc=2,}ParentID: null targetID: 8a0f8d00-df9b-4a0e-8b72-a43618238e7b
06-26 07:01:54.466  1122  1122 D SearchTargetUtil: layoutType=short_icon_row resultType=131072 packageName=com.google.android.googlequicksearchbox extras=Bundle{suggestion_type=33,suggest_truncate_start=false,is_answer=false,is_entity=false,is_personal=false,suggest_raw_text=2027 gmc sierra 1500,group_id=web82214,response_id=ad1b0694-021e-4c56-925d-551f2b51b865,support_query_builder=false,} searchAction=2027 gmc sierra 1500 searchActionExtras=Bundle{learn_more_url=https://support.google.com/websearch/answer/106230?hl=106230,suggestion_action_text=Report this,should_start_for_result=true,allow_pinning=true,skip_logging_in_target_handler=false,suggestion_action_rpc=2,}ParentID: null targetID: e745d018-d2ee-4590-992e-46a9c7b365b7
06-26 07:01:54.466  1122  1122 D SearchTargetUtil: layoutType=short_icon_row resultType=131072 packageName=com.google.android.googlequicksearchbox extras=Bundle{suggestion_type=33,suggest_truncate_start=false,is_answer=false,is_entity=false,is_personal=false,suggest_raw_text=abyssus game pass,group_id=web82214,response_id=ad1b0694-021e-4c56-925d-551f2b51b865,support_query_builder=false,} searchAction=abyssus game pass searchActionExtras=Bundle{learn_more_url=https://support.google.com/websearch/answer/106230?hl=106230,suggestion_action_text=Report this,should_start_for_result=true,allow_pinning=true,skip_logging_in_target_handler=false,suggestion_action_rpc=2,}ParentID: null targetID: a660665a-55d0-4e38-a2e1-b990242c3655
06-26 07:01:54.467  1122  3199 I IPCThreadState: oneway function results for code 2 on binder at 0x7b82df6931d0 will be dropped but finished with status UNKNOWN_TRANSACTION
06-26 07:01:54.472  1753  2290 I A       : group apa_head_suggest present without account in *
06-26 07:01:54.473  1753  2290 I A       : incrementApaDataDownloadStoreStatus(latency = PT0.038S, appVersion = 13.17.16.23, status = OK, locale = *, fileGroupnames = apa_head_suggest, accountScoped = false, localGroupsAvailable = false, timeSinceSearchBoot = Optional[PT4M30.453S] (ONE_TO_FIVE_MINUTES), timeSinceDataDownloadInit = PT3M35.705S (ONE_TO_FIVE_MINUTES))
06-26 07:01:54.526   396   501 D audioserver: FGS Logger Transaction failed
06-26 07:01:54.526   396   501 D audioserver: -129
06-26 07:01:54.530  8203  8203 D AutofillManager: notifyViewEnteredForFillDialog:1073741855
06-26 07:01:54.700   518   518 W AccessibilityManagerService:  wait for adding window timeout: 42
06-26 07:01:54.842  8203  8221 D EGL_emulation: app_time_stats: avg=38.05ms min=1.71ms max=455.75ms count=22
06-26 07:01:54.873   518   518 W AccessibilityManagerService:  wait for adding window timeout: 42
06-26 07:01:54.889   853   853 I wpa_supplicant: wlan0: CTRL-EVENT-BEACON-LOSS 
06-26 07:01:54.910   518   518 W AccessibilityManagerService:  wait for adding window timeout: 43
06-26 07:01:55.378  8049  8090 W QueryController: Could not detect idle state.
06-26 07:01:55.378  8049  8090 D Maestro : Requesting view hierarchy
06-26 07:01:55.379  8049  8090 W QueryController: Could not detect idle state.
06-26 07:01:55.379  8049  8090 W QueryController: Could not detect idle state.
06-26 07:01:55.396  8049  8090 I Maestro : Skipping invisible child: android.view.accessibility.AccessibilityNodeInfo@2dfd5; boundsInParent: Rect(0, 0 - 320, 0); boundsInScreen: Rect(0, 0 - 320, 0); boundsInWindow: Rect(0, 0 - 320, 0); packageName: com.hanapkalinga.mobile; className: android.widget.LinearLayout; text: null; error: null; maxTextLength: -1; stateDescription: null; contentDescription: null; tooltipText: null; containerTitle: null; viewIdResName: null; uniqueId: null; checkable: false; checked: false; focusable: false; focused: false; selected: false; clickable: false; longClickable: false; contextClickable: false; enabled: true; password: false; scrollable: false; importantForAccessibility: false; visible: false; actions: [AccessibilityAction: ACTION_SELECT - null, AccessibilityAction: ACTION_CLEAR_SELECTION - null, AccessibilityAction: ACTION_ACCESSIBILITY_FOCUS - null, AccessibilityAction: ACTION_SHOW_ON_SCREEN - null]; isTextSelectable: false
06-26 07:01:55.397  8049  8090 I Maestro : Skipping invisible child: android.view.accessibility.AccessibilityNodeInfo@2dc14; boundsInParent: Rect(0, 0 - 320, 0); boundsInScreen: Rect(0, 0 - 320, 0); boundsInWindow: Rect(0, 0 - 320, 0); packageName: com.hanapkalinga.mobile; className: android.view.ViewGroup; text: null; error: null; maxTextLength: -1; stateDescription: null; contentDescription: null; tooltipText: null; containerTitle: null; viewIdResName: null; uniqueId: null; checkable: false; checked: false; focusable: false; focused: false; selected: false; clickable: false; longClickable: false; contextClickable: false; enabled: true; password: false; scrollable: false; importantForAccessibility: false; visible: false; actions: [AccessibilityAction: ACTION_SELECT - null, AccessibilityAction: ACTION_CLEAR_SELECTION - null, AccessibilityAction: ACTION_ACCESSIBILITY_FOCUS - null, AccessibilityAction: ACTION_SHOW_ON_SCREEN - null]; isTextSelectable: false
06-26 07:01:55.398  8049  8090 I Maestro : Skipping invisible child: android.view.accessibility.AccessibilityNodeInfo@4e9a0; boundsInParent: Rect(0, 0 - 320, 24); boundsInScreen: Rect(0, 0 - 320, 24); boundsInWindow: Rect(0, 0 - 320, 24); packageName: com.hanapkalinga.mobile; className: android.view.ViewGroup; text: null; error: null; maxTextLength: -1; stateDescription: null; contentDescription: null; tooltipText: null; containerTitle: null; viewIdResName: null; uniqueId: null; checkable: false; checked: false; focusable: false; focused: false; selected: false; clickable: false; longClickable: false; contextClickable: false; enabled: true; password: false; scrollable: false; importantForAccessibility: false; visible: false; actions: [AccessibilityAction: ACTION_SELECT - null, AccessibilityAction: ACTION_CLEAR_SELECTION - null, AccessibilityAction: ACTION_ACCESSIBILITY_FOCUS - null, AccessibilityAction: ACTION_SHOW_ON_SCREEN - null]; isTextSelectable: false
06-26 07:01:55.398  8049  8090 I Maestro : Skipping invisible child: android.view.accessibility.AccessibilityNodeInfo@4ed61; boundsInParent: Rect(0, 0 - 0, 64); boundsInScreen: Rect(0, 24 - 0, 88); boundsInWindow: Rect(0, 24 - 0, 88); packageName: com.hanapkalinga.mobile; className: android.view.ViewGroup; text: null; error: null; maxTextLength: -1; stateDescription: null; contentDescription: null; tooltipText: null; containerTitle: null; viewIdResName: null; uniqueId: null; checkable: false; checked: false; focusable: false; focused: false; selected: false; clickable: false; longClickable: false; contextClickable: false; enabled: true; password: false; scrollable: false; importantForAccessibility: false; visible: false; actions: [AccessibilityAction: ACTION_SELECT - null, AccessibilityAction: ACTION_CLEAR_SELECTION - null, AccessibilityAction: ACTION_ACCESSIBILITY_FOCUS - null, AccessibilityAction: ACTION_SHOW_ON_SCREEN - null]; isTextSelectable: false
06-26 07:01:55.398  8049  8090 I Maestro : Skipping invisible child: android.view.accessibility.AccessibilityNodeInfo@503e7; boundsInParent: Rect(0, 0 - 0, 0); boundsInScreen: Rect(290, 45 - 290, 45); boundsInWindow: Rect(290, 45 - 290, 45); packageName: com.hanapkalinga.mobile; className: com.horcrux.svg.GroupView; text: null; error: null; maxTextLength: -1; stateDescription: null; contentDescription: null; tooltipText: null; containerTitle: null; viewIdResName: null; uniqueId: null; checkable: false; checked: false; focusable: false; focused: false; selected: false; clickable: false; longClickable: false; contextClickable: false; enabled: true; password: false; scrollable: false; importantForAccessibility: false; visible: false; actions: [AccessibilityAction: ACTION_SELECT - null, AccessibilityAction: ACTION_CLEAR_SELECTION - null, AccessibilityAction: ACTION_ACCESSIBILITY_FOCUS - null, AccessibilityAction: ACTION_SHOW_ON_SCREEN - null]; isTextSelectable: false
06-26 07:01:55.417  8049  8090 I Maestro : Skipping invisible child: android.view.accessibility.AccessibilityNodeInfo@5bbd8; boundsInParent: Rect(0, 0 - 59, 21); boundsInScreen: Rect(33, 581 - 92, 576); boundsInWindow: Rect(33, 581 - 92, 576); packageName: com.hanapkalinga.mobile; className: android.view.ViewGroup; text: null; error: null; maxTextLength: -1; stateDescription: null; contentDescription: null; tooltipText: null; containerTitle: null; viewIdResName: null; uniqueId: null; checkable: false; checked: false; focusable: false; focused: false; selected: false; clickable: false; longClickable: false; contextClickable: false; enabled: true; password: false; scrollable: false; importantForAccessibility: false; visible: false; actions: [AccessibilityAction: ACTION_SELECT - null, AccessibilityAction: ACTION_CLEAR_SELECTION - null, AccessibilityAction: ACTION_ACCESSIBILITY_FOCUS - null, AccessibilityAction: ACTION_SHOW_ON_SCREEN - null]; isTextSelectable: false
06-26 07:01:55.418  8049  8090 I Maestro : Skipping invisible child: android.view.accessibility.AccessibilityNodeInfo@5bf99; boundsInParent: Rect(0, 0 - 39, 17); boundsInScreen: Rect(43, 583 - 82, 576); boundsInWindow: Rect(43, 583 - 82, 576); packageName: com.hanapkalinga.mobile; className: android.widget.TextView; text: verified; error: null; maxTextLength: -1; stateDescription: null; contentDescription: null; tooltipText: null; containerTitle: null; viewIdResName: null; uniqueId: null; checkable: false; checked: false; focusable: false; focused: false; selected: false; clickable: false; longClickable: false; contextClickable: false; enabled: true; password: false; scrollable: false; importantForAccessibility: true; visible: false; actions: [AccessibilityAction: ACTION_SELECT - null, AccessibilityAction: ACTION_CLEAR_SELECTION - null, AccessibilityAction: ACTION_ACCESSIBILITY_FOCUS - null, AccessibilityAction: ACTION_NEXT_AT_MOVEMENT_GRANULARITY - null, AccessibilityAction: ACTION_PREVIOUS_AT_MOVEMENT_GRANULARITY - null, AccessibilityAction: ACTION_SET_SELECTION - null, AccessibilityAction: ACTION_SHOW_ON_SCREEN - null]; isTextSelectable: false
06-26 07:01:55.419  8049  8090 I Maestro : Skipping invisible child: android.view.accessibility.AccessibilityNodeInfo@5c35a; boundsInParent: Rect(0, 0 - 90, 19); boundsInScreen: Rect(197, 582 - 287, 576); boundsInWindow: Rect(197, 582 - 287, 576); packageName: com.hanapkalinga.mobile; className: android.widget.TextView; text: No reviews yet; error: null; maxTextLength: -1; stateDescription: null; contentDescription: null; tooltipText: null; containerTitle: null; viewIdResName: null; uniqueId: null; checkable: false; checked: false; focusable: false; focused: false; selected: false; clickable: false; longClickable: false; contextClickable: false; enabled: true; password: false; scrollable: false; importantForAccessibility: true; visible: false; actions: [AccessibilityAction: ACTION_SELECT - null, AccessibilityAction: ACTION_CLEAR_SELECTION - null, AccessibilityAction: ACTION_ACCESSIBILITY_FOCUS - null, AccessibilityAction: ACTION_NEXT_AT_MOVEMENT_GRANULARITY - null, AccessibilityAction: ACTION_PREVIOUS_AT_MOVEMENT_GRANULARITY - null, AccessibilityAction: ACTION_SET_SELECTION - null, AccessibilityAction: ACTION_SHOW_ON_SCREEN - null]; isTextSelectable: false
06-26 07:01:55.422  8049  8090 I Maestro : Skipping invisible child: android.view.accessibility.AccessibilityNodeInfo@44835; boundsInParent: Rect(0, 0 - 31, 28); boundsInScreen: Rect(11, 582 - 42, 610); boundsInWindow: Rect(11, 582 - 42, 610); packageName: com.hanapkalinga.mobile; className: android.view.ViewGroup; text: null; error: null; maxTextLength: -1; stateDescription: null; contentDescription: null; tooltipText: null; containerTitle: null; viewIdResName: null; uniqueId: null; checkable: false; checked: false; focusable: false; focused: false; selected: false; clickable: false; longClickable: false; contextClickable: false; enabled: true; password: false; scrollable: false; importantForAccessibility: false; visible: false; actions: [AccessibilityAction: ACTION_SELECT - null, AccessibilityAction: ACTION_CLEAR_SELECTION - null, AccessibilityAction: ACTION_ACCESSIBILITY_FOCUS - null, AccessibilityAction: ACTION_SHOW_ON_SCREEN - null]; isTextSelectable: false
06-26 07:01:55.425  8049  8090 I Maestro : Skipping invisible child: android.view.accessibility.AccessibilityNodeInfo@44bf6; boundsInParent: Rect(0, 0 - 31, 28); boundsInScreen: Rect(64, 582 - 95, 610); boundsInWindow: Rect(64, 582 - 95, 610); packageName: com.hanapkalinga.mobile; className: android.view.ViewGroup; text: null; error: null; maxTextLength: -1; stateDescription: null; contentDescription: null; tooltipText: null; containerTitle: null; viewIdResName: null; uniqueId: null; checkable: false; checked: false; focusable: false; focused: false; selected: true; clickable: false; longClickable: false; contextClickable: false; enabled: true; password: false; scrollable: false; importantForAccessibility: false; visible: false; actions: [AccessibilityAction: ACTION_SELECT - null, AccessibilityAction: ACTION_CLEAR_SELECTION - null, AccessibilityAction: ACTION_ACCESSIBILITY_FOCUS - null, AccessibilityAction: ACTION_SHOW_ON_SCREEN - null]; isTextSelectable: false
06-26 07:01:55.428  8049  8090 I Maestro : Skipping invisible child: android.view.accessibility.AccessibilityNodeInfo@21ca1; boundsInParent: Rect(0, 0 - 31, 28); boundsInScreen: Rect(118, 582 - 149, 610); boundsInWindow: Rect(118, 582 - 149, 610); packageName: com.hanapkalinga.mobile; className: android.view.ViewGroup; text: null; error: null; maxTextLength: -1; stateDescription: null; contentDescription: null; tooltipText: null; containerTitle: null; viewIdResName: null; uniqueId: null; checkable: false; checked: false; focusable: false; focused: false; selected: false; clickable: false; longClickable: false; contextClickable: false; enabled: true; password: false; scrollable: false; importantForAccessibility: false; visible: false; actions: [AccessibilityAction: ACTION_SELECT - null, AccessibilityAction: ACTION_CLEAR_SELECTION - null, AccessibilityAction: ACTION_ACCESSIBILITY_FOCUS - null, AccessibilityAction: ACTION_SHOW_ON_SCREEN - null]; isTextSelectable: false
06-26 07:01:55.429  8049  8090 I Maestro : Skipping invisible child: android.view.accessibility.AccessibilityNodeInfo@249ad; boundsInParent: Rect(0, 0 - 3, 1); boundsInScreen: Rect(130, 593 - 132, 593); boundsInWindow: Rect(130, 593 - 132, 593); packageName: com.hanapkalinga.mobile; className: com.horcrux.svg.PathView; text: null; error: null; maxTextLength: -1; stateDescription: null; contentDescription: null; tooltipText: null; containerTitle: null; viewIdResName: null; uniqueId: null; checkable: false; checked: false; focusable: false; focused: false; selected: false; clickable: false; longClickable: false; contextClickable: false; enabled: true; password: false; scrollable: false; importantForAccessibility: false; visible: false; actions: [AccessibilityAction: ACTION_SELECT - null, AccessibilityAction: ACTION_CLEAR_SELECTION - null, AccessibilityAction: ACTION_ACCESSIBILITY_FOCUS - null, AccessibilityAction: ACTION_SHOW_ON_SCREEN - null]; isTextSelectable: false
06-26 07:01:55.429  8049  8090 I Maestro : Skipping invisible child: android.view.accessibility.AccessibilityNodeInfo@24d6e; boundsInParent: Rect(0, 0 - 8, 1); boundsInScreen: Rect(130, 596 - 138, 596); boundsInWindow: Rect(130, 596 - 138, 596); packageName: com.hanapkalinga.mobile; className: com.horcrux.svg.PathView; text: null; error: null; maxTextLength: -1; stateDescription: null; contentDescription: null; tooltipText: null; containerTitle: null; viewIdResName: null; uniqueId: null; checkable: false; checked: false; focusable: false; focused: false; selected: false; clickable: false; longClickable: false; contextClickable: false; enabled: true; password: false; scrollable: false; importantForAccessibility: false; visible: false; actions: [AccessibilityAction: ACTION_SELECT - null, AccessibilityAction: ACTION_CLEAR_SELECTION - null, AccessibilityAction: ACTION_ACCESSIBILITY_FOCUS - null, AccessibilityAction: ACTION_SHOW_ON_SCREEN - null]; isTextSelectable: false
06-26 07:01:55.430  8049  8090 I Maestro : Skipping invisible child: android.view.accessibility.AccessibilityNodeInfo@2512f; boundsInParent: Rect(0, 0 - 8, 1); boundsInScreen: Rect(130, 600 - 138, 600); boundsInWindow: Rect(130, 600 - 138, 600); packageName: com.hanapkalinga.mobile; className: com.horcrux.svg.PathView; text: null; error: null; maxTextLength: -1; stateDescription: null; contentDescription: null; tooltipText: null; containerTitle: null; viewIdResName: null; uniqueId: null; checkable: false; checked: false; focusable: false; focused: false; selected: false; clickable: false; longClickable: false; contextClickable: false; enabled: true; password: false; scrollable: false; importantForAccessibility: false; visible: false; actions: [AccessibilityAction: ACTION_SELECT - null, AccessibilityAction: ACTION_CLEAR_SELECTION - null, AccessibilityAction: ACTION_ACCESSIBILITY_FOCUS - null, AccessibilityAction: ACTION_SHOW_ON_SCREEN - null]; isTextSelectable: false
06-26 07:01:55.432  8049  8090 I Maestro : Skipping invisible child: android.view.accessibility.AccessibilityNodeInfo@25c72; boundsInParent: Rect(0, 0 - 31, 28); boundsInScreen: Rect(171, 582 - 202, 610); boundsInWindow: Rect(171, 582 - 202, 610); packageName: com.hanapkalinga.mobile; className: android.view.ViewGroup; text: null; error: null; maxTextLength: -1; stateDescription: null; contentDescription: null; tooltipText: null; containerTitle: null; viewIdResName: null; uniqueId: null; checkable: false; checked: false; focusable: false; focused: false; selected: false; clickable: false; longClickable: false; contextClickable: false; enabled: true; password: false; scrollable: false; importantForAccessibility: false; visible: false; actions: [AccessibilityAction: ACTION_SELECT - null, AccessibilityAction: ACTION_CLEAR_SELECTION - null, AccessibilityAction: ACTION_ACCESSIBILITY_FOCUS - null, AccessibilityAction: ACTION_SHOW_ON_SCREEN - null]; isTextSelectable: false
06-26 07:01:55.433  8049  8090 I Maestro : Skipping invisible child: android.view.accessibility.AccessibilityNodeInfo@27e3b; boundsInParent: Rect(0, 0 - 1, 5); boundsInScreen: Rect(183, 586 - 183, 590); boundsInWindow: Rect(183, 586 - 183, 590); packageName: com.hanapkalinga.mobile; className: com.horcrux.svg.PathView; text: null; error: null; maxTextLength: -1; stateDescription: null; contentDescription: null; tooltipText: null; containerTitle: null; viewIdResName: null; uniqueId: null; checkable: false; checked: false; focusable: false; focused: false; selected: false; clickable: false; longClickable: false; contextClickable: false; enabled: true; password: false; scrollable: false; importantForAccessibility: false; visible: false; actions: [AccessibilityAction: ACTION_SELECT - null, AccessibilityAction: ACTION_CLEAR_SELECTION - null, AccessibilityAction: ACTION_ACCESSIBILITY_FOCUS - null, AccessibilityAction: ACTION_SHOW_ON_SCREEN - null]; isTextSelectable: false
06-26 07:01:55.433  8049  8090 I Maestro : Skipping invisible child: android.view.accessibility.AccessibilityNodeInfo@281fc; boundsInParent: Rect(0, 0 - 1, 5); boundsInScreen: Rect(190, 586 - 190, 590); boundsInWindow: Rect(190, 586 - 190, 590); packageName: com.hanapkalinga.mobile; className: com.horcrux.svg.PathView; text: null; error: null; maxTextLength: -1; stateDescription: null; contentDescription: null; tooltipText: null; containerTitle: null; viewIdResName: null; uniqueId: null; checkable: false; checked: false; focusable: false; focused: false; selected: false; clickable: false; longClickable: false; contextClickable: false; enabled: true; password: false; scrollable: false; importantForAccessibility: false; visible: false; actions: [AccessibilityAction: ACTION_SELECT - null, AccessibilityAction: ACTION_CLEAR_SELECTION - null, AccessibilityAction: ACTION_ACCESSIBILITY_FOCUS - null, AccessibilityAction: ACTION_SHOW_ON_SCREEN - null]; isTextSelectable: false
06-26 07:01:55.433  8049  8090 I Maestro : Skipping invisible child: android.view.accessibility.AccessibilityNodeInfo@2897e; boundsInParent: Rect(0, 0 - 18, 1); boundsInScreen: Rect(178, 594 - 195, 594); boundsInWindow: Rect(178, 594 - 195, 594); packageName: com.hanapkalinga.mobile; className: com.horcrux.svg.PathView; text: null; error: null; maxTextLength: -1; stateDescription: null; contentDescription: null; tooltipText: null; containerTitle: null; viewIdResName: null; uniqueId: null; checkable: false; checked: false; focusable: false; focused: false; selected: false; clickable: false; longClickable: false; contextClickable: false; enabled: true; password: false; scrollable: false; importantForAccessibility: false; visible: false; actions: [AccessibilityAction: ACTION_SELECT - null, AccessibilityAction: ACTION_CLEAR_SELECTION - null, AccessibilityAction: ACTION_ACCESSIBILITY_FOCUS - null, AccessibilityAction: ACTION_SHOW_ON_SCREEN - null]; isTextSelectable: false
06-26 07:01:55.436  8049  8090 I Maestro : Skipping invisible child: android.view.accessibility.AccessibilityNodeInfo@294c1; boundsInParent: Rect(0, 0 - 31, 28); boundsInScreen: Rect(224, 582 - 255, 610); boundsInWindow: Rect(224, 582 - 255, 610); packageName: com.hanapkalinga.mobile; className: android.view.ViewGroup; text: null; error: null; maxTextLength: -1; stateDescription: null; contentDescription: null; tooltipText: null; containerTitle: null; viewIdResName: null; uniqueId: null; checkable: false; checked: false; focusable: false; focused: false; selected: false; clickable: false; longClickable: false; contextClickable: false; enabled: true; password: false; scrollable: false; importantForAccessibility: false; visible: false; actions: [AccessibilityAction: ACTION_SELECT - null, AccessibilityAction: ACTION_CLEAR_SELECTION - null, AccessibilityAction: ACTION_ACCESSIBILITY_FOCUS - null, AccessibilityAction: ACTION_SHOW_ON_SCREEN - null]; isTextSelectable: false
06-26 07:01:55.439  8049  8090 I Maestro : Skipping invisible child: android.view.accessibility.AccessibilityNodeInfo@2b68a; boundsInParent: Rect(0, 0 - 31, 28); boundsInScreen: Rect(278, 582 - 309, 610); boundsInWindow: Rect(278, 582 - 309, 610); packageName: com.hanapkalinga.mobile; className: android.view.ViewGroup; text: null; error: null; maxTextLength: -1; stateDescription: null; contentDescription: null; tooltipText: null; containerTitle: null; viewIdResName: null; uniqueId: null; checkable: false; checked: false; focusable: false; focused: false; selected: false; clickable: false; longClickable: false; contextClickable: false; enabled: true; password: false; scrollable: false; importantForAccessibility: false; visible: false; actions: [AccessibilityAction: ACTION_SELECT - null, AccessibilityAction: ACTION_CLEAR_SELECTION - null, AccessibilityAction: ACTION_ACCESSIBILITY_FOCUS - null, AccessibilityAction: ACTION_SHOW_ON_SCREEN - null]; isTextSelectable: false
06-26 07:01:55.440  8049  8090 D Maestro : View hierarchy received in 62 ms
06-26 07:01:55.532  8049  8090 D Maestro : Requesting view hierarchy
06-26 07:01:55.533  8049  8090 W QueryController: Could not detect idle state.
06-26 07:01:55.533  8049  8090 W QueryController: Could not detect idle state.
06-26 07:01:55.548  8049  8090 I Maestro : Skipping invisible child: android.view.accessibility.AccessibilityNodeInfo@2dfd5; boundsInParent: Rect(0, 0 - 320, 0); boundsInScreen: Rect(0, 0 - 320, 0); boundsInWindow: Rect(0, 0 - 320, 0); packageName: com.hanapkalinga.mobile; className: android.widget.LinearLayout; text: null; error: null; maxTextLength: -1; stateDescription: null; contentDescription: null; tooltipText: null; containerTitle: null; viewIdResName: null; uniqueId: null; checkable: false; checked: false; focusable: false; focused: false; selected: false; clickable: false; longClickable: false; contextClickable: false; enabled: true; password: false; scrollable: false; importantForAccessibility: false; visible: false; actions: [AccessibilityAction: ACTION_SELECT - null, AccessibilityAction: ACTION_CLEAR_SELECTION - null, AccessibilityAction: ACTION_ACCESSIBILITY_FOCUS - null, AccessibilityAction: ACTION_SHOW_ON_SCREEN - null]; isTextSelectable: false
