06-23 15:45:56.913   836   886 D StylusManager: Stylus InputDevice changed: 12 virtio_input_multi_touch_9
06-23 15:45:56.914   836   886 D StylusManager: Stylus InputDevice changed: 10 virtio_input_multi_touch_7
06-23 15:45:56.915   836   886 D StylusManager: Stylus InputDevice changed: 6 virtio_input_multi_touch_3
06-23 15:45:56.916   836   886 D StylusManager: Stylus InputDevice changed: 5 virtio_input_multi_touch_2
06-23 15:45:56.923   836   886 D StylusManager: Stylus InputDevice changed: 4 virtio_input_multi_touch_1
06-23 15:45:56.937  5176  5914 I NetworkScheduler.Stats: Task com.google.android.gms/com.google.android.gms.icing.proxy.IcingInternalCorporaUpdateService started execution. cause:7 exec_start_elapsed_seconds: 171 [CONTEXT service_id=218 ]
06-23 15:45:56.973  5259  5911 E WorkSourceUtil: Could not find package: com.google.android.gms.westworld
06-23 15:45:56.987  5176  5905 I GCoreUlr: WorldUpdater received intent Intent { act=com.google.android.location.reporting.ACTION_UPDATE_WORLD cmp=com.google.android.gms/com.google.android.location.reporting.service.DispatchingService (has extras) } with receiverAction init
06-23 15:45:56.988   524   594 D PackageManager: Instant App installer not found with android.intent.action.INSTALL_INSTANT_APP_PACKAGE
06-23 15:45:56.989   524   594 D PackageManager: Clear ephemeral installer activity
06-23 15:45:56.989   524   594 D PackageManager: Instant App installer not found with android.intent.action.INSTALL_INSTANT_APP_PACKAGE
06-23 15:45:56.989   524   594 D PackageManager: Clear ephemeral installer activity
06-23 15:45:56.991  5176  5926 W ChimeraUtils: Module com.google.android.gms.location__nonwearable missing resource location_module_display_name(0)
06-23 15:45:56.992   524   594 D PackageManager: Instant App installer not found with android.intent.action.INSTALL_INSTANT_APP_PACKAGE
06-23 15:45:56.992   524   594 D PackageManager: Clear ephemeral installer activity
06-23 15:45:56.993   524   594 D PackageManager: Instant App installer not found with android.intent.action.INSTALL_INSTANT_APP_PACKAGE
06-23 15:45:56.993   524   594 D PackageManager: Clear ephemeral installer activity
06-23 15:45:56.994   524   594 D PackageManager: Instant App installer not found with android.intent.action.INSTALL_INSTANT_APP_PACKAGE
06-23 15:45:56.994   524   594 D PackageManager: Clear ephemeral installer activity
06-23 15:45:56.995  5259  5908 I NewModuleComplete: Received com.google.android.chimera.IntentOperation.NEW_MODULE(com.google.android.gms.chimera.GmsIntentOperationService,2,true)
06-23 15:45:56.996  5259  6007 I NewModuleHelper: Received com.google.android.chimera.container.NEW_MODULE_FINALIZE(2/0): com.google.android.gms.chimera.GmsIntentOperationService,2,true
06-23 15:45:56.997  5259  6007 I NewModuleHelper: Completed all new module init intents for all processes.
06-23 15:45:56.998  5176  5905 I GCoreUlr: WorldUpdater:init: Ensuring that reporting is stopped because of reasons: (no Google accounts)
06-23 15:45:57.000  5176  5905 I GCoreUlr: Unbound from all signal providers.
06-23 15:45:57.008  5176  5176 I GCoreUlr: Unbound from all signal providers.
06-23 15:45:57.008  5176  5176 I GCoreUlr: Stopping handler for UlrDispSvcFast
06-23 15:45:57.038  5176  5914 I NetworkScheduler.Stats: Task com.google.android.gms/com.google.android.gms.icing.proxy.IcingInternalCorporaUpdateService finished executing. cause:7 result: 1 elapsed_millis: 88 uptime_millis: 88 exec_start_elapsed_seconds: 171 [CONTEXT service_id=218 ]
06-23 15:45:57.064  5259  5416 W Pay     : Active account was null, notification task will be cancelled. [CONTEXT service_id=198 ]
06-23 15:45:57.064  5259  5416 E Pay     : [Migration operation] Active tapandpay account not found! [CONTEXT service_id=198 ]
06-23 15:45:57.069  5259  5416 I Pay     : Migration flag not enabled. [CONTEXT service_id=198 ]
06-23 15:45:57.077  5259  5416 I Pay     : Migration already completed. [CONTEXT service_id=198 ]
06-23 15:45:57.080  5259  5416 I Pay     : Migration already completed. [CONTEXT service_id=198 ]
06-23 15:45:57.081  5259  5416 I Pay     : Migration flag not enabled. [CONTEXT service_id=198 ]
06-23 15:45:57.081  5259  5416 I Pay     : Migration flag not enabled. [CONTEXT service_id=198 ]
06-23 15:45:57.081  5259  5416 I Pay     : Migration flag not enabled. [CONTEXT service_id=198 ]
06-23 15:45:57.081  5259  5416 I Pay     : Migration flag not enabled. [CONTEXT service_id=198 ]
06-23 15:45:57.082  5259  5416 I Pay     : [SeTosMigration] walletJpEligibility is not enabled [CONTEXT service_id=198 ]
06-23 15:45:57.084  5259  5416 I Pay     : Wallet install state NOT_INSTALLED [CONTEXT service_id=198 ]
06-23 15:45:57.085  5259  5416 I Pay     : Migration flag not enabled. [CONTEXT service_id=198 ]
06-23 15:45:57.095  1655  3045 W A       : [Download] response code: 400
06-23 15:45:57.118  5176  5914 I NetworkScheduler.Stats: Task com.google.android.gms/com.google.android.gms.pay.gcmtask.PayGcmTaskService started execution. cause:5 exec_start_elapsed_seconds: 171 [CONTEXT service_id=218 ]
06-23 15:45:57.120  5176  5914 I NetworkScheduler.Stats: Task com.google.android.gms/com.google.android.gms.pay.gcmtask.PayGcmTaskService finished executing. cause:5 result: 1 elapsed_millis: 33 uptime_millis: 33 exec_start_elapsed_seconds: 171 [CONTEXT service_id=218 ]
06-23 15:45:57.127  5176  5914 I NetworkScheduler.Stats: Task com.google.android.gms/com.google.android.gms.pay.gcmtask.PayGcmTaskService started execution. cause:5 exec_start_elapsed_seconds: 171 [CONTEXT service_id=218 ]
06-23 15:45:57.128  5176  5914 I NetworkScheduler.Stats: Task com.google.android.gms/com.google.android.gms.pay.gcmtask.PayGcmTaskService finished executing. cause:5 result: 1 elapsed_millis: 36 uptime_millis: 36 exec_start_elapsed_seconds: 171 [CONTEXT service_id=218 ]
06-23 15:45:57.154  5176  5906 I NetworkScheduler.Stats: Task com.google.android.gms/com.google.android.gms.pay.gcmtask.PayGcmTaskService started execution. cause:7 exec_start_elapsed_seconds: 171 [CONTEXT service_id=218 ]
06-23 15:45:57.161  5176  5914 I NetworkScheduler.Stats: Task com.google.android.gms/com.google.android.gms.pay.gcmtask.PayGcmTaskService started execution. cause:7 exec_start_elapsed_seconds: 171 [CONTEXT service_id=218 ]
06-23 15:45:57.162  5259  5416 I Pay     : Device does not support HCE. [CONTEXT service_id=198 ]
06-23 15:45:57.162   836   836 D TileServices: Couldn't find tile for ComponentInfo{com.google.android.apps.wellbeing/com.google.android.apps.wellbeing.focusmode.quicksettings.FocusModeTileService}(0)
06-23 15:45:57.170  5176  5914 I NetworkScheduler.Stats: Task com.google.android.gms/com.google.android.gms.pay.gcmtask.PayGcmTaskService finished executing. cause:7 result: 1 elapsed_millis: 23 uptime_millis: 23 exec_start_elapsed_seconds: 171 [CONTEXT service_id=218 ]
06-23 15:45:57.179  5176  5914 I NetworkScheduler.Stats: Task com.google.android.gms/com.google.android.gms.pay.gcmtask.PayGcmTaskService finished executing. cause:7 result: 2 elapsed_millis: 13 uptime_millis: 13 exec_start_elapsed_seconds: 171 [CONTEXT service_id=218 ]
06-23 15:45:57.199  5176  5914 I NetworkScheduler.Stats: Task com.google.android.gms/com.google.android.gms.pay.gcmtask.PayGcmTaskService started execution. cause:5 exec_start_elapsed_seconds: 171 [CONTEXT service_id=218 ]
06-23 15:45:57.200  5176  5914 I NetworkScheduler.Stats: Task com.google.android.gms/com.google.android.gms.pay.gcmtask.PayGcmTaskService finished executing. cause:5 result: 1 elapsed_millis: 7 uptime_millis: 7 exec_start_elapsed_seconds: 171 [CONTEXT service_id=218 ]
06-23 15:45:57.210  5176  5914 I NetworkScheduler.Stats: Task com.google.android.gms/com.google.android.gms.pay.gcmtask.PayGcmTaskService started execution. cause:5 exec_start_elapsed_seconds: 171 [CONTEXT service_id=218 ]
06-23 15:45:57.219  5259  5865 W Pay     : Active account was null, notification task will be cancelled. [CONTEXT service_id=198 ]
06-23 15:45:57.219  5259  5865 W Pay     : No account found on the task or the device. Notification task will not be rescheduled. [CONTEXT service_id=198 ]
06-23 15:45:57.219  5176  5905 I NetworkScheduler.Stats: Task com.google.android.gms/com.google.android.gms.pay.gcmtask.PayGcmTaskService started execution. cause:5 exec_start_elapsed_seconds: 171 [CONTEXT service_id=218 ]
06-23 15:45:57.220  5176  5905 I NetworkScheduler.Stats: Task com.google.android.gms/com.google.android.gms.pay.gcmtask.PayGcmTaskService finished executing. cause:5 result: 1 elapsed_millis: 16 uptime_millis: 16 exec_start_elapsed_seconds: 171 [CONTEXT service_id=218 ]
06-23 15:45:57.223  5176  5905 I NetworkScheduler.Stats: Task com.google.android.gms/com.google.android.gms.pay.gcmtask.PayGcmTaskService finished executing. cause:5 result: 2 elapsed_millis: 5 uptime_millis: 5 exec_start_elapsed_seconds: 171 [CONTEXT service_id=218 ]
06-23 15:45:57.254  5176  5905 I NetworkScheduler.Stats: Task com.google.android.gms/com.google.android.gms.udc.service.UdcContextInitService started execution. cause:5 exec_start_elapsed_seconds: 171 [CONTEXT service_id=218 ]
06-23 15:45:57.259  5176  5905 I NetworkScheduler.Stats: Task com.google.android.gms/com.google.android.gms.udc.service.UdcContextInitService finished executing. cause:5 result: 1 elapsed_millis: 25 uptime_millis: 25 exec_start_elapsed_seconds: 171 [CONTEXT service_id=218 ]
06-23 15:45:57.263   524   611 I RoleService: Granting default roles...
06-23 15:45:57.275   838  5989 E RoleControllerServiceImpl: Default/fallback role holder package doesn't qualify for the role, package: com.google.android.gms.supervision, role: android.app.role.SYSTEM_SUPERVISION
06-23 15:45:57.278   838  5989 I Role    : com.google.android.gms not qualified for android.app.role.SYSTEM_CALL_STREAMING due to missing RequiredComponent{mIntentFilterData=IntentFilterData{mAction='android.telecom.CallStreamingService', mCategories='[]', mDataScheme='null', mDataType='null'}, mMinTargetSdkVersion=1, mFlags='0', mPermission='android.permission.BIND_CALL_STREAMING_SERVICE', mQueryFlags=0, mMetaData=[]}
06-23 15:45:57.278   838  5989 E RoleControllerServiceImpl: Default/fallback role holder package doesn't qualify for the role, package: com.google.android.gms, role: android.app.role.SYSTEM_CALL_STREAMING
06-23 15:45:57.278   838  5989 W Role    : Default holder doesn't have required signing certificate: com.google.android.apps.work.clouddpc:23962F4B43B9857638EA66F4D419518EAE282491ACDA4B94707BD59003C45E58
06-23 15:45:57.329  5501  5521 D EGL_emulation: app_time_stats: avg=498.51ms min=496.21ms max=500.43ms count=3
06-23 15:45:57.336  5259  6111 I PeopleGalProvider: Gal directories started.
06-23 15:45:57.336  5259  6111 I PeopleGalProvider: Method 1 completed.
06-23 15:45:57.336  5259  6111 I PeopleGalProvider: Method 1 finished successfully.
06-23 15:45:57.344  5176  6044 I Fitness : OnPackageChangedOperation got intent: Intent { act=android.intent.action.PACKAGE_CHANGED dat=package: flg=0x45000010 pkg=com.google.android.gms cmp=com.google.android.gms/.chimera.PersistentIntentOperationService (has extras) } [CONTEXT service_id=17 ]
06-23 15:45:57.359  5176  5286 W ChimeraUtils: Module com.google.android.gms.nearby_en missing resource null(0)
06-23 15:45:57.360  5176  5926 I Fitness : FitCleanupIntentOperation received Intent android.intent.action.PACKAGE_CHANGED [CONTEXT service_id=17 ]
06-23 15:45:57.361  5176  5286 W ChimeraUtils: Module com.google.android.gms.nearby_en missing resource null(0)
06-23 15:45:57.372  5259  6062 I Icing   : updateResources: need to parse arkh{com.google.android.gms}
06-23 15:45:57.431  5259  6062 I Icing   : Indexing com.google.android.gms-apps from com.google.android.gms
06-23 15:45:57.432  5259  6062 I Icing   : Indexing done com.google.android.gms-apps
06-23 15:45:57.505  1633  2612 W MediaProvider: isAppCloneUserPair for user 0: false
06-23 15:45:57.509  6060  6060 I AccessibilityNodeInfoDumper: Skipping invisible child: android.view.accessibility.AccessibilityNodeInfo@12888; boundsInParent: Rect(0, 0 - 320, 0); boundsInScreen: Rect(0, 0 - 320, 0); boundsInWindow: Rect(0, 0 - 320, 0); packageName: com.hanapkalinga.mobile; className: android.widget.LinearLayout; text: null; error: null; maxTextLength: -1; stateDescription: null; contentDescription: null; tooltipText: null; containerTitle: null; viewIdResName: null; uniqueId: null; checkable: false; checked: false; focusable: false; focused: false; selected: false; clickable: false; longClickable: false; contextClickable: false; enabled: true; password: false; scrollable: false; importantForAccessibility: false; visible: false; actions: [AccessibilityAction: ACTION_SELECT - null, AccessibilityAction: ACTION_CLEAR_SELECTION - null, AccessibilityAction: ACTION_ACCESSIBILITY_FOCUS - null, AccessibilityAction: ACTION_SHOW_ON_SCREEN - null]; isTextSelectable: false
06-23 15:45:57.509  6060  6060 I AccessibilityNodeInfoDumper: Skipping invisible child: android.view.accessibility.AccessibilityNodeInfo@124c7; boundsInParent: Rect(0, 0 - 320, 0); boundsInScreen: Rect(0, 0 - 320, 0); boundsInWindow: Rect(0, 0 - 320, 0); packageName: com.hanapkalinga.mobile; className: android.view.ViewGroup; text: null; error: null; maxTextLength: -1; stateDescription: null; contentDescription: null; tooltipText: null; containerTitle: null; viewIdResName: null; uniqueId: null; checkable: false; checked: false; focusable: false; focused: false; selected: false; clickable: false; longClickable: false; contextClickable: false; enabled: true; password: false; scrollable: false; importantForAccessibility: false; visible: false; actions: [AccessibilityAction: ACTION_SELECT - null, AccessibilityAction: ACTION_CLEAR_SELECTION - null, AccessibilityAction: ACTION_ACCESSIBILITY_FOCUS - null, AccessibilityAction: ACTION_SHOW_ON_SCREEN - null]; isTextSelectable: false
06-23 15:45:57.509  6060  6060 I AccessibilityNodeInfoDumper: Skipping invisible child: android.view.accessibility.AccessibilityNodeInfo@191a4; boundsInParent: Rect(0, 0 - 320, 0); boundsInScreen: Rect(0, 0 - 320, 0); boundsInWindow: Rect(0, 0 - 320, 0); packageName: com.hanapkalinga.mobile; className: android.widget.LinearLayout; text: null; error: null; maxTextLength: -1; stateDescription: null; contentDescription: null; tooltipText: null; containerTitle: null; viewIdResName: null; uniqueId: null; checkable: false; checked: false; focusable: false; focused: false; selected: false; clickable: false; longClickable: false; contextClickable: false; enabled: true; password: false; scrollable: false; importantForAccessibility: false; visible: false; actions: [AccessibilityAction: ACTION_SELECT - null, AccessibilityAction: ACTION_CLEAR_SELECTION - null, AccessibilityAction: ACTION_ACCESSIBILITY_FOCUS - null, AccessibilityAction: ACTION_SHOW_ON_SCREEN - null]; isTextSelectable: false
06-23 15:45:57.509  6060  6060 I AccessibilityNodeInfoDumper: Skipping invisible child: android.view.accessibility.AccessibilityNodeInfo@18de3; boundsInParent: Rect(0, 0 - 320, 0); boundsInScreen: Rect(0, 0 - 320, 0); boundsInWindow: Rect(0, 0 - 320, 0); packageName: com.hanapkalinga.mobile; className: android.view.ViewGroup; text: null; error: null; maxTextLength: -1; stateDescription: null; contentDescription: null; tooltipText: null; containerTitle: null; viewIdResName: null; uniqueId: null; checkable: false; checked: false; focusable: false; focused: false; selected: false; clickable: false; longClickable: false; contextClickable: false; enabled: true; password: false; scrollable: false; importantForAccessibility: false; visible: false; actions: [AccessibilityAction: ACTION_SELECT - null, AccessibilityAction: ACTION_CLEAR_SELECTION - null, AccessibilityAction: ACTION_ACCESSIBILITY_FOCUS - null, AccessibilityAction: ACTION_SHOW_ON_SCREEN - null]; isTextSelectable: false
06-23 15:45:57.511  6060  6060 W AccessibilityNodeInfoDumper: Fetch time: 8ms
06-23 15:45:57.512   524  2458 W WindowMagnificationMgr: requestConnection duplicated request: connect=false, mConnectionState=DISCONNECTED
06-23 15:45:57.513   524  2458 D AccessibilityManagerService: restoreCurrentUserForTestAutomationIfNeededLocked(): ignoring because device doesn't support visible background users
06-23 15:45:57.513  1621  1780 I AiAiEcho: Settings changed for uri: content://settings/secure/accessibility_enabled
06-23 15:45:57.513  6060  6060 D AndroidRuntime: Shutting down VM
06-23 15:45:57.516  1655  2369 I A       : NGA enabled in interactor.
06-23 15:45:57.516  1655  2369 I A       : Nga state changed to NgaStateDetails{state=ENABLED, isSpecialExperience=false}
06-23 15:45:57.517  1621  2168 I AiAiEcho: Predicting[0]: 
06-23 15:45:57.517  1621  2168 I AiAiEcho: EchoTargets: 
06-23 15:45:57.517  1621  2168 I AiAiEcho: Filtered by AiAi flag check: 
06-23 15:45:57.517  1621  2168 I AiAiEcho: Ranked targets strategy: SORT, count: 0, ranking metadata: 
06-23 15:45:57.517  1621  2168 I AiAiEcho: Predicting[0]: 
06-23 15:45:57.517  1621  2168 I AiAiEcho: EchoTargets: 
06-23 15:45:57.517  1621  2168 I AiAiEcho: Filtered by AiAi flag check: 
06-23 15:45:57.517  1621  2168 I AiAiEcho: Ranked targets strategy: SORT, count: 0, ranking metadata: 
06-23 15:45:57.519  1621  2168 I AiAiEcho: #postPredictionTargets: Sending updates to UISurface lockscreen with targets# 0 (types=[])
06-23 15:45:57.519  1621  2168 I AiAiEcho: #postPredictionTargets: Sending updates to UISurface home with targets# 0 (types=[])
06-23 15:45:57.520  1628  1851 I A       : Initializing all components
06-23 15:45:57.521  1628  1851 I A       : APA or Classic session decision: SessionDecision(sessionVariance=CLASSIC, platformVariance=CLASSIC, justification=CURRENT_PLATFORM_VARIANCE).
06-23 15:45:57.521  1628  1851 I A       : [Memory] eligibility: StashEligibility{6}
06-23 15:45:57.523   836   836 W PageIndicator: Total number of pages invalid: 0. Assuming 1 page.
06-23 15:45:57.524   524   524 D BatterySaverPolicy: accessibility changed to false, updating policy.
06-23 15:45:57.525  1628  2165 I A       : onIsEnabledChanged, isEnabled: false
06-23 15:45:57.525  1628  2165 W A       : Disposing empty manager. Did you forgot to subscribe observables?
06-23 15:45:57.525  1628  2165 W A       : Disposing empty manager. Did you forgot to subscribe observables?
06-23 15:45:57.525  1628  2165 W A       : Disposing empty manager. Did you forgot to subscribe observables?
06-23 15:45:57.525  1628  2165 W A       : Disposing empty manager. Did you forgot to subscribe observables?
06-23 15:45:57.525  1628  2165 W A       : Disposing empty manager. Did you forgot to subscribe observables?
06-23 15:45:57.525  1628  2165 W A       : Disposing empty manager. Did you forgot to subscribe observables?
06-23 15:45:57.525  1628  2165 W A       : Disposing empty manager. Did you forgot to subscribe observables?
06-23 15:45:57.525  1628  2165 W A       : Disposing empty manager. Did you forgot to subscribe observables?
06-23 15:45:57.525  1628  2165 W A       : Disposing empty manager. Did you forgot to subscribe observables?
06-23 15:45:57.525  1628  2165 W A       : Disposing empty manager. Did you forgot to subscribe observables?
06-23 15:45:57.525  1628  2165 I A       : onOpaVisibilityChanged: false
06-23 15:45:57.525  1628  2165 W A       : Disposing empty manager. Did you forgot to subscribe observables?
06-23 15:45:57.525  1628  2165 W A       : Disposing empty manager. Did you forgot to subscribe observables?
06-23 15:45:57.525  1628  2165 W A       : Disposing empty manager. Did you forgot to subscribe observables?
06-23 15:45:57.525  1628  2165 W A       : Disposing empty manager. Did you forgot to subscribe observables?
06-23 15:45:57.525  1628  2165 W A       : Disposing empty manager. Did you forgot to subscribe observables?
06-23 15:45:57.525  1628  2165 W A       : Disposing empty manager. Did you forgot to subscribe observables?
06-23 15:45:57.526  1628  2165 I A       : Setting session to type: NO_SESSION
06-23 15:45:57.526  1628  2165 W A       : Disposing empty manager. Did you forgot to subscribe observables?
06-23 15:45:57.526  1628  2165 W A       : Disposing empty manager. Did you forgot to subscribe observables?
06-23 15:45:57.526  1628  2165 W A       : Disposing empty manager. Did you forgot to subscribe observables?
06-23 15:45:57.526  1628  2165 W A       : Disposing empty manager. Did you forgot to subscribe observables?
06-23 15:45:57.526  1628  2165 W A       : Disposing empty manager. Did you forgot to subscribe observables?
06-23 15:45:57.526  1628  2165 W A       : Disposing empty manager. Did you forgot to subscribe observables?
06-23 15:45:57.526  1628  2165 W A       : Disposing empty manager. Did you forgot to subscribe observables?
06-23 15:45:57.526  1628  2165 W A       : Disposing empty manager. Did you forgot to subscribe observables?
06-23 15:45:57.526  1628  2165 I A       : setNavBarVisible: GestureNavBarVisible{navbarVisible=true}
06-23 15:45:57.526  1628  2165 W A       : Disposing empty manager. Did you forgot to subscribe observables?
06-23 15:45:57.526  1628  2165 W A       : Disposing empty manager. Did you forgot to subscribe observables?
06-23 15:45:57.529  1628  2165 W A       : Disposing empty manager. Did you forgot to subscribe observables?
06-23 15:45:57.529  1628  2165 W A       : Disposing empty manager. Did you forgot to subscribe observables?
06-23 15:45:57.529  1628  2165 W A       : Disposing empty manager. Did you forgot to subscribe observables?
06-23 15:45:57.530  1628  2165 W A       : Disposing empty manager. Did you forgot to subscribe observables?
06-23 15:45:57.530  1628  2165 I A       : onDisabled. Registered: false
06-23 15:45:57.531  1628  2175 I A       : on opa visibility changed false
06-23 15:45:57.531  1628  2175 I A       : on opa visibility changed false
06-23 15:45:57.532  1628  2175 I A       : State changed: IDLE => IDLE by NGA_STATE_CHANGED and N/A with Optional.empty
06-23 15:45:57.532  1628  2175 I A       : Recognizer choice: (recognizer_type: 1, recognizer_mode: 1, choice_reason: 4)
06-23 15:45:57.532  1628  2175 I A       : onActiveStateChangeEvent: IDLE => IDLE
06-23 15:45:57.533  1628  2175 I A       : #onActiveStateChangeEvent, newState: IDLE, previousState: IDLE.
06-23 15:45:57.534  1628  2165 I NgaEntryPointEventSendr: setupConnection
06-23 15:45:57.536  1628  2175 I A       : Initialize
06-23 15:45:57.539  1655  1655 I A       : Creating pss binder().
06-23 15:45:57.540  1628  2165 I NgaEntryPointEventSendr: State changed: Disconnected => Connecting
06-23 15:45:57.540  1628  2165 I NgaEntryPointEventSendr: onServiceConnected
06-23 15:45:57.540  1655  2930 I A       : Calling beginBinderSession().
06-23 15:45:57.541  1655  2930 I A       : beginBinderSession(): calling binder
06-23 15:45:57.541  1628  2175 I A       : stopListening(NGA_PAUSED_UNKNOWN_REASON, NGA_CREATE), idleOverride=NOT_LISTENING
06-23 15:45:57.541  1628  2165 I NgaEntryPointEventSendr: State changed: Connecting => Ready
06-23 15:45:57.545   524   998 W ActivityManager: Unable to start service Intent { cmp=com.google.android.apps.tachyon/.clientapi.ClientApiService } U=0: not found
06-23 15:45:57.547  1628  2175 I A       : Successfully initialized all components
06-23 15:45:57.554  1655  2729 W A       : UiCallbackStub-onGenericEvent[ServiceEvent = 241] task was not run. Callback from Service received after client was disposed.
06-23 15:45:57.554  1655  2729 W A       : UiCallbackStub-onGenericEvent[ServiceEvent = 241] task was not run. Callback from Service received after client was disposed.
06-23 15:45:57.554  1628  2175 I NgaEntryPointEventSendr: State changed: Ready => Disconnected (onOpaDisconnected)
06-23 15:45:57.555  1655  2729 I PBSessionCacheImpl: Deleted sessionId[7280549205287122] from persistence.
06-23 15:45:57.556  1655  2729 W A       : UiCallbackStub-onGenericEvent[ServiceEvent = 60] task was not run. Callback from Service received after client was disposed.
06-23 15:45:57.557  1655  2729 W SearchServiceCore: Abort, client detached.
06-23 15:45:57.557  1655  2729 W SearchServiceCore: Abort, client detached.
06-23 15:45:57.558  1655  2729 W SearchServiceCore: Abort, client detached.
06-23 15:45:57.558  1655  2729 W SearchServiceCore: Abort, client detached.
06-23 15:45:57.558  1655  2729 W SearchServiceCore: Abort, client detached.
06-23 15:45:57.566  5176  5914 I NetworkScheduler.Stats: Task com.google.android.gms/com.google.android.gms.ipa.base.IpaGcmTaskService started execution. cause:9 exec_start_elapsed_seconds: 172 [CONTEXT service_id=218 ]
06-23 15:45:57.569  1628  1628 V ClearcutMetricXmitter: Transmission is done.
06-23 15:45:57.571  5176  5905 I NetworkScheduler.Stats: Task com.google.android.gms/com.google.android.gms.ipa.base.IpaGcmTaskService finished executing. cause:9 result: 1 elapsed_millis: 30 uptime_millis: 30 exec_start_elapsed_seconds: 172 [CONTEXT service_id=218 ]
06-23 15:45:57.572  1655  1785 I earchbox:search: JIT allocated 62KB for compiled code of java.lang.Object com.google.android.apps.gsa.binaries.velvet.app.ael.b()
06-23 15:45:57.767   524  1862 D PackageManager: Instant App installer not found with android.intent.action.INSTALL_INSTANT_APP_PACKAGE
06-23 15:45:57.767   524  1862 D PackageManager: Clear ephemeral installer activity
06-23 15:45:57.772   524   998 D PackageManager: Instant App installer not found with android.intent.action.INSTALL_INSTANT_APP_PACKAGE
06-23 15:45:57.772   524   998 D PackageManager: Clear ephemeral installer activity
06-23 15:45:57.994  1047  1047 D CarrierSvcBindHelper: onPackageModified: com.google.android.contacts
06-23 15:45:57.994  1047  1047 D CarrierSvcBindHelper: No carrier app for: 0
06-23 15:45:58.000   838   866 I PermissionControllerServiceImpl: Updating user sensitive for uid 10155
06-23 15:45:58.000   524   625 I InputReader: Reconfiguring input devices, changes=KEYBOARD_LAYOUTS
06-23 15:45:58.006  4232  4232 V MediaPlayerList: mPackageChangedBroadcastReceiver: action: android.intent.action.PACKAGE_CHANGED
06-23 15:45:58.006  4232  4232 V MediaPlayerList: mPackageChangedBroadcastReceiver: action: android.intent.action.PACKAGE_CHANGED
06-23 15:45:58.006  4232  4232 V MediaPlayerList: mPackageChangedBroadcastReceiver: action: android.intent.action.PACKAGE_CHANGED
06-23 15:45:58.006  4232  4232 V MediaPlayerList: mPackageChangedBroadcastReceiver: action: android.intent.action.PACKAGE_CHANGED
06-23 15:45:58.009   836   886 D StylusManager: Stylus InputDevice changed: 14 virtio_input_multi_touch_11
06-23 15:45:58.010   524   625 I InputReader: Reconfiguring input devices, changes=KEYBOARD_LAYOUTS
06-23 15:45:58.011   838   866 I PermissionControllerServiceImpl: Updating user sensitive for uid 10131
06-23 15:45:58.018   836   886 D StylusManager: Stylus InputDevice changed: 11 virtio_input_multi_touch_8
06-23 15:45:58.019   836   886 D StylusManager: Stylus InputDevice changed: 9 virtio_input_multi_touch_6
06-23 15:45:58.021   836   886 D StylusManager: Stylus InputDevice changed: 8 virtio_input_multi_touch_5
06-23 15:45:58.027  1047  1340 D ImsResolver: maybeAddedImsService, packageName: com.google.android.contacts
06-23 15:45:58.027  1047  1047 D CarrierSvcBindHelper: onPackageModified: com.google.android.gms
06-23 15:45:58.028  1047  1047 D CarrierSvcBindHelper: No carrier app for: 0
06-23 15:45:58.028   836   836 D ControlsListingControllerImpl: ServiceConfig reloaded, count: 0
06-23 15:45:58.029   836   836 D ControlsListingControllerImpl: ServiceConfig reloaded, count: 0
06-23 15:45:58.032  1047  1340 D ImsResolver: maybeAddedImsService, packageName: com.google.android.gms
06-23 15:45:58.034   836   886 D StylusManager: Stylus InputDevice changed: 13 virtio_input_multi_touch_10
06-23 15:45:58.035   836   886 D StylusManager: Stylus InputDevice changed: 7 virtio_input_multi_touch_4
06-23 15:45:58.035   836   886 D StylusManager: Stylus InputDevice changed: 12 virtio_input_multi_touch_9
06-23 15:45:58.035   836   886 D StylusManager: Stylus InputDevice changed: 10 virtio_input_multi_touch_7
06-23 15:45:58.035   836   886 D StylusManager: Stylus InputDevice changed: 6 virtio_input_multi_touch_3
06-23 15:45:58.036   836   886 D StylusManager: Stylus InputDevice changed: 5 virtio_input_multi_touch_2
06-23 15:45:58.039   836   886 D StylusManager: Stylus InputDevice changed: 4 virtio_input_multi_touch_1
06-23 15:45:58.040   836   886 D StylusManager: Stylus InputDevice changed: 14 virtio_input_multi_touch_11
06-23 15:45:58.042   524   550 E system_server: No package ID 7f found for resource ID 0x7f080107.
06-23 15:45:58.042   524   550 E system_server: No package ID 7f found for resource ID 0x7f150560.
06-23 15:45:58.045  1621  1621 I AiAiEcho: AppFetcherImpl onPackageChanged com.google.android.contacts.
06-23 15:45:58.045  1621  2842 I AiAiEcho: AppIndexer Package:[com.google.android.contacts] UserProfile:[0] Enabled:[true].
06-23 15:45:58.046  1621  2842 I AiAiEcho: AppFetcherImplV2 updateApps package:[com.google.android.contacts], userId:[0], reason:[package is updated.].
06-23 15:45:58.049   524   550 I CredManSysServiceImpl: CredentialManagerServiceImpl constructed for: com.google.android.gms/.auth.api.credentials.credman.service.PasswordAndPasskeyService
06-23 15:45:58.049   524   550 I CredManSysServiceImpl: newServiceInfoLocked, mInfo null, com.google.android.gms/com.google.android.gms.auth.api.credentials.credman.service.PasswordAndPasskeyService
06-23 15:45:58.051  1621  1621 I AiAiEcho: AppFetcherImpl onPackageChanged com.google.android.gms.
06-23 15:45:58.051  1621  2872 I AiAiEcho: AppIndexer Package:[com.google.android.gms] UserProfile:[0] Enabled:[true].
06-23 15:45:58.051  1621  2872 I AiAiEcho: AppFetcherImplV2 updateApps package:[com.google.android.gms], userId:[0], reason:[package is updated.].
06-23 15:45:58.329  5501  5521 D EGL_emulation: app_time_stats: avg=500.18ms min=499.87ms max=500.50ms count=2
