06-23 15:47:04.657  1576  1636 W AppInfoHelper: 	at android.app.ApplicationPackageManager.getApplicationInfo(ApplicationPackageManager.java:484)
06-23 15:47:04.657  1576  1636 W AppInfoHelper: 	at czo.e(PG:2)
06-23 15:47:04.657  1576  1636 W AppInfoHelper: 	at czo.f(PG:7)
06-23 15:47:04.657  1576  1636 W AppInfoHelper: 	at crm.f(PG:14)
06-23 15:47:04.657  1576  1636 W AppInfoHelper: 	at cdm.apply(PG:74)
06-23 15:47:04.657  1576  1636 W AppInfoHelper: 	at j$.util.stream.i.accept(SourceFile:27)
06-23 15:47:04.657  1576  1636 W AppInfoHelper: 	at j$.util.stream.P0.accept(SourceFile:3)
06-23 15:47:04.657  1576  1636 W AppInfoHelper: 	at j$.util.a.forEachRemaining(SourceFile:20)
06-23 15:47:04.657  1576  1636 W AppInfoHelper: 	at j$.util.stream.c.v(SourceFile:21)
06-23 15:47:04.657  1576  1636 W AppInfoHelper: 	at j$.util.stream.c.C(SourceFile:8)
06-23 15:47:04.657  1576  1636 W AppInfoHelper: 	at j$.util.stream.I0.e(SourceFile:1)
06-23 15:47:04.657  1576  1636 W AppInfoHelper: 	at j$.util.stream.c.F(SourceFile:35)
06-23 15:47:04.657  1576  1636 W AppInfoHelper: 	at j$.util.stream.g1.collect(SourceFile:83)
06-23 15:47:04.657  1576  1636 W AppInfoHelper: 	at bsv.a(PG:14)
06-23 15:47:04.657  1576  1636 W AppInfoHelper: 	at jza.a(PG:30)
06-23 15:47:04.657  1576  1636 W AppInfoHelper: 	at jza.a(PG:42)
06-23 15:47:04.657  1576  1636 W AppInfoHelper: 	at lne.a(PG:1)
06-23 15:47:04.657  1576  1636 W AppInfoHelper: 	at lmk.run(PG:4)
06-23 15:47:04.657  1576  1636 W AppInfoHelper: 	at lng.run(PG:1)
06-23 15:47:04.657  1576  1636 W AppInfoHelper: 	at llo.run(PG:3)
06-23 15:47:04.657  1576  1636 W AppInfoHelper: 	at idn.run(PG:5)
06-23 15:47:04.657  1576  1636 W AppInfoHelper: 	at java.util.concurrent.ThreadPoolExecutor.runWorker(ThreadPoolExecutor.java:1145)
06-23 15:47:04.657  1576  1636 W AppInfoHelper: 	at java.util.concurrent.ThreadPoolExecutor$Worker.run(ThreadPoolExecutor.java:644)
06-23 15:47:04.657  1576  1636 W AppInfoHelper: 	at huo.run(PG:51)
06-23 15:47:04.657  1576  1636 W AppInfoHelper: 	at java.lang.Thread.run(Thread.java:1012)
06-23 15:47:04.657  1576  1636 W AppInfoHelper: 	at idx.run(PG:5)
06-23 15:47:04.669  6575  6575 W BpBinder: Linking to death on android.gui.ISurfaceComposer but there are no threads (yet?) listening to incoming transactions. See ProcessState::startThreadPool and ProcessState::setThreadPoolMaxThreadCount. Generally you should setup the binder threadpool before other initialization steps.
06-23 15:47:04.669  6575  6575 W ProcessState: Extra binder thread started, but 0 threads requested. Do not use *startThreadPool when zero threads are requested.
06-23 15:47:04.676   136   136 I hwservicemanager: getTransport: Cannot find entry android.hardware.graphics.mapper@4.0::IMapper/default in either framework or device VINTF manifest.
06-23 15:47:04.676  6575  6576 I Gralloc4: mapper 4.x is not supported
06-23 15:47:04.837     0     0 I servicemanager: Could not find android.hardware.graphics.allocator.IAllocator/default in the VINTF manifest.
06-23 15:47:04.747   836   836 D TileServices: Couldn't find tile for ComponentInfo{com.google.android.apps.wellbeing/com.google.android.apps.wellbeing.focusmode.quicksettings.FocusModeTileService}(0)
06-23 15:47:04.785   836   836 D TileServices: Couldn't find tile for ComponentInfo{com.google.android.apps.wellbeing/com.google.android.apps.wellbeing.focusmode.quicksettings.FocusModeTileService}(0)
06-23 15:47:04.823  6577  6577 D AndroidRuntime: >>>>>> START com.android.internal.os.RuntimeInit uid 2000 <<<<<<
06-23 15:47:04.827  6577  6577 I AndroidRuntime: Using default boot image
06-23 15:47:04.827  6577  6577 I AndroidRuntime: Leaving lock profiling enabled
06-23 15:47:04.829  6577  6577 I app_process: Core platform API reporting enabled, enforcing=false
06-23 15:47:04.829  6577  6577 I app_process: Using CollectorTypeCC GC.
06-23 15:47:04.889  6577  6577 D nativeloader: InitDefaultPublicLibraries for_preload=1: libandroid.so:libaaudio.so:libamidi.so:libbinder_ndk.so:libc.so:libcamera2ndk.so:libdl.so:libEGL.so:libGLESv1_CM.so:libGLESv2.so:libGLESv3.so:libicu.so:libicui18n.so:libicuuc.so:libjnigraphics.so:liblog.so:libmediandk.so:libm.so:libnativehelper.so:libnativewindow.so:libOpenMAXAL.so:libOpenSLES.so:libRS.so:libstdc++.so:libsync.so:libvulkan.so:libwebviewchromium_plat_support.so:libz.so
06-23 15:47:04.899  6577  6577 D app_process: Time zone APEX ICU file found: /apex/com.android.tzdata/etc/icu/icu_tzdata.dat
06-23 15:47:04.899  6577  6577 D app_process: I18n APEX ICU file found: /apex/com.android.i18n/etc/icu/icudt72l.dat
06-23 15:47:04.904  6577  6577 W app_process: Unexpected CPU variant for x86: x86_64.
06-23 15:47:04.904  6577  6577 W app_process: Known variants: atom, sandybridge, silvermont, goldmont, goldmont-plus, tremont, kabylake, default
06-23 15:47:04.907  6577  6577 W app_process: ClassLoaderContext shared library size mismatch. Expected=2, found=0 (PCL[]{PCL[/system/framework/android.test.base.jar*836642756]#PCL[/system/framework/android.test.mock.jar*3186112116]} | PCL[])
06-23 15:47:04.908  6577  6577 W app_process: ClassLoaderContext classpath size mismatch. expected=0, found=1 (PCL[]{PCL[/system/framework/android.test.runner.jar*4168958247]{PCL[/system/framework/android.test.base.jar*836642756]#PCL[/system/framework/android.test.mock.jar*3186112116]}#PCL[/system/framework/android.test.base.jar*836642756]} | PCL[/system/framework/android.test.runner.jar*4168958247])
06-23 15:47:04.925  6577  6577 W main    : type=1400 audit(0.0:61): avc:  denied  { read } for  name="u:object_r:build_attestation_prop:s0" dev="tmpfs" ino=86 scontext=u:r:shell:s0 tcontext=u:object_r:build_attestation_prop:s0 tclass=file permissive=0
06-23 15:47:04.925  6577  6577 W libc    : Access denied finding property "ro.product.name_for_attestation"
06-23 15:47:04.929  6577  6577 W libc    : Access denied finding property "ro.product.brand_for_attestation"
06-23 15:47:04.929  6577  6577 W libc    : Access denied finding property "ro.product.model_for_attestation"
06-23 15:47:04.930  6577  6577 D AndroidRuntime: Calling main entry com.android.commands.uiautomator.Launcher
06-23 15:47:04.929  6577  6577 W main    : type=1400 audit(0.0:62): avc:  denied  { read } for  name="u:object_r:build_attestation_prop:s0" dev="tmpfs" ino=86 scontext=u:r:shell:s0 tcontext=u:object_r:build_attestation_prop:s0 tclass=file permissive=0
06-23 15:47:04.929  6577  6577 W main    : type=1400 audit(0.0:63): avc:  denied  { read } for  name="u:object_r:build_attestation_prop:s0" dev="tmpfs" ino=86 scontext=u:r:shell:s0 tcontext=u:object_r:build_attestation_prop:s0 tclass=file permissive=0
06-23 15:47:04.948  6577  6577 D UiAutomationConnection: Created on user UserHandle{0}
06-23 15:47:04.948  6577  6577 I UiAutomation: Initialized for user 0 on display 0
06-23 15:47:04.948  6577  6577 W UiAutomation: Created with deprecatead constructor, assumes DEFAULT_DISPLAY
06-23 15:47:04.949   524   538 D AccessibilityManagerService: changeCurrentUserForTestAutomationIfNeededLocked(0): ignoring because device doesn't support visible background users
06-23 15:47:04.950   524   538 I UiAutomationManager: Registering UiTestAutomationService (id=com.android.server.accessibility/UiAutomation) when called by user 0
06-23 15:47:04.951   524   538 W WindowMagnificationMgr: requestConnection duplicated request: connect=false, mConnectionState=DISCONNECTED
06-23 15:47:04.952   524   524 D BatterySaverPolicy: accessibility changed to true, updating policy.
06-23 15:47:04.953  1621  6489 I AiAiEcho: Settings changed for uri: content://settings/secure/accessibility_enabled
06-23 15:47:04.954  1621  2168 I AiAiEcho: Predicting[0]: 
06-23 15:47:04.954  1621  2168 I AiAiEcho: EchoTargets: 
06-23 15:47:04.954  1621  2168 I AiAiEcho: Filtered by AiAi flag check: 
06-23 15:47:04.954  1621  2168 I AiAiEcho: Ranked targets strategy: SORT, count: 0, ranking metadata: 
06-23 15:47:04.954  1621  2168 I AiAiEcho: Predicting[0]: 
06-23 15:47:04.954  1621  2168 I AiAiEcho: EchoTargets: 
06-23 15:47:04.954  1621  2168 I AiAiEcho: Filtered by AiAi flag check: 
06-23 15:47:04.954  1621  2168 I AiAiEcho: Ranked targets strategy: SORT, count: 0, ranking metadata: 
06-23 15:47:04.955  1655  2400 I A       : NGA disabled since it's running Panthera and at least one a11y feature is on.
06-23 15:47:04.956  1655  2400 I A       : Nga state changed to NgaStateDetails{state=DISABLED, isSpecialExperience=false}
06-23 15:47:04.957  1628  1801 I A       : APA or Classic session decision: SessionDecision(sessionVariance=CLASSIC, platformVariance=CLASSIC, justification=CURRENT_PLATFORM_VARIANCE).
06-23 15:47:04.957  1628  1801 I A       : [Memory] eligibility: StashEligibility{4}
06-23 15:47:04.957  1628  2175 I A       : Unsubscribed to apa or classic variant change.
06-23 15:47:04.964  1621  2168 I AiAiEcho: #postPredictionTargets: Sending updates to UISurface lockscreen with targets# 0 (types=[])
06-23 15:47:04.965  1621  2168 I AiAiEcho: #postPredictionTargets: Sending updates to UISurface home with targets# 0 (types=[])
06-23 15:47:04.971  6577  6591 V UiAutomation: Init UiAutomation@29d9c4f[id=5, displayId=0, flags=0]
06-23 15:47:04.972   836   836 W PageIndicator: Total number of pages invalid: 0. Assuming 1 page.
06-23 15:47:04.972  1621  6489 I AiAiEcho: Settings changed for uri: content://settings/secure/accessibility_enabled
06-23 15:47:04.972   524  2465 W WindowMagnificationMgr: requestConnection duplicated request: connect=false, mConnectionState=DISCONNECTED
06-23 15:47:04.974  1621  2168 I AiAiEcho: Predicting[0]: 
06-23 15:47:04.974  1621  2168 I AiAiEcho: EchoTargets: 
06-23 15:47:04.974  1621  2168 I AiAiEcho: Filtered by AiAi flag check: 
06-23 15:47:04.974  1621  2168 I AiAiEcho: Ranked targets strategy: SORT, count: 0, ranking metadata: 
06-23 15:47:04.974  1621  2168 I AiAiEcho: Predicting[0]: 
06-23 15:47:04.974  1621  2168 I AiAiEcho: EchoTargets: 
06-23 15:47:04.974  1621  2168 I AiAiEcho: Filtered by AiAi flag check: 
06-23 15:47:04.974  1621  2168 I AiAiEcho: Ranked targets strategy: SORT, count: 0, ranking metadata: 
06-23 15:47:04.975  1621  2168 I AiAiEcho: #postPredictionTargets: Sending updates to UISurface lockscreen with targets# 0 (types=[])
06-23 15:47:04.976   836   836 W PageIndicator: Total number of pages invalid: 0. Assuming 1 page.
06-23 15:47:04.976   524  1862 D SafetySourceDataValidator: No cert check requested for package com.google.android.permissioncontroller
06-23 15:47:04.978  1621  2168 I AiAiEcho: #postPredictionTargets: Sending updates to UISurface home with targets# 0 (types=[])
06-23 15:47:04.996  6355  6375 D EGL_emulation: app_time_stats: avg=498.44ms min=496.95ms max=499.85ms count=3
06-23 15:47:05.078   524   611 I RoleService: Granting default roles...
06-23 15:47:05.089   838  6522 E RoleControllerServiceImpl: Default/fallback role holder package doesn't qualify for the role, package: com.google.android.gms.supervision, role: android.app.role.SYSTEM_SUPERVISION
06-23 15:47:05.090   838  6522 I Role    : com.google.android.gms not qualified for android.app.role.SYSTEM_CALL_STREAMING due to missing RequiredComponent{mIntentFilterData=IntentFilterData{mAction='android.telecom.CallStreamingService', mCategories='[]', mDataScheme='null', mDataType='null'}, mMinTargetSdkVersion=1, mFlags='0', mPermission='android.permission.BIND_CALL_STREAMING_SERVICE', mQueryFlags=0, mMetaData=[]}
06-23 15:47:05.090   838  6522 E RoleControllerServiceImpl: Default/fallback role holder package doesn't qualify for the role, package: com.google.android.gms, role: android.app.role.SYSTEM_CALL_STREAMING
06-23 15:47:05.091   838  6522 W Role    : Default holder doesn't have required signing certificate: com.google.android.apps.work.clouddpc:23962F4B43B9857638EA66F4D419518EAE282491ACDA4B94707BD59003C45E58
06-23 15:47:05.793   524   610 D ActivityManager: freezing 3750 com.google.android.rkpdapp
06-23 15:47:05.964  6577  6577 I AccessibilityNodeInfoDumper: Skipping invisible child: android.view.accessibility.AccessibilityNodeInfo@12897; boundsInParent: Rect(0, 0 - 320, 0); boundsInScreen: Rect(0, 0 - 320, 0); boundsInWindow: Rect(0, 0 - 320, 0); packageName: com.hanapkalinga.mobile; className: android.widget.LinearLayout; text: null; error: null; maxTextLength: -1; stateDescription: null; contentDescription: null; tooltipText: null; containerTitle: null; viewIdResName: null; uniqueId: null; checkable: false; checked: false; focusable: false; focused: false; selected: false; clickable: false; longClickable: false; contextClickable: false; enabled: true; password: false; scrollable: false; importantForAccessibility: false; visible: false; actions: [AccessibilityAction: ACTION_SELECT - null, AccessibilityAction: ACTION_CLEAR_SELECTION - null, AccessibilityAction: ACTION_ACCESSIBILITY_FOCUS - null, AccessibilityAction: ACTION_SHOW_ON_SCREEN - null]; isTextSelectable: false
06-23 15:47:05.964  6577  6577 I AccessibilityNodeInfoDumper: Skipping invisible child: android.view.accessibility.AccessibilityNodeInfo@124d6; boundsInParent: Rect(0, 0 - 320, 0); boundsInScreen: Rect(0, 0 - 320, 0); boundsInWindow: Rect(0, 0 - 320, 0); packageName: com.hanapkalinga.mobile; className: android.view.ViewGroup; text: null; error: null; maxTextLength: -1; stateDescription: null; contentDescription: null; tooltipText: null; containerTitle: null; viewIdResName: null; uniqueId: null; checkable: false; checked: false; focusable: false; focused: false; selected: false; clickable: false; longClickable: false; contextClickable: false; enabled: true; password: false; scrollable: false; importantForAccessibility: false; visible: false; actions: [AccessibilityAction: ACTION_SELECT - null, AccessibilityAction: ACTION_CLEAR_SELECTION - null, AccessibilityAction: ACTION_ACCESSIBILITY_FOCUS - null, AccessibilityAction: ACTION_SHOW_ON_SCREEN - null]; isTextSelectable: false
06-23 15:47:05.964  6577  6577 I AccessibilityNodeInfoDumper: Skipping invisible child: android.view.accessibility.AccessibilityNodeInfo@191b3; boundsInParent: Rect(0, 0 - 320, 0); boundsInScreen: Rect(0, 0 - 320, 0); boundsInWindow: Rect(0, 0 - 320, 0); packageName: com.hanapkalinga.mobile; className: android.widget.LinearLayout; text: null; error: null; maxTextLength: -1; stateDescription: null; contentDescription: null; tooltipText: null; containerTitle: null; viewIdResName: null; uniqueId: null; checkable: false; checked: false; focusable: false; focused: false; selected: false; clickable: false; longClickable: false; contextClickable: false; enabled: true; password: false; scrollable: false; importantForAccessibility: false; visible: false; actions: [AccessibilityAction: ACTION_SELECT - null, AccessibilityAction: ACTION_CLEAR_SELECTION - null, AccessibilityAction: ACTION_ACCESSIBILITY_FOCUS - null, AccessibilityAction: ACTION_SHOW_ON_SCREEN - null]; isTextSelectable: false
06-23 15:47:05.964  6577  6577 I AccessibilityNodeInfoDumper: Skipping invisible child: android.view.accessibility.AccessibilityNodeInfo@18df2; boundsInParent: Rect(0, 0 - 320, 0); boundsInScreen: Rect(0, 0 - 320, 0); boundsInWindow: Rect(0, 0 - 320, 0); packageName: com.hanapkalinga.mobile; className: android.view.ViewGroup; text: null; error: null; maxTextLength: -1; stateDescription: null; contentDescription: null; tooltipText: null; containerTitle: null; viewIdResName: null; uniqueId: null; checkable: false; checked: false; focusable: false; focused: false; selected: false; clickable: false; longClickable: false; contextClickable: false; enabled: true; password: false; scrollable: false; importantForAccessibility: false; visible: false; actions: [AccessibilityAction: ACTION_SELECT - null, AccessibilityAction: ACTION_CLEAR_SELECTION - null, AccessibilityAction: ACTION_ACCESSIBILITY_FOCUS - null, AccessibilityAction: ACTION_SHOW_ON_SCREEN - null]; isTextSelectable: false
06-23 15:47:05.967  6577  6577 W AccessibilityNodeInfoDumper: Fetch time: 6ms
06-23 15:47:05.968   524  1991 W WindowMagnificationMgr: requestConnection duplicated request: connect=false, mConnectionState=DISCONNECTED
06-23 15:47:05.968   524  1991 D AccessibilityManagerService: restoreCurrentUserForTestAutomationIfNeededLocked(): ignoring because device doesn't support visible background users
06-23 15:47:05.969  6577  6577 D AndroidRuntime: Shutting down VM
06-23 15:47:05.972  1621  6489 I AiAiEcho: Settings changed for uri: content://settings/secure/accessibility_enabled
06-23 15:47:05.973  1621  2168 I AiAiEcho: Predicting[0]: 
06-23 15:47:05.973  1621  2168 I AiAiEcho: EchoTargets: 
06-23 15:47:05.973  1621  2168 I AiAiEcho: Filtered by AiAi flag check: 
06-23 15:47:05.973  1621  2168 I AiAiEcho: Ranked targets strategy: SORT, count: 0, ranking metadata: 
06-23 15:47:05.974  1621  2168 I AiAiEcho: Predicting[0]: 
06-23 15:47:05.974  1621  2168 I AiAiEcho: EchoTargets: 
06-23 15:47:05.974  1621  2168 I AiAiEcho: Filtered by AiAi flag check: 
06-23 15:47:05.974  1621  2168 I AiAiEcho: Ranked targets strategy: SORT, count: 0, ranking metadata: 
06-23 15:47:05.974  1621  2168 I AiAiEcho: #postPredictionTargets: Sending updates to UISurface lockscreen with targets# 0 (types=[])
06-23 15:47:05.975  1621  2168 I AiAiEcho: #postPredictionTargets: Sending updates to UISurface home with targets# 0 (types=[])
06-23 15:47:05.980  1655  2400 I A       : NGA enabled in interactor.
06-23 15:47:05.980   524   524 D BatterySaverPolicy: accessibility changed to false, updating policy.
06-23 15:47:05.980  1655  2400 I A       : Nga state changed to NgaStateDetails{state=ENABLED, isSpecialExperience=false}
06-23 15:47:05.981   836   836 W PageIndicator: Total number of pages invalid: 0. Assuming 1 page.
06-23 15:47:05.982  1628  1801 I A       : Initializing all components
06-23 15:47:05.982  1628  1801 I A       : APA or Classic session decision: SessionDecision(sessionVariance=CLASSIC, platformVariance=CLASSIC, justification=CURRENT_PLATFORM_VARIANCE).
06-23 15:47:05.982  1628  1801 I A       : [Memory] eligibility: StashEligibility{6}
06-23 15:47:05.983  1628  2165 I A       : onIsEnabledChanged, isEnabled: false
06-23 15:47:05.983  1628  2165 W A       : Disposing empty manager. Did you forgot to subscribe observables?
06-23 15:47:05.983  1628  2165 W A       : Disposing empty manager. Did you forgot to subscribe observables?
06-23 15:47:05.983  1628  2165 W A       : Disposing empty manager. Did you forgot to subscribe observables?
06-23 15:47:05.983  1628  2165 W A       : Disposing empty manager. Did you forgot to subscribe observables?
06-23 15:47:05.983  1628  2165 W A       : Disposing empty manager. Did you forgot to subscribe observables?
06-23 15:47:05.983  1628  2165 W A       : Disposing empty manager. Did you forgot to subscribe observables?
06-23 15:47:05.983  1628  2165 W A       : Disposing empty manager. Did you forgot to subscribe observables?
06-23 15:47:05.983  1628  2165 W A       : Disposing empty manager. Did you forgot to subscribe observables?
06-23 15:47:05.983  1628  2165 W A       : Disposing empty manager. Did you forgot to subscribe observables?
06-23 15:47:05.983  1628  2165 W A       : Disposing empty manager. Did you forgot to subscribe observables?
06-23 15:47:05.983  1628  2165 I A       : onOpaVisibilityChanged: false
06-23 15:47:05.983  1628  2165 W A       : Disposing empty manager. Did you forgot to subscribe observables?
06-23 15:47:05.983  1628  2165 W A       : Disposing empty manager. Did you forgot to subscribe observables?
06-23 15:47:05.983  1628  2165 W A       : Disposing empty manager. Did you forgot to subscribe observables?
06-23 15:47:05.983  1628  2165 W A       : Disposing empty manager. Did you forgot to subscribe observables?
06-23 15:47:05.983  1628  2165 W A       : Disposing empty manager. Did you forgot to subscribe observables?
06-23 15:47:05.983  1628  2165 W A       : Disposing empty manager. Did you forgot to subscribe observables?
06-23 15:47:05.983  1628  2165 I A       : Setting session to type: NO_SESSION
06-23 15:47:05.983  1628  2165 W A       : Disposing empty manager. Did you forgot to subscribe observables?
06-23 15:47:05.984  1628  2165 W A       : Disposing empty manager. Did you forgot to subscribe observables?
06-23 15:47:05.984  1628  2165 W A       : Disposing empty manager. Did you forgot to subscribe observables?
06-23 15:47:05.984  1628  2165 W A       : Disposing empty manager. Did you forgot to subscribe observables?
06-23 15:47:05.984  1628  2165 W A       : Disposing empty manager. Did you forgot to subscribe observables?
06-23 15:47:05.984  1628  2165 W A       : Disposing empty manager. Did you forgot to subscribe observables?
06-23 15:47:05.984  1628  2165 W A       : Disposing empty manager. Did you forgot to subscribe observables?
06-23 15:47:05.984  1628  2165 W A       : Disposing empty manager. Did you forgot to subscribe observables?
06-23 15:47:05.984  1628  2165 I A       : setNavBarVisible: GestureNavBarVisible{navbarVisible=true}
06-23 15:47:05.984  1628  2165 W A       : Disposing empty manager. Did you forgot to subscribe observables?
06-23 15:47:05.984  1628  2165 W A       : Disposing empty manager. Did you forgot to subscribe observables?
06-23 15:47:05.984  1628  2165 W A       : Disposing empty manager. Did you forgot to subscribe observables?
06-23 15:47:05.984  1628  2165 W A       : Disposing empty manager. Did you forgot to subscribe observables?
06-23 15:47:05.984  1628  2165 W A       : Disposing empty manager. Did you forgot to subscribe observables?
06-23 15:47:05.984  1628  2165 W A       : Disposing empty manager. Did you forgot to subscribe observables?
06-23 15:47:05.984  1628  2165 I A       : onDisabled. Registered: false
06-23 15:47:05.985  1628  2175 I A       : State changed: IDLE => IDLE by NGA_STATE_CHANGED and N/A with Optional.empty
06-23 15:47:05.986  1628  2175 I A       : Recognizer choice: (recognizer_type: 1, recognizer_mode: 1, choice_reason: 4)
06-23 15:47:05.986  1628  2175 I A       : onActiveStateChangeEvent: IDLE => IDLE
06-23 15:47:05.986  1628  2175 I A       : #onActiveStateChangeEvent, newState: IDLE, previousState: IDLE.
06-23 15:47:05.990  1628  2175 I A       : on opa visibility changed false
06-23 15:47:05.990  1628  2175 I A       : on opa visibility changed false
06-23 15:47:05.990  1628  2175 I A       : stopListening(NGA_PAUSED_UNKNOWN_REASON, NGA_CREATE), idleOverride=NOT_LISTENING
06-23 15:47:05.992  1628  2165 I A       : Initialize
06-23 15:47:05.993  1628  2175 I NgaEntryPointEventSendr: setupConnection
06-23 15:47:06.000  6355  6375 D EGL_emulation: app_time_stats: avg=501.90ms min=499.65ms max=504.15ms count=2
06-23 15:47:06.000  1655  1655 I A       : Creating pss binder().
06-23 15:47:06.002  1628  2175 I NgaEntryPointEventSendr: State changed: Disconnected => Connecting
06-23 15:47:06.002  1628  2175 I NgaEntryPointEventSendr: onServiceConnected
06-23 15:47:06.002  1655  2615 I A       : Calling beginBinderSession().
06-23 15:47:06.003  1655  2615 I A       : beginBinderSession(): calling binder
06-23 15:47:06.003  1628  2175 I NgaEntryPointEventSendr: State changed: Connecting => Ready
06-23 15:47:06.005  1628  2175 I A       : Successfully initialized all components
06-23 15:47:06.006   524  2454 W ActivityManager: Unable to start service Intent { cmp=com.google.android.apps.tachyon/.clientapi.ClientApiService } U=0: not found
06-23 15:47:06.014  1655  2729 W A       : UiCallbackStub-onGenericEvent[ServiceEvent = 60] task was not run. Callback from Service received after client was disposed.
06-23 15:47:06.016  1655  2729 W SearchServiceCore: Abort, client detached.
06-23 15:47:06.016  1628  2175 I NgaEntryPointEventSendr: State changed: Ready => Disconnected (onOpaDisconnected)
06-23 15:47:06.017  1655  3029 I PBSessionCacheImpl: Deleted sessionId[7280549205287133] from persistence.
06-23 15:47:06.215   524   610 D ActivityManager: freezing 3002 com.google.android.gms.unstable
06-23 15:47:06.254  6487  6493 I AidlLazyServiceRegistrar: Process has 0 (of 1 available) client(s) in use after notification artd has clients: 0
06-23 15:47:06.254  6487  6493 I AidlLazyServiceRegistrar: Trying to shut down the service. No clients in use for any service in process.
06-23 15:47:06.256  6487  6493 I AidlLazyServiceRegistrar: Unregistered all clients and exiting
06-23 15:47:06.415     0     0 I servicemanager: Notifying artd they don't (previously: do) have clients when we now have no record of a client
06-23 15:47:06.417     0     0 I servicemanager: Unregistering artd
06-23 15:47:06.418     0     0 I BpBinder: onLastStrongRef automatically unlinking death recipients:
06-23 15:47:06.421     0     0 I init    : Service 'artd' (pid 6487) exited with status 0 oneshot service took 2.361000 seconds in background
06-23 15:47:06.423     0     0 I init    : Sending signal 9 to service 'artd' (pid 6487) process group...
06-23 15:47:06.424     0     0 I libprocessgroup: Successfully killed process cgroup uid 1082 pid 6487 in 0ms
