06-23 15:48:12.616  5176  6985 I Fitness : FitCleanupIntentOperation received Intent android.intent.action.PACKAGE_REMOVED [CONTEXT service_id=17 ]
06-23 15:48:12.625  5259  7008 W SQLiteLog: (28) double-quoted string literal: "dev.mobile.maestro.test"
06-23 15:48:12.631   836   836 D TileServices: Couldn't find tile for ComponentInfo{com.google.android.apps.wellbeing/com.google.android.apps.wellbeing.focusmode.quicksettings.FocusModeTileService}(0)
06-23 15:48:12.635   524  1991 D CompatibilityChangeReporter: Compat change id reported: 161252188; UID 10192; state: DISABLED
06-23 15:48:12.641  5259  7015 I Icing   : Usage reports ok 1, Failed Usage reports 0, indexed 0, rejected 0
06-23 15:48:12.641  5259  7015 I Icing   : doRemovePackageData dev.mobile.maestro.test
06-23 15:48:12.646  6819  6839 D EGL_emulation: app_time_stats: avg=500.24ms min=494.24ms max=505.52ms count=3
06-23 15:48:12.652  5259  7015 I Icing   : Indexing com.google.android.gms-apps from com.google.android.gms
06-23 15:48:12.658  5259  7015 I Icing   : Indexing done com.google.android.gms-apps
06-23 15:48:12.667  5259  7015 I Icing   : Indexing com.google.android.gms-apps from com.google.android.gms
06-23 15:48:12.669  5259  7015 I Icing   : Indexing done com.google.android.gms-apps
06-23 15:48:12.673   836   836 D TileServices: Couldn't find tile for ComponentInfo{com.google.android.apps.wellbeing/com.google.android.apps.wellbeing.focusmode.quicksettings.FocusModeTileService}(0)
06-23 15:48:12.713  1628  1628 I GsaVoiceInteractionSrv: O received Intent { act=android.intent.action.PACKAGE_REMOVED dat=package: flg=0x4000010 (has extras) }
06-23 15:48:12.715  1628  1628 I GsaVoiceInteractionSrv: O received Intent { act=android.intent.action.PACKAGE_REMOVED dat=package: flg=0x4000010 (has extras) }
06-23 15:48:12.743  1655  2729 W SearchServiceCore: Abort, client detached.
06-23 15:48:12.759  7020  7020 W BpBinder: Linking to death on android.gui.ISurfaceComposer but there are no threads (yet?) listening to incoming transactions. See ProcessState::startThreadPool and ProcessState::setThreadPoolMaxThreadCount. Generally you should setup the binder threadpool before other initialization steps.
06-23 15:48:12.761  7020  7020 W ProcessState: Extra binder thread started, but 0 threads requested. Do not use *startThreadPool when zero threads are requested.
06-23 15:48:12.766   136   136 I hwservicemanager: getTransport: Cannot find entry android.hardware.graphics.mapper@4.0::IMapper/default in either framework or device VINTF manifest.
06-23 15:48:12.766  7020  7021 I Gralloc4: mapper 4.x is not supported
06-23 15:48:12.927     0     0 I servicemanager: Could not find android.hardware.graphics.allocator.IAllocator/default in the VINTF manifest.
06-23 15:48:12.890  7022  7022 D AndroidRuntime: >>>>>> START com.android.internal.os.RuntimeInit uid 2000 <<<<<<
06-23 15:48:12.894  7022  7022 I AndroidRuntime: Using default boot image
06-23 15:48:12.894  7022  7022 I AndroidRuntime: Leaving lock profiling enabled
06-23 15:48:12.896  7022  7022 I app_process: Core platform API reporting enabled, enforcing=false
06-23 15:48:12.896  7022  7022 I app_process: Using CollectorTypeCC GC.
06-23 15:48:12.945  7022  7022 D nativeloader: InitDefaultPublicLibraries for_preload=1: libandroid.so:libaaudio.so:libamidi.so:libbinder_ndk.so:libc.so:libcamera2ndk.so:libdl.so:libEGL.so:libGLESv1_CM.so:libGLESv2.so:libGLESv3.so:libicu.so:libicui18n.so:libicuuc.so:libjnigraphics.so:liblog.so:libmediandk.so:libm.so:libnativehelper.so:libnativewindow.so:libOpenMAXAL.so:libOpenSLES.so:libRS.so:libstdc++.so:libsync.so:libvulkan.so:libwebviewchromium_plat_support.so:libz.so
06-23 15:48:12.953  7022  7022 D app_process: Time zone APEX ICU file found: /apex/com.android.tzdata/etc/icu/icu_tzdata.dat
06-23 15:48:12.953  7022  7022 D app_process: I18n APEX ICU file found: /apex/com.android.i18n/etc/icu/icudt72l.dat
06-23 15:48:12.957  7022  7022 W app_process: Unexpected CPU variant for x86: x86_64.
06-23 15:48:12.957  7022  7022 W app_process: Known variants: atom, sandybridge, silvermont, goldmont, goldmont-plus, tremont, kabylake, default
06-23 15:48:12.958  7022  7022 W app_process: ClassLoaderContext shared library size mismatch. Expected=2, found=0 (PCL[]{PCL[/system/framework/android.test.base.jar*836642756]#PCL[/system/framework/android.test.mock.jar*3186112116]} | PCL[])
06-23 15:48:12.959  7022  7022 W app_process: ClassLoaderContext classpath size mismatch. expected=0, found=1 (PCL[]{PCL[/system/framework/android.test.runner.jar*4168958247]{PCL[/system/framework/android.test.base.jar*836642756]#PCL[/system/framework/android.test.mock.jar*3186112116]}#PCL[/system/framework/android.test.base.jar*836642756]} | PCL[/system/framework/android.test.runner.jar*4168958247])
06-23 15:48:12.970  7022  7022 W libc    : Access denied finding property "ro.product.name_for_attestation"
06-23 15:48:12.970  7022  7022 W libc    : Access denied finding property "ro.product.brand_for_attestation"
06-23 15:48:12.970  7022  7022 W libc    : Access denied finding property "ro.product.model_for_attestation"
06-23 15:48:12.971  7022  7022 D AndroidRuntime: Calling main entry com.android.commands.uiautomator.Launcher
06-23 15:48:12.969  7022  7022 W main    : type=1400 audit(0.0:70): avc:  denied  { read } for  name="u:object_r:build_attestation_prop:s0" dev="tmpfs" ino=86 scontext=u:r:shell:s0 tcontext=u:object_r:build_attestation_prop:s0 tclass=file permissive=0
06-23 15:48:12.973  7022  7022 D UiAutomationConnection: Created on user UserHandle{0}
06-23 15:48:12.973  7022  7022 I UiAutomation: Initialized for user 0 on display 0
06-23 15:48:12.973  7022  7022 W UiAutomation: Created with deprecatead constructor, assumes DEFAULT_DISPLAY
06-23 15:48:12.974   524  2453 D AccessibilityManagerService: changeCurrentUserForTestAutomationIfNeededLocked(0): ignoring because device doesn't support visible background users
06-23 15:48:12.974   524  2453 I UiAutomationManager: Registering UiTestAutomationService (id=com.android.server.accessibility/UiAutomation) when called by user 0
06-23 15:48:12.976   524  2453 W WindowMagnificationMgr: requestConnection duplicated request: connect=false, mConnectionState=DISCONNECTED
06-23 15:48:12.969  7022  7022 W main    : type=1400 audit(0.0:71): avc:  denied  { read } for  name="u:object_r:build_attestation_prop:s0" dev="tmpfs" ino=86 scontext=u:r:shell:s0 tcontext=u:object_r:build_attestation_prop:s0 tclass=file permissive=0
06-23 15:48:12.977   524   524 D BatterySaverPolicy: accessibility changed to true, updating policy.
06-23 15:48:12.977  1655  2404 I A       : NGA disabled since it's running Panthera and at least one a11y feature is on.
06-23 15:48:12.977  1655  2404 I A       : Nga state changed to NgaStateDetails{state=DISABLED, isSpecialExperience=false}
06-23 15:48:12.980  7022  7036 V UiAutomation: Init UiAutomation@5cea033[id=7, displayId=0, flags=0]
06-23 15:48:12.981   524  1862 W WindowMagnificationMgr: requestConnection duplicated request: connect=false, mConnectionState=DISCONNECTED
06-23 15:48:12.969  7022  7022 W main    : type=1400 audit(0.0:72): avc:  denied  { read } for  name="u:object_r:build_attestation_prop:s0" dev="tmpfs" ino=86 scontext=u:r:shell:s0 tcontext=u:object_r:build_attestation_prop:s0 tclass=file permissive=0
06-23 15:48:12.984  1628  1877 I A       : APA or Classic session decision: SessionDecision(sessionVariance=CLASSIC, platformVariance=CLASSIC, justification=CURRENT_PLATFORM_VARIANCE).
06-23 15:48:12.984  1628  1877 I A       : [Memory] eligibility: StashEligibility{4}
06-23 15:48:12.985  1621  6489 I AiAiEcho: Settings changed for uri: content://settings/secure/accessibility_enabled
06-23 15:48:12.986  1628  2175 I A       : Unsubscribed to apa or classic variant change.
06-23 15:48:12.986  1621  6489 I AiAiEcho: Settings changed for uri: content://settings/secure/accessibility_enabled
06-23 15:48:12.986  1621  2168 I AiAiEcho: Predicting[0]: 
06-23 15:48:12.986  1621  2168 I AiAiEcho: EchoTargets: 
06-23 15:48:12.986  1621  2168 I AiAiEcho: Filtered by AiAi flag check: 
06-23 15:48:12.987  1621  2168 I AiAiEcho: Ranked targets strategy: SORT, count: 0, ranking metadata: 
06-23 15:48:12.987  1621  2168 I AiAiEcho: Predicting[0]: 
06-23 15:48:12.988  1621  2168 I AiAiEcho: EchoTargets: 
06-23 15:48:12.988  1621  2168 I AiAiEcho: Filtered by AiAi flag check: 
06-23 15:48:12.988  1621  2168 I AiAiEcho: Ranked targets strategy: SORT, count: 0, ranking metadata: 
06-23 15:48:12.989   524  1853 D SafetySourceDataValidator: No cert check requested for package com.google.android.permissioncontroller
06-23 15:48:12.989  1621  2168 I AiAiEcho: Predicting[0]: 
06-23 15:48:12.990  1621  2168 I AiAiEcho: EchoTargets: 
06-23 15:48:12.990  1621  2168 I AiAiEcho: Filtered by AiAi flag check: 
06-23 15:48:12.990  1621  2168 I AiAiEcho: Ranked targets strategy: SORT, count: 0, ranking metadata: 
06-23 15:48:12.990  1621  2168 I AiAiEcho: Predicting[0]: 
06-23 15:48:12.990  1621  2168 I AiAiEcho: EchoTargets: 
06-23 15:48:12.990  1621  2168 I AiAiEcho: Filtered by AiAi flag check: 
06-23 15:48:12.991  1621  2168 I AiAiEcho: Ranked targets strategy: SORT, count: 0, ranking metadata: 
06-23 15:48:12.991  1621  2168 I AiAiEcho: #postPredictionTargets: Sending updates to UISurface lockscreen with targets# 0 (types=[])
06-23 15:48:12.992  1621  2168 I AiAiEcho: #postPredictionTargets: Sending updates to UISurface home with targets# 0 (types=[])
06-23 15:48:12.992   836   836 W PageIndicator: Total number of pages invalid: 0. Assuming 1 page.
06-23 15:48:12.992  1621  2168 I AiAiEcho: #postPredictionTargets: Sending updates to UISurface lockscreen with targets# 0 (types=[])
06-23 15:48:12.992  1621  2168 I AiAiEcho: #postPredictionTargets: Sending updates to UISurface home with targets# 0 (types=[])
06-23 15:48:12.993   836   836 W PageIndicator: Total number of pages invalid: 0. Assuming 1 page.
06-23 15:48:13.988  7022  7022 I AccessibilityNodeInfoDumper: Skipping invisible child: android.view.accessibility.AccessibilityNodeInfo@128aa; boundsInParent: Rect(0, 0 - 320, 0); boundsInScreen: Rect(0, 0 - 320, 0); boundsInWindow: Rect(0, 0 - 320, 0); packageName: com.hanapkalinga.mobile; className: android.widget.LinearLayout; text: null; error: null; maxTextLength: -1; stateDescription: null; contentDescription: null; tooltipText: null; containerTitle: null; viewIdResName: null; uniqueId: null; checkable: false; checked: false; focusable: false; focused: false; selected: false; clickable: false; longClickable: false; contextClickable: false; enabled: true; password: false; scrollable: false; importantForAccessibility: false; visible: false; actions: [AccessibilityAction: ACTION_SELECT - null, AccessibilityAction: ACTION_CLEAR_SELECTION - null, AccessibilityAction: ACTION_ACCESSIBILITY_FOCUS - null, AccessibilityAction: ACTION_SHOW_ON_SCREEN - null]; isTextSelectable: false
06-23 15:48:13.989  7022  7022 I AccessibilityNodeInfoDumper: Skipping invisible child: android.view.accessibility.AccessibilityNodeInfo@124e9; boundsInParent: Rect(0, 0 - 320, 0); boundsInScreen: Rect(0, 0 - 320, 0); boundsInWindow: Rect(0, 0 - 320, 0); packageName: com.hanapkalinga.mobile; className: android.view.ViewGroup; text: null; error: null; maxTextLength: -1; stateDescription: null; contentDescription: null; tooltipText: null; containerTitle: null; viewIdResName: null; uniqueId: null; checkable: false; checked: false; focusable: false; focused: false; selected: false; clickable: false; longClickable: false; contextClickable: false; enabled: true; password: false; scrollable: false; importantForAccessibility: false; visible: false; actions: [AccessibilityAction: ACTION_SELECT - null, AccessibilityAction: ACTION_CLEAR_SELECTION - null, AccessibilityAction: ACTION_ACCESSIBILITY_FOCUS - null, AccessibilityAction: ACTION_SHOW_ON_SCREEN - null]; isTextSelectable: false
06-23 15:48:13.989  7022  7022 I AccessibilityNodeInfoDumper: Skipping invisible child: android.view.accessibility.AccessibilityNodeInfo@191c6; boundsInParent: Rect(0, 0 - 320, 0); boundsInScreen: Rect(0, 0 - 320, 0); boundsInWindow: Rect(0, 0 - 320, 0); packageName: com.hanapkalinga.mobile; className: android.widget.LinearLayout; text: null; error: null; maxTextLength: -1; stateDescription: null; contentDescription: null; tooltipText: null; containerTitle: null; viewIdResName: null; uniqueId: null; checkable: false; checked: false; focusable: false; focused: false; selected: false; clickable: false; longClickable: false; contextClickable: false; enabled: true; password: false; scrollable: false; importantForAccessibility: false; visible: false; actions: [AccessibilityAction: ACTION_SELECT - null, AccessibilityAction: ACTION_CLEAR_SELECTION - null, AccessibilityAction: ACTION_ACCESSIBILITY_FOCUS - null, AccessibilityAction: ACTION_SHOW_ON_SCREEN - null]; isTextSelectable: false
06-23 15:48:13.989  7022  7022 I AccessibilityNodeInfoDumper: Skipping invisible child: android.view.accessibility.AccessibilityNodeInfo@18e05; boundsInParent: Rect(0, 0 - 320, 0); boundsInScreen: Rect(0, 0 - 320, 0); boundsInWindow: Rect(0, 0 - 320, 0); packageName: com.hanapkalinga.mobile; className: android.view.ViewGroup; text: null; error: null; maxTextLength: -1; stateDescription: null; contentDescription: null; tooltipText: null; containerTitle: null; viewIdResName: null; uniqueId: null; checkable: false; checked: false; focusable: false; focused: false; selected: false; clickable: false; longClickable: false; contextClickable: false; enabled: true; password: false; scrollable: false; importantForAccessibility: false; visible: false; actions: [AccessibilityAction: ACTION_SELECT - null, AccessibilityAction: ACTION_CLEAR_SELECTION - null, AccessibilityAction: ACTION_ACCESSIBILITY_FOCUS - null, AccessibilityAction: ACTION_SHOW_ON_SCREEN - null]; isTextSelectable: false
06-23 15:48:13.992  7022  7022 W AccessibilityNodeInfoDumper: Fetch time: 6ms
06-23 15:48:13.994  1621  6489 I AiAiEcho: Settings changed for uri: content://settings/secure/accessibility_enabled
06-23 15:48:13.994   524  2458 W WindowMagnificationMgr: requestConnection duplicated request: connect=false, mConnectionState=DISCONNECTED
06-23 15:48:13.994   524  2458 D AccessibilityManagerService: restoreCurrentUserForTestAutomationIfNeededLocked(): ignoring because device doesn't support visible background users
06-23 15:48:13.994  1621  2168 I AiAiEcho: Predicting[0]: 
06-23 15:48:13.994  1621  2168 I AiAiEcho: EchoTargets: 
06-23 15:48:13.994  1621  2168 I AiAiEcho: Filtered by AiAi flag check: 
06-23 15:48:13.995  1621  2168 I AiAiEcho: Ranked targets strategy: SORT, count: 0, ranking metadata: 
06-23 15:48:13.995  1621  2168 I AiAiEcho: Predicting[0]: 
06-23 15:48:13.995  1621  2168 I AiAiEcho: EchoTargets: 
06-23 15:48:13.995  1621  2168 I AiAiEcho: Filtered by AiAi flag check: 
06-23 15:48:13.995  1621  2168 I AiAiEcho: Ranked targets strategy: SORT, count: 0, ranking metadata: 
06-23 15:48:13.996  7022  7022 D AndroidRuntime: Shutting down VM
06-23 15:48:13.997  1655  2400 I A       : NGA enabled in interactor.
06-23 15:48:13.998  1655  2400 I A       : Nga state changed to NgaStateDetails{state=ENABLED, isSpecialExperience=false}
06-23 15:48:13.998   524   524 D BatterySaverPolicy: accessibility changed to false, updating policy.
06-23 15:48:13.998  1621  2168 I AiAiEcho: #postPredictionTargets: Sending updates to UISurface lockscreen with targets# 0 (types=[])
06-23 15:48:13.998   836   836 W PageIndicator: Total number of pages invalid: 0. Assuming 1 page.
06-23 15:48:13.998  1621  2168 I AiAiEcho: #postPredictionTargets: Sending updates to UISurface home with targets# 0 (types=[])
06-23 15:48:14.000  1628  3892 I A       : Initializing all components
06-23 15:48:14.000  1628  3892 I A       : APA or Classic session decision: SessionDecision(sessionVariance=CLASSIC, platformVariance=CLASSIC, justification=CURRENT_PLATFORM_VARIANCE).
06-23 15:48:14.001  1628  3892 I A       : [Memory] eligibility: StashEligibility{6}
06-23 15:48:14.004  1628  2175 I A       : State changed: IDLE => IDLE by NGA_STATE_CHANGED and N/A with Optional.empty
06-23 15:48:14.005  1628  2175 I A       : Recognizer choice: (recognizer_type: 1, recognizer_mode: 1, choice_reason: 4)
06-23 15:48:14.005  1628  2165 I A       : onIsEnabledChanged, isEnabled: false
06-23 15:48:14.005  1628  2165 W A       : Disposing empty manager. Did you forgot to subscribe observables?
06-23 15:48:14.005  1628  2165 W A       : Disposing empty manager. Did you forgot to subscribe observables?
06-23 15:48:14.005  1628  2165 W A       : Disposing empty manager. Did you forgot to subscribe observables?
06-23 15:48:14.005  1628  2175 I A       : onActiveStateChangeEvent: IDLE => IDLE
06-23 15:48:14.006  1628  2165 W A       : Disposing empty manager. Did you forgot to subscribe observables?
06-23 15:48:14.006  1628  2165 W A       : Disposing empty manager. Did you forgot to subscribe observables?
06-23 15:48:14.006  1628  2165 W A       : Disposing empty manager. Did you forgot to subscribe observables?
06-23 15:48:14.006  1628  2165 W A       : Disposing empty manager. Did you forgot to subscribe observables?
06-23 15:48:14.006  1628  2165 W A       : Disposing empty manager. Did you forgot to subscribe observables?
06-23 15:48:14.006  1628  2165 W A       : Disposing empty manager. Did you forgot to subscribe observables?
06-23 15:48:14.006  1628  2165 W A       : Disposing empty manager. Did you forgot to subscribe observables?
06-23 15:48:14.006  1628  2175 I A       : #onActiveStateChangeEvent, newState: IDLE, previousState: IDLE.
06-23 15:48:14.007  1628  2165 I A       : onOpaVisibilityChanged: false
06-23 15:48:14.007  1628  2165 W A       : Disposing empty manager. Did you forgot to subscribe observables?
06-23 15:48:14.007  1628  2165 W A       : Disposing empty manager. Did you forgot to subscribe observables?
06-23 15:48:14.007  1628  2165 W A       : Disposing empty manager. Did you forgot to subscribe observables?
06-23 15:48:14.007  1628  2165 W A       : Disposing empty manager. Did you forgot to subscribe observables?
06-23 15:48:14.007  1628  2165 W A       : Disposing empty manager. Did you forgot to subscribe observables?
06-23 15:48:14.007  1628  2165 W A       : Disposing empty manager. Did you forgot to subscribe observables?
06-23 15:48:14.007  1628  2165 I A       : Setting session to type: NO_SESSION
06-23 15:48:14.009  1628  2165 W A       : Disposing empty manager. Did you forgot to subscribe observables?
06-23 15:48:14.009  1628  2165 W A       : Disposing empty manager. Did you forgot to subscribe observables?
06-23 15:48:14.009  1628  2165 W A       : Disposing empty manager. Did you forgot to subscribe observables?
06-23 15:48:14.009  1628  2165 W A       : Disposing empty manager. Did you forgot to subscribe observables?
06-23 15:48:14.009  1628  2165 W A       : Disposing empty manager. Did you forgot to subscribe observables?
06-23 15:48:14.009  1628  2165 W A       : Disposing empty manager. Did you forgot to subscribe observables?
06-23 15:48:14.009  1628  2165 W A       : Disposing empty manager. Did you forgot to subscribe observables?
06-23 15:48:14.009  1628  2165 W A       : Disposing empty manager. Did you forgot to subscribe observables?
06-23 15:48:14.009  1628  2165 I A       : setNavBarVisible: GestureNavBarVisible{navbarVisible=true}
06-23 15:48:14.009  1628  2165 W A       : Disposing empty manager. Did you forgot to subscribe observables?
06-23 15:48:14.009  1628  2165 W A       : Disposing empty manager. Did you forgot to subscribe observables?
06-23 15:48:14.009  1628  2165 W A       : Disposing empty manager. Did you forgot to subscribe observables?
06-23 15:48:14.009  1628  2165 W A       : Disposing empty manager. Did you forgot to subscribe observables?
06-23 15:48:14.009  1628  2165 W A       : Disposing empty manager. Did you forgot to subscribe observables?
06-23 15:48:14.009  1628  2165 W A       : Disposing empty manager. Did you forgot to subscribe observables?
06-23 15:48:14.009  1628  2165 I A       : onDisabled. Registered: false
06-23 15:48:14.014  1628  2165 I A       : on opa visibility changed false
06-23 15:48:14.014  1628  2165 I A       : on opa visibility changed false
06-23 15:48:14.014  1628  2165 I A       : stopListening(NGA_PAUSED_UNKNOWN_REASON, NGA_CREATE), idleOverride=NOT_LISTENING
06-23 15:48:14.015  1628  2175 I A       : Initialize
06-23 15:48:14.015  1628  2165 I NgaEntryPointEventSendr: setupConnection
06-23 15:48:14.016  1655  1655 I A       : Creating pss binder().
06-23 15:48:14.017  1628  2165 I NgaEntryPointEventSendr: State changed: Disconnected => Connecting
06-23 15:48:14.017  1628  2165 I NgaEntryPointEventSendr: onServiceConnected
06-23 15:48:14.017  1655  1875 I A       : Calling beginBinderSession().
06-23 15:48:14.018  1655  1875 I A       : beginBinderSession(): calling binder
06-23 15:48:14.018  1628  2165 I NgaEntryPointEventSendr: State changed: Connecting => Ready
06-23 15:48:14.020   524  2458 W ActivityManager: Unable to start service Intent { cmp=com.google.android.apps.tachyon/.clientapi.ClientApiService } U=0: not found
06-23 15:48:14.022  1628  2175 I A       : Successfully initialized all components
06-23 15:48:14.028  1655  2729 W A       : UiCallbackStub-onGenericEvent[ServiceEvent = 60] task was not run. Callback from Service received after client was disposed.
06-23 15:48:14.030  1655  3045 I PBSessionCacheImpl: Deleted sessionId[7280549205287140] from persistence.
06-23 15:48:14.030  1655  2729 W SearchServiceCore: Abort, client detached.
06-23 15:48:14.031  1628  2175 I NgaEntryPointEventSendr: State changed: Ready => Disconnected (onOpaDisconnected)
06-23 15:48:14.040  1655  1785 I earchbox:search: JIT allocated 62KB for compiled code of java.lang.Object com.google.android.apps.gsa.binaries.velvet.app.ael.b()
06-23 15:48:14.145  6819  6839 D EGL_emulation: app_time_stats: avg=499.66ms min=499.14ms max=500.00ms count=3
