--------- beginning of main
06-23 15:48:11.389  6662  6722 W QueryController: Could not detect idle state.
06-23 15:48:11.389  6662  6722 W QueryController: Could not detect idle state.
06-23 15:48:11.402  6662  6722 I Maestro : Skipping invisible child: android.view.accessibility.AccessibilityNodeInfo@128a8; boundsInParent: Rect(0, 0 - 320, 0); boundsInScreen: Rect(0, 0 - 320, 0); boundsInWindow: Rect(0, 0 - 320, 0); packageName: com.hanapkalinga.mobile; className: android.widget.LinearLayout; text: null; error: null; maxTextLength: -1; stateDescription: null; contentDescription: null; tooltipText: null; containerTitle: null; viewIdResName: null; uniqueId: null; checkable: false; checked: false; focusable: false; focused: false; selected: false; clickable: false; longClickable: false; contextClickable: false; enabled: true; password: false; scrollable: false; importantForAccessibility: false; visible: false; actions: [AccessibilityAction: ACTION_SELECT - null, AccessibilityAction: ACTION_CLEAR_SELECTION - null, AccessibilityAction: ACTION_ACCESSIBILITY_FOCUS - null, AccessibilityAction: ACTION_SHOW_ON_SCREEN - null]; isTextSelectable: false
06-23 15:48:11.403  6662  6722 I Maestro : Skipping invisible child: android.view.accessibility.AccessibilityNodeInfo@124e7; boundsInParent: Rect(0, 0 - 320, 0); boundsInScreen: Rect(0, 0 - 320, 0); boundsInWindow: Rect(0, 0 - 320, 0); packageName: com.hanapkalinga.mobile; className: android.view.ViewGroup; text: null; error: null; maxTextLength: -1; stateDescription: null; contentDescription: null; tooltipText: null; containerTitle: null; viewIdResName: null; uniqueId: null; checkable: false; checked: false; focusable: false; focused: false; selected: false; clickable: false; longClickable: false; contextClickable: false; enabled: true; password: false; scrollable: false; importantForAccessibility: false; visible: false; actions: [AccessibilityAction: ACTION_SELECT - null, AccessibilityAction: ACTION_CLEAR_SELECTION - null, AccessibilityAction: ACTION_ACCESSIBILITY_FOCUS - null, AccessibilityAction: ACTION_SHOW_ON_SCREEN - null]; isTextSelectable: false
06-23 15:48:11.403  6662  6722 I Maestro : Skipping invisible child: android.view.accessibility.AccessibilityNodeInfo@191c4; boundsInParent: Rect(0, 0 - 320, 0); boundsInScreen: Rect(0, 0 - 320, 0); boundsInWindow: Rect(0, 0 - 320, 0); packageName: com.hanapkalinga.mobile; className: android.widget.LinearLayout; text: null; error: null; maxTextLength: -1; stateDescription: null; contentDescription: null; tooltipText: null; containerTitle: null; viewIdResName: null; uniqueId: null; checkable: false; checked: false; focusable: false; focused: false; selected: false; clickable: false; longClickable: false; contextClickable: false; enabled: true; password: false; scrollable: false; importantForAccessibility: false; visible: false; actions: [AccessibilityAction: ACTION_SELECT - null, AccessibilityAction: ACTION_CLEAR_SELECTION - null, AccessibilityAction: ACTION_ACCESSIBILITY_FOCUS - null, AccessibilityAction: ACTION_SHOW_ON_SCREEN - null]; isTextSelectable: false
06-23 15:48:11.403  6662  6722 I Maestro : Skipping invisible child: android.view.accessibility.AccessibilityNodeInfo@18e03; boundsInParent: Rect(0, 0 - 320, 0); boundsInScreen: Rect(0, 0 - 320, 0); boundsInWindow: Rect(0, 0 - 320, 0); packageName: com.hanapkalinga.mobile; className: android.view.ViewGroup; text: null; error: null; maxTextLength: -1; stateDescription: null; contentDescription: null; tooltipText: null; containerTitle: null; viewIdResName: null; uniqueId: null; checkable: false; checked: false; focusable: false; focused: false; selected: false; clickable: false; longClickable: false; contextClickable: false; enabled: true; password: false; scrollable: false; importantForAccessibility: false; visible: false; actions: [AccessibilityAction: ACTION_SELECT - null, AccessibilityAction: ACTION_CLEAR_SELECTION - null, AccessibilityAction: ACTION_ACCESSIBILITY_FOCUS - null, AccessibilityAction: ACTION_SHOW_ON_SCREEN - null]; isTextSelectable: false
06-23 15:48:11.406  6662  6722 D Maestro : View hierarchy received in 18 ms
06-23 15:48:11.498  6662  6722 D Maestro : Requesting view hierarchy
06-23 15:48:11.499  6662  6722 W QueryController: Could not detect idle state.
06-23 15:48:11.499  6662  6722 W QueryController: Could not detect idle state.
06-23 15:48:11.512  6662  6722 I Maestro : Skipping invisible child: android.view.accessibility.AccessibilityNodeInfo@128a8; boundsInParent: Rect(0, 0 - 320, 0); boundsInScreen: Rect(0, 0 - 320, 0); boundsInWindow: Rect(0, 0 - 320, 0); packageName: com.hanapkalinga.mobile; className: android.widget.LinearLayout; text: null; error: null; maxTextLength: -1; stateDescription: null; contentDescription: null; tooltipText: null; containerTitle: null; viewIdResName: null; uniqueId: null; checkable: false; checked: false; focusable: false; focused: false; selected: false; clickable: false; longClickable: false; contextClickable: false; enabled: true; password: false; scrollable: false; importantForAccessibility: false; visible: false; actions: [AccessibilityAction: ACTION_SELECT - null, AccessibilityAction: ACTION_CLEAR_SELECTION - null, AccessibilityAction: ACTION_ACCESSIBILITY_FOCUS - null, AccessibilityAction: ACTION_SHOW_ON_SCREEN - null]; isTextSelectable: false
06-23 15:48:11.513  6662  6722 I Maestro : Skipping invisible child: android.view.accessibility.AccessibilityNodeInfo@124e7; boundsInParent: Rect(0, 0 - 320, 0); boundsInScreen: Rect(0, 0 - 320, 0); boundsInWindow: Rect(0, 0 - 320, 0); packageName: com.hanapkalinga.mobile; className: android.view.ViewGroup; text: null; error: null; maxTextLength: -1; stateDescription: null; contentDescription: null; tooltipText: null; containerTitle: null; viewIdResName: null; uniqueId: null; checkable: false; checked: false; focusable: false; focused: false; selected: false; clickable: false; longClickable: false; contextClickable: false; enabled: true; password: false; scrollable: false; importantForAccessibility: false; visible: false; actions: [AccessibilityAction: ACTION_SELECT - null, AccessibilityAction: ACTION_CLEAR_SELECTION - null, AccessibilityAction: ACTION_ACCESSIBILITY_FOCUS - null, AccessibilityAction: ACTION_SHOW_ON_SCREEN - null]; isTextSelectable: false
06-23 15:48:11.513  6662  6722 I Maestro : Skipping invisible child: android.view.accessibility.AccessibilityNodeInfo@191c4; boundsInParent: Rect(0, 0 - 320, 0); boundsInScreen: Rect(0, 0 - 320, 0); boundsInWindow: Rect(0, 0 - 320, 0); packageName: com.hanapkalinga.mobile; className: android.widget.LinearLayout; text: null; error: null; maxTextLength: -1; stateDescription: null; contentDescription: null; tooltipText: null; containerTitle: null; viewIdResName: null; uniqueId: null; checkable: false; checked: false; focusable: false; focused: false; selected: false; clickable: false; longClickable: false; contextClickable: false; enabled: true; password: false; scrollable: false; importantForAccessibility: false; visible: false; actions: [AccessibilityAction: ACTION_SELECT - null, AccessibilityAction: ACTION_CLEAR_SELECTION - null, AccessibilityAction: ACTION_ACCESSIBILITY_FOCUS - null, AccessibilityAction: ACTION_SHOW_ON_SCREEN - null]; isTextSelectable: false
06-23 15:48:11.513  6662  6722 I Maestro : Skipping invisible child: android.view.accessibility.AccessibilityNodeInfo@18e03; boundsInParent: Rect(0, 0 - 320, 0); boundsInScreen: Rect(0, 0 - 320, 0); boundsInWindow: Rect(0, 0 - 320, 0); packageName: com.hanapkalinga.mobile; className: android.view.ViewGroup; text: null; error: null; maxTextLength: -1; stateDescription: null; contentDescription: null; tooltipText: null; containerTitle: null; viewIdResName: null; uniqueId: null; checkable: false; checked: false; focusable: false; focused: false; selected: false; clickable: false; longClickable: false; contextClickable: false; enabled: true; password: false; scrollable: false; importantForAccessibility: false; visible: false; actions: [AccessibilityAction: ACTION_SELECT - null, AccessibilityAction: ACTION_CLEAR_SELECTION - null, AccessibilityAction: ACTION_ACCESSIBILITY_FOCUS - null, AccessibilityAction: ACTION_SHOW_ON_SCREEN - null]; isTextSelectable: false
06-23 15:48:11.521  6662  6722 D Maestro : View hierarchy received in 23 ms
--------- beginning of system
06-23 15:48:11.574   524   951 D WindowManager: captureDisplay
06-23 15:48:12.056   524   551 I ActivityManager: Force stopping dev.mobile.maestro appid=10197 user=-1: deletePackageX
06-23 15:48:12.057   524   551 E libprocessgroup: No such cgroup attribute: /sys/fs/cgroup/uid_4294877493/cgroup.freeze
06-23 15:48:12.057   524   551 W libprocessgroup: Failed to apply Frozen process profile: No such file or directory
06-23 15:48:12.057   524   551 I ActivityManager: Killing 6662:dev.mobile.maestro/u0a197 (adj 0): stop dev.mobile.maestro due to deletePackageX
06-23 15:48:12.058   524   551 W ActivityManager: Crash of app dev.mobile.maestro running instrumentation ComponentInfo{dev.mobile.maestro.test/androidx.test.runner.AndroidJUnitRunner}
06-23 15:48:12.059   524   542 D DisplayManagerService: Drop pending events for gone uid 10197
06-23 15:48:12.059   524   551 I ActivityManager: Force stopping dev.mobile.maestro appid=10197 user=0: finished inst
06-23 15:48:12.060   524   551 D OomAdjuster: Not killing cached processes
06-23 15:48:12.063   524   551 E libprocessgroup: No such cgroup attribute: /sys/fs/cgroup/uid_4294877493/cgroup.freeze
06-23 15:48:12.063   524   551 W libprocessgroup: Failed to apply Unfrozen process profile: No such file or directory
06-23 15:48:12.064  6650  6661 W Binder  : Caught a RuntimeException from the binder stub implementation.
06-23 15:48:12.064  6650  6661 W Binder  : java.lang.SecurityException: Calling from not trusted UID!
06-23 15:48:12.064  6650  6661 W Binder  : 	at android.app.UiAutomationConnection.throwIfCalledByNotTrustedUidLocked(UiAutomationConnection.java:646)
06-23 15:48:12.064  6650  6661 W Binder  : 	at android.app.UiAutomationConnection.shutdown(UiAutomationConnection.java:547)
06-23 15:48:12.064  6650  6661 W Binder  : 	at android.app.IUiAutomationConnection$Stub.onTransact(IUiAutomationConnection.java:402)
06-23 15:48:12.064  6650  6661 W Binder  : 	at android.os.Binder.execTransactInternal(Binder.java:1344)
06-23 15:48:12.064  6650  6661 W Binder  : 	at android.os.Binder.execTransact(Binder.java:1275)
06-23 15:48:12.068  6650  6650 I app_process: System.exit called, status: 0
06-23 15:48:12.068  6650  6650 I AndroidRuntime: VM exiting with result code 0.
--------- beginning of kernel
06-23 15:48:12.246     0     0 I binder_alloc: 6662: binder_alloc_buf, no vma
06-23 15:48:12.246     0     0 I init    : Untracked pid 6650 exited with status 0
06-23 15:48:12.247     0     0 I binder  : cannot allocate buffer: vma cleared, target dead or dying
06-23 15:48:12.248     0     0 I init    : Untracked pid 6650 did not have an associated service entry and will not be reaped
06-23 15:48:12.088   524   922 V ActivityManager: Got obituary of 6662:dev.mobile.maestro
06-23 15:48:12.089   338   338 I Zygote  : Process 6662 exited due to signal 9 (Killed)
06-23 15:48:12.251     0     0 I binder  : 524:2462 transaction async to 6662:0 failed 782400/29189/-3, size 192-0 line 3406
06-23 15:48:12.090   524  2462 E IPCThreadState: Binder transaction failure: 782400/29189/-3
06-23 15:48:12.301     0     0 I logd    : start watching /data/system/packages.list ...
06-23 15:48:12.303     0     0 I logd    : ReadPackageList, total packages: 201
06-23 15:48:12.147  1621  6489 I AiAiEcho: Settings changed for uri: content://settings/secure/accessibility_enabled
06-23 15:48:12.147   524  2462 W WindowMagnificationMgr: requestConnection duplicated request: connect=false, mConnectionState=DISCONNECTED
06-23 15:48:12.148   524  2462 V UiAutomationManager: UiAutomation service owner died
06-23 15:48:12.148   524   574 D PackageManager: Instant App installer not found with android.intent.action.INSTALL_INSTANT_APP_PACKAGE
06-23 15:48:12.148   524   574 D PackageManager: Clear ephemeral installer activity
06-23 15:48:12.152  1621  2168 I AiAiEcho: Predicting[0]: 
06-23 15:48:12.155  1621  2168 I AiAiEcho: EchoTargets: 
06-23 15:48:12.155  1621  2168 I AiAiEcho: Filtered by AiAi flag check: 
06-23 15:48:12.155   524  2453 W WindowMagnificationMgr: requestConnection duplicated request: connect=false, mConnectionState=DISCONNECTED
06-23 15:48:12.155  1621  2168 I AiAiEcho: Ranked targets strategy: SORT, count: 0, ranking metadata: 
06-23 15:48:12.156  1621  2168 I AiAiEcho: Predicting[0]: 
06-23 15:48:12.157  1621  2168 I AiAiEcho: EchoTargets: 
06-23 15:48:12.157  1621  2168 I AiAiEcho: Filtered by AiAi flag check: 
06-23 15:48:12.158  1621  2168 I AiAiEcho: Ranked targets strategy: SORT, count: 0, ranking metadata: 
06-23 15:48:12.159  1655  2369 I A       : NGA enabled in interactor.
06-23 15:48:12.159  1655  2369 I A       : Nga state changed to NgaStateDetails{state=ENABLED, isSpecialExperience=false}
06-23 15:48:12.163  1628  1851 I A       : Initializing all components
06-23 15:48:12.164  1628  1851 I A       : APA or Classic session decision: SessionDecision(sessionVariance=CLASSIC, platformVariance=CLASSIC, justification=CURRENT_PLATFORM_VARIANCE).
06-23 15:48:12.165  1621  6489 I AiAiEcho: Settings changed for uri: content://settings/secure/accessibility_enabled
06-23 15:48:12.166  1628  1851 I A       : [Memory] eligibility: StashEligibility{6}
06-23 15:48:12.166   524  3017 E TaskPersister: File error accessing recents directory (directory doesn't exist?).
06-23 15:48:12.166   524   524 D BatterySaverPolicy: accessibility changed to false, updating policy.
06-23 15:48:12.167  1628  2175 I A       : onIsEnabledChanged, isEnabled: false
06-23 15:48:12.167  1628  2175 W A       : Disposing empty manager. Did you forgot to subscribe observables?
06-23 15:48:12.167  1628  2175 W A       : Disposing empty manager. Did you forgot to subscribe observables?
06-23 15:48:12.167  1628  2175 W A       : Disposing empty manager. Did you forgot to subscribe observables?
06-23 15:48:12.167  1628  2175 W A       : Disposing empty manager. Did you forgot to subscribe observables?
06-23 15:48:12.167   524   574 I ActivityManager: Force stopping dev.mobile.maestro appid=10197 user=0: pkg removed
06-23 15:48:12.167  1628  2175 W A       : Disposing empty manager. Did you forgot to subscribe observables?
06-23 15:48:12.167  1628  2175 W A       : Disposing empty manager. Did you forgot to subscribe observables?
06-23 15:48:12.167  1628  2175 W A       : Disposing empty manager. Did you forgot to subscribe observables?
06-23 15:48:12.172  1628  2175 W A       : Disposing empty manager. Did you forgot to subscribe observables?
06-23 15:48:12.172  1628  2175 W A       : Disposing empty manager. Did you forgot to subscribe observables?
06-23 15:48:12.172  1628  2175 W A       : Disposing empty manager. Did you forgot to subscribe observables?
06-23 15:48:12.172  1628  2175 I A       : onOpaVisibilityChanged: false
06-23 15:48:12.172  1628  2175 W A       : Disposing empty manager. Did you forgot to subscribe observables?
06-23 15:48:12.172  1628  2175 W A       : Disposing empty manager. Did you forgot to subscribe observables?
06-23 15:48:12.172  1628  2175 W A       : Disposing empty manager. Did you forgot to subscribe observables?
06-23 15:48:12.172  1628  2175 W A       : Disposing empty manager. Did you forgot to subscribe observables?
06-23 15:48:12.172  1628  2175 W A       : Disposing empty manager. Did you forgot to subscribe observables?
06-23 15:48:12.172  1628  2175 W A       : Disposing empty manager. Did you forgot to subscribe observables?
06-23 15:48:12.172  1628  2175 I A       : Setting session to type: NO_SESSION
06-23 15:48:12.173  1628  2175 W A       : Disposing empty manager. Did you forgot to subscribe observables?
06-23 15:48:12.173  1628  2175 W A       : Disposing empty manager. Did you forgot to subscribe observables?
06-23 15:48:12.173  1628  2175 W A       : Disposing empty manager. Did you forgot to subscribe observables?
06-23 15:48:12.173  1628  2175 W A       : Disposing empty manager. Did you forgot to subscribe observables?
06-23 15:48:12.173  1628  2175 W A       : Disposing empty manager. Did you forgot to subscribe observables?
06-23 15:48:12.173  1628  2175 W A       : Disposing empty manager. Did you forgot to subscribe observables?
06-23 15:48:12.173  1628  2175 W A       : Disposing empty manager. Did you forgot to subscribe observables?
06-23 15:48:12.173  1628  2175 W A       : Disposing empty manager. Did you forgot to subscribe observables?
06-23 15:48:12.173  1628  2175 I A       : setNavBarVisible: GestureNavBarVisible{navbarVisible=true}
06-23 15:48:12.173  1628  2175 W A       : Disposing empty manager. Did you forgot to subscribe observables?
06-23 15:48:12.173  1628  2175 W A       : Disposing empty manager. Did you forgot to subscribe observables?
06-23 15:48:12.173  1628  2175 W A       : Disposing empty manager. Did you forgot to subscribe observables?
06-23 15:48:12.173  1628  2175 W A       : Disposing empty manager. Did you forgot to subscribe observables?
06-23 15:48:12.173  1628  2175 W A       : Disposing empty manager. Did you forgot to subscribe observables?
06-23 15:48:12.173  1628  2175 W A       : Disposing empty manager. Did you forgot to subscribe observables?
06-23 15:48:12.173  1628  2175 I A       : onDisabled. Registered: false
06-23 15:48:12.179  1628  2165 I A       : State changed: IDLE => IDLE by NGA_STATE_CHANGED and N/A with Optional.empty
06-23 15:48:12.179  1628  2165 I A       : Recognizer choice: (recognizer_type: 1, recognizer_mode: 1, choice_reason: 4)
06-23 15:48:12.180  1628  2165 I A       : onActiveStateChangeEvent: IDLE => IDLE
06-23 15:48:12.180  1628  2165 I A       : #onActiveStateChangeEvent, newState: IDLE, previousState: IDLE.
06-23 15:48:12.186  1621  2168 I AiAiEcho: #postPredictionTargets: Sending updates to UISurface lockscreen with targets# 0 (types=[])
06-23 15:48:12.187  1628  1913 W hbox:interactor: Couldn't lock the profile file /data/misc/profiles/cur/0/com.google.android.googlequicksearchbox/primary.prof: Failed to lock file '/data/misc/profiles/cur/0/com.google.android.googlequicksearchbox/primary.prof': Try again
06-23 15:48:12.187  1628  1913 W hbox:interactor: Could not forcefully load profile /data/misc/profiles/cur/0/com.google.android.googlequicksearchbox/primary.prof
06-23 15:48:12.191  1621  2168 I AiAiEcho: #postPredictionTargets: Sending updates to UISurface home with targets# 0 (types=[])
06-23 15:48:12.192  1621  2168 I AiAiEcho: Predicting[0]: 
06-23 15:48:12.192  1621  2168 I AiAiEcho: EchoTargets: 
06-23 15:48:12.192  1621  2168 I AiAiEcho: Filtered by AiAi flag check: 
06-23 15:48:12.192  1621  2168 I AiAiEcho: Ranked targets strategy: SORT, count: 0, ranking metadata: 
06-23 15:48:12.192  1621  2168 I AiAiEcho: Predicting[0]: 
06-23 15:48:12.192  1621  2168 I AiAiEcho: EchoTargets: 
06-23 15:48:12.192  1621  2168 I AiAiEcho: Filtered by AiAi flag check: 
06-23 15:48:12.192  1621  2168 I AiAiEcho: Ranked targets strategy: SORT, count: 0, ranking metadata: 
06-23 15:48:12.197   836   836 W PageIndicator: Total number of pages invalid: 0. Assuming 1 page.
06-23 15:48:12.197   524  1991 D CompatibilityChangeReporter: Compat change id reported: 197654537; UID 10192; state: ENABLED
06-23 15:48:12.198  1628  2165 I A       : on opa visibility changed false
06-23 15:48:12.199  1628  2165 I A       : stopListening(NGA_PAUSED_UNKNOWN_REASON, NGA_CREATE), idleOverride=NOT_LISTENING
06-23 15:48:12.201  1621  2168 I AiAiEcho: #postPredictionTargets: Sending updates to UISurface lockscreen with targets# 0 (types=[])
06-23 15:48:12.201  1628  2165 I A       : on opa visibility changed false
06-23 15:48:12.202   836   836 W PageIndicator: Total number of pages invalid: 0. Assuming 1 page.
06-23 15:48:12.203  1621  2168 I AiAiEcho: #postPredictionTargets: Sending updates to UISurface home with targets# 0 (types=[])
06-23 15:48:12.221  1047  1047 D CarrierSvcBindHelper: onPackageRemoved: dev.mobile.maestro
06-23 15:48:12.223  4232  4232 V MediaPlayerList: mPackageChangedBroadcastReceiver: action: android.intent.action.PACKAGE_REMOVED
06-23 15:48:12.223  4232  4232 V MediaPlayerList: mPackageChangedBroadcastReceiver: action: android.intent.action.PACKAGE_REMOVED
06-23 15:48:12.227  1047  1047 D CarrierSvcBindHelper: No carrier app for: 0
06-23 15:48:12.229  1628  2175 I A       : Initialize
06-23 15:48:12.230  1628  2175 I NgaEntryPointEventSendr: setupConnection
06-23 15:48:12.238   524  2453 W ProcessStats: Tracking association SourceState{7082b4a com.google.android.googlequicksearchbox:interactor/10132 BFgs #12226} whose proc state 4 is better than process ProcessState{61f44f4 com.google.android.googlequicksearchbox:search/10132 pkg=com.google.android.googlequicksearchbox} proc state 14 (16 skipped)
06-23 15:48:12.242  1628  2175 I NgaEntryPointEventSendr: State changed: Disconnected => Connecting
06-23 15:48:12.243  1655  1655 I A       : Creating pss binder().
06-23 15:48:12.243  1628  2175 I NgaEntryPointEventSendr: onServiceConnected
06-23 15:48:12.244  1655  2615 I A       : Calling beginBinderSession().
06-23 15:48:12.245  1655  2615 I A       : beginBinderSession(): calling binder
06-23 15:48:12.246  1628  2165 I A       : Successfully initialized all components
06-23 15:48:12.246  1628  2175 I NgaEntryPointEventSendr: State changed: Connecting => Ready
06-23 15:48:12.263   524   551 I ActivityManager: Force stopping dev.mobile.maestro.test appid=10198 user=-1: deletePackageX
06-23 15:48:12.269   524   551 E libprocessgroup: No such cgroup attribute: /sys/fs/cgroup/uid_4294877494/cgroup.freeze
06-23 15:48:12.269   524   551 W libprocessgroup: Failed to apply Frozen process profile: No such file or directory
06-23 15:48:12.272   524   551 E libprocessgroup: No such cgroup attribute: /sys/fs/cgroup/uid_4294877494/cgroup.freeze
06-23 15:48:12.272   524   551 W libprocessgroup: Failed to apply Unfrozen process profile: No such file or directory
06-23 15:48:12.296   524   574 D PackageManager: Instant App installer not found with android.intent.action.INSTALL_INSTANT_APP_PACKAGE
06-23 15:48:12.296   524   574 D PackageManager: Clear ephemeral installer activity
06-23 15:48:12.297   524  3017 E TaskPersister: File error accessing recents directory (directory doesn't exist?).
06-23 15:48:12.456     0     0 I logd    : start watching /data/system/packages.list ...
06-23 15:48:12.457     0     0 I logd    : ReadPackageList, total packages: 200
06-23 15:48:12.302  1633  1633 W MediaProvider: WorkProfileOwnerApps cache is empty
06-23 15:48:12.306   524   758 W WifiService: Couldn't get PackageInfo for package:dev.mobile.maestro
06-23 15:48:12.306   524   758 D WifiService: Remove settings for package:dev.mobile.maestro
06-23 15:48:12.306   524   758 D WifiConfigManager: Remove all networks for app ApplicationInfo{7d41719 dev.mobile.maestro}
06-23 15:48:12.306   524   635 V StorageManagerService: Package dev.mobile.maestro does not have legacy storage
06-23 15:48:12.308   524   771 E AppOps  : attributionTag VCN not declared in manifest of android
06-23 15:48:12.309   524   551 D ActivityManager: sync unfroze 2659 com.android.chrome for 3
06-23 15:48:12.311   524   758 D WifiConfigStore: Writing to stores completed in 2 ms.
06-23 15:48:12.311   524   758 I PasspointManager: No app ops listener found for dev.mobile.maestro
06-23 15:48:12.324   524   550 W WindowMagnificationMgr: requestConnection duplicated request: connect=false, mConnectionState=DISCONNECTED
06-23 15:48:12.332   524   605 I RollbackManager: broadcast=ACTION_PACKAGE_FULLY_REMOVED pkg=dev.mobile.maestro
06-23 15:48:12.334   524   625 I InputReader: Reconfiguring input devices, changes=KEYBOARD_LAYOUTS
06-23 15:48:12.338   524   758 W WifiService: Couldn't get PackageInfo for package:dev.mobile.maestro
06-23 15:48:12.338   524   758 D WifiService: Remove settings for package:dev.mobile.maestro
06-23 15:48:12.340   524   758 D WifiConfigManager: Remove all networks for app ApplicationInfo{a52a8d4 dev.mobile.maestro}
06-23 15:48:12.341   836   886 D StylusManager: Stylus InputDevice changed: 14 virtio_input_multi_touch_11
06-23 15:48:12.342   836   886 D StylusManager: Stylus InputDevice changed: 11 virtio_input_multi_touch_8
06-23 15:48:12.342   836   886 D StylusManager: Stylus InputDevice changed: 9 virtio_input_multi_touch_6
06-23 15:48:12.342   836   886 D StylusManager: Stylus InputDevice changed: 8 virtio_input_multi_touch_5
06-23 15:48:12.343   836   886 D StylusManager: Stylus InputDevice changed: 13 virtio_input_multi_touch_10
06-23 15:48:12.343   836   886 D StylusManager: Stylus InputDevice changed: 7 virtio_input_multi_touch_4
06-23 15:48:12.343   836   886 D StylusManager: Stylus InputDevice changed: 12 virtio_input_multi_touch_9
06-23 15:48:12.343   836   886 D StylusManager: Stylus InputDevice changed: 10 virtio_input_multi_touch_7
06-23 15:48:12.344   836   886 D StylusManager: Stylus InputDevice changed: 6 virtio_input_multi_touch_3
06-23 15:48:12.344   836   886 D StylusManager: Stylus InputDevice changed: 5 virtio_input_multi_touch_2
06-23 15:48:12.344   836   886 D StylusManager: Stylus InputDevice changed: 4 virtio_input_multi_touch_1
06-23 15:48:12.345   524   574 I ActivityManager: Force stopping dev.mobile.maestro.test appid=10198 user=0: pkg removed
06-23 15:48:12.345   524   574 E libprocessgroup: No such cgroup attribute: /sys/fs/cgroup/uid_10198/cgroup.freeze
06-23 15:48:12.345   524   574 W libprocessgroup: Failed to apply Frozen process profile: No such file or directory
06-23 15:48:12.346   524   574 E libprocessgroup: No such cgroup attribute: /sys/fs/cgroup/uid_10198/cgroup.freeze
06-23 15:48:12.346   524   574 W libprocessgroup: Failed to apply Unfrozen process profile: No such file or directory
06-23 15:48:12.349   822   822 I wpa_supplicant: wlan0: CTRL-EVENT-BEACON-LOSS 
06-23 15:48:12.352  1655  2559 W CorpusConfigHelper: Invalid input from icing corpus JSON flag.
06-23 15:48:12.352  1655  2559 W CorpusConfigHelper: android.util.MalformedJsonException: Use JsonReader.setLenient(true) to accept malformed JSON at line 123 column 2
06-23 15:48:12.352  1655  2559 W CorpusConfigHelper: 	at android.util.JsonReader.syntaxError(JsonReader.java:1162)
06-23 15:48:12.352  1655  2559 W CorpusConfigHelper: 	at android.util.JsonReader.checkLenient(JsonReader.java:840)
06-23 15:48:12.352  1655  2559 W CorpusConfigHelper: 	at android.util.JsonReader.nextInArray(JsonReader.java:615)
06-23 15:48:12.352  1655  2559 W CorpusConfigHelper: 	at android.util.JsonReader.peek(JsonReader.java:345)
06-23 15:48:12.352  1655  2559 W CorpusConfigHelper: 	at android.util.JsonReader.hasNext(JsonReader.java:321)
06-23 15:48:12.352  1655  2559 W CorpusConfigHelper: 	at com.google.android.apps.gsa.searchbox.c.b.b.k.c(PG:7)
06-23 15:48:12.352  1655  2559 W CorpusConfigHelper: 	at com.google.android.apps.gsa.searchbox.c.b.b.k.<init>(PG:5)
06-23 15:48:12.352  1655  2559 W CorpusConfigHelper: 	at com.google.android.apps.gsa.staticplugins.searchboxroot.features.n.a.c.<init>(PG:16)
06-23 15:48:12.352  1655  2559 W CorpusConfigHelper: 	at com.google.android.apps.gsa.staticplugins.searchboxroot.b.a(PG:14)
06-23 15:48:12.352  1655  2559 W CorpusConfigHelper: 	at com.google.android.apps.gsa.staticplugins.searchboxroot.x.<init>(PG:7)
06-23 15:48:12.352  1655  2559 W CorpusConfigHelper: 	at com.google.android.apps.gsa.binaries.velvet.app.akd.b(PG:15)
06-23 15:48:12.352  1655  2559 W CorpusConfigHelper: 	at dagger.a.e.b(PG:1)
06-23 15:48:12.352  1655  2559 W CorpusConfigHelper: 	at com.google.android.apps.gsa.staticplugins.searchboxroot.a.a.a(PG:3)
06-23 15:48:12.352  1655  2559 W CorpusConfigHelper: 	at com.google.android.apps.gsa.binaries.velvet.app.ok.f(Unknown Source:2541)
06-23 15:48:12.352  1655  2559 W CorpusConfigHelper: 	at com.google.android.apps.gsa.binaries.velvet.app.ok.b(PG:1)
06-23 15:48:12.352  1655  2559 W CorpusConfigHelper: 	at com.google.android.apps.gsa.search.core.service.g.a.c.a(PG:2)
06-23 15:48:12.352  1655  2559 W CorpusConfigHelper: 	at com.google.android.libraries.gsa.k.a.f.a(PG:2)
06-23 15:48:12.352  1655  2559 W CorpusConfigHelper: 	at com.google.common.util.concurrent.dx.a(PG:1)
06-23 15:48:12.352  1655  2559 W CorpusConfigHelper: 	at com.google.common.util.concurrent.cv.run(PG:4)
06-23 15:48:12.352  1655  2559 W CorpusConfigHelper: 	at com.google.common.util.concurrent.dz.run(PG:1)
06-23 15:48:12.352  1655  2559 W CorpusConfigHelper: 	at com.google.android.libraries.i.ae.run(PG:1)
06-23 15:48:12.352  1655  2559 W CorpusConfigHelper: 	at java.util.concurrent.ThreadPoolExecutor.runWorker(ThreadPoolExecutor.java:1145)
06-23 15:48:12.352  1655  2559 W CorpusConfigHelper: 	at java.util.concurrent.ThreadPoolExecutor$Worker.run(ThreadPoolExecutor.java:644)
06-23 15:48:12.352  1655  2559 W CorpusConfigHelper: 	at com.google.android.libraries.i.k.run(PG:2)
06-23 15:48:12.352  1655  2559 W CorpusConfigHelper: 	at com.google.android.libraries.i.p.run(PG:4)
06-23 15:48:12.352  1655  2559 W CorpusConfigHelper: 	at java.lang.Thread.run(Thread.java:1012)
06-23 15:48:12.352   524   524 D ActivityManager: sync unfroze 1692 com.android.keychain for 10
06-23 15:48:12.352   524   524 D ActivityManager: sync unfroze 1061 com.android.settings for 10
06-23 15:48:12.356   524   524 D ActivityManager: sync unfroze 3289 com.android.dynsystem:dynsystem for 10
06-23 15:48:12.356   524   524 D ActivityManager: sync unfroze 3265 com.android.dynsystem for 10
06-23 15:48:12.356   524   524 D ActivityManager: sync unfroze 2399 com.android.localtransport for 10
06-23 15:48:12.363  1655  2559 W A       : Queue length for executor EventBus is now 11. Perhaps some tasks are too long, or the pool is too small.
06-23 15:48:12.376   524   758 D WifiConfigStore: Writing to stores completed in 29 ms.
06-23 15:48:12.377   524   758 I PasspointManager: No app ops listener found for dev.mobile.maestro
06-23 15:48:12.377   524   524 I Telecom : CarModeTracker: Package dev.mobile.maestro is not tracked.: SSH.oR@AW0🔒
06-23 15:48:12.377   524   524 I Telecom : InCallController: updateCarModeForConnections: car mode apps: : SSH.oR@AW0🔒
06-23 15:48:12.377   524   524 I Telecom : InCallController: update carmode current:UserHandle{0} parent:null: SSH.oR@AW0🔒
06-23 15:48:12.379  1081  1081 D Launcher.Model: package removed received dev.mobile.maestro
06-23 15:48:12.379  1081  1132 D PackageUpdatedTask: Removing app icondev.mobile.maestro
06-23 15:48:12.381  1655  2729 I A       : Using proto config with mendel
06-23 15:48:12.381  1655  2729 I A       : Using proto config with mendel
06-23 15:48:12.381  1621  1621 I AiAiEcho: AppFetcherImplV2 onPackageRemoved dev.mobile.maestro.
06-23 15:48:12.382  1655  2729 I A       : Using proto config with mendel
06-23 15:48:12.382  1655  2729 I A       : Merging legacy hotword config map with new proto.
06-23 15:48:12.382  1655  2729 I A       : Adding from config to map. Locale: cmn-Hant-TW modelPrefix: x_google Location:4e7cae00daee30ec565c34e3aa67a51f isSpeakerIdSupported: true
06-23 15:48:12.382  1655  2729 I A       : Adding from config to map. Locale: id-ID modelPrefix: x_google Location:cfffcc1a4c1c084c003c8eb27f73d770 isSpeakerIdSupported: true
06-23 15:48:12.382  1655  2729 I A       : Adding from config to map. Locale: ko-KR modelPrefix: x_google Location:0b132163a2eb2c1194b202067475724b isSpeakerIdSupported: true
06-23 15:48:12.382  1655  2729 I A       : Skipping. Expected model: 2 Found: 1
06-23 15:48:12.382  1655  2729 I A       : Adding from config to map. Locale: zh-TW modelPrefix: x_google Location:4e7cae00daee30ec565c34e3aa67a51f isSpeakerIdSupported: true
06-23 15:48:12.382  1655  2729 I A       : Using proto config with mendel
06-23 15:48:12.382  1655  2729 I A       : Using proto config with mendel
06-23 15:48:12.382  1655  2729 I A       : Using proto config with mendel
06-23 15:48:12.384   836   836 D ControlsListingControllerImpl: ServiceConfig reloaded, count: 0
06-23 15:48:12.387  1047  1047 D CarrierSvcBindHelper: onPackageRemoved: dev.mobile.maestro.test
06-23 15:48:12.391   524   551 D ActivityManager: sync unfroze 2344 com.google.android.documentsui for 3
06-23 15:48:12.395  1047  1047 D CarrierSvcBindHelper: No carrier app for: 0
06-23 15:48:12.398   524   611 I RoleService: Granting default roles...
06-23 15:48:12.401  1621  2276 I AiAiEcho: EchoSearch: WidgetFetcherImpl is initialized with [28] widgets [reason=package removed for userId: 0]
06-23 15:48:12.401  1628  2175 I NgaEntryPointEventSendr: State changed: Ready => Disconnected (onOpaDisconnected)
06-23 15:48:12.407   524   524 I ConditionProviders: Disallowing condition provider dev.mobile.maestro (userSet: true)
06-23 15:48:12.409  1081  1132 D ModelWriter: removing items from db . Reason: [removed because the corresponding package or component is removed. mOp=3 removedPackages=[dev.mobile.maestro] removedComponents=[]]
06-23 15:48:12.415   524   533 I system_server: Background concurrent copying GC freed 176852(8762KB) AllocSpace objects, 8(160KB) LOS objects, 43% free, 31MB/55MB, paused 40us,38us total 264.380ms
06-23 15:48:12.419   524   551 D ActivityManager: sync unfroze 838 com.google.android.permissioncontroller for 3
06-23 15:48:12.426   524  2460 W ActivityManager: Unable to start service Intent { cmp=com.google.android.apps.tachyon/.clientapi.ClientApiService } U=0: not found
06-23 15:48:12.426  1655  2729 W A       : UiCallbackStub-onGenericEvent[ServiceEvent = 111] task was not run. Callback from Service received after client was disposed.
06-23 15:48:12.426  1655  2729 W A       : UiCallbackStub-onGenericEvent[ServiceEvent = 60] task was not run. Callback from Service received after client was disposed.
06-23 15:48:12.427  1655  2729 W A       : UiCallbackStub-onGenericEvent[ServiceEvent = 60] task was not run. Callback from Service received after client was disposed.
06-23 15:48:12.427  1655  2729 W A       : UiCallbackStub-onGenericEvent[ServiceEvent = 105] task was not run. Callback from Service received after client was disposed.
06-23 15:48:12.427  1655  2729 W A       : UiCallbackStub-onGenericEvent[ServiceEvent = 107] task was not run. Callback from Service received after client was disposed.
06-23 15:48:12.427  1655  2729 W A       : UiCallbackStub-onGenericEvent[ServiceEvent = 107] task was not run. Callback from Service received after client was disposed.
06-23 15:48:12.427  1655  2729 W A       : UiCallbackStub-onGenericEvent[ServiceEvent = 42] task was not run. Callback from Service received after client was disposed.
06-23 15:48:12.430  1633  2480 I MediaProvider: Begin Intent { act=android.intent.action.PACKAGE_FULLY_REMOVED dat=package: flg=0x5000010 cmp=com.google.android.providers.media.module/com.android.providers.media.MediaService (has extras) }
06-23 15:48:12.430  1633  2480 D MediaProvider: Deleted 0 Android/media items belonging to dev.mobile.maestro on /data/user/0/com.google.android.providers.media.module/databases/external.db
06-23 15:48:12.433   524  2453 D SafetySourceDataValidator: No cert check requested for package com.google.android.permissioncontroller
06-23 15:48:12.433  1655  2729 W A       : UiCallbackStub-onGenericEvent[ServiceEvent = 67] task was not run. Callback from Service received after client was disposed.
06-23 15:48:12.434  1655  2729 I MicroDetectionState: Should stop hotword detection immediately - true
06-23 15:48:12.434  1655  2729 W A       : UiCallbackStub-onGenericEvent[ServiceEvent = 241] task was not run. Callback from Service received after client was disposed.
06-23 15:48:12.434  1655  2729 W A       : UiCallbackStub-onGenericEvent[ServiceEvent = 241] task was not run. Callback from Service received after client was disposed.
06-23 15:48:12.434   398  3028 D AF::TrackHandle: OpPlayAudio: track:56 usage:13 not muted
06-23 15:48:12.435   398  3028 D AF::TrackHandle: OpPlayAudio: track:56 usage:13 not muted
06-23 15:48:12.435   398  3028 D AF::TrackHandle: OpPlayAudio: track:56 usage:13 not muted
06-23 15:48:12.435   398  3028 D AF::TrackHandle: OpPlayAudio: track:56 usage:13 not muted
06-23 15:48:12.435   398  3028 D AF::TrackHandle: OpPlayAudio: track:56 usage:13 not muted
06-23 15:48:12.435   398  3028 D AF::TrackHandle: OpPlayAudio: track:56 usage:13 not muted
06-23 15:48:12.435  1655  2729 W A       : UiCallbackStub-onGenericEvent[ServiceEvent = 60] task was not run. Callback from Service received after client was disposed.
06-23 15:48:12.435   398  3028 D AF::TrackHandle: OpPlayAudio: track:56 usage:13 not muted
06-23 15:48:12.435   398  3028 D AF::TrackHandle: OpPlayAudio: track:56 usage:13 not muted
06-23 15:48:12.436   398  3028 D AF::TrackHandle: OpPlayAudio: track:56 usage:13 not muted
06-23 15:48:12.436   398  3028 D AF::TrackHandle: OpPlayAudio: track:56 usage:13 not muted
06-23 15:48:12.436   398  3028 D AF::TrackHandle: OpPlayAudio: track:56 usage:13 not muted
06-23 15:48:12.436   398  3028 D AF::TrackHandle: OpPlayAudio: track:56 usage:13 not muted
06-23 15:48:12.436   398  3028 D AF::TrackHandle: OpPlayAudio: track:56 usage:13 not muted
06-23 15:48:12.436   398  3028 D AF::TrackHandle: OpPlayAudio: track:56 usage:13 not muted
06-23 15:48:12.436   398  3028 D AF::TrackHandle: OpPlayAudio: track:56 usage:13 not muted
06-23 15:48:12.436   398  3028 D AF::TrackHandle: OpPlayAudio: track:56 usage:13 not muted
06-23 15:48:12.437  1621  2168 I AiAiEcho: [pnb-agg] Reload pnb aggregation on events deleted
06-23 15:48:12.437  1621  2168 I AiAiEcho: [pnb-agg] pnb aggregation disabled.
06-23 15:48:12.432  1633  2480 D MediaGrants: Removed 0 media_grants for 0 user for dev.mobile.maestro. Reason: Package orphaned
06-23 15:48:12.440  1633  2480 I MediaProvider: End Intent { act=android.intent.action.PACKAGE_FULLY_REMOVED dat=package: flg=0x5000010 cmp=com.google.android.providers.media.module/com.android.providers.media.MediaService (has extras) }
06-23 15:48:12.441  1655  3045 I PBSessionCacheImpl: Deleted sessionId[7280549205287137] from persistence.
06-23 15:48:12.442  1655  2729 W SearchServiceCore: Abort, client detached.
06-23 15:48:12.443  1655  2729 I MicroDetectionState: Should stop hotword detection immediately - true
06-23 15:48:12.443  1655  2729 I A       : Using proto config with mendel
06-23 15:48:12.443  1655  2729 I A       : Using proto config with mendel
06-23 15:48:12.451   524   758 W WifiService: Couldn't get PackageInfo for package:dev.mobile.maestro.test
06-23 15:48:12.451   524   758 D WifiService: Remove settings for package:dev.mobile.maestro.test
06-23 15:48:12.451   524   758 D WifiConfigManager: Remove all networks for app ApplicationInfo{b5bf5a7 dev.mobile.maestro.test}
06-23 15:48:12.454   524   771 E AppOps  : attributionTag VCN not declared in manifest of android
06-23 15:48:12.455   524   758 D WifiConfigStore: Writing to stores completed in 4 ms.
06-23 15:48:12.455   524   758 I PasspointManager: No app ops listener found for dev.mobile.maestro.test
06-23 15:48:12.462   524   758 W WifiService: Couldn't get PackageInfo for package:dev.mobile.maestro.test
06-23 15:48:12.462   524   758 D WifiService: Remove settings for package:dev.mobile.maestro.test
06-23 15:48:12.462   524   758 D WifiConfigManager: Remove all networks for app ApplicationInfo{883fb5 dev.mobile.maestro.test}
06-23 15:48:12.463   524   605 I RollbackManager: broadcast=ACTION_PACKAGE_FULLY_REMOVED pkg=dev.mobile.maestro.test
06-23 15:48:12.463   524   625 I InputReader: Reconfiguring input devices, changes=KEYBOARD_LAYOUTS
06-23 15:48:12.464   524   635 V StorageManagerService: Package dev.mobile.maestro.test does not have legacy storage
06-23 15:48:12.466   524   758 D WifiConfigStore: Writing to stores completed in 3 ms.
06-23 15:48:12.466   524   758 I PasspointManager: No app ops listener found for dev.mobile.maestro.test
06-23 15:48:12.466   524   551 D ActivityManager: sync unfroze 2184 android.process.media for 3
06-23 15:48:12.471   337   368 I netd    : tetherGetStats() -> {[]} <1.34ms>
06-23 15:48:12.477   524   550 W WindowMagnificationMgr: requestConnection duplicated request: connect=false, mConnectionState=DISCONNECTED
06-23 15:48:12.481  5259  5259 D BoundBrokerSvc: onBind: Intent { act=com.google.android.gms.common.BIND_SHARED_PREFS pkg=com.google.android.gms }
06-23 15:48:12.482  5259  5259 D BoundBrokerSvc: Loading bound service for intent: Intent { act=com.google.android.gms.common.BIND_SHARED_PREFS pkg=com.google.android.gms }
06-23 15:48:12.482   836   886 D StylusManager: Stylus InputDevice changed: 14 virtio_input_multi_touch_11
06-23 15:48:12.483  4232  4232 V MediaPlayerList: mPackageChangedBroadcastReceiver: action: android.intent.action.PACKAGE_REMOVED
06-23 15:48:12.483  4232  4232 V MediaPlayerList: mPackageChangedBroadcastReceiver: action: android.intent.action.PACKAGE_REMOVED
06-23 15:48:12.487   524   524 I Telecom : CarModeTracker: Package dev.mobile.maestro.test is not tracked.: SSH.oR@AXA🔒
06-23 15:48:12.487   524   524 I Telecom : InCallController: updateCarModeForConnections: car mode apps: : SSH.oR@AXA🔒
06-23 15:48:12.487   524   524 I Telecom : InCallController: update carmode current:UserHandle{0} parent:null: SSH.oR@AXA🔒
06-23 15:48:12.489   836   886 D StylusManager: Stylus InputDevice changed: 11 virtio_input_multi_touch_8
06-23 15:48:12.489   836   886 D StylusManager: Stylus InputDevice changed: 9 virtio_input_multi_touch_6
06-23 15:48:12.490   838   838 D PersistedStoragePackageUninstalledReceiver: Received android.intent.action.PACKAGE_FULLY_REMOVED for dev.mobile.maestro for u0
06-23 15:48:12.490  5259  5259 D BoundBrokerSvc: onUnbind: Intent { act=com.google.android.gms.common.BIND_SHARED_PREFS pkg=com.google.android.gms }
06-23 15:48:12.493   836   886 D StylusManager: Stylus InputDevice changed: 8 virtio_input_multi_touch_5
06-23 15:48:12.494   836   886 D StylusManager: Stylus InputDevice changed: 13 virtio_input_multi_touch_10
06-23 15:48:12.495   836   886 D StylusManager: Stylus InputDevice changed: 7 virtio_input_multi_touch_4
06-23 15:48:12.496  1633  1633 W MediaProvider: WorkProfileOwnerApps cache is empty
06-23 15:48:12.501   836   836 D ControlsListingControllerImpl: ServiceConfig reloaded, count: 0
06-23 15:48:12.501   836   886 D StylusManager: Stylus InputDevice changed: 12 virtio_input_multi_touch_9
06-23 15:48:12.502   836   886 D StylusManager: Stylus InputDevice changed: 10 virtio_input_multi_touch_7
06-23 15:48:12.503   836   886 D StylusManager: Stylus InputDevice changed: 6 virtio_input_multi_touch_3
06-23 15:48:12.503   836   886 D StylusManager: Stylus InputDevice changed: 5 virtio_input_multi_touch_2
06-23 15:48:12.503   836   886 D StylusManager: Stylus InputDevice changed: 4 virtio_input_multi_touch_1
06-23 15:48:12.505   337   368 I netd    : bandwidthRemoveInterfaceQuota(eth0) <0.52ms>
06-23 15:48:12.506   524   524 I ConditionProviders: Disallowing condition provider dev.mobile.maestro.test (userSet: true)
06-23 15:48:12.507   337   368 I netd    : bandwidthSetInterfaceQuota(eth0, 9223372036854775807) <0.40ms>
06-23 15:48:12.517   337   368 I netd    : tetherGetStats() -> {[]} <0.22ms>
06-23 15:48:12.525  1633  2480 I MediaProvider: Begin Intent { act=android.intent.action.PACKAGE_FULLY_REMOVED dat=package: flg=0x5000010 cmp=com.google.android.providers.media.module/com.android.providers.media.MediaService (has extras) }
06-23 15:48:12.525   398  3028 D AF::TrackHandle: OpPlayAudio: track:56 usage:13 not muted
06-23 15:48:12.525  5176  6985 I ProximityAuth: [RecentAppsMediator] Package removed: (user=UserHandle{0}) dev.mobile.maestro
06-23 15:48:12.526   398  3028 D AF::TrackHandle: OpPlayAudio: track:56 usage:13 not muted
06-23 15:48:12.526   398  3028 D AF::TrackHandle: OpPlayAudio: track:56 usage:13 not muted
06-23 15:48:12.526   398  3028 D AF::TrackHandle: OpPlayAudio: track:56 usage:13 not muted
06-23 15:48:12.526   398  3028 D AF::TrackHandle: OpPlayAudio: track:56 usage:13 not muted
06-23 15:48:12.527   398  3028 D AF::TrackHandle: OpPlayAudio: track:56 usage:13 not muted
06-23 15:48:12.527   398  3028 D AF::TrackHandle: OpPlayAudio: track:56 usage:13 not muted
06-23 15:48:12.527   398  3028 D AF::TrackHandle: OpPlayAudio: track:56 usage:13 not muted
06-23 15:48:12.527   398  3028 D AF::TrackHandle: OpPlayAudio: track:56 usage:13 not muted
06-23 15:48:12.527   398  3028 D AF::TrackHandle: OpPlayAudio: track:56 usage:13 not muted
06-23 15:48:12.527   398  3028 D AF::TrackHandle: OpPlayAudio: track:56 usage:13 not muted
06-23 15:48:12.527   398  3028 D AF::TrackHandle: OpPlayAudio: track:56 usage:13 not muted
06-23 15:48:12.527   398  3028 D AF::TrackHandle: OpPlayAudio: track:56 usage:13 not muted
06-23 15:48:12.527   398  3028 D AF::TrackHandle: OpPlayAudio: track:56 usage:13 not muted
06-23 15:48:12.527   398  3028 D AF::TrackHandle: OpPlayAudio: track:56 usage:13 not muted
06-23 15:48:12.528   398  3028 D AF::TrackHandle: OpPlayAudio: track:56 usage:13 not muted
06-23 15:48:12.531  1081  1081 D Launcher.Model: package removed received dev.mobile.maestro.test
06-23 15:48:12.532  1621  1621 I AiAiEcho: AppFetcherImplV2 onPackageRemoved dev.mobile.maestro.test.
06-23 15:48:12.532  1081  1132 D PackageUpdatedTask: Removing app icondev.mobile.maestro.test
06-23 15:48:12.534  1633  2480 D MediaProvider: Deleted 0 Android/media items belonging to dev.mobile.maestro.test on /data/user/0/com.google.android.providers.media.module/databases/external.db
06-23 15:48:12.537  1081  1132 D ModelWriter: removing items from db . Reason: [removed because the corresponding package or component is removed. mOp=3 removedPackages=[dev.mobile.maestro.test] removedComponents=[]]
06-23 15:48:12.540  5176  6983 I Fitness : FitCleanupIntentOperation received Intent android.intent.action.PACKAGE_REMOVED [CONTEXT service_id=17 ]
06-23 15:48:12.542  1621  2276 I AiAiEcho: EchoSearch: WidgetFetcherImpl is initialized with [28] widgets [reason=package removed for userId: 0]
06-23 15:48:12.545   838  6972 E RoleControllerServiceImpl: Default/fallback role holder package doesn't qualify for the role, package: com.google.android.gms.supervision, role: android.app.role.SYSTEM_SUPERVISION
06-23 15:48:12.549  5259  6064 I ContentMaintenance: Internal cache bytes used: 0; limit: 100000000; download size: 0
06-23 15:48:12.550  1633  2480 D MediaGrants: Removed 0 media_grants for 0 user for dev.mobile.maestro.test. Reason: Package orphaned
06-23 15:48:12.553  1633  2480 I MediaProvider: End Intent { act=android.intent.action.PACKAGE_FULLY_REMOVED dat=package: flg=0x5000010 cmp=com.google.android.providers.media.module/com.android.providers.media.MediaService (has extras) }
06-23 15:48:12.555  5259  6064 I RealtimeCacheCleanup: Beginning Realtime garbage collection.
06-23 15:48:12.555  5259  6064 I RealtimeCacheCleanup: Finished Realtime garbage collection.
06-23 15:48:12.561  1621  2168 I AiAiEcho: [pnb-agg] Reload pnb aggregation on events deleted
06-23 15:48:12.561  1621  2168 I AiAiEcho: [pnb-agg] pnb aggregation disabled.
06-23 15:48:12.563  5259  6975 I BlockstoreStorage: Clearing all the Blockstore Data for package dev.mobile.maestro [CONTEXT service_id=258 ]
06-23 15:48:12.565  5259  6975 I BlockstoreStorage: Clearing all the Blockstore Data for 1 packages [CONTEXT service_id=258 ]
06-23 15:48:12.566  5259  5259 D BoundBrokerSvc: onBind: Intent { act=com.google.android.gms.common.BIND_SHARED_PREFS pkg=com.google.android.gms }
06-23 15:48:12.566  5259  5259 D BoundBrokerSvc: Loading bound service for intent: Intent { act=com.google.android.gms.common.BIND_SHARED_PREFS pkg=com.google.android.gms }
06-23 15:48:12.569   524  1853 D SafetySourceDataValidator: No cert check requested for package com.google.android.permissioncontroller
06-23 15:48:12.570   838  6972 I Role    : com.google.android.gms not qualified for android.app.role.SYSTEM_CALL_STREAMING due to missing RequiredComponent{mIntentFilterData=IntentFilterData{mAction='android.telecom.CallStreamingService', mCategories='[]', mDataScheme='null', mDataType='null'}, mMinTargetSdkVersion=1, mFlags='0', mPermission='android.permission.BIND_CALL_STREAMING_SERVICE', mQueryFlags=0, mMetaData=[]}
06-23 15:48:12.570   838  6972 E RoleControllerServiceImpl: Default/fallback role holder package doesn't qualify for the role, package: com.google.android.gms, role: android.app.role.SYSTEM_CALL_STREAMING
06-23 15:48:12.573  5259  6064 I Icing   : doRemovePackageData dev.mobile.maestro
06-23 15:48:12.578   524  2462 E AtomicFile: Failed to rename /data/system/cachequota.xml.new to /data/system/cachequota.xml
06-23 15:48:12.583   838  6972 W Role    : Default holder doesn't have required signing certificate: com.google.android.apps.work.clouddpc:23962F4B43B9857638EA66F4D419518EAE282491ACDA4B94707BD59003C45E58
06-23 15:48:12.585  5259  5259 D BoundBrokerSvc: onUnbind: Intent { act=com.google.android.gms.common.BIND_SHARED_PREFS pkg=com.google.android.gms }
06-23 15:48:12.592  5259  6975 W SQLiteLog: (28) double-quoted string literal: "dev.mobile.maestro"
06-23 15:48:12.594   838   838 D PersistedStoragePackageUninstalledReceiver: Received android.intent.action.PACKAGE_FULLY_REMOVED for dev.mobile.maestro.test for u0
06-23 15:48:12.597  5176  6984 I ProximityAuth: [RecentAppsMediator] Package removed: (user=UserHandle{0}) dev.mobile.maestro.test
06-23 15:48:12.605  5259  7010 I BlockstoreStorage: Clearing all the Blockstore Data for package dev.mobile.maestro.test [CONTEXT service_id=258 ]
06-23 15:48:12.606  5259  7010 I BlockstoreStorage: Clearing all the Blockstore Data for 1 packages [CONTEXT service_id=258 ]
06-23 15:48:12.612  5259  5419 I Icing   : IndexChimeraService.getServiceInterface callingPackage=com.google.android.gms componentName=AppsCorpus serviceId=36
