06-23 15:50:29.575  8035  8035 W ProcessState: Extra binder thread started, but 0 threads requested. Do not use *startThreadPool when zero threads are requested.
06-23 15:50:29.583   136   136 I hwservicemanager: getTransport: Cannot find entry android.hardware.graphics.mapper@4.0::IMapper/default in either framework or device VINTF manifest.
06-23 15:50:29.584  8035  8036 I Gralloc4: mapper 4.x is not supported
06-23 15:50:29.744     0     0 I servicemanager: Could not find android.hardware.graphics.allocator.IAllocator/default in the VINTF manifest.
06-23 15:50:29.722  8037  8037 D AndroidRuntime: >>>>>> START com.android.internal.os.RuntimeInit uid 2000 <<<<<<
06-23 15:50:29.726  8037  8037 I AndroidRuntime: Using default boot image
06-23 15:50:29.726  8037  8037 I AndroidRuntime: Leaving lock profiling enabled
06-23 15:50:29.728  8037  8037 I app_process: Core platform API reporting enabled, enforcing=false
06-23 15:50:29.728  8037  8037 I app_process: Using CollectorTypeCC GC.
06-23 15:50:29.824  8037  8037 D nativeloader: InitDefaultPublicLibraries for_preload=1: libandroid.so:libaaudio.so:libamidi.so:libbinder_ndk.so:libc.so:libcamera2ndk.so:libdl.so:libEGL.so:libGLESv1_CM.so:libGLESv2.so:libGLESv3.so:libicu.so:libicui18n.so:libicuuc.so:libjnigraphics.so:liblog.so:libmediandk.so:libm.so:libnativehelper.so:libnativewindow.so:libOpenMAXAL.so:libOpenSLES.so:libRS.so:libstdc++.so:libsync.so:libvulkan.so:libwebviewchromium_plat_support.so:libz.so
06-23 15:50:29.833  8037  8037 D app_process: Time zone APEX ICU file found: /apex/com.android.tzdata/etc/icu/icu_tzdata.dat
06-23 15:50:29.833  8037  8037 D app_process: I18n APEX ICU file found: /apex/com.android.i18n/etc/icu/icudt72l.dat
06-23 15:50:29.838  8037  8037 W app_process: Unexpected CPU variant for x86: x86_64.
06-23 15:50:29.838  8037  8037 W app_process: Known variants: atom, sandybridge, silvermont, goldmont, goldmont-plus, tremont, kabylake, default
06-23 15:50:29.840  8037  8037 W app_process: ClassLoaderContext shared library size mismatch. Expected=2, found=0 (PCL[]{PCL[/system/framework/android.test.base.jar*836642756]#PCL[/system/framework/android.test.mock.jar*3186112116]} | PCL[])
06-23 15:50:29.842  8037  8037 W app_process: ClassLoaderContext classpath size mismatch. expected=0, found=1 (PCL[]{PCL[/system/framework/android.test.runner.jar*4168958247]{PCL[/system/framework/android.test.base.jar*836642756]#PCL[/system/framework/android.test.mock.jar*3186112116]}#PCL[/system/framework/android.test.base.jar*836642756]} | PCL[/system/framework/android.test.runner.jar*4168958247])
06-23 15:50:29.855  8037  8037 W libc    : Access denied finding property "ro.product.name_for_attestation"
06-23 15:50:29.856  8037  8037 W libc    : Access denied finding property "ro.product.brand_for_attestation"
06-23 15:50:29.856  8037  8037 W libc    : Access denied finding property "ro.product.model_for_attestation"
06-23 15:50:29.857  8037  8037 D AndroidRuntime: Calling main entry com.android.commands.uiautomator.Launcher
06-23 15:50:29.853  8037  8037 W main    : type=1400 audit(0.0:84): avc:  denied  { read } for  name="u:object_r:build_attestation_prop:s0" dev="tmpfs" ino=86 scontext=u:r:shell:s0 tcontext=u:object_r:build_attestation_prop:s0 tclass=file permissive=0
06-23 15:50:29.862  8037  8037 D UiAutomationConnection: Created on user UserHandle{0}
06-23 15:50:29.862  8037  8037 I UiAutomation: Initialized for user 0 on display 0
06-23 15:50:29.862  8037  8037 W UiAutomation: Created with deprecatead constructor, assumes DEFAULT_DISPLAY
06-23 15:50:29.863   524   594 D AccessibilityManagerService: changeCurrentUserForTestAutomationIfNeededLocked(0): ignoring because device doesn't support visible background users
06-23 15:50:29.853  8037  8037 W main    : type=1400 audit(0.0:85): avc:  denied  { read } for  name="u:object_r:build_attestation_prop:s0" dev="tmpfs" ino=86 scontext=u:r:shell:s0 tcontext=u:object_r:build_attestation_prop:s0 tclass=file permissive=0
06-23 15:50:29.863   524   594 I UiAutomationManager: Registering UiTestAutomationService (id=com.android.server.accessibility/UiAutomation) when called by user 0
06-23 15:50:29.869   524   594 W WindowMagnificationMgr: requestConnection duplicated request: connect=false, mConnectionState=DISCONNECTED
06-23 15:50:29.853  8037  8037 W main    : type=1400 audit(0.0:86): avc:  denied  { read } for  name="u:object_r:build_attestation_prop:s0" dev="tmpfs" ino=86 scontext=u:r:shell:s0 tcontext=u:object_r:build_attestation_prop:s0 tclass=file permissive=0
06-23 15:50:29.870  8037  8051 V UiAutomation: Init UiAutomation@ed34264[id=11, displayId=0, flags=0]
06-23 15:50:29.870   524   594 W WindowMagnificationMgr: requestConnection duplicated request: connect=false, mConnectionState=DISCONNECTED
06-23 15:50:29.870  1621  3360 I AiAiEcho: Settings changed for uri: content://settings/secure/accessibility_enabled
06-23 15:50:29.871  1621  2168 I AiAiEcho: Predicting[0]: 
06-23 15:50:29.871  1621  2168 I AiAiEcho: EchoTargets: 
06-23 15:50:29.871  1621  2168 I AiAiEcho: Filtered by AiAi flag check: 
06-23 15:50:29.871  1621  2168 I AiAiEcho: Ranked targets strategy: SORT, count: 0, ranking metadata: 
06-23 15:50:29.872  1621  2168 I AiAiEcho: Predicting[0]: 
06-23 15:50:29.874  1621  2168 I AiAiEcho: EchoTargets: 
06-23 15:50:29.874  1621  2168 I AiAiEcho: Filtered by AiAi flag check: 
06-23 15:50:29.874  1621  2168 I AiAiEcho: Ranked targets strategy: SORT, count: 0, ranking metadata: 
06-23 15:50:29.874  1621  2168 I AiAiEcho: #postPredictionTargets: Sending updates to UISurface lockscreen with targets# 0 (types=[])
06-23 15:50:29.875  1621  2168 I AiAiEcho: #postPredictionTargets: Sending updates to UISurface home with targets# 0 (types=[])
06-23 15:50:29.875  1655  2369 I A       : NGA disabled since it's running Panthera and at least one a11y feature is on.
06-23 15:50:29.875  1655  2369 I A       : Nga state changed to NgaStateDetails{state=DISABLED, isSpecialExperience=false}
06-23 15:50:29.876   524   524 D BatterySaverPolicy: accessibility changed to true, updating policy.
06-23 15:50:29.878  1621  3703 I AiAiEcho: Settings changed for uri: content://settings/secure/accessibility_enabled
06-23 15:50:29.878  1621  2168 I AiAiEcho: Predicting[0]: 
06-23 15:50:29.878  1621  2168 I AiAiEcho: EchoTargets: 
06-23 15:50:29.878  1621  2168 I AiAiEcho: Filtered by AiAi flag check: 
06-23 15:50:29.879  1621  2168 I AiAiEcho: Ranked targets strategy: SORT, count: 0, ranking metadata: 
06-23 15:50:29.879  1621  2168 I AiAiEcho: Predicting[0]: 
06-23 15:50:29.879  1621  2168 I AiAiEcho: EchoTargets: 
06-23 15:50:29.879  1621  2168 I AiAiEcho: Filtered by AiAi flag check: 
06-23 15:50:29.879  1621  2168 I AiAiEcho: Ranked targets strategy: SORT, count: 0, ranking metadata: 
06-23 15:50:29.879  1621  2168 I AiAiEcho: #postPredictionTargets: Sending updates to UISurface lockscreen with targets# 0 (types=[])
06-23 15:50:29.879  1621  2168 I AiAiEcho: #postPredictionTargets: Sending updates to UISurface home with targets# 0 (types=[])
06-23 15:50:29.880  1628  5175 I A       : APA or Classic session decision: SessionDecision(sessionVariance=CLASSIC, platformVariance=CLASSIC, justification=CURRENT_PLATFORM_VARIANCE).
06-23 15:50:29.881  1628  5175 I A       : [Memory] eligibility: StashEligibility{4}
06-23 15:50:29.881  1628  2175 I A       : Unsubscribed to apa or classic variant change.
06-23 15:50:29.881   836   836 W PageIndicator: Total number of pages invalid: 0. Assuming 1 page.
06-23 15:50:29.881   836   836 W PageIndicator: Total number of pages invalid: 0. Assuming 1 page.
06-23 15:50:29.884   524  2451 D SafetySourceDataValidator: No cert check requested for package com.google.android.permissioncontroller
06-23 15:50:30.000   524   611 I RoleService: Granting default roles...
06-23 15:50:30.008   838  7988 E RoleControllerServiceImpl: Default/fallback role holder package doesn't qualify for the role, package: com.google.android.gms.supervision, role: android.app.role.SYSTEM_SUPERVISION
06-23 15:50:30.009   838  7988 I Role    : com.google.android.gms not qualified for android.app.role.SYSTEM_CALL_STREAMING due to missing RequiredComponent{mIntentFilterData=IntentFilterData{mAction='android.telecom.CallStreamingService', mCategories='[]', mDataScheme='null', mDataType='null'}, mMinTargetSdkVersion=1, mFlags='0', mPermission='android.permission.BIND_CALL_STREAMING_SERVICE', mQueryFlags=0, mMetaData=[]}
06-23 15:50:30.009   838  7988 E RoleControllerServiceImpl: Default/fallback role holder package doesn't qualify for the role, package: com.google.android.gms, role: android.app.role.SYSTEM_CALL_STREAMING
06-23 15:50:30.009   838  7988 W Role    : Default holder doesn't have required signing certificate: com.google.android.apps.work.clouddpc:23962F4B43B9857638EA66F4D419518EAE282491ACDA4B94707BD59003C45E58
06-23 15:50:30.154   836   836 D StatusBarIconController: ignoring old pipeline callbacks, because the new mobile icons are enabled
06-23 15:50:30.345  7756  7778 D EGL_emulation: app_time_stats: avg=498.19ms min=494.92ms max=500.15ms count=3
06-23 15:50:30.878  8037  8037 I AccessibilityNodeInfoDumper: Skipping invisible child: android.view.accessibility.AccessibilityNodeInfo@128d6; boundsInParent: Rect(0, 0 - 320, 0); boundsInScreen: Rect(0, 0 - 320, 0); boundsInWindow: Rect(0, 0 - 320, 0); packageName: com.hanapkalinga.mobile; className: android.widget.LinearLayout; text: null; error: null; maxTextLength: -1; stateDescription: null; contentDescription: null; tooltipText: null; containerTitle: null; viewIdResName: null; uniqueId: null; checkable: false; checked: false; focusable: false; focused: false; selected: false; clickable: false; longClickable: false; contextClickable: false; enabled: true; password: false; scrollable: false; importantForAccessibility: false; visible: false; actions: [AccessibilityAction: ACTION_SELECT - null, AccessibilityAction: ACTION_CLEAR_SELECTION - null, AccessibilityAction: ACTION_ACCESSIBILITY_FOCUS - null, AccessibilityAction: ACTION_SHOW_ON_SCREEN - null]; isTextSelectable: false
06-23 15:50:30.878  8037  8037 I AccessibilityNodeInfoDumper: Skipping invisible child: android.view.accessibility.AccessibilityNodeInfo@12515; boundsInParent: Rect(0, 0 - 320, 0); boundsInScreen: Rect(0, 0 - 320, 0); boundsInWindow: Rect(0, 0 - 320, 0); packageName: com.hanapkalinga.mobile; className: android.view.ViewGroup; text: null; error: null; maxTextLength: -1; stateDescription: null; contentDescription: null; tooltipText: null; containerTitle: null; viewIdResName: null; uniqueId: null; checkable: false; checked: false; focusable: false; focused: false; selected: false; clickable: false; longClickable: false; contextClickable: false; enabled: true; password: false; scrollable: false; importantForAccessibility: false; visible: false; actions: [AccessibilityAction: ACTION_SELECT - null, AccessibilityAction: ACTION_CLEAR_SELECTION - null, AccessibilityAction: ACTION_ACCESSIBILITY_FOCUS - null, AccessibilityAction: ACTION_SHOW_ON_SCREEN - null]; isTextSelectable: false
06-23 15:50:30.878  8037  8037 I AccessibilityNodeInfoDumper: Skipping invisible child: android.view.accessibility.AccessibilityNodeInfo@191f2; boundsInParent: Rect(0, 0 - 320, 0); boundsInScreen: Rect(0, 0 - 320, 0); boundsInWindow: Rect(0, 0 - 320, 0); packageName: com.hanapkalinga.mobile; className: android.widget.LinearLayout; text: null; error: null; maxTextLength: -1; stateDescription: null; contentDescription: null; tooltipText: null; containerTitle: null; viewIdResName: null; uniqueId: null; checkable: false; checked: false; focusable: false; focused: false; selected: false; clickable: false; longClickable: false; contextClickable: false; enabled: true; password: false; scrollable: false; importantForAccessibility: false; visible: false; actions: [AccessibilityAction: ACTION_SELECT - null, AccessibilityAction: ACTION_CLEAR_SELECTION - null, AccessibilityAction: ACTION_ACCESSIBILITY_FOCUS - null, AccessibilityAction: ACTION_SHOW_ON_SCREEN - null]; isTextSelectable: false
06-23 15:50:30.878  8037  8037 I AccessibilityNodeInfoDumper: Skipping invisible child: android.view.accessibility.AccessibilityNodeInfo@18e31; boundsInParent: Rect(0, 0 - 320, 0); boundsInScreen: Rect(0, 0 - 320, 0); boundsInWindow: Rect(0, 0 - 320, 0); packageName: com.hanapkalinga.mobile; className: android.view.ViewGroup; text: null; error: null; maxTextLength: -1; stateDescription: null; contentDescription: null; tooltipText: null; containerTitle: null; viewIdResName: null; uniqueId: null; checkable: false; checked: false; focusable: false; focused: false; selected: false; clickable: false; longClickable: false; contextClickable: false; enabled: true; password: false; scrollable: false; importantForAccessibility: false; visible: false; actions: [AccessibilityAction: ACTION_SELECT - null, AccessibilityAction: ACTION_CLEAR_SELECTION - null, AccessibilityAction: ACTION_ACCESSIBILITY_FOCUS - null, AccessibilityAction: ACTION_SHOW_ON_SCREEN - null]; isTextSelectable: false
06-23 15:50:30.881  8037  8037 W AccessibilityNodeInfoDumper: Fetch time: 5ms
06-23 15:50:30.882  1621  3751 I AiAiEcho: Settings changed for uri: content://settings/secure/accessibility_enabled
06-23 15:50:30.882   524  2454 W WindowMagnificationMgr: requestConnection duplicated request: connect=false, mConnectionState=DISCONNECTED
06-23 15:50:30.882   524  2454 D AccessibilityManagerService: restoreCurrentUserForTestAutomationIfNeededLocked(): ignoring because device doesn't support visible background users
06-23 15:50:30.883  1621  2168 I AiAiEcho: Predicting[0]: 
06-23 15:50:30.883  1621  2168 I AiAiEcho: EchoTargets: 
06-23 15:50:30.883  1621  2168 I AiAiEcho: Filtered by AiAi flag check: 
06-23 15:50:30.883  8037  8037 D AndroidRuntime: Shutting down VM
06-23 15:50:30.883  1621  2168 I AiAiEcho: Ranked targets strategy: SORT, count: 0, ranking metadata: 
06-23 15:50:30.883  1621  2168 I AiAiEcho: Predicting[0]: 
06-23 15:50:30.883  1621  2168 I AiAiEcho: EchoTargets: 
06-23 15:50:30.883  1621  2168 I AiAiEcho: Filtered by AiAi flag check: 
06-23 15:50:30.883  1621  2168 I AiAiEcho: Ranked targets strategy: SORT, count: 0, ranking metadata: 
06-23 15:50:30.884  1621  2168 I AiAiEcho: #postPredictionTargets: Sending updates to UISurface lockscreen with targets# 0 (types=[])
06-23 15:50:30.885  1655  2404 I A       : NGA enabled in interactor.
06-23 15:50:30.885  1655  2404 I A       : Nga state changed to NgaStateDetails{state=ENABLED, isSpecialExperience=false}
06-23 15:50:30.885   524   524 D BatterySaverPolicy: accessibility changed to false, updating policy.
06-23 15:50:30.885  1621  2168 I AiAiEcho: #postPredictionTargets: Sending updates to UISurface home with targets# 0 (types=[])
06-23 15:50:30.887  1628  3892 I A       : Initializing all components
06-23 15:50:30.887  1628  3892 I A       : APA or Classic session decision: SessionDecision(sessionVariance=CLASSIC, platformVariance=CLASSIC, justification=CURRENT_PLATFORM_VARIANCE).
06-23 15:50:30.887  1628  3892 I A       : [Memory] eligibility: StashEligibility{6}
06-23 15:50:30.887  1628  2175 I A       : onIsEnabledChanged, isEnabled: false
06-23 15:50:30.887  1628  2175 W A       : Disposing empty manager. Did you forgot to subscribe observables?
06-23 15:50:30.887  1628  2175 W A       : Disposing empty manager. Did you forgot to subscribe observables?
06-23 15:50:30.887  1628  2175 W A       : Disposing empty manager. Did you forgot to subscribe observables?
06-23 15:50:30.887  1628  2175 W A       : Disposing empty manager. Did you forgot to subscribe observables?
06-23 15:50:30.887  1628  2175 W A       : Disposing empty manager. Did you forgot to subscribe observables?
06-23 15:50:30.887  1628  2175 W A       : Disposing empty manager. Did you forgot to subscribe observables?
06-23 15:50:30.887  1628  2175 W A       : Disposing empty manager. Did you forgot to subscribe observables?
06-23 15:50:30.887  1628  2175 W A       : Disposing empty manager. Did you forgot to subscribe observables?
06-23 15:50:30.887  1628  2175 W A       : Disposing empty manager. Did you forgot to subscribe observables?
06-23 15:50:30.887  1628  2175 W A       : Disposing empty manager. Did you forgot to subscribe observables?
06-23 15:50:30.887  1628  2175 I A       : onOpaVisibilityChanged: false
06-23 15:50:30.887  1628  2175 W A       : Disposing empty manager. Did you forgot to subscribe observables?
06-23 15:50:30.887  1628  2175 W A       : Disposing empty manager. Did you forgot to subscribe observables?
06-23 15:50:30.887  1628  2175 W A       : Disposing empty manager. Did you forgot to subscribe observables?
06-23 15:50:30.887  1628  2175 W A       : Disposing empty manager. Did you forgot to subscribe observables?
06-23 15:50:30.887  1628  2175 W A       : Disposing empty manager. Did you forgot to subscribe observables?
06-23 15:50:30.887  1628  2175 W A       : Disposing empty manager. Did you forgot to subscribe observables?
06-23 15:50:30.887  1628  2175 I A       : Setting session to type: NO_SESSION
06-23 15:50:30.887  1628  2175 W A       : Disposing empty manager. Did you forgot to subscribe observables?
06-23 15:50:30.888  1628  2175 W A       : Disposing empty manager. Did you forgot to subscribe observables?
06-23 15:50:30.888  1628  2175 W A       : Disposing empty manager. Did you forgot to subscribe observables?
06-23 15:50:30.888  1628  2175 W A       : Disposing empty manager. Did you forgot to subscribe observables?
06-23 15:50:30.888  1628  2175 W A       : Disposing empty manager. Did you forgot to subscribe observables?
06-23 15:50:30.888  1628  2175 W A       : Disposing empty manager. Did you forgot to subscribe observables?
06-23 15:50:30.888  1628  2175 W A       : Disposing empty manager. Did you forgot to subscribe observables?
06-23 15:50:30.888  1628  2175 W A       : Disposing empty manager. Did you forgot to subscribe observables?
06-23 15:50:30.888  1628  2175 I A       : setNavBarVisible: GestureNavBarVisible{navbarVisible=true}
06-23 15:50:30.888  1628  2175 W A       : Disposing empty manager. Did you forgot to subscribe observables?
06-23 15:50:30.888  1628  2175 W A       : Disposing empty manager. Did you forgot to subscribe observables?
06-23 15:50:30.888  1628  2175 W A       : Disposing empty manager. Did you forgot to subscribe observables?
06-23 15:50:30.888  1628  2175 W A       : Disposing empty manager. Did you forgot to subscribe observables?
06-23 15:50:30.888  1628  2175 W A       : Disposing empty manager. Did you forgot to subscribe observables?
06-23 15:50:30.888  1628  2175 W A       : Disposing empty manager. Did you forgot to subscribe observables?
06-23 15:50:30.888  1628  2175 I A       : onDisabled. Registered: false
06-23 15:50:30.891  1628  2165 I A       : State changed: IDLE => IDLE by NGA_STATE_CHANGED and N/A with Optional.empty
06-23 15:50:30.891  1628  2165 I A       : Recognizer choice: (recognizer_type: 1, recognizer_mode: 1, choice_reason: 4)
06-23 15:50:30.892  1628  2165 I A       : onActiveStateChangeEvent: IDLE => IDLE
06-23 15:50:30.892  1628  2165 I A       : #onActiveStateChangeEvent, newState: IDLE, previousState: IDLE.
06-23 15:50:30.892  1628  2175 I NgaEntryPointEventSendr: setupConnection
06-23 15:50:30.897   836   836 W PageIndicator: Total number of pages invalid: 0. Assuming 1 page.
06-23 15:50:30.897  1655  1655 I A       : Creating pss binder().
06-23 15:50:30.898  1628  2165 I A       : on opa visibility changed false
06-23 15:50:30.898  1628  2165 I A       : on opa visibility changed false
06-23 15:50:30.900  1628  2175 I NgaEntryPointEventSendr: State changed: Disconnected => Connecting
06-23 15:50:30.901  1628  2175 I NgaEntryPointEventSendr: onServiceConnected
06-23 15:50:30.901  1655  2615 I A       : Calling beginBinderSession().
06-23 15:50:30.901  1655  2615 I A       : beginBinderSession(): calling binder
06-23 15:50:30.901  1628  2175 I NgaEntryPointEventSendr: State changed: Connecting => Ready
06-23 15:50:30.902  1628  2175 I A       : stopListening(NGA_PAUSED_UNKNOWN_REASON, NGA_CREATE), idleOverride=NOT_LISTENING
06-23 15:50:30.903   524  2462 W ActivityManager: Unable to start service Intent { cmp=com.google.android.apps.tachyon/.clientapi.ClientApiService } U=0: not found
06-23 15:50:30.904  1628  2165 I A       : Initialize
06-23 15:50:30.907  1628  2175 I A       : Successfully initialized all components
06-23 15:50:30.914  1655  2729 W A       : UiCallbackStub-onGenericEvent[ServiceEvent = 60] task was not run. Callback from Service received after client was disposed.
06-23 15:50:30.914  1655  2837 I PBSessionCacheImpl: Deleted sessionId[7280549205287191] from persistence.
06-23 15:50:30.915  1628  2175 I NgaEntryPointEventSendr: State changed: Ready => Disconnected (onOpaDisconnected)
06-23 15:50:30.915  1655  2729 W SearchServiceCore: Abort, client detached.
06-23 15:50:31.346  7756  7778 D EGL_emulation: app_time_stats: avg=500.14ms min=499.84ms max=500.43ms count=2
