06-24 07:04:32.667  6334  6334 I AccessibilityNodeInfoDumper: Skipping invisible child: android.view.accessibility.AccessibilityNodeInfo@1829b; boundsInParent: Rect(0, 0 - 1, 1); boundsInScreen: Rect(20, 348 - 21, 349); boundsInWindow: Rect(20, 348 - 21, 349); packageName: com.hanapkalinga.mobile; className: android.view.ViewGroup; text: null; error: null; maxTextLength: -1; stateDescription: null; contentDescription: null; tooltipText: null; containerTitle: null; viewIdResName: login_captcha_ready; uniqueId: null; checkable: false; checked: false; focusable: false; focused: false; selected: false; clickable: false; longClickable: false; contextClickable: false; enabled: true; password: false; scrollable: false; importantForAccessibility: true; visible: false; actions: [AccessibilityAction: ACTION_SELECT - null, AccessibilityAction: ACTION_CLEAR_SELECTION - null, AccessibilityAction: ACTION_ACCESSIBILITY_FOCUS - null, AccessibilityAction: ACTION_SHOW_ON_SCREEN - null]; isTextSelectable: false
06-24 07:04:32.677   523   908 D OomAdjuster: Not killing cached processes
06-24 07:04:32.680  6334  6334 W AccessibilityNodeInfoDumper: Fetch time: 23ms
06-24 07:04:32.681  5453  5949 I NetworkScheduler.Stats: Task com.google.android.gms/com.google.android.gms.ipa.base.IpaGcmTaskService started execution. cause:9 exec_start_elapsed_seconds: 184 [CONTEXT service_id=218 ]
06-24 07:04:32.682   523  2179 W WindowMagnificationMgr: requestConnection duplicated request: connect=false, mConnectionState=DISCONNECTED
06-24 07:04:32.682  1646  1716 I AiAiEcho: Settings changed for uri: content://settings/secure/accessibility_enabled
06-24 07:04:32.682  1646  1968 I AiAiEcho: Predicting[0]: 
06-24 07:04:32.682  1646  1968 I AiAiEcho: EchoTargets: 
06-24 07:04:32.682  1646  1968 I AiAiEcho: Filtered by AiAi flag check: 
06-24 07:04:32.683  1646  1968 I AiAiEcho: Ranked targets strategy: SORT, count: 0, ranking metadata: 
06-24 07:04:32.683  1646  1968 I AiAiEcho: Predicting[0]: 
06-24 07:04:32.683  1646  1968 I AiAiEcho: EchoTargets: 
06-24 07:04:32.683  1646  1968 I AiAiEcho: Filtered by AiAi flag check: 
06-24 07:04:32.683  1646  1968 I AiAiEcho: Ranked targets strategy: SORT, count: 0, ranking metadata: 
06-24 07:04:32.683  1646  1968 I AiAiEcho: #postPredictionTargets: Sending updates to UISurface lockscreen with targets# 0 (types=[])
06-24 07:04:32.683  1646  1968 I AiAiEcho: #postPredictionTargets: Sending updates to UISurface home with targets# 0 (types=[])
06-24 07:04:32.683   842   842 W PageIndicator: Total number of pages invalid: 0. Assuming 1 page.
06-24 07:04:32.683   523  2179 D AccessibilityManagerService: restoreCurrentUserForTestAutomationIfNeededLocked(): ignoring because device doesn't support visible background users
06-24 07:04:32.686   523   523 D BatterySaverPolicy: accessibility changed to false, updating policy.
06-24 07:04:32.686  1722  2308 I A       : NGA enabled in interactor.
06-24 07:04:32.686  1722  2308 I A       : Nga state changed to NgaStateDetails{state=ENABLED, isSpecialExperience=false}
06-24 07:04:32.688  1627  6255 I A       : Initializing all components
06-24 07:04:32.688  1627  2079 I A       : onIsEnabledChanged, isEnabled: false
06-24 07:04:32.688  1627  2079 W A       : Disposing empty manager. Did you forgot to subscribe observables?
06-24 07:04:32.688  1627  2079 W A       : Disposing empty manager. Did you forgot to subscribe observables?
06-24 07:04:32.689  1627  2079 W A       : Disposing empty manager. Did you forgot to subscribe observables?
06-24 07:04:32.689  1627  2079 W A       : Disposing empty manager. Did you forgot to subscribe observables?
06-24 07:04:32.689  1627  2079 W A       : Disposing empty manager. Did you forgot to subscribe observables?
06-24 07:04:32.689  1627  2079 W A       : Disposing empty manager. Did you forgot to subscribe observables?
06-24 07:04:32.689  1627  2079 W A       : Disposing empty manager. Did you forgot to subscribe observables?
06-24 07:04:32.689  1627  2079 W A       : Disposing empty manager. Did you forgot to subscribe observables?
06-24 07:04:32.689  1627  2079 W A       : Disposing empty manager. Did you forgot to subscribe observables?
06-24 07:04:32.689  1627  2079 W A       : Disposing empty manager. Did you forgot to subscribe observables?
06-24 07:04:32.689  1627  2079 I A       : onOpaVisibilityChanged: false
06-24 07:04:32.689  1627  2079 W A       : Disposing empty manager. Did you forgot to subscribe observables?
06-24 07:04:32.689  1627  2079 W A       : Disposing empty manager. Did you forgot to subscribe observables?
06-24 07:04:32.689  1627  2079 W A       : Disposing empty manager. Did you forgot to subscribe observables?
06-24 07:04:32.689  1627  2079 W A       : Disposing empty manager. Did you forgot to subscribe observables?
06-24 07:04:32.690  1627  6255 I A       : APA or Classic session decision: SessionDecision(sessionVariance=CLASSIC, platformVariance=CLASSIC, justification=CURRENT_PLATFORM_VARIANCE).
06-24 07:04:32.690  1627  6255 I A       : [Memory] eligibility: StashEligibility{6}
06-24 07:04:32.690  1627  2079 W A       : Disposing empty manager. Did you forgot to subscribe observables?
06-24 07:04:32.690  1627  2079 W A       : Disposing empty manager. Did you forgot to subscribe observables?
06-24 07:04:32.690  1627  2079 I A       : Setting session to type: NO_SESSION
06-24 07:04:32.690  1627  2079 W A       : Disposing empty manager. Did you forgot to subscribe observables?
06-24 07:04:32.690  1627  2079 W A       : Disposing empty manager. Did you forgot to subscribe observables?
06-24 07:04:32.690  1627  2079 W A       : Disposing empty manager. Did you forgot to subscribe observables?
06-24 07:04:32.690  1627  2079 W A       : Disposing empty manager. Did you forgot to subscribe observables?
06-24 07:04:32.690  1627  2079 W A       : Disposing empty manager. Did you forgot to subscribe observables?
06-24 07:04:32.690  1627  2079 W A       : Disposing empty manager. Did you forgot to subscribe observables?
06-24 07:04:32.690  1627  2079 W A       : Disposing empty manager. Did you forgot to subscribe observables?
06-24 07:04:32.690  1627  2079 W A       : Disposing empty manager. Did you forgot to subscribe observables?
06-24 07:04:32.691  1627  2079 I A       : setNavBarVisible: GestureNavBarVisible{navbarVisible=true}
06-24 07:04:32.691  1627  2079 W A       : Disposing empty manager. Did you forgot to subscribe observables?
06-24 07:04:32.691  1627  2079 W A       : Disposing empty manager. Did you forgot to subscribe observables?
06-24 07:04:32.691  1627  2079 W A       : Disposing empty manager. Did you forgot to subscribe observables?
06-24 07:04:32.691  1627  2079 W A       : Disposing empty manager. Did you forgot to subscribe observables?
06-24 07:04:32.691  1627  2079 W A       : Disposing empty manager. Did you forgot to subscribe observables?
06-24 07:04:32.691  1627  2079 W A       : Disposing empty manager. Did you forgot to subscribe observables?
06-24 07:04:32.691  1627  2079 I A       : onDisabled. Registered: false
06-24 07:04:32.692  1627  2079 I A       : State changed: IDLE => IDLE by NGA_STATE_CHANGED and N/A with Optional.empty
06-24 07:04:32.692  1627  2079 I A       : Recognizer choice: (recognizer_type: 1, recognizer_mode: 1, choice_reason: 4)
06-24 07:04:32.692  1627  2079 I A       : onActiveStateChangeEvent: IDLE => IDLE
06-24 07:04:32.693  1627  2079 I A       : #onActiveStateChangeEvent, newState: IDLE, previousState: IDLE.
06-24 07:04:32.694  1627  2078 I A       : Initialize
06-24 07:04:32.694  1627  2078 I NgaEntryPointEventSendr: setupConnection
06-24 07:04:32.695  1627  2079 I A       : stopListening(NGA_PAUSED_UNKNOWN_REASON, NGA_CREATE), idleOverride=NOT_LISTENING
06-24 07:04:32.695  1627  2079 I A       : on opa visibility changed false
06-24 07:04:32.695  1627  2079 I A       : on opa visibility changed false
06-24 07:04:32.699  6334  6334 D AndroidRuntime: Shutting down VM
06-24 07:04:32.705  1722  1722 I A       : Creating pss binder().
06-24 07:04:32.705  1627  2078 I NgaEntryPointEventSendr: State changed: Disconnected => Connecting
06-24 07:04:32.706  1627  2078 I NgaEntryPointEventSendr: onServiceConnected
06-24 07:04:32.706  1722  3516 I A       : Calling beginBinderSession().
06-24 07:04:32.706  1722  3516 I A       : beginBinderSession(): calling binder
06-24 07:04:32.706  1627  2078 I NgaEntryPointEventSendr: State changed: Connecting => Ready
06-24 07:04:32.708   523  2669 W ActivityManager: Unable to start service Intent { cmp=com.google.android.apps.tachyon/.clientapi.ClientApiService } U=0: not found
06-24 07:04:32.709  1627  2079 I A       : Successfully initialized all components
06-24 07:04:32.711  5453  6191 I NetworkScheduler.Stats: Task com.google.android.gms/com.google.android.gms.ipa.base.IpaGcmTaskService finished executing. cause:9 result: 1 elapsed_millis: 10 uptime_millis: 10 exec_start_elapsed_seconds: 184 [CONTEXT service_id=218 ]
06-24 07:04:32.715  1627  1627 V ClearcutMetricXmitter: Transmission is done.
06-24 07:04:32.725  1722  2621 W A       : UiCallbackStub-onGenericEvent[ServiceEvent = 60] task was not run. Callback from Service received after client was disposed.
06-24 07:04:32.728  1627  2078 I NgaEntryPointEventSendr: State changed: Ready => Disconnected (onOpaDisconnected)
06-24 07:04:32.731  1722  2898 I PBSessionCacheImpl: Deleted sessionId[7575218376636242] from persistence.
06-24 07:04:32.732  1722  2621 W SearchServiceCore: Abort, client detached.
06-24 07:04:32.732  1722  2621 W SearchServiceCore: Abort, client detached.
06-24 07:04:32.732  1722  2621 W SearchServiceCore: Abort, client detached.
06-24 07:04:32.732  1722  2621 W SearchServiceCore: Abort, client detached.
06-24 07:04:32.732  1722  2621 W SearchServiceCore: Abort, client detached.
06-24 07:04:32.751  1722  1813 I earchbox:search: JIT allocated 62KB for compiled code of java.lang.Object com.google.android.apps.gsa.binaries.velvet.app.ael.b()
06-24 07:04:32.999  5368  5389 D EGL_emulation: app_time_stats: avg=500.23ms min=499.77ms max=500.96ms count=3
06-24 07:04:33.296  1722  2327 W NamedFutures: Timeout future task has been cancelled: 60000 milliseconds
06-24 07:04:33.297  1722  1722 E A       : Task 255 failed or timed out. Client 7575218376636160 disconnecting from SearchService!
06-24 07:04:33.297  1722  1722 E A       : java.util.concurrent.CancellationException: Task was cancelled.
06-24 07:04:33.297  1722  1722 E A       : 	at com.google.common.util.concurrent.d.s(PG:3)
06-24 07:04:33.297  1722  1722 E A       : 	at com.google.common.util.concurrent.d.get(PG:4)
06-24 07:04:33.297  1722  1722 E A       : 	at com.google.common.util.concurrent.eb.a(PG:1)
06-24 07:04:33.297  1722  1722 E A       : 	at com.google.common.util.concurrent.ci.r(PG:2)
06-24 07:04:33.297  1722  1722 E A       : 	at com.google.common.util.concurrent.cb.run(PG:4)
06-24 07:04:33.297  1722  1722 E A       : 	at com.google.android.apps.gsa.shared.util.c.a.ba.run(PG:1)
06-24 07:04:33.297  1722  1722 E A       : 	at android.os.Handler.handleCallback(Handler.java:958)
06-24 07:04:33.297  1722  1722 E A       : 	at android.os.Handler.dispatchMessage(Handler.java:99)
06-24 07:04:33.297  1722  1722 E A       : 	at android.os.Looper.loopOnce(Looper.java:205)
06-24 07:04:33.297  1722  1722 E A       : 	at android.os.Looper.loop(Looper.java:294)
06-24 07:04:33.297  1722  1722 E A       : 	at android.app.ActivityThread.main(ActivityThread.java:8177)
06-24 07:04:33.297  1722  1722 E A       : 	at java.lang.reflect.Method.invoke(Native Method)
06-24 07:04:33.297  1722  1722 E A       : 	at com.android.internal.os.RuntimeInit$MethodAndArgsCaller.run(RuntimeInit.java:552)
06-24 07:04:33.297  1722  1722 E A       : 	at com.android.internal.os.ZygoteInit.main(ZygoteInit.java:971)
06-24 07:04:33.297  1722  2652 I BgTaskExecutorImpl: Starting NONEXCLUSIVE background task MDD_CELLULAR_CHARGING_TASK.
06-24 07:04:33.297  1722  2621 W SearchServiceCore: Abort, client detached.
06-24 07:04:33.299  1722  2657 E BgTaskExecutorImpl: PERIODIC background task MDD_CELLULAR_CHARGING_TASK was cancelled.
06-24 07:04:33.299  1722  2657 E BgTaskExecutorImpl: java.util.concurrent.CancellationException: Task was cancelled.
06-24 07:04:33.299  1722  2657 E BgTaskExecutorImpl: 	at com.google.common.util.concurrent.d.s(PG:3)
06-24 07:04:33.299  1722  2657 E BgTaskExecutorImpl: 	at com.google.common.util.concurrent.d.get(PG:4)
06-24 07:04:33.299  1722  2657 E BgTaskExecutorImpl: 	at com.google.common.util.concurrent.eb.a(PG:1)
06-24 07:04:33.299  1722  2657 E BgTaskExecutorImpl: 	at com.google.common.util.concurrent.ci.r(PG:2)
06-24 07:04:33.299  1722  2657 E BgTaskExecutorImpl: 	at com.google.common.util.concurrent.cb.run(PG:4)
06-24 07:04:33.299  1722  2657 E BgTaskExecutorImpl: 	at com.google.android.apps.gsa.shared.util.c.a.cf.b(PG:1)
06-24 07:04:33.299  1722  2657 E BgTaskExecutorImpl: 	at com.google.android.apps.gsa.shared.util.c.a.ci.run(PG:1)
06-24 07:04:33.299  1722  2657 E BgTaskExecutorImpl: 	at com.google.android.libraries.i.ae.run(PG:1)
06-24 07:04:33.299  1722  2657 E BgTaskExecutorImpl: 	at java.util.concurrent.ThreadPoolExecutor.runWorker(ThreadPoolExecutor.java:1145)
06-24 07:04:33.299  1722  2657 E BgTaskExecutorImpl: 	at java.util.concurrent.ThreadPoolExecutor$Worker.run(ThreadPoolExecutor.java:644)
06-24 07:04:33.299  1722  2657 E BgTaskExecutorImpl: 	at com.google.android.libraries.i.i.run(PG:2)
06-24 07:04:33.299  1722  2657 E BgTaskExecutorImpl: 	at com.google.android.libraries.i.p.run(PG:4)
06-24 07:04:33.299  1722  2657 E BgTaskExecutorImpl: 	at java.lang.Thread.run(Thread.java:1012)
06-24 07:04:33.305  1722  2309 I A       : Starting batch sync for corpora: [1004]
06-24 07:04:33.305  1722  2308 W A       : Corpus: GDD_APA_LIGHTWEIGHT_TOKENS is disabled
06-24 07:04:33.318  1722  2272 I A       : Starting batch sync for corpora: [1014]
06-24 07:04:33.319  1722  2307 I A       : Starting batch sync for corpora: [1015]
06-24 07:04:33.329  1722  2309 I A       : Setting isLegacySQLite mode to false.
06-24 07:04:33.363  1722  2260 I DeviceCapHelper: Adding surface identity to the device capabilities for surface OPA_AGSA.
06-24 07:04:33.369  1722  5865 I DeviceCapHelper: Adding surface identity to the device capabilities for surface OPA_AGSA.
06-24 07:04:33.378  1722  2652 I DeviceCapHelper: Adding surface identity to the device capabilities for surface OPA_AGSA.
06-24 07:04:33.389  1722  2260 I A       : The GellerConfig is not present, defaulting isUploadEnabled for corpus GDD_APA_HEAD_SUGGEST to true.
06-24 07:04:33.390  1722  2320 I A       : There are 0 elements to be updated on the server for corpus GDD_APA_HEAD_SUGGEST.
06-24 07:04:33.390  1722  2320 I A       : There are 0 elements to delete from the server for corpus GDD_APA_HEAD_SUGGEST.
06-24 07:04:33.390  1722  2260 I A       : The GellerConfig is not present, defaulting isUploadEnabled for corpus GDD_APA_SMART_ACTION_MODELS to true.
06-24 07:04:33.390  1722  2652 I A       : No previous syncToken for corpus GDD_APA_HEAD_SUGGEST found.
06-24 07:04:33.391  1722  2327 I A       : There are 0 elements to be updated on the server for corpus GDD_APA_SMART_ACTION_MODELS.
06-24 07:04:33.391  1722  2327 I A       : There are 0 elements to delete from the server for corpus GDD_APA_SMART_ACTION_MODELS.
06-24 07:04:33.391  1722  2652 I A       : No previous syncToken for corpus GDD_APA_SMART_ACTION_MODELS found.
06-24 07:04:33.393  1722  2652 I A       : The GellerConfig is not present, defaulting isUploadEnabled for corpus GDD_APA_BISTO to true.
06-24 07:04:33.393  1722  2327 I A       : There are 0 elements to be updated on the server for corpus GDD_APA_BISTO.
06-24 07:04:33.393  1722  2327 I A       : There are 0 elements to delete from the server for corpus GDD_APA_BISTO.
06-24 07:04:33.393  1722  2260 I A       : No previous syncToken for corpus GDD_APA_BISTO found.
06-24 07:04:33.398   337  6354 I resolv  : GetAddrInfoHandler::run: {101 262245 101 983141 10132 0}
06-24 07:04:33.398   337  6355 I resolv  : GetAddrInfoHandler::run: {101 262245 101 983141 10132 0}
06-24 07:04:33.399   337  6358 I resolv  : res_nmkquery: (QUERY, IN, AAAA)
06-24 07:04:33.400   337  6356 I resolv  : res_nmkquery: (QUERY, IN, AAAA)
06-24 07:04:33.400   337  6356 I resolv  : resolv_cache_lookup: Waiting for previous request
06-24 07:04:33.401   337  6357 I resolv  : res_nmkquery: (QUERY, IN, A)
06-24 07:04:33.401   337  6359 I resolv  : res_nmkquery: (QUERY, IN, A)
06-24 07:04:33.402   337  6360 I resolv  : GetAddrInfoHandler::run: {101 262245 101 983141 10132 0}
06-24 07:04:33.402   337  6359 I resolv  : resolv_cache_lookup: Waiting for previous request
06-24 07:04:33.403   337  6361 I resolv  : res_nmkquery: (QUERY, IN, AAAA)
06-24 07:04:33.403   337  6362 I resolv  : res_nmkquery: (QUERY, IN, A)
06-24 07:04:33.403   337  6362 I resolv  : resolv_cache_lookup: Waiting for previous request
06-24 07:04:33.403   337  6361 I resolv  : resolv_cache_lookup: Waiting for previous request
