06-24 07:05:44.807  1646  1968 I AiAiEcho: Ranked targets strategy: SORT, count: 0, ranking metadata: 
06-24 07:05:44.809  1646  1968 I AiAiEcho: #postPredictionTargets: Sending updates to UISurface lockscreen with targets# 0 (types=[])
06-24 07:05:44.809   842   842 W PageIndicator: Total number of pages invalid: 0. Assuming 1 page.
06-24 07:05:44.809  1646  1968 I AiAiEcho: #postPredictionTargets: Sending updates to UISurface home with targets# 0 (types=[])
06-24 07:05:44.810   523  2670 W WindowMagnificationMgr: requestConnection duplicated request: connect=false, mConnectionState=DISCONNECTED
06-24 07:05:44.810  1646  6239 I AiAiEcho: Settings changed for uri: content://settings/secure/accessibility_enabled
06-24 07:05:44.811  1646  1968 I AiAiEcho: Predicting[0]: 
06-24 07:05:44.811  1646  1968 I AiAiEcho: EchoTargets: 
06-24 07:05:44.811  1646  1968 I AiAiEcho: Filtered by AiAi flag check: 
06-24 07:05:44.811  1646  1968 I AiAiEcho: Ranked targets strategy: SORT, count: 0, ranking metadata: 
06-24 07:05:44.811  1646  1968 I AiAiEcho: Predicting[0]: 
06-24 07:05:44.811  1646  1968 I AiAiEcho: EchoTargets: 
06-24 07:05:44.811  1646  1968 I AiAiEcho: Filtered by AiAi flag check: 
06-24 07:05:44.811  1646  1968 I AiAiEcho: Ranked targets strategy: SORT, count: 0, ranking metadata: 
06-24 07:05:44.814  1646  1968 I AiAiEcho: #postPredictionTargets: Sending updates to UISurface lockscreen with targets# 0 (types=[])
06-24 07:05:44.814  1646  1968 I AiAiEcho: #postPredictionTargets: Sending updates to UISurface home with targets# 0 (types=[])
06-24 07:05:44.819   523  2670 D SafetySourceDataValidator: No cert check requested for package com.google.android.permissioncontroller
06-24 07:05:44.819   842   842 W PageIndicator: Total number of pages invalid: 0. Assuming 1 page.
06-24 07:05:44.930   523   619 I RoleService: Granting default roles...
06-24 07:05:44.938   843  6814 E RoleControllerServiceImpl: Default/fallback role holder package doesn't qualify for the role, package: com.google.android.gms.supervision, role: android.app.role.SYSTEM_SUPERVISION
06-24 07:05:44.939   843  6814 I Role    : com.google.android.gms not qualified for android.app.role.SYSTEM_CALL_STREAMING due to missing RequiredComponent{mIntentFilterData=IntentFilterData{mAction='android.telecom.CallStreamingService', mCategories='[]', mDataScheme='null', mDataType='null'}, mMinTargetSdkVersion=1, mFlags='0', mPermission='android.permission.BIND_CALL_STREAMING_SERVICE', mQueryFlags=0, mMetaData=[]}
06-24 07:05:44.939   843  6814 E RoleControllerServiceImpl: Default/fallback role holder package doesn't qualify for the role, package: com.google.android.gms, role: android.app.role.SYSTEM_CALL_STREAMING
06-24 07:05:44.940   843  6814 W Role    : Default holder doesn't have required signing certificate: com.google.android.apps.work.clouddpc:23962F4B43B9857638EA66F4D419518EAE282491ACDA4B94707BD59003C45E58
06-24 07:05:44.995   842   842 D StatusBarIconController: ignoring old pipeline callbacks, because the new mobile icons are enabled
06-24 07:05:45.001   842   915 D EGL_emulation: app_time_stats: avg=30004.68ms min=30004.68ms max=30004.68ms count=1
06-24 07:05:45.206  2786  3945 I DialerTaskExecutor: com.android.voicemail.impl.scheduling.TaskExecutor$WorkerThreadHandler.handleMessage:221 executing task com.android.voicemail.impl.ActivationTask@b829c0d [CONTEXT enable_persistent_logger=true ]
06-24 07:05:45.206  2786  2786 I DialerLogcatLoggingBindings: com.android.dialer.logging.logcat.LogcatLoggingBindings.logImpression:41 Impression: VVM_ACTIVATION_STARTED
06-24 07:05:45.208  2786  3945 I DialerPreOMigrationHandler: com.android.voicemail.impl.PreOMigrationHandler.migrate:76 ComponentInfo{com.android.phone/com.android.services.telephony.TelephonyConnectionService}, 1, UserHandle{0} already migrated [CONTEXT enable_persistent_logger=true ]
06-24 07:05:45.211  2786  3945 I DialerOmtpVvmCarrierConfigHelper: com.android.voicemail.impl.OmtpVvmCarrierConfigHelper.isCarrierAppInstalled:637 carrier app not installed in this device [CONTEXT ratelimit_period="1 MINUTES [skipped: 4]" ]
06-24 07:05:45.211  2786  3945 I DialerVoicemailStatus: com.android.voicemail.impl.VoicemailStatus$Editor.apply:112 enter
06-24 07:05:45.212  2786  3945 I DialerVoicemailStatusDataServiceImpl: com.android.dialer.voicemailstatus.dataservice.impl.VoicemailStatusDataServiceImpl.insertOrUpdateVoicemailStatus:196 enter
06-24 07:05:45.216  2786  6883 I DialerRestVoicemailEnabledFn: com.android.dialer.voicemail.service.impl.vvmclients.rest.RestVoicemailEnabledFn.isEnabled:51 disabled by flag [CONTEXT ratelimit_period="1 MINUTES [skipped: 23]" ]
06-24 07:05:45.216  2786  6883 I DialerCvvmEnabledFn: com.android.dialer.voicemail.service.impl.vvmclients.omtp.protocol.cvvm.CvvmEnabledFn.isEnabled:37 disabled by flag [CONTEXT ratelimit_period="1 MINUTES [skipped: 11]" ]
06-24 07:05:45.223  2786  6883 W Settings: Setting airplane_mode_on has moved from android.provider.Settings.System to android.provider.Settings.Global, returning read-only value.
06-24 07:05:45.223  2786  6883 I DialerVoicemailStatusDataServiceImpl: com.android.dialer.voicemailstatus.dataservice.impl.VoicemailStatusDataServiceImpl.lambda$insertOrUpdateVoicemailStatus$5:213 merged status: # kee@6600c263
06-24 07:05:45.223  2786  3945 I DialerActivationTask: com.android.voicemail.impl.ActivationTask.onExecuteInBackgroundThread:292 VVM content provider configured - vvm_type_cvvm PhoneAccountHandle: [ComponentName: com.android.phone/com.android.services.telephony.TelephonyConnectionService subId: 1] [CONTEXT enable_persistent_logger=true ]
06-24 07:05:45.224  2786  3945 I DialerActivationTask: com.android.voicemail.impl.ActivationTask.updateVoicemailsWithIccId:477 conversion disabled [CONTEXT enable_persistent_logger=true ]
06-24 07:05:45.224  2786  3945 I DialerOmtpVvmCarrierConfigHelper: com.android.voicemail.impl.OmtpVvmCarrierConfigHelper.handleEvent:527 OmtpEvent:CONFIG_ACTIVATING PhoneAccountHandle: [ComponentName: com.android.phone/com.android.services.telephony.TelephonyConnectionService subId: 1] [CONTEXT enable_persistent_logger=true ]
06-24 07:05:45.225  2786  3945 I DialerVoicemailStatus: com.android.voicemail.impl.VoicemailStatus$Editor.apply:112 enter
06-24 07:05:45.225  2786  3945 I DialerVoicemailStatusDataServiceImpl: com.android.dialer.voicemailstatus.dataservice.impl.VoicemailStatusDataServiceImpl.insertOrUpdateVoicemailStatus:196 enter
06-24 07:05:45.237  2786  6883 W Settings: Setting airplane_mode_on has moved from android.provider.Settings.System to android.provider.Settings.Global, returning read-only value.
06-24 07:05:45.238  2786  6883 I DialerVoicemailStatusDataServiceImpl: com.android.dialer.voicemailstatus.dataservice.impl.VoicemailStatusDataServiceImpl.lambda$insertOrUpdateVoicemailStatus$5:213 merged status: # kee@6600c263
06-24 07:05:45.240  2786  3945 I DialerActivationTask: com.android.voicemail.impl.ActivationTask.onExecuteInBackgroundThread:339 sending an activation request [CONTEXT enable_persistent_logger=true ]
06-24 07:05:45.243  1052  1872 D SmsNumberUtils: enter filterDestAddr. destAddr="[BajqU4K5_YhSYbs-7QUn0dOwcmI]"
06-24 07:05:45.243  1052  1872 D SmsNumberUtils: destAddr is not formatted.
06-24 07:05:45.243  1052  1872 D SmsNumberUtils: leave filterDestAddr, new destAddr="[BajqU4K5_YhSYbs-7QUn0dOwcmI]"
06-24 07:05:45.249  2786  3945 I DialerLogcatLoggingBindings: com.android.dialer.logging.logcat.LogcatLoggingBindings.logImpression:46 Impression: CVVM_SEND_VVM_SMS
06-24 07:05:45.331  6588  6608 D EGL_emulation: app_time_stats: avg=498.48ms min=495.24ms max=502.26ms count=3
06-24 07:05:45.751  2786  2786 I DialerStatusSmsFetcher: com.android.voicemail.impl.sms.StatusSmsFetcher.onReceive:106 Request SMS successfully sent [CONTEXT enable_persistent_logger=true ]
06-24 07:05:45.808  6867  6867 I AccessibilityNodeInfoDumper: Skipping invisible child: android.view.accessibility.AccessibilityNodeInfo@12897; boundsInParent: Rect(0, 0 - 320, 0); boundsInScreen: Rect(0, 0 - 320, 0); boundsInWindow: Rect(0, 0 - 320, 0); packageName: com.hanapkalinga.mobile; className: android.widget.LinearLayout; text: null; error: null; maxTextLength: -1; stateDescription: null; contentDescription: null; tooltipText: null; containerTitle: null; viewIdResName: null; uniqueId: null; checkable: false; checked: false; focusable: false; focused: false; selected: false; clickable: false; longClickable: false; contextClickable: false; enabled: true; password: false; scrollable: false; importantForAccessibility: false; visible: false; actions: [AccessibilityAction: ACTION_SELECT - null, AccessibilityAction: ACTION_CLEAR_SELECTION - null, AccessibilityAction: ACTION_ACCESSIBILITY_FOCUS - null, AccessibilityAction: ACTION_SHOW_ON_SCREEN - null]; isTextSelectable: false
06-24 07:05:45.808  6867  6867 I AccessibilityNodeInfoDumper: Skipping invisible child: android.view.accessibility.AccessibilityNodeInfo@124d6; boundsInParent: Rect(0, 0 - 320, 0); boundsInScreen: Rect(0, 0 - 320, 0); boundsInWindow: Rect(0, 0 - 320, 0); packageName: com.hanapkalinga.mobile; className: android.view.ViewGroup; text: null; error: null; maxTextLength: -1; stateDescription: null; contentDescription: null; tooltipText: null; containerTitle: null; viewIdResName: null; uniqueId: null; checkable: false; checked: false; focusable: false; focused: false; selected: false; clickable: false; longClickable: false; contextClickable: false; enabled: true; password: false; scrollable: false; importantForAccessibility: false; visible: false; actions: [AccessibilityAction: ACTION_SELECT - null, AccessibilityAction: ACTION_CLEAR_SELECTION - null, AccessibilityAction: ACTION_ACCESSIBILITY_FOCUS - null, AccessibilityAction: ACTION_SHOW_ON_SCREEN - null]; isTextSelectable: false
06-24 07:05:45.808  6867  6867 I AccessibilityNodeInfoDumper: Skipping invisible child: android.view.accessibility.AccessibilityNodeInfo@1a478; boundsInParent: Rect(0, 0 - 320, 0); boundsInScreen: Rect(0, 0 - 320, 0); boundsInWindow: Rect(0, 0 - 320, 0); packageName: com.hanapkalinga.mobile; className: android.widget.LinearLayout; text: null; error: null; maxTextLength: -1; stateDescription: null; contentDescription: null; tooltipText: null; containerTitle: null; viewIdResName: null; uniqueId: null; checkable: false; checked: false; focusable: false; focused: false; selected: false; clickable: false; longClickable: false; contextClickable: false; enabled: true; password: false; scrollable: false; importantForAccessibility: false; visible: false; actions: [AccessibilityAction: ACTION_SELECT - null, AccessibilityAction: ACTION_CLEAR_SELECTION - null, AccessibilityAction: ACTION_ACCESSIBILITY_FOCUS - null, AccessibilityAction: ACTION_SHOW_ON_SCREEN - null]; isTextSelectable: false
06-24 07:05:45.808  6867  6867 I AccessibilityNodeInfoDumper: Skipping invisible child: android.view.accessibility.AccessibilityNodeInfo@1a0b7; boundsInParent: Rect(0, 0 - 320, 0); boundsInScreen: Rect(0, 0 - 320, 0); boundsInWindow: Rect(0, 0 - 320, 0); packageName: com.hanapkalinga.mobile; className: android.view.ViewGroup; text: null; error: null; maxTextLength: -1; stateDescription: null; contentDescription: null; tooltipText: null; containerTitle: null; viewIdResName: null; uniqueId: null; checkable: false; checked: false; focusable: false; focused: false; selected: false; clickable: false; longClickable: false; contextClickable: false; enabled: true; password: false; scrollable: false; importantForAccessibility: false; visible: false; actions: [AccessibilityAction: ACTION_SELECT - null, AccessibilityAction: ACTION_CLEAR_SELECTION - null, AccessibilityAction: ACTION_ACCESSIBILITY_FOCUS - null, AccessibilityAction: ACTION_SHOW_ON_SCREEN - null]; isTextSelectable: false
06-24 07:05:45.812  6867  6867 I AccessibilityNodeInfoDumper: Skipping invisible child: android.view.accessibility.AccessibilityNodeInfo@182af; boundsInParent: Rect(0, 0 - 1, 1); boundsInScreen: Rect(20, 348 - 21, 349); boundsInWindow: Rect(20, 348 - 21, 349); packageName: com.hanapkalinga.mobile; className: android.view.ViewGroup; text: null; error: null; maxTextLength: -1; stateDescription: null; contentDescription: null; tooltipText: null; containerTitle: null; viewIdResName: login_captcha_ready; uniqueId: null; checkable: false; checked: false; focusable: false; focused: false; selected: false; clickable: false; longClickable: false; contextClickable: false; enabled: true; password: false; scrollable: false; importantForAccessibility: true; visible: false; actions: [AccessibilityAction: ACTION_SELECT - null, AccessibilityAction: ACTION_CLEAR_SELECTION - null, AccessibilityAction: ACTION_ACCESSIBILITY_FOCUS - null, AccessibilityAction: ACTION_SHOW_ON_SCREEN - null]; isTextSelectable: false
06-24 07:05:45.835  6867  6867 W AccessibilityNodeInfoDumper: Fetch time: 30ms
06-24 07:05:45.836  1646  3493 I AiAiEcho: Settings changed for uri: content://settings/secure/accessibility_enabled
06-24 07:05:45.836   523  2670 W WindowMagnificationMgr: requestConnection duplicated request: connect=false, mConnectionState=DISCONNECTED
06-24 07:05:45.836   523  2670 D AccessibilityManagerService: restoreCurrentUserForTestAutomationIfNeededLocked(): ignoring because device doesn't support visible background users
06-24 07:05:45.836  1646  1968 I AiAiEcho: Predicting[0]: 
06-24 07:05:45.836  1646  1968 I AiAiEcho: EchoTargets: 
06-24 07:05:45.836  1646  1968 I AiAiEcho: Filtered by AiAi flag check: 
06-24 07:05:45.836  1646  1968 I AiAiEcho: Ranked targets strategy: SORT, count: 0, ranking metadata: 
06-24 07:05:45.836   523   523 D BatterySaverPolicy: accessibility changed to false, updating policy.
06-24 07:05:45.837  1722  2307 I A       : NGA enabled in interactor.
06-24 07:05:45.838  1722  2307 I A       : Nga state changed to NgaStateDetails{state=ENABLED, isSpecialExperience=false}
06-24 07:05:45.838  6867  6867 D AndroidRuntime: Shutting down VM
06-24 07:05:45.839  1646  1968 I AiAiEcho: Predicting[0]: 
06-24 07:05:45.839  1646  1968 I AiAiEcho: EchoTargets: 
06-24 07:05:45.839  1646  1968 I AiAiEcho: Filtered by AiAi flag check: 
06-24 07:05:45.839  1646  1968 I AiAiEcho: Ranked targets strategy: SORT, count: 0, ranking metadata: 
06-24 07:05:45.841  1646  1968 I AiAiEcho: #postPredictionTargets: Sending updates to UISurface lockscreen with targets# 0 (types=[])
06-24 07:05:45.842  1627  6255 I A       : Initializing all components
06-24 07:05:45.843  1627  6255 I A       : APA or Classic session decision: SessionDecision(sessionVariance=CLASSIC, platformVariance=CLASSIC, justification=CURRENT_PLATFORM_VARIANCE).
06-24 07:05:45.843  1627  6255 I A       : [Memory] eligibility: StashEligibility{6}
06-24 07:05:45.844  1627  2079 I A       : onIsEnabledChanged, isEnabled: false
06-24 07:05:45.844  1627  2079 W A       : Disposing empty manager. Did you forgot to subscribe observables?
06-24 07:05:45.844  1627  2079 W A       : Disposing empty manager. Did you forgot to subscribe observables?
06-24 07:05:45.844  1627  2079 W A       : Disposing empty manager. Did you forgot to subscribe observables?
06-24 07:05:45.844  1627  2079 W A       : Disposing empty manager. Did you forgot to subscribe observables?
06-24 07:05:45.844  1627  2079 W A       : Disposing empty manager. Did you forgot to subscribe observables?
06-24 07:05:45.845  1627  2079 W A       : Disposing empty manager. Did you forgot to subscribe observables?
06-24 07:05:45.845  1627  2079 W A       : Disposing empty manager. Did you forgot to subscribe observables?
06-24 07:05:45.845  1627  2079 W A       : Disposing empty manager. Did you forgot to subscribe observables?
06-24 07:05:45.845  1627  2079 W A       : Disposing empty manager. Did you forgot to subscribe observables?
06-24 07:05:45.845  1627  2079 W A       : Disposing empty manager. Did you forgot to subscribe observables?
06-24 07:05:45.845  1627  2079 I A       : onOpaVisibilityChanged: false
06-24 07:05:45.845  1627  2079 W A       : Disposing empty manager. Did you forgot to subscribe observables?
06-24 07:05:45.845  1627  2079 W A       : Disposing empty manager. Did you forgot to subscribe observables?
06-24 07:05:45.845  1627  2079 W A       : Disposing empty manager. Did you forgot to subscribe observables?
06-24 07:05:45.845  1627  2079 W A       : Disposing empty manager. Did you forgot to subscribe observables?
06-24 07:05:45.845  1627  2079 W A       : Disposing empty manager. Did you forgot to subscribe observables?
06-24 07:05:45.846  1627  2078 I A       : State changed: IDLE => IDLE by NGA_STATE_CHANGED and N/A with Optional.empty
06-24 07:05:45.847  1627  2079 W A       : Disposing empty manager. Did you forgot to subscribe observables?
06-24 07:05:45.847  1627  2079 I A       : Setting session to type: NO_SESSION
06-24 07:05:45.847  1627  2079 W A       : Disposing empty manager. Did you forgot to subscribe observables?
06-24 07:05:45.847  1627  2079 W A       : Disposing empty manager. Did you forgot to subscribe observables?
06-24 07:05:45.847  1627  2078 I A       : Recognizer choice: (recognizer_type: 1, recognizer_mode: 1, choice_reason: 4)
06-24 07:05:45.848  1627  2079 W A       : Disposing empty manager. Did you forgot to subscribe observables?
06-24 07:05:45.848  1627  2079 W A       : Disposing empty manager. Did you forgot to subscribe observables?
06-24 07:05:45.849  1627  2079 W A       : Disposing empty manager. Did you forgot to subscribe observables?
06-24 07:05:45.849  1627  2079 W A       : Disposing empty manager. Did you forgot to subscribe observables?
06-24 07:05:45.849  1627  2079 W A       : Disposing empty manager. Did you forgot to subscribe observables?
06-24 07:05:45.849  1627  2079 W A       : Disposing empty manager. Did you forgot to subscribe observables?
06-24 07:05:45.849  1627  2079 I A       : setNavBarVisible: GestureNavBarVisible{navbarVisible=true}
06-24 07:05:45.849  1627  2079 W A       : Disposing empty manager. Did you forgot to subscribe observables?
06-24 07:05:45.849  1627  2079 W A       : Disposing empty manager. Did you forgot to subscribe observables?
06-24 07:05:45.849  1627  2079 W A       : Disposing empty manager. Did you forgot to subscribe observables?
06-24 07:05:45.849  1627  2079 W A       : Disposing empty manager. Did you forgot to subscribe observables?
06-24 07:05:45.849  1627  2079 W A       : Disposing empty manager. Did you forgot to subscribe observables?
06-24 07:05:45.849  1627  2079 W A       : Disposing empty manager. Did you forgot to subscribe observables?
06-24 07:05:45.850  1627  2079 I A       : onDisabled. Registered: false
06-24 07:05:45.850  1627  2078 I A       : onActiveStateChangeEvent: IDLE => IDLE
06-24 07:05:45.851  1646  1968 I AiAiEcho: #postPredictionTargets: Sending updates to UISurface home with targets# 0 (types=[])
06-24 07:05:45.851   842   842 W PageIndicator: Total number of pages invalid: 0. Assuming 1 page.
06-24 07:05:45.851  1627  2078 I A       : #onActiveStateChangeEvent, newState: IDLE, previousState: IDLE.
06-24 07:05:45.853  1627  2078 I A       : stopListening(NGA_PAUSED_UNKNOWN_REASON, NGA_CREATE), idleOverride=NOT_LISTENING
06-24 07:05:45.854  1627  2078 I NgaEntryPointEventSendr: setupConnection
06-24 07:05:45.856   523  1741 D OomAdjuster: Not killing cached processes
06-24 07:05:45.857  1722  1722 I A       : Creating pss binder().
06-24 07:05:45.859  1627  2078 I NgaEntryPointEventSendr: State changed: Disconnected => Connecting
06-24 07:05:45.859  1627  2078 I NgaEntryPointEventSendr: onServiceConnected
06-24 07:05:45.859  1722  3516 I A       : Calling beginBinderSession().
06-24 07:05:45.859  1722  3516 I A       : beginBinderSession(): calling binder
06-24 07:05:45.859  1627  2079 I A       : Initialize
06-24 07:05:45.860  1627  2079 I A       : on opa visibility changed false
06-24 07:05:45.860  1627  2079 I A       : on opa visibility changed false
06-24 07:05:45.861  1627  2078 I NgaEntryPointEventSendr: State changed: Connecting => Ready
06-24 07:05:45.868   523  2670 W ActivityManager: Unable to start service Intent { cmp=com.google.android.apps.tachyon/.clientapi.ClientApiService } U=0: not found
06-24 07:05:45.871  1627  2078 I A       : Successfully initialized all components
06-24 07:05:45.874  1627  1627 V ClearcutMetricXmitter: Transmission is done.
06-24 07:05:45.883  1722  2898 I PBSessionCacheImpl: Deleted sessionId[7575218376636255] from persistence.
06-24 07:05:45.886  1722  2621 W SearchServiceCore: Abort, client detached.
06-24 07:05:45.888  1627  2079 I NgaEntryPointEventSendr: State changed: Ready => Disconnected (onOpaDisconnected)
06-24 07:05:46.332  6588  6608 D EGL_emulation: app_time_stats: avg=500.01ms min=499.06ms max=500.95ms count=2
