--------- beginning of main
06-24 07:06:53.679  6977  7177 W QueryController: Could not detect idle state.
06-24 07:06:53.679  6977  7177 W QueryController: Could not detect idle state.
06-24 07:06:53.687  6977  7177 I Maestro : Skipping invisible child: android.view.accessibility.AccessibilityNodeInfo@128a8; boundsInParent: Rect(0, 0 - 320, 0); boundsInScreen: Rect(0, 0 - 320, 0); boundsInWindow: Rect(0, 0 - 320, 0); packageName: com.hanapkalinga.mobile; className: android.widget.LinearLayout; text: null; error: null; maxTextLength: -1; stateDescription: null; contentDescription: null; tooltipText: null; containerTitle: null; viewIdResName: null; uniqueId: null; checkable: false; checked: false; focusable: false; focused: false; selected: false; clickable: false; longClickable: false; contextClickable: false; enabled: true; password: false; scrollable: false; importantForAccessibility: false; visible: false; actions: [AccessibilityAction: ACTION_SELECT - null, AccessibilityAction: ACTION_CLEAR_SELECTION - null, AccessibilityAction: ACTION_ACCESSIBILITY_FOCUS - null, AccessibilityAction: ACTION_SHOW_ON_SCREEN - null]; isTextSelectable: false
06-24 07:06:53.688  6977  7177 I Maestro : Skipping invisible child: android.view.accessibility.AccessibilityNodeInfo@124e7; boundsInParent: Rect(0, 0 - 320, 0); boundsInScreen: Rect(0, 0 - 320, 0); boundsInWindow: Rect(0, 0 - 320, 0); packageName: com.hanapkalinga.mobile; className: android.view.ViewGroup; text: null; error: null; maxTextLength: -1; stateDescription: null; contentDescription: null; tooltipText: null; containerTitle: null; viewIdResName: null; uniqueId: null; checkable: false; checked: false; focusable: false; focused: false; selected: false; clickable: false; longClickable: false; contextClickable: false; enabled: true; password: false; scrollable: false; importantForAccessibility: false; visible: false; actions: [AccessibilityAction: ACTION_SELECT - null, AccessibilityAction: ACTION_CLEAR_SELECTION - null, AccessibilityAction: ACTION_ACCESSIBILITY_FOCUS - null, AccessibilityAction: ACTION_SHOW_ON_SCREEN - null]; isTextSelectable: false
06-24 07:06:53.688  6977  7177 I Maestro : Skipping invisible child: android.view.accessibility.AccessibilityNodeInfo@1a489; boundsInParent: Rect(0, 0 - 320, 0); boundsInScreen: Rect(0, 0 - 320, 0); boundsInWindow: Rect(0, 0 - 320, 0); packageName: com.hanapkalinga.mobile; className: android.widget.LinearLayout; text: null; error: null; maxTextLength: -1; stateDescription: null; contentDescription: null; tooltipText: null; containerTitle: null; viewIdResName: null; uniqueId: null; checkable: false; checked: false; focusable: false; focused: false; selected: false; clickable: false; longClickable: false; contextClickable: false; enabled: true; password: false; scrollable: false; importantForAccessibility: false; visible: false; actions: [AccessibilityAction: ACTION_SELECT - null, AccessibilityAction: ACTION_CLEAR_SELECTION - null, AccessibilityAction: ACTION_ACCESSIBILITY_FOCUS - null, AccessibilityAction: ACTION_SHOW_ON_SCREEN - null]; isTextSelectable: false
06-24 07:06:53.688  6977  7177 I Maestro : Skipping invisible child: android.view.accessibility.AccessibilityNodeInfo@1a0c8; boundsInParent: Rect(0, 0 - 320, 0); boundsInScreen: Rect(0, 0 - 320, 0); boundsInWindow: Rect(0, 0 - 320, 0); packageName: com.hanapkalinga.mobile; className: android.view.ViewGroup; text: null; error: null; maxTextLength: -1; stateDescription: null; contentDescription: null; tooltipText: null; containerTitle: null; viewIdResName: null; uniqueId: null; checkable: false; checked: false; focusable: false; focused: false; selected: false; clickable: false; longClickable: false; contextClickable: false; enabled: true; password: false; scrollable: false; importantForAccessibility: false; visible: false; actions: [AccessibilityAction: ACTION_SELECT - null, AccessibilityAction: ACTION_CLEAR_SELECTION - null, AccessibilityAction: ACTION_ACCESSIBILITY_FOCUS - null, AccessibilityAction: ACTION_SHOW_ON_SCREEN - null]; isTextSelectable: false
06-24 07:06:53.690  6977  7177 I Maestro : Skipping invisible child: android.view.accessibility.AccessibilityNodeInfo@182c0; boundsInParent: Rect(0, 0 - 1, 1); boundsInScreen: Rect(20, 348 - 21, 349); boundsInWindow: Rect(20, 348 - 21, 349); packageName: com.hanapkalinga.mobile; className: android.view.ViewGroup; text: null; error: null; maxTextLength: -1; stateDescription: null; contentDescription: null; tooltipText: null; containerTitle: null; viewIdResName: login_captcha_ready; uniqueId: null; checkable: false; checked: false; focusable: false; focused: false; selected: false; clickable: false; longClickable: false; contextClickable: false; enabled: true; password: false; scrollable: false; importantForAccessibility: true; visible: false; actions: [AccessibilityAction: ACTION_SELECT - null, AccessibilityAction: ACTION_CLEAR_SELECTION - null, AccessibilityAction: ACTION_ACCESSIBILITY_FOCUS - null, AccessibilityAction: ACTION_SHOW_ON_SCREEN - null]; isTextSelectable: false
06-24 07:06:53.703  6977  7177 D Maestro : View hierarchy received in 25 ms
06-24 07:06:53.781  7112  7130 D EGL_emulation: app_time_stats: avg=499.73ms min=499.19ms max=500.18ms count=3
06-24 07:06:53.794  6977  7177 D Maestro : Requesting view hierarchy
06-24 07:06:53.795  6977  7177 W QueryController: Could not detect idle state.
06-24 07:06:53.798  6977  7177 W QueryController: Could not detect idle state.
06-24 07:06:53.803  6977  7177 I Maestro : Skipping invisible child: android.view.accessibility.AccessibilityNodeInfo@128a8; boundsInParent: Rect(0, 0 - 320, 0); boundsInScreen: Rect(0, 0 - 320, 0); boundsInWindow: Rect(0, 0 - 320, 0); packageName: com.hanapkalinga.mobile; className: android.widget.LinearLayout; text: null; error: null; maxTextLength: -1; stateDescription: null; contentDescription: null; tooltipText: null; containerTitle: null; viewIdResName: null; uniqueId: null; checkable: false; checked: false; focusable: false; focused: false; selected: false; clickable: false; longClickable: false; contextClickable: false; enabled: true; password: false; scrollable: false; importantForAccessibility: false; visible: false; actions: [AccessibilityAction: ACTION_SELECT - null, AccessibilityAction: ACTION_CLEAR_SELECTION - null, AccessibilityAction: ACTION_ACCESSIBILITY_FOCUS - null, AccessibilityAction: ACTION_SHOW_ON_SCREEN - null]; isTextSelectable: false
06-24 07:06:53.804  6977  7177 I Maestro : Skipping invisible child: android.view.accessibility.AccessibilityNodeInfo@124e7; boundsInParent: Rect(0, 0 - 320, 0); boundsInScreen: Rect(0, 0 - 320, 0); boundsInWindow: Rect(0, 0 - 320, 0); packageName: com.hanapkalinga.mobile; className: android.view.ViewGroup; text: null; error: null; maxTextLength: -1; stateDescription: null; contentDescription: null; tooltipText: null; containerTitle: null; viewIdResName: null; uniqueId: null; checkable: false; checked: false; focusable: false; focused: false; selected: false; clickable: false; longClickable: false; contextClickable: false; enabled: true; password: false; scrollable: false; importantForAccessibility: false; visible: false; actions: [AccessibilityAction: ACTION_SELECT - null, AccessibilityAction: ACTION_CLEAR_SELECTION - null, AccessibilityAction: ACTION_ACCESSIBILITY_FOCUS - null, AccessibilityAction: ACTION_SHOW_ON_SCREEN - null]; isTextSelectable: false
06-24 07:06:53.804  6977  7177 I Maestro : Skipping invisible child: android.view.accessibility.AccessibilityNodeInfo@1a489; boundsInParent: Rect(0, 0 - 320, 0); boundsInScreen: Rect(0, 0 - 320, 0); boundsInWindow: Rect(0, 0 - 320, 0); packageName: com.hanapkalinga.mobile; className: android.widget.LinearLayout; text: null; error: null; maxTextLength: -1; stateDescription: null; contentDescription: null; tooltipText: null; containerTitle: null; viewIdResName: null; uniqueId: null; checkable: false; checked: false; focusable: false; focused: false; selected: false; clickable: false; longClickable: false; contextClickable: false; enabled: true; password: false; scrollable: false; importantForAccessibility: false; visible: false; actions: [AccessibilityAction: ACTION_SELECT - null, AccessibilityAction: ACTION_CLEAR_SELECTION - null, AccessibilityAction: ACTION_ACCESSIBILITY_FOCUS - null, AccessibilityAction: ACTION_SHOW_ON_SCREEN - null]; isTextSelectable: false
06-24 07:06:53.805  6977  7177 I Maestro : Skipping invisible child: android.view.accessibility.AccessibilityNodeInfo@1a0c8; boundsInParent: Rect(0, 0 - 320, 0); boundsInScreen: Rect(0, 0 - 320, 0); boundsInWindow: Rect(0, 0 - 320, 0); packageName: com.hanapkalinga.mobile; className: android.view.ViewGroup; text: null; error: null; maxTextLength: -1; stateDescription: null; contentDescription: null; tooltipText: null; containerTitle: null; viewIdResName: null; uniqueId: null; checkable: false; checked: false; focusable: false; focused: false; selected: false; clickable: false; longClickable: false; contextClickable: false; enabled: true; password: false; scrollable: false; importantForAccessibility: false; visible: false; actions: [AccessibilityAction: ACTION_SELECT - null, AccessibilityAction: ACTION_CLEAR_SELECTION - null, AccessibilityAction: ACTION_ACCESSIBILITY_FOCUS - null, AccessibilityAction: ACTION_SHOW_ON_SCREEN - null]; isTextSelectable: false
06-24 07:06:53.808  6977  7177 I Maestro : Skipping invisible child: android.view.accessibility.AccessibilityNodeInfo@182c0; boundsInParent: Rect(0, 0 - 1, 1); boundsInScreen: Rect(20, 348 - 21, 349); boundsInWindow: Rect(20, 348 - 21, 349); packageName: com.hanapkalinga.mobile; className: android.view.ViewGroup; text: null; error: null; maxTextLength: -1; stateDescription: null; contentDescription: null; tooltipText: null; containerTitle: null; viewIdResName: login_captcha_ready; uniqueId: null; checkable: false; checked: false; focusable: false; focused: false; selected: false; clickable: false; longClickable: false; contextClickable: false; enabled: true; password: false; scrollable: false; importantForAccessibility: true; visible: false; actions: [AccessibilityAction: ACTION_SELECT - null, AccessibilityAction: ACTION_CLEAR_SELECTION - null, AccessibilityAction: ACTION_ACCESSIBILITY_FOCUS - null, AccessibilityAction: ACTION_SHOW_ON_SCREEN - null]; isTextSelectable: false
06-24 07:06:53.822  6977  7177 D Maestro : View hierarchy received in 28 ms
06-24 07:06:53.958  6977  7177 D Maestro : Requesting view hierarchy
06-24 07:06:53.959  6977  7177 W QueryController: Could not detect idle state.
06-24 07:06:53.959  6977  7177 W QueryController: Could not detect idle state.
06-24 07:06:53.967  6977  7177 I Maestro : Skipping invisible child: android.view.accessibility.AccessibilityNodeInfo@128a8; boundsInParent: Rect(0, 0 - 320, 0); boundsInScreen: Rect(0, 0 - 320, 0); boundsInWindow: Rect(0, 0 - 320, 0); packageName: com.hanapkalinga.mobile; className: android.widget.LinearLayout; text: null; error: null; maxTextLength: -1; stateDescription: null; contentDescription: null; tooltipText: null; containerTitle: null; viewIdResName: null; uniqueId: null; checkable: false; checked: false; focusable: false; focused: false; selected: false; clickable: false; longClickable: false; contextClickable: false; enabled: true; password: false; scrollable: false; importantForAccessibility: false; visible: false; actions: [AccessibilityAction: ACTION_SELECT - null, AccessibilityAction: ACTION_CLEAR_SELECTION - null, AccessibilityAction: ACTION_ACCESSIBILITY_FOCUS - null, AccessibilityAction: ACTION_SHOW_ON_SCREEN - null]; isTextSelectable: false
06-24 07:06:53.967  6977  7177 I Maestro : Skipping invisible child: android.view.accessibility.AccessibilityNodeInfo@124e7; boundsInParent: Rect(0, 0 - 320, 0); boundsInScreen: Rect(0, 0 - 320, 0); boundsInWindow: Rect(0, 0 - 320, 0); packageName: com.hanapkalinga.mobile; className: android.view.ViewGroup; text: null; error: null; maxTextLength: -1; stateDescription: null; contentDescription: null; tooltipText: null; containerTitle: null; viewIdResName: null; uniqueId: null; checkable: false; checked: false; focusable: false; focused: false; selected: false; clickable: false; longClickable: false; contextClickable: false; enabled: true; password: false; scrollable: false; importantForAccessibility: false; visible: false; actions: [AccessibilityAction: ACTION_SELECT - null, AccessibilityAction: ACTION_CLEAR_SELECTION - null, AccessibilityAction: ACTION_ACCESSIBILITY_FOCUS - null, AccessibilityAction: ACTION_SHOW_ON_SCREEN - null]; isTextSelectable: false
06-24 07:06:53.968  6977  7177 I Maestro : Skipping invisible child: android.view.accessibility.AccessibilityNodeInfo@1a489; boundsInParent: Rect(0, 0 - 320, 0); boundsInScreen: Rect(0, 0 - 320, 0); boundsInWindow: Rect(0, 0 - 320, 0); packageName: com.hanapkalinga.mobile; className: android.widget.LinearLayout; text: null; error: null; maxTextLength: -1; stateDescription: null; contentDescription: null; tooltipText: null; containerTitle: null; viewIdResName: null; uniqueId: null; checkable: false; checked: false; focusable: false; focused: false; selected: false; clickable: false; longClickable: false; contextClickable: false; enabled: true; password: false; scrollable: false; importantForAccessibility: false; visible: false; actions: [AccessibilityAction: ACTION_SELECT - null, AccessibilityAction: ACTION_CLEAR_SELECTION - null, AccessibilityAction: ACTION_ACCESSIBILITY_FOCUS - null, AccessibilityAction: ACTION_SHOW_ON_SCREEN - null]; isTextSelectable: false
06-24 07:06:53.968  6977  7177 I Maestro : Skipping invisible child: android.view.accessibility.AccessibilityNodeInfo@1a0c8; boundsInParent: Rect(0, 0 - 320, 0); boundsInScreen: Rect(0, 0 - 320, 0); boundsInWindow: Rect(0, 0 - 320, 0); packageName: com.hanapkalinga.mobile; className: android.view.ViewGroup; text: null; error: null; maxTextLength: -1; stateDescription: null; contentDescription: null; tooltipText: null; containerTitle: null; viewIdResName: null; uniqueId: null; checkable: false; checked: false; focusable: false; focused: false; selected: false; clickable: false; longClickable: false; contextClickable: false; enabled: true; password: false; scrollable: false; importantForAccessibility: false; visible: false; actions: [AccessibilityAction: ACTION_SELECT - null, AccessibilityAction: ACTION_CLEAR_SELECTION - null, AccessibilityAction: ACTION_ACCESSIBILITY_FOCUS - null, AccessibilityAction: ACTION_SHOW_ON_SCREEN - null]; isTextSelectable: false
06-24 07:06:53.973  6977  7177 I Maestro : Skipping invisible child: android.view.accessibility.AccessibilityNodeInfo@182c0; boundsInParent: Rect(0, 0 - 1, 1); boundsInScreen: Rect(20, 348 - 21, 349); boundsInWindow: Rect(20, 348 - 21, 349); packageName: com.hanapkalinga.mobile; className: android.view.ViewGroup; text: null; error: null; maxTextLength: -1; stateDescription: null; contentDescription: null; tooltipText: null; containerTitle: null; viewIdResName: login_captcha_ready; uniqueId: null; checkable: false; checked: false; focusable: false; focused: false; selected: false; clickable: false; longClickable: false; contextClickable: false; enabled: true; password: false; scrollable: false; importantForAccessibility: true; visible: false; actions: [AccessibilityAction: ACTION_SELECT - null, AccessibilityAction: ACTION_CLEAR_SELECTION - null, AccessibilityAction: ACTION_ACCESSIBILITY_FOCUS - null, AccessibilityAction: ACTION_SHOW_ON_SCREEN - null]; isTextSelectable: false
06-24 07:06:53.988  6977  7177 D Maestro : View hierarchy received in 30 ms
--------- beginning of system
06-24 07:06:54.074   523  1215 D WindowManager: captureDisplay
06-24 07:06:54.679   523   554 I ActivityManager: Force stopping dev.mobile.maestro appid=10197 user=-1: deletePackageX
06-24 07:06:54.679   523   554 E libprocessgroup: No such cgroup attribute: /sys/fs/cgroup/uid_4294877493/cgroup.freeze
06-24 07:06:54.679   523   554 W libprocessgroup: Failed to apply Frozen process profile: No such file or directory
06-24 07:06:54.680   523   554 I ActivityManager: Killing 6977:dev.mobile.maestro/u0a197 (adj 0): stop dev.mobile.maestro due to deletePackageX
06-24 07:06:54.680   523   554 W ActivityManager: Crash of app dev.mobile.maestro running instrumentation ComponentInfo{dev.mobile.maestro.test/androidx.test.runner.AndroidJUnitRunner}
06-24 07:06:54.681   523   554 I ActivityManager: Force stopping dev.mobile.maestro appid=10197 user=0: finished inst
06-24 07:06:54.681   523   543 D DisplayManagerService: Drop pending events for gone uid 10197
06-24 07:06:54.689  6943  6943 I app_process: System.exit called, status: 0
06-24 07:06:54.689  6943  6943 I AndroidRuntime: VM exiting with result code 0.
06-24 07:06:54.696   338   338 I Zygote  : Process 6977 exited due to signal 9 (Killed)
--------- beginning of kernel
06-24 07:06:54.890     0     0 I init    : Untracked pid 6943 exited with status 0
06-24 07:06:54.891     0     0 I init    : Untracked pid 6943 did not have an associated service entry and will not be reaped
06-24 07:06:54.721   523   554 E libprocessgroup: No such cgroup attribute: /sys/fs/cgroup/uid_4294877493/cgroup.freeze
06-24 07:06:54.721   523   554 W libprocessgroup: Failed to apply Unfrozen process profile: No such file or directory
06-24 07:06:54.927     0     0 I logd    : start watching /data/system/packages.list ...
06-24 07:06:54.929     0     0 I logd    : ReadPackageList, total packages: 201
06-24 07:06:54.743   523  2670 V ActivityManager: Got obituary of 6977:dev.mobile.maestro
06-24 07:06:54.744   523  2561 W WindowMagnificationMgr: requestConnection duplicated request: connect=false, mConnectionState=DISCONNECTED
06-24 07:06:54.931     0     0 I binder  : 554:523 cannot find target node
06-24 07:06:54.933     0     0 I binder  : 523:554 transaction async to 0:0 failed 863654/29189/-22, size 88-0 line 3210
06-24 07:06:54.748  1646  3493 I AiAiEcho: Settings changed for uri: content://settings/secure/accessibility_enabled
06-24 07:06:54.748  1646  1968 I AiAiEcho: Predicting[0]: 
06-24 07:06:54.748  1646  1968 I AiAiEcho: EchoTargets: 
06-24 07:06:54.748  1646  1968 I AiAiEcho: Filtered by AiAi flag check: 
06-24 07:06:54.748  1646  1968 I AiAiEcho: Ranked targets strategy: SORT, count: 0, ranking metadata: 
06-24 07:06:54.749  1646  1968 I AiAiEcho: Predicting[0]: 
06-24 07:06:54.749  1646  1968 I AiAiEcho: EchoTargets: 
06-24 07:06:54.749  1646  1968 I AiAiEcho: Filtered by AiAi flag check: 
06-24 07:06:54.749  1646  1968 I AiAiEcho: Ranked targets strategy: SORT, count: 0, ranking metadata: 
06-24 07:06:54.749  1646  1968 I AiAiEcho: #postPredictionTargets: Sending updates to UISurface lockscreen with targets# 0 (types=[])
06-24 07:06:54.749  1646  1968 I AiAiEcho: #postPredictionTargets: Sending updates to UISurface home with targets# 0 (types=[])
06-24 07:06:54.750   842   842 W PageIndicator: Total number of pages invalid: 0. Assuming 1 page.
06-24 07:06:54.750   523  2561 W WindowMagnificationMgr: requestConnection duplicated request: connect=false, mConnectionState=DISCONNECTED
06-24 07:06:54.751   523   554 E IPCThreadState: Binder transaction failure: 863654/29189/-22
06-24 07:06:54.751   523   554 W ActivityManager: Error shutting down UiAutomationConnection
06-24 07:06:54.754  1722  2272 I A       : NGA enabled in interactor.
06-24 07:06:54.754  1722  2272 I A       : Nga state changed to NgaStateDetails{state=ENABLED, isSpecialExperience=false}
06-24 07:06:54.756  1627  6255 I A       : Initializing all components
06-24 07:06:54.756  1627  6255 I A       : APA or Classic session decision: SessionDecision(sessionVariance=CLASSIC, platformVariance=CLASSIC, justification=CURRENT_PLATFORM_VARIANCE).
06-24 07:06:54.756  1627  6255 I A       : [Memory] eligibility: StashEligibility{6}
06-24 07:06:54.756  1627  2078 I A       : onIsEnabledChanged, isEnabled: false
06-24 07:06:54.756  1627  2078 W A       : Disposing empty manager. Did you forgot to subscribe observables?
06-24 07:06:54.756  1627  2078 W A       : Disposing empty manager. Did you forgot to subscribe observables?
06-24 07:06:54.756  1627  2078 W A       : Disposing empty manager. Did you forgot to subscribe observables?
06-24 07:06:54.756  1627  2078 W A       : Disposing empty manager. Did you forgot to subscribe observables?
06-24 07:06:54.756  1627  2078 W A       : Disposing empty manager. Did you forgot to subscribe observables?
06-24 07:06:54.756  1627  2078 W A       : Disposing empty manager. Did you forgot to subscribe observables?
06-24 07:06:54.756  1627  2078 W A       : Disposing empty manager. Did you forgot to subscribe observables?
06-24 07:06:54.756  1627  2078 W A       : Disposing empty manager. Did you forgot to subscribe observables?
06-24 07:06:54.756  1627  2078 W A       : Disposing empty manager. Did you forgot to subscribe observables?
06-24 07:06:54.756  1627  2078 W A       : Disposing empty manager. Did you forgot to subscribe observables?
06-24 07:06:54.757  1627  2078 I A       : onOpaVisibilityChanged: false
06-24 07:06:54.757  1627  2078 W A       : Disposing empty manager. Did you forgot to subscribe observables?
06-24 07:06:54.757  1627  2078 W A       : Disposing empty manager. Did you forgot to subscribe observables?
06-24 07:06:54.757  1627  2078 W A       : Disposing empty manager. Did you forgot to subscribe observables?
06-24 07:06:54.757  1627  2078 W A       : Disposing empty manager. Did you forgot to subscribe observables?
06-24 07:06:54.757  1627  2078 W A       : Disposing empty manager. Did you forgot to subscribe observables?
06-24 07:06:54.757  1627  2078 W A       : Disposing empty manager. Did you forgot to subscribe observables?
06-24 07:06:54.757  1627  2078 I A       : Setting session to type: NO_SESSION
06-24 07:06:54.757  1627  2078 W A       : Disposing empty manager. Did you forgot to subscribe observables?
06-24 07:06:54.757  1627  2078 W A       : Disposing empty manager. Did you forgot to subscribe observables?
06-24 07:06:54.757  1627  2078 W A       : Disposing empty manager. Did you forgot to subscribe observables?
06-24 07:06:54.757  1627  2078 W A       : Disposing empty manager. Did you forgot to subscribe observables?
06-24 07:06:54.757  1627  2078 W A       : Disposing empty manager. Did you forgot to subscribe observables?
06-24 07:06:54.757  1627  2078 W A       : Disposing empty manager. Did you forgot to subscribe observables?
06-24 07:06:54.757  1627  2078 W A       : Disposing empty manager. Did you forgot to subscribe observables?
06-24 07:06:54.757  1627  2078 W A       : Disposing empty manager. Did you forgot to subscribe observables?
06-24 07:06:54.757  1627  2078 I A       : setNavBarVisible: GestureNavBarVisible{navbarVisible=true}
06-24 07:06:54.757  1627  2078 W A       : Disposing empty manager. Did you forgot to subscribe observables?
06-24 07:06:54.757  1627  2078 W A       : Disposing empty manager. Did you forgot to subscribe observables?
06-24 07:06:54.757  1627  2078 W A       : Disposing empty manager. Did you forgot to subscribe observables?
06-24 07:06:54.757  1627  2078 W A       : Disposing empty manager. Did you forgot to subscribe observables?
06-24 07:06:54.757  1627  2078 W A       : Disposing empty manager. Did you forgot to subscribe observables?
06-24 07:06:54.757  1627  2078 W A       : Disposing empty manager. Did you forgot to subscribe observables?
06-24 07:06:54.757  1627  2078 I A       : onDisabled. Registered: false
06-24 07:06:54.758  1627  2079 I A       : State changed: IDLE => IDLE by NGA_STATE_CHANGED and N/A with Optional.empty
06-24 07:06:54.758  1627  2078 I NgaEntryPointEventSendr: setupConnection
06-24 07:06:54.759  1627  2079 I A       : Recognizer choice: (recognizer_type: 1, recognizer_mode: 1, choice_reason: 4)
06-24 07:06:54.759  1627  2079 I A       : onActiveStateChangeEvent: IDLE => IDLE
06-24 07:06:54.761  1627  2078 I NgaEntryPointEventSendr: State changed: Disconnected => Connecting
06-24 07:06:54.761  1722  1722 I A       : Creating pss binder().
06-24 07:06:54.766  1646  6239 I AiAiEcho: Settings changed for uri: content://settings/secure/accessibility_enabled
06-24 07:06:54.766  1627  2079 I A       : #onActiveStateChangeEvent, newState: IDLE, previousState: IDLE.
06-24 07:06:54.766  1646  1968 I AiAiEcho: Predicting[0]: 
06-24 07:06:54.766  1646  1968 I AiAiEcho: EchoTargets: 
06-24 07:06:54.766  1646  1968 I AiAiEcho: Filtered by AiAi flag check: 
06-24 07:06:54.766  1646  1968 I AiAiEcho: Ranked targets strategy: SORT, count: 0, ranking metadata: 
06-24 07:06:54.766  1646  1968 I AiAiEcho: Predicting[0]: 
06-24 07:06:54.766  1646  1968 I AiAiEcho: EchoTargets: 
06-24 07:06:54.766  1646  1968 I AiAiEcho: Filtered by AiAi flag check: 
06-24 07:06:54.767  1646  1968 I AiAiEcho: Ranked targets strategy: SORT, count: 0, ranking metadata: 
06-24 07:06:54.767   523   523 D BatterySaverPolicy: accessibility changed to false, updating policy.
06-24 07:06:54.767  1646  1968 I AiAiEcho: #postPredictionTargets: Sending updates to UISurface lockscreen with targets# 0 (types=[])
06-24 07:06:54.767   842   842 W PageIndicator: Total number of pages invalid: 0. Assuming 1 page.
06-24 07:06:54.767  1646  1968 I AiAiEcho: #postPredictionTargets: Sending updates to UISurface home with targets# 0 (types=[])
06-24 07:06:54.768  1627  2078 I A       : Initialize
06-24 07:06:54.769   523  2561 D CompatibilityChangeReporter: Compat change id reported: 197654537; UID 10192; state: ENABLED
06-24 07:06:54.769  1627  2078 I A       : on opa visibility changed false
06-24 07:06:54.769  1627  2078 I A       : stopListening(NGA_PAUSED_UNKNOWN_REASON, NGA_CREATE), idleOverride=NOT_LISTENING
06-24 07:06:54.769  1627  2078 I A       : on opa visibility changed false
06-24 07:06:54.770  1627  2079 I NgaEntryPointEventSendr: onServiceConnected
06-24 07:06:54.770  1722  5449 I A       : Calling beginBinderSession().
06-24 07:06:54.771  1722  5449 I A       : beginBinderSession(): calling binder
06-24 07:06:54.772  1627  2079 I NgaEntryPointEventSendr: State changed: Connecting => Ready
06-24 07:06:54.774   523   578 D PackageManager: Instant App installer not found with android.intent.action.INSTALL_INSTANT_APP_PACKAGE
06-24 07:06:54.775  1722  2327 W CorpusConfigHelper: Invalid input from icing corpus JSON flag.
06-24 07:06:54.775  1722  2327 W CorpusConfigHelper: android.util.MalformedJsonException: Use JsonReader.setLenient(true) to accept malformed JSON at line 123 column 2
06-24 07:06:54.775  1722  2327 W CorpusConfigHelper: 	at android.util.JsonReader.syntaxError(JsonReader.java:1162)
06-24 07:06:54.775  1722  2327 W CorpusConfigHelper: 	at android.util.JsonReader.checkLenient(JsonReader.java:840)
06-24 07:06:54.775  1722  2327 W CorpusConfigHelper: 	at android.util.JsonReader.nextInArray(JsonReader.java:615)
06-24 07:06:54.775  1722  2327 W CorpusConfigHelper: 	at android.util.JsonReader.peek(JsonReader.java:345)
06-24 07:06:54.775  1722  2327 W CorpusConfigHelper: 	at android.util.JsonReader.hasNext(JsonReader.java:321)
06-24 07:06:54.775  1722  2327 W CorpusConfigHelper: 	at com.google.android.apps.gsa.searchbox.c.b.b.k.c(PG:7)
06-24 07:06:54.775  1722  2327 W CorpusConfigHelper: 	at com.google.android.apps.gsa.searchbox.c.b.b.k.<init>(PG:5)
06-24 07:06:54.775  1722  2327 W CorpusConfigHelper: 	at com.google.android.apps.gsa.staticplugins.searchboxroot.features.n.a.c.<init>(PG:16)
06-24 07:06:54.775  1722  2327 W CorpusConfigHelper: 	at com.google.android.apps.gsa.staticplugins.searchboxroot.b.a(PG:14)
06-24 07:06:54.775  1722  2327 W CorpusConfigHelper: 	at com.google.android.apps.gsa.staticplugins.searchboxroot.x.<init>(PG:7)
06-24 07:06:54.775  1722  2327 W CorpusConfigHelper: 	at com.google.android.apps.gsa.binaries.velvet.app.akd.b(PG:15)
06-24 07:06:54.775  1722  2327 W CorpusConfigHelper: 	at dagger.a.e.b(PG:1)
06-24 07:06:54.775  1722  2327 W CorpusConfigHelper: 	at com.google.android.apps.gsa.staticplugins.searchboxroot.a.a.a(PG:3)
06-24 07:06:54.775  1722  2327 W CorpusConfigHelper: 	at com.google.android.apps.gsa.binaries.velvet.app.ok.f(Unknown Source:2541)
06-24 07:06:54.775  1722  2327 W CorpusConfigHelper: 	at com.google.android.apps.gsa.binaries.velvet.app.ok.b(PG:1)
06-24 07:06:54.775  1722  2327 W CorpusConfigHelper: 	at com.google.android.apps.gsa.search.core.service.g.a.c.a(PG:2)
06-24 07:06:54.775  1722  2327 W CorpusConfigHelper: 	at com.google.android.libraries.gsa.k.a.f.a(PG:2)
06-24 07:06:54.775  1722  2327 W CorpusConfigHelper: 	at com.google.android.apps.gsa.shared.logger.f.a.a.l.h(PG:2)
06-24 07:06:54.775  1722  2327 W CorpusConfigHelper: 	at com.google.android.apps.gsa.shared.logger.f.a.a.h.a(Unknown Source:4)
06-24 07:06:54.775  1722  2327 W CorpusConfigHelper: 	at com.google.common.util.concurrent.dx.a(PG:1)
06-24 07:06:54.775  1722  2327 W CorpusConfigHelper: 	at com.google.common.util.concurrent.cv.run(PG:4)
06-24 07:06:54.775  1722  2327 W CorpusConfigHelper: 	at com.google.common.util.concurrent.dz.run(PG:1)
06-24 07:06:54.775  1722  2327 W CorpusConfigHelper: 	at com.google.android.libraries.i.ae.run(PG:1)
06-24 07:06:54.775  1722  2327 W CorpusConfigHelper: 	at java.util.concurrent.ThreadPoolExecutor.runWorker(ThreadPoolExecutor.java:1145)
06-24 07:06:54.775  1722  2327 W CorpusConfigHelper: 	at java.util.concurrent.ThreadPoolExecutor$Worker.run(ThreadPoolExecutor.java:644)
06-24 07:06:54.775  1722  2327 W CorpusConfigHelper: 	at com.google.android.libraries.i.k.run(PG:2)
06-24 07:06:54.775  1722  2327 W CorpusConfigHelper: 	at com.google.android.libraries.i.p.run(PG:4)
06-24 07:06:54.775  1722  2327 W CorpusConfigHelper: 	at java.lang.Thread.run(Thread.java:1012)
06-24 07:06:54.776  1722  2327 W A       : Queue length for executor EventBus is now 11. Perhaps some tasks are too long, or the pool is too small.
06-24 07:06:54.776   523   578 D PackageManager: Clear ephemeral installer activity
06-24 07:06:54.779   523  2561 W ActivityManager: Unable to start service Intent { cmp=com.google.android.apps.tachyon/.clientapi.ClientApiService } U=0: not found
06-24 07:06:54.781   523  3190 E TaskPersister: File error accessing recents directory (directory doesn't exist?).
06-24 07:06:54.785  7112  7130 D EGL_emulation: app_time_stats: avg=501.66ms min=496.50ms max=506.82ms count=2
06-24 07:06:54.787  1722  2621 W A       : UiCallbackStub-onGenericEvent[ServiceEvent = 241] task was not run. Callback from Service received after client was disposed.
06-24 07:06:54.787  1722  2621 W A       : UiCallbackStub-onGenericEvent[ServiceEvent = 241] task was not run. Callback from Service received after client was disposed.
06-24 07:06:54.788  1722  2621 W A       : UiCallbackStub-onGenericEvent[ServiceEvent = 60] task was not run. Callback from Service received after client was disposed.
06-24 07:06:54.788  1722  2621 W A       : UiCallbackStub-onGenericEvent[ServiceEvent = 60] task was not run. Callback from Service received after client was disposed.
06-24 07:06:54.788  1722  2621 W A       : UiCallbackStub-onGenericEvent[ServiceEvent = 42] task was not run. Callback from Service received after client was disposed.
06-24 07:06:54.789  1722  2898 I PBSessionCacheImpl: Deleted sessionId[7575218376636261] from persistence.
06-24 07:06:54.791  1627  2078 I NgaEntryPointEventSendr: State changed: Ready => Disconnected (onOpaDisconnected)
06-24 07:06:54.797  1722  2621 W A       : UiCallbackStub-onGenericEvent[ServiceEvent = 67] task was not run. Callback from Service received after client was disposed.
06-24 07:06:54.797  1722  2621 W A       : UiCallbackStub-onGenericEvent[ServiceEvent = 60] task was not run. Callback from Service received after client was disposed.
06-24 07:06:54.800  1722  2621 W SearchServiceCore: Abort, client detached.
06-24 07:06:54.800  1722  2621 I MicroDetectionState: Should stop hotword detection immediately - true
06-24 07:06:54.801  1722  2621 I A       : Using proto config with mendel
06-24 07:06:54.801  1722  2621 I A       : Using proto config with mendel
06-24 07:06:54.809  1627  2078 I A       : Successfully initialized all components
06-24 07:06:54.812   523   578 I ActivityManager: Force stopping dev.mobile.maestro appid=10197 user=0: pkg removed
06-24 07:06:54.819  1052  1052 D CarrierSvcBindHelper: onPackageRemoved: dev.mobile.maestro
06-24 07:06:54.821  1052  1052 D CarrierSvcBindHelper: No carrier app for: 0
06-24 07:06:54.822  4301  4301 V MediaPlayerList: mPackageChangedBroadcastReceiver: action: android.intent.action.PACKAGE_REMOVED
06-24 07:06:54.822  4301  4301 V MediaPlayerList: mPackageChangedBroadcastReceiver: action: android.intent.action.PACKAGE_REMOVED
06-24 07:06:54.823   523   554 D ActivityManager: sync unfroze 2547 com.android.chrome for 3
06-24 07:06:54.824  1708  1708 W MediaProvider: WorkProfileOwnerApps cache is empty
06-24 07:06:54.859   842   842 D ControlsListingControllerImpl: ServiceConfig reloaded, count: 0
06-24 07:06:54.866  1627  1627 V ClearcutMetricXmitter: Transmission is done.
06-24 07:06:54.874   523   765 W WifiService: Couldn't get PackageInfo for package:dev.mobile.maestro
06-24 07:06:54.874   523   765 D WifiService: Remove settings for package:dev.mobile.maestro
06-24 07:06:54.874   523   765 D WifiConfigManager: Remove all networks for app ApplicationInfo{da94e4 dev.mobile.maestro}
06-24 07:06:54.874   523   640 V StorageManagerService: Package dev.mobile.maestro does not have legacy storage
06-24 07:06:54.874   523   613 I RollbackManager: broadcast=ACTION_PACKAGE_FULLY_REMOVED pkg=dev.mobile.maestro
06-24 07:06:54.880   523   765 D WifiConfigStore: Writing to stores completed in 6 ms.
06-24 07:06:54.881   523   629 I InputReader: Reconfiguring input devices, changes=KEYBOARD_LAYOUTS
06-24 07:06:54.881   523   765 I PasspointManager: No app ops listener found for dev.mobile.maestro
06-24 07:06:54.881   523   765 W WifiService: Couldn't get PackageInfo for package:dev.mobile.maestro
06-24 07:06:54.881   523   765 D WifiService: Remove settings for package:dev.mobile.maestro
06-24 07:06:54.881   523   765 D WifiConfigManager: Remove all networks for app ApplicationInfo{51f1c6a dev.mobile.maestro}
06-24 07:06:54.881   523   778 E AppOps  : attributionTag VCN not declared in manifest of android
06-24 07:06:54.883   523   554 D ActivityManager: sync unfroze 3055 com.google.android.documentsui for 3
06-24 07:06:54.887   523   523 D ActivityManager: sync unfroze 1764 com.android.keychain for 10
06-24 07:06:54.887   523   523 D ActivityManager: sync unfroze 5997 com.android.settings for 10
06-24 07:06:54.888   523   523 D ActivityManager: sync unfroze 3569 com.android.dynsystem:dynsystem for 10
06-24 07:06:54.888   523   523 D ActivityManager: sync unfroze 3527 com.android.dynsystem for 10
06-24 07:06:54.888   523   523 D ActivityManager: sync unfroze 2275 com.android.localtransport for 10
06-24 07:06:54.891   523   523 I Telecom : CarModeTracker: Package dev.mobile.maestro is not tracked.: SSH.oR@AYI🔒
06-24 07:06:54.891   523   523 I Telecom : InCallController: updateCarModeForConnections: car mode apps: : SSH.oR@AYI🔒
06-24 07:06:54.891   523   523 I Telecom : InCallController: update carmode current:UserHandle{0} parent:null: SSH.oR@AYI🔒
06-24 07:06:54.895   523   554 D ActivityManager: sync unfroze 843 com.google.android.permissioncontroller for 3
06-24 07:06:54.896   523   523 I ConditionProviders: Disallowing condition provider dev.mobile.maestro (userSet: true)
06-24 07:06:54.898   523   619 I RoleService: Granting default roles...
06-24 07:06:54.904   400   415 D AF::TrackHandle: OpPlayAudio: track:56 usage:13 not muted
06-24 07:06:54.904   400   415 D AF::TrackHandle: OpPlayAudio: track:56 usage:13 not muted
06-24 07:06:54.904   400   415 D AF::TrackHandle: OpPlayAudio: track:56 usage:13 not muted
06-24 07:06:54.905   400   415 D AF::TrackHandle: OpPlayAudio: track:56 usage:13 not muted
06-24 07:06:54.905   400   415 D AF::TrackHandle: OpPlayAudio: track:56 usage:13 not muted
06-24 07:06:54.906   400   415 D AF::TrackHandle: OpPlayAudio: track:56 usage:13 not muted
06-24 07:06:54.906   400   415 D AF::TrackHandle: OpPlayAudio: track:56 usage:13 not muted
06-24 07:06:54.906   400   415 D AF::TrackHandle: OpPlayAudio: track:56 usage:13 not muted
06-24 07:06:54.906   400   415 D AF::TrackHandle: OpPlayAudio: track:56 usage:13 not muted
06-24 07:06:54.906   400   415 D AF::TrackHandle: OpPlayAudio: track:56 usage:13 not muted
06-24 07:06:54.906   400   415 D AF::TrackHandle: OpPlayAudio: track:56 usage:13 not muted
06-24 07:06:54.906   523   554 D ActivityManager: sync unfroze 2178 android.process.media for 3
06-24 07:06:54.906   400   415 D AF::TrackHandle: OpPlayAudio: track:56 usage:13 not muted
06-24 07:06:54.907   400   415 D AF::TrackHandle: OpPlayAudio: track:56 usage:13 not muted
06-24 07:06:54.907   400   415 D AF::TrackHandle: OpPlayAudio: track:56 usage:13 not muted
06-24 07:06:54.907   400   415 D AF::TrackHandle: OpPlayAudio: track:56 usage:13 not muted
06-24 07:06:54.907   400   415 D AF::TrackHandle: OpPlayAudio: track:56 usage:13 not muted
06-24 07:06:54.907  1708  2420 I MediaProvider: Begin Intent { act=android.intent.action.PACKAGE_FULLY_REMOVED dat=package: flg=0x5000010 cmp=com.google.android.providers.media.module/com.android.providers.media.MediaService (has extras) }
06-24 07:06:54.907  1708  2420 D MediaProvider: Deleted 0 Android/media items belonging to dev.mobile.maestro on /data/user/0/com.google.android.providers.media.module/databases/external.db
06-24 07:06:54.910  1708  2420 D MediaGrants: Removed 0 media_grants for 0 user for dev.mobile.maestro. Reason: Package orphaned
06-24 07:06:54.913   842   914 D StylusManager: Stylus InputDevice changed: 14 virtio_input_multi_touch_11
06-24 07:06:54.914   842   914 D StylusManager: Stylus InputDevice changed: 13 virtio_input_multi_touch_10
06-24 07:06:54.914   842   914 D StylusManager: Stylus InputDevice changed: 9 virtio_input_multi_touch_6
06-24 07:06:54.914   842   914 D StylusManager: Stylus InputDevice changed: 8 virtio_input_multi_touch_5
06-24 07:06:54.914   842   914 D StylusManager: Stylus InputDevice changed: 10 virtio_input_multi_touch_7
06-24 07:06:54.914   842   914 D StylusManager: Stylus InputDevice changed: 11 virtio_input_multi_touch_8
06-24 07:06:54.917   523   554 I ActivityManager: Force stopping dev.mobile.maestro.test appid=10198 user=-1: deletePackageX
06-24 07:06:54.917   523   554 E libprocessgroup: No such cgroup attribute: /sys/fs/cgroup/uid_4294877494/cgroup.freeze
06-24 07:06:54.917   523   554 W libprocessgroup: Failed to apply Frozen process profile: No such file or directory
06-24 07:06:54.918   523   554 E libprocessgroup: No such cgroup attribute: /sys/fs/cgroup/uid_4294877494/cgroup.freeze
06-24 07:06:54.918   523   554 W libprocessgroup: Failed to apply Unfrozen process profile: No such file or directory
06-24 07:06:54.920  1708  2420 I MediaProvider: End Intent { act=android.intent.action.PACKAGE_FULLY_REMOVED dat=package: flg=0x5000010 cmp=com.google.android.providers.media.module/com.android.providers.media.MediaService (has extras) }
06-24 07:06:54.921   842   914 D StylusManager: Stylus InputDevice changed: 7 virtio_input_multi_touch_4
06-24 07:06:54.926   523   765 D WifiConfigStore: Writing to stores completed in 3 ms.
06-24 07:06:54.926   523   765 I PasspointManager: No app ops listener found for dev.mobile.maestro
06-24 07:06:54.930   337   368 I netd    : tetherGetStats() -> {[]} <0.28ms>
06-24 07:06:54.936   337   368 I netd    : bandwidthRemoveInterfaceQuota(eth0) <0.50ms>
06-24 07:06:54.936   337   368 I netd    : bandwidthSetInterfaceQuota(eth0, 9223372036854775807) <0.29ms>
06-24 07:06:55.147     0     0 I logd    : start watching /data/system/packages.list ...
06-24 07:06:55.148     0     0 I logd    : ReadPackageList, total packages: 200
06-24 07:06:54.962   842   914 D StylusManager: Stylus InputDevice changed: 5 virtio_input_multi_touch_2
06-24 07:06:54.964   842   914 D StylusManager: Stylus InputDevice changed: 4 virtio_input_multi_touch_1
06-24 07:06:54.964   842   914 D StylusManager: Stylus InputDevice changed: 12 virtio_input_multi_touch_9
06-24 07:06:54.964   842   914 D StylusManager: Stylus InputDevice changed: 6 virtio_input_multi_touch_3
06-24 07:06:54.963   523   578 D PackageManager: Instant App installer not found with android.intent.action.INSTALL_INSTANT_APP_PACKAGE
06-24 07:06:54.964   523   578 D PackageManager: Clear ephemeral installer activity
06-24 07:06:54.965   523  3190 E TaskPersister: File error accessing recents directory (directory doesn't exist?).
06-24 07:06:54.988   523   553 W WindowMagnificationMgr: requestConnection duplicated request: connect=false, mConnectionState=DISCONNECTED
06-24 07:06:54.994   523  2179 D SafetySourceDataValidator: No cert check requested for package com.google.android.permissioncontroller
06-24 07:06:54.998   523   578 I ActivityManager: Force stopping dev.mobile.maestro.test appid=10198 user=0: pkg removed
06-24 07:06:54.998   523   578 E libprocessgroup: No such cgroup attribute: /sys/fs/cgroup/uid_10198/cgroup.freeze
06-24 07:06:54.998   523   578 W libprocessgroup: Failed to apply Frozen process profile: No such file or directory
06-24 07:06:54.999   523   578 E libprocessgroup: No such cgroup attribute: /sys/fs/cgroup/uid_10198/cgroup.freeze
06-24 07:06:54.999   523   578 W libprocessgroup: Failed to apply Unfrozen process profile: No such file or directory
06-24 07:06:55.027  1052  1052 D CarrierSvcBindHelper: onPackageRemoved: dev.mobile.maestro.test
06-24 07:06:55.029  1052  1052 D CarrierSvcBindHelper: No carrier app for: 0
06-24 07:06:55.034  4301  4301 V MediaPlayerList: mPackageChangedBroadcastReceiver: action: android.intent.action.PACKAGE_REMOVED
06-24 07:06:55.035  4301  4301 V MediaPlayerList: mPackageChangedBroadcastReceiver: action: android.intent.action.PACKAGE_REMOVED
06-24 07:06:55.040  5520  5520 D BoundBrokerSvc: onBind: Intent { act=com.google.android.gms.common.BIND_SHARED_PREFS pkg=com.google.android.gms }
06-24 07:06:55.040  5520  5520 D BoundBrokerSvc: Loading bound service for intent: Intent { act=com.google.android.gms.common.BIND_SHARED_PREFS pkg=com.google.android.gms }
06-24 07:06:55.041  1708  1708 W MediaProvider: WorkProfileOwnerApps cache is empty
06-24 07:06:55.045   842   842 D StatusBarIconController: ignoring old pipeline callbacks, because the new mobile icons are enabled
06-24 07:06:55.047  5520  5520 D BoundBrokerSvc: onUnbind: Intent { act=com.google.android.gms.common.BIND_SHARED_PREFS pkg=com.google.android.gms }
06-24 07:06:55.063   843   843 D PersistedStoragePackageUninstalledReceiver: Received android.intent.action.PACKAGE_FULLY_REMOVED for dev.mobile.maestro for u0
06-24 07:06:55.070   523   765 W WifiService: Couldn't get PackageInfo for package:dev.mobile.maestro.test
06-24 07:06:55.070   523   765 D WifiService: Remove settings for package:dev.mobile.maestro.test
06-24 07:06:55.071   523   765 D WifiConfigManager: Remove all networks for app ApplicationInfo{468f165 dev.mobile.maestro.test}
06-24 07:06:55.071   523   613 I RollbackManager: broadcast=ACTION_PACKAGE_FULLY_REMOVED pkg=dev.mobile.maestro.test
06-24 07:06:55.071   523   640 V StorageManagerService: Package dev.mobile.maestro.test does not have legacy storage
06-24 07:06:55.071   523   629 I InputReader: Reconfiguring input devices, changes=KEYBOARD_LAYOUTS
06-24 07:06:55.080   842   842 D ControlsListingControllerImpl: ServiceConfig reloaded, count: 0
06-24 07:06:55.082   523   765 D WifiConfigStore: Writing to stores completed in 5 ms.
06-24 07:06:55.083   523   765 I PasspointManager: No app ops listener found for dev.mobile.maestro.test
06-24 07:06:55.083   523   765 W WifiService: Couldn't get PackageInfo for package:dev.mobile.maestro.test
06-24 07:06:55.083   523   765 D WifiService: Remove settings for package:dev.mobile.maestro.test
06-24 07:06:55.083   523   765 D WifiConfigManager: Remove all networks for app ApplicationInfo{6be2843 dev.mobile.maestro.test}
06-24 07:06:55.085   523   778 E AppOps  : attributionTag VCN not declared in manifest of android
06-24 07:06:55.089   523   523 I Telecom : CarModeTracker: Package dev.mobile.maestro.test is not tracked.: SSH.oR@AYU🔒
06-24 07:06:55.090   523   523 I Telecom : InCallController: updateCarModeForConnections: car mode apps: : SSH.oR@AYU🔒
06-24 07:06:55.090   523   523 I Telecom : InCallController: update carmode current:UserHandle{0} parent:null: SSH.oR@AYU🔒
06-24 07:06:55.092   842   914 D StylusManager: Stylus InputDevice changed: 14 virtio_input_multi_touch_11
06-24 07:06:55.097  1107  1107 D Launcher.Model: package removed received dev.mobile.maestro
06-24 07:06:55.097  1107  1149 D PackageUpdatedTask: Removing app icondev.mobile.maestro
06-24 07:06:55.097  1646  1646 I AiAiEcho: AppFetcherImplV2 onPackageRemoved dev.mobile.maestro.
06-24 07:06:55.107  1107  1149 D ModelWriter: removing items from db . Reason: [removed because the corresponding package or component is removed. mOp=3 removedPackages=[dev.mobile.maestro] removedComponents=[]]
06-24 07:06:55.109   842   914 D StylusManager: Stylus InputDevice changed: 13 virtio_input_multi_touch_10
06-24 07:06:55.111   523   523 I ConditionProviders: Disallowing condition provider dev.mobile.maestro.test (userSet: true)
06-24 07:06:55.111   842   914 D StylusManager: Stylus InputDevice changed: 9 virtio_input_multi_touch_6
06-24 07:06:55.113   842   914 D StylusManager: Stylus InputDevice changed: 8 virtio_input_multi_touch_5
06-24 07:06:55.113   842   914 D StylusManager: Stylus InputDevice changed: 10 virtio_input_multi_touch_7
06-24 07:06:55.114   842   914 D StylusManager: Stylus InputDevice changed: 11 virtio_input_multi_touch_8
06-24 07:06:55.114   842   914 D StylusManager: Stylus InputDevice changed: 7 virtio_input_multi_touch_4
06-24 07:06:55.116   842   914 D StylusManager: Stylus InputDevice changed: 5 virtio_input_multi_touch_2
06-24 07:06:55.116   842   914 D StylusManager: Stylus InputDevice changed: 4 virtio_input_multi_touch_1
06-24 07:06:55.117   842   914 D StylusManager: Stylus InputDevice changed: 12 virtio_input_multi_touch_9
06-24 07:06:55.117   842   914 D StylusManager: Stylus InputDevice changed: 6 virtio_input_multi_touch_3
06-24 07:06:55.121  1646  2108 I AiAiEcho: EchoSearch: WidgetFetcherImpl is initialized with [28] widgets [reason=package removed for userId: 0]
06-24 07:06:55.129   400   415 D AF::TrackHandle: OpPlayAudio: track:56 usage:13 not muted
06-24 07:06:55.129   400   415 D AF::TrackHandle: OpPlayAudio: track:56 usage:13 not muted
06-24 07:06:55.129   400   415 D AF::TrackHandle: OpPlayAudio: track:56 usage:13 not muted
06-24 07:06:55.130   400   415 D AF::TrackHandle: OpPlayAudio: track:56 usage:13 not muted
06-24 07:06:55.130   400   415 D AF::TrackHandle: OpPlayAudio: track:56 usage:13 not muted
06-24 07:06:55.131   400   415 D AF::TrackHandle: OpPlayAudio: track:56 usage:13 not muted
06-24 07:06:55.131   400   415 D AF::TrackHandle: OpPlayAudio: track:56 usage:13 not muted
06-24 07:06:55.131   400   415 D AF::TrackHandle: OpPlayAudio: track:56 usage:13 not muted
06-24 07:06:55.132   400   415 D AF::TrackHandle: OpPlayAudio: track:56 usage:13 not muted
06-24 07:06:55.132   400   415 D AF::TrackHandle: OpPlayAudio: track:56 usage:13 not muted
06-24 07:06:55.133   400   415 D AF::TrackHandle: OpPlayAudio: track:56 usage:13 not muted
06-24 07:06:55.133   400   416 D AF::TrackHandle: OpPlayAudio: track:56 usage:13 not muted
06-24 07:06:55.134   400   416 D AF::TrackHandle: OpPlayAudio: track:56 usage:13 not muted
06-24 07:06:55.134   400   416 D AF::TrackHandle: OpPlayAudio: track:56 usage:13 not muted
06-24 07:06:55.134   400   416 D AF::TrackHandle: OpPlayAudio: track:56 usage:13 not muted
06-24 07:06:55.135   400   416 D AF::TrackHandle: OpPlayAudio: track:56 usage:13 not muted
06-24 07:06:55.143  1708  2420 I MediaProvider: Begin Intent { act=android.intent.action.PACKAGE_FULLY_REMOVED dat=package: flg=0x5000010 cmp=com.google.android.providers.media.module/com.android.providers.media.MediaService (has extras) }
06-24 07:06:55.143  1708  2420 D MediaProvider: Deleted 0 Android/media items belonging to dev.mobile.maestro.test on /data/user/0/com.google.android.providers.media.module/databases/external.db
06-24 07:06:55.146   523   533 I system_server: Background concurrent copying GC freed 282122(14MB) AllocSpace objects, 32(1096KB) LOS objects, 43% free, 31MB/55MB, paused 65us,42us total 363.399ms
06-24 07:06:55.149  1708  2420 D MediaGrants: Removed 0 media_grants for 0 user for dev.mobile.maestro.test. Reason: Package orphaned
06-24 07:06:55.150  1708  2420 I MediaProvider: End Intent { act=android.intent.action.PACKAGE_FULLY_REMOVED dat=package: flg=0x5000010 cmp=com.google.android.providers.media.module/com.android.providers.media.MediaService (has extras) }
06-24 07:06:55.157   523   765 D WifiConfigStore: Writing to stores completed in 72 ms.
06-24 07:06:55.158   337   368 I netd    : tetherGetStats() -> {[]} <0.25ms>
06-24 07:06:55.162   523   765 I PasspointManager: No app ops listener found for dev.mobile.maestro.test
06-24 07:06:55.176  1646  1968 I AiAiEcho: [pnb-agg] Reload pnb aggregation on events deleted
06-24 07:06:55.176  1646  1968 I AiAiEcho: [pnb-agg] pnb aggregation disabled.
06-24 07:06:55.185  5520  5520 D BoundBrokerSvc: onBind: Intent { act=com.google.android.gms.common.BIND_SHARED_PREFS pkg=com.google.android.gms }
06-24 07:06:55.185  5520  5520 D BoundBrokerSvc: Loading bound service for intent: Intent { act=com.google.android.gms.common.BIND_SHARED_PREFS pkg=com.google.android.gms }
06-24 07:06:55.187  5520  5520 D BoundBrokerSvc: onUnbind: Intent { act=com.google.android.gms.common.BIND_SHARED_PREFS pkg=com.google.android.gms }
06-24 07:06:55.194  5520  7335 I BlockstoreStorage: Clearing all the Blockstore Data for package dev.mobile.maestro [CONTEXT service_id=258 ]
