06-24 07:06:55.194  5520  7335 I BlockstoreStorage: Clearing all the Blockstore Data for 1 packages [CONTEXT service_id=258 ]
06-24 07:06:55.196   523  1710 D SafetySourceDataValidator: No cert check requested for package com.google.android.permissioncontroller
06-24 07:06:55.199   843  7333 E RoleControllerServiceImpl: Default/fallback role holder package doesn't qualify for the role, package: com.google.android.gms.supervision, role: android.app.role.SYSTEM_SUPERVISION
06-24 07:06:55.199   523   553 W WindowMagnificationMgr: requestConnection duplicated request: connect=false, mConnectionState=DISCONNECTED
06-24 07:06:55.203  5520  6853 I ContentMaintenance: Internal cache bytes used: 0; limit: 100000000; download size: 0
06-24 07:06:55.209   843  7333 I Role    : com.google.android.gms not qualified for android.app.role.SYSTEM_CALL_STREAMING due to missing RequiredComponent{mIntentFilterData=IntentFilterData{mAction='android.telecom.CallStreamingService', mCategories='[]', mDataScheme='null', mDataType='null'}, mMinTargetSdkVersion=1, mFlags='0', mPermission='android.permission.BIND_CALL_STREAMING_SERVICE', mQueryFlags=0, mMetaData=[]}
06-24 07:06:55.209   843  7333 E RoleControllerServiceImpl: Default/fallback role holder package doesn't qualify for the role, package: com.google.android.gms, role: android.app.role.SYSTEM_CALL_STREAMING
06-24 07:06:55.210   843  7333 W Role    : Default holder doesn't have required signing certificate: com.google.android.apps.work.clouddpc:23962F4B43B9857638EA66F4D419518EAE282491ACDA4B94707BD59003C45E58
06-24 07:06:55.211   843   843 D PersistedStoragePackageUninstalledReceiver: Received android.intent.action.PACKAGE_FULLY_REMOVED for dev.mobile.maestro.test for u0
06-24 07:06:55.225  5520  5555 I Icing   : doRemovePackageData dev.mobile.maestro
06-24 07:06:55.226  5520  7336 W SQLiteLog: (28) double-quoted string literal: "dev.mobile.maestro"
06-24 07:06:55.228  1107  1107 D Launcher.Model: package removed received dev.mobile.maestro.test
06-24 07:06:55.228  1107  1149 D PackageUpdatedTask: Removing app icondev.mobile.maestro.test
06-24 07:06:55.229  1646  1646 I AiAiEcho: AppFetcherImplV2 onPackageRemoved dev.mobile.maestro.test.
06-24 07:06:55.238  5520  6853 I RealtimeCacheCleanup: Beginning Realtime garbage collection.
06-24 07:06:55.238  5520  6853 I RealtimeCacheCleanup: Finished Realtime garbage collection.
06-24 07:06:55.239  1107  1149 D ModelWriter: removing items from db . Reason: [removed because the corresponding package or component is removed. mOp=3 removedPackages=[dev.mobile.maestro.test] removedComponents=[]]
06-24 07:06:55.239  1646  2108 I AiAiEcho: EchoSearch: WidgetFetcherImpl is initialized with [28] widgets [reason=package removed for userId: 0]
06-24 07:06:55.242  5453  7347 I ProximityAuth: [RecentAppsMediator] Package removed: (user=UserHandle{0}) dev.mobile.maestro
06-24 07:06:55.248  5520  5633 I Icing   : IndexChimeraService.getServiceInterface callingPackage=com.google.android.gms componentName=AppsCorpus serviceId=36
06-24 07:06:55.254  5520  7334 I BlockstoreStorage: Clearing all the Blockstore Data for package dev.mobile.maestro.test [CONTEXT service_id=258 ]
06-24 07:06:55.254  5520  7334 I BlockstoreStorage: Clearing all the Blockstore Data for 1 packages [CONTEXT service_id=258 ]
06-24 07:06:55.264  5520  7363 W SQLiteLog: (28) double-quoted string literal: "dev.mobile.maestro.test"
06-24 07:06:55.266  5453  7350 I Fitness : FitCleanupIntentOperation received Intent android.intent.action.PACKAGE_REMOVED [CONTEXT service_id=17 ]
06-24 07:06:55.268   523   826 W ProcessStats: Tracking association SourceState{f77b588 com.google.android.googlequicksearchbox:search/10132 Service #14759} whose proc state 8 is better than process ProcessState{54c5532 com.google.android.gms/10131 pkg=com.google.android.gms} proc state 14 (210 skipped)
06-24 07:06:55.271  5453  7356 I ProximityAuth: [RecentAppsMediator] Package removed: (user=UserHandle{0}) dev.mobile.maestro.test
06-24 07:06:55.283  1646  1968 I AiAiEcho: [pnb-agg] Reload pnb aggregation on events deleted
06-24 07:06:55.285  1646  1968 I AiAiEcho: [pnb-agg] pnb aggregation disabled.
06-24 07:06:55.292  1560  1652 W AppInfoHelper: <DWB> Application not found: dev.mobile.maestro.test
06-24 07:06:55.292  1560  1652 W AppInfoHelper: android.content.pm.PackageManager$NameNotFoundException: dev.mobile.maestro.test
06-24 07:06:55.292  1560  1652 W AppInfoHelper: 	at android.app.ApplicationPackageManager.getApplicationInfoAsUser(ApplicationPackageManager.java:507)
06-24 07:06:55.292  1560  1652 W AppInfoHelper: 	at android.app.ApplicationPackageManager.getApplicationInfo(ApplicationPackageManager.java:490)
06-24 07:06:55.292  1560  1652 W AppInfoHelper: 	at android.app.ApplicationPackageManager.getApplicationInfo(ApplicationPackageManager.java:484)
06-24 07:06:55.292  1560  1652 W AppInfoHelper: 	at czo.e(PG:2)
06-24 07:06:55.292  1560  1652 W AppInfoHelper: 	at czo.f(PG:7)
06-24 07:06:55.292  1560  1652 W AppInfoHelper: 	at crm.f(PG:14)
06-24 07:06:55.292  1560  1652 W AppInfoHelper: 	at cdm.apply(PG:74)
06-24 07:06:55.292  1560  1652 W AppInfoHelper: 	at j$.util.stream.i.accept(SourceFile:27)
06-24 07:06:55.292  1560  1652 W AppInfoHelper: 	at j$.util.stream.P0.accept(SourceFile:3)
06-24 07:06:55.292  1560  1652 W AppInfoHelper: 	at j$.util.a.forEachRemaining(SourceFile:20)
06-24 07:06:55.292  1560  1652 W AppInfoHelper: 	at j$.util.stream.c.v(SourceFile:21)
06-24 07:06:55.292  1560  1652 W AppInfoHelper: 	at j$.util.stream.c.C(SourceFile:8)
06-24 07:06:55.292  1560  1652 W AppInfoHelper: 	at j$.util.stream.I0.e(SourceFile:1)
06-24 07:06:55.292  1560  1652 W AppInfoHelper: 	at j$.util.stream.c.F(SourceFile:35)
06-24 07:06:55.292  1560  1652 W AppInfoHelper: 	at j$.util.stream.g1.collect(SourceFile:83)
06-24 07:06:55.292  1560  1652 W AppInfoHelper: 	at bsv.a(PG:14)
06-24 07:06:55.292  1560  1652 W AppInfoHelper: 	at jza.a(PG:30)
06-24 07:06:55.292  1560  1652 W AppInfoHelper: 	at jza.a(PG:42)
06-24 07:06:55.292  1560  1652 W AppInfoHelper: 	at lne.a(PG:1)
06-24 07:06:55.292  1560  1652 W AppInfoHelper: 	at lmk.run(PG:4)
06-24 07:06:55.292  1560  1652 W AppInfoHelper: 	at lng.run(PG:1)
06-24 07:06:55.292  1560  1652 W AppInfoHelper: 	at llo.run(PG:3)
06-24 07:06:55.292  1560  1652 W AppInfoHelper: 	at idn.run(PG:5)
06-24 07:06:55.292  1560  1652 W AppInfoHelper: 	at java.util.concurrent.ThreadPoolExecutor.runWorker(ThreadPoolExecutor.java:1145)
06-24 07:06:55.292  1560  1652 W AppInfoHelper: 	at java.util.concurrent.ThreadPoolExecutor$Worker.run(ThreadPoolExecutor.java:644)
06-24 07:06:55.292  1560  1652 W AppInfoHelper: 	at huo.run(PG:51)
06-24 07:06:55.292  1560  1652 W AppInfoHelper: 	at java.lang.Thread.run(Thread.java:1012)
06-24 07:06:55.292  1560  1652 W AppInfoHelper: 	at idx.run(PG:5)
06-24 07:06:55.302  5453  7371 I Fitness : FitCleanupIntentOperation received Intent android.intent.action.PACKAGE_REMOVED [CONTEXT service_id=17 ]
06-24 07:06:55.316  1627  1627 I GsaVoiceInteractionSrv: O received Intent { act=android.intent.action.PACKAGE_REMOVED dat=package: flg=0x4000010 (has extras) }
06-24 07:06:55.318  1627  1627 I GsaVoiceInteractionSrv: O received Intent { act=android.intent.action.PACKAGE_REMOVED dat=package: flg=0x4000010 (has extras) }
06-24 07:06:55.322  5520  5641 I Icing   : IndexChimeraService.getServiceInterface callingPackage=com.google.android.gms componentName=null serviceId=30
06-24 07:06:55.324   523  2674 D CompatibilityChangeReporter: Compat change id reported: 161252188; UID 10192; state: DISABLED
06-24 07:06:55.329  1722  2621 W SearchServiceCore: Abort, client detached.
06-24 07:06:55.338  5520  6853 I Icing   : Usage reports ok 1, Failed Usage reports 0, indexed 0, rejected 0
06-24 07:06:55.338  5520  6853 I Icing   : doRemovePackageData dev.mobile.maestro.test
06-24 07:06:55.399  5520  6853 I Icing   : Usage reports ok 0, Failed Usage reports 0, indexed 0, rejected 0
06-24 07:06:55.404  7378  7378 W BpBinder: Linking to death on android.gui.ISurfaceComposer but there are no threads (yet?) listening to incoming transactions. See ProcessState::startThreadPool and ProcessState::setThreadPoolMaxThreadCount. Generally you should setup the binder threadpool before other initialization steps.
06-24 07:06:55.405  7378  7378 W ProcessState: Extra binder thread started, but 0 threads requested. Do not use *startThreadPool when zero threads are requested.
06-24 07:06:55.411  5520  6853 I Icing   : Indexing com.google.android.gms-apps from com.google.android.gms
06-24 07:06:55.413   134   134 I hwservicemanager: getTransport: Cannot find entry android.hardware.graphics.mapper@4.0::IMapper/default in either framework or device VINTF manifest.
06-24 07:06:55.413  7378  7380 I Gralloc4: mapper 4.x is not supported
06-24 07:06:55.600     0     0 I servicemanager: Could not find android.hardware.graphics.allocator.IAllocator/default in the VINTF manifest.
06-24 07:06:55.424  5520  6853 I Icing   : Indexing done com.google.android.gms-apps
06-24 07:06:55.424  5520  6853 I Icing   : Indexing com.google.android.gms-apps from com.google.android.gms
06-24 07:06:55.425  5520  6853 I Icing   : Indexing done com.google.android.gms-apps
06-24 07:06:55.539   842   842 D TileServices: Couldn't find tile for ComponentInfo{com.google.android.apps.wellbeing/com.google.android.apps.wellbeing.focusmode.quicksettings.FocusModeTileService}(0)
06-24 07:06:55.566   842   842 D TileServices: Couldn't find tile for ComponentInfo{com.google.android.apps.wellbeing/com.google.android.apps.wellbeing.focusmode.quicksettings.FocusModeTileService}(0)
06-24 07:06:55.594  7381  7381 D AndroidRuntime: >>>>>> START com.android.internal.os.RuntimeInit uid 2000 <<<<<<
06-24 07:06:55.595   842   842 D StatusBarIconController: ignoring old pipeline callback because the new wifi icon is enabled
06-24 07:06:55.599  7381  7381 I AndroidRuntime: Using default boot image
06-24 07:06:55.599  7381  7381 I AndroidRuntime: Leaving lock profiling enabled
06-24 07:06:55.602  7381  7381 I app_process: Core platform API reporting enabled, enforcing=false
06-24 07:06:55.603  7381  7381 I app_process: Using CollectorTypeCC GC.
06-24 07:06:55.707  7381  7381 D nativeloader: InitDefaultPublicLibraries for_preload=1: libandroid.so:libaaudio.so:libamidi.so:libbinder_ndk.so:libc.so:libcamera2ndk.so:libdl.so:libEGL.so:libGLESv1_CM.so:libGLESv2.so:libGLESv3.so:libicu.so:libicui18n.so:libicuuc.so:libjnigraphics.so:liblog.so:libmediandk.so:libm.so:libnativehelper.so:libnativewindow.so:libOpenMAXAL.so:libOpenSLES.so:libRS.so:libstdc++.so:libsync.so:libvulkan.so:libwebviewchromium_plat_support.so:libz.so
06-24 07:06:55.715  7381  7381 D app_process: Time zone APEX ICU file found: /apex/com.android.tzdata/etc/icu/icu_tzdata.dat
06-24 07:06:55.715  7381  7381 D app_process: I18n APEX ICU file found: /apex/com.android.i18n/etc/icu/icudt72l.dat
06-24 07:06:55.720  7381  7381 W app_process: Unexpected CPU variant for x86: x86_64.
06-24 07:06:55.720  7381  7381 W app_process: Known variants: atom, sandybridge, silvermont, goldmont, goldmont-plus, tremont, kabylake, default
06-24 07:06:55.722  7381  7381 W app_process: ClassLoaderContext shared library size mismatch. Expected=2, found=0 (PCL[]{PCL[/system/framework/android.test.base.jar*836642756]#PCL[/system/framework/android.test.mock.jar*3186112116]} | PCL[])
06-24 07:06:55.723  7381  7381 W app_process: ClassLoaderContext classpath size mismatch. expected=0, found=1 (PCL[]{PCL[/system/framework/android.test.runner.jar*4168958247]{PCL[/system/framework/android.test.base.jar*836642756]#PCL[/system/framework/android.test.mock.jar*3186112116]}#PCL[/system/framework/android.test.base.jar*836642756]} | PCL[/system/framework/android.test.runner.jar*4168958247])
06-24 07:06:55.737  7381  7381 W libc    : Access denied finding property "ro.product.name_for_attestation"
06-24 07:06:55.737  7381  7381 W libc    : Access denied finding property "ro.product.brand_for_attestation"
06-24 07:06:55.737  7381  7381 W libc    : Access denied finding property "ro.product.model_for_attestation"
06-24 07:06:55.738  7381  7381 D AndroidRuntime: Calling main entry com.android.commands.uiautomator.Launcher
06-24 07:06:55.731  7381  7381 W main    : type=1400 audit(0.0:68): avc:  denied  { read } for  name="u:object_r:build_attestation_prop:s0" dev="tmpfs" ino=86 scontext=u:r:shell:s0 tcontext=u:object_r:build_attestation_prop:s0 tclass=file permissive=0
06-24 07:06:55.731  7381  7381 W main    : type=1400 audit(0.0:69): avc:  denied  { read } for  name="u:object_r:build_attestation_prop:s0" dev="tmpfs" ino=86 scontext=u:r:shell:s0 tcontext=u:object_r:build_attestation_prop:s0 tclass=file permissive=0
06-24 07:06:55.731  7381  7381 W main    : type=1400 audit(0.0:70): avc:  denied  { read } for  name="u:object_r:build_attestation_prop:s0" dev="tmpfs" ino=86 scontext=u:r:shell:s0 tcontext=u:object_r:build_attestation_prop:s0 tclass=file permissive=0
06-24 07:06:55.747  7381  7381 D UiAutomationConnection: Created on user UserHandle{0}
06-24 07:06:55.747  7381  7381 I UiAutomation: Initialized for user 0 on display 0
06-24 07:06:55.747  7381  7381 W UiAutomation: Created with deprecatead constructor, assumes DEFAULT_DISPLAY
06-24 07:06:55.748   523   908 D AccessibilityManagerService: changeCurrentUserForTestAutomationIfNeededLocked(0): ignoring because device doesn't support visible background users
06-24 07:06:55.748   523   908 I UiAutomationManager: Registering UiTestAutomationService (id=com.android.server.accessibility/UiAutomation) when called by user 0
06-24 07:06:55.749   523   908 W WindowMagnificationMgr: requestConnection duplicated request: connect=false, mConnectionState=DISCONNECTED
06-24 07:06:55.750  1646  6239 I AiAiEcho: Settings changed for uri: content://settings/secure/accessibility_enabled
06-24 07:06:55.750   523   523 D BatterySaverPolicy: accessibility changed to true, updating policy.
06-24 07:06:55.750  7381  7395 V UiAutomation: Init UiAutomation@34df3e[id=7, displayId=0, flags=0]
06-24 07:06:55.751  1722  2307 I A       : NGA disabled since it's running Panthera and at least one a11y feature is on.
06-24 07:06:55.751  1722  2307 I A       : Nga state changed to NgaStateDetails{state=DISABLED, isSpecialExperience=false}
06-24 07:06:55.752  1646  1968 I AiAiEcho: Predicting[0]: 
06-24 07:06:55.752  1646  1968 I AiAiEcho: EchoTargets: 
06-24 07:06:55.752  1646  1968 I AiAiEcho: Filtered by AiAi flag check: 
06-24 07:06:55.752  1646  1968 I AiAiEcho: Ranked targets strategy: SORT, count: 0, ranking metadata: 
06-24 07:06:55.752  1646  1968 I AiAiEcho: Predicting[0]: 
06-24 07:06:55.752  1646  1968 I AiAiEcho: EchoTargets: 
06-24 07:06:55.752  1646  1968 I AiAiEcho: Filtered by AiAi flag check: 
06-24 07:06:55.752  1646  1968 I AiAiEcho: Ranked targets strategy: SORT, count: 0, ranking metadata: 
06-24 07:06:55.752  1646  1968 I AiAiEcho: #postPredictionTargets: Sending updates to UISurface lockscreen with targets# 0 (types=[])
06-24 07:06:55.753  1646  1968 I AiAiEcho: #postPredictionTargets: Sending updates to UISurface home with targets# 0 (types=[])
06-24 07:06:55.753   842   842 W PageIndicator: Total number of pages invalid: 0. Assuming 1 page.
06-24 07:06:55.754  1627  2768 I A       : APA or Classic session decision: SessionDecision(sessionVariance=CLASSIC, platformVariance=CLASSIC, justification=CURRENT_PLATFORM_VARIANCE).
06-24 07:06:55.755  1627  2768 I A       : [Memory] eligibility: StashEligibility{4}
06-24 07:06:55.755  1627  2078 I A       : Unsubscribed to apa or classic variant change.
06-24 07:06:55.761   523   908 W WindowMagnificationMgr: requestConnection duplicated request: connect=false, mConnectionState=DISCONNECTED
06-24 07:06:55.763  1646  6239 I AiAiEcho: Settings changed for uri: content://settings/secure/accessibility_enabled
06-24 07:06:55.764  1646  1968 I AiAiEcho: Predicting[0]: 
06-24 07:06:55.764  1646  1968 I AiAiEcho: EchoTargets: 
06-24 07:06:55.764  1646  1968 I AiAiEcho: Filtered by AiAi flag check: 
06-24 07:06:55.765  1646  1968 I AiAiEcho: Ranked targets strategy: SORT, count: 0, ranking metadata: 
06-24 07:06:55.765  1646  1968 I AiAiEcho: Predicting[0]: 
06-24 07:06:55.765  1646  1968 I AiAiEcho: EchoTargets: 
06-24 07:06:55.765  1646  1968 I AiAiEcho: Filtered by AiAi flag check: 
06-24 07:06:55.765  1646  1968 I AiAiEcho: Ranked targets strategy: SORT, count: 0, ranking metadata: 
06-24 07:06:55.766  1646  1968 I AiAiEcho: #postPredictionTargets: Sending updates to UISurface lockscreen with targets# 0 (types=[])
06-24 07:06:55.766  1646  1968 I AiAiEcho: #postPredictionTargets: Sending updates to UISurface home with targets# 0 (types=[])
06-24 07:06:55.766   842   842 W PageIndicator: Total number of pages invalid: 0. Assuming 1 page.
06-24 07:06:55.768   523   908 D SafetySourceDataValidator: No cert check requested for package com.google.android.permissioncontroller
06-24 07:06:55.892   523   619 I RoleService: Granting default roles...
06-24 07:06:55.901   843  7333 E RoleControllerServiceImpl: Default/fallback role holder package doesn't qualify for the role, package: com.google.android.gms.supervision, role: android.app.role.SYSTEM_SUPERVISION
06-24 07:06:55.902   843  7333 I Role    : com.google.android.gms not qualified for android.app.role.SYSTEM_CALL_STREAMING due to missing RequiredComponent{mIntentFilterData=IntentFilterData{mAction='android.telecom.CallStreamingService', mCategories='[]', mDataScheme='null', mDataType='null'}, mMinTargetSdkVersion=1, mFlags='0', mPermission='android.permission.BIND_CALL_STREAMING_SERVICE', mQueryFlags=0, mMetaData=[]}
06-24 07:06:55.902   843  7333 E RoleControllerServiceImpl: Default/fallback role holder package doesn't qualify for the role, package: com.google.android.gms, role: android.app.role.SYSTEM_CALL_STREAMING
06-24 07:06:55.903   843  7333 W Role    : Default holder doesn't have required signing certificate: com.google.android.apps.work.clouddpc:23962F4B43B9857638EA66F4D419518EAE282491ACDA4B94707BD59003C45E58
06-24 07:06:56.281  7112  7130 D EGL_emulation: app_time_stats: avg=498.94ms min=496.92ms max=501.99ms count=3
06-24 07:06:56.766  7381  7381 I AccessibilityNodeInfoDumper: Skipping invisible child: android.view.accessibility.AccessibilityNodeInfo@128a9; boundsInParent: Rect(0, 0 - 320, 0); boundsInScreen: Rect(0, 0 - 320, 0); boundsInWindow: Rect(0, 0 - 320, 0); packageName: com.hanapkalinga.mobile; className: android.widget.LinearLayout; text: null; error: null; maxTextLength: -1; stateDescription: null; contentDescription: null; tooltipText: null; containerTitle: null; viewIdResName: null; uniqueId: null; checkable: false; checked: false; focusable: false; focused: false; selected: false; clickable: false; longClickable: false; contextClickable: false; enabled: true; password: false; scrollable: false; importantForAccessibility: false; visible: false; actions: [AccessibilityAction: ACTION_SELECT - null, AccessibilityAction: ACTION_CLEAR_SELECTION - null, AccessibilityAction: ACTION_ACCESSIBILITY_FOCUS - null, AccessibilityAction: ACTION_SHOW_ON_SCREEN - null]; isTextSelectable: false
06-24 07:06:56.766  7381  7381 I AccessibilityNodeInfoDumper: Skipping invisible child: android.view.accessibility.AccessibilityNodeInfo@124e8; boundsInParent: Rect(0, 0 - 320, 0); boundsInScreen: Rect(0, 0 - 320, 0); boundsInWindow: Rect(0, 0 - 320, 0); packageName: com.hanapkalinga.mobile; className: android.view.ViewGroup; text: null; error: null; maxTextLength: -1; stateDescription: null; contentDescription: null; tooltipText: null; containerTitle: null; viewIdResName: null; uniqueId: null; checkable: false; checked: false; focusable: false; focused: false; selected: false; clickable: false; longClickable: false; contextClickable: false; enabled: true; password: false; scrollable: false; importantForAccessibility: false; visible: false; actions: [AccessibilityAction: ACTION_SELECT - null, AccessibilityAction: ACTION_CLEAR_SELECTION - null, AccessibilityAction: ACTION_ACCESSIBILITY_FOCUS - null, AccessibilityAction: ACTION_SHOW_ON_SCREEN - null]; isTextSelectable: false
06-24 07:06:56.766  7381  7381 I AccessibilityNodeInfoDumper: Skipping invisible child: android.view.accessibility.AccessibilityNodeInfo@1a48a; boundsInParent: Rect(0, 0 - 320, 0); boundsInScreen: Rect(0, 0 - 320, 0); boundsInWindow: Rect(0, 0 - 320, 0); packageName: com.hanapkalinga.mobile; className: android.widget.LinearLayout; text: null; error: null; maxTextLength: -1; stateDescription: null; contentDescription: null; tooltipText: null; containerTitle: null; viewIdResName: null; uniqueId: null; checkable: false; checked: false; focusable: false; focused: false; selected: false; clickable: false; longClickable: false; contextClickable: false; enabled: true; password: false; scrollable: false; importantForAccessibility: false; visible: false; actions: [AccessibilityAction: ACTION_SELECT - null, AccessibilityAction: ACTION_CLEAR_SELECTION - null, AccessibilityAction: ACTION_ACCESSIBILITY_FOCUS - null, AccessibilityAction: ACTION_SHOW_ON_SCREEN - null]; isTextSelectable: false
06-24 07:06:56.766  7381  7381 I AccessibilityNodeInfoDumper: Skipping invisible child: android.view.accessibility.AccessibilityNodeInfo@1a0c9; boundsInParent: Rect(0, 0 - 320, 0); boundsInScreen: Rect(0, 0 - 320, 0); boundsInWindow: Rect(0, 0 - 320, 0); packageName: com.hanapkalinga.mobile; className: android.view.ViewGroup; text: null; error: null; maxTextLength: -1; stateDescription: null; contentDescription: null; tooltipText: null; containerTitle: null; viewIdResName: null; uniqueId: null; checkable: false; checked: false; focusable: false; focused: false; selected: false; clickable: false; longClickable: false; contextClickable: false; enabled: true; password: false; scrollable: false; importantForAccessibility: false; visible: false; actions: [AccessibilityAction: ACTION_SELECT - null, AccessibilityAction: ACTION_CLEAR_SELECTION - null, AccessibilityAction: ACTION_ACCESSIBILITY_FOCUS - null, AccessibilityAction: ACTION_SHOW_ON_SCREEN - null]; isTextSelectable: false
06-24 07:06:56.783  7381  7381 I AccessibilityNodeInfoDumper: Skipping invisible child: android.view.accessibility.AccessibilityNodeInfo@182c1; boundsInParent: Rect(0, 0 - 1, 1); boundsInScreen: Rect(20, 348 - 21, 349); boundsInWindow: Rect(20, 348 - 21, 349); packageName: com.hanapkalinga.mobile; className: android.view.ViewGroup; text: null; error: null; maxTextLength: -1; stateDescription: null; contentDescription: null; tooltipText: null; containerTitle: null; viewIdResName: login_captcha_ready; uniqueId: null; checkable: false; checked: false; focusable: false; focused: false; selected: false; clickable: false; longClickable: false; contextClickable: false; enabled: true; password: false; scrollable: false; importantForAccessibility: true; visible: false; actions: [AccessibilityAction: ACTION_SELECT - null, AccessibilityAction: ACTION_CLEAR_SELECTION - null, AccessibilityAction: ACTION_ACCESSIBILITY_FOCUS - null, AccessibilityAction: ACTION_SHOW_ON_SCREEN - null]; isTextSelectable: false
06-24 07:06:56.790  7381  7381 W AccessibilityNodeInfoDumper: Fetch time: 26ms
06-24 07:06:56.791  1646  6239 I AiAiEcho: Settings changed for uri: content://settings/secure/accessibility_enabled
06-24 07:06:56.791   523   908 W WindowMagnificationMgr: requestConnection duplicated request: connect=false, mConnectionState=DISCONNECTED
06-24 07:06:56.791   523   908 D AccessibilityManagerService: restoreCurrentUserForTestAutomationIfNeededLocked(): ignoring because device doesn't support visible background users
06-24 07:06:56.792  1646  1968 I AiAiEcho: Predicting[0]: 
06-24 07:06:56.792  1646  1968 I AiAiEcho: EchoTargets: 
06-24 07:06:56.792  1646  1968 I AiAiEcho: Filtered by AiAi flag check: 
06-24 07:06:56.792  1646  1968 I AiAiEcho: Ranked targets strategy: SORT, count: 0, ranking metadata: 
06-24 07:06:56.792   523   523 D BatterySaverPolicy: accessibility changed to false, updating policy.
06-24 07:06:56.792  1646  1968 I AiAiEcho: Predicting[0]: 
06-24 07:06:56.792  1646  1968 I AiAiEcho: EchoTargets: 
06-24 07:06:56.792  1646  1968 I AiAiEcho: Filtered by AiAi flag check: 
06-24 07:06:56.792  1646  1968 I AiAiEcho: Ranked targets strategy: SORT, count: 0, ranking metadata: 
06-24 07:06:56.794  7381  7381 D AndroidRuntime: Shutting down VM
06-24 07:06:56.795  1646  1968 I AiAiEcho: #postPredictionTargets: Sending updates to UISurface lockscreen with targets# 0 (types=[])
06-24 07:06:56.795  1722  2309 I A       : NGA enabled in interactor.
06-24 07:06:56.795  1722  2309 I A       : Nga state changed to NgaStateDetails{state=ENABLED, isSpecialExperience=false}
06-24 07:06:56.795  1646  1968 I AiAiEcho: #postPredictionTargets: Sending updates to UISurface home with targets# 0 (types=[])
06-24 07:06:56.800  1627  1644 I A       : Initializing all components
06-24 07:06:56.800  1627  1644 I A       : APA or Classic session decision: SessionDecision(sessionVariance=CLASSIC, platformVariance=CLASSIC, justification=CURRENT_PLATFORM_VARIANCE).
06-24 07:06:56.800  1627  1644 I A       : [Memory] eligibility: StashEligibility{6}
06-24 07:06:56.802  1627  2078 I A       : onIsEnabledChanged, isEnabled: false
06-24 07:06:56.802  1627  2078 W A       : Disposing empty manager. Did you forgot to subscribe observables?
06-24 07:06:56.802  1627  2078 W A       : Disposing empty manager. Did you forgot to subscribe observables?
06-24 07:06:56.802  1627  2078 W A       : Disposing empty manager. Did you forgot to subscribe observables?
06-24 07:06:56.802  1627  2078 W A       : Disposing empty manager. Did you forgot to subscribe observables?
06-24 07:06:56.802  1627  2078 W A       : Disposing empty manager. Did you forgot to subscribe observables?
06-24 07:06:56.802  1627  2078 W A       : Disposing empty manager. Did you forgot to subscribe observables?
06-24 07:06:56.802  1627  2078 W A       : Disposing empty manager. Did you forgot to subscribe observables?
06-24 07:06:56.802  1627  2078 W A       : Disposing empty manager. Did you forgot to subscribe observables?
06-24 07:06:56.802  1627  2078 W A       : Disposing empty manager. Did you forgot to subscribe observables?
06-24 07:06:56.802  1627  2078 W A       : Disposing empty manager. Did you forgot to subscribe observables?
06-24 07:06:56.802  1627  2078 I A       : onOpaVisibilityChanged: false
06-24 07:06:56.802  1627  2078 W A       : Disposing empty manager. Did you forgot to subscribe observables?
06-24 07:06:56.802  1627  2078 W A       : Disposing empty manager. Did you forgot to subscribe observables?
06-24 07:06:56.802  1627  2078 W A       : Disposing empty manager. Did you forgot to subscribe observables?
06-24 07:06:56.802  1627  2078 W A       : Disposing empty manager. Did you forgot to subscribe observables?
06-24 07:06:56.802  1627  2078 W A       : Disposing empty manager. Did you forgot to subscribe observables?
06-24 07:06:56.802  1627  2078 W A       : Disposing empty manager. Did you forgot to subscribe observables?
06-24 07:06:56.802  1627  2078 I A       : Setting session to type: NO_SESSION
06-24 07:06:56.802  1627  2078 W A       : Disposing empty manager. Did you forgot to subscribe observables?
06-24 07:06:56.802  1627  2078 W A       : Disposing empty manager. Did you forgot to subscribe observables?
06-24 07:06:56.803  1627  2078 W A       : Disposing empty manager. Did you forgot to subscribe observables?
06-24 07:06:56.803  1627  2078 W A       : Disposing empty manager. Did you forgot to subscribe observables?
06-24 07:06:56.803  1627  2078 W A       : Disposing empty manager. Did you forgot to subscribe observables?
06-24 07:06:56.803  1627  2078 W A       : Disposing empty manager. Did you forgot to subscribe observables?
06-24 07:06:56.803  1627  2078 W A       : Disposing empty manager. Did you forgot to subscribe observables?
06-24 07:06:56.803  1627  2078 W A       : Disposing empty manager. Did you forgot to subscribe observables?
06-24 07:06:56.803   842   842 W PageIndicator: Total number of pages invalid: 0. Assuming 1 page.
06-24 07:06:56.803  1627  2078 I A       : setNavBarVisible: GestureNavBarVisible{navbarVisible=true}
06-24 07:06:56.803  1627  2078 W A       : Disposing empty manager. Did you forgot to subscribe observables?
06-24 07:06:56.803  1627  2078 W A       : Disposing empty manager. Did you forgot to subscribe observables?
06-24 07:06:56.803  1627  2078 W A       : Disposing empty manager. Did you forgot to subscribe observables?
06-24 07:06:56.804  1627  2078 W A       : Disposing empty manager. Did you forgot to subscribe observables?
06-24 07:06:56.804  1627  2078 W A       : Disposing empty manager. Did you forgot to subscribe observables?
06-24 07:06:56.804  1627  2078 W A       : Disposing empty manager. Did you forgot to subscribe observables?
06-24 07:06:56.804  1627  2078 I A       : onDisabled. Registered: false
06-24 07:06:56.805  1627  2079 I A       : State changed: IDLE => IDLE by NGA_STATE_CHANGED and N/A with Optional.empty
06-24 07:06:56.806  1627  2079 I A       : Recognizer choice: (recognizer_type: 1, recognizer_mode: 1, choice_reason: 4)
06-24 07:06:56.806  1627  2079 I A       : onActiveStateChangeEvent: IDLE => IDLE
06-24 07:06:56.806  1627  2079 I A       : #onActiveStateChangeEvent, newState: IDLE, previousState: IDLE.
06-24 07:06:56.810  1627  2078 I A       : Initialize
06-24 07:06:56.810  1627  2078 I A       : stopListening(NGA_PAUSED_UNKNOWN_REASON, NGA_CREATE), idleOverride=NOT_LISTENING
06-24 07:06:56.812  1627  2078 I NgaEntryPointEventSendr: setupConnection
06-24 07:06:56.814  1627  2078 I NgaEntryPointEventSendr: State changed: Disconnected => Connecting
06-24 07:06:56.815  1627  2078 I A       : on opa visibility changed false
06-24 07:06:56.815  1627  2078 I A       : on opa visibility changed false
06-24 07:06:56.816  1722  1722 I A       : Creating pss binder().
06-24 07:06:56.818  1627  2079 I NgaEntryPointEventSendr: onServiceConnected
06-24 07:06:56.818  1722  5449 I A       : Calling beginBinderSession().
06-24 07:06:56.818  1722  5449 I A       : beginBinderSession(): calling binder
06-24 07:06:56.818  1627  2079 I NgaEntryPointEventSendr: State changed: Connecting => Ready
06-24 07:06:56.820  1627  2079 I A       : Successfully initialized all components
06-24 07:06:56.821   523  2674 W ActivityManager: Unable to start service Intent { cmp=com.google.android.apps.tachyon/.clientapi.ClientApiService } U=0: not found
06-24 07:06:56.829  1722  2898 I PBSessionCacheImpl: Deleted sessionId[7575218376636264] from persistence.
06-24 07:06:56.832  1722  2621 W A       : UiCallbackStub-onGenericEvent[ServiceEvent = 60] task was not run. Callback from Service received after client was disposed.
06-24 07:06:56.833  1627  2078 I NgaEntryPointEventSendr: State changed: Ready => Disconnected (onOpaDisconnected)
06-24 07:06:56.834  1722  2621 W SearchServiceCore: Abort, client detached.
06-24 07:06:57.833     0     0 I logd    : logdr: UID=2000 GID=2000 PID=7398 n tail=500 logMask=99 pid=0 start=0ns deadline=0ns
