--------- beginning of main
06-24 07:08:05.228  7471  7541 W QueryController: Could not detect idle state.
06-24 07:08:05.229  7471  7541 W QueryController: Could not detect idle state.
06-24 07:08:05.237  7471  7541 I Maestro : Skipping invisible child: android.view.accessibility.AccessibilityNodeInfo@128bb; boundsInParent: Rect(0, 0 - 320, 0); boundsInScreen: Rect(0, 0 - 320, 0); boundsInWindow: Rect(0, 0 - 320, 0); packageName: com.hanapkalinga.mobile; className: android.widget.LinearLayout; text: null; error: null; maxTextLength: -1; stateDescription: null; contentDescription: null; tooltipText: null; containerTitle: null; viewIdResName: null; uniqueId: null; checkable: false; checked: false; focusable: false; focused: false; selected: false; clickable: false; longClickable: false; contextClickable: false; enabled: true; password: false; scrollable: false; importantForAccessibility: false; visible: false; actions: [AccessibilityAction: ACTION_SELECT - null, AccessibilityAction: ACTION_CLEAR_SELECTION - null, AccessibilityAction: ACTION_ACCESSIBILITY_FOCUS - null, AccessibilityAction: ACTION_SHOW_ON_SCREEN - null]; isTextSelectable: false
06-24 07:08:05.238  7471  7541 I Maestro : Skipping invisible child: android.view.accessibility.AccessibilityNodeInfo@124fa; boundsInParent: Rect(0, 0 - 320, 0); boundsInScreen: Rect(0, 0 - 320, 0); boundsInWindow: Rect(0, 0 - 320, 0); packageName: com.hanapkalinga.mobile; className: android.view.ViewGroup; text: null; error: null; maxTextLength: -1; stateDescription: null; contentDescription: null; tooltipText: null; containerTitle: null; viewIdResName: null; uniqueId: null; checkable: false; checked: false; focusable: false; focused: false; selected: false; clickable: false; longClickable: false; contextClickable: false; enabled: true; password: false; scrollable: false; importantForAccessibility: false; visible: false; actions: [AccessibilityAction: ACTION_SELECT - null, AccessibilityAction: ACTION_CLEAR_SELECTION - null, AccessibilityAction: ACTION_ACCESSIBILITY_FOCUS - null, AccessibilityAction: ACTION_SHOW_ON_SCREEN - null]; isTextSelectable: false
06-24 07:08:05.238  7471  7541 I Maestro : Skipping invisible child: android.view.accessibility.AccessibilityNodeInfo@1a49c; boundsInParent: Rect(0, 0 - 320, 0); boundsInScreen: Rect(0, 0 - 320, 0); boundsInWindow: Rect(0, 0 - 320, 0); packageName: com.hanapkalinga.mobile; className: android.widget.LinearLayout; text: null; error: null; maxTextLength: -1; stateDescription: null; contentDescription: null; tooltipText: null; containerTitle: null; viewIdResName: null; uniqueId: null; checkable: false; checked: false; focusable: false; focused: false; selected: false; clickable: false; longClickable: false; contextClickable: false; enabled: true; password: false; scrollable: false; importantForAccessibility: false; visible: false; actions: [AccessibilityAction: ACTION_SELECT - null, AccessibilityAction: ACTION_CLEAR_SELECTION - null, AccessibilityAction: ACTION_ACCESSIBILITY_FOCUS - null, AccessibilityAction: ACTION_SHOW_ON_SCREEN - null]; isTextSelectable: false
06-24 07:08:05.239  7471  7541 I Maestro : Skipping invisible child: android.view.accessibility.AccessibilityNodeInfo@1a0db; boundsInParent: Rect(0, 0 - 320, 0); boundsInScreen: Rect(0, 0 - 320, 0); boundsInWindow: Rect(0, 0 - 320, 0); packageName: com.hanapkalinga.mobile; className: android.view.ViewGroup; text: null; error: null; maxTextLength: -1; stateDescription: null; contentDescription: null; tooltipText: null; containerTitle: null; viewIdResName: null; uniqueId: null; checkable: false; checked: false; focusable: false; focused: false; selected: false; clickable: false; longClickable: false; contextClickable: false; enabled: true; password: false; scrollable: false; importantForAccessibility: false; visible: false; actions: [AccessibilityAction: ACTION_SELECT - null, AccessibilityAction: ACTION_CLEAR_SELECTION - null, AccessibilityAction: ACTION_ACCESSIBILITY_FOCUS - null, AccessibilityAction: ACTION_SHOW_ON_SCREEN - null]; isTextSelectable: false
06-24 07:08:05.240  7471  7541 I Maestro : Skipping invisible child: android.view.accessibility.AccessibilityNodeInfo@182d3; boundsInParent: Rect(0, 0 - 1, 1); boundsInScreen: Rect(20, 348 - 21, 349); boundsInWindow: Rect(20, 348 - 21, 349); packageName: com.hanapkalinga.mobile; className: android.view.ViewGroup; text: null; error: null; maxTextLength: -1; stateDescription: null; contentDescription: null; tooltipText: null; containerTitle: null; viewIdResName: login_captcha_ready; uniqueId: null; checkable: false; checked: false; focusable: false; focused: false; selected: false; clickable: false; longClickable: false; contextClickable: false; enabled: true; password: false; scrollable: false; importantForAccessibility: true; visible: false; actions: [AccessibilityAction: ACTION_SELECT - null, AccessibilityAction: ACTION_CLEAR_SELECTION - null, AccessibilityAction: ACTION_ACCESSIBILITY_FOCUS - null, AccessibilityAction: ACTION_SHOW_ON_SCREEN - null]; isTextSelectable: false
06-24 07:08:05.256  7471  7541 D Maestro : View hierarchy received in 28 ms
--------- beginning of system
06-24 07:08:05.347   523  2561 D WindowManager: captureDisplay
06-24 07:08:05.369   523   618 D ActivityManager: freezing 2786 com.google.android.dialer
06-24 07:08:05.525  7639  7658 D EGL_emulation: app_time_stats: avg=503.37ms min=499.58ms max=510.38ms count=3
06-24 07:08:05.545   829   829 I wpa_supplicant: wlan0: CTRL-EVENT-BEACON-LOSS 
06-24 07:08:06.007   523   554 I ActivityManager: Force stopping dev.mobile.maestro appid=10199 user=-1: deletePackageX
06-24 07:08:06.007   523   554 E libprocessgroup: No such cgroup attribute: /sys/fs/cgroup/uid_4294877495/cgroup.freeze
06-24 07:08:06.007   523   554 W libprocessgroup: Failed to apply Frozen process profile: No such file or directory
06-24 07:08:06.008   523   554 I ActivityManager: Killing 7471:dev.mobile.maestro/u0a199 (adj 0): stop dev.mobile.maestro due to deletePackageX
06-24 07:08:06.008   523   554 W ActivityManager: Crash of app dev.mobile.maestro running instrumentation ComponentInfo{dev.mobile.maestro.test/androidx.test.runner.AndroidJUnitRunner}
06-24 07:08:06.008   523   554 I ActivityManager: Force stopping dev.mobile.maestro appid=10199 user=0: finished inst
06-24 07:08:06.009   523   543 D DisplayManagerService: Drop pending events for gone uid 10199
06-24 07:08:06.011   523   554 E libprocessgroup: No such cgroup attribute: /sys/fs/cgroup/uid_4294877495/cgroup.freeze
06-24 07:08:06.011   523   554 W libprocessgroup: Failed to apply Unfrozen process profile: No such file or directory
06-24 07:08:06.012  7458  7469 W Binder  : Caught a RuntimeException from the binder stub implementation.
06-24 07:08:06.012  7458  7469 W Binder  : java.lang.SecurityException: Calling from not trusted UID!
06-24 07:08:06.012  7458  7469 W Binder  : 	at android.app.UiAutomationConnection.throwIfCalledByNotTrustedUidLocked(UiAutomationConnection.java:646)
06-24 07:08:06.012  7458  7469 W Binder  : 	at android.app.UiAutomationConnection.shutdown(UiAutomationConnection.java:547)
06-24 07:08:06.012  7458  7469 W Binder  : 	at android.app.IUiAutomationConnection$Stub.onTransact(IUiAutomationConnection.java:402)
06-24 07:08:06.012  7458  7469 W Binder  : 	at android.os.Binder.execTransactInternal(Binder.java:1344)
06-24 07:08:06.012  7458  7469 W Binder  : 	at android.os.Binder.execTransact(Binder.java:1275)
--------- beginning of kernel
06-24 07:08:06.207     0     0 I servicemanager: Since 'artd' could not be found, trying to start it as a lazy AIDL service. (if it's not configured to be a lazy service, it may be stuck starting or still starting).
06-24 07:08:06.025  7458  7458 I app_process: System.exit called, status: 0
06-24 07:08:06.025  7458  7458 I AndroidRuntime: VM exiting with result code 0.
06-24 07:08:06.218     0     0 I init    : starting service 'artd'...
06-24 07:08:06.040   523  2586 V ActivityManager: Got obituary of 7471:dev.mobile.maestro
06-24 07:08:06.040   338   338 I Zygote  : Process 7471 exited due to signal 9 (Killed)
06-24 07:08:06.041   523  2179 W WindowMagnificationMgr: requestConnection duplicated request: connect=false, mConnectionState=DISCONNECTED
06-24 07:08:06.041   523  2179 W WindowMagnificationMgr: requestConnection duplicated request: connect=false, mConnectionState=DISCONNECTED
06-24 07:08:06.239     0     0 I init    : ... started service 'artd' has pid 7824
06-24 07:08:06.240     0     0 I init    : Control message: Processed ctl.interface_start for 'aidl/artd' from pid: 133 (/system/bin/servicemanager)
06-24 07:08:06.242     0     0 I init    : Untracked pid 7458 exited with status 0
06-24 07:08:06.242     0     0 I init    : Untracked pid 7458 did not have an associated service entry and will not be reaped
06-24 07:08:06.054  1646  3493 I AiAiEcho: Settings changed for uri: content://settings/secure/accessibility_enabled
06-24 07:08:06.057  1722  2308 I A       : NGA enabled in interactor.
06-24 07:08:06.057  1722  2308 I A       : Nga state changed to NgaStateDetails{state=ENABLED, isSpecialExperience=false}
06-24 07:08:06.059  1646  1968 I AiAiEcho: Predicting[0]: 
06-24 07:08:06.059  1646  1968 I AiAiEcho: EchoTargets: 
06-24 07:08:06.059  1646  1968 I AiAiEcho: Filtered by AiAi flag check: 
06-24 07:08:06.059  1646  1968 I AiAiEcho: Ranked targets strategy: SORT, count: 0, ranking metadata: 
06-24 07:08:06.059  1646  1968 I AiAiEcho: Predicting[0]: 
06-24 07:08:06.059  1646  1968 I AiAiEcho: EchoTargets: 
06-24 07:08:06.059  1646  1968 I AiAiEcho: Filtered by AiAi flag check: 
06-24 07:08:06.062  1627  2768 I A       : Initializing all components
06-24 07:08:06.064  1646  1968 I AiAiEcho: Ranked targets strategy: SORT, count: 0, ranking metadata: 
06-24 07:08:06.065  1646  1968 I AiAiEcho: #postPredictionTargets: Sending updates to UISurface lockscreen with targets# 0 (types=[])
06-24 07:08:06.066   842   842 W PageIndicator: Total number of pages invalid: 0. Assuming 1 page.
06-24 07:08:06.066  1646  1968 I AiAiEcho: #postPredictionTargets: Sending updates to UISurface home with targets# 0 (types=[])
06-24 07:08:06.068  7824  7824 I artd    : Starting artd
06-24 07:08:06.069  1627  2768 I A       : APA or Classic session decision: SessionDecision(sessionVariance=CLASSIC, platformVariance=CLASSIC, justification=CURRENT_PLATFORM_VARIANCE).
06-24 07:08:06.069  1627  2768 I A       : [Memory] eligibility: StashEligibility{6}
06-24 07:08:06.070  1627  2078 I A       : onIsEnabledChanged, isEnabled: false
06-24 07:08:06.070  1627  2078 W A       : Disposing empty manager. Did you forgot to subscribe observables?
06-24 07:08:06.070  1627  2078 W A       : Disposing empty manager. Did you forgot to subscribe observables?
06-24 07:08:06.070  1627  2078 W A       : Disposing empty manager. Did you forgot to subscribe observables?
06-24 07:08:06.070  1627  2078 W A       : Disposing empty manager. Did you forgot to subscribe observables?
06-24 07:08:06.070  1627  2078 W A       : Disposing empty manager. Did you forgot to subscribe observables?
06-24 07:08:06.070  1627  2078 W A       : Disposing empty manager. Did you forgot to subscribe observables?
06-24 07:08:06.070  1627  2078 W A       : Disposing empty manager. Did you forgot to subscribe observables?
06-24 07:08:06.070  1627  2078 W A       : Disposing empty manager. Did you forgot to subscribe observables?
06-24 07:08:06.070  1627  2078 W A       : Disposing empty manager. Did you forgot to subscribe observables?
06-24 07:08:06.070  1627  2078 W A       : Disposing empty manager. Did you forgot to subscribe observables?
06-24 07:08:06.070  1627  2078 I A       : onOpaVisibilityChanged: false
06-24 07:08:06.070  1627  2078 W A       : Disposing empty manager. Did you forgot to subscribe observables?
06-24 07:08:06.070  1627  2078 W A       : Disposing empty manager. Did you forgot to subscribe observables?
06-24 07:08:06.070  1627  2078 W A       : Disposing empty manager. Did you forgot to subscribe observables?
06-24 07:08:06.070  1627  2078 W A       : Disposing empty manager. Did you forgot to subscribe observables?
06-24 07:08:06.070  1627  2078 W A       : Disposing empty manager. Did you forgot to subscribe observables?
06-24 07:08:06.070  1627  2078 W A       : Disposing empty manager. Did you forgot to subscribe observables?
06-24 07:08:06.070  1627  2078 I A       : Setting session to type: NO_SESSION
06-24 07:08:06.070  1627  2078 W A       : Disposing empty manager. Did you forgot to subscribe observables?
06-24 07:08:06.070  1627  2078 W A       : Disposing empty manager. Did you forgot to subscribe observables?
06-24 07:08:06.070  1627  2078 W A       : Disposing empty manager. Did you forgot to subscribe observables?
06-24 07:08:06.070  1627  2078 W A       : Disposing empty manager. Did you forgot to subscribe observables?
06-24 07:08:06.070  1627  2078 W A       : Disposing empty manager. Did you forgot to subscribe observables?
06-24 07:08:06.070  1627  2078 W A       : Disposing empty manager. Did you forgot to subscribe observables?
06-24 07:08:06.070  1627  2078 W A       : Disposing empty manager. Did you forgot to subscribe observables?
06-24 07:08:06.070  1627  2078 W A       : Disposing empty manager. Did you forgot to subscribe observables?
06-24 07:08:06.070  1627  2078 I A       : setNavBarVisible: GestureNavBarVisible{navbarVisible=true}
06-24 07:08:06.070  1627  2078 W A       : Disposing empty manager. Did you forgot to subscribe observables?
06-24 07:08:06.070  1627  2078 W A       : Disposing empty manager. Did you forgot to subscribe observables?
06-24 07:08:06.070  1627  2078 W A       : Disposing empty manager. Did you forgot to subscribe observables?
06-24 07:08:06.070  1627  2078 W A       : Disposing empty manager. Did you forgot to subscribe observables?
06-24 07:08:06.070  1627  2078 W A       : Disposing empty manager. Did you forgot to subscribe observables?
06-24 07:08:06.070  1627  2078 W A       : Disposing empty manager. Did you forgot to subscribe observables?
06-24 07:08:06.070  1627  2078 I A       : onDisabled. Registered: false
06-24 07:08:06.071  7824  7824 I AidlLazyServiceRegistrar: Registering service artd
06-24 07:08:06.072  1627  2079 I A       : on opa visibility changed false
06-24 07:08:06.072  1627  2079 I A       : on opa visibility changed false
06-24 07:08:06.075  1646  3493 I AiAiEcho: Settings changed for uri: content://settings/secure/accessibility_enabled
06-24 07:08:06.075  1627  2078 I A       : State changed: IDLE => IDLE by NGA_STATE_CHANGED and N/A with Optional.empty
06-24 07:08:06.075  1627  2078 I A       : Recognizer choice: (recognizer_type: 1, recognizer_mode: 1, choice_reason: 4)
06-24 07:08:06.075   523   523 D BatterySaverPolicy: accessibility changed to false, updating policy.
06-24 07:08:06.076  1646  1968 I AiAiEcho: Predicting[0]: 
06-24 07:08:06.076  1646  1968 I AiAiEcho: EchoTargets: 
06-24 07:08:06.076  1646  1968 I AiAiEcho: Filtered by AiAi flag check: 
06-24 07:08:06.076  1646  1968 I AiAiEcho: Ranked targets strategy: SORT, count: 0, ranking metadata: 
06-24 07:08:06.263     0     0 I BpBinder: onLastStrongRef automatically unlinking death recipients:
06-24 07:08:06.266     0     0 I servicemanager: Notifying artd they do (previously: don't) have clients when service is guaranteed to be in use
06-24 07:08:06.076  1627  2079 I NgaEntryPointEventSendr: setupConnection
06-24 07:08:06.076  1646  1968 I AiAiEcho: Predicting[0]: 
06-24 07:08:06.076  1646  1968 I AiAiEcho: EchoTargets: 
06-24 07:08:06.076  1646  1968 I AiAiEcho: Filtered by AiAi flag check: 
06-24 07:08:06.076  1646  1968 I AiAiEcho: Ranked targets strategy: SORT, count: 0, ranking metadata: 
06-24 07:08:06.076  1627  2078 I A       : onActiveStateChangeEvent: IDLE => IDLE
06-24 07:08:06.077  1646  1968 I AiAiEcho: #postPredictionTargets: Sending updates to UISurface lockscreen with targets# 0 (types=[])
06-24 07:08:06.077   842   842 W PageIndicator: Total number of pages invalid: 0. Assuming 1 page.
06-24 07:08:06.077  1646  1968 I AiAiEcho: #postPredictionTargets: Sending updates to UISurface home with targets# 0 (types=[])
06-24 07:08:06.080  1627  2078 I A       : #onActiveStateChangeEvent, newState: IDLE, previousState: IDLE.
06-24 07:08:06.080   523  2669 D CompatibilityChangeReporter: Compat change id reported: 197654537; UID 10192; state: ENABLED
06-24 07:08:06.082  7824  7827 I AidlLazyServiceRegistrar: Process has 1 (of 1 available) client(s) in use after notification artd has clients: 1
06-24 07:08:06.083   523  2669 W ProcessStats: Tracking association SourceState{ec949bc com.google.android.googlequicksearchbox:search/10132 BFgs #15445} whose proc state 4 is better than process ProcessState{2507b1d com.google.process.gservices/10131 pkg=com.google.android.gsf} proc state 14 (1 skipped)
06-24 07:08:06.300     0     0 I logd    : start watching /data/system/packages.list ...
06-24 07:08:06.114   523   578 D PackageManager: Instant App installer not found with android.intent.action.INSTALL_INSTANT_APP_PACKAGE
06-24 07:08:06.114   523   578 D PackageManager: Clear ephemeral installer activity
06-24 07:08:06.119   523  3190 E TaskPersister: File error accessing recents directory (directory doesn't exist?).
06-24 07:08:06.120  1722  1722 I A       : Creating pss binder().
06-24 07:08:06.121  1627  2079 I NgaEntryPointEventSendr: State changed: Disconnected => Connecting
06-24 07:08:06.304     0     0 I logd    : ReadPackageList, total packages: 201
06-24 07:08:06.122  1627  2079 I A       : stopListening(NGA_PAUSED_UNKNOWN_REASON, NGA_CREATE), idleOverride=NOT_LISTENING
06-24 07:08:06.123  1627  2078 I A       : Initialize
06-24 07:08:06.125  1627  2079 I NgaEntryPointEventSendr: onServiceConnected
06-24 07:08:06.125  1722  3516 I A       : Calling beginBinderSession().
06-24 07:08:06.131  1722  3516 I A       : beginBinderSession(): calling binder
06-24 07:08:06.131  1627  2079 I NgaEntryPointEventSendr: State changed: Connecting => Ready
06-24 07:08:06.147  1627  2079 I A       : Successfully initialized all components
06-24 07:08:06.154   523   578 I ActivityManager: Force stopping dev.mobile.maestro appid=10199 user=0: pkg removed
06-24 07:08:06.161  1722  2320 W CorpusConfigHelper: Invalid input from icing corpus JSON flag.
06-24 07:08:06.161  1722  2320 W CorpusConfigHelper: android.util.MalformedJsonException: Use JsonReader.setLenient(true) to accept malformed JSON at line 123 column 2
06-24 07:08:06.161  1722  2320 W CorpusConfigHelper: 	at android.util.JsonReader.syntaxError(JsonReader.java:1162)
06-24 07:08:06.161  1722  2320 W CorpusConfigHelper: 	at android.util.JsonReader.checkLenient(JsonReader.java:840)
06-24 07:08:06.161  1722  2320 W CorpusConfigHelper: 	at android.util.JsonReader.nextInArray(JsonReader.java:615)
06-24 07:08:06.161  1722  2320 W CorpusConfigHelper: 	at android.util.JsonReader.peek(JsonReader.java:345)
06-24 07:08:06.161  1722  2320 W CorpusConfigHelper: 	at android.util.JsonReader.hasNext(JsonReader.java:321)
06-24 07:08:06.161  1722  2320 W CorpusConfigHelper: 	at com.google.android.apps.gsa.searchbox.c.b.b.k.c(PG:7)
06-24 07:08:06.161  1722  2320 W CorpusConfigHelper: 	at com.google.android.apps.gsa.searchbox.c.b.b.k.<init>(PG:5)
06-24 07:08:06.161  1722  2320 W CorpusConfigHelper: 	at com.google.android.apps.gsa.staticplugins.searchboxroot.features.n.a.c.<init>(PG:16)
06-24 07:08:06.161  1722  2320 W CorpusConfigHelper: 	at com.google.android.apps.gsa.staticplugins.searchboxroot.b.a(PG:14)
06-24 07:08:06.161  1722  2320 W CorpusConfigHelper: 	at com.google.android.apps.gsa.staticplugins.searchboxroot.x.<init>(PG:7)
06-24 07:08:06.161  1722  2320 W CorpusConfigHelper: 	at com.google.android.apps.gsa.binaries.velvet.app.akd.b(PG:15)
06-24 07:08:06.161  1722  2320 W CorpusConfigHelper: 	at dagger.a.e.b(PG:1)
06-24 07:08:06.161  1722  2320 W CorpusConfigHelper: 	at com.google.android.apps.gsa.staticplugins.searchboxroot.a.a.a(PG:3)
06-24 07:08:06.161  1722  2320 W CorpusConfigHelper: 	at com.google.android.apps.gsa.binaries.velvet.app.ok.f(Unknown Source:2541)
06-24 07:08:06.161  1722  2320 W CorpusConfigHelper: 	at com.google.android.apps.gsa.binaries.velvet.app.ok.b(PG:1)
06-24 07:08:06.161  1722  2320 W CorpusConfigHelper: 	at com.google.android.apps.gsa.search.core.service.g.a.c.a(PG:2)
06-24 07:08:06.161  1722  2320 W CorpusConfigHelper: 	at com.google.android.libraries.gsa.k.a.f.a(PG:2)
06-24 07:08:06.161  1722  2320 W CorpusConfigHelper: 	at com.google.android.apps.gsa.shared.logger.f.a.a.l.h(PG:2)
06-24 07:08:06.161  1722  2320 W CorpusConfigHelper: 	at com.google.android.apps.gsa.shared.logger.f.a.a.h.a(Unknown Source:4)
06-24 07:08:06.161  1722  2320 W CorpusConfigHelper: 	at com.google.common.util.concurrent.dx.a(PG:1)
06-24 07:08:06.161  1722  2320 W CorpusConfigHelper: 	at com.google.common.util.concurrent.cv.run(PG:4)
06-24 07:08:06.161  1722  2320 W CorpusConfigHelper: 	at com.google.common.util.concurrent.dz.run(PG:1)
06-24 07:08:06.161  1722  2320 W CorpusConfigHelper: 	at com.google.android.libraries.i.ae.run(PG:1)
06-24 07:08:06.161  1722  2320 W CorpusConfigHelper: 	at java.util.concurrent.ThreadPoolExecutor.runWorker(ThreadPoolExecutor.java:1145)
06-24 07:08:06.161  1722  2320 W CorpusConfigHelper: 	at java.util.concurrent.ThreadPoolExecutor$Worker.run(ThreadPoolExecutor.java:644)
06-24 07:08:06.161  1722  2320 W CorpusConfigHelper: 	at com.google.android.libraries.i.k.run(PG:2)
06-24 07:08:06.161  1722  2320 W CorpusConfigHelper: 	at com.google.android.libraries.i.p.run(PG:4)
06-24 07:08:06.161  1722  2320 W CorpusConfigHelper: 	at java.lang.Thread.run(Thread.java:1012)
06-24 07:08:06.180   523   778 E AppOps  : attributionTag VCN not declared in manifest of android
06-24 07:08:06.185   523   765 W WifiService: Couldn't get PackageInfo for package:dev.mobile.maestro
06-24 07:08:06.185   523   765 D WifiService: Remove settings for package:dev.mobile.maestro
06-24 07:08:06.185   523   765 D WifiConfigManager: Remove all networks for app ApplicationInfo{f88f367 dev.mobile.maestro}
06-24 07:08:06.187  1052  1052 D CarrierSvcBindHelper: onPackageRemoved: dev.mobile.maestro
06-24 07:08:06.187  1052  1052 D CarrierSvcBindHelper: No carrier app for: 0
06-24 07:08:06.189   523   765 D WifiConfigStore: Writing to stores completed in 4 ms.
06-24 07:08:06.189   523   765 I PasspointManager: No app ops listener found for dev.mobile.maestro
06-24 07:08:06.192  1722  2320 W A       : Queue length for executor EventBus is now 11. Perhaps some tasks are too long, or the pool is too small.
06-24 07:08:06.193  1722  2621 I A       : Using proto config with mendel
06-24 07:08:06.193  1722  2621 I A       : Using proto config with mendel
06-24 07:08:06.193  1722  2621 I A       : Using proto config with mendel
06-24 07:08:06.194  1722  2621 I A       : Merging legacy hotword config map with new proto.
06-24 07:08:06.194  1722  2621 I A       : Adding from config to map. Locale: cmn-Hant-TW modelPrefix: x_google Location:4e7cae00daee30ec565c34e3aa67a51f isSpeakerIdSupported: true
06-24 07:08:06.194  1722  2621 I A       : Adding from config to map. Locale: id-ID modelPrefix: x_google Location:cfffcc1a4c1c084c003c8eb27f73d770 isSpeakerIdSupported: true
06-24 07:08:06.194  1722  2621 I A       : Adding from config to map. Locale: ko-KR modelPrefix: x_google Location:0b132163a2eb2c1194b202067475724b isSpeakerIdSupported: true
06-24 07:08:06.194  1722  2621 I A       : Skipping. Expected model: 2 Found: 1
06-24 07:08:06.194  1722  2621 I A       : Adding from config to map. Locale: zh-TW modelPrefix: x_google Location:4e7cae00daee30ec565c34e3aa67a51f isSpeakerIdSupported: true
06-24 07:08:06.194  1722  2621 I A       : Using proto config with mendel
06-24 07:08:06.196  1722  2621 I A       : Using proto config with mendel
06-24 07:08:06.196  1722  2621 I A       : Using proto config with mendel
06-24 07:08:06.203   523   640 V StorageManagerService: Package dev.mobile.maestro does not have legacy storage
06-24 07:08:06.207  4301  4301 V MediaPlayerList: mPackageChangedBroadcastReceiver: action: android.intent.action.PACKAGE_REMOVED
06-24 07:08:06.208   523   629 I InputReader: Reconfiguring input devices, changes=KEYBOARD_LAYOUTS
06-24 07:08:06.209  4301  4301 V MediaPlayerList: mPackageChangedBroadcastReceiver: action: android.intent.action.PACKAGE_REMOVED
06-24 07:08:06.216   523  2590 W ActivityManager: Unable to start service Intent { cmp=com.google.android.apps.tachyon/.clientapi.ClientApiService } U=0: not found
06-24 07:08:06.217  1627  2078 I NgaEntryPointEventSendr: State changed: Ready => Disconnected (onOpaDisconnected)
06-24 07:08:06.218  1722  2621 W A       : UiCallbackStub-onGenericEvent[ServiceEvent = 111] task was not run. Callback from Service received after client was disposed.
06-24 07:08:06.218  1722  2621 W A       : UiCallbackStub-onGenericEvent[ServiceEvent = 60] task was not run. Callback from Service received after client was disposed.
06-24 07:08:06.218  1722  2621 W A       : UiCallbackStub-onGenericEvent[ServiceEvent = 60] task was not run. Callback from Service received after client was disposed.
06-24 07:08:06.218  1722  2621 W A       : UiCallbackStub-onGenericEvent[ServiceEvent = 105] task was not run. Callback from Service received after client was disposed.
06-24 07:08:06.218  1722  2621 W A       : UiCallbackStub-onGenericEvent[ServiceEvent = 107] task was not run. Callback from Service received after client was disposed.
06-24 07:08:06.218  1722  2621 W A       : UiCallbackStub-onGenericEvent[ServiceEvent = 107] task was not run. Callback from Service received after client was disposed.
06-24 07:08:06.218  1722  2621 W A       : UiCallbackStub-onGenericEvent[ServiceEvent = 42] task was not run. Callback from Service received after client was disposed.
06-24 07:08:06.219   842   914 D StylusManager: Stylus InputDevice changed: 14 virtio_input_multi_touch_11
06-24 07:08:06.227   523   553 W WindowMagnificationMgr: requestConnection duplicated request: connect=false, mConnectionState=DISCONNECTED
06-24 07:08:06.243   842   914 D StylusManager: Stylus InputDevice changed: 13 virtio_input_multi_touch_10
06-24 07:08:06.243  1722  2621 W A       : UiCallbackStub-onGenericEvent[ServiceEvent = 67] task was not run. Callback from Service received after client was disposed.
06-24 07:08:06.244  1722  2621 I MicroDetectionState: Should stop hotword detection immediately - true
06-24 07:08:06.244  1722  2621 W A       : UiCallbackStub-onGenericEvent[ServiceEvent = 241] task was not run. Callback from Service received after client was disposed.
06-24 07:08:06.244  1722  2621 W A       : UiCallbackStub-onGenericEvent[ServiceEvent = 241] task was not run. Callback from Service received after client was disposed.
06-24 07:08:06.244   842   914 D StylusManager: Stylus InputDevice changed: 9 virtio_input_multi_touch_6
06-24 07:08:06.245   842   914 D StylusManager: Stylus InputDevice changed: 8 virtio_input_multi_touch_5
06-24 07:08:06.245   842   914 D StylusManager: Stylus InputDevice changed: 10 virtio_input_multi_touch_7
06-24 07:08:06.245   842   914 D StylusManager: Stylus InputDevice changed: 11 virtio_input_multi_touch_8
06-24 07:08:06.245   842   914 D StylusManager: Stylus InputDevice changed: 7 virtio_input_multi_touch_4
06-24 07:08:06.245  1722  2621 W A       : UiCallbackStub-onGenericEvent[ServiceEvent = 60] task was not run. Callback from Service received after client was disposed.
06-24 07:08:06.245   842   914 D StylusManager: Stylus InputDevice changed: 5 virtio_input_multi_touch_2
06-24 07:08:06.246   842   914 D StylusManager: Stylus InputDevice changed: 4 virtio_input_multi_touch_1
06-24 07:08:06.246   842   914 D StylusManager: Stylus InputDevice changed: 12 virtio_input_multi_touch_9
06-24 07:08:06.246   842   914 D StylusManager: Stylus InputDevice changed: 6 virtio_input_multi_touch_3
06-24 07:08:06.247  1722  2621 W SearchServiceCore: Abort, client detached.
06-24 07:08:06.250   523   523 D ActivityManager: sync unfroze 1764 com.android.keychain for 10
06-24 07:08:06.251  1722  2621 I MicroDetectionState: Should stop hotword detection immediately - true
06-24 07:08:06.252  1722  2621 I A       : Using proto config with mendel
06-24 07:08:06.254  1722  2898 I PBSessionCacheImpl: Deleted sessionId[7575218376636271] from persistence.
06-24 07:08:06.255  1722  2621 I A       : Using proto config with mendel
06-24 07:08:06.260   523   523 D ActivityManager: sync unfroze 5997 com.android.settings for 10
06-24 07:08:06.260   523   523 D ActivityManager: sync unfroze 3569 com.android.dynsystem:dynsystem for 10
06-24 07:08:06.260   523   523 D ActivityManager: sync unfroze 3527 com.android.dynsystem for 10
06-24 07:08:06.260   523   523 D ActivityManager: sync unfroze 2275 com.android.localtransport for 10
06-24 07:08:06.277   523   523 W Looper  : Slow dispatch took 117ms main h=android.app.ActivityThread$H c=android.app.LoadedApk$ReceiverDispatcher$Args$$ExternalSyntheticLambda0@3ba570c m=0
06-24 07:08:06.280   523   554 I ActivityManager: Force stopping dev.mobile.maestro.test appid=10200 user=-1: deletePackageX
06-24 07:08:06.280   523   554 E libprocessgroup: No such cgroup attribute: /sys/fs/cgroup/uid_4294877496/cgroup.freeze
06-24 07:08:06.280   523   554 W libprocessgroup: Failed to apply Frozen process profile: No such file or directory
06-24 07:08:06.281   523   554 E libprocessgroup: No such cgroup attribute: /sys/fs/cgroup/uid_4294877496/cgroup.freeze
06-24 07:08:06.281   523   554 W libprocessgroup: Failed to apply Unfrozen process profile: No such file or directory
06-24 07:08:06.287  1708  1708 W MediaProvider: WorkProfileOwnerApps cache is empty
06-24 07:08:06.287   523   523 I Telecom : CarModeTracker: Package dev.mobile.maestro is not tracked.: SSH.oR@AZg🔒
06-24 07:08:06.287   523   523 I Telecom : InCallController: updateCarModeForConnections: car mode apps: : SSH.oR@AZg🔒
06-24 07:08:06.287   523   523 I Telecom : InCallController: update carmode current:UserHandle{0} parent:null: SSH.oR@AZg🔒
06-24 07:08:06.289   523   554 D ActivityManager: sync unfroze 2547 com.android.chrome for 3
06-24 07:08:06.291   523   523 I ConditionProviders: Disallowing condition provider dev.mobile.maestro (userSet: true)
06-24 07:08:06.297   523   613 I RollbackManager: broadcast=ACTION_PACKAGE_FULLY_REMOVED pkg=dev.mobile.maestro
06-24 07:08:06.298   523   765 W WifiService: Couldn't get PackageInfo for package:dev.mobile.maestro
06-24 07:08:06.298   523   765 D WifiService: Remove settings for package:dev.mobile.maestro
06-24 07:08:06.298   523   765 D WifiConfigManager: Remove all networks for app ApplicationInfo{23602d3 dev.mobile.maestro}
06-24 07:08:06.303   523   765 D WifiConfigStore: Writing to stores completed in 5 ms.
06-24 07:08:06.303   523   765 I PasspointManager: No app ops listener found for dev.mobile.maestro
06-24 07:08:06.304   523   554 D ActivityManager: sync unfroze 3055 com.google.android.documentsui for 3
06-24 07:08:06.326   842   842 D ControlsListingControllerImpl: ServiceConfig reloaded, count: 0
06-24 07:08:06.513     0     0 I logd    : start watching /data/system/packages.list ...
06-24 07:08:06.328   523   619 I RoleService: Granting default roles...
06-24 07:08:06.515     0     0 I logd    : ReadPackageList, total packages: 200
06-24 07:08:06.355   523   619 D ActivityManager: sync unfroze 843 com.google.android.permissioncontroller for 6
06-24 07:08:06.358   523   578 D PackageManager: Instant App installer not found with android.intent.action.INSTALL_INSTANT_APP_PACKAGE
06-24 07:08:06.358   523   578 D PackageManager: Clear ephemeral installer activity
06-24 07:08:06.366   523  3190 E TaskPersister: File error accessing recents directory (directory doesn't exist?).
06-24 07:08:06.379   400  6313 D AF::TrackHandle: OpPlayAudio: track:56 usage:13 not muted
06-24 07:08:06.379   400  6313 D AF::TrackHandle: OpPlayAudio: track:56 usage:13 not muted
06-24 07:08:06.391  1708  2420 I MediaProvider: Begin Intent { act=android.intent.action.PACKAGE_FULLY_REMOVED dat=package: flg=0x5000010 cmp=com.google.android.providers.media.module/com.android.providers.media.MediaService (has extras) }
06-24 07:08:06.395   400  6313 D AF::TrackHandle: OpPlayAudio: track:56 usage:13 not muted
06-24 07:08:06.396   523   578 I ActivityManager: Force stopping dev.mobile.maestro.test appid=10200 user=0: pkg removed
06-24 07:08:06.396   523   578 E libprocessgroup: No such cgroup attribute: /sys/fs/cgroup/uid_10200/cgroup.freeze
06-24 07:08:06.396   523   578 W libprocessgroup: Failed to apply Frozen process profile: No such file or directory
06-24 07:08:06.397   523   578 E libprocessgroup: No such cgroup attribute: /sys/fs/cgroup/uid_10200/cgroup.freeze
06-24 07:08:06.397   523   578 W libprocessgroup: Failed to apply Unfrozen process profile: No such file or directory
06-24 07:08:06.398   400  6313 D AF::TrackHandle: OpPlayAudio: track:56 usage:13 not muted
06-24 07:08:06.398   400  6313 D AF::TrackHandle: OpPlayAudio: track:56 usage:13 not muted
06-24 07:08:06.398   400  6313 D AF::TrackHandle: OpPlayAudio: track:56 usage:13 not muted
06-24 07:08:06.398   400  6313 D AF::TrackHandle: OpPlayAudio: track:56 usage:13 not muted
06-24 07:08:06.398   400  6313 D AF::TrackHandle: OpPlayAudio: track:56 usage:13 not muted
06-24 07:08:06.398   400  6313 D AF::TrackHandle: OpPlayAudio: track:56 usage:13 not muted
06-24 07:08:06.398   400  6313 D AF::TrackHandle: OpPlayAudio: track:56 usage:13 not muted
06-24 07:08:06.399   400  6313 D AF::TrackHandle: OpPlayAudio: track:56 usage:13 not muted
06-24 07:08:06.399   400  6313 D AF::TrackHandle: OpPlayAudio: track:56 usage:13 not muted
06-24 07:08:06.399   400  6313 D AF::TrackHandle: OpPlayAudio: track:56 usage:13 not muted
06-24 07:08:06.399   400  6313 D AF::TrackHandle: OpPlayAudio: track:56 usage:13 not muted
06-24 07:08:06.399   400  6313 D AF::TrackHandle: OpPlayAudio: track:56 usage:13 not muted
06-24 07:08:06.399   400  6313 D AF::TrackHandle: OpPlayAudio: track:56 usage:13 not muted
06-24 07:08:06.402   337   368 I netd    : tetherGetStats() -> {[]} <0.34ms>
06-24 07:08:06.419   523   765 W WifiService: Couldn't get PackageInfo for package:dev.mobile.maestro.test
06-24 07:08:06.419   523   765 D WifiService: Remove settings for package:dev.mobile.maestro.test
06-24 07:08:06.419   523   765 D WifiConfigManager: Remove all networks for app ApplicationInfo{fa2831b dev.mobile.maestro.test}
06-24 07:08:06.421   523   778 E AppOps  : attributionTag VCN not declared in manifest of android
06-24 07:08:06.421  1052  1052 D CarrierSvcBindHelper: onPackageRemoved: dev.mobile.maestro.test
06-24 07:08:06.424  1052  1052 D CarrierSvcBindHelper: No carrier app for: 0
06-24 07:08:06.426   523   765 D WifiConfigStore: Writing to stores completed in 3 ms.
06-24 07:08:06.428   523   765 I PasspointManager: No app ops listener found for dev.mobile.maestro.test
06-24 07:08:06.430   523   523 I ConditionProviders: Disallowing condition provider dev.mobile.maestro.test (userSet: true)
06-24 07:08:06.431  1708  2420 D MediaProvider: Deleted 0 Android/media items belonging to dev.mobile.maestro on /data/user/0/com.google.android.providers.media.module/databases/external.db
06-24 07:08:06.432  1708  2420 D MediaGrants: Removed 0 media_grants for 0 user for dev.mobile.maestro. Reason: Package orphaned
06-24 07:08:06.432  1708  2420 I MediaProvider: End Intent { act=android.intent.action.PACKAGE_FULLY_REMOVED dat=package: flg=0x5000010 cmp=com.google.android.providers.media.module/com.android.providers.media.MediaService (has extras) }
06-24 07:08:06.445   400  6313 D AF::TrackHandle: OpPlayAudio: track:56 usage:13 not muted
06-24 07:08:06.446   400  6313 D AF::TrackHandle: OpPlayAudio: track:56 usage:13 not muted
06-24 07:08:06.446   400  6313 D AF::TrackHandle: OpPlayAudio: track:56 usage:13 not muted
06-24 07:08:06.446   400  6313 D AF::TrackHandle: OpPlayAudio: track:56 usage:13 not muted
06-24 07:08:06.446   400  6313 D AF::TrackHandle: OpPlayAudio: track:56 usage:13 not muted
06-24 07:08:06.446   400  6313 D AF::TrackHandle: OpPlayAudio: track:56 usage:13 not muted
06-24 07:08:06.446   400  6313 D AF::TrackHandle: OpPlayAudio: track:56 usage:13 not muted
06-24 07:08:06.446   400  6313 D AF::TrackHandle: OpPlayAudio: track:56 usage:13 not muted
06-24 07:08:06.446   400  6313 D AF::TrackHandle: OpPlayAudio: track:56 usage:13 not muted
06-24 07:08:06.446   400  6313 D AF::TrackHandle: OpPlayAudio: track:56 usage:13 not muted
06-24 07:08:06.446   400  6313 D AF::TrackHandle: OpPlayAudio: track:56 usage:13 not muted
06-24 07:08:06.447   400  6313 D AF::TrackHandle: OpPlayAudio: track:56 usage:13 not muted
06-24 07:08:06.447   400  6313 D AF::TrackHandle: OpPlayAudio: track:56 usage:13 not muted
06-24 07:08:06.447   400  6313 D AF::TrackHandle: OpPlayAudio: track:56 usage:13 not muted
06-24 07:08:06.447   400  6313 D AF::TrackHandle: OpPlayAudio: track:56 usage:13 not muted
06-24 07:08:06.447   400  6313 D AF::TrackHandle: OpPlayAudio: track:56 usage:13 not muted
06-24 07:08:06.450   523  2377 D SafetySourceDataValidator: No cert check requested for package com.google.android.permissioncontroller
06-24 07:08:06.455   523   629 I InputReader: Reconfiguring input devices, changes=KEYBOARD_LAYOUTS
06-24 07:08:06.457   523   640 V StorageManagerService: Package dev.mobile.maestro.test does not have legacy storage
06-24 07:08:06.460   842   914 D StylusManager: Stylus InputDevice changed: 14 virtio_input_multi_touch_11
06-24 07:08:06.473   842   914 D StylusManager: Stylus InputDevice changed: 13 virtio_input_multi_touch_10
06-24 07:08:06.474   843  7860 E RoleControllerServiceImpl: Default/fallback role holder package doesn't qualify for the role, package: com.google.android.gms.supervision, role: android.app.role.SYSTEM_SUPERVISION
06-24 07:08:06.477   523   523 I Telecom : CarModeTracker: Package dev.mobile.maestro.test is not tracked.: SSH.oR@AZs🔒
06-24 07:08:06.477   523   523 I Telecom : InCallController: updateCarModeForConnections: car mode apps: : SSH.oR@AZs🔒
06-24 07:08:06.478   523   523 I Telecom : InCallController: update carmode current:UserHandle{0} parent:null: SSH.oR@AZs🔒
06-24 07:08:06.478   842   914 D StylusManager: Stylus InputDevice changed: 9 virtio_input_multi_touch_6
06-24 07:08:06.480   843  7860 I Role    : com.google.android.gms not qualified for android.app.role.SYSTEM_CALL_STREAMING due to missing RequiredComponent{mIntentFilterData=IntentFilterData{mAction='android.telecom.CallStreamingService', mCategories='[]', mDataScheme='null', mDataType='null'}, mMinTargetSdkVersion=1, mFlags='0', mPermission='android.permission.BIND_CALL_STREAMING_SERVICE', mQueryFlags=0, mMetaData=[]}
06-24 07:08:06.480   843  7860 E RoleControllerServiceImpl: Default/fallback role holder package doesn't qualify for the role, package: com.google.android.gms, role: android.app.role.SYSTEM_CALL_STREAMING
06-24 07:08:06.482   523   613 I RollbackManager: broadcast=ACTION_PACKAGE_FULLY_REMOVED pkg=dev.mobile.maestro.test
06-24 07:08:06.483   843  7860 W Role    : Default holder doesn't have required signing certificate: com.google.android.apps.work.clouddpc:23962F4B43B9857638EA66F4D419518EAE282491ACDA4B94707BD59003C45E58
06-24 07:08:06.484   842   914 D StylusManager: Stylus InputDevice changed: 8 virtio_input_multi_touch_5
06-24 07:08:06.484   842   914 D StylusManager: Stylus InputDevice changed: 10 virtio_input_multi_touch_7
06-24 07:08:06.491   523   554 D ActivityManager: sync unfroze 2178 android.process.media for 3
06-24 07:08:06.493   523   765 W WifiService: Couldn't get PackageInfo for package:dev.mobile.maestro.test
06-24 07:08:06.493   523   765 D WifiService: Remove settings for package:dev.mobile.maestro.test
06-24 07:08:06.493   523   765 D WifiConfigManager: Remove all networks for app ApplicationInfo{1bbfbd7 dev.mobile.maestro.test}
06-24 07:08:06.497   523   765 D WifiConfigStore: Writing to stores completed in 3 ms.
06-24 07:08:06.498   523   765 I PasspointManager: No app ops listener found for dev.mobile.maestro.test
06-24 07:08:06.527   842   914 D StylusManager: Stylus InputDevice changed: 11 virtio_input_multi_touch_8
06-24 07:08:06.531  7639  7658 D EGL_emulation: app_time_stats: avg=503.00ms min=499.37ms max=506.63ms count=2
06-24 07:08:06.540  4301  4301 V MediaPlayerList: mPackageChangedBroadcastReceiver: action: android.intent.action.PACKAGE_REMOVED
06-24 07:08:06.542  4301  4301 V MediaPlayerList: mPackageChangedBroadcastReceiver: action: android.intent.action.PACKAGE_REMOVED
06-24 07:08:06.544  5520  5520 D BoundBrokerSvc: onBind: Intent { act=com.google.android.gms.common.BIND_SHARED_PREFS pkg=com.google.android.gms }
06-24 07:08:06.544  5520  5520 D BoundBrokerSvc: Loading bound service for intent: Intent { act=com.google.android.gms.common.BIND_SHARED_PREFS pkg=com.google.android.gms }
06-24 07:08:06.548  5520  5520 D BoundBrokerSvc: onUnbind: Intent { act=com.google.android.gms.common.BIND_SHARED_PREFS pkg=com.google.android.gms }
06-24 07:08:06.549   843   843 D PersistedStoragePackageUninstalledReceiver: Received android.intent.action.PACKAGE_FULLY_REMOVED for dev.mobile.maestro for u0
06-24 07:08:06.549  1708  1708 W MediaProvider: WorkProfileOwnerApps cache is empty
06-24 07:08:06.557   842   842 D ControlsListingControllerImpl: ServiceConfig reloaded, count: 0
06-24 07:08:06.574  5520  5520 D BoundBrokerSvc: onBind: Intent { act=com.google.android.gms.common.BIND_SHARED_PREFS pkg=com.google.android.gms }
06-24 07:08:06.574  5520  5520 D BoundBrokerSvc: Loading bound service for intent: Intent { act=com.google.android.gms.common.BIND_SHARED_PREFS pkg=com.google.android.gms }
06-24 07:08:06.575   842   914 D StylusManager: Stylus InputDevice changed: 7 virtio_input_multi_touch_4
06-24 07:08:06.575   842   914 D StylusManager: Stylus InputDevice changed: 5 virtio_input_multi_touch_2
06-24 07:08:06.576   842   914 D StylusManager: Stylus InputDevice changed: 4 virtio_input_multi_touch_1
06-24 07:08:06.576   842   914 D StylusManager: Stylus InputDevice changed: 12 virtio_input_multi_touch_9
06-24 07:08:06.576   842   914 D StylusManager: Stylus InputDevice changed: 6 virtio_input_multi_touch_3
06-24 07:08:06.578   523   911 D SafetySourceDataValidator: No cert check requested for package com.google.android.permissioncontroller
06-24 07:08:06.582  5520  5520 D BoundBrokerSvc: onUnbind: Intent { act=com.google.android.gms.common.BIND_SHARED_PREFS pkg=com.google.android.gms }
06-24 07:08:06.589  5453  7885 I ProximityAuth: [RecentAppsMediator] Package removed: (user=UserHandle{0}) dev.mobile.maestro
06-24 07:08:06.593  5520  7868 I BlockstoreStorage: Clearing all the Blockstore Data for package dev.mobile.maestro [CONTEXT service_id=258 ]
06-24 07:08:06.593  5520  7868 I BlockstoreStorage: Clearing all the Blockstore Data for 1 packages [CONTEXT service_id=258 ]
06-24 07:08:06.598   843   843 D PersistedStoragePackageUninstalledReceiver: Received android.intent.action.PACKAGE_FULLY_REMOVED for dev.mobile.maestro.test for u0
06-24 07:08:06.602  1708  2420 I MediaProvider: Begin Intent { act=android.intent.action.PACKAGE_FULLY_REMOVED dat=package: flg=0x5000010 cmp=com.google.android.providers.media.module/com.android.providers.media.MediaService (has extras) }
06-24 07:08:06.603  1708  2420 D MediaProvider: Deleted 0 Android/media items belonging to dev.mobile.maestro.test on /data/user/0/com.google.android.providers.media.module/databases/external.db
06-24 07:08:06.605  1708  2420 D MediaGrants: Removed 0 media_grants for 0 user for dev.mobile.maestro.test. Reason: Package orphaned
06-24 07:08:06.611  5520  7366 I ContentMaintenance: Internal cache bytes used: 0; limit: 100000000; download size: 0
06-24 07:08:06.614  5520  7366 I RealtimeCacheCleanup: Beginning Realtime garbage collection.
06-24 07:08:06.615  5520  7366 I RealtimeCacheCleanup: Finished Realtime garbage collection.
06-24 07:08:06.621  1708  2420 I MediaProvider: End Intent { act=android.intent.action.PACKAGE_FULLY_REMOVED dat=package: flg=0x5000010 cmp=com.google.android.providers.media.module/com.android.providers.media.MediaService (has extras) }
06-24 07:08:06.633  5453  7886 I Fitness : FitCleanupIntentOperation received Intent android.intent.action.PACKAGE_REMOVED [CONTEXT service_id=17 ]
06-24 07:08:06.634  5520  7366 I Icing   : doRemovePackageData dev.mobile.maestro
06-24 07:08:06.643   523  2179 E AtomicFile: Failed to rename /data/system/cachequota.xml.new to /data/system/cachequota.xml
06-24 07:08:06.646   337   368 I netd    : tetherGetStats() -> {[]} <0.36ms>
06-24 07:08:06.659  1627  1627 I GsaVoiceInteractionSrv: O received Intent { act=android.intent.action.PACKAGE_REMOVED dat=package: flg=0x4000010 (has extras) }
06-24 07:08:06.661  1627  1627 I GsaVoiceInteractionSrv: O received Intent { act=android.intent.action.PACKAGE_REMOVED dat=package: flg=0x4000010 (has extras) }
06-24 07:08:06.662  5520  7868 W SQLiteLog: (28) double-quoted string literal: "dev.mobile.maestro"
06-24 07:08:06.663  5453  7886 I ProximityAuth: [RecentAppsMediator] Package removed: (user=UserHandle{0}) dev.mobile.maestro.test
06-24 07:08:06.668  1107  1107 D Launcher.Model: package removed received dev.mobile.maestro
06-24 07:08:06.669  1646  1646 I AiAiEcho: AppFetcherImplV2 onPackageRemoved dev.mobile.maestro.
06-24 07:08:06.670  1107  1149 D PackageUpdatedTask: Removing app icondev.mobile.maestro
06-24 07:08:06.679  5520  7871 I BlockstoreStorage: Clearing all the Blockstore Data for package dev.mobile.maestro.test [CONTEXT service_id=258 ]
06-24 07:08:06.679  5520  7871 I BlockstoreStorage: Clearing all the Blockstore Data for 1 packages [CONTEXT service_id=258 ]
06-24 07:08:06.688   523  2674 E AtomicFile: Failed to rename /data/system/cachequota.xml.new to /data/system/cachequota.xml
06-24 07:08:06.689  5520  5633 I Icing   : IndexChimeraService.getServiceInterface callingPackage=com.google.android.gms componentName=AppsCorpus serviceId=36
06-24 07:08:06.699  1646  1968 I AiAiEcho: [pnb-agg] Reload pnb aggregation on events deleted
06-24 07:08:06.699  1646  1968 I AiAiEcho: [pnb-agg] pnb aggregation disabled.
06-24 07:08:06.703  1107  1149 D ModelWriter: removing items from db . Reason: [removed because the corresponding package or component is removed. mOp=3 removedPackages=[dev.mobile.maestro] removedComponents=[]]
06-24 07:08:06.705  1722  2621 W SearchServiceCore: Abort, client detached.
06-24 07:08:06.711   523   533 I system_server: Background concurrent copying GC freed 494689(22MB) AllocSpace objects, 38(1172KB) LOS objects, 41% free, 34MB/58MB, paused 31us,44us total 593.589ms
06-24 07:08:06.713  5520  7901 I Icing   : doRemovePackageData dev.mobile.maestro.test
06-24 07:08:06.714  5520  7870 W SQLiteLog: (28) double-quoted string literal: "dev.mobile.maestro.test"
06-24 07:08:06.715   523   534 W JavaBinder: BinderProxy is being destroyed but the application did not call unlinkToDeath to unlink all of its death recipients beforehand.  Releasing leaked death recipient: com.android.server.wm.ActivityRecord$$ExternalSyntheticLambda0
06-24 07:08:06.715   523   534 I BpBinder: onLastStrongRef automatically unlinking death recipients: 
06-24 07:08:06.719  5453  7869 I Fitness : FitCleanupIntentOperation received Intent android.intent.action.PACKAGE_REMOVED [CONTEXT service_id=17 ]
06-24 07:08:06.738   523   537 D CompatibilityChangeReporter: Compat change id reported: 161252188; UID 10192; state: DISABLED
06-24 07:08:06.751  1646  2108 I AiAiEcho: EchoSearch: WidgetFetcherImpl is initialized with [28] widgets [reason=package removed for userId: 0]
06-24 07:08:06.753   523   553 W WindowMagnificationMgr: requestConnection duplicated request: connect=false, mConnectionState=DISCONNECTED
06-24 07:08:06.755  5520  7901 I Icing   : Usage reports ok 1, Failed Usage reports 0, indexed 0, rejected 0
06-24 07:08:06.780  5520  7901 I Icing   : Indexing com.google.android.gms-apps from com.google.android.gms
06-24 07:08:06.826  5520  5633 I Icing   : IndexChimeraService.getServiceInterface callingPackage=com.google.android.gms componentName=null serviceId=30
06-24 07:08:06.833  5520  7901 I Icing   : Indexing done com.google.android.gms-apps
06-24 07:08:06.838  7905  7905 W BpBinder: Linking to death on android.gui.ISurfaceComposer but there are no threads (yet?) listening to incoming transactions. See ProcessState::startThreadPool and ProcessState::setThreadPoolMaxThreadCount. Generally you should setup the binder threadpool before other initialization steps.
06-24 07:08:06.838  7905  7905 W ProcessState: Extra binder thread started, but 0 threads requested. Do not use *startThreadPool when zero threads are requested.
06-24 07:08:07.037     0     0 I servicemanager: Could not find android.hardware.graphics.allocator.IAllocator/default in the VINTF manifest.
06-24 07:08:06.853   134   134 I hwservicemanager: getTransport: Cannot find entry android.hardware.graphics.mapper@4.0::IMapper/default in either framework or device VINTF manifest.
06-24 07:08:06.854  5520  7901 I Icing   : Usage reports ok 0, Failed Usage reports 0, indexed 0, rejected 0
06-24 07:08:06.857  7905  7906 I Gralloc4: mapper 4.x is not supported
06-24 07:08:06.863  1107  1107 D Launcher.Model: package removed received dev.mobile.maestro.test
06-24 07:08:06.863  1107  1149 D PackageUpdatedTask: Removing app icondev.mobile.maestro.test
06-24 07:08:06.868  1107  1149 D ModelWriter: removing items from db . Reason: [removed because the corresponding package or component is removed. mOp=3 removedPackages=[dev.mobile.maestro.test] removedComponents=[]]
06-24 07:08:06.875  5520  7901 I Icing   : Indexing com.google.android.gms-apps from com.google.android.gms
06-24 07:08:06.876  5520  7901 I Icing   : Indexing done com.google.android.gms-apps
