06-24 07:08:06.889  1646  1646 I AiAiEcho: AppFetcherImplV2 onPackageRemoved dev.mobile.maestro.test.
06-24 07:08:06.923  1646  2108 I AiAiEcho: EchoSearch: WidgetFetcherImpl is initialized with [28] widgets [reason=package removed for userId: 0]
06-24 07:08:06.935  1646  1968 I AiAiEcho: [pnb-agg] Reload pnb aggregation on events deleted
06-24 07:08:06.935  1646  1968 I AiAiEcho: [pnb-agg] pnb aggregation disabled.
06-24 07:08:07.036  7910  7910 D AndroidRuntime: >>>>>> START com.android.internal.os.RuntimeInit uid 2000 <<<<<<
06-24 07:08:07.040  7910  7910 I AndroidRuntime: Using default boot image
06-24 07:08:07.040  7910  7910 I AndroidRuntime: Leaving lock profiling enabled
06-24 07:08:07.044  7910  7910 I app_process: Core platform API reporting enabled, enforcing=false
06-24 07:08:07.044  7910  7910 I app_process: Using CollectorTypeCC GC.
06-24 07:08:07.109   842   842 D TileServices: Couldn't find tile for ComponentInfo{com.google.android.apps.wellbeing/com.google.android.apps.wellbeing.focusmode.quicksettings.FocusModeTileService}(0)
06-24 07:08:07.131   842   842 D TileServices: Couldn't find tile for ComponentInfo{com.google.android.apps.wellbeing/com.google.android.apps.wellbeing.focusmode.quicksettings.FocusModeTileService}(0)
06-24 07:08:07.175  7910  7910 D nativeloader: InitDefaultPublicLibraries for_preload=1: libandroid.so:libaaudio.so:libamidi.so:libbinder_ndk.so:libc.so:libcamera2ndk.so:libdl.so:libEGL.so:libGLESv1_CM.so:libGLESv2.so:libGLESv3.so:libicu.so:libicui18n.so:libicuuc.so:libjnigraphics.so:liblog.so:libmediandk.so:libm.so:libnativehelper.so:libnativewindow.so:libOpenMAXAL.so:libOpenSLES.so:libRS.so:libstdc++.so:libsync.so:libvulkan.so:libwebviewchromium_plat_support.so:libz.so
06-24 07:08:07.185  7910  7910 D app_process: Time zone APEX ICU file found: /apex/com.android.tzdata/etc/icu/icu_tzdata.dat
06-24 07:08:07.186  7910  7910 D app_process: I18n APEX ICU file found: /apex/com.android.i18n/etc/icu/icudt72l.dat
06-24 07:08:07.192  7910  7910 W app_process: Unexpected CPU variant for x86: x86_64.
06-24 07:08:07.192  7910  7910 W app_process: Known variants: atom, sandybridge, silvermont, goldmont, goldmont-plus, tremont, kabylake, default
06-24 07:08:07.196  7910  7910 W app_process: ClassLoaderContext shared library size mismatch. Expected=2, found=0 (PCL[]{PCL[/system/framework/android.test.base.jar*836642756]#PCL[/system/framework/android.test.mock.jar*3186112116]} | PCL[])
06-24 07:08:07.197  7910  7910 W app_process: ClassLoaderContext classpath size mismatch. expected=0, found=1 (PCL[]{PCL[/system/framework/android.test.runner.jar*4168958247]{PCL[/system/framework/android.test.base.jar*836642756]#PCL[/system/framework/android.test.mock.jar*3186112116]}#PCL[/system/framework/android.test.base.jar*836642756]} | PCL[/system/framework/android.test.runner.jar*4168958247])
06-24 07:08:07.213  7910  7910 W libc    : Access denied finding property "ro.product.name_for_attestation"
06-24 07:08:07.213  7910  7910 W libc    : Access denied finding property "ro.product.brand_for_attestation"
06-24 07:08:07.213  7910  7910 W libc    : Access denied finding property "ro.product.model_for_attestation"
06-24 07:08:07.214  7910  7910 D AndroidRuntime: Calling main entry com.android.commands.uiautomator.Launcher
06-24 07:08:07.216  7910  7910 D UiAutomationConnection: Created on user UserHandle{0}
06-24 07:08:07.216  7910  7910 I UiAutomation: Initialized for user 0 on display 0
06-24 07:08:07.216  7910  7910 W UiAutomation: Created with deprecatead constructor, assumes DEFAULT_DISPLAY
06-24 07:08:07.207  7910  7910 W main    : type=1400 audit(0.0:75): avc:  denied  { read } for  name="u:object_r:build_attestation_prop:s0" dev="tmpfs" ino=86 scontext=u:r:shell:s0 tcontext=u:object_r:build_attestation_prop:s0 tclass=file permissive=0
06-24 07:08:07.217   523   537 D AccessibilityManagerService: changeCurrentUserForTestAutomationIfNeededLocked(0): ignoring because device doesn't support visible background users
06-24 07:08:07.218   523   537 I UiAutomationManager: Registering UiTestAutomationService (id=com.android.server.accessibility/UiAutomation) when called by user 0
06-24 07:08:07.207  7910  7910 W main    : type=1400 audit(0.0:76): avc:  denied  { read } for  name="u:object_r:build_attestation_prop:s0" dev="tmpfs" ino=86 scontext=u:r:shell:s0 tcontext=u:object_r:build_attestation_prop:s0 tclass=file permissive=0
06-24 07:08:07.222   523   537 W WindowMagnificationMgr: requestConnection duplicated request: connect=false, mConnectionState=DISCONNECTED
06-24 07:08:07.223  1646  6239 I AiAiEcho: Settings changed for uri: content://settings/secure/accessibility_enabled
06-24 07:08:07.223  1646  1968 I AiAiEcho: Predicting[0]: 
06-24 07:08:07.223  1646  1968 I AiAiEcho: EchoTargets: 
06-24 07:08:07.223  1646  1968 I AiAiEcho: Filtered by AiAi flag check: 
06-24 07:08:07.223  1646  1968 I AiAiEcho: Ranked targets strategy: SORT, count: 0, ranking metadata: 
06-24 07:08:07.223  1646  1968 I AiAiEcho: Predicting[0]: 
06-24 07:08:07.223  1646  1968 I AiAiEcho: EchoTargets: 
06-24 07:08:07.223  1646  1968 I AiAiEcho: Filtered by AiAi flag check: 
06-24 07:08:07.224  1646  1968 I AiAiEcho: Ranked targets strategy: SORT, count: 0, ranking metadata: 
06-24 07:08:07.234  7910  7924 V UiAutomation: Init UiAutomation@df04cc6[id=9, displayId=0, flags=0]
06-24 07:08:07.234  1646  1968 I AiAiEcho: #postPredictionTargets: Sending updates to UISurface lockscreen with targets# 0 (types=[])
06-24 07:08:07.234  1646  1968 I AiAiEcho: #postPredictionTargets: Sending updates to UISurface home with targets# 0 (types=[])
06-24 07:08:07.235   842   842 W PageIndicator: Total number of pages invalid: 0. Assuming 1 page.
06-24 07:08:07.237   523  1710 W WindowMagnificationMgr: requestConnection duplicated request: connect=false, mConnectionState=DISCONNECTED
06-24 07:08:07.238   523   523 D BatterySaverPolicy: accessibility changed to true, updating policy.
06-24 07:08:07.238  1646  3493 I AiAiEcho: Settings changed for uri: content://settings/secure/accessibility_enabled
06-24 07:08:07.238  1722  2272 I A       : NGA disabled since it's running Panthera and at least one a11y feature is on.
06-24 07:08:07.238  1722  2272 I A       : Nga state changed to NgaStateDetails{state=DISABLED, isSpecialExperience=false}
06-24 07:08:07.207  7910  7910 W main    : type=1400 audit(0.0:77): avc:  denied  { read } for  name="u:object_r:build_attestation_prop:s0" dev="tmpfs" ino=86 scontext=u:r:shell:s0 tcontext=u:object_r:build_attestation_prop:s0 tclass=file permissive=0
06-24 07:08:07.239   523  2586 D SafetySourceDataValidator: No cert check requested for package com.google.android.permissioncontroller
06-24 07:08:07.242  1627  1648 I A       : APA or Classic session decision: SessionDecision(sessionVariance=CLASSIC, platformVariance=CLASSIC, justification=CURRENT_PLATFORM_VARIANCE).
06-24 07:08:07.242  1627  1648 I A       : [Memory] eligibility: StashEligibility{4}
06-24 07:08:07.242  1627  2078 I A       : Unsubscribed to apa or classic variant change.
06-24 07:08:07.242  1646  1968 I AiAiEcho: Predicting[0]: 
06-24 07:08:07.242  1646  1968 I AiAiEcho: EchoTargets: 
06-24 07:08:07.242  1646  1968 I AiAiEcho: Filtered by AiAi flag check: 
06-24 07:08:07.242  1646  1968 I AiAiEcho: Ranked targets strategy: SORT, count: 0, ranking metadata: 
06-24 07:08:07.243  1646  1968 I AiAiEcho: Predicting[0]: 
06-24 07:08:07.243  1646  1968 I AiAiEcho: EchoTargets: 
06-24 07:08:07.243  1646  1968 I AiAiEcho: Filtered by AiAi flag check: 
06-24 07:08:07.244  1646  1968 I AiAiEcho: Ranked targets strategy: SORT, count: 0, ranking metadata: 
06-24 07:08:07.244  1646  1968 I AiAiEcho: #postPredictionTargets: Sending updates to UISurface lockscreen with targets# 0 (types=[])
06-24 07:08:07.244   842   842 W PageIndicator: Total number of pages invalid: 0. Assuming 1 page.
06-24 07:08:07.245  1646  1968 I AiAiEcho: #postPredictionTargets: Sending updates to UISurface home with targets# 0 (types=[])
06-24 07:08:08.032  7639  7658 D EGL_emulation: app_time_stats: avg=499.99ms min=499.48ms max=500.35ms count=3
06-24 07:08:08.243  7910  7910 I AccessibilityNodeInfoDumper: Skipping invisible child: android.view.accessibility.AccessibilityNodeInfo@128c5; boundsInParent: Rect(0, 0 - 320, 0); boundsInScreen: Rect(0, 0 - 320, 0); boundsInWindow: Rect(0, 0 - 320, 0); packageName: com.hanapkalinga.mobile; className: android.widget.LinearLayout; text: null; error: null; maxTextLength: -1; stateDescription: null; contentDescription: null; tooltipText: null; containerTitle: null; viewIdResName: null; uniqueId: null; checkable: false; checked: false; focusable: false; focused: false; selected: false; clickable: false; longClickable: false; contextClickable: false; enabled: true; password: false; scrollable: false; importantForAccessibility: false; visible: false; actions: [AccessibilityAction: ACTION_SELECT - null, AccessibilityAction: ACTION_CLEAR_SELECTION - null, AccessibilityAction: ACTION_ACCESSIBILITY_FOCUS - null, AccessibilityAction: ACTION_SHOW_ON_SCREEN - null]; isTextSelectable: false
06-24 07:08:08.243  7910  7910 I AccessibilityNodeInfoDumper: Skipping invisible child: android.view.accessibility.AccessibilityNodeInfo@12504; boundsInParent: Rect(0, 0 - 320, 0); boundsInScreen: Rect(0, 0 - 320, 0); boundsInWindow: Rect(0, 0 - 320, 0); packageName: com.hanapkalinga.mobile; className: android.view.ViewGroup; text: null; error: null; maxTextLength: -1; stateDescription: null; contentDescription: null; tooltipText: null; containerTitle: null; viewIdResName: null; uniqueId: null; checkable: false; checked: false; focusable: false; focused: false; selected: false; clickable: false; longClickable: false; contextClickable: false; enabled: true; password: false; scrollable: false; importantForAccessibility: false; visible: false; actions: [AccessibilityAction: ACTION_SELECT - null, AccessibilityAction: ACTION_CLEAR_SELECTION - null, AccessibilityAction: ACTION_ACCESSIBILITY_FOCUS - null, AccessibilityAction: ACTION_SHOW_ON_SCREEN - null]; isTextSelectable: false
06-24 07:08:08.243  7910  7910 I AccessibilityNodeInfoDumper: Skipping invisible child: android.view.accessibility.AccessibilityNodeInfo@1a4a6; boundsInParent: Rect(0, 0 - 320, 0); boundsInScreen: Rect(0, 0 - 320, 0); boundsInWindow: Rect(0, 0 - 320, 0); packageName: com.hanapkalinga.mobile; className: android.widget.LinearLayout; text: null; error: null; maxTextLength: -1; stateDescription: null; contentDescription: null; tooltipText: null; containerTitle: null; viewIdResName: null; uniqueId: null; checkable: false; checked: false; focusable: false; focused: false; selected: false; clickable: false; longClickable: false; contextClickable: false; enabled: true; password: false; scrollable: false; importantForAccessibility: false; visible: false; actions: [AccessibilityAction: ACTION_SELECT - null, AccessibilityAction: ACTION_CLEAR_SELECTION - null, AccessibilityAction: ACTION_ACCESSIBILITY_FOCUS - null, AccessibilityAction: ACTION_SHOW_ON_SCREEN - null]; isTextSelectable: false
06-24 07:08:08.243  7910  7910 I AccessibilityNodeInfoDumper: Skipping invisible child: android.view.accessibility.AccessibilityNodeInfo@1a0e5; boundsInParent: Rect(0, 0 - 320, 0); boundsInScreen: Rect(0, 0 - 320, 0); boundsInWindow: Rect(0, 0 - 320, 0); packageName: com.hanapkalinga.mobile; className: android.view.ViewGroup; text: null; error: null; maxTextLength: -1; stateDescription: null; contentDescription: null; tooltipText: null; containerTitle: null; viewIdResName: null; uniqueId: null; checkable: false; checked: false; focusable: false; focused: false; selected: false; clickable: false; longClickable: false; contextClickable: false; enabled: true; password: false; scrollable: false; importantForAccessibility: false; visible: false; actions: [AccessibilityAction: ACTION_SELECT - null, AccessibilityAction: ACTION_CLEAR_SELECTION - null, AccessibilityAction: ACTION_ACCESSIBILITY_FOCUS - null, AccessibilityAction: ACTION_SHOW_ON_SCREEN - null]; isTextSelectable: false
06-24 07:08:08.244  7910  7910 I AccessibilityNodeInfoDumper: Skipping invisible child: android.view.accessibility.AccessibilityNodeInfo@182dd; boundsInParent: Rect(0, 0 - 1, 1); boundsInScreen: Rect(20, 348 - 21, 349); boundsInWindow: Rect(20, 348 - 21, 349); packageName: com.hanapkalinga.mobile; className: android.view.ViewGroup; text: null; error: null; maxTextLength: -1; stateDescription: null; contentDescription: null; tooltipText: null; containerTitle: null; viewIdResName: login_captcha_ready; uniqueId: null; checkable: false; checked: false; focusable: false; focused: false; selected: false; clickable: false; longClickable: false; contextClickable: false; enabled: true; password: false; scrollable: false; importantForAccessibility: true; visible: false; actions: [AccessibilityAction: ACTION_SELECT - null, AccessibilityAction: ACTION_CLEAR_SELECTION - null, AccessibilityAction: ACTION_ACCESSIBILITY_FOCUS - null, AccessibilityAction: ACTION_SHOW_ON_SCREEN - null]; isTextSelectable: false
06-24 07:08:08.250  7910  7910 W AccessibilityNodeInfoDumper: Fetch time: 11ms
06-24 07:08:08.251   523  2586 W WindowMagnificationMgr: requestConnection duplicated request: connect=false, mConnectionState=DISCONNECTED
06-24 07:08:08.251   523  2586 D AccessibilityManagerService: restoreCurrentUserForTestAutomationIfNeededLocked(): ignoring because device doesn't support visible background users
06-24 07:08:08.252   523   523 D BatterySaverPolicy: accessibility changed to false, updating policy.
06-24 07:08:08.252  1646  3493 I AiAiEcho: Settings changed for uri: content://settings/secure/accessibility_enabled
06-24 07:08:08.252  1722  2307 I A       : NGA enabled in interactor.
06-24 07:08:08.252  1722  2307 I A       : Nga state changed to NgaStateDetails{state=ENABLED, isSpecialExperience=false}
06-24 07:08:08.252  1646  1968 I AiAiEcho: Predicting[0]: 
06-24 07:08:08.252  1646  1968 I AiAiEcho: EchoTargets: 
06-24 07:08:08.252  1646  1968 I AiAiEcho: Filtered by AiAi flag check: 
06-24 07:08:08.253  1646  1968 I AiAiEcho: Ranked targets strategy: SORT, count: 0, ranking metadata: 
06-24 07:08:08.253  1646  1968 I AiAiEcho: Predicting[0]: 
06-24 07:08:08.253  1646  1968 I AiAiEcho: EchoTargets: 
06-24 07:08:08.253  1646  1968 I AiAiEcho: Filtered by AiAi flag check: 
06-24 07:08:08.253  1646  1968 I AiAiEcho: Ranked targets strategy: SORT, count: 0, ranking metadata: 
06-24 07:08:08.253  1646  1968 I AiAiEcho: #postPredictionTargets: Sending updates to UISurface lockscreen with targets# 0 (types=[])
06-24 07:08:08.253  1646  1968 I AiAiEcho: #postPredictionTargets: Sending updates to UISurface home with targets# 0 (types=[])
06-24 07:08:08.255  1627  5030 I A       : Initializing all components
06-24 07:08:08.255  1627  5030 I A       : APA or Classic session decision: SessionDecision(sessionVariance=CLASSIC, platformVariance=CLASSIC, justification=CURRENT_PLATFORM_VARIANCE).
06-24 07:08:08.255  1627  5030 I A       : [Memory] eligibility: StashEligibility{6}
06-24 07:08:08.256  1627  2079 I A       : State changed: IDLE => IDLE by NGA_STATE_CHANGED and N/A with Optional.empty
06-24 07:08:08.256  1627  2079 I A       : Recognizer choice: (recognizer_type: 1, recognizer_mode: 1, choice_reason: 4)
06-24 07:08:08.256  1627  2079 I A       : onActiveStateChangeEvent: IDLE => IDLE
06-24 07:08:08.256  1627  2079 I A       : #onActiveStateChangeEvent, newState: IDLE, previousState: IDLE.
06-24 07:08:08.258  1627  2078 I A       : onIsEnabledChanged, isEnabled: false
06-24 07:08:08.258  1627  2078 W A       : Disposing empty manager. Did you forgot to subscribe observables?
06-24 07:08:08.258  1627  2078 W A       : Disposing empty manager. Did you forgot to subscribe observables?
06-24 07:08:08.258  1627  2078 W A       : Disposing empty manager. Did you forgot to subscribe observables?
06-24 07:08:08.258  1627  2078 W A       : Disposing empty manager. Did you forgot to subscribe observables?
06-24 07:08:08.258  1627  2078 W A       : Disposing empty manager. Did you forgot to subscribe observables?
06-24 07:08:08.258  1627  2078 W A       : Disposing empty manager. Did you forgot to subscribe observables?
06-24 07:08:08.258  1627  2078 W A       : Disposing empty manager. Did you forgot to subscribe observables?
06-24 07:08:08.258  1627  2078 W A       : Disposing empty manager. Did you forgot to subscribe observables?
06-24 07:08:08.258  1627  2078 W A       : Disposing empty manager. Did you forgot to subscribe observables?
06-24 07:08:08.258  1627  2078 W A       : Disposing empty manager. Did you forgot to subscribe observables?
06-24 07:08:08.259  1627  2078 I A       : onOpaVisibilityChanged: false
06-24 07:08:08.259  1627  2078 W A       : Disposing empty manager. Did you forgot to subscribe observables?
06-24 07:08:08.259  1627  2078 W A       : Disposing empty manager. Did you forgot to subscribe observables?
06-24 07:08:08.259  1627  2078 W A       : Disposing empty manager. Did you forgot to subscribe observables?
06-24 07:08:08.259  1627  2078 W A       : Disposing empty manager. Did you forgot to subscribe observables?
06-24 07:08:08.259  1627  2078 W A       : Disposing empty manager. Did you forgot to subscribe observables?
06-24 07:08:08.259  1627  2078 W A       : Disposing empty manager. Did you forgot to subscribe observables?
06-24 07:08:08.260  1627  2078 I A       : Setting session to type: NO_SESSION
06-24 07:08:08.260  1627  2078 W A       : Disposing empty manager. Did you forgot to subscribe observables?
06-24 07:08:08.260  1627  2078 W A       : Disposing empty manager. Did you forgot to subscribe observables?
06-24 07:08:08.260  1627  2078 W A       : Disposing empty manager. Did you forgot to subscribe observables?
06-24 07:08:08.260  1627  2078 W A       : Disposing empty manager. Did you forgot to subscribe observables?
06-24 07:08:08.260  1627  2078 W A       : Disposing empty manager. Did you forgot to subscribe observables?
06-24 07:08:08.260  1627  2078 W A       : Disposing empty manager. Did you forgot to subscribe observables?
06-24 07:08:08.260  1627  2078 W A       : Disposing empty manager. Did you forgot to subscribe observables?
06-24 07:08:08.260  1627  2078 W A       : Disposing empty manager. Did you forgot to subscribe observables?
06-24 07:08:08.260  1627  2078 I A       : setNavBarVisible: GestureNavBarVisible{navbarVisible=true}
06-24 07:08:08.260   842   842 W PageIndicator: Total number of pages invalid: 0. Assuming 1 page.
06-24 07:08:08.262  7910  7910 D AndroidRuntime: Shutting down VM
06-24 07:08:08.262  1627  2078 W A       : Disposing empty manager. Did you forgot to subscribe observables?
06-24 07:08:08.262  1627  2078 W A       : Disposing empty manager. Did you forgot to subscribe observables?
06-24 07:08:08.262  1627  2078 W A       : Disposing empty manager. Did you forgot to subscribe observables?
06-24 07:08:08.263  1627  2078 W A       : Disposing empty manager. Did you forgot to subscribe observables?
06-24 07:08:08.263  1627  2078 W A       : Disposing empty manager. Did you forgot to subscribe observables?
06-24 07:08:08.263  1627  2078 W A       : Disposing empty manager. Did you forgot to subscribe observables?
06-24 07:08:08.263  1627  2078 I A       : onDisabled. Registered: false
06-24 07:08:08.265  1627  2078 I A       : on opa visibility changed false
06-24 07:08:08.265  1627  2078 I A       : on opa visibility changed false
06-24 07:08:08.265  1627  2078 I A       : stopListening(NGA_PAUSED_UNKNOWN_REASON, NGA_CREATE), idleOverride=NOT_LISTENING
06-24 07:08:08.267  1627  2079 I A       : Initialize
06-24 07:08:08.269  1627  2078 I NgaEntryPointEventSendr: setupConnection
06-24 07:08:08.272  1722  1722 I A       : Creating pss binder().
06-24 07:08:08.273  1627  2078 I NgaEntryPointEventSendr: State changed: Disconnected => Connecting
06-24 07:08:08.273  1627  2078 I NgaEntryPointEventSendr: onServiceConnected
06-24 07:08:08.273  1722  5449 I A       : Calling beginBinderSession().
06-24 07:08:08.273  1722  5449 I A       : beginBinderSession(): calling binder
06-24 07:08:08.274  1627  2078 I NgaEntryPointEventSendr: State changed: Connecting => Ready
06-24 07:08:08.276   523   537 W ActivityManager: Unable to start service Intent { cmp=com.google.android.apps.tachyon/.clientapi.ClientApiService } U=0: not found
06-24 07:08:08.282  1627  2079 I A       : Successfully initialized all components
06-24 07:08:08.289  1627  2078 I NgaEntryPointEventSendr: State changed: Ready => Disconnected (onOpaDisconnected)
06-24 07:08:08.290  1722  2898 I PBSessionCacheImpl: Deleted sessionId[7575218376636274] from persistence.
06-24 07:08:08.290  1722  2621 W A       : UiCallbackStub-onGenericEvent[ServiceEvent = 60] task was not run. Callback from Service received after client was disposed.
06-24 07:08:08.292  1722  2621 W SearchServiceCore: Abort, client detached.
