06-24 07:09:19.711  8428  8428 W app_process: ClassLoaderContext classpath size mismatch. expected=0, found=1 (PCL[]{PCL[/system/framework/android.test.runner.jar*4168958247]{PCL[/system/framework/android.test.base.jar*836642756]#PCL[/system/framework/android.test.mock.jar*3186112116]}#PCL[/system/framework/android.test.base.jar*836642756]} | PCL[/system/framework/android.test.runner.jar*4168958247])
06-24 07:09:19.731  8428  8428 W libc    : Access denied finding property "ro.product.name_for_attestation"
06-24 07:09:19.731  8428  8428 W libc    : Access denied finding property "ro.product.brand_for_attestation"
06-24 07:09:19.731  8428  8428 W libc    : Access denied finding property "ro.product.model_for_attestation"
06-24 07:09:19.732  8428  8428 D AndroidRuntime: Calling main entry com.android.commands.uiautomator.Launcher
06-24 07:09:19.723  8428  8428 W main    : type=1400 audit(0.0:84): avc:  denied  { read } for  name="u:object_r:build_attestation_prop:s0" dev="tmpfs" ino=86 scontext=u:r:shell:s0 tcontext=u:object_r:build_attestation_prop:s0 tclass=file permissive=0
06-24 07:09:19.727  8428  8428 W main    : type=1400 audit(0.0:85): avc:  denied  { read } for  name="u:object_r:build_attestation_prop:s0" dev="tmpfs" ino=86 scontext=u:r:shell:s0 tcontext=u:object_r:build_attestation_prop:s0 tclass=file permissive=0
06-24 07:09:19.738  8428  8428 D UiAutomationConnection: Created on user UserHandle{0}
06-24 07:09:19.738  8428  8428 I UiAutomation: Initialized for user 0 on display 0
06-24 07:09:19.738  8428  8428 W UiAutomation: Created with deprecatead constructor, assumes DEFAULT_DISPLAY
06-24 07:09:19.727  8428  8428 W main    : type=1400 audit(0.0:86): avc:  denied  { read } for  name="u:object_r:build_attestation_prop:s0" dev="tmpfs" ino=86 scontext=u:r:shell:s0 tcontext=u:object_r:build_attestation_prop:s0 tclass=file permissive=0
06-24 07:09:19.740   523  1102 D AccessibilityManagerService: changeCurrentUserForTestAutomationIfNeededLocked(0): ignoring because device doesn't support visible background users
06-24 07:09:19.740   523  1102 I UiAutomationManager: Registering UiTestAutomationService (id=com.android.server.accessibility/UiAutomation) when called by user 0
06-24 07:09:19.742   523  1102 W WindowMagnificationMgr: requestConnection duplicated request: connect=false, mConnectionState=DISCONNECTED
06-24 07:09:19.743  1646  3493 I AiAiEcho: Settings changed for uri: content://settings/secure/accessibility_enabled
06-24 07:09:19.743   523   523 D BatterySaverPolicy: accessibility changed to true, updating policy.
06-24 07:09:19.747  1722  2272 I A       : NGA disabled since it's running Panthera and at least one a11y feature is on.
06-24 07:09:19.747  1722  2272 I A       : Nga state changed to NgaStateDetails{state=DISABLED, isSpecialExperience=false}
06-24 07:09:19.749  1627  2768 I A       : APA or Classic session decision: SessionDecision(sessionVariance=CLASSIC, platformVariance=CLASSIC, justification=CURRENT_PLATFORM_VARIANCE).
06-24 07:09:19.749  1627  2768 I A       : [Memory] eligibility: StashEligibility{4}
06-24 07:09:19.750  1627  2078 I A       : Unsubscribed to apa or classic variant change.
06-24 07:09:19.752  1646  1968 I AiAiEcho: Predicting[0]: 
06-24 07:09:19.752  1646  1968 I AiAiEcho: EchoTargets: 
06-24 07:09:19.752  1646  1968 I AiAiEcho: Filtered by AiAi flag check: 
06-24 07:09:19.752  1646  1968 I AiAiEcho: Ranked targets strategy: SORT, count: 0, ranking metadata: 
06-24 07:09:19.752  1646  1968 I AiAiEcho: Predicting[0]: 
06-24 07:09:19.752  1646  1968 I AiAiEcho: EchoTargets: 
06-24 07:09:19.752  1646  1968 I AiAiEcho: Filtered by AiAi flag check: 
06-24 07:09:19.752  1646  1968 I AiAiEcho: Ranked targets strategy: SORT, count: 0, ranking metadata: 
06-24 07:09:19.752  1646  1968 I AiAiEcho: #postPredictionTargets: Sending updates to UISurface lockscreen with targets# 0 (types=[])
06-24 07:09:19.752  1646  1968 I AiAiEcho: #postPredictionTargets: Sending updates to UISurface home with targets# 0 (types=[])
06-24 07:09:19.753   842   842 W PageIndicator: Total number of pages invalid: 0. Assuming 1 page.
06-24 07:09:19.753  8428  8442 V UiAutomation: Init UiAutomation@babba4e[id=11, displayId=0, flags=0]
06-24 07:09:19.754   523  2662 W WindowMagnificationMgr: requestConnection duplicated request: connect=false, mConnectionState=DISCONNECTED
06-24 07:09:19.755  1646  3493 I AiAiEcho: Settings changed for uri: content://settings/secure/accessibility_enabled
06-24 07:09:19.761   523  2626 D SafetySourceDataValidator: No cert check requested for package com.google.android.permissioncontroller
06-24 07:09:19.767  1646  1968 I AiAiEcho: Predicting[0]: 
06-24 07:09:19.767  1646  1968 I AiAiEcho: EchoTargets: 
06-24 07:09:19.767  1646  1968 I AiAiEcho: Filtered by AiAi flag check: 
06-24 07:09:19.768  1646  1968 I AiAiEcho: Ranked targets strategy: SORT, count: 0, ranking metadata: 
06-24 07:09:19.768  1646  1968 I AiAiEcho: Predicting[0]: 
06-24 07:09:19.768  1646  1968 I AiAiEcho: EchoTargets: 
06-24 07:09:19.768  1646  1968 I AiAiEcho: Filtered by AiAi flag check: 
06-24 07:09:19.768  1646  1968 I AiAiEcho: Ranked targets strategy: SORT, count: 0, ranking metadata: 
06-24 07:09:19.768  1646  1968 I AiAiEcho: #postPredictionTargets: Sending updates to UISurface lockscreen with targets# 0 (types=[])
06-24 07:09:19.768   842   842 W PageIndicator: Total number of pages invalid: 0. Assuming 1 page.
06-24 07:09:19.768  1646  1968 I AiAiEcho: #postPredictionTargets: Sending updates to UISurface home with targets# 0 (types=[])
06-24 07:09:19.802   523   619 I RoleService: Granting default roles...
06-24 07:09:19.809   843  8365 E RoleControllerServiceImpl: Default/fallback role holder package doesn't qualify for the role, package: com.google.android.gms.supervision, role: android.app.role.SYSTEM_SUPERVISION
06-24 07:09:19.810   843  8365 I Role    : com.google.android.gms not qualified for android.app.role.SYSTEM_CALL_STREAMING due to missing RequiredComponent{mIntentFilterData=IntentFilterData{mAction='android.telecom.CallStreamingService', mCategories='[]', mDataScheme='null', mDataType='null'}, mMinTargetSdkVersion=1, mFlags='0', mPermission='android.permission.BIND_CALL_STREAMING_SERVICE', mQueryFlags=0, mMetaData=[]}
06-24 07:09:19.810   843  8365 E RoleControllerServiceImpl: Default/fallback role holder package doesn't qualify for the role, package: com.google.android.gms, role: android.app.role.SYSTEM_CALL_STREAMING
06-24 07:09:19.810   843  8365 W Role    : Default holder doesn't have required signing certificate: com.google.android.apps.work.clouddpc:23962F4B43B9857638EA66F4D419518EAE282491ACDA4B94707BD59003C45E58
06-24 07:09:20.751  8428  8428 I AccessibilityNodeInfoDumper: Skipping invisible child: android.view.accessibility.AccessibilityNodeInfo@128d1; boundsInParent: Rect(0, 0 - 320, 0); boundsInScreen: Rect(0, 0 - 320, 0); boundsInWindow: Rect(0, 0 - 320, 0); packageName: com.hanapkalinga.mobile; className: android.widget.LinearLayout; text: null; error: null; maxTextLength: -1; stateDescription: null; contentDescription: null; tooltipText: null; containerTitle: null; viewIdResName: null; uniqueId: null; checkable: false; checked: false; focusable: false; focused: false; selected: false; clickable: false; longClickable: false; contextClickable: false; enabled: true; password: false; scrollable: false; importantForAccessibility: false; visible: false; actions: [AccessibilityAction: ACTION_SELECT - null, AccessibilityAction: ACTION_CLEAR_SELECTION - null, AccessibilityAction: ACTION_ACCESSIBILITY_FOCUS - null, AccessibilityAction: ACTION_SHOW_ON_SCREEN - null]; isTextSelectable: false
06-24 07:09:20.751  8428  8428 I AccessibilityNodeInfoDumper: Skipping invisible child: android.view.accessibility.AccessibilityNodeInfo@12510; boundsInParent: Rect(0, 0 - 320, 0); boundsInScreen: Rect(0, 0 - 320, 0); boundsInWindow: Rect(0, 0 - 320, 0); packageName: com.hanapkalinga.mobile; className: android.view.ViewGroup; text: null; error: null; maxTextLength: -1; stateDescription: null; contentDescription: null; tooltipText: null; containerTitle: null; viewIdResName: null; uniqueId: null; checkable: false; checked: false; focusable: false; focused: false; selected: false; clickable: false; longClickable: false; contextClickable: false; enabled: true; password: false; scrollable: false; importantForAccessibility: false; visible: false; actions: [AccessibilityAction: ACTION_SELECT - null, AccessibilityAction: ACTION_CLEAR_SELECTION - null, AccessibilityAction: ACTION_ACCESSIBILITY_FOCUS - null, AccessibilityAction: ACTION_SHOW_ON_SCREEN - null]; isTextSelectable: false
06-24 07:09:20.751  8428  8428 I AccessibilityNodeInfoDumper: Skipping invisible child: android.view.accessibility.AccessibilityNodeInfo@1a4b2; boundsInParent: Rect(0, 0 - 320, 0); boundsInScreen: Rect(0, 0 - 320, 0); boundsInWindow: Rect(0, 0 - 320, 0); packageName: com.hanapkalinga.mobile; className: android.widget.LinearLayout; text: null; error: null; maxTextLength: -1; stateDescription: null; contentDescription: null; tooltipText: null; containerTitle: null; viewIdResName: null; uniqueId: null; checkable: false; checked: false; focusable: false; focused: false; selected: false; clickable: false; longClickable: false; contextClickable: false; enabled: true; password: false; scrollable: false; importantForAccessibility: false; visible: false; actions: [AccessibilityAction: ACTION_SELECT - null, AccessibilityAction: ACTION_CLEAR_SELECTION - null, AccessibilityAction: ACTION_ACCESSIBILITY_FOCUS - null, AccessibilityAction: ACTION_SHOW_ON_SCREEN - null]; isTextSelectable: false
06-24 07:09:20.751  8428  8428 I AccessibilityNodeInfoDumper: Skipping invisible child: android.view.accessibility.AccessibilityNodeInfo@1a0f1; boundsInParent: Rect(0, 0 - 320, 0); boundsInScreen: Rect(0, 0 - 320, 0); boundsInWindow: Rect(0, 0 - 320, 0); packageName: com.hanapkalinga.mobile; className: android.view.ViewGroup; text: null; error: null; maxTextLength: -1; stateDescription: null; contentDescription: null; tooltipText: null; containerTitle: null; viewIdResName: null; uniqueId: null; checkable: false; checked: false; focusable: false; focused: false; selected: false; clickable: false; longClickable: false; contextClickable: false; enabled: true; password: false; scrollable: false; importantForAccessibility: false; visible: false; actions: [AccessibilityAction: ACTION_SELECT - null, AccessibilityAction: ACTION_CLEAR_SELECTION - null, AccessibilityAction: ACTION_ACCESSIBILITY_FOCUS - null, AccessibilityAction: ACTION_SHOW_ON_SCREEN - null]; isTextSelectable: false
06-24 07:09:20.753  8428  8428 I AccessibilityNodeInfoDumper: Skipping invisible child: android.view.accessibility.AccessibilityNodeInfo@182e9; boundsInParent: Rect(0, 0 - 1, 1); boundsInScreen: Rect(20, 348 - 21, 349); boundsInWindow: Rect(20, 348 - 21, 349); packageName: com.hanapkalinga.mobile; className: android.view.ViewGroup; text: null; error: null; maxTextLength: -1; stateDescription: null; contentDescription: null; tooltipText: null; containerTitle: null; viewIdResName: login_captcha_ready; uniqueId: null; checkable: false; checked: false; focusable: false; focused: false; selected: false; clickable: false; longClickable: false; contextClickable: false; enabled: true; password: false; scrollable: false; importantForAccessibility: true; visible: false; actions: [AccessibilityAction: ACTION_SELECT - null, AccessibilityAction: ACTION_CLEAR_SELECTION - null, AccessibilityAction: ACTION_ACCESSIBILITY_FOCUS - null, AccessibilityAction: ACTION_SHOW_ON_SCREEN - null]; isTextSelectable: false
06-24 07:09:20.759  8428  8428 W AccessibilityNodeInfoDumper: Fetch time: 12ms
06-24 07:09:20.760   523  1102 W WindowMagnificationMgr: requestConnection duplicated request: connect=false, mConnectionState=DISCONNECTED
06-24 07:09:20.760   523  1102 D AccessibilityManagerService: restoreCurrentUserForTestAutomationIfNeededLocked(): ignoring because device doesn't support visible background users
06-24 07:09:20.761   523   523 D BatterySaverPolicy: accessibility changed to false, updating policy.
06-24 07:09:20.762  1646  3493 I AiAiEcho: Settings changed for uri: content://settings/secure/accessibility_enabled
06-24 07:09:20.762  1722  2309 I A       : NGA enabled in interactor.
06-24 07:09:20.762  1722  2309 I A       : Nga state changed to NgaStateDetails{state=ENABLED, isSpecialExperience=false}
06-24 07:09:20.763  1646  1968 I AiAiEcho: Predicting[0]: 
06-24 07:09:20.763  1646  1968 I AiAiEcho: EchoTargets: 
06-24 07:09:20.763  1646  1968 I AiAiEcho: Filtered by AiAi flag check: 
06-24 07:09:20.763  1646  1968 I AiAiEcho: Ranked targets strategy: SORT, count: 0, ranking metadata: 
06-24 07:09:20.764  1646  1968 I AiAiEcho: Predicting[0]: 
06-24 07:09:20.764  1646  1968 I AiAiEcho: EchoTargets: 
06-24 07:09:20.764  1646  1968 I AiAiEcho: Filtered by AiAi flag check: 
06-24 07:09:20.764  1646  1968 I AiAiEcho: Ranked targets strategy: SORT, count: 0, ranking metadata: 
06-24 07:09:20.764  1646  1968 I AiAiEcho: #postPredictionTargets: Sending updates to UISurface lockscreen with targets# 0 (types=[])
06-24 07:09:20.764  1646  1968 I AiAiEcho: #postPredictionTargets: Sending updates to UISurface home with targets# 0 (types=[])
06-24 07:09:20.764  1627  7950 I A       : Initializing all components
06-24 07:09:20.765  1627  7950 I A       : APA or Classic session decision: SessionDecision(sessionVariance=CLASSIC, platformVariance=CLASSIC, justification=CURRENT_PLATFORM_VARIANCE).
06-24 07:09:20.765  1627  7950 I A       : [Memory] eligibility: StashEligibility{6}
06-24 07:09:20.767  1627  2079 I A       : onIsEnabledChanged, isEnabled: false
06-24 07:09:20.767  1627  2079 W A       : Disposing empty manager. Did you forgot to subscribe observables?
06-24 07:09:20.767  1627  2079 W A       : Disposing empty manager. Did you forgot to subscribe observables?
06-24 07:09:20.767  1627  2079 W A       : Disposing empty manager. Did you forgot to subscribe observables?
06-24 07:09:20.767  1627  2079 W A       : Disposing empty manager. Did you forgot to subscribe observables?
06-24 07:09:20.767  1627  2079 W A       : Disposing empty manager. Did you forgot to subscribe observables?
06-24 07:09:20.767  1627  2079 W A       : Disposing empty manager. Did you forgot to subscribe observables?
06-24 07:09:20.767  1627  2079 W A       : Disposing empty manager. Did you forgot to subscribe observables?
06-24 07:09:20.767  1627  2079 W A       : Disposing empty manager. Did you forgot to subscribe observables?
06-24 07:09:20.767  1627  2079 W A       : Disposing empty manager. Did you forgot to subscribe observables?
06-24 07:09:20.767  1627  2079 W A       : Disposing empty manager. Did you forgot to subscribe observables?
06-24 07:09:20.767  1627  2079 I A       : onOpaVisibilityChanged: false
06-24 07:09:20.767  1627  2079 W A       : Disposing empty manager. Did you forgot to subscribe observables?
06-24 07:09:20.767  1627  2079 W A       : Disposing empty manager. Did you forgot to subscribe observables?
06-24 07:09:20.767  1627  2079 W A       : Disposing empty manager. Did you forgot to subscribe observables?
06-24 07:09:20.767  1627  2079 W A       : Disposing empty manager. Did you forgot to subscribe observables?
06-24 07:09:20.767  1627  2079 W A       : Disposing empty manager. Did you forgot to subscribe observables?
06-24 07:09:20.767  1627  2079 W A       : Disposing empty manager. Did you forgot to subscribe observables?
06-24 07:09:20.767  1627  2079 I A       : Setting session to type: NO_SESSION
06-24 07:09:20.767  1627  2079 W A       : Disposing empty manager. Did you forgot to subscribe observables?
06-24 07:09:20.767  1627  2079 W A       : Disposing empty manager. Did you forgot to subscribe observables?
06-24 07:09:20.767  1627  2079 W A       : Disposing empty manager. Did you forgot to subscribe observables?
06-24 07:09:20.767  1627  2079 W A       : Disposing empty manager. Did you forgot to subscribe observables?
06-24 07:09:20.767  1627  2079 W A       : Disposing empty manager. Did you forgot to subscribe observables?
06-24 07:09:20.767  1627  2079 W A       : Disposing empty manager. Did you forgot to subscribe observables?
06-24 07:09:20.767  1627  2079 W A       : Disposing empty manager. Did you forgot to subscribe observables?
06-24 07:09:20.767  1627  2079 W A       : Disposing empty manager. Did you forgot to subscribe observables?
06-24 07:09:20.771  1627  2079 I A       : setNavBarVisible: GestureNavBarVisible{navbarVisible=true}
06-24 07:09:20.772  1627  2079 W A       : Disposing empty manager. Did you forgot to subscribe observables?
06-24 07:09:20.772  1627  2079 W A       : Disposing empty manager. Did you forgot to subscribe observables?
06-24 07:09:20.772  1627  2079 W A       : Disposing empty manager. Did you forgot to subscribe observables?
06-24 07:09:20.772  1627  2079 W A       : Disposing empty manager. Did you forgot to subscribe observables?
06-24 07:09:20.772  1627  2079 W A       : Disposing empty manager. Did you forgot to subscribe observables?
06-24 07:09:20.772  1627  2079 W A       : Disposing empty manager. Did you forgot to subscribe observables?
06-24 07:09:20.772  1627  2079 I A       : onDisabled. Registered: false
06-24 07:09:20.774   842   842 W PageIndicator: Total number of pages invalid: 0. Assuming 1 page.
06-24 07:09:20.773  1627  2078 I A       : State changed: IDLE => IDLE by NGA_STATE_CHANGED and N/A with Optional.empty
06-24 07:09:20.774  1627  2078 I A       : Recognizer choice: (recognizer_type: 1, recognizer_mode: 1, choice_reason: 4)
06-24 07:09:20.775  1627  2078 I A       : onActiveStateChangeEvent: IDLE => IDLE
06-24 07:09:20.775  1627  2078 I A       : #onActiveStateChangeEvent, newState: IDLE, previousState: IDLE.
06-24 07:09:20.776  1627  2079 I NgaEntryPointEventSendr: setupConnection
06-24 07:09:20.776  8428  8428 D AndroidRuntime: Shutting down VM
06-24 07:09:20.780  1627  2079 I NgaEntryPointEventSendr: State changed: Disconnected => Connecting
06-24 07:09:20.782  1627  2079 I A       : Initialize
06-24 07:09:20.783  1722  1722 I A       : Creating pss binder().
06-24 07:09:20.784  1627  2078 I A       : on opa visibility changed false
06-24 07:09:20.784  1627  2078 I A       : on opa visibility changed false
06-24 07:09:20.784  1627  2078 I A       : stopListening(NGA_PAUSED_UNKNOWN_REASON, NGA_CREATE), idleOverride=NOT_LISTENING
06-24 07:09:20.786  1627  2078 I NgaEntryPointEventSendr: onServiceConnected
06-24 07:09:20.786  1722  3023 I A       : Calling beginBinderSession().
06-24 07:09:20.787  1722  3023 I A       : beginBinderSession(): calling binder
06-24 07:09:20.787  1627  2078 I NgaEntryPointEventSendr: State changed: Connecting => Ready
06-24 07:09:20.790   523  1179 W ActivityManager: Unable to start service Intent { cmp=com.google.android.apps.tachyon/.clientapi.ClientApiService } U=0: not found
06-24 07:09:20.802  1722  2621 W A       : UiCallbackStub-onGenericEvent[ServiceEvent = 241] task was not run. Callback from Service received after client was disposed.
06-24 07:09:20.803  1722  2621 W A       : UiCallbackStub-onGenericEvent[ServiceEvent = 241] task was not run. Callback from Service received after client was disposed.
06-24 07:09:20.804  1722  2621 I PBSessionCacheImpl: Deleted sessionId[7575218376636304] from persistence.
06-24 07:09:20.804  1722  2621 W A       : UiCallbackStub-onGenericEvent[ServiceEvent = 60] task was not run. Callback from Service received after client was disposed.
06-24 07:09:20.805  1627  2079 I NgaEntryPointEventSendr: State changed: Ready => Disconnected (onOpaDisconnected)
06-24 07:09:20.807  1627  2078 I A       : Successfully initialized all components
06-24 07:09:20.807  1722  2621 W SearchServiceCore: Abort, client detached.
06-24 07:09:21.098  8158  8178 D EGL_emulation: app_time_stats: avg=499.37ms min=498.26ms max=500.31ms count=3
