06-24 07:50:21.039  4264  4392 I BugleRcsEngine: [58] brfq.d: (PEv2-SM-Bugle-47436901): start [null]
06-24 07:50:21.040  4264  7015 I BugleDataModel: SelfParticipantsData: insertSelfParticipant. participantId: 2, selfParticipantId: 2, subId: 1
06-24 07:50:21.040  4264  7020 I BugleRcsEngine: [127] brfq.d: (PEv2-SM-Bugle-47436901): Enter EnabledState [null]
06-24 07:50:21.045  4264  7020 W BugleRcsEngine: [127] bpxc.w: Unable to send diagnostic log
06-24 07:50:21.046  6670  6721 D Maestro : Requesting view hierarchy
06-24 07:50:21.046  4264  7020 I BugleRcsEngine: [127] brds.c: Sending ProvisioningEvent to Bugle [Send Provisioning Session ID (18)], redacted-pii:[chars:65]
06-24 07:50:21.046  4264  7020 I BugleRcsEngine: [127] bsgz.b: EngineBroadcaster: Broadcasting provisioning intent com.google.android.ims.provisioning.engine.provisioningEventAction to Bugle with extras redacted-pii:[chars:223] from source PROVISIONING_EVENT
06-24 07:50:21.046  6670  6721 W QueryController: Could not detect idle state.
06-24 07:50:21.047  6670  6721 W QueryController: Could not detect idle state.
06-24 07:50:21.050  4264  7020 I BugleRcsEngine: [127] brfq.d: (PEv2-SM-Bugle-47436901): Start a new provisioning session [58ff460f-ce97-4fb4-aeb5-a3b3e5487eb1]
06-24 07:50:21.050  4264  7020 I BugleRcsEngine: [127] brnl.e: No RCS Configuration was found in Bugle for simID: redacted-pii:sim_id[chars:20,last3:897]
06-24 07:50:21.050  4264  7020 I BugleRcsEngine: [127] brjv.b: RcsAvailabilityManager: Calculating Rcs Availability
06-24 07:50:21.050  4264  7014 I BugleRcsProvisioning: RcsProvisioningEventReceiver: Received ProvisioningEvent: Send Provisioning Session ID
06-24 07:50:21.051  4264  7020 I BugleRcsEngine: [127] brnl.C: Bugle is default SMS app: true
06-24 07:50:21.051  4264  7020 I BugleRcsEngine: [127] brjv.b: Bugle has minimum required RCS permissions: true
06-24 07:50:21.051  4264  7020 I BugleRcsEngine: [127] brnl.B: Rcs is enabled from user settings: true
06-24 07:50:21.051  4264  7020 I BugleRcsEngine: [127] brox.b: Using config server URL from bqas
06-24 07:50:21.052  4264  7020 I BugleRcsEngine: [127] brnl.e: No RCS Configuration was found in Bugle for simID: redacted-pii:sim_id[chars:20,last3:897]
06-24 07:50:21.052  4264  7020 I BugleRcsEngine: [127] brnl.h: No RCS Configuration was found in Bugle for simID: redacted-pii:sim_id[chars:20,last3:897]
06-24 07:50:21.052  4264  7020 I BugleRcsEngine: [127] brnl.e: No RCS Configuration was found in Bugle for simID: redacted-pii:sim_id[chars:20,last3:897]
06-24 07:50:21.053  4264  4425 I Bugle   : BroadcastReceiverAsyncWorkTracker: Acknowledging broadcast of com.google.android.apps.messaging.shared.receiver.RcsProvisioningEventReceiver@5627551
06-24 07:50:21.055  4264  7020 I BugleRcsEngine: [127] brjv.b: Config state is not ACCEPTED, provisioning still in progress
06-24 07:50:21.055  4264  7020 I BugleRcsEngine: [127] brjv.b: RcsAvailabilityManager: Rcs Availability still CARRIER_SETUP_PENDING (Carrier RCS is not set up)
06-24 07:50:21.055  4264  7020 I BugleRcsEngine: [127] brnl.e: No RCS Configuration was found in Bugle for simID: redacted-pii:sim_id[chars:20,last3:897]
06-24 07:50:21.055  4264  7020 I BugleRcsEngine: [127] brfq.d: (PEv2-SM-Bugle-47436901): transitionViaMessage, srcState=EnabledState, destState = CheckPreconditionsState [58ff460f-ce97-4fb4-aeb5-a3b3e5487eb1]
06-24 07:50:21.055  4264  7020 I BugleRcsEngine: [127] brds.c: Sending ProvisioningEvent to Bugle [Update provisioning status (11)], redacted-pii:[chars:85]
06-24 07:50:21.055  4264  7020 I BugleRcsEngine: [127] bsgz.b: EngineBroadcaster: Broadcasting provisioning intent com.google.android.ims.provisioning.engine.provisioningEventAction to Bugle with extras redacted-pii:[chars:243] from source PROVISIONING_EVENT
06-24 07:50:21.057  4264  7020 I BugleRcsEngine: [127] brfq.d: (PEv2-SM-Bugle-47436901): EnabledState: Transition to check preconditions [58ff460f-ce97-4fb4-aeb5-a3b3e5487eb1]
06-24 07:50:21.057  4264  7020 I BugleRcsEngine: [127] brfq.d: (PEv2-SM-Bugle-47436901): transitionTo: destState=CheckPreconditionsState [58ff460f-ce97-4fb4-aeb5-a3b3e5487eb1]
06-24 07:50:21.057  4264  7020 I BugleRcsEngine: [127] brfq.d: (PEv2-SM-Bugle-47436901): onTransitionRequested EnabledState [58ff460f-ce97-4fb4-aeb5-a3b3e5487eb1]
06-24 07:50:21.058  4264  7020 I BugleRcsEngine: [127] brfq.d: (PEv2-SM-Bugle-47436901): Enter CheckPreconditionsState [58ff460f-ce97-4fb4-aeb5-a3b3e5487eb1]
06-24 07:50:21.059  4264  7012 I BugleRcsProvisioning: RcsProvisioningEventReceiver: Received ProvisioningEvent: Update provisioning status
06-24 07:50:21.059  4264  4425 I Bugle   : BroadcastReceiverAsyncWorkTracker: Acknowledging broadcast of com.google.android.apps.messaging.shared.receiver.RcsProvisioningEventReceiver@a105342
06-24 07:50:21.063  4264  7020 W BugleRcsEngine: [127] bpxc.w: Unable to send diagnostic log
06-24 07:50:21.063  4264  7020 I BugleRcsEngine: [127] brfq.d: (PEv2-SM-Bugle-47436901): Battery optimization is not required. [58ff460f-ce97-4fb4-aeb5-a3b3e5487eb1]
06-24 07:50:21.064  4264  7020 I BugleRcsEngine: [127] brnl.e: No RCS Configuration was found in Bugle for simID: redacted-pii:sim_id[chars:20,last3:897]
06-24 07:50:21.064  4264  7020 I BugleRcsEngine: [127] brfq.d: (PEv2-SM-Bugle-47436901): transitionViaMessage, srcState=CheckPreconditionsState, destState = ReadyState [58ff460f-ce97-4fb4-aeb5-a3b3e5487eb1]
06-24 07:50:21.064  4264  7020 I BugleRcsEngine: [127] brfq.d: (PEv2-SM-Bugle-47436901): CheckPreconditionsState: Transition to ready [58ff460f-ce97-4fb4-aeb5-a3b3e5487eb1]
06-24 07:50:21.064  4264  7020 I BugleRcsEngine: [127] brfq.d: (PEv2-SM-Bugle-47436901): transitionTo: destState=ReadyState [58ff460f-ce97-4fb4-aeb5-a3b3e5487eb1]
06-24 07:50:21.064  4264  7020 I BugleRcsEngine: [127] brfq.d: (PEv2-SM-Bugle-47436901): onTransitionRequested CheckPreconditionsState [58ff460f-ce97-4fb4-aeb5-a3b3e5487eb1]
06-24 07:50:21.064  4264  7020 I BugleRcsEngine: [127] brfq.d: (PEv2-SM-Bugle-47436901): Exit CheckPreconditionsState [58ff460f-ce97-4fb4-aeb5-a3b3e5487eb1]
06-24 07:50:21.064  4264  7020 I BugleRcsEngine: [127] brfq.d: (PEv2-SM-Bugle-47436901): Exit EnabledState [58ff460f-ce97-4fb4-aeb5-a3b3e5487eb1]
06-24 07:50:21.064  4264  7020 W BugleRcsEngine: [127] bpxc.w: Unable to send diagnostic log
06-24 07:50:21.064  4264  7020 I BugleRcsEngine: [127] brfq.d: (PEv2-SM-Bugle-47436901): Enter InProgressState [58ff460f-ce97-4fb4-aeb5-a3b3e5487eb1]
06-24 07:50:21.065  4264  7020 W BugleRcsEngine: [127] bpxc.w: Unable to send diagnostic log
06-24 07:50:21.065  4264  7020 I BugleRcsEngine: [127] brfq.d: (PEv2-SM-Bugle-47436901): Enter ReadyState [58ff460f-ce97-4fb4-aeb5-a3b3e5487eb1]
06-24 07:50:21.066  4264  7020 W BugleRcsEngine: [127] bpxc.w: Unable to send diagnostic log
06-24 07:50:21.067  4264  7020 I BugleRcsEngine: [127] brnl.e: No RCS Configuration was found in Bugle for simID: redacted-pii:sim_id[chars:20,last3:897]
06-24 07:50:21.070  4264  7020 I BugleRcsEngine: [127] brfq.d: (PEv2-SM-Bugle-47436901): transitionViaMessage, srcState=ReadyState, destState = RequestWithImsiState [58ff460f-ce97-4fb4-aeb5-a3b3e5487eb1]
06-24 07:50:21.070  4264  7020 I BugleRcsEngine: [127] brfq.d: (PEv2-SM-Bugle-47436901): ReadyState: Transition to request with imsi [58ff460f-ce97-4fb4-aeb5-a3b3e5487eb1]
06-24 07:50:21.070  4264  7020 I BugleRcsEngine: [127] brfq.d: (PEv2-SM-Bugle-47436901): transitionTo: destState=RequestWithImsiState [58ff460f-ce97-4fb4-aeb5-a3b3e5487eb1]
06-24 07:50:21.070  4264  7020 I BugleRcsEngine: [127] brfq.d: (PEv2-SM-Bugle-47436901): onTransitionRequested ReadyState [58ff460f-ce97-4fb4-aeb5-a3b3e5487eb1]
06-24 07:50:21.070  4264  7020 I BugleRcsEngine: [127] brfq.d: (PEv2-SM-Bugle-47436901): Exit ReadyState [58ff460f-ce97-4fb4-aeb5-a3b3e5487eb1]
06-24 07:50:21.070  4264  7020 W BugleRcsEngine: [127] bpxc.w: Unable to send diagnostic log
06-24 07:50:21.070  4264  7020 I BugleRcsEngine: [127] brfq.d: (PEv2-SM-Bugle-47436901): Enter RequestWithImsiState [58ff460f-ce97-4fb4-aeb5-a3b3e5487eb1]
06-24 07:50:21.071  4264  7020 W BugleRcsEngine: [127] bpxc.w: Unable to send diagnostic log
06-24 07:50:21.072  4264  7020 I BugleRcsEngine: [127] brnl.A: ProvisioningConsent from user settings: false
06-24 07:50:21.073  4264  7020 I BugleRcsEngine: [127] brox.b: Using config server URL from bqas
06-24 07:50:21.073  4264  7020 I BugleRcsEngine: [127] brnl.e: No RCS Configuration was found in Bugle for simID: redacted-pii:sim_id[chars:20,last3:897]
06-24 07:50:21.073  4264  7020 I BugleRcsEngine: [127] brnl.A: ProvisioningConsent from user settings: false
06-24 07:50:21.078  4264  7020 I BugleRcsEngine: [127] brnl.A: ProvisioningConsent from user settings: false
06-24 07:50:21.080  4264  7015 I Bugle   : CountryCodeDetector: updateMainDeviceCountry from default subscription network country. detected country: us
06-24 07:50:21.087  4264  7020 I BugleRcsEngine: [127] brnl.e: No RCS Configuration was found in Bugle for simID: redacted-pii:sim_id[chars:20,last3:897]
06-24 07:50:21.087  4264  7020 W BugleRcsEngine: [127] brfq.e: (PEv2-SM-Bugle-47436901): Could not retrieve MSISDN from configuration. Configuration is empty. [58ff460f-ce97-4fb4-aeb5-a3b3e5487eb1]
06-24 07:50:21.087  4264  7020 W BugleRcsEngine: [127] brfq.e: (PEv2-SM-Bugle-47436901): Skipping adding Tachyon identity key to request. Null/empty RCS msisdn from configuration for sim ID: 89860318640220133897. [58ff460f-ce97-4fb4-aeb5-a3b3e5487eb1]
06-24 07:50:21.087  4264  7020 I BugleRcsEngine: [127] brnl.A: ProvisioningConsent from user settings: false
06-24 07:50:21.092  4264  4348 W BugleRcsEngine: [43] bpxc.w: Unable to send diagnostic log
06-24 07:50:21.094   520   924 D ActivityManager: sync unfroze 3196 com.google.android.gms.unstable for 6
06-24 07:50:21.117  4264  4348 W BugleRcsEngine: [43] bpxc.w: Unable to send diagnostic log
06-24 07:50:21.123  6670  6721 I Maestro : Skipping invisible child: android.view.accessibility.AccessibilityNodeInfo@12895; boundsInParent: Rect(0, 0 - 320, 0); boundsInScreen: Rect(0, 0 - 320, 0); boundsInWindow: Rect(0, 0 - 320, 0); packageName: com.hanapkalinga.mobile; className: android.widget.LinearLayout; text: null; error: null; maxTextLength: -1; stateDescription: null; contentDescription: null; tooltipText: null; containerTitle: null; viewIdResName: null; uniqueId: null; checkable: false; checked: false; focusable: false; focused: false; selected: false; clickable: false; longClickable: false; contextClickable: false; enabled: true; password: false; scrollable: false; importantForAccessibility: false; visible: false; actions: [AccessibilityAction: ACTION_SELECT - null, AccessibilityAction: ACTION_CLEAR_SELECTION - null, AccessibilityAction: ACTION_ACCESSIBILITY_FOCUS - null, AccessibilityAction: ACTION_SHOW_ON_SCREEN - null]; isTextSelectable: false
06-24 07:50:21.124  6670  6721 I Maestro : Skipping invisible child: android.view.accessibility.AccessibilityNodeInfo@124d4; boundsInParent: Rect(0, 0 - 320, 0); boundsInScreen: Rect(0, 0 - 320, 0); boundsInWindow: Rect(0, 0 - 320, 0); packageName: com.hanapkalinga.mobile; className: android.view.ViewGroup; text: null; error: null; maxTextLength: -1; stateDescription: null; contentDescription: null; tooltipText: null; containerTitle: null; viewIdResName: null; uniqueId: null; checkable: false; checked: false; focusable: false; focused: false; selected: false; clickable: false; longClickable: false; contextClickable: false; enabled: true; password: false; scrollable: false; importantForAccessibility: false; visible: false; actions: [AccessibilityAction: ACTION_SELECT - null, AccessibilityAction: ACTION_CLEAR_SELECTION - null, AccessibilityAction: ACTION_ACCESSIBILITY_FOCUS - null, AccessibilityAction: ACTION_SHOW_ON_SCREEN - null]; isTextSelectable: false
06-24 07:50:21.124  6670  6721 I Maestro : Skipping invisible child: android.view.accessibility.AccessibilityNodeInfo@1a476; boundsInParent: Rect(0, 0 - 320, 0); boundsInScreen: Rect(0, 0 - 320, 0); boundsInWindow: Rect(0, 0 - 320, 0); packageName: com.hanapkalinga.mobile; className: android.widget.LinearLayout; text: null; error: null; maxTextLength: -1; stateDescription: null; contentDescription: null; tooltipText: null; containerTitle: null; viewIdResName: null; uniqueId: null; checkable: false; checked: false; focusable: false; focused: false; selected: false; clickable: false; longClickable: false; contextClickable: false; enabled: true; password: false; scrollable: false; importantForAccessibility: false; visible: false; actions: [AccessibilityAction: ACTION_SELECT - null, AccessibilityAction: ACTION_CLEAR_SELECTION - null, AccessibilityAction: ACTION_ACCESSIBILITY_FOCUS - null, AccessibilityAction: ACTION_SHOW_ON_SCREEN - null]; isTextSelectable: false
06-24 07:50:21.124  6670  6721 I Maestro : Skipping invisible child: android.view.accessibility.AccessibilityNodeInfo@1a0b5; boundsInParent: Rect(0, 0 - 320, 0); boundsInScreen: Rect(0, 0 - 320, 0); boundsInWindow: Rect(0, 0 - 320, 0); packageName: com.hanapkalinga.mobile; className: android.view.ViewGroup; text: null; error: null; maxTextLength: -1; stateDescription: null; contentDescription: null; tooltipText: null; containerTitle: null; viewIdResName: null; uniqueId: null; checkable: false; checked: false; focusable: false; focused: false; selected: false; clickable: false; longClickable: false; contextClickable: false; enabled: true; password: false; scrollable: false; importantForAccessibility: false; visible: false; actions: [AccessibilityAction: ACTION_SELECT - null, AccessibilityAction: ACTION_CLEAR_SELECTION - null, AccessibilityAction: ACTION_ACCESSIBILITY_FOCUS - null, AccessibilityAction: ACTION_SHOW_ON_SCREEN - null]; isTextSelectable: false
06-24 07:50:21.132  6670  6721 I Maestro : Skipping invisible child: android.view.accessibility.AccessibilityNodeInfo@182ad; boundsInParent: Rect(0, 0 - 1, 1); boundsInScreen: Rect(20, 348 - 21, 349); boundsInWindow: Rect(20, 348 - 21, 349); packageName: com.hanapkalinga.mobile; className: android.view.ViewGroup; text: null; error: null; maxTextLength: -1; stateDescription: null; contentDescription: null; tooltipText: null; containerTitle: null; viewIdResName: login_captcha_ready; uniqueId: null; checkable: false; checked: false; focusable: false; focused: false; selected: false; clickable: false; longClickable: false; contextClickable: false; enabled: true; password: false; scrollable: false; importantForAccessibility: true; visible: false; actions: [AccessibilityAction: ACTION_SELECT - null, AccessibilityAction: ACTION_CLEAR_SELECTION - null, AccessibilityAction: ACTION_ACCESSIBILITY_FOCUS - null, AccessibilityAction: ACTION_SHOW_ON_SCREEN - null]; isTextSelectable: false
06-24 07:50:21.178  4264  7015 I BugleDataModel: SubscriptionsTracker bindToTrackingMap bound participants: [ParticipantId=1 subId=-1, ParticipantId=2 subId=1]
06-24 07:50:21.180  6670  6721 D Maestro : View hierarchy received in 134 ms
06-24 07:50:21.188  4264  4348 W BugleRcsEngine: [43] bpxc.w: Unable to send diagnostic log
06-24 07:50:21.215   335  7023 I resolv  : GetAddrInfoHandler::run: {100 786532 100 983140 10131 0}
06-24 07:50:21.218  3196  6572 D TrafficStats: tagSocket(104) with statsTag=0x1809, statsUid=-1
06-24 07:50:21.227  3196  6572 W libc    : Access denied finding property "persist.adb.tls_server.enable"
06-24 07:50:21.227  3196  6572 W libc    : Access denied finding property "service.adb.tls.port"
06-24 07:50:21.217  3196  3196 W binder:3196_9: type=1400 audit(0.0:67): avc:  denied  { read } for  name="u:object_r:system_adbd_prop:s0" dev="tmpfs" ino=292 scontext=u:r:gmscore_app:s0:c512,c768 tcontext=u:object_r:system_adbd_prop:s0 tclass=file permissive=0 app=com.google.android.gms
--------- beginning of kernel
06-24 07:50:21.437     0     0 I servicemanager: Notifying artd they don't (previously: do) have clients when we now have no record of a client
06-24 07:50:21.439     0     0 I servicemanager: Unregistering artd
06-24 07:50:21.443     0     0 I BpBinder: onLastStrongRef automatically unlinking death recipients:
06-24 07:50:21.447     0     0 I init    : Service 'artd' (pid 6733) exited with status 0 oneshot service took 40.686001 seconds in background
06-24 07:50:21.449     0     0 I init    : Sending signal 9 to service 'artd' (pid 6733) process group...
06-24 07:50:21.454     0     0 I libprocessgroup: Successfully killed process cgroup uid 1082 pid 6733 in 0ms
06-24 07:50:21.236  6733  6733 I AidlLazyServiceRegistrar: Process has 0 (of 1 available) client(s) in use after notification artd has clients: 0
06-24 07:50:21.236  6733  6733 I AidlLazyServiceRegistrar: Trying to shut down the service. No clients in use for any service in process.
06-24 07:50:21.241  6733  6733 I AidlLazyServiceRegistrar: Unregistered all clients and exiting
06-24 07:50:21.248   833   833 D StatusBarIconController: ignoring old pipeline callback because the new wifi icon is enabled
06-24 07:50:21.259  6670  6721 D Maestro : Requesting view hierarchy
06-24 07:50:21.260  6670  6721 W QueryController: Could not detect idle state.
06-24 07:50:21.260  6670  6721 W QueryController: Could not detect idle state.
06-24 07:50:21.217  3196  3196 W binder:3196_9: type=1400 audit(0.0:68): avc:  denied  { read } for  name="u:object_r:adbd_prop:s0" dev="tmpfs" ino=60 scontext=u:r:gmscore_app:s0:c512,c768 tcontext=u:object_r:adbd_prop:s0 tclass=file permissive=0 app=com.google.android.gms
06-24 07:50:21.287  4264  7020 E BugleRcsEngine: [127] brfg.a: DroidGuardLogger: Could not create DroidGuard token creation event
06-24 07:50:21.288  4264  7020 I BugleRcsEngine: [127] brfq.d: (PEv2-SM-Bugle-47436901): RequestWithImsiState: event Send config request [58ff460f-ce97-4fb4-aeb5-a3b3e5487eb1]
06-24 07:50:21.288  4264  7020 I BugleRcsEngine: [127] brfq.d: (PEv2-SM-Bugle-47436901): InProgressState: event Send config request [58ff460f-ce97-4fb4-aeb5-a3b3e5487eb1]
06-24 07:50:21.288  4264  7020 W BugleRcsEngine: [127] bpxc.w: Unable to send diagnostic log
06-24 07:50:21.292  4264  7015 I BugleDataModel: ParticipantFullRefresh: Number of participants refreshed: 2
06-24 07:50:21.296  4264  7015 I BugleDataModel: ActionExecutorImpl: Timestamp for ACTION_RESPONSE_QUEUED_SelfParticipantsRefreshAction elapsedRealTime: 225920 currentTimeMillis: 1782287421296
06-24 07:50:21.297  4264  7024 W BugleRcsEngine: [128] bpxc.w: Unable to send diagnostic log
06-24 07:50:21.297   335  7025 I resolv  : GetAddrInfoHandler::run: {100 786532 100 983140 10130 0}
06-24 07:50:21.298   335  7026 I resolv  : res_nmkquery: (QUERY, IN, AAAA)
06-24 07:50:21.298   335  7026 I resolv  : resolv_cache_lookup: FOUND IN CACHE entry=0x743514683270
06-24 07:50:21.298   335  7026 I resolv  : doQuery: rcode=0, ancount=1, return value=76
06-24 07:50:21.303   335  7027 I resolv  : res_nmkquery: (QUERY, IN, A)
06-24 07:50:21.304   335  7027 I resolv  : resolv_cache_lookup: FOUND IN CACHE entry=0x743514685570
06-24 07:50:21.304   335  7027 I resolv  : doQuery: rcode=0, ancount=1, return value=64
06-24 07:50:21.305  4264  7024 D TrafficStats: tagSocket(116) with statsTag=0x10a8, statsUid=-1
06-24 07:50:21.314  6670  6721 I Maestro : Skipping invisible child: android.view.accessibility.AccessibilityNodeInfo@12895; boundsInParent: Rect(0, 0 - 320, 0); boundsInScreen: Rect(0, 0 - 320, 0); boundsInWindow: Rect(0, 0 - 320, 0); packageName: com.hanapkalinga.mobile; className: android.widget.LinearLayout; text: null; error: null; maxTextLength: -1; stateDescription: null; contentDescription: null; tooltipText: null; containerTitle: null; viewIdResName: null; uniqueId: null; checkable: false; checked: false; focusable: false; focused: false; selected: false; clickable: false; longClickable: false; contextClickable: false; enabled: true; password: false; scrollable: false; importantForAccessibility: false; visible: false; actions: [AccessibilityAction: ACTION_SELECT - null, AccessibilityAction: ACTION_CLEAR_SELECTION - null, AccessibilityAction: ACTION_ACCESSIBILITY_FOCUS - null, AccessibilityAction: ACTION_SHOW_ON_SCREEN - null]; isTextSelectable: false
06-24 07:50:21.314  6670  6721 I Maestro : Skipping invisible child: android.view.accessibility.AccessibilityNodeInfo@124d4; boundsInParent: Rect(0, 0 - 320, 0); boundsInScreen: Rect(0, 0 - 320, 0); boundsInWindow: Rect(0, 0 - 320, 0); packageName: com.hanapkalinga.mobile; className: android.view.ViewGroup; text: null; error: null; maxTextLength: -1; stateDescription: null; contentDescription: null; tooltipText: null; containerTitle: null; viewIdResName: null; uniqueId: null; checkable: false; checked: false; focusable: false; focused: false; selected: false; clickable: false; longClickable: false; contextClickable: false; enabled: true; password: false; scrollable: false; importantForAccessibility: false; visible: false; actions: [AccessibilityAction: ACTION_SELECT - null, AccessibilityAction: ACTION_CLEAR_SELECTION - null, AccessibilityAction: ACTION_ACCESSIBILITY_FOCUS - null, AccessibilityAction: ACTION_SHOW_ON_SCREEN - null]; isTextSelectable: false
06-24 07:50:21.315  6670  6721 I Maestro : Skipping invisible child: android.view.accessibility.AccessibilityNodeInfo@1a476; boundsInParent: Rect(0, 0 - 320, 0); boundsInScreen: Rect(0, 0 - 320, 0); boundsInWindow: Rect(0, 0 - 320, 0); packageName: com.hanapkalinga.mobile; className: android.widget.LinearLayout; text: null; error: null; maxTextLength: -1; stateDescription: null; contentDescription: null; tooltipText: null; containerTitle: null; viewIdResName: null; uniqueId: null; checkable: false; checked: false; focusable: false; focused: false; selected: false; clickable: false; longClickable: false; contextClickable: false; enabled: true; password: false; scrollable: false; importantForAccessibility: false; visible: false; actions: [AccessibilityAction: ACTION_SELECT - null, AccessibilityAction: ACTION_CLEAR_SELECTION - null, AccessibilityAction: ACTION_ACCESSIBILITY_FOCUS - null, AccessibilityAction: ACTION_SHOW_ON_SCREEN - null]; isTextSelectable: false
06-24 07:50:21.315  6670  6721 I Maestro : Skipping invisible child: android.view.accessibility.AccessibilityNodeInfo@1a0b5; boundsInParent: Rect(0, 0 - 320, 0); boundsInScreen: Rect(0, 0 - 320, 0); boundsInWindow: Rect(0, 0 - 320, 0); packageName: com.hanapkalinga.mobile; className: android.view.ViewGroup; text: null; error: null; maxTextLength: -1; stateDescription: null; contentDescription: null; tooltipText: null; containerTitle: null; viewIdResName: null; uniqueId: null; checkable: false; checked: false; focusable: false; focused: false; selected: false; clickable: false; longClickable: false; contextClickable: false; enabled: true; password: false; scrollable: false; importantForAccessibility: false; visible: false; actions: [AccessibilityAction: ACTION_SELECT - null, AccessibilityAction: ACTION_CLEAR_SELECTION - null, AccessibilityAction: ACTION_ACCESSIBILITY_FOCUS - null, AccessibilityAction: ACTION_SHOW_ON_SCREEN - null]; isTextSelectable: false
06-24 07:50:21.326  6670  6721 I Maestro : Skipping invisible child: android.view.accessibility.AccessibilityNodeInfo@182ad; boundsInParent: Rect(0, 0 - 1, 1); boundsInScreen: Rect(20, 348 - 21, 349); boundsInWindow: Rect(20, 348 - 21, 349); packageName: com.hanapkalinga.mobile; className: android.view.ViewGroup; text: null; error: null; maxTextLength: -1; stateDescription: null; contentDescription: null; tooltipText: null; containerTitle: null; viewIdResName: login_captcha_ready; uniqueId: null; checkable: false; checked: false; focusable: false; focused: false; selected: false; clickable: false; longClickable: false; contextClickable: false; enabled: true; password: false; scrollable: false; importantForAccessibility: true; visible: false; actions: [AccessibilityAction: ACTION_SELECT - null, AccessibilityAction: ACTION_CLEAR_SELECTION - null, AccessibilityAction: ACTION_ACCESSIBILITY_FOCUS - null, AccessibilityAction: ACTION_SHOW_ON_SCREEN - null]; isTextSelectable: false
06-24 07:50:21.333  6670  6721 D Maestro : View hierarchy received in 74 ms
06-24 07:50:21.390  6670  6721 D Maestro : Requesting view hierarchy
06-24 07:50:21.391  6670  6721 W QueryController: Could not detect idle state.
06-24 07:50:21.391  6670  6721 W QueryController: Could not detect idle state.
06-24 07:50:21.404  6670  6721 I Maestro : Skipping invisible child: android.view.accessibility.AccessibilityNodeInfo@12895; boundsInParent: Rect(0, 0 - 320, 0); boundsInScreen: Rect(0, 0 - 320, 0); boundsInWindow: Rect(0, 0 - 320, 0); packageName: com.hanapkalinga.mobile; className: android.widget.LinearLayout; text: null; error: null; maxTextLength: -1; stateDescription: null; contentDescription: null; tooltipText: null; containerTitle: null; viewIdResName: null; uniqueId: null; checkable: false; checked: false; focusable: false; focused: false; selected: false; clickable: false; longClickable: false; contextClickable: false; enabled: true; password: false; scrollable: false; importantForAccessibility: false; visible: false; actions: [AccessibilityAction: ACTION_SELECT - null, AccessibilityAction: ACTION_CLEAR_SELECTION - null, AccessibilityAction: ACTION_ACCESSIBILITY_FOCUS - null, AccessibilityAction: ACTION_SHOW_ON_SCREEN - null]; isTextSelectable: false
06-24 07:50:21.404  6670  6721 I Maestro : Skipping invisible child: android.view.accessibility.AccessibilityNodeInfo@124d4; boundsInParent: Rect(0, 0 - 320, 0); boundsInScreen: Rect(0, 0 - 320, 0); boundsInWindow: Rect(0, 0 - 320, 0); packageName: com.hanapkalinga.mobile; className: android.view.ViewGroup; text: null; error: null; maxTextLength: -1; stateDescription: null; contentDescription: null; tooltipText: null; containerTitle: null; viewIdResName: null; uniqueId: null; checkable: false; checked: false; focusable: false; focused: false; selected: false; clickable: false; longClickable: false; contextClickable: false; enabled: true; password: false; scrollable: false; importantForAccessibility: false; visible: false; actions: [AccessibilityAction: ACTION_SELECT - null, AccessibilityAction: ACTION_CLEAR_SELECTION - null, AccessibilityAction: ACTION_ACCESSIBILITY_FOCUS - null, AccessibilityAction: ACTION_SHOW_ON_SCREEN - null]; isTextSelectable: false
06-24 07:50:21.405  6670  6721 I Maestro : Skipping invisible child: android.view.accessibility.AccessibilityNodeInfo@1a476; boundsInParent: Rect(0, 0 - 320, 0); boundsInScreen: Rect(0, 0 - 320, 0); boundsInWindow: Rect(0, 0 - 320, 0); packageName: com.hanapkalinga.mobile; className: android.widget.LinearLayout; text: null; error: null; maxTextLength: -1; stateDescription: null; contentDescription: null; tooltipText: null; containerTitle: null; viewIdResName: null; uniqueId: null; checkable: false; checked: false; focusable: false; focused: false; selected: false; clickable: false; longClickable: false; contextClickable: false; enabled: true; password: false; scrollable: false; importantForAccessibility: false; visible: false; actions: [AccessibilityAction: ACTION_SELECT - null, AccessibilityAction: ACTION_CLEAR_SELECTION - null, AccessibilityAction: ACTION_ACCESSIBILITY_FOCUS - null, AccessibilityAction: ACTION_SHOW_ON_SCREEN - null]; isTextSelectable: false
06-24 07:50:21.405  6670  6721 I Maestro : Skipping invisible child: android.view.accessibility.AccessibilityNodeInfo@1a0b5; boundsInParent: Rect(0, 0 - 320, 0); boundsInScreen: Rect(0, 0 - 320, 0); boundsInWindow: Rect(0, 0 - 320, 0); packageName: com.hanapkalinga.mobile; className: android.view.ViewGroup; text: null; error: null; maxTextLength: -1; stateDescription: null; contentDescription: null; tooltipText: null; containerTitle: null; viewIdResName: null; uniqueId: null; checkable: false; checked: false; focusable: false; focused: false; selected: false; clickable: false; longClickable: false; contextClickable: false; enabled: true; password: false; scrollable: false; importantForAccessibility: false; visible: false; actions: [AccessibilityAction: ACTION_SELECT - null, AccessibilityAction: ACTION_CLEAR_SELECTION - null, AccessibilityAction: ACTION_ACCESSIBILITY_FOCUS - null, AccessibilityAction: ACTION_SHOW_ON_SCREEN - null]; isTextSelectable: false
06-24 07:50:21.407  6670  6721 I Maestro : Skipping invisible child: android.view.accessibility.AccessibilityNodeInfo@182ad; boundsInParent: Rect(0, 0 - 1, 1); boundsInScreen: Rect(20, 348 - 21, 349); boundsInWindow: Rect(20, 348 - 21, 349); packageName: com.hanapkalinga.mobile; className: android.view.ViewGroup; text: null; error: null; maxTextLength: -1; stateDescription: null; contentDescription: null; tooltipText: null; containerTitle: null; viewIdResName: login_captcha_ready; uniqueId: null; checkable: false; checked: false; focusable: false; focused: false; selected: false; clickable: false; longClickable: false; contextClickable: false; enabled: true; password: false; scrollable: false; importantForAccessibility: true; visible: false; actions: [AccessibilityAction: ACTION_SELECT - null, AccessibilityAction: ACTION_CLEAR_SELECTION - null, AccessibilityAction: ACTION_ACCESSIBILITY_FOCUS - null, AccessibilityAction: ACTION_SHOW_ON_SCREEN - null]; isTextSelectable: false
06-24 07:50:21.414  6670  6721 D Maestro : View hierarchy received in 24 ms
06-24 07:50:21.508  6670  6721 D Maestro : Requesting view hierarchy
06-24 07:50:21.508  6670  6721 W QueryController: Could not detect idle state.
06-24 07:50:21.508  6670  6721 W QueryController: Could not detect idle state.
06-24 07:50:21.523  6670  6721 I Maestro : Skipping invisible child: android.view.accessibility.AccessibilityNodeInfo@12895; boundsInParent: Rect(0, 0 - 320, 0); boundsInScreen: Rect(0, 0 - 320, 0); boundsInWindow: Rect(0, 0 - 320, 0); packageName: com.hanapkalinga.mobile; className: android.widget.LinearLayout; text: null; error: null; maxTextLength: -1; stateDescription: null; contentDescription: null; tooltipText: null; containerTitle: null; viewIdResName: null; uniqueId: null; checkable: false; checked: false; focusable: false; focused: false; selected: false; clickable: false; longClickable: false; contextClickable: false; enabled: true; password: false; scrollable: false; importantForAccessibility: false; visible: false; actions: [AccessibilityAction: ACTION_SELECT - null, AccessibilityAction: ACTION_CLEAR_SELECTION - null, AccessibilityAction: ACTION_ACCESSIBILITY_FOCUS - null, AccessibilityAction: ACTION_SHOW_ON_SCREEN - null]; isTextSelectable: false
06-24 07:50:21.523  6670  6721 I Maestro : Skipping invisible child: android.view.accessibility.AccessibilityNodeInfo@124d4; boundsInParent: Rect(0, 0 - 320, 0); boundsInScreen: Rect(0, 0 - 320, 0); boundsInWindow: Rect(0, 0 - 320, 0); packageName: com.hanapkalinga.mobile; className: android.view.ViewGroup; text: null; error: null; maxTextLength: -1; stateDescription: null; contentDescription: null; tooltipText: null; containerTitle: null; viewIdResName: null; uniqueId: null; checkable: false; checked: false; focusable: false; focused: false; selected: false; clickable: false; longClickable: false; contextClickable: false; enabled: true; password: false; scrollable: false; importantForAccessibility: false; visible: false; actions: [AccessibilityAction: ACTION_SELECT - null, AccessibilityAction: ACTION_CLEAR_SELECTION - null, AccessibilityAction: ACTION_ACCESSIBILITY_FOCUS - null, AccessibilityAction: ACTION_SHOW_ON_SCREEN - null]; isTextSelectable: false
06-24 07:50:21.524  6670  6721 I Maestro : Skipping invisible child: android.view.accessibility.AccessibilityNodeInfo@1a476; boundsInParent: Rect(0, 0 - 320, 0); boundsInScreen: Rect(0, 0 - 320, 0); boundsInWindow: Rect(0, 0 - 320, 0); packageName: com.hanapkalinga.mobile; className: android.widget.LinearLayout; text: null; error: null; maxTextLength: -1; stateDescription: null; contentDescription: null; tooltipText: null; containerTitle: null; viewIdResName: null; uniqueId: null; checkable: false; checked: false; focusable: false; focused: false; selected: false; clickable: false; longClickable: false; contextClickable: false; enabled: true; password: false; scrollable: false; importantForAccessibility: false; visible: false; actions: [AccessibilityAction: ACTION_SELECT - null, AccessibilityAction: ACTION_CLEAR_SELECTION - null, AccessibilityAction: ACTION_ACCESSIBILITY_FOCUS - null, AccessibilityAction: ACTION_SHOW_ON_SCREEN - null]; isTextSelectable: false
06-24 07:50:21.524  6670  6721 I Maestro : Skipping invisible child: android.view.accessibility.AccessibilityNodeInfo@1a0b5; boundsInParent: Rect(0, 0 - 320, 0); boundsInScreen: Rect(0, 0 - 320, 0); boundsInWindow: Rect(0, 0 - 320, 0); packageName: com.hanapkalinga.mobile; className: android.view.ViewGroup; text: null; error: null; maxTextLength: -1; stateDescription: null; contentDescription: null; tooltipText: null; containerTitle: null; viewIdResName: null; uniqueId: null; checkable: false; checked: false; focusable: false; focused: false; selected: false; clickable: false; longClickable: false; contextClickable: false; enabled: true; password: false; scrollable: false; importantForAccessibility: false; visible: false; actions: [AccessibilityAction: ACTION_SELECT - null, AccessibilityAction: ACTION_CLEAR_SELECTION - null, AccessibilityAction: ACTION_ACCESSIBILITY_FOCUS - null, AccessibilityAction: ACTION_SHOW_ON_SCREEN - null]; isTextSelectable: false
06-24 07:50:21.526  6670  6721 I Maestro : Skipping invisible child: android.view.accessibility.AccessibilityNodeInfo@182ad; boundsInParent: Rect(0, 0 - 1, 1); boundsInScreen: Rect(20, 348 - 21, 349); boundsInWindow: Rect(20, 348 - 21, 349); packageName: com.hanapkalinga.mobile; className: android.view.ViewGroup; text: null; error: null; maxTextLength: -1; stateDescription: null; contentDescription: null; tooltipText: null; containerTitle: null; viewIdResName: login_captcha_ready; uniqueId: null; checkable: false; checked: false; focusable: false; focused: false; selected: false; clickable: false; longClickable: false; contextClickable: false; enabled: true; password: false; scrollable: false; importantForAccessibility: true; visible: false; actions: [AccessibilityAction: ACTION_SELECT - null, AccessibilityAction: ACTION_CLEAR_SELECTION - null, AccessibilityAction: ACTION_ACCESSIBILITY_FOCUS - null, AccessibilityAction: ACTION_SHOW_ON_SCREEN - null]; isTextSelectable: false
06-24 07:50:21.534  6670  6721 D Maestro : View hierarchy received in 26 ms
06-24 07:50:21.631  6670  6721 D Maestro : Requesting view hierarchy
06-24 07:50:21.632  6670  6721 W QueryController: Could not detect idle state.
06-24 07:50:21.632  6670  6721 W QueryController: Could not detect idle state.
06-24 07:50:21.645  6670  6721 I Maestro : Skipping invisible child: android.view.accessibility.AccessibilityNodeInfo@12895; boundsInParent: Rect(0, 0 - 320, 0); boundsInScreen: Rect(0, 0 - 320, 0); boundsInWindow: Rect(0, 0 - 320, 0); packageName: com.hanapkalinga.mobile; className: android.widget.LinearLayout; text: null; error: null; maxTextLength: -1; stateDescription: null; contentDescription: null; tooltipText: null; containerTitle: null; viewIdResName: null; uniqueId: null; checkable: false; checked: false; focusable: false; focused: false; selected: false; clickable: false; longClickable: false; contextClickable: false; enabled: true; password: false; scrollable: false; importantForAccessibility: false; visible: false; actions: [AccessibilityAction: ACTION_SELECT - null, AccessibilityAction: ACTION_CLEAR_SELECTION - null, AccessibilityAction: ACTION_ACCESSIBILITY_FOCUS - null, AccessibilityAction: ACTION_SHOW_ON_SCREEN - null]; isTextSelectable: false
06-24 07:50:21.646  6670  6721 I Maestro : Skipping invisible child: android.view.accessibility.AccessibilityNodeInfo@124d4; boundsInParent: Rect(0, 0 - 320, 0); boundsInScreen: Rect(0, 0 - 320, 0); boundsInWindow: Rect(0, 0 - 320, 0); packageName: com.hanapkalinga.mobile; className: android.view.ViewGroup; text: null; error: null; maxTextLength: -1; stateDescription: null; contentDescription: null; tooltipText: null; containerTitle: null; viewIdResName: null; uniqueId: null; checkable: false; checked: false; focusable: false; focused: false; selected: false; clickable: false; longClickable: false; contextClickable: false; enabled: true; password: false; scrollable: false; importantForAccessibility: false; visible: false; actions: [AccessibilityAction: ACTION_SELECT - null, AccessibilityAction: ACTION_CLEAR_SELECTION - null, AccessibilityAction: ACTION_ACCESSIBILITY_FOCUS - null, AccessibilityAction: ACTION_SHOW_ON_SCREEN - null]; isTextSelectable: false
06-24 07:50:21.646  6670  6721 I Maestro : Skipping invisible child: android.view.accessibility.AccessibilityNodeInfo@1a476; boundsInParent: Rect(0, 0 - 320, 0); boundsInScreen: Rect(0, 0 - 320, 0); boundsInWindow: Rect(0, 0 - 320, 0); packageName: com.hanapkalinga.mobile; className: android.widget.LinearLayout; text: null; error: null; maxTextLength: -1; stateDescription: null; contentDescription: null; tooltipText: null; containerTitle: null; viewIdResName: null; uniqueId: null; checkable: false; checked: false; focusable: false; focused: false; selected: false; clickable: false; longClickable: false; contextClickable: false; enabled: true; password: false; scrollable: false; importantForAccessibility: false; visible: false; actions: [AccessibilityAction: ACTION_SELECT - null, AccessibilityAction: ACTION_CLEAR_SELECTION - null, AccessibilityAction: ACTION_ACCESSIBILITY_FOCUS - null, AccessibilityAction: ACTION_SHOW_ON_SCREEN - null]; isTextSelectable: false
06-24 07:50:21.647  6670  6721 I Maestro : Skipping invisible child: android.view.accessibility.AccessibilityNodeInfo@1a0b5; boundsInParent: Rect(0, 0 - 320, 0); boundsInScreen: Rect(0, 0 - 320, 0); boundsInWindow: Rect(0, 0 - 320, 0); packageName: com.hanapkalinga.mobile; className: android.view.ViewGroup; text: null; error: null; maxTextLength: -1; stateDescription: null; contentDescription: null; tooltipText: null; containerTitle: null; viewIdResName: null; uniqueId: null; checkable: false; checked: false; focusable: false; focused: false; selected: false; clickable: false; longClickable: false; contextClickable: false; enabled: true; password: false; scrollable: false; importantForAccessibility: false; visible: false; actions: [AccessibilityAction: ACTION_SELECT - null, AccessibilityAction: ACTION_CLEAR_SELECTION - null, AccessibilityAction: ACTION_ACCESSIBILITY_FOCUS - null, AccessibilityAction: ACTION_SHOW_ON_SCREEN - null]; isTextSelectable: false
06-24 07:50:21.649  6670  6721 I Maestro : Skipping invisible child: android.view.accessibility.AccessibilityNodeInfo@182ad; boundsInParent: Rect(0, 0 - 1, 1); boundsInScreen: Rect(20, 348 - 21, 349); boundsInWindow: Rect(20, 348 - 21, 349); packageName: com.hanapkalinga.mobile; className: android.view.ViewGroup; text: null; error: null; maxTextLength: -1; stateDescription: null; contentDescription: null; tooltipText: null; containerTitle: null; viewIdResName: login_captcha_ready; uniqueId: null; checkable: false; checked: false; focusable: false; focused: false; selected: false; clickable: false; longClickable: false; contextClickable: false; enabled: true; password: false; scrollable: false; importantForAccessibility: true; visible: false; actions: [AccessibilityAction: ACTION_SELECT - null, AccessibilityAction: ACTION_CLEAR_SELECTION - null, AccessibilityAction: ACTION_ACCESSIBILITY_FOCUS - null, AccessibilityAction: ACTION_SHOW_ON_SCREEN - null]; isTextSelectable: false
06-24 07:50:21.656  6670  6721 D Maestro : View hierarchy received in 26 ms
06-24 07:50:21.687  6817  6837 D EGL_emulation: app_time_stats: avg=500.52ms min=500.32ms max=500.71ms count=2
06-24 07:50:21.718  6670  6721 D Maestro : Requesting view hierarchy
06-24 07:50:21.719  6670  6721 W QueryController: Could not detect idle state.
06-24 07:50:21.719  6670  6721 W QueryController: Could not detect idle state.
06-24 07:50:21.733  6670  6721 I Maestro : Skipping invisible child: android.view.accessibility.AccessibilityNodeInfo@12895; boundsInParent: Rect(0, 0 - 320, 0); boundsInScreen: Rect(0, 0 - 320, 0); boundsInWindow: Rect(0, 0 - 320, 0); packageName: com.hanapkalinga.mobile; className: android.widget.LinearLayout; text: null; error: null; maxTextLength: -1; stateDescription: null; contentDescription: null; tooltipText: null; containerTitle: null; viewIdResName: null; uniqueId: null; checkable: false; checked: false; focusable: false; focused: false; selected: false; clickable: false; longClickable: false; contextClickable: false; enabled: true; password: false; scrollable: false; importantForAccessibility: false; visible: false; actions: [AccessibilityAction: ACTION_SELECT - null, AccessibilityAction: ACTION_CLEAR_SELECTION - null, AccessibilityAction: ACTION_ACCESSIBILITY_FOCUS - null, AccessibilityAction: ACTION_SHOW_ON_SCREEN - null]; isTextSelectable: false
06-24 07:50:21.734  6670  6721 I Maestro : Skipping invisible child: android.view.accessibility.AccessibilityNodeInfo@124d4; boundsInParent: Rect(0, 0 - 320, 0); boundsInScreen: Rect(0, 0 - 320, 0); boundsInWindow: Rect(0, 0 - 320, 0); packageName: com.hanapkalinga.mobile; className: android.view.ViewGroup; text: null; error: null; maxTextLength: -1; stateDescription: null; contentDescription: null; tooltipText: null; containerTitle: null; viewIdResName: null; uniqueId: null; checkable: false; checked: false; focusable: false; focused: false; selected: false; clickable: false; longClickable: false; contextClickable: false; enabled: true; password: false; scrollable: false; importantForAccessibility: false; visible: false; actions: [AccessibilityAction: ACTION_SELECT - null, AccessibilityAction: ACTION_CLEAR_SELECTION - null, AccessibilityAction: ACTION_ACCESSIBILITY_FOCUS - null, AccessibilityAction: ACTION_SHOW_ON_SCREEN - null]; isTextSelectable: false
06-24 07:50:21.734  6670  6721 I Maestro : Skipping invisible child: android.view.accessibility.AccessibilityNodeInfo@1a476; boundsInParent: Rect(0, 0 - 320, 0); boundsInScreen: Rect(0, 0 - 320, 0); boundsInWindow: Rect(0, 0 - 320, 0); packageName: com.hanapkalinga.mobile; className: android.widget.LinearLayout; text: null; error: null; maxTextLength: -1; stateDescription: null; contentDescription: null; tooltipText: null; containerTitle: null; viewIdResName: null; uniqueId: null; checkable: false; checked: false; focusable: false; focused: false; selected: false; clickable: false; longClickable: false; contextClickable: false; enabled: true; password: false; scrollable: false; importantForAccessibility: false; visible: false; actions: [AccessibilityAction: ACTION_SELECT - null, AccessibilityAction: ACTION_CLEAR_SELECTION - null, AccessibilityAction: ACTION_ACCESSIBILITY_FOCUS - null, AccessibilityAction: ACTION_SHOW_ON_SCREEN - null]; isTextSelectable: false
06-24 07:50:21.735  6670  6721 I Maestro : Skipping invisible child: android.view.accessibility.AccessibilityNodeInfo@1a0b5; boundsInParent: Rect(0, 0 - 320, 0); boundsInScreen: Rect(0, 0 - 320, 0); boundsInWindow: Rect(0, 0 - 320, 0); packageName: com.hanapkalinga.mobile; className: android.view.ViewGroup; text: null; error: null; maxTextLength: -1; stateDescription: null; contentDescription: null; tooltipText: null; containerTitle: null; viewIdResName: null; uniqueId: null; checkable: false; checked: false; focusable: false; focused: false; selected: false; clickable: false; longClickable: false; contextClickable: false; enabled: true; password: false; scrollable: false; importantForAccessibility: false; visible: false; actions: [AccessibilityAction: ACTION_SELECT - null, AccessibilityAction: ACTION_CLEAR_SELECTION - null, AccessibilityAction: ACTION_ACCESSIBILITY_FOCUS - null, AccessibilityAction: ACTION_SHOW_ON_SCREEN - null]; isTextSelectable: false
06-24 07:50:21.736  6670  6721 I Maestro : Skipping invisible child: android.view.accessibility.AccessibilityNodeInfo@182ad; boundsInParent: Rect(0, 0 - 1, 1); boundsInScreen: Rect(20, 348 - 21, 349); boundsInWindow: Rect(20, 348 - 21, 349); packageName: com.hanapkalinga.mobile; className: android.view.ViewGroup; text: null; error: null; maxTextLength: -1; stateDescription: null; contentDescription: null; tooltipText: null; containerTitle: null; viewIdResName: login_captcha_ready; uniqueId: null; checkable: false; checked: false; focusable: false; focused: false; selected: false; clickable: false; longClickable: false; contextClickable: false; enabled: true; password: false; scrollable: false; importantForAccessibility: true; visible: false; actions: [AccessibilityAction: ACTION_SELECT - null, AccessibilityAction: ACTION_CLEAR_SELECTION - null, AccessibilityAction: ACTION_ACCESSIBILITY_FOCUS - null, AccessibilityAction: ACTION_SHOW_ON_SCREEN - null]; isTextSelectable: false
06-24 07:50:21.743  6670  6721 D Maestro : View hierarchy received in 25 ms
06-24 07:50:21.839  6670  6721 D Maestro : Requesting view hierarchy
06-24 07:50:21.839  6670  6721 W QueryController: Could not detect idle state.
06-24 07:50:21.840  6670  6721 W QueryController: Could not detect idle state.
06-24 07:50:21.851  6670  6721 I Maestro : Skipping invisible child: android.view.accessibility.AccessibilityNodeInfo@12895; boundsInParent: Rect(0, 0 - 320, 0); boundsInScreen: Rect(0, 0 - 320, 0); boundsInWindow: Rect(0, 0 - 320, 0); packageName: com.hanapkalinga.mobile; className: android.widget.LinearLayout; text: null; error: null; maxTextLength: -1; stateDescription: null; contentDescription: null; tooltipText: null; containerTitle: null; viewIdResName: null; uniqueId: null; checkable: false; checked: false; focusable: false; focused: false; selected: false; clickable: false; longClickable: false; contextClickable: false; enabled: true; password: false; scrollable: false; importantForAccessibility: false; visible: false; actions: [AccessibilityAction: ACTION_SELECT - null, AccessibilityAction: ACTION_CLEAR_SELECTION - null, AccessibilityAction: ACTION_ACCESSIBILITY_FOCUS - null, AccessibilityAction: ACTION_SHOW_ON_SCREEN - null]; isTextSelectable: false
06-24 07:50:21.851  6670  6721 I Maestro : Skipping invisible child: android.view.accessibility.AccessibilityNodeInfo@124d4; boundsInParent: Rect(0, 0 - 320, 0); boundsInScreen: Rect(0, 0 - 320, 0); boundsInWindow: Rect(0, 0 - 320, 0); packageName: com.hanapkalinga.mobile; className: android.view.ViewGroup; text: null; error: null; maxTextLength: -1; stateDescription: null; contentDescription: null; tooltipText: null; containerTitle: null; viewIdResName: null; uniqueId: null; checkable: false; checked: false; focusable: false; focused: false; selected: false; clickable: false; longClickable: false; contextClickable: false; enabled: true; password: false; scrollable: false; importantForAccessibility: false; visible: false; actions: [AccessibilityAction: ACTION_SELECT - null, AccessibilityAction: ACTION_CLEAR_SELECTION - null, AccessibilityAction: ACTION_ACCESSIBILITY_FOCUS - null, AccessibilityAction: ACTION_SHOW_ON_SCREEN - null]; isTextSelectable: false
06-24 07:50:21.852  6670  6721 I Maestro : Skipping invisible child: android.view.accessibility.AccessibilityNodeInfo@1a476; boundsInParent: Rect(0, 0 - 320, 0); boundsInScreen: Rect(0, 0 - 320, 0); boundsInWindow: Rect(0, 0 - 320, 0); packageName: com.hanapkalinga.mobile; className: android.widget.LinearLayout; text: null; error: null; maxTextLength: -1; stateDescription: null; contentDescription: null; tooltipText: null; containerTitle: null; viewIdResName: null; uniqueId: null; checkable: false; checked: false; focusable: false; focused: false; selected: false; clickable: false; longClickable: false; contextClickable: false; enabled: true; password: false; scrollable: false; importantForAccessibility: false; visible: false; actions: [AccessibilityAction: ACTION_SELECT - null, AccessibilityAction: ACTION_CLEAR_SELECTION - null, AccessibilityAction: ACTION_ACCESSIBILITY_FOCUS - null, AccessibilityAction: ACTION_SHOW_ON_SCREEN - null]; isTextSelectable: false
06-24 07:50:21.852  6670  6721 I Maestro : Skipping invisible child: android.view.accessibility.AccessibilityNodeInfo@1a0b5; boundsInParent: Rect(0, 0 - 320, 0); boundsInScreen: Rect(0, 0 - 320, 0); boundsInWindow: Rect(0, 0 - 320, 0); packageName: com.hanapkalinga.mobile; className: android.view.ViewGroup; text: null; error: null; maxTextLength: -1; stateDescription: null; contentDescription: null; tooltipText: null; containerTitle: null; viewIdResName: null; uniqueId: null; checkable: false; checked: false; focusable: false; focused: false; selected: false; clickable: false; longClickable: false; contextClickable: false; enabled: true; password: false; scrollable: false; importantForAccessibility: false; visible: false; actions: [AccessibilityAction: ACTION_SELECT - null, AccessibilityAction: ACTION_CLEAR_SELECTION - null, AccessibilityAction: ACTION_ACCESSIBILITY_FOCUS - null, AccessibilityAction: ACTION_SHOW_ON_SCREEN - null]; isTextSelectable: false
