--------- beginning of main
06-25 03:39:56.305  7568  7593 I ReactNativeJS: [TurnstileWebView] WebView HTML loaded, hostname: hanapkalinga.com
06-25 03:39:56.305  7568  7593 I ReactNativeJS: [TurnstileWebView] Turnstile script tag appended to DOM
06-25 03:39:56.652  7568  7593 I ReactNativeJS: [TurnstileWebView] Turnstile script loaded successfully
06-25 03:39:56.652  7568  7593 I ReactNativeJS: [TurnstileWebView] turnstile global available, rendering widget
06-25 03:39:56.652  7568  7593 I ReactNativeJS: [TurnstileWebView] turnstile.render() called
06-25 03:39:58.453  7568  7593 I ReactNativeJS: [TurnstileWebView] Turnstile success, token length: 21
--------- beginning of main
06-25 03:39:56.024   394   497 D AudioFlinger: mixer(0x710552f68930) throttle end: throttle time(29)
--------- beginning of system
06-25 03:39:56.062   518  2045 D CompatibilityChangeReporter: Compat change id reported: 161145287; UID 10192; state: ENABLED
06-25 03:39:56.063   518  2045 D CompatibilityChangeReporter: Compat change id reported: 135634846; UID 99002; state: DISABLED
06-25 03:39:56.063   518   546 D CompatibilityChangeReporter: Compat change id reported: 143937733; UID 10192; state: ENABLED
06-25 03:39:56.068  7568  7568 D CompatibilityChangeReporter: Compat change id reported: 183155436; UID 10192; state: ENABLED
06-25 03:39:56.070   394   497 D AudioFlinger: mixer(0x710552f68930) throttle end: throttle time(33)
06-25 03:39:56.071   980   980 D Zygote  : Forked child process 7640
06-25 03:39:56.072  4020  4247 D BtGatt.ScanManager: uid 10131 isForeground true scanMode -1
06-25 03:39:56.073  4020  4247 D BtGatt.ScanManager: uid 10131 isForeground true scanMode -1
06-25 03:39:56.074  5504  5504 D BoundBrokerSvc: onBind: Intent { act=com.google.android.gms.safetynet.service.START pkg=com.google.android.gms }
06-25 03:39:56.074  5504  5504 D BoundBrokerSvc: Loading bound service for intent: Intent { act=com.google.android.gms.safetynet.service.START pkg=com.google.android.gms }
06-25 03:39:56.078  7640  7640 I ocessService0:0: Using CollectorTypeCC GC.
06-25 03:39:56.079  7640  7640 W ocessService0:0: Unexpected CPU variant for x86: x86_64.
06-25 03:39:56.079  7640  7640 W ocessService0:0: Known variants: atom, sandybridge, silvermont, goldmont, goldmont-plus, tremont, kabylake, default
06-25 03:39:56.081  7568  7568 D AutofillManager: Fill dialog is enabled:false, hints=[password, passwordAuto, creditCardNumber, creditCardSecurityCode, creditCardExpirationDate]
06-25 03:39:56.083  7568  7638 W chromium: [WARNING:dns_config_service_android.cc(115)] Failed to read DnsConfig.
06-25 03:39:56.083  7640  7640 E ocessService0:0: Not starting debugger since process cannot load the jdwp agent.
06-25 03:39:56.094   518   546 I ActivityManager: Start proc 7640:com.google.android.webview:sandboxed_process0:org.chromium.content.app.SandboxedProcessService0:0/u0i2 for  {com.hanapkalinga.mobile/org.chromium.content.app.SandboxedProcessService0:0}
06-25 03:39:56.102   518  2179 W ProcessStats: Tracking association SourceState{d070996 com.google.android.gms/10131 BTop #13983} whose proc state 2 is better than process ProcessState{c22105f com.google.android.gms.persistent/10131 pkg=com.google.android.gms} proc state 4 (270 skipped)
06-25 03:39:56.104  7568  7568 D CompatibilityChangeReporter: Compat change id reported: 214741472; UID 10192; state: ENABLED
06-25 03:39:56.106  7568  7568 D CompatibilityChangeReporter: Compat change id reported: 171228096; UID 10192; state: ENABLED
06-25 03:39:56.111  7640  7640 D CompatibilityChangeReporter: Compat change id reported: 171979766; UID 99002; state: ENABLED
06-25 03:39:56.111  7640  7640 D CompatibilityChangeReporter: Compat change id reported: 242716250; UID 99002; state: ENABLED
06-25 03:39:56.116  7640  7640 I LoadedApk: No resource references to update in package com.google.android.trichromelibrary
06-25 03:39:56.118  7640  7640 I cr_WebViewApkApp: Launched version=113.0.5672.136 minSdkVersion=29 isBundle=false processName=com.google.android.webview:sandboxed_process0:org.chromium.content.app.SandboxedProcessService0:0
06-25 03:39:56.119   518  2179 I ActivityManager: Flag disabled. Ignoring finishAttachApplication from uid: 99002. pid: 7640
06-25 03:39:56.119  7640  7640 W SystemServiceRegistry: No service published for: virtualdevice
06-25 03:39:56.119  7640  7640 I cr_ChildProcessService: Creating new ChildProcessService pid=7640
06-25 03:39:56.137  7568  7657 W cr_media: BLUETOOTH_CONNECT permission is missing.
06-25 03:39:56.142  7640  7670 I cr_LibraryLoader: Successfully loaded native library
06-25 03:39:56.142  7640  7670 I cr_CachingUmaRecorder: Flushed 2 samples from 2 histograms.
06-25 03:39:56.146  7640  7670 W SystemServiceRegistry: No service published for: uimode
06-25 03:39:56.156  7568  7657 W cr_media: registerBluetoothIntentsIfNeeded: Requires BLUETOOTH permission
06-25 03:39:56.178  5452  5462 I FontLog : Received query name=Google Sans&weight=700&besteffort=false, URI content://com.google.android.gms.fonts [CONTEXT service_id=132 ]
06-25 03:39:56.178  5452  5462 I FontLog : Query [name=Google Sans&weight=700&besteffort=false] resolved to {Google Sans, wdth 100.0, wght 700, ital 0.0, bestEffort false} [CONTEXT service_id=132 ]
06-25 03:39:56.179  5452  5462 I FontLog : Fetch {Google Sans, wdth 100.0, wght 700, ital 0.0, bestEffort false} end status Status{statusCode=SUCCESS, resolution=null} [CONTEXT service_id=132 ]
06-25 03:39:56.181   518   605 D ActivityManager: freezing 3226 com.google.android.documentsui
06-25 03:39:56.183   394   497 D audioserver: FGS Logger Transaction failed
06-25 03:39:56.183   394   497 D audioserver: -129
06-25 03:39:56.189   518   605 D ActivityManager: freezing 2909 com.android.chrome
06-25 03:39:56.190  7568  7568 D CompatibilityChangeReporter: Compat change id reported: 193247900; UID 10192; state: ENABLED
06-25 03:39:56.204  5452  5462 I FontLog : Pulling font file for id = 19, cache size = 9 [CONTEXT service_id=132 ]
06-25 03:39:56.206  5452  5462 I FontLog : Received query name=Noto Color Emoji Compat&weight=400&besteffort=false, URI content://com.google.android.gms.fonts [CONTEXT service_id=132 ]
06-25 03:39:56.206  5452  5462 I FontLog : Query [name=Noto Color Emoji Compat&weight=400&besteffort=false] resolved to {Noto Color Emoji Compat, wdth 100.0, wght 400, ital 0.0, bestEffort false} [CONTEXT service_id=132 ]
06-25 03:39:56.207  5452  5462 I FontLog : Fetch {Noto Color Emoji Compat, wdth 100.0, wght 400, ital 0.0, bestEffort false} end status Status{statusCode=SUCCESS, resolution=null} [CONTEXT service_id=132 ]
06-25 03:39:56.214  5452  5463 I FontLog : Pulling font file for id = 20, cache size = 10 [CONTEXT service_id=132 ]
06-25 03:39:56.215  5452  5462 I FontLog : Received query name=Google Sans&weight=400&besteffort=false, URI content://com.google.android.gms.fonts [CONTEXT service_id=132 ]
06-25 03:39:56.216  5452  5462 I FontLog : Query [name=Google Sans&weight=400&besteffort=false] resolved to {Google Sans, wdth 100.0, wght 400, ital 0.0, bestEffort false} [CONTEXT service_id=132 ]
06-25 03:39:56.216  5452  5462 I FontLog : Font PFD returned from cache for {Google Sans, wdth 100.0, wght 400, ital 0.0, bestEffort false} [CONTEXT service_id=132 ]
06-25 03:39:56.217  5452  5462 I FontLog : Fetch {Google Sans, wdth 100.0, wght 400, ital 0.0, bestEffort false} end status Status{statusCode=SUCCESS, resolution=null} [CONTEXT service_id=132 ]
06-25 03:39:56.218  5452  5462 I FontLog : Pulling font file for id = 21, cache size = 10 [CONTEXT service_id=132 ]
06-25 03:39:56.219  5452  5462 I FontLog : Received query name=Google Sans&weight=500&besteffort=false, URI content://com.google.android.gms.fonts [CONTEXT service_id=132 ]
06-25 03:39:56.219  5452  5462 I FontLog : Query [name=Google Sans&weight=500&besteffort=false] resolved to {Google Sans, wdth 100.0, wght 500, ital 0.0, bestEffort false} [CONTEXT service_id=132 ]
06-25 03:39:56.220  5452  5462 I FontLog : Font PFD returned from cache for {Google Sans, wdth 100.0, wght 500, ital 0.0, bestEffort false} [CONTEXT service_id=132 ]
06-25 03:39:56.221  5452  5462 I FontLog : Fetch {Google Sans, wdth 100.0, wght 500, ital 0.0, bestEffort false} end status Status{statusCode=SUCCESS, resolution=null} [CONTEXT service_id=132 ]
06-25 03:39:56.245  5452  5462 I FontLog : Pulling font file for id = 22, cache size = 11 [CONTEXT service_id=132 ]
06-25 03:39:56.250  7568  7568 D AutofillManager: notifyViewEnteredForFillDialog:1073741824
06-25 03:39:56.251  7568  7568 D AutofillManager: notifyViewEnteredForFillDialog:1073741825
06-25 03:39:56.251  7568  7568 D AutofillManager: Triggering pre-emptive request for fill dialog.
06-25 03:39:56.252   518  2073 W FillRequestEventLogger: Couldn't find packageName: com.google.android.inputmethod.latin
06-25 03:39:56.253   518   518 D AutofillInlineSuggestionsRequestSession: onCreateInlineSuggestionsRequestLocked called: 0@688564303
06-25 03:39:56.253   518  1455 I AutofillManagerServiceImpl: Prune session 836874989 (Token{d226f98 ActivityRecord{d75a90a u0 com.hanapkalinga.mobile/.MainActivity t-1 f}}})
06-25 03:39:56.253   518  1455 W FillRequestEventLogger: Shouldn't be logging AutofillFillRequestReported again for same event
06-25 03:39:56.253   518  1455 W FillResponseEventLogger: Shouldn't be logging AutofillFillRequestReported again for same event
06-25 03:39:56.253   334  7684 I resolv  : GetAddrInfoHandler::run: {101 101 101 983141 10192 0}
06-25 03:39:56.254   518  1455 D AutofillSession: clearPendingIntentLocked
06-25 03:39:56.254   334  7685 I resolv  : res_nmkquery: (QUERY, IN, AAAA)
06-25 03:39:56.254   334  7685 I resolv  : resolv_cache_lookup: FOUND IN CACHE entry=0x740d4a647c30
06-25 03:39:56.254   334  7685 I resolv  : doQuery: rcode=0, ancount=2, return value=99
06-25 03:39:56.254   518  1455 D AutofillInlineSuggestionsRequestSession: onInlineSuggestionsResponseLocked called for:1073741825@836874989
06-25 03:39:56.254  1527  1527 V InlineSuggestionRenderService: handleDestroySuggestionViews called for 0:836874989
06-25 03:39:56.255   518  2073 D AutofillInlineSuggestionsRequestSession: onInlineSuggestionsSessionInvalidated() called.
06-25 03:39:56.257   518   536 D AutofillUI: destroySaveUiUiThread(): already destroyed
06-25 03:39:56.258   518  2073 D AutofillInlineSuggestionsRequestSession: onInlineSuggestionsRequest() received: InlineSuggestionsRequest { maxSuggestionCount = 9, inlinePresentationSpecs = [InlinePresentationSpec { minSize = 42x38, maxSize = 240x38, style = Bundle[mParcelledData.dataSize=2816] }, InlinePresentationSpec { minSize = 42x38, maxSize = 240x38, style = Bundle[mParcelledData.dataSize=2816] }, InlinePresentationSpec { minSize = 42x38, maxSize = 240x38, style = Bundle[mParcelledData.dataSize=2816] }, InlinePresentationSpec { minSize = 42x38, maxSize = 240x38, style = Bundle[mParcelledData.dataSize=2816] }, InlinePresentationSpec { minSize = 42x38, maxSize = 240x38, style = Bundle[mParcelledData.dataSize=2816] }, InlinePresentationSpec { minSize = 42x38, maxSize = 240x38, style = Bundle[mParcelledData.dataSize=2816] }, InlinePresentationSpec { minSize = 42x38, maxSize = 240x38, style = Bundle[mParcelledData.dataSize=2816] }, InlinePresentationSpec { minSize = 42x38, maxSize = 240x38, style = Bundle[mParcelledData.dataSize=2816] }, InlinePresentationSpec { minSize = 42x38, maxSize = 240x38, style = Bundle[mParcelledData.dataSize=2816] }], hostPackageName = com.google.android.inputmethod.latin, supportedLocales = [en_US], extras = Bundle[EMPTY_PARCEL], hostInputToken = android.os.BinderProxy@c230e63, hostDisplayId = 0, inlineTooltipPresentationSpec = null }
06-25 03:39:56.258   334  7686 I resolv  : res_nmkquery: (QUERY, IN, A)
06-25 03:39:56.258   334  7686 I resolv  : resolv_cache_lookup: FOUND IN CACHE entry=0x740c2a645c10
06-25 03:39:56.258   334  7686 I resolv  : doQuery: rcode=0, ancount=2, return value=75
06-25 03:39:56.305  7568  7593 I ReactNativeJS: [TurnstileWebView] WebView HTML loaded, hostname: hanapkalinga.com
06-25 03:39:56.305  7568  7593 I ReactNativeJS: [TurnstileWebView] Turnstile script tag appended to DOM
06-25 03:39:56.313  7568  7568 D CompatibilityChangeReporter: Compat change id reported: 163400105; UID 10192; state: ENABLED
06-25 03:39:56.314  7568  7568 I AssistStructure: Flattened final assist data: 2592 bytes, containing 1 windows, 14 views
06-25 03:39:56.314   518  2073 D AutofillSession: createPendingIntent for request 7
06-25 03:39:56.314   518  2073 D ContentCapturePerUserService: Notified activity assist data for activity: Token{74ce010 ActivityRecord{184d6c2 u0 com.hanapkalinga.mobile/.MainActivity t12}} without a session Id
06-25 03:39:56.323  5452  5452 W AutofillChimeraService: Pending fill request while another request in the same session was triggered. [CONTEXT service_id=177 ]
06-25 03:39:56.330   518   518 W FillRequestEventLogger: Shouldn't be logging AutofillFillRequestReported again for same event
06-25 03:39:56.330   518   518 W FillResponseEventLogger: Shouldn't be logging AutofillFillRequestReported again for same event
06-25 03:39:56.330   518   518 D AutofillSession: clearPendingIntentLocked
06-25 03:39:56.330   518   518 D AutofillInlineSuggestionsRequestSession: onInlineSuggestionsResponseLocked called for:0@688564303
06-25 03:39:56.330  1527  1527 V InlineSuggestionRenderService: handleDestroySuggestionViews called for 0:688564303
06-25 03:39:56.331   518   536 D AutofillUI: destroySaveUiUiThread(): already destroyed
06-25 03:39:56.332  5504  5504 D BoundBrokerSvc: onBind: Intent { act=com.google.android.mdd.service.START dat=chimera-action:/... cmp=com.google.android.gms/.chimera.GmsBoundBrokerService }
06-25 03:39:56.332  5504  5504 D BoundBrokerSvc: Loading bound service for intent: Intent { act=com.google.android.mdd.service.START dat=chimera-action:/... cmp=com.google.android.gms/.chimera.GmsBoundBrokerService }
06-25 03:39:56.646   157  7240 I keystore2: system/security/keystore2/src/watchdog.rs:319 - Watchdog thread idle -> terminating. Have a great day.
06-25 03:39:56.652  7568  7593 I ReactNativeJS: [TurnstileWebView] Turnstile script loaded successfully
06-25 03:39:56.652  7568  7593 I ReactNativeJS: [TurnstileWebView] turnstile global available, rendering widget
06-25 03:39:56.652  7568  7593 I ReactNativeJS: [TurnstileWebView] turnstile.render() called
--------- beginning of kernel
06-25 03:39:56.807     0     0 I logd    : start watching /data/system/packages.list ...
06-25 03:39:56.810     0     0 I logd    : ReadPackageList, total packages: 202
06-25 03:39:56.683   518  2073 D CompatibilityChangeReporter: Compat change id reported: 261072174; UID 10192; state: ENABLED
06-25 03:39:56.815  7430  7632 W QueryController: Could not detect idle state.
06-25 03:39:56.816  7430  7632 D Maestro : Requesting view hierarchy
06-25 03:39:56.817  7430  7632 W QueryController: Could not detect idle state.
06-25 03:39:56.817  7430  7632 W QueryController: Could not detect idle state.
06-25 03:39:56.833   518  2073 D CompatibilityChangeReporter: Compat change id reported: 161145287; UID 10192; state: ENABLED
06-25 03:39:56.843  7430  7632 I Maestro : Skipping invisible child: android.view.accessibility.AccessibilityNodeInfo@1031e; boundsInParent: Rect(0, 0 - 320, 0); boundsInScreen: Rect(0, 0 - 320, 0); boundsInWindow: Rect(0, 0 - 320, 0); packageName: com.hanapkalinga.mobile; className: android.widget.LinearLayout; text: null; error: null; maxTextLength: -1; stateDescription: null; contentDescription: null; tooltipText: null; containerTitle: null; viewIdResName: null; uniqueId: null; checkable: false; checked: false; focusable: false; focused: false; selected: false; clickable: false; longClickable: false; contextClickable: false; enabled: true; password: false; scrollable: false; importantForAccessibility: false; visible: false; actions: [AccessibilityAction: ACTION_SELECT - null, AccessibilityAction: ACTION_CLEAR_SELECTION - null, AccessibilityAction: ACTION_ACCESSIBILITY_FOCUS - null, AccessibilityAction: ACTION_SHOW_ON_SCREEN - null]; isTextSelectable: false
06-25 03:39:56.845  7430  7632 I Maestro : Skipping invisible child: android.view.accessibility.AccessibilityNodeInfo@ff5d; boundsInParent: Rect(0, 0 - 320, 0); boundsInScreen: Rect(0, 0 - 320, 0); boundsInWindow: Rect(0, 0 - 320, 0); packageName: com.hanapkalinga.mobile; className: android.view.ViewGroup; text: null; error: null; maxTextLength: -1; stateDescription: null; contentDescription: null; tooltipText: null; containerTitle: null; viewIdResName: null; uniqueId: null; checkable: false; checked: false; focusable: false; focused: false; selected: false; clickable: false; longClickable: false; contextClickable: false; enabled: true; password: false; scrollable: false; importantForAccessibility: false; visible: false; actions: [AccessibilityAction: ACTION_SELECT - null, AccessibilityAction: ACTION_CLEAR_SELECTION - null, AccessibilityAction: ACTION_ACCESSIBILITY_FOCUS - null, AccessibilityAction: ACTION_SHOW_ON_SCREEN - null]; isTextSelectable: false
06-25 03:39:56.851  1044  1044 D TelephonyManager: requestModemActivityInfo: Sending result to app: ModemActivityInfo{ mTimestamp=231407 mSleepTimeMs=0 mIdleTimeMs=231373 mActivityStatsTechSpecificInfo=[{mRat=UNKNOWN,mFrequencyRange=UNKNOWN,mTxTimeMs[]=[0, 0, 0, 0, 0],mRxTimeMs=0}]}
06-25 03:39:56.851   831   831 D StatusBarIconController: ignoring old pipeline callbacks, because the new mobile icons are enabled
06-25 03:39:56.852  7430  7632 I Maestro : Skipping invisible child: android.view.accessibility.AccessibilityNodeInfo@17eff; boundsInParent: Rect(0, 0 - 320, 0); boundsInScreen: Rect(0, 0 - 320, 0); boundsInWindow: Rect(0, 0 - 320, 0); packageName: com.hanapkalinga.mobile; className: android.widget.LinearLayout; text: null; error: null; maxTextLength: -1; stateDescription: null; contentDescription: null; tooltipText: null; containerTitle: null; viewIdResName: null; uniqueId: null; checkable: false; checked: false; focusable: false; focused: false; selected: false; clickable: false; longClickable: false; contextClickable: false; enabled: true; password: false; scrollable: false; importantForAccessibility: false; visible: false; actions: [AccessibilityAction: ACTION_SELECT - null, AccessibilityAction: ACTION_CLEAR_SELECTION - null, AccessibilityAction: ACTION_ACCESSIBILITY_FOCUS - null, AccessibilityAction: ACTION_SHOW_ON_SCREEN - null]; isTextSelectable: false
06-25 03:39:56.853  7430  7632 I Maestro : Skipping invisible child: android.view.accessibility.AccessibilityNodeInfo@17b3e; boundsInParent: Rect(0, 0 - 320, 0); boundsInScreen: Rect(0, 0 - 320, 0); boundsInWindow: Rect(0, 0 - 320, 0); packageName: com.hanapkalinga.mobile; className: android.view.ViewGroup; text: null; error: null; maxTextLength: -1; stateDescription: null; contentDescription: null; tooltipText: null; containerTitle: null; viewIdResName: null; uniqueId: null; checkable: false; checked: false; focusable: false; focused: false; selected: false; clickable: false; longClickable: false; contextClickable: false; enabled: true; password: false; scrollable: false; importantForAccessibility: false; visible: false; actions: [AccessibilityAction: ACTION_SELECT - null, AccessibilityAction: ACTION_CLEAR_SELECTION - null, AccessibilityAction: ACTION_ACCESSIBILITY_FOCUS - null, AccessibilityAction: ACTION_SHOW_ON_SCREEN - null]; isTextSelectable: false
06-25 03:39:56.860  7430  7632 I Maestro : Skipping invisible child: android.view.accessibility.AccessibilityNodeInfo@15d36; boundsInParent: Rect(0, 0 - 1, 1); boundsInScreen: Rect(20, 348 - 21, 349); boundsInWindow: Rect(20, 348 - 21, 349); packageName: com.hanapkalinga.mobile; className: android.view.ViewGroup; text: null; error: null; maxTextLength: -1; stateDescription: null; contentDescription: null; tooltipText: null; containerTitle: null; viewIdResName: login_captcha_ready; uniqueId: null; checkable: false; checked: false; focusable: false; focused: false; selected: false; clickable: false; longClickable: false; contextClickable: false; enabled: true; password: false; scrollable: false; importantForAccessibility: true; visible: false; actions: [AccessibilityAction: ACTION_SELECT - null, AccessibilityAction: ACTION_CLEAR_SELECTION - null, AccessibilityAction: ACTION_ACCESSIBILITY_FOCUS - null, AccessibilityAction: ACTION_SHOW_ON_SCREEN - null]; isTextSelectable: false
06-25 03:39:56.894  7430  7632 D Maestro : View hierarchy received in 78 ms
06-25 03:39:56.905   334  7687 I resolv  : GetAddrInfoHandler::run: {101 101 101 983141 10192 0}
06-25 03:39:56.909   334  7688 I resolv  : res_nmkquery: (QUERY, IN, AAAA)
06-25 03:39:56.909   334  7688 I resolv  : resolv_cache_lookup: FOUND IN CACHE entry=0x740d4a648650
06-25 03:39:56.909   334  7688 I resolv  : doQuery: rcode=0, ancount=0, return value=105
06-25 03:39:56.913   334  7689 I resolv  : res_nmkquery: (QUERY, IN, A)
06-25 03:39:56.913   334  7689 I resolv  : resolv_cache_lookup: FOUND IN CACHE entry=0x740c2a644630
06-25 03:39:56.913   334  7689 I resolv  : doQuery: rcode=0, ancount=2, return value=66
06-25 03:39:57.431  7430  7469 D Maestro : Requesting view hierarchy
06-25 03:39:57.431  7430  7469 W QueryController: Could not detect idle state.
06-25 03:39:57.432  7430  7469 W QueryController: Could not detect idle state.
06-25 03:39:57.756  7568  7587 D EGL_emulation: app_time_stats: avg=138.78ms min=3.83ms max=837.47ms count=13
06-25 03:39:57.760  7568  7568 I Choreographer: Skipped 47 frames!  The application may be doing too much work on its main thread.
06-25 03:39:57.835  7568  7577 W System  : A resource failed to call release. 
06-25 03:39:57.843  7568  7629 I OpenGLRenderer: Davey! duration=833ms; Flags=0, FrameTimelineVsyncId=63502, IntendedVsync=231490077776, Vsync=231490077776, InputEventId=0, HandleInputStart=231490261575, AnimationStart=231490262258, PerformTraversalsStart=231493908369, DrawStart=231494051786, FrameDeadline=231523411108, FrameInterval=231490258142, FrameStartTime=16666666, SyncQueued=231494232147, SyncStart=231494274396, IssueDrawCommandsStart=231494329767, SwapBuffers=232312885482, FrameCompleted=232323572231, DequeueBufferDuration=7721, QueueBufferDuration=336537, GpuCompleted=232323572231, SwapBuffersCompleted=232314380819, DisplayPresentTime=0, CommandSubmissionCompleted=232312885482, 
06-25 03:39:57.857  7430  7469 I Maestro : Skipping invisible child: android.view.accessibility.AccessibilityNodeInfo@1031e; boundsInParent: Rect(0, 0 - 320, 0); boundsInScreen: Rect(0, 0 - 320, 0); boundsInWindow: Rect(0, 0 - 320, 0); packageName: com.hanapkalinga.mobile; className: android.widget.LinearLayout; text: null; error: null; maxTextLength: -1; stateDescription: null; contentDescription: null; tooltipText: null; containerTitle: null; viewIdResName: null; uniqueId: null; checkable: false; checked: false; focusable: false; focused: false; selected: false; clickable: false; longClickable: false; contextClickable: false; enabled: true; password: false; scrollable: false; importantForAccessibility: false; visible: false; actions: [AccessibilityAction: ACTION_SELECT - null, AccessibilityAction: ACTION_CLEAR_SELECTION - null, AccessibilityAction: ACTION_ACCESSIBILITY_FOCUS - null, AccessibilityAction: ACTION_SHOW_ON_SCREEN - null]; isTextSelectable: false
06-25 03:39:57.859  7430  7469 I Maestro : Skipping invisible child: android.view.accessibility.AccessibilityNodeInfo@ff5d; boundsInParent: Rect(0, 0 - 320, 0); boundsInScreen: Rect(0, 0 - 320, 0); boundsInWindow: Rect(0, 0 - 320, 0); packageName: com.hanapkalinga.mobile; className: android.view.ViewGroup; text: null; error: null; maxTextLength: -1; stateDescription: null; contentDescription: null; tooltipText: null; containerTitle: null; viewIdResName: null; uniqueId: null; checkable: false; checked: false; focusable: false; focused: false; selected: false; clickable: false; longClickable: false; contextClickable: false; enabled: true; password: false; scrollable: false; importantForAccessibility: false; visible: false; actions: [AccessibilityAction: ACTION_SELECT - null, AccessibilityAction: ACTION_CLEAR_SELECTION - null, AccessibilityAction: ACTION_ACCESSIBILITY_FOCUS - null, AccessibilityAction: ACTION_SHOW_ON_SCREEN - null]; isTextSelectable: false
06-25 03:39:57.860  7430  7469 I Maestro : Skipping invisible child: android.view.accessibility.AccessibilityNodeInfo@17eff; boundsInParent: Rect(0, 0 - 320, 0); boundsInScreen: Rect(0, 0 - 320, 0); boundsInWindow: Rect(0, 0 - 320, 0); packageName: com.hanapkalinga.mobile; className: android.widget.LinearLayout; text: null; error: null; maxTextLength: -1; stateDescription: null; contentDescription: null; tooltipText: null; containerTitle: null; viewIdResName: null; uniqueId: null; checkable: false; checked: false; focusable: false; focused: false; selected: false; clickable: false; longClickable: false; contextClickable: false; enabled: true; password: false; scrollable: false; importantForAccessibility: false; visible: false; actions: [AccessibilityAction: ACTION_SELECT - null, AccessibilityAction: ACTION_CLEAR_SELECTION - null, AccessibilityAction: ACTION_ACCESSIBILITY_FOCUS - null, AccessibilityAction: ACTION_SHOW_ON_SCREEN - null]; isTextSelectable: false
06-25 03:39:57.861  7430  7469 I Maestro : Skipping invisible child: android.view.accessibility.AccessibilityNodeInfo@17b3e; boundsInParent: Rect(0, 0 - 320, 0); boundsInScreen: Rect(0, 0 - 320, 0); boundsInWindow: Rect(0, 0 - 320, 0); packageName: com.hanapkalinga.mobile; className: android.view.ViewGroup; text: null; error: null; maxTextLength: -1; stateDescription: null; contentDescription: null; tooltipText: null; containerTitle: null; viewIdResName: null; uniqueId: null; checkable: false; checked: false; focusable: false; focused: false; selected: false; clickable: false; longClickable: false; contextClickable: false; enabled: true; password: false; scrollable: false; importantForAccessibility: false; visible: false; actions: [AccessibilityAction: ACTION_SELECT - null, AccessibilityAction: ACTION_CLEAR_SELECTION - null, AccessibilityAction: ACTION_ACCESSIBILITY_FOCUS - null, AccessibilityAction: ACTION_SHOW_ON_SCREEN - null]; isTextSelectable: false
06-25 03:39:57.921  7430  7469 I Maestro : Skipping invisible child: android.view.accessibility.AccessibilityNodeInfo@15d36; boundsInParent: Rect(0, 0 - 1, 1); boundsInScreen: Rect(20, 348 - 21, 349); boundsInWindow: Rect(20, 348 - 21, 349); packageName: com.hanapkalinga.mobile; className: android.view.ViewGroup; text: null; error: null; maxTextLength: -1; stateDescription: null; contentDescription: null; tooltipText: null; containerTitle: null; viewIdResName: login_captcha_ready; uniqueId: null; checkable: false; checked: false; focusable: false; focused: false; selected: false; clickable: false; longClickable: false; contextClickable: false; enabled: true; password: false; scrollable: false; importantForAccessibility: true; visible: false; actions: [AccessibilityAction: ACTION_SELECT - null, AccessibilityAction: ACTION_CLEAR_SELECTION - null, AccessibilityAction: ACTION_ACCESSIBILITY_FOCUS - null, AccessibilityAction: ACTION_SHOW_ON_SCREEN - null]; isTextSelectable: false
06-25 03:39:58.181  7430  7469 D Maestro : View hierarchy received in 750 ms
06-25 03:39:58.437  7430  7469 D Maestro : Requesting view hierarchy
06-25 03:39:58.437  7430  7469 W QueryController: Could not detect idle state.
06-25 03:39:58.438  7430  7469 W QueryController: Could not detect idle state.
06-25 03:39:58.453  7568  7593 I ReactNativeJS: [TurnstileWebView] Turnstile success, token length: 21
06-25 03:39:58.811  7568  7587 D EGL_emulation: app_time_stats: avg=15.57ms min=2.82ms max=194.44ms count=41
06-25 03:39:58.835  7430  7469 I Maestro : Skipping invisible child: android.view.accessibility.AccessibilityNodeInfo@1031e; boundsInParent: Rect(0, 0 - 320, 0); boundsInScreen: Rect(0, 0 - 320, 0); boundsInWindow: Rect(0, 0 - 320, 0); packageName: com.hanapkalinga.mobile; className: android.widget.LinearLayout; text: null; error: null; maxTextLength: -1; stateDescription: null; contentDescription: null; tooltipText: null; containerTitle: null; viewIdResName: null; uniqueId: null; checkable: false; checked: false; focusable: false; focused: false; selected: false; clickable: false; longClickable: false; contextClickable: false; enabled: true; password: false; scrollable: false; importantForAccessibility: false; visible: false; actions: [AccessibilityAction: ACTION_SELECT - null, AccessibilityAction: ACTION_CLEAR_SELECTION - null, AccessibilityAction: ACTION_ACCESSIBILITY_FOCUS - null, AccessibilityAction: ACTION_SHOW_ON_SCREEN - null]; isTextSelectable: false
06-25 03:39:58.836  7430  7469 I Maestro : Skipping invisible child: android.view.accessibility.AccessibilityNodeInfo@ff5d; boundsInParent: Rect(0, 0 - 320, 0); boundsInScreen: Rect(0, 0 - 320, 0); boundsInWindow: Rect(0, 0 - 320, 0); packageName: com.hanapkalinga.mobile; className: android.view.ViewGroup; text: null; error: null; maxTextLength: -1; stateDescription: null; contentDescription: null; tooltipText: null; containerTitle: null; viewIdResName: null; uniqueId: null; checkable: false; checked: false; focusable: false; focused: false; selected: false; clickable: false; longClickable: false; contextClickable: false; enabled: true; password: false; scrollable: false; importantForAccessibility: false; visible: false; actions: [AccessibilityAction: ACTION_SELECT - null, AccessibilityAction: ACTION_CLEAR_SELECTION - null, AccessibilityAction: ACTION_ACCESSIBILITY_FOCUS - null, AccessibilityAction: ACTION_SHOW_ON_SCREEN - null]; isTextSelectable: false
06-25 03:39:58.837  7430  7469 I Maestro : Skipping invisible child: android.view.accessibility.AccessibilityNodeInfo@17eff; boundsInParent: Rect(0, 0 - 320, 0); boundsInScreen: Rect(0, 0 - 320, 0); boundsInWindow: Rect(0, 0 - 320, 0); packageName: com.hanapkalinga.mobile; className: android.widget.LinearLayout; text: null; error: null; maxTextLength: -1; stateDescription: null; contentDescription: null; tooltipText: null; containerTitle: null; viewIdResName: null; uniqueId: null; checkable: false; checked: false; focusable: false; focused: false; selected: false; clickable: false; longClickable: false; contextClickable: false; enabled: true; password: false; scrollable: false; importantForAccessibility: false; visible: false; actions: [AccessibilityAction: ACTION_SELECT - null, AccessibilityAction: ACTION_CLEAR_SELECTION - null, AccessibilityAction: ACTION_ACCESSIBILITY_FOCUS - null, AccessibilityAction: ACTION_SHOW_ON_SCREEN - null]; isTextSelectable: false
06-25 03:39:58.838  7430  7469 I Maestro : Skipping invisible child: android.view.accessibility.AccessibilityNodeInfo@17b3e; boundsInParent: Rect(0, 0 - 320, 0); boundsInScreen: Rect(0, 0 - 320, 0); boundsInWindow: Rect(0, 0 - 320, 0); packageName: com.hanapkalinga.mobile; className: android.view.ViewGroup; text: null; error: null; maxTextLength: -1; stateDescription: null; contentDescription: null; tooltipText: null; containerTitle: null; viewIdResName: null; uniqueId: null; checkable: false; checked: false; focusable: false; focused: false; selected: false; clickable: false; longClickable: false; contextClickable: false; enabled: true; password: false; scrollable: false; importantForAccessibility: false; visible: false; actions: [AccessibilityAction: ACTION_SELECT - null, AccessibilityAction: ACTION_CLEAR_SELECTION - null, AccessibilityAction: ACTION_ACCESSIBILITY_FOCUS - null, AccessibilityAction: ACTION_SHOW_ON_SCREEN - null]; isTextSelectable: false
06-25 03:39:59.062   340  6308 D android.hardware.audio@7.1-impl.ranchu: threadLoop: entering standby, frames: 1190272
06-25 03:39:59.105  1738  2458 I WorkerManager: dispose()
06-25 03:39:59.105  1738  2458 W A       : Queue length for executor EventBus is now 11. Perhaps some tasks are too long, or the pool is too small.
06-25 03:39:59.177   518  2073 D OomAdjuster: Not killing cached processes
06-25 03:39:59.361  7430  7469 D Maestro : View hierarchy received in 924 ms
06-25 03:39:59.746  7430  7469 D Maestro : Requesting view hierarchy
06-25 03:39:59.746  7430  7469 W QueryController: Could not detect idle state.
06-25 03:39:59.747  7430  7469 W QueryController: Could not detect idle state.
06-25 03:39:59.755  7430  7469 I Maestro : Skipping invisible child: android.view.accessibility.AccessibilityNodeInfo@1031e; boundsInParent: Rect(0, 0 - 320, 0); boundsInScreen: Rect(0, 0 - 320, 0); boundsInWindow: Rect(0, 0 - 320, 0); packageName: com.hanapkalinga.mobile; className: android.widget.LinearLayout; text: null; error: null; maxTextLength: -1; stateDescription: null; contentDescription: null; tooltipText: null; containerTitle: null; viewIdResName: null; uniqueId: null; checkable: false; checked: false; focusable: false; focused: false; selected: false; clickable: false; longClickable: false; contextClickable: false; enabled: true; password: false; scrollable: false; importantForAccessibility: false; visible: false; actions: [AccessibilityAction: ACTION_SELECT - null, AccessibilityAction: ACTION_CLEAR_SELECTION - null, AccessibilityAction: ACTION_ACCESSIBILITY_FOCUS - null, AccessibilityAction: ACTION_SHOW_ON_SCREEN - null]; isTextSelectable: false
06-25 03:39:59.755  7430  7469 I Maestro : Skipping invisible child: android.view.accessibility.AccessibilityNodeInfo@ff5d; boundsInParent: Rect(0, 0 - 320, 0); boundsInScreen: Rect(0, 0 - 320, 0); boundsInWindow: Rect(0, 0 - 320, 0); packageName: com.hanapkalinga.mobile; className: android.view.ViewGroup; text: null; error: null; maxTextLength: -1; stateDescription: null; contentDescription: null; tooltipText: null; containerTitle: null; viewIdResName: null; uniqueId: null; checkable: false; checked: false; focusable: false; focused: false; selected: false; clickable: false; longClickable: false; contextClickable: false; enabled: true; password: false; scrollable: false; importantForAccessibility: false; visible: false; actions: [AccessibilityAction: ACTION_SELECT - null, AccessibilityAction: ACTION_CLEAR_SELECTION - null, AccessibilityAction: ACTION_ACCESSIBILITY_FOCUS - null, AccessibilityAction: ACTION_SHOW_ON_SCREEN - null]; isTextSelectable: false
06-25 03:39:59.756  7430  7469 I Maestro : Skipping invisible child: android.view.accessibility.AccessibilityNodeInfo@17eff; boundsInParent: Rect(0, 0 - 320, 0); boundsInScreen: Rect(0, 0 - 320, 0); boundsInWindow: Rect(0, 0 - 320, 0); packageName: com.hanapkalinga.mobile; className: android.widget.LinearLayout; text: null; error: null; maxTextLength: -1; stateDescription: null; contentDescription: null; tooltipText: null; containerTitle: null; viewIdResName: null; uniqueId: null; checkable: false; checked: false; focusable: false; focused: false; selected: false; clickable: false; longClickable: false; contextClickable: false; enabled: true; password: false; scrollable: false; importantForAccessibility: false; visible: false; actions: [AccessibilityAction: ACTION_SELECT - null, AccessibilityAction: ACTION_CLEAR_SELECTION - null, AccessibilityAction: ACTION_ACCESSIBILITY_FOCUS - null, AccessibilityAction: ACTION_SHOW_ON_SCREEN - null]; isTextSelectable: false
06-25 03:39:59.756  7430  7469 I Maestro : Skipping invisible child: android.view.accessibility.AccessibilityNodeInfo@17b3e; boundsInParent: Rect(0, 0 - 320, 0); boundsInScreen: Rect(0, 0 - 320, 0); boundsInWindow: Rect(0, 0 - 320, 0); packageName: com.hanapkalinga.mobile; className: android.view.ViewGroup; text: null; error: null; maxTextLength: -1; stateDescription: null; contentDescription: null; tooltipText: null; containerTitle: null; viewIdResName: null; uniqueId: null; checkable: false; checked: false; focusable: false; focused: false; selected: false; clickable: false; longClickable: false; contextClickable: false; enabled: true; password: false; scrollable: false; importantForAccessibility: false; visible: false; actions: [AccessibilityAction: ACTION_SELECT - null, AccessibilityAction: ACTION_CLEAR_SELECTION - null, AccessibilityAction: ACTION_ACCESSIBILITY_FOCUS - null, AccessibilityAction: ACTION_SHOW_ON_SCREEN - null]; isTextSelectable: false
06-25 03:39:59.785  7430  7469 D Maestro : View hierarchy received in 39 ms
06-25 03:39:59.854   831   831 D StatusBarIconController: ignoring old pipeline callbacks, because the new mobile icons are enabled
06-25 03:39:59.891  7430  7469 D Maestro : Requesting view hierarchy
06-25 03:39:59.892  7430  7469 W QueryController: Could not detect idle state.
06-25 03:39:59.892  7430  7469 W QueryController: Could not detect idle state.
06-25 03:39:59.903  7430  7469 I Maestro : Skipping invisible child: android.view.accessibility.AccessibilityNodeInfo@1031e; boundsInParent: Rect(0, 0 - 320, 0); boundsInScreen: Rect(0, 0 - 320, 0); boundsInWindow: Rect(0, 0 - 320, 0); packageName: com.hanapkalinga.mobile; className: android.widget.LinearLayout; text: null; error: null; maxTextLength: -1; stateDescription: null; contentDescription: null; tooltipText: null; containerTitle: null; viewIdResName: null; uniqueId: null; checkable: false; checked: false; focusable: false; focused: false; selected: false; clickable: false; longClickable: false; contextClickable: false; enabled: true; password: false; scrollable: false; importantForAccessibility: false; visible: false; actions: [AccessibilityAction: ACTION_SELECT - null, AccessibilityAction: ACTION_CLEAR_SELECTION - null, AccessibilityAction: ACTION_ACCESSIBILITY_FOCUS - null, AccessibilityAction: ACTION_SHOW_ON_SCREEN - null]; isTextSelectable: false
06-25 03:39:59.904  7430  7469 I Maestro : Skipping invisible child: android.view.accessibility.AccessibilityNodeInfo@ff5d; boundsInParent: Rect(0, 0 - 320, 0); boundsInScreen: Rect(0, 0 - 320, 0); boundsInWindow: Rect(0, 0 - 320, 0); packageName: com.hanapkalinga.mobile; className: android.view.ViewGroup; text: null; error: null; maxTextLength: -1; stateDescription: null; contentDescription: null; tooltipText: null; containerTitle: null; viewIdResName: null; uniqueId: null; checkable: false; checked: false; focusable: false; focused: false; selected: false; clickable: false; longClickable: false; contextClickable: false; enabled: true; password: false; scrollable: false; importantForAccessibility: false; visible: false; actions: [AccessibilityAction: ACTION_SELECT - null, AccessibilityAction: ACTION_CLEAR_SELECTION - null, AccessibilityAction: ACTION_ACCESSIBILITY_FOCUS - null, AccessibilityAction: ACTION_SHOW_ON_SCREEN - null]; isTextSelectable: false
06-25 03:39:59.905  7430  7469 I Maestro : Skipping invisible child: android.view.accessibility.AccessibilityNodeInfo@17eff; boundsInParent: Rect(0, 0 - 320, 0); boundsInScreen: Rect(0, 0 - 320, 0); boundsInWindow: Rect(0, 0 - 320, 0); packageName: com.hanapkalinga.mobile; className: android.widget.LinearLayout; text: null; error: null; maxTextLength: -1; stateDescription: null; contentDescription: null; tooltipText: null; containerTitle: null; viewIdResName: null; uniqueId: null; checkable: false; checked: false; focusable: false; focused: false; selected: false; clickable: false; longClickable: false; contextClickable: false; enabled: true; password: false; scrollable: false; importantForAccessibility: false; visible: false; actions: [AccessibilityAction: ACTION_SELECT - null, AccessibilityAction: ACTION_CLEAR_SELECTION - null, AccessibilityAction: ACTION_ACCESSIBILITY_FOCUS - null, AccessibilityAction: ACTION_SHOW_ON_SCREEN - null]; isTextSelectable: false
06-25 03:39:59.905  7430  7469 I Maestro : Skipping invisible child: android.view.accessibility.AccessibilityNodeInfo@17b3e; boundsInParent: Rect(0, 0 - 320, 0); boundsInScreen: Rect(0, 0 - 320, 0); boundsInWindow: Rect(0, 0 - 320, 0); packageName: com.hanapkalinga.mobile; className: android.view.ViewGroup; text: null; error: null; maxTextLength: -1; stateDescription: null; contentDescription: null; tooltipText: null; containerTitle: null; viewIdResName: null; uniqueId: null; checkable: false; checked: false; focusable: false; focused: false; selected: false; clickable: false; longClickable: false; contextClickable: false; enabled: true; password: false; scrollable: false; importantForAccessibility: false; visible: false; actions: [AccessibilityAction: ACTION_SELECT - null, AccessibilityAction: ACTION_CLEAR_SELECTION - null, AccessibilityAction: ACTION_ACCESSIBILITY_FOCUS - null, AccessibilityAction: ACTION_SHOW_ON_SCREEN - null]; isTextSelectable: false
06-25 03:39:59.928  7430  7469 D Maestro : View hierarchy received in 37 ms
06-25 03:40:00.021  7430  7632 W QueryController: Could not detect idle state.
06-25 03:40:00.026  7430  7632 W QueryController: Could not detect idle state.
06-25 03:40:00.030  7430  7632 W UiDevice: Skipping wait as package ${APP_ID} does not match current window com.hanapkalinga.mobile.
06-25 03:40:00.039  7430  7632 W QueryController: Could not detect idle state.
06-25 03:40:00.040  7430  7632 W QueryController: Could not detect idle state.
06-25 03:40:00.042  1585  1713 I AiAiEcho: Predicting[0]: 
06-25 03:40:00.042  1585  1713 I AiAiEcho: EchoTargets: 
06-25 03:40:00.042  1585  1713 I AiAiEcho: Filtered by AiAi flag check: 
06-25 03:40:00.043  1585  1713 I AiAiEcho: Ranked targets strategy: SORT, count: 0, ranking metadata: 
06-25 03:40:00.044  7430  7632 W UiDevice: Skipping wait as package ${APP_ID} does not match current window com.hanapkalinga.mobile.
06-25 03:40:00.047  1585  1713 I AiAiEcho: Predicting[0]: 
06-25 03:40:00.048  1585  1713 I AiAiEcho: EchoTargets: 
06-25 03:40:00.048  1585  1713 I AiAiEcho: Filtered by AiAi flag check: 
06-25 03:40:00.048  1585  1713 I AiAiEcho: Ranked targets strategy: SORT, count: 0, ranking metadata: 
06-25 03:40:00.048  1585  1713 I AiAiEcho: #postPredictionTargets: Sending updates to UISurface lockscreen with targets# 0 (types=[])
06-25 03:40:00.049  1585  1713 I AiAiEcho: #postPredictionTargets: Sending updates to UISurface lockscreen with targets# 0 (types=[])
06-25 03:40:00.049   831   831 W PageIndicator: Total number of pages invalid: 0. Assuming 1 page.
06-25 03:40:00.049   831   831 W PageIndicator: Total number of pages invalid: 0. Assuming 1 page.
06-25 03:40:00.050   831   902 D EGL_emulation: app_time_stats: avg=8632.32ms min=8632.32ms max=8632.32ms count=1
06-25 03:40:00.052  7430  7632 W QueryController: Could not detect idle state.
06-25 03:40:00.056  7430  7632 W QueryController: Could not detect idle state.
06-25 03:40:00.064  7430  7632 W UiDevice: Skipping wait as package ${APP_ID} does not match current window com.hanapkalinga.mobile.
06-25 03:40:00.075  7430  7632 W QueryController: Could not detect idle state.
06-25 03:40:00.079  7430  7632 W QueryController: Could not detect idle state.
06-25 03:40:00.087  7430  7632 W UiDevice: Skipping wait as package ${APP_ID} does not match current window com.hanapkalinga.mobile.
06-25 03:40:00.135  7430  7632 W QueryController: Could not detect idle state.
06-25 03:40:00.137  7430  7632 W QueryController: Could not detect idle state.
06-25 03:40:00.140  7430  7632 W UiDevice: Skipping wait as package ${APP_ID} does not match current window com.hanapkalinga.mobile.
06-25 03:40:00.147  7430  7632 W QueryController: Could not detect idle state.
06-25 03:40:00.149  7430  7632 W QueryController: Could not detect idle state.
06-25 03:40:00.153  7430  7632 W UiDevice: Skipping wait as package ${APP_ID} does not match current window com.hanapkalinga.mobile.
06-25 03:40:00.160  7430  7632 W QueryController: Could not detect idle state.
06-25 03:40:00.166  7430  7632 W QueryController: Could not detect idle state.
06-25 03:40:00.170  7430  7632 W UiDevice: Skipping wait as package ${APP_ID} does not match current window com.hanapkalinga.mobile.
06-25 03:40:00.183  7430  7632 W QueryController: Could not detect idle state.
06-25 03:40:00.185  7430  7632 W QueryController: Could not detect idle state.
06-25 03:40:00.189  7430  7632 W UiDevice: Skipping wait as package ${APP_ID} does not match current window com.hanapkalinga.mobile.
06-25 03:40:00.194  7430  7632 W QueryController: Could not detect idle state.
06-25 03:40:00.201  7430  7632 W QueryController: Could not detect idle state.
06-25 03:40:00.202  7430  7632 W UiDevice: Skipping wait as package ${APP_ID} does not match current window com.hanapkalinga.mobile.
06-25 03:40:00.210  7430  7632 W QueryController: Could not detect idle state.
06-25 03:40:00.213  7430  7632 W QueryController: Could not detect idle state.
06-25 03:40:00.218  7430  7632 W UiDevice: Skipping wait as package ${APP_ID} does not match current window com.hanapkalinga.mobile.
06-25 03:40:00.224  7430  7632 W QueryController: Could not detect idle state.
06-25 03:40:00.226  7430  7632 W QueryController: Could not detect idle state.
06-25 03:40:00.228  7430  7632 W UiDevice: Skipping wait as package ${APP_ID} does not match current window com.hanapkalinga.mobile.
06-25 03:40:00.236  7430  7632 W QueryController: Could not detect idle state.
06-25 03:40:00.244  7430  7632 W QueryController: Could not detect idle state.
06-25 03:40:00.245  7430  7632 W UiDevice: Skipping wait as package ${APP_ID} does not match current window com.hanapkalinga.mobile.
06-25 03:40:00.256  7430  7632 W QueryController: Could not detect idle state.
06-25 03:40:00.257  7430  7632 W QueryController: Could not detect idle state.
06-25 03:40:00.259  7430  7632 W UiDevice: Skipping wait as package ${APP_ID} does not match current window com.hanapkalinga.mobile.
06-25 03:40:00.266  7430  7632 W QueryController: Could not detect idle state.
06-25 03:40:00.267  7430  7632 W QueryController: Could not detect idle state.
06-25 03:40:00.270  7430  7632 W UiDevice: Skipping wait as package ${APP_ID} does not match current window com.hanapkalinga.mobile.
06-25 03:40:00.275  7430  7632 W QueryController: Could not detect idle state.
06-25 03:40:00.276  7430  7632 W QueryController: Could not detect idle state.
06-25 03:40:00.278  7430  7632 W UiDevice: Skipping wait as package ${APP_ID} does not match current window com.hanapkalinga.mobile.
06-25 03:40:00.285  7430  7632 W QueryController: Could not detect idle state.
06-25 03:40:00.286  7430  7632 W QueryController: Could not detect idle state.
06-25 03:40:00.288  7430  7632 W UiDevice: Skipping wait as package ${APP_ID} does not match current window com.hanapkalinga.mobile.
06-25 03:40:00.295  7430  7632 W QueryController: Could not detect idle state.
06-25 03:40:00.296  7430  7632 W QueryController: Could not detect idle state.
06-25 03:40:00.299  7430  7632 W UiDevice: Skipping wait as package ${APP_ID} does not match current window com.hanapkalinga.mobile.
06-25 03:40:00.309  7430  7632 W QueryController: Could not detect idle state.
06-25 03:40:00.310  7430  7632 W QueryController: Could not detect idle state.
06-25 03:40:00.312  7430  7632 W UiDevice: Skipping wait as package ${APP_ID} does not match current window com.hanapkalinga.mobile.
06-25 03:40:00.324  7430  7632 W QueryController: Could not detect idle state.
06-25 03:40:00.325  7430  7632 W QueryController: Could not detect idle state.
06-25 03:40:00.327  7430  7632 W UiDevice: Skipping wait as package ${APP_ID} does not match current window com.hanapkalinga.mobile.
06-25 03:40:00.333  7430  7632 W QueryController: Could not detect idle state.
06-25 03:40:00.334  7430  7632 W QueryController: Could not detect idle state.
06-25 03:40:00.336  7430  7632 W UiDevice: Skipping wait as package ${APP_ID} does not match current window com.hanapkalinga.mobile.
06-25 03:40:00.341  7430  7632 W QueryController: Could not detect idle state.
06-25 03:40:00.342  7430  7632 W QueryController: Could not detect idle state.
06-25 03:40:00.344  7430  7632 W UiDevice: Skipping wait as package ${APP_ID} does not match current window com.hanapkalinga.mobile.
06-25 03:40:00.350  7430  7632 W QueryController: Could not detect idle state.
06-25 03:40:00.352  7430  7632 W QueryController: Could not detect idle state.
06-25 03:40:00.354  7430  7632 W UiDevice: Skipping wait as package ${APP_ID} does not match current window com.hanapkalinga.mobile.
06-25 03:40:00.360  7430  7632 W QueryController: Could not detect idle state.
06-25 03:40:00.361  7430  7632 W QueryController: Could not detect idle state.
06-25 03:40:00.363  7430  7632 W UiDevice: Skipping wait as package ${APP_ID} does not match current window com.hanapkalinga.mobile.
06-25 03:40:00.370  7430  7632 W QueryController: Could not detect idle state.
06-25 03:40:00.371  7430  7632 W QueryController: Could not detect idle state.
06-25 03:40:00.373  7430  7632 W UiDevice: Skipping wait as package ${APP_ID} does not match current window com.hanapkalinga.mobile.
06-25 03:40:00.379  7430  7632 W QueryController: Could not detect idle state.
06-25 03:40:00.380  7430  7632 W QueryController: Could not detect idle state.
06-25 03:40:00.382  7430  7632 W UiDevice: Skipping wait as package ${APP_ID} does not match current window com.hanapkalinga.mobile.
06-25 03:40:00.429  7430  7632 W QueryController: Could not detect idle state.
06-25 03:40:00.433  7430  7632 W QueryController: Could not detect idle state.
06-25 03:40:00.437  7430  7632 W UiDevice: Skipping wait as package ${APP_ID} does not match current window com.hanapkalinga.mobile.
06-25 03:40:00.444  7430  7632 W QueryController: Could not detect idle state.
06-25 03:40:00.449  7430  7632 W QueryController: Could not detect idle state.
06-25 03:40:00.453  7430  7632 W UiDevice: Skipping wait as package ${APP_ID} does not match current window com.hanapkalinga.mobile.
06-25 03:40:00.461  7430  7632 W QueryController: Could not detect idle state.
06-25 03:40:00.465  7430  7632 W QueryController: Could not detect idle state.
06-25 03:40:00.471  7430  7632 W UiDevice: Skipping wait as package ${APP_ID} does not match current window com.hanapkalinga.mobile.
