06-25 03:42:48.101  8999  9194 I Maestro : Skipping invisible child: android.view.accessibility.AccessibilityNodeInfo@128e3; boundsInParent: Rect(0, 0 - 320, 0); boundsInScreen: Rect(0, 0 - 320, 0); boundsInWindow: Rect(0, 0 - 320, 0); packageName: com.hanapkalinga.mobile; className: android.widget.LinearLayout; text: null; error: null; maxTextLength: -1; stateDescription: null; contentDescription: null; tooltipText: null; containerTitle: null; viewIdResName: null; uniqueId: null; checkable: false; checked: false; focusable: false; focused: false; selected: false; clickable: false; longClickable: false; contextClickable: false; enabled: true; password: false; scrollable: false; importantForAccessibility: false; visible: false; actions: [AccessibilityAction: ACTION_SELECT - null, AccessibilityAction: ACTION_CLEAR_SELECTION - null, AccessibilityAction: ACTION_ACCESSIBILITY_FOCUS - null, AccessibilityAction: ACTION_SHOW_ON_SCREEN - null]; isTextSelectable: false
06-25 03:42:48.102  8999  9194 I Maestro : Skipping invisible child: android.view.accessibility.AccessibilityNodeInfo@12522; boundsInParent: Rect(0, 0 - 320, 0); boundsInScreen: Rect(0, 0 - 320, 0); boundsInWindow: Rect(0, 0 - 320, 0); packageName: com.hanapkalinga.mobile; className: android.view.ViewGroup; text: null; error: null; maxTextLength: -1; stateDescription: null; contentDescription: null; tooltipText: null; containerTitle: null; viewIdResName: null; uniqueId: null; checkable: false; checked: false; focusable: false; focused: false; selected: false; clickable: false; longClickable: false; contextClickable: false; enabled: true; password: false; scrollable: false; importantForAccessibility: false; visible: false; actions: [AccessibilityAction: ACTION_SELECT - null, AccessibilityAction: ACTION_CLEAR_SELECTION - null, AccessibilityAction: ACTION_ACCESSIBILITY_FOCUS - null, AccessibilityAction: ACTION_SHOW_ON_SCREEN - null]; isTextSelectable: false
06-25 03:42:48.103  8999  9194 I Maestro : Skipping invisible child: android.view.accessibility.AccessibilityNodeInfo@17f3a; boundsInParent: Rect(0, 0 - 320, 0); boundsInScreen: Rect(0, 0 - 320, 0); boundsInWindow: Rect(0, 0 - 320, 0); packageName: com.hanapkalinga.mobile; className: android.widget.LinearLayout; text: null; error: null; maxTextLength: -1; stateDescription: null; contentDescription: null; tooltipText: null; containerTitle: null; viewIdResName: null; uniqueId: null; checkable: false; checked: false; focusable: false; focused: false; selected: false; clickable: false; longClickable: false; contextClickable: false; enabled: true; password: false; scrollable: false; importantForAccessibility: false; visible: false; actions: [AccessibilityAction: ACTION_SELECT - null, AccessibilityAction: ACTION_CLEAR_SELECTION - null, AccessibilityAction: ACTION_ACCESSIBILITY_FOCUS - null, AccessibilityAction: ACTION_SHOW_ON_SCREEN - null]; isTextSelectable: false
06-25 03:42:48.103  8999  9194 I Maestro : Skipping invisible child: android.view.accessibility.AccessibilityNodeInfo@17b79; boundsInParent: Rect(0, 0 - 320, 0); boundsInScreen: Rect(0, 0 - 320, 0); boundsInWindow: Rect(0, 0 - 320, 0); packageName: com.hanapkalinga.mobile; className: android.view.ViewGroup; text: null; error: null; maxTextLength: -1; stateDescription: null; contentDescription: null; tooltipText: null; containerTitle: null; viewIdResName: null; uniqueId: null; checkable: false; checked: false; focusable: false; focused: false; selected: false; clickable: false; longClickable: false; contextClickable: false; enabled: true; password: false; scrollable: false; importantForAccessibility: false; visible: false; actions: [AccessibilityAction: ACTION_SELECT - null, AccessibilityAction: ACTION_CLEAR_SELECTION - null, AccessibilityAction: ACTION_ACCESSIBILITY_FOCUS - null, AccessibilityAction: ACTION_SHOW_ON_SCREEN - null]; isTextSelectable: false
06-25 03:42:48.124  8999  9194 D Maestro : View hierarchy received in 35 ms
06-25 03:42:48.154  1089  1089 D TaplEvents: TIS / TouchInteractionService.onInputEvent: MotionEvent { action=ACTION_DOWN, actionButton=0, id[0]=0, x[0]=160.0, y[0]=300.0, toolType[0]=TOOL_TYPE_FINGER, buttonState=0, classification=NONE, metaState=0, flags=0x0, edgeFlags=0x0, pointerCount=1, historySize=0, eventTime=402694, downTime=402694, deviceId=-1, source=0x1002, displayId=0, eventId=-917693204 }
06-25 03:42:48.257  1089  1089 D TaplEvents: TIS / TouchInteractionService.onInputEvent: MotionEvent { action=ACTION_UP, actionButton=0, id[0]=0, x[0]=160.0, y[0]=300.0, toolType[0]=TOOL_TYPE_FINGER, buttonState=0, classification=NONE, metaState=0, flags=0x0, edgeFlags=0x0, pointerCount=1, historySize=0, eventTime=402812, downTime=402694, deviceId=-1, source=0x1002, displayId=0, eventId=-734637915 }
06-25 03:42:48.258   518  1081 W FillRequestEventLogger: Couldn't find packageName: com.google.android.inputmethod.latin
06-25 03:42:48.260   518   518 D AutofillInlineSuggestionsRequestSession: onCreateInlineSuggestionsRequestLocked called: 1073741824@755127573
06-25 03:42:48.260   518  1763 D AutofillInlineSuggestionsRequestSession: onInlineSuggestionsSessionInvalidated() called.
06-25 03:42:48.260   518  1081 D CompatibilityChangeReporter: Compat change id reported: 214016041; UID 10192; state: ENABLED
06-25 03:42:48.261  1523  1523 I GoogleInputMethodService: GoogleInputMethodService.onFinishInput():3227 
06-25 03:42:48.261  1523  1523 I GoogleInputMethodService: GoogleInputMethodService.updateDeviceLockedStatus():2087 repeatCheckTimes = 0, unlocked = true
06-25 03:42:48.261  9131  9131 D CompatibilityChangeReporter: Compat change id reported: 163400105; UID 10192; state: ENABLED
06-25 03:42:48.263  1523  1523 I GoogleInputMethodService: GoogleInputMethodService.onStartInput():1877 onStartInput(EditorInfo{inputType=0x21(EmailAddress) imeOptions=0x6 privateImeOptions=null actionName=DONE actionLabel=null actionId=0 initialSelStart=0 initialSelEnd=0 initialCapsMode=0x0 hintText=non-empty label=null packageName=com.hanapkalinga.mobile fieldId=128 fieldName=null extras=Bundle[mParcelledData.dataSize=240]}, false)
06-25 03:42:48.263  1523  1523 I GoogleInputMethodService: GoogleInputMethodService.shouldHideHeaderOnInitialState():4008 ShouldHideHeaderOnInitialState = false
06-25 03:42:48.263   518  1704 D AutofillInlineSuggestionsRequestSession: onInlineSuggestionsRequest() received: InlineSuggestionsRequest { maxSuggestionCount = 9, inlinePresentationSpecs = [InlinePresentationSpec { minSize = 42x38, maxSize = 240x38, style = Bundle[mParcelledData.dataSize=2816] }, InlinePresentationSpec { minSize = 42x38, maxSize = 240x38, style = Bundle[mParcelledData.dataSize=2816] }, InlinePresentationSpec { minSize = 42x38, maxSize = 240x38, style = Bundle[mParcelledData.dataSize=2816] }, InlinePresentationSpec { minSize = 42x38, maxSize = 240x38, style = Bundle[mParcelledData.dataSize=2816] }, InlinePresentationSpec { minSize = 42x38, maxSize = 240x38, style = Bundle[mParcelledData.dataSize=2816] }, InlinePresentationSpec { minSize = 42x38, maxSize = 240x38, style = Bundle[mParcelledData.dataSize=2816] }, InlinePresentationSpec { minSize = 42x38, maxSize = 240x38, style = Bundle[mParcelledData.dataSize=2816] }, InlinePresentationSpec { minSize = 42x38, maxSize = 240x38, style = Bundle[mParcelledData.dataSize=2816] }, InlinePresentationSpec { minSize = 42x38, maxSize = 240x38, style = Bundle[mParcelledData.dataSize=2816] }], hostPackageName = com.google.android.inputmethod.latin, supportedLocales = [en_US], extras = Bundle[EMPTY_PARCEL], hostInputToken = android.os.BinderProxy@c230e63, hostDisplayId = 0, inlineTooltipPresentationSpec = null }
06-25 03:42:48.264  1523  1523 I GoogleInputMethodService: GoogleInputMethodService.updateDeviceLockedStatus():2087 repeatCheckTimes = 2, unlocked = true
06-25 03:42:48.264  9131  9131 I ImeTracker: com.hanapkalinga.mobile:2b2cdfd6: onRequestShow at ORIGIN_CLIENT_SHOW_SOFT_INPUT reason SHOW_SOFT_INPUT
06-25 03:42:48.265  9131  9131 D InputMethodManager: showSoftInput() view=com.facebook.react.views.textinput.ReactEditText{172254d VFED..CL. .F.P..ID 37,255-283,297 #80 aid=1073741824} flags=0 reason=SHOW_SOFT_INPUT
06-25 03:42:48.266   518  1081 D OomAdjuster: Not killing cached processes
06-25 03:42:48.267  1523  1523 I DeviceModeUtil: DeviceModeUtil.getDeviceMode():122 Get device mode phone by ui mode:1 and smallestScreenWidthDp:320
06-25 03:42:48.267  1523  1523 I GoogleInputMethodService: GoogleInputMethodService.onStartInputView():1995 onStartInputView(EditorInfo{inputType=0x21(EmailAddress) imeOptions=0x6 privateImeOptions=null actionName=DONE actionLabel=null actionId=0 initialSelStart=0 initialSelEnd=0 initialCapsMode=0x0 hintText=non-empty label=null packageName=com.hanapkalinga.mobile fieldId=128 fieldName=null extras=Bundle[{android.support.text.emoji.emojiCompat_metadataVersion=9, android.support.text.emoji.emojiCompat_replaceAll=false}]}, false)
06-25 03:42:48.268  1523  1626 I DeviceModeUtil: DeviceModeUtil.getDeviceMode():122 Get device mode phone by ui mode:1 and smallestScreenWidthDp:320
06-25 03:42:48.269  1523  1523 I GoogleInputMethodService: GoogleInputMethodService.updateDeviceLockedStatus():2087 repeatCheckTimes = 2, unlocked = true
06-25 03:42:48.269  1523  1523 W ModuleManager: ModuleManager.loadModule():450 Module erj is not available
06-25 03:42:48.270  1523  1523 I KeyboardViewUtil: KeyboardViewUtil.getKeyboardHeightRatio():189 systemKeyboardHeightRatio:1.000000; userKeyboardHeightRatio:1.000000.
06-25 03:42:48.270  1523  1523 I AndroidIME: AbstractIme.onActivate():86 LatinIme.onActivate() : EditorInfo = inputType=0x21(EmailAddress) imeOptions=0x6 privateImeOptions=null actionName=DONE actionLabel=null actionId=0 initialSelStart=0 initialSelEnd=0 initialCapsMode=0x0 hintText=non-empty label=null packageName=com.hanapkalinga.mobile fieldId=128 fieldName=null extras=Bundle[{android.support.text.emoji.emojiCompat_metadataVersion=9, android.support.text.emoji.emojiCompat_replaceAll=false}], IncognitoMode = false, DeviceLocked = false
06-25 03:42:48.271  1523  1523 I Delight5Facilitator: Delight5Facilitator.initializeForIme():777 initializeForIme() : Locale = [en_US], layout = qwerty
06-25 03:42:48.273   394   410 D audioserver: FGS Logger Transaction failed
06-25 03:42:48.273   394   410 D audioserver: -129
06-25 03:42:48.274  1523  1523 I VoiceInputManagerWrapper: VoiceInputManagerWrapper.cancelShutdown():55 cancelShutdown()
06-25 03:42:48.274  1523  1523 I VoiceInputManagerWrapper: VoiceInputManagerWrapper.syncLanguagePacks():67 syncLanguagePacks()
06-25 03:42:48.274  1523  6442 I SpeechFactory: SpeechRecognitionFactory.maybeScheduleAutoPackDownloadForFallback():205 maybeScheduleAutoPackDownloadForFallback()
06-25 03:42:48.274  1523  6442 I FallbackOnDeviceRecognitionProvider: FallbackOnDeviceRecognitionProvider.maybeScheduleAutoPackDownload():195 maybeScheduleAutoPackDownload() for language tag en-US
06-25 03:42:48.278  9131  9151 D EGL_emulation: app_time_stats: avg=24.47ms min=2.60ms max=675.98ms count=33
06-25 03:42:48.278  1523  1523 I LatinIme: LatinIme.updateEnableInlineSuggestionsOnDecoderSideFlags():1003 inline flag updated to:false
06-25 03:42:48.281  1523  1523 I KeyboardWrapper: KeyboardWrapper.consumeEvent():275 Skip consuming an event as current keyboard is deactivated (state=0, keyboard existence=true)
06-25 03:42:48.281   394   497 D AudioFlinger: mixer(0x710552f68930) throttle end: throttle time(34)
06-25 03:42:48.286  9131  9131 I AssistStructure: Flattened final assist data: 1968 bytes, containing 1 windows, 11 views
06-25 03:42:48.286   518  1746 D AutofillSession: createPendingIntent for request 14
06-25 03:42:48.287   518  1746 D ContentCapturePerUserService: Notified activity assist data for activity: Token{1aba550 ActivityRecord{ba84a02 u0 com.hanapkalinga.mobile/.MainActivity t15}} without a session Id
06-25 03:42:48.287  9131  9131 I ImeTracker: com.hanapkalinga.mobile:185377a0: onRequestShow at ORIGIN_CLIENT_SHOW_SOFT_INPUT reason SHOW_SOFT_INPUT
06-25 03:42:48.288  9131  9131 D InputMethodManager: showSoftInput() view=com.facebook.react.views.textinput.ReactEditText{172254d VFED..CL. .F...... 37,255-283,297 #80 aid=1073741824} flags=0 reason=SHOW_SOFT_INPUT
06-25 03:42:48.290  1523  1523 I KeyboardViewUtil: KeyboardViewUtil.calculateMaxKeyboardBodyHeight():40 leave 110 height for app when screen height:640, header height:38 and isFullscreenMode:false, so the max keyboard body height is:492
06-25 03:42:48.290  1523  1523 I DeviceModeUtil: DeviceModeUtil.getDeviceMode():122 Get device mode phone by ui mode:1 and smallestScreenWidthDp:320
06-25 03:42:48.290  1523  1523 I GoogleInputMethodService: GoogleInputMethodService.setKeyboardViewShown():3483 setKeyboardViewShown() : type = HEADER, shownType = SHOW_OPTIONAL
06-25 03:42:48.290  1523  1523 I GoogleInputMethodService: GoogleInputMethodService.setKeyboardViewShown():3530 setKeyboardViewShown() : shouldShow = true
06-25 03:42:48.293  1523  1523 I GoogleInputMethodService: GoogleInputMethodService.setKeyboardViewShown():3483 setKeyboardViewShown() : type = BODY, shownType = SHOW_MANDATORY
06-25 03:42:48.294  1523  1523 I GoogleInputMethodService: GoogleInputMethodService.setKeyboardViewShown():3530 setKeyboardViewShown() : shouldShow = true
06-25 03:42:48.294  1523  1523 I GoogleInputMethodService: GoogleInputMethodService.setKeyboardViewShown():3483 setKeyboardViewShown() : type = FLOATING_CANDIDATES, shownType = HIDE
06-25 03:42:48.294  1523  1523 I GoogleInputMethodService: GoogleInputMethodService.setKeyboardViewShown():3530 setKeyboardViewShown() : shouldShow = false
06-25 03:42:48.295  1523  1523 I KeyboardViewUtil: KeyboardViewUtil.calculateMaxKeyboardBodyHeight():40 leave 110 height for app when screen height:640, header height:38 and isFullscreenMode:false, so the max keyboard body height is:492
06-25 03:42:48.295  1523  1523 I DeviceModeUtil: DeviceModeUtil.getDeviceMode():122 Get device mode phone by ui mode:1 and smallestScreenWidthDp:320
06-25 03:42:48.298  1523  1523 I DeviceModeUtil: DeviceModeUtil.getDeviceMode():122 Get device mode phone by ui mode:1 and smallestScreenWidthDp:320
06-25 03:42:48.299  1523  1523 I DeviceModeUtil: DeviceModeUtil.getDeviceMode():122 Get device mode phone by ui mode:1 and smallestScreenWidthDp:320
06-25 03:42:48.299   831   831 D StatusBarIconController: ignoring old pipeline callbacks, because the new mobile icons are enabled
06-25 03:42:48.299  1523  1523 I KeyboardModeManager: KeyboardModeManager.setInputView():364 setInputView() : supportsOneHandedMode=true
06-25 03:42:48.299  1523  1523 I NormalModeController: NormalModeController.getKeyboardBodyViewHolderPaddingBottom():116 currentPrimeKeyboardType:SOFT systemPaddingBottom:-1
06-25 03:42:48.299  1523  1523 I NormalModeController: NormalModeController.getKeyboardBodyViewHolderPaddingBottom():116 currentPrimeKeyboardType:SOFT systemPaddingBottom:-1
06-25 03:42:48.303  1523  1523 I KeyboardModeManager: KeyboardModeManager.setInputView():356 setInputView() : entry=hwn{languageTag=en-US, variant=qwerty, hasLocalizedResources=true, conditionCacheKey=_device=phone_device_size=default_enable_adaptive_text_editing=true_enable_inline_suggestions_on_client_side=false_enable_large_tablet_batch_1=false_enable_large_tablet_batch_2=false_enable_more_candidates_view_for_multilingual=false_enable_nav_redesign=false_enable_number_row=false_enable_preemptive_decode=true_enable_secondary_symbols=false_expressions=normal_four_or_more_letter_rows=false_keyboard_mode=normal_language=en-US_orientation=portrait_physical_keyboard=qwerty_show_secondary_digits=true_show_suggestions=true_split_with_duplicate_keys=true_variant=qwerty, imeDef.stringId=ime_english_united_states, imeDef.className=com.google.android.apps.inputmethod.libs.latin5.LatinIme, imeDef.languageTag=en-US}
06-25 03:42:48.305  1523  1523 I CurrentMicStatusHolder: CurrentMicStatusHolder.onStartInputView():79 Current Mic status = {MicIconHidden-EmailInputType,}
06-25 03:42:48.306  1523  1523 I VoiceImeExtension: VoiceImeExtension.shouldStartVoiceInputAutomatically():383 No private IME option set to start voice input.
06-25 03:42:48.308  1523  1557 I putmethod.latin: JIT allocated 52KB for compiled code of mzo hod.d(java.util.List)
06-25 03:42:48.309  5504  5504 D BoundBrokerSvc: onBind: Intent { act=com.google.firebase.dynamiclinks.service.START pkg=com.google.android.gms }
06-25 03:42:48.309  5504  5504 D BoundBrokerSvc: Loading bound service for intent: Intent { act=com.google.firebase.dynamiclinks.service.START pkg=com.google.android.gms }
06-25 03:42:48.312   518  2890 D CoreBackPreview: Window{8f40bb0 u0 com.hanapkalinga.mobile/com.hanapkalinga.mobile.MainActivity}: Setting back callback OnBackInvokedCallbackInfo{mCallback=android.window.IOnBackInvokedCallback$Stub$Proxy@dd673a9, mPriority=0, mIsAnimationCallback=false}
06-25 03:42:48.327   394   497 D AudioFlinger: mixer(0x710552f68930) throttle end: throttle time(29)
06-25 03:42:48.330  1523  1523 I DeviceModeUtil: DeviceModeUtil.getDeviceMode():122 Get device mode phone by ui mode:1 and smallestScreenWidthDp:320
06-25 03:42:48.330  9131  9131 D InsetsController: show(ime(), fromIme=true)
06-25 03:42:48.331  1523  1523 I DeviceModeUtil: DeviceModeUtil.getDeviceMode():122 Get device mode phone by ui mode:1 and smallestScreenWidthDp:320
06-25 03:42:48.332  1523  1523 I DeviceModeUtil: DeviceModeUtil.getDeviceMode():122 Get device mode phone by ui mode:1 and smallestScreenWidthDp:320
06-25 03:42:48.333  1523  1523 I NormalModeController: NormalModeController.getKeyboardBodyViewHolderPaddingBottom():116 currentPrimeKeyboardType:SOFT systemPaddingBottom:-1
06-25 03:42:48.335  9131  9131 D InsetsController: show(ime(), fromIme=true)
06-25 03:42:48.336  1523  2046 I Delight5Decoder: Delight5DecoderWrapper.setKeyboardLayout():457 setKeyboardLayout()
06-25 03:42:48.337  9131  9131 I ImeTracker: com.hanapkalinga.mobile:185377a0: onCancelled at PHASE_CLIENT_APPLY_ANIMATION
06-25 03:42:48.341  9131  9131 I ImeTracker: com.hanapkalinga.mobile:2b2cdfd6: onShown
06-25 03:42:48.343  5452  5452 W AutofillChimeraService: Pending fill request while another request in the same session was triggered. [CONTEXT service_id=177 ]
06-25 03:42:48.345   518   518 W FillRequestEventLogger: Shouldn't be logging AutofillFillRequestReported again for same event
06-25 03:42:48.345   518   518 W FillResponseEventLogger: Shouldn't be logging AutofillFillRequestReported again for same event
06-25 03:42:48.345   518   518 D AutofillSession: clearPendingIntentLocked
06-25 03:42:48.345   518   536 D AutofillUI: destroySaveUiUiThread(): already destroyed
06-25 03:42:48.345   518   518 D AutofillInlineSuggestionsRequestSession: onInlineSuggestionsResponseLocked called for:1073741824@755127573
06-25 03:42:48.345   518   518 D AutofillInlineSuggestionsRequestSession: maybeNotifyFillUiEventLoked(): hasSuggestionToShow=false, mPreviousHasNonPinSuggestionShow=false
06-25 03:42:48.346   518   518 D AutofillInlineSuggestionsRequestSession: Send inline response: 0
06-25 03:42:48.346  1527  1527 V InlineSuggestionRenderService: handleDestroySuggestionViews called for 0:755127573
06-25 03:42:48.348  5504  5504 D BoundBrokerSvc: onBind: Intent { act=com.google.android.mdd.service.START dat=chimera-action:/... cmp=com.google.android.gms/.chimera.GmsBoundBrokerService }
06-25 03:42:48.348  5504  5504 D BoundBrokerSvc: Loading bound service for intent: Intent { act=com.google.android.mdd.service.START dat=chimera-action:/... cmp=com.google.android.gms/.chimera.GmsBoundBrokerService }
06-25 03:42:48.364  5504  5504 D BoundBrokerSvc: onBind: Intent { act=com.google.android.gms.common.BIND_SHARED_PREFS pkg=com.google.android.gms }
06-25 03:42:48.364  5504  5504 D BoundBrokerSvc: Loading bound service for intent: Intent { act=com.google.android.gms.common.BIND_SHARED_PREFS pkg=com.google.android.gms }
06-25 03:42:48.373  5504  5504 D BoundBrokerSvc: onUnbind: Intent { act=com.google.android.gms.common.BIND_SHARED_PREFS pkg=com.google.android.gms }
06-25 03:42:48.376  5504  5504 D BoundBrokerSvc: onBind: Intent { act=com.google.android.gms.common.BIND_SHARED_PREFS pkg=com.google.android.gms }
06-25 03:42:48.376  5504  5504 D BoundBrokerSvc: Loading bound service for intent: Intent { act=com.google.android.gms.common.BIND_SHARED_PREFS pkg=com.google.android.gms }
06-25 03:42:48.377  5504  5504 D BoundBrokerSvc: onUnbind: Intent { act=com.google.android.gms.common.BIND_SHARED_PREFS pkg=com.google.android.gms }
06-25 03:42:48.440   394   497 D audioserver: FGS Logger Transaction failed
06-25 03:42:48.440   394   497 D audioserver: -129
06-25 03:42:48.489  1523  1523 W TooltipLifecycleManager: TooltipLifecycleManager.dismissTooltips():159 Tooltip with id spell_check_add_to_dictionary not found in tooltipManager.
06-25 03:42:48.889  8999  9194 W QueryController: Could not detect idle state.
06-25 03:42:48.890  8999  9194 D Maestro : Requesting view hierarchy
06-25 03:42:48.891  8999  9194 W QueryController: Could not detect idle state.
06-25 03:42:48.892  8999  9194 W QueryController: Could not detect idle state.
06-25 03:42:48.905  8999  9194 I Maestro : Skipping invisible child: android.view.accessibility.AccessibilityNodeInfo@128e3; boundsInParent: Rect(0, 0 - 320, 0); boundsInScreen: Rect(0, 0 - 320, 0); boundsInWindow: Rect(0, 0 - 320, 0); packageName: com.hanapkalinga.mobile; className: android.widget.LinearLayout; text: null; error: null; maxTextLength: -1; stateDescription: null; contentDescription: null; tooltipText: null; containerTitle: null; viewIdResName: null; uniqueId: null; checkable: false; checked: false; focusable: false; focused: false; selected: false; clickable: false; longClickable: false; contextClickable: false; enabled: true; password: false; scrollable: false; importantForAccessibility: false; visible: false; actions: [AccessibilityAction: ACTION_SELECT - null, AccessibilityAction: ACTION_CLEAR_SELECTION - null, AccessibilityAction: ACTION_ACCESSIBILITY_FOCUS - null, AccessibilityAction: ACTION_SHOW_ON_SCREEN - null]; isTextSelectable: false
06-25 03:42:48.905  8999  9194 I Maestro : Skipping invisible child: android.view.accessibility.AccessibilityNodeInfo@12522; boundsInParent: Rect(0, 0 - 320, 0); boundsInScreen: Rect(0, 0 - 320, 0); boundsInWindow: Rect(0, 0 - 320, 0); packageName: com.hanapkalinga.mobile; className: android.view.ViewGroup; text: null; error: null; maxTextLength: -1; stateDescription: null; contentDescription: null; tooltipText: null; containerTitle: null; viewIdResName: null; uniqueId: null; checkable: false; checked: false; focusable: false; focused: false; selected: false; clickable: false; longClickable: false; contextClickable: false; enabled: true; password: false; scrollable: false; importantForAccessibility: false; visible: false; actions: [AccessibilityAction: ACTION_SELECT - null, AccessibilityAction: ACTION_CLEAR_SELECTION - null, AccessibilityAction: ACTION_ACCESSIBILITY_FOCUS - null, AccessibilityAction: ACTION_SHOW_ON_SCREEN - null]; isTextSelectable: false
06-25 03:42:48.907  8999  9194 I Maestro : Skipping invisible child: android.view.accessibility.AccessibilityNodeInfo@17f3a; boundsInParent: Rect(0, 0 - 320, 0); boundsInScreen: Rect(0, 0 - 320, 0); boundsInWindow: Rect(0, 0 - 320, 0); packageName: com.hanapkalinga.mobile; className: android.widget.LinearLayout; text: null; error: null; maxTextLength: -1; stateDescription: null; contentDescription: null; tooltipText: null; containerTitle: null; viewIdResName: null; uniqueId: null; checkable: false; checked: false; focusable: false; focused: false; selected: false; clickable: false; longClickable: false; contextClickable: false; enabled: true; password: false; scrollable: false; importantForAccessibility: false; visible: false; actions: [AccessibilityAction: ACTION_SELECT - null, AccessibilityAction: ACTION_CLEAR_SELECTION - null, AccessibilityAction: ACTION_ACCESSIBILITY_FOCUS - null, AccessibilityAction: ACTION_SHOW_ON_SCREEN - null]; isTextSelectable: false
06-25 03:42:48.908  8999  9194 I Maestro : Skipping invisible child: android.view.accessibility.AccessibilityNodeInfo@17b79; boundsInParent: Rect(0, 0 - 320, 0); boundsInScreen: Rect(0, 0 - 320, 0); boundsInWindow: Rect(0, 0 - 320, 0); packageName: com.hanapkalinga.mobile; className: android.view.ViewGroup; text: null; error: null; maxTextLength: -1; stateDescription: null; contentDescription: null; tooltipText: null; containerTitle: null; viewIdResName: null; uniqueId: null; checkable: false; checked: false; focusable: false; focused: false; selected: false; clickable: false; longClickable: false; contextClickable: false; enabled: true; password: false; scrollable: false; importantForAccessibility: false; visible: false; actions: [AccessibilityAction: ACTION_SELECT - null, AccessibilityAction: ACTION_CLEAR_SELECTION - null, AccessibilityAction: ACTION_ACCESSIBILITY_FOCUS - null, AccessibilityAction: ACTION_SHOW_ON_SCREEN - null]; isTextSelectable: false
06-25 03:42:48.993  8999  9194 I Maestro : Skipping invisible child: android.view.accessibility.AccessibilityNodeInfo@13ba3; boundsInParent: Rect(0, 0 - 320, 0); boundsInScreen: Rect(0, 640 - 320, 640); boundsInWindow: Rect(0, 640 - 320, 640); packageName: com.google.android.inputmethod.latin; className: android.widget.FrameLayout; text: null; error: null; maxTextLength: -1; stateDescription: null; contentDescription: null; tooltipText: null; containerTitle: null; viewIdResName: com.google.android.inputmethod.latin:id/0_resource_name_obfuscated; uniqueId: null; checkable: false; checked: false; focusable: false; focused: false; selected: false; clickable: false; longClickable: false; contextClickable: false; enabled: true; password: false; scrollable: false; importantForAccessibility: false; visible: false; actions: [AccessibilityAction: ACTION_SELECT - null, AccessibilityAction: ACTION_CLEAR_SELECTION - null, AccessibilityAction: ACTION_ACCESSIBILITY_FOCUS - null, AccessibilityAction: ACTION_SHOW_ON_SCREEN - null]; isTextSelectable: false
06-25 03:42:48.996  8999  9194 I Maestro : Skipping invisible child: android.view.accessibility.AccessibilityNodeInfo@13f64; boundsInParent: Rect(0, 0 - 320, 0); boundsInScreen: Rect(0, 640 - 320, 640); boundsInWindow: Rect(0, 640 - 320, 640); packageName: com.google.android.inputmethod.latin; className: android.view.View; text: null; error: null; maxTextLength: -1; stateDescription: null; contentDescription: null; tooltipText: null; containerTitle: null; viewIdResName: com.google.android.inputmethod.latin:id/0_resource_name_obfuscated; uniqueId: null; checkable: false; checked: false; focusable: false; focused: false; selected: false; clickable: true; longClickable: false; contextClickable: false; enabled: true; password: false; scrollable: false; importantForAccessibility: true; visible: false; actions: [AccessibilityAction: ACTION_SELECT - null, AccessibilityAction: ACTION_CLEAR_SELECTION - null, AccessibilityAction: ACTION_CLICK - null, AccessibilityAction: ACTION_ACCESSIBILITY_FOCUS - null, AccessibilityAction: ACTION_SHOW_ON_SCREEN - null]; isTextSelectable: false
06-25 03:42:48.997  8999  9194 I Maestro : Skipping invisible child: android.view.accessibility.AccessibilityNodeInfo@92b6; boundsInParent: Rect(0, 0 - 320, 0); boundsInScreen: Rect(0, 640 - 320, 640); boundsInWindow: Rect(0, 640 - 320, 640); packageName: com.google.android.inputmethod.latin; className: android.widget.FrameLayout; text: null; error: null; maxTextLength: -1; stateDescription: null; contentDescription: null; tooltipText: null; containerTitle: null; viewIdResName: null; uniqueId: null; checkable: false; checked: false; focusable: false; focused: false; selected: false; clickable: false; longClickable: false; contextClickable: false; enabled: true; password: false; scrollable: false; importantForAccessibility: false; visible: false; actions: [AccessibilityAction: ACTION_SELECT - null, AccessibilityAction: ACTION_CLEAR_SELECTION - null, AccessibilityAction: ACTION_ACCESSIBILITY_FOCUS - null, AccessibilityAction: ACTION_SHOW_ON_SCREEN - null]; isTextSelectable: false
06-25 03:42:48.997  8999  9194 D Maestro : View hierarchy received in 107 ms
06-25 03:42:49.537  8999  9194 D Maestro : Requesting view hierarchy
06-25 03:42:49.537  8999  9194 W QueryController: Could not detect idle state.
06-25 03:42:49.538  8999  9194 W QueryController: Could not detect idle state.
06-25 03:42:49.549  8999  9194 I Maestro : Skipping invisible child: android.view.accessibility.AccessibilityNodeInfo@128e3; boundsInParent: Rect(0, 0 - 320, 0); boundsInScreen: Rect(0, 0 - 320, 0); boundsInWindow: Rect(0, 0 - 320, 0); packageName: com.hanapkalinga.mobile; className: android.widget.LinearLayout; text: null; error: null; maxTextLength: -1; stateDescription: null; contentDescription: null; tooltipText: null; containerTitle: null; viewIdResName: null; uniqueId: null; checkable: false; checked: false; focusable: false; focused: false; selected: false; clickable: false; longClickable: false; contextClickable: false; enabled: true; password: false; scrollable: false; importantForAccessibility: false; visible: false; actions: [AccessibilityAction: ACTION_SELECT - null, AccessibilityAction: ACTION_CLEAR_SELECTION - null, AccessibilityAction: ACTION_ACCESSIBILITY_FOCUS - null, AccessibilityAction: ACTION_SHOW_ON_SCREEN - null]; isTextSelectable: false
06-25 03:42:49.550  8999  9194 I Maestro : Skipping invisible child: android.view.accessibility.AccessibilityNodeInfo@12522; boundsInParent: Rect(0, 0 - 320, 0); boundsInScreen: Rect(0, 0 - 320, 0); boundsInWindow: Rect(0, 0 - 320, 0); packageName: com.hanapkalinga.mobile; className: android.view.ViewGroup; text: null; error: null; maxTextLength: -1; stateDescription: null; contentDescription: null; tooltipText: null; containerTitle: null; viewIdResName: null; uniqueId: null; checkable: false; checked: false; focusable: false; focused: false; selected: false; clickable: false; longClickable: false; contextClickable: false; enabled: true; password: false; scrollable: false; importantForAccessibility: false; visible: false; actions: [AccessibilityAction: ACTION_SELECT - null, AccessibilityAction: ACTION_CLEAR_SELECTION - null, AccessibilityAction: ACTION_ACCESSIBILITY_FOCUS - null, AccessibilityAction: ACTION_SHOW_ON_SCREEN - null]; isTextSelectable: false
06-25 03:42:49.551  8999  9194 I Maestro : Skipping invisible child: android.view.accessibility.AccessibilityNodeInfo@17f3a; boundsInParent: Rect(0, 0 - 320, 0); boundsInScreen: Rect(0, 0 - 320, 0); boundsInWindow: Rect(0, 0 - 320, 0); packageName: com.hanapkalinga.mobile; className: android.widget.LinearLayout; text: null; error: null; maxTextLength: -1; stateDescription: null; contentDescription: null; tooltipText: null; containerTitle: null; viewIdResName: null; uniqueId: null; checkable: false; checked: false; focusable: false; focused: false; selected: false; clickable: false; longClickable: false; contextClickable: false; enabled: true; password: false; scrollable: false; importantForAccessibility: false; visible: false; actions: [AccessibilityAction: ACTION_SELECT - null, AccessibilityAction: ACTION_CLEAR_SELECTION - null, AccessibilityAction: ACTION_ACCESSIBILITY_FOCUS - null, AccessibilityAction: ACTION_SHOW_ON_SCREEN - null]; isTextSelectable: false
06-25 03:42:49.551  8999  9194 I Maestro : Skipping invisible child: android.view.accessibility.AccessibilityNodeInfo@17b79; boundsInParent: Rect(0, 0 - 320, 0); boundsInScreen: Rect(0, 0 - 320, 0); boundsInWindow: Rect(0, 0 - 320, 0); packageName: com.hanapkalinga.mobile; className: android.view.ViewGroup; text: null; error: null; maxTextLength: -1; stateDescription: null; contentDescription: null; tooltipText: null; containerTitle: null; viewIdResName: null; uniqueId: null; checkable: false; checked: false; focusable: false; focused: false; selected: false; clickable: false; longClickable: false; contextClickable: false; enabled: true; password: false; scrollable: false; importantForAccessibility: false; visible: false; actions: [AccessibilityAction: ACTION_SELECT - null, AccessibilityAction: ACTION_CLEAR_SELECTION - null, AccessibilityAction: ACTION_ACCESSIBILITY_FOCUS - null, AccessibilityAction: ACTION_SHOW_ON_SCREEN - null]; isTextSelectable: false
06-25 03:42:49.629  8999  9194 I Maestro : Skipping invisible child: android.view.accessibility.AccessibilityNodeInfo@13ba3; boundsInParent: Rect(0, 0 - 320, 0); boundsInScreen: Rect(0, 640 - 320, 640); boundsInWindow: Rect(0, 640 - 320, 640); packageName: com.google.android.inputmethod.latin; className: android.widget.FrameLayout; text: null; error: null; maxTextLength: -1; stateDescription: null; contentDescription: null; tooltipText: null; containerTitle: null; viewIdResName: com.google.android.inputmethod.latin:id/0_resource_name_obfuscated; uniqueId: null; checkable: false; checked: false; focusable: false; focused: false; selected: false; clickable: false; longClickable: false; contextClickable: false; enabled: true; password: false; scrollable: false; importantForAccessibility: false; visible: false; actions: [AccessibilityAction: ACTION_SELECT - null, AccessibilityAction: ACTION_CLEAR_SELECTION - null, AccessibilityAction: ACTION_ACCESSIBILITY_FOCUS - null, AccessibilityAction: ACTION_SHOW_ON_SCREEN - null]; isTextSelectable: false
06-25 03:42:49.630  8999  9194 I Maestro : Skipping invisible child: android.view.accessibility.AccessibilityNodeInfo@13f64; boundsInParent: Rect(0, 0 - 320, 0); boundsInScreen: Rect(0, 640 - 320, 640); boundsInWindow: Rect(0, 640 - 320, 640); packageName: com.google.android.inputmethod.latin; className: android.view.View; text: null; error: null; maxTextLength: -1; stateDescription: null; contentDescription: null; tooltipText: null; containerTitle: null; viewIdResName: com.google.android.inputmethod.latin:id/0_resource_name_obfuscated; uniqueId: null; checkable: false; checked: false; focusable: false; focused: false; selected: false; clickable: true; longClickable: false; contextClickable: false; enabled: true; password: false; scrollable: false; importantForAccessibility: true; visible: false; actions: [AccessibilityAction: ACTION_SELECT - null, AccessibilityAction: ACTION_CLEAR_SELECTION - null, AccessibilityAction: ACTION_CLICK - null, AccessibilityAction: ACTION_ACCESSIBILITY_FOCUS - null, AccessibilityAction: ACTION_SHOW_ON_SCREEN - null]; isTextSelectable: false
06-25 03:42:49.631  8999  9194 I Maestro : Skipping invisible child: android.view.accessibility.AccessibilityNodeInfo@92b6; boundsInParent: Rect(0, 0 - 320, 0); boundsInScreen: Rect(0, 640 - 320, 640); boundsInWindow: Rect(0, 640 - 320, 640); packageName: com.google.android.inputmethod.latin; className: android.widget.FrameLayout; text: null; error: null; maxTextLength: -1; stateDescription: null; contentDescription: null; tooltipText: null; containerTitle: null; viewIdResName: null; uniqueId: null; checkable: false; checked: false; focusable: false; focused: false; selected: false; clickable: false; longClickable: false; contextClickable: false; enabled: true; password: false; scrollable: false; importantForAccessibility: false; visible: false; actions: [AccessibilityAction: ACTION_SELECT - null, AccessibilityAction: ACTION_CLEAR_SELECTION - null, AccessibilityAction: ACTION_ACCESSIBILITY_FOCUS - null, AccessibilityAction: ACTION_SHOW_ON_SCREEN - null]; isTextSelectable: false
06-25 03:42:49.632  8999  9194 D Maestro : View hierarchy received in 95 ms
06-25 03:42:49.728  8999  9194 D Maestro : Inputting text
06-25 03:42:49.729  8999  9194 D Maestro : 101
06-25 03:42:49.729  8999  9194 W QueryController: Could not detect idle state.
06-25 03:42:49.729  8999  9194 D UiDevice: Pressing keycodes [33] with modifier 0.
06-25 03:42:49.753  9131  9151 D EGL_emulation: app_time_stats: avg=245.83ms min=14.90ms max=501.11ms count=6
06-25 03:42:49.764  1523  1523 I GoogleInputMethodService: GoogleInputMethodService.setKeyboardViewShown():3483 setKeyboardViewShown() : type = HEADER, shownType = SHOW_MANDATORY_WITH_ANIMATION
06-25 03:42:49.764  1523  1523 I GoogleInputMethodService: GoogleInputMethodService.setKeyboardViewShown():3530 setKeyboardViewShown() : shouldShow = true
06-25 03:42:49.847  8999  9194 D Maestro : 50
06-25 03:42:49.847  8999  9194 W QueryController: Could not detect idle state.
06-25 03:42:49.847  8999  9194 D UiDevice: Pressing keycodes [9] with modifier 0.
06-25 03:42:49.965  8999  9194 D Maestro : 101
06-25 03:42:49.965  8999  9194 W QueryController: Could not detect idle state.
06-25 03:42:49.966  8999  9194 D UiDevice: Pressing keycodes [33] with modifier 0.
06-25 03:42:50.005  1523  1523 I GoogleInputMethodService: GoogleInputMethodService.setKeyboardViewShown():3483 setKeyboardViewShown() : type = HEADER, shownType = SHOW_MANDATORY_WITH_ANIMATION
06-25 03:42:50.005  1523  1523 I GoogleInputMethodService: GoogleInputMethodService.setKeyboardViewShown():3530 setKeyboardViewShown() : shouldShow = true
06-25 03:42:50.098  8999  9194 D Maestro : 45
06-25 03:42:50.098  8999  9194 W QueryController: Could not detect idle state.
06-25 03:42:50.098  8999  9194 D UiDevice: Pressing keycodes [69] with modifier 0.
06-25 03:42:50.139  1523  1523 I GoogleInputMethodService: GoogleInputMethodService.setKeyboardViewShown():3483 setKeyboardViewShown() : type = HEADER, shownType = SHOW_MANDATORY_WITH_ANIMATION
06-25 03:42:50.139  1523  1523 I GoogleInputMethodService: GoogleInputMethodService.setKeyboardViewShown():3530 setKeyboardViewShown() : shouldShow = true
06-25 03:42:50.232  8999  9194 D Maestro : 116
06-25 03:42:50.232  8999  9194 W QueryController: Could not detect idle state.
06-25 03:42:50.232  8999  9194 D UiDevice: Pressing keycodes [48] with modifier 0.
06-25 03:42:50.272  1523  1523 I GoogleInputMethodService: GoogleInputMethodService.setKeyboardViewShown():3483 setKeyboardViewShown() : type = HEADER, shownType = SHOW_MANDATORY_WITH_ANIMATION
06-25 03:42:50.272  1523  1523 I GoogleInputMethodService: GoogleInputMethodService.setKeyboardViewShown():3530 setKeyboardViewShown() : shouldShow = true
06-25 03:42:50.358  8999  9194 D Maestro : 101
06-25 03:42:50.359  8999  9194 W QueryController: Could not detect idle state.
06-25 03:42:50.359  8999  9194 D UiDevice: Pressing keycodes [33] with modifier 0.
06-25 03:42:50.388  1523  1523 I GoogleInputMethodService: GoogleInputMethodService.setKeyboardViewShown():3483 setKeyboardViewShown() : type = HEADER, shownType = SHOW_MANDATORY_WITH_ANIMATION
06-25 03:42:50.388  1523  1523 I GoogleInputMethodService: GoogleInputMethodService.setKeyboardViewShown():3530 setKeyboardViewShown() : shouldShow = true
06-25 03:42:50.475  8999  9194 D Maestro : 115
06-25 03:42:50.475  8999  9194 W QueryController: Could not detect idle state.
06-25 03:42:50.475  8999  9194 D UiDevice: Pressing keycodes [47] with modifier 0.
06-25 03:42:50.505  1523  1523 I GoogleInputMethodService: GoogleInputMethodService.setKeyboardViewShown():3483 setKeyboardViewShown() : type = HEADER, shownType = SHOW_MANDATORY_WITH_ANIMATION
06-25 03:42:50.506  1523  1523 I GoogleInputMethodService: GoogleInputMethodService.setKeyboardViewShown():3530 setKeyboardViewShown() : shouldShow = true
06-25 03:42:50.596  8999  9194 D Maestro : 116
06-25 03:42:50.597  8999  9194 W QueryController: Could not detect idle state.
06-25 03:42:50.597  8999  9194 D UiDevice: Pressing keycodes [48] with modifier 0.
06-25 03:42:50.620  1523  1523 I GoogleInputMethodService: GoogleInputMethodService.setKeyboardViewShown():3483 setKeyboardViewShown() : type = HEADER, shownType = SHOW_MANDATORY_WITH_ANIMATION
06-25 03:42:50.620  1523  1523 I GoogleInputMethodService: GoogleInputMethodService.setKeyboardViewShown():3530 setKeyboardViewShown() : shouldShow = true
06-25 03:42:50.712  8999  9194 D Maestro : 45
06-25 03:42:50.713  8999  9194 W QueryController: Could not detect idle state.
06-25 03:42:50.713  8999  9194 D UiDevice: Pressing keycodes [69] with modifier 0.
06-25 03:42:50.737  1523  1523 I GoogleInputMethodService: GoogleInputMethodService.setKeyboardViewShown():3483 setKeyboardViewShown() : type = HEADER, shownType = SHOW_MANDATORY_WITH_ANIMATION
06-25 03:42:50.737  1523  1523 I GoogleInputMethodService: GoogleInputMethodService.setKeyboardViewShown():3530 setKeyboardViewShown() : shouldShow = true
06-25 03:42:50.762  9131  9151 D EGL_emulation: app_time_stats: avg=59.29ms min=19.13ms max=112.23ms count=17
06-25 03:42:50.830  8999  9194 D Maestro : 110
06-25 03:42:50.830  8999  9194 W QueryController: Could not detect idle state.
06-25 03:42:50.831  8999  9194 D UiDevice: Pressing keycodes [42] with modifier 0.
06-25 03:42:50.854  1523  1523 I GoogleInputMethodService: GoogleInputMethodService.setKeyboardViewShown():3483 setKeyboardViewShown() : type = HEADER, shownType = SHOW_MANDATORY_WITH_ANIMATION
06-25 03:42:50.854  1523  1523 I GoogleInputMethodService: GoogleInputMethodService.setKeyboardViewShown():3530 setKeyboardViewShown() : shouldShow = true
06-25 03:42:50.877  1523  1702 D EGL_emulation: app_time_stats: avg=254.86ms min=13.44ms max=1432.43ms count=10
06-25 03:42:50.948  8999  9194 D Maestro : 117
06-25 03:42:50.948  8999  9194 W QueryController: Could not detect idle state.
06-25 03:42:50.949  8999  9194 D UiDevice: Pressing keycodes [49] with modifier 0.
06-25 03:42:50.987  1523  1523 I GoogleInputMethodService: GoogleInputMethodService.setKeyboardViewShown():3483 setKeyboardViewShown() : type = HEADER, shownType = SHOW_MANDATORY_WITH_ANIMATION
06-25 03:42:50.987  1523  1523 I GoogleInputMethodService: GoogleInputMethodService.setKeyboardViewShown():3530 setKeyboardViewShown() : shouldShow = true
06-25 03:42:51.075  8999  9194 D Maestro : 114
06-25 03:42:51.075  8999  9194 W QueryController: Could not detect idle state.
06-25 03:42:51.075  8999  9194 D UiDevice: Pressing keycodes [46] with modifier 0.
06-25 03:42:51.107  1523  1523 I GoogleInputMethodService: GoogleInputMethodService.setKeyboardViewShown():3483 setKeyboardViewShown() : type = HEADER, shownType = SHOW_MANDATORY_WITH_ANIMATION
06-25 03:42:51.107  1523  1523 I GoogleInputMethodService: GoogleInputMethodService.setKeyboardViewShown():3530 setKeyboardViewShown() : shouldShow = true
06-25 03:42:51.175  8999  9194 D Maestro : 115
06-25 03:42:51.175  8999  9194 W QueryController: Could not detect idle state.
06-25 03:42:51.176  8999  9194 D UiDevice: Pressing keycodes [47] with modifier 0.
06-25 03:42:51.203  1523  1523 I GoogleInputMethodService: GoogleInputMethodService.setKeyboardViewShown():3483 setKeyboardViewShown() : type = HEADER, shownType = SHOW_MANDATORY_WITH_ANIMATION
06-25 03:42:51.203  1523  1523 I GoogleInputMethodService: GoogleInputMethodService.setKeyboardViewShown():3530 setKeyboardViewShown() : shouldShow = true
06-25 03:42:51.291   831   831 D StatusBarIconController: ignoring old pipeline callbacks, because the new mobile icons are enabled
06-25 03:42:51.291  8999  9194 D Maestro : 101
06-25 03:42:51.292  8999  9194 W QueryController: Could not detect idle state.
06-25 03:42:51.292  8999  9194 D UiDevice: Pressing keycodes [33] with modifier 0.
06-25 03:42:51.319   340  6308 D android.hardware.audio@7.1-impl.ranchu: threadLoop: entering standby, frames: 2827712
06-25 03:42:51.321  1523  1523 I GoogleInputMethodService: GoogleInputMethodService.setKeyboardViewShown():3483 setKeyboardViewShown() : type = HEADER, shownType = SHOW_MANDATORY_WITH_ANIMATION
06-25 03:42:51.321  1523  1523 I GoogleInputMethodService: GoogleInputMethodService.setKeyboardViewShown():3530 setKeyboardViewShown() : shouldShow = true
06-25 03:42:51.403   831   831 D StatusBarIconController: ignoring old pipeline callbacks, because the new mobile icons are enabled
06-25 03:42:51.408  8999  9194 D Maestro : 45
06-25 03:42:51.408  8999  9194 W QueryController: Could not detect idle state.
06-25 03:42:51.409  8999  9194 D UiDevice: Pressing keycodes [69] with modifier 0.
06-25 03:42:51.437  1523  1523 I GoogleInputMethodService: GoogleInputMethodService.setKeyboardViewShown():3483 setKeyboardViewShown() : type = HEADER, shownType = SHOW_MANDATORY_WITH_ANIMATION
06-25 03:42:51.438  1523  1523 I GoogleInputMethodService: GoogleInputMethodService.setKeyboardViewShown():3530 setKeyboardViewShown() : shouldShow = true
06-25 03:42:51.449   817   817 I wpa_supplicant: wlan0: CTRL-EVENT-BEACON-LOSS 
06-25 03:42:51.525  8999  9194 D Maestro : 49
06-25 03:42:51.525  8999  9194 W QueryController: Could not detect idle state.
06-25 03:42:51.526  8999  9194 D UiDevice: Pressing keycodes [8] with modifier 0.
06-25 03:42:51.555  1523  1523 I GoogleInputMethodService: GoogleInputMethodService.setKeyboardViewShown():3483 setKeyboardViewShown() : type = HEADER, shownType = SHOW_MANDATORY_WITH_ANIMATION
06-25 03:42:51.555  1523  1523 I GoogleInputMethodService: GoogleInputMethodService.setKeyboardViewShown():3530 setKeyboardViewShown() : shouldShow = true
06-25 03:42:51.647  8999  9194 D Maestro : 55
06-25 03:42:51.648  8999  9194 W QueryController: Could not detect idle state.
06-25 03:42:51.648  8999  9194 D UiDevice: Pressing keycodes [14] with modifier 0.
06-25 03:42:51.687  1523  1523 I GoogleInputMethodService: GoogleInputMethodService.setKeyboardViewShown():3483 setKeyboardViewShown() : type = HEADER, shownType = SHOW_MANDATORY_WITH_ANIMATION
06-25 03:42:51.687  1523  1523 I GoogleInputMethodService: GoogleInputMethodService.setKeyboardViewShown():3530 setKeyboardViewShown() : shouldShow = true
06-25 03:42:51.768   518   598 W ProcessStats: Tracking association SourceState{551c6ec com.google.android.gms/10131 BTop #16604} whose proc state 2 is better than process ProcessState{c22105f com.google.android.gms.persistent/10131 pkg=com.google.android.gms} proc state 4 (297 skipped)
06-25 03:42:51.780  8999  9194 D Maestro : 56
06-25 03:42:51.780  8999  9194 W QueryController: Could not detect idle state.
06-25 03:42:51.780  8999  9194 D UiDevice: Pressing keycodes [15] with modifier 0.
06-25 03:42:51.802  1523  1523 I GoogleInputMethodService: GoogleInputMethodService.setKeyboardViewShown():3483 setKeyboardViewShown() : type = HEADER, shownType = SHOW_MANDATORY_WITH_ANIMATION
06-25 03:42:51.802  1523  1523 I GoogleInputMethodService: GoogleInputMethodService.setKeyboardViewShown():3530 setKeyboardViewShown() : shouldShow = true
06-25 03:42:51.803  9131  9151 D EGL_emulation: app_time_stats: avg=61.24ms min=16.62ms max=111.94ms count=17
06-25 03:42:51.896  8999  9194 D Maestro : 50
06-25 03:42:51.896  8999  9194 W QueryController: Could not detect idle state.
06-25 03:42:51.897  8999  9194 D UiDevice: Pressing keycodes [9] with modifier 0.
06-25 03:42:51.924  1523  2046 W Delight5Decoder: Delight5DecoderWrapper.shouldAbandonMessage():1983 Detected old [FetchSuggestions] request in background: 444<445
06-25 03:42:51.928  1523  1702 D EGL_emulation: app_time_stats: avg=116.70ms min=102.06ms max=134.24ms count=9
06-25 03:42:52.012  8999  9194 D Maestro : 51
06-25 03:42:52.013  8999  9194 W QueryController: Could not detect idle state.
06-25 03:42:52.013  8999  9194 D UiDevice: Pressing keycodes [10] with modifier 0.
06-25 03:42:52.130  8999  9194 D Maestro : 53
06-25 03:42:52.131  8999  9194 W QueryController: Could not detect idle state.
06-25 03:42:52.131  8999  9194 D UiDevice: Pressing keycodes [12] with modifier 0.
06-25 03:42:52.246  8999  9194 D Maestro : 56
06-25 03:42:52.247  8999  9194 W QueryController: Could not detect idle state.
06-25 03:42:52.247  8999  9194 D UiDevice: Pressing keycodes [15] with modifier 0.
06-25 03:42:52.358  8999  9194 D Maestro : 54
06-25 03:42:52.359  8999  9194 W QueryController: Could not detect idle state.
06-25 03:42:52.359  8999  9194 D UiDevice: Pressing keycodes [13] with modifier 0.
06-25 03:42:52.477  8999  9194 D Maestro : 53
06-25 03:42:52.478  8999  9194 W QueryController: Could not detect idle state.
06-25 03:42:52.478  8999  9194 D UiDevice: Pressing keycodes [12] with modifier 0.
06-25 03:42:52.595  8999  9194 D Maestro : 55
06-25 03:42:52.596  8999  9194 W QueryController: Could not detect idle state.
06-25 03:42:52.596  8999  9194 D UiDevice: Pressing keycodes [14] with modifier 0.
06-25 03:42:52.644  5504  7302 I ContentMaintenance: Internal cache bytes used: 0; limit: 100000000; download size: 0
06-25 03:42:52.646  5504  7302 I RealtimeCacheCleanup: Beginning Realtime garbage collection.
06-25 03:42:52.646  5504  7302 I RealtimeCacheCleanup: Finished Realtime garbage collection.
06-25 03:42:52.715  8999  9194 D Maestro : 53
06-25 03:42:52.715  8999  9194 W QueryController: Could not detect idle state.
06-25 03:42:52.716  8999  9194 D UiDevice: Pressing keycodes [12] with modifier 0.
06-25 03:42:52.847  8999  9194 D Maestro : 48
06-25 03:42:52.848  8999  9194 W QueryController: Could not detect idle state.
06-25 03:42:52.848  8999  9194 D UiDevice: Pressing keycodes [7] with modifier 0.
06-25 03:42:52.887  9131  9151 D EGL_emulation: app_time_stats: avg=60.20ms min=16.31ms max=113.52ms count=18
06-25 03:42:52.975  8999  9194 D Maestro : 52
06-25 03:42:52.976  8999  9194 W QueryController: Could not detect idle state.
06-25 03:42:52.976  8999  9194 D UiDevice: Pressing keycodes [11] with modifier 0.
06-25 03:42:53.098  8999  9194 D Maestro : 48
06-25 03:42:53.099  8999  9194 W QueryController: Could not detect idle state.
06-25 03:42:53.099  8999  9194 D UiDevice: Pressing keycodes [7] with modifier 0.
06-25 03:42:53.229  8999  9194 D Maestro : 52
06-25 03:42:53.230  8999  9194 W QueryController: Could not detect idle state.
06-25 03:42:53.230  8999  9194 D UiDevice: Pressing keycodes [11] with modifier 0.
06-25 03:42:53.285   518   605 D ActivityManager: freezing 3183 com.google.android.webview:webview_service
06-25 03:42:53.347  8999  9194 D Maestro : 48
06-25 03:42:53.347  8999  9194 W QueryController: Could not detect idle state.
