06-25 03:41:53.981  8410  8461 W QueryController: Could not detect idle state.
06-25 03:41:53.983  8410  8461 W QueryController: Could not detect idle state.
06-25 03:41:53.985  8410  8461 W UiDevice: Skipping wait as package ${APP_ID} does not match current window com.hanapkalinga.mobile.
06-25 03:41:53.991  8410  8461 W QueryController: Could not detect idle state.
06-25 03:41:53.992  8410  8461 W QueryController: Could not detect idle state.
06-25 03:41:53.994  8410  8461 W UiDevice: Skipping wait as package ${APP_ID} does not match current window com.hanapkalinga.mobile.
06-25 03:41:54.000  8410  8461 W QueryController: Could not detect idle state.
06-25 03:41:54.001  8410  8461 W QueryController: Could not detect idle state.
06-25 03:41:54.003  8410  8461 W UiDevice: Skipping wait as package ${APP_ID} does not match current window com.hanapkalinga.mobile.
06-25 03:41:54.008  8410  8461 W QueryController: Could not detect idle state.
06-25 03:41:54.009  8410  8461 W QueryController: Could not detect idle state.
06-25 03:41:54.012  8410  8461 W UiDevice: Skipping wait as package ${APP_ID} does not match current window com.hanapkalinga.mobile.
06-25 03:41:54.018  8410  8461 W QueryController: Could not detect idle state.
06-25 03:41:54.019  8410  8461 W QueryController: Could not detect idle state.
06-25 03:41:54.021  8410  8461 W UiDevice: Skipping wait as package ${APP_ID} does not match current window com.hanapkalinga.mobile.
06-25 03:41:54.027  8410  8461 W QueryController: Could not detect idle state.
06-25 03:41:54.028  8410  8461 W QueryController: Could not detect idle state.
06-25 03:41:54.030  8410  8461 W UiDevice: Skipping wait as package ${APP_ID} does not match current window com.hanapkalinga.mobile.
06-25 03:41:54.036  8410  8461 W QueryController: Could not detect idle state.
06-25 03:41:54.037  8410  8461 W QueryController: Could not detect idle state.
06-25 03:41:54.039  8410  8461 W UiDevice: Skipping wait as package ${APP_ID} does not match current window com.hanapkalinga.mobile.
06-25 03:41:54.045  8410  8461 W QueryController: Could not detect idle state.
06-25 03:41:54.046  8410  8461 W QueryController: Could not detect idle state.
06-25 03:41:54.049  8410  8461 W UiDevice: Skipping wait as package ${APP_ID} does not match current window com.hanapkalinga.mobile.
06-25 03:41:54.056  8410  8461 W QueryController: Could not detect idle state.
06-25 03:41:54.057  8410  8461 W QueryController: Could not detect idle state.
06-25 03:41:54.060  8410  8461 W UiDevice: Skipping wait as package ${APP_ID} does not match current window com.hanapkalinga.mobile.
06-25 03:41:54.067  8410  8461 W QueryController: Could not detect idle state.
06-25 03:41:54.068  8410  8461 W QueryController: Could not detect idle state.
06-25 03:41:54.070  8410  8461 W UiDevice: Skipping wait as package ${APP_ID} does not match current window com.hanapkalinga.mobile.
06-25 03:41:54.076  8410  8461 W QueryController: Could not detect idle state.
06-25 03:41:54.077  8410  8461 W QueryController: Could not detect idle state.
06-25 03:41:54.080  8410  8461 W UiDevice: Skipping wait as package ${APP_ID} does not match current window com.hanapkalinga.mobile.
06-25 03:41:54.086  8410  8461 W QueryController: Could not detect idle state.
06-25 03:41:54.088  8410  8461 W QueryController: Could not detect idle state.
06-25 03:41:54.090  8410  8461 W UiDevice: Skipping wait as package ${APP_ID} does not match current window com.hanapkalinga.mobile.
06-25 03:41:54.096  8410  8461 W QueryController: Could not detect idle state.
06-25 03:41:54.097  8410  8461 W QueryController: Could not detect idle state.
06-25 03:41:54.099  8410  8461 W UiDevice: Skipping wait as package ${APP_ID} does not match current window com.hanapkalinga.mobile.
06-25 03:41:54.106   831   831 D StatusBarIconController: ignoring old pipeline callbacks, because the new mobile icons are enabled
06-25 03:41:54.107  8410  8461 W QueryController: Could not detect idle state.
06-25 03:41:54.108  8410  8461 W QueryController: Could not detect idle state.
06-25 03:41:54.110  8410  8461 W UiDevice: Skipping wait as package ${APP_ID} does not match current window com.hanapkalinga.mobile.
06-25 03:41:54.117  8410  8461 W QueryController: Could not detect idle state.
06-25 03:41:54.118  8410  8461 W QueryController: Could not detect idle state.
06-25 03:41:54.120  8410  8461 W UiDevice: Skipping wait as package ${APP_ID} does not match current window com.hanapkalinga.mobile.
06-25 03:41:54.126  8410  8461 W QueryController: Could not detect idle state.
06-25 03:41:54.127  8410  8461 W QueryController: Could not detect idle state.
06-25 03:41:54.130  8410  8461 W UiDevice: Skipping wait as package ${APP_ID} does not match current window com.hanapkalinga.mobile.
06-25 03:41:54.136  8410  8461 W QueryController: Could not detect idle state.
06-25 03:41:54.137  8410  8461 W QueryController: Could not detect idle state.
06-25 03:41:54.139  8410  8461 W UiDevice: Skipping wait as package ${APP_ID} does not match current window com.hanapkalinga.mobile.
06-25 03:41:54.146  8410  8461 W QueryController: Could not detect idle state.
06-25 03:41:54.147  8410  8461 W QueryController: Could not detect idle state.
06-25 03:41:54.150  8410  8461 W UiDevice: Skipping wait as package ${APP_ID} does not match current window com.hanapkalinga.mobile.
06-25 03:41:54.160  8410  8461 D Maestro : Requesting view hierarchy
06-25 03:41:54.160  8410  8461 W QueryController: Could not detect idle state.
06-25 03:41:54.161  8410  8461 W QueryController: Could not detect idle state.
06-25 03:41:54.170  8410  8461 I Maestro : Skipping invisible child: android.view.accessibility.AccessibilityNodeInfo@128d0; boundsInParent: Rect(0, 0 - 320, 0); boundsInScreen: Rect(0, 0 - 320, 0); boundsInWindow: Rect(0, 0 - 320, 0); packageName: com.hanapkalinga.mobile; className: android.widget.LinearLayout; text: null; error: null; maxTextLength: -1; stateDescription: null; contentDescription: null; tooltipText: null; containerTitle: null; viewIdResName: null; uniqueId: null; checkable: false; checked: false; focusable: false; focused: false; selected: false; clickable: false; longClickable: false; contextClickable: false; enabled: true; password: false; scrollable: false; importantForAccessibility: false; visible: false; actions: [AccessibilityAction: ACTION_SELECT - null, AccessibilityAction: ACTION_CLEAR_SELECTION - null, AccessibilityAction: ACTION_ACCESSIBILITY_FOCUS - null, AccessibilityAction: ACTION_SHOW_ON_SCREEN - null]; isTextSelectable: false
06-25 03:41:54.171  8410  8461 I Maestro : Skipping invisible child: android.view.accessibility.AccessibilityNodeInfo@1250f; boundsInParent: Rect(0, 0 - 320, 0); boundsInScreen: Rect(0, 0 - 320, 0); boundsInWindow: Rect(0, 0 - 320, 0); packageName: com.hanapkalinga.mobile; className: android.view.ViewGroup; text: null; error: null; maxTextLength: -1; stateDescription: null; contentDescription: null; tooltipText: null; containerTitle: null; viewIdResName: null; uniqueId: null; checkable: false; checked: false; focusable: false; focused: false; selected: false; clickable: false; longClickable: false; contextClickable: false; enabled: true; password: false; scrollable: false; importantForAccessibility: false; visible: false; actions: [AccessibilityAction: ACTION_SELECT - null, AccessibilityAction: ACTION_CLEAR_SELECTION - null, AccessibilityAction: ACTION_ACCESSIBILITY_FOCUS - null, AccessibilityAction: ACTION_SHOW_ON_SCREEN - null]; isTextSelectable: false
06-25 03:41:54.172  8410  8461 I Maestro : Skipping invisible child: android.view.accessibility.AccessibilityNodeInfo@17f27; boundsInParent: Rect(0, 0 - 320, 0); boundsInScreen: Rect(0, 0 - 320, 0); boundsInWindow: Rect(0, 0 - 320, 0); packageName: com.hanapkalinga.mobile; className: android.widget.LinearLayout; text: null; error: null; maxTextLength: -1; stateDescription: null; contentDescription: null; tooltipText: null; containerTitle: null; viewIdResName: null; uniqueId: null; checkable: false; checked: false; focusable: false; focused: false; selected: false; clickable: false; longClickable: false; contextClickable: false; enabled: true; password: false; scrollable: false; importantForAccessibility: false; visible: false; actions: [AccessibilityAction: ACTION_SELECT - null, AccessibilityAction: ACTION_CLEAR_SELECTION - null, AccessibilityAction: ACTION_ACCESSIBILITY_FOCUS - null, AccessibilityAction: ACTION_SHOW_ON_SCREEN - null]; isTextSelectable: false
06-25 03:41:54.172  8410  8461 I Maestro : Skipping invisible child: android.view.accessibility.AccessibilityNodeInfo@17b66; boundsInParent: Rect(0, 0 - 320, 0); boundsInScreen: Rect(0, 0 - 320, 0); boundsInWindow: Rect(0, 0 - 320, 0); packageName: com.hanapkalinga.mobile; className: android.view.ViewGroup; text: null; error: null; maxTextLength: -1; stateDescription: null; contentDescription: null; tooltipText: null; containerTitle: null; viewIdResName: null; uniqueId: null; checkable: false; checked: false; focusable: false; focused: false; selected: false; clickable: false; longClickable: false; contextClickable: false; enabled: true; password: false; scrollable: false; importantForAccessibility: false; visible: false; actions: [AccessibilityAction: ACTION_SELECT - null, AccessibilityAction: ACTION_CLEAR_SELECTION - null, AccessibilityAction: ACTION_ACCESSIBILITY_FOCUS - null, AccessibilityAction: ACTION_SHOW_ON_SCREEN - null]; isTextSelectable: false
06-25 03:41:54.190  8410  8461 D Maestro : View hierarchy received in 30 ms
06-25 03:41:54.284  1089  1089 D TaplEvents: TIS / TouchInteractionService.onInputEvent: MotionEvent { action=ACTION_DOWN, actionButton=0, id[0]=0, x[0]=160.0, y[0]=300.0, toolType[0]=TOOL_TYPE_FINGER, buttonState=0, classification=NONE, metaState=0, flags=0x0, edgeFlags=0x0, pointerCount=1, historySize=0, eventTime=348835, downTime=348835, deviceId=-1, source=0x1002, displayId=0, eventId=-511605397 }
06-25 03:41:54.387  1089  1089 D TaplEvents: TIS / TouchInteractionService.onInputEvent: MotionEvent { action=ACTION_UP, actionButton=0, id[0]=0, x[0]=160.0, y[0]=300.0, toolType[0]=TOOL_TYPE_FINGER, buttonState=0, classification=NONE, metaState=0, flags=0x0, edgeFlags=0x0, pointerCount=1, historySize=0, eventTime=348943, downTime=348835, deviceId=-1, source=0x1002, displayId=0, eventId=-55624398 }
06-25 03:41:54.389   518  2073 W FillRequestEventLogger: Couldn't find packageName: com.google.android.inputmethod.latin
06-25 03:41:54.390   518   518 D AutofillInlineSuggestionsRequestSession: onCreateInlineSuggestionsRequestLocked called: 1073741824@122489816
06-25 03:41:54.390   518  2073 D CompatibilityChangeReporter: Compat change id reported: 214016041; UID 10192; state: ENABLED
06-25 03:41:54.391  8560  8560 D CompatibilityChangeReporter: Compat change id reported: 163400105; UID 10192; state: ENABLED
06-25 03:41:54.391  1523  1523 I GoogleInputMethodService: GoogleInputMethodService.onFinishInput():3227 
06-25 03:41:54.391  1523  1523 I GoogleInputMethodService: GoogleInputMethodService.updateDeviceLockedStatus():2087 repeatCheckTimes = 0, unlocked = true
06-25 03:41:54.391  1523  1523 I GoogleInputMethodService: GoogleInputMethodService.onStartInput():1877 onStartInput(EditorInfo{inputType=0x21(EmailAddress) imeOptions=0x6 privateImeOptions=null actionName=DONE actionLabel=null actionId=0 initialSelStart=0 initialSelEnd=0 initialCapsMode=0x0 hintText=non-empty label=null packageName=com.hanapkalinga.mobile fieldId=128 fieldName=null extras=Bundle[mParcelledData.dataSize=240]}, false)
06-25 03:41:54.391  1523  1523 I GoogleInputMethodService: GoogleInputMethodService.shouldHideHeaderOnInitialState():4008 ShouldHideHeaderOnInitialState = false
06-25 03:41:54.392  1523  1523 I GoogleInputMethodService: GoogleInputMethodService.updateDeviceLockedStatus():2087 repeatCheckTimes = 2, unlocked = true
06-25 03:41:54.392   518  2073 D AutofillInlineSuggestionsRequestSession: onInlineSuggestionsSessionInvalidated() called.
06-25 03:41:54.392  8560  8560 I ImeTracker: com.hanapkalinga.mobile:23f2b443: onRequestShow at ORIGIN_CLIENT_SHOW_SOFT_INPUT reason SHOW_SOFT_INPUT
06-25 03:41:54.393  8560  8560 D InputMethodManager: showSoftInput() view=com.facebook.react.views.textinput.ReactEditText{aa93c25 VFED..CL. .F.P..ID 37,255-283,297 #80 aid=1073741824} flags=0 reason=SHOW_SOFT_INPUT
06-25 03:41:54.395   518   992 W ProcessStats: Tracking association SourceState{b952302 com.hanapkalinga.mobile/10192 BTop #15519} whose proc state 2 is better than process ProcessState{c22105f com.google.android.gms.persistent/10131 pkg=com.google.android.gms} proc state 4 (142 skipped)
06-25 03:41:54.395  1523  1523 I DeviceModeUtil: DeviceModeUtil.getDeviceMode():122 Get device mode phone by ui mode:1 and smallestScreenWidthDp:320
06-25 03:41:54.395   518  1746 D AutofillInlineSuggestionsRequestSession: onInlineSuggestionsRequest() received: InlineSuggestionsRequest { maxSuggestionCount = 9, inlinePresentationSpecs = [InlinePresentationSpec { minSize = 42x38, maxSize = 240x38, style = Bundle[mParcelledData.dataSize=2816] }, InlinePresentationSpec { minSize = 42x38, maxSize = 240x38, style = Bundle[mParcelledData.dataSize=2816] }, InlinePresentationSpec { minSize = 42x38, maxSize = 240x38, style = Bundle[mParcelledData.dataSize=2816] }, InlinePresentationSpec { minSize = 42x38, maxSize = 240x38, style = Bundle[mParcelledData.dataSize=2816] }, InlinePresentationSpec { minSize = 42x38, maxSize = 240x38, style = Bundle[mParcelledData.dataSize=2816] }, InlinePresentationSpec { minSize = 42x38, maxSize = 240x38, style = Bundle[mParcelledData.dataSize=2816] }, InlinePresentationSpec { minSize = 42x38, maxSize = 240x38, style = Bundle[mParcelledData.dataSize=2816] }, InlinePresentationSpec { minSize = 42x38, maxSize = 240x38, style = Bundle[mParcelledData.dataSize=2816] }, InlinePresentationSpec { minSize = 42x38, maxSize = 240x38, style = Bundle[mParcelledData.dataSize=2816] }], hostPackageName = com.google.android.inputmethod.latin, supportedLocales = [en_US], extras = Bundle[EMPTY_PARCEL], hostInputToken = android.os.BinderProxy@c230e63, hostDisplayId = 0, inlineTooltipPresentationSpec = null }
06-25 03:41:54.395  1523  1523 I GoogleInputMethodService: GoogleInputMethodService.onStartInputView():1995 onStartInputView(EditorInfo{inputType=0x21(EmailAddress) imeOptions=0x6 privateImeOptions=null actionName=DONE actionLabel=null actionId=0 initialSelStart=0 initialSelEnd=0 initialCapsMode=0x0 hintText=non-empty label=null packageName=com.hanapkalinga.mobile fieldId=128 fieldName=null extras=Bundle[{android.support.text.emoji.emojiCompat_metadataVersion=9, android.support.text.emoji.emojiCompat_replaceAll=false}]}, false)
06-25 03:41:54.396  1523  1626 I DeviceModeUtil: DeviceModeUtil.getDeviceMode():122 Get device mode phone by ui mode:1 and smallestScreenWidthDp:320
06-25 03:41:54.396  1523  1523 I GoogleInputMethodService: GoogleInputMethodService.updateDeviceLockedStatus():2087 repeatCheckTimes = 2, unlocked = true
06-25 03:41:54.397  1523  1523 W ModuleManager: ModuleManager.loadModule():450 Module erj is not available
06-25 03:41:54.398  1523  1523 I KeyboardViewUtil: KeyboardViewUtil.getKeyboardHeightRatio():189 systemKeyboardHeightRatio:1.000000; userKeyboardHeightRatio:1.000000.
06-25 03:41:54.398  1523  1523 I AndroidIME: AbstractIme.onActivate():86 LatinIme.onActivate() : EditorInfo = inputType=0x21(EmailAddress) imeOptions=0x6 privateImeOptions=null actionName=DONE actionLabel=null actionId=0 initialSelStart=0 initialSelEnd=0 initialCapsMode=0x0 hintText=non-empty label=null packageName=com.hanapkalinga.mobile fieldId=128 fieldName=null extras=Bundle[{android.support.text.emoji.emojiCompat_metadataVersion=9, android.support.text.emoji.emojiCompat_replaceAll=false}], IncognitoMode = false, DeviceLocked = false
06-25 03:41:54.399  1523  1523 I Delight5Facilitator: Delight5Facilitator.initializeForIme():777 initializeForIme() : Locale = [en_US], layout = qwerty
06-25 03:41:54.403  8560  8580 D EGL_emulation: app_time_stats: avg=45.43ms min=2.70ms max=1250.65ms count=30
06-25 03:41:54.405  1523  1523 I VoiceInputManagerWrapper: VoiceInputManagerWrapper.cancelShutdown():55 cancelShutdown()
06-25 03:41:54.405  1523  1523 I VoiceInputManagerWrapper: VoiceInputManagerWrapper.syncLanguagePacks():67 syncLanguagePacks()
06-25 03:41:54.406  1523  1523 I LatinIme: LatinIme.updateEnableInlineSuggestionsOnDecoderSideFlags():1003 inline flag updated to:false
06-25 03:41:54.407  1523  6442 I SpeechFactory: SpeechRecognitionFactory.maybeScheduleAutoPackDownloadForFallback():205 maybeScheduleAutoPackDownloadForFallback()
06-25 03:41:54.407  1523  6442 I FallbackOnDeviceRecognitionProvider: FallbackOnDeviceRecognitionProvider.maybeScheduleAutoPackDownload():195 maybeScheduleAutoPackDownload() for language tag en-US
06-25 03:41:54.408   394   410 D audioserver: FGS Logger Transaction failed
06-25 03:41:54.408   394   410 D audioserver: -129
06-25 03:41:54.411  1523  1523 I KeyboardWrapper: KeyboardWrapper.consumeEvent():275 Skip consuming an event as current keyboard is deactivated (state=0, keyboard existence=true)
06-25 03:41:54.419  8560  8560 I AssistStructure: Flattened final assist data: 1968 bytes, containing 1 windows, 11 views
06-25 03:41:54.419   518  2073 D AutofillSession: createPendingIntent for request 13
06-25 03:41:54.420   518  2073 D ContentCapturePerUserService: Notified activity assist data for activity: Token{2f4c7ea ActivityRecord{4c2408c u0 com.hanapkalinga.mobile/.MainActivity t14}} without a session Id
06-25 03:41:54.421  8560  8560 I ImeTracker: com.hanapkalinga.mobile:fcf1f0dd: onRequestShow at ORIGIN_CLIENT_SHOW_SOFT_INPUT reason SHOW_SOFT_INPUT
06-25 03:41:54.421  8560  8560 D InputMethodManager: showSoftInput() view=com.facebook.react.views.textinput.ReactEditText{aa93c25 VFED..CL. .F...... 37,255-283,297 #80 aid=1073741824} flags=0 reason=SHOW_SOFT_INPUT
06-25 03:41:54.431  1523  1523 I KeyboardViewHelper: KeyboardViewHelper.getView():170 Get view with height ratio:1.000000
06-25 03:41:54.442  1523  1523 I KeyboardViewUtil: KeyboardViewUtil.calculateMaxKeyboardBodyHeight():40 leave 110 height for app when screen height:640, header height:38 and isFullscreenMode:false, so the max keyboard body height is:492
06-25 03:41:54.443  1523  1523 I DeviceModeUtil: DeviceModeUtil.getDeviceMode():122 Get device mode phone by ui mode:1 and smallestScreenWidthDp:320
06-25 03:41:54.443  1523  1523 I GoogleInputMethodService: GoogleInputMethodService.setKeyboardViewShown():3483 setKeyboardViewShown() : type = HEADER, shownType = SHOW_OPTIONAL
06-25 03:41:54.443  1523  1523 I GoogleInputMethodService: GoogleInputMethodService.setKeyboardViewShown():3530 setKeyboardViewShown() : shouldShow = true
06-25 03:41:54.443  1523  1523 I GoogleInputMethodService: GoogleInputMethodService.setKeyboardViewShown():3483 setKeyboardViewShown() : type = BODY, shownType = SHOW_MANDATORY
06-25 03:41:54.443  1523  1523 I GoogleInputMethodService: GoogleInputMethodService.setKeyboardViewShown():3530 setKeyboardViewShown() : shouldShow = true
06-25 03:41:54.443  1523  1523 I GoogleInputMethodService: GoogleInputMethodService.setKeyboardViewShown():3483 setKeyboardViewShown() : type = FLOATING_CANDIDATES, shownType = HIDE
06-25 03:41:54.443  1523  1523 I GoogleInputMethodService: GoogleInputMethodService.setKeyboardViewShown():3530 setKeyboardViewShown() : shouldShow = false
06-25 03:41:54.444  1523  1523 I KeyboardViewUtil: KeyboardViewUtil.calculateMaxKeyboardBodyHeight():40 leave 110 height for app when screen height:640, header height:38 and isFullscreenMode:false, so the max keyboard body height is:492
06-25 03:41:54.444  1523  1523 I DeviceModeUtil: DeviceModeUtil.getDeviceMode():122 Get device mode phone by ui mode:1 and smallestScreenWidthDp:320
06-25 03:41:54.447  1523  1523 I DeviceModeUtil: DeviceModeUtil.getDeviceMode():122 Get device mode phone by ui mode:1 and smallestScreenWidthDp:320
06-25 03:41:54.447  1523  1523 I DeviceModeUtil: DeviceModeUtil.getDeviceMode():122 Get device mode phone by ui mode:1 and smallestScreenWidthDp:320
06-25 03:41:54.447  1523  1523 I KeyboardModeManager: KeyboardModeManager.setInputView():364 setInputView() : supportsOneHandedMode=true
06-25 03:41:54.447  1523  1523 I NormalModeController: NormalModeController.getKeyboardBodyViewHolderPaddingBottom():116 currentPrimeKeyboardType:SOFT systemPaddingBottom:-1
06-25 03:41:54.447  1523  1523 I NormalModeController: NormalModeController.getKeyboardBodyViewHolderPaddingBottom():116 currentPrimeKeyboardType:SOFT systemPaddingBottom:-1
06-25 03:41:54.448  5452  5452 W AutofillChimeraService: Pending fill request while another request in the same session was triggered. [CONTEXT service_id=177 ]
06-25 03:41:54.448  1523  1523 I KeyboardModeManager: KeyboardModeManager.setInputView():356 setInputView() : entry=hwn{languageTag=en-US, variant=qwerty, hasLocalizedResources=true, conditionCacheKey=_device=phone_device_size=default_enable_adaptive_text_editing=true_enable_inline_suggestions_on_client_side=false_enable_large_tablet_batch_1=false_enable_large_tablet_batch_2=false_enable_more_candidates_view_for_multilingual=false_enable_nav_redesign=false_enable_number_row=false_enable_preemptive_decode=true_enable_secondary_symbols=false_expressions=normal_four_or_more_letter_rows=false_keyboard_mode=normal_language=en-US_orientation=portrait_physical_keyboard=qwerty_show_secondary_digits=true_show_suggestions=true_split_with_duplicate_keys=true_variant=qwerty, imeDef.stringId=ime_english_united_states, imeDef.className=com.google.android.apps.inputmethod.libs.latin5.LatinIme, imeDef.languageTag=en-US}
06-25 03:41:54.451   518   518 W FillRequestEventLogger: Shouldn't be logging AutofillFillRequestReported again for same event
06-25 03:41:54.451   518   518 W FillResponseEventLogger: Shouldn't be logging AutofillFillRequestReported again for same event
06-25 03:41:54.452   518   518 D AutofillSession: clearPendingIntentLocked
06-25 03:41:54.452   518   518 D AutofillInlineSuggestionsRequestSession: onInlineSuggestionsResponseLocked called for:1073741824@122489816
06-25 03:41:54.452   518   518 D AutofillInlineSuggestionsRequestSession: maybeNotifyFillUiEventLoked(): hasSuggestionToShow=false, mPreviousHasNonPinSuggestionShow=false
06-25 03:41:54.452   518   518 D AutofillInlineSuggestionsRequestSession: Send inline response: 0
06-25 03:41:54.452  1527  1527 V InlineSuggestionRenderService: handleDestroySuggestionViews called for 0:122489816
06-25 03:41:54.452   518   536 D AutofillUI: destroySaveUiUiThread(): already destroyed
06-25 03:41:54.453  1523  1523 I CurrentMicStatusHolder: CurrentMicStatusHolder.onStartInputView():79 Current Mic status = {MicIconHidden-EmailInputType,}
06-25 03:41:54.453  1523  1523 I VoiceImeExtension: VoiceImeExtension.shouldStartVoiceInputAutomatically():383 No private IME option set to start voice input.
06-25 03:41:54.454  5504  5504 D BoundBrokerSvc: onBind: Intent { act=com.google.firebase.dynamiclinks.service.START pkg=com.google.android.gms }
06-25 03:41:54.454  5504  5504 D BoundBrokerSvc: Loading bound service for intent: Intent { act=com.google.firebase.dynamiclinks.service.START pkg=com.google.android.gms }
06-25 03:41:54.454   518  1746 D CoreBackPreview: Window{b2e834a u0 com.hanapkalinga.mobile/com.hanapkalinga.mobile.MainActivity}: Setting back callback OnBackInvokedCallbackInfo{mCallback=android.window.IOnBackInvokedCallback$Stub$Proxy@dcab0a9, mPriority=0, mIsAnimationCallback=false}
06-25 03:41:54.457  5452  5462 I IPCThreadState: oneway function results for code 1 on binder at 0x7b14ef479550 will be dropped but finished with status UNKNOWN_TRANSACTION and reply parcel size 80
06-25 03:41:54.458  5504  5504 D BoundBrokerSvc: onBind: Intent { act=com.google.android.mdd.service.START dat=chimera-action:/... cmp=com.google.android.gms/.chimera.GmsBoundBrokerService }
06-25 03:41:54.458  5504  5504 D BoundBrokerSvc: Loading bound service for intent: Intent { act=com.google.android.mdd.service.START dat=chimera-action:/... cmp=com.google.android.gms/.chimera.GmsBoundBrokerService }
06-25 03:41:54.478  8560  8560 D InsetsController: show(ime(), fromIme=true)
06-25 03:41:54.479  1523  1523 I DeviceModeUtil: DeviceModeUtil.getDeviceMode():122 Get device mode phone by ui mode:1 and smallestScreenWidthDp:320
06-25 03:41:54.480  1523  1523 I DeviceModeUtil: DeviceModeUtil.getDeviceMode():122 Get device mode phone by ui mode:1 and smallestScreenWidthDp:320
06-25 03:41:54.481  1523  1523 I DeviceModeUtil: DeviceModeUtil.getDeviceMode():122 Get device mode phone by ui mode:1 and smallestScreenWidthDp:320
06-25 03:41:54.481  1523  1523 I NormalModeController: NormalModeController.getKeyboardBodyViewHolderPaddingBottom():116 currentPrimeKeyboardType:SOFT systemPaddingBottom:-1
06-25 03:41:54.481  8560  8560 D InsetsController: show(ime(), fromIme=true)
06-25 03:41:54.481  8560  8560 I ImeTracker: com.hanapkalinga.mobile:fcf1f0dd: onCancelled at PHASE_CLIENT_APPLY_ANIMATION
06-25 03:41:54.482  1523  2046 I Delight5Decoder: Delight5DecoderWrapper.setKeyboardLayout():457 setKeyboardLayout()
06-25 03:41:54.507  1523  2046 I Delight5Decoder: Delight5DecoderWrapper.setKeyboardLayout():457 setKeyboardLayout()
06-25 03:41:54.508  8560  8560 I ImeTracker: com.hanapkalinga.mobile:23f2b443: onShown
06-25 03:41:54.514  5504  5504 D BoundBrokerSvc: onBind: Intent { act=com.google.android.gms.common.BIND_SHARED_PREFS pkg=com.google.android.gms }
06-25 03:41:54.514  5504  5504 D BoundBrokerSvc: Loading bound service for intent: Intent { act=com.google.android.gms.common.BIND_SHARED_PREFS pkg=com.google.android.gms }
06-25 03:41:54.515  5504  5504 D BoundBrokerSvc: onUnbind: Intent { act=com.google.android.gms.common.BIND_SHARED_PREFS pkg=com.google.android.gms }
06-25 03:41:54.525  5504  5504 D BoundBrokerSvc: onBind: Intent { act=com.google.android.gms.common.BIND_SHARED_PREFS pkg=com.google.android.gms }
06-25 03:41:54.525  5504  5504 D BoundBrokerSvc: Loading bound service for intent: Intent { act=com.google.android.gms.common.BIND_SHARED_PREFS pkg=com.google.android.gms }
06-25 03:41:54.526  5504  5504 D BoundBrokerSvc: onUnbind: Intent { act=com.google.android.gms.common.BIND_SHARED_PREFS pkg=com.google.android.gms }
06-25 03:41:54.568   394   497 D audioserver: FGS Logger Transaction failed
06-25 03:41:54.569   394   497 D audioserver: -129
06-25 03:41:54.613  1523  1523 W TooltipLifecycleManager: TooltipLifecycleManager.dismissTooltips():159 Tooltip with id spell_check_add_to_dictionary not found in tooltipManager.
06-25 03:41:55.024  8410  8461 W QueryController: Could not detect idle state.
06-25 03:41:55.024  8410  8461 D Maestro : Requesting view hierarchy
06-25 03:41:55.025  8410  8461 W QueryController: Could not detect idle state.
06-25 03:41:55.025  8410  8461 W QueryController: Could not detect idle state.
06-25 03:41:55.094  8410  8461 I Maestro : Skipping invisible child: android.view.accessibility.AccessibilityNodeInfo@13b90; boundsInParent: Rect(0, 0 - 320, 0); boundsInScreen: Rect(0, 640 - 320, 640); boundsInWindow: Rect(0, 640 - 320, 640); packageName: com.google.android.inputmethod.latin; className: android.widget.FrameLayout; text: null; error: null; maxTextLength: -1; stateDescription: null; contentDescription: null; tooltipText: null; containerTitle: null; viewIdResName: com.google.android.inputmethod.latin:id/0_resource_name_obfuscated; uniqueId: null; checkable: false; checked: false; focusable: false; focused: false; selected: false; clickable: false; longClickable: false; contextClickable: false; enabled: true; password: false; scrollable: false; importantForAccessibility: false; visible: false; actions: [AccessibilityAction: ACTION_SELECT - null, AccessibilityAction: ACTION_CLEAR_SELECTION - null, AccessibilityAction: ACTION_ACCESSIBILITY_FOCUS - null, AccessibilityAction: ACTION_SHOW_ON_SCREEN - null]; isTextSelectable: false
06-25 03:41:55.095  8410  8461 I Maestro : Skipping invisible child: android.view.accessibility.AccessibilityNodeInfo@13f51; boundsInParent: Rect(0, 0 - 320, 0); boundsInScreen: Rect(0, 640 - 320, 640); boundsInWindow: Rect(0, 640 - 320, 640); packageName: com.google.android.inputmethod.latin; className: android.view.View; text: null; error: null; maxTextLength: -1; stateDescription: null; contentDescription: null; tooltipText: null; containerTitle: null; viewIdResName: com.google.android.inputmethod.latin:id/0_resource_name_obfuscated; uniqueId: null; checkable: false; checked: false; focusable: false; focused: false; selected: false; clickable: true; longClickable: false; contextClickable: false; enabled: true; password: false; scrollable: false; importantForAccessibility: true; visible: false; actions: [AccessibilityAction: ACTION_SELECT - null, AccessibilityAction: ACTION_CLEAR_SELECTION - null, AccessibilityAction: ACTION_CLICK - null, AccessibilityAction: ACTION_ACCESSIBILITY_FOCUS - null, AccessibilityAction: ACTION_SHOW_ON_SCREEN - null]; isTextSelectable: false
06-25 03:41:55.096  8410  8461 I Maestro : Skipping invisible child: android.view.accessibility.AccessibilityNodeInfo@92a3; boundsInParent: Rect(0, 0 - 320, 0); boundsInScreen: Rect(0, 640 - 320, 640); boundsInWindow: Rect(0, 640 - 320, 640); packageName: com.google.android.inputmethod.latin; className: android.widget.FrameLayout; text: null; error: null; maxTextLength: -1; stateDescription: null; contentDescription: null; tooltipText: null; containerTitle: null; viewIdResName: null; uniqueId: null; checkable: false; checked: false; focusable: false; focused: false; selected: false; clickable: false; longClickable: false; contextClickable: false; enabled: true; password: false; scrollable: false; importantForAccessibility: false; visible: false; actions: [AccessibilityAction: ACTION_SELECT - null, AccessibilityAction: ACTION_CLEAR_SELECTION - null, AccessibilityAction: ACTION_ACCESSIBILITY_FOCUS - null, AccessibilityAction: ACTION_SHOW_ON_SCREEN - null]; isTextSelectable: false
06-25 03:41:55.098  8410  8461 I Maestro : Skipping invisible child: android.view.accessibility.AccessibilityNodeInfo@128d0; boundsInParent: Rect(0, 0 - 320, 0); boundsInScreen: Rect(0, 0 - 320, 0); boundsInWindow: Rect(0, 0 - 320, 0); packageName: com.hanapkalinga.mobile; className: android.widget.LinearLayout; text: null; error: null; maxTextLength: -1; stateDescription: null; contentDescription: null; tooltipText: null; containerTitle: null; viewIdResName: null; uniqueId: null; checkable: false; checked: false; focusable: false; focused: false; selected: false; clickable: false; longClickable: false; contextClickable: false; enabled: true; password: false; scrollable: false; importantForAccessibility: false; visible: false; actions: [AccessibilityAction: ACTION_SELECT - null, AccessibilityAction: ACTION_CLEAR_SELECTION - null, AccessibilityAction: ACTION_ACCESSIBILITY_FOCUS - null, AccessibilityAction: ACTION_SHOW_ON_SCREEN - null]; isTextSelectable: false
06-25 03:41:55.099  8410  8461 I Maestro : Skipping invisible child: android.view.accessibility.AccessibilityNodeInfo@1250f; boundsInParent: Rect(0, 0 - 320, 0); boundsInScreen: Rect(0, 0 - 320, 0); boundsInWindow: Rect(0, 0 - 320, 0); packageName: com.hanapkalinga.mobile; className: android.view.ViewGroup; text: null; error: null; maxTextLength: -1; stateDescription: null; contentDescription: null; tooltipText: null; containerTitle: null; viewIdResName: null; uniqueId: null; checkable: false; checked: false; focusable: false; focused: false; selected: false; clickable: false; longClickable: false; contextClickable: false; enabled: true; password: false; scrollable: false; importantForAccessibility: false; visible: false; actions: [AccessibilityAction: ACTION_SELECT - null, AccessibilityAction: ACTION_CLEAR_SELECTION - null, AccessibilityAction: ACTION_ACCESSIBILITY_FOCUS - null, AccessibilityAction: ACTION_SHOW_ON_SCREEN - null]; isTextSelectable: false
06-25 03:41:55.100  8410  8461 I Maestro : Skipping invisible child: android.view.accessibility.AccessibilityNodeInfo@17f27; boundsInParent: Rect(0, 0 - 320, 0); boundsInScreen: Rect(0, 0 - 320, 0); boundsInWindow: Rect(0, 0 - 320, 0); packageName: com.hanapkalinga.mobile; className: android.widget.LinearLayout; text: null; error: null; maxTextLength: -1; stateDescription: null; contentDescription: null; tooltipText: null; containerTitle: null; viewIdResName: null; uniqueId: null; checkable: false; checked: false; focusable: false; focused: false; selected: false; clickable: false; longClickable: false; contextClickable: false; enabled: true; password: false; scrollable: false; importantForAccessibility: false; visible: false; actions: [AccessibilityAction: ACTION_SELECT - null, AccessibilityAction: ACTION_CLEAR_SELECTION - null, AccessibilityAction: ACTION_ACCESSIBILITY_FOCUS - null, AccessibilityAction: ACTION_SHOW_ON_SCREEN - null]; isTextSelectable: false
06-25 03:41:55.100  8410  8461 I Maestro : Skipping invisible child: android.view.accessibility.AccessibilityNodeInfo@17b66; boundsInParent: Rect(0, 0 - 320, 0); boundsInScreen: Rect(0, 0 - 320, 0); boundsInWindow: Rect(0, 0 - 320, 0); packageName: com.hanapkalinga.mobile; className: android.view.ViewGroup; text: null; error: null; maxTextLength: -1; stateDescription: null; contentDescription: null; tooltipText: null; containerTitle: null; viewIdResName: null; uniqueId: null; checkable: false; checked: false; focusable: false; focused: false; selected: false; clickable: false; longClickable: false; contextClickable: false; enabled: true; password: false; scrollable: false; importantForAccessibility: false; visible: false; actions: [AccessibilityAction: ACTION_SELECT - null, AccessibilityAction: ACTION_CLEAR_SELECTION - null, AccessibilityAction: ACTION_ACCESSIBILITY_FOCUS - null, AccessibilityAction: ACTION_SHOW_ON_SCREEN - null]; isTextSelectable: false
06-25 03:41:55.119  8410  8461 D Maestro : View hierarchy received in 95 ms
06-25 03:41:55.385   817   817 I wpa_supplicant: wlan0: CTRL-EVENT-BEACON-LOSS 
06-25 03:41:55.637  8410  8461 D Maestro : Requesting view hierarchy
06-25 03:41:55.638  8410  8461 W QueryController: Could not detect idle state.
06-25 03:41:55.638  8410  8461 W QueryController: Could not detect idle state.
06-25 03:41:55.709  8410  8461 I Maestro : Skipping invisible child: android.view.accessibility.AccessibilityNodeInfo@13b90; boundsInParent: Rect(0, 0 - 320, 0); boundsInScreen: Rect(0, 640 - 320, 640); boundsInWindow: Rect(0, 640 - 320, 640); packageName: com.google.android.inputmethod.latin; className: android.widget.FrameLayout; text: null; error: null; maxTextLength: -1; stateDescription: null; contentDescription: null; tooltipText: null; containerTitle: null; viewIdResName: com.google.android.inputmethod.latin:id/0_resource_name_obfuscated; uniqueId: null; checkable: false; checked: false; focusable: false; focused: false; selected: false; clickable: false; longClickable: false; contextClickable: false; enabled: true; password: false; scrollable: false; importantForAccessibility: false; visible: false; actions: [AccessibilityAction: ACTION_SELECT - null, AccessibilityAction: ACTION_CLEAR_SELECTION - null, AccessibilityAction: ACTION_ACCESSIBILITY_FOCUS - null, AccessibilityAction: ACTION_SHOW_ON_SCREEN - null]; isTextSelectable: false
06-25 03:41:55.711  8410  8461 I Maestro : Skipping invisible child: android.view.accessibility.AccessibilityNodeInfo@13f51; boundsInParent: Rect(0, 0 - 320, 0); boundsInScreen: Rect(0, 640 - 320, 640); boundsInWindow: Rect(0, 640 - 320, 640); packageName: com.google.android.inputmethod.latin; className: android.view.View; text: null; error: null; maxTextLength: -1; stateDescription: null; contentDescription: null; tooltipText: null; containerTitle: null; viewIdResName: com.google.android.inputmethod.latin:id/0_resource_name_obfuscated; uniqueId: null; checkable: false; checked: false; focusable: false; focused: false; selected: false; clickable: true; longClickable: false; contextClickable: false; enabled: true; password: false; scrollable: false; importantForAccessibility: true; visible: false; actions: [AccessibilityAction: ACTION_SELECT - null, AccessibilityAction: ACTION_CLEAR_SELECTION - null, AccessibilityAction: ACTION_CLICK - null, AccessibilityAction: ACTION_ACCESSIBILITY_FOCUS - null, AccessibilityAction: ACTION_SHOW_ON_SCREEN - null]; isTextSelectable: false
06-25 03:41:55.712  8410  8461 I Maestro : Skipping invisible child: android.view.accessibility.AccessibilityNodeInfo@92a3; boundsInParent: Rect(0, 0 - 320, 0); boundsInScreen: Rect(0, 640 - 320, 640); boundsInWindow: Rect(0, 640 - 320, 640); packageName: com.google.android.inputmethod.latin; className: android.widget.FrameLayout; text: null; error: null; maxTextLength: -1; stateDescription: null; contentDescription: null; tooltipText: null; containerTitle: null; viewIdResName: null; uniqueId: null; checkable: false; checked: false; focusable: false; focused: false; selected: false; clickable: false; longClickable: false; contextClickable: false; enabled: true; password: false; scrollable: false; importantForAccessibility: false; visible: false; actions: [AccessibilityAction: ACTION_SELECT - null, AccessibilityAction: ACTION_CLEAR_SELECTION - null, AccessibilityAction: ACTION_ACCESSIBILITY_FOCUS - null, AccessibilityAction: ACTION_SHOW_ON_SCREEN - null]; isTextSelectable: false
06-25 03:41:55.715  8410  8461 I Maestro : Skipping invisible child: android.view.accessibility.AccessibilityNodeInfo@128d0; boundsInParent: Rect(0, 0 - 320, 0); boundsInScreen: Rect(0, 0 - 320, 0); boundsInWindow: Rect(0, 0 - 320, 0); packageName: com.hanapkalinga.mobile; className: android.widget.LinearLayout; text: null; error: null; maxTextLength: -1; stateDescription: null; contentDescription: null; tooltipText: null; containerTitle: null; viewIdResName: null; uniqueId: null; checkable: false; checked: false; focusable: false; focused: false; selected: false; clickable: false; longClickable: false; contextClickable: false; enabled: true; password: false; scrollable: false; importantForAccessibility: false; visible: false; actions: [AccessibilityAction: ACTION_SELECT - null, AccessibilityAction: ACTION_CLEAR_SELECTION - null, AccessibilityAction: ACTION_ACCESSIBILITY_FOCUS - null, AccessibilityAction: ACTION_SHOW_ON_SCREEN - null]; isTextSelectable: false
06-25 03:41:55.715  8410  8461 I Maestro : Skipping invisible child: android.view.accessibility.AccessibilityNodeInfo@1250f; boundsInParent: Rect(0, 0 - 320, 0); boundsInScreen: Rect(0, 0 - 320, 0); boundsInWindow: Rect(0, 0 - 320, 0); packageName: com.hanapkalinga.mobile; className: android.view.ViewGroup; text: null; error: null; maxTextLength: -1; stateDescription: null; contentDescription: null; tooltipText: null; containerTitle: null; viewIdResName: null; uniqueId: null; checkable: false; checked: false; focusable: false; focused: false; selected: false; clickable: false; longClickable: false; contextClickable: false; enabled: true; password: false; scrollable: false; importantForAccessibility: false; visible: false; actions: [AccessibilityAction: ACTION_SELECT - null, AccessibilityAction: ACTION_CLEAR_SELECTION - null, AccessibilityAction: ACTION_ACCESSIBILITY_FOCUS - null, AccessibilityAction: ACTION_SHOW_ON_SCREEN - null]; isTextSelectable: false
06-25 03:41:55.716  8410  8461 I Maestro : Skipping invisible child: android.view.accessibility.AccessibilityNodeInfo@17f27; boundsInParent: Rect(0, 0 - 320, 0); boundsInScreen: Rect(0, 0 - 320, 0); boundsInWindow: Rect(0, 0 - 320, 0); packageName: com.hanapkalinga.mobile; className: android.widget.LinearLayout; text: null; error: null; maxTextLength: -1; stateDescription: null; contentDescription: null; tooltipText: null; containerTitle: null; viewIdResName: null; uniqueId: null; checkable: false; checked: false; focusable: false; focused: false; selected: false; clickable: false; longClickable: false; contextClickable: false; enabled: true; password: false; scrollable: false; importantForAccessibility: false; visible: false; actions: [AccessibilityAction: ACTION_SELECT - null, AccessibilityAction: ACTION_CLEAR_SELECTION - null, AccessibilityAction: ACTION_ACCESSIBILITY_FOCUS - null, AccessibilityAction: ACTION_SHOW_ON_SCREEN - null]; isTextSelectable: false
06-25 03:41:55.716  8410  8461 I Maestro : Skipping invisible child: android.view.accessibility.AccessibilityNodeInfo@17b66; boundsInParent: Rect(0, 0 - 320, 0); boundsInScreen: Rect(0, 0 - 320, 0); boundsInWindow: Rect(0, 0 - 320, 0); packageName: com.hanapkalinga.mobile; className: android.view.ViewGroup; text: null; error: null; maxTextLength: -1; stateDescription: null; contentDescription: null; tooltipText: null; containerTitle: null; viewIdResName: null; uniqueId: null; checkable: false; checked: false; focusable: false; focused: false; selected: false; clickable: false; longClickable: false; contextClickable: false; enabled: true; password: false; scrollable: false; importantForAccessibility: false; visible: false; actions: [AccessibilityAction: ACTION_SELECT - null, AccessibilityAction: ACTION_CLEAR_SELECTION - null, AccessibilityAction: ACTION_ACCESSIBILITY_FOCUS - null, AccessibilityAction: ACTION_SHOW_ON_SCREEN - null]; isTextSelectable: false
06-25 03:41:55.735  8410  8461 D Maestro : View hierarchy received in 98 ms
06-25 03:41:55.827  8410  8461 D Maestro : Inputting text
06-25 03:41:55.827  8410  8461 D Maestro : 101
06-25 03:41:55.828  8410  8461 W QueryController: Could not detect idle state.
06-25 03:41:55.828  8410  8461 D UiDevice: Pressing keycodes [33] with modifier 0.
06-25 03:41:55.852  8560  8580 D EGL_emulation: app_time_stats: avg=241.46ms min=14.42ms max=499.63ms count=6
06-25 03:41:55.856  1523  1702 D EGL_emulation: app_time_stats: avg=686.76ms min=21.56ms max=1351.95ms count=2
06-25 03:41:55.863  1523  1523 I GoogleInputMethodService: GoogleInputMethodService.setKeyboardViewShown():3483 setKeyboardViewShown() : type = HEADER, shownType = SHOW_MANDATORY_WITH_ANIMATION
06-25 03:41:55.864  1523  1523 I GoogleInputMethodService: GoogleInputMethodService.setKeyboardViewShown():3530 setKeyboardViewShown() : shouldShow = true
06-25 03:41:55.947  8410  8461 D Maestro : 50
06-25 03:41:55.947  8410  8461 W QueryController: Could not detect idle state.
06-25 03:41:55.948  8410  8461 D UiDevice: Pressing keycodes [9] with modifier 0.
06-25 03:41:56.061  8410  8461 D Maestro : 101
06-25 03:41:56.061  8410  8461 W QueryController: Could not detect idle state.
06-25 03:41:56.062  8410  8461 D UiDevice: Pressing keycodes [33] with modifier 0.
06-25 03:41:56.089  1523  1523 I GoogleInputMethodService: GoogleInputMethodService.setKeyboardViewShown():3483 setKeyboardViewShown() : type = HEADER, shownType = SHOW_MANDATORY_WITH_ANIMATION
06-25 03:41:56.090  1523  1523 I GoogleInputMethodService: GoogleInputMethodService.setKeyboardViewShown():3530 setKeyboardViewShown() : shouldShow = true
06-25 03:41:56.179  8410  8461 D Maestro : 45
06-25 03:41:56.180  8410  8461 W QueryController: Could not detect idle state.
06-25 03:41:56.181  8410  8461 D UiDevice: Pressing keycodes [69] with modifier 0.
06-25 03:41:56.220  1523  1523 I GoogleInputMethodService: GoogleInputMethodService.setKeyboardViewShown():3483 setKeyboardViewShown() : type = HEADER, shownType = SHOW_MANDATORY_WITH_ANIMATION
06-25 03:41:56.220  1523  1523 I GoogleInputMethodService: GoogleInputMethodService.setKeyboardViewShown():3530 setKeyboardViewShown() : shouldShow = true
06-25 03:41:56.315  8410  8461 D Maestro : 116
06-25 03:41:56.316  8410  8461 W QueryController: Could not detect idle state.
06-25 03:41:56.316  8410  8461 D UiDevice: Pressing keycodes [48] with modifier 0.
06-25 03:41:56.354  1523  1523 I GoogleInputMethodService: GoogleInputMethodService.setKeyboardViewShown():3483 setKeyboardViewShown() : type = HEADER, shownType = SHOW_MANDATORY_WITH_ANIMATION
06-25 03:41:56.354  1523  1523 I GoogleInputMethodService: GoogleInputMethodService.setKeyboardViewShown():3530 setKeyboardViewShown() : shouldShow = true
06-25 03:41:56.446  8410  8461 D Maestro : 101
06-25 03:41:56.447  8410  8461 W QueryController: Could not detect idle state.
06-25 03:41:56.447  8410  8461 D UiDevice: Pressing keycodes [33] with modifier 0.
06-25 03:41:56.474  1523  1523 I GoogleInputMethodService: GoogleInputMethodService.setKeyboardViewShown():3483 setKeyboardViewShown() : type = HEADER, shownType = SHOW_MANDATORY_WITH_ANIMATION
06-25 03:41:56.474  1523  1523 I GoogleInputMethodService: GoogleInputMethodService.setKeyboardViewShown():3530 setKeyboardViewShown() : shouldShow = true
06-25 03:41:56.563  8410  8461 D Maestro : 115
06-25 03:41:56.564  8410  8461 W QueryController: Could not detect idle state.
06-25 03:41:56.564  8410  8461 D UiDevice: Pressing keycodes [47] with modifier 0.
06-25 03:41:56.593  1523  1523 I GoogleInputMethodService: GoogleInputMethodService.setKeyboardViewShown():3483 setKeyboardViewShown() : type = HEADER, shownType = SHOW_MANDATORY_WITH_ANIMATION
06-25 03:41:56.594  1523  1523 I GoogleInputMethodService: GoogleInputMethodService.setKeyboardViewShown():3530 setKeyboardViewShown() : shouldShow = true
06-25 03:41:56.658  8410  8461 D Maestro : 116
06-25 03:41:56.658  8410  8461 W QueryController: Could not detect idle state.
06-25 03:41:56.659  8410  8461 D UiDevice: Pressing keycodes [48] with modifier 0.
06-25 03:41:56.691  1523  1523 I GoogleInputMethodService: GoogleInputMethodService.setKeyboardViewShown():3483 setKeyboardViewShown() : type = HEADER, shownType = SHOW_MANDATORY_WITH_ANIMATION
06-25 03:41:56.691  1523  1523 I GoogleInputMethodService: GoogleInputMethodService.setKeyboardViewShown():3530 setKeyboardViewShown() : shouldShow = true
06-25 03:41:56.775  8410  8461 D Maestro : 45
06-25 03:41:56.775  8410  8461 W QueryController: Could not detect idle state.
06-25 03:41:56.775  8410  8461 D UiDevice: Pressing keycodes [69] with modifier 0.
06-25 03:41:56.805  1523  1523 I GoogleInputMethodService: GoogleInputMethodService.setKeyboardViewShown():3483 setKeyboardViewShown() : type = HEADER, shownType = SHOW_MANDATORY_WITH_ANIMATION
06-25 03:41:56.805  1523  1523 I GoogleInputMethodService: GoogleInputMethodService.setKeyboardViewShown():3530 setKeyboardViewShown() : shouldShow = true
06-25 03:41:56.896  8410  8461 D Maestro : 102
06-25 03:41:56.897  8410  8461 W QueryController: Could not detect idle state.
06-25 03:41:56.897  8410  8461 D UiDevice: Pressing keycodes [34] with modifier 0.
06-25 03:41:56.922  1523  1523 I GoogleInputMethodService: GoogleInputMethodService.setKeyboardViewShown():3483 setKeyboardViewShown() : type = HEADER, shownType = SHOW_MANDATORY_WITH_ANIMATION
06-25 03:41:56.922  8560  8580 D EGL_emulation: app_time_stats: avg=59.44ms min=17.34ms max=113.32ms count=18
06-25 03:41:56.922  1523  1523 I GoogleInputMethodService: GoogleInputMethodService.setKeyboardViewShown():3530 setKeyboardViewShown() : shouldShow = true
06-25 03:41:56.940  1523  1702 D EGL_emulation: app_time_stats: avg=120.43ms min=20.35ms max=233.89ms count=9
06-25 03:41:57.011  8410  8461 D Maestro : 97
06-25 03:41:57.012  8410  8461 W QueryController: Could not detect idle state.
06-25 03:41:57.012  8410  8461 D UiDevice: Pressing keycodes [29] with modifier 0.
06-25 03:41:57.042  1523  1523 I GoogleInputMethodService: GoogleInputMethodService.setKeyboardViewShown():3483 setKeyboardViewShown() : type = HEADER, shownType = SHOW_MANDATORY_WITH_ANIMATION
06-25 03:41:57.042  1523  1523 I GoogleInputMethodService: GoogleInputMethodService.setKeyboardViewShown():3530 setKeyboardViewShown() : shouldShow = true
06-25 03:41:57.114   831   831 D StatusBarIconController: ignoring old pipeline callbacks, because the new mobile icons are enabled
06-25 03:41:57.130  8410  8461 D Maestro : 109
06-25 03:41:57.131  8410  8461 W QueryController: Could not detect idle state.
06-25 03:41:57.131  8410  8461 D UiDevice: Pressing keycodes [41] with modifier 0.
06-25 03:41:57.160  1523  1523 I GoogleInputMethodService: GoogleInputMethodService.setKeyboardViewShown():3483 setKeyboardViewShown() : type = HEADER, shownType = SHOW_MANDATORY_WITH_ANIMATION
06-25 03:41:57.160  1523  1523 I GoogleInputMethodService: GoogleInputMethodService.setKeyboardViewShown():3530 setKeyboardViewShown() : shouldShow = true
06-25 03:41:57.225  8410  8461 D Maestro : 105
06-25 03:41:57.226  8410  8461 W QueryController: Could not detect idle state.
06-25 03:41:57.226  8410  8461 D UiDevice: Pressing keycodes [37] with modifier 0.
06-25 03:41:57.255  1523  1523 I GoogleInputMethodService: GoogleInputMethodService.setKeyboardViewShown():3483 setKeyboardViewShown() : type = HEADER, shownType = SHOW_MANDATORY_WITH_ANIMATION
06-25 03:41:57.255  1523  1523 I GoogleInputMethodService: GoogleInputMethodService.setKeyboardViewShown():3530 setKeyboardViewShown() : shouldShow = true
06-25 03:41:57.346  8410  8461 D Maestro : 108
06-25 03:41:57.347  8410  8461 W QueryController: Could not detect idle state.
06-25 03:41:57.347  8410  8461 D UiDevice: Pressing keycodes [40] with modifier 0.
06-25 03:41:57.370  1523  1523 I GoogleInputMethodService: GoogleInputMethodService.setKeyboardViewShown():3483 setKeyboardViewShown() : type = HEADER, shownType = SHOW_MANDATORY_WITH_ANIMATION
06-25 03:41:57.371  1523  1523 I GoogleInputMethodService: GoogleInputMethodService.setKeyboardViewShown():3530 setKeyboardViewShown() : shouldShow = true
06-25 03:41:57.447   340  6308 D android.hardware.audio@7.1-impl.ranchu: threadLoop: entering standby, frames: 2380544
06-25 03:41:57.463  8410  8461 D Maestro : 121
06-25 03:41:57.464  8410  8461 W QueryController: Could not detect idle state.
06-25 03:41:57.464  8410  8461 D UiDevice: Pressing keycodes [53] with modifier 0.
