06-25 03:42:40.618  8999  9033 I Maestro : Skipping invisible child: android.view.accessibility.AccessibilityNodeInfo@10e9c; boundsInParent: Rect(0, 0 - 320, 0); boundsInScreen: Rect(0, 0 - 320, 0); boundsInWindow: Rect(0, 0 - 320, 0); packageName: com.hanapkalinga.mobile; className: android.view.ViewGroup; text: null; error: null; maxTextLength: -1; stateDescription: null; contentDescription: null; tooltipText: null; containerTitle: null; viewIdResName: null; uniqueId: null; checkable: false; checked: false; focusable: false; focused: false; selected: false; clickable: false; longClickable: false; contextClickable: false; enabled: true; password: false; scrollable: false; importantForAccessibility: false; visible: false; actions: [AccessibilityAction: ACTION_SELECT - null, AccessibilityAction: ACTION_CLEAR_SELECTION - null, AccessibilityAction: ACTION_ACCESSIBILITY_FOCUS - null, AccessibilityAction: ACTION_SHOW_ON_SCREEN - null]; isTextSelectable: false
06-25 03:42:40.630  8999  9033 D Maestro : View hierarchy received in 21 ms
06-25 03:42:40.639  4020  4247 D BtGatt.ScanManager: uid 10131 isForeground true scanMode -1
06-25 03:42:40.639  4020  4247 D BtGatt.ScanManager: uid 10131 isForeground true scanMode -1
06-25 03:42:40.728  8999  9033 D Maestro : Requesting view hierarchy
06-25 03:42:40.729  8999  9033 W QueryController: Could not detect idle state.
06-25 03:42:40.729  8999  9033 W QueryController: Could not detect idle state.
06-25 03:42:40.739  8999  9033 I Maestro : Skipping invisible child: android.view.accessibility.AccessibilityNodeInfo@1125d; boundsInParent: Rect(0, 0 - 320, 0); boundsInScreen: Rect(0, 0 - 320, 0); boundsInWindow: Rect(0, 0 - 320, 0); packageName: com.hanapkalinga.mobile; className: android.widget.LinearLayout; text: null; error: null; maxTextLength: -1; stateDescription: null; contentDescription: null; tooltipText: null; containerTitle: null; viewIdResName: null; uniqueId: null; checkable: false; checked: false; focusable: false; focused: false; selected: false; clickable: false; longClickable: false; contextClickable: false; enabled: true; password: false; scrollable: false; importantForAccessibility: false; visible: false; actions: [AccessibilityAction: ACTION_SELECT - null, AccessibilityAction: ACTION_CLEAR_SELECTION - null, AccessibilityAction: ACTION_ACCESSIBILITY_FOCUS - null, AccessibilityAction: ACTION_SHOW_ON_SCREEN - null]; isTextSelectable: false
06-25 03:42:40.739  8999  9033 I Maestro : Skipping invisible child: android.view.accessibility.AccessibilityNodeInfo@10e9c; boundsInParent: Rect(0, 0 - 320, 0); boundsInScreen: Rect(0, 0 - 320, 0); boundsInWindow: Rect(0, 0 - 320, 0); packageName: com.hanapkalinga.mobile; className: android.view.ViewGroup; text: null; error: null; maxTextLength: -1; stateDescription: null; contentDescription: null; tooltipText: null; containerTitle: null; viewIdResName: null; uniqueId: null; checkable: false; checked: false; focusable: false; focused: false; selected: false; clickable: false; longClickable: false; contextClickable: false; enabled: true; password: false; scrollable: false; importantForAccessibility: false; visible: false; actions: [AccessibilityAction: ACTION_SELECT - null, AccessibilityAction: ACTION_CLEAR_SELECTION - null, AccessibilityAction: ACTION_ACCESSIBILITY_FOCUS - null, AccessibilityAction: ACTION_SHOW_ON_SCREEN - null]; isTextSelectable: false
06-25 03:42:40.754  8999  9033 D Maestro : View hierarchy received in 26 ms
06-25 03:42:40.767  4020  4020 V MediaPlayerList: mPackageChangedBroadcastReceiver: action: android.intent.action.PACKAGE_CHANGED
06-25 03:42:40.767  1044  1044 D CarrierSvcBindHelper: onPackageModified: com.google.android.contacts
06-25 03:42:40.773  4020  4020 V MediaPlayerList: mPackageChangedBroadcastReceiver: action: android.intent.action.PACKAGE_CHANGED
06-25 03:42:40.773  1044  1044 D CarrierSvcBindHelper: No carrier app for: 0
06-25 03:42:40.776   518   619 I InputReader: Reconfiguring input devices, changes=KEYBOARD_LAYOUTS
06-25 03:42:40.777   831   831 D ControlsListingControllerImpl: ServiceConfig reloaded, count: 0
06-25 03:42:40.777   834  5411 I PermissionControllerServiceImpl: Updating user sensitive for uid 10154
06-25 03:42:40.780   518   544 E system_server: No package ID 7f found for resource ID 0x7f080107.
06-25 03:42:40.780   518   544 E system_server: No package ID 7f found for resource ID 0x7f150560.
06-25 03:42:40.787   831   898 D StylusManager: Stylus InputDevice changed: 14 virtio_input_multi_touch_11
06-25 03:42:40.789   831   898 D StylusManager: Stylus InputDevice changed: 11 virtio_input_multi_touch_8
06-25 03:42:40.790   831   898 D StylusManager: Stylus InputDevice changed: 9 virtio_input_multi_touch_6
06-25 03:42:40.790   831   898 D StylusManager: Stylus InputDevice changed: 13 virtio_input_multi_touch_10
06-25 03:42:40.791   831   898 D StylusManager: Stylus InputDevice changed: 7 virtio_input_multi_touch_4
06-25 03:42:40.792   831   898 D StylusManager: Stylus InputDevice changed: 6 virtio_input_multi_touch_3
06-25 03:42:40.793   831   898 D StylusManager: Stylus InputDevice changed: 10 virtio_input_multi_touch_7
06-25 03:42:40.796  1585  1585 I AiAiEcho: AppFetcherImpl onPackageChanged com.google.android.contacts.
06-25 03:42:40.798  1585  2255 I AiAiEcho: AppIndexer Package:[com.google.android.contacts] UserProfile:[0] Enabled:[true].
06-25 03:42:40.798  1585  2255 I AiAiEcho: AppFetcherImplV2 updateApps package:[com.google.android.contacts], userId:[0], reason:[package is updated.].
06-25 03:42:40.805  1044  1305 D ImsResolver: maybeAddedImsService, packageName: com.google.android.contacts
06-25 03:42:40.820   831   898 D StylusManager: Stylus InputDevice changed: 5 virtio_input_multi_touch_2
06-25 03:42:40.825   831   898 D StylusManager: Stylus InputDevice changed: 4 virtio_input_multi_touch_1
06-25 03:42:40.826  8999  9033 D Maestro : Requesting view hierarchy
06-25 03:42:40.826  8999  9033 W QueryController: Could not detect idle state.
06-25 03:42:40.827  8999  9033 W QueryController: Could not detect idle state.
06-25 03:42:40.828   831   898 D StylusManager: Stylus InputDevice changed: 12 virtio_input_multi_touch_9
06-25 03:42:40.829   831   898 D StylusManager: Stylus InputDevice changed: 8 virtio_input_multi_touch_5
06-25 03:42:40.840  8999  9033 I Maestro : Skipping invisible child: android.view.accessibility.AccessibilityNodeInfo@1125d; boundsInParent: Rect(0, 0 - 320, 0); boundsInScreen: Rect(0, 0 - 320, 0); boundsInWindow: Rect(0, 0 - 320, 0); packageName: com.hanapkalinga.mobile; className: android.widget.LinearLayout; text: null; error: null; maxTextLength: -1; stateDescription: null; contentDescription: null; tooltipText: null; containerTitle: null; viewIdResName: null; uniqueId: null; checkable: false; checked: false; focusable: false; focused: false; selected: false; clickable: false; longClickable: false; contextClickable: false; enabled: true; password: false; scrollable: false; importantForAccessibility: false; visible: false; actions: [AccessibilityAction: ACTION_SELECT - null, AccessibilityAction: ACTION_CLEAR_SELECTION - null, AccessibilityAction: ACTION_ACCESSIBILITY_FOCUS - null, AccessibilityAction: ACTION_SHOW_ON_SCREEN - null]; isTextSelectable: false
06-25 03:42:40.840  8999  9033 I Maestro : Skipping invisible child: android.view.accessibility.AccessibilityNodeInfo@10e9c; boundsInParent: Rect(0, 0 - 320, 0); boundsInScreen: Rect(0, 0 - 320, 0); boundsInWindow: Rect(0, 0 - 320, 0); packageName: com.hanapkalinga.mobile; className: android.view.ViewGroup; text: null; error: null; maxTextLength: -1; stateDescription: null; contentDescription: null; tooltipText: null; containerTitle: null; viewIdResName: null; uniqueId: null; checkable: false; checked: false; focusable: false; focused: false; selected: false; clickable: false; longClickable: false; contextClickable: false; enabled: true; password: false; scrollable: false; importantForAccessibility: false; visible: false; actions: [AccessibilityAction: ACTION_SELECT - null, AccessibilityAction: ACTION_CLEAR_SELECTION - null, AccessibilityAction: ACTION_ACCESSIBILITY_FOCUS - null, AccessibilityAction: ACTION_SHOW_ON_SCREEN - null]; isTextSelectable: false
06-25 03:42:40.854  8999  9033 D Maestro : View hierarchy received in 28 ms
06-25 03:42:40.950  8999  9033 D Maestro : Requesting view hierarchy
06-25 03:42:40.951  8999  9033 W QueryController: Could not detect idle state.
06-25 03:42:40.952  8999  9033 W QueryController: Could not detect idle state.
06-25 03:42:40.959  8999  9033 I Maestro : Skipping invisible child: android.view.accessibility.AccessibilityNodeInfo@1125d; boundsInParent: Rect(0, 0 - 320, 0); boundsInScreen: Rect(0, 0 - 320, 0); boundsInWindow: Rect(0, 0 - 320, 0); packageName: com.hanapkalinga.mobile; className: android.widget.LinearLayout; text: null; error: null; maxTextLength: -1; stateDescription: null; contentDescription: null; tooltipText: null; containerTitle: null; viewIdResName: null; uniqueId: null; checkable: false; checked: false; focusable: false; focused: false; selected: false; clickable: false; longClickable: false; contextClickable: false; enabled: true; password: false; scrollable: false; importantForAccessibility: false; visible: false; actions: [AccessibilityAction: ACTION_SELECT - null, AccessibilityAction: ACTION_CLEAR_SELECTION - null, AccessibilityAction: ACTION_ACCESSIBILITY_FOCUS - null, AccessibilityAction: ACTION_SHOW_ON_SCREEN - null]; isTextSelectable: false
06-25 03:42:40.960  8999  9033 I Maestro : Skipping invisible child: android.view.accessibility.AccessibilityNodeInfo@10e9c; boundsInParent: Rect(0, 0 - 320, 0); boundsInScreen: Rect(0, 0 - 320, 0); boundsInWindow: Rect(0, 0 - 320, 0); packageName: com.hanapkalinga.mobile; className: android.view.ViewGroup; text: null; error: null; maxTextLength: -1; stateDescription: null; contentDescription: null; tooltipText: null; containerTitle: null; viewIdResName: null; uniqueId: null; checkable: false; checked: false; focusable: false; focused: false; selected: false; clickable: false; longClickable: false; contextClickable: false; enabled: true; password: false; scrollable: false; importantForAccessibility: false; visible: false; actions: [AccessibilityAction: ACTION_SELECT - null, AccessibilityAction: ACTION_CLEAR_SELECTION - null, AccessibilityAction: ACTION_ACCESSIBILITY_FOCUS - null, AccessibilityAction: ACTION_SHOW_ON_SCREEN - null]; isTextSelectable: false
06-25 03:42:40.971  8999  9033 D Maestro : View hierarchy received in 21 ms
06-25 03:42:41.027  8999  9194 D Maestro : Requesting view hierarchy
06-25 03:42:41.028  8999  9194 W QueryController: Could not detect idle state.
06-25 03:42:41.028  8999  9194 W QueryController: Could not detect idle state.
06-25 03:42:41.037  8999  9194 I Maestro : Skipping invisible child: android.view.accessibility.AccessibilityNodeInfo@1125d; boundsInParent: Rect(0, 0 - 320, 0); boundsInScreen: Rect(0, 0 - 320, 0); boundsInWindow: Rect(0, 0 - 320, 0); packageName: com.hanapkalinga.mobile; className: android.widget.LinearLayout; text: null; error: null; maxTextLength: -1; stateDescription: null; contentDescription: null; tooltipText: null; containerTitle: null; viewIdResName: null; uniqueId: null; checkable: false; checked: false; focusable: false; focused: false; selected: false; clickable: false; longClickable: false; contextClickable: false; enabled: true; password: false; scrollable: false; importantForAccessibility: false; visible: false; actions: [AccessibilityAction: ACTION_SELECT - null, AccessibilityAction: ACTION_CLEAR_SELECTION - null, AccessibilityAction: ACTION_ACCESSIBILITY_FOCUS - null, AccessibilityAction: ACTION_SHOW_ON_SCREEN - null]; isTextSelectable: false
06-25 03:42:41.037  8999  9194 I Maestro : Skipping invisible child: android.view.accessibility.AccessibilityNodeInfo@10e9c; boundsInParent: Rect(0, 0 - 320, 0); boundsInScreen: Rect(0, 0 - 320, 0); boundsInWindow: Rect(0, 0 - 320, 0); packageName: com.hanapkalinga.mobile; className: android.view.ViewGroup; text: null; error: null; maxTextLength: -1; stateDescription: null; contentDescription: null; tooltipText: null; containerTitle: null; viewIdResName: null; uniqueId: null; checkable: false; checked: false; focusable: false; focused: false; selected: false; clickable: false; longClickable: false; contextClickable: false; enabled: true; password: false; scrollable: false; importantForAccessibility: false; visible: false; actions: [AccessibilityAction: ACTION_SELECT - null, AccessibilityAction: ACTION_CLEAR_SELECTION - null, AccessibilityAction: ACTION_ACCESSIBILITY_FOCUS - null, AccessibilityAction: ACTION_SHOW_ON_SCREEN - null]; isTextSelectable: false
06-25 03:42:41.052  8999  9194 D Maestro : View hierarchy received in 25 ms
06-25 03:42:41.148  8999  9194 D Maestro : Requesting view hierarchy
06-25 03:42:41.149  8999  9194 W QueryController: Could not detect idle state.
06-25 03:42:41.149  8999  9194 W QueryController: Could not detect idle state.
06-25 03:42:41.155  8999  9194 I Maestro : Skipping invisible child: android.view.accessibility.AccessibilityNodeInfo@1125d; boundsInParent: Rect(0, 0 - 320, 0); boundsInScreen: Rect(0, 0 - 320, 0); boundsInWindow: Rect(0, 0 - 320, 0); packageName: com.hanapkalinga.mobile; className: android.widget.LinearLayout; text: null; error: null; maxTextLength: -1; stateDescription: null; contentDescription: null; tooltipText: null; containerTitle: null; viewIdResName: null; uniqueId: null; checkable: false; checked: false; focusable: false; focused: false; selected: false; clickable: false; longClickable: false; contextClickable: false; enabled: true; password: false; scrollable: false; importantForAccessibility: false; visible: false; actions: [AccessibilityAction: ACTION_SELECT - null, AccessibilityAction: ACTION_CLEAR_SELECTION - null, AccessibilityAction: ACTION_ACCESSIBILITY_FOCUS - null, AccessibilityAction: ACTION_SHOW_ON_SCREEN - null]; isTextSelectable: false
06-25 03:42:41.156  8999  9194 I Maestro : Skipping invisible child: android.view.accessibility.AccessibilityNodeInfo@10e9c; boundsInParent: Rect(0, 0 - 320, 0); boundsInScreen: Rect(0, 0 - 320, 0); boundsInWindow: Rect(0, 0 - 320, 0); packageName: com.hanapkalinga.mobile; className: android.view.ViewGroup; text: null; error: null; maxTextLength: -1; stateDescription: null; contentDescription: null; tooltipText: null; containerTitle: null; viewIdResName: null; uniqueId: null; checkable: false; checked: false; focusable: false; focused: false; selected: false; clickable: false; longClickable: false; contextClickable: false; enabled: true; password: false; scrollable: false; importantForAccessibility: false; visible: false; actions: [AccessibilityAction: ACTION_SELECT - null, AccessibilityAction: ACTION_CLEAR_SELECTION - null, AccessibilityAction: ACTION_ACCESSIBILITY_FOCUS - null, AccessibilityAction: ACTION_SHOW_ON_SCREEN - null]; isTextSelectable: false
06-25 03:42:41.169  8999  9194 D Maestro : View hierarchy received in 21 ms
06-25 03:42:41.229  8999  9033 D Maestro : Requesting view hierarchy
06-25 03:42:41.229  8999  9033 W QueryController: Could not detect idle state.
06-25 03:42:41.230  8999  9033 W QueryController: Could not detect idle state.
06-25 03:42:41.237  8999  9033 I Maestro : Skipping invisible child: android.view.accessibility.AccessibilityNodeInfo@1125d; boundsInParent: Rect(0, 0 - 320, 0); boundsInScreen: Rect(0, 0 - 320, 0); boundsInWindow: Rect(0, 0 - 320, 0); packageName: com.hanapkalinga.mobile; className: android.widget.LinearLayout; text: null; error: null; maxTextLength: -1; stateDescription: null; contentDescription: null; tooltipText: null; containerTitle: null; viewIdResName: null; uniqueId: null; checkable: false; checked: false; focusable: false; focused: false; selected: false; clickable: false; longClickable: false; contextClickable: false; enabled: true; password: false; scrollable: false; importantForAccessibility: false; visible: false; actions: [AccessibilityAction: ACTION_SELECT - null, AccessibilityAction: ACTION_CLEAR_SELECTION - null, AccessibilityAction: ACTION_ACCESSIBILITY_FOCUS - null, AccessibilityAction: ACTION_SHOW_ON_SCREEN - null]; isTextSelectable: false
06-25 03:42:41.238  8999  9033 I Maestro : Skipping invisible child: android.view.accessibility.AccessibilityNodeInfo@10e9c; boundsInParent: Rect(0, 0 - 320, 0); boundsInScreen: Rect(0, 0 - 320, 0); boundsInWindow: Rect(0, 0 - 320, 0); packageName: com.hanapkalinga.mobile; className: android.view.ViewGroup; text: null; error: null; maxTextLength: -1; stateDescription: null; contentDescription: null; tooltipText: null; containerTitle: null; viewIdResName: null; uniqueId: null; checkable: false; checked: false; focusable: false; focused: false; selected: false; clickable: false; longClickable: false; contextClickable: false; enabled: true; password: false; scrollable: false; importantForAccessibility: false; visible: false; actions: [AccessibilityAction: ACTION_SELECT - null, AccessibilityAction: ACTION_CLEAR_SELECTION - null, AccessibilityAction: ACTION_ACCESSIBILITY_FOCUS - null, AccessibilityAction: ACTION_SHOW_ON_SCREEN - null]; isTextSelectable: false
06-25 03:42:41.255  8999  9033 D Maestro : View hierarchy received in 26 ms
06-25 03:42:41.265  4910  5098 I Bugle   : BroadcastReceiverAsyncWorkTracker: Acknowledging broadcast of bdxy@2605a7e
06-25 03:42:41.267   518  1763 W ProcessStats: Tracking association SourceState{337feb0 android.process.acore/10084 BFgs #16495} whose proc state 4 is better than process ProcessState{27c8006 com.google.android.contacts/10154 pkg=com.google.android.contacts} proc state 14 (3195 skipped)
06-25 03:42:41.281  5504  7302 I Icing   : Indexing com.google.android.gms-apps from com.google.android.gms
06-25 03:42:41.287  5504  7302 I Icing   : Indexing done com.google.android.gms-apps
06-25 03:42:41.301  5452  8867 I Fitness : OnPackageChangedOperation got intent: Intent { act=android.intent.action.PACKAGE_CHANGED dat=package: flg=0x45000010 pkg=com.google.android.gms cmp=com.google.android.gms/.chimera.PersistentIntentOperationService (has extras) } [CONTEXT service_id=17 ]
06-25 03:42:41.313  5452  8867 I Fitness : FitCleanupIntentOperation received Intent android.intent.action.PACKAGE_CHANGED [CONTEXT service_id=17 ]
06-25 03:42:41.315  5452  9019 W ChimeraUtils: Module com.google.android.gms.nearby_en missing resource null(0)
06-25 03:42:41.317  5452  9019 W ChimeraUtils: Module com.google.android.gms.nearby_en missing resource null(0)
06-25 03:42:41.371  8999  9033 D Maestro : Requesting view hierarchy
06-25 03:42:41.372  8999  9033 W QueryController: Could not detect idle state.
06-25 03:42:41.372  8999  9033 W QueryController: Could not detect idle state.
06-25 03:42:41.380  8999  9033 I Maestro : Skipping invisible child: android.view.accessibility.AccessibilityNodeInfo@1125d; boundsInParent: Rect(0, 0 - 320, 0); boundsInScreen: Rect(0, 0 - 320, 0); boundsInWindow: Rect(0, 0 - 320, 0); packageName: com.hanapkalinga.mobile; className: android.widget.LinearLayout; text: null; error: null; maxTextLength: -1; stateDescription: null; contentDescription: null; tooltipText: null; containerTitle: null; viewIdResName: null; uniqueId: null; checkable: false; checked: false; focusable: false; focused: false; selected: false; clickable: false; longClickable: false; contextClickable: false; enabled: true; password: false; scrollable: false; importantForAccessibility: false; visible: false; actions: [AccessibilityAction: ACTION_SELECT - null, AccessibilityAction: ACTION_CLEAR_SELECTION - null, AccessibilityAction: ACTION_ACCESSIBILITY_FOCUS - null, AccessibilityAction: ACTION_SHOW_ON_SCREEN - null]; isTextSelectable: false
06-25 03:42:41.380  8999  9033 I Maestro : Skipping invisible child: android.view.accessibility.AccessibilityNodeInfo@10e9c; boundsInParent: Rect(0, 0 - 320, 0); boundsInScreen: Rect(0, 0 - 320, 0); boundsInWindow: Rect(0, 0 - 320, 0); packageName: com.hanapkalinga.mobile; className: android.view.ViewGroup; text: null; error: null; maxTextLength: -1; stateDescription: null; contentDescription: null; tooltipText: null; containerTitle: null; viewIdResName: null; uniqueId: null; checkable: false; checked: false; focusable: false; focused: false; selected: false; clickable: false; longClickable: false; contextClickable: false; enabled: true; password: false; scrollable: false; importantForAccessibility: false; visible: false; actions: [AccessibilityAction: ACTION_SELECT - null, AccessibilityAction: ACTION_CLEAR_SELECTION - null, AccessibilityAction: ACTION_ACCESSIBILITY_FOCUS - null, AccessibilityAction: ACTION_SHOW_ON_SCREEN - null]; isTextSelectable: false
06-25 03:42:41.393  8999  9033 D Maestro : View hierarchy received in 22 ms
06-25 03:42:41.404   831   831 D StatusBarIconController: ignoring old pipeline callbacks, because the new mobile icons are enabled
06-25 03:42:41.412  8999  9033 D Maestro : Requesting view hierarchy
06-25 03:42:41.413  8999  9033 W QueryController: Could not detect idle state.
06-25 03:42:41.413  8999  9033 W QueryController: Could not detect idle state.
06-25 03:42:41.426  8999  9033 I Maestro : Skipping invisible child: android.view.accessibility.AccessibilityNodeInfo@1125d; boundsInParent: Rect(0, 0 - 320, 0); boundsInScreen: Rect(0, 0 - 320, 0); boundsInWindow: Rect(0, 0 - 320, 0); packageName: com.hanapkalinga.mobile; className: android.widget.LinearLayout; text: null; error: null; maxTextLength: -1; stateDescription: null; contentDescription: null; tooltipText: null; containerTitle: null; viewIdResName: null; uniqueId: null; checkable: false; checked: false; focusable: false; focused: false; selected: false; clickable: false; longClickable: false; contextClickable: false; enabled: true; password: false; scrollable: false; importantForAccessibility: false; visible: false; actions: [AccessibilityAction: ACTION_SELECT - null, AccessibilityAction: ACTION_CLEAR_SELECTION - null, AccessibilityAction: ACTION_ACCESSIBILITY_FOCUS - null, AccessibilityAction: ACTION_SHOW_ON_SCREEN - null]; isTextSelectable: false
06-25 03:42:41.427  8999  9033 I Maestro : Skipping invisible child: android.view.accessibility.AccessibilityNodeInfo@10e9c; boundsInParent: Rect(0, 0 - 320, 0); boundsInScreen: Rect(0, 0 - 320, 0); boundsInWindow: Rect(0, 0 - 320, 0); packageName: com.hanapkalinga.mobile; className: android.view.ViewGroup; text: null; error: null; maxTextLength: -1; stateDescription: null; contentDescription: null; tooltipText: null; containerTitle: null; viewIdResName: null; uniqueId: null; checkable: false; checked: false; focusable: false; focused: false; selected: false; clickable: false; longClickable: false; contextClickable: false; enabled: true; password: false; scrollable: false; importantForAccessibility: false; visible: false; actions: [AccessibilityAction: ACTION_SELECT - null, AccessibilityAction: ACTION_CLEAR_SELECTION - null, AccessibilityAction: ACTION_ACCESSIBILITY_FOCUS - null, AccessibilityAction: ACTION_SHOW_ON_SCREEN - null]; isTextSelectable: false
06-25 03:42:41.439  8999  9033 D Maestro : View hierarchy received in 27 ms
06-25 03:42:41.536  8999  9033 D Maestro : Requesting view hierarchy
06-25 03:42:41.537  8999  9033 W QueryController: Could not detect idle state.
06-25 03:42:41.538  8999  9033 W QueryController: Could not detect idle state.
06-25 03:42:41.548  8999  9033 I Maestro : Skipping invisible child: android.view.accessibility.AccessibilityNodeInfo@1125d; boundsInParent: Rect(0, 0 - 320, 0); boundsInScreen: Rect(0, 0 - 320, 0); boundsInWindow: Rect(0, 0 - 320, 0); packageName: com.hanapkalinga.mobile; className: android.widget.LinearLayout; text: null; error: null; maxTextLength: -1; stateDescription: null; contentDescription: null; tooltipText: null; containerTitle: null; viewIdResName: null; uniqueId: null; checkable: false; checked: false; focusable: false; focused: false; selected: false; clickable: false; longClickable: false; contextClickable: false; enabled: true; password: false; scrollable: false; importantForAccessibility: false; visible: false; actions: [AccessibilityAction: ACTION_SELECT - null, AccessibilityAction: ACTION_CLEAR_SELECTION - null, AccessibilityAction: ACTION_ACCESSIBILITY_FOCUS - null, AccessibilityAction: ACTION_SHOW_ON_SCREEN - null]; isTextSelectable: false
06-25 03:42:41.549  8999  9033 I Maestro : Skipping invisible child: android.view.accessibility.AccessibilityNodeInfo@10e9c; boundsInParent: Rect(0, 0 - 320, 0); boundsInScreen: Rect(0, 0 - 320, 0); boundsInWindow: Rect(0, 0 - 320, 0); packageName: com.hanapkalinga.mobile; className: android.view.ViewGroup; text: null; error: null; maxTextLength: -1; stateDescription: null; contentDescription: null; tooltipText: null; containerTitle: null; viewIdResName: null; uniqueId: null; checkable: false; checked: false; focusable: false; focused: false; selected: false; clickable: false; longClickable: false; contextClickable: false; enabled: true; password: false; scrollable: false; importantForAccessibility: false; visible: false; actions: [AccessibilityAction: ACTION_SELECT - null, AccessibilityAction: ACTION_CLEAR_SELECTION - null, AccessibilityAction: ACTION_ACCESSIBILITY_FOCUS - null, AccessibilityAction: ACTION_SHOW_ON_SCREEN - null]; isTextSelectable: false
06-25 03:42:41.564  8999  9033 D Maestro : View hierarchy received in 28 ms
06-25 03:42:41.582  8999  9033 D Maestro : Requesting view hierarchy
06-25 03:42:41.583  8999  9033 W QueryController: Could not detect idle state.
06-25 03:42:41.584  8999  9033 W QueryController: Could not detect idle state.
06-25 03:42:41.591  8999  9033 I Maestro : Skipping invisible child: android.view.accessibility.AccessibilityNodeInfo@1125d; boundsInParent: Rect(0, 0 - 320, 0); boundsInScreen: Rect(0, 0 - 320, 0); boundsInWindow: Rect(0, 0 - 320, 0); packageName: com.hanapkalinga.mobile; className: android.widget.LinearLayout; text: null; error: null; maxTextLength: -1; stateDescription: null; contentDescription: null; tooltipText: null; containerTitle: null; viewIdResName: null; uniqueId: null; checkable: false; checked: false; focusable: false; focused: false; selected: false; clickable: false; longClickable: false; contextClickable: false; enabled: true; password: false; scrollable: false; importantForAccessibility: false; visible: false; actions: [AccessibilityAction: ACTION_SELECT - null, AccessibilityAction: ACTION_CLEAR_SELECTION - null, AccessibilityAction: ACTION_ACCESSIBILITY_FOCUS - null, AccessibilityAction: ACTION_SHOW_ON_SCREEN - null]; isTextSelectable: false
06-25 03:42:41.592  8999  9033 I Maestro : Skipping invisible child: android.view.accessibility.AccessibilityNodeInfo@10e9c; boundsInParent: Rect(0, 0 - 320, 0); boundsInScreen: Rect(0, 0 - 320, 0); boundsInWindow: Rect(0, 0 - 320, 0); packageName: com.hanapkalinga.mobile; className: android.view.ViewGroup; text: null; error: null; maxTextLength: -1; stateDescription: null; contentDescription: null; tooltipText: null; containerTitle: null; viewIdResName: null; uniqueId: null; checkable: false; checked: false; focusable: false; focused: false; selected: false; clickable: false; longClickable: false; contextClickable: false; enabled: true; password: false; scrollable: false; importantForAccessibility: false; visible: false; actions: [AccessibilityAction: ACTION_SELECT - null, AccessibilityAction: ACTION_CLEAR_SELECTION - null, AccessibilityAction: ACTION_ACCESSIBILITY_FOCUS - null, AccessibilityAction: ACTION_SHOW_ON_SCREEN - null]; isTextSelectable: false
06-25 03:42:41.604  8999  9033 D Maestro : View hierarchy received in 22 ms
06-25 03:42:41.702  8999  9033 D Maestro : Requesting view hierarchy
06-25 03:42:41.703  8999  9033 W QueryController: Could not detect idle state.
06-25 03:42:41.703  8999  9033 W QueryController: Could not detect idle state.
06-25 03:42:41.712  8999  9033 I Maestro : Skipping invisible child: android.view.accessibility.AccessibilityNodeInfo@1125d; boundsInParent: Rect(0, 0 - 320, 0); boundsInScreen: Rect(0, 0 - 320, 0); boundsInWindow: Rect(0, 0 - 320, 0); packageName: com.hanapkalinga.mobile; className: android.widget.LinearLayout; text: null; error: null; maxTextLength: -1; stateDescription: null; contentDescription: null; tooltipText: null; containerTitle: null; viewIdResName: null; uniqueId: null; checkable: false; checked: false; focusable: false; focused: false; selected: false; clickable: false; longClickable: false; contextClickable: false; enabled: true; password: false; scrollable: false; importantForAccessibility: false; visible: false; actions: [AccessibilityAction: ACTION_SELECT - null, AccessibilityAction: ACTION_CLEAR_SELECTION - null, AccessibilityAction: ACTION_ACCESSIBILITY_FOCUS - null, AccessibilityAction: ACTION_SHOW_ON_SCREEN - null]; isTextSelectable: false
06-25 03:42:41.713  8999  9033 I Maestro : Skipping invisible child: android.view.accessibility.AccessibilityNodeInfo@10e9c; boundsInParent: Rect(0, 0 - 320, 0); boundsInScreen: Rect(0, 0 - 320, 0); boundsInWindow: Rect(0, 0 - 320, 0); packageName: com.hanapkalinga.mobile; className: android.view.ViewGroup; text: null; error: null; maxTextLength: -1; stateDescription: null; contentDescription: null; tooltipText: null; containerTitle: null; viewIdResName: null; uniqueId: null; checkable: false; checked: false; focusable: false; focused: false; selected: false; clickable: false; longClickable: false; contextClickable: false; enabled: true; password: false; scrollable: false; importantForAccessibility: false; visible: false; actions: [AccessibilityAction: ACTION_SELECT - null, AccessibilityAction: ACTION_CLEAR_SELECTION - null, AccessibilityAction: ACTION_ACCESSIBILITY_FOCUS - null, AccessibilityAction: ACTION_SHOW_ON_SCREEN - null]; isTextSelectable: false
06-25 03:42:41.727  8999  9033 D Maestro : View hierarchy received in 25 ms
06-25 03:42:41.784  8999  9033 D Maestro : Requesting view hierarchy
06-25 03:42:41.785  8999  9033 W QueryController: Could not detect idle state.
06-25 03:42:41.785  8999  9033 W QueryController: Could not detect idle state.
06-25 03:42:41.794  8999  9033 I Maestro : Skipping invisible child: android.view.accessibility.AccessibilityNodeInfo@1125d; boundsInParent: Rect(0, 0 - 320, 0); boundsInScreen: Rect(0, 0 - 320, 0); boundsInWindow: Rect(0, 0 - 320, 0); packageName: com.hanapkalinga.mobile; className: android.widget.LinearLayout; text: null; error: null; maxTextLength: -1; stateDescription: null; contentDescription: null; tooltipText: null; containerTitle: null; viewIdResName: null; uniqueId: null; checkable: false; checked: false; focusable: false; focused: false; selected: false; clickable: false; longClickable: false; contextClickable: false; enabled: true; password: false; scrollable: false; importantForAccessibility: false; visible: false; actions: [AccessibilityAction: ACTION_SELECT - null, AccessibilityAction: ACTION_CLEAR_SELECTION - null, AccessibilityAction: ACTION_ACCESSIBILITY_FOCUS - null, AccessibilityAction: ACTION_SHOW_ON_SCREEN - null]; isTextSelectable: false
06-25 03:42:41.794  8999  9033 I Maestro : Skipping invisible child: android.view.accessibility.AccessibilityNodeInfo@10e9c; boundsInParent: Rect(0, 0 - 320, 0); boundsInScreen: Rect(0, 0 - 320, 0); boundsInWindow: Rect(0, 0 - 320, 0); packageName: com.hanapkalinga.mobile; className: android.view.ViewGroup; text: null; error: null; maxTextLength: -1; stateDescription: null; contentDescription: null; tooltipText: null; containerTitle: null; viewIdResName: null; uniqueId: null; checkable: false; checked: false; focusable: false; focused: false; selected: false; clickable: false; longClickable: false; contextClickable: false; enabled: true; password: false; scrollable: false; importantForAccessibility: false; visible: false; actions: [AccessibilityAction: ACTION_SELECT - null, AccessibilityAction: ACTION_CLEAR_SELECTION - null, AccessibilityAction: ACTION_ACCESSIBILITY_FOCUS - null, AccessibilityAction: ACTION_SHOW_ON_SCREEN - null]; isTextSelectable: false
06-25 03:42:41.807  8999  9033 D Maestro : View hierarchy received in 23 ms
06-25 03:42:41.861  8999  9033 D Maestro : Requesting view hierarchy
06-25 03:42:41.862  8999  9033 W QueryController: Could not detect idle state.
06-25 03:42:41.863  8999  9033 W QueryController: Could not detect idle state.
06-25 03:42:41.876  8999  9033 I Maestro : Skipping invisible child: android.view.accessibility.AccessibilityNodeInfo@1125d; boundsInParent: Rect(0, 0 - 320, 0); boundsInScreen: Rect(0, 0 - 320, 0); boundsInWindow: Rect(0, 0 - 320, 0); packageName: com.hanapkalinga.mobile; className: android.widget.LinearLayout; text: null; error: null; maxTextLength: -1; stateDescription: null; contentDescription: null; tooltipText: null; containerTitle: null; viewIdResName: null; uniqueId: null; checkable: false; checked: false; focusable: false; focused: false; selected: false; clickable: false; longClickable: false; contextClickable: false; enabled: true; password: false; scrollable: false; importantForAccessibility: false; visible: false; actions: [AccessibilityAction: ACTION_SELECT - null, AccessibilityAction: ACTION_CLEAR_SELECTION - null, AccessibilityAction: ACTION_ACCESSIBILITY_FOCUS - null, AccessibilityAction: ACTION_SHOW_ON_SCREEN - null]; isTextSelectable: false
06-25 03:42:41.877  8999  9033 I Maestro : Skipping invisible child: android.view.accessibility.AccessibilityNodeInfo@10e9c; boundsInParent: Rect(0, 0 - 320, 0); boundsInScreen: Rect(0, 0 - 320, 0); boundsInWindow: Rect(0, 0 - 320, 0); packageName: com.hanapkalinga.mobile; className: android.view.ViewGroup; text: null; error: null; maxTextLength: -1; stateDescription: null; contentDescription: null; tooltipText: null; containerTitle: null; viewIdResName: null; uniqueId: null; checkable: false; checked: false; focusable: false; focused: false; selected: false; clickable: false; longClickable: false; contextClickable: false; enabled: true; password: false; scrollable: false; importantForAccessibility: false; visible: false; actions: [AccessibilityAction: ACTION_SELECT - null, AccessibilityAction: ACTION_CLEAR_SELECTION - null, AccessibilityAction: ACTION_ACCESSIBILITY_FOCUS - null, AccessibilityAction: ACTION_SHOW_ON_SCREEN - null]; isTextSelectable: false
06-25 03:42:41.900  8999  9033 D Maestro : View hierarchy received in 39 ms
06-25 03:42:41.969  8999  9033 D Maestro : Requesting view hierarchy
06-25 03:42:41.969  8999  9033 W QueryController: Could not detect idle state.
06-25 03:42:41.970  8999  9033 W QueryController: Could not detect idle state.
06-25 03:42:41.978  8999  9033 I Maestro : Skipping invisible child: android.view.accessibility.AccessibilityNodeInfo@1125d; boundsInParent: Rect(0, 0 - 320, 0); boundsInScreen: Rect(0, 0 - 320, 0); boundsInWindow: Rect(0, 0 - 320, 0); packageName: com.hanapkalinga.mobile; className: android.widget.LinearLayout; text: null; error: null; maxTextLength: -1; stateDescription: null; contentDescription: null; tooltipText: null; containerTitle: null; viewIdResName: null; uniqueId: null; checkable: false; checked: false; focusable: false; focused: false; selected: false; clickable: false; longClickable: false; contextClickable: false; enabled: true; password: false; scrollable: false; importantForAccessibility: false; visible: false; actions: [AccessibilityAction: ACTION_SELECT - null, AccessibilityAction: ACTION_CLEAR_SELECTION - null, AccessibilityAction: ACTION_ACCESSIBILITY_FOCUS - null, AccessibilityAction: ACTION_SHOW_ON_SCREEN - null]; isTextSelectable: false
06-25 03:42:41.979  8999  9033 I Maestro : Skipping invisible child: android.view.accessibility.AccessibilityNodeInfo@10e9c; boundsInParent: Rect(0, 0 - 320, 0); boundsInScreen: Rect(0, 0 - 320, 0); boundsInWindow: Rect(0, 0 - 320, 0); packageName: com.hanapkalinga.mobile; className: android.view.ViewGroup; text: null; error: null; maxTextLength: -1; stateDescription: null; contentDescription: null; tooltipText: null; containerTitle: null; viewIdResName: null; uniqueId: null; checkable: false; checked: false; focusable: false; focused: false; selected: false; clickable: false; longClickable: false; contextClickable: false; enabled: true; password: false; scrollable: false; importantForAccessibility: false; visible: false; actions: [AccessibilityAction: ACTION_SELECT - null, AccessibilityAction: ACTION_CLEAR_SELECTION - null, AccessibilityAction: ACTION_ACCESSIBILITY_FOCUS - null, AccessibilityAction: ACTION_SHOW_ON_SCREEN - null]; isTextSelectable: false
06-25 03:42:41.993  8999  9033 D Maestro : View hierarchy received in 24 ms
06-25 03:42:42.089  8999  9033 W QueryController: Could not detect idle state.
06-25 03:42:42.091  8999  9033 W QueryController: Could not detect idle state.
06-25 03:42:42.095  8999  9033 W UiDevice: Skipping wait as package ${APP_ID} does not match current window com.hanapkalinga.mobile.
06-25 03:42:42.104  8999  9033 W QueryController: Could not detect idle state.
06-25 03:42:42.106  8999  9033 W QueryController: Could not detect idle state.
06-25 03:42:42.110  8999  9033 W UiDevice: Skipping wait as package ${APP_ID} does not match current window com.hanapkalinga.mobile.
06-25 03:42:42.119  8999  9033 W QueryController: Could not detect idle state.
06-25 03:42:42.123  8999  9033 W QueryController: Could not detect idle state.
06-25 03:42:42.128  8999  9033 W UiDevice: Skipping wait as package ${APP_ID} does not match current window com.hanapkalinga.mobile.
06-25 03:42:42.138  8999  9033 W QueryController: Could not detect idle state.
06-25 03:42:42.145  8999  9033 W QueryController: Could not detect idle state.
06-25 03:42:42.152  8999  9033 W UiDevice: Skipping wait as package ${APP_ID} does not match current window com.hanapkalinga.mobile.
06-25 03:42:42.162  8999  9033 W QueryController: Could not detect idle state.
06-25 03:42:42.167  8999  9033 W QueryController: Could not detect idle state.
06-25 03:42:42.171  8999  9033 W UiDevice: Skipping wait as package ${APP_ID} does not match current window com.hanapkalinga.mobile.
06-25 03:42:42.181  8999  9033 W QueryController: Could not detect idle state.
06-25 03:42:42.185  8999  9033 W QueryController: Could not detect idle state.
06-25 03:42:42.189  8999  9033 W UiDevice: Skipping wait as package ${APP_ID} does not match current window com.hanapkalinga.mobile.
06-25 03:42:42.199  8999  9033 W QueryController: Could not detect idle state.
06-25 03:42:42.203  8999  9033 W QueryController: Could not detect idle state.
06-25 03:42:42.207  8999  9033 W UiDevice: Skipping wait as package ${APP_ID} does not match current window com.hanapkalinga.mobile.
06-25 03:42:42.217  8999  9033 W QueryController: Could not detect idle state.
06-25 03:42:42.221  8999  9033 W QueryController: Could not detect idle state.
06-25 03:42:42.225  8999  9033 W UiDevice: Skipping wait as package ${APP_ID} does not match current window com.hanapkalinga.mobile.
06-25 03:42:42.235  8999  9033 W QueryController: Could not detect idle state.
06-25 03:42:42.239  8999  9033 W QueryController: Could not detect idle state.
06-25 03:42:42.243  8999  9033 W UiDevice: Skipping wait as package ${APP_ID} does not match current window com.hanapkalinga.mobile.
06-25 03:42:42.254  8999  9033 W QueryController: Could not detect idle state.
06-25 03:42:42.257  8999  9033 W QueryController: Could not detect idle state.
06-25 03:42:42.263  8999  9033 W UiDevice: Skipping wait as package ${APP_ID} does not match current window com.hanapkalinga.mobile.
06-25 03:42:42.275  8999  9033 W QueryController: Could not detect idle state.
06-25 03:42:42.277  8999  9033 W QueryController: Could not detect idle state.
06-25 03:42:42.281  8999  9033 W UiDevice: Skipping wait as package ${APP_ID} does not match current window com.hanapkalinga.mobile.
06-25 03:42:42.290  8999  9033 W QueryController: Could not detect idle state.
06-25 03:42:42.292  8999  9033 W QueryController: Could not detect idle state.
06-25 03:42:42.297  8999  9033 W UiDevice: Skipping wait as package ${APP_ID} does not match current window com.hanapkalinga.mobile.
06-25 03:42:42.310  8999  9033 W QueryController: Could not detect idle state.
06-25 03:42:42.312  8999  9033 W QueryController: Could not detect idle state.
06-25 03:42:42.314  8999  9033 W UiDevice: Skipping wait as package ${APP_ID} does not match current window com.hanapkalinga.mobile.
06-25 03:42:42.322  8999  9033 W QueryController: Could not detect idle state.
06-25 03:42:42.324  8999  9033 W QueryController: Could not detect idle state.
06-25 03:42:42.326  8999  9033 W UiDevice: Skipping wait as package ${APP_ID} does not match current window com.hanapkalinga.mobile.
06-25 03:42:42.336  8999  9033 W QueryController: Could not detect idle state.
06-25 03:42:42.337  8999  9033 W QueryController: Could not detect idle state.
06-25 03:42:42.339  8999  9033 W UiDevice: Skipping wait as package ${APP_ID} does not match current window com.hanapkalinga.mobile.
06-25 03:42:42.347  8999  9033 W QueryController: Could not detect idle state.
06-25 03:42:42.348  8999  9033 W QueryController: Could not detect idle state.
06-25 03:42:42.350  8999  9033 W UiDevice: Skipping wait as package ${APP_ID} does not match current window com.hanapkalinga.mobile.
06-25 03:42:42.356  8999  9033 W QueryController: Could not detect idle state.
06-25 03:42:42.358  8999  9033 W QueryController: Could not detect idle state.
06-25 03:42:42.360  8999  9033 W UiDevice: Skipping wait as package ${APP_ID} does not match current window com.hanapkalinga.mobile.
06-25 03:42:42.367  8999  9033 W QueryController: Could not detect idle state.
06-25 03:42:42.368  8999  9033 W QueryController: Could not detect idle state.
06-25 03:42:42.370  8999  9033 W UiDevice: Skipping wait as package ${APP_ID} does not match current window com.hanapkalinga.mobile.
06-25 03:42:42.381   518   605 D ActivityManager: freezing 2810 com.google.android.gms.unstable
06-25 03:42:42.417  8999  9033 W QueryController: Could not detect idle state.
06-25 03:42:42.420  8999  9033 W QueryController: Could not detect idle state.
06-25 03:42:42.423  8999  9033 W UiDevice: Skipping wait as package ${APP_ID} does not match current window com.hanapkalinga.mobile.
06-25 03:42:42.430  8999  9033 W QueryController: Could not detect idle state.
06-25 03:42:42.433  8999  9033 W QueryController: Could not detect idle state.
06-25 03:42:42.435  8999  9033 W UiDevice: Skipping wait as package ${APP_ID} does not match current window com.hanapkalinga.mobile.
06-25 03:42:42.442  8999  9033 W QueryController: Could not detect idle state.
06-25 03:42:42.447  8999  9033 W QueryController: Could not detect idle state.
06-25 03:42:42.448  8999  9033 W UiDevice: Skipping wait as package ${APP_ID} does not match current window com.hanapkalinga.mobile.
06-25 03:42:42.456  8999  9033 W QueryController: Could not detect idle state.
06-25 03:42:42.459  8999  9033 W QueryController: Could not detect idle state.
06-25 03:42:42.462  8999  9033 W UiDevice: Skipping wait as package ${APP_ID} does not match current window com.hanapkalinga.mobile.
06-25 03:42:42.471  8999  9033 W QueryController: Could not detect idle state.
06-25 03:42:42.473  8999  9033 W QueryController: Could not detect idle state.
06-25 03:42:42.477  8999  9033 W UiDevice: Skipping wait as package ${APP_ID} does not match current window com.hanapkalinga.mobile.
06-25 03:42:42.484  8999  9033 W QueryController: Could not detect idle state.
06-25 03:42:42.485  8999  9033 W QueryController: Could not detect idle state.
06-25 03:42:42.488  8999  9033 W UiDevice: Skipping wait as package ${APP_ID} does not match current window com.hanapkalinga.mobile.
06-25 03:42:42.494  8999  9033 W QueryController: Could not detect idle state.
06-25 03:42:42.495  8999  9033 W QueryController: Could not detect idle state.
06-25 03:42:42.497  8999  9033 W UiDevice: Skipping wait as package ${APP_ID} does not match current window com.hanapkalinga.mobile.
06-25 03:42:42.503  8999  9033 W QueryController: Could not detect idle state.
06-25 03:42:42.504  8999  9033 W QueryController: Could not detect idle state.
06-25 03:42:42.506  8999  9033 W UiDevice: Skipping wait as package ${APP_ID} does not match current window com.hanapkalinga.mobile.
06-25 03:42:42.511  8999  9033 W QueryController: Could not detect idle state.
06-25 03:42:42.512  8999  9033 W QueryController: Could not detect idle state.
06-25 03:42:42.514  8999  9033 W UiDevice: Skipping wait as package ${APP_ID} does not match current window com.hanapkalinga.mobile.
06-25 03:42:42.520  8999  9033 W QueryController: Could not detect idle state.
06-25 03:42:42.521  8999  9033 W QueryController: Could not detect idle state.
06-25 03:42:42.523  8999  9033 W UiDevice: Skipping wait as package ${APP_ID} does not match current window com.hanapkalinga.mobile.
06-25 03:42:42.529  8999  9033 W QueryController: Could not detect idle state.
06-25 03:42:42.530  8999  9033 W QueryController: Could not detect idle state.
06-25 03:42:42.532  8999  9033 W UiDevice: Skipping wait as package ${APP_ID} does not match current window com.hanapkalinga.mobile.
06-25 03:42:42.537  8999  9033 W QueryController: Could not detect idle state.
06-25 03:42:42.538  8999  9033 W QueryController: Could not detect idle state.
06-25 03:42:42.540  8999  9033 W UiDevice: Skipping wait as package ${APP_ID} does not match current window com.hanapkalinga.mobile.
06-25 03:42:42.545  8999  9033 W QueryController: Could not detect idle state.
06-25 03:42:42.546  8999  9033 W QueryController: Could not detect idle state.
06-25 03:42:42.548  8999  9033 W UiDevice: Skipping wait as package ${APP_ID} does not match current window com.hanapkalinga.mobile.
06-25 03:42:42.553  8999  9033 W QueryController: Could not detect idle state.
06-25 03:42:42.554  8999  9033 W QueryController: Could not detect idle state.
06-25 03:42:42.556  8999  9033 W UiDevice: Skipping wait as package ${APP_ID} does not match current window com.hanapkalinga.mobile.
06-25 03:42:42.561  8999  9033 W QueryController: Could not detect idle state.
06-25 03:42:42.562  8999  9033 W QueryController: Could not detect idle state.
06-25 03:42:42.564  8999  9033 W UiDevice: Skipping wait as package ${APP_ID} does not match current window com.hanapkalinga.mobile.
06-25 03:42:42.569  8999  9033 W QueryController: Could not detect idle state.
06-25 03:42:42.570  8999  9033 W QueryController: Could not detect idle state.
06-25 03:42:42.572  8999  9033 W UiDevice: Skipping wait as package ${APP_ID} does not match current window com.hanapkalinga.mobile.
06-25 03:42:42.579  8999  9033 W QueryController: Could not detect idle state.
06-25 03:42:42.580  8999  9033 W QueryController: Could not detect idle state.
06-25 03:42:42.583  8999  9033 W UiDevice: Skipping wait as package ${APP_ID} does not match current window com.hanapkalinga.mobile.
06-25 03:42:42.589  8999  9033 W QueryController: Could not detect idle state.
06-25 03:42:42.590  8999  9033 W QueryController: Could not detect idle state.
06-25 03:42:42.592  8999  9033 W UiDevice: Skipping wait as package ${APP_ID} does not match current window com.hanapkalinga.mobile.
06-25 03:42:42.598  8999  9033 W QueryController: Could not detect idle state.
06-25 03:42:42.599  8999  9033 W QueryController: Could not detect idle state.
06-25 03:42:42.601  8999  9033 W UiDevice: Skipping wait as package ${APP_ID} does not match current window com.hanapkalinga.mobile.
06-25 03:42:42.608  8999  9033 W QueryController: Could not detect idle state.
06-25 03:42:42.609  8999  9033 W QueryController: Could not detect idle state.
06-25 03:42:42.611  8999  9033 W UiDevice: Skipping wait as package ${APP_ID} does not match current window com.hanapkalinga.mobile.
06-25 03:42:42.617  8999  9033 W QueryController: Could not detect idle state.
06-25 03:42:42.618  8999  9033 W QueryController: Could not detect idle state.
06-25 03:42:42.621  8999  9033 W UiDevice: Skipping wait as package ${APP_ID} does not match current window com.hanapkalinga.mobile.
06-25 03:42:42.628  8999  9033 W QueryController: Could not detect idle state.
06-25 03:42:42.629  8999  9033 W QueryController: Could not detect idle state.
06-25 03:42:42.631  8999  9033 W UiDevice: Skipping wait as package ${APP_ID} does not match current window com.hanapkalinga.mobile.
06-25 03:42:42.636  8999  9033 W QueryController: Could not detect idle state.
06-25 03:42:42.637  8999  9033 W QueryController: Could not detect idle state.
06-25 03:42:42.639  8999  9033 W UiDevice: Skipping wait as package ${APP_ID} does not match current window com.hanapkalinga.mobile.
06-25 03:42:42.644  8999  9033 W QueryController: Could not detect idle state.
06-25 03:42:42.645  8999  9033 W QueryController: Could not detect idle state.
06-25 03:42:42.647  8999  9033 W UiDevice: Skipping wait as package ${APP_ID} does not match current window com.hanapkalinga.mobile.
06-25 03:42:42.652  8999  9033 W QueryController: Could not detect idle state.
06-25 03:42:42.653  8999  9033 W QueryController: Could not detect idle state.
06-25 03:42:42.655  8999  9033 W UiDevice: Skipping wait as package ${APP_ID} does not match current window com.hanapkalinga.mobile.
06-25 03:42:42.661  8999  9033 W QueryController: Could not detect idle state.
06-25 03:42:42.662  8999  9033 W QueryController: Could not detect idle state.
06-25 03:42:42.664  8999  9033 W UiDevice: Skipping wait as package ${APP_ID} does not match current window com.hanapkalinga.mobile.
06-25 03:42:42.671  8999  9033 W QueryController: Could not detect idle state.
06-25 03:42:42.672  8999  9033 W QueryController: Could not detect idle state.
06-25 03:42:42.674  8999  9033 W UiDevice: Skipping wait as package ${APP_ID} does not match current window com.hanapkalinga.mobile.
06-25 03:42:42.680  8999  9033 W QueryController: Could not detect idle state.
