06-25 03:41:49.477  8410  8461 I Maestro : Skipping invisible child: android.view.accessibility.AccessibilityNodeInfo@10e89; boundsInParent: Rect(0, 0 - 320, 0); boundsInScreen: Rect(0, 0 - 320, 0); boundsInWindow: Rect(0, 0 - 320, 0); packageName: com.hanapkalinga.mobile; className: android.view.ViewGroup; text: null; error: null; maxTextLength: -1; stateDescription: null; contentDescription: null; tooltipText: null; containerTitle: null; viewIdResName: null; uniqueId: null; checkable: false; checked: false; focusable: false; focused: false; selected: false; clickable: false; longClickable: false; contextClickable: false; enabled: true; password: false; scrollable: false; importantForAccessibility: false; visible: false; actions: [AccessibilityAction: ACTION_SELECT - null, AccessibilityAction: ACTION_CLEAR_SELECTION - null, AccessibilityAction: ACTION_ACCESSIBILITY_FOCUS - null, AccessibilityAction: ACTION_SHOW_ON_SCREEN - null]; isTextSelectable: false
06-25 03:41:49.489  8410  8461 D Maestro : View hierarchy received in 22 ms
06-25 03:41:49.568  1089  1089 D TaplEvents: TIS / TouchInteractionService.onInputEvent: MotionEvent { action=ACTION_DOWN, actionButton=0, id[0]=0, x[0]=160.0, y[0]=356.0, toolType[0]=TOOL_TYPE_FINGER, buttonState=0, classification=NONE, metaState=0, flags=0x0, edgeFlags=0x0, pointerCount=1, historySize=0, eventTime=344107, downTime=344107, deviceId=-1, source=0x1002, displayId=0, eventId=-450547229 }
06-25 03:41:49.603  8560  8580 D EGL_emulation: app_time_stats: avg=1343.53ms min=2.26ms max=7667.96ms count=6
06-25 03:41:49.674  1089  1089 D TaplEvents: TIS / TouchInteractionService.onInputEvent: MotionEvent { action=ACTION_UP, actionButton=0, id[0]=0, x[0]=160.0, y[0]=356.0, toolType[0]=TOOL_TYPE_FINGER, buttonState=0, classification=NONE, metaState=0, flags=0x0, edgeFlags=0x0, pointerCount=1, historySize=0, eventTime=344229, downTime=344107, deviceId=-1, source=0x1002, displayId=0, eventId=-296209938 }
06-25 03:41:49.689   394   775 D audioserver: FGS Logger Transaction failed
06-25 03:41:49.690   394   775 D audioserver: -129
06-25 03:41:49.691   394   497 D AudioFlinger: mixer(0x710552f68930) throttle end: throttle time(34)
06-25 03:41:49.724   518  1746 D CompatibilityChangeReporter: Compat change id reported: 161145287; UID 10192; state: ENABLED
06-25 03:41:49.726   518  1746 D CompatibilityChangeReporter: Compat change id reported: 135634846; UID 99004; state: DISABLED
06-25 03:41:49.726   518   546 D CompatibilityChangeReporter: Compat change id reported: 143937733; UID 10192; state: ENABLED
06-25 03:41:49.733   980   980 D Zygote  : Forked child process 8631
06-25 03:41:49.734   518   535 I GnssLocationProvider: WakeLock acquired by handleDownloadPsdsData()
06-25 03:41:49.734  8560  8560 D CompatibilityChangeReporter: Compat change id reported: 183155436; UID 10192; state: ENABLED
06-25 03:41:49.737  4020  4247 D BtGatt.ScanManager: uid 10131 isForeground true scanMode -1
06-25 03:41:49.737  4020  4247 D BtGatt.ScanManager: uid 10131 isForeground true scanMode -1
06-25 03:41:49.737   394   497 D AudioFlinger: mixer(0x710552f68930) throttle end: throttle time(32)
06-25 03:41:49.741  8631  8631 I ocessService0:0: Using CollectorTypeCC GC.
06-25 03:41:49.742  5504  5504 D BoundBrokerSvc: onBind: Intent { act=com.google.android.gms.safetynet.service.START pkg=com.google.android.gms }
06-25 03:41:49.742  5504  5504 D BoundBrokerSvc: Loading bound service for intent: Intent { act=com.google.android.gms.safetynet.service.START pkg=com.google.android.gms }
06-25 03:41:49.742  8631  8631 W ocessService0:0: Unexpected CPU variant for x86: x86_64.
06-25 03:41:49.742  8631  8631 W ocessService0:0: Known variants: atom, sandybridge, silvermont, goldmont, goldmont-plus, tremont, kabylake, default
06-25 03:41:49.744  8631  8631 E ocessService0:0: Not starting debugger since process cannot load the jdwp agent.
06-25 03:41:49.746   518  8632 E GnssPsdsDownloader: No Long-Term PSDS servers were specified in the GnssConfiguration
06-25 03:41:49.756  8560  8560 D AutofillManager: Fill dialog is enabled:false, hints=[password, passwordAuto, creditCardNumber, creditCardSecurityCode, creditCardExpirationDate]
06-25 03:41:49.758   518   546 I ActivityManager: Start proc 8631:com.google.android.webview:sandboxed_process0:org.chromium.content.app.SandboxedProcessService0:0/u0i4 for  {com.hanapkalinga.mobile/org.chromium.content.app.SandboxedProcessService0:0}
06-25 03:41:49.761  8631  8631 D CompatibilityChangeReporter: Compat change id reported: 171979766; UID 99004; state: ENABLED
06-25 03:41:49.761  8631  8631 D CompatibilityChangeReporter: Compat change id reported: 242716250; UID 99004; state: ENABLED
06-25 03:41:49.764  8631  8631 I LoadedApk: No resource references to update in package com.google.android.trichromelibrary
06-25 03:41:49.765  8631  8631 I cr_WebViewApkApp: Launched version=113.0.5672.136 minSdkVersion=29 isBundle=false processName=com.google.android.webview:sandboxed_process0:org.chromium.content.app.SandboxedProcessService0:0
06-25 03:41:49.766   518  2073 I ActivityManager: Flag disabled. Ignoring finishAttachApplication from uid: 99004. pid: 8631
06-25 03:41:49.768  8410  8461 D Maestro : Requesting view hierarchy
06-25 03:41:49.768  8410  8461 W QueryController: Could not detect idle state.
06-25 03:41:49.769  8410  8461 W QueryController: Could not detect idle state.
06-25 03:41:49.769  8560  8634 W chromium: [WARNING:dns_config_service_android.cc(115)] Failed to read DnsConfig.
06-25 03:41:49.774  8631  8631 W SystemServiceRegistry: No service published for: virtualdevice
06-25 03:41:49.774  8631  8631 I cr_ChildProcessService: Creating new ChildProcessService pid=8631
06-25 03:41:49.792  8560  8560 D CompatibilityChangeReporter: Compat change id reported: 214741472; UID 10192; state: ENABLED
06-25 03:41:49.793  8560  8560 D CompatibilityChangeReporter: Compat change id reported: 171228096; UID 10192; state: ENABLED
06-25 03:41:49.810  8560  8650 W cr_media: BLUETOOTH_CONNECT permission is missing.
06-25 03:41:49.810  8560  8650 W cr_media: registerBluetoothIntentsIfNeeded: Requires BLUETOOTH permission
06-25 03:41:49.814  8631  8655 I cr_LibraryLoader: Successfully loaded native library
06-25 03:41:49.818  8631  8655 I cr_CachingUmaRecorder: Flushed 2 samples from 2 histograms.
06-25 03:41:49.823  8631  8655 W SystemServiceRegistry: No service published for: uimode
06-25 03:41:49.851   394   497 D audioserver: FGS Logger Transaction failed
06-25 03:41:49.851   394   497 D audioserver: -129
06-25 03:41:49.863  5452  5462 I FontLog : Received query name=Google Sans&weight=700&besteffort=false, URI content://com.google.android.gms.fonts [CONTEXT service_id=132 ]
06-25 03:41:49.863  5452  5462 I FontLog : Query [name=Google Sans&weight=700&besteffort=false] resolved to {Google Sans, wdth 100.0, wght 700, ital 0.0, bestEffort false} [CONTEXT service_id=132 ]
06-25 03:41:49.865  5452  5462 I FontLog : Fetch {Google Sans, wdth 100.0, wght 700, ital 0.0, bestEffort false} end status Status{statusCode=SUCCESS, resolution=null} [CONTEXT service_id=132 ]
06-25 03:41:49.866  5452  5462 I FontLog : Pulling font file for id = 29, cache size = 7 [CONTEXT service_id=132 ]
06-25 03:41:49.867  5452  5462 I FontLog : Received query name=Noto Color Emoji Compat&weight=400&besteffort=false, URI content://com.google.android.gms.fonts [CONTEXT service_id=132 ]
06-25 03:41:49.867  5452  5462 I FontLog : Query [name=Noto Color Emoji Compat&weight=400&besteffort=false] resolved to {Noto Color Emoji Compat, wdth 100.0, wght 400, ital 0.0, bestEffort false} [CONTEXT service_id=132 ]
06-25 03:41:49.868  5452  5462 I FontLog : Fetch {Noto Color Emoji Compat, wdth 100.0, wght 400, ital 0.0, bestEffort false} end status Status{statusCode=SUCCESS, resolution=null} [CONTEXT service_id=132 ]
06-25 03:41:49.869  5452  5462 I FontLog : Pulling font file for id = 30, cache size = 8 [CONTEXT service_id=132 ]
06-25 03:41:49.871  8560  8560 D CompatibilityChangeReporter: Compat change id reported: 193247900; UID 10192; state: ENABLED
06-25 03:41:49.875  5452  5462 I FontLog : Received query name=Google Sans&weight=400&besteffort=false, URI content://com.google.android.gms.fonts [CONTEXT service_id=132 ]
06-25 03:41:49.875  5452  5462 I FontLog : Query [name=Google Sans&weight=400&besteffort=false] resolved to {Google Sans, wdth 100.0, wght 400, ital 0.0, bestEffort false} [CONTEXT service_id=132 ]
06-25 03:41:49.876  5452  5462 I FontLog : Font PFD returned from cache for {Google Sans, wdth 100.0, wght 400, ital 0.0, bestEffort false} [CONTEXT service_id=132 ]
06-25 03:41:49.876  5452  5462 I FontLog : Fetch {Google Sans, wdth 100.0, wght 400, ital 0.0, bestEffort false} end status Status{statusCode=SUCCESS, resolution=null} [CONTEXT service_id=132 ]
06-25 03:41:49.881  5452  5487 I FontLog : Pulling font file for id = 31, cache size = 9 [CONTEXT service_id=132 ]
06-25 03:41:49.882  5452  5487 I FontLog : Received query name=Google Sans&weight=500&besteffort=false, URI content://com.google.android.gms.fonts [CONTEXT service_id=132 ]
06-25 03:41:49.882  5452  5487 I FontLog : Query [name=Google Sans&weight=500&besteffort=false] resolved to {Google Sans, wdth 100.0, wght 500, ital 0.0, bestEffort false} [CONTEXT service_id=132 ]
06-25 03:41:49.882  5452  5487 I FontLog : Font PFD returned from cache for {Google Sans, wdth 100.0, wght 500, ital 0.0, bestEffort false} [CONTEXT service_id=132 ]
06-25 03:41:49.882  5452  5487 I FontLog : Fetch {Google Sans, wdth 100.0, wght 500, ital 0.0, bestEffort false} end status Status{statusCode=SUCCESS, resolution=null} [CONTEXT service_id=132 ]
06-25 03:41:49.886  5452  5487 I FontLog : Pulling font file for id = 32, cache size = 9 [CONTEXT service_id=132 ]
06-25 03:41:49.905   518   605 D ActivityManager: freezing 3226 com.google.android.documentsui
06-25 03:41:49.905   518   605 D ActivityManager: freezing 2909 com.android.chrome
06-25 03:41:49.910  8560  8560 D AutofillManager: notifyViewEnteredForFillDialog:1073741824
06-25 03:41:49.964   334  8680 I resolv  : GetAddrInfoHandler::run: {101 101 101 983141 10192 0}
06-25 03:41:49.964   334  8681 I resolv  : res_nmkquery: (QUERY, IN, AAAA)
06-25 03:41:49.965   334  8681 I resolv  : resolv_cache_lookup: FOUND IN CACHE entry=0x740d4a647c30
06-25 03:41:49.965   334  8681 I resolv  : doQuery: rcode=0, ancount=2, return value=99
06-25 03:41:49.971  8560  8586 I ReactNativeJS: [TurnstileWebView] WebView HTML loaded, hostname: hanapkalinga.com
06-25 03:41:49.971   334  8682 I resolv  : res_nmkquery: (QUERY, IN, A)
06-25 03:41:49.971   334  8682 I resolv  : resolv_cache_lookup: FOUND IN CACHE entry=0x740c2a645c10
06-25 03:41:49.971   334  8682 I resolv  : doQuery: rcode=0, ancount=2, return value=75
06-25 03:41:49.971  8560  8586 I ReactNativeJS: [TurnstileWebView] Turnstile script tag appended to DOM
06-25 03:41:50.000  8410  8461 I Maestro : Skipping invisible child: android.view.accessibility.AccessibilityNodeInfo@128d0; boundsInParent: Rect(0, 0 - 320, 0); boundsInScreen: Rect(0, 0 - 320, 0); boundsInWindow: Rect(0, 0 - 320, 0); packageName: com.hanapkalinga.mobile; className: android.widget.LinearLayout; text: null; error: null; maxTextLength: -1; stateDescription: null; contentDescription: null; tooltipText: null; containerTitle: null; viewIdResName: null; uniqueId: null; checkable: false; checked: false; focusable: false; focused: false; selected: false; clickable: false; longClickable: false; contextClickable: false; enabled: true; password: false; scrollable: false; importantForAccessibility: false; visible: false; actions: [AccessibilityAction: ACTION_SELECT - null, AccessibilityAction: ACTION_CLEAR_SELECTION - null, AccessibilityAction: ACTION_ACCESSIBILITY_FOCUS - null, AccessibilityAction: ACTION_SHOW_ON_SCREEN - null]; isTextSelectable: false
06-25 03:41:50.005  8410  8461 I Maestro : Skipping invisible child: android.view.accessibility.AccessibilityNodeInfo@1250f; boundsInParent: Rect(0, 0 - 320, 0); boundsInScreen: Rect(0, 0 - 320, 0); boundsInWindow: Rect(0, 0 - 320, 0); packageName: com.hanapkalinga.mobile; className: android.view.ViewGroup; text: null; error: null; maxTextLength: -1; stateDescription: null; contentDescription: null; tooltipText: null; containerTitle: null; viewIdResName: null; uniqueId: null; checkable: false; checked: false; focusable: false; focused: false; selected: false; clickable: false; longClickable: false; contextClickable: false; enabled: true; password: false; scrollable: false; importantForAccessibility: false; visible: false; actions: [AccessibilityAction: ACTION_SELECT - null, AccessibilityAction: ACTION_CLEAR_SELECTION - null, AccessibilityAction: ACTION_ACCESSIBILITY_FOCUS - null, AccessibilityAction: ACTION_SHOW_ON_SCREEN - null]; isTextSelectable: false
06-25 03:41:50.006  8410  8461 I Maestro : Skipping invisible child: android.view.accessibility.AccessibilityNodeInfo@17f27; boundsInParent: Rect(0, 0 - 320, 0); boundsInScreen: Rect(0, 0 - 320, 0); boundsInWindow: Rect(0, 0 - 320, 0); packageName: com.hanapkalinga.mobile; className: android.widget.LinearLayout; text: null; error: null; maxTextLength: -1; stateDescription: null; contentDescription: null; tooltipText: null; containerTitle: null; viewIdResName: null; uniqueId: null; checkable: false; checked: false; focusable: false; focused: false; selected: false; clickable: false; longClickable: false; contextClickable: false; enabled: true; password: false; scrollable: false; importantForAccessibility: false; visible: false; actions: [AccessibilityAction: ACTION_SELECT - null, AccessibilityAction: ACTION_CLEAR_SELECTION - null, AccessibilityAction: ACTION_ACCESSIBILITY_FOCUS - null, AccessibilityAction: ACTION_SHOW_ON_SCREEN - null]; isTextSelectable: false
06-25 03:41:50.007  8410  8461 I Maestro : Skipping invisible child: android.view.accessibility.AccessibilityNodeInfo@17b66; boundsInParent: Rect(0, 0 - 320, 0); boundsInScreen: Rect(0, 0 - 320, 0); boundsInWindow: Rect(0, 0 - 320, 0); packageName: com.hanapkalinga.mobile; className: android.view.ViewGroup; text: null; error: null; maxTextLength: -1; stateDescription: null; contentDescription: null; tooltipText: null; containerTitle: null; viewIdResName: null; uniqueId: null; checkable: false; checked: false; focusable: false; focused: false; selected: false; clickable: false; longClickable: false; contextClickable: false; enabled: true; password: false; scrollable: false; importantForAccessibility: false; visible: false; actions: [AccessibilityAction: ACTION_SELECT - null, AccessibilityAction: ACTION_CLEAR_SELECTION - null, AccessibilityAction: ACTION_ACCESSIBILITY_FOCUS - null, AccessibilityAction: ACTION_SHOW_ON_SCREEN - null]; isTextSelectable: false
06-25 03:41:50.016  8410  8461 I Maestro : Skipping invisible child: android.view.accessibility.AccessibilityNodeInfo@164e0; boundsInParent: Rect(0, 0 - 1, 1); boundsInScreen: Rect(24, 322 - 25, 323); boundsInWindow: Rect(24, 322 - 25, 323); packageName: com.hanapkalinga.mobile; className: android.view.ViewGroup; text: null; error: null; maxTextLength: -1; stateDescription: null; contentDescription: null; tooltipText: null; containerTitle: null; viewIdResName: register_captcha_ready; uniqueId: null; checkable: false; checked: false; focusable: false; focused: false; selected: false; clickable: false; longClickable: false; contextClickable: false; enabled: true; password: false; scrollable: false; importantForAccessibility: true; visible: false; actions: [AccessibilityAction: ACTION_SELECT - null, AccessibilityAction: ACTION_CLEAR_SELECTION - null, AccessibilityAction: ACTION_ACCESSIBILITY_FOCUS - null, AccessibilityAction: ACTION_SHOW_ON_SCREEN - null]; isTextSelectable: false
06-25 03:41:50.306  8560  8586 I ReactNativeJS: [TurnstileWebView] Turnstile script loaded successfully
06-25 03:41:50.306  8560  8586 I ReactNativeJS: [TurnstileWebView] turnstile global available, rendering widget
06-25 03:41:50.307  8560  8586 I ReactNativeJS: [TurnstileWebView] turnstile.render() called
06-25 03:41:50.339  8410  8461 D Maestro : View hierarchy received in 571 ms
06-25 03:41:50.356   157  8238 I keystore2: system/security/keystore2/src/watchdog.rs:319 - Watchdog thread idle -> terminating. Have a great day.
--------- beginning of kernel
06-25 03:41:50.533     0     0 I logd    : start watching /data/system/packages.list ...
06-25 03:41:50.536     0     0 I logd    : ReadPackageList, total packages: 202
06-25 03:41:50.463   334  8683 I resolv  : GetAddrInfoHandler::run: {101 101 101 983141 10192 0}
06-25 03:41:50.465   334  8684 I resolv  : res_nmkquery: (QUERY, IN, AAAA)
06-25 03:41:50.465   334  8684 I resolv  : resolv_cache_lookup: FOUND IN CACHE entry=0x740d4a648650
06-25 03:41:50.465   334  8684 I resolv  : doQuery: rcode=0, ancount=0, return value=105
06-25 03:41:50.469   334  8685 I resolv  : res_nmkquery: (QUERY, IN, A)
06-25 03:41:50.469   334  8685 I resolv  : resolv_cache_lookup: FOUND IN CACHE entry=0x740c2a644630
06-25 03:41:50.469   334  8685 I resolv  : doQuery: rcode=0, ancount=2, return value=66
06-25 03:41:50.967  8410  8461 W QueryController: Could not detect idle state.
06-25 03:41:50.969  8410  8461 D Maestro : Requesting view hierarchy
06-25 03:41:50.970  8410  8461 W QueryController: Could not detect idle state.
06-25 03:41:50.970  8410  8461 W QueryController: Could not detect idle state.
06-25 03:41:51.094  1044  1044 D TelephonyManager: requestModemActivityInfo: Sending result to app: ModemActivityInfo{ mTimestamp=345651 mSleepTimeMs=0 mIdleTimeMs=345612 mActivityStatsTechSpecificInfo=[{mRat=UNKNOWN,mFrequencyRange=UNKNOWN,mTxTimeMs[]=[0, 0, 0, 0, 0],mRxTimeMs=0}]}
06-25 03:41:51.403   831   831 D StatusBarIconController: ignoring old pipeline callbacks, because the new mobile icons are enabled
06-25 03:41:51.420  8560  8580 D EGL_emulation: app_time_stats: avg=148.64ms min=2.48ms max=864.94ms count=12
06-25 03:41:51.424  8560  8560 I Choreographer: Skipped 51 frames!  The application may be doing too much work on its main thread.
06-25 03:41:51.501  8560  8574 I OpenGLRenderer: Davey! duration=879ms; Flags=0, FrameTimelineVsyncId=104454, IntendedVsync=345056739900, Vsync=345056739900, InputEventId=0, HandleInputStart=345057251384, AnimationStart=345057252014, PerformTraversalsStart=345058658665, DrawStart=345058798105, FrameDeadline=345156739896, FrameInterval=345057246999, FrameStartTime=16666666, SyncQueued=345058967505, SyncStart=345112987974, IssueDrawCommandsStart=345113966310, SwapBuffers=345977004039, FrameCompleted=345990220877, DequeueBufferDuration=3451, QueueBufferDuration=154540, GpuCompleted=345990220877, SwapBuffersCompleted=345977965193, DisplayPresentTime=0, CommandSubmissionCompleted=345977004039, 
06-25 03:41:51.514  8410  8461 I Maestro : Skipping invisible child: android.view.accessibility.AccessibilityNodeInfo@128d0; boundsInParent: Rect(0, 0 - 320, 0); boundsInScreen: Rect(0, 0 - 320, 0); boundsInWindow: Rect(0, 0 - 320, 0); packageName: com.hanapkalinga.mobile; className: android.widget.LinearLayout; text: null; error: null; maxTextLength: -1; stateDescription: null; contentDescription: null; tooltipText: null; containerTitle: null; viewIdResName: null; uniqueId: null; checkable: false; checked: false; focusable: false; focused: false; selected: false; clickable: false; longClickable: false; contextClickable: false; enabled: true; password: false; scrollable: false; importantForAccessibility: false; visible: false; actions: [AccessibilityAction: ACTION_SELECT - null, AccessibilityAction: ACTION_CLEAR_SELECTION - null, AccessibilityAction: ACTION_ACCESSIBILITY_FOCUS - null, AccessibilityAction: ACTION_SHOW_ON_SCREEN - null]; isTextSelectable: false
06-25 03:41:51.515  8410  8461 I Maestro : Skipping invisible child: android.view.accessibility.AccessibilityNodeInfo@1250f; boundsInParent: Rect(0, 0 - 320, 0); boundsInScreen: Rect(0, 0 - 320, 0); boundsInWindow: Rect(0, 0 - 320, 0); packageName: com.hanapkalinga.mobile; className: android.view.ViewGroup; text: null; error: null; maxTextLength: -1; stateDescription: null; contentDescription: null; tooltipText: null; containerTitle: null; viewIdResName: null; uniqueId: null; checkable: false; checked: false; focusable: false; focused: false; selected: false; clickable: false; longClickable: false; contextClickable: false; enabled: true; password: false; scrollable: false; importantForAccessibility: false; visible: false; actions: [AccessibilityAction: ACTION_SELECT - null, AccessibilityAction: ACTION_CLEAR_SELECTION - null, AccessibilityAction: ACTION_ACCESSIBILITY_FOCUS - null, AccessibilityAction: ACTION_SHOW_ON_SCREEN - null]; isTextSelectable: false
06-25 03:41:51.518  8410  8461 I Maestro : Skipping invisible child: android.view.accessibility.AccessibilityNodeInfo@17f27; boundsInParent: Rect(0, 0 - 320, 0); boundsInScreen: Rect(0, 0 - 320, 0); boundsInWindow: Rect(0, 0 - 320, 0); packageName: com.hanapkalinga.mobile; className: android.widget.LinearLayout; text: null; error: null; maxTextLength: -1; stateDescription: null; contentDescription: null; tooltipText: null; containerTitle: null; viewIdResName: null; uniqueId: null; checkable: false; checked: false; focusable: false; focused: false; selected: false; clickable: false; longClickable: false; contextClickable: false; enabled: true; password: false; scrollable: false; importantForAccessibility: false; visible: false; actions: [AccessibilityAction: ACTION_SELECT - null, AccessibilityAction: ACTION_CLEAR_SELECTION - null, AccessibilityAction: ACTION_ACCESSIBILITY_FOCUS - null, AccessibilityAction: ACTION_SHOW_ON_SCREEN - null]; isTextSelectable: false
06-25 03:41:51.519  8410  8461 I Maestro : Skipping invisible child: android.view.accessibility.AccessibilityNodeInfo@17b66; boundsInParent: Rect(0, 0 - 320, 0); boundsInScreen: Rect(0, 0 - 320, 0); boundsInWindow: Rect(0, 0 - 320, 0); packageName: com.hanapkalinga.mobile; className: android.view.ViewGroup; text: null; error: null; maxTextLength: -1; stateDescription: null; contentDescription: null; tooltipText: null; containerTitle: null; viewIdResName: null; uniqueId: null; checkable: false; checked: false; focusable: false; focused: false; selected: false; clickable: false; longClickable: false; contextClickable: false; enabled: true; password: false; scrollable: false; importantForAccessibility: false; visible: false; actions: [AccessibilityAction: ACTION_SELECT - null, AccessibilityAction: ACTION_CLEAR_SELECTION - null, AccessibilityAction: ACTION_ACCESSIBILITY_FOCUS - null, AccessibilityAction: ACTION_SHOW_ON_SCREEN - null]; isTextSelectable: false
06-25 03:41:51.575  8560  8569 W System  : A resource failed to call release. 
06-25 03:41:51.697  8410  8461 I Maestro : Skipping invisible child: android.view.accessibility.AccessibilityNodeInfo@164e0; boundsInParent: Rect(0, 0 - 1, 1); boundsInScreen: Rect(24, 322 - 25, 323); boundsInWindow: Rect(24, 322 - 25, 323); packageName: com.hanapkalinga.mobile; className: android.view.ViewGroup; text: null; error: null; maxTextLength: -1; stateDescription: null; contentDescription: null; tooltipText: null; containerTitle: null; viewIdResName: register_captcha_ready; uniqueId: null; checkable: false; checked: false; focusable: false; focused: false; selected: false; clickable: false; longClickable: false; contextClickable: false; enabled: true; password: false; scrollable: false; importantForAccessibility: true; visible: false; actions: [AccessibilityAction: ACTION_SELECT - null, AccessibilityAction: ACTION_CLEAR_SELECTION - null, AccessibilityAction: ACTION_ACCESSIBILITY_FOCUS - null, AccessibilityAction: ACTION_SHOW_ON_SCREEN - null]; isTextSelectable: false
06-25 03:41:51.840  8410  8461 D Maestro : View hierarchy received in 871 ms
06-25 03:41:51.876  2791  2791 I DialerCallerIdFeedbackDeletionWorker: com.android.dialer.calleridfeedback.impl.database.retention.CallerIdFeedbackDeletionWorker.startWork:60 startWork
06-25 03:41:51.877  2791  2791 I DialerCallerIdFeedbackEnabledFn: com.android.dialer.calleridfeedback.impl.CallerIdFeedbackEnabledFn.isEnabled:41 Caller ID feedback enabled [CONTEXT ratelimit_period="1 MINUTES [skipped: 1]" ]
06-25 03:41:51.878  2791  2957 I WM-WorkerWrapper: Worker result SUCCESS for Work [ id=23830a43-4644-4c14-ae12-2d4433d2f82f, tags={ com.google.apps.tiktok.contrib.work.TikTokListenableWorker, TikTokWorker#com.android.dialer.calleridfeeback.impl.database.retention.CallerIdFeedbackDeletionWorker } ]
06-25 03:41:51.895  2791  2956 I DialerCallerIdFeedbackDatabase: com.android.dialer.calleridfeedback.impl.database.CallerIdFeedbackDatabase.deleteAllMatching:409 feedbackCreationTimestamp list empty
06-25 03:41:51.896  2791  2956 I DialerCallerIdFeedbackDatabase: com.android.dialer.calleridfeedback.impl.database.CallerIdFeedbackDatabase$1.onSuccess:351 Deleted old caller IDs.
06-25 03:41:52.020  8560  8586 I ReactNativeJS: [TurnstileWebView] Turnstile success, token length: 21
06-25 03:41:52.311   518   545 D OomAdjuster: Not killing cached processes
06-25 03:41:52.317  2791  2791 I DialerXatuMetricsWorker: com.android.dialer.xatu.impl.storage.postcall.XatuMetricsWorker.startWork:66 enter
06-25 03:41:52.326   518  1703 D CompatibilityChangeReporter: Compat change id reported: 261072174; UID 10192; state: ENABLED
06-25 03:41:52.332  2791  2952 I WM-WorkerWrapper: Worker result SUCCESS for Work [ id=3f44aa83-0e82-4bbd-827c-087ecb88c35a, tags={ com.google.apps.tiktok.contrib.work.TikTokListenableWorker, TikTokWorker#com.android.dialer.xatu.impl.storage.postcall.XatuMetricsWorker } ]
06-25 03:41:52.342   518  1703 W JobScheduler: Job didn't exist in JobStore: 70842a0 #u0a128/6 com.google.android.dialer/androidx.work.impl.background.systemjob.SystemJobService
06-25 03:41:52.377  5504  8689 I ChimeraConfigurator: Starting update, reason: 4 urgentFeatures: vision.ocr:-1
06-25 03:41:52.396  5504  8689 I ChimeraConfigurator: Detected pending changes for urgent request: [vision.ocr]. Pending module sets: container:2318189190800+mlkit.ocr.common,tflite_dynamite:2605805025100800+tflite_dynamite,vision_ocr:2316024025100000+vision.ocr
06-25 03:41:52.409  5504  8689 I GmsDebugLogger: [73] 1801
06-25 03:41:52.413  5504  8689 W ZappDownloader: No successful module downloads for requested features [vision.ocr].
06-25 03:41:52.413  5504  8689 I GmsDebugLogger: [30] [VisionOcrDynamite.integ:231602402100000],[TfliteDynamiteDynamite.integ:260580502100800],[MlkitOcrCommon.optional:231818100800]
06-25 03:41:52.440  5504  8689 W ChimeraConfigService: Retry attempt was throttled. [CONTEXT service_id=264 ]
06-25 03:41:52.441  5504  8689 I GmsDebugLogger: [83] 1 [vision.ocr]
06-25 03:41:52.442  5504  8687 W Vision  : Request for optional module download of ocr failed. Request again.
06-25 03:41:52.442  5504  8687 W Vision  : Would have logged:
06-25 03:41:52.442  5504  8687 W Vision  : # dsae@37884fe7
06-25 03:41:52.442  5504  8687 I Vision  : Schedule retrying download ocr at 346999 with backoff 160 seconds
06-25 03:41:52.535  8560  8580 D EGL_emulation: app_time_stats: avg=15.71ms min=3.06ms max=187.06ms count=38
06-25 03:41:52.720  8410  8461 W QueryController: Could not detect idle state.
06-25 03:41:52.720  8410  8461 D Maestro : Requesting view hierarchy
06-25 03:41:52.721  8410  8461 W QueryController: Could not detect idle state.
06-25 03:41:52.722  8410  8461 W QueryController: Could not detect idle state.
06-25 03:41:52.726   340  6308 D android.hardware.audio@7.1-impl.ranchu: threadLoop: entering standby, frames: 2231488
06-25 03:41:52.846  8410  8461 I Maestro : Skipping invisible child: android.view.accessibility.AccessibilityNodeInfo@128d0; boundsInParent: Rect(0, 0 - 320, 0); boundsInScreen: Rect(0, 0 - 320, 0); boundsInWindow: Rect(0, 0 - 320, 0); packageName: com.hanapkalinga.mobile; className: android.widget.LinearLayout; text: null; error: null; maxTextLength: -1; stateDescription: null; contentDescription: null; tooltipText: null; containerTitle: null; viewIdResName: null; uniqueId: null; checkable: false; checked: false; focusable: false; focused: false; selected: false; clickable: false; longClickable: false; contextClickable: false; enabled: true; password: false; scrollable: false; importantForAccessibility: false; visible: false; actions: [AccessibilityAction: ACTION_SELECT - null, AccessibilityAction: ACTION_CLEAR_SELECTION - null, AccessibilityAction: ACTION_ACCESSIBILITY_FOCUS - null, AccessibilityAction: ACTION_SHOW_ON_SCREEN - null]; isTextSelectable: false
06-25 03:41:52.846  8410  8461 I Maestro : Skipping invisible child: android.view.accessibility.AccessibilityNodeInfo@1250f; boundsInParent: Rect(0, 0 - 320, 0); boundsInScreen: Rect(0, 0 - 320, 0); boundsInWindow: Rect(0, 0 - 320, 0); packageName: com.hanapkalinga.mobile; className: android.view.ViewGroup; text: null; error: null; maxTextLength: -1; stateDescription: null; contentDescription: null; tooltipText: null; containerTitle: null; viewIdResName: null; uniqueId: null; checkable: false; checked: false; focusable: false; focused: false; selected: false; clickable: false; longClickable: false; contextClickable: false; enabled: true; password: false; scrollable: false; importantForAccessibility: false; visible: false; actions: [AccessibilityAction: ACTION_SELECT - null, AccessibilityAction: ACTION_CLEAR_SELECTION - null, AccessibilityAction: ACTION_ACCESSIBILITY_FOCUS - null, AccessibilityAction: ACTION_SHOW_ON_SCREEN - null]; isTextSelectable: false
06-25 03:41:52.847  8410  8461 I Maestro : Skipping invisible child: android.view.accessibility.AccessibilityNodeInfo@17f27; boundsInParent: Rect(0, 0 - 320, 0); boundsInScreen: Rect(0, 0 - 320, 0); boundsInWindow: Rect(0, 0 - 320, 0); packageName: com.hanapkalinga.mobile; className: android.widget.LinearLayout; text: null; error: null; maxTextLength: -1; stateDescription: null; contentDescription: null; tooltipText: null; containerTitle: null; viewIdResName: null; uniqueId: null; checkable: false; checked: false; focusable: false; focused: false; selected: false; clickable: false; longClickable: false; contextClickable: false; enabled: true; password: false; scrollable: false; importantForAccessibility: false; visible: false; actions: [AccessibilityAction: ACTION_SELECT - null, AccessibilityAction: ACTION_CLEAR_SELECTION - null, AccessibilityAction: ACTION_ACCESSIBILITY_FOCUS - null, AccessibilityAction: ACTION_SHOW_ON_SCREEN - null]; isTextSelectable: false
06-25 03:41:52.848  8410  8461 I Maestro : Skipping invisible child: android.view.accessibility.AccessibilityNodeInfo@17b66; boundsInParent: Rect(0, 0 - 320, 0); boundsInScreen: Rect(0, 0 - 320, 0); boundsInWindow: Rect(0, 0 - 320, 0); packageName: com.hanapkalinga.mobile; className: android.view.ViewGroup; text: null; error: null; maxTextLength: -1; stateDescription: null; contentDescription: null; tooltipText: null; containerTitle: null; viewIdResName: null; uniqueId: null; checkable: false; checked: false; focusable: false; focused: false; selected: false; clickable: false; longClickable: false; contextClickable: false; enabled: true; password: false; scrollable: false; importantForAccessibility: false; visible: false; actions: [AccessibilityAction: ACTION_SELECT - null, AccessibilityAction: ACTION_CLEAR_SELECTION - null, AccessibilityAction: ACTION_ACCESSIBILITY_FOCUS - null, AccessibilityAction: ACTION_SHOW_ON_SCREEN - null]; isTextSelectable: false
06-25 03:41:52.891  8410  8461 D Maestro : View hierarchy received in 171 ms
06-25 03:41:53.106   831   831 D StatusBarIconController: ignoring old pipeline callbacks, because the new mobile icons are enabled
06-25 03:41:53.220  8410  8624 D Maestro : Requesting view hierarchy
06-25 03:41:53.220  8410  8624 W QueryController: Could not detect idle state.
06-25 03:41:53.221  8410  8624 W QueryController: Could not detect idle state.
06-25 03:41:53.232  8410  8624 I Maestro : Skipping invisible child: android.view.accessibility.AccessibilityNodeInfo@128d0; boundsInParent: Rect(0, 0 - 320, 0); boundsInScreen: Rect(0, 0 - 320, 0); boundsInWindow: Rect(0, 0 - 320, 0); packageName: com.hanapkalinga.mobile; className: android.widget.LinearLayout; text: null; error: null; maxTextLength: -1; stateDescription: null; contentDescription: null; tooltipText: null; containerTitle: null; viewIdResName: null; uniqueId: null; checkable: false; checked: false; focusable: false; focused: false; selected: false; clickable: false; longClickable: false; contextClickable: false; enabled: true; password: false; scrollable: false; importantForAccessibility: false; visible: false; actions: [AccessibilityAction: ACTION_SELECT - null, AccessibilityAction: ACTION_CLEAR_SELECTION - null, AccessibilityAction: ACTION_ACCESSIBILITY_FOCUS - null, AccessibilityAction: ACTION_SHOW_ON_SCREEN - null]; isTextSelectable: false
06-25 03:41:53.232  8410  8624 I Maestro : Skipping invisible child: android.view.accessibility.AccessibilityNodeInfo@1250f; boundsInParent: Rect(0, 0 - 320, 0); boundsInScreen: Rect(0, 0 - 320, 0); boundsInWindow: Rect(0, 0 - 320, 0); packageName: com.hanapkalinga.mobile; className: android.view.ViewGroup; text: null; error: null; maxTextLength: -1; stateDescription: null; contentDescription: null; tooltipText: null; containerTitle: null; viewIdResName: null; uniqueId: null; checkable: false; checked: false; focusable: false; focused: false; selected: false; clickable: false; longClickable: false; contextClickable: false; enabled: true; password: false; scrollable: false; importantForAccessibility: false; visible: false; actions: [AccessibilityAction: ACTION_SELECT - null, AccessibilityAction: ACTION_CLEAR_SELECTION - null, AccessibilityAction: ACTION_ACCESSIBILITY_FOCUS - null, AccessibilityAction: ACTION_SHOW_ON_SCREEN - null]; isTextSelectable: false
06-25 03:41:53.233  8410  8624 I Maestro : Skipping invisible child: android.view.accessibility.AccessibilityNodeInfo@17f27; boundsInParent: Rect(0, 0 - 320, 0); boundsInScreen: Rect(0, 0 - 320, 0); boundsInWindow: Rect(0, 0 - 320, 0); packageName: com.hanapkalinga.mobile; className: android.widget.LinearLayout; text: null; error: null; maxTextLength: -1; stateDescription: null; contentDescription: null; tooltipText: null; containerTitle: null; viewIdResName: null; uniqueId: null; checkable: false; checked: false; focusable: false; focused: false; selected: false; clickable: false; longClickable: false; contextClickable: false; enabled: true; password: false; scrollable: false; importantForAccessibility: false; visible: false; actions: [AccessibilityAction: ACTION_SELECT - null, AccessibilityAction: ACTION_CLEAR_SELECTION - null, AccessibilityAction: ACTION_ACCESSIBILITY_FOCUS - null, AccessibilityAction: ACTION_SHOW_ON_SCREEN - null]; isTextSelectable: false
06-25 03:41:53.234  8410  8624 I Maestro : Skipping invisible child: android.view.accessibility.AccessibilityNodeInfo@17b66; boundsInParent: Rect(0, 0 - 320, 0); boundsInScreen: Rect(0, 0 - 320, 0); boundsInWindow: Rect(0, 0 - 320, 0); packageName: com.hanapkalinga.mobile; className: android.view.ViewGroup; text: null; error: null; maxTextLength: -1; stateDescription: null; contentDescription: null; tooltipText: null; containerTitle: null; viewIdResName: null; uniqueId: null; checkable: false; checked: false; focusable: false; focused: false; selected: false; clickable: false; longClickable: false; contextClickable: false; enabled: true; password: false; scrollable: false; importantForAccessibility: false; visible: false; actions: [AccessibilityAction: ACTION_SELECT - null, AccessibilityAction: ACTION_CLEAR_SELECTION - null, AccessibilityAction: ACTION_ACCESSIBILITY_FOCUS - null, AccessibilityAction: ACTION_SHOW_ON_SCREEN - null]; isTextSelectable: false
06-25 03:41:53.255  8410  8624 D Maestro : View hierarchy received in 35 ms
06-25 03:41:53.319  8410  8624 D Maestro : Requesting view hierarchy
06-25 03:41:53.320  8410  8624 W QueryController: Could not detect idle state.
06-25 03:41:53.321  8410  8624 W QueryController: Could not detect idle state.
06-25 03:41:53.331  8410  8624 I Maestro : Skipping invisible child: android.view.accessibility.AccessibilityNodeInfo@128d0; boundsInParent: Rect(0, 0 - 320, 0); boundsInScreen: Rect(0, 0 - 320, 0); boundsInWindow: Rect(0, 0 - 320, 0); packageName: com.hanapkalinga.mobile; className: android.widget.LinearLayout; text: null; error: null; maxTextLength: -1; stateDescription: null; contentDescription: null; tooltipText: null; containerTitle: null; viewIdResName: null; uniqueId: null; checkable: false; checked: false; focusable: false; focused: false; selected: false; clickable: false; longClickable: false; contextClickable: false; enabled: true; password: false; scrollable: false; importantForAccessibility: false; visible: false; actions: [AccessibilityAction: ACTION_SELECT - null, AccessibilityAction: ACTION_CLEAR_SELECTION - null, AccessibilityAction: ACTION_ACCESSIBILITY_FOCUS - null, AccessibilityAction: ACTION_SHOW_ON_SCREEN - null]; isTextSelectable: false
06-25 03:41:53.331  8410  8624 I Maestro : Skipping invisible child: android.view.accessibility.AccessibilityNodeInfo@1250f; boundsInParent: Rect(0, 0 - 320, 0); boundsInScreen: Rect(0, 0 - 320, 0); boundsInWindow: Rect(0, 0 - 320, 0); packageName: com.hanapkalinga.mobile; className: android.view.ViewGroup; text: null; error: null; maxTextLength: -1; stateDescription: null; contentDescription: null; tooltipText: null; containerTitle: null; viewIdResName: null; uniqueId: null; checkable: false; checked: false; focusable: false; focused: false; selected: false; clickable: false; longClickable: false; contextClickable: false; enabled: true; password: false; scrollable: false; importantForAccessibility: false; visible: false; actions: [AccessibilityAction: ACTION_SELECT - null, AccessibilityAction: ACTION_CLEAR_SELECTION - null, AccessibilityAction: ACTION_ACCESSIBILITY_FOCUS - null, AccessibilityAction: ACTION_SHOW_ON_SCREEN - null]; isTextSelectable: false
06-25 03:41:53.332  8410  8624 I Maestro : Skipping invisible child: android.view.accessibility.AccessibilityNodeInfo@17f27; boundsInParent: Rect(0, 0 - 320, 0); boundsInScreen: Rect(0, 0 - 320, 0); boundsInWindow: Rect(0, 0 - 320, 0); packageName: com.hanapkalinga.mobile; className: android.widget.LinearLayout; text: null; error: null; maxTextLength: -1; stateDescription: null; contentDescription: null; tooltipText: null; containerTitle: null; viewIdResName: null; uniqueId: null; checkable: false; checked: false; focusable: false; focused: false; selected: false; clickable: false; longClickable: false; contextClickable: false; enabled: true; password: false; scrollable: false; importantForAccessibility: false; visible: false; actions: [AccessibilityAction: ACTION_SELECT - null, AccessibilityAction: ACTION_CLEAR_SELECTION - null, AccessibilityAction: ACTION_ACCESSIBILITY_FOCUS - null, AccessibilityAction: ACTION_SHOW_ON_SCREEN - null]; isTextSelectable: false
06-25 03:41:53.333  8410  8624 I Maestro : Skipping invisible child: android.view.accessibility.AccessibilityNodeInfo@17b66; boundsInParent: Rect(0, 0 - 320, 0); boundsInScreen: Rect(0, 0 - 320, 0); boundsInWindow: Rect(0, 0 - 320, 0); packageName: com.hanapkalinga.mobile; className: android.view.ViewGroup; text: null; error: null; maxTextLength: -1; stateDescription: null; contentDescription: null; tooltipText: null; containerTitle: null; viewIdResName: null; uniqueId: null; checkable: false; checked: false; focusable: false; focused: false; selected: false; clickable: false; longClickable: false; contextClickable: false; enabled: true; password: false; scrollable: false; importantForAccessibility: false; visible: false; actions: [AccessibilityAction: ACTION_SELECT - null, AccessibilityAction: ACTION_CLEAR_SELECTION - null, AccessibilityAction: ACTION_ACCESSIBILITY_FOCUS - null, AccessibilityAction: ACTION_SHOW_ON_SCREEN - null]; isTextSelectable: false
06-25 03:41:53.350  8410  8624 D Maestro : View hierarchy received in 31 ms
06-25 03:41:53.440  8410  8624 W QueryController: Could not detect idle state.
06-25 03:41:53.444  8410  8624 W QueryController: Could not detect idle state.
06-25 03:41:53.451  8410  8624 W UiDevice: Skipping wait as package ${APP_ID} does not match current window com.hanapkalinga.mobile.
06-25 03:41:53.459  8410  8624 W QueryController: Could not detect idle state.
06-25 03:41:53.464  8410  8624 W QueryController: Could not detect idle state.
06-25 03:41:53.470  8410  8624 W UiDevice: Skipping wait as package ${APP_ID} does not match current window com.hanapkalinga.mobile.
06-25 03:41:53.479  8410  8624 W QueryController: Could not detect idle state.
06-25 03:41:53.481  8410  8624 W QueryController: Could not detect idle state.
06-25 03:41:53.484  8410  8624 W UiDevice: Skipping wait as package ${APP_ID} does not match current window com.hanapkalinga.mobile.
06-25 03:41:53.491  8410  8624 W QueryController: Could not detect idle state.
06-25 03:41:53.495  8410  8624 W QueryController: Could not detect idle state.
06-25 03:41:53.502  8410  8624 W UiDevice: Skipping wait as package ${APP_ID} does not match current window com.hanapkalinga.mobile.
06-25 03:41:53.511  8410  8624 W QueryController: Could not detect idle state.
06-25 03:41:53.515  8410  8624 W QueryController: Could not detect idle state.
06-25 03:41:53.522  8410  8624 W UiDevice: Skipping wait as package ${APP_ID} does not match current window com.hanapkalinga.mobile.
06-25 03:41:53.531  8410  8624 W QueryController: Could not detect idle state.
06-25 03:41:53.537  8410  8624 W QueryController: Could not detect idle state.
06-25 03:41:53.541  8410  8624 W UiDevice: Skipping wait as package ${APP_ID} does not match current window com.hanapkalinga.mobile.
06-25 03:41:53.549  8410  8624 W QueryController: Could not detect idle state.
06-25 03:41:53.552  8410  8624 W QueryController: Could not detect idle state.
06-25 03:41:53.560  8410  8624 W UiDevice: Skipping wait as package ${APP_ID} does not match current window com.hanapkalinga.mobile.
06-25 03:41:53.568  8410  8624 W QueryController: Could not detect idle state.
06-25 03:41:53.570  8410  8624 W QueryController: Could not detect idle state.
06-25 03:41:53.581  8410  8624 W UiDevice: Skipping wait as package ${APP_ID} does not match current window com.hanapkalinga.mobile.
06-25 03:41:53.632  8410  8624 W QueryController: Could not detect idle state.
06-25 03:41:53.636  8410  8624 W QueryController: Could not detect idle state.
06-25 03:41:53.644  8410  8624 W UiDevice: Skipping wait as package ${APP_ID} does not match current window com.hanapkalinga.mobile.
06-25 03:41:53.696  8410  8461 W QueryController: Could not detect idle state.
06-25 03:41:53.700  8410  8461 W QueryController: Could not detect idle state.
06-25 03:41:53.704  8410  8461 W UiDevice: Skipping wait as package ${APP_ID} does not match current window com.hanapkalinga.mobile.
06-25 03:41:53.711  8410  8461 W QueryController: Could not detect idle state.
06-25 03:41:53.714  8410  8461 W QueryController: Could not detect idle state.
06-25 03:41:53.719  8410  8461 W UiDevice: Skipping wait as package ${APP_ID} does not match current window com.hanapkalinga.mobile.
06-25 03:41:53.726  8410  8461 W QueryController: Could not detect idle state.
06-25 03:41:53.729  8410  8461 W QueryController: Could not detect idle state.
06-25 03:41:53.733  8410  8461 W UiDevice: Skipping wait as package ${APP_ID} does not match current window com.hanapkalinga.mobile.
06-25 03:41:53.740  8410  8461 W QueryController: Could not detect idle state.
06-25 03:41:53.744  8410  8461 W QueryController: Could not detect idle state.
06-25 03:41:53.749  8410  8461 W UiDevice: Skipping wait as package ${APP_ID} does not match current window com.hanapkalinga.mobile.
06-25 03:41:53.755  8410  8461 W QueryController: Could not detect idle state.
06-25 03:41:53.758  8410  8461 W QueryController: Could not detect idle state.
06-25 03:41:53.763  8410  8461 W UiDevice: Skipping wait as package ${APP_ID} does not match current window com.hanapkalinga.mobile.
06-25 03:41:53.769  8410  8461 W QueryController: Could not detect idle state.
06-25 03:41:53.773  8410  8461 W QueryController: Could not detect idle state.
06-25 03:41:53.777  8410  8461 W UiDevice: Skipping wait as package ${APP_ID} does not match current window com.hanapkalinga.mobile.
06-25 03:41:53.790  8410  8461 W QueryController: Could not detect idle state.
06-25 03:41:53.791  8410  8461 W QueryController: Could not detect idle state.
06-25 03:41:53.794  8410  8461 W UiDevice: Skipping wait as package ${APP_ID} does not match current window com.hanapkalinga.mobile.
06-25 03:41:53.800  8410  8461 W QueryController: Could not detect idle state.
06-25 03:41:53.801  8410  8461 W QueryController: Could not detect idle state.
06-25 03:41:53.804  8410  8461 W UiDevice: Skipping wait as package ${APP_ID} does not match current window com.hanapkalinga.mobile.
06-25 03:41:53.809  8410  8461 W QueryController: Could not detect idle state.
06-25 03:41:53.810  8410  8461 W QueryController: Could not detect idle state.
06-25 03:41:53.812  8410  8461 W UiDevice: Skipping wait as package ${APP_ID} does not match current window com.hanapkalinga.mobile.
06-25 03:41:53.818  8410  8461 W QueryController: Could not detect idle state.
06-25 03:41:53.819  8410  8461 W QueryController: Could not detect idle state.
06-25 03:41:53.821  8410  8461 W UiDevice: Skipping wait as package ${APP_ID} does not match current window com.hanapkalinga.mobile.
06-25 03:41:53.828  8410  8461 W QueryController: Could not detect idle state.
06-25 03:41:53.828  8410  8461 W QueryController: Could not detect idle state.
06-25 03:41:53.830  8410  8461 W UiDevice: Skipping wait as package ${APP_ID} does not match current window com.hanapkalinga.mobile.
06-25 03:41:53.837  8410  8461 W QueryController: Could not detect idle state.
06-25 03:41:53.838  8410  8461 W QueryController: Could not detect idle state.
06-25 03:41:53.840  8410  8461 W UiDevice: Skipping wait as package ${APP_ID} does not match current window com.hanapkalinga.mobile.
06-25 03:41:53.847  8410  8461 W QueryController: Could not detect idle state.
06-25 03:41:53.848  8410  8461 W QueryController: Could not detect idle state.
06-25 03:41:53.850  8410  8461 W UiDevice: Skipping wait as package ${APP_ID} does not match current window com.hanapkalinga.mobile.
06-25 03:41:53.855  8410  8461 W QueryController: Could not detect idle state.
06-25 03:41:53.856  8410  8461 W QueryController: Could not detect idle state.
06-25 03:41:53.858  8410  8461 W UiDevice: Skipping wait as package ${APP_ID} does not match current window com.hanapkalinga.mobile.
06-25 03:41:53.864  8410  8461 W QueryController: Could not detect idle state.
06-25 03:41:53.866  8410  8461 W QueryController: Could not detect idle state.
06-25 03:41:53.868  8410  8461 W UiDevice: Skipping wait as package ${APP_ID} does not match current window com.hanapkalinga.mobile.
06-25 03:41:53.874  8410  8461 W QueryController: Could not detect idle state.
06-25 03:41:53.875  8410  8461 W QueryController: Could not detect idle state.
06-25 03:41:53.878  8410  8461 W UiDevice: Skipping wait as package ${APP_ID} does not match current window com.hanapkalinga.mobile.
06-25 03:41:53.885  8410  8461 W QueryController: Could not detect idle state.
06-25 03:41:53.886  8410  8461 W QueryController: Could not detect idle state.
06-25 03:41:53.888  8410  8461 W UiDevice: Skipping wait as package ${APP_ID} does not match current window com.hanapkalinga.mobile.
06-25 03:41:53.898  8410  8461 W QueryController: Could not detect idle state.
06-25 03:41:53.899  8410  8461 W QueryController: Could not detect idle state.
06-25 03:41:53.903  8410  8461 W UiDevice: Skipping wait as package ${APP_ID} does not match current window com.hanapkalinga.mobile.
06-25 03:41:53.908  8410  8461 W QueryController: Could not detect idle state.
06-25 03:41:53.909  8410  8461 W QueryController: Could not detect idle state.
06-25 03:41:53.916  8410  8461 W UiDevice: Skipping wait as package ${APP_ID} does not match current window com.hanapkalinga.mobile.
06-25 03:41:53.922  8410  8461 W QueryController: Could not detect idle state.
06-25 03:41:53.923  8410  8461 W QueryController: Could not detect idle state.
06-25 03:41:53.925  8410  8461 W UiDevice: Skipping wait as package ${APP_ID} does not match current window com.hanapkalinga.mobile.
06-25 03:41:53.931  8410  8461 W QueryController: Could not detect idle state.
06-25 03:41:53.932  8410  8461 W QueryController: Could not detect idle state.
06-25 03:41:53.934  8410  8461 W UiDevice: Skipping wait as package ${APP_ID} does not match current window com.hanapkalinga.mobile.
06-25 03:41:53.939  8410  8461 W QueryController: Could not detect idle state.
06-25 03:41:53.940  8410  8461 W QueryController: Could not detect idle state.
06-25 03:41:53.943  8410  8461 W UiDevice: Skipping wait as package ${APP_ID} does not match current window com.hanapkalinga.mobile.
06-25 03:41:53.950  8410  8461 W QueryController: Could not detect idle state.
06-25 03:41:53.951  8410  8461 W QueryController: Could not detect idle state.
06-25 03:41:53.953  8410  8461 W UiDevice: Skipping wait as package ${APP_ID} does not match current window com.hanapkalinga.mobile.
06-25 03:41:53.961  8410  8461 W QueryController: Could not detect idle state.
06-25 03:41:53.962  8410  8461 W QueryController: Could not detect idle state.
06-25 03:41:53.964  8410  8461 W UiDevice: Skipping wait as package ${APP_ID} does not match current window com.hanapkalinga.mobile.
06-25 03:41:53.970  8410  8461 W QueryController: Could not detect idle state.
06-25 03:41:53.972  8410  8461 W QueryController: Could not detect idle state.
06-25 03:41:53.974  8410  8461 W UiDevice: Skipping wait as package ${APP_ID} does not match current window com.hanapkalinga.mobile.
