06-26 06:59:48.161   335  6934 I resolv  : resolv_cache_lookup: FOUND IN CACHE entry=0x7bfd8cd21470
06-26 06:59:48.161   335  6934 I resolv  : doQuery: rcode=0, ancount=1, return value=76
06-26 06:59:48.162   335  6935 I resolv  : res_nmkquery: (QUERY, IN, A)
06-26 06:59:48.162   335  6935 I resolv  : resolv_cache_lookup: FOUND IN CACHE entry=0x7bfd8cd22270
06-26 06:59:48.162   335  6935 I resolv  : doQuery: rcode=0, ancount=1, return value=64
06-26 06:59:48.163  5216  6932 D TrafficStats: tagSocket(156) with statsTag=0x1460, statsUid=-1
06-26 06:59:48.190  5974  6302 D Maestro : Requesting view hierarchy
06-26 06:59:48.191  5974  6302 W QueryController: Could not detect idle state.
06-26 06:59:48.191  5974  6302 W QueryController: Could not detect idle state.
06-26 06:59:48.274   396  1474 D audioserver: FGS Logger Transaction failed
06-26 06:59:48.274   396  1474 D audioserver: -129
06-26 06:59:48.283  6152  6152 W WindowOnBackDispatcher: sendCancelIfRunning: isInProgress=falsecallback=android.view.ViewRootImpl$$ExternalSyntheticLambda17@e937998
06-26 06:59:48.284   518  2615 D CoreBackPreview: Window{cce39b6 u0 com.hanapkalinga.mobile/com.hanapkalinga.mobile.MainActivity}: Setting back callback null
06-26 06:59:48.286  5974  6302 W UiDevice: Skipping null root node for window: AccessibilityWindowInfo[title=null, displayId=0, id=19, taskId=11, type=TYPE_APPLICATION, layer=0, region=SkRegion((0,237,320,427)), bounds=Rect(0, 237 - 320, 427), focused=true, active=true, pictureInPicture=false, transitionTime=167126, hasParent=false, isAnchored=false, hasChildren=false]
06-26 06:59:48.298   396   501 D AudioFlinger: mixer(0x72e9ef9b7930) throttle end: throttle time(34)
06-26 06:59:48.301  5974  6302 D Maestro : View hierarchy received in 111 ms
06-26 06:59:48.306   518  2615 W InputManager-JNI: Input channel object 'cce39b6 com.hanapkalinga.mobile/com.hanapkalinga.mobile.MainActivity (client)' was disposed without first being removed with the input manager!
06-26 06:59:48.314   518   577 V WindowManager: Unknown focus tokens, dropping reportFocusChanged
06-26 06:59:48.315  6152  6152 W WindowOnBackDispatcher: OnBackInvokedCallback is not enabled for the application.
06-26 06:59:48.315  6152  6152 W WindowOnBackDispatcher: Set 'android:enableOnBackInvokedCallback="true"' in the application manifest.
06-26 06:59:48.436  6152  6174 D EGL_emulation: app_time_stats: avg=202.52ms min=2.30ms max=2156.04ms count=12
06-26 06:59:48.438   868   931 D EGL_emulation: app_time_stats: avg=1150.86ms min=12.41ms max=2289.31ms count=2
06-26 06:59:48.449   518  2637 I ImeTracker: com.hanapkalinga.mobile:854eb103: onRequestHide at ORIGIN_SERVER_HIDE_INPUT reason HIDE_SAME_WINDOW_FOCUSED_WITHOUT_EDITOR
06-26 06:59:48.450   518  2637 I ImeTracker: com.hanapkalinga.mobile:854eb103: onCancelled at PHASE_SERVER_SHOULD_HIDE
06-26 06:59:48.451  1553  1553 I GoogleInputMethodService: GoogleInputMethodService.onFinishInput():3227 
06-26 06:59:48.452  1553  1553 I GoogleInputMethodService: GoogleInputMethodService.updateDeviceLockedStatus():2087 repeatCheckTimes = 0, unlocked = true
06-26 06:59:48.453  1553  1553 I GoogleInputMethodService: GoogleInputMethodService.onStartInput():1877 onStartInput(EditorInfo{inputType=0x0(NULL) imeOptions=0x0 privateImeOptions=null actionName=UNSPECIFIED actionLabel=null actionId=0 initialSelStart=-1 initialSelEnd=-1 initialCapsMode=0x0 hintText=null label=null packageName=com.hanapkalinga.mobile fieldId=0 fieldName=null extras=null}, false)
06-26 06:59:48.453  1553  1553 I GoogleInputMethodService: GoogleInputMethodService.shouldHideHeaderOnInitialState():4008 ShouldHideHeaderOnInitialState = false
06-26 06:59:48.453  1553  1553 I GoogleInputMethodService: GoogleInputMethodService.updateDeviceLockedStatus():2087 repeatCheckTimes = 2, unlocked = true
06-26 06:59:48.502   396   501 D audioserver: FGS Logger Transaction failed
06-26 06:59:48.502   396   501 D audioserver: -129
06-26 06:59:48.609  6152  6152 W WindowOnBackDispatcher: OnBackInvokedCallback is not enabled for the application.
06-26 06:59:48.609  6152  6152 W WindowOnBackDispatcher: Set 'android:enableOnBackInvokedCallback="true"' in the application manifest.
06-26 06:59:48.621   518  2637 D CoreBackPreview: Window{7f06311 u0 com.hanapkalinga.mobile/com.hanapkalinga.mobile.MainActivity}: Setting back callback OnBackInvokedCallbackInfo{mCallback=android.window.IOnBackInvokedCallback$Stub$Proxy@ee71f4d, mPriority=0, mIsAnimationCallback=false}
06-26 06:59:48.673  5216  6932 W BugleRcsEngine: [147] bpxc.w: Unable to send diagnostic log
06-26 06:59:48.673  5216  6928 I BugleRcsEngine: [146] brfq.d: (PEv2-SM-Bugle-38641763): RequestWithImsiState: event HTTP Response [dd605b47-3a61-4fcb-a213-d42fd5384036]
06-26 06:59:48.673  5216  6928 I BugleRcsEngine: [146] brfq.d: (PEv2-SM-Bugle-38641763): InProgressState: event HTTP Response [dd605b47-3a61-4fcb-a213-d42fd5384036]
06-26 06:59:48.674  5216  6928 W BugleRcsEngine: [146] bpxc.w: Unable to send diagnostic log
06-26 06:59:48.674  5216  6928 I BugleRcsEngine: [146] brfq.d: (PEv2-SM-Bugle-38641763): RequestWithImsiState: event HTTP 400 (Bad request) [dd605b47-3a61-4fcb-a213-d42fd5384036]
06-26 06:59:48.674  5216  6928 I BugleRcsEngine: [146] brfq.d: (PEv2-SM-Bugle-38641763): InProgressState: event HTTP 400 (Bad request) [dd605b47-3a61-4fcb-a213-d42fd5384036]
06-26 06:59:48.674  5216  6928 W BugleRcsEngine: [146] bpxc.w: Unable to send diagnostic log
06-26 06:59:48.674  5216  6928 I BugleRcsEngine: [146] brfq.d: (PEv2-SM-Bugle-38641763): transitionTo: destState=RetryState [dd605b47-3a61-4fcb-a213-d42fd5384036]
06-26 06:59:48.674  5216  6928 I BugleRcsEngine: [146] brfq.d: (PEv2-SM-Bugle-38641763): onTransitionRequested RequestWithImsiState [dd605b47-3a61-4fcb-a213-d42fd5384036]
06-26 06:59:48.674  5216  6928 I BugleRcsEngine: [146] brfq.d: (PEv2-SM-Bugle-38641763): Exit RequestWithImsiState [dd605b47-3a61-4fcb-a213-d42fd5384036]
06-26 06:59:48.674  5216  6928 W BugleRcsEngine: [146] bpxc.w: Unable to send diagnostic log
06-26 06:59:48.674  5216  6928 I BugleRcsEngine: [146] brfq.d: (PEv2-SM-Bugle-38641763): Exit InProgressState [dd605b47-3a61-4fcb-a213-d42fd5384036]
06-26 06:59:48.674  5216  6928 W BugleRcsEngine: [146] bpxc.w: Unable to send diagnostic log
06-26 06:59:48.674  5216  6928 I BugleRcsEngine: [146] brfq.d: (PEv2-SM-Bugle-38641763): Enter RetryState [dd605b47-3a61-4fcb-a213-d42fd5384036]
06-26 06:59:48.676  5216  6928 W BugleRcsEngine: [146] bpxc.w: Unable to send diagnostic log
06-26 06:59:48.676  5216  6928 I BugleRcsEngine: [146] brfq.d: (PEv2-SM-Bugle-38641763): nextRetry = 0 [dd605b47-3a61-4fcb-a213-d42fd5384036]
06-26 06:59:48.676  5216  6928 I BugleRcsEngine: [146] brfq.d: (PEv2-SM-Bugle-38641763): scheduleRetry, currentRetry = 0, retryMillis = 1800000 [dd605b47-3a61-4fcb-a213-d42fd5384036]
06-26 06:59:48.676  5216  5386 W BugleRcsEngine: [48] bpxc.w: Unable to send diagnostic log
06-26 06:59:48.685  5216  6928 I BugleRcsEngine: [146] brjv.b: RcsAvailabilityManager: Calculating Rcs Availability
06-26 06:59:48.686  5216  6928 I BugleRcsEngine: [146] brnl.C: Bugle is default SMS app: true
06-26 06:59:48.686  5216  6928 I BugleRcsEngine: [146] brjv.b: Bugle has minimum required RCS permissions: true
06-26 06:59:48.686  5216  6928 I BugleRcsEngine: [146] brnl.B: Rcs is enabled from user settings: true
06-26 06:59:48.686  5216  6928 I BugleRcsEngine: [146] brox.b: Using config server URL from bqas
06-26 06:59:48.687  5216  6928 I BugleRcsEngine: [146] brnl.e: No RCS Configuration was found in Bugle for simID: redacted-pii:sim_id[chars:20,last3:897]
06-26 06:59:48.687  5216  6928 I BugleRcsEngine: [146] brnl.e: No RCS Configuration was found in Bugle for simID: redacted-pii:sim_id[chars:20,last3:897]
06-26 06:59:48.689  5216  6928 I BugleRcsEngine: [146] brjv.b: Config state is not ACCEPTED, provisioning still in progress
06-26 06:59:48.689  5216  6928 I BugleRcsEngine: [146] brjv.b: RcsAvailabilityManager: Rcs Availability still CARRIER_SETUP_PENDING (Carrier RCS is not set up)
06-26 06:59:48.691  5216  6928 I BugleRcsWorker: [seqId=1][workId=5b7595ff-3632-46d8-be70-9f683a9de44a] Received a provisioning state changed event from the provisioning engine RETRY
06-26 06:59:48.691  5216  6928 I BugleRcsWorker: [seqId=1][workId=5b7595ff-3632-46d8-be70-9f683a9de44a] Provisioning Engine entered RetryState, provisioning task will be rescheduled with exponential backoff
06-26 06:59:48.691  5216  6928 I BugleRcsWorker: [seqId=1][workId=5b7595ff-3632-46d8-be70-9f683a9de44a] finish provisioning task with result Success {mOutputData=Data {}}
06-26 06:59:48.691  5216  6928 I BugleRcsWorker: [seqId=1][workId=5b7595ff-3632-46d8-be70-9f683a9de44a] RCS provisioning task has finished with result Success {mOutputData=Data {}}
06-26 06:59:48.692  5216  6057 I WM-WorkerWrapper: Worker result SUCCESS for Work [ id=b67cd838-b593-4475-bff4-01d6c4829203, tags={ com.google.android.apps.messaging.rcsprovisioning.RcsProvisioningListenableWorker, provisioning } ]
06-26 06:59:48.692  5216  5428 I BugleRcsEngine: [63] brfq.d: (PEv2-SM-Bugle-38641763): quit [null]
06-26 06:59:48.696  5216  6928 I BugleRcsEngine: [146] brfq.d: (PEv2-SM-Bugle-38641763): transitionTo: destState=bqjk [null]
06-26 06:59:48.696  5216  6928 I BugleRcsEngine: [146] brfq.d: (PEv2-SM-Bugle-38641763): Exit RetryState [null]
06-26 06:59:48.696  5216  6928 W BugleRcsEngine: [146] bpxc.w: Unable to send diagnostic log
06-26 06:59:48.696  5216  6928 W BugleRcsEngine: [146] brfq.e: (PEv2-SM-Bugle-38641763): onQuitting [null]
06-26 06:59:48.696  5216  6928 I BugleRcsEngine: [146] brjv.b: RcsAvailabilityManager: Calculating Rcs Availability
06-26 06:59:48.697  5216  6928 I BugleRcsEngine: [146] brnl.C: Bugle is default SMS app: true
06-26 06:59:48.697  5216  6928 I BugleRcsEngine: [146] brjv.b: Bugle has minimum required RCS permissions: true
06-26 06:59:48.698  5216  6928 I BugleRcsEngine: [146] brnl.B: Rcs is enabled from user settings: true
06-26 06:59:48.698  5216  6928 I BugleRcsEngine: [146] brox.b: Using config server URL from bqas
06-26 06:59:48.700  5216  6928 I BugleRcsEngine: [146] brnl.e: No RCS Configuration was found in Bugle for simID: redacted-pii:sim_id[chars:20,last3:897]
06-26 06:59:48.700  5216  6928 I BugleRcsEngine: [146] brnl.e: No RCS Configuration was found in Bugle for simID: redacted-pii:sim_id[chars:20,last3:897]
06-26 06:59:48.701  5216  5411 W BugleRcsEngine: [52] bpxc.w: Unable to send diagnostic log
06-26 06:59:48.701  5216  5411 W BugleRcsEngine: [52] bpxc.w: Unable to send diagnostic log
06-26 06:59:48.701  5216  5384 I Bugle   : Scheduling custom retry
06-26 06:59:48.701  5216  6060 W BugleRcsEngine: [89] brcu.d: [SR]: Single Registration is disabled. Skipping Single Registration capability check for subId: 1, OS.isAtLeastS:[true], enableSingleRegistrationProvisioning:[false]
06-26 06:59:48.703  5216  6060 I BugleRcsEngine: [89] brnl.e: No RCS Configuration was found in Bugle for simID: redacted-pii:sim_id[chars:20,last3:897]
06-26 06:59:48.703  5216  6928 I BugleRcsEngine: [146] brjv.b: Config state is not ACCEPTED, provisioning still in progress
06-26 06:59:48.703  5216  6928 I BugleRcsEngine: [146] brjv.b: RcsAvailabilityManager: Rcs Availability still CARRIER_SETUP_PENDING (Carrier RCS is not set up)
06-26 06:59:48.704  5216  6060 I BugleRcsEngine: [89] zzo.l: Scheduled provisioning task with 30 seconds delay, APPEND policy, trigger is STATE_MACHINE_RETRY, workerId is 0330d602-4363-47ba-9364-9cc0d18121aa
06-26 06:59:48.706  1753  1753 I BgTaskExecutorImpl: Starting EXCLUSIVE background task UPLOAD_ASSISTANT_DEVICE_SETTINGS.
06-26 06:59:48.722  1753  2979 W LocationOracle: getBestLocation(): no location is available
06-26 06:59:48.723  1753  6204 I NetworkRecognitionRnr: Using pair HTTP connection
06-26 06:59:48.732  1753  2493 I A       : [Upload] Connected
06-26 06:59:48.742  1753  2240 W LocationOracle: No location returned by GMS core getLastLocation()
06-26 06:59:48.750  1753  2493 I NetworkRecognitionRnr: Using pair HTTP connection
06-26 06:59:48.751  1753  2970 I A       : [Upload] Connected
06-26 06:59:48.751  1753  1753 E A       : onError
06-26 06:59:48.751  1753  1753 E A       : com.google.android.apps.gsa.shared.speech.a.m: errorCode: 65561, engine: 2
06-26 06:59:48.751  1753  1753 E A       : 	at com.google.android.apps.gsa.staticplugins.dc.a.e.a(PG:3)
06-26 06:59:48.751  1753  1753 E A       : 	at com.google.android.apps.gsa.s3.n.hh(PG:1)
06-26 06:59:48.751  1753  1753 E A       : 	at com.google.cd.g.a.f.e(PG:2)
06-26 06:59:48.751  1753  1753 E A       : 	at com.google.android.apps.gsa.speech.k.a.g.d(PG:22)
06-26 06:59:48.751  1753  1753 E A       : 	at com.google.android.apps.gsa.speech.k.a.g.ks(PG:6)
06-26 06:59:48.751  1753  1753 E A       : 	at com.google.android.apps.gsa.s3.o.e(PG:14)
06-26 06:59:48.751  1753  1753 E A       : 	at com.google.android.apps.gsa.s3.p.run(PG:1)
06-26 06:59:48.751  1753  1753 E A       : 	at java.util.concurrent.Executors$RunnableAdapter.call(Executors.java:487)
06-26 06:59:48.751  1753  1753 E A       : 	at java.util.concurrent.FutureTask.run(FutureTask.java:264)
06-26 06:59:48.751  1753  1753 E A       : 	at com.google.android.apps.gsa.shared.util.c.a.e.run(PG:2)
06-26 06:59:48.751  1753  1753 E A       : 	at com.google.android.apps.gsa.shared.util.c.a.bi.run(PG:1)
06-26 06:59:48.751  1753  1753 E A       : 	at com.google.android.apps.gsa.shared.util.c.a.bi.run(PG:1)
06-26 06:59:48.751  1753  1753 E A       : 	at java.util.concurrent.ThreadPoolExecutor.runWorker(ThreadPoolExecutor.java:1145)
06-26 06:59:48.751  1753  1753 E A       : 	at java.util.concurrent.ThreadPoolExecutor$Worker.run(ThreadPoolExecutor.java:644)
06-26 06:59:48.751  1753  1753 E A       : 	at java.lang.Thread.run(Thread.java:1012)
06-26 06:59:48.751  1753  1753 E A       : 	at com.google.android.apps.gsa.shared.util.c.a.l.run(PG:5)
06-26 06:59:48.751  1753  1753 E A       : Caused by: com.google.android.apps.gsa.shared.speech.a.o: errorCode: 65586, engine: 2
06-26 06:59:48.751  1753  1753 E A       : 	... 15 more
06-26 06:59:48.751  1753  1753 E A       : Caused by: com.google.android.apps.gsa.shared.speech.a.k: errorCode: 401, engine: 2
06-26 06:59:48.751  1753  1753 E A       : 	at com.google.android.apps.gsa.assistant.shared.n.h.a(PG:5)
06-26 06:59:48.751  1753  1753 E A       : 	at com.google.android.apps.gsa.s3.producers.j.hE(PG:2)
06-26 06:59:48.751  1753  1753 E A       : 	at com.google.android.apps.gsa.speech.k.a.g.d(PG:16)
06-26 06:59:48.751  1753  1753 E A       : 	... 12 more
06-26 06:59:48.753  1753  1753 W A       : Failed to sync device settings.
06-26 06:59:48.753  1753  1753 I A       : Retrying to sync device settings.
06-26 06:59:48.757   518   785 W JobScheduler: Job didn't exist in JobStore: a7fa863 #u0a132/-353 com.google.android.googlequicksearchbox/com.google.android.apps.gsa.tasks.BackgroundTasksJobService
06-26 06:59:48.757  1753  2575 W SearchServiceCore: Abort, client detached.
06-26 06:59:48.757  1753  2575 W SearchServiceCore: Abort, client detached.
06-26 06:59:48.927  5719  5832 W gle.android.gms: Long monitor contention with owner [com.google.android.gms.chimera.container.intentoperation.GmsIntentOperationChimeraService-Executor] processing com.google.android.gms.droidguard.DroidGuardModuleInitIntentOperation for action com.google.android.chimera.IntentOperation.NEW_MODULE (5828) at void hjm.run()(:com.google.android.gms@231818047@23.18.18 (190800-535401451):3) waiters=0 in void hjm.run() for 60.684s
06-26 06:59:48.927  5719  6462 W gle.android.gms: Long monitor contention with owner [com.google.android.gms.chimera.container.intentoperation.GmsIntentOperationChimeraService-Executor] processing com.google.android.gms.droidguard.DroidGuardModuleInitIntentOperation for action com.google.android.chimera.IntentOperation.NEW_MODULE (5828) at void hjm.run()(:com.google.android.gms@231818047@23.18.18 (190800-535401451):3) waiters=1 in void hjm.run() for 29.407s
06-26 06:59:48.928  5719  5828 I Dtdi    : [DtdiModuleInitIntentOperation] Cannot initialize Device Discovery. Flag is disabled. [CONTEXT service_id=312 ]
06-26 06:59:48.928  5719  5828 I Dtdi    : [DtdiModuleInitIntentOperation] Cannot initialize Spatial Orchestration. Flag is disabled. [CONTEXT service_id=312 ]
06-26 06:59:48.928  5719  5828 I Dtdi    : [DtdiModuleInitIntentOperation] Cannot initialize Media Transfer. Flag is disabled. [CONTEXT service_id=312 ]
06-26 06:59:48.930   335  6938 I resolv  : GetAddrInfoHandler::run: {100 786532 100 983140 10129 0}
06-26 06:59:48.931   335  6939 I resolv  : res_nmkquery: (QUERY, IN, AAAA)
06-26 06:59:48.931   335  6939 I resolv  : resolv_cache_lookup: FOUND IN CACHE entry=0x7bfdacd24210
06-26 06:59:48.931   335  6939 I resolv  : doQuery: rcode=0, ancount=4, return value=148
06-26 06:59:48.931  5719  5828 I EnterpriseLoader: [ConditionsChecker] ZT config not present. [CONTEXT service_id=225 ]
06-26 06:59:48.932  5719  5828 I EsimModuleInit: onHandleIntent action: com.google.android.chimera.IntentOperation.NEW_MODULE [CONTEXT service_id=333 ]
06-26 06:59:48.933   518  2637 D PackageManager: Instant App installer not found with android.intent.action.INSTALL_INSTANT_APP_PACKAGE
06-26 06:59:48.933   518  2637 D PackageManager: Clear ephemeral installer activity
06-26 06:59:48.934   335  6940 I resolv  : res_nmkquery: (QUERY, IN, A)
06-26 06:59:48.935   518  2615 D PackageManager: Instant App installer not found with android.intent.action.INSTALL_INSTANT_APP_PACKAGE
06-26 06:59:48.935   518  2615 D PackageManager: Clear ephemeral installer activity
06-26 06:59:48.935   335  6940 I resolv  : resolv_cache_lookup: FOUND IN CACHE entry=0x7bfdfcd24c10
06-26 06:59:48.935   335  6940 I resolv  : doQuery: rcode=0, ancount=13, return value=244
06-26 06:59:48.935   518  2615 D PackageManager: Instant App installer not found with android.intent.action.INSTALL_INSTANT_APP_PACKAGE
06-26 06:59:48.935   518  2615 D PackageManager: Clear ephemeral installer activity
06-26 06:59:48.936   518  2615 D PackageManager: Instant App installer not found with android.intent.action.INSTALL_INSTANT_APP_PACKAGE
06-26 06:59:48.936   518  2615 D PackageManager: Clear ephemeral installer activity
06-26 06:59:48.937   518  2615 D PackageManager: Instant App installer not found with android.intent.action.INSTALL_INSTANT_APP_PACKAGE
06-26 06:59:48.937   518  2615 D PackageManager: Clear ephemeral installer activity
06-26 06:59:48.937  5719  6462 D TrafficStats: tagSocket(91) with statsTag=0x30001803, statsUid=-1
06-26 06:59:48.937   335   380 E BpfHandler: Unsupported protocol: 1
06-26 06:59:48.937  5719  6462 I TrafficStats: tagSocketFd(91, 805312515, -1) failed with errno-93
06-26 06:59:48.937   518  2615 D PackageManager: Instant App installer not found with android.intent.action.INSTALL_INSTANT_APP_PACKAGE
06-26 06:59:48.937   518  2615 D PackageManager: Clear ephemeral installer activity
06-26 06:59:48.938  5719  5828 I Fido    : [FidoInitIntentOperation] Initializing Fido module, InitRuntimeState=12
06-26 06:59:48.945   518  2615 D BiometricService: canAuthenticate: User=0, Caller=0, Authenticators=255
06-26 06:59:48.945   518  2615 D BiometricService/PreAuthInfo: Package: com.google.android.gms Sensor ID: 4 Modality: 8 Status: 7
06-26 06:59:48.945   518  2615 D BiometricService/PreAuthInfo: Package: com.google.android.gms Sensor ID: 0 Modality: 2 Status: 7
06-26 06:59:48.945   518  2615 D BiometricService/PreAuthInfo: getCanAuthenticateInternal Modality: 8 AuthenticatorStatus: 7
06-26 06:59:48.945   518  2615 D AuthService: canAuthenticate, userId: 0, callingUserId: 0, authenticators: 255, result: 11
06-26 06:59:48.947  5630  5630 I Fido    : [CableAuthenticatorChimeraService] Unregistering receiver.
06-26 06:59:48.949  5630  5630 I Fido    : [CableAuthenticatorChimeraService] Registering broadcast receiver.
06-26 06:59:48.950  5630  5630 I Fido    : [AuthenticatorChimeraService] Unregistered the broadcast receiver [CONTEXT service_id=287 ]
06-26 06:59:48.952   518   785 D PackageManager: Instant App installer not found with android.intent.action.INSTALL_INSTANT_APP_PACKAGE
06-26 06:59:48.952   518   785 D PackageManager: Clear ephemeral installer activity
06-26 06:59:48.953   518  2615 D PackageManager: Instant App installer not found with android.intent.action.INSTALL_INSTANT_APP_PACKAGE
06-26 06:59:48.954   518  2615 D PackageManager: Clear ephemeral installer activity
06-26 06:59:48.959  5630  6487 I AlarmManager: setExactAndAllowWhileIdle [name: GCM_CONN_ALARM type: 2 triggerAtMillis: 189949]
06-26 06:59:48.961   518  2637 D PackageManager: Instant App installer not found with android.intent.action.INSTALL_INSTANT_APP_PACKAGE
06-26 06:59:48.961   518  2637 D PackageManager: Clear ephemeral installer activity
06-26 06:59:48.961   518   785 D PackageManager: Instant App installer not found with android.intent.action.INSTALL_INSTANT_APP_PACKAGE
06-26 06:59:48.962   518   785 D PackageManager: Clear ephemeral installer activity
06-26 06:59:48.962   518  2637 D PackageManager: Instant App installer not found with android.intent.action.INSTALL_INSTANT_APP_PACKAGE
06-26 06:59:48.962   518  2637 D PackageManager: Clear ephemeral installer activity
06-26 06:59:48.963   518   785 D PackageManager: Instant App installer not found with android.intent.action.INSTALL_INSTANT_APP_PACKAGE
06-26 06:59:48.963   518   785 D PackageManager: Clear ephemeral installer activity
06-26 06:59:48.965   518  2637 D PackageManager: Instant App installer not found with android.intent.action.INSTALL_INSTANT_APP_PACKAGE
06-26 06:59:48.965   518  2637 D PackageManager: Clear ephemeral installer activity
06-26 06:59:48.965   518  2615 D PackageManager: Instant App installer not found with android.intent.action.INSTALL_INSTANT_APP_PACKAGE
06-26 06:59:48.966   518  2615 D PackageManager: Clear ephemeral installer activity
06-26 06:59:48.966   518  2615 D PackageManager: Instant App installer not found with android.intent.action.INSTALL_INSTANT_APP_PACKAGE
06-26 06:59:48.966   518  2615 D PackageManager: Clear ephemeral installer activity
06-26 06:59:48.967   518   785 D PackageManager: Instant App installer not found with android.intent.action.INSTALL_INSTANT_APP_PACKAGE
06-26 06:59:48.967   518   785 D PackageManager: Clear ephemeral installer activity
06-26 06:59:48.967   518   785 D PackageManager: Instant App installer not found with android.intent.action.INSTALL_INSTANT_APP_PACKAGE
06-26 06:59:48.967   518   785 D PackageManager: Clear ephemeral installer activity
06-26 06:59:48.968   518   785 D PackageManager: Instant App installer not found with android.intent.action.INSTALL_INSTANT_APP_PACKAGE
06-26 06:59:48.968   518   785 D PackageManager: Clear ephemeral installer activity
06-26 06:59:48.968   518   785 D PackageManager: Instant App installer not found with android.intent.action.INSTALL_INSTANT_APP_PACKAGE
06-26 06:59:48.968   518   785 D PackageManager: Clear ephemeral installer activity
06-26 06:59:48.970  5719  5828 W ChimeraUtils: Module com.google.android.gms.growth missing resource growth_module_display_name(0)
06-26 06:59:48.971  5719  5828 W ChimeraUtils: Module com.google.android.gms.growth missing resource growth_module_display_name(0)
06-26 06:59:48.975   518  2615 W ProcessStats: Tracking association SourceState{6b65210 com.google.android.gms/10129 BFgs #12416} whose proc state 4 is better than process ProcessState{1020109 android.process.acore/10087 pkg=com.android.providers.contacts (sub)} proc state 13 (1613 skipped)
06-26 06:59:48.983  5719  5828 I SnapshotHandler: Unable to retrieve flag snapshot for com.google.android.gms.inappreach#com.google.android.gms, using defaults.
06-26 06:59:48.989  5719  5866 I Icing   : MaintenanceDriver: Registering all GCM Tasks.
06-26 06:59:48.998   518  2637 D PackageManager: Instant App installer not found with android.intent.action.INSTALL_INSTANT_APP_PACKAGE
06-26 06:59:48.998   518  2637 D PackageManager: Clear ephemeral installer activity
06-26 06:59:49.007  5719  5832 I NewModuleOp: Enable component: com.google.android.gms.languageprofile.GcmReceiverService [CONTEXT service_id=167 ]
06-26 06:59:49.008   518  2637 D PackageManager: Instant App installer not found with android.intent.action.INSTALL_INSTANT_APP_PACKAGE
06-26 06:59:49.008   518  2637 D PackageManager: Clear ephemeral installer activity
06-26 06:59:49.010   518   785 D OomAdjuster: Not killing cached processes
06-26 06:59:49.012  5719  5832 I NewModuleOp: Enable component: com.google.android.gms.languageprofile.GcmTaskService [CONTEXT service_id=167 ]
06-26 06:59:49.012   518   785 D PackageManager: Instant App installer not found with android.intent.action.INSTALL_INSTANT_APP_PACKAGE
06-26 06:59:49.012   518   785 D PackageManager: Clear ephemeral installer activity
06-26 06:59:49.013  5719  5832 I NewModuleOp: Schedule LanguageProfileGcmTaskChimeraService tasks. [CONTEXT service_id=167 ]
06-26 06:59:49.014  5719  5832 I LPGcmTaskChimeraService: Scheduling sync task. [CONTEXT service_id=167 ]
06-26 06:59:49.015  5719  5832 I GmsSyncPolicyEngine: Periodic sync 2 disabled by policy, cancelled.
06-26 06:59:49.017  5719  5832 I GmsSyncPolicyEngine: Periodic sync 6 disabled
06-26 06:59:49.091  5630  5636 I .gms.persistent: Background young concurrent copying GC freed 351196(15MB) AllocSpace objects, 31(872KB) LOS objects, 50% free, 15MB/32MB, paused 22us,21us total 101.843ms
06-26 06:59:49.104  5630  6488 I NetworkScheduler.Stats: Task com.google.android.gms/com.google.android.gms.droidguard.DroidGuardGcmTaskService started execution. cause:7 exec_start_elapsed_seconds: 169 [CONTEXT service_id=218 ]
06-26 06:59:49.109  5719  5828 I LSRModuleInit: New Geofences: [] [CONTEXT service_id=277 ]
06-26 06:59:49.110  5719  5828 I LSRModuleInit: Attempting to change container components state to enabled: true [CONTEXT service_id=277 ]
06-26 06:59:49.113  5630  6944 I LSR     : Handling LSR module init in persistent process [CONTEXT service_id=277 ]
06-26 06:59:49.114  5630  6944 I LSR     : Refreshing periodic location reporting state [CONTEXT service_id=277 ]
06-26 06:59:49.114   518  2428 D PackageManager: Instant App installer not found with android.intent.action.INSTALL_INSTANT_APP_PACKAGE
06-26 06:59:49.115   518  2428 D PackageManager: Clear ephemeral installer activity
06-26 06:59:49.115  5630  6487 I LSR     : No upload requests, reporting should be disabled [CONTEXT service_id=277 ]
06-26 06:59:49.115  5630  6945 I LSR     : Reporting should be enabled: false [CONTEXT service_id=277 ]
06-26 06:59:49.115  5630  6945 I LSR     : Stopping periodic location reporting [CONTEXT service_id=277 ]
06-26 06:59:49.119  5719  5828 I Google Maps Android API: Validating conditions for requesting maps_core feature. [CONTEXT service_id=71 ]
06-26 06:59:49.120  5719  5828 I Google Maps Android API: Is maps_core feature installed? 2 [CONTEXT service_id=71 ]
06-26 06:59:49.127  5719  5828 I Google Maps Android API: cutoffSize=2147483648, internalFreeBytes=4996239360
06-26 06:59:49.128  5719  5828 I Google Maps Android API: Eligible to request maps_core feature. [CONTEXT service_id=71 ]
06-26 06:59:49.129  5719  5828 I Google Maps Android API: maps_core feature request succeeded. [CONTEXT service_id=71 ]
06-26 06:59:49.131  5719  5832 I MdiSyncModule: initializing module...
06-26 06:59:49.134  5719  5832 I MdiSyncModule: module initialization completed
06-26 06:59:49.135  5630  6945 I LockboxIntentOp: Completed task: true [CONTEXT service_id=26 ]
06-26 06:59:49.135  5630  6488 I NetworkScheduler.Stats: Task com.google.android.gms/com.google.android.gms.droidguard.DroidGuardGcmTaskService finished executing. cause:7 result: 1 elapsed_millis: 35 uptime_millis: 35 exec_start_elapsed_seconds: 169 [CONTEXT service_id=218 ]
06-26 06:59:49.137   518  2615 D PackageManager: Instant App installer not found with android.intent.action.INSTALL_INSTANT_APP_PACKAGE
06-26 06:59:49.137   518  2615 D PackageManager: Clear ephemeral installer activity
06-26 06:59:49.138   518  2637 D PackageManager: Instant App installer not found with android.intent.action.INSTALL_INSTANT_APP_PACKAGE
06-26 06:59:49.138   518  2637 D PackageManager: Clear ephemeral installer activity
06-26 06:59:49.138   518  2637 D PackageManager: Instant App installer not found with android.intent.action.INSTALL_INSTANT_APP_PACKAGE
06-26 06:59:49.138   518  2637 D PackageManager: Clear ephemeral installer activity
06-26 06:59:49.142  5719  5828 I ChimeraConfigurator: Starting update, reason: 4 urgentFeatures: maps_core:-1
06-26 06:59:49.144  5719  6937 W MDM     : [250] aywf.d: Q+ devices does not need device admin.
06-26 06:59:49.146  5719  6937 I MlBenchmarkInstaller: Intent: com.google.android.chimera.IntentOperation.NEW_MODULE [CONTEXT service_id=340 ]
06-26 06:59:49.146  5719  6937 I MlBenchmarkInstaller: onInitRuntimeState(), intent action=com.google.android.chimera.IntentOperation.NEW_MODULE [CONTEXT service_id=340 ]
06-26 06:59:49.146  5719  6937 I MlBenchmarkInstaller: Device sampled out, skipping. [CONTEXT service_id=340 ]
06-26 06:59:49.147  5719  5719 I MlBenchmarkInstaller: Feature unrequest success = true [CONTEXT service_id=340 ]
06-26 06:59:49.152  5974  6302 W QueryController: Could not detect idle state.
06-26 06:59:49.159  5974  6302 D Maestro : Requesting view hierarchy
06-26 06:59:49.160  5974  6302 W QueryController: Could not detect idle state.
06-26 06:59:49.160  5974  6302 W QueryController: Could not detect idle state.
06-26 06:59:49.169   518  2283 I RemoteProvisionSysSvc: getRegistration(android.hardware.security.keymint.IRemotelyProvisionedComponent/default)
06-26 06:59:49.173   518   518 I RegistrationProxy: onServiceConnected: com.android.rkpdapp.service.RemoteProvisioningService
06-26 06:59:49.175  5719  6937 W ChimeraUtils: Module com.google.android.gms.mobiledataplan missing resource null(0)
06-26 06:59:49.176   518  2615 I RegistrationProxy: IGetRegistrationCallback.onSuccess
06-26 06:59:49.177   518  2283 I RemoteProvisionSysSvc: Fetching key 10129 for client 236634884
06-26 06:59:49.177   518  2283 I RegistrationProxy: getKeyAsync operation started with callback 32010477
06-26 06:59:49.335     0     0 I servicemanager: Found android.hardware.security.keymint.IRemotelyProvisionedComponent/default in device VINTF manifest.
06-26 06:59:49.178  3703  3816 I RkpdRegistrationBinder: Key requested for : android.hardware.security.keymint.IRemotelyProvisionedComponent/default, clientUid: 1017, keyId: 10129, callback: 212258367
06-26 06:59:49.178  3703  3816 I RkpdRegistrationBinder: Key successfully assigned to client
06-26 06:59:49.178   518   518 I RemoteProvisionSysSvc: Successfully fetched key for client 236634884
06-26 06:59:49.186   518  2428 D BiometricService: Sensor ID(4), oemStrength: 15, updatedStrength: 15, modality 8, state: 0, cookie: 0, sensorId 4, hasEnrollments: false cannot participate in Keystore operations
06-26 06:59:49.186   518  2428 D BiometricService: Sensor ID(0), oemStrength: 15, updatedStrength: 15, modality 2, state: 0, cookie: 0, sensorId 0, hasEnrollments: false cannot participate in Keystore operations
06-26 06:59:49.195  5630  6927 W MagicTether: [TetherListenerService] Invalid account list. [CONTEXT service_id=276 ]
06-26 06:59:49.198  5630  6947 I LSR     : Cancelling periodic location reporting maintenance task [CONTEXT service_id=277 ]
06-26 06:59:49.215  5719  5719 W MdmInitializer: SPOT API unavailable. [CONTEXT service_id=247 ]
06-26 06:59:49.215  5719  5719 W MdmInitializer: aare: None of the queried APIs are available. Spot.API: ConnectionResult{statusCode=API_UNAVAILABLE, resolution=null, message=null}
06-26 06:59:49.215  5719  5719 W MdmInitializer: 	at aasq.a(:com.google.android.gms@231818047@23.18.18 (190800-535401451):3)
06-26 06:59:49.215  5719  5719 W MdmInitializer: 	at aava.o(:com.google.android.gms@231818047@23.18.18 (190800-535401451):3)
06-26 06:59:49.215  5719  5719 W MdmInitializer: 	at aava.g(:com.google.android.gms@231818047@23.18.18 (190800-535401451):4)
06-26 06:59:49.215  5719  5719 W MdmInitializer: 	at aava.onConnectionFailed(:com.google.android.gms@231818047@23.18.18 (190800-535401451):0)
06-26 06:59:49.215  5719  5719 W MdmInitializer: 	at abnk.gU(:com.google.android.gms@231818047@23.18.18 (190800-535401451):0)
06-26 06:59:49.215  5719  5719 W MdmInitializer: 	at abmo.b(:com.google.android.gms@231818047@23.18.18 (190800-535401451):1)
06-26 06:59:49.215  5719  5719 W MdmInitializer: 	at abmf.a(:com.google.android.gms@231818047@23.18.18 (190800-535401451):7)
06-26 06:59:49.215  5719  5719 W MdmInitializer: 	at abmi.handleMessage(:com.google.android.gms@231818047@23.18.18 (190800-535401451):29)
06-26 06:59:49.215  5719  5719 W MdmInitializer: 	at android.os.Handler.dispatchMessage(Handler.java:106)
06-26 06:59:49.215  5719  5719 W MdmInitializer: 	at avye.ll(:com.google.android.gms@231818047@23.18.18 (190800-535401451):0)
06-26 06:59:49.215  5719  5719 W MdmInitializer: 	at avye.dispatchMessage(:com.google.android.gms@231818047@23.18.18 (190800-535401451):14)
06-26 06:59:49.215  5719  5719 W MdmInitializer: 	at android.os.Looper.loopOnce(Looper.java:205)
06-26 06:59:49.215  5719  5719 W MdmInitializer: 	at android.os.Looper.loop(Looper.java:294)
06-26 06:59:49.215  5719  5719 W MdmInitializer: 	at android.os.HandlerThread.run(HandlerThread.java:67)
06-26 06:59:49.230  5630  5630 I MagicTether: [AutoDisconnectIntentOperation] Canceling task. [CONTEXT service_id=276 ]
06-26 06:59:49.236  5974  6302 D Maestro : View hierarchy received in 77 ms
06-26 06:59:49.239  5630  6942 I MagicTether: [AutoDisconnectIntentOperation] Canceling task. [CONTEXT service_id=276 ]
06-26 06:59:49.273  5719  5742 W gle.android.gms: Cleared Reference was only reachable from finalizer (only reported once)
06-26 06:59:49.278  5719  5742 I gle.android.gms: Background concurrent copying GC freed 282763(11MB) AllocSpace objects, 95(3732KB) LOS objects, 49% free, 14MB/29MB, paused 20us,12us total 276.574ms
06-26 06:59:49.287  5719  6948 W libc    : Access denied finding property "ro.hardware.chipname"
06-26 06:59:49.287  5719  6948 W ChipsetHelper: Unknown chipset! [CONTEXT service_id=301 ]
06-26 06:59:49.287  5719  6948 I NnApiDriverManager: Registering application with chipset 'unknown' [CONTEXT service_id=301 ]
06-26 06:59:49.300  5719  5828 I ChimeraConfigurator: Detected pending changes for urgent request: [maps_core]. Pending module sets: container:2318189190800+maps_core
06-26 06:59:49.306  5630  5659 W ChimeraUtils: Module com.google.android.gms.nearby_en missing resource null(0)
06-26 06:59:49.321  5630  5659 W ChimeraUtils: Module com.google.android.gms.nearby_en missing resource null(0)
06-26 06:59:49.327   399   413 D PermissionCache: checking android.permission.DUMP for uid=10129 => granted (94 us)
06-26 06:59:49.331  5719  6948 I NnApiDriverManager: Registering application with GPU 'Android Emulator OpenGL ES Translator (Google SwiftShader)' by 'Google (Google Inc.)' [CONTEXT service_id=301 ]
06-26 06:59:49.336  5719  5828 I GmsDebugLogger: [73] 1801
06-26 06:59:49.348  5719  5828 W ZappDownloader: No successful module downloads for requested features [maps_core].
06-26 06:59:49.375  5719  5828 I GmsDebugLogger: [30] [MapsCoreDynamite.integ:231112103100800]
06-26 06:59:49.395   518  1948 D PackageManager: Instant App installer not found with android.intent.action.INSTALL_INSTANT_APP_PACKAGE
06-26 06:59:49.395   518  1948 D PackageManager: Clear ephemeral installer activity
06-26 06:59:49.400  5719  5828 W ChimeraConfigService: Retry attempt was throttled. [CONTEXT service_id=264 ]
06-26 06:59:49.400  5719  5828 I GmsDebugLogger: [83] 1 [maps_core]
06-26 06:59:49.417  5719  6948 W DynamiteModule: Local module descriptor class for com.google.android.gms.vision.dynamite.ocr not found.
06-26 06:59:49.417  5719  6948 W ProviderHelper: Unknown dynamite feature vision.dynamite.ocr
06-26 06:59:49.417  5719  6948 I DynamiteModule: Considering local module com.google.android.gms.vision.dynamite.ocr:0 and remote module com.google.android.gms.vision.dynamite.ocr:0
06-26 06:59:49.418  5719  6948 W ProviderHelper: Ignoring optional dynamite feature vision.ocr
06-26 06:59:49.418  5719  6948 W DynamiteModule: Local module descriptor class for com.google.android.gms.vision.ocr not found.
06-26 06:59:49.418  5719  6948 I DynamiteModule: Considering local module com.google.android.gms.vision.ocr:0 and remote module com.google.android.gms.vision.ocr:0
06-26 06:59:49.418  5719  6948 W Vision  : Error loading optional module com.google.android.gms.vision.ocr: ahbb: No acceptable module com.google.android.gms.vision.ocr found. Local version is 0 and remote version is 0.
06-26 06:59:49.442  5719  6948 W TextNativeHandle: Native handle not yet available. Reverting to no-op handle.
06-26 06:59:49.442  5719  6948 W DynamiteModule: Local module descriptor class for com.google.android.gms.vision.dynamite.ocr not found.
06-26 06:59:49.442  5719  6948 W ProviderHelper: Unknown dynamite feature vision.dynamite.ocr
06-26 06:59:49.442  5719  6948 I DynamiteModule: Considering local module com.google.android.gms.vision.dynamite.ocr:0 and remote module com.google.android.gms.vision.dynamite.ocr:0
06-26 06:59:49.443  5719  6948 W ProviderHelper: Ignoring optional dynamite feature vision.ocr
06-26 06:59:49.443  5719  6948 W DynamiteModule: Local module descriptor class for com.google.android.gms.vision.ocr not found.
06-26 06:59:49.443  5719  6948 I DynamiteModule: Considering local module com.google.android.gms.vision.ocr:0 and remote module com.google.android.gms.vision.ocr:0
06-26 06:59:49.443  5719  6948 W Vision  : Error loading optional module com.google.android.gms.vision.ocr: ahbb: No acceptable module com.google.android.gms.vision.ocr found. Local version is 0 and remote version is 0.
06-26 06:59:49.444  5719  6948 I OcrModelUpStIntentOp: Downloading text recognizer
06-26 06:59:49.450   518  1948 D PackageManager: Instant App installer not found with android.intent.action.INSTALL_INSTANT_APP_PACKAGE
06-26 06:59:49.450   518  1948 D PackageManager: Clear ephemeral installer activity
06-26 06:59:49.454   518  1948 D PackageManager: Instant App installer not found with android.intent.action.INSTALL_INSTANT_APP_PACKAGE
06-26 06:59:49.454   518  1948 D PackageManager: Clear ephemeral installer activity
06-26 06:59:49.479  5719  5719 D BoundBrokerSvc: onBind: Intent { act=com.google.android.gms.ocr.service.internal.START dat=chimera-action:/... cmp=com.google.android.gms/.chimera.GmsInternalApiService }
06-26 06:59:49.479  5719  5719 D BoundBrokerSvc: Loading bound service for intent: Intent { act=com.google.android.gms.ocr.service.internal.START dat=chimera-action:/... cmp=com.google.android.gms/.chimera.GmsInternalApiService }
06-26 06:59:49.524  5630  6488 I NetworkScheduler.Stats: Task com.google.android.gms/com.google.android.gms.clearcut.uploader.QosUploaderService started execution. cause:5 exec_start_elapsed_seconds: 170 [CONTEXT service_id=218 ]
06-26 06:59:49.524  5630  6488 I NetworkScheduler.Stats: Task com.google.android.gms/com.google.android.gms.clearcut.uploader.QosUploaderService started execution. cause:5 exec_start_elapsed_seconds: 170 [CONTEXT service_id=218 ]
06-26 06:59:49.525  5630  6488 I NetworkScheduler.Stats: Task com.google.android.gms/com.google.android.gms.clearcut.uploader.QosUploaderService finished executing. cause:5 result: 1 elapsed_millis: 110 uptime_millis: 110 exec_start_elapsed_seconds: 170 [CONTEXT service_id=218 ]
06-26 06:59:49.525  5719  6955 I ChimeraConfigurator: Starting update, reason: 4 urgentFeatures: vision.ocr:-1
06-26 06:59:49.540  5719  6937 W Pay     : Active account was null, notification task will be cancelled. [CONTEXT service_id=198 ]
06-26 06:59:49.540  5719  6937 W Pay     : [eMoney txn sync] exiting without init: active tapandpay account not found! [CONTEXT service_id=198 ]
06-26 06:59:49.543  5974  6302 D Maestro : Requesting view hierarchy
06-26 06:59:49.544  5974  6302 W QueryController: Could not detect idle state.
06-26 06:59:49.544  5974  6302 W QueryController: Could not detect idle state.
06-26 06:59:49.553  5719  6937 I Pay     : Requested check of feature migrations. [CONTEXT service_id=198 ]
06-26 06:59:49.554  5719  6955 I ChimeraConfigurator: Detected pending changes for urgent request: [vision.ocr]. Pending module sets: container:2318189190800+mlkit.ocr.common,tflite_dynamite:2605805025100800+tflite_dynamite,vision_ocr:2316024025100000+vision.ocr
06-26 06:59:49.561  5719  6937 W Pay     : Active account was null, notification task will be cancelled. [CONTEXT service_id=198 ]
06-26 06:59:49.561  5719  6937 W Pay     : [eMoney card recovery task] exiting without init: active tapandpay account not found! [CONTEXT service_id=198 ]
06-26 06:59:49.561  5719  6937 I Pay     : Requested immediate check to see whether to show pay module downloading complete notification. [CONTEXT service_id=198 ]
06-26 06:59:49.564  5630  6488 I NetworkScheduler.Stats: Task com.google.android.gms/com.google.android.gms.clearcut.uploader.QosUploaderService finished executing. cause:5 result: 1 elapsed_millis: 117 uptime_millis: 117 exec_start_elapsed_seconds: 170 [CONTEXT service_id=218 ]
06-26 06:59:49.570  5719  6937 W PeoplePU: getComponentEnabledSetting failed.
06-26 06:59:49.570  5719  6937 W PeoplePU: java.lang.IllegalArgumentException: Unknown component: ComponentInfo{com.google.android.syncadapters.contacts/com.google.android.syncadapters.contacts.ContactsSyncAdapterService}
06-26 06:59:49.570  5719  6937 W PeoplePU: 	at android.os.Parcel.createExceptionOrNull(Parcel.java:3061)
06-26 06:59:49.570  5719  6937 W PeoplePU: 	at android.os.Parcel.createException(Parcel.java:3041)
06-26 06:59:49.570  5719  6937 W PeoplePU: 	at android.os.Parcel.readException(Parcel.java:3024)
06-26 06:59:49.570  5719  6937 W PeoplePU: 	at android.os.Parcel.readException(Parcel.java:2966)
06-26 06:59:49.570  5719  6937 W PeoplePU: 	at android.content.pm.IPackageManager$Stub$Proxy.getComponentEnabledSetting(IPackageManager.java:6034)
06-26 06:59:49.570  5719  6937 W PeoplePU: 	at android.app.ApplicationPackageManager.getComponentEnabledSetting(ApplicationPackageManager.java:3097)
06-26 06:59:49.570  5719  6937 W PeoplePU: 	at bvox.b(:com.google.android.gms@231818047@23.18.18 (190800-535401451):1)
06-26 06:59:49.570  5719  6937 W PeoplePU: 	at bvgq.a(:com.google.android.gms@231818047@23.18.18 (190800-535401451):5)
06-26 06:59:49.570  5719  6937 W PeoplePU: 	at com.google.android.gms.people.api.init.PeopleModuleInitIntentOperation.b(:com.google.android.gms@231818047@23.18.18 (190800-535401451):9)
06-26 06:59:49.570  5719  6937 W PeoplePU: 	at zdm.onHandleIntent(:com.google.android.gms@231818047@23.18.18 (190800-535401451):7)
06-26 06:59:49.570  5719  6937 W PeoplePU: 	at com.google.android.chimera.IntentOperation.onHandleIntent(:com.google.android.gms@231818047@23.18.18 (190800-535401451):2)
06-26 06:59:49.570  5719  6937 W PeoplePU: 	at zhv.onHandleIntent(:com.google.android.gms@231818047@23.18.18 (190800-535401451):4)
06-26 06:59:49.570  5719  6937 W PeoplePU: 	at hjm.run(:com.google.android.gms@231818047@23.18.18 (190800-535401451):3)
06-26 06:59:49.570  5719  6937 W PeoplePU: 	at hjl.run(:com.google.android.gms@231818047@23.18.18 (190800-535401451):11)
06-26 06:59:49.570  5719  6937 W PeoplePU: 	at dfhf.run(:com.google.android.gms@231818047@23.18.18 (190800-535401451):2)
06-26 06:59:49.570  5719  6937 W PeoplePU: 	at java.util.concurrent.ThreadPoolExecutor.runWorker(ThreadPoolExecutor.java:1145)
06-26 06:59:49.570  5719  6937 W PeoplePU: 	at java.util.concurrent.ThreadPoolExecutor$Worker.run(ThreadPoolExecutor.java:644)
06-26 06:59:49.570  5719  6937 W PeoplePU: 	at java.lang.Thread.run(Thread.java:1012)
06-26 06:59:49.571  5719  6937 I FsaEntryPointSwitcher: setting component enabled=1 for com.google.android.gms.people.sync.focus.ContactsSyncAdapterService
06-26 06:59:49.571  5719  6937 I FsaEntryPointSwitcher: Setting component enabled succeeds.
06-26 06:59:49.571  5719  6937 W PeoplePU: getComponentEnabledSetting failed.
06-26 06:59:49.571  5719  6937 W PeoplePU: java.lang.IllegalArgumentException: Unknown component: ComponentInfo{com.google.android.syncadapters.contacts/com.google.android.syncadapters.contacts.ContactsSyncAdapterService}
06-26 06:59:49.571  5719  6937 W PeoplePU: 	at android.os.Parcel.createExceptionOrNull(Parcel.java:3061)
06-26 06:59:49.571  5719  6937 W PeoplePU: 	at android.os.Parcel.createException(Parcel.java:3041)
06-26 06:59:49.571  5719  6937 W PeoplePU: 	at android.os.Parcel.readException(Parcel.java:3024)
06-26 06:59:49.571  5719  6937 W PeoplePU: 	at android.os.Parcel.readException(Parcel.java:2966)
06-26 06:59:49.571  5719  6937 W PeoplePU: 	at android.content.pm.IPackageManager$Stub$Proxy.getComponentEnabledSetting(IPackageManager.java:6034)
06-26 06:59:49.571  5719  6937 W PeoplePU: 	at android.app.ApplicationPackageManager.getComponentEnabledSetting(ApplicationPackageManager.java:3097)
06-26 06:59:49.571  5719  6937 W PeoplePU: 	at bvox.b(:com.google.android.gms@231818047@23.18.18 (190800-535401451):1)
06-26 06:59:49.571  5719  6937 W PeoplePU: 	at bvgq.a(:com.google.android.gms@231818047@23.18.18 (190800-535401451):29)
06-26 06:59:49.571  5719  6937 W PeoplePU: 	at com.google.android.gms.people.api.init.PeopleModuleInitIntentOperation.b(:com.google.android.gms@231818047@23.18.18 (190800-535401451):9)
06-26 06:59:49.571  5719  6937 W PeoplePU: 	at zdm.onHandleIntent(:com.google.android.gms@231818047@23.18.18 (190800-535401451):7)
06-26 06:59:49.571  5719  6937 W PeoplePU: 	at com.google.android.chimera.IntentOperation.onHandleIntent(:com.google.android.gms@231818047@23.18.18 (190800-535401451):2)
06-26 06:59:49.571  5719  6937 W PeoplePU: 	at zhv.onHandleIntent(:com.google.android.gms@231818047@23.18.18 (190800-535401451):4)
06-26 06:59:49.571  5719  6937 W PeoplePU: 	at hjm.run(:com.google.android.gms@231818047@23.18.18 (190800-535401451):3)
06-26 06:59:49.571  5719  6937 W PeoplePU: 	at hjl.run(:com.google.android.gms@231818047@23.18.18 (190800-535401451):11)
06-26 06:59:49.571  5719  6937 W PeoplePU: 	at dfhf.run(:com.google.android.gms@231818047@23.18.18 (190800-535401451):2)
06-26 06:59:49.571  5719  6937 W PeoplePU: 	at java.util.concurrent.ThreadPoolExecutor.runWorker(ThreadPoolExecutor.java:1145)
06-26 06:59:49.571  5719  6937 W PeoplePU: 	at java.util.concurrent.ThreadPoolExecutor$Worker.run(ThreadPoolExecutor.java:644)
06-26 06:59:49.571  5719  6937 W PeoplePU: 	at java.lang.Thread.run(Thread.java:1012)
06-26 06:59:49.572  5719  6937 W PeoplePU: getComponentEnabledSetting failed.
06-26 06:59:49.572  5719  6937 W PeoplePU: java.lang.IllegalArgumentException: Unknown component: ComponentInfo{com.google.android.syncadapters.contacts/com.google.android.syncadapters.contacts.ProxyGalProvider}
06-26 06:59:49.572  5719  6937 W PeoplePU: 	at android.os.Parcel.createExceptionOrNull(Parcel.java:3061)
06-26 06:59:49.572  5719  6937 W PeoplePU: 	at android.os.Parcel.createException(Parcel.java:3041)
06-26 06:59:49.572  5719  6937 W PeoplePU: 	at android.os.Parcel.readException(Parcel.java:3024)
06-26 06:59:49.572  5719  6937 W PeoplePU: 	at android.os.Parcel.readException(Parcel.java:2966)
06-26 06:59:49.572  5719  6937 W PeoplePU: 	at android.content.pm.IPackageManager$Stub$Proxy.getComponentEnabledSetting(IPackageManager.java:6034)
06-26 06:59:49.572  5719  6937 W PeoplePU: 	at android.app.ApplicationPackageManager.getComponentEnabledSetting(ApplicationPackageManager.java:3097)
06-26 06:59:49.572  5719  6937 W PeoplePU: 	at bvox.b(:com.google.android.gms@231818047@23.18.18 (190800-535401451):1)
06-26 06:59:49.572  5719  6937 W PeoplePU: 	at buru.a(:com.google.android.gms@231818047@23.18.18 (190800-535401451):2)
06-26 06:59:49.572  5719  6937 W PeoplePU: 	at com.google.android.gms.people.api.init.PeopleModuleInitIntentOperation.b(:com.google.android.gms@231818047@23.18.18 (190800-535401451):10)
06-26 06:59:49.572  5719  6937 W PeoplePU: 	at zdm.onHandleIntent(:com.google.android.gms@231818047@23.18.18 (190800-535401451):7)
06-26 06:59:49.572  5719  6937 W PeoplePU: 	at com.google.android.chimera.IntentOperation.onHandleIntent(:com.google.android.gms@231818047@23.18.18 (190800-535401451):2)
06-26 06:59:49.572  5719  6937 W PeoplePU: 	at zhv.onHandleIntent(:com.google.android.gms@231818047@23.18.18 (190800-535401451):4)
06-26 06:59:49.572  5719  6937 W PeoplePU: 	at hjm.run(:com.google.android.gms@231818047@23.18.18 (190800-535401451):3)
06-26 06:59:49.572  5719  6937 W PeoplePU: 	at hjl.run(:com.google.android.gms@231818047@23.18.18 (190800-535401451):11)
06-26 06:59:49.572  5719  6937 W PeoplePU: 	at dfhf.run(:com.google.android.gms@231818047@23.18.18 (190800-535401451):2)
06-26 06:59:49.572  5719  6937 W PeoplePU: 	at java.util.concurrent.ThreadPoolExecutor.runWorker(ThreadPoolExecutor.java:1145)
06-26 06:59:49.572  5719  6937 W PeoplePU: 	at java.util.concurrent.ThreadPoolExecutor$Worker.run(ThreadPoolExecutor.java:644)
06-26 06:59:49.572  5719  6937 W PeoplePU: 	at java.lang.Thread.run(Thread.java:1012)
06-26 06:59:49.602  5719  6955 I GmsDebugLogger: [73] 1801
06-26 06:59:49.605  5719  6955 W ZappDownloader: No successful module downloads for requested features [vision.ocr].
06-26 06:59:49.605  5719  6955 I GmsDebugLogger: [30] [VisionOcrDynamite.integ:231602402100000],[TfliteDynamiteDynamite.integ:260580502100800],[MlkitOcrCommon.optional:231818100800]
06-26 06:59:49.613  5719  6937 I PeopleGalProvider: Gal directories started.
06-26 06:59:49.614  5719  6937 I PeopleGalProvider: Method 1 completed.
06-26 06:59:49.614  5719  6937 I PeopleGalProvider: Method 1 finished successfully.
06-26 06:59:49.620  4208  4208 D BluetoothPbapService:  onChange on contact uri 
