06-26 06:59:45.769  5974  6016 I Maestro : Skipping invisible child: android.view.accessibility.AccessibilityNodeInfo@7f652; boundsInParent: Rect(0, 0 - 154, 19); boundsInScreen: Rect(133, 184 - 287, 58); boundsInWindow: Rect(133, 184 - 287, 58); packageName: com.hanapkalinga.mobile; className: android.widget.TextView; text: Metro Manila, NCR; error: null; maxTextLength: -1; stateDescription: null; contentDescription: null; tooltipText: null; containerTitle: null; viewIdResName: null; uniqueId: null; checkable: false; checked: false; focusable: false; focused: false; selected: false; clickable: false; longClickable: false; contextClickable: false; enabled: true; password: false; scrollable: false; importantForAccessibility: true; visible: false; actions: [AccessibilityAction: ACTION_SELECT - null, AccessibilityAction: ACTION_CLEAR_SELECTION - null, AccessibilityAction: ACTION_ACCESSIBILITY_FOCUS - null, AccessibilityAction: ACTION_NEXT_AT_MOVEMENT_GRANULARITY - null, AccessibilityAction: ACTION_PREVIOUS_AT_MOVEMENT_GRANULARITY - null, AccessibilityAction: ACTION_SET_SELECTION - null, AccessibilityAction: ACTION_SHOW_ON_SCREEN - null]; isTextSelectable: false
06-26 06:59:45.770  5974  6016 I Maestro : Skipping invisible child: android.view.accessibility.AccessibilityNodeInfo@7fa13; boundsInParent: Rect(0, 0 - 100, 33); boundsInScreen: Rect(33, 184 - 133, 103); boundsInWindow: Rect(33, 184 - 133, 103); packageName: com.hanapkalinga.mobile; className: android.widget.TextView; text: PROVIDER TYPE; error: null; maxTextLength: -1; stateDescription: null; contentDescription: null; tooltipText: null; containerTitle: null; viewIdResName: null; uniqueId: null; checkable: false; checked: false; focusable: false; focused: false; selected: false; clickable: false; longClickable: false; contextClickable: false; enabled: true; password: false; scrollable: false; importantForAccessibility: true; visible: false; actions: [AccessibilityAction: ACTION_SELECT - null, AccessibilityAction: ACTION_CLEAR_SELECTION - null, AccessibilityAction: ACTION_ACCESSIBILITY_FOCUS - null, AccessibilityAction: ACTION_NEXT_AT_MOVEMENT_GRANULARITY - null, AccessibilityAction: ACTION_PREVIOUS_AT_MOVEMENT_GRANULARITY - null, AccessibilityAction: ACTION_SET_SELECTION - null, AccessibilityAction: ACTION_SHOW_ON_SCREEN - null]; isTextSelectable: false
06-26 06:59:45.771  5974  6016 I Maestro : Skipping invisible child: android.view.accessibility.AccessibilityNodeInfo@7fdd4; boundsInParent: Rect(0, 0 - 154, 19); boundsInScreen: Rect(133, 184 - 287, 89); boundsInWindow: Rect(133, 184 - 287, 89); packageName: com.hanapkalinga.mobile; className: android.widget.TextView; text: Nurse; error: null; maxTextLength: -1; stateDescription: null; contentDescription: null; tooltipText: null; containerTitle: null; viewIdResName: null; uniqueId: null; checkable: false; checked: false; focusable: false; focused: false; selected: false; clickable: false; longClickable: false; contextClickable: false; enabled: true; password: false; scrollable: false; importantForAccessibility: true; visible: false; actions: [AccessibilityAction: ACTION_SELECT - null, AccessibilityAction: ACTION_CLEAR_SELECTION - null, AccessibilityAction: ACTION_ACCESSIBILITY_FOCUS - null, AccessibilityAction: ACTION_NEXT_AT_MOVEMENT_GRANULARITY - null, AccessibilityAction: ACTION_PREVIOUS_AT_MOVEMENT_GRANULARITY - null, AccessibilityAction: ACTION_SET_SELECTION - null, AccessibilityAction: ACTION_SHOW_ON_SCREEN - null]; isTextSelectable: false
06-26 06:59:45.772  5974  6016 I Maestro : Skipping invisible child: android.view.accessibility.AccessibilityNodeInfo@80195; boundsInParent: Rect(0, 0 - 100, 33); boundsInScreen: Rect(33, 184 - 133, 148); boundsInWindow: Rect(33, 184 - 133, 148); packageName: com.hanapkalinga.mobile; className: android.widget.TextView; text: SPECIALIZATIONS; error: null; maxTextLength: -1; stateDescription: null; contentDescription: null; tooltipText: null; containerTitle: null; viewIdResName: null; uniqueId: null; checkable: false; checked: false; focusable: false; focused: false; selected: false; clickable: false; longClickable: false; contextClickable: false; enabled: true; password: false; scrollable: false; importantForAccessibility: true; visible: false; actions: [AccessibilityAction: ACTION_SELECT - null, AccessibilityAction: ACTION_CLEAR_SELECTION - null, AccessibilityAction: ACTION_ACCESSIBILITY_FOCUS - null, AccessibilityAction: ACTION_NEXT_AT_MOVEMENT_GRANULARITY - null, AccessibilityAction: ACTION_PREVIOUS_AT_MOVEMENT_GRANULARITY - null, AccessibilityAction: ACTION_SET_SELECTION - null, AccessibilityAction: ACTION_SHOW_ON_SCREEN - null]; isTextSelectable: false
06-26 06:59:45.772  5974  6016 I Maestro : Skipping invisible child: android.view.accessibility.AccessibilityNodeInfo@80556; boundsInParent: Rect(0, 0 - 89, 21); boundsInScreen: Rect(198, 184 - 287, 136); boundsInWindow: Rect(198, 184 - 287, 136); packageName: com.hanapkalinga.mobile; className: android.view.ViewGroup; text: null; error: null; maxTextLength: -1; stateDescription: null; contentDescription: null; tooltipText: null; containerTitle: null; viewIdResName: null; uniqueId: null; checkable: false; checked: false; focusable: false; focused: false; selected: false; clickable: false; longClickable: false; contextClickable: false; enabled: true; password: false; scrollable: false; importantForAccessibility: false; visible: false; actions: [AccessibilityAction: ACTION_SELECT - null, AccessibilityAction: ACTION_CLEAR_SELECTION - null, AccessibilityAction: ACTION_ACCESSIBILITY_FOCUS - null, AccessibilityAction: ACTION_SHOW_ON_SCREEN - null]; isTextSelectable: false
06-26 06:59:45.773  5974  6016 I Maestro : Skipping invisible child: android.view.accessibility.AccessibilityNodeInfo@80917; boundsInParent: Rect(0, 0 - 69, 17); boundsInScreen: Rect(208, 184 - 277, 134); boundsInWindow: Rect(208, 184 - 277, 134); packageName: com.hanapkalinga.mobile; className: android.widget.TextView; text: General Care; error: null; maxTextLength: -1; stateDescription: null; contentDescription: null; tooltipText: null; containerTitle: null; viewIdResName: null; uniqueId: null; checkable: false; checked: false; focusable: false; focused: false; selected: false; clickable: false; longClickable: false; contextClickable: false; enabled: true; password: false; scrollable: false; importantForAccessibility: true; visible: false; actions: [AccessibilityAction: ACTION_SELECT - null, AccessibilityAction: ACTION_CLEAR_SELECTION - null, AccessibilityAction: ACTION_ACCESSIBILITY_FOCUS - null, AccessibilityAction: ACTION_NEXT_AT_MOVEMENT_GRANULARITY - null, AccessibilityAction: ACTION_PREVIOUS_AT_MOVEMENT_GRANULARITY - null, AccessibilityAction: ACTION_SET_SELECTION - null, AccessibilityAction: ACTION_SHOW_ON_SCREEN - null]; isTextSelectable: false
06-26 06:59:45.774  5974  6016 I Maestro : Skipping invisible child: android.view.accessibility.AccessibilityNodeInfo@80cd8; boundsInParent: Rect(0, 0 - 100, 18); boundsInScreen: Rect(33, 184 - 133, 178); boundsInWindow: Rect(33, 184 - 133, 178); packageName: com.hanapkalinga.mobile; className: android.widget.TextView; text: SUBMITTED; error: null; maxTextLength: -1; stateDescription: null; contentDescription: null; tooltipText: null; containerTitle: null; viewIdResName: null; uniqueId: null; checkable: false; checked: false; focusable: false; focused: false; selected: false; clickable: false; longClickable: false; contextClickable: false; enabled: true; password: false; scrollable: false; importantForAccessibility: true; visible: false; actions: [AccessibilityAction: ACTION_SELECT - null, AccessibilityAction: ACTION_CLEAR_SELECTION - null, AccessibilityAction: ACTION_ACCESSIBILITY_FOCUS - null, AccessibilityAction: ACTION_NEXT_AT_MOVEMENT_GRANULARITY - null, AccessibilityAction: ACTION_PREVIOUS_AT_MOVEMENT_GRANULARITY - null, AccessibilityAction: ACTION_SET_SELECTION - null, AccessibilityAction: ACTION_SHOW_ON_SCREEN - null]; isTextSelectable: false
06-26 06:59:45.775  5974  6016 I Maestro : Skipping invisible child: android.view.accessibility.AccessibilityNodeInfo@81099; boundsInParent: Rect(0, 0 - 154, 19); boundsInScreen: Rect(133, 184 - 287, 179); boundsInWindow: Rect(133, 184 - 287, 179); packageName: com.hanapkalinga.mobile; className: android.widget.TextView; text: Jun 26, 2026; error: null; maxTextLength: -1; stateDescription: null; contentDescription: null; tooltipText: null; containerTitle: null; viewIdResName: null; uniqueId: null; checkable: false; checked: false; focusable: false; focused: false; selected: false; clickable: false; longClickable: false; contextClickable: false; enabled: true; password: false; scrollable: false; importantForAccessibility: true; visible: false; actions: [AccessibilityAction: ACTION_SELECT - null, AccessibilityAction: ACTION_CLEAR_SELECTION - null, AccessibilityAction: ACTION_ACCESSIBILITY_FOCUS - null, AccessibilityAction: ACTION_NEXT_AT_MOVEMENT_GRANULARITY - null, AccessibilityAction: ACTION_PREVIOUS_AT_MOVEMENT_GRANULARITY - null, AccessibilityAction: ACTION_SET_SELECTION - null, AccessibilityAction: ACTION_SHOW_ON_SCREEN - null]; isTextSelectable: false
06-26 06:59:45.779  5974  6016 I Maestro : Skipping invisible child: android.view.accessibility.AccessibilityNodeInfo@82ea1; boundsInParent: Rect(0, 0 - 3, 1); boundsInScreen: Rect(39, 282 - 41, 282); boundsInWindow: Rect(39, 282 - 41, 282); packageName: com.hanapkalinga.mobile; className: com.horcrux.svg.PathView; text: null; error: null; maxTextLength: -1; stateDescription: null; contentDescription: null; tooltipText: null; containerTitle: null; viewIdResName: null; uniqueId: null; checkable: false; checked: false; focusable: false; focused: false; selected: false; clickable: false; longClickable: false; contextClickable: false; enabled: true; password: false; scrollable: false; importantForAccessibility: false; visible: false; actions: [AccessibilityAction: ACTION_SELECT - null, AccessibilityAction: ACTION_CLEAR_SELECTION - null, AccessibilityAction: ACTION_ACCESSIBILITY_FOCUS - null, AccessibilityAction: ACTION_SHOW_ON_SCREEN - null]; isTextSelectable: false
06-26 06:59:45.779  5974  6016 I Maestro : Skipping invisible child: android.view.accessibility.AccessibilityNodeInfo@83262; boundsInParent: Rect(0, 0 - 8, 1); boundsInScreen: Rect(39, 285 - 46, 285); boundsInWindow: Rect(39, 285 - 46, 285); packageName: com.hanapkalinga.mobile; className: com.horcrux.svg.PathView; text: null; error: null; maxTextLength: -1; stateDescription: null; contentDescription: null; tooltipText: null; containerTitle: null; viewIdResName: null; uniqueId: null; checkable: false; checked: false; focusable: false; focused: false; selected: false; clickable: false; longClickable: false; contextClickable: false; enabled: true; password: false; scrollable: false; importantForAccessibility: false; visible: false; actions: [AccessibilityAction: ACTION_SELECT - null, AccessibilityAction: ACTION_CLEAR_SELECTION - null, AccessibilityAction: ACTION_ACCESSIBILITY_FOCUS - null, AccessibilityAction: ACTION_SHOW_ON_SCREEN - null]; isTextSelectable: false
06-26 06:59:45.779  5974  6016 I Maestro : Skipping invisible child: android.view.accessibility.AccessibilityNodeInfo@83623; boundsInParent: Rect(0, 0 - 8, 1); boundsInScreen: Rect(39, 289 - 46, 289); boundsInWindow: Rect(39, 289 - 46, 289); packageName: com.hanapkalinga.mobile; className: com.horcrux.svg.PathView; text: null; error: null; maxTextLength: -1; stateDescription: null; contentDescription: null; tooltipText: null; containerTitle: null; viewIdResName: null; uniqueId: null; checkable: false; checked: false; focusable: false; focused: false; selected: false; clickable: false; longClickable: false; contextClickable: false; enabled: true; password: false; scrollable: false; importantForAccessibility: false; visible: false; actions: [AccessibilityAction: ACTION_SELECT - null, AccessibilityAction: ACTION_CLEAR_SELECTION - null, AccessibilityAction: ACTION_ACCESSIBILITY_FOCUS - null, AccessibilityAction: ACTION_SHOW_ON_SCREEN - null]; isTextSelectable: false
06-26 06:59:45.782  5974  6016 I Maestro : Skipping invisible child: android.view.accessibility.AccessibilityNodeInfo@8542b; boundsInParent: Rect(0, 0 - 3, 1); boundsInScreen: Rect(39, 338 - 41, 338); boundsInWindow: Rect(39, 338 - 41, 338); packageName: com.hanapkalinga.mobile; className: com.horcrux.svg.PathView; text: null; error: null; maxTextLength: -1; stateDescription: null; contentDescription: null; tooltipText: null; containerTitle: null; viewIdResName: null; uniqueId: null; checkable: false; checked: false; focusable: false; focused: false; selected: false; clickable: false; longClickable: false; contextClickable: false; enabled: true; password: false; scrollable: false; importantForAccessibility: false; visible: false; actions: [AccessibilityAction: ACTION_SELECT - null, AccessibilityAction: ACTION_CLEAR_SELECTION - null, AccessibilityAction: ACTION_ACCESSIBILITY_FOCUS - null, AccessibilityAction: ACTION_SHOW_ON_SCREEN - null]; isTextSelectable: false
06-26 06:59:45.782  5974  6016 I Maestro : Skipping invisible child: android.view.accessibility.AccessibilityNodeInfo@857ec; boundsInParent: Rect(0, 0 - 8, 1); boundsInScreen: Rect(39, 341 - 46, 341); boundsInWindow: Rect(39, 341 - 46, 341); packageName: com.hanapkalinga.mobile; className: com.horcrux.svg.PathView; text: null; error: null; maxTextLength: -1; stateDescription: null; contentDescription: null; tooltipText: null; containerTitle: null; viewIdResName: null; uniqueId: null; checkable: false; checked: false; focusable: false; focused: false; selected: false; clickable: false; longClickable: false; contextClickable: false; enabled: true; password: false; scrollable: false; importantForAccessibility: false; visible: false; actions: [AccessibilityAction: ACTION_SELECT - null, AccessibilityAction: ACTION_CLEAR_SELECTION - null, AccessibilityAction: ACTION_ACCESSIBILITY_FOCUS - null, AccessibilityAction: ACTION_SHOW_ON_SCREEN - null]; isTextSelectable: false
06-26 06:59:45.783  5974  6016 I Maestro : Skipping invisible child: android.view.accessibility.AccessibilityNodeInfo@85bad; boundsInParent: Rect(0, 0 - 8, 1); boundsInScreen: Rect(39, 345 - 46, 345); boundsInWindow: Rect(39, 345 - 46, 345); packageName: com.hanapkalinga.mobile; className: com.horcrux.svg.PathView; text: null; error: null; maxTextLength: -1; stateDescription: null; contentDescription: null; tooltipText: null; containerTitle: null; viewIdResName: null; uniqueId: null; checkable: false; checked: false; focusable: false; focused: false; selected: false; clickable: false; longClickable: false; contextClickable: false; enabled: true; password: false; scrollable: false; importantForAccessibility: false; visible: false; actions: [AccessibilityAction: ACTION_SELECT - null, AccessibilityAction: ACTION_CLEAR_SELECTION - null, AccessibilityAction: ACTION_ACCESSIBILITY_FOCUS - null, AccessibilityAction: ACTION_SHOW_ON_SCREEN - null]; isTextSelectable: false
06-26 06:59:45.789  5974  6016 I Maestro : Skipping invisible child: android.view.accessibility.AccessibilityNodeInfo@888b9; boundsInParent: Rect(0, 0 - 128, 21); boundsInScreen: Rect(96, 640 - 224, 640); boundsInWindow: Rect(96, 640 - 224, 640); packageName: com.hanapkalinga.mobile; className: android.widget.TextView; text: Mark Under Review; error: null; maxTextLength: -1; stateDescription: null; contentDescription: null; tooltipText: null; containerTitle: null; viewIdResName: null; uniqueId: null; checkable: false; checked: false; focusable: false; focused: false; selected: false; clickable: false; longClickable: false; contextClickable: false; enabled: true; password: false; scrollable: false; importantForAccessibility: true; visible: false; actions: [AccessibilityAction: ACTION_SELECT - null, AccessibilityAction: ACTION_CLEAR_SELECTION - null, AccessibilityAction: ACTION_ACCESSIBILITY_FOCUS - null, AccessibilityAction: ACTION_NEXT_AT_MOVEMENT_GRANULARITY - null, AccessibilityAction: ACTION_PREVIOUS_AT_MOVEMENT_GRANULARITY - null, AccessibilityAction: ACTION_SET_SELECTION - null, AccessibilityAction: ACTION_SHOW_ON_SCREEN - null]; isTextSelectable: false
06-26 06:59:45.796  5974  6016 D Maestro : View hierarchy received in 53 ms
06-26 06:59:45.862  1122  1122 D TaplEvents: TIS / TouchInteractionService.onInputEvent: MotionEvent { action=ACTION_DOWN, actionButton=0, id[0]=0, x[0]=160.0, y[0]=471.0, toolType[0]=TOOL_TYPE_FINGER, buttonState=0, classification=NONE, metaState=0, flags=0x0, edgeFlags=0x0, pointerCount=1, historySize=0, eventTime=166838, downTime=166838, deviceId=-1, source=0x1002, displayId=0, eventId=-422709958 }
06-26 06:59:45.897  6152  6174 D EGL_emulation: app_time_stats: avg=90.71ms min=13.06ms max=1348.43ms count=18
06-26 06:59:45.964  1122  1122 D TaplEvents: TIS / TouchInteractionService.onInputEvent: MotionEvent { action=ACTION_UP, actionButton=0, id[0]=0, x[0]=160.0, y[0]=471.0, toolType[0]=TOOL_TYPE_FINGER, buttonState=0, classification=NONE, metaState=0, flags=0x0, edgeFlags=0x0, pointerCount=1, historySize=0, eventTime=166953, downTime=166838, deviceId=-1, source=0x1002, displayId=0, eventId=-332840827 }
06-26 06:59:45.978   396  1474 D audioserver: FGS Logger Transaction failed
06-26 06:59:45.978   396  1474 D audioserver: -129
06-26 06:59:45.980   396   501 D AudioFlinger: mixer(0x72e9ef9b7930) throttle end: throttle time(36)
06-26 06:59:45.983  6152  6152 W WindowOnBackDispatcher: OnBackInvokedCallback is not enabled for the application.
06-26 06:59:45.983  6152  6152 W WindowOnBackDispatcher: Set 'android:enableOnBackInvokedCallback="true"' in the application manifest.
06-26 06:59:45.989   518   644 D ActivityManager: freezing 3223 com.google.android.gms.unstable
06-26 06:59:46.004   518   568 D CompatibilityChangeReporter: Compat change id reported: 168419799; UID 10192; state: DISABLED
06-26 06:59:46.005   518   568 D CompatibilityChangeReporter: Compat change id reported: 273564678; UID 10192; state: DISABLED
06-26 06:59:46.021   518   785 D CoreBackPreview: Window{cce39b6 u0 com.hanapkalinga.mobile/com.hanapkalinga.mobile.MainActivity}: Setting back callback OnBackInvokedCallbackInfo{mCallback=android.window.IOnBackInvokedCallback$Stub$Proxy@cfc3b42, mPriority=0, mIsAnimationCallback=false}
06-26 06:59:46.135   868   931 D EGL_emulation: app_time_stats: avg=23720.91ms min=23720.91ms max=23720.91ms count=1
06-26 06:59:46.158   396   501 D audioserver: FGS Logger Transaction failed
06-26 06:59:46.158   396   501 D audioserver: -129
06-26 06:59:46.641  5974  6016 W QueryController: Could not detect idle state.
06-26 06:59:46.642  5974  6016 D Maestro : Requesting view hierarchy
06-26 06:59:46.643  5974  6016 W QueryController: Could not detect idle state.
06-26 06:59:46.644  5974  6016 W QueryController: Could not detect idle state.
06-26 06:59:46.660  5974  6016 D Maestro : View hierarchy received in 17 ms
06-26 06:59:46.714  5974  6302 D Maestro : Requesting view hierarchy
06-26 06:59:46.715  5974  6302 W QueryController: Could not detect idle state.
06-26 06:59:46.715  5974  6302 W QueryController: Could not detect idle state.
06-26 06:59:46.728  5974  6302 D Maestro : View hierarchy received in 14 ms
06-26 06:59:46.783  5974  6302 D Maestro : Requesting view hierarchy
06-26 06:59:46.784  5974  6302 W QueryController: Could not detect idle state.
06-26 06:59:46.784  5974  6302 W QueryController: Could not detect idle state.
06-26 06:59:46.801  5974  6302 D Maestro : View hierarchy received in 18 ms
06-26 06:59:46.897  5974  6302 D Maestro : Requesting view hierarchy
06-26 06:59:46.897  5974  6302 W QueryController: Could not detect idle state.
06-26 06:59:46.898  5974  6302 W QueryController: Could not detect idle state.
06-26 06:59:46.910  5974  6302 D Maestro : View hierarchy received in 13 ms
06-26 06:59:46.963   868   868 D StatusBarIconController: ignoring old pipeline callback because the new wifi icon is enabled
06-26 06:59:46.964  5974  6302 W QueryController: Could not detect idle state.
06-26 06:59:46.966  5974  6302 W QueryController: Could not detect idle state.
06-26 06:59:46.970  5974  6302 W UiDevice: Skipping wait as package ${APP_ID} does not match current window com.hanapkalinga.mobile.
06-26 06:59:46.978  5974  6302 W QueryController: Could not detect idle state.
06-26 06:59:46.980  5974  6302 W QueryController: Could not detect idle state.
06-26 06:59:46.983  5974  6302 W UiDevice: Skipping wait as package ${APP_ID} does not match current window com.hanapkalinga.mobile.
06-26 06:59:46.990  5974  6302 W QueryController: Could not detect idle state.
06-26 06:59:46.991  5974  6302 W QueryController: Could not detect idle state.
06-26 06:59:46.994  5974  6302 W UiDevice: Skipping wait as package ${APP_ID} does not match current window com.hanapkalinga.mobile.
06-26 06:59:46.999  5974  6302 W QueryController: Could not detect idle state.
06-26 06:59:47.001  5974  6302 W QueryController: Could not detect idle state.
06-26 06:59:47.003  5974  6302 W UiDevice: Skipping wait as package ${APP_ID} does not match current window com.hanapkalinga.mobile.
06-26 06:59:47.009  5974  6302 W QueryController: Could not detect idle state.
06-26 06:59:47.010  5974  6302 W QueryController: Could not detect idle state.
06-26 06:59:47.013  5974  6302 W UiDevice: Skipping wait as package ${APP_ID} does not match current window com.hanapkalinga.mobile.
06-26 06:59:47.019  5974  6302 W QueryController: Could not detect idle state.
06-26 06:59:47.021  5974  6302 W QueryController: Could not detect idle state.
06-26 06:59:47.024  5974  6302 W UiDevice: Skipping wait as package ${APP_ID} does not match current window com.hanapkalinga.mobile.
06-26 06:59:47.070  5974  6302 W QueryController: Could not detect idle state.
06-26 06:59:47.072  5974  6302 W QueryController: Could not detect idle state.
06-26 06:59:47.073  5974  6302 W UiDevice: Skipping wait as package ${APP_ID} does not match current window com.hanapkalinga.mobile.
06-26 06:59:47.079  5974  6302 W QueryController: Could not detect idle state.
06-26 06:59:47.081  5974  6302 W QueryController: Could not detect idle state.
06-26 06:59:47.082  5974  6302 W UiDevice: Skipping wait as package ${APP_ID} does not match current window com.hanapkalinga.mobile.
06-26 06:59:47.088  5974  6302 W QueryController: Could not detect idle state.
06-26 06:59:47.089  5974  6302 W QueryController: Could not detect idle state.
06-26 06:59:47.091  5974  6302 W UiDevice: Skipping wait as package ${APP_ID} does not match current window com.hanapkalinga.mobile.
06-26 06:59:47.096  5974  6302 W QueryController: Could not detect idle state.
06-26 06:59:47.099  5974  6302 W QueryController: Could not detect idle state.
06-26 06:59:47.100  5974  6302 W UiDevice: Skipping wait as package ${APP_ID} does not match current window com.hanapkalinga.mobile.
06-26 06:59:47.107  5974  6302 W QueryController: Could not detect idle state.
06-26 06:59:47.108  5974  6302 W QueryController: Could not detect idle state.
06-26 06:59:47.109  5974  6302 W UiDevice: Skipping wait as package ${APP_ID} does not match current window com.hanapkalinga.mobile.
06-26 06:59:47.114  5974  6302 W QueryController: Could not detect idle state.
06-26 06:59:47.116  5974  6302 W QueryController: Could not detect idle state.
06-26 06:59:47.117  5974  6302 W UiDevice: Skipping wait as package ${APP_ID} does not match current window com.hanapkalinga.mobile.
06-26 06:59:47.123  5974  6302 W QueryController: Could not detect idle state.
06-26 06:59:47.124  5974  6302 W QueryController: Could not detect idle state.
06-26 06:59:47.126  5974  6302 W UiDevice: Skipping wait as package ${APP_ID} does not match current window com.hanapkalinga.mobile.
06-26 06:59:47.131  5974  6302 W QueryController: Could not detect idle state.
06-26 06:59:47.133  5974  6302 W QueryController: Could not detect idle state.
06-26 06:59:47.135  5974  6302 W UiDevice: Skipping wait as package ${APP_ID} does not match current window com.hanapkalinga.mobile.
06-26 06:59:47.140  5974  6302 W QueryController: Could not detect idle state.
06-26 06:59:47.142  5974  6302 W QueryController: Could not detect idle state.
06-26 06:59:47.144  5974  6302 W UiDevice: Skipping wait as package ${APP_ID} does not match current window com.hanapkalinga.mobile.
06-26 06:59:47.149  5974  6302 W QueryController: Could not detect idle state.
06-26 06:59:47.151  5974  6302 W QueryController: Could not detect idle state.
06-26 06:59:47.152  5974  6302 W UiDevice: Skipping wait as package ${APP_ID} does not match current window com.hanapkalinga.mobile.
06-26 06:59:47.207  5974  6302 W QueryController: Could not detect idle state.
06-26 06:59:47.209  5974  6302 W QueryController: Could not detect idle state.
06-26 06:59:47.210  5974  6302 W UiDevice: Skipping wait as package ${APP_ID} does not match current window com.hanapkalinga.mobile.
06-26 06:59:47.216  5974  6302 W QueryController: Could not detect idle state.
06-26 06:59:47.218  5974  6302 W QueryController: Could not detect idle state.
06-26 06:59:47.220  5974  6302 W UiDevice: Skipping wait as package ${APP_ID} does not match current window com.hanapkalinga.mobile.
06-26 06:59:47.224  5974  6302 W QueryController: Could not detect idle state.
06-26 06:59:47.226  5974  6302 W QueryController: Could not detect idle state.
06-26 06:59:47.228  5974  6302 W UiDevice: Skipping wait as package ${APP_ID} does not match current window com.hanapkalinga.mobile.
06-26 06:59:47.232  5974  6302 W QueryController: Could not detect idle state.
06-26 06:59:47.233  5974  6302 W QueryController: Could not detect idle state.
06-26 06:59:47.235  5974  6302 W UiDevice: Skipping wait as package ${APP_ID} does not match current window com.hanapkalinga.mobile.
06-26 06:59:47.240  5974  6302 W QueryController: Could not detect idle state.
06-26 06:59:47.241  5974  6302 W QueryController: Could not detect idle state.
06-26 06:59:47.243  5974  6302 W UiDevice: Skipping wait as package ${APP_ID} does not match current window com.hanapkalinga.mobile.
06-26 06:59:47.248  5974  6302 W QueryController: Could not detect idle state.
06-26 06:59:47.249  5974  6302 W QueryController: Could not detect idle state.
06-26 06:59:47.251  5974  6302 W UiDevice: Skipping wait as package ${APP_ID} does not match current window com.hanapkalinga.mobile.
06-26 06:59:47.257  5974  6302 W QueryController: Could not detect idle state.
06-26 06:59:47.258  5974  6302 W QueryController: Could not detect idle state.
06-26 06:59:47.261  5974  6302 W UiDevice: Skipping wait as package ${APP_ID} does not match current window com.hanapkalinga.mobile.
06-26 06:59:47.268  5974  6302 W QueryController: Could not detect idle state.
06-26 06:59:47.270  5974  6302 W QueryController: Could not detect idle state.
06-26 06:59:47.271  5974  6302 W UiDevice: Skipping wait as package ${APP_ID} does not match current window com.hanapkalinga.mobile.
06-26 06:59:47.277  5974  6302 W QueryController: Could not detect idle state.
06-26 06:59:47.279  5974  6302 W QueryController: Could not detect idle state.
06-26 06:59:47.282  5974  6302 W UiDevice: Skipping wait as package ${APP_ID} does not match current window com.hanapkalinga.mobile.
06-26 06:59:47.287  5974  6302 W QueryController: Could not detect idle state.
06-26 06:59:47.288  5974  6302 W QueryController: Could not detect idle state.
06-26 06:59:47.290  5974  6302 W UiDevice: Skipping wait as package ${APP_ID} does not match current window com.hanapkalinga.mobile.
06-26 06:59:47.296  5974  6302 W QueryController: Could not detect idle state.
06-26 06:59:47.298  5974  6302 W QueryController: Could not detect idle state.
06-26 06:59:47.300  5974  6302 W UiDevice: Skipping wait as package ${APP_ID} does not match current window com.hanapkalinga.mobile.
06-26 06:59:47.307  5974  6302 W QueryController: Could not detect idle state.
06-26 06:59:47.309  5974  6302 W QueryController: Could not detect idle state.
06-26 06:59:47.311  5974  6302 W UiDevice: Skipping wait as package ${APP_ID} does not match current window com.hanapkalinga.mobile.
06-26 06:59:47.316  5974  6302 W QueryController: Could not detect idle state.
06-26 06:59:47.321  5974  6302 W QueryController: Could not detect idle state.
06-26 06:59:47.322  5974  6302 W UiDevice: Skipping wait as package ${APP_ID} does not match current window com.hanapkalinga.mobile.
06-26 06:59:47.371  5974  6302 W QueryController: Could not detect idle state.
06-26 06:59:47.372  5974  6302 W QueryController: Could not detect idle state.
06-26 06:59:47.374  5974  6302 W UiDevice: Skipping wait as package ${APP_ID} does not match current window com.hanapkalinga.mobile.
06-26 06:59:47.379  5974  6302 W QueryController: Could not detect idle state.
06-26 06:59:47.380  5974  6302 W QueryController: Could not detect idle state.
06-26 06:59:47.382  5974  6302 W UiDevice: Skipping wait as package ${APP_ID} does not match current window com.hanapkalinga.mobile.
06-26 06:59:47.387  5974  6302 W QueryController: Could not detect idle state.
06-26 06:59:47.390  5974  6302 W QueryController: Could not detect idle state.
06-26 06:59:47.391  5974  6302 W UiDevice: Skipping wait as package ${APP_ID} does not match current window com.hanapkalinga.mobile.
06-26 06:59:47.398  5974  6302 W QueryController: Could not detect idle state.
06-26 06:59:47.402  5974  6302 W QueryController: Could not detect idle state.
06-26 06:59:47.403  5974  6302 W UiDevice: Skipping wait as package ${APP_ID} does not match current window com.hanapkalinga.mobile.
06-26 06:59:47.411  5974  6302 W QueryController: Could not detect idle state.
06-26 06:59:47.414  5974  6302 W QueryController: Could not detect idle state.
06-26 06:59:47.415  5974  6302 W UiDevice: Skipping wait as package ${APP_ID} does not match current window com.hanapkalinga.mobile.
06-26 06:59:47.421  5974  6302 W QueryController: Could not detect idle state.
06-26 06:59:47.423  5974  6302 W QueryController: Could not detect idle state.
06-26 06:59:47.425  5974  6302 W UiDevice: Skipping wait as package ${APP_ID} does not match current window com.hanapkalinga.mobile.
06-26 06:59:47.430  5974  6302 W QueryController: Could not detect idle state.
06-26 06:59:47.431  5974  6302 W QueryController: Could not detect idle state.
06-26 06:59:47.433  5974  6302 W UiDevice: Skipping wait as package ${APP_ID} does not match current window com.hanapkalinga.mobile.
06-26 06:59:47.438  5974  6302 W QueryController: Could not detect idle state.
06-26 06:59:47.439  5974  6302 W QueryController: Could not detect idle state.
06-26 06:59:47.442   518  2637 D ConnectivityService: requestNetwork for uid/pid:10130/5216 activeRequest: null callbackRequest: 146 [NetworkRequest [ REQUEST id=147, [ Capabilities: INTERNET&NOT_RESTRICTED&TRUSTED&NOT_VCN_MANAGED Uid: 10130 RequestorUid: 10130 RequestorPkg: com.google.android.apps.messaging UnderlyingNetworks: Null] ]] callback flags: 0 order: 2147483647
06-26 06:59:47.448   518   799 D ConnectivityService: NetReassign [147 : null → 100] [c 0] [a 1] [i 1]
06-26 06:59:47.449   518   792 D WifiNetworkFactory: got request NetworkRequest [ REQUEST id=147, [ Capabilities: INTERNET&NOT_RESTRICTED&TRUSTED&NOT_VCN_MANAGED Uid: 10130 RequestorUid: 10130 RequestorPkg: com.google.android.apps.messaging UnderlyingNetworks: Null] ]
06-26 06:59:47.449   518   792 D UntrustedWifiNetworkFactory: got request NetworkRequest [ REQUEST id=147, [ Capabilities: INTERNET&NOT_RESTRICTED&TRUSTED&NOT_VCN_MANAGED Uid: 10130 RequestorUid: 10130 RequestorPkg: com.google.android.apps.messaging UnderlyingNetworks: Null] ]
06-26 06:59:47.449   518   792 D OemPaidWifiNetworkFactory: got request NetworkRequest [ REQUEST id=147, [ Capabilities: INTERNET&NOT_RESTRICTED&TRUSTED&NOT_VCN_MANAGED Uid: 10130 RequestorUid: 10130 RequestorPkg: com.google.android.apps.messaging UnderlyingNetworks: Null] ]
06-26 06:59:47.449   518   792 D MultiInternetWifiNetworkFactory: got request NetworkRequest [ REQUEST id=147, [ Capabilities: INTERNET&NOT_RESTRICTED&TRUSTED&NOT_VCN_MANAGED Uid: 10130 RequestorUid: 10130 RequestorPkg: com.google.android.apps.messaging UnderlyingNetworks: Null] ]
06-26 06:59:47.450  5974  6302 W UiDevice: Skipping wait as package ${APP_ID} does not match current window com.hanapkalinga.mobile.
06-26 06:59:47.451  5216  5420 D MddListenableWorkerFactory: createWorker for class: com.google.android.apps.messaging.rcsprovisioning.RcsProvisioningListenableWorker
06-26 06:59:47.453  5216  5216 I BugleRcsWorker: [seqId=1][workId=5b7595ff-3632-46d8-be70-9f683a9de44a] RCS provisioning task has started
06-26 06:59:47.458  5974  6302 W QueryController: Could not detect idle state.
06-26 06:59:47.459  5216  5420 I BugleRcsWorker: [seqId=1][workId=5b7595ff-3632-46d8-be70-9f683a9de44a] Starting StateMachine, trigger is STATE_MACHINE_RETRY
06-26 06:59:47.459  5216  5420 I BugleRcsEngine: [59] brfq.d: (PEv2-SM-Bugle-38641763): start PEv2, trigger is STATE_MACHINE_RETRY, workerId is 5b7595ff-3632-46d8-be70-9f683a9de44a [null]
06-26 06:59:47.459  5216  5420 I BugleRcsEngine: [59] broo.g: Created new RcsProvisioningProtoDataStorage for sim redacted-pii:sim_id[chars:20,last3:897]
06-26 06:59:47.461  5974  6302 W QueryController: Could not detect idle state.
06-26 06:59:47.464  5974  6302 W UiDevice: Skipping wait as package ${APP_ID} does not match current window com.hanapkalinga.mobile.
06-26 06:59:47.469  5216  5420 I BugleRcsEngine: [59] brnl.h: No RCS Configuration was found in Bugle for simID: redacted-pii:sim_id[chars:20,last3:897]
06-26 06:59:47.469  5216  5420 I BugleRcsEngine: [59] brfq.d: (PEv2-SM-Bugle-38641763): start [null]
06-26 06:59:47.469  5216  6928 I BugleRcsEngine: [146] brfq.d: (PEv2-SM-Bugle-38641763): Enter EnabledState [null]
06-26 06:59:47.473  5216  6928 W BugleRcsEngine: [146] bpxc.w: Unable to send diagnostic log
06-26 06:59:47.477  5216  6928 I BugleRcsEngine: [146] brds.c: Sending ProvisioningEvent to Bugle [Send Provisioning Session ID (18)], redacted-pii:[chars:65]
06-26 06:59:47.477  5216  6928 I BugleRcsEngine: [146] bsgz.b: EngineBroadcaster: Broadcasting provisioning intent com.google.android.ims.provisioning.engine.provisioningEventAction to Bugle with extras redacted-pii:[chars:223] from source PROVISIONING_EVENT
06-26 06:59:47.481  5216  5428 I BugleRcsProvisioning: RcsProvisioningEventReceiver: Received ProvisioningEvent: Send Provisioning Session ID
06-26 06:59:47.482  5216  6928 I BugleRcsEngine: [146] brfq.d: (PEv2-SM-Bugle-38641763): Start a new provisioning session [dd605b47-3a61-4fcb-a213-d42fd5384036]
06-26 06:59:47.482  5216  6928 I BugleRcsEngine: [146] brnl.e: No RCS Configuration was found in Bugle for simID: redacted-pii:sim_id[chars:20,last3:897]
06-26 06:59:47.482  5216  6928 I BugleRcsEngine: [146] brjv.b: RcsAvailabilityManager: Calculating Rcs Availability
06-26 06:59:47.483  5216  6928 I BugleRcsEngine: [146] brnl.C: Bugle is default SMS app: true
06-26 06:59:47.483  5216  6928 I BugleRcsEngine: [146] brjv.b: Bugle has minimum required RCS permissions: true
06-26 06:59:47.483  5216  6928 I BugleRcsEngine: [146] brnl.B: Rcs is enabled from user settings: true
06-26 06:59:47.483  5216  6928 I BugleRcsEngine: [146] brox.b: Using config server URL from bqas
06-26 06:59:47.483  5216  6928 I BugleRcsEngine: [146] brnl.e: No RCS Configuration was found in Bugle for simID: redacted-pii:sim_id[chars:20,last3:897]
06-26 06:59:47.484  5216  6928 I BugleRcsEngine: [146] brnl.e: No RCS Configuration was found in Bugle for simID: redacted-pii:sim_id[chars:20,last3:897]
06-26 06:59:47.486  5216  5416 I Bugle   : BroadcastReceiverAsyncWorkTracker: Acknowledging broadcast of com.google.android.apps.messaging.shared.receiver.RcsProvisioningEventReceiver@ab3b24
06-26 06:59:47.492  5216  6928 I BugleRcsEngine: [146] brjv.b: Config state is not ACCEPTED, provisioning still in progress
06-26 06:59:47.492  5216  6928 I BugleRcsEngine: [146] brjv.b: RcsAvailabilityManager: Rcs Availability still CARRIER_SETUP_PENDING (Carrier RCS is not set up)
06-26 06:59:47.493  5216  6928 I BugleRcsEngine: [146] brnl.e: No RCS Configuration was found in Bugle for simID: redacted-pii:sim_id[chars:20,last3:897]
06-26 06:59:47.493  5216  6928 I BugleRcsEngine: [146] brfq.d: (PEv2-SM-Bugle-38641763): transitionViaMessage, srcState=EnabledState, destState = CheckPreconditionsState [dd605b47-3a61-4fcb-a213-d42fd5384036]
06-26 06:59:47.494  5216  6928 I BugleRcsEngine: [146] brds.c: Sending ProvisioningEvent to Bugle [Update provisioning status (11)], redacted-pii:[chars:85]
06-26 06:59:47.494  5216  6928 I BugleRcsEngine: [146] bsgz.b: EngineBroadcaster: Broadcasting provisioning intent com.google.android.ims.provisioning.engine.provisioningEventAction to Bugle with extras redacted-pii:[chars:243] from source PROVISIONING_EVENT
06-26 06:59:47.495  5216  6928 I BugleRcsEngine: [146] brfq.d: (PEv2-SM-Bugle-38641763): EnabledState: Transition to check preconditions [dd605b47-3a61-4fcb-a213-d42fd5384036]
06-26 06:59:47.495  5216  6928 I BugleRcsEngine: [146] brfq.d: (PEv2-SM-Bugle-38641763): transitionTo: destState=CheckPreconditionsState [dd605b47-3a61-4fcb-a213-d42fd5384036]
06-26 06:59:47.495  5216  6928 I BugleRcsEngine: [146] brfq.d: (PEv2-SM-Bugle-38641763): onTransitionRequested EnabledState [dd605b47-3a61-4fcb-a213-d42fd5384036]
06-26 06:59:47.495  5216  6928 I BugleRcsEngine: [146] brfq.d: (PEv2-SM-Bugle-38641763): Enter CheckPreconditionsState [dd605b47-3a61-4fcb-a213-d42fd5384036]
06-26 06:59:47.495  5216  5428 I BugleRcsProvisioning: RcsProvisioningEventReceiver: Received ProvisioningEvent: Update provisioning status
06-26 06:59:47.496  5216  5416 I Bugle   : BroadcastReceiverAsyncWorkTracker: Acknowledging broadcast of com.google.android.apps.messaging.shared.receiver.RcsProvisioningEventReceiver@24559a
06-26 06:59:47.497  5216  6928 W BugleRcsEngine: [146] bpxc.w: Unable to send diagnostic log
06-26 06:59:47.497  5216  6928 I BugleRcsEngine: [146] brfq.d: (PEv2-SM-Bugle-38641763): Battery optimization is not required. [dd605b47-3a61-4fcb-a213-d42fd5384036]
06-26 06:59:47.498  5216  6928 I BugleRcsEngine: [146] brnl.e: No RCS Configuration was found in Bugle for simID: redacted-pii:sim_id[chars:20,last3:897]
06-26 06:59:47.498  5216  6928 I BugleRcsEngine: [146] brfq.d: (PEv2-SM-Bugle-38641763): transitionViaMessage, srcState=CheckPreconditionsState, destState = ReadyState [dd605b47-3a61-4fcb-a213-d42fd5384036]
06-26 06:59:47.498  5216  6928 I BugleRcsEngine: [146] brfq.d: (PEv2-SM-Bugle-38641763): CheckPreconditionsState: Transition to ready [dd605b47-3a61-4fcb-a213-d42fd5384036]
06-26 06:59:47.498  5216  6928 I BugleRcsEngine: [146] brfq.d: (PEv2-SM-Bugle-38641763): transitionTo: destState=ReadyState [dd605b47-3a61-4fcb-a213-d42fd5384036]
06-26 06:59:47.498  5216  6928 I BugleRcsEngine: [146] brfq.d: (PEv2-SM-Bugle-38641763): onTransitionRequested CheckPreconditionsState [dd605b47-3a61-4fcb-a213-d42fd5384036]
06-26 06:59:47.498  5216  6928 I BugleRcsEngine: [146] brfq.d: (PEv2-SM-Bugle-38641763): Exit CheckPreconditionsState [dd605b47-3a61-4fcb-a213-d42fd5384036]
06-26 06:59:47.498  5216  6928 I BugleRcsEngine: [146] brfq.d: (PEv2-SM-Bugle-38641763): Exit EnabledState [dd605b47-3a61-4fcb-a213-d42fd5384036]
06-26 06:59:47.498  5216  6928 W BugleRcsEngine: [146] bpxc.w: Unable to send diagnostic log
06-26 06:59:47.498  5216  6928 I BugleRcsEngine: [146] brfq.d: (PEv2-SM-Bugle-38641763): Enter InProgressState [dd605b47-3a61-4fcb-a213-d42fd5384036]
06-26 06:59:47.500  5216  6928 W BugleRcsEngine: [146] bpxc.w: Unable to send diagnostic log
06-26 06:59:47.500  5216  6928 I BugleRcsEngine: [146] brfq.d: (PEv2-SM-Bugle-38641763): Enter ReadyState [dd605b47-3a61-4fcb-a213-d42fd5384036]
06-26 06:59:47.501  5216  6928 W BugleRcsEngine: [146] bpxc.w: Unable to send diagnostic log
06-26 06:59:47.502  5216  6928 I BugleRcsEngine: [146] brnl.e: No RCS Configuration was found in Bugle for simID: redacted-pii:sim_id[chars:20,last3:897]
06-26 06:59:47.507  5216  6928 I BugleRcsEngine: [146] brfq.d: (PEv2-SM-Bugle-38641763): transitionViaMessage, srcState=ReadyState, destState = RequestWithImsiState [dd605b47-3a61-4fcb-a213-d42fd5384036]
06-26 06:59:47.507  5216  6928 I BugleRcsEngine: [146] brfq.d: (PEv2-SM-Bugle-38641763): ReadyState: Transition to request with imsi [dd605b47-3a61-4fcb-a213-d42fd5384036]
06-26 06:59:47.507  5216  6928 I BugleRcsEngine: [146] brfq.d: (PEv2-SM-Bugle-38641763): transitionTo: destState=RequestWithImsiState [dd605b47-3a61-4fcb-a213-d42fd5384036]
06-26 06:59:47.507  5216  6928 I BugleRcsEngine: [146] brfq.d: (PEv2-SM-Bugle-38641763): onTransitionRequested ReadyState [dd605b47-3a61-4fcb-a213-d42fd5384036]
06-26 06:59:47.508  5216  6928 I BugleRcsEngine: [146] brfq.d: (PEv2-SM-Bugle-38641763): Exit ReadyState [dd605b47-3a61-4fcb-a213-d42fd5384036]
06-26 06:59:47.508  5216  6928 W BugleRcsEngine: [146] bpxc.w: Unable to send diagnostic log
06-26 06:59:47.508  5216  6928 I BugleRcsEngine: [146] brfq.d: (PEv2-SM-Bugle-38641763): Enter RequestWithImsiState [dd605b47-3a61-4fcb-a213-d42fd5384036]
06-26 06:59:47.510  5216  6928 W BugleRcsEngine: [146] bpxc.w: Unable to send diagnostic log
06-26 06:59:47.511  5216  6928 I BugleRcsEngine: [146] brnl.A: ProvisioningConsent from user settings: false
06-26 06:59:47.513  5216  6928 I BugleRcsEngine: [146] brox.b: Using config server URL from bqas
06-26 06:59:47.513  5974  6302 W QueryController: Could not detect idle state.
06-26 06:59:47.514  5216  6928 I BugleRcsEngine: [146] brnl.e: No RCS Configuration was found in Bugle for simID: redacted-pii:sim_id[chars:20,last3:897]
06-26 06:59:47.515  5216  5381 W BugleRcsEngine: [46] bpxc.w: Unable to send diagnostic log
06-26 06:59:47.516  5216  6928 I BugleRcsEngine: [146] brnl.A: ProvisioningConsent from user settings: false
06-26 06:59:47.516  5974  6302 W QueryController: Could not detect idle state.
06-26 06:59:47.518  5974  6302 W UiDevice: Skipping wait as package ${APP_ID} does not match current window com.hanapkalinga.mobile.
06-26 06:59:47.519  5216  6928 I BugleRcsEngine: [146] brnl.A: ProvisioningConsent from user settings: false
06-26 06:59:47.520  5216  6928 I BugleRcsEngine: [146] brnl.e: No RCS Configuration was found in Bugle for simID: redacted-pii:sim_id[chars:20,last3:897]
06-26 06:59:47.520  5216  6928 W BugleRcsEngine: [146] brfq.e: (PEv2-SM-Bugle-38641763): Could not retrieve MSISDN from configuration. Configuration is empty. [dd605b47-3a61-4fcb-a213-d42fd5384036]
06-26 06:59:47.520  5216  6928 W BugleRcsEngine: [146] brfq.e: (PEv2-SM-Bugle-38641763): Skipping adding Tachyon identity key to request. Null/empty RCS msisdn from configuration for sim ID: 89860318640220133897. [dd605b47-3a61-4fcb-a213-d42fd5384036]
06-26 06:59:47.521  5216  6928 I BugleRcsEngine: [146] brnl.A: ProvisioningConsent from user settings: false
06-26 06:59:47.528  5216  5381 W BugleRcsEngine: [46] bpxc.w: Unable to send diagnostic log
06-26 06:59:47.529   518   568 D ActivityManager: sync unfroze 3223 com.google.android.gms.unstable for 6
06-26 06:59:47.535  5974  6302 W QueryController: Could not detect idle state.
06-26 06:59:47.537  5216  5381 W BugleRcsEngine: [46] bpxc.w: Unable to send diagnostic log
06-26 06:59:47.539  5974  6302 W QueryController: Could not detect idle state.
06-26 06:59:47.540  5974  6302 W UiDevice: Skipping wait as package ${APP_ID} does not match current window com.hanapkalinga.mobile.
06-26 06:59:47.547  3223  6929 W DG      : [flow rcs_provisioning] DroidGuardRunner.newVmProcessForFastSignalCollection(): Fast program not found [CONTEXT service_id=25 ]
06-26 06:59:47.589  5974  6302 W QueryController: Could not detect idle state.
06-26 06:59:47.590  5974  6302 W QueryController: Could not detect idle state.
06-26 06:59:47.592  5974  6302 W UiDevice: Skipping wait as package ${APP_ID} does not match current window com.hanapkalinga.mobile.
06-26 06:59:47.598  5974  6302 W QueryController: Could not detect idle state.
06-26 06:59:47.600  5974  6302 W QueryController: Could not detect idle state.
06-26 06:59:47.601  5974  6302 W UiDevice: Skipping wait as package ${APP_ID} does not match current window com.hanapkalinga.mobile.
06-26 06:59:47.606  5974  6302 W QueryController: Could not detect idle state.
06-26 06:59:47.608  5974  6302 W QueryController: Could not detect idle state.
06-26 06:59:47.614  6152  6174 D EGL_emulation: app_time_stats: avg=394.90ms min=15.11ms max=1448.55ms count=4
06-26 06:59:47.614  5974  6302 W UiDevice: Skipping wait as package ${APP_ID} does not match current window com.hanapkalinga.mobile.
06-26 06:59:47.621  5974  6302 W QueryController: Could not detect idle state.
06-26 06:59:47.632  5974  6302 W QueryController: Could not detect idle state.
06-26 06:59:47.652  5974  6302 W UiDevice: Skipping wait as package ${APP_ID} does not match current window com.hanapkalinga.mobile.
06-26 06:59:47.664  5974  6302 W QueryController: Could not detect idle state.
06-26 06:59:47.685  5974  6302 W QueryController: Could not detect idle state.
06-26 06:59:47.685   518  2637 I RemoteProvisionSysSvc: getRegistration(android.hardware.security.keymint.IRemotelyProvisionedComponent/default)
06-26 06:59:47.699  5974  6302 W UiDevice: Skipping wait as package ${APP_ID} does not match current window com.hanapkalinga.mobile.
06-26 06:59:47.705  5974  6302 W QueryController: Could not detect idle state.
06-26 06:59:47.715  5974  6302 W QueryController: Could not detect idle state.
06-26 06:59:47.726   518  2637 D ActivityManager: sync unfroze 3703 com.google.android.rkpdapp for 6
06-26 06:59:47.732   518   518 I RegistrationProxy: onServiceConnected: com.android.rkpdapp.service.RemoteProvisioningService
06-26 06:59:47.733  5974  6302 W UiDevice: Skipping wait as package ${APP_ID} does not match current window com.hanapkalinga.mobile.
06-26 06:59:47.736   518   568 I RegistrationProxy: IGetRegistrationCallback.onSuccess
--------- beginning of kernel
06-26 06:59:47.895     0     0 I servicemanager: Found android.hardware.security.keymint.IRemotelyProvisionedComponent/default in device VINTF manifest.
06-26 06:59:47.738   518   785 I RemoteProvisionSysSvc: Fetching key 10129 for client 27477903
06-26 06:59:47.738   518   785 I RegistrationProxy: getKeyAsync operation started with callback 166541852
06-26 06:59:47.738  3703  3816 I RkpdRegistrationBinder: Key requested for : android.hardware.security.keymint.IRemotelyProvisionedComponent/default, clientUid: 1017, keyId: 10129, callback: 61106400
06-26 06:59:47.738  3703  3816 I RkpdRegistrationBinder: Key successfully assigned to client
06-26 06:59:47.738   518   518 I RemoteProvisionSysSvc: Successfully fetched key for client 27477903
06-26 06:59:47.755  5974  6302 D Maestro : Requesting view hierarchy
06-26 06:59:47.755  5974  6302 W QueryController: Could not detect idle state.
06-26 06:59:47.755  5974  6302 W QueryController: Could not detect idle state.
06-26 06:59:47.906  5974  6302 D Maestro : View hierarchy received in 152 ms
06-26 06:59:47.975  3223  6929 W SystemServiceRegistry: No service published for: persistent_data_block
06-26 06:59:47.978  3223  6929 W libc    : Access denied finding property "persist.adb.tls_server.enable"
06-26 06:59:47.978  3223  6929 W libc    : Access denied finding property "service.adb.tls.port"
06-26 06:59:47.971  3223  3223 W binder:3223_A: type=1400 audit(0.0:54): avc:  denied  { read } for  name="u:object_r:system_adbd_prop:s0" dev="tmpfs" ino=292 scontext=u:r:gmscore_app:s0:c512,c768 tcontext=u:object_r:system_adbd_prop:s0 tclass=file permissive=0 app=com.google.android.gms
06-26 06:59:47.988  1122  1122 D TaplEvents: TIS / TouchInteractionService.onInputEvent: MotionEvent { action=ACTION_DOWN, actionButton=0, id[0]=0, x[0]=248.0, y[0]=383.0, toolType[0]=TOOL_TYPE_FINGER, buttonState=0, classification=NONE, metaState=0, flags=0x0, edgeFlags=0x0, pointerCount=1, historySize=0, eventTime=168950, downTime=168950, deviceId=-1, source=0x1002, displayId=0, eventId=-365628050 }
06-26 06:59:47.975  3223  3223 W binder:3223_A: type=1400 audit(0.0:55): avc:  denied  { read } for  name="u:object_r:adbd_prop:s0" dev="tmpfs" ino=60 scontext=u:r:gmscore_app:s0:c512,c768 tcontext=u:object_r:adbd_prop:s0 tclass=file permissive=0 app=com.google.android.gms
06-26 06:59:48.105  1122  1122 D TaplEvents: TIS / TouchInteractionService.onInputEvent: MotionEvent { action=ACTION_UP, actionButton=0, id[0]=0, x[0]=248.0, y[0]=383.0, toolType[0]=TOOL_TYPE_FINGER, buttonState=0, classification=NONE, metaState=0, flags=0x0, edgeFlags=0x0, pointerCount=1, historySize=0, eventTime=169082, downTime=168950, deviceId=-1, source=0x1002, displayId=0, eventId=-24259020 }
06-26 06:59:48.132   335  6931 I resolv  : GetAddrInfoHandler::run: {100 786532 100 983140 10129 0}
06-26 06:59:48.133  3223  6929 D TrafficStats: tagSocket(125) with statsTag=0x1809, statsUid=-1
06-26 06:59:48.134  3223  6929 D TrafficStats: tagSocket(125) with statsTag=0x1809, statsUid=-1
06-26 06:59:48.135  3223  6929 D TrafficStats: tagSocket(125) with statsTag=0x1809, statsUid=-1
06-26 06:59:48.156  5216  6928 E BugleRcsEngine: [146] brfg.a: DroidGuardLogger: Could not create DroidGuard token creation event
06-26 06:59:48.157  5216  6928 I BugleRcsEngine: [146] brfq.d: (PEv2-SM-Bugle-38641763): RequestWithImsiState: event Send config request [dd605b47-3a61-4fcb-a213-d42fd5384036]
06-26 06:59:48.157  5216  6928 I BugleRcsEngine: [146] brfq.d: (PEv2-SM-Bugle-38641763): InProgressState: event Send config request [dd605b47-3a61-4fcb-a213-d42fd5384036]
06-26 06:59:48.157  5216  6928 W BugleRcsEngine: [146] bpxc.w: Unable to send diagnostic log
06-26 06:59:48.159  5216  6932 W BugleRcsEngine: [147] bpxc.w: Unable to send diagnostic log
06-26 06:59:48.160   335  6933 I resolv  : GetAddrInfoHandler::run: {100 786532 100 983140 10130 0}
06-26 06:59:48.161   335  6934 I resolv  : res_nmkquery: (QUERY, IN, AAAA)
