06-24 02:58:37.861  5939  6450 W PhenotypeConfigurationU: 	at java.util.concurrent.ThreadPoolExecutor.runWorker(ThreadPoolExecutor.java:1145)
06-24 02:58:37.861  5939  6450 W PhenotypeConfigurationU: 	at java.util.concurrent.ThreadPoolExecutor$Worker.run(ThreadPoolExecutor.java:644)
06-24 02:58:37.861  5939  6450 W PhenotypeConfigurationU: 	at java.lang.Thread.run(Thread.java:1012)
06-24 02:58:37.874  5942  6048 I Icing   : IndexChimeraService.getServiceInterface callingPackage=com.google.android.googlequicksearchbox componentName=agsa_icing_connection serviceId=32
06-24 02:58:37.875  5942  6057 I Icing   : IndexChimeraService.getServiceInterface callingPackage=com.google.android.googlequicksearchbox componentName=agsa_icing_connection serviceId=33
06-24 02:58:37.880  5942  6072 I Icing   : Usage reports ok 0, Failed Usage reports 0, indexed 0, rejected 0
06-24 02:58:37.883  5942  6072 I Icing   : Usage reports ok 0, Failed Usage reports 0, indexed 0, rejected 0
06-24 02:58:37.893   522  1687 W JobScheduler: Job didn't exist in JobStore: db62e85 #u0a132/-43 com.google.android.googlequicksearchbox/com.google.android.apps.gsa.tasks.BackgroundTasksJobService
06-24 02:58:37.895  5939  6475 I NamespaceManager: Package com.android.refreshratecontrol name not found! Using module version.
06-24 02:58:37.895  5939  6475 I NamespaceManager: Package com.google.oslo name not found! Using module version.
06-24 02:58:37.896  5939  6475 I NamespaceManager: Package com.android.media name not found! Using module version.
06-24 02:58:37.896  5939  6475 I NamespaceManager: Package com.android.media.swcodec name not found! Using module version.
06-24 02:58:37.897  5939  6475 I NamespaceManager: Package com.android.neuralnetworks name not found! Using module version.
06-24 02:58:37.897  5939  6475 I NamespaceManager: Package com.android.media name not found! Using module version.
06-24 02:58:37.897  5939  6475 I NamespaceManager: Package 1 name not found! Using module version.
06-24 02:58:37.897  5939  6475 I NamespaceManager: Package rkpd name not found! Using module version.
06-24 02:58:37.898  5939  6475 I NamespaceManager: Package android.companion name not found! Using module version.
06-24 02:58:37.898  5939  6475 I NamespaceManager: Package com.google.android.aicore name not found! Using module version.
06-24 02:58:37.898  5939  6475 I NamespaceManager: Package com.google.android.audioproxy name not found! Using module version.
06-24 02:58:37.898  5939  6475 I NamespaceManager: Package com.google.android.apps.pixel.psi name not found! Using module version.
06-24 02:58:37.899  5939  6475 I NamespaceManager: Package com.google.android.apps.safetycore name not found! Using module version.
06-24 02:58:37.899  5939  6475 I NamespaceManager: Package com.google.android.crashrecovery name not found! Using module version.
06-24 02:58:37.899  5939  6475 I NamespaceManager: Package com.google.android.profiling name not found! Using module version.
06-24 02:58:37.899  5939  6475 I NamespaceManager: Package com.google.android.bt name not found! Using module version.
06-24 02:58:37.900  5939  6475 I NamespaceManager: Package com.google.android.nfcservices name not found! Using module version.
06-24 02:58:37.900  5939  6475 I NamespaceManager: Package com.google.android.webapp name not found! Using module version.
06-24 02:58:37.900  5939  6475 I NamespaceManager: Package com.google.android.telephonycore name not found! Using module version.
06-24 02:58:37.900  5939  6475 I NamespaceManager: Package com.google.android.uprobestats name not found! Using module version.
06-24 02:58:37.901  5939  6475 W PhenotypeConfigurationU: Update for unknown DeviceConfig package com.google.android.gms.semanticlocation [CONTEXT service_id=204 ]
06-24 02:58:37.901  5939  6475 W PhenotypeConfigurationU: bwix: No package exists for config package: com.google.android.gms.semanticlocation
06-24 02:58:37.901  5939  6475 W PhenotypeConfigurationU: 	at com.google.android.gms.platformconfigurator.PhenotypeConfigurationUpdateListener.b(:com.google.android.gms@231818047@23.18.18 (190800-535401451):6)
06-24 02:58:37.901  5939  6475 W PhenotypeConfigurationU: 	at com.google.android.gms.platformconfigurator.PhenotypeConfigurationUpdateListener.a(:com.google.android.gms@231818047@23.18.18 (190800-535401451):4)
06-24 02:58:37.901  5939  6475 W PhenotypeConfigurationU: 	at com.google.android.gms.platformconfigurator.PhenotypeConfigurationUpdateListener.onHandleIntent(:com.google.android.gms@231818047@23.18.18 (190800-535401451):21)
06-24 02:58:37.901  5939  6475 W PhenotypeConfigurationU: 	at com.google.android.chimera.IntentOperation.onHandleIntent(:com.google.android.gms@231818047@23.18.18 (190800-535401451):2)
06-24 02:58:37.901  5939  6475 W PhenotypeConfigurationU: 	at zhv.onHandleIntent(:com.google.android.gms@231818047@23.18.18 (190800-535401451):4)
06-24 02:58:37.901  5939  6475 W PhenotypeConfigurationU: 	at hjm.run(:com.google.android.gms@231818047@23.18.18 (190800-535401451):3)
06-24 02:58:37.901  5939  6475 W PhenotypeConfigurationU: 	at hjl.run(:com.google.android.gms@231818047@23.18.18 (190800-535401451):11)
06-24 02:58:37.901  5939  6475 W PhenotypeConfigurationU: 	at dfhf.run(:com.google.android.gms@231818047@23.18.18 (190800-535401451):2)
06-24 02:58:37.901  5939  6475 W PhenotypeConfigurationU: 	at java.util.concurrent.ThreadPoolExecutor.runWorker(ThreadPoolExecutor.java:1145)
06-24 02:58:37.901  5939  6475 W PhenotypeConfigurationU: 	at java.util.concurrent.ThreadPoolExecutor$Worker.run(ThreadPoolExecutor.java:644)
06-24 02:58:37.901  5939  6475 W PhenotypeConfigurationU: 	at java.lang.Thread.run(Thread.java:1012)
06-24 02:58:37.911  5942  6349 W ModuleInitIntentOp: Dropping unexpected action com.google.android.gms.phenotype.COMMITTED
06-24 02:58:37.911  5942  6033 W ModuleInitIntentOp: Dropping unexpected action com.google.android.gms.phenotype.COMMITTED
06-24 02:58:37.912  5939  6479 I PTCommittedOperation: Receive new configuration for com.google.android.gms.platformconfigurator
06-24 02:58:37.913  5942  6207 V Backup  : [PhenotypeConfigIO] Phenotype broadcast received for different package
06-24 02:58:37.913  5942  6034 W ModuleInitIntentOp: Dropping unexpected action com.google.android.gms.phenotype.COMMITTED
06-24 02:58:37.914  5939  6475 I NamespaceManager: Package com.android.refreshratecontrol name not found! Using module version.
06-24 02:58:37.916  5939  6475 I NamespaceManager: Package com.google.oslo name not found! Using module version.
06-24 02:58:37.917  5939  6475 I NamespaceManager: Package com.android.media name not found! Using module version.
06-24 02:58:37.917  5939  6475 I NamespaceManager: Package com.android.media.swcodec name not found! Using module version.
06-24 02:58:37.917  5939  6475 I NamespaceManager: Package com.android.neuralnetworks name not found! Using module version.
06-24 02:58:37.917  5939  6475 I NamespaceManager: Package com.android.media name not found! Using module version.
06-24 02:58:37.918  5939  6475 I NamespaceManager: Package 1 name not found! Using module version.
06-24 02:58:37.918  5939  6475 I NamespaceManager: Package rkpd name not found! Using module version.
06-24 02:58:37.919  5942  6350 I SyncIntentOperation: Handling the intent: Intent { act=com.google.android.gms.phenotype.COMMITTED flg=0x10 pkg=com.google.android.gms cmp=com.google.android.gms/.chimera.GmsIntentOperationService (has extras) }. [CONTEXT service_id=80 ]
06-24 02:58:37.920  5942  6349 I MdiSyncModule: flag handling is skipping irrelevant intent.
06-24 02:58:37.920  5942  6349 I MlBenchmarkInstaller: Intent: com.google.android.gms.phenotype.COMMITTED [CONTEXT service_id=340 ]
06-24 02:58:37.920  5942  6349 I MlBenchmarkInstaller: COMMITTED Extra package name: com.google.android.gms.platformconfigurator [CONTEXT service_id=340 ]
06-24 02:58:37.924  5939  6475 I NamespaceManager: Package android.companion name not found! Using module version.
06-24 02:58:37.924  5942  6349 I GmsSyncPolicyEngine: Periodic sync 1 disabled by policy, cancelled.
06-24 02:58:37.924  5939  6475 I NamespaceManager: Package com.google.android.aicore name not found! Using module version.
06-24 02:58:37.925  5939  6475 I NamespaceManager: Package com.google.android.audioproxy name not found! Using module version.
06-24 02:58:37.925  5942  6349 I GmsSyncPolicyEngine: Periodic sync 2 disabled by policy, cancelled.
06-24 02:58:37.925  5939  6475 I NamespaceManager: Package com.google.android.apps.pixel.psi name not found! Using module version.
06-24 02:58:37.925  5942  6034 I LocationHistory: [IntentOperation] Handling action com.google.android.gms.phenotype.COMMITTED [CONTEXT service_id=314 ]
06-24 02:58:37.925  5939  6475 I NamespaceManager: Package com.google.android.apps.safetycore name not found! Using module version.
06-24 02:58:37.925  5939  6475 I NamespaceManager: Package com.google.android.crashrecovery name not found! Using module version.
06-24 02:58:37.926  5939  6475 I NamespaceManager: Package com.google.android.profiling name not found! Using module version.
06-24 02:58:37.926  5942  6349 I GmsSyncPolicyEngine: Periodic sync 3 disabled by policy, cancelled.
06-24 02:58:37.926  5939  6475 I NamespaceManager: Package com.google.android.bt name not found! Using module version.
06-24 02:58:37.926  5939  6475 I NamespaceManager: Package com.google.android.nfcservices name not found! Using module version.
06-24 02:58:37.926  5939  6475 I NamespaceManager: Package com.google.android.webapp name not found! Using module version.
06-24 02:58:37.927  5939  6475 I NamespaceManager: Package com.google.android.telephonycore name not found! Using module version.
06-24 02:58:37.927  5939  6475 I NamespaceManager: Package com.google.android.uprobestats name not found! Using module version.
06-24 02:58:37.928  5939  6475 W PhenotypeConfigurationU: Update for unknown DeviceConfig package com.google.android.gms.platformconfigurator [CONTEXT service_id=204 ]
06-24 02:58:37.928  5939  6475 W PhenotypeConfigurationU: bwix: No package exists for config package: com.google.android.gms.platformconfigurator
06-24 02:58:37.928  5939  6475 W PhenotypeConfigurationU: 	at com.google.android.gms.platformconfigurator.PhenotypeConfigurationUpdateListener.b(:com.google.android.gms@231818047@23.18.18 (190800-535401451):6)
06-24 02:58:37.928  5939  6475 W PhenotypeConfigurationU: 	at com.google.android.gms.platformconfigurator.PhenotypeConfigurationUpdateListener.a(:com.google.android.gms@231818047@23.18.18 (190800-535401451):4)
06-24 02:58:37.928  5939  6475 W PhenotypeConfigurationU: 	at com.google.android.gms.platformconfigurator.PhenotypeConfigurationUpdateListener.onHandleIntent(:com.google.android.gms@231818047@23.18.18 (190800-535401451):21)
06-24 02:58:37.928  5939  6475 W PhenotypeConfigurationU: 	at com.google.android.chimera.IntentOperation.onHandleIntent(:com.google.android.gms@231818047@23.18.18 (190800-535401451):2)
06-24 02:58:37.928  5939  6475 W PhenotypeConfigurationU: 	at zhv.onHandleIntent(:com.google.android.gms@231818047@23.18.18 (190800-535401451):4)
06-24 02:58:37.928  5939  6475 W PhenotypeConfigurationU: 	at hjm.run(:com.google.android.gms@231818047@23.18.18 (190800-535401451):3)
06-24 02:58:37.928  5939  6475 W PhenotypeConfigurationU: 	at hjl.run(:com.google.android.gms@231818047@23.18.18 (190800-535401451):11)
06-24 02:58:37.928  5939  6475 W PhenotypeConfigurationU: 	at dfhf.run(:com.google.android.gms@231818047@23.18.18 (190800-535401451):2)
06-24 02:58:37.928  5939  6475 W PhenotypeConfigurationU: 	at java.util.concurrent.ThreadPoolExecutor.runWorker(ThreadPoolExecutor.java:1145)
06-24 02:58:37.928  5939  6475 W PhenotypeConfigurationU: 	at java.util.concurrent.ThreadPoolExecutor$Worker.run(ThreadPoolExecutor.java:644)
06-24 02:58:37.928  5939  6475 W PhenotypeConfigurationU: 	at java.lang.Thread.run(Thread.java:1012)
06-24 02:58:37.930  5939  6481 I NamespaceManager: Package com.android.refreshratecontrol name not found! Using module version.
06-24 02:58:37.931  5939  6481 I NamespaceManager: Package com.google.oslo name not found! Using module version.
06-24 02:58:37.931  5939  6481 I NamespaceManager: Package com.android.media name not found! Using module version.
06-24 02:58:37.931  5939  6481 I NamespaceManager: Package com.android.media.swcodec name not found! Using module version.
06-24 02:58:37.932  5939  6481 I NamespaceManager: Package com.android.neuralnetworks name not found! Using module version.
06-24 02:58:37.932  5939  6481 I NamespaceManager: Package com.android.media name not found! Using module version.
06-24 02:58:37.932  5939  6481 I NamespaceManager: Package 1 name not found! Using module version.
06-24 02:58:37.933  5939  6481 I NamespaceManager: Package rkpd name not found! Using module version.
06-24 02:58:37.933  5939  6481 I NamespaceManager: Package android.companion name not found! Using module version.
06-24 02:58:37.933  5939  6481 I NamespaceManager: Package com.google.android.aicore name not found! Using module version.
06-24 02:58:37.933  5939  6481 I NamespaceManager: Package com.google.android.audioproxy name not found! Using module version.
06-24 02:58:37.933  5939  6481 I NamespaceManager: Package com.google.android.apps.pixel.psi name not found! Using module version.
06-24 02:58:37.934  5939  6481 I NamespaceManager: Package com.google.android.apps.safetycore name not found! Using module version.
06-24 02:58:37.934  5939  6481 I NamespaceManager: Package com.google.android.crashrecovery name not found! Using module version.
06-24 02:58:37.934  5939  6481 I NamespaceManager: Package com.google.android.profiling name not found! Using module version.
06-24 02:58:37.934  5939  6481 I NamespaceManager: Package com.google.android.bt name not found! Using module version.
06-24 02:58:37.935  5939  6481 I NamespaceManager: Package com.google.android.nfcservices name not found! Using module version.
06-24 02:58:37.935  5939  6481 I NamespaceManager: Package com.google.android.webapp name not found! Using module version.
06-24 02:58:37.935  5939  6481 I NamespaceManager: Package com.google.android.telephonycore name not found! Using module version.
06-24 02:58:37.935  5939  6481 I NamespaceManager: Package com.google.android.uprobestats name not found! Using module version.
06-24 02:58:38.727   824   824 I wpa_supplicant: wlan0: CTRL-EVENT-BEACON-LOSS 
06-24 02:58:38.729  1784  2331 W A       : Batch timed out; batchId=1 taskId=-1000006
06-24 02:58:38.731   522   535 W JobScheduler: Job didn't exist in JobStore: 7e70c90 #u0a132/-1000006 com.google.android.googlequicksearchbox/com.google.android.apps.gsa.tasks.BackgroundTasksJobService
06-24 02:58:38.759  1784  2771 D t       : Starting download: https://www.gstatic.com/assistant/appintegration/models/1/662c5aa4617258c027708e2bb9323ead.binarypb
06-24 02:58:38.759  1784  2771 V t       : Is http uri, downloading (uri: https://www.gstatic.com/assistant/appintegration/models/1/662c5aa4617258c027708e2bb9323ead.binarypb)
06-24 02:58:38.759  1784  2713 D t       : Starting download: https://www.gstatic.com/assistant/appintegration/models/1/05a8f7c516a3ad6c26cc4161a3dd6ac6.binarypb
06-24 02:58:38.759  1784  2713 V t       : Is http uri, downloading (uri: https://www.gstatic.com/assistant/appintegration/models/1/05a8f7c516a3ad6c26cc4161a3dd6ac6.binarypb)
06-24 02:58:38.761  1784  2330 I A       : NGA Sync: MDD Task: MDD.CHARGING.PERIODIC.TASK done.
06-24 02:58:38.761  1784  2330 I A       : NGA Sync: isNgaSyncEnabled: false; enableFileGroupPopulator: false; requiresMddAssets: false
06-24 02:58:38.761  1784  2205 I A       : Refresh account policy.
06-24 02:58:38.767  1784  2713 E MDD     : DownloadProgressMonitor: Can't find file group for uri: android://com.google.android.googlequicksearchbox/files/datadownload/shared/public/datadownloadfile_1782269842069
06-24 02:58:38.768  1784  2771 E MDD     : DownloadProgressMonitor: Can't find file group for uri: android://com.google.android.googlequicksearchbox/files/datadownload/shared/public/datadownloadfile_1782269842068
06-24 02:58:38.771  1784  2772 D t       : Starting download: https://dl.google.com/assistant/nga/1/4bce3720332aff95260f75ee29bbe97bd379e868.mddz
06-24 02:58:38.771  1784  2772 V t       : Is http uri, downloading (uri: https://dl.google.com/assistant/nga/1/4bce3720332aff95260f75ee29bbe97bd379e868.mddz)
06-24 02:58:38.776  1784  2713 D t       : Starting download: https://dl.google.com/assistant/nga/1/17d453d07f334b7d810f8e6e05dbd6001dc45eea.mddz
06-24 02:58:38.777  1784  2713 V t       : Is http uri, downloading (uri: https://dl.google.com/assistant/nga/1/17d453d07f334b7d810f8e6e05dbd6001dc45eea.mddz)
06-24 02:58:38.784  1612  5984 W MediaProvider: isAppCloneUserPair for user 0: false
06-24 02:58:38.792  6484  6484 I AccessibilityNodeInfoDumper: Skipping invisible child: android.view.accessibility.AccessibilityNodeInfo@38128; boundsInParent: Rect(0, 0 - 0, 19); boundsInScreen: Rect(31, 66 - 31, 80); boundsInWindow: Rect(31, 66 - 31, 80); packageName: com.google.android.apps.nexuslauncher; className: android.widget.TextView; text: null; error: null; maxTextLength: -1; stateDescription: null; contentDescription: null; tooltipText: null; containerTitle: null; viewIdResName: com.google.android.apps.nexuslauncher:id/subtitle_text; uniqueId: null; checkable: false; checked: false; focusable: true; focused: false; selected: false; clickable: true; longClickable: false; contextClickable: false; enabled: true; password: false; scrollable: false; importantForAccessibility: true; visible: false; actions: [AccessibilityAction: ACTION_FOCUS - null, AccessibilityAction: ACTION_SELECT - null, AccessibilityAction: ACTION_CLEAR_SELECTION - null, AccessibilityAction: ACTION_CLICK - null, AccessibilityAction: ACTION_ACCESSIBILITY_FOCUS - null, AccessibilityAction: ACTION_SHOW_ON_SCREEN - null]; isTextSelectable: false
06-24 02:58:38.794  6484  6484 W AccessibilityNodeInfoDumper: Fetch time: 20ms
06-24 02:58:38.796   522   535 W WindowMagnificationMgr: requestConnection duplicated request: connect=false, mConnectionState=DISCONNECTED
06-24 02:58:38.796   522   535 D AccessibilityManagerService: restoreCurrentUserForTestAutomationIfNeededLocked(): ignoring because device doesn't support visible background users
06-24 02:58:38.796  1649  2479 I AiAiEcho: Settings changed for uri: content://settings/secure/accessibility_enabled
06-24 02:58:38.796  6484  6484 D AndroidRuntime: Shutting down VM
06-24 02:58:38.797  1649  1882 I AiAiEcho: Predicting[0]: 
06-24 02:58:38.798  1649  1882 I AiAiEcho: EchoTargets: 
06-24 02:58:38.798  1649  1882 I AiAiEcho: Filtered by AiAi flag check: 
06-24 02:58:38.798  1649  1882 I AiAiEcho: Ranked targets strategy: SORT, count: 0, ranking metadata: 
06-24 02:58:38.799  1649  1882 I AiAiEcho: Predicting[0]: 
06-24 02:58:38.799   522   522 D BatterySaverPolicy: accessibility changed to false, updating policy.
06-24 02:58:38.800  1649  1882 I AiAiEcho: EchoTargets: 
06-24 02:58:38.800  1649  1882 I AiAiEcho: Filtered by AiAi flag check: 
06-24 02:58:38.800  1649  1882 I AiAiEcho: Ranked targets strategy: SORT, count: 0, ranking metadata: 
06-24 02:58:38.801  1784  2230 I A       : NGA enabled in interactor.
06-24 02:58:38.801  1784  2230 I A       : Nga state changed to NgaStateDetails{state=ENABLED, isSpecialExperience=false}
06-24 02:58:38.801  1649  1882 I AiAiEcho: #postPredictionTargets: Sending updates to UISurface lockscreen with targets# 0 (types=[])
06-24 02:58:38.802  1649  1882 I AiAiEcho: #postPredictionTargets: Sending updates to UISurface home with targets# 0 (types=[])
06-24 02:58:38.806   839   839 W PageIndicator: Total number of pages invalid: 0. Assuming 1 page.
06-24 02:58:38.805  1655  1682 I A       : Initializing all components
06-24 02:58:38.813  1655  1682 I A       : APA or Classic session decision: SessionDecision(sessionVariance=CLASSIC, platformVariance=CLASSIC, justification=CURRENT_PLATFORM_VARIANCE).
06-24 02:58:38.813  1655  1682 I A       : [Memory] eligibility: StashEligibility{6}
06-24 02:58:38.815  1655  2296 I A       : Initialize
06-24 02:58:38.815  1655  2296 I A       : onIsEnabledChanged, isEnabled: false
06-24 02:58:38.815  1655  2296 W A       : Disposing empty manager. Did you forgot to subscribe observables?
06-24 02:58:38.815  1655  2296 W A       : Disposing empty manager. Did you forgot to subscribe observables?
06-24 02:58:38.816  1655  2296 W A       : Disposing empty manager. Did you forgot to subscribe observables?
06-24 02:58:38.816  1655  2296 W A       : Disposing empty manager. Did you forgot to subscribe observables?
06-24 02:58:38.816  1655  2296 W A       : Disposing empty manager. Did you forgot to subscribe observables?
06-24 02:58:38.816  1655  2296 W A       : Disposing empty manager. Did you forgot to subscribe observables?
06-24 02:58:38.816  1655  2296 W A       : Disposing empty manager. Did you forgot to subscribe observables?
06-24 02:58:38.816  1655  2296 W A       : Disposing empty manager. Did you forgot to subscribe observables?
06-24 02:58:38.816  1655  2296 W A       : Disposing empty manager. Did you forgot to subscribe observables?
06-24 02:58:38.817  1655  2296 W A       : Disposing empty manager. Did you forgot to subscribe observables?
06-24 02:58:38.817  1655  2296 I A       : onOpaVisibilityChanged: false
06-24 02:58:38.817  1655  2296 W A       : Disposing empty manager. Did you forgot to subscribe observables?
06-24 02:58:38.817  1655  2296 W A       : Disposing empty manager. Did you forgot to subscribe observables?
06-24 02:58:38.817  1655  2296 W A       : Disposing empty manager. Did you forgot to subscribe observables?
06-24 02:58:38.817  1655  2296 W A       : Disposing empty manager. Did you forgot to subscribe observables?
06-24 02:58:38.817  1655  2296 W A       : Disposing empty manager. Did you forgot to subscribe observables?
06-24 02:58:38.817  1655  2296 W A       : Disposing empty manager. Did you forgot to subscribe observables?
06-24 02:58:38.817  1655  2296 I A       : Setting session to type: NO_SESSION
06-24 02:58:38.817  1655  2296 W A       : Disposing empty manager. Did you forgot to subscribe observables?
06-24 02:58:38.817  1655  2296 W A       : Disposing empty manager. Did you forgot to subscribe observables?
06-24 02:58:38.817  1655  2296 W A       : Disposing empty manager. Did you forgot to subscribe observables?
06-24 02:58:38.817  1655  2296 W A       : Disposing empty manager. Did you forgot to subscribe observables?
06-24 02:58:38.817  1655  2296 W A       : Disposing empty manager. Did you forgot to subscribe observables?
06-24 02:58:38.817  1655  2296 W A       : Disposing empty manager. Did you forgot to subscribe observables?
06-24 02:58:38.818  1655  2296 W A       : Disposing empty manager. Did you forgot to subscribe observables?
06-24 02:58:38.818  1655  2296 W A       : Disposing empty manager. Did you forgot to subscribe observables?
06-24 02:58:38.818  1655  2296 I A       : setNavBarVisible: GestureNavBarVisible{navbarVisible=true}
06-24 02:58:38.818  1655  2296 W A       : Disposing empty manager. Did you forgot to subscribe observables?
06-24 02:58:38.818  1655  2296 W A       : Disposing empty manager. Did you forgot to subscribe observables?
06-24 02:58:38.818  1655  2296 W A       : Disposing empty manager. Did you forgot to subscribe observables?
06-24 02:58:38.818  1655  2296 W A       : Disposing empty manager. Did you forgot to subscribe observables?
06-24 02:58:38.818  1655  2296 W A       : Disposing empty manager. Did you forgot to subscribe observables?
06-24 02:58:38.818  1655  2296 W A       : Disposing empty manager. Did you forgot to subscribe observables?
06-24 02:58:38.818  1655  2296 I A       : onDisabled. Registered: false
06-24 02:58:38.820  1655  2333 I A       : stopListening(NGA_PAUSED_UNKNOWN_REASON, NGA_CREATE), idleOverride=NOT_LISTENING
06-24 02:58:38.820  1655  2333 I A       : on opa visibility changed false
06-24 02:58:38.820  1655  2333 I A       : on opa visibility changed false
06-24 02:58:38.821   522  2949 D OomAdjuster: Not killing cached processes
06-24 02:58:38.824  1655  2296 I A       : State changed: IDLE => IDLE by NGA_STATE_CHANGED and N/A with Optional.empty
06-24 02:58:38.824  1655  2296 I A       : Recognizer choice: (recognizer_type: 1, recognizer_mode: 1, choice_reason: 4)
06-24 02:58:38.825  1655  2296 I A       : onActiveStateChangeEvent: IDLE => IDLE
06-24 02:58:38.825  1655  2296 I A       : #onActiveStateChangeEvent, newState: IDLE, previousState: IDLE.
06-24 02:58:38.832  1655  2333 I NgaEntryPointEventSendr: setupConnection
06-24 02:58:38.835  1784  1784 I A       : Creating pss binder().
06-24 02:58:38.836  1655  2296 I A       : Successfully initialized all components
06-24 02:58:38.837  1655  2333 I NgaEntryPointEventSendr: State changed: Disconnected => Connecting
06-24 02:58:38.837  1655  2333 I NgaEntryPointEventSendr: onServiceConnected
06-24 02:58:38.837  1784  3320 I A       : Calling beginBinderSession().
06-24 02:58:38.838  1784  3320 I A       : beginBinderSession(): calling binder
06-24 02:58:38.838  1655  2333 I NgaEntryPointEventSendr: State changed: Connecting => Ready
06-24 02:58:38.846   522  1991 W ActivityManager: Unable to start service Intent { cmp=com.google.android.apps.tachyon/.clientapi.ClientApiService } U=0: not found
06-24 02:58:38.848  1784  4646 I PBSessionCacheImpl: Deleted sessionId[7847897245594979] from persistence.
06-24 02:58:38.856  1784  2509 I A       : Using proto config with mendel
06-24 02:58:38.859  1784  2509 I A       : Using proto config with mendel
06-24 02:58:38.861  1784  2509 W A       : UiCallbackStub-onGenericEvent[ServiceEvent = 241] task was not run. Callback from Service received after client was disposed.
06-24 02:58:38.861  1784  2509 W A       : UiCallbackStub-onGenericEvent[ServiceEvent = 241] task was not run. Callback from Service received after client was disposed.
06-24 02:58:38.862  1784  2509 I PBSessionCacheImpl: Deleted sessionId[7847897245595110] from persistence.
06-24 02:58:38.862  1784  2509 W A       : UiCallbackStub-onGenericEvent[ServiceEvent = 60] task was not run. Callback from Service received after client was disposed.
06-24 02:58:38.863  1655  1655 V ClearcutMetricXmitter: Transmission is done.
06-24 02:58:38.864  1655  2296 I NgaEntryPointEventSendr: State changed: Ready => Disconnected (onOpaDisconnected)
06-24 02:58:38.869  5939  6443 I NetworkScheduler.Stats: Task com.google.android.gms/com.google.android.gms.ipa.base.IpaGcmTaskService started execution. cause:9 exec_start_elapsed_seconds: 158 [CONTEXT service_id=218 ]
06-24 02:58:38.872  1784  2330 I A       : group apa_head_suggest not present without account in *
06-24 02:58:38.872  1784  2330 I A       : incrementApaDataDownloadStoreStatus(latency = PT0S, appVersion = 13.17.16.23, status = NOT_FOUND, locale = *, fileGroupnames = apa_head_suggest, accountScoped = false, localGroupsAvailable = false, timeSinceSearchBoot = Optional[PT2M1.72S] (ONE_TO_FIVE_MINUTES), timeSinceDataDownloadInit = PT1M8.004S (ONE_TO_FIVE_MINUTES))
06-24 02:58:38.873  1784  2330 I A       : incrementApaDataDownloadStoreStatusNotFound(appVersion = 13.17.16.23, locale = *, groupName = apa_head_suggest, accountScoped = false, foundGroups = 0, status = 0, localGroupsAvailable = false)
06-24 02:58:38.877  5939  6444 I NetworkScheduler.Stats: Task com.google.android.gms/com.google.android.gms.ipa.base.IpaGcmTaskService finished executing. cause:9 result: 1 elapsed_millis: 24 uptime_millis: 24 exec_start_elapsed_seconds: 158 [CONTEXT service_id=218 ]
06-24 02:58:39.574  5942  5942 D BoundBrokerSvc: onUnbind: Intent { act=com.google.android.gms.constellation.service.START pkg=com.google.android.gms }
