06-24 02:59:56.056  7071  7071 W libc    : Access denied finding property "ro.product.brand_for_attestation"
06-24 02:59:56.056  7071  7071 W libc    : Access denied finding property "ro.product.model_for_attestation"
06-24 02:59:56.057  7071  7071 D AndroidRuntime: Calling main entry com.android.commands.uiautomator.Launcher
06-24 02:59:56.058  7071  7071 D UiAutomationConnection: Created on user UserHandle{0}
06-24 02:59:56.058  7071  7071 I UiAutomation: Initialized for user 0 on display 0
06-24 02:59:56.059  7071  7071 W UiAutomation: Created with deprecatead constructor, assumes DEFAULT_DISPLAY
06-24 02:59:56.048  7071  7071 W main    : type=1400 audit(0.0:75): avc:  denied  { read } for  name="u:object_r:build_attestation_prop:s0" dev="tmpfs" ino=86 scontext=u:r:shell:s0 tcontext=u:object_r:build_attestation_prop:s0 tclass=file permissive=0
06-24 02:59:56.060   522  2540 D AccessibilityManagerService: changeCurrentUserForTestAutomationIfNeededLocked(0): ignoring because device doesn't support visible background users
06-24 02:59:56.060   522  2540 I UiAutomationManager: Registering UiTestAutomationService (id=com.android.server.accessibility/UiAutomation) when called by user 0
06-24 02:59:56.061   522  2540 W WindowMagnificationMgr: requestConnection duplicated request: connect=false, mConnectionState=DISCONNECTED
06-24 02:59:56.061   522   522 D BatterySaverPolicy: accessibility changed to true, updating policy.
06-24 02:59:56.063  1649  2479 I AiAiEcho: Settings changed for uri: content://settings/secure/accessibility_enabled
06-24 02:59:56.063  1649  1882 I AiAiEcho: Predicting[0]: 
06-24 02:59:56.063  1649  1882 I AiAiEcho: EchoTargets: 
06-24 02:59:56.063  1649  1882 I AiAiEcho: Filtered by AiAi flag check: 
06-24 02:59:56.063  1649  1882 I AiAiEcho: Ranked targets strategy: SORT, count: 0, ranking metadata: 
06-24 02:59:56.064  1649  1882 I AiAiEcho: Predicting[0]: 
06-24 02:59:56.064  1649  1882 I AiAiEcho: EchoTargets: 
06-24 02:59:56.064  1649  1882 I AiAiEcho: Filtered by AiAi flag check: 
06-24 02:59:56.064  1649  1882 I AiAiEcho: Ranked targets strategy: SORT, count: 0, ranking metadata: 
06-24 02:59:56.064  1649  1882 I AiAiEcho: #postPredictionTargets: Sending updates to UISurface lockscreen with targets# 0 (types=[])
06-24 02:59:56.064  1649  1882 I AiAiEcho: #postPredictionTargets: Sending updates to UISurface home with targets# 0 (types=[])
06-24 02:59:56.052  7071  7071 W main    : type=1400 audit(0.0:76): avc:  denied  { read } for  name="u:object_r:build_attestation_prop:s0" dev="tmpfs" ino=86 scontext=u:r:shell:s0 tcontext=u:object_r:build_attestation_prop:s0 tclass=file permissive=0
06-24 02:59:56.065  1784  2211 I A       : NGA disabled since it's running Panthera and at least one a11y feature is on.
06-24 02:59:56.065  1784  2211 I A       : Nga state changed to NgaStateDetails{state=DISABLED, isSpecialExperience=false}
06-24 02:59:56.066  1655  1682 I A       : APA or Classic session decision: SessionDecision(sessionVariance=CLASSIC, platformVariance=CLASSIC, justification=CURRENT_PLATFORM_VARIANCE).
06-24 02:59:56.066  1655  1682 I A       : [Memory] eligibility: StashEligibility{4}
06-24 02:59:56.052  7071  7071 W main    : type=1400 audit(0.0:77): avc:  denied  { read } for  name="u:object_r:build_attestation_prop:s0" dev="tmpfs" ino=86 scontext=u:r:shell:s0 tcontext=u:object_r:build_attestation_prop:s0 tclass=file permissive=0
06-24 02:59:56.068  1655  2333 I A       : Unsubscribed to apa or classic variant change.
06-24 02:59:56.070   839   839 W PageIndicator: Total number of pages invalid: 0. Assuming 1 page.
06-24 02:59:56.076  7071  7084 V UiAutomation: Init UiAutomation@301f8ba[id=5, displayId=0, flags=0]
06-24 02:59:56.077   522  2749 W WindowMagnificationMgr: requestConnection duplicated request: connect=false, mConnectionState=DISCONNECTED
06-24 02:59:56.078  1649  2479 I AiAiEcho: Settings changed for uri: content://settings/secure/accessibility_enabled
06-24 02:59:56.078  1649  1882 I AiAiEcho: Predicting[0]: 
06-24 02:59:56.078  1649  1882 I AiAiEcho: EchoTargets: 
06-24 02:59:56.078  1649  1882 I AiAiEcho: Filtered by AiAi flag check: 
06-24 02:59:56.078  1649  1882 I AiAiEcho: Ranked targets strategy: SORT, count: 0, ranking metadata: 
06-24 02:59:56.078  1649  1882 I AiAiEcho: Predicting[0]: 
06-24 02:59:56.078  1649  1882 I AiAiEcho: EchoTargets: 
06-24 02:59:56.078  1649  1882 I AiAiEcho: Filtered by AiAi flag check: 
06-24 02:59:56.078  1649  1882 I AiAiEcho: Ranked targets strategy: SORT, count: 0, ranking metadata: 
06-24 02:59:56.078  1649  1882 I AiAiEcho: #postPredictionTargets: Sending updates to UISurface lockscreen with targets# 0 (types=[])
06-24 02:59:56.079  1649  1882 I AiAiEcho: #postPredictionTargets: Sending updates to UISurface home with targets# 0 (types=[])
06-24 02:59:56.079   839   839 W PageIndicator: Total number of pages invalid: 0. Assuming 1 page.
06-24 02:59:56.079   522  2749 D SafetySourceDataValidator: No cert check requested for package com.google.android.permissioncontroller
06-24 02:59:56.122   522   614 I RoleService: Granting default roles...
06-24 02:59:56.131   852  7015 E RoleControllerServiceImpl: Default/fallback role holder package doesn't qualify for the role, package: com.google.android.gms.supervision, role: android.app.role.SYSTEM_SUPERVISION
06-24 02:59:56.132   852  7015 I Role    : com.google.android.gms not qualified for android.app.role.SYSTEM_CALL_STREAMING due to missing RequiredComponent{mIntentFilterData=IntentFilterData{mAction='android.telecom.CallStreamingService', mCategories='[]', mDataScheme='null', mDataType='null'}, mMinTargetSdkVersion=1, mFlags='0', mPermission='android.permission.BIND_CALL_STREAMING_SERVICE', mQueryFlags=0, mMetaData=[]}
06-24 02:59:56.132   852  7015 E RoleControllerServiceImpl: Default/fallback role holder package doesn't qualify for the role, package: com.google.android.gms, role: android.app.role.SYSTEM_CALL_STREAMING
06-24 02:59:56.133   852  7015 W Role    : Default holder doesn't have required signing certificate: com.google.android.apps.work.clouddpc:23962F4B43B9857638EA66F4D419518EAE282491ACDA4B94707BD59003C45E58
06-24 02:59:56.561  6981  6985 I AidlLazyServiceRegistrar: Process has 0 (of 1 available) client(s) in use after notification artd has clients: 0
06-24 02:59:56.561  6981  6985 I AidlLazyServiceRegistrar: Trying to shut down the service. No clients in use for any service in process.
06-24 02:59:56.563  6981  6985 I AidlLazyServiceRegistrar: Unregistered all clients and exiting
06-24 02:59:56.748     0     0 I servicemanager: Notifying artd they don't (previously: do) have clients when we now have no record of a client
06-24 02:59:56.751     0     0 I servicemanager: Unregistering artd
06-24 02:59:56.751     0     0 I BpBinder: onLastStrongRef automatically unlinking death recipients:
06-24 02:59:56.754     0     0 I init    : Service 'artd' (pid 6981) exited with status 0 oneshot service took 1.627000 seconds in background
06-24 02:59:56.756     0     0 I init    : Sending signal 9 to service 'artd' (pid 6981) process group...
06-24 02:59:56.757     0     0 I libprocessgroup: Successfully killed process cgroup uid 1082 pid 6981 in 0ms
06-24 02:59:57.069  7071  7071 I AccessibilityNodeInfoDumper: Skipping invisible child: android.view.accessibility.AccessibilityNodeInfo@12898; boundsInParent: Rect(0, 0 - 320, 0); boundsInScreen: Rect(0, 0 - 320, 0); boundsInWindow: Rect(0, 0 - 320, 0); packageName: com.hanapkalinga.mobile; className: android.widget.LinearLayout; text: null; error: null; maxTextLength: -1; stateDescription: null; contentDescription: null; tooltipText: null; containerTitle: null; viewIdResName: null; uniqueId: null; checkable: false; checked: false; focusable: false; focused: false; selected: false; clickable: false; longClickable: false; contextClickable: false; enabled: true; password: false; scrollable: false; importantForAccessibility: false; visible: false; actions: [AccessibilityAction: ACTION_SELECT - null, AccessibilityAction: ACTION_CLEAR_SELECTION - null, AccessibilityAction: ACTION_ACCESSIBILITY_FOCUS - null, AccessibilityAction: ACTION_SHOW_ON_SCREEN - null]; isTextSelectable: false
06-24 02:59:57.069  7071  7071 I AccessibilityNodeInfoDumper: Skipping invisible child: android.view.accessibility.AccessibilityNodeInfo@124d7; boundsInParent: Rect(0, 0 - 320, 0); boundsInScreen: Rect(0, 0 - 320, 0); boundsInWindow: Rect(0, 0 - 320, 0); packageName: com.hanapkalinga.mobile; className: android.view.ViewGroup; text: null; error: null; maxTextLength: -1; stateDescription: null; contentDescription: null; tooltipText: null; containerTitle: null; viewIdResName: null; uniqueId: null; checkable: false; checked: false; focusable: false; focused: false; selected: false; clickable: false; longClickable: false; contextClickable: false; enabled: true; password: false; scrollable: false; importantForAccessibility: false; visible: false; actions: [AccessibilityAction: ACTION_SELECT - null, AccessibilityAction: ACTION_CLEAR_SELECTION - null, AccessibilityAction: ACTION_ACCESSIBILITY_FOCUS - null, AccessibilityAction: ACTION_SHOW_ON_SCREEN - null]; isTextSelectable: false
06-24 02:59:57.069  7071  7071 I AccessibilityNodeInfoDumper: Skipping invisible child: android.view.accessibility.AccessibilityNodeInfo@1a479; boundsInParent: Rect(0, 0 - 320, 0); boundsInScreen: Rect(0, 0 - 320, 0); boundsInWindow: Rect(0, 0 - 320, 0); packageName: com.hanapkalinga.mobile; className: android.widget.LinearLayout; text: null; error: null; maxTextLength: -1; stateDescription: null; contentDescription: null; tooltipText: null; containerTitle: null; viewIdResName: null; uniqueId: null; checkable: false; checked: false; focusable: false; focused: false; selected: false; clickable: false; longClickable: false; contextClickable: false; enabled: true; password: false; scrollable: false; importantForAccessibility: false; visible: false; actions: [AccessibilityAction: ACTION_SELECT - null, AccessibilityAction: ACTION_CLEAR_SELECTION - null, AccessibilityAction: ACTION_ACCESSIBILITY_FOCUS - null, AccessibilityAction: ACTION_SHOW_ON_SCREEN - null]; isTextSelectable: false
06-24 02:59:57.069  7071  7071 I AccessibilityNodeInfoDumper: Skipping invisible child: android.view.accessibility.AccessibilityNodeInfo@1a0b8; boundsInParent: Rect(0, 0 - 320, 0); boundsInScreen: Rect(0, 0 - 320, 0); boundsInWindow: Rect(0, 0 - 320, 0); packageName: com.hanapkalinga.mobile; className: android.view.ViewGroup; text: null; error: null; maxTextLength: -1; stateDescription: null; contentDescription: null; tooltipText: null; containerTitle: null; viewIdResName: null; uniqueId: null; checkable: false; checked: false; focusable: false; focused: false; selected: false; clickable: false; longClickable: false; contextClickable: false; enabled: true; password: false; scrollable: false; importantForAccessibility: false; visible: false; actions: [AccessibilityAction: ACTION_SELECT - null, AccessibilityAction: ACTION_CLEAR_SELECTION - null, AccessibilityAction: ACTION_ACCESSIBILITY_FOCUS - null, AccessibilityAction: ACTION_SHOW_ON_SCREEN - null]; isTextSelectable: false
06-24 02:59:57.073  7071  7071 W AccessibilityNodeInfoDumper: Fetch time: 7ms
06-24 02:59:57.074   522  2540 W WindowMagnificationMgr: requestConnection duplicated request: connect=false, mConnectionState=DISCONNECTED
06-24 02:59:57.074   522  2540 D AccessibilityManagerService: restoreCurrentUserForTestAutomationIfNeededLocked(): ignoring because device doesn't support visible background users
06-24 02:59:57.075  7071  7071 D AndroidRuntime: Shutting down VM
06-24 02:59:57.077  1649  2479 I AiAiEcho: Settings changed for uri: content://settings/secure/accessibility_enabled
06-24 02:59:57.077  1649  1882 I AiAiEcho: Predicting[0]: 
06-24 02:59:57.077  1649  1882 I AiAiEcho: EchoTargets: 
06-24 02:59:57.077  1649  1882 I AiAiEcho: Filtered by AiAi flag check: 
06-24 02:59:57.077  1649  1882 I AiAiEcho: Ranked targets strategy: SORT, count: 0, ranking metadata: 
06-24 02:59:57.078  1649  1882 I AiAiEcho: Predicting[0]: 
06-24 02:59:57.078  1649  1882 I AiAiEcho: EchoTargets: 
06-24 02:59:57.078  1649  1882 I AiAiEcho: Filtered by AiAi flag check: 
06-24 02:59:57.078  1649  1882 I AiAiEcho: Ranked targets strategy: SORT, count: 0, ranking metadata: 
06-24 02:59:57.078  1649  1882 I AiAiEcho: #postPredictionTargets: Sending updates to UISurface lockscreen with targets# 0 (types=[])
06-24 02:59:57.078  1649  1882 I AiAiEcho: #postPredictionTargets: Sending updates to UISurface home with targets# 0 (types=[])
06-24 02:59:57.079   839   839 W PageIndicator: Total number of pages invalid: 0. Assuming 1 page.
06-24 02:59:57.082   522   522 D BatterySaverPolicy: accessibility changed to false, updating policy.
06-24 02:59:57.083  1784  2211 I A       : NGA enabled in interactor.
06-24 02:59:57.083  1784  2211 I A       : Nga state changed to NgaStateDetails{state=ENABLED, isSpecialExperience=false}
06-24 02:59:57.084  1655  1682 I A       : Initializing all components
06-24 02:59:57.084  1655  1682 I A       : APA or Classic session decision: SessionDecision(sessionVariance=CLASSIC, platformVariance=CLASSIC, justification=CURRENT_PLATFORM_VARIANCE).
06-24 02:59:57.085  1655  1682 I A       : [Memory] eligibility: StashEligibility{6}
06-24 02:59:57.085  1655  2296 I A       : onIsEnabledChanged, isEnabled: false
06-24 02:59:57.085  1655  2296 W A       : Disposing empty manager. Did you forgot to subscribe observables?
06-24 02:59:57.085  1655  2296 W A       : Disposing empty manager. Did you forgot to subscribe observables?
06-24 02:59:57.085  1655  2296 W A       : Disposing empty manager. Did you forgot to subscribe observables?
06-24 02:59:57.085  1655  2296 W A       : Disposing empty manager. Did you forgot to subscribe observables?
06-24 02:59:57.085  1655  2296 W A       : Disposing empty manager. Did you forgot to subscribe observables?
06-24 02:59:57.085  1655  2333 I A       : State changed: IDLE => IDLE by NGA_STATE_CHANGED and N/A with Optional.empty
06-24 02:59:57.085  1655  2333 I A       : Recognizer choice: (recognizer_type: 1, recognizer_mode: 1, choice_reason: 4)
06-24 02:59:57.086  1655  2296 W A       : Disposing empty manager. Did you forgot to subscribe observables?
06-24 02:59:57.086  1655  2296 W A       : Disposing empty manager. Did you forgot to subscribe observables?
06-24 02:59:57.086  1655  2296 W A       : Disposing empty manager. Did you forgot to subscribe observables?
06-24 02:59:57.086  1655  2296 W A       : Disposing empty manager. Did you forgot to subscribe observables?
06-24 02:59:57.086  1655  2296 W A       : Disposing empty manager. Did you forgot to subscribe observables?
06-24 02:59:57.086  1655  2296 I A       : onOpaVisibilityChanged: false
06-24 02:59:57.086  1655  2296 W A       : Disposing empty manager. Did you forgot to subscribe observables?
06-24 02:59:57.086  1655  2296 W A       : Disposing empty manager. Did you forgot to subscribe observables?
06-24 02:59:57.086  1655  2296 W A       : Disposing empty manager. Did you forgot to subscribe observables?
06-24 02:59:57.086  1655  2296 W A       : Disposing empty manager. Did you forgot to subscribe observables?
06-24 02:59:57.086  1655  2296 W A       : Disposing empty manager. Did you forgot to subscribe observables?
06-24 02:59:57.086  1655  2296 W A       : Disposing empty manager. Did you forgot to subscribe observables?
06-24 02:59:57.087  1655  2296 I A       : Setting session to type: NO_SESSION
06-24 02:59:57.087  1655  2333 I A       : onActiveStateChangeEvent: IDLE => IDLE
06-24 02:59:57.087  1655  2296 W A       : Disposing empty manager. Did you forgot to subscribe observables?
06-24 02:59:57.087  1655  2296 W A       : Disposing empty manager. Did you forgot to subscribe observables?
06-24 02:59:57.087  1655  2296 W A       : Disposing empty manager. Did you forgot to subscribe observables?
06-24 02:59:57.087  1655  2296 W A       : Disposing empty manager. Did you forgot to subscribe observables?
06-24 02:59:57.087  1655  2296 W A       : Disposing empty manager. Did you forgot to subscribe observables?
06-24 02:59:57.087  1655  2333 I A       : #onActiveStateChangeEvent, newState: IDLE, previousState: IDLE.
06-24 02:59:57.087  1655  2296 W A       : Disposing empty manager. Did you forgot to subscribe observables?
06-24 02:59:57.087  1655  2296 W A       : Disposing empty manager. Did you forgot to subscribe observables?
06-24 02:59:57.087  1655  2296 W A       : Disposing empty manager. Did you forgot to subscribe observables?
06-24 02:59:57.087  1655  2296 I A       : setNavBarVisible: GestureNavBarVisible{navbarVisible=true}
06-24 02:59:57.087  1655  2296 W A       : Disposing empty manager. Did you forgot to subscribe observables?
06-24 02:59:57.087  1655  2296 W A       : Disposing empty manager. Did you forgot to subscribe observables?
06-24 02:59:57.087  1655  2296 W A       : Disposing empty manager. Did you forgot to subscribe observables?
06-24 02:59:57.087  1655  2296 W A       : Disposing empty manager. Did you forgot to subscribe observables?
06-24 02:59:57.087  1655  2296 W A       : Disposing empty manager. Did you forgot to subscribe observables?
06-24 02:59:57.087  1655  2296 W A       : Disposing empty manager. Did you forgot to subscribe observables?
06-24 02:59:57.087  1655  2296 I A       : onDisabled. Registered: false
06-24 02:59:57.094  1655  2333 I A       : on opa visibility changed false
06-24 02:59:57.094  1655  2333 I A       : on opa visibility changed false
06-24 02:59:57.096  1655  2333 I NgaEntryPointEventSendr: setupConnection
06-24 02:59:57.097  1655  2296 I A       : Initialize
06-24 02:59:57.097   839   839 D StatusBarIconController: ignoring old pipeline callbacks, because the new mobile icons are enabled
06-24 02:59:57.099  1784  1784 I A       : Creating pss binder().
06-24 02:59:57.099  1655  2333 I NgaEntryPointEventSendr: State changed: Disconnected => Connecting
06-24 02:59:57.099  1655  2333 I NgaEntryPointEventSendr: onServiceConnected
06-24 02:59:57.099  1655  2296 I A       : stopListening(NGA_PAUSED_UNKNOWN_REASON, NGA_CREATE), idleOverride=NOT_LISTENING
06-24 02:59:57.099  1784  3320 I A       : Calling beginBinderSession().
06-24 02:59:57.100  1784  3320 I A       : beginBinderSession(): calling binder
06-24 02:59:57.100  1655  2333 I NgaEntryPointEventSendr: State changed: Connecting => Ready
06-24 02:59:57.101   522  1773 W ActivityManager: Unable to start service Intent { cmp=com.google.android.apps.tachyon/.clientapi.ClientApiService } U=0: not found
06-24 02:59:57.105  1655  2296 I A       : Successfully initialized all components
06-24 02:59:57.109  1784  2509 W A       : UiCallbackStub-onGenericEvent[ServiceEvent = 60] task was not run. Callback from Service received after client was disposed.
06-24 02:59:57.109  1784  2469 I PBSessionCacheImpl: Deleted sessionId[7847897245595128] from persistence.
06-24 02:59:57.111  1655  2296 I NgaEntryPointEventSendr: State changed: Ready => Disconnected (onOpaDisconnected)
06-24 02:59:57.112  1784  2509 W SearchServiceCore: Abort, client detached.
06-24 02:59:57.442  6773  6793 D EGL_emulation: app_time_stats: avg=500.00ms min=499.83ms max=500.27ms count=3
