--------- beginning of main
06-24 03:01:10.849  7172  7407 I Maestro : Skipping invisible child: android.view.accessibility.AccessibilityNodeInfo@17f00; boundsInParent: Rect(0, 0 - 320, 0); boundsInScreen: Rect(0, 0 - 320, 0); boundsInWindow: Rect(0, 0 - 320, 0); packageName: com.hanapkalinga.mobile; className: android.widget.LinearLayout; text: null; error: null; maxTextLength: -1; stateDescription: null; contentDescription: null; tooltipText: null; containerTitle: null; viewIdResName: null; uniqueId: null; checkable: false; checked: false; focusable: false; focused: false; selected: false; clickable: false; longClickable: false; contextClickable: false; enabled: true; password: false; scrollable: false; importantForAccessibility: false; visible: false; actions: [AccessibilityAction: ACTION_SELECT - null, AccessibilityAction: ACTION_CLEAR_SELECTION - null, AccessibilityAction: ACTION_ACCESSIBILITY_FOCUS - null, AccessibilityAction: ACTION_SHOW_ON_SCREEN - null]; isTextSelectable: false
06-24 03:01:10.849  7172  7407 I Maestro : Skipping invisible child: android.view.accessibility.AccessibilityNodeInfo@17b3f; boundsInParent: Rect(0, 0 - 320, 0); boundsInScreen: Rect(0, 0 - 320, 0); boundsInWindow: Rect(0, 0 - 320, 0); packageName: com.hanapkalinga.mobile; className: android.view.ViewGroup; text: null; error: null; maxTextLength: -1; stateDescription: null; contentDescription: null; tooltipText: null; containerTitle: null; viewIdResName: null; uniqueId: null; checkable: false; checked: false; focusable: false; focused: false; selected: false; clickable: false; longClickable: false; contextClickable: false; enabled: true; password: false; scrollable: false; importantForAccessibility: false; visible: false; actions: [AccessibilityAction: ACTION_SELECT - null, AccessibilityAction: ACTION_CLEAR_SELECTION - null, AccessibilityAction: ACTION_ACCESSIBILITY_FOCUS - null, AccessibilityAction: ACTION_SHOW_ON_SCREEN - null]; isTextSelectable: false
06-24 03:01:10.864  7172  7407 D Maestro : View hierarchy received in 21 ms
06-24 03:01:10.919  7172  7407 D Maestro : Requesting view hierarchy
06-24 03:01:10.919  7172  7407 W QueryController: Could not detect idle state.
06-24 03:01:10.920  7172  7407 W QueryController: Could not detect idle state.
06-24 03:01:10.927  7172  7407 I Maestro : Skipping invisible child: android.view.accessibility.AccessibilityNodeInfo@1031f; boundsInParent: Rect(0, 0 - 320, 0); boundsInScreen: Rect(0, 0 - 320, 0); boundsInWindow: Rect(0, 0 - 320, 0); packageName: com.hanapkalinga.mobile; className: android.widget.LinearLayout; text: null; error: null; maxTextLength: -1; stateDescription: null; contentDescription: null; tooltipText: null; containerTitle: null; viewIdResName: null; uniqueId: null; checkable: false; checked: false; focusable: false; focused: false; selected: false; clickable: false; longClickable: false; contextClickable: false; enabled: true; password: false; scrollable: false; importantForAccessibility: false; visible: false; actions: [AccessibilityAction: ACTION_SELECT - null, AccessibilityAction: ACTION_CLEAR_SELECTION - null, AccessibilityAction: ACTION_ACCESSIBILITY_FOCUS - null, AccessibilityAction: ACTION_SHOW_ON_SCREEN - null]; isTextSelectable: false
06-24 03:01:10.928  7172  7407 I Maestro : Skipping invisible child: android.view.accessibility.AccessibilityNodeInfo@ff5e; boundsInParent: Rect(0, 0 - 320, 0); boundsInScreen: Rect(0, 0 - 320, 0); boundsInWindow: Rect(0, 0 - 320, 0); packageName: com.hanapkalinga.mobile; className: android.view.ViewGroup; text: null; error: null; maxTextLength: -1; stateDescription: null; contentDescription: null; tooltipText: null; containerTitle: null; viewIdResName: null; uniqueId: null; checkable: false; checked: false; focusable: false; focused: false; selected: false; clickable: false; longClickable: false; contextClickable: false; enabled: true; password: false; scrollable: false; importantForAccessibility: false; visible: false; actions: [AccessibilityAction: ACTION_SELECT - null, AccessibilityAction: ACTION_CLEAR_SELECTION - null, AccessibilityAction: ACTION_ACCESSIBILITY_FOCUS - null, AccessibilityAction: ACTION_SHOW_ON_SCREEN - null]; isTextSelectable: false
06-24 03:01:10.928  7172  7407 I Maestro : Skipping invisible child: android.view.accessibility.AccessibilityNodeInfo@17f00; boundsInParent: Rect(0, 0 - 320, 0); boundsInScreen: Rect(0, 0 - 320, 0); boundsInWindow: Rect(0, 0 - 320, 0); packageName: com.hanapkalinga.mobile; className: android.widget.LinearLayout; text: null; error: null; maxTextLength: -1; stateDescription: null; contentDescription: null; tooltipText: null; containerTitle: null; viewIdResName: null; uniqueId: null; checkable: false; checked: false; focusable: false; focused: false; selected: false; clickable: false; longClickable: false; contextClickable: false; enabled: true; password: false; scrollable: false; importantForAccessibility: false; visible: false; actions: [AccessibilityAction: ACTION_SELECT - null, AccessibilityAction: ACTION_CLEAR_SELECTION - null, AccessibilityAction: ACTION_ACCESSIBILITY_FOCUS - null, AccessibilityAction: ACTION_SHOW_ON_SCREEN - null]; isTextSelectable: false
06-24 03:01:10.929  7172  7407 I Maestro : Skipping invisible child: android.view.accessibility.AccessibilityNodeInfo@17b3f; boundsInParent: Rect(0, 0 - 320, 0); boundsInScreen: Rect(0, 0 - 320, 0); boundsInWindow: Rect(0, 0 - 320, 0); packageName: com.hanapkalinga.mobile; className: android.view.ViewGroup; text: null; error: null; maxTextLength: -1; stateDescription: null; contentDescription: null; tooltipText: null; containerTitle: null; viewIdResName: null; uniqueId: null; checkable: false; checked: false; focusable: false; focused: false; selected: false; clickable: false; longClickable: false; contextClickable: false; enabled: true; password: false; scrollable: false; importantForAccessibility: false; visible: false; actions: [AccessibilityAction: ACTION_SELECT - null, AccessibilityAction: ACTION_CLEAR_SELECTION - null, AccessibilityAction: ACTION_ACCESSIBILITY_FOCUS - null, AccessibilityAction: ACTION_SHOW_ON_SCREEN - null]; isTextSelectable: false
06-24 03:01:10.938  7172  7407 D Maestro : View hierarchy received in 19 ms
--------- beginning of kernel
06-24 03:01:11.128     0     0 W healthd : battery l=100 v=5000 t=25.0 h=2 st=2 c=900000 fc=3000000 cc=10 chg=a
06-24 03:01:11.029  7172  7407 D Maestro : Requesting view hierarchy
06-24 03:01:11.030  7172  7407 W QueryController: Could not detect idle state.
06-24 03:01:11.030  7172  7407 W QueryController: Could not detect idle state.
06-24 03:01:11.036  7172  7407 I Maestro : Skipping invisible child: android.view.accessibility.AccessibilityNodeInfo@1031f; boundsInParent: Rect(0, 0 - 320, 0); boundsInScreen: Rect(0, 0 - 320, 0); boundsInWindow: Rect(0, 0 - 320, 0); packageName: com.hanapkalinga.mobile; className: android.widget.LinearLayout; text: null; error: null; maxTextLength: -1; stateDescription: null; contentDescription: null; tooltipText: null; containerTitle: null; viewIdResName: null; uniqueId: null; checkable: false; checked: false; focusable: false; focused: false; selected: false; clickable: false; longClickable: false; contextClickable: false; enabled: true; password: false; scrollable: false; importantForAccessibility: false; visible: false; actions: [AccessibilityAction: ACTION_SELECT - null, AccessibilityAction: ACTION_CLEAR_SELECTION - null, AccessibilityAction: ACTION_ACCESSIBILITY_FOCUS - null, AccessibilityAction: ACTION_SHOW_ON_SCREEN - null]; isTextSelectable: false
06-24 03:01:11.036  7172  7407 I Maestro : Skipping invisible child: android.view.accessibility.AccessibilityNodeInfo@ff5e; boundsInParent: Rect(0, 0 - 320, 0); boundsInScreen: Rect(0, 0 - 320, 0); boundsInWindow: Rect(0, 0 - 320, 0); packageName: com.hanapkalinga.mobile; className: android.view.ViewGroup; text: null; error: null; maxTextLength: -1; stateDescription: null; contentDescription: null; tooltipText: null; containerTitle: null; viewIdResName: null; uniqueId: null; checkable: false; checked: false; focusable: false; focused: false; selected: false; clickable: false; longClickable: false; contextClickable: false; enabled: true; password: false; scrollable: false; importantForAccessibility: false; visible: false; actions: [AccessibilityAction: ACTION_SELECT - null, AccessibilityAction: ACTION_CLEAR_SELECTION - null, AccessibilityAction: ACTION_ACCESSIBILITY_FOCUS - null, AccessibilityAction: ACTION_SHOW_ON_SCREEN - null]; isTextSelectable: false
06-24 03:01:11.037  7172  7407 I Maestro : Skipping invisible child: android.view.accessibility.AccessibilityNodeInfo@17f00; boundsInParent: Rect(0, 0 - 320, 0); boundsInScreen: Rect(0, 0 - 320, 0); boundsInWindow: Rect(0, 0 - 320, 0); packageName: com.hanapkalinga.mobile; className: android.widget.LinearLayout; text: null; error: null; maxTextLength: -1; stateDescription: null; contentDescription: null; tooltipText: null; containerTitle: null; viewIdResName: null; uniqueId: null; checkable: false; checked: false; focusable: false; focused: false; selected: false; clickable: false; longClickable: false; contextClickable: false; enabled: true; password: false; scrollable: false; importantForAccessibility: false; visible: false; actions: [AccessibilityAction: ACTION_SELECT - null, AccessibilityAction: ACTION_CLEAR_SELECTION - null, AccessibilityAction: ACTION_ACCESSIBILITY_FOCUS - null, AccessibilityAction: ACTION_SHOW_ON_SCREEN - null]; isTextSelectable: false
06-24 03:01:11.037  7172  7407 I Maestro : Skipping invisible child: android.view.accessibility.AccessibilityNodeInfo@17b3f; boundsInParent: Rect(0, 0 - 320, 0); boundsInScreen: Rect(0, 0 - 320, 0); boundsInWindow: Rect(0, 0 - 320, 0); packageName: com.hanapkalinga.mobile; className: android.view.ViewGroup; text: null; error: null; maxTextLength: -1; stateDescription: null; contentDescription: null; tooltipText: null; containerTitle: null; viewIdResName: null; uniqueId: null; checkable: false; checked: false; focusable: false; focused: false; selected: false; clickable: false; longClickable: false; contextClickable: false; enabled: true; password: false; scrollable: false; importantForAccessibility: false; visible: false; actions: [AccessibilityAction: ACTION_SELECT - null, AccessibilityAction: ACTION_CLEAR_SELECTION - null, AccessibilityAction: ACTION_ACCESSIBILITY_FOCUS - null, AccessibilityAction: ACTION_SHOW_ON_SCREEN - null]; isTextSelectable: false
06-24 03:01:11.052  7172  7407 D Maestro : View hierarchy received in 23 ms
--------- beginning of system
06-24 03:01:11.141   522   535 D WindowManager: captureDisplay
06-24 03:01:11.577  7346  7366 D EGL_emulation: app_time_stats: avg=500.72ms min=499.39ms max=502.29ms count=3
06-24 03:01:11.625   522   551 I ActivityManager: Force stopping dev.mobile.maestro appid=10197 user=-1: deletePackageX
06-24 03:01:11.625   522   551 E libprocessgroup: No such cgroup attribute: /sys/fs/cgroup/uid_4294877493/cgroup.freeze
06-24 03:01:11.625   522   551 W libprocessgroup: Failed to apply Frozen process profile: No such file or directory
06-24 03:01:11.626   522   542 D DisplayManagerService: Drop pending events for gone uid 10197
06-24 03:01:11.626   522   551 I ActivityManager: Killing 7172:dev.mobile.maestro/u0a197 (adj 0): stop dev.mobile.maestro due to deletePackageX
06-24 03:01:11.626   522   551 W ActivityManager: Crash of app dev.mobile.maestro running instrumentation ComponentInfo{dev.mobile.maestro.test/androidx.test.runner.AndroidJUnitRunner}
06-24 03:01:11.627   522   551 I ActivityManager: Force stopping dev.mobile.maestro appid=10197 user=0: finished inst
06-24 03:01:11.631   522   551 D OomAdjuster: Not killing cached processes
06-24 03:01:11.817     0     0 I servicemanager: Since 'artd' could not be found, trying to start it as a lazy AIDL service. (if it's not configured to be a lazy service, it may be stuck starting or still starting).
06-24 03:01:11.638   522   551 E libprocessgroup: No such cgroup attribute: /sys/fs/cgroup/uid_4294877493/cgroup.freeze
06-24 03:01:11.638   522   551 W libprocessgroup: Failed to apply Unfrozen process profile: No such file or directory
06-24 03:01:11.639  7159  7171 W Binder  : Caught a RuntimeException from the binder stub implementation.
06-24 03:01:11.639  7159  7171 W Binder  : java.lang.SecurityException: Calling from not trusted UID!
06-24 03:01:11.639  7159  7171 W Binder  : 	at android.app.UiAutomationConnection.throwIfCalledByNotTrustedUidLocked(UiAutomationConnection.java:646)
06-24 03:01:11.639  7159  7171 W Binder  : 	at android.app.UiAutomationConnection.shutdown(UiAutomationConnection.java:547)
06-24 03:01:11.639  7159  7171 W Binder  : 	at android.app.IUiAutomationConnection$Stub.onTransact(IUiAutomationConnection.java:402)
06-24 03:01:11.639  7159  7171 W Binder  : 	at android.os.Binder.execTransactInternal(Binder.java:1344)
06-24 03:01:11.639  7159  7171 W Binder  : 	at android.os.Binder.execTransact(Binder.java:1275)
06-24 03:01:11.827     0     0 I init    : starting service 'artd'...
06-24 03:01:11.642   522  1991 V ActivityManager: Got obituary of 7172:dev.mobile.maestro
06-24 03:01:11.644  7159  7159 I app_process: System.exit called, status: 0
06-24 03:01:11.644  7159  7159 I AndroidRuntime: VM exiting with result code 0.
06-24 03:01:11.653   337   337 I Zygote  : Process 7172 exited due to signal 9 (Killed)
06-24 03:01:11.655   522  1098 W WindowMagnificationMgr: requestConnection duplicated request: connect=false, mConnectionState=DISCONNECTED
06-24 03:01:11.655  1649  1684 I AiAiEcho: Settings changed for uri: content://settings/secure/accessibility_enabled
06-24 03:01:11.655   522  1098 W WindowMagnificationMgr: requestConnection duplicated request: connect=false, mConnectionState=DISCONNECTED
06-24 03:01:11.655   522  2951 W WindowMagnificationMgr: requestConnection duplicated request: connect=false, mConnectionState=DISCONNECTED
06-24 03:01:11.655   522  2951 V UiAutomationManager: UiAutomation service owner died
06-24 03:01:11.655  1649  1882 I AiAiEcho: Predicting[0]: 
06-24 03:01:11.655  1649  1882 I AiAiEcho: EchoTargets: 
06-24 03:01:11.655  1649  1882 I AiAiEcho: Filtered by AiAi flag check: 
06-24 03:01:11.655  1649  1882 I AiAiEcho: Ranked targets strategy: SORT, count: 0, ranking metadata: 
06-24 03:01:11.846     0     0 I init    : ... started service 'artd' has pid 7532
06-24 03:01:11.847     0     0 I init    : Control message: Processed ctl.interface_start for 'aidl/artd' from pid: 133 (/system/bin/servicemanager)
06-24 03:01:11.849     0     0 I init    : Untracked pid 7159 exited with status 0
06-24 03:01:11.655  1649  1882 I AiAiEcho: Predicting[0]: 
06-24 03:01:11.655  1649  1882 I AiAiEcho: EchoTargets: 
06-24 03:01:11.655  1649  1882 I AiAiEcho: Filtered by AiAi flag check: 
06-24 03:01:11.656  1649  1882 I AiAiEcho: Ranked targets strategy: SORT, count: 0, ranking metadata: 
06-24 03:01:11.661  1649  1882 I AiAiEcho: #postPredictionTargets: Sending updates to UISurface lockscreen with targets# 0 (types=[])
06-24 03:01:11.661  1649  1882 I AiAiEcho: #postPredictionTargets: Sending updates to UISurface home with targets# 0 (types=[])
06-24 03:01:11.661  1784  2249 I A       : NGA enabled in interactor.
06-24 03:01:11.661  1784  2249 I A       : Nga state changed to NgaStateDetails{state=ENABLED, isSpecialExperience=false}
06-24 03:01:11.851     0     0 I init    : Untracked pid 7159 did not have an associated service entry and will not be reaped
06-24 03:01:11.664   839   839 W PageIndicator: Total number of pages invalid: 0. Assuming 1 page.
06-24 03:01:11.665  1655  4947 I A       : Initializing all components
06-24 03:01:11.665  1655  2333 I A       : onIsEnabledChanged, isEnabled: false
06-24 03:01:11.666  1649  2479 I AiAiEcho: Settings changed for uri: content://settings/secure/accessibility_enabled
06-24 03:01:11.666   522   522 D BatterySaverPolicy: accessibility changed to false, updating policy.
06-24 03:01:11.666  1655  2333 W A       : Disposing empty manager. Did you forgot to subscribe observables?
06-24 03:01:11.667  1655  2333 W A       : Disposing empty manager. Did you forgot to subscribe observables?
06-24 03:01:11.667  1655  2333 W A       : Disposing empty manager. Did you forgot to subscribe observables?
06-24 03:01:11.667  1655  2333 W A       : Disposing empty manager. Did you forgot to subscribe observables?
06-24 03:01:11.667  1649  1882 I AiAiEcho: Predicting[0]: 
06-24 03:01:11.667  1655  2333 W A       : Disposing empty manager. Did you forgot to subscribe observables?
06-24 03:01:11.667  1649  1882 I AiAiEcho: EchoTargets: 
06-24 03:01:11.667  1649  1882 I AiAiEcho: Filtered by AiAi flag check: 
06-24 03:01:11.667  1655  2333 W A       : Disposing empty manager. Did you forgot to subscribe observables?
06-24 03:01:11.667  1655  2333 W A       : Disposing empty manager. Did you forgot to subscribe observables?
06-24 03:01:11.667  1649  1882 I AiAiEcho: Ranked targets strategy: SORT, count: 0, ranking metadata: 
06-24 03:01:11.667  1655  2333 W A       : Disposing empty manager. Did you forgot to subscribe observables?
06-24 03:01:11.667  1655  2333 W A       : Disposing empty manager. Did you forgot to subscribe observables?
06-24 03:01:11.667  1655  2333 W A       : Disposing empty manager. Did you forgot to subscribe observables?
06-24 03:01:11.667  1655  2333 I A       : onOpaVisibilityChanged: false
06-24 03:01:11.667  1649  1882 I AiAiEcho: Predicting[0]: 
06-24 03:01:11.667  1655  2333 W A       : Disposing empty manager. Did you forgot to subscribe observables?
06-24 03:01:11.667  1649  1882 I AiAiEcho: EchoTargets: 
06-24 03:01:11.667  1649  1882 I AiAiEcho: Filtered by AiAi flag check: 
06-24 03:01:11.667  1655  2333 W A       : Disposing empty manager. Did you forgot to subscribe observables?
06-24 03:01:11.667  1655  2333 W A       : Disposing empty manager. Did you forgot to subscribe observables?
06-24 03:01:11.667  1649  1882 I AiAiEcho: Ranked targets strategy: SORT, count: 0, ranking metadata: 
06-24 03:01:11.667  1655  2333 W A       : Disposing empty manager. Did you forgot to subscribe observables?
06-24 03:01:11.667  1655  2333 W A       : Disposing empty manager. Did you forgot to subscribe observables?
06-24 03:01:11.667  1655  2333 W A       : Disposing empty manager. Did you forgot to subscribe observables?
06-24 03:01:11.667  1649  1882 I AiAiEcho: #postPredictionTargets: Sending updates to UISurface lockscreen with targets# 0 (types=[])
06-24 03:01:11.667  1649  1882 I AiAiEcho: #postPredictionTargets: Sending updates to UISurface home with targets# 0 (types=[])
06-24 03:01:11.667  1655  2333 I A       : Setting session to type: NO_SESSION
06-24 03:01:11.671  1655  2333 W A       : Disposing empty manager. Did you forgot to subscribe observables?
06-24 03:01:11.671  1655  2333 W A       : Disposing empty manager. Did you forgot to subscribe observables?
06-24 03:01:11.671  1655  2333 W A       : Disposing empty manager. Did you forgot to subscribe observables?
06-24 03:01:11.671  1655  2333 W A       : Disposing empty manager. Did you forgot to subscribe observables?
06-24 03:01:11.671  1655  2333 W A       : Disposing empty manager. Did you forgot to subscribe observables?
06-24 03:01:11.671  1655  2333 W A       : Disposing empty manager. Did you forgot to subscribe observables?
06-24 03:01:11.671  1655  2333 W A       : Disposing empty manager. Did you forgot to subscribe observables?
06-24 03:01:11.671  1655  2333 W A       : Disposing empty manager. Did you forgot to subscribe observables?
06-24 03:01:11.671  1655  2333 I A       : setNavBarVisible: GestureNavBarVisible{navbarVisible=true}
06-24 03:01:11.671  1655  2333 W A       : Disposing empty manager. Did you forgot to subscribe observables?
06-24 03:01:11.671  1655  2333 W A       : Disposing empty manager. Did you forgot to subscribe observables?
06-24 03:01:11.671  1655  2333 W A       : Disposing empty manager. Did you forgot to subscribe observables?
06-24 03:01:11.671  1655  2333 W A       : Disposing empty manager. Did you forgot to subscribe observables?
06-24 03:01:11.671  1655  2333 W A       : Disposing empty manager. Did you forgot to subscribe observables?
06-24 03:01:11.673  1655  4947 I A       : APA or Classic session decision: SessionDecision(sessionVariance=CLASSIC, platformVariance=CLASSIC, justification=CURRENT_PLATFORM_VARIANCE).
06-24 03:01:11.673  1655  4947 I A       : [Memory] eligibility: StashEligibility{6}
06-24 03:01:11.674   839   839 W PageIndicator: Total number of pages invalid: 0. Assuming 1 page.
06-24 03:01:11.674  1655  2333 W A       : Disposing empty manager. Did you forgot to subscribe observables?
06-24 03:01:11.674  1655  2333 I A       : onDisabled. Registered: false
06-24 03:01:11.674  1655  2333 I A       : on opa visibility changed false
06-24 03:01:11.674  1655  2333 I A       : on opa visibility changed false
06-24 03:01:11.677  1655  2333 I A       : State changed: IDLE => IDLE by NGA_STATE_CHANGED and N/A with Optional.empty
06-24 03:01:11.677  1655  2333 I A       : Recognizer choice: (recognizer_type: 1, recognizer_mode: 1, choice_reason: 4)
06-24 03:01:11.678  1655  2333 I A       : onActiveStateChangeEvent: IDLE => IDLE
06-24 03:01:11.679  1655  2333 I A       : #onActiveStateChangeEvent, newState: IDLE, previousState: IDLE.
06-24 03:01:11.679   522  2742 D CompatibilityChangeReporter: Compat change id reported: 197654537; UID 10192; state: ENABLED
06-24 03:01:11.681  7532  7532 I artd    : Starting artd
06-24 03:01:11.682  1655  2333 I NgaEntryPointEventSendr: setupConnection
06-24 03:01:11.682  1655  2296 I A       : Initialize
06-24 03:01:11.683  1655  2296 I A       : stopListening(NGA_PAUSED_UNKNOWN_REASON, NGA_CREATE), idleOverride=NOT_LISTENING
06-24 03:01:11.684   522  2742 W ProcessStats: Tracking association SourceState{dab005c com.google.android.googlequicksearchbox:interactor/10132 BFgs #15224} whose proc state 4 is better than process ProcessState{d38c9c1 com.google.android.googlequicksearchbox:search/10132 pkg=com.google.android.googlequicksearchbox} proc state 6 (11 skipped)
06-24 03:01:11.684  1784  1784 I A       : Creating pss binder().
06-24 03:01:11.685  7532  7532 I AidlLazyServiceRegistrar: Registering service artd
06-24 03:01:11.687  1655  2333 I NgaEntryPointEventSendr: State changed: Disconnected => Connecting
06-24 03:01:11.687  1655  2333 I NgaEntryPointEventSendr: onServiceConnected
06-24 03:01:11.875     0     0 I BpBinder: onLastStrongRef automatically unlinking death recipients:
06-24 03:01:11.687  1784  1927 I A       : Calling beginBinderSession().
06-24 03:01:11.690  1784  1927 I A       : beginBinderSession(): calling binder
06-24 03:01:11.877     0     0 I servicemanager: Notifying artd they do (previously: don't) have clients when service is guaranteed to be in use
06-24 03:01:11.692  1655  2296 I A       : Successfully initialized all components
06-24 03:01:11.692  7532  7538 I AidlLazyServiceRegistrar: Process has 1 (of 1 available) client(s) in use after notification artd has clients: 1
06-24 03:01:11.693  1655  2333 I NgaEntryPointEventSendr: State changed: Connecting => Ready
06-24 03:01:11.699  1655  1655 V ClearcutMetricXmitter: Transmission is done.
06-24 03:01:11.909     0     0 I logd    : start watching /data/system/packages.list ...
06-24 03:01:11.910     0     0 I logd    : ReadPackageList, total packages: 201
06-24 03:01:11.728   522   574 D PackageManager: Instant App installer not found with android.intent.action.INSTALL_INSTANT_APP_PACKAGE
06-24 03:01:11.728   522   574 D PackageManager: Clear ephemeral installer activity
06-24 03:01:11.729   522  3313 E TaskPersister: File error accessing recents directory (directory doesn't exist?).
06-24 03:01:11.733   522  1098 W ActivityManager: Unable to start service Intent { cmp=com.google.android.apps.tachyon/.clientapi.ClientApiService } U=0: not found
06-24 03:01:11.734  1784  4646 I PBSessionCacheImpl: Deleted sessionId[7847897245595134] from persistence.
06-24 03:01:11.734  1784  2330 W CorpusConfigHelper: Invalid input from icing corpus JSON flag.
06-24 03:01:11.734  1784  2330 W CorpusConfigHelper: android.util.MalformedJsonException: Use JsonReader.setLenient(true) to accept malformed JSON at line 123 column 2
06-24 03:01:11.734  1784  2330 W CorpusConfigHelper: 	at android.util.JsonReader.syntaxError(JsonReader.java:1162)
06-24 03:01:11.734  1784  2330 W CorpusConfigHelper: 	at android.util.JsonReader.checkLenient(JsonReader.java:840)
06-24 03:01:11.734  1784  2330 W CorpusConfigHelper: 	at android.util.JsonReader.nextInArray(JsonReader.java:615)
06-24 03:01:11.734  1784  2330 W CorpusConfigHelper: 	at android.util.JsonReader.peek(JsonReader.java:345)
06-24 03:01:11.734  1784  2330 W CorpusConfigHelper: 	at android.util.JsonReader.hasNext(JsonReader.java:321)
06-24 03:01:11.734  1784  2330 W CorpusConfigHelper: 	at com.google.android.apps.gsa.searchbox.c.b.b.k.c(PG:7)
06-24 03:01:11.734  1784  2330 W CorpusConfigHelper: 	at com.google.android.apps.gsa.searchbox.c.b.b.k.<init>(PG:5)
06-24 03:01:11.734  1784  2330 W CorpusConfigHelper: 	at com.google.android.apps.gsa.staticplugins.searchboxroot.features.n.a.c.<init>(PG:16)
06-24 03:01:11.734  1784  2330 W CorpusConfigHelper: 	at com.google.android.apps.gsa.staticplugins.searchboxroot.b.a(PG:14)
06-24 03:01:11.734  1784  2330 W CorpusConfigHelper: 	at com.google.android.apps.gsa.staticplugins.searchboxroot.x.<init>(PG:7)
06-24 03:01:11.734  1784  2330 W CorpusConfigHelper: 	at com.google.android.apps.gsa.binaries.velvet.app.akd.b(PG:15)
06-24 03:01:11.734  1784  2330 W CorpusConfigHelper: 	at dagger.a.e.b(PG:1)
06-24 03:01:11.734  1784  2330 W CorpusConfigHelper: 	at com.google.android.apps.gsa.staticplugins.searchboxroot.a.a.a(PG:3)
06-24 03:01:11.734  1784  2330 W CorpusConfigHelper: 	at com.google.android.apps.gsa.binaries.velvet.app.ok.f(Unknown Source:2541)
06-24 03:01:11.734  1784  2330 W CorpusConfigHelper: 	at com.google.android.apps.gsa.binaries.velvet.app.ok.b(PG:1)
06-24 03:01:11.734  1784  2330 W CorpusConfigHelper: 	at com.google.android.apps.gsa.search.core.service.g.a.c.a(PG:2)
06-24 03:01:11.734  1784  2330 W CorpusConfigHelper: 	at com.google.android.libraries.gsa.k.a.f.a(PG:2)
06-24 03:01:11.734  1784  2330 W CorpusConfigHelper: 	at com.google.common.util.concurrent.dx.a(PG:1)
06-24 03:01:11.734  1784  2330 W CorpusConfigHelper: 	at com.google.common.util.concurrent.cv.run(PG:4)
06-24 03:01:11.734  1784  2330 W CorpusConfigHelper: 	at com.google.common.util.concurrent.dz.run(PG:1)
06-24 03:01:11.734  1784  2330 W CorpusConfigHelper: 	at com.google.android.libraries.i.ae.run(PG:1)
06-24 03:01:11.734  1784  2330 W CorpusConfigHelper: 	at java.util.concurrent.ThreadPoolExecutor.runWorker(ThreadPoolExecutor.java:1145)
06-24 03:01:11.734  1784  2330 W CorpusConfigHelper: 	at java.util.concurrent.ThreadPoolExecutor$Worker.run(ThreadPoolExecutor.java:644)
06-24 03:01:11.734  1784  2330 W CorpusConfigHelper: 	at com.google.android.libraries.i.k.run(PG:2)
06-24 03:01:11.734  1784  2330 W CorpusConfigHelper: 	at com.google.android.libraries.i.p.run(PG:4)
06-24 03:01:11.734  1784  2330 W CorpusConfigHelper: 	at java.lang.Thread.run(Thread.java:1012)
06-24 03:01:11.739  1784  2509 W SearchServiceCore: Abort, client detached.
06-24 03:01:11.740  1784  2509 I MicroDetectionState: Should stop hotword detection immediately - true
06-24 03:01:11.741  1784  2509 I A       : Using proto config with mendel
06-24 03:01:11.741  1784  2509 I A       : Using proto config with mendel
06-24 03:01:11.742   522  1098 D ActivityManager: sync unfroze 5942 com.google.android.gms for 6
06-24 03:01:11.743  1655  2333 I NgaEntryPointEventSendr: State changed: Ready => Disconnected (onOpaDisconnected)
06-24 03:01:11.762   522   574 I ActivityManager: Force stopping dev.mobile.maestro appid=10197 user=0: pkg removed
06-24 03:01:11.765  5942  6048 I Icing   : IndexChimeraService.getServiceInterface callingPackage=com.google.android.googlequicksearchbox componentName=null serviceId=36
06-24 03:01:11.778   522   758 W WifiService: Couldn't get PackageInfo for package:dev.mobile.maestro
06-24 03:01:11.778   522   758 D WifiService: Remove settings for package:dev.mobile.maestro
06-24 03:01:11.778   522   758 D WifiConfigManager: Remove all networks for app ApplicationInfo{de578e3 dev.mobile.maestro}
06-24 03:01:11.780  1049  1049 D CarrierSvcBindHelper: onPackageRemoved: dev.mobile.maestro
06-24 03:01:11.780  1049  1049 D CarrierSvcBindHelper: No carrier app for: 0
06-24 03:01:11.782   522   773 E AppOps  : attributionTag VCN not declared in manifest of android
06-24 03:01:11.785   522   633 V StorageManagerService: Package dev.mobile.maestro does not have legacy storage
06-24 03:01:11.787   522   625 I InputReader: Reconfiguring input devices, changes=KEYBOARD_LAYOUTS
06-24 03:01:11.787  4206  4206 V MediaPlayerList: mPackageChangedBroadcastReceiver: action: android.intent.action.PACKAGE_REMOVED
06-24 03:01:11.787   522   758 D WifiConfigStore: Writing to stores completed in 8 ms.
06-24 03:01:11.787   522   758 I PasspointManager: No app ops listener found for dev.mobile.maestro
06-24 03:01:11.790  4206  4206 V MediaPlayerList: mPackageChangedBroadcastReceiver: action: android.intent.action.PACKAGE_REMOVED
06-24 03:01:11.795   522   522 D ActivityManager: sync unfroze 1050 com.android.settings for 10
06-24 03:01:11.796   522   522 D ActivityManager: sync unfroze 1865 com.android.keychain for 10
06-24 03:01:11.796   522   522 D ActivityManager: sync unfroze 3580 com.android.dynsystem:dynsystem for 10
06-24 03:01:11.797   522   522 D ActivityManager: sync unfroze 3516 com.android.dynsystem for 10
06-24 03:01:11.798   522   522 D ActivityManager: sync unfroze 2351 com.android.localtransport for 10
06-24 03:01:11.798   839   883 D StylusManager: Stylus InputDevice changed: 12 virtio_input_multi_touch_9
06-24 03:01:11.806  5942  5942 D BoundBrokerSvc: onBind: Intent { act=com.google.android.gms.feedback.internal.IFeedbackService dat=chimera-action:/... cmp=com.google.android.gms/.chimera.GmsBoundBrokerService }
06-24 03:01:11.806  5942  5942 D BoundBrokerSvc: Loading bound service for intent: Intent { act=com.google.android.gms.feedback.internal.IFeedbackService dat=chimera-action:/... cmp=com.google.android.gms/.chimera.GmsBoundBrokerService }
06-24 03:01:11.809   522   535 D CompatibilityChangeReporter: Compat change id reported: 161252188; UID 10192; state: DISABLED
06-24 03:01:11.812   522   614 I RoleService: Granting default roles...
06-24 03:01:11.815  5942  7195 I Icing   : Usage reports ok 1, Failed Usage reports 0, indexed 0, rejected 0
06-24 03:01:11.820   839   883 D StylusManager: Stylus InputDevice changed: 10 virtio_input_multi_touch_7
06-24 03:01:11.821  1612  1612 W MediaProvider: WorkProfileOwnerApps cache is empty
06-24 03:01:11.823   522   608 I RollbackManager: broadcast=ACTION_PACKAGE_FULLY_REMOVED pkg=dev.mobile.maestro
06-24 03:01:11.823   522   522 I Telecom : CarModeTracker: Package dev.mobile.maestro is not tracked.: SSH.oR@AW8🔒
06-24 03:01:11.823   522   522 I Telecom : InCallController: updateCarModeForConnections: car mode apps: : SSH.oR@AW8🔒
06-24 03:01:11.823   522   522 I Telecom : InCallController: update carmode current:UserHandle{0} parent:null: SSH.oR@AW8🔒
06-24 03:01:11.824   522   758 W WifiService: Couldn't get PackageInfo for package:dev.mobile.maestro
06-24 03:01:11.824   522   758 D WifiService: Remove settings for package:dev.mobile.maestro
06-24 03:01:11.824   522   758 D WifiConfigManager: Remove all networks for app ApplicationInfo{c5ae6e dev.mobile.maestro}
06-24 03:01:11.825   522   522 I ConditionProviders: Disallowing condition provider dev.mobile.maestro (userSet: true)
06-24 03:01:11.827   839   883 D StylusManager: Stylus InputDevice changed: 9 virtio_input_multi_touch_6
06-24 03:01:11.827   522   758 D WifiConfigStore: Writing to stores completed in 3 ms.
06-24 03:01:11.827   522   758 I PasspointManager: No app ops listener found for dev.mobile.maestro
06-24 03:01:11.827   839   883 D StylusManager: Stylus InputDevice changed: 6 virtio_input_multi_touch_3
06-24 03:01:11.830   839   883 D StylusManager: Stylus InputDevice changed: 11 virtio_input_multi_touch_8
06-24 03:01:11.830   839   883 D StylusManager: Stylus InputDevice changed: 4 virtio_input_multi_touch_1
06-24 03:01:11.831   839   883 D StylusManager: Stylus InputDevice changed: 13 virtio_input_multi_touch_10
06-24 03:01:11.832   522   551 D ActivityManager: sync unfroze 2963 com.android.chrome for 3
06-24 03:01:11.844   522   614 D ActivityManager: sync unfroze 852 com.google.android.permissioncontroller for 6
06-24 03:01:11.851   522   551 I ActivityManager: Force stopping dev.mobile.maestro.test appid=10198 user=-1: deletePackageX
06-24 03:01:11.851   522   551 E libprocessgroup: No such cgroup attribute: /sys/fs/cgroup/uid_4294877494/cgroup.freeze
06-24 03:01:11.851   522   551 W libprocessgroup: Failed to apply Frozen process profile: No such file or directory
06-24 03:01:11.858   522   551 E libprocessgroup: No such cgroup attribute: /sys/fs/cgroup/uid_4294877494/cgroup.freeze
06-24 03:01:11.859   522   551 W libprocessgroup: Failed to apply Unfrozen process profile: No such file or directory
06-24 03:01:11.876   839   883 D StylusManager: Stylus InputDevice changed: 7 virtio_input_multi_touch_4
06-24 03:01:11.898   839   883 D StylusManager: Stylus InputDevice changed: 5 virtio_input_multi_touch_2
06-24 03:01:11.904   839   839 D ControlsListingControllerImpl: ServiceConfig reloaded, count: 0
06-24 03:01:11.906   839   883 D StylusManager: Stylus InputDevice changed: 8 virtio_input_multi_touch_5
06-24 03:01:11.914   839   883 D StylusManager: Stylus InputDevice changed: 14 virtio_input_multi_touch_11
06-24 03:01:11.918   522   531 I system_server: Background concurrent copying GC freed 408230(17MB) AllocSpace objects, 29(972KB) LOS objects, 45% free, 28MB/52MB, paused 108us,83us total 174.573ms
06-24 03:01:11.920   336   371 I netd    : tetherGetStats() -> {[]} <0.32ms>
06-24 03:01:11.924   522   551 D ActivityManager: sync unfroze 3096 com.google.android.documentsui for 3
06-24 03:01:12.124     0     0 I logd    : start watching /data/system/packages.list ...
06-24 03:01:12.125     0     0 I logd    : ReadPackageList, total packages: 200
06-24 03:01:11.939   522   550 W WindowMagnificationMgr: requestConnection duplicated request: connect=false, mConnectionState=DISCONNECTED
06-24 03:01:11.946  1612  2096 I MediaProvider: Begin Intent { act=android.intent.action.PACKAGE_FULLY_REMOVED dat=package: flg=0x5000010 cmp=com.google.android.providers.media.module/com.android.providers.media.MediaService (has extras) }
06-24 03:01:11.946  1612  2096 D MediaProvider: Deleted 0 Android/media items belonging to dev.mobile.maestro on /data/user/0/com.google.android.providers.media.module/databases/external.db
06-24 03:01:11.946   522  2941 E AtomicFile: Failed to rename /data/system/cachequota.xml.new to /data/system/cachequota.xml
06-24 03:01:11.947   396   396 D AF::TrackHandle: OpPlayAudio: track:55 usage:13 not muted
06-24 03:01:11.947   396   396 D AF::TrackHandle: OpPlayAudio: track:55 usage:13 not muted
06-24 03:01:11.947   396   396 D AF::TrackHandle: OpPlayAudio: track:55 usage:13 not muted
06-24 03:01:11.947   396   396 D AF::TrackHandle: OpPlayAudio: track:55 usage:13 not muted
06-24 03:01:11.947   396   396 D AF::TrackHandle: OpPlayAudio: track:55 usage:13 not muted
06-24 03:01:11.947   396   396 D AF::TrackHandle: OpPlayAudio: track:55 usage:13 not muted
06-24 03:01:11.948   396   396 D AF::TrackHandle: OpPlayAudio: track:55 usage:13 not muted
06-24 03:01:11.948   396   396 D AF::TrackHandle: OpPlayAudio: track:55 usage:13 not muted
06-24 03:01:11.948   396   396 D AF::TrackHandle: OpPlayAudio: track:55 usage:13 not muted
06-24 03:01:11.948   396   396 D AF::TrackHandle: OpPlayAudio: track:55 usage:13 not muted
06-24 03:01:11.948   396   396 D AF::TrackHandle: OpPlayAudio: track:55 usage:13 not muted
06-24 03:01:11.948   396   396 D AF::TrackHandle: OpPlayAudio: track:55 usage:13 not muted
06-24 03:01:11.948   396   396 D AF::TrackHandle: OpPlayAudio: track:55 usage:13 not muted
06-24 03:01:11.948   396   396 D AF::TrackHandle: OpPlayAudio: track:55 usage:13 not muted
06-24 03:01:11.948   396   396 D AF::TrackHandle: OpPlayAudio: track:55 usage:13 not muted
06-24 03:01:11.948   396   396 D AF::TrackHandle: OpPlayAudio: track:55 usage:13 not muted
06-24 03:01:11.953  1612  2096 D MediaGrants: Removed 0 media_grants for 0 user for dev.mobile.maestro. Reason: Package orphaned
06-24 03:01:11.953   522   551 D ActivityManager: sync unfroze 1868 android.process.media for 3
06-24 03:01:11.960   522  2535 D SafetySourceDataValidator: No cert check requested for package com.google.android.permissioncontroller
06-24 03:01:11.962   852   852 D PersistedStoragePackageUninstalledReceiver: Received android.intent.action.PACKAGE_FULLY_REMOVED for dev.mobile.maestro for u0
06-24 03:01:11.967   852  7561 E RoleControllerServiceImpl: Default/fallback role holder package doesn't qualify for the role, package: com.google.android.gms.supervision, role: android.app.role.SYSTEM_SUPERVISION
06-24 03:01:11.969  1612  2096 I MediaProvider: End Intent { act=android.intent.action.PACKAGE_FULLY_REMOVED dat=package: flg=0x5000010 cmp=com.google.android.providers.media.module/com.android.providers.media.MediaService (has extras) }
06-24 03:01:11.969  5942  5942 D BoundBrokerSvc: onBind: Intent { act=com.google.android.gms.common.BIND_SHARED_PREFS pkg=com.google.android.gms }
06-24 03:01:11.969  5942  5942 D BoundBrokerSvc: Loading bound service for intent: Intent { act=com.google.android.gms.common.BIND_SHARED_PREFS pkg=com.google.android.gms }
06-24 03:01:11.969   852  7561 I Role    : com.google.android.gms not qualified for android.app.role.SYSTEM_CALL_STREAMING due to missing RequiredComponent{mIntentFilterData=IntentFilterData{mAction='android.telecom.CallStreamingService', mCategories='[]', mDataScheme='null', mDataType='null'}, mMinTargetSdkVersion=1, mFlags='0', mPermission='android.permission.BIND_CALL_STREAMING_SERVICE', mQueryFlags=0, mMetaData=[]}
06-24 03:01:11.969   852  7561 E RoleControllerServiceImpl: Default/fallback role holder package doesn't qualify for the role, package: com.google.android.gms, role: android.app.role.SYSTEM_CALL_STREAMING
06-24 03:01:11.970  5942  5942 D BoundBrokerSvc: onUnbind: Intent { act=com.google.android.gms.common.BIND_SHARED_PREFS pkg=com.google.android.gms }
06-24 03:01:11.971   852  7561 W Role    : Default holder doesn't have required signing certificate: com.google.android.apps.work.clouddpc:23962F4B43B9857638EA66F4D419518EAE282491ACDA4B94707BD59003C45E58
06-24 03:01:11.976   522   574 D PackageManager: Instant App installer not found with android.intent.action.INSTALL_INSTANT_APP_PACKAGE
06-24 03:01:11.976   522   574 D PackageManager: Clear ephemeral installer activity
06-24 03:01:11.977   522  3313 E TaskPersister: File error accessing recents directory (directory doesn't exist?).
06-24 03:01:11.991  5939  7572 I ProximityAuth: [RecentAppsMediator] Package removed: (user=UserHandle{0}) dev.mobile.maestro
06-24 03:01:11.994  5939  7572 I Fitness : FitCleanupIntentOperation received Intent android.intent.action.PACKAGE_REMOVED [CONTEXT service_id=17 ]
06-24 03:01:11.998  5942  7575 I BlockstoreStorage: Clearing all the Blockstore Data for package dev.mobile.maestro [CONTEXT service_id=258 ]
06-24 03:01:12.001   522   574 I ActivityManager: Force stopping dev.mobile.maestro.test appid=10198 user=0: pkg removed
06-24 03:01:12.001   522   574 E libprocessgroup: No such cgroup attribute: /sys/fs/cgroup/uid_10198/cgroup.freeze
06-24 03:01:12.001   522   574 W libprocessgroup: Failed to apply Frozen process profile: No such file or directory
06-24 03:01:12.002  5942  7195 I ContentMaintenance: Internal cache bytes used: 0; limit: 100000000; download size: 0
06-24 03:01:12.004   522   574 E libprocessgroup: No such cgroup attribute: /sys/fs/cgroup/uid_10198/cgroup.freeze
06-24 03:01:12.004   522   574 W libprocessgroup: Failed to apply Unfrozen process profile: No such file or directory
06-24 03:01:12.014  1049  1049 D CarrierSvcBindHelper: onPackageRemoved: dev.mobile.maestro.test
06-24 03:01:12.014  1049  1049 D CarrierSvcBindHelper: No carrier app for: 0
06-24 03:01:12.015   522   758 W WifiService: Couldn't get PackageInfo for package:dev.mobile.maestro.test
06-24 03:01:12.016   522   758 D WifiService: Remove settings for package:dev.mobile.maestro.test
06-24 03:01:12.016   522   758 D WifiConfigManager: Remove all networks for app ApplicationInfo{8b48fa2 dev.mobile.maestro.test}
06-24 03:01:12.017   522   773 E AppOps  : attributionTag VCN not declared in manifest of android
06-24 03:01:12.020   522   758 D WifiConfigStore: Writing to stores completed in 3 ms.
06-24 03:01:12.020   522   758 I PasspointManager: No app ops listener found for dev.mobile.maestro.test
06-24 03:01:12.021   522   633 V StorageManagerService: Package dev.mobile.maestro.test does not have legacy storage
06-24 03:01:12.022  5942  7575 I BlockstoreStorage: Clearing all the Blockstore Data for 1 packages [CONTEXT service_id=258 ]
06-24 03:01:12.023  5942  6048 I Icing   : IndexChimeraService.getServiceInterface callingPackage=com.google.android.gms componentName=null serviceId=30
06-24 03:01:12.024  4206  4206 V MediaPlayerList: mPackageChangedBroadcastReceiver: action: android.intent.action.PACKAGE_REMOVED
06-24 03:01:12.025  4206  4206 V MediaPlayerList: mPackageChangedBroadcastReceiver: action: android.intent.action.PACKAGE_REMOVED
06-24 03:01:12.027   522   625 I InputReader: Reconfiguring input devices, changes=KEYBOARD_LAYOUTS
06-24 03:01:12.033   522   522 I Telecom : CarModeTracker: Package dev.mobile.maestro.test is not tracked.: SSH.oR@AXI🔒
06-24 03:01:12.033   522   522 I Telecom : InCallController: updateCarModeForConnections: car mode apps: : SSH.oR@AXI🔒
06-24 03:01:12.033   522   522 I Telecom : InCallController: update carmode current:UserHandle{0} parent:null: SSH.oR@AXI🔒
06-24 03:01:12.034   522   522 I ConditionProviders: Disallowing condition provider dev.mobile.maestro.test (userSet: true)
06-24 03:01:12.034  5942  6454 I Icing   : doRemovePackageData dev.mobile.maestro
06-24 03:01:12.036   839   883 D StylusManager: Stylus InputDevice changed: 12 virtio_input_multi_touch_9
06-24 03:01:12.038   839   883 D StylusManager: Stylus InputDevice changed: 10 virtio_input_multi_touch_7
06-24 03:01:12.041   396   416 D AF::TrackHandle: OpPlayAudio: track:55 usage:13 not muted
06-24 03:01:12.041   396   416 D AF::TrackHandle: OpPlayAudio: track:55 usage:13 not muted
06-24 03:01:12.041   396   416 D AF::TrackHandle: OpPlayAudio: track:55 usage:13 not muted
06-24 03:01:12.041   396   416 D AF::TrackHandle: OpPlayAudio: track:55 usage:13 not muted
06-24 03:01:12.041   396   416 D AF::TrackHandle: OpPlayAudio: track:55 usage:13 not muted
06-24 03:01:12.041   396   416 D AF::TrackHandle: OpPlayAudio: track:55 usage:13 not muted
06-24 03:01:12.041  1612  1612 W MediaProvider: WorkProfileOwnerApps cache is empty
06-24 03:01:12.041   396   416 D AF::TrackHandle: OpPlayAudio: track:55 usage:13 not muted
06-24 03:01:12.041   396   416 D AF::TrackHandle: OpPlayAudio: track:55 usage:13 not muted
06-24 03:01:12.041   396   416 D AF::TrackHandle: OpPlayAudio: track:55 usage:13 not muted
06-24 03:01:12.042   396   416 D AF::TrackHandle: OpPlayAudio: track:55 usage:13 not muted
06-24 03:01:12.042   396   416 D AF::TrackHandle: OpPlayAudio: track:55 usage:13 not muted
06-24 03:01:12.042   396   416 D AF::TrackHandle: OpPlayAudio: track:55 usage:13 not muted
06-24 03:01:12.042   396   416 D AF::TrackHandle: OpPlayAudio: track:55 usage:13 not muted
06-24 03:01:12.043   396   416 D AF::TrackHandle: OpPlayAudio: track:55 usage:13 not muted
06-24 03:01:12.043   396   416 D AF::TrackHandle: OpPlayAudio: track:55 usage:13 not muted
06-24 03:01:12.043   396   416 D AF::TrackHandle: OpPlayAudio: track:55 usage:13 not muted
06-24 03:01:12.044  5942  7570 W SQLiteLog: (28) double-quoted string literal: "dev.mobile.maestro"
06-24 03:01:12.051   839   839 D ControlsListingControllerImpl: ServiceConfig reloaded, count: 0
06-24 03:01:12.053   522   608 I RollbackManager: broadcast=ACTION_PACKAGE_FULLY_REMOVED pkg=dev.mobile.maestro.test
06-24 03:01:12.054   839   883 D StylusManager: Stylus InputDevice changed: 9 virtio_input_multi_touch_6
06-24 03:01:12.056   522   758 W WifiService: Couldn't get PackageInfo for package:dev.mobile.maestro.test
06-24 03:01:12.056   522   758 D WifiService: Remove settings for package:dev.mobile.maestro.test
06-24 03:01:12.056   522   758 D WifiConfigManager: Remove all networks for app ApplicationInfo{8e54780 dev.mobile.maestro.test}
06-24 03:01:12.062   522   758 D WifiConfigStore: Writing to stores completed in 4 ms.
06-24 03:01:12.062   522   758 I PasspointManager: No app ops listener found for dev.mobile.maestro.test
06-24 03:01:12.065  1612  2096 I MediaProvider: Begin Intent { act=android.intent.action.PACKAGE_FULLY_REMOVED dat=package: flg=0x5000010 cmp=com.google.android.providers.media.module/com.android.providers.media.MediaService (has extras) }
06-24 03:01:12.066  1612  2096 D MediaProvider: Deleted 0 Android/media items belonging to dev.mobile.maestro.test on /data/user/0/com.google.android.providers.media.module/databases/external.db
06-24 03:01:12.066  5942  7195 I RealtimeCacheCleanup: Beginning Realtime garbage collection.
06-24 03:01:12.067  1612  2096 D MediaGrants: Removed 0 media_grants for 0 user for dev.mobile.maestro.test. Reason: Package orphaned
06-24 03:01:12.068  1612  2096 I MediaProvider: End Intent { act=android.intent.action.PACKAGE_FULLY_REMOVED dat=package: flg=0x5000010 cmp=com.google.android.providers.media.module/com.android.providers.media.MediaService (has extras) }
06-24 03:01:12.078   522  2951 D SafetySourceDataValidator: No cert check requested for package com.google.android.permissioncontroller
06-24 03:01:12.079  5942  7195 I RealtimeCacheCleanup: Finished Realtime garbage collection.
06-24 03:01:12.080  5939  7579 I ProximityAuth: [RecentAppsMediator] Package removed: (user=UserHandle{0}) dev.mobile.maestro.test
06-24 03:01:12.097   852   852 D PersistedStoragePackageUninstalledReceiver: Received android.intent.action.PACKAGE_FULLY_REMOVED for dev.mobile.maestro.test for u0
06-24 03:01:12.099   839   883 D StylusManager: Stylus InputDevice changed: 6 virtio_input_multi_touch_3
06-24 03:01:12.099  5942  5942 D BoundBrokerSvc: onBind: Intent { act=com.google.android.gms.common.BIND_SHARED_PREFS pkg=com.google.android.gms }
06-24 03:01:12.099  5942  5942 D BoundBrokerSvc: Loading bound service for intent: Intent { act=com.google.android.gms.common.BIND_SHARED_PREFS pkg=com.google.android.gms }
06-24 03:01:12.100   336   371 I netd    : tetherGetStats() -> {[]} <0.26ms>
06-24 03:01:12.100  5942  7574 I BlockstoreStorage: Clearing all the Blockstore Data for package dev.mobile.maestro.test [CONTEXT service_id=258 ]
06-24 03:01:12.100  5942  7574 I BlockstoreStorage: Clearing all the Blockstore Data for 1 packages [CONTEXT service_id=258 ]
06-24 03:01:12.113   839   883 D StylusManager: Stylus InputDevice changed: 11 virtio_input_multi_touch_8
06-24 03:01:12.118  5939  7584 I Fitness : FitCleanupIntentOperation received Intent android.intent.action.PACKAGE_REMOVED [CONTEXT service_id=17 ]
06-24 03:01:12.120  5942  7574 W SQLiteLog: (28) double-quoted string literal: "dev.mobile.maestro.test"
06-24 03:01:12.120  5942  6454 I Icing   : Usage reports ok 0, Failed Usage reports 0, indexed 0, rejected 0
06-24 03:01:12.121  5942  6454 I Icing   : doRemovePackageData dev.mobile.maestro.test
06-24 03:01:12.134   839   883 D StylusManager: Stylus InputDevice changed: 4 virtio_input_multi_touch_1
06-24 03:01:12.136  5942  5942 D BoundBrokerSvc: onUnbind: Intent { act=com.google.android.gms.common.BIND_SHARED_PREFS pkg=com.google.android.gms }
06-24 03:01:12.141   839   883 D StylusManager: Stylus InputDevice changed: 13 virtio_input_multi_touch_10
06-24 03:01:12.145   839   883 D StylusManager: Stylus InputDevice changed: 7 virtio_input_multi_touch_4
06-24 03:01:12.150   839   883 D StylusManager: Stylus InputDevice changed: 5 virtio_input_multi_touch_2
06-24 03:01:12.156   839   883 D StylusManager: Stylus InputDevice changed: 8 virtio_input_multi_touch_5
06-24 03:01:12.167   839   883 D StylusManager: Stylus InputDevice changed: 14 virtio_input_multi_touch_11
06-24 03:01:12.173   522   531 I system_server: Background concurrent copying GC freed 221351(10MB) AllocSpace objects, 28(968KB) LOS objects, 47% free, 26MB/50MB, paused 859us,78us total 196.223ms
06-24 03:01:12.175  5942  6048 I Icing   : IndexChimeraService.getServiceInterface callingPackage=com.google.android.gms componentName=AppsCorpus serviceId=36
06-24 03:01:12.183  5942  7195 I Icing   : Usage reports ok 0, Failed Usage reports 0, indexed 0, rejected 0
06-24 03:01:12.195  1095  1095 D Launcher.Model: package removed received dev.mobile.maestro
06-24 03:01:12.195  1649  1649 I AiAiEcho: AppFetcherImplV2 onPackageRemoved dev.mobile.maestro.
06-24 03:01:12.197  1095  1145 D PackageUpdatedTask: Removing app icondev.mobile.maestro
06-24 03:01:12.200  1095  1145 D ModelWriter: removing items from db . Reason: [removed because the corresponding package or component is removed. mOp=3 removedPackages=[dev.mobile.maestro] removedComponents=[]]
06-24 03:01:12.202   522   550 W WindowMagnificationMgr: requestConnection duplicated request: connect=false, mConnectionState=DISCONNECTED
06-24 03:01:12.208  1649  2017 I AiAiEcho: EchoSearch: WidgetFetcherImpl is initialized with [28] widgets [reason=package removed for userId: 0]
06-24 03:01:12.209  1649  1882 I AiAiEcho: [pnb-agg] Reload pnb aggregation on events deleted
