06-24 03:01:12.210  1649  1882 I AiAiEcho: [pnb-agg] pnb aggregation disabled.
06-24 03:01:12.229  1095  1095 D Launcher.Model: package removed received dev.mobile.maestro.test
06-24 03:01:12.230  1095  1145 D PackageUpdatedTask: Removing app icondev.mobile.maestro.test
06-24 03:01:12.231  1649  1649 I AiAiEcho: AppFetcherImplV2 onPackageRemoved dev.mobile.maestro.test.
06-24 03:01:12.232  5942  7195 I Icing   : Indexing com.google.android.gms-apps from com.google.android.gms
06-24 03:01:12.234  1095  1145 D ModelWriter: removing items from db . Reason: [removed because the corresponding package or component is removed. mOp=3 removedPackages=[dev.mobile.maestro.test] removedComponents=[]]
06-24 03:01:12.235  5942  7195 I Icing   : Indexing done com.google.android.gms-apps
06-24 03:01:12.235  5942  7195 I Icing   : Indexing com.google.android.gms-apps from com.google.android.gms
06-24 03:01:12.235  5942  7195 I Icing   : Indexing done com.google.android.gms-apps
06-24 03:01:12.241  1649  2017 I AiAiEcho: EchoSearch: WidgetFetcherImpl is initialized with [28] widgets [reason=package removed for userId: 0]
06-24 03:01:12.247  1649  1882 I AiAiEcho: [pnb-agg] Reload pnb aggregation on events deleted
06-24 03:01:12.247  1649  1882 I AiAiEcho: [pnb-agg] pnb aggregation disabled.
06-24 03:01:12.268  1655  1655 I GsaVoiceInteractionSrv: O received Intent { act=android.intent.action.PACKAGE_REMOVED dat=package: flg=0x4000010 (has extras) }
06-24 03:01:12.274  1655  1655 I GsaVoiceInteractionSrv: O received Intent { act=android.intent.action.PACKAGE_REMOVED dat=package: flg=0x4000010 (has extras) }
06-24 03:01:12.276  1784  2509 W SearchServiceCore: Abort, client detached.
06-24 03:01:12.305  1529  1695 W AppInfoHelper: <DWB> Application not found: dev.mobile.maestro.test
06-24 03:01:12.305  1529  1695 W AppInfoHelper: android.content.pm.PackageManager$NameNotFoundException: dev.mobile.maestro.test
06-24 03:01:12.305  1529  1695 W AppInfoHelper: 	at android.app.ApplicationPackageManager.getApplicationInfoAsUser(ApplicationPackageManager.java:507)
06-24 03:01:12.305  1529  1695 W AppInfoHelper: 	at android.app.ApplicationPackageManager.getApplicationInfo(ApplicationPackageManager.java:490)
06-24 03:01:12.305  1529  1695 W AppInfoHelper: 	at android.app.ApplicationPackageManager.getApplicationInfo(ApplicationPackageManager.java:484)
06-24 03:01:12.305  1529  1695 W AppInfoHelper: 	at czo.e(PG:2)
06-24 03:01:12.305  1529  1695 W AppInfoHelper: 	at czo.f(PG:7)
06-24 03:01:12.305  1529  1695 W AppInfoHelper: 	at crm.f(PG:14)
06-24 03:01:12.305  1529  1695 W AppInfoHelper: 	at cdm.apply(PG:74)
06-24 03:01:12.305  1529  1695 W AppInfoHelper: 	at j$.util.stream.i.accept(SourceFile:27)
06-24 03:01:12.305  1529  1695 W AppInfoHelper: 	at j$.util.stream.P0.accept(SourceFile:3)
06-24 03:01:12.305  1529  1695 W AppInfoHelper: 	at j$.util.a.forEachRemaining(SourceFile:20)
06-24 03:01:12.305  1529  1695 W AppInfoHelper: 	at j$.util.stream.c.v(SourceFile:21)
06-24 03:01:12.305  1529  1695 W AppInfoHelper: 	at j$.util.stream.c.C(SourceFile:8)
06-24 03:01:12.305  1529  1695 W AppInfoHelper: 	at j$.util.stream.I0.e(SourceFile:1)
06-24 03:01:12.305  1529  1695 W AppInfoHelper: 	at j$.util.stream.c.F(SourceFile:35)
06-24 03:01:12.305  1529  1695 W AppInfoHelper: 	at j$.util.stream.g1.collect(SourceFile:83)
06-24 03:01:12.305  1529  1695 W AppInfoHelper: 	at bsv.a(PG:14)
06-24 03:01:12.305  1529  1695 W AppInfoHelper: 	at jza.a(PG:30)
06-24 03:01:12.305  1529  1695 W AppInfoHelper: 	at jza.a(PG:42)
06-24 03:01:12.305  1529  1695 W AppInfoHelper: 	at lne.a(PG:1)
06-24 03:01:12.305  1529  1695 W AppInfoHelper: 	at lmk.run(PG:4)
06-24 03:01:12.305  1529  1695 W AppInfoHelper: 	at lng.run(PG:1)
06-24 03:01:12.305  1529  1695 W AppInfoHelper: 	at llo.run(PG:3)
06-24 03:01:12.305  1529  1695 W AppInfoHelper: 	at idn.run(PG:5)
06-24 03:01:12.305  1529  1695 W AppInfoHelper: 	at java.util.concurrent.ThreadPoolExecutor.runWorker(ThreadPoolExecutor.java:1145)
06-24 03:01:12.305  1529  1695 W AppInfoHelper: 	at java.util.concurrent.ThreadPoolExecutor$Worker.run(ThreadPoolExecutor.java:644)
06-24 03:01:12.305  1529  1695 W AppInfoHelper: 	at huo.run(PG:51)
06-24 03:01:12.305  1529  1695 W AppInfoHelper: 	at java.lang.Thread.run(Thread.java:1012)
06-24 03:01:12.305  1529  1695 W AppInfoHelper: 	at idx.run(PG:5)
06-24 03:01:12.413   839   839 D TileServices: Couldn't find tile for ComponentInfo{com.google.android.apps.wellbeing/com.google.android.apps.wellbeing.focusmode.quicksettings.FocusModeTileService}(0)
06-24 03:01:12.429  7620  7620 W BpBinder: Linking to death on android.gui.ISurfaceComposer but there are no threads (yet?) listening to incoming transactions. See ProcessState::startThreadPool and ProcessState::setThreadPoolMaxThreadCount. Generally you should setup the binder threadpool before other initialization steps.
06-24 03:01:12.429  7620  7620 W ProcessState: Extra binder thread started, but 0 threads requested. Do not use *startThreadPool when zero threads are requested.
06-24 03:01:12.435   134   134 I hwservicemanager: getTransport: Cannot find entry android.hardware.graphics.mapper@4.0::IMapper/default in either framework or device VINTF manifest.
06-24 03:01:12.435  7620  7621 I Gralloc4: mapper 4.x is not supported
06-24 03:01:12.435   839   839 D TileServices: Couldn't find tile for ComponentInfo{com.google.android.apps.wellbeing/com.google.android.apps.wellbeing.focusmode.quicksettings.FocusModeTileService}(0)
06-24 03:01:12.622     0     0 I servicemanager: Could not find android.hardware.graphics.allocator.IAllocator/default in the VINTF manifest.
06-24 03:01:12.560  7622  7622 D AndroidRuntime: >>>>>> START com.android.internal.os.RuntimeInit uid 2000 <<<<<<
06-24 03:01:12.563  7622  7622 I AndroidRuntime: Using default boot image
06-24 03:01:12.563  7622  7622 I AndroidRuntime: Leaving lock profiling enabled
06-24 03:01:12.565  7622  7622 I app_process: Core platform API reporting enabled, enforcing=false
06-24 03:01:12.565  7622  7622 I app_process: Using CollectorTypeCC GC.
06-24 03:01:12.616  7622  7622 D nativeloader: InitDefaultPublicLibraries for_preload=1: libandroid.so:libaaudio.so:libamidi.so:libbinder_ndk.so:libc.so:libcamera2ndk.so:libdl.so:libEGL.so:libGLESv1_CM.so:libGLESv2.so:libGLESv3.so:libicu.so:libicui18n.so:libicuuc.so:libjnigraphics.so:liblog.so:libmediandk.so:libm.so:libnativehelper.so:libnativewindow.so:libOpenMAXAL.so:libOpenSLES.so:libRS.so:libstdc++.so:libsync.so:libvulkan.so:libwebviewchromium_plat_support.so:libz.so
06-24 03:01:12.623  7622  7622 D app_process: Time zone APEX ICU file found: /apex/com.android.tzdata/etc/icu/icu_tzdata.dat
06-24 03:01:12.623  7622  7622 D app_process: I18n APEX ICU file found: /apex/com.android.i18n/etc/icu/icudt72l.dat
06-24 03:01:12.628  7622  7622 W app_process: Unexpected CPU variant for x86: x86_64.
06-24 03:01:12.628  7622  7622 W app_process: Known variants: atom, sandybridge, silvermont, goldmont, goldmont-plus, tremont, kabylake, default
06-24 03:01:12.629  7622  7622 W app_process: ClassLoaderContext shared library size mismatch. Expected=2, found=0 (PCL[]{PCL[/system/framework/android.test.base.jar*836642756]#PCL[/system/framework/android.test.mock.jar*3186112116]} | PCL[])
06-24 03:01:12.629  7622  7622 W app_process: ClassLoaderContext classpath size mismatch. expected=0, found=1 (PCL[]{PCL[/system/framework/android.test.runner.jar*4168958247]{PCL[/system/framework/android.test.base.jar*836642756]#PCL[/system/framework/android.test.mock.jar*3186112116]}#PCL[/system/framework/android.test.base.jar*836642756]} | PCL[/system/framework/android.test.runner.jar*4168958247])
06-24 03:01:12.636  7622  7622 W main    : type=1400 audit(0.0:86): avc:  denied  { read } for  name="u:object_r:build_attestation_prop:s0" dev="tmpfs" ino=86 scontext=u:r:shell:s0 tcontext=u:object_r:build_attestation_prop:s0 tclass=file permissive=0
06-24 03:01:12.640  7622  7622 W libc    : Access denied finding property "ro.product.name_for_attestation"
06-24 03:01:12.640  7622  7622 W libc    : Access denied finding property "ro.product.brand_for_attestation"
06-24 03:01:12.640  7622  7622 W libc    : Access denied finding property "ro.product.model_for_attestation"
06-24 03:01:12.640  7622  7622 D AndroidRuntime: Calling main entry com.android.commands.uiautomator.Launcher
06-24 03:01:12.636  7622  7622 W main    : type=1400 audit(0.0:87): avc:  denied  { read } for  name="u:object_r:build_attestation_prop:s0" dev="tmpfs" ino=86 scontext=u:r:shell:s0 tcontext=u:object_r:build_attestation_prop:s0 tclass=file permissive=0
06-24 03:01:12.648  7622  7622 D UiAutomationConnection: Created on user UserHandle{0}
06-24 03:01:12.648  7622  7622 I UiAutomation: Initialized for user 0 on display 0
06-24 03:01:12.648  7622  7622 W UiAutomation: Created with deprecatead constructor, assumes DEFAULT_DISPLAY
06-24 03:01:12.648   522   826 D AccessibilityManagerService: changeCurrentUserForTestAutomationIfNeededLocked(0): ignoring because device doesn't support visible background users
06-24 03:01:12.649   522   826 I UiAutomationManager: Registering UiTestAutomationService (id=com.android.server.accessibility/UiAutomation) when called by user 0
06-24 03:01:12.636  7622  7622 W main    : type=1400 audit(0.0:88): avc:  denied  { read } for  name="u:object_r:build_attestation_prop:s0" dev="tmpfs" ino=86 scontext=u:r:shell:s0 tcontext=u:object_r:build_attestation_prop:s0 tclass=file permissive=0
06-24 03:01:12.651   522   826 W WindowMagnificationMgr: requestConnection duplicated request: connect=false, mConnectionState=DISCONNECTED
06-24 03:01:12.651   522   522 D BatterySaverPolicy: accessibility changed to true, updating policy.
06-24 03:01:12.652  7622  7636 V UiAutomation: Init UiAutomation@dea6a4f[id=7, displayId=0, flags=0]
06-24 03:01:12.652  1649  1684 I AiAiEcho: Settings changed for uri: content://settings/secure/accessibility_enabled
06-24 03:01:12.652  1649  1882 I AiAiEcho: Predicting[0]: 
06-24 03:01:12.652  1649  1882 I AiAiEcho: EchoTargets: 
06-24 03:01:12.652  1649  1882 I AiAiEcho: Filtered by AiAi flag check: 
06-24 03:01:12.653  1649  1882 I AiAiEcho: Ranked targets strategy: SORT, count: 0, ranking metadata: 
06-24 03:01:12.653  1649  1882 I AiAiEcho: Predicting[0]: 
06-24 03:01:12.653  1649  1882 I AiAiEcho: EchoTargets: 
06-24 03:01:12.653  1649  1882 I AiAiEcho: Filtered by AiAi flag check: 
06-24 03:01:12.653  1649  1882 I AiAiEcho: Ranked targets strategy: SORT, count: 0, ranking metadata: 
06-24 03:01:12.653  1649  1882 I AiAiEcho: #postPredictionTargets: Sending updates to UISurface lockscreen with targets# 0 (types=[])
06-24 03:01:12.654  1649  1882 I AiAiEcho: #postPredictionTargets: Sending updates to UISurface home with targets# 0 (types=[])
06-24 03:01:12.655   522  1687 W WindowMagnificationMgr: requestConnection duplicated request: connect=false, mConnectionState=DISCONNECTED
06-24 03:01:12.656  1649  1675 I AiAiEcho: Settings changed for uri: content://settings/secure/accessibility_enabled
06-24 03:01:12.657   839   839 W PageIndicator: Total number of pages invalid: 0. Assuming 1 page.
06-24 03:01:12.659  1784  2205 I A       : NGA disabled since it's running Panthera and at least one a11y feature is on.
06-24 03:01:12.659  1784  2205 I A       : Nga state changed to NgaStateDetails{state=DISABLED, isSpecialExperience=false}
06-24 03:01:12.661  1655  1703 I A       : APA or Classic session decision: SessionDecision(sessionVariance=CLASSIC, platformVariance=CLASSIC, justification=CURRENT_PLATFORM_VARIANCE).
06-24 03:01:12.661  1655  1703 I A       : [Memory] eligibility: StashEligibility{4}
06-24 03:01:12.661  1655  2296 I A       : Unsubscribed to apa or classic variant change.
06-24 03:01:12.662  1649  1882 I AiAiEcho: Predicting[0]: 
06-24 03:01:12.662  1649  1882 I AiAiEcho: EchoTargets: 
06-24 03:01:12.662  1649  1882 I AiAiEcho: Filtered by AiAi flag check: 
06-24 03:01:12.662  1649  1882 I AiAiEcho: Ranked targets strategy: SORT, count: 0, ranking metadata: 
06-24 03:01:12.663  1649  1882 I AiAiEcho: Predicting[0]: 
06-24 03:01:12.663  1649  1882 I AiAiEcho: EchoTargets: 
06-24 03:01:12.663  1649  1882 I AiAiEcho: Filtered by AiAi flag check: 
06-24 03:01:12.663  1649  1882 I AiAiEcho: Ranked targets strategy: SORT, count: 0, ranking metadata: 
06-24 03:01:12.664  1649  1882 I AiAiEcho: #postPredictionTargets: Sending updates to UISurface lockscreen with targets# 0 (types=[])
06-24 03:01:12.664  1649  1882 I AiAiEcho: #postPredictionTargets: Sending updates to UISurface home with targets# 0 (types=[])
06-24 03:01:12.664   839   839 W PageIndicator: Total number of pages invalid: 0. Assuming 1 page.
06-24 03:01:12.665   522   826 D SafetySourceDataValidator: No cert check requested for package com.google.android.permissioncontroller
06-24 03:01:12.803   522   522 I ResourceTimer: GetResourceValue count=12054 pvalues=1000,8000,10000,13000
06-24 03:01:12.803   522   522 I ResourceTimer: RetrieveAttributes count=17517 pvalues=1000,1000,3000,11000
06-24 03:01:12.806   522   614 I RoleService: Granting default roles...
06-24 03:01:12.813   852  7561 E RoleControllerServiceImpl: Default/fallback role holder package doesn't qualify for the role, package: com.google.android.gms.supervision, role: android.app.role.SYSTEM_SUPERVISION
06-24 03:01:12.814   852  7561 I Role    : com.google.android.gms not qualified for android.app.role.SYSTEM_CALL_STREAMING due to missing RequiredComponent{mIntentFilterData=IntentFilterData{mAction='android.telecom.CallStreamingService', mCategories='[]', mDataScheme='null', mDataType='null'}, mMinTargetSdkVersion=1, mFlags='0', mPermission='android.permission.BIND_CALL_STREAMING_SERVICE', mQueryFlags=0, mMetaData=[]}
06-24 03:01:12.814   852  7561 E RoleControllerServiceImpl: Default/fallback role holder package doesn't qualify for the role, package: com.google.android.gms, role: android.app.role.SYSTEM_CALL_STREAMING
06-24 03:01:12.815   852  7561 W Role    : Default holder doesn't have required signing certificate: com.google.android.apps.work.clouddpc:23962F4B43B9857638EA66F4D419518EAE282491ACDA4B94707BD59003C45E58
06-24 03:01:13.015   522   613 D ActivityManager: freezing 3072 com.google.android.gms.unstable
06-24 03:01:13.075  7346  7366 D EGL_emulation: app_time_stats: avg=499.11ms min=497.79ms max=499.95ms count=3
06-24 03:01:13.664  7622  7622 I AccessibilityNodeInfoDumper: Skipping invisible child: android.view.accessibility.AccessibilityNodeInfo@10328; boundsInParent: Rect(0, 0 - 320, 0); boundsInScreen: Rect(0, 0 - 320, 0); boundsInWindow: Rect(0, 0 - 320, 0); packageName: com.hanapkalinga.mobile; className: android.widget.LinearLayout; text: null; error: null; maxTextLength: -1; stateDescription: null; contentDescription: null; tooltipText: null; containerTitle: null; viewIdResName: null; uniqueId: null; checkable: false; checked: false; focusable: false; focused: false; selected: false; clickable: false; longClickable: false; contextClickable: false; enabled: true; password: false; scrollable: false; importantForAccessibility: false; visible: false; actions: [AccessibilityAction: ACTION_SELECT - null, AccessibilityAction: ACTION_CLEAR_SELECTION - null, AccessibilityAction: ACTION_ACCESSIBILITY_FOCUS - null, AccessibilityAction: ACTION_SHOW_ON_SCREEN - null]; isTextSelectable: false
06-24 03:01:13.664  7622  7622 I AccessibilityNodeInfoDumper: Skipping invisible child: android.view.accessibility.AccessibilityNodeInfo@ff67; boundsInParent: Rect(0, 0 - 320, 0); boundsInScreen: Rect(0, 0 - 320, 0); boundsInWindow: Rect(0, 0 - 320, 0); packageName: com.hanapkalinga.mobile; className: android.view.ViewGroup; text: null; error: null; maxTextLength: -1; stateDescription: null; contentDescription: null; tooltipText: null; containerTitle: null; viewIdResName: null; uniqueId: null; checkable: false; checked: false; focusable: false; focused: false; selected: false; clickable: false; longClickable: false; contextClickable: false; enabled: true; password: false; scrollable: false; importantForAccessibility: false; visible: false; actions: [AccessibilityAction: ACTION_SELECT - null, AccessibilityAction: ACTION_CLEAR_SELECTION - null, AccessibilityAction: ACTION_ACCESSIBILITY_FOCUS - null, AccessibilityAction: ACTION_SHOW_ON_SCREEN - null]; isTextSelectable: false
06-24 03:01:13.664  7622  7622 I AccessibilityNodeInfoDumper: Skipping invisible child: android.view.accessibility.AccessibilityNodeInfo@17f09; boundsInParent: Rect(0, 0 - 320, 0); boundsInScreen: Rect(0, 0 - 320, 0); boundsInWindow: Rect(0, 0 - 320, 0); packageName: com.hanapkalinga.mobile; className: android.widget.LinearLayout; text: null; error: null; maxTextLength: -1; stateDescription: null; contentDescription: null; tooltipText: null; containerTitle: null; viewIdResName: null; uniqueId: null; checkable: false; checked: false; focusable: false; focused: false; selected: false; clickable: false; longClickable: false; contextClickable: false; enabled: true; password: false; scrollable: false; importantForAccessibility: false; visible: false; actions: [AccessibilityAction: ACTION_SELECT - null, AccessibilityAction: ACTION_CLEAR_SELECTION - null, AccessibilityAction: ACTION_ACCESSIBILITY_FOCUS - null, AccessibilityAction: ACTION_SHOW_ON_SCREEN - null]; isTextSelectable: false
06-24 03:01:13.664  7622  7622 I AccessibilityNodeInfoDumper: Skipping invisible child: android.view.accessibility.AccessibilityNodeInfo@17b48; boundsInParent: Rect(0, 0 - 320, 0); boundsInScreen: Rect(0, 0 - 320, 0); boundsInWindow: Rect(0, 0 - 320, 0); packageName: com.hanapkalinga.mobile; className: android.view.ViewGroup; text: null; error: null; maxTextLength: -1; stateDescription: null; contentDescription: null; tooltipText: null; containerTitle: null; viewIdResName: null; uniqueId: null; checkable: false; checked: false; focusable: false; focused: false; selected: false; clickable: false; longClickable: false; contextClickable: false; enabled: true; password: false; scrollable: false; importantForAccessibility: false; visible: false; actions: [AccessibilityAction: ACTION_SELECT - null, AccessibilityAction: ACTION_CLEAR_SELECTION - null, AccessibilityAction: ACTION_ACCESSIBILITY_FOCUS - null, AccessibilityAction: ACTION_SHOW_ON_SCREEN - null]; isTextSelectable: false
06-24 03:01:13.667  7622  7622 W AccessibilityNodeInfoDumper: Fetch time: 6ms
06-24 03:01:13.668   522   826 W WindowMagnificationMgr: requestConnection duplicated request: connect=false, mConnectionState=DISCONNECTED
06-24 03:01:13.668   522   826 D AccessibilityManagerService: restoreCurrentUserForTestAutomationIfNeededLocked(): ignoring because device doesn't support visible background users
06-24 03:01:13.668  1649  1675 I AiAiEcho: Settings changed for uri: content://settings/secure/accessibility_enabled
06-24 03:01:13.668  1649  1882 I AiAiEcho: Predicting[0]: 
06-24 03:01:13.668  1649  1882 I AiAiEcho: EchoTargets: 
06-24 03:01:13.668  1649  1882 I AiAiEcho: Filtered by AiAi flag check: 
06-24 03:01:13.668  1649  1882 I AiAiEcho: Ranked targets strategy: SORT, count: 0, ranking metadata: 
06-24 03:01:13.668  1649  1882 I AiAiEcho: Predicting[0]: 
06-24 03:01:13.668  1649  1882 I AiAiEcho: EchoTargets: 
06-24 03:01:13.668  1649  1882 I AiAiEcho: Filtered by AiAi flag check: 
06-24 03:01:13.668  1649  1882 I AiAiEcho: Ranked targets strategy: SORT, count: 0, ranking metadata: 
06-24 03:01:13.669  7622  7622 D AndroidRuntime: Shutting down VM
06-24 03:01:13.671  1649  1882 I AiAiEcho: #postPredictionTargets: Sending updates to UISurface lockscreen with targets# 0 (types=[])
06-24 03:01:13.671  1649  1882 I AiAiEcho: #postPredictionTargets: Sending updates to UISurface home with targets# 0 (types=[])
06-24 03:01:13.676   522   522 D BatterySaverPolicy: accessibility changed to false, updating policy.
06-24 03:01:13.677  1784  2249 I A       : NGA enabled in interactor.
06-24 03:01:13.677  1784  2249 I A       : Nga state changed to NgaStateDetails{state=ENABLED, isSpecialExperience=false}
06-24 03:01:13.677   839   839 W PageIndicator: Total number of pages invalid: 0. Assuming 1 page.
06-24 03:01:13.678  1655  1703 I A       : Initializing all components
06-24 03:01:13.678  1655  1703 I A       : APA or Classic session decision: SessionDecision(sessionVariance=CLASSIC, platformVariance=CLASSIC, justification=CURRENT_PLATFORM_VARIANCE).
06-24 03:01:13.678  1655  1703 I A       : [Memory] eligibility: StashEligibility{6}
06-24 03:01:13.679  1655  2296 I A       : onIsEnabledChanged, isEnabled: false
06-24 03:01:13.679  1655  2296 W A       : Disposing empty manager. Did you forgot to subscribe observables?
06-24 03:01:13.679  1655  2296 W A       : Disposing empty manager. Did you forgot to subscribe observables?
06-24 03:01:13.679  1655  2296 W A       : Disposing empty manager. Did you forgot to subscribe observables?
06-24 03:01:13.679  1655  2296 W A       : Disposing empty manager. Did you forgot to subscribe observables?
06-24 03:01:13.679  1655  2296 W A       : Disposing empty manager. Did you forgot to subscribe observables?
06-24 03:01:13.679  1655  2296 W A       : Disposing empty manager. Did you forgot to subscribe observables?
06-24 03:01:13.679  1655  2296 W A       : Disposing empty manager. Did you forgot to subscribe observables?
06-24 03:01:13.679  1655  2296 W A       : Disposing empty manager. Did you forgot to subscribe observables?
06-24 03:01:13.679  1655  2296 W A       : Disposing empty manager. Did you forgot to subscribe observables?
06-24 03:01:13.679  1655  2296 W A       : Disposing empty manager. Did you forgot to subscribe observables?
06-24 03:01:13.679  1655  2296 I A       : onOpaVisibilityChanged: false
06-24 03:01:13.679  1655  2296 W A       : Disposing empty manager. Did you forgot to subscribe observables?
06-24 03:01:13.679  1655  2296 W A       : Disposing empty manager. Did you forgot to subscribe observables?
06-24 03:01:13.679  1655  2296 W A       : Disposing empty manager. Did you forgot to subscribe observables?
06-24 03:01:13.679  1655  2296 W A       : Disposing empty manager. Did you forgot to subscribe observables?
06-24 03:01:13.679  1655  2296 W A       : Disposing empty manager. Did you forgot to subscribe observables?
06-24 03:01:13.679  1655  2296 W A       : Disposing empty manager. Did you forgot to subscribe observables?
06-24 03:01:13.679  1655  2296 I A       : Setting session to type: NO_SESSION
06-24 03:01:13.680  1655  2296 W A       : Disposing empty manager. Did you forgot to subscribe observables?
06-24 03:01:13.680  1655  2296 W A       : Disposing empty manager. Did you forgot to subscribe observables?
06-24 03:01:13.680  1655  2296 W A       : Disposing empty manager. Did you forgot to subscribe observables?
06-24 03:01:13.680  1655  2296 W A       : Disposing empty manager. Did you forgot to subscribe observables?
06-24 03:01:13.680  1655  2296 W A       : Disposing empty manager. Did you forgot to subscribe observables?
06-24 03:01:13.680  1655  2296 W A       : Disposing empty manager. Did you forgot to subscribe observables?
06-24 03:01:13.680  1655  2296 W A       : Disposing empty manager. Did you forgot to subscribe observables?
06-24 03:01:13.680  1655  2296 W A       : Disposing empty manager. Did you forgot to subscribe observables?
06-24 03:01:13.680  1655  2296 I A       : setNavBarVisible: GestureNavBarVisible{navbarVisible=true}
06-24 03:01:13.680  1655  2296 W A       : Disposing empty manager. Did you forgot to subscribe observables?
06-24 03:01:13.680  1655  2296 W A       : Disposing empty manager. Did you forgot to subscribe observables?
06-24 03:01:13.680  1655  2296 W A       : Disposing empty manager. Did you forgot to subscribe observables?
06-24 03:01:13.680  1655  2296 W A       : Disposing empty manager. Did you forgot to subscribe observables?
06-24 03:01:13.680  1655  2296 W A       : Disposing empty manager. Did you forgot to subscribe observables?
06-24 03:01:13.680  1655  2296 W A       : Disposing empty manager. Did you forgot to subscribe observables?
06-24 03:01:13.680  1655  2296 I A       : onDisabled. Registered: false
06-24 03:01:13.681  1655  2333 I A       : State changed: IDLE => IDLE by NGA_STATE_CHANGED and N/A with Optional.empty
06-24 03:01:13.681  1655  2333 I A       : Recognizer choice: (recognizer_type: 1, recognizer_mode: 1, choice_reason: 4)
06-24 03:01:13.682  1655  2333 I A       : onActiveStateChangeEvent: IDLE => IDLE
06-24 03:01:13.682  1655  2333 I A       : #onActiveStateChangeEvent, newState: IDLE, previousState: IDLE.
06-24 03:01:13.684  1655  2333 I NgaEntryPointEventSendr: setupConnection
06-24 03:01:13.686  1784  1784 I A       : Creating pss binder().
06-24 03:01:13.687  1655  2296 I A       : Initialize
06-24 03:01:13.687  1655  2296 I A       : on opa visibility changed false
06-24 03:01:13.687  1655  2296 I A       : on opa visibility changed false
06-24 03:01:13.687  1655  2333 I NgaEntryPointEventSendr: State changed: Disconnected => Connecting
06-24 03:01:13.687  1655  2296 I A       : stopListening(NGA_PAUSED_UNKNOWN_REASON, NGA_CREATE), idleOverride=NOT_LISTENING
06-24 03:01:13.688  1655  2333 I NgaEntryPointEventSendr: onServiceConnected
06-24 03:01:13.688  1784  1951 I A       : Calling beginBinderSession().
06-24 03:01:13.688  1784  1951 I A       : beginBinderSession(): calling binder
06-24 03:01:13.688  1655  2333 I NgaEntryPointEventSendr: State changed: Connecting => Ready
06-24 03:01:13.692   522  1098 W ActivityManager: Unable to start service Intent { cmp=com.google.android.apps.tachyon/.clientapi.ClientApiService } U=0: not found
06-24 03:01:13.696  1655  2296 I A       : Successfully initialized all components
06-24 03:01:13.697  1655  1655 V ClearcutMetricXmitter: Transmission is done.
06-24 03:01:13.699  1784  2509 W A       : UiCallbackStub-onGenericEvent[ServiceEvent = 60] task was not run. Callback from Service received after client was disposed.
06-24 03:01:13.700  1784  4646 I PBSessionCacheImpl: Deleted sessionId[7847897245595137] from persistence.
06-24 03:01:13.701  1655  2333 I NgaEntryPointEventSendr: State changed: Ready => Disconnected (onOpaDisconnected)
06-24 03:01:13.701  1784  2509 W SearchServiceCore: Abort, client detached.
06-24 03:01:14.075  7346  7366 D EGL_emulation: app_time_stats: avg=499.97ms min=499.80ms max=500.15ms count=2
