06-24 03:03:44.888  1649  1882 I AiAiEcho: Predicting[0]: 
06-24 03:03:44.888  1649  1882 I AiAiEcho: EchoTargets: 
06-24 03:03:44.888  1649  1882 I AiAiEcho: Filtered by AiAi flag check: 
06-24 03:03:44.888  1649  1882 I AiAiEcho: Ranked targets strategy: SORT, count: 0, ranking metadata: 
06-24 03:03:44.888  1649  1882 I AiAiEcho: Predicting[0]: 
06-24 03:03:44.888  1649  1882 I AiAiEcho: EchoTargets: 
06-24 03:03:44.888  1649  1882 I AiAiEcho: Filtered by AiAi flag check: 
06-24 03:03:44.888  1649  1882 I AiAiEcho: Ranked targets strategy: SORT, count: 0, ranking metadata: 
06-24 03:03:44.889  1649  1882 I AiAiEcho: #postPredictionTargets: Sending updates to UISurface lockscreen with targets# 0 (types=[])
06-24 03:03:44.889   839   839 W PageIndicator: Total number of pages invalid: 0. Assuming 1 page.
06-24 03:03:44.889  1649  1882 I AiAiEcho: #postPredictionTargets: Sending updates to UISurface home with targets# 0 (types=[])
06-24 03:03:44.892   522  1696 D SafetySourceDataValidator: No cert check requested for package com.google.android.permissioncontroller
06-24 03:03:45.028   522   614 I RoleService: Granting default roles...
06-24 03:03:45.036   852  8554 E RoleControllerServiceImpl: Default/fallback role holder package doesn't qualify for the role, package: com.google.android.gms.supervision, role: android.app.role.SYSTEM_SUPERVISION
06-24 03:03:45.037   852  8554 I Role    : com.google.android.gms not qualified for android.app.role.SYSTEM_CALL_STREAMING due to missing RequiredComponent{mIntentFilterData=IntentFilterData{mAction='android.telecom.CallStreamingService', mCategories='[]', mDataScheme='null', mDataType='null'}, mMinTargetSdkVersion=1, mFlags='0', mPermission='android.permission.BIND_CALL_STREAMING_SERVICE', mQueryFlags=0, mMetaData=[]}
06-24 03:03:45.037   852  8554 E RoleControllerServiceImpl: Default/fallback role holder package doesn't qualify for the role, package: com.google.android.gms, role: android.app.role.SYSTEM_CALL_STREAMING
06-24 03:03:45.038   852  8554 W Role    : Default holder doesn't have required signing certificate: com.google.android.apps.work.clouddpc:23962F4B43B9857638EA66F4D419518EAE282491ACDA4B94707BD59003C45E58
06-24 03:03:45.890  8622  8622 I AccessibilityNodeInfoDumper: Skipping invisible child: android.view.accessibility.AccessibilityNodeInfo@128d5; boundsInParent: Rect(0, 0 - 320, 0); boundsInScreen: Rect(0, 0 - 320, 0); boundsInWindow: Rect(0, 0 - 320, 0); packageName: com.hanapkalinga.mobile; className: android.widget.LinearLayout; text: null; error: null; maxTextLength: -1; stateDescription: null; contentDescription: null; tooltipText: null; containerTitle: null; viewIdResName: null; uniqueId: null; checkable: false; checked: false; focusable: false; focused: false; selected: false; clickable: false; longClickable: false; contextClickable: false; enabled: true; password: false; scrollable: false; importantForAccessibility: false; visible: false; actions: [AccessibilityAction: ACTION_SELECT - null, AccessibilityAction: ACTION_CLEAR_SELECTION - null, AccessibilityAction: ACTION_ACCESSIBILITY_FOCUS - null, AccessibilityAction: ACTION_SHOW_ON_SCREEN - null]; isTextSelectable: false
06-24 03:03:45.890  8622  8622 I AccessibilityNodeInfoDumper: Skipping invisible child: android.view.accessibility.AccessibilityNodeInfo@12514; boundsInParent: Rect(0, 0 - 320, 0); boundsInScreen: Rect(0, 0 - 320, 0); boundsInWindow: Rect(0, 0 - 320, 0); packageName: com.hanapkalinga.mobile; className: android.view.ViewGroup; text: null; error: null; maxTextLength: -1; stateDescription: null; contentDescription: null; tooltipText: null; containerTitle: null; viewIdResName: null; uniqueId: null; checkable: false; checked: false; focusable: false; focused: false; selected: false; clickable: false; longClickable: false; contextClickable: false; enabled: true; password: false; scrollable: false; importantForAccessibility: false; visible: false; actions: [AccessibilityAction: ACTION_SELECT - null, AccessibilityAction: ACTION_CLEAR_SELECTION - null, AccessibilityAction: ACTION_ACCESSIBILITY_FOCUS - null, AccessibilityAction: ACTION_SHOW_ON_SCREEN - null]; isTextSelectable: false
06-24 03:03:45.890  8622  8622 I AccessibilityNodeInfoDumper: Skipping invisible child: android.view.accessibility.AccessibilityNodeInfo@1a4b6; boundsInParent: Rect(0, 0 - 320, 0); boundsInScreen: Rect(0, 0 - 320, 0); boundsInWindow: Rect(0, 0 - 320, 0); packageName: com.hanapkalinga.mobile; className: android.widget.LinearLayout; text: null; error: null; maxTextLength: -1; stateDescription: null; contentDescription: null; tooltipText: null; containerTitle: null; viewIdResName: null; uniqueId: null; checkable: false; checked: false; focusable: false; focused: false; selected: false; clickable: false; longClickable: false; contextClickable: false; enabled: true; password: false; scrollable: false; importantForAccessibility: false; visible: false; actions: [AccessibilityAction: ACTION_SELECT - null, AccessibilityAction: ACTION_CLEAR_SELECTION - null, AccessibilityAction: ACTION_ACCESSIBILITY_FOCUS - null, AccessibilityAction: ACTION_SHOW_ON_SCREEN - null]; isTextSelectable: false
06-24 03:03:45.890  8622  8622 I AccessibilityNodeInfoDumper: Skipping invisible child: android.view.accessibility.AccessibilityNodeInfo@1a0f5; boundsInParent: Rect(0, 0 - 320, 0); boundsInScreen: Rect(0, 0 - 320, 0); boundsInWindow: Rect(0, 0 - 320, 0); packageName: com.hanapkalinga.mobile; className: android.view.ViewGroup; text: null; error: null; maxTextLength: -1; stateDescription: null; contentDescription: null; tooltipText: null; containerTitle: null; viewIdResName: null; uniqueId: null; checkable: false; checked: false; focusable: false; focused: false; selected: false; clickable: false; longClickable: false; contextClickable: false; enabled: true; password: false; scrollable: false; importantForAccessibility: false; visible: false; actions: [AccessibilityAction: ACTION_SELECT - null, AccessibilityAction: ACTION_CLEAR_SELECTION - null, AccessibilityAction: ACTION_ACCESSIBILITY_FOCUS - null, AccessibilityAction: ACTION_SHOW_ON_SCREEN - null]; isTextSelectable: false
06-24 03:03:45.891  8622  8622 W AccessibilityNodeInfoDumper: Fetch time: 5ms
06-24 03:03:45.893   522  1687 W WindowMagnificationMgr: requestConnection duplicated request: connect=false, mConnectionState=DISCONNECTED
06-24 03:03:45.893  1649  1684 I AiAiEcho: Settings changed for uri: content://settings/secure/accessibility_enabled
06-24 03:03:45.893   522  1687 D AccessibilityManagerService: restoreCurrentUserForTestAutomationIfNeededLocked(): ignoring because device doesn't support visible background users
06-24 03:03:45.893  1649  1882 I AiAiEcho: Predicting[0]: 
06-24 03:03:45.893  1649  1882 I AiAiEcho: EchoTargets: 
06-24 03:03:45.893  1649  1882 I AiAiEcho: Filtered by AiAi flag check: 
06-24 03:03:45.893  1649  1882 I AiAiEcho: Ranked targets strategy: SORT, count: 0, ranking metadata: 
06-24 03:03:45.894  1649  1882 I AiAiEcho: Predicting[0]: 
06-24 03:03:45.894  1649  1882 I AiAiEcho: EchoTargets: 
06-24 03:03:45.894  1649  1882 I AiAiEcho: Filtered by AiAi flag check: 
06-24 03:03:45.894  1649  1882 I AiAiEcho: Ranked targets strategy: SORT, count: 0, ranking metadata: 
06-24 03:03:45.894  1649  1882 I AiAiEcho: #postPredictionTargets: Sending updates to UISurface lockscreen with targets# 0 (types=[])
06-24 03:03:45.894  1649  1882 I AiAiEcho: #postPredictionTargets: Sending updates to UISurface home with targets# 0 (types=[])
06-24 03:03:45.894   839   839 W PageIndicator: Total number of pages invalid: 0. Assuming 1 page.
06-24 03:03:45.895  8622  8622 D AndroidRuntime: Shutting down VM
06-24 03:03:45.896  1784  2230 I A       : NGA enabled in interactor.
06-24 03:03:45.896   522   522 D BatterySaverPolicy: accessibility changed to false, updating policy.
06-24 03:03:45.896  1784  2230 I A       : Nga state changed to NgaStateDetails{state=ENABLED, isSpecialExperience=false}
06-24 03:03:45.899  1655  2850 I A       : Initializing all components
06-24 03:03:45.900  1655  2850 I A       : APA or Classic session decision: SessionDecision(sessionVariance=CLASSIC, platformVariance=CLASSIC, justification=CURRENT_PLATFORM_VARIANCE).
06-24 03:03:45.900  1655  2850 I A       : [Memory] eligibility: StashEligibility{6}
06-24 03:03:45.901  1655  2296 I A       : onIsEnabledChanged, isEnabled: false
06-24 03:03:45.901  1655  2296 W A       : Disposing empty manager. Did you forgot to subscribe observables?
06-24 03:03:45.901  1655  2296 W A       : Disposing empty manager. Did you forgot to subscribe observables?
06-24 03:03:45.902  1655  2296 W A       : Disposing empty manager. Did you forgot to subscribe observables?
06-24 03:03:45.902  1655  2296 W A       : Disposing empty manager. Did you forgot to subscribe observables?
06-24 03:03:45.902  1655  2296 W A       : Disposing empty manager. Did you forgot to subscribe observables?
06-24 03:03:45.902  1655  2296 W A       : Disposing empty manager. Did you forgot to subscribe observables?
06-24 03:03:45.902  1655  2296 W A       : Disposing empty manager. Did you forgot to subscribe observables?
06-24 03:03:45.902  1655  2296 W A       : Disposing empty manager. Did you forgot to subscribe observables?
06-24 03:03:45.902  1655  2296 W A       : Disposing empty manager. Did you forgot to subscribe observables?
06-24 03:03:45.902  1655  2296 W A       : Disposing empty manager. Did you forgot to subscribe observables?
06-24 03:03:45.902  1655  2296 I A       : onOpaVisibilityChanged: false
06-24 03:03:45.902  1655  2296 W A       : Disposing empty manager. Did you forgot to subscribe observables?
06-24 03:03:45.902  1655  2296 W A       : Disposing empty manager. Did you forgot to subscribe observables?
06-24 03:03:45.902  1655  2296 W A       : Disposing empty manager. Did you forgot to subscribe observables?
06-24 03:03:45.902  1655  2296 W A       : Disposing empty manager. Did you forgot to subscribe observables?
06-24 03:03:45.902  1655  2296 W A       : Disposing empty manager. Did you forgot to subscribe observables?
06-24 03:03:45.902  1655  2296 W A       : Disposing empty manager. Did you forgot to subscribe observables?
06-24 03:03:45.902  1655  2296 I A       : Setting session to type: NO_SESSION
06-24 03:03:45.902  1655  2296 W A       : Disposing empty manager. Did you forgot to subscribe observables?
06-24 03:03:45.902  1655  2296 W A       : Disposing empty manager. Did you forgot to subscribe observables?
06-24 03:03:45.902  1655  2296 W A       : Disposing empty manager. Did you forgot to subscribe observables?
06-24 03:03:45.902  1655  2296 W A       : Disposing empty manager. Did you forgot to subscribe observables?
06-24 03:03:45.902  1655  2296 W A       : Disposing empty manager. Did you forgot to subscribe observables?
06-24 03:03:45.902  1655  2296 W A       : Disposing empty manager. Did you forgot to subscribe observables?
06-24 03:03:45.902  1655  2296 W A       : Disposing empty manager. Did you forgot to subscribe observables?
06-24 03:03:45.902  1655  2296 W A       : Disposing empty manager. Did you forgot to subscribe observables?
06-24 03:03:45.902  1655  2296 I A       : setNavBarVisible: GestureNavBarVisible{navbarVisible=true}
06-24 03:03:45.902  1655  2296 W A       : Disposing empty manager. Did you forgot to subscribe observables?
06-24 03:03:45.902  1655  2296 W A       : Disposing empty manager. Did you forgot to subscribe observables?
06-24 03:03:45.902  1655  2296 W A       : Disposing empty manager. Did you forgot to subscribe observables?
06-24 03:03:45.902  1655  2296 W A       : Disposing empty manager. Did you forgot to subscribe observables?
06-24 03:03:45.902  1655  2296 W A       : Disposing empty manager. Did you forgot to subscribe observables?
06-24 03:03:45.902  1655  2296 W A       : Disposing empty manager. Did you forgot to subscribe observables?
06-24 03:03:45.902  1655  2296 I A       : onDisabled. Registered: false
06-24 03:03:45.903  1655  2296 I A       : on opa visibility changed false
06-24 03:03:45.903  1655  2296 I A       : on opa visibility changed false
06-24 03:03:45.904  1655  2333 I A       : State changed: IDLE => IDLE by NGA_STATE_CHANGED and N/A with Optional.empty
06-24 03:03:45.904  1655  2333 I A       : Recognizer choice: (recognizer_type: 1, recognizer_mode: 1, choice_reason: 4)
06-24 03:03:45.904  1655  2333 I A       : onActiveStateChangeEvent: IDLE => IDLE
06-24 03:03:45.904  1655  2333 I A       : #onActiveStateChangeEvent, newState: IDLE, previousState: IDLE.
06-24 03:03:45.905  1655  2333 I NgaEntryPointEventSendr: setupConnection
06-24 03:03:45.908  1655  2333 I NgaEntryPointEventSendr: State changed: Disconnected => Connecting
06-24 03:03:45.909  1655  2333 I A       : stopListening(NGA_PAUSED_UNKNOWN_REASON, NGA_CREATE), idleOverride=NOT_LISTENING
06-24 03:03:45.909  1784  1784 I A       : Creating pss binder().
06-24 03:03:45.909  1655  2296 I A       : Initialize
06-24 03:03:45.912  1655  2333 I NgaEntryPointEventSendr: onServiceConnected
06-24 03:03:45.912  1784  3320 I A       : Calling beginBinderSession().
06-24 03:03:45.913  1784  3320 I A       : beginBinderSession(): calling binder
06-24 03:03:45.913  1655  2333 I NgaEntryPointEventSendr: State changed: Connecting => Ready
06-24 03:03:45.915   522   917 W ActivityManager: Unable to start service Intent { cmp=com.google.android.apps.tachyon/.clientapi.ClientApiService } U=0: not found
06-24 03:03:45.916  1655  1655 V ClearcutMetricXmitter: Transmission is done.
06-24 03:03:45.917  1655  2333 I A       : Successfully initialized all components
06-24 03:03:45.921  1784  2509 W A       : UiCallbackStub-onGenericEvent[ServiceEvent = 60] task was not run. Callback from Service received after client was disposed.
06-24 03:03:45.921  1784  4646 I PBSessionCacheImpl: Deleted sessionId[7847897245595157] from persistence.
06-24 03:03:45.921  1655  2296 I NgaEntryPointEventSendr: State changed: Ready => Disconnected (onOpaDisconnected)
06-24 03:03:45.922  1784  2509 W SearchServiceCore: Abort, client detached.
06-24 03:03:46.325  8373  8393 D EGL_emulation: app_time_stats: avg=499.50ms min=498.39ms max=500.52ms count=3
06-24 03:03:46.560  8292  8294 I AidlLazyServiceRegistrar: Process has 0 (of 1 available) client(s) in use after notification artd has clients: 0
06-24 03:03:46.561  8292  8294 I AidlLazyServiceRegistrar: Trying to shut down the service. No clients in use for any service in process.
06-24 03:03:46.563  8292  8294 I AidlLazyServiceRegistrar: Unregistered all clients and exiting
06-24 03:03:46.748     0     0 I servicemanager: Notifying artd they don't (previously: do) have clients when we now have no record of a client
06-24 03:03:46.750     0     0 I servicemanager: Unregistering artd
06-24 03:03:46.751     0     0 I BpBinder: onLastStrongRef automatically unlinking death recipients:
06-24 03:03:46.754     0     0 I init    : Service 'artd' (pid 8292) exited with status 0 oneshot service took 67.821999 seconds in background
06-24 03:03:46.756     0     0 I init    : Sending signal 9 to service 'artd' (pid 8292) process group...
06-24 03:03:46.757     0     0 I libprocessgroup: Successfully killed process cgroup uid 1082 pid 8292 in 0ms
