06-24 03:02:28.632  8127  8127 W main    : type=1400 audit(0.0:95): avc:  denied  { read } for  name="u:object_r:build_attestation_prop:s0" dev="tmpfs" ino=86 scontext=u:r:shell:s0 tcontext=u:object_r:build_attestation_prop:s0 tclass=file permissive=0
06-24 03:02:28.651  1649  2479 I AiAiEcho: Settings changed for uri: content://settings/secure/accessibility_enabled
06-24 03:02:28.651  8127  8141 V UiAutomation: Init UiAutomation@630417b[id=9, displayId=0, flags=0]
06-24 03:02:28.651  1649  1882 I AiAiEcho: Predicting[0]: 
06-24 03:02:28.651  1649  1882 I AiAiEcho: EchoTargets: 
06-24 03:02:28.651  1649  1882 I AiAiEcho: Filtered by AiAi flag check: 
06-24 03:02:28.651  1649  1882 I AiAiEcho: Ranked targets strategy: SORT, count: 0, ranking metadata: 
06-24 03:02:28.652   522   522 D BatterySaverPolicy: accessibility changed to true, updating policy.
06-24 03:02:28.653  1649  1882 I AiAiEcho: Predicting[0]: 
06-24 03:02:28.653  1649  1882 I AiAiEcho: EchoTargets: 
06-24 03:02:28.653  1649  1882 I AiAiEcho: Filtered by AiAi flag check: 
06-24 03:02:28.653  1649  1882 I AiAiEcho: Ranked targets strategy: SORT, count: 0, ranking metadata: 
06-24 03:02:28.653  1649  1882 I AiAiEcho: #postPredictionTargets: Sending updates to UISurface lockscreen with targets# 0 (types=[])
06-24 03:02:28.653  1649  1882 I AiAiEcho: #postPredictionTargets: Sending updates to UISurface home with targets# 0 (types=[])
06-24 03:02:28.653   839   839 W PageIndicator: Total number of pages invalid: 0. Assuming 1 page.
06-24 03:02:28.655  1784  2205 I A       : NGA disabled since it's running Panthera and at least one a11y feature is on.
06-24 03:02:28.655   522  1687 W WindowMagnificationMgr: requestConnection duplicated request: connect=false, mConnectionState=DISCONNECTED
06-24 03:02:28.655  1784  2205 I A       : Nga state changed to NgaStateDetails{state=DISABLED, isSpecialExperience=false}
06-24 03:02:28.656  1649  2479 I AiAiEcho: Settings changed for uri: content://settings/secure/accessibility_enabled
06-24 03:02:28.658  1655  2850 I A       : APA or Classic session decision: SessionDecision(sessionVariance=CLASSIC, platformVariance=CLASSIC, justification=CURRENT_PLATFORM_VARIANCE).
06-24 03:02:28.658  1655  2850 I A       : [Memory] eligibility: StashEligibility{4}
06-24 03:02:28.658  1655  2333 I A       : Unsubscribed to apa or classic variant change.
06-24 03:02:28.660  1649  1882 I AiAiEcho: Predicting[0]: 
06-24 03:02:28.660  1649  1882 I AiAiEcho: EchoTargets: 
06-24 03:02:28.660  1649  1882 I AiAiEcho: Filtered by AiAi flag check: 
06-24 03:02:28.660  1649  1882 I AiAiEcho: Ranked targets strategy: SORT, count: 0, ranking metadata: 
06-24 03:02:28.661  1649  1882 I AiAiEcho: Predicting[0]: 
06-24 03:02:28.661  1649  1882 I AiAiEcho: EchoTargets: 
06-24 03:02:28.661  1649  1882 I AiAiEcho: Filtered by AiAi flag check: 
06-24 03:02:28.661  1649  1882 I AiAiEcho: Ranked targets strategy: SORT, count: 0, ranking metadata: 
06-24 03:02:28.661  1649  1882 I AiAiEcho: #postPredictionTargets: Sending updates to UISurface lockscreen with targets# 0 (types=[])
06-24 03:02:28.661  1649  1882 I AiAiEcho: #postPredictionTargets: Sending updates to UISurface home with targets# 0 (types=[])
06-24 03:02:28.662   839   839 W PageIndicator: Total number of pages invalid: 0. Assuming 1 page.
06-24 03:02:28.662   522   826 D SafetySourceDataValidator: No cert check requested for package com.google.android.permissioncontroller
06-24 03:02:28.771   522   614 I RoleService: Granting default roles...
06-24 03:02:28.778   852  8062 E RoleControllerServiceImpl: Default/fallback role holder package doesn't qualify for the role, package: com.google.android.gms.supervision, role: android.app.role.SYSTEM_SUPERVISION
06-24 03:02:28.779   852  8062 I Role    : com.google.android.gms not qualified for android.app.role.SYSTEM_CALL_STREAMING due to missing RequiredComponent{mIntentFilterData=IntentFilterData{mAction='android.telecom.CallStreamingService', mCategories='[]', mDataScheme='null', mDataType='null'}, mMinTargetSdkVersion=1, mFlags='0', mPermission='android.permission.BIND_CALL_STREAMING_SERVICE', mQueryFlags=0, mMetaData=[]}
06-24 03:02:28.779   852  8062 E RoleControllerServiceImpl: Default/fallback role holder package doesn't qualify for the role, package: com.google.android.gms, role: android.app.role.SYSTEM_CALL_STREAMING
06-24 03:02:28.780   852  8062 W Role    : Default holder doesn't have required signing certificate: com.google.android.apps.work.clouddpc:23962F4B43B9857638EA66F4D419518EAE282491ACDA4B94707BD59003C45E58
06-24 03:02:29.009  7863  7882 D EGL_emulation: app_time_stats: avg=499.92ms min=499.03ms max=500.41ms count=3
06-24 03:02:29.654  8127  8127 I AccessibilityNodeInfoDumper: Skipping invisible child: android.view.accessibility.AccessibilityNodeInfo@128bf; boundsInParent: Rect(0, 0 - 320, 0); boundsInScreen: Rect(0, 0 - 320, 0); boundsInWindow: Rect(0, 0 - 320, 0); packageName: com.hanapkalinga.mobile; className: android.widget.LinearLayout; text: null; error: null; maxTextLength: -1; stateDescription: null; contentDescription: null; tooltipText: null; containerTitle: null; viewIdResName: null; uniqueId: null; checkable: false; checked: false; focusable: false; focused: false; selected: false; clickable: false; longClickable: false; contextClickable: false; enabled: true; password: false; scrollable: false; importantForAccessibility: false; visible: false; actions: [AccessibilityAction: ACTION_SELECT - null, AccessibilityAction: ACTION_CLEAR_SELECTION - null, AccessibilityAction: ACTION_ACCESSIBILITY_FOCUS - null, AccessibilityAction: ACTION_SHOW_ON_SCREEN - null]; isTextSelectable: false
06-24 03:02:29.654  8127  8127 I AccessibilityNodeInfoDumper: Skipping invisible child: android.view.accessibility.AccessibilityNodeInfo@124fe; boundsInParent: Rect(0, 0 - 320, 0); boundsInScreen: Rect(0, 0 - 320, 0); boundsInWindow: Rect(0, 0 - 320, 0); packageName: com.hanapkalinga.mobile; className: android.view.ViewGroup; text: null; error: null; maxTextLength: -1; stateDescription: null; contentDescription: null; tooltipText: null; containerTitle: null; viewIdResName: null; uniqueId: null; checkable: false; checked: false; focusable: false; focused: false; selected: false; clickable: false; longClickable: false; contextClickable: false; enabled: true; password: false; scrollable: false; importantForAccessibility: false; visible: false; actions: [AccessibilityAction: ACTION_SELECT - null, AccessibilityAction: ACTION_CLEAR_SELECTION - null, AccessibilityAction: ACTION_ACCESSIBILITY_FOCUS - null, AccessibilityAction: ACTION_SHOW_ON_SCREEN - null]; isTextSelectable: false
06-24 03:02:29.655  8127  8127 I AccessibilityNodeInfoDumper: Skipping invisible child: android.view.accessibility.AccessibilityNodeInfo@1a4a0; boundsInParent: Rect(0, 0 - 320, 0); boundsInScreen: Rect(0, 0 - 320, 0); boundsInWindow: Rect(0, 0 - 320, 0); packageName: com.hanapkalinga.mobile; className: android.widget.LinearLayout; text: null; error: null; maxTextLength: -1; stateDescription: null; contentDescription: null; tooltipText: null; containerTitle: null; viewIdResName: null; uniqueId: null; checkable: false; checked: false; focusable: false; focused: false; selected: false; clickable: false; longClickable: false; contextClickable: false; enabled: true; password: false; scrollable: false; importantForAccessibility: false; visible: false; actions: [AccessibilityAction: ACTION_SELECT - null, AccessibilityAction: ACTION_CLEAR_SELECTION - null, AccessibilityAction: ACTION_ACCESSIBILITY_FOCUS - null, AccessibilityAction: ACTION_SHOW_ON_SCREEN - null]; isTextSelectable: false
06-24 03:02:29.655  8127  8127 I AccessibilityNodeInfoDumper: Skipping invisible child: android.view.accessibility.AccessibilityNodeInfo@1a0df; boundsInParent: Rect(0, 0 - 320, 0); boundsInScreen: Rect(0, 0 - 320, 0); boundsInWindow: Rect(0, 0 - 320, 0); packageName: com.hanapkalinga.mobile; className: android.view.ViewGroup; text: null; error: null; maxTextLength: -1; stateDescription: null; contentDescription: null; tooltipText: null; containerTitle: null; viewIdResName: null; uniqueId: null; checkable: false; checked: false; focusable: false; focused: false; selected: false; clickable: false; longClickable: false; contextClickable: false; enabled: true; password: false; scrollable: false; importantForAccessibility: false; visible: false; actions: [AccessibilityAction: ACTION_SELECT - null, AccessibilityAction: ACTION_CLEAR_SELECTION - null, AccessibilityAction: ACTION_ACCESSIBILITY_FOCUS - null, AccessibilityAction: ACTION_SHOW_ON_SCREEN - null]; isTextSelectable: false
06-24 03:02:29.665  8127  8127 W AccessibilityNodeInfoDumper: Fetch time: 13ms
06-24 03:02:29.666   522  2540 W WindowMagnificationMgr: requestConnection duplicated request: connect=false, mConnectionState=DISCONNECTED
06-24 03:02:29.666   522  2540 D AccessibilityManagerService: restoreCurrentUserForTestAutomationIfNeededLocked(): ignoring because device doesn't support visible background users
06-24 03:02:29.667  1649  1702 I AiAiEcho: Settings changed for uri: content://settings/secure/accessibility_enabled
06-24 03:02:29.667  8127  8127 D AndroidRuntime: Shutting down VM
06-24 03:02:29.670  1649  1882 I AiAiEcho: Predicting[0]: 
06-24 03:02:29.670  1649  1882 I AiAiEcho: EchoTargets: 
06-24 03:02:29.670  1649  1882 I AiAiEcho: Filtered by AiAi flag check: 
06-24 03:02:29.670  1649  1882 I AiAiEcho: Ranked targets strategy: SORT, count: 0, ranking metadata: 
06-24 03:02:29.671  1649  1882 I AiAiEcho: Predicting[0]: 
06-24 03:02:29.671  1649  1882 I AiAiEcho: EchoTargets: 
06-24 03:02:29.671  1649  1882 I AiAiEcho: Filtered by AiAi flag check: 
06-24 03:02:29.671  1784  2205 I A       : NGA enabled in interactor.
06-24 03:02:29.671  1784  2205 I A       : Nga state changed to NgaStateDetails{state=ENABLED, isSpecialExperience=false}
06-24 03:02:29.671  1649  1882 I AiAiEcho: Ranked targets strategy: SORT, count: 0, ranking metadata: 
06-24 03:02:29.671  1649  1882 I AiAiEcho: #postPredictionTargets: Sending updates to UISurface lockscreen with targets# 0 (types=[])
06-24 03:02:29.671  1649  1882 I AiAiEcho: #postPredictionTargets: Sending updates to UISurface home with targets# 0 (types=[])
06-24 03:02:29.672   839   839 W PageIndicator: Total number of pages invalid: 0. Assuming 1 page.
06-24 03:02:29.676   522   522 D BatterySaverPolicy: accessibility changed to false, updating policy.
06-24 03:02:29.677  1655  4926 I A       : Initializing all components
06-24 03:02:29.678  1655  4926 I A       : APA or Classic session decision: SessionDecision(sessionVariance=CLASSIC, platformVariance=CLASSIC, justification=CURRENT_PLATFORM_VARIANCE).
06-24 03:02:29.678  1655  4926 I A       : [Memory] eligibility: StashEligibility{6}
06-24 03:02:29.678  1655  2296 I A       : onIsEnabledChanged, isEnabled: false
06-24 03:02:29.678  1655  2296 W A       : Disposing empty manager. Did you forgot to subscribe observables?
06-24 03:02:29.678  1655  2333 I A       : on opa visibility changed false
06-24 03:02:29.678  1655  2296 W A       : Disposing empty manager. Did you forgot to subscribe observables?
06-24 03:02:29.678  1655  2296 W A       : Disposing empty manager. Did you forgot to subscribe observables?
06-24 03:02:29.678  1655  2333 I A       : on opa visibility changed false
06-24 03:02:29.678  1655  2296 W A       : Disposing empty manager. Did you forgot to subscribe observables?
06-24 03:02:29.679  1655  2296 W A       : Disposing empty manager. Did you forgot to subscribe observables?
06-24 03:02:29.679  1655  2296 W A       : Disposing empty manager. Did you forgot to subscribe observables?
06-24 03:02:29.679  1655  2296 W A       : Disposing empty manager. Did you forgot to subscribe observables?
06-24 03:02:29.679  1655  2296 W A       : Disposing empty manager. Did you forgot to subscribe observables?
06-24 03:02:29.679  1655  2296 W A       : Disposing empty manager. Did you forgot to subscribe observables?
06-24 03:02:29.679  1655  2296 W A       : Disposing empty manager. Did you forgot to subscribe observables?
06-24 03:02:29.679  1655  2296 I A       : onOpaVisibilityChanged: false
06-24 03:02:29.679  1655  2296 W A       : Disposing empty manager. Did you forgot to subscribe observables?
06-24 03:02:29.679  1655  2296 W A       : Disposing empty manager. Did you forgot to subscribe observables?
06-24 03:02:29.679  1655  2296 W A       : Disposing empty manager. Did you forgot to subscribe observables?
06-24 03:02:29.679  1655  2296 W A       : Disposing empty manager. Did you forgot to subscribe observables?
06-24 03:02:29.679  1655  2296 W A       : Disposing empty manager. Did you forgot to subscribe observables?
06-24 03:02:29.679  1655  2333 I A       : State changed: IDLE => IDLE by NGA_STATE_CHANGED and N/A with Optional.empty
06-24 03:02:29.679  1655  2296 W A       : Disposing empty manager. Did you forgot to subscribe observables?
06-24 03:02:29.679  1655  2296 I A       : Setting session to type: NO_SESSION
06-24 03:02:29.679  1655  2333 I A       : Recognizer choice: (recognizer_type: 1, recognizer_mode: 1, choice_reason: 4)
06-24 03:02:29.679  1655  2296 W A       : Disposing empty manager. Did you forgot to subscribe observables?
06-24 03:02:29.679  1655  2296 W A       : Disposing empty manager. Did you forgot to subscribe observables?
06-24 03:02:29.679  1655  2296 W A       : Disposing empty manager. Did you forgot to subscribe observables?
06-24 03:02:29.679  1655  2296 W A       : Disposing empty manager. Did you forgot to subscribe observables?
06-24 03:02:29.679  1655  2296 W A       : Disposing empty manager. Did you forgot to subscribe observables?
06-24 03:02:29.679  1655  2296 W A       : Disposing empty manager. Did you forgot to subscribe observables?
06-24 03:02:29.680  1655  2296 W A       : Disposing empty manager. Did you forgot to subscribe observables?
06-24 03:02:29.680  1655  2296 W A       : Disposing empty manager. Did you forgot to subscribe observables?
06-24 03:02:29.680  1655  2296 I A       : setNavBarVisible: GestureNavBarVisible{navbarVisible=true}
06-24 03:02:29.680  1655  2333 I A       : onActiveStateChangeEvent: IDLE => IDLE
06-24 03:02:29.680  1655  2333 I A       : #onActiveStateChangeEvent, newState: IDLE, previousState: IDLE.
06-24 03:02:29.680  1655  2296 W A       : Disposing empty manager. Did you forgot to subscribe observables?
06-24 03:02:29.680  1655  2296 W A       : Disposing empty manager. Did you forgot to subscribe observables?
06-24 03:02:29.680  1655  2296 W A       : Disposing empty manager. Did you forgot to subscribe observables?
06-24 03:02:29.680  1655  2296 W A       : Disposing empty manager. Did you forgot to subscribe observables?
06-24 03:02:29.680  1655  2296 W A       : Disposing empty manager. Did you forgot to subscribe observables?
06-24 03:02:29.680  1655  2296 W A       : Disposing empty manager. Did you forgot to subscribe observables?
06-24 03:02:29.680  1655  2296 I A       : onDisabled. Registered: false
06-24 03:02:29.682  1655  2333 I NgaEntryPointEventSendr: setupConnection
06-24 03:02:29.683  1655  2296 I A       : Initialize
06-24 03:02:29.683  1655  2296 I A       : stopListening(NGA_PAUSED_UNKNOWN_REASON, NGA_CREATE), idleOverride=NOT_LISTENING
06-24 03:02:29.685  1784  1784 I A       : Creating pss binder().
06-24 03:02:29.686  1655  2333 I NgaEntryPointEventSendr: State changed: Disconnected => Connecting
06-24 03:02:29.686  1655  2333 I NgaEntryPointEventSendr: onServiceConnected
06-24 03:02:29.686  1784  6212 I A       : Calling beginBinderSession().
06-24 03:02:29.687  1784  6212 I A       : beginBinderSession(): calling binder
06-24 03:02:29.687  1655  2333 I NgaEntryPointEventSendr: State changed: Connecting => Ready
06-24 03:02:29.692   522   826 W ActivityManager: Unable to start service Intent { cmp=com.google.android.apps.tachyon/.clientapi.ClientApiService } U=0: not found
06-24 03:02:29.695  1655  2296 I A       : Successfully initialized all components
06-24 03:02:29.700  1784  2509 W A       : UiCallbackStub-onGenericEvent[ServiceEvent = 60] task was not run. Callback from Service received after client was disposed.
06-24 03:02:29.700  1784  2672 I PBSessionCacheImpl: Deleted sessionId[7847897245595147] from persistence.
06-24 03:02:29.701  1784  2509 W SearchServiceCore: Abort, client detached.
06-24 03:02:29.702  1655  2333 I NgaEntryPointEventSendr: State changed: Ready => Disconnected (onOpaDisconnected)
06-24 03:02:30.508  7863  7882 D EGL_emulation: app_time_stats: avg=499.67ms min=499.04ms max=500.13ms count=3
