06-25 03:38:48.882  5193  5517 I Maestro : Skipping invisible child: android.view.accessibility.AccessibilityNodeInfo@124c1; boundsInParent: Rect(0, 0 - 320, 0); boundsInScreen: Rect(0, 0 - 320, 0); boundsInWindow: Rect(0, 0 - 320, 0); packageName: com.hanapkalinga.mobile; className: android.view.ViewGroup; text: null; error: null; maxTextLength: -1; stateDescription: null; contentDescription: null; tooltipText: null; containerTitle: null; viewIdResName: null; uniqueId: null; checkable: false; checked: false; focusable: false; focused: false; selected: false; clickable: false; longClickable: false; contextClickable: false; enabled: true; password: false; scrollable: false; importantForAccessibility: false; visible: false; actions: [AccessibilityAction: ACTION_SELECT - null, AccessibilityAction: ACTION_CLEAR_SELECTION - null, AccessibilityAction: ACTION_ACCESSIBILITY_FOCUS - null, AccessibilityAction: ACTION_SHOW_ON_SCREEN - null]; isTextSelectable: false
06-25 03:38:48.882  5193  5517 I Maestro : Skipping invisible child: android.view.accessibility.AccessibilityNodeInfo@1a463; boundsInParent: Rect(0, 0 - 320, 0); boundsInScreen: Rect(0, 0 - 320, 0); boundsInWindow: Rect(0, 0 - 320, 0); packageName: com.hanapkalinga.mobile; className: android.widget.LinearLayout; text: null; error: null; maxTextLength: -1; stateDescription: null; contentDescription: null; tooltipText: null; containerTitle: null; viewIdResName: null; uniqueId: null; checkable: false; checked: false; focusable: false; focused: false; selected: false; clickable: false; longClickable: false; contextClickable: false; enabled: true; password: false; scrollable: false; importantForAccessibility: false; visible: false; actions: [AccessibilityAction: ACTION_SELECT - null, AccessibilityAction: ACTION_CLEAR_SELECTION - null, AccessibilityAction: ACTION_ACCESSIBILITY_FOCUS - null, AccessibilityAction: ACTION_SHOW_ON_SCREEN - null]; isTextSelectable: false
06-25 03:38:48.883  5193  5517 I Maestro : Skipping invisible child: android.view.accessibility.AccessibilityNodeInfo@1a0a2; boundsInParent: Rect(0, 0 - 320, 0); boundsInScreen: Rect(0, 0 - 320, 0); boundsInWindow: Rect(0, 0 - 320, 0); packageName: com.hanapkalinga.mobile; className: android.view.ViewGroup; text: null; error: null; maxTextLength: -1; stateDescription: null; contentDescription: null; tooltipText: null; containerTitle: null; viewIdResName: null; uniqueId: null; checkable: false; checked: false; focusable: false; focused: false; selected: false; clickable: false; longClickable: false; contextClickable: false; enabled: true; password: false; scrollable: false; importantForAccessibility: false; visible: false; actions: [AccessibilityAction: ACTION_SELECT - null, AccessibilityAction: ACTION_CLEAR_SELECTION - null, AccessibilityAction: ACTION_ACCESSIBILITY_FOCUS - null, AccessibilityAction: ACTION_SHOW_ON_SCREEN - null]; isTextSelectable: false
06-25 03:38:48.896   839   839 D StatusBarIconController: ignoring old pipeline callback because the new wifi icon is enabled
06-25 03:38:48.905  5193  5517 D Maestro : View hierarchy received in 30 ms
06-25 03:38:48.962  5193  5517 D Maestro : Requesting view hierarchy
06-25 03:38:48.963  5193  5517 W QueryController: Could not detect idle state.
06-25 03:38:48.963  5193  5517 W QueryController: Could not detect idle state.
06-25 03:38:48.971  5193  5517 I Maestro : Skipping invisible child: android.view.accessibility.AccessibilityNodeInfo@12882; boundsInParent: Rect(0, 0 - 320, 0); boundsInScreen: Rect(0, 0 - 320, 0); boundsInWindow: Rect(0, 0 - 320, 0); packageName: com.hanapkalinga.mobile; className: android.widget.LinearLayout; text: null; error: null; maxTextLength: -1; stateDescription: null; contentDescription: null; tooltipText: null; containerTitle: null; viewIdResName: null; uniqueId: null; checkable: false; checked: false; focusable: false; focused: false; selected: false; clickable: false; longClickable: false; contextClickable: false; enabled: true; password: false; scrollable: false; importantForAccessibility: false; visible: false; actions: [AccessibilityAction: ACTION_SELECT - null, AccessibilityAction: ACTION_CLEAR_SELECTION - null, AccessibilityAction: ACTION_ACCESSIBILITY_FOCUS - null, AccessibilityAction: ACTION_SHOW_ON_SCREEN - null]; isTextSelectable: false
06-25 03:38:48.972  5193  5517 I Maestro : Skipping invisible child: android.view.accessibility.AccessibilityNodeInfo@124c1; boundsInParent: Rect(0, 0 - 320, 0); boundsInScreen: Rect(0, 0 - 320, 0); boundsInWindow: Rect(0, 0 - 320, 0); packageName: com.hanapkalinga.mobile; className: android.view.ViewGroup; text: null; error: null; maxTextLength: -1; stateDescription: null; contentDescription: null; tooltipText: null; containerTitle: null; viewIdResName: null; uniqueId: null; checkable: false; checked: false; focusable: false; focused: false; selected: false; clickable: false; longClickable: false; contextClickable: false; enabled: true; password: false; scrollable: false; importantForAccessibility: false; visible: false; actions: [AccessibilityAction: ACTION_SELECT - null, AccessibilityAction: ACTION_CLEAR_SELECTION - null, AccessibilityAction: ACTION_ACCESSIBILITY_FOCUS - null, AccessibilityAction: ACTION_SHOW_ON_SCREEN - null]; isTextSelectable: false
06-25 03:38:48.973  5193  5517 I Maestro : Skipping invisible child: android.view.accessibility.AccessibilityNodeInfo@1a463; boundsInParent: Rect(0, 0 - 320, 0); boundsInScreen: Rect(0, 0 - 320, 0); boundsInWindow: Rect(0, 0 - 320, 0); packageName: com.hanapkalinga.mobile; className: android.widget.LinearLayout; text: null; error: null; maxTextLength: -1; stateDescription: null; contentDescription: null; tooltipText: null; containerTitle: null; viewIdResName: null; uniqueId: null; checkable: false; checked: false; focusable: false; focused: false; selected: false; clickable: false; longClickable: false; contextClickable: false; enabled: true; password: false; scrollable: false; importantForAccessibility: false; visible: false; actions: [AccessibilityAction: ACTION_SELECT - null, AccessibilityAction: ACTION_CLEAR_SELECTION - null, AccessibilityAction: ACTION_ACCESSIBILITY_FOCUS - null, AccessibilityAction: ACTION_SHOW_ON_SCREEN - null]; isTextSelectable: false
06-25 03:38:48.973  5193  5517 I Maestro : Skipping invisible child: android.view.accessibility.AccessibilityNodeInfo@1a0a2; boundsInParent: Rect(0, 0 - 320, 0); boundsInScreen: Rect(0, 0 - 320, 0); boundsInWindow: Rect(0, 0 - 320, 0); packageName: com.hanapkalinga.mobile; className: android.view.ViewGroup; text: null; error: null; maxTextLength: -1; stateDescription: null; contentDescription: null; tooltipText: null; containerTitle: null; viewIdResName: null; uniqueId: null; checkable: false; checked: false; focusable: false; focused: false; selected: false; clickable: false; longClickable: false; contextClickable: false; enabled: true; password: false; scrollable: false; importantForAccessibility: false; visible: false; actions: [AccessibilityAction: ACTION_SELECT - null, AccessibilityAction: ACTION_CLEAR_SELECTION - null, AccessibilityAction: ACTION_ACCESSIBILITY_FOCUS - null, AccessibilityAction: ACTION_SHOW_ON_SCREEN - null]; isTextSelectable: false
06-25 03:38:48.995  5193  5517 D Maestro : View hierarchy received in 33 ms
06-25 03:38:49.017  5567  5567 D BoundBrokerSvc: onUnbind: Intent { act=com.google.android.gms.constellation.service.START pkg=com.google.android.gms }
06-25 03:38:49.087   839   839 D StatusBarIconController: ignoring old pipeline callbacks, because the new mobile icons are enabled
06-25 03:38:49.087  1766  1766 W JobService: onNetworkChanged() not implemented in com.google.android.apps.gsa.tasks.BackgroundTasksJobService. Must override in a subclass.
06-25 03:38:49.088  2742  2742 W JobService: onNetworkChanged() not implemented in com.android.voicemail.impl.scheduling.TaskSchedulerJobService. Must override in a subclass.
06-25 03:38:49.097  5193  5517 D Maestro : Requesting view hierarchy
06-25 03:38:49.097  5193  5517 W QueryController: Could not detect idle state.
06-25 03:38:49.098  5193  5517 W QueryController: Could not detect idle state.
06-25 03:38:49.106  5193  5517 I Maestro : Skipping invisible child: android.view.accessibility.AccessibilityNodeInfo@12882; boundsInParent: Rect(0, 0 - 320, 0); boundsInScreen: Rect(0, 0 - 320, 0); boundsInWindow: Rect(0, 0 - 320, 0); packageName: com.hanapkalinga.mobile; className: android.widget.LinearLayout; text: null; error: null; maxTextLength: -1; stateDescription: null; contentDescription: null; tooltipText: null; containerTitle: null; viewIdResName: null; uniqueId: null; checkable: false; checked: false; focusable: false; focused: false; selected: false; clickable: false; longClickable: false; contextClickable: false; enabled: true; password: false; scrollable: false; importantForAccessibility: false; visible: false; actions: [AccessibilityAction: ACTION_SELECT - null, AccessibilityAction: ACTION_CLEAR_SELECTION - null, AccessibilityAction: ACTION_ACCESSIBILITY_FOCUS - null, AccessibilityAction: ACTION_SHOW_ON_SCREEN - null]; isTextSelectable: false
06-25 03:38:49.107  5193  5517 I Maestro : Skipping invisible child: android.view.accessibility.AccessibilityNodeInfo@124c1; boundsInParent: Rect(0, 0 - 320, 0); boundsInScreen: Rect(0, 0 - 320, 0); boundsInWindow: Rect(0, 0 - 320, 0); packageName: com.hanapkalinga.mobile; className: android.view.ViewGroup; text: null; error: null; maxTextLength: -1; stateDescription: null; contentDescription: null; tooltipText: null; containerTitle: null; viewIdResName: null; uniqueId: null; checkable: false; checked: false; focusable: false; focused: false; selected: false; clickable: false; longClickable: false; contextClickable: false; enabled: true; password: false; scrollable: false; importantForAccessibility: false; visible: false; actions: [AccessibilityAction: ACTION_SELECT - null, AccessibilityAction: ACTION_CLEAR_SELECTION - null, AccessibilityAction: ACTION_ACCESSIBILITY_FOCUS - null, AccessibilityAction: ACTION_SHOW_ON_SCREEN - null]; isTextSelectable: false
06-25 03:38:49.107  5193  5517 I Maestro : Skipping invisible child: android.view.accessibility.AccessibilityNodeInfo@1a463; boundsInParent: Rect(0, 0 - 320, 0); boundsInScreen: Rect(0, 0 - 320, 0); boundsInWindow: Rect(0, 0 - 320, 0); packageName: com.hanapkalinga.mobile; className: android.widget.LinearLayout; text: null; error: null; maxTextLength: -1; stateDescription: null; contentDescription: null; tooltipText: null; containerTitle: null; viewIdResName: null; uniqueId: null; checkable: false; checked: false; focusable: false; focused: false; selected: false; clickable: false; longClickable: false; contextClickable: false; enabled: true; password: false; scrollable: false; importantForAccessibility: false; visible: false; actions: [AccessibilityAction: ACTION_SELECT - null, AccessibilityAction: ACTION_CLEAR_SELECTION - null, AccessibilityAction: ACTION_ACCESSIBILITY_FOCUS - null, AccessibilityAction: ACTION_SHOW_ON_SCREEN - null]; isTextSelectable: false
06-25 03:38:49.108  5193  5517 I Maestro : Skipping invisible child: android.view.accessibility.AccessibilityNodeInfo@1a0a2; boundsInParent: Rect(0, 0 - 320, 0); boundsInScreen: Rect(0, 0 - 320, 0); boundsInWindow: Rect(0, 0 - 320, 0); packageName: com.hanapkalinga.mobile; className: android.view.ViewGroup; text: null; error: null; maxTextLength: -1; stateDescription: null; contentDescription: null; tooltipText: null; containerTitle: null; viewIdResName: null; uniqueId: null; checkable: false; checked: false; focusable: false; focused: false; selected: false; clickable: false; longClickable: false; contextClickable: false; enabled: true; password: false; scrollable: false; importantForAccessibility: false; visible: false; actions: [AccessibilityAction: ACTION_SELECT - null, AccessibilityAction: ACTION_CLEAR_SELECTION - null, AccessibilityAction: ACTION_ACCESSIBILITY_FOCUS - null, AccessibilityAction: ACTION_SHOW_ON_SCREEN - null]; isTextSelectable: false
06-25 03:38:49.129  5567  6167 I ChimeraConfigurator: Starting update, reason: 4 urgentFeatures: vision.ocr:-1
06-25 03:38:49.130  5193  5517 D Maestro : View hierarchy received in 33 ms
06-25 03:38:49.141  5567  6167 I ChimeraConfigurator: Detected pending changes for urgent request: [vision.ocr]. Pending module sets: container:2318189190800+mlkit.ocr.common,tflite_dynamite:2605805025100800+tflite_dynamite,vision_ocr:2316024025100000+vision.ocr
06-25 03:38:49.146  5567  6167 I GmsDebugLogger: [73] 1801
06-25 03:38:49.152  5567  6167 W ZappDownloader: No successful module downloads for requested features [vision.ocr].
06-25 03:38:49.152  5567  6167 I GmsDebugLogger: [30] [VisionOcrDynamite.integ:231602402100000],[TfliteDynamiteDynamite.integ:260580502100800],[MlkitOcrCommon.optional:231818100800]
06-25 03:38:49.159  5567  6167 W ChimeraConfigService: Retry attempt was throttled. [CONTEXT service_id=264 ]
06-25 03:38:49.160  5567  6167 I GmsDebugLogger: [83] 1 [vision.ocr]
06-25 03:38:49.164  5567  6166 W Vision  : Request for optional module download of ocr failed. Request again.
06-25 03:38:49.164  5567  6166 W Vision  : Would have logged:
06-25 03:38:49.164  5567  6166 W Vision  : # dsae@37884fe7
06-25 03:38:49.164  5567  6166 I Vision  : Schedule retrying download ocr at 155937 with backoff 20 seconds
06-25 03:38:49.224  5193  5517 D Maestro : Requesting view hierarchy
06-25 03:38:49.225  5193  5517 W QueryController: Could not detect idle state.
06-25 03:38:49.225  5193  5517 W QueryController: Could not detect idle state.
06-25 03:38:49.231  1766  2308 W A       : Batch timed out; batchId=1 taskId=-1000006
06-25 03:38:49.236  5193  5517 I Maestro : Skipping invisible child: android.view.accessibility.AccessibilityNodeInfo@12882; boundsInParent: Rect(0, 0 - 320, 0); boundsInScreen: Rect(0, 0 - 320, 0); boundsInWindow: Rect(0, 0 - 320, 0); packageName: com.hanapkalinga.mobile; className: android.widget.LinearLayout; text: null; error: null; maxTextLength: -1; stateDescription: null; contentDescription: null; tooltipText: null; containerTitle: null; viewIdResName: null; uniqueId: null; checkable: false; checked: false; focusable: false; focused: false; selected: false; clickable: false; longClickable: false; contextClickable: false; enabled: true; password: false; scrollable: false; importantForAccessibility: false; visible: false; actions: [AccessibilityAction: ACTION_SELECT - null, AccessibilityAction: ACTION_CLEAR_SELECTION - null, AccessibilityAction: ACTION_ACCESSIBILITY_FOCUS - null, AccessibilityAction: ACTION_SHOW_ON_SCREEN - null]; isTextSelectable: false
06-25 03:38:49.237  5193  5517 I Maestro : Skipping invisible child: android.view.accessibility.AccessibilityNodeInfo@124c1; boundsInParent: Rect(0, 0 - 320, 0); boundsInScreen: Rect(0, 0 - 320, 0); boundsInWindow: Rect(0, 0 - 320, 0); packageName: com.hanapkalinga.mobile; className: android.view.ViewGroup; text: null; error: null; maxTextLength: -1; stateDescription: null; contentDescription: null; tooltipText: null; containerTitle: null; viewIdResName: null; uniqueId: null; checkable: false; checked: false; focusable: false; focused: false; selected: false; clickable: false; longClickable: false; contextClickable: false; enabled: true; password: false; scrollable: false; importantForAccessibility: false; visible: false; actions: [AccessibilityAction: ACTION_SELECT - null, AccessibilityAction: ACTION_CLEAR_SELECTION - null, AccessibilityAction: ACTION_ACCESSIBILITY_FOCUS - null, AccessibilityAction: ACTION_SHOW_ON_SCREEN - null]; isTextSelectable: false
06-25 03:38:49.238  5193  5517 I Maestro : Skipping invisible child: android.view.accessibility.AccessibilityNodeInfo@1a463; boundsInParent: Rect(0, 0 - 320, 0); boundsInScreen: Rect(0, 0 - 320, 0); boundsInWindow: Rect(0, 0 - 320, 0); packageName: com.hanapkalinga.mobile; className: android.widget.LinearLayout; text: null; error: null; maxTextLength: -1; stateDescription: null; contentDescription: null; tooltipText: null; containerTitle: null; viewIdResName: null; uniqueId: null; checkable: false; checked: false; focusable: false; focused: false; selected: false; clickable: false; longClickable: false; contextClickable: false; enabled: true; password: false; scrollable: false; importantForAccessibility: false; visible: false; actions: [AccessibilityAction: ACTION_SELECT - null, AccessibilityAction: ACTION_CLEAR_SELECTION - null, AccessibilityAction: ACTION_ACCESSIBILITY_FOCUS - null, AccessibilityAction: ACTION_SHOW_ON_SCREEN - null]; isTextSelectable: false
06-25 03:38:49.241   522  1900 W JobScheduler: Job didn't exist in JobStore: 34e80d8 #u0a132/-1000006 com.google.android.googlequicksearchbox/com.google.android.apps.gsa.tasks.BackgroundTasksJobService
06-25 03:38:49.242  5193  5517 I Maestro : Skipping invisible child: android.view.accessibility.AccessibilityNodeInfo@1a0a2; boundsInParent: Rect(0, 0 - 320, 0); boundsInScreen: Rect(0, 0 - 320, 0); boundsInWindow: Rect(0, 0 - 320, 0); packageName: com.hanapkalinga.mobile; className: android.view.ViewGroup; text: null; error: null; maxTextLength: -1; stateDescription: null; contentDescription: null; tooltipText: null; containerTitle: null; viewIdResName: null; uniqueId: null; checkable: false; checked: false; focusable: false; focused: false; selected: false; clickable: false; longClickable: false; contextClickable: false; enabled: true; password: false; scrollable: false; importantForAccessibility: false; visible: false; actions: [AccessibilityAction: ACTION_SELECT - null, AccessibilityAction: ACTION_CLEAR_SELECTION - null, AccessibilityAction: ACTION_ACCESSIBILITY_FOCUS - null, AccessibilityAction: ACTION_SHOW_ON_SCREEN - null]; isTextSelectable: false
06-25 03:38:49.268  5193  5517 D Maestro : View hierarchy received in 43 ms
06-25 03:38:49.271  1766  2861 D t       : Starting download: https://www.gstatic.com/federated_assistant/policy_config_federated_hotword-v610555528.binarypb
06-25 03:38:49.271  1766  2861 V t       : Is http uri, downloading (uri: https://www.gstatic.com/federated_assistant/policy_config_federated_hotword-v610555528.binarypb)
06-25 03:38:49.272  1766  2210 D t       : Starting download: https://www.gstatic.com/assistant/appintegration/models/1/662c5aa4617258c027708e2bb9323ead.binarypb
06-25 03:38:49.272  1766  2210 V t       : Is http uri, downloading (uri: https://www.gstatic.com/assistant/appintegration/models/1/662c5aa4617258c027708e2bb9323ead.binarypb)
06-25 03:38:49.273  1766  2306 I A       : NGA Sync: MDD Task: MDD.CHARGING.PERIODIC.TASK done.
06-25 03:38:49.274  1766  2306 I A       : NGA Sync: isNgaSyncEnabled: false; enableFileGroupPopulator: false; requiresMddAssets: false
06-25 03:38:49.274  1766  2229 I A       : Refresh account policy.
06-25 03:38:49.276  1766  2318 W SearchServiceCore: Abort, client detached.
06-25 03:38:49.277  1766  2318 W SearchServiceCore: Abort, client detached.
06-25 03:38:49.328  5193  5517 D Maestro : Requesting view hierarchy
06-25 03:38:49.329  5193  5517 W QueryController: Could not detect idle state.
06-25 03:38:49.329  5193  5517 W QueryController: Could not detect idle state.
06-25 03:38:49.338  5193  5517 I Maestro : Skipping invisible child: android.view.accessibility.AccessibilityNodeInfo@12882; boundsInParent: Rect(0, 0 - 320, 0); boundsInScreen: Rect(0, 0 - 320, 0); boundsInWindow: Rect(0, 0 - 320, 0); packageName: com.hanapkalinga.mobile; className: android.widget.LinearLayout; text: null; error: null; maxTextLength: -1; stateDescription: null; contentDescription: null; tooltipText: null; containerTitle: null; viewIdResName: null; uniqueId: null; checkable: false; checked: false; focusable: false; focused: false; selected: false; clickable: false; longClickable: false; contextClickable: false; enabled: true; password: false; scrollable: false; importantForAccessibility: false; visible: false; actions: [AccessibilityAction: ACTION_SELECT - null, AccessibilityAction: ACTION_CLEAR_SELECTION - null, AccessibilityAction: ACTION_ACCESSIBILITY_FOCUS - null, AccessibilityAction: ACTION_SHOW_ON_SCREEN - null]; isTextSelectable: false
06-25 03:38:49.339  5193  5517 I Maestro : Skipping invisible child: android.view.accessibility.AccessibilityNodeInfo@124c1; boundsInParent: Rect(0, 0 - 320, 0); boundsInScreen: Rect(0, 0 - 320, 0); boundsInWindow: Rect(0, 0 - 320, 0); packageName: com.hanapkalinga.mobile; className: android.view.ViewGroup; text: null; error: null; maxTextLength: -1; stateDescription: null; contentDescription: null; tooltipText: null; containerTitle: null; viewIdResName: null; uniqueId: null; checkable: false; checked: false; focusable: false; focused: false; selected: false; clickable: false; longClickable: false; contextClickable: false; enabled: true; password: false; scrollable: false; importantForAccessibility: false; visible: false; actions: [AccessibilityAction: ACTION_SELECT - null, AccessibilityAction: ACTION_CLEAR_SELECTION - null, AccessibilityAction: ACTION_ACCESSIBILITY_FOCUS - null, AccessibilityAction: ACTION_SHOW_ON_SCREEN - null]; isTextSelectable: false
06-25 03:38:49.339  5193  5517 I Maestro : Skipping invisible child: android.view.accessibility.AccessibilityNodeInfo@1a463; boundsInParent: Rect(0, 0 - 320, 0); boundsInScreen: Rect(0, 0 - 320, 0); boundsInWindow: Rect(0, 0 - 320, 0); packageName: com.hanapkalinga.mobile; className: android.widget.LinearLayout; text: null; error: null; maxTextLength: -1; stateDescription: null; contentDescription: null; tooltipText: null; containerTitle: null; viewIdResName: null; uniqueId: null; checkable: false; checked: false; focusable: false; focused: false; selected: false; clickable: false; longClickable: false; contextClickable: false; enabled: true; password: false; scrollable: false; importantForAccessibility: false; visible: false; actions: [AccessibilityAction: ACTION_SELECT - null, AccessibilityAction: ACTION_CLEAR_SELECTION - null, AccessibilityAction: ACTION_ACCESSIBILITY_FOCUS - null, AccessibilityAction: ACTION_SHOW_ON_SCREEN - null]; isTextSelectable: false
06-25 03:38:49.340  5193  5517 I Maestro : Skipping invisible child: android.view.accessibility.AccessibilityNodeInfo@1a0a2; boundsInParent: Rect(0, 0 - 320, 0); boundsInScreen: Rect(0, 0 - 320, 0); boundsInWindow: Rect(0, 0 - 320, 0); packageName: com.hanapkalinga.mobile; className: android.view.ViewGroup; text: null; error: null; maxTextLength: -1; stateDescription: null; contentDescription: null; tooltipText: null; containerTitle: null; viewIdResName: null; uniqueId: null; checkable: false; checked: false; focusable: false; focused: false; selected: false; clickable: false; longClickable: false; contextClickable: false; enabled: true; password: false; scrollable: false; importantForAccessibility: false; visible: false; actions: [AccessibilityAction: ACTION_SELECT - null, AccessibilityAction: ACTION_CLEAR_SELECTION - null, AccessibilityAction: ACTION_ACCESSIBILITY_FOCUS - null, AccessibilityAction: ACTION_SHOW_ON_SCREEN - null]; isTextSelectable: false
06-25 03:38:49.356  5193  5517 D Maestro : View hierarchy received in 28 ms
06-25 03:38:49.388   338   376 I netd    : tetherGetStats() -> {[]} <0.43ms>
06-25 03:38:49.390   338   376 I netd    : bandwidthSetGlobalAlert(2097152) <0.08ms>
06-25 03:38:49.392   338   376 I netd    : bandwidthRemoveInterfaceQuota(eth0) <0.49ms>
06-25 03:38:49.392   338   376 I netd    : bandwidthSetInterfaceQuota(eth0, 9223372036854775807) <0.51ms>
06-25 03:38:49.451  5193  5517 D Maestro : Requesting view hierarchy
06-25 03:38:49.451  5193  5517 W QueryController: Could not detect idle state.
06-25 03:38:49.452  5193  5517 W QueryController: Could not detect idle state.
06-25 03:38:49.461  5193  5517 I Maestro : Skipping invisible child: android.view.accessibility.AccessibilityNodeInfo@12882; boundsInParent: Rect(0, 0 - 320, 0); boundsInScreen: Rect(0, 0 - 320, 0); boundsInWindow: Rect(0, 0 - 320, 0); packageName: com.hanapkalinga.mobile; className: android.widget.LinearLayout; text: null; error: null; maxTextLength: -1; stateDescription: null; contentDescription: null; tooltipText: null; containerTitle: null; viewIdResName: null; uniqueId: null; checkable: false; checked: false; focusable: false; focused: false; selected: false; clickable: false; longClickable: false; contextClickable: false; enabled: true; password: false; scrollable: false; importantForAccessibility: false; visible: false; actions: [AccessibilityAction: ACTION_SELECT - null, AccessibilityAction: ACTION_CLEAR_SELECTION - null, AccessibilityAction: ACTION_ACCESSIBILITY_FOCUS - null, AccessibilityAction: ACTION_SHOW_ON_SCREEN - null]; isTextSelectable: false
06-25 03:38:49.462  5193  5517 I Maestro : Skipping invisible child: android.view.accessibility.AccessibilityNodeInfo@124c1; boundsInParent: Rect(0, 0 - 320, 0); boundsInScreen: Rect(0, 0 - 320, 0); boundsInWindow: Rect(0, 0 - 320, 0); packageName: com.hanapkalinga.mobile; className: android.view.ViewGroup; text: null; error: null; maxTextLength: -1; stateDescription: null; contentDescription: null; tooltipText: null; containerTitle: null; viewIdResName: null; uniqueId: null; checkable: false; checked: false; focusable: false; focused: false; selected: false; clickable: false; longClickable: false; contextClickable: false; enabled: true; password: false; scrollable: false; importantForAccessibility: false; visible: false; actions: [AccessibilityAction: ACTION_SELECT - null, AccessibilityAction: ACTION_CLEAR_SELECTION - null, AccessibilityAction: ACTION_ACCESSIBILITY_FOCUS - null, AccessibilityAction: ACTION_SHOW_ON_SCREEN - null]; isTextSelectable: false
06-25 03:38:49.463  5193  5517 I Maestro : Skipping invisible child: android.view.accessibility.AccessibilityNodeInfo@1a463; boundsInParent: Rect(0, 0 - 320, 0); boundsInScreen: Rect(0, 0 - 320, 0); boundsInWindow: Rect(0, 0 - 320, 0); packageName: com.hanapkalinga.mobile; className: android.widget.LinearLayout; text: null; error: null; maxTextLength: -1; stateDescription: null; contentDescription: null; tooltipText: null; containerTitle: null; viewIdResName: null; uniqueId: null; checkable: false; checked: false; focusable: false; focused: false; selected: false; clickable: false; longClickable: false; contextClickable: false; enabled: true; password: false; scrollable: false; importantForAccessibility: false; visible: false; actions: [AccessibilityAction: ACTION_SELECT - null, AccessibilityAction: ACTION_CLEAR_SELECTION - null, AccessibilityAction: ACTION_ACCESSIBILITY_FOCUS - null, AccessibilityAction: ACTION_SHOW_ON_SCREEN - null]; isTextSelectable: false
06-25 03:38:49.463  5193  5517 I Maestro : Skipping invisible child: android.view.accessibility.AccessibilityNodeInfo@1a0a2; boundsInParent: Rect(0, 0 - 320, 0); boundsInScreen: Rect(0, 0 - 320, 0); boundsInWindow: Rect(0, 0 - 320, 0); packageName: com.hanapkalinga.mobile; className: android.view.ViewGroup; text: null; error: null; maxTextLength: -1; stateDescription: null; contentDescription: null; tooltipText: null; containerTitle: null; viewIdResName: null; uniqueId: null; checkable: false; checked: false; focusable: false; focused: false; selected: false; clickable: false; longClickable: false; contextClickable: false; enabled: true; password: false; scrollable: false; importantForAccessibility: false; visible: false; actions: [AccessibilityAction: ACTION_SELECT - null, AccessibilityAction: ACTION_CLEAR_SELECTION - null, AccessibilityAction: ACTION_ACCESSIBILITY_FOCUS - null, AccessibilityAction: ACTION_SHOW_ON_SCREEN - null]; isTextSelectable: false
06-25 03:38:49.478  5193  5517 D Maestro : View hierarchy received in 27 ms
06-25 03:38:49.521  5387  5408 D EGL_emulation: app_time_stats: avg=499.81ms min=499.65ms max=499.96ms count=3
06-25 03:38:49.574  5193  5517 D Maestro : Requesting view hierarchy
06-25 03:38:49.575  5193  5517 W QueryController: Could not detect idle state.
06-25 03:38:49.575  5193  5517 W QueryController: Could not detect idle state.
06-25 03:38:49.583  5193  5517 I Maestro : Skipping invisible child: android.view.accessibility.AccessibilityNodeInfo@12882; boundsInParent: Rect(0, 0 - 320, 0); boundsInScreen: Rect(0, 0 - 320, 0); boundsInWindow: Rect(0, 0 - 320, 0); packageName: com.hanapkalinga.mobile; className: android.widget.LinearLayout; text: null; error: null; maxTextLength: -1; stateDescription: null; contentDescription: null; tooltipText: null; containerTitle: null; viewIdResName: null; uniqueId: null; checkable: false; checked: false; focusable: false; focused: false; selected: false; clickable: false; longClickable: false; contextClickable: false; enabled: true; password: false; scrollable: false; importantForAccessibility: false; visible: false; actions: [AccessibilityAction: ACTION_SELECT - null, AccessibilityAction: ACTION_CLEAR_SELECTION - null, AccessibilityAction: ACTION_ACCESSIBILITY_FOCUS - null, AccessibilityAction: ACTION_SHOW_ON_SCREEN - null]; isTextSelectable: false
06-25 03:38:49.584  5193  5517 I Maestro : Skipping invisible child: android.view.accessibility.AccessibilityNodeInfo@124c1; boundsInParent: Rect(0, 0 - 320, 0); boundsInScreen: Rect(0, 0 - 320, 0); boundsInWindow: Rect(0, 0 - 320, 0); packageName: com.hanapkalinga.mobile; className: android.view.ViewGroup; text: null; error: null; maxTextLength: -1; stateDescription: null; contentDescription: null; tooltipText: null; containerTitle: null; viewIdResName: null; uniqueId: null; checkable: false; checked: false; focusable: false; focused: false; selected: false; clickable: false; longClickable: false; contextClickable: false; enabled: true; password: false; scrollable: false; importantForAccessibility: false; visible: false; actions: [AccessibilityAction: ACTION_SELECT - null, AccessibilityAction: ACTION_CLEAR_SELECTION - null, AccessibilityAction: ACTION_ACCESSIBILITY_FOCUS - null, AccessibilityAction: ACTION_SHOW_ON_SCREEN - null]; isTextSelectable: false
06-25 03:38:49.584  5193  5517 I Maestro : Skipping invisible child: android.view.accessibility.AccessibilityNodeInfo@1a463; boundsInParent: Rect(0, 0 - 320, 0); boundsInScreen: Rect(0, 0 - 320, 0); boundsInWindow: Rect(0, 0 - 320, 0); packageName: com.hanapkalinga.mobile; className: android.widget.LinearLayout; text: null; error: null; maxTextLength: -1; stateDescription: null; contentDescription: null; tooltipText: null; containerTitle: null; viewIdResName: null; uniqueId: null; checkable: false; checked: false; focusable: false; focused: false; selected: false; clickable: false; longClickable: false; contextClickable: false; enabled: true; password: false; scrollable: false; importantForAccessibility: false; visible: false; actions: [AccessibilityAction: ACTION_SELECT - null, AccessibilityAction: ACTION_CLEAR_SELECTION - null, AccessibilityAction: ACTION_ACCESSIBILITY_FOCUS - null, AccessibilityAction: ACTION_SHOW_ON_SCREEN - null]; isTextSelectable: false
06-25 03:38:49.584  5193  5517 I Maestro : Skipping invisible child: android.view.accessibility.AccessibilityNodeInfo@1a0a2; boundsInParent: Rect(0, 0 - 320, 0); boundsInScreen: Rect(0, 0 - 320, 0); boundsInWindow: Rect(0, 0 - 320, 0); packageName: com.hanapkalinga.mobile; className: android.view.ViewGroup; text: null; error: null; maxTextLength: -1; stateDescription: null; contentDescription: null; tooltipText: null; containerTitle: null; viewIdResName: null; uniqueId: null; checkable: false; checked: false; focusable: false; focused: false; selected: false; clickable: false; longClickable: false; contextClickable: false; enabled: true; password: false; scrollable: false; importantForAccessibility: false; visible: false; actions: [AccessibilityAction: ACTION_SELECT - null, AccessibilityAction: ACTION_CLEAR_SELECTION - null, AccessibilityAction: ACTION_ACCESSIBILITY_FOCUS - null, AccessibilityAction: ACTION_SHOW_ON_SCREEN - null]; isTextSelectable: false
06-25 03:38:49.600  5193  5517 D Maestro : View hierarchy received in 26 ms
06-25 03:38:49.695  5193  5517 D Maestro : Requesting view hierarchy
06-25 03:38:49.695  5193  5517 W QueryController: Could not detect idle state.
06-25 03:38:49.695  5193  5517 W QueryController: Could not detect idle state.
06-25 03:38:49.704  5193  5517 I Maestro : Skipping invisible child: android.view.accessibility.AccessibilityNodeInfo@12882; boundsInParent: Rect(0, 0 - 320, 0); boundsInScreen: Rect(0, 0 - 320, 0); boundsInWindow: Rect(0, 0 - 320, 0); packageName: com.hanapkalinga.mobile; className: android.widget.LinearLayout; text: null; error: null; maxTextLength: -1; stateDescription: null; contentDescription: null; tooltipText: null; containerTitle: null; viewIdResName: null; uniqueId: null; checkable: false; checked: false; focusable: false; focused: false; selected: false; clickable: false; longClickable: false; contextClickable: false; enabled: true; password: false; scrollable: false; importantForAccessibility: false; visible: false; actions: [AccessibilityAction: ACTION_SELECT - null, AccessibilityAction: ACTION_CLEAR_SELECTION - null, AccessibilityAction: ACTION_ACCESSIBILITY_FOCUS - null, AccessibilityAction: ACTION_SHOW_ON_SCREEN - null]; isTextSelectable: false
06-25 03:38:49.704  5193  5517 I Maestro : Skipping invisible child: android.view.accessibility.AccessibilityNodeInfo@124c1; boundsInParent: Rect(0, 0 - 320, 0); boundsInScreen: Rect(0, 0 - 320, 0); boundsInWindow: Rect(0, 0 - 320, 0); packageName: com.hanapkalinga.mobile; className: android.view.ViewGroup; text: null; error: null; maxTextLength: -1; stateDescription: null; contentDescription: null; tooltipText: null; containerTitle: null; viewIdResName: null; uniqueId: null; checkable: false; checked: false; focusable: false; focused: false; selected: false; clickable: false; longClickable: false; contextClickable: false; enabled: true; password: false; scrollable: false; importantForAccessibility: false; visible: false; actions: [AccessibilityAction: ACTION_SELECT - null, AccessibilityAction: ACTION_CLEAR_SELECTION - null, AccessibilityAction: ACTION_ACCESSIBILITY_FOCUS - null, AccessibilityAction: ACTION_SHOW_ON_SCREEN - null]; isTextSelectable: false
06-25 03:38:49.704  5193  5517 I Maestro : Skipping invisible child: android.view.accessibility.AccessibilityNodeInfo@1a463; boundsInParent: Rect(0, 0 - 320, 0); boundsInScreen: Rect(0, 0 - 320, 0); boundsInWindow: Rect(0, 0 - 320, 0); packageName: com.hanapkalinga.mobile; className: android.widget.LinearLayout; text: null; error: null; maxTextLength: -1; stateDescription: null; contentDescription: null; tooltipText: null; containerTitle: null; viewIdResName: null; uniqueId: null; checkable: false; checked: false; focusable: false; focused: false; selected: false; clickable: false; longClickable: false; contextClickable: false; enabled: true; password: false; scrollable: false; importantForAccessibility: false; visible: false; actions: [AccessibilityAction: ACTION_SELECT - null, AccessibilityAction: ACTION_CLEAR_SELECTION - null, AccessibilityAction: ACTION_ACCESSIBILITY_FOCUS - null, AccessibilityAction: ACTION_SHOW_ON_SCREEN - null]; isTextSelectable: false
06-25 03:38:49.705  5193  5517 I Maestro : Skipping invisible child: android.view.accessibility.AccessibilityNodeInfo@1a0a2; boundsInParent: Rect(0, 0 - 320, 0); boundsInScreen: Rect(0, 0 - 320, 0); boundsInWindow: Rect(0, 0 - 320, 0); packageName: com.hanapkalinga.mobile; className: android.view.ViewGroup; text: null; error: null; maxTextLength: -1; stateDescription: null; contentDescription: null; tooltipText: null; containerTitle: null; viewIdResName: null; uniqueId: null; checkable: false; checked: false; focusable: false; focused: false; selected: false; clickable: false; longClickable: false; contextClickable: false; enabled: true; password: false; scrollable: false; importantForAccessibility: false; visible: false; actions: [AccessibilityAction: ACTION_SELECT - null, AccessibilityAction: ACTION_CLEAR_SELECTION - null, AccessibilityAction: ACTION_ACCESSIBILITY_FOCUS - null, AccessibilityAction: ACTION_SHOW_ON_SCREEN - null]; isTextSelectable: false
06-25 03:38:49.719  5193  5517 D Maestro : View hierarchy received in 24 ms
06-25 03:38:49.746  1766  2210 E MDD     : DownloadProgressMonitor: Can't find file group for uri: android://com.google.android.googlequicksearchbox/files/datadownload/shared/public/datadownloadfile_1782358646438
06-25 03:38:49.746  1766  2861 E MDD     : DownloadProgressMonitor: Can't find file group for uri: android://com.google.android.googlequicksearchbox/files/datadownload/shared/public/datadownloadfile_1782358646440
06-25 03:38:49.750  1766  2474 D t       : Starting download: https://www.gstatic.com/assistant/appintegration/models/1/05a8f7c516a3ad6c26cc4161a3dd6ac6.binarypb
06-25 03:38:49.750  1766  2474 V t       : Is http uri, downloading (uri: https://www.gstatic.com/assistant/appintegration/models/1/05a8f7c516a3ad6c26cc4161a3dd6ac6.binarypb)
06-25 03:38:49.755  1766  2474 E MDD     : DownloadProgressMonitor: Can't find file group for uri: android://com.google.android.googlequicksearchbox/files/datadownload/shared/public/datadownloadfile_1782358646439
06-25 03:38:49.756  1766  2861 D t       : Starting download: https://dl.google.com/assistant/nga/1/4bce3720332aff95260f75ee29bbe97bd379e868.mddz
06-25 03:38:49.756  1766  2861 V t       : Is http uri, downloading (uri: https://dl.google.com/assistant/nga/1/4bce3720332aff95260f75ee29bbe97bd379e868.mddz)
06-25 03:38:49.758  1766  2210 D t       : Starting download: https://dl.google.com/assistant/nga/1/17d453d07f334b7d810f8e6e05dbd6001dc45eea.mddz
06-25 03:38:49.758  1766  2210 V t       : Is http uri, downloading (uri: https://dl.google.com/assistant/nga/1/17d453d07f334b7d810f8e6e05dbd6001dc45eea.mddz)
06-25 03:38:49.763  1766  2477 E SingleDataFileGroupPop: Failed to add file group 
06-25 03:38:49.763  1766  2477 E PhFileGroupPop: Failed to add file group 
06-25 03:38:49.763  1766  2477 E PhFileGroupPop: Failed to add file group 
06-25 03:38:49.763  1766  2477 E PhFileGroupPop: Failed to add file group 
06-25 03:38:49.763  1766  2477 E PhFileGroupPop: Failed to add file group 
06-25 03:38:49.763  1766  2477 E PhFileGroupPop: Failed to add file group 
06-25 03:38:49.764  1766  2477 E d       : RuntimeException while executing runnable cb{com.google.apps.tiktok.tracing.ej@5a72500} with executor MoreExecutors.directExecutor()
06-25 03:38:49.764  1766  2477 E d       : java.lang.NullPointerException: Attempt to read from field 'java.lang.String com.google.android.libraries.mdi.download.ae.b' on a null object reference in method 'void com.google.android.libraries.mdi.download.h.bq.gH(java.lang.Object)'
06-25 03:38:49.764  1766  2477 E d       : 	at com.google.android.libraries.mdi.download.h.bq.gH(PG:2)
06-25 03:38:49.764  1766  2477 E d       : 	at com.google.apps.tiktok.tracing.ej.gH(PG:2)
06-25 03:38:49.764  1766  2477 E d       : 	at com.google.common.util.concurrent.cb.run(PG:7)
06-25 03:38:49.764  1766  2477 E d       : 	at com.google.common.util.concurrent.bf.execute(PG:1)
06-25 03:38:49.764  1766  2477 E d       : 	at com.google.common.util.concurrent.d.i(PG:1)
06-25 03:38:49.764  1766  2477 E d       : 	at com.google.common.util.concurrent.d.iq(PG:5)
06-25 03:38:49.764  1766  2477 E d       : 	at com.google.common.util.concurrent.ci.t(PG:1)
06-25 03:38:49.764  1766  2477 E d       : 	at com.google.android.libraries.mdi.download.h.bu.b(PG:26)
06-25 03:38:49.764  1766  2477 E d       : 	at com.google.android.libraries.mdi.download.gs.p(PG:3)
06-25 03:38:49.764  1766  2477 E d       : 	at com.google.android.libraries.mdi.download.gf.apply(Unknown Source:4)
06-25 03:38:49.764  1766  2477 E d       : 	at com.google.apps.tiktok.tracing.eo.apply(PG:2)
06-25 03:38:49.764  1766  2477 E d       : 	at com.google.common.util.concurrent.h.e(PG:2)
06-25 03:38:49.764  1766  2477 E d       : 	at com.google.common.util.concurrent.j.run(PG:9)
06-25 03:38:49.764  1766  2477 E d       : 	at com.google.common.util.concurrent.do.run(PG:4)
06-25 03:38:49.764  1766  2477 E d       : 	at com.google.android.libraries.i.ae.run(PG:1)
06-25 03:38:49.764  1766  2477 E d       : 	at java.util.concurrent.ThreadPoolExecutor.runWorker(ThreadPoolExecutor.java:1145)
06-25 03:38:49.764  1766  2477 E d       : 	at java.util.concurrent.ThreadPoolExecutor$Worker.run(ThreadPoolExecutor.java:644)
06-25 03:38:49.764  1766  2477 E d       : 	at com.google.android.libraries.i.i.run(PG:2)
06-25 03:38:49.764  1766  2477 E d       : 	at com.google.android.libraries.i.p.run(PG:4)
06-25 03:38:49.764  1766  2477 E d       : 	at java.lang.Thread.run(Thread.java:1012)
06-25 03:38:49.764  1766  2477 E PhFileGroupPop: Failed to add file group 
06-25 03:38:49.764  1766  2477 E PhFileGroupPop: Failed to add file group 
06-25 03:38:49.764  1766  2477 E PhFileGroupPop: Failed to add file group 
06-25 03:38:49.764  1766  2474 I A       : Starting new batch; batchId=2 corpus=1004
06-25 03:38:49.764  1766  2477 I A       : Download file group for language pack: en-US
06-25 03:38:49.764  1766  2477 W A       : Locale en-US is not compatible, please check manifest exists
06-25 03:38:49.764  1766  5672 I A       : Joining existing batch; batchId=2 corpus=1008
06-25 03:38:49.764  1766  2554 I A       : Joining existing batch; batchId=2 corpus=1014
06-25 03:38:49.765  1766  2477 I A       : Using proto config with mendel
06-25 03:38:49.765  1766  5671 I A       : Joining existing batch; batchId=2 corpus=1015
06-25 03:38:49.765  1766  2477 I A       : Using proto config with mendel
06-25 03:38:49.765  1766  2477 I A       : Using proto config with mendel
06-25 03:38:49.765  1766  2477 I A       : Merging legacy hotword config map with new proto.
06-25 03:38:49.765  1766  2477 I A       : Adding from config to map. Locale: cmn-Hant-TW modelPrefix: x_google Location:4e7cae00daee30ec565c34e3aa67a51f isSpeakerIdSupported: true
06-25 03:38:49.766  1766  2477 I A       : Adding from config to map. Locale: id-ID modelPrefix: x_google Location:cfffcc1a4c1c084c003c8eb27f73d770 isSpeakerIdSupported: true
06-25 03:38:49.766  1766  2477 I A       : Adding from config to map. Locale: ko-KR modelPrefix: x_google Location:0b132163a2eb2c1194b202067475724b isSpeakerIdSupported: true
06-25 03:38:49.766  1766  2477 I A       : Skipping. Expected model: 2 Found: 1
06-25 03:38:49.766  1766  2477 I A       : Adding from config to map. Locale: zh-TW modelPrefix: x_google Location:4e7cae00daee30ec565c34e3aa67a51f isSpeakerIdSupported: true
06-25 03:38:49.766  1766  2477 I HotwordModelPopulator: #updateHotwordFileGroup group name: hotword_model_en-US_okhey, raw locale: en-US, locale: en-US
06-25 03:38:49.766  1766  2477 I A       : Using proto config with mendel
06-25 03:38:49.766  1766  2477 I A       : Using proto config with mendel
06-25 03:38:49.766  1766  2477 I A       : Merging legacy hotword config map with new proto.
06-25 03:38:49.766  1766  2477 I A       : Adding from config to map. Locale: cmn-Hant-TW modelPrefix: x_google Location:4e7cae00daee30ec565c34e3aa67a51f isSpeakerIdSupported: true
06-25 03:38:49.766  1766  2477 I A       : Adding from config to map. Locale: id-ID modelPrefix: x_google Location:cfffcc1a4c1c084c003c8eb27f73d770 isSpeakerIdSupported: true
06-25 03:38:49.766  1766  2477 I A       : Adding from config to map. Locale: ko-KR modelPrefix: x_google Location:0b132163a2eb2c1194b202067475724b isSpeakerIdSupported: true
06-25 03:38:49.766  1766  2477 I A       : Skipping. Expected model: 2 Found: 1
06-25 03:38:49.766  1766  2477 I A       : Adding from config to map. Locale: zh-TW modelPrefix: x_google Location:4e7cae00daee30ec565c34e3aa67a51f isSpeakerIdSupported: true
06-25 03:38:49.766  1766  2477 I HotwordModelPopulator: #updateHotwordFileGroup group name: hotword_model_en-US_okhey, raw locale: en-US, locale: en-US
06-25 03:38:49.766  1766  2477 I A       : Using proto config with mendel
06-25 03:38:49.766  1766  2477 I A       : Merging legacy hotword config map with new proto.
06-25 03:38:49.767  1766  2477 I A       : Adding from config to map. Locale: cmn-Hant-TW modelPrefix: x_google Location:4e7cae00daee30ec565c34e3aa67a51f isSpeakerIdSupported: true
06-25 03:38:49.767  1766  2477 I A       : Adding from config to map. Locale: id-ID modelPrefix: x_google Location:cfffcc1a4c1c084c003c8eb27f73d770 isSpeakerIdSupported: true
06-25 03:38:49.767  1766  2477 I A       : Adding from config to map. Locale: ko-KR modelPrefix: x_google Location:0b132163a2eb2c1194b202067475724b isSpeakerIdSupported: true
06-25 03:38:49.767  1766  2477 I A       : Skipping. Expected model: 2 Found: 1
06-25 03:38:49.767  1766  2477 I A       : Adding from config to map. Locale: zh-TW modelPrefix: x_google Location:4e7cae00daee30ec565c34e3aa67a51f isSpeakerIdSupported: true
06-25 03:38:49.767  1766  2477 I HotwordModelPopulator: #updateHotwordFileGroup group name: hotword_model_en-US_okhey, raw locale: en-US, locale: en-US
06-25 03:38:49.768  1766  2477 D PhFileGroupPop: Added file groups assistant_appintegration_appactions_config
06-25 03:38:49.770  1766  2477 D PhFileGroupPop: Added file groups fedass_policy_config_group
06-25 03:38:49.770  1766  2477 D PhFileGroupPop: Added file groups tapas_cortex
06-25 03:38:49.775  1766  2229 I MicroModelsUtil: #getHotwordModelFromMobstore [mobstoreUri: android://com.google.android.googlequicksearchbox/files/datadownload/shared/public/datadownloadfile_1782358646437]
06-25 03:38:49.776  1766  2229 I HotwordModelPopulator: Updated file group for locale 'hotword_model_en-US_okhey' from location: https://www.gstatic.com/android-search/hotword/x_google/975058821313279e27b2c3f04de0beef/hotword.data. Download already finished.
06-25 03:38:49.777  1766  2220 I MicroModelsUtil: #getHotwordModelFromMobstore [mobstoreUri: android://com.google.android.googlequicksearchbox/files/datadownload/shared/public/datadownloadfile_1782358646437]
06-25 03:38:49.777  1766  2229 I MicroModelsUtil: #getHotwordModelFromMobstore [mobstoreUri: android://com.google.android.googlequicksearchbox/files/datadownload/shared/public/datadownloadfile_1782358646437]
06-25 03:38:49.777  1766  2220 I HotwordModelPopulator: Updated file group for locale 'hotword_model_en-US_okhey' from location: https://www.gstatic.com/android-search/hotword/x_google/975058821313279e27b2c3f04de0beef/hotword.data. Download already finished.
06-25 03:38:49.778  1766  2229 I HotwordModelPopulator: Updated file group for locale 'hotword_model_en-US_okhey' from location: https://www.gstatic.com/android-search/hotword/x_google/975058821313279e27b2c3f04de0beef/hotword.data. Download already finished.
06-25 03:38:49.785  5193  5262 D Maestro : Requesting view hierarchy
06-25 03:38:49.786  5193  5262 W QueryController: Could not detect idle state.
06-25 03:38:49.786  5193  5262 W QueryController: Could not detect idle state.
06-25 03:38:49.795  5193  5262 I Maestro : Skipping invisible child: android.view.accessibility.AccessibilityNodeInfo@12882; boundsInParent: Rect(0, 0 - 320, 0); boundsInScreen: Rect(0, 0 - 320, 0); boundsInWindow: Rect(0, 0 - 320, 0); packageName: com.hanapkalinga.mobile; className: android.widget.LinearLayout; text: null; error: null; maxTextLength: -1; stateDescription: null; contentDescription: null; tooltipText: null; containerTitle: null; viewIdResName: null; uniqueId: null; checkable: false; checked: false; focusable: false; focused: false; selected: false; clickable: false; longClickable: false; contextClickable: false; enabled: true; password: false; scrollable: false; importantForAccessibility: false; visible: false; actions: [AccessibilityAction: ACTION_SELECT - null, AccessibilityAction: ACTION_CLEAR_SELECTION - null, AccessibilityAction: ACTION_ACCESSIBILITY_FOCUS - null, AccessibilityAction: ACTION_SHOW_ON_SCREEN - null]; isTextSelectable: false
06-25 03:38:49.795  5193  5262 I Maestro : Skipping invisible child: android.view.accessibility.AccessibilityNodeInfo@124c1; boundsInParent: Rect(0, 0 - 320, 0); boundsInScreen: Rect(0, 0 - 320, 0); boundsInWindow: Rect(0, 0 - 320, 0); packageName: com.hanapkalinga.mobile; className: android.view.ViewGroup; text: null; error: null; maxTextLength: -1; stateDescription: null; contentDescription: null; tooltipText: null; containerTitle: null; viewIdResName: null; uniqueId: null; checkable: false; checked: false; focusable: false; focused: false; selected: false; clickable: false; longClickable: false; contextClickable: false; enabled: true; password: false; scrollable: false; importantForAccessibility: false; visible: false; actions: [AccessibilityAction: ACTION_SELECT - null, AccessibilityAction: ACTION_CLEAR_SELECTION - null, AccessibilityAction: ACTION_ACCESSIBILITY_FOCUS - null, AccessibilityAction: ACTION_SHOW_ON_SCREEN - null]; isTextSelectable: false
06-25 03:38:49.796  5193  5262 I Maestro : Skipping invisible child: android.view.accessibility.AccessibilityNodeInfo@1a463; boundsInParent: Rect(0, 0 - 320, 0); boundsInScreen: Rect(0, 0 - 320, 0); boundsInWindow: Rect(0, 0 - 320, 0); packageName: com.hanapkalinga.mobile; className: android.widget.LinearLayout; text: null; error: null; maxTextLength: -1; stateDescription: null; contentDescription: null; tooltipText: null; containerTitle: null; viewIdResName: null; uniqueId: null; checkable: false; checked: false; focusable: false; focused: false; selected: false; clickable: false; longClickable: false; contextClickable: false; enabled: true; password: false; scrollable: false; importantForAccessibility: false; visible: false; actions: [AccessibilityAction: ACTION_SELECT - null, AccessibilityAction: ACTION_CLEAR_SELECTION - null, AccessibilityAction: ACTION_ACCESSIBILITY_FOCUS - null, AccessibilityAction: ACTION_SHOW_ON_SCREEN - null]; isTextSelectable: false
