--------- beginning of main
06-25 03:42:16.354  7756  7756 W WindowOnBackDispatcher: sendCancelIfRunning: isInProgress=falsecallback=ImeCallback=ImeOnBackInvokedCallback@164123109 Callback=android.window.IOnBackInvokedCallback$Stub$Proxy@2ffecf2
--------- beginning of system
06-25 03:42:16.355   522  2363 D CoreBackPreview: Window{1eed5e8 u0 com.hanapkalinga.mobile/com.hanapkalinga.mobile.MainActivity}: Setting back callback OnBackInvokedCallbackInfo{mCallback=android.window.IOnBackInvokedCallback$Stub$Proxy@f8fdaf6, mPriority=0, mIsAnimationCallback=false}
06-25 03:42:16.358  1554  1687 D EGL_emulation: app_time_stats: avg=2115.17ms min=2115.17ms max=2115.17ms count=1
06-25 03:42:16.375   839   839 D StatusBarIconController: ignoring old pipeline callback because the new wifi icon is enabled
06-25 03:42:16.376  7756  7756 I ImeTracker: com.hanapkalinga.mobile:7e37d333: onRequestHide at ORIGIN_CLIENT_HIDE_SOFT_INPUT reason HIDE_SOFT_INPUT_BY_INSETS_API
06-25 03:42:16.377   522  2363 I ImeTracker: com.hanapkalinga.mobile:7e37d333: onCancelled at PHASE_SERVER_SHOULD_HIDE
06-25 03:42:16.377  7756  7756 I ImeTracker: com.hanapkalinga.mobile:7e4ad963: onHidden
06-25 03:42:16.972  7571  7818 D Maestro : Requesting view hierarchy
06-25 03:42:16.973  7571  7818 W QueryController: Could not detect idle state.
06-25 03:42:16.973  7571  7818 W QueryController: Could not detect idle state.
06-25 03:42:16.979  7571  7818 I Maestro : Skipping invisible child: android.view.accessibility.AccessibilityNodeInfo@128bf; boundsInParent: Rect(0, 0 - 320, 0); boundsInScreen: Rect(0, 0 - 320, 0); boundsInWindow: Rect(0, 0 - 320, 0); packageName: com.hanapkalinga.mobile; className: android.widget.LinearLayout; text: null; error: null; maxTextLength: -1; stateDescription: null; contentDescription: null; tooltipText: null; containerTitle: null; viewIdResName: null; uniqueId: null; checkable: false; checked: false; focusable: false; focused: false; selected: false; clickable: false; longClickable: false; contextClickable: false; enabled: true; password: false; scrollable: false; importantForAccessibility: false; visible: false; actions: [AccessibilityAction: ACTION_SELECT - null, AccessibilityAction: ACTION_CLEAR_SELECTION - null, AccessibilityAction: ACTION_ACCESSIBILITY_FOCUS - null, AccessibilityAction: ACTION_SHOW_ON_SCREEN - null]; isTextSelectable: false
06-25 03:42:16.979  7571  7818 I Maestro : Skipping invisible child: android.view.accessibility.AccessibilityNodeInfo@124fe; boundsInParent: Rect(0, 0 - 320, 0); boundsInScreen: Rect(0, 0 - 320, 0); boundsInWindow: Rect(0, 0 - 320, 0); packageName: com.hanapkalinga.mobile; className: android.view.ViewGroup; text: null; error: null; maxTextLength: -1; stateDescription: null; contentDescription: null; tooltipText: null; containerTitle: null; viewIdResName: null; uniqueId: null; checkable: false; checked: false; focusable: false; focused: false; selected: false; clickable: false; longClickable: false; contextClickable: false; enabled: true; password: false; scrollable: false; importantForAccessibility: false; visible: false; actions: [AccessibilityAction: ACTION_SELECT - null, AccessibilityAction: ACTION_CLEAR_SELECTION - null, AccessibilityAction: ACTION_ACCESSIBILITY_FOCUS - null, AccessibilityAction: ACTION_SHOW_ON_SCREEN - null]; isTextSelectable: false
06-25 03:42:16.980  7571  7818 I Maestro : Skipping invisible child: android.view.accessibility.AccessibilityNodeInfo@1a4a0; boundsInParent: Rect(0, 0 - 320, 0); boundsInScreen: Rect(0, 0 - 320, 0); boundsInWindow: Rect(0, 0 - 320, 0); packageName: com.hanapkalinga.mobile; className: android.widget.LinearLayout; text: null; error: null; maxTextLength: -1; stateDescription: null; contentDescription: null; tooltipText: null; containerTitle: null; viewIdResName: null; uniqueId: null; checkable: false; checked: false; focusable: false; focused: false; selected: false; clickable: false; longClickable: false; contextClickable: false; enabled: true; password: false; scrollable: false; importantForAccessibility: false; visible: false; actions: [AccessibilityAction: ACTION_SELECT - null, AccessibilityAction: ACTION_CLEAR_SELECTION - null, AccessibilityAction: ACTION_ACCESSIBILITY_FOCUS - null, AccessibilityAction: ACTION_SHOW_ON_SCREEN - null]; isTextSelectable: false
06-25 03:42:16.980  7571  7818 I Maestro : Skipping invisible child: android.view.accessibility.AccessibilityNodeInfo@1a0df; boundsInParent: Rect(0, 0 - 320, 0); boundsInScreen: Rect(0, 0 - 320, 0); boundsInWindow: Rect(0, 0 - 320, 0); packageName: com.hanapkalinga.mobile; className: android.view.ViewGroup; text: null; error: null; maxTextLength: -1; stateDescription: null; contentDescription: null; tooltipText: null; containerTitle: null; viewIdResName: null; uniqueId: null; checkable: false; checked: false; focusable: false; focused: false; selected: false; clickable: false; longClickable: false; contextClickable: false; enabled: true; password: false; scrollable: false; importantForAccessibility: false; visible: false; actions: [AccessibilityAction: ACTION_SELECT - null, AccessibilityAction: ACTION_CLEAR_SELECTION - null, AccessibilityAction: ACTION_ACCESSIBILITY_FOCUS - null, AccessibilityAction: ACTION_SHOW_ON_SCREEN - null]; isTextSelectable: false
06-25 03:42:17.001  7571  7818 D Maestro : View hierarchy received in 29 ms
06-25 03:42:17.095  7571  7818 D Maestro : Requesting view hierarchy
06-25 03:42:17.096  7571  7818 W QueryController: Could not detect idle state.
06-25 03:42:17.096  7571  7818 W QueryController: Could not detect idle state.
06-25 03:42:17.105  7571  7818 I Maestro : Skipping invisible child: android.view.accessibility.AccessibilityNodeInfo@128bf; boundsInParent: Rect(0, 0 - 320, 0); boundsInScreen: Rect(0, 0 - 320, 0); boundsInWindow: Rect(0, 0 - 320, 0); packageName: com.hanapkalinga.mobile; className: android.widget.LinearLayout; text: null; error: null; maxTextLength: -1; stateDescription: null; contentDescription: null; tooltipText: null; containerTitle: null; viewIdResName: null; uniqueId: null; checkable: false; checked: false; focusable: false; focused: false; selected: false; clickable: false; longClickable: false; contextClickable: false; enabled: true; password: false; scrollable: false; importantForAccessibility: false; visible: false; actions: [AccessibilityAction: ACTION_SELECT - null, AccessibilityAction: ACTION_CLEAR_SELECTION - null, AccessibilityAction: ACTION_ACCESSIBILITY_FOCUS - null, AccessibilityAction: ACTION_SHOW_ON_SCREEN - null]; isTextSelectable: false
06-25 03:42:17.106  7571  7818 I Maestro : Skipping invisible child: android.view.accessibility.AccessibilityNodeInfo@124fe; boundsInParent: Rect(0, 0 - 320, 0); boundsInScreen: Rect(0, 0 - 320, 0); boundsInWindow: Rect(0, 0 - 320, 0); packageName: com.hanapkalinga.mobile; className: android.view.ViewGroup; text: null; error: null; maxTextLength: -1; stateDescription: null; contentDescription: null; tooltipText: null; containerTitle: null; viewIdResName: null; uniqueId: null; checkable: false; checked: false; focusable: false; focused: false; selected: false; clickable: false; longClickable: false; contextClickable: false; enabled: true; password: false; scrollable: false; importantForAccessibility: false; visible: false; actions: [AccessibilityAction: ACTION_SELECT - null, AccessibilityAction: ACTION_CLEAR_SELECTION - null, AccessibilityAction: ACTION_ACCESSIBILITY_FOCUS - null, AccessibilityAction: ACTION_SHOW_ON_SCREEN - null]; isTextSelectable: false
06-25 03:42:17.106  7571  7818 I Maestro : Skipping invisible child: android.view.accessibility.AccessibilityNodeInfo@1a4a0; boundsInParent: Rect(0, 0 - 320, 0); boundsInScreen: Rect(0, 0 - 320, 0); boundsInWindow: Rect(0, 0 - 320, 0); packageName: com.hanapkalinga.mobile; className: android.widget.LinearLayout; text: null; error: null; maxTextLength: -1; stateDescription: null; contentDescription: null; tooltipText: null; containerTitle: null; viewIdResName: null; uniqueId: null; checkable: false; checked: false; focusable: false; focused: false; selected: false; clickable: false; longClickable: false; contextClickable: false; enabled: true; password: false; scrollable: false; importantForAccessibility: false; visible: false; actions: [AccessibilityAction: ACTION_SELECT - null, AccessibilityAction: ACTION_CLEAR_SELECTION - null, AccessibilityAction: ACTION_ACCESSIBILITY_FOCUS - null, AccessibilityAction: ACTION_SHOW_ON_SCREEN - null]; isTextSelectable: false
06-25 03:42:17.107  7571  7818 I Maestro : Skipping invisible child: android.view.accessibility.AccessibilityNodeInfo@1a0df; boundsInParent: Rect(0, 0 - 320, 0); boundsInScreen: Rect(0, 0 - 320, 0); boundsInWindow: Rect(0, 0 - 320, 0); packageName: com.hanapkalinga.mobile; className: android.view.ViewGroup; text: null; error: null; maxTextLength: -1; stateDescription: null; contentDescription: null; tooltipText: null; containerTitle: null; viewIdResName: null; uniqueId: null; checkable: false; checked: false; focusable: false; focused: false; selected: false; clickable: false; longClickable: false; contextClickable: false; enabled: true; password: false; scrollable: false; importantForAccessibility: false; visible: false; actions: [AccessibilityAction: ACTION_SELECT - null, AccessibilityAction: ACTION_CLEAR_SELECTION - null, AccessibilityAction: ACTION_ACCESSIBILITY_FOCUS - null, AccessibilityAction: ACTION_SHOW_ON_SCREEN - null]; isTextSelectable: false
06-25 03:42:17.122  7571  7818 D Maestro : View hierarchy received in 27 ms
06-25 03:42:17.212  7571  7655 D Maestro : Requesting view hierarchy
06-25 03:42:17.213  7571  7655 W QueryController: Could not detect idle state.
06-25 03:42:17.213  7571  7655 W QueryController: Could not detect idle state.
06-25 03:42:17.219  7571  7655 I Maestro : Skipping invisible child: android.view.accessibility.AccessibilityNodeInfo@128bf; boundsInParent: Rect(0, 0 - 320, 0); boundsInScreen: Rect(0, 0 - 320, 0); boundsInWindow: Rect(0, 0 - 320, 0); packageName: com.hanapkalinga.mobile; className: android.widget.LinearLayout; text: null; error: null; maxTextLength: -1; stateDescription: null; contentDescription: null; tooltipText: null; containerTitle: null; viewIdResName: null; uniqueId: null; checkable: false; checked: false; focusable: false; focused: false; selected: false; clickable: false; longClickable: false; contextClickable: false; enabled: true; password: false; scrollable: false; importantForAccessibility: false; visible: false; actions: [AccessibilityAction: ACTION_SELECT - null, AccessibilityAction: ACTION_CLEAR_SELECTION - null, AccessibilityAction: ACTION_ACCESSIBILITY_FOCUS - null, AccessibilityAction: ACTION_SHOW_ON_SCREEN - null]; isTextSelectable: false
06-25 03:42:17.220  7571  7655 I Maestro : Skipping invisible child: android.view.accessibility.AccessibilityNodeInfo@124fe; boundsInParent: Rect(0, 0 - 320, 0); boundsInScreen: Rect(0, 0 - 320, 0); boundsInWindow: Rect(0, 0 - 320, 0); packageName: com.hanapkalinga.mobile; className: android.view.ViewGroup; text: null; error: null; maxTextLength: -1; stateDescription: null; contentDescription: null; tooltipText: null; containerTitle: null; viewIdResName: null; uniqueId: null; checkable: false; checked: false; focusable: false; focused: false; selected: false; clickable: false; longClickable: false; contextClickable: false; enabled: true; password: false; scrollable: false; importantForAccessibility: false; visible: false; actions: [AccessibilityAction: ACTION_SELECT - null, AccessibilityAction: ACTION_CLEAR_SELECTION - null, AccessibilityAction: ACTION_ACCESSIBILITY_FOCUS - null, AccessibilityAction: ACTION_SHOW_ON_SCREEN - null]; isTextSelectable: false
06-25 03:42:17.220  7571  7655 I Maestro : Skipping invisible child: android.view.accessibility.AccessibilityNodeInfo@1a4a0; boundsInParent: Rect(0, 0 - 320, 0); boundsInScreen: Rect(0, 0 - 320, 0); boundsInWindow: Rect(0, 0 - 320, 0); packageName: com.hanapkalinga.mobile; className: android.widget.LinearLayout; text: null; error: null; maxTextLength: -1; stateDescription: null; contentDescription: null; tooltipText: null; containerTitle: null; viewIdResName: null; uniqueId: null; checkable: false; checked: false; focusable: false; focused: false; selected: false; clickable: false; longClickable: false; contextClickable: false; enabled: true; password: false; scrollable: false; importantForAccessibility: false; visible: false; actions: [AccessibilityAction: ACTION_SELECT - null, AccessibilityAction: ACTION_CLEAR_SELECTION - null, AccessibilityAction: ACTION_ACCESSIBILITY_FOCUS - null, AccessibilityAction: ACTION_SHOW_ON_SCREEN - null]; isTextSelectable: false
06-25 03:42:17.221  7571  7655 I Maestro : Skipping invisible child: android.view.accessibility.AccessibilityNodeInfo@1a0df; boundsInParent: Rect(0, 0 - 320, 0); boundsInScreen: Rect(0, 0 - 320, 0); boundsInWindow: Rect(0, 0 - 320, 0); packageName: com.hanapkalinga.mobile; className: android.view.ViewGroup; text: null; error: null; maxTextLength: -1; stateDescription: null; contentDescription: null; tooltipText: null; containerTitle: null; viewIdResName: null; uniqueId: null; checkable: false; checked: false; focusable: false; focused: false; selected: false; clickable: false; longClickable: false; contextClickable: false; enabled: true; password: false; scrollable: false; importantForAccessibility: false; visible: false; actions: [AccessibilityAction: ACTION_SELECT - null, AccessibilityAction: ACTION_CLEAR_SELECTION - null, AccessibilityAction: ACTION_ACCESSIBILITY_FOCUS - null, AccessibilityAction: ACTION_SHOW_ON_SCREEN - null]; isTextSelectable: false
06-25 03:42:17.243  7571  7655 D Maestro : View hierarchy received in 31 ms
06-25 03:42:17.468   522  2886 D ActivityManager: sync unfroze 1649 android.process.acore for 7
06-25 03:42:17.481  5503  7896 V NFC     : this device does not have NFC support
06-25 03:42:17.482  5503  7896 W TapAndPay: NfcAdapter is null while obtaining CardEmulation instance. [CONTEXT service_id=79 ]
06-25 03:42:17.482  5503  7896 W TapAndPay: java.lang.NullPointerException: NfcAdapter is null
06-25 03:42:17.482  5503  7896 W TapAndPay: 	at android.nfc.cardemulation.CardEmulation.getInstance(CardEmulation.java:152)
06-25 03:42:17.482  5503  7896 W TapAndPay: 	at cdoy.<init>(:com.google.android.gms@231818047@23.18.18 (190800-535401451):0)
06-25 03:42:17.482  5503  7896 W TapAndPay: 	at com.google.android.gms.tapandpay.hce.task.TapAndPayAidRegistrationTaskOperation.a(:com.google.android.gms@231818047@23.18.18 (190800-535401451):5)
06-25 03:42:17.482  5503  7896 W TapAndPay: 	at com.google.android.gms.tapandpay.gcmtask.TapAndPayGcmTaskChimeraService.a(:com.google.android.gms@231818047@23.18.18 (190800-535401451):4)
06-25 03:42:17.482  5503  7896 W TapAndPay: 	at avzs.call(:com.google.android.gms@231818047@23.18.18 (190800-535401451):4)
06-25 03:42:17.482  5503  7896 W TapAndPay: 	at java.util.concurrent.FutureTask.run(FutureTask.java:264)
06-25 03:42:17.482  5503  7896 W TapAndPay: 	at aced.c(:com.google.android.gms@231818047@23.18.18 (190800-535401451):6)
06-25 03:42:17.482  5503  7896 W TapAndPay: 	at aced.run(:com.google.android.gms@231818047@23.18.18 (190800-535401451):7)
06-25 03:42:17.482  5503  7896 W TapAndPay: 	at java.util.concurrent.ThreadPoolExecutor.runWorker(ThreadPoolExecutor.java:1145)
06-25 03:42:17.482  5503  7896 W TapAndPay: 	at java.util.concurrent.ThreadPoolExecutor$Worker.run(ThreadPoolExecutor.java:644)
06-25 03:42:17.482  5503  7896 W TapAndPay: 	at acjn.run(:com.google.android.gms@231818047@23.18.18 (190800-535401451):0)
06-25 03:42:17.482  5503  7896 W TapAndPay: 	at java.lang.Thread.run(Thread.java:1012)
06-25 03:42:17.483  5503  5531 I NetworkScheduler.Stats: Task com.google.android.gms/com.google.android.gms.tapandpay.gcmtask.TapAndPayGcmTaskService started execution. cause:4 exec_start_elapsed_seconds: 364 [CONTEXT service_id=218 ]
06-25 03:42:17.493  5503  7896 I NetworkScheduler.Stats: Task com.google.android.gms/com.google.android.gms.tapandpay.gcmtask.TapAndPayGcmTaskService finished executing. cause:4 result: 3 elapsed_millis: 48 uptime_millis: 48 exec_start_elapsed_seconds: 364 [CONTEXT service_id=218 ]
06-25 03:42:17.518  5503  5531 I NetworkScheduler.Stats: Task com.google.android.gms/com.google.android.gms.auth.account.be.legacy.AuthCronService started execution. cause:5 exec_start_elapsed_seconds: 364 [CONTEXT service_id=218 ]
06-25 03:42:17.527  7571  7818 D Maestro : Requesting view hierarchy
06-25 03:42:17.528  7571  7818 W QueryController: Could not detect idle state.
06-25 03:42:17.528  7571  7818 W QueryController: Could not detect idle state.
06-25 03:42:17.555  7756  7776 D EGL_emulation: app_time_stats: avg=374.98ms min=179.85ms max=500.24ms count=4
06-25 03:42:17.556  7571  7818 I Maestro : Skipping invisible child: android.view.accessibility.AccessibilityNodeInfo@128bf; boundsInParent: Rect(0, 0 - 320, 0); boundsInScreen: Rect(0, 0 - 320, 0); boundsInWindow: Rect(0, 0 - 320, 0); packageName: com.hanapkalinga.mobile; className: android.widget.LinearLayout; text: null; error: null; maxTextLength: -1; stateDescription: null; contentDescription: null; tooltipText: null; containerTitle: null; viewIdResName: null; uniqueId: null; checkable: false; checked: false; focusable: false; focused: false; selected: false; clickable: false; longClickable: false; contextClickable: false; enabled: true; password: false; scrollable: false; importantForAccessibility: false; visible: false; actions: [AccessibilityAction: ACTION_SELECT - null, AccessibilityAction: ACTION_CLEAR_SELECTION - null, AccessibilityAction: ACTION_ACCESSIBILITY_FOCUS - null, AccessibilityAction: ACTION_SHOW_ON_SCREEN - null]; isTextSelectable: false
06-25 03:42:17.556  7571  7818 I Maestro : Skipping invisible child: android.view.accessibility.AccessibilityNodeInfo@124fe; boundsInParent: Rect(0, 0 - 320, 0); boundsInScreen: Rect(0, 0 - 320, 0); boundsInWindow: Rect(0, 0 - 320, 0); packageName: com.hanapkalinga.mobile; className: android.view.ViewGroup; text: null; error: null; maxTextLength: -1; stateDescription: null; contentDescription: null; tooltipText: null; containerTitle: null; viewIdResName: null; uniqueId: null; checkable: false; checked: false; focusable: false; focused: false; selected: false; clickable: false; longClickable: false; contextClickable: false; enabled: true; password: false; scrollable: false; importantForAccessibility: false; visible: false; actions: [AccessibilityAction: ACTION_SELECT - null, AccessibilityAction: ACTION_CLEAR_SELECTION - null, AccessibilityAction: ACTION_ACCESSIBILITY_FOCUS - null, AccessibilityAction: ACTION_SHOW_ON_SCREEN - null]; isTextSelectable: false
06-25 03:42:17.557  7571  7818 I Maestro : Skipping invisible child: android.view.accessibility.AccessibilityNodeInfo@1a4a0; boundsInParent: Rect(0, 0 - 320, 0); boundsInScreen: Rect(0, 0 - 320, 0); boundsInWindow: Rect(0, 0 - 320, 0); packageName: com.hanapkalinga.mobile; className: android.widget.LinearLayout; text: null; error: null; maxTextLength: -1; stateDescription: null; contentDescription: null; tooltipText: null; containerTitle: null; viewIdResName: null; uniqueId: null; checkable: false; checked: false; focusable: false; focused: false; selected: false; clickable: false; longClickable: false; contextClickable: false; enabled: true; password: false; scrollable: false; importantForAccessibility: false; visible: false; actions: [AccessibilityAction: ACTION_SELECT - null, AccessibilityAction: ACTION_CLEAR_SELECTION - null, AccessibilityAction: ACTION_ACCESSIBILITY_FOCUS - null, AccessibilityAction: ACTION_SHOW_ON_SCREEN - null]; isTextSelectable: false
06-25 03:42:17.557  7571  7818 I Maestro : Skipping invisible child: android.view.accessibility.AccessibilityNodeInfo@1a0df; boundsInParent: Rect(0, 0 - 320, 0); boundsInScreen: Rect(0, 0 - 320, 0); boundsInWindow: Rect(0, 0 - 320, 0); packageName: com.hanapkalinga.mobile; className: android.view.ViewGroup; text: null; error: null; maxTextLength: -1; stateDescription: null; contentDescription: null; tooltipText: null; containerTitle: null; viewIdResName: null; uniqueId: null; checkable: false; checked: false; focusable: false; focused: false; selected: false; clickable: false; longClickable: false; contextClickable: false; enabled: true; password: false; scrollable: false; importantForAccessibility: false; visible: false; actions: [AccessibilityAction: ACTION_SELECT - null, AccessibilityAction: ACTION_CLEAR_SELECTION - null, AccessibilityAction: ACTION_ACCESSIBILITY_FOCUS - null, AccessibilityAction: ACTION_SHOW_ON_SCREEN - null]; isTextSelectable: false
06-25 03:42:17.563   522  1764 D ActivityManager: sync unfroze 2937 com.google.android.gms.unstable for 6
06-25 03:42:17.592  7571  7818 D Maestro : View hierarchy received in 65 ms
06-25 03:42:17.607  2937  7897 W libc    : Access denied finding property "persist.adb.tls_server.enable"
06-25 03:42:17.607  2937  7897 W libc    : Access denied finding property "service.adb.tls.port"
06-25 03:42:17.602  2937  2937 W binder:2937_B: type=1400 audit(0.0:75): avc:  denied  { read } for  name="u:object_r:system_adbd_prop:s0" dev="tmpfs" ino=292 scontext=u:r:gmscore_app:s0:c512,c768 tcontext=u:object_r:system_adbd_prop:s0 tclass=file permissive=0 app=com.google.android.gms
06-25 03:42:17.606  2937  2937 W binder:2937_B: type=1400 audit(0.0:76): avc:  denied  { read } for  name="u:object_r:adbd_prop:s0" dev="tmpfs" ino=60 scontext=u:r:gmscore_app:s0:c512,c768 tcontext=u:object_r:adbd_prop:s0 tclass=file permissive=0 app=com.google.android.gms
06-25 03:42:17.620   338  7900 I resolv  : GetAddrInfoHandler::run: {101 786533 101 983141 10131 0}
06-25 03:42:17.621  2937  7897 D TrafficStats: tagSocket(81) with statsTag=0x1809, statsUid=-1
06-25 03:42:17.625  5503  5758 W GmsUrlRequestImpl: Content-Type header is overwritten.
06-25 03:42:17.626   338  7901 I resolv  : GetAddrInfoHandler::run: {101 786533 101 983141 10131 0}
06-25 03:42:17.627   338  7902 I resolv  : res_nmkquery: (QUERY, IN, AAAA)
06-25 03:42:17.627   338  7903 I resolv  : res_nmkquery: (QUERY, IN, A)
06-25 03:42:17.687  7571  7818 D Maestro : Requesting view hierarchy
06-25 03:42:17.687  7571  7818 W QueryController: Could not detect idle state.
06-25 03:42:17.688  7571  7818 W QueryController: Could not detect idle state.
06-25 03:42:17.693  7571  7818 I Maestro : Skipping invisible child: android.view.accessibility.AccessibilityNodeInfo@128bf; boundsInParent: Rect(0, 0 - 320, 0); boundsInScreen: Rect(0, 0 - 320, 0); boundsInWindow: Rect(0, 0 - 320, 0); packageName: com.hanapkalinga.mobile; className: android.widget.LinearLayout; text: null; error: null; maxTextLength: -1; stateDescription: null; contentDescription: null; tooltipText: null; containerTitle: null; viewIdResName: null; uniqueId: null; checkable: false; checked: false; focusable: false; focused: false; selected: false; clickable: false; longClickable: false; contextClickable: false; enabled: true; password: false; scrollable: false; importantForAccessibility: false; visible: false; actions: [AccessibilityAction: ACTION_SELECT - null, AccessibilityAction: ACTION_CLEAR_SELECTION - null, AccessibilityAction: ACTION_ACCESSIBILITY_FOCUS - null, AccessibilityAction: ACTION_SHOW_ON_SCREEN - null]; isTextSelectable: false
06-25 03:42:17.693  7571  7818 I Maestro : Skipping invisible child: android.view.accessibility.AccessibilityNodeInfo@124fe; boundsInParent: Rect(0, 0 - 320, 0); boundsInScreen: Rect(0, 0 - 320, 0); boundsInWindow: Rect(0, 0 - 320, 0); packageName: com.hanapkalinga.mobile; className: android.view.ViewGroup; text: null; error: null; maxTextLength: -1; stateDescription: null; contentDescription: null; tooltipText: null; containerTitle: null; viewIdResName: null; uniqueId: null; checkable: false; checked: false; focusable: false; focused: false; selected: false; clickable: false; longClickable: false; contextClickable: false; enabled: true; password: false; scrollable: false; importantForAccessibility: false; visible: false; actions: [AccessibilityAction: ACTION_SELECT - null, AccessibilityAction: ACTION_CLEAR_SELECTION - null, AccessibilityAction: ACTION_ACCESSIBILITY_FOCUS - null, AccessibilityAction: ACTION_SHOW_ON_SCREEN - null]; isTextSelectable: false
06-25 03:42:17.694  7571  7818 I Maestro : Skipping invisible child: android.view.accessibility.AccessibilityNodeInfo@1a4a0; boundsInParent: Rect(0, 0 - 320, 0); boundsInScreen: Rect(0, 0 - 320, 0); boundsInWindow: Rect(0, 0 - 320, 0); packageName: com.hanapkalinga.mobile; className: android.widget.LinearLayout; text: null; error: null; maxTextLength: -1; stateDescription: null; contentDescription: null; tooltipText: null; containerTitle: null; viewIdResName: null; uniqueId: null; checkable: false; checked: false; focusable: false; focused: false; selected: false; clickable: false; longClickable: false; contextClickable: false; enabled: true; password: false; scrollable: false; importantForAccessibility: false; visible: false; actions: [AccessibilityAction: ACTION_SELECT - null, AccessibilityAction: ACTION_CLEAR_SELECTION - null, AccessibilityAction: ACTION_ACCESSIBILITY_FOCUS - null, AccessibilityAction: ACTION_SHOW_ON_SCREEN - null]; isTextSelectable: false
06-25 03:42:17.694  7571  7818 I Maestro : Skipping invisible child: android.view.accessibility.AccessibilityNodeInfo@1a0df; boundsInParent: Rect(0, 0 - 320, 0); boundsInScreen: Rect(0, 0 - 320, 0); boundsInWindow: Rect(0, 0 - 320, 0); packageName: com.hanapkalinga.mobile; className: android.view.ViewGroup; text: null; error: null; maxTextLength: -1; stateDescription: null; contentDescription: null; tooltipText: null; containerTitle: null; viewIdResName: null; uniqueId: null; checkable: false; checked: false; focusable: false; focused: false; selected: false; clickable: false; longClickable: false; contextClickable: false; enabled: true; password: false; scrollable: false; importantForAccessibility: false; visible: false; actions: [AccessibilityAction: ACTION_SELECT - null, AccessibilityAction: ACTION_CLEAR_SELECTION - null, AccessibilityAction: ACTION_ACCESSIBILITY_FOCUS - null, AccessibilityAction: ACTION_SHOW_ON_SCREEN - null]; isTextSelectable: false
06-25 03:42:17.717  7571  7818 D Maestro : View hierarchy received in 30 ms
06-25 03:42:17.752   522   615 D ActivityManager: freezing 1849 com.android.keychain
06-25 03:42:17.752   522   615 D ActivityManager: freezing 1066 com.android.settings
06-25 03:42:17.752   522   615 D ActivityManager: freezing 3469 com.android.dynsystem:dynsystem
06-25 03:42:17.752   522   615 D ActivityManager: freezing 3396 com.android.dynsystem
06-25 03:42:17.753   522   615 D ActivityManager: freezing 2348 com.android.localtransport
06-25 03:42:17.795   338  7902 I resolv  : res_nsend: used send_dg 152 terrno: 0
06-25 03:42:17.795   338  7903 I resolv  : res_nsend: used send_dg 104 terrno: 0
06-25 03:42:17.795   338  7902 I resolv  : doQuery: rcode=0, ancount=4, return value=152
06-25 03:42:17.795   338  7903 I resolv  : doQuery: rcode=0, ancount=4, return value=104
06-25 03:42:17.796  5503  5779 D TrafficStats: tagSocket(155) with statsTag=0x401, statsUid=10131
06-25 03:42:17.809  7571  7818 D Maestro : Requesting view hierarchy
06-25 03:42:17.809  7571  7818 W QueryController: Could not detect idle state.
06-25 03:42:17.809  7571  7818 W QueryController: Could not detect idle state.
06-25 03:42:17.815  7571  7818 I Maestro : Skipping invisible child: android.view.accessibility.AccessibilityNodeInfo@128bf; boundsInParent: Rect(0, 0 - 320, 0); boundsInScreen: Rect(0, 0 - 320, 0); boundsInWindow: Rect(0, 0 - 320, 0); packageName: com.hanapkalinga.mobile; className: android.widget.LinearLayout; text: null; error: null; maxTextLength: -1; stateDescription: null; contentDescription: null; tooltipText: null; containerTitle: null; viewIdResName: null; uniqueId: null; checkable: false; checked: false; focusable: false; focused: false; selected: false; clickable: false; longClickable: false; contextClickable: false; enabled: true; password: false; scrollable: false; importantForAccessibility: false; visible: false; actions: [AccessibilityAction: ACTION_SELECT - null, AccessibilityAction: ACTION_CLEAR_SELECTION - null, AccessibilityAction: ACTION_ACCESSIBILITY_FOCUS - null, AccessibilityAction: ACTION_SHOW_ON_SCREEN - null]; isTextSelectable: false
06-25 03:42:17.816  7571  7818 I Maestro : Skipping invisible child: android.view.accessibility.AccessibilityNodeInfo@124fe; boundsInParent: Rect(0, 0 - 320, 0); boundsInScreen: Rect(0, 0 - 320, 0); boundsInWindow: Rect(0, 0 - 320, 0); packageName: com.hanapkalinga.mobile; className: android.view.ViewGroup; text: null; error: null; maxTextLength: -1; stateDescription: null; contentDescription: null; tooltipText: null; containerTitle: null; viewIdResName: null; uniqueId: null; checkable: false; checked: false; focusable: false; focused: false; selected: false; clickable: false; longClickable: false; contextClickable: false; enabled: true; password: false; scrollable: false; importantForAccessibility: false; visible: false; actions: [AccessibilityAction: ACTION_SELECT - null, AccessibilityAction: ACTION_CLEAR_SELECTION - null, AccessibilityAction: ACTION_ACCESSIBILITY_FOCUS - null, AccessibilityAction: ACTION_SHOW_ON_SCREEN - null]; isTextSelectable: false
06-25 03:42:17.816  7571  7818 I Maestro : Skipping invisible child: android.view.accessibility.AccessibilityNodeInfo@1a4a0; boundsInParent: Rect(0, 0 - 320, 0); boundsInScreen: Rect(0, 0 - 320, 0); boundsInWindow: Rect(0, 0 - 320, 0); packageName: com.hanapkalinga.mobile; className: android.widget.LinearLayout; text: null; error: null; maxTextLength: -1; stateDescription: null; contentDescription: null; tooltipText: null; containerTitle: null; viewIdResName: null; uniqueId: null; checkable: false; checked: false; focusable: false; focused: false; selected: false; clickable: false; longClickable: false; contextClickable: false; enabled: true; password: false; scrollable: false; importantForAccessibility: false; visible: false; actions: [AccessibilityAction: ACTION_SELECT - null, AccessibilityAction: ACTION_CLEAR_SELECTION - null, AccessibilityAction: ACTION_ACCESSIBILITY_FOCUS - null, AccessibilityAction: ACTION_SHOW_ON_SCREEN - null]; isTextSelectable: false
06-25 03:42:17.817  7571  7818 I Maestro : Skipping invisible child: android.view.accessibility.AccessibilityNodeInfo@1a0df; boundsInParent: Rect(0, 0 - 320, 0); boundsInScreen: Rect(0, 0 - 320, 0); boundsInWindow: Rect(0, 0 - 320, 0); packageName: com.hanapkalinga.mobile; className: android.view.ViewGroup; text: null; error: null; maxTextLength: -1; stateDescription: null; contentDescription: null; tooltipText: null; containerTitle: null; viewIdResName: null; uniqueId: null; checkable: false; checked: false; focusable: false; focused: false; selected: false; clickable: false; longClickable: false; contextClickable: false; enabled: true; password: false; scrollable: false; importantForAccessibility: false; visible: false; actions: [AccessibilityAction: ACTION_SELECT - null, AccessibilityAction: ACTION_CLEAR_SELECTION - null, AccessibilityAction: ACTION_ACCESSIBILITY_FOCUS - null, AccessibilityAction: ACTION_SHOW_ON_SCREEN - null]; isTextSelectable: false
06-25 03:42:17.845  7571  7818 D Maestro : View hierarchy received in 36 ms
06-25 03:42:17.910   522   522 D OomAdjuster: Not killing cached processes
06-25 03:42:17.932  7571  7818 W QueryController: Could not detect idle state.
06-25 03:42:17.933  7571  7818 W QueryController: Could not detect idle state.
06-25 03:42:17.936  7571  7818 W UiDevice: Skipping wait as package ${APP_ID} does not match current window com.hanapkalinga.mobile.
06-25 03:42:17.940  7571  7818 W QueryController: Could not detect idle state.
06-25 03:42:17.943  7571  7818 W QueryController: Could not detect idle state.
06-25 03:42:17.946  7571  7818 W UiDevice: Skipping wait as package ${APP_ID} does not match current window com.hanapkalinga.mobile.
06-25 03:42:17.950  7571  7818 W QueryController: Could not detect idle state.
06-25 03:42:17.955  7571  7818 W QueryController: Could not detect idle state.
06-25 03:42:17.959  7571  7818 W UiDevice: Skipping wait as package ${APP_ID} does not match current window com.hanapkalinga.mobile.
06-25 03:42:17.964  7571  7818 W QueryController: Could not detect idle state.
06-25 03:42:17.967  7571  7818 W QueryController: Could not detect idle state.
06-25 03:42:17.971  7571  7818 W UiDevice: Skipping wait as package ${APP_ID} does not match current window com.hanapkalinga.mobile.
06-25 03:42:17.977  7571  7818 W QueryController: Could not detect idle state.
06-25 03:42:17.979  7571  7818 W QueryController: Could not detect idle state.
06-25 03:42:17.983  7571  7818 W UiDevice: Skipping wait as package ${APP_ID} does not match current window com.hanapkalinga.mobile.
06-25 03:42:17.988  7571  7818 W QueryController: Could not detect idle state.
06-25 03:42:17.990  7571  7818 W QueryController: Could not detect idle state.
06-25 03:42:17.994  7571  7818 W UiDevice: Skipping wait as package ${APP_ID} does not match current window com.hanapkalinga.mobile.
06-25 03:42:17.998  7571  7818 W QueryController: Could not detect idle state.
06-25 03:42:18.000  7571  7818 W QueryController: Could not detect idle state.
06-25 03:42:18.002  7571  7818 W UiDevice: Skipping wait as package ${APP_ID} does not match current window com.hanapkalinga.mobile.
06-25 03:42:18.007  7571  7818 W QueryController: Could not detect idle state.
06-25 03:42:18.009  7571  7818 W QueryController: Could not detect idle state.
06-25 03:42:18.015  7571  7818 W UiDevice: Skipping wait as package ${APP_ID} does not match current window com.hanapkalinga.mobile.
06-25 03:42:18.020  7571  7818 W QueryController: Could not detect idle state.
06-25 03:42:18.023  7571  7818 W QueryController: Could not detect idle state.
06-25 03:42:18.026  7571  7818 W UiDevice: Skipping wait as package ${APP_ID} does not match current window com.hanapkalinga.mobile.
06-25 03:42:18.030  7571  7818 W QueryController: Could not detect idle state.
06-25 03:42:18.034  7571  7818 W QueryController: Could not detect idle state.
06-25 03:42:18.039  7571  7818 W UiDevice: Skipping wait as package ${APP_ID} does not match current window com.hanapkalinga.mobile.
06-25 03:42:18.047  7571  7818 W QueryController: Could not detect idle state.
06-25 03:42:18.055  7571  7818 W QueryController: Could not detect idle state.
06-25 03:42:18.059  7571  7818 W UiDevice: Skipping wait as package ${APP_ID} does not match current window com.hanapkalinga.mobile.
06-25 03:42:18.064  7571  7818 W QueryController: Could not detect idle state.
06-25 03:42:18.066  7571  7818 W QueryController: Could not detect idle state.
06-25 03:42:18.075  7571  7818 W UiDevice: Skipping wait as package ${APP_ID} does not match current window com.hanapkalinga.mobile.
06-25 03:42:18.081  7571  7818 W QueryController: Could not detect idle state.
06-25 03:42:18.081  7571  7818 W QueryController: Could not detect idle state.
06-25 03:42:18.083  7571  7818 W UiDevice: Skipping wait as package ${APP_ID} does not match current window com.hanapkalinga.mobile.
06-25 03:42:18.128  7571  7818 W QueryController: Could not detect idle state.
06-25 03:42:18.130  7571  7818 W QueryController: Could not detect idle state.
06-25 03:42:18.131  7571  7818 W UiDevice: Skipping wait as package ${APP_ID} does not match current window com.hanapkalinga.mobile.
06-25 03:42:18.136  7571  7818 W QueryController: Could not detect idle state.
06-25 03:42:18.139  7571  7818 W QueryController: Could not detect idle state.
06-25 03:42:18.142  7571  7818 W UiDevice: Skipping wait as package ${APP_ID} does not match current window com.hanapkalinga.mobile.
06-25 03:42:18.146  7571  7818 W QueryController: Could not detect idle state.
06-25 03:42:18.150  7571  7818 W QueryController: Could not detect idle state.
06-25 03:42:18.154  7571  7818 W UiDevice: Skipping wait as package ${APP_ID} does not match current window com.hanapkalinga.mobile.
06-25 03:42:18.162  7571  7818 W QueryController: Could not detect idle state.
06-25 03:42:18.164  7571  7818 W QueryController: Could not detect idle state.
06-25 03:42:18.168  7571  7818 W UiDevice: Skipping wait as package ${APP_ID} does not match current window com.hanapkalinga.mobile.
06-25 03:42:18.174  7571  7818 W QueryController: Could not detect idle state.
06-25 03:42:18.176  7571  7818 W QueryController: Could not detect idle state.
06-25 03:42:18.178  7571  7818 W UiDevice: Skipping wait as package ${APP_ID} does not match current window com.hanapkalinga.mobile.
06-25 03:42:18.185  7571  7818 W QueryController: Could not detect idle state.
06-25 03:42:18.186  7571  7818 W QueryController: Could not detect idle state.
06-25 03:42:18.188  7571  7818 W UiDevice: Skipping wait as package ${APP_ID} does not match current window com.hanapkalinga.mobile.
06-25 03:42:18.194  7571  7818 W QueryController: Could not detect idle state.
06-25 03:42:18.195  7571  7818 W QueryController: Could not detect idle state.
06-25 03:42:18.197  7571  7818 W UiDevice: Skipping wait as package ${APP_ID} does not match current window com.hanapkalinga.mobile.
06-25 03:42:18.202  7571  7818 W QueryController: Could not detect idle state.
06-25 03:42:18.203  7571  7818 W QueryController: Could not detect idle state.
06-25 03:42:18.206  7571  7818 W UiDevice: Skipping wait as package ${APP_ID} does not match current window com.hanapkalinga.mobile.
06-25 03:42:18.211  7571  7818 W QueryController: Could not detect idle state.
06-25 03:42:18.213  7571  7818 W QueryController: Could not detect idle state.
06-25 03:42:18.219  7571  7818 W UiDevice: Skipping wait as package ${APP_ID} does not match current window com.hanapkalinga.mobile.
06-25 03:42:18.225  7571  7818 W QueryController: Could not detect idle state.
06-25 03:42:18.227  7571  7818 W QueryController: Could not detect idle state.
06-25 03:42:18.230  7571  7818 W UiDevice: Skipping wait as package ${APP_ID} does not match current window com.hanapkalinga.mobile.
06-25 03:42:18.235  7571  7818 W QueryController: Could not detect idle state.
06-25 03:42:18.239  7571  7818 W QueryController: Could not detect idle state.
06-25 03:42:18.246  7571  7818 W UiDevice: Skipping wait as package ${APP_ID} does not match current window com.hanapkalinga.mobile.
06-25 03:42:18.254  7571  7818 W QueryController: Could not detect idle state.
06-25 03:42:18.257  7571  7818 W QueryController: Could not detect idle state.
06-25 03:42:18.262  7571  7818 W UiDevice: Skipping wait as package ${APP_ID} does not match current window com.hanapkalinga.mobile.
06-25 03:42:18.268  7571  7818 W QueryController: Could not detect idle state.
06-25 03:42:18.272  7571  7818 W QueryController: Could not detect idle state.
06-25 03:42:18.276  7571  7818 W UiDevice: Skipping wait as package ${APP_ID} does not match current window com.hanapkalinga.mobile.
06-25 03:42:18.282  7571  7818 W QueryController: Could not detect idle state.
06-25 03:42:18.283  7571  7818 W QueryController: Could not detect idle state.
06-25 03:42:18.287  7571  7818 W UiDevice: Skipping wait as package ${APP_ID} does not match current window com.hanapkalinga.mobile.
06-25 03:42:18.293  7571  7818 W QueryController: Could not detect idle state.
06-25 03:42:18.294  7571  7818 W QueryController: Could not detect idle state.
06-25 03:42:18.298  7571  7818 W UiDevice: Skipping wait as package ${APP_ID} does not match current window com.hanapkalinga.mobile.
06-25 03:42:18.306  7571  7818 W QueryController: Could not detect idle state.
06-25 03:42:18.307  7571  7818 W QueryController: Could not detect idle state.
06-25 03:42:18.310  7571  7818 W UiDevice: Skipping wait as package ${APP_ID} does not match current window com.hanapkalinga.mobile.
06-25 03:42:18.315  7571  7818 W QueryController: Could not detect idle state.
06-25 03:42:18.316  7571  7818 W QueryController: Could not detect idle state.
06-25 03:42:18.320  7571  7818 W UiDevice: Skipping wait as package ${APP_ID} does not match current window com.hanapkalinga.mobile.
06-25 03:42:18.325  7571  7818 W QueryController: Could not detect idle state.
06-25 03:42:18.326  7571  7818 W QueryController: Could not detect idle state.
06-25 03:42:18.330  7571  7818 W UiDevice: Skipping wait as package ${APP_ID} does not match current window com.hanapkalinga.mobile.
06-25 03:42:18.335  7571  7818 W QueryController: Could not detect idle state.
06-25 03:42:18.336  7571  7818 W QueryController: Could not detect idle state.
06-25 03:42:18.339  7571  7818 W UiDevice: Skipping wait as package ${APP_ID} does not match current window com.hanapkalinga.mobile.
06-25 03:42:18.344  7571  7818 W QueryController: Could not detect idle state.
06-25 03:42:18.345  7571  7818 W QueryController: Could not detect idle state.
06-25 03:42:18.348  7571  7818 W UiDevice: Skipping wait as package ${APP_ID} does not match current window com.hanapkalinga.mobile.
06-25 03:42:18.356  5503  5758 W GLSUser : [AppCertManager] Exception while requesting key: 
06-25 03:42:18.356  5503  5758 W GLSUser : java.util.concurrent.ExecutionException: avvw: Parse Proto Exception.
06-25 03:42:18.356  5503  5758 W GLSUser : 	at dlnv.s(:com.google.android.gms@231818047@23.18.18 (190800-535401451):3)
06-25 03:42:18.356  5503  5758 W GLSUser : 	at dlnv.get(:com.google.android.gms@231818047@23.18.18 (190800-535401451):7)
06-25 03:42:18.356  5503  5758 W GLSUser : 	at oub.b(:com.google.android.gms@231818047@23.18.18 (190800-535401451):78)
06-25 03:42:18.356  5503  5758 W GLSUser : 	at otz.b(:com.google.android.gms@231818047@23.18.18 (190800-535401451):4)
06-25 03:42:18.356  5503  5758 W GLSUser : 	at otu.a(:com.google.android.gms@231818047@23.18.18 (190800-535401451):0)
06-25 03:42:18.356  5503  5758 W GLSUser : 	at otx.a(:com.google.android.gms@231818047@23.18.18 (190800-535401451):6)
06-25 03:42:18.356  5503  5758 W GLSUser : 	at lzq.call(:com.google.android.gms@231818047@23.18.18 (190800-535401451):14)
06-25 03:42:18.356  5503  5758 W GLSUser : 	at java.util.concurrent.FutureTask.run(FutureTask.java:264)
06-25 03:42:18.356  5503  5758 W GLSUser : 	at aced.c(:com.google.android.gms@231818047@23.18.18 (190800-535401451):6)
06-25 03:42:18.356  5503  5758 W GLSUser : 	at aced.run(:com.google.android.gms@231818047@23.18.18 (190800-535401451):7)
06-25 03:42:18.356  5503  5758 W GLSUser : 	at java.util.concurrent.ThreadPoolExecutor.runWorker(ThreadPoolExecutor.java:1145)
06-25 03:42:18.356  5503  5758 W GLSUser : 	at java.util.concurrent.ThreadPoolExecutor$Worker.run(ThreadPoolExecutor.java:644)
06-25 03:42:18.356  5503  5758 W GLSUser : 	at acjn.run(:com.google.android.gms@231818047@23.18.18 (190800-535401451):0)
06-25 03:42:18.356  5503  5758 W GLSUser : 	at java.lang.Thread.run(Thread.java:1012)
06-25 03:42:18.356  5503  5758 W GLSUser : Caused by: avvw: Parse Proto Exception.
06-25 03:42:18.356  5503  5758 W GLSUser : 	at avwn.f(:com.google.android.gms@231818047@23.18.18 (190800-535401451):5)
06-25 03:42:18.356  5503  5758 W GLSUser : 	at avxk.onSucceeded(:com.google.android.gms@231818047@23.18.18 (190800-535401451):0)
06-25 03:42:18.356  5503  5758 W GLSUser : 	at jf.onSucceeded(:com.google.android.gms.dynamite_cronetdynamite@231818047@23.18.18 (190800-0):0)
06-25 03:42:18.356  5503  5758 W GLSUser : 	at ie.run(:com.google.android.gms.dynamite_cronetdynamite@231818047@23.18.18 (190800-0):4)
06-25 03:42:18.356  5503  5758 W GLSUser : 	... 6 more
06-25 03:42:18.356  5503  5758 W GLSUser : Caused by: dzfz: Protocol message contained an invalid tag (zero).
06-25 03:42:18.356  5503  5758 W GLSUser : 	at dzdb.k(:com.google.android.gms@231818047@23.18.18 (190800-535401451):13)
06-25 03:42:18.356  5503  5758 W GLSUser : 	at dzha.c(:com.google.android.gms@231818047@23.18.18 (190800-535401451):47)
06-25 03:42:18.356  5503  5758 W GLSUser : 	at dzha.h(:com.google.android.gms@231818047@23.18.18 (190800-535401451):45)
06-25 03:42:18.356  5503  5758 W GLSUser : 	at dzfd.A(:com.google.android.gms@231818047@23.18.18 (190800-535401451):2)
06-25 03:42:18.356  5503  5758 W GLSUser : 	at dzex.f(:com.google.android.gms@231818047@23.18.18 (190800-535401451):0)
06-25 03:42:18.356  5503  5758 W GLSUser : 	at dzcx.d(:com.google.android.gms@231818047@23.18.18 (190800-535401451):0)
06-25 03:42:18.356  5503  5758 W GLSUser : 	at dzcx.c(:com.google.android.gms@231818047@23.18.18 (190800-535401451):0)
06-25 03:42:18.356  5503  5758 W GLSUser : 	at dzcx.n(:com.google.android.gms@231818047@23.18.18 (190800-535401451):0)
06-25 03:42:18.356  5503  5758 W GLSUser : 	at avwn.h(:com.google.android.gms@231818047@23.18.18 (190800-535401451):7)
06-25 03:42:18.356  5503  5758 W GLSUser : 	at avwn.f(:com.google.android.gms@231818047@23.18.18 (190800-535401451):1)
06-25 03:42:18.356  5503  5758 W GLSUser : 	... 9 more
06-25 03:42:18.361  5503  5531 I NetworkScheduler.Stats: Task com.google.android.gms/com.google.android.gms.auth.account.be.legacy.AuthCronService finished executing. cause:5 result: 3 elapsed_millis: 849 uptime_millis: 849 exec_start_elapsed_seconds: 364 [CONTEXT service_id=218 ]
06-25 03:42:18.394  7571  7818 W QueryController: Could not detect idle state.
06-25 03:42:18.396  7571  7818 W QueryController: Could not detect idle state.
06-25 03:42:18.399  7571  7818 W UiDevice: Skipping wait as package ${APP_ID} does not match current window com.hanapkalinga.mobile.
06-25 03:42:18.405  7571  7818 W QueryController: Could not detect idle state.
06-25 03:42:18.406  7571  7818 W QueryController: Could not detect idle state.
06-25 03:42:18.410  7571  7818 W UiDevice: Skipping wait as package ${APP_ID} does not match current window com.hanapkalinga.mobile.
06-25 03:42:18.416  7571  7818 W QueryController: Could not detect idle state.
06-25 03:42:18.418  7571  7818 W QueryController: Could not detect idle state.
06-25 03:42:18.422  7571  7818 W UiDevice: Skipping wait as package ${APP_ID} does not match current window com.hanapkalinga.mobile.
06-25 03:42:18.427  7571  7818 W QueryController: Could not detect idle state.
06-25 03:42:18.431  7571  7818 W QueryController: Could not detect idle state.
06-25 03:42:18.435  7571  7818 W UiDevice: Skipping wait as package ${APP_ID} does not match current window com.hanapkalinga.mobile.
06-25 03:42:18.441  7571  7818 W QueryController: Could not detect idle state.
06-25 03:42:18.443  7571  7818 W QueryController: Could not detect idle state.
06-25 03:42:18.449  7571  7818 W UiDevice: Skipping wait as package ${APP_ID} does not match current window com.hanapkalinga.mobile.
06-25 03:42:18.496  7571  7818 W QueryController: Could not detect idle state.
06-25 03:42:18.498  7571  7818 W QueryController: Could not detect idle state.
06-25 03:42:18.499  7571  7818 W UiDevice: Skipping wait as package ${APP_ID} does not match current window com.hanapkalinga.mobile.
06-25 03:42:18.505  7571  7818 W QueryController: Could not detect idle state.
06-25 03:42:18.506  7571  7818 W QueryController: Could not detect idle state.
06-25 03:42:18.508  7571  7818 W UiDevice: Skipping wait as package ${APP_ID} does not match current window com.hanapkalinga.mobile.
06-25 03:42:18.516  7571  7818 W QueryController: Could not detect idle state.
06-25 03:42:18.519  7571  7818 W QueryController: Could not detect idle state.
06-25 03:42:18.523  7571  7818 W UiDevice: Skipping wait as package ${APP_ID} does not match current window com.hanapkalinga.mobile.
06-25 03:42:18.530  7571  7818 W QueryController: Could not detect idle state.
06-25 03:42:18.531  7571  7818 W QueryController: Could not detect idle state.
06-25 03:42:18.533  7571  7818 W UiDevice: Skipping wait as package ${APP_ID} does not match current window com.hanapkalinga.mobile.
06-25 03:42:18.538  7571  7818 W QueryController: Could not detect idle state.
06-25 03:42:18.555  7756  7776 D EGL_emulation: app_time_stats: avg=499.99ms min=499.70ms max=500.29ms count=2
06-25 03:42:18.556  7571  7818 W QueryController: Could not detect idle state.
06-25 03:42:18.559  7571  7818 W UiDevice: Skipping wait as package ${APP_ID} does not match current window com.hanapkalinga.mobile.
06-25 03:42:18.564  7571  7818 W QueryController: Could not detect idle state.
06-25 03:42:18.566  7571  7818 W QueryController: Could not detect idle state.
06-25 03:42:18.568  7571  7818 W UiDevice: Skipping wait as package ${APP_ID} does not match current window com.hanapkalinga.mobile.
06-25 03:42:18.575  7571  7818 W QueryController: Could not detect idle state.
06-25 03:42:18.578  7571  7818 W QueryController: Could not detect idle state.
06-25 03:42:18.580  7571  7818 W UiDevice: Skipping wait as package ${APP_ID} does not match current window com.hanapkalinga.mobile.
06-25 03:42:18.585  7571  7818 W QueryController: Could not detect idle state.
06-25 03:42:18.587  7571  7818 W QueryController: Could not detect idle state.
06-25 03:42:18.589  7571  7818 W UiDevice: Skipping wait as package ${APP_ID} does not match current window com.hanapkalinga.mobile.
06-25 03:42:18.594  7571  7818 W QueryController: Could not detect idle state.
06-25 03:42:18.596  7571  7818 W QueryController: Could not detect idle state.
06-25 03:42:18.599  7571  7818 W UiDevice: Skipping wait as package ${APP_ID} does not match current window com.hanapkalinga.mobile.
06-25 03:42:18.604  7571  7818 W QueryController: Could not detect idle state.
06-25 03:42:18.606  7571  7818 W QueryController: Could not detect idle state.
06-25 03:42:18.609  7571  7818 W UiDevice: Skipping wait as package ${APP_ID} does not match current window com.hanapkalinga.mobile.
06-25 03:42:18.613  7571  7818 W QueryController: Could not detect idle state.
06-25 03:42:18.614  7571  7818 W QueryController: Could not detect idle state.
