06-23 15:46:38.016  7244  7244 D AndroidRuntime: >>>>>> START com.android.internal.os.RuntimeInit uid 2000 <<<<<<
06-23 15:46:38.021  7244  7244 I AndroidRuntime: Using default boot image
06-23 15:46:38.021  7244  7244 I AndroidRuntime: Leaving lock profiling enabled
06-23 15:46:38.024  7244  7244 I app_process: Core platform API reporting enabled, enforcing=false
06-23 15:46:38.024  7244  7244 I app_process: Using CollectorTypeCC GC.
06-23 15:46:38.136  7244  7244 D nativeloader: InitDefaultPublicLibraries for_preload=1: libandroid.so:libaaudio.so:libamidi.so:libbinder_ndk.so:libc.so:libcamera2ndk.so:libdl.so:libEGL.so:libGLESv1_CM.so:libGLESv2.so:libGLESv3.so:libicu.so:libicui18n.so:libicuuc.so:libjnigraphics.so:liblog.so:libmediandk.so:libm.so:libnativehelper.so:libnativewindow.so:libOpenMAXAL.so:libOpenSLES.so:libRS.so:libstdc++.so:libsync.so:libvulkan.so:libwebviewchromium_plat_support.so:libz.so
06-23 15:46:38.145  7244  7244 D app_process: Time zone APEX ICU file found: /apex/com.android.tzdata/etc/icu/icu_tzdata.dat
06-23 15:46:38.145  7244  7244 D app_process: I18n APEX ICU file found: /apex/com.android.i18n/etc/icu/icudt72l.dat
06-23 15:46:38.149  7244  7244 W app_process: Unexpected CPU variant for x86: x86_64.
06-23 15:46:38.149  7244  7244 W app_process: Known variants: atom, sandybridge, silvermont, goldmont, goldmont-plus, tremont, kabylake, default
06-23 15:46:38.152  7244  7244 W app_process: ClassLoaderContext shared library size mismatch. Expected=2, found=0 (PCL[]{PCL[/system/framework/android.test.base.jar*836642756]#PCL[/system/framework/android.test.mock.jar*3186112116]} | PCL[])
06-23 15:46:38.154  7244  7244 W app_process: ClassLoaderContext classpath size mismatch. expected=0, found=1 (PCL[]{PCL[/system/framework/android.test.runner.jar*4168958247]{PCL[/system/framework/android.test.base.jar*836642756]#PCL[/system/framework/android.test.mock.jar*3186112116]}#PCL[/system/framework/android.test.base.jar*836642756]} | PCL[/system/framework/android.test.runner.jar*4168958247])
06-23 15:46:38.167  7244  7244 W libc    : Access denied finding property "ro.product.name_for_attestation"
06-23 15:46:38.168  7244  7244 W libc    : Access denied finding property "ro.product.brand_for_attestation"
06-23 15:46:38.168  7244  7244 W libc    : Access denied finding property "ro.product.model_for_attestation"
06-23 15:46:38.169  7244  7244 D AndroidRuntime: Calling main entry com.android.commands.uiautomator.Launcher
06-23 15:46:38.170  7244  7244 D UiAutomationConnection: Created on user UserHandle{0}
06-23 15:46:38.170  7244  7244 I UiAutomation: Initialized for user 0 on display 0
06-23 15:46:38.170  7244  7244 W UiAutomation: Created with deprecatead constructor, assumes DEFAULT_DISPLAY
06-23 15:46:38.166  7244  7244 W main    : type=1400 audit(0.0:77): avc:  denied  { read } for  name="u:object_r:build_attestation_prop:s0" dev="tmpfs" ino=86 scontext=u:r:shell:s0 tcontext=u:object_r:build_attestation_prop:s0 tclass=file permissive=0
06-23 15:46:38.171   518   901 D AccessibilityManagerService: changeCurrentUserForTestAutomationIfNeededLocked(0): ignoring because device doesn't support visible background users
06-23 15:46:38.171   518   901 I UiAutomationManager: Registering UiTestAutomationService (id=com.android.server.accessibility/UiAutomation) when called by user 0
06-23 15:46:38.177   518   901 W WindowMagnificationMgr: requestConnection duplicated request: connect=false, mConnectionState=DISCONNECTED
06-23 15:46:38.166  7244  7244 W main    : type=1400 audit(0.0:78): avc:  denied  { read } for  name="u:object_r:build_attestation_prop:s0" dev="tmpfs" ino=86 scontext=u:r:shell:s0 tcontext=u:object_r:build_attestation_prop:s0 tclass=file permissive=0
06-23 15:46:38.179  1736  2130 I A       : NGA disabled since it's running Panthera and at least one a11y feature is on.
06-23 15:46:38.179  1736  2130 I A       : Nga state changed to NgaStateDetails{state=DISABLED, isSpecialExperience=false}
06-23 15:46:38.181  1691  1724 I A       : APA or Classic session decision: SessionDecision(sessionVariance=CLASSIC, platformVariance=CLASSIC, justification=CURRENT_PLATFORM_VARIANCE).
06-23 15:46:38.181  1638  3460 I AiAiEcho: Settings changed for uri: content://settings/secure/accessibility_enabled
06-23 15:46:38.182  1638  2037 I AiAiEcho: Predicting[0]: 
06-23 15:46:38.166  7244  7244 W main    : type=1400 audit(0.0:79): avc:  denied  { read } for  name="u:object_r:build_attestation_prop:s0" dev="tmpfs" ino=86 scontext=u:r:shell:s0 tcontext=u:object_r:build_attestation_prop:s0 tclass=file permissive=0
06-23 15:46:38.183  7244  7257 V UiAutomation: Init UiAutomation@e19eda5[id=5, displayId=0, flags=0]
06-23 15:46:38.184  1638  2037 I AiAiEcho: EchoTargets: 
06-23 15:46:38.184  1638  2037 I AiAiEcho: Filtered by AiAi flag check: 
06-23 15:46:38.184  1638  2037 I AiAiEcho: Ranked targets strategy: SORT, count: 0, ranking metadata: 
06-23 15:46:38.184  1638  2037 I AiAiEcho: Predicting[0]: 
06-23 15:46:38.184  1638  2037 I AiAiEcho: EchoTargets: 
06-23 15:46:38.184  1638  2037 I AiAiEcho: Filtered by AiAi flag check: 
06-23 15:46:38.185  1638  2037 I AiAiEcho: Ranked targets strategy: SORT, count: 0, ranking metadata: 
06-23 15:46:38.185  1638  2037 I AiAiEcho: #postPredictionTargets: Sending updates to UISurface lockscreen with targets# 0 (types=[])
06-23 15:46:38.185  1638  2037 I AiAiEcho: #postPredictionTargets: Sending updates to UISurface home with targets# 0 (types=[])
06-23 15:46:38.185   836   836 W PageIndicator: Total number of pages invalid: 0. Assuming 1 page.
06-23 15:46:38.187  1691  1724 I A       : [Memory] eligibility: StashEligibility{4}
06-23 15:46:38.188  1691  2118 I A       : Unsubscribed to apa or classic variant change.
06-23 15:46:38.189   518   518 D BatterySaverPolicy: accessibility changed to true, updating policy.
06-23 15:46:38.192   518   922 W WindowMagnificationMgr: requestConnection duplicated request: connect=false, mConnectionState=DISCONNECTED
06-23 15:46:38.193  1638  3460 I AiAiEcho: Settings changed for uri: content://settings/secure/accessibility_enabled
06-23 15:46:38.193  1638  2037 I AiAiEcho: Predicting[0]: 
06-23 15:46:38.193  1638  2037 I AiAiEcho: EchoTargets: 
06-23 15:46:38.193  1638  2037 I AiAiEcho: Filtered by AiAi flag check: 
06-23 15:46:38.193  1638  2037 I AiAiEcho: Ranked targets strategy: SORT, count: 0, ranking metadata: 
06-23 15:46:38.193  1638  2037 I AiAiEcho: Predicting[0]: 
06-23 15:46:38.193  1638  2037 I AiAiEcho: EchoTargets: 
06-23 15:46:38.193  1638  2037 I AiAiEcho: Filtered by AiAi flag check: 
06-23 15:46:38.193  1638  2037 I AiAiEcho: Ranked targets strategy: SORT, count: 0, ranking metadata: 
06-23 15:46:38.193  1638  2037 I AiAiEcho: #postPredictionTargets: Sending updates to UISurface lockscreen with targets# 0 (types=[])
06-23 15:46:38.194  1638  2037 I AiAiEcho: #postPredictionTargets: Sending updates to UISurface home with targets# 0 (types=[])
06-23 15:46:38.194   836   836 W PageIndicator: Total number of pages invalid: 0. Assuming 1 page.
06-23 15:46:38.195   518   922 D SafetySourceDataValidator: No cert check requested for package com.google.android.permissioncontroller
06-23 15:46:38.312   518   608 I RoleService: Granting default roles...
06-23 15:46:38.320   842  7207 E RoleControllerServiceImpl: Default/fallback role holder package doesn't qualify for the role, package: com.google.android.gms.supervision, role: android.app.role.SYSTEM_SUPERVISION
06-23 15:46:38.321   842  7207 I Role    : com.google.android.gms not qualified for android.app.role.SYSTEM_CALL_STREAMING due to missing RequiredComponent{mIntentFilterData=IntentFilterData{mAction='android.telecom.CallStreamingService', mCategories='[]', mDataScheme='null', mDataType='null'}, mMinTargetSdkVersion=1, mFlags='0', mPermission='android.permission.BIND_CALL_STREAMING_SERVICE', mQueryFlags=0, mMetaData=[]}
06-23 15:46:38.321   842  7207 E RoleControllerServiceImpl: Default/fallback role holder package doesn't qualify for the role, package: com.google.android.gms, role: android.app.role.SYSTEM_CALL_STREAMING
06-23 15:46:38.321   842  7207 W Role    : Default holder doesn't have required signing certificate: com.google.android.apps.work.clouddpc:23962F4B43B9857638EA66F4D419518EAE282491ACDA4B94707BD59003C45E58
06-23 15:46:38.358  6997  7018 D EGL_emulation: app_time_stats: avg=497.09ms min=491.75ms max=500.14ms count=3
06-23 15:46:39.026  7166  7170 I AidlLazyServiceRegistrar: Process has 0 (of 1 available) client(s) in use after notification artd has clients: 0
06-23 15:46:39.026  7166  7170 I AidlLazyServiceRegistrar: Trying to shut down the service. No clients in use for any service in process.
06-23 15:46:39.217     0     0 I servicemanager: Notifying artd they don't (previously: do) have clients when we now have no record of a client
06-23 15:46:39.219     0     0 I servicemanager: Unregistering artd
06-23 15:46:39.219     0     0 I BpBinder: onLastStrongRef automatically unlinking death recipients:
06-23 15:46:39.029  7166  7170 I AidlLazyServiceRegistrar: Unregistered all clients and exiting
06-23 15:46:39.222     0     0 I init    : Service 'artd' (pid 7166) exited with status 0 oneshot service took 1.917000 seconds in background
06-23 15:46:39.224     0     0 I init    : Sending signal 9 to service 'artd' (pid 7166) process group...
06-23 15:46:39.225     0     0 I libprocessgroup: Successfully killed process cgroup uid 1082 pid 7166 in 0ms
06-23 15:46:39.163   518   762 D ConnectivityService: releasing NetworkRequest [ REQUEST id=160, [ Transports: CELLULAR Capabilities: INTERNET&NOT_RESTRICTED&TRUSTED&NOT_VPN&NOT_VCN_MANAGED Uid: 10132 RequestorUid: 10132 RequestorPkg: com.google.android.googlequicksearchbox UnderlyingNetworks: Null] ] (release request)
06-23 15:46:39.164   518   762 I ConnectivityService: Update capabilities for net 101 : -FOREGROUND
06-23 15:46:39.165   335   384 I netd    : networkSetPermissionForNetwork(101, 1) <1.78ms>
06-23 15:46:39.189  7244  7244 I AccessibilityNodeInfoDumper: Skipping invisible child: android.view.accessibility.AccessibilityNodeInfo@1289a; boundsInParent: Rect(0, 0 - 320, 0); boundsInScreen: Rect(0, 0 - 320, 0); boundsInWindow: Rect(0, 0 - 320, 0); packageName: com.hanapkalinga.mobile; className: android.widget.LinearLayout; text: null; error: null; maxTextLength: -1; stateDescription: null; contentDescription: null; tooltipText: null; containerTitle: null; viewIdResName: null; uniqueId: null; checkable: false; checked: false; focusable: false; focused: false; selected: false; clickable: false; longClickable: false; contextClickable: false; enabled: true; password: false; scrollable: false; importantForAccessibility: false; visible: false; actions: [AccessibilityAction: ACTION_SELECT - null, AccessibilityAction: ACTION_CLEAR_SELECTION - null, AccessibilityAction: ACTION_ACCESSIBILITY_FOCUS - null, AccessibilityAction: ACTION_SHOW_ON_SCREEN - null]; isTextSelectable: false
06-23 15:46:39.189  7244  7244 I AccessibilityNodeInfoDumper: Skipping invisible child: android.view.accessibility.AccessibilityNodeInfo@124d9; boundsInParent: Rect(0, 0 - 320, 0); boundsInScreen: Rect(0, 0 - 320, 0); boundsInWindow: Rect(0, 0 - 320, 0); packageName: com.hanapkalinga.mobile; className: android.view.ViewGroup; text: null; error: null; maxTextLength: -1; stateDescription: null; contentDescription: null; tooltipText: null; containerTitle: null; viewIdResName: null; uniqueId: null; checkable: false; checked: false; focusable: false; focused: false; selected: false; clickable: false; longClickable: false; contextClickable: false; enabled: true; password: false; scrollable: false; importantForAccessibility: false; visible: false; actions: [AccessibilityAction: ACTION_SELECT - null, AccessibilityAction: ACTION_CLEAR_SELECTION - null, AccessibilityAction: ACTION_ACCESSIBILITY_FOCUS - null, AccessibilityAction: ACTION_SHOW_ON_SCREEN - null]; isTextSelectable: false
06-23 15:46:39.189  7244  7244 I AccessibilityNodeInfoDumper: Skipping invisible child: android.view.accessibility.AccessibilityNodeInfo@191b6; boundsInParent: Rect(0, 0 - 320, 0); boundsInScreen: Rect(0, 0 - 320, 0); boundsInWindow: Rect(0, 0 - 320, 0); packageName: com.hanapkalinga.mobile; className: android.widget.LinearLayout; text: null; error: null; maxTextLength: -1; stateDescription: null; contentDescription: null; tooltipText: null; containerTitle: null; viewIdResName: null; uniqueId: null; checkable: false; checked: false; focusable: false; focused: false; selected: false; clickable: false; longClickable: false; contextClickable: false; enabled: true; password: false; scrollable: false; importantForAccessibility: false; visible: false; actions: [AccessibilityAction: ACTION_SELECT - null, AccessibilityAction: ACTION_CLEAR_SELECTION - null, AccessibilityAction: ACTION_ACCESSIBILITY_FOCUS - null, AccessibilityAction: ACTION_SHOW_ON_SCREEN - null]; isTextSelectable: false
06-23 15:46:39.189  7244  7244 I AccessibilityNodeInfoDumper: Skipping invisible child: android.view.accessibility.AccessibilityNodeInfo@18df5; boundsInParent: Rect(0, 0 - 320, 0); boundsInScreen: Rect(0, 0 - 320, 0); boundsInWindow: Rect(0, 0 - 320, 0); packageName: com.hanapkalinga.mobile; className: android.view.ViewGroup; text: null; error: null; maxTextLength: -1; stateDescription: null; contentDescription: null; tooltipText: null; containerTitle: null; viewIdResName: null; uniqueId: null; checkable: false; checked: false; focusable: false; focused: false; selected: false; clickable: false; longClickable: false; contextClickable: false; enabled: true; password: false; scrollable: false; importantForAccessibility: false; visible: false; actions: [AccessibilityAction: ACTION_SELECT - null, AccessibilityAction: ACTION_CLEAR_SELECTION - null, AccessibilityAction: ACTION_ACCESSIBILITY_FOCUS - null, AccessibilityAction: ACTION_SHOW_ON_SCREEN - null]; isTextSelectable: false
06-23 15:46:39.192  7244  7244 W AccessibilityNodeInfoDumper: Fetch time: 7ms
06-23 15:46:39.193  1638  3460 I AiAiEcho: Settings changed for uri: content://settings/secure/accessibility_enabled
06-23 15:46:39.193   518   532 W WindowMagnificationMgr: requestConnection duplicated request: connect=false, mConnectionState=DISCONNECTED
06-23 15:46:39.193   518   532 D AccessibilityManagerService: restoreCurrentUserForTestAutomationIfNeededLocked(): ignoring because device doesn't support visible background users
06-23 15:46:39.194  1638  2037 I AiAiEcho: Predicting[0]: 
06-23 15:46:39.194  1638  2037 I AiAiEcho: EchoTargets: 
06-23 15:46:39.194  1638  2037 I AiAiEcho: Filtered by AiAi flag check: 
06-23 15:46:39.194  7244  7244 D AndroidRuntime: Shutting down VM
06-23 15:46:39.194  1638  2037 I AiAiEcho: Ranked targets strategy: SORT, count: 0, ranking metadata: 
06-23 15:46:39.195  1638  2037 I AiAiEcho: Predicting[0]: 
06-23 15:46:39.195  1638  2037 I AiAiEcho: EchoTargets: 
06-23 15:46:39.195  1638  2037 I AiAiEcho: Filtered by AiAi flag check: 
06-23 15:46:39.195  1638  2037 I AiAiEcho: Ranked targets strategy: SORT, count: 0, ranking metadata: 
06-23 15:46:39.195  1638  2037 I AiAiEcho: #postPredictionTargets: Sending updates to UISurface lockscreen with targets# 0 (types=[])
06-23 15:46:39.196  1638  2037 I AiAiEcho: #postPredictionTargets: Sending updates to UISurface home with targets# 0 (types=[])
06-23 15:46:39.199   836   836 W PageIndicator: Total number of pages invalid: 0. Assuming 1 page.
06-23 15:46:39.200   518   518 D BatterySaverPolicy: accessibility changed to false, updating policy.
06-23 15:46:39.201  1736  2130 I A       : NGA enabled in interactor.
06-23 15:46:39.201  1736  2130 I A       : Nga state changed to NgaStateDetails{state=ENABLED, isSpecialExperience=false}
06-23 15:46:39.202  1691  1724 I A       : Initializing all components
06-23 15:46:39.202  1691  1724 I A       : APA or Classic session decision: SessionDecision(sessionVariance=CLASSIC, platformVariance=CLASSIC, justification=CURRENT_PLATFORM_VARIANCE).
06-23 15:46:39.202  1691  1724 I A       : [Memory] eligibility: StashEligibility{6}
06-23 15:46:39.202  1691  2118 I A       : onIsEnabledChanged, isEnabled: false
06-23 15:46:39.202  1691  2118 W A       : Disposing empty manager. Did you forgot to subscribe observables?
06-23 15:46:39.202  1691  2118 W A       : Disposing empty manager. Did you forgot to subscribe observables?
06-23 15:46:39.202  1691  2155 I A       : State changed: IDLE => IDLE by NGA_STATE_CHANGED and N/A with Optional.empty
06-23 15:46:39.202  1691  2118 W A       : Disposing empty manager. Did you forgot to subscribe observables?
06-23 15:46:39.202  1691  2118 W A       : Disposing empty manager. Did you forgot to subscribe observables?
06-23 15:46:39.202  1691  2118 W A       : Disposing empty manager. Did you forgot to subscribe observables?
06-23 15:46:39.203  1691  2118 W A       : Disposing empty manager. Did you forgot to subscribe observables?
06-23 15:46:39.203  1691  2118 W A       : Disposing empty manager. Did you forgot to subscribe observables?
06-23 15:46:39.203  1691  2118 W A       : Disposing empty manager. Did you forgot to subscribe observables?
06-23 15:46:39.203  1691  2118 W A       : Disposing empty manager. Did you forgot to subscribe observables?
06-23 15:46:39.206  1691  2118 W A       : Disposing empty manager. Did you forgot to subscribe observables?
06-23 15:46:39.206  1691  2118 I A       : onOpaVisibilityChanged: false
06-23 15:46:39.209  1691  2155 I A       : Recognizer choice: (recognizer_type: 1, recognizer_mode: 1, choice_reason: 4)
06-23 15:46:39.210  1691  2155 I A       : onActiveStateChangeEvent: IDLE => IDLE
06-23 15:46:39.210  1691  2118 W A       : Disposing empty manager. Did you forgot to subscribe observables?
06-23 15:46:39.210  1691  2118 W A       : Disposing empty manager. Did you forgot to subscribe observables?
06-23 15:46:39.210  1691  2118 W A       : Disposing empty manager. Did you forgot to subscribe observables?
06-23 15:46:39.210  1691  2118 W A       : Disposing empty manager. Did you forgot to subscribe observables?
06-23 15:46:39.210  1691  2118 W A       : Disposing empty manager. Did you forgot to subscribe observables?
06-23 15:46:39.210  1691  2118 W A       : Disposing empty manager. Did you forgot to subscribe observables?
06-23 15:46:39.210  1691  2155 I A       : #onActiveStateChangeEvent, newState: IDLE, previousState: IDLE.
06-23 15:46:39.211  1691  2118 I A       : Setting session to type: NO_SESSION
06-23 15:46:39.211  1691  2118 W A       : Disposing empty manager. Did you forgot to subscribe observables?
06-23 15:46:39.211  1691  2118 W A       : Disposing empty manager. Did you forgot to subscribe observables?
06-23 15:46:39.211  1691  2118 W A       : Disposing empty manager. Did you forgot to subscribe observables?
06-23 15:46:39.211  1691  2118 W A       : Disposing empty manager. Did you forgot to subscribe observables?
06-23 15:46:39.211  1691  2118 W A       : Disposing empty manager. Did you forgot to subscribe observables?
06-23 15:46:39.211  1691  2118 W A       : Disposing empty manager. Did you forgot to subscribe observables?
06-23 15:46:39.211  1691  2118 W A       : Disposing empty manager. Did you forgot to subscribe observables?
06-23 15:46:39.211  1691  2118 W A       : Disposing empty manager. Did you forgot to subscribe observables?
06-23 15:46:39.211  1691  2118 I A       : setNavBarVisible: GestureNavBarVisible{navbarVisible=true}
06-23 15:46:39.212  1691  2118 W A       : Disposing empty manager. Did you forgot to subscribe observables?
06-23 15:46:39.212  1691  2118 W A       : Disposing empty manager. Did you forgot to subscribe observables?
06-23 15:46:39.212  1691  2118 W A       : Disposing empty manager. Did you forgot to subscribe observables?
06-23 15:46:39.212  1691  2118 W A       : Disposing empty manager. Did you forgot to subscribe observables?
06-23 15:46:39.212  1691  2118 W A       : Disposing empty manager. Did you forgot to subscribe observables?
06-23 15:46:39.213  1691  2118 W A       : Disposing empty manager. Did you forgot to subscribe observables?
06-23 15:46:39.213  1691  2118 I A       : onDisabled. Registered: false
06-23 15:46:39.213  1691  2118 I A       : on opa visibility changed false
06-23 15:46:39.213  1691  2118 I A       : on opa visibility changed false
06-23 15:46:39.214  1691  2155 I A       : Initialize
06-23 15:46:39.214  1691  2118 I A       : stopListening(NGA_PAUSED_UNKNOWN_REASON, NGA_CREATE), idleOverride=NOT_LISTENING
06-23 15:46:39.216  1691  2118 I NgaEntryPointEventSendr: setupConnection
06-23 15:46:39.218  1736  1736 I A       : Creating pss binder().
06-23 15:46:39.219  1691  2118 I NgaEntryPointEventSendr: State changed: Disconnected => Connecting
06-23 15:46:39.219  1691  2118 I NgaEntryPointEventSendr: onServiceConnected
06-23 15:46:39.219  1736  1784 I A       : Calling beginBinderSession().
06-23 15:46:39.219  1736  1784 I A       : beginBinderSession(): calling binder
06-23 15:46:39.219  1691  2118 I NgaEntryPointEventSendr: State changed: Connecting => Ready
06-23 15:46:39.221  1691  2118 I A       : Successfully initialized all components
06-23 15:46:39.222   518   901 W ActivityManager: Unable to start service Intent { cmp=com.google.android.apps.tachyon/.clientapi.ClientApiService } U=0: not found
06-23 15:46:39.230  1736  2942 I PBSessionCacheImpl: Deleted sessionId[7636790972653991] from persistence.
06-23 15:46:39.230  1736  2298 W A       : UiCallbackStub-onGenericEvent[ServiceEvent = 60] task was not run. Callback from Service received after client was disposed.
06-23 15:46:39.232  1736  2298 W SearchServiceCore: Abort, client detached.
06-23 15:46:39.234  1691  2155 I NgaEntryPointEventSendr: State changed: Ready => Disconnected (onOpaDisconnected)
06-23 15:46:39.236  1691  1691 V ClearcutMetricXmitter: Transmission is done.
06-23 15:46:39.858  6997  7018 D EGL_emulation: app_time_stats: avg=499.86ms min=499.47ms max=500.13ms count=3
