06-23 15:47:45.862  1500  1600 W AppInfoHelper: 	at java.util.concurrent.ThreadPoolExecutor$Worker.run(ThreadPoolExecutor.java:644)
06-23 15:47:45.862  1500  1600 W AppInfoHelper: 	at huo.run(PG:51)
06-23 15:47:45.862  1500  1600 W AppInfoHelper: 	at java.lang.Thread.run(Thread.java:1012)
06-23 15:47:45.862  1500  1600 W AppInfoHelper: 	at idx.run(PG:5)
06-23 15:47:45.960   836   836 D TileServices: Couldn't find tile for ComponentInfo{com.google.android.apps.wellbeing/com.google.android.apps.wellbeing.focusmode.quicksettings.FocusModeTileService}(0)
06-23 15:47:45.981   836   836 D TileServices: Couldn't find tile for ComponentInfo{com.google.android.apps.wellbeing/com.google.android.apps.wellbeing.focusmode.quicksettings.FocusModeTileService}(0)
06-23 15:47:46.088  7717  7717 W BpBinder: Linking to death on android.gui.ISurfaceComposer but there are no threads (yet?) listening to incoming transactions. See ProcessState::startThreadPool and ProcessState::setThreadPoolMaxThreadCount. Generally you should setup the binder threadpool before other initialization steps.
06-23 15:47:46.088  7717  7717 W ProcessState: Extra binder thread started, but 0 threads requested. Do not use *startThreadPool when zero threads are requested.
06-23 15:47:46.093   136   136 I hwservicemanager: getTransport: Cannot find entry android.hardware.graphics.mapper@4.0::IMapper/default in either framework or device VINTF manifest.
06-23 15:47:46.093  7717  7718 I Gralloc4: mapper 4.x is not supported
06-23 15:47:46.283     0     0 I servicemanager: Could not find android.hardware.graphics.allocator.IAllocator/default in the VINTF manifest.
06-23 15:47:46.208  7719  7719 D AndroidRuntime: >>>>>> START com.android.internal.os.RuntimeInit uid 2000 <<<<<<
06-23 15:47:46.216  7719  7719 I AndroidRuntime: Using default boot image
06-23 15:47:46.216  7719  7719 I AndroidRuntime: Leaving lock profiling enabled
06-23 15:47:46.218  7719  7719 I app_process: Core platform API reporting enabled, enforcing=false
06-23 15:47:46.218  7719  7719 I app_process: Using CollectorTypeCC GC.
06-23 15:47:46.317  7719  7719 D nativeloader: InitDefaultPublicLibraries for_preload=1: libandroid.so:libaaudio.so:libamidi.so:libbinder_ndk.so:libc.so:libcamera2ndk.so:libdl.so:libEGL.so:libGLESv1_CM.so:libGLESv2.so:libGLESv3.so:libicu.so:libicui18n.so:libicuuc.so:libjnigraphics.so:liblog.so:libmediandk.so:libm.so:libnativehelper.so:libnativewindow.so:libOpenMAXAL.so:libOpenSLES.so:libRS.so:libstdc++.so:libsync.so:libvulkan.so:libwebviewchromium_plat_support.so:libz.so
06-23 15:47:46.328  7719  7719 D app_process: Time zone APEX ICU file found: /apex/com.android.tzdata/etc/icu/icu_tzdata.dat
06-23 15:47:46.329  7719  7719 D app_process: I18n APEX ICU file found: /apex/com.android.i18n/etc/icu/icudt72l.dat
06-23 15:47:46.339  7719  7719 W app_process: Unexpected CPU variant for x86: x86_64.
06-23 15:47:46.339  7719  7719 W app_process: Known variants: atom, sandybridge, silvermont, goldmont, goldmont-plus, tremont, kabylake, default
06-23 15:47:46.341  7719  7719 W app_process: ClassLoaderContext shared library size mismatch. Expected=2, found=0 (PCL[]{PCL[/system/framework/android.test.base.jar*836642756]#PCL[/system/framework/android.test.mock.jar*3186112116]} | PCL[])
06-23 15:47:46.343  7719  7719 W app_process: ClassLoaderContext classpath size mismatch. expected=0, found=1 (PCL[]{PCL[/system/framework/android.test.runner.jar*4168958247]{PCL[/system/framework/android.test.base.jar*836642756]#PCL[/system/framework/android.test.mock.jar*3186112116]}#PCL[/system/framework/android.test.base.jar*836642756]} | PCL[/system/framework/android.test.runner.jar*4168958247])
06-23 15:47:46.345   518   608 I RoleService: Granting default roles...
06-23 15:47:46.353   842  7666 E RoleControllerServiceImpl: Default/fallback role holder package doesn't qualify for the role, package: com.google.android.gms.supervision, role: android.app.role.SYSTEM_SUPERVISION
06-23 15:47:46.355   842  7666 I Role    : com.google.android.gms not qualified for android.app.role.SYSTEM_CALL_STREAMING due to missing RequiredComponent{mIntentFilterData=IntentFilterData{mAction='android.telecom.CallStreamingService', mCategories='[]', mDataScheme='null', mDataType='null'}, mMinTargetSdkVersion=1, mFlags='0', mPermission='android.permission.BIND_CALL_STREAMING_SERVICE', mQueryFlags=0, mMetaData=[]}
06-23 15:47:46.355   842  7666 E RoleControllerServiceImpl: Default/fallback role holder package doesn't qualify for the role, package: com.google.android.gms, role: android.app.role.SYSTEM_CALL_STREAMING
06-23 15:47:46.355   842  7666 W Role    : Default holder doesn't have required signing certificate: com.google.android.apps.work.clouddpc:23962F4B43B9857638EA66F4D419518EAE282491ACDA4B94707BD59003C45E58
06-23 15:47:46.366  7719  7719 W main    : type=1400 audit(0.0:84): avc:  denied  { read } for  name="u:object_r:build_attestation_prop:s0" dev="tmpfs" ino=86 scontext=u:r:shell:s0 tcontext=u:object_r:build_attestation_prop:s0 tclass=file permissive=0
06-23 15:47:46.373  7719  7719 W libc    : Access denied finding property "ro.product.name_for_attestation"
06-23 15:47:46.377  7719  7719 W libc    : Access denied finding property "ro.product.brand_for_attestation"
06-23 15:47:46.377  7719  7719 W libc    : Access denied finding property "ro.product.model_for_attestation"
06-23 15:47:46.378  7719  7719 D AndroidRuntime: Calling main entry com.android.commands.uiautomator.Launcher
06-23 15:47:46.370  7719  7719 W main    : type=1400 audit(0.0:85): avc:  denied  { read } for  name="u:object_r:build_attestation_prop:s0" dev="tmpfs" ino=86 scontext=u:r:shell:s0 tcontext=u:object_r:build_attestation_prop:s0 tclass=file permissive=0
06-23 15:47:46.374  7719  7719 W main    : type=1400 audit(0.0:86): avc:  denied  { read } for  name="u:object_r:build_attestation_prop:s0" dev="tmpfs" ino=86 scontext=u:r:shell:s0 tcontext=u:object_r:build_attestation_prop:s0 tclass=file permissive=0
06-23 15:47:46.383  7719  7719 D UiAutomationConnection: Created on user UserHandle{0}
06-23 15:47:46.383  7719  7719 I UiAutomation: Initialized for user 0 on display 0
06-23 15:47:46.383  7719  7719 W UiAutomation: Created with deprecatead constructor, assumes DEFAULT_DISPLAY
06-23 15:47:46.388   518  2334 D AccessibilityManagerService: changeCurrentUserForTestAutomationIfNeededLocked(0): ignoring because device doesn't support visible background users
06-23 15:47:46.388   518  2334 I UiAutomationManager: Registering UiTestAutomationService (id=com.android.server.accessibility/UiAutomation) when called by user 0
06-23 15:47:46.395   518  2334 W WindowMagnificationMgr: requestConnection duplicated request: connect=false, mConnectionState=DISCONNECTED
06-23 15:47:46.395  1638  1677 I AiAiEcho: Settings changed for uri: content://settings/secure/accessibility_enabled
06-23 15:47:46.395  7719  7733 V UiAutomation: Init UiAutomation@14af189[id=7, displayId=0, flags=0]
06-23 15:47:46.396  1638  2037 I AiAiEcho: Predicting[0]: 
06-23 15:47:46.396  1638  2037 I AiAiEcho: EchoTargets: 
06-23 15:47:46.396  1638  2037 I AiAiEcho: Filtered by AiAi flag check: 
06-23 15:47:46.396  1638  2037 I AiAiEcho: Ranked targets strategy: SORT, count: 0, ranking metadata: 
06-23 15:47:46.397   518   518 D BatterySaverPolicy: accessibility changed to true, updating policy.
06-23 15:47:46.398  1736  2179 I A       : NGA disabled since it's running Panthera and at least one a11y feature is on.
06-23 15:47:46.398  1736  2179 I A       : Nga state changed to NgaStateDetails{state=DISABLED, isSpecialExperience=false}
06-23 15:47:46.399  1638  2037 I AiAiEcho: Predicting[0]: 
06-23 15:47:46.399  1638  2037 I AiAiEcho: EchoTargets: 
06-23 15:47:46.399  1638  2037 I AiAiEcho: Filtered by AiAi flag check: 
06-23 15:47:46.400  1691  7305 I A       : APA or Classic session decision: SessionDecision(sessionVariance=CLASSIC, platformVariance=CLASSIC, justification=CURRENT_PLATFORM_VARIANCE).
06-23 15:47:46.400  1691  7305 I A       : [Memory] eligibility: StashEligibility{4}
06-23 15:47:46.400  1638  2037 I AiAiEcho: Ranked targets strategy: SORT, count: 0, ranking metadata: 
06-23 15:47:46.400  1691  2118 I A       : Unsubscribed to apa or classic variant change.
06-23 15:47:46.401  1638  2037 I AiAiEcho: #postPredictionTargets: Sending updates to UISurface lockscreen with targets# 0 (types=[])
06-23 15:47:46.401  1638  2037 I AiAiEcho: #postPredictionTargets: Sending updates to UISurface home with targets# 0 (types=[])
06-23 15:47:46.402   518  2802 W WindowMagnificationMgr: requestConnection duplicated request: connect=false, mConnectionState=DISCONNECTED
06-23 15:47:46.404  1638  1677 I AiAiEcho: Settings changed for uri: content://settings/secure/accessibility_enabled
06-23 15:47:46.404   836   836 W PageIndicator: Total number of pages invalid: 0. Assuming 1 page.
06-23 15:47:46.404  1638  2037 I AiAiEcho: Predicting[0]: 
06-23 15:47:46.405  1638  2037 I AiAiEcho: EchoTargets: 
06-23 15:47:46.405  1638  2037 I AiAiEcho: Filtered by AiAi flag check: 
06-23 15:47:46.405  1638  2037 I AiAiEcho: Ranked targets strategy: SORT, count: 0, ranking metadata: 
06-23 15:47:46.405  1638  2037 I AiAiEcho: Predicting[0]: 
06-23 15:47:46.406  1638  2037 I AiAiEcho: EchoTargets: 
06-23 15:47:46.406  1638  2037 I AiAiEcho: Filtered by AiAi flag check: 
06-23 15:47:46.407  1638  2037 I AiAiEcho: Ranked targets strategy: SORT, count: 0, ranking metadata: 
06-23 15:47:46.407  1638  2037 I AiAiEcho: #postPredictionTargets: Sending updates to UISurface lockscreen with targets# 0 (types=[])
06-23 15:47:46.407  1638  2037 I AiAiEcho: #postPredictionTargets: Sending updates to UISurface home with targets# 0 (types=[])
06-23 15:47:46.409   836   836 W PageIndicator: Total number of pages invalid: 0. Assuming 1 page.
06-23 15:47:46.411   518   911 D SafetySourceDataValidator: No cert check requested for package com.google.android.permissioncontroller
06-23 15:47:46.441  7515  7534 D EGL_emulation: app_time_stats: avg=498.77ms min=496.83ms max=499.83ms count=3
06-23 15:47:47.402  7719  7719 I AccessibilityNodeInfoDumper: Skipping invisible child: android.view.accessibility.AccessibilityNodeInfo@128ab; boundsInParent: Rect(0, 0 - 320, 0); boundsInScreen: Rect(0, 0 - 320, 0); boundsInWindow: Rect(0, 0 - 320, 0); packageName: com.hanapkalinga.mobile; className: android.widget.LinearLayout; text: null; error: null; maxTextLength: -1; stateDescription: null; contentDescription: null; tooltipText: null; containerTitle: null; viewIdResName: null; uniqueId: null; checkable: false; checked: false; focusable: false; focused: false; selected: false; clickable: false; longClickable: false; contextClickable: false; enabled: true; password: false; scrollable: false; importantForAccessibility: false; visible: false; actions: [AccessibilityAction: ACTION_SELECT - null, AccessibilityAction: ACTION_CLEAR_SELECTION - null, AccessibilityAction: ACTION_ACCESSIBILITY_FOCUS - null, AccessibilityAction: ACTION_SHOW_ON_SCREEN - null]; isTextSelectable: false
06-23 15:47:47.402  7719  7719 I AccessibilityNodeInfoDumper: Skipping invisible child: android.view.accessibility.AccessibilityNodeInfo@124ea; boundsInParent: Rect(0, 0 - 320, 0); boundsInScreen: Rect(0, 0 - 320, 0); boundsInWindow: Rect(0, 0 - 320, 0); packageName: com.hanapkalinga.mobile; className: android.view.ViewGroup; text: null; error: null; maxTextLength: -1; stateDescription: null; contentDescription: null; tooltipText: null; containerTitle: null; viewIdResName: null; uniqueId: null; checkable: false; checked: false; focusable: false; focused: false; selected: false; clickable: false; longClickable: false; contextClickable: false; enabled: true; password: false; scrollable: false; importantForAccessibility: false; visible: false; actions: [AccessibilityAction: ACTION_SELECT - null, AccessibilityAction: ACTION_CLEAR_SELECTION - null, AccessibilityAction: ACTION_ACCESSIBILITY_FOCUS - null, AccessibilityAction: ACTION_SHOW_ON_SCREEN - null]; isTextSelectable: false
06-23 15:47:47.402  7719  7719 I AccessibilityNodeInfoDumper: Skipping invisible child: android.view.accessibility.AccessibilityNodeInfo@191c7; boundsInParent: Rect(0, 0 - 320, 0); boundsInScreen: Rect(0, 0 - 320, 0); boundsInWindow: Rect(0, 0 - 320, 0); packageName: com.hanapkalinga.mobile; className: android.widget.LinearLayout; text: null; error: null; maxTextLength: -1; stateDescription: null; contentDescription: null; tooltipText: null; containerTitle: null; viewIdResName: null; uniqueId: null; checkable: false; checked: false; focusable: false; focused: false; selected: false; clickable: false; longClickable: false; contextClickable: false; enabled: true; password: false; scrollable: false; importantForAccessibility: false; visible: false; actions: [AccessibilityAction: ACTION_SELECT - null, AccessibilityAction: ACTION_CLEAR_SELECTION - null, AccessibilityAction: ACTION_ACCESSIBILITY_FOCUS - null, AccessibilityAction: ACTION_SHOW_ON_SCREEN - null]; isTextSelectable: false
06-23 15:47:47.402  7719  7719 I AccessibilityNodeInfoDumper: Skipping invisible child: android.view.accessibility.AccessibilityNodeInfo@18e06; boundsInParent: Rect(0, 0 - 320, 0); boundsInScreen: Rect(0, 0 - 320, 0); boundsInWindow: Rect(0, 0 - 320, 0); packageName: com.hanapkalinga.mobile; className: android.view.ViewGroup; text: null; error: null; maxTextLength: -1; stateDescription: null; contentDescription: null; tooltipText: null; containerTitle: null; viewIdResName: null; uniqueId: null; checkable: false; checked: false; focusable: false; focused: false; selected: false; clickable: false; longClickable: false; contextClickable: false; enabled: true; password: false; scrollable: false; importantForAccessibility: false; visible: false; actions: [AccessibilityAction: ACTION_SELECT - null, AccessibilityAction: ACTION_CLEAR_SELECTION - null, AccessibilityAction: ACTION_ACCESSIBILITY_FOCUS - null, AccessibilityAction: ACTION_SHOW_ON_SCREEN - null]; isTextSelectable: false
06-23 15:47:47.404  7719  7719 W AccessibilityNodeInfoDumper: Fetch time: 5ms
06-23 15:47:47.406   518  1109 W WindowMagnificationMgr: requestConnection duplicated request: connect=false, mConnectionState=DISCONNECTED
06-23 15:47:47.406   518  1109 D AccessibilityManagerService: restoreCurrentUserForTestAutomationIfNeededLocked(): ignoring because device doesn't support visible background users
06-23 15:47:47.406  1638  1677 I AiAiEcho: Settings changed for uri: content://settings/secure/accessibility_enabled
06-23 15:47:47.407  1736  2173 I A       : NGA enabled in interactor.
06-23 15:47:47.407  1736  2173 I A       : Nga state changed to NgaStateDetails{state=ENABLED, isSpecialExperience=false}
06-23 15:47:47.408  1638  2037 I AiAiEcho: Predicting[0]: 
06-23 15:47:47.408  1638  2037 I AiAiEcho: EchoTargets: 
06-23 15:47:47.408  1638  2037 I AiAiEcho: Filtered by AiAi flag check: 
06-23 15:47:47.408  1638  2037 I AiAiEcho: Ranked targets strategy: SORT, count: 0, ranking metadata: 
06-23 15:47:47.408  1638  2037 I AiAiEcho: Predicting[0]: 
06-23 15:47:47.408  1638  2037 I AiAiEcho: EchoTargets: 
06-23 15:47:47.408  1638  2037 I AiAiEcho: Filtered by AiAi flag check: 
06-23 15:47:47.409  1638  2037 I AiAiEcho: Ranked targets strategy: SORT, count: 0, ranking metadata: 
06-23 15:47:47.409  1638  2037 I AiAiEcho: #postPredictionTargets: Sending updates to UISurface lockscreen with targets# 0 (types=[])
06-23 15:47:47.409  1638  2037 I AiAiEcho: #postPredictionTargets: Sending updates to UISurface home with targets# 0 (types=[])
06-23 15:47:47.410   836   836 W PageIndicator: Total number of pages invalid: 0. Assuming 1 page.
06-23 15:47:47.411  1691  7305 I A       : Initializing all components
06-23 15:47:47.412  1691  7305 I A       : APA or Classic session decision: SessionDecision(sessionVariance=CLASSIC, platformVariance=CLASSIC, justification=CURRENT_PLATFORM_VARIANCE).
06-23 15:47:47.413  1691  7305 I A       : [Memory] eligibility: StashEligibility{6}
06-23 15:47:47.414  1691  2118 I A       : State changed: IDLE => IDLE by NGA_STATE_CHANGED and N/A with Optional.empty
06-23 15:47:47.414  1691  2118 I A       : Recognizer choice: (recognizer_type: 1, recognizer_mode: 1, choice_reason: 4)
06-23 15:47:47.414  1691  2155 I A       : onIsEnabledChanged, isEnabled: false
06-23 15:47:47.414  1691  2155 W A       : Disposing empty manager. Did you forgot to subscribe observables?
06-23 15:47:47.414  1691  2155 W A       : Disposing empty manager. Did you forgot to subscribe observables?
06-23 15:47:47.415  1691  2155 W A       : Disposing empty manager. Did you forgot to subscribe observables?
06-23 15:47:47.415  1691  2155 W A       : Disposing empty manager. Did you forgot to subscribe observables?
06-23 15:47:47.415  1691  2155 W A       : Disposing empty manager. Did you forgot to subscribe observables?
06-23 15:47:47.415  1691  2155 W A       : Disposing empty manager. Did you forgot to subscribe observables?
06-23 15:47:47.415  1691  2155 W A       : Disposing empty manager. Did you forgot to subscribe observables?
06-23 15:47:47.415  1691  2155 W A       : Disposing empty manager. Did you forgot to subscribe observables?
06-23 15:47:47.415  1691  2155 W A       : Disposing empty manager. Did you forgot to subscribe observables?
06-23 15:47:47.415  1691  2155 W A       : Disposing empty manager. Did you forgot to subscribe observables?
06-23 15:47:47.415  1691  2155 I A       : onOpaVisibilityChanged: false
06-23 15:47:47.415  1691  2155 W A       : Disposing empty manager. Did you forgot to subscribe observables?
06-23 15:47:47.415  1691  2155 W A       : Disposing empty manager. Did you forgot to subscribe observables?
06-23 15:47:47.415  1691  2155 W A       : Disposing empty manager. Did you forgot to subscribe observables?
06-23 15:47:47.415  1691  2155 W A       : Disposing empty manager. Did you forgot to subscribe observables?
06-23 15:47:47.415  1691  2155 W A       : Disposing empty manager. Did you forgot to subscribe observables?
06-23 15:47:47.415  1691  2155 W A       : Disposing empty manager. Did you forgot to subscribe observables?
06-23 15:47:47.415  1691  2155 I A       : Setting session to type: NO_SESSION
06-23 15:47:47.415  1691  2155 W A       : Disposing empty manager. Did you forgot to subscribe observables?
06-23 15:47:47.416  1691  2155 W A       : Disposing empty manager. Did you forgot to subscribe observables?
06-23 15:47:47.416  1691  2155 W A       : Disposing empty manager. Did you forgot to subscribe observables?
06-23 15:47:47.416  1691  2155 W A       : Disposing empty manager. Did you forgot to subscribe observables?
06-23 15:47:47.416  1691  2155 W A       : Disposing empty manager. Did you forgot to subscribe observables?
06-23 15:47:47.416  1691  2155 W A       : Disposing empty manager. Did you forgot to subscribe observables?
06-23 15:47:47.416  1691  2155 W A       : Disposing empty manager. Did you forgot to subscribe observables?
06-23 15:47:47.416  1691  2155 W A       : Disposing empty manager. Did you forgot to subscribe observables?
06-23 15:47:47.416  1691  2155 I A       : setNavBarVisible: GestureNavBarVisible{navbarVisible=true}
06-23 15:47:47.416  1691  2155 W A       : Disposing empty manager. Did you forgot to subscribe observables?
06-23 15:47:47.416  1691  2155 W A       : Disposing empty manager. Did you forgot to subscribe observables?
06-23 15:47:47.416  1691  2155 W A       : Disposing empty manager. Did you forgot to subscribe observables?
06-23 15:47:47.416  1691  2155 W A       : Disposing empty manager. Did you forgot to subscribe observables?
06-23 15:47:47.416  1691  2155 W A       : Disposing empty manager. Did you forgot to subscribe observables?
06-23 15:47:47.416  1691  2155 W A       : Disposing empty manager. Did you forgot to subscribe observables?
06-23 15:47:47.416  1691  2155 I A       : onDisabled. Registered: false
06-23 15:47:47.417   518   518 D BatterySaverPolicy: accessibility changed to false, updating policy.
06-23 15:47:47.418  1691  2118 I A       : onActiveStateChangeEvent: IDLE => IDLE
06-23 15:47:47.418  1691  2118 I A       : #onActiveStateChangeEvent, newState: IDLE, previousState: IDLE.
06-23 15:47:47.419  7719  7719 D AndroidRuntime: Shutting down VM
06-23 15:47:47.422  1691  2118 I A       : on opa visibility changed false
06-23 15:47:47.423  1691  2118 I A       : on opa visibility changed false
06-23 15:47:47.427  1691  2118 I A       : stopListening(NGA_PAUSED_UNKNOWN_REASON, NGA_CREATE), idleOverride=NOT_LISTENING
06-23 15:47:47.428  1691  2118 I NgaEntryPointEventSendr: setupConnection
06-23 15:47:47.428  1691  2155 I A       : Initialize
06-23 15:47:47.430  1736  1736 I A       : Creating pss binder().
06-23 15:47:47.430  1691  2118 I NgaEntryPointEventSendr: State changed: Disconnected => Connecting
06-23 15:47:47.430  1691  2118 I NgaEntryPointEventSendr: onServiceConnected
06-23 15:47:47.431  1736  2199 I A       : Calling beginBinderSession().
06-23 15:47:47.431  1736  2199 I A       : beginBinderSession(): calling binder
06-23 15:47:47.431  1691  2118 I NgaEntryPointEventSendr: State changed: Connecting => Ready
06-23 15:47:47.433  1691  2155 I A       : Successfully initialized all components
06-23 15:47:47.434   518  2803 W ActivityManager: Unable to start service Intent { cmp=com.google.android.apps.tachyon/.clientapi.ClientApiService } U=0: not found
06-23 15:47:47.438  1691  1691 V ClearcutMetricXmitter: Transmission is done.
06-23 15:47:47.444  7515  7534 D EGL_emulation: app_time_stats: avg=501.14ms min=500.12ms max=502.16ms count=2
06-23 15:47:47.444  1736  2942 I PBSessionCacheImpl: Deleted sessionId[7636790972653998] from persistence.
06-23 15:47:47.445  1736  2298 W A       : UiCallbackStub-onGenericEvent[ServiceEvent = 60] task was not run. Callback from Service received after client was disposed.
06-23 15:47:47.447  1736  2298 W SearchServiceCore: Abort, client detached.
06-23 15:47:47.447  1691  2118 I NgaEntryPointEventSendr: State changed: Ready => Disconnected (onOpaDisconnected)
06-23 15:47:47.939   820   820 I wpa_supplicant: wlan0: CTRL-EVENT-BEACON-LOSS 
