--------- beginning of main
06-23 15:47:44.559  7328  7582 W QueryController: Could not detect idle state.
06-23 15:47:44.559  7328  7582 W QueryController: Could not detect idle state.
06-23 15:47:44.574  7328  7582 I Maestro : Skipping invisible child: android.view.accessibility.AccessibilityNodeInfo@128aa; boundsInParent: Rect(0, 0 - 320, 0); boundsInScreen: Rect(0, 0 - 320, 0); boundsInWindow: Rect(0, 0 - 320, 0); packageName: com.hanapkalinga.mobile; className: android.widget.LinearLayout; text: null; error: null; maxTextLength: -1; stateDescription: null; contentDescription: null; tooltipText: null; containerTitle: null; viewIdResName: null; uniqueId: null; checkable: false; checked: false; focusable: false; focused: false; selected: false; clickable: false; longClickable: false; contextClickable: false; enabled: true; password: false; scrollable: false; importantForAccessibility: false; visible: false; actions: [AccessibilityAction: ACTION_SELECT - null, AccessibilityAction: ACTION_CLEAR_SELECTION - null, AccessibilityAction: ACTION_ACCESSIBILITY_FOCUS - null, AccessibilityAction: ACTION_SHOW_ON_SCREEN - null]; isTextSelectable: false
06-23 15:47:44.575  7328  7582 I Maestro : Skipping invisible child: android.view.accessibility.AccessibilityNodeInfo@124e9; boundsInParent: Rect(0, 0 - 320, 0); boundsInScreen: Rect(0, 0 - 320, 0); boundsInWindow: Rect(0, 0 - 320, 0); packageName: com.hanapkalinga.mobile; className: android.view.ViewGroup; text: null; error: null; maxTextLength: -1; stateDescription: null; contentDescription: null; tooltipText: null; containerTitle: null; viewIdResName: null; uniqueId: null; checkable: false; checked: false; focusable: false; focused: false; selected: false; clickable: false; longClickable: false; contextClickable: false; enabled: true; password: false; scrollable: false; importantForAccessibility: false; visible: false; actions: [AccessibilityAction: ACTION_SELECT - null, AccessibilityAction: ACTION_CLEAR_SELECTION - null, AccessibilityAction: ACTION_ACCESSIBILITY_FOCUS - null, AccessibilityAction: ACTION_SHOW_ON_SCREEN - null]; isTextSelectable: false
06-23 15:47:44.575  7328  7582 I Maestro : Skipping invisible child: android.view.accessibility.AccessibilityNodeInfo@191c6; boundsInParent: Rect(0, 0 - 320, 0); boundsInScreen: Rect(0, 0 - 320, 0); boundsInWindow: Rect(0, 0 - 320, 0); packageName: com.hanapkalinga.mobile; className: android.widget.LinearLayout; text: null; error: null; maxTextLength: -1; stateDescription: null; contentDescription: null; tooltipText: null; containerTitle: null; viewIdResName: null; uniqueId: null; checkable: false; checked: false; focusable: false; focused: false; selected: false; clickable: false; longClickable: false; contextClickable: false; enabled: true; password: false; scrollable: false; importantForAccessibility: false; visible: false; actions: [AccessibilityAction: ACTION_SELECT - null, AccessibilityAction: ACTION_CLEAR_SELECTION - null, AccessibilityAction: ACTION_ACCESSIBILITY_FOCUS - null, AccessibilityAction: ACTION_SHOW_ON_SCREEN - null]; isTextSelectable: false
06-23 15:47:44.576  7328  7582 I Maestro : Skipping invisible child: android.view.accessibility.AccessibilityNodeInfo@18e05; boundsInParent: Rect(0, 0 - 320, 0); boundsInScreen: Rect(0, 0 - 320, 0); boundsInWindow: Rect(0, 0 - 320, 0); packageName: com.hanapkalinga.mobile; className: android.view.ViewGroup; text: null; error: null; maxTextLength: -1; stateDescription: null; contentDescription: null; tooltipText: null; containerTitle: null; viewIdResName: null; uniqueId: null; checkable: false; checked: false; focusable: false; focused: false; selected: false; clickable: false; longClickable: false; contextClickable: false; enabled: true; password: false; scrollable: false; importantForAccessibility: false; visible: false; actions: [AccessibilityAction: ACTION_SELECT - null, AccessibilityAction: ACTION_CLEAR_SELECTION - null, AccessibilityAction: ACTION_ACCESSIBILITY_FOCUS - null, AccessibilityAction: ACTION_SHOW_ON_SCREEN - null]; isTextSelectable: false
06-23 15:47:44.577  7328  7582 D Maestro : View hierarchy received in 19 ms
--------- beginning of system
06-23 15:47:44.664   518  2804 D WindowManager: captureDisplay
06-23 15:47:44.945  7515  7534 D EGL_emulation: app_time_stats: avg=501.69ms min=500.45ms max=502.92ms count=2
06-23 15:47:45.152   518   547 I ActivityManager: Force stopping dev.mobile.maestro appid=10197 user=-1: deletePackageX
06-23 15:47:45.153   518   547 E libprocessgroup: No such cgroup attribute: /sys/fs/cgroup/uid_4294877493/cgroup.freeze
06-23 15:47:45.153   518   547 W libprocessgroup: Failed to apply Frozen process profile: No such file or directory
06-23 15:47:45.153   518   547 I ActivityManager: Killing 7328:dev.mobile.maestro/u0a197 (adj 0): stop dev.mobile.maestro due to deletePackageX
06-23 15:47:45.154   518   547 W ActivityManager: Crash of app dev.mobile.maestro running instrumentation ComponentInfo{dev.mobile.maestro.test/androidx.test.runner.AndroidJUnitRunner}
06-23 15:47:45.155   518   538 D DisplayManagerService: Drop pending events for gone uid 10197
06-23 15:47:45.156   518   547 I ActivityManager: Force stopping dev.mobile.maestro appid=10197 user=0: finished inst
06-23 15:47:45.158   518   547 D OomAdjuster: Not killing cached processes
06-23 15:47:45.170   518   547 E libprocessgroup: No such cgroup attribute: /sys/fs/cgroup/uid_4294877493/cgroup.freeze
06-23 15:47:45.170   518   547 W libprocessgroup: Failed to apply Unfrozen process profile: No such file or directory
06-23 15:47:45.170  7316  7327 W Binder  : Caught a RuntimeException from the binder stub implementation.
06-23 15:47:45.170  7316  7327 W Binder  : java.lang.SecurityException: Calling from not trusted UID!
06-23 15:47:45.170  7316  7327 W Binder  : 	at android.app.UiAutomationConnection.throwIfCalledByNotTrustedUidLocked(UiAutomationConnection.java:646)
06-23 15:47:45.170  7316  7327 W Binder  : 	at android.app.UiAutomationConnection.shutdown(UiAutomationConnection.java:547)
06-23 15:47:45.170  7316  7327 W Binder  : 	at android.app.IUiAutomationConnection$Stub.onTransact(IUiAutomationConnection.java:402)
06-23 15:47:45.170  7316  7327 W Binder  : 	at android.os.Binder.execTransactInternal(Binder.java:1344)
06-23 15:47:45.170  7316  7327 W Binder  : 	at android.os.Binder.execTransact(Binder.java:1275)
06-23 15:47:45.175   518   920 V ActivityManager: Got obituary of 7328:dev.mobile.maestro
06-23 15:47:45.175   336   336 I Zygote  : Process 7328 exited due to signal 9 (Killed)
06-23 15:47:45.178  7316  7316 I app_process: System.exit called, status: 0
06-23 15:47:45.178  7316  7316 I AndroidRuntime: VM exiting with result code 0.
06-23 15:47:45.180  1638  1677 I AiAiEcho: Settings changed for uri: content://settings/secure/accessibility_enabled
06-23 15:47:45.180   518   911 W WindowMagnificationMgr: requestConnection duplicated request: connect=false, mConnectionState=DISCONNECTED
06-23 15:47:45.180   518   911 W WindowMagnificationMgr: requestConnection duplicated request: connect=false, mConnectionState=DISCONNECTED
06-23 15:47:45.182  1736  2180 I A       : NGA enabled in interactor.
06-23 15:47:45.182  1736  2180 I A       : Nga state changed to NgaStateDetails{state=ENABLED, isSpecialExperience=false}
06-23 15:47:45.189  1691  5232 I A       : Initializing all components
06-23 15:47:45.189  1691  5232 I A       : APA or Classic session decision: SessionDecision(sessionVariance=CLASSIC, platformVariance=CLASSIC, justification=CURRENT_PLATFORM_VARIANCE).
06-23 15:47:45.189  1691  5232 I A       : [Memory] eligibility: StashEligibility{6}
06-23 15:47:45.195  1691  2155 I A       : onIsEnabledChanged, isEnabled: false
06-23 15:47:45.195  1691  2155 W A       : Disposing empty manager. Did you forgot to subscribe observables?
06-23 15:47:45.195  1691  2155 W A       : Disposing empty manager. Did you forgot to subscribe observables?
06-23 15:47:45.195  1691  2155 W A       : Disposing empty manager. Did you forgot to subscribe observables?
06-23 15:47:45.195  1691  2155 W A       : Disposing empty manager. Did you forgot to subscribe observables?
06-23 15:47:45.195  1691  2155 W A       : Disposing empty manager. Did you forgot to subscribe observables?
06-23 15:47:45.195  1691  2155 W A       : Disposing empty manager. Did you forgot to subscribe observables?
06-23 15:47:45.195  1691  2155 W A       : Disposing empty manager. Did you forgot to subscribe observables?
06-23 15:47:45.195  1691  2155 W A       : Disposing empty manager. Did you forgot to subscribe observables?
06-23 15:47:45.195  1691  2155 W A       : Disposing empty manager. Did you forgot to subscribe observables?
06-23 15:47:45.195  1691  2155 W A       : Disposing empty manager. Did you forgot to subscribe observables?
06-23 15:47:45.195  1691  2155 I A       : onOpaVisibilityChanged: false
06-23 15:47:45.195  1691  2155 W A       : Disposing empty manager. Did you forgot to subscribe observables?
06-23 15:47:45.195  1691  2155 W A       : Disposing empty manager. Did you forgot to subscribe observables?
06-23 15:47:45.195  1691  2155 W A       : Disposing empty manager. Did you forgot to subscribe observables?
06-23 15:47:45.195  1691  2155 W A       : Disposing empty manager. Did you forgot to subscribe observables?
06-23 15:47:45.195  1691  2155 W A       : Disposing empty manager. Did you forgot to subscribe observables?
06-23 15:47:45.195  1691  2155 W A       : Disposing empty manager. Did you forgot to subscribe observables?
06-23 15:47:45.196  1691  2155 I A       : Setting session to type: NO_SESSION
06-23 15:47:45.196  1691  2155 W A       : Disposing empty manager. Did you forgot to subscribe observables?
06-23 15:47:45.196  1691  2155 W A       : Disposing empty manager. Did you forgot to subscribe observables?
06-23 15:47:45.196  1691  2155 W A       : Disposing empty manager. Did you forgot to subscribe observables?
06-23 15:47:45.196  1691  2155 W A       : Disposing empty manager. Did you forgot to subscribe observables?
06-23 15:47:45.196  1691  2155 W A       : Disposing empty manager. Did you forgot to subscribe observables?
06-23 15:47:45.196  1691  2155 W A       : Disposing empty manager. Did you forgot to subscribe observables?
06-23 15:47:45.196  1691  2155 W A       : Disposing empty manager. Did you forgot to subscribe observables?
06-23 15:47:45.196  1691  2155 W A       : Disposing empty manager. Did you forgot to subscribe observables?
06-23 15:47:45.196  1691  2155 I A       : setNavBarVisible: GestureNavBarVisible{navbarVisible=true}
06-23 15:47:45.196  1691  2155 W A       : Disposing empty manager. Did you forgot to subscribe observables?
06-23 15:47:45.196  1691  2155 W A       : Disposing empty manager. Did you forgot to subscribe observables?
06-23 15:47:45.196  1691  2155 W A       : Disposing empty manager. Did you forgot to subscribe observables?
06-23 15:47:45.196  1691  2155 W A       : Disposing empty manager. Did you forgot to subscribe observables?
06-23 15:47:45.196  1691  2155 W A       : Disposing empty manager. Did you forgot to subscribe observables?
06-23 15:47:45.196  1691  2155 W A       : Disposing empty manager. Did you forgot to subscribe observables?
06-23 15:47:45.196  1691  2155 I A       : onDisabled. Registered: false
--------- beginning of kernel
06-23 15:47:45.389     0     0 I init    : Untracked pid 7316 exited with status 0
06-23 15:47:45.390     0     0 I init    : Untracked pid 7316 did not have an associated service entry and will not be reaped
06-23 15:47:45.200  1638  2037 I AiAiEcho: Predicting[0]: 
06-23 15:47:45.200  1638  2037 I AiAiEcho: EchoTargets: 
06-23 15:47:45.200  1638  2037 I AiAiEcho: Filtered by AiAi flag check: 
06-23 15:47:45.201  1638  2037 I AiAiEcho: Ranked targets strategy: SORT, count: 0, ranking metadata: 
06-23 15:47:45.201  1638  2037 I AiAiEcho: Predicting[0]: 
06-23 15:47:45.201  1638  2037 I AiAiEcho: EchoTargets: 
06-23 15:47:45.201  1638  2037 I AiAiEcho: Filtered by AiAi flag check: 
06-23 15:47:45.201  1638  2037 I AiAiEcho: Ranked targets strategy: SORT, count: 0, ranking metadata: 
06-23 15:47:45.202  1691  2155 I A       : State changed: IDLE => IDLE by NGA_STATE_CHANGED and N/A with Optional.empty
06-23 15:47:45.202  1691  2155 I A       : Recognizer choice: (recognizer_type: 1, recognizer_mode: 1, choice_reason: 4)
06-23 15:47:45.202  1691  2155 I A       : onActiveStateChangeEvent: IDLE => IDLE
06-23 15:47:45.203  1691  2155 I A       : #onActiveStateChangeEvent, newState: IDLE, previousState: IDLE.
06-23 15:47:45.205  1638  1677 I AiAiEcho: Settings changed for uri: content://settings/secure/accessibility_enabled
06-23 15:47:45.207   518  2083 D CompatibilityChangeReporter: Compat change id reported: 197654537; UID 10192; state: ENABLED
06-23 15:47:45.208  1691  2155 I NgaEntryPointEventSendr: setupConnection
06-23 15:47:45.212   518  2083 W ProcessStats: Tracking association SourceState{b60173b com.google.android.googlequicksearchbox:interactor/10132 BFgs #14447} whose proc state 4 is better than process ProcessState{19713d3 com.google.android.googlequicksearchbox:search/10132 pkg=com.google.android.googlequicksearchbox} proc state 14 (34 skipped)
06-23 15:47:45.213   518   518 D BatterySaverPolicy: accessibility changed to false, updating policy.
06-23 15:47:45.214  1638  2037 I AiAiEcho: #postPredictionTargets: Sending updates to UISurface lockscreen with targets# 0 (types=[])
06-23 15:47:45.215   836   836 W PageIndicator: Total number of pages invalid: 0. Assuming 1 page.
06-23 15:47:45.215  1638  2037 I AiAiEcho: #postPredictionTargets: Sending updates to UISurface home with targets# 0 (types=[])
06-23 15:47:45.215  1638  2037 I AiAiEcho: Predicting[0]: 
06-23 15:47:45.215  1638  2037 I AiAiEcho: EchoTargets: 
06-23 15:47:45.215  1638  2037 I AiAiEcho: Filtered by AiAi flag check: 
06-23 15:47:45.215  1638  2037 I AiAiEcho: Ranked targets strategy: SORT, count: 0, ranking metadata: 
06-23 15:47:45.221  1638  2037 I AiAiEcho: Predicting[0]: 
06-23 15:47:45.221  1638  2037 I AiAiEcho: EchoTargets: 
06-23 15:47:45.221  1638  2037 I AiAiEcho: Filtered by AiAi flag check: 
06-23 15:47:45.221  1638  2037 I AiAiEcho: Ranked targets strategy: SORT, count: 0, ranking metadata: 
06-23 15:47:45.224   518   518 I ResourceTimer: GetResourceValue count=12463 pvalues=2000,9000,11000,18000
06-23 15:47:45.224   518   518 I ResourceTimer: RetrieveAttributes count=14516 pvalues=1000,2000,5000,15000
06-23 15:47:45.225  1638  2037 I AiAiEcho: #postPredictionTargets: Sending updates to UISurface lockscreen with targets# 0 (types=[])
06-23 15:47:45.225   836   836 W PageIndicator: Total number of pages invalid: 0. Assuming 1 page.
06-23 15:47:45.227  1638  2037 I AiAiEcho: #postPredictionTargets: Sending updates to UISurface home with targets# 0 (types=[])
06-23 15:47:45.251  1736  1736 I A       : Creating pss binder().
06-23 15:47:45.271   518   571 D PackageManager: Instant App installer not found with android.intent.action.INSTALL_INSTANT_APP_PACKAGE
06-23 15:47:45.271   518   571 D PackageManager: Clear ephemeral installer activity
06-23 15:47:45.459     0     0 I logd    : start watching /data/system/packages.list ...
06-23 15:47:45.461     0     0 I logd    : ReadPackageList, total packages: 201
06-23 15:47:45.275  1691  2155 I NgaEntryPointEventSendr: State changed: Disconnected => Connecting
06-23 15:47:45.276  1691  2155 I NgaEntryPointEventSendr: onServiceConnected
06-23 15:47:45.276  1736  2199 I A       : Calling beginBinderSession().
06-23 15:47:45.274   518  3370 E TaskPersister: File error accessing recents directory (directory doesn't exist?).
06-23 15:47:45.279  1691  2118 I A       : Initialize
06-23 15:47:45.280  1691  2118 I A       : stopListening(NGA_PAUSED_UNKNOWN_REASON, NGA_CREATE), idleOverride=NOT_LISTENING
06-23 15:47:45.280  1691  2118 I A       : on opa visibility changed false
06-23 15:47:45.280  1691  2118 I A       : on opa visibility changed false
06-23 15:47:45.282   518   571 I ActivityManager: Force stopping dev.mobile.maestro appid=10197 user=0: pkg removed
06-23 15:47:45.282  1736  2199 I A       : beginBinderSession(): calling binder
06-23 15:47:45.282  1691  2155 I NgaEntryPointEventSendr: State changed: Connecting => Ready
06-23 15:47:45.294  1050  1050 D CarrierSvcBindHelper: onPackageRemoved: dev.mobile.maestro
06-23 15:47:45.295  1050  1050 D CarrierSvcBindHelper: No carrier app for: 0
06-23 15:47:45.296  4174  4174 V MediaPlayerList: mPackageChangedBroadcastReceiver: action: android.intent.action.PACKAGE_REMOVED
06-23 15:47:45.297  4174  4174 V MediaPlayerList: mPackageChangedBroadcastReceiver: action: android.intent.action.PACKAGE_REMOVED
06-23 15:47:45.298  1691  2155 I A       : Successfully initialized all components
06-23 15:47:45.301  1635  1635 W MediaProvider: WorkProfileOwnerApps cache is empty
06-23 15:47:45.304   518   602 I RollbackManager: broadcast=ACTION_PACKAGE_FULLY_REMOVED pkg=dev.mobile.maestro
06-23 15:47:45.304   518   620 I InputReader: Reconfiguring input devices, changes=KEYBOARD_LAYOUTS
06-23 15:47:45.307   518   547 D ActivityManager: sync unfroze 2851 com.android.chrome for 3
06-23 15:47:45.310   518   755 W WifiService: Couldn't get PackageInfo for package:dev.mobile.maestro
06-23 15:47:45.310   518   755 D WifiService: Remove settings for package:dev.mobile.maestro
06-23 15:47:45.310   518   755 D WifiConfigManager: Remove all networks for app ApplicationInfo{99cc42f dev.mobile.maestro}
06-23 15:47:45.311   518   629 V StorageManagerService: Package dev.mobile.maestro does not have legacy storage
06-23 15:47:45.313   518   768 E AppOps  : attributionTag VCN not declared in manifest of android
06-23 15:47:45.313   836   890 D StylusManager: Stylus InputDevice changed: 13 virtio_input_multi_touch_10
06-23 15:47:45.320   518   518 D ActivityManager: sync unfroze 1992 com.android.keychain for 10
06-23 15:47:45.321   518   518 D ActivityManager: sync unfroze 1052 com.android.settings for 10
06-23 15:47:45.322   518   518 D ActivityManager: sync unfroze 3690 com.android.dynsystem:dynsystem for 10
06-23 15:47:45.322   518   518 D ActivityManager: sync unfroze 3625 com.android.dynsystem for 10
06-23 15:47:45.323   518   518 D ActivityManager: sync unfroze 2484 com.android.localtransport for 10
06-23 15:47:45.328   836   890 D StylusManager: Stylus InputDevice changed: 12 virtio_input_multi_touch_9
06-23 15:47:45.329   836   890 D StylusManager: Stylus InputDevice changed: 10 virtio_input_multi_touch_7
06-23 15:47:45.340   518   755 D WifiConfigStore: Writing to stores completed in 30 ms.
06-23 15:47:45.340   518   755 I PasspointManager: No app ops listener found for dev.mobile.maestro
06-23 15:47:45.340   518   755 W WifiService: Couldn't get PackageInfo for package:dev.mobile.maestro
06-23 15:47:45.340   518   755 D WifiService: Remove settings for package:dev.mobile.maestro
06-23 15:47:45.340   518   755 D WifiConfigManager: Remove all networks for app ApplicationInfo{66dfa40 dev.mobile.maestro}
06-23 15:47:45.356   518   518 I Telecom : CarModeTracker: Package dev.mobile.maestro is not tracked.: SSH.oR@AXY🔒
06-23 15:47:45.356   518   518 I Telecom : InCallController: updateCarModeForConnections: car mode apps: : SSH.oR@AXY🔒
06-23 15:47:45.356   518   518 I Telecom : InCallController: update carmode current:UserHandle{0} parent:null: SSH.oR@AXY🔒
06-23 15:47:45.366   518   755 D WifiConfigStore: Writing to stores completed in 16 ms.
06-23 15:47:45.367   518   755 I PasspointManager: No app ops listener found for dev.mobile.maestro
06-23 15:47:45.370   836   836 D ControlsListingControllerImpl: ServiceConfig reloaded, count: 0
06-23 15:47:45.375  1736  2233 W CorpusConfigHelper: Invalid input from icing corpus JSON flag.
06-23 15:47:45.375  1736  2233 W CorpusConfigHelper: android.util.MalformedJsonException: Use JsonReader.setLenient(true) to accept malformed JSON at line 123 column 2
06-23 15:47:45.375  1736  2233 W CorpusConfigHelper: 	at android.util.JsonReader.syntaxError(JsonReader.java:1162)
06-23 15:47:45.375  1736  2233 W CorpusConfigHelper: 	at android.util.JsonReader.checkLenient(JsonReader.java:840)
06-23 15:47:45.375  1736  2233 W CorpusConfigHelper: 	at android.util.JsonReader.nextInArray(JsonReader.java:615)
06-23 15:47:45.375  1736  2233 W CorpusConfigHelper: 	at android.util.JsonReader.peek(JsonReader.java:345)
06-23 15:47:45.375  1736  2233 W CorpusConfigHelper: 	at android.util.JsonReader.hasNext(JsonReader.java:321)
06-23 15:47:45.375  1736  2233 W CorpusConfigHelper: 	at com.google.android.apps.gsa.searchbox.c.b.b.k.c(PG:7)
06-23 15:47:45.375  1736  2233 W CorpusConfigHelper: 	at com.google.android.apps.gsa.searchbox.c.b.b.k.<init>(PG:5)
06-23 15:47:45.375  1736  2233 W CorpusConfigHelper: 	at com.google.android.apps.gsa.staticplugins.searchboxroot.features.n.a.c.<init>(PG:16)
06-23 15:47:45.375  1736  2233 W CorpusConfigHelper: 	at com.google.android.apps.gsa.staticplugins.searchboxroot.b.a(PG:14)
06-23 15:47:45.375  1736  2233 W CorpusConfigHelper: 	at com.google.android.apps.gsa.staticplugins.searchboxroot.x.<init>(PG:7)
06-23 15:47:45.375  1736  2233 W CorpusConfigHelper: 	at com.google.android.apps.gsa.binaries.velvet.app.akd.b(PG:15)
06-23 15:47:45.375  1736  2233 W CorpusConfigHelper: 	at dagger.a.e.b(PG:1)
06-23 15:47:45.375  1736  2233 W CorpusConfigHelper: 	at com.google.android.apps.gsa.staticplugins.searchboxroot.a.a.a(PG:3)
06-23 15:47:45.375  1736  2233 W CorpusConfigHelper: 	at com.google.android.apps.gsa.binaries.velvet.app.ok.f(Unknown Source:2541)
06-23 15:47:45.375  1736  2233 W CorpusConfigHelper: 	at com.google.android.apps.gsa.binaries.velvet.app.ok.b(PG:1)
06-23 15:47:45.375  1736  2233 W CorpusConfigHelper: 	at com.google.android.apps.gsa.search.core.service.g.a.c.a(PG:2)
06-23 15:47:45.375  1736  2233 W CorpusConfigHelper: 	at com.google.android.libraries.gsa.k.a.f.a(PG:2)
06-23 15:47:45.375  1736  2233 W CorpusConfigHelper: 	at com.google.common.util.concurrent.dx.a(PG:1)
06-23 15:47:45.375  1736  2233 W CorpusConfigHelper: 	at com.google.common.util.concurrent.cv.run(PG:4)
06-23 15:47:45.375  1736  2233 W CorpusConfigHelper: 	at com.google.common.util.concurrent.dz.run(PG:1)
06-23 15:47:45.375  1736  2233 W CorpusConfigHelper: 	at com.google.android.libraries.i.ae.run(PG:1)
06-23 15:47:45.375  1736  2233 W CorpusConfigHelper: 	at java.util.concurrent.ThreadPoolExecutor.runWorker(ThreadPoolExecutor.java:1145)
06-23 15:47:45.375  1736  2233 W CorpusConfigHelper: 	at java.util.concurrent.ThreadPoolExecutor$Worker.run(ThreadPoolExecutor.java:644)
06-23 15:47:45.375  1736  2233 W CorpusConfigHelper: 	at com.google.android.libraries.i.k.run(PG:2)
06-23 15:47:45.375  1736  2233 W CorpusConfigHelper: 	at com.google.android.libraries.i.p.run(PG:4)
06-23 15:47:45.375  1736  2233 W CorpusConfigHelper: 	at java.lang.Thread.run(Thread.java:1012)
06-23 15:47:45.379   836   836 D StatusBarIconController: ignoring old pipeline callback because the new wifi icon is enabled
06-23 15:47:45.384   836   890 D StylusManager: Stylus InputDevice changed: 8 virtio_input_multi_touch_5
06-23 15:47:45.384   836   890 D StylusManager: Stylus InputDevice changed: 14 virtio_input_multi_touch_11
06-23 15:47:45.384   836   890 D StylusManager: Stylus InputDevice changed: 5 virtio_input_multi_touch_2
06-23 15:47:45.384   836   890 D StylusManager: Stylus InputDevice changed: 4 virtio_input_multi_touch_1
06-23 15:47:45.384   836   890 D StylusManager: Stylus InputDevice changed: 11 virtio_input_multi_touch_8
06-23 15:47:45.384   836   890 D StylusManager: Stylus InputDevice changed: 7 virtio_input_multi_touch_4
06-23 15:47:45.385   836   890 D StylusManager: Stylus InputDevice changed: 9 virtio_input_multi_touch_6
06-23 15:47:45.386   836   890 D StylusManager: Stylus InputDevice changed: 6 virtio_input_multi_touch_3
06-23 15:47:45.391   518   546 W WindowMagnificationMgr: requestConnection duplicated request: connect=false, mConnectionState=DISCONNECTED
06-23 15:47:45.392  1736  2298 I A       : Using proto config with mendel
06-23 15:47:45.394  1736  2235 W A       : Queue length for executor EventBus is now 11. Perhaps some tasks are too long, or the pool is too small.
06-23 15:47:45.398  1736  2298 I A       : Using proto config with mendel
06-23 15:47:45.399   518   608 I RoleService: Granting default roles...
06-23 15:47:45.399  1736  2298 I A       : Using proto config with mendel
06-23 15:47:45.400  1736  2298 I A       : Merging legacy hotword config map with new proto.
06-23 15:47:45.400  1736  2298 I A       : Adding from config to map. Locale: cmn-Hant-TW modelPrefix: x_google Location:4e7cae00daee30ec565c34e3aa67a51f isSpeakerIdSupported: true
06-23 15:47:45.400  1736  2298 I A       : Adding from config to map. Locale: id-ID modelPrefix: x_google Location:cfffcc1a4c1c084c003c8eb27f73d770 isSpeakerIdSupported: true
06-23 15:47:45.400  1736  2298 I A       : Adding from config to map. Locale: ko-KR modelPrefix: x_google Location:0b132163a2eb2c1194b202067475724b isSpeakerIdSupported: true
06-23 15:47:45.400  1736  2298 I A       : Skipping. Expected model: 2 Found: 1
06-23 15:47:45.401  1736  2298 I A       : Adding from config to map. Locale: zh-TW modelPrefix: x_google Location:4e7cae00daee30ec565c34e3aa67a51f isSpeakerIdSupported: true
06-23 15:47:45.401  1736  2298 I A       : Using proto config with mendel
06-23 15:47:45.403  1736  2298 I A       : Using proto config with mendel
06-23 15:47:45.404  1736  2298 I A       : Using proto config with mendel
06-23 15:47:45.417   518   547 D ActivityManager: sync unfroze 3276 com.google.android.documentsui for 3
06-23 15:47:45.419  1691  2118 I NgaEntryPointEventSendr: State changed: Ready => Disconnected (onOpaDisconnected)
06-23 15:47:45.421   518  1109 W ActivityManager: Unable to start service Intent { cmp=com.google.android.apps.tachyon/.clientapi.ClientApiService } U=0: not found
06-23 15:47:45.421  1736  2298 W A       : UiCallbackStub-onGenericEvent[ServiceEvent = 111] task was not run. Callback from Service received after client was disposed.
06-23 15:47:45.421  1736  2298 W A       : UiCallbackStub-onGenericEvent[ServiceEvent = 60] task was not run. Callback from Service received after client was disposed.
06-23 15:47:45.422   518   608 D ActivityManager: sync unfroze 842 com.google.android.permissioncontroller for 6
06-23 15:47:45.423  1736  2298 W A       : UiCallbackStub-onGenericEvent[ServiceEvent = 60] task was not run. Callback from Service received after client was disposed.
06-23 15:47:45.423  1736  2298 W A       : UiCallbackStub-onGenericEvent[ServiceEvent = 105] task was not run. Callback from Service received after client was disposed.
06-23 15:47:45.423  1736  2298 W A       : UiCallbackStub-onGenericEvent[ServiceEvent = 107] task was not run. Callback from Service received after client was disposed.
06-23 15:47:45.424  1736  2298 W A       : UiCallbackStub-onGenericEvent[ServiceEvent = 107] task was not run. Callback from Service received after client was disposed.
06-23 15:47:45.424  1736  2298 W A       : UiCallbackStub-onGenericEvent[ServiceEvent = 42] task was not run. Callback from Service received after client was disposed.
06-23 15:47:45.427   518  1685 D ActivityManager: sync unfroze 5672 com.google.android.gms for 6
06-23 15:47:45.433   518   518 I ConditionProviders: Disallowing condition provider dev.mobile.maestro (userSet: true)
06-23 15:47:45.434   518   547 I ActivityManager: Force stopping dev.mobile.maestro.test appid=10198 user=-1: deletePackageX
06-23 15:47:45.434   518   547 E libprocessgroup: No such cgroup attribute: /sys/fs/cgroup/uid_4294877494/cgroup.freeze
06-23 15:47:45.434   518   547 W libprocessgroup: Failed to apply Frozen process profile: No such file or directory
06-23 15:47:45.436   518   527 I system_server: Background young concurrent copying GC freed 582911(22MB) AllocSpace objects, 46(1272KB) LOS objects, 32% free, 34MB/51MB, paused 50us,238us total 182.870ms
06-23 15:47:45.438  1736  2298 W A       : UiCallbackStub-onGenericEvent[ServiceEvent = 67] task was not run. Callback from Service received after client was disposed.
06-23 15:47:45.440   518   547 E libprocessgroup: No such cgroup attribute: /sys/fs/cgroup/uid_4294877494/cgroup.freeze
06-23 15:47:45.440   518   547 W libprocessgroup: Failed to apply Unfrozen process profile: No such file or directory
06-23 15:47:45.443  1736  2298 I MicroDetectionState: Should stop hotword detection immediately - true
06-23 15:47:45.444  1736  2298 W A       : UiCallbackStub-onGenericEvent[ServiceEvent = 241] task was not run. Callback from Service received after client was disposed.
06-23 15:47:45.444  1736  2298 W A       : UiCallbackStub-onGenericEvent[ServiceEvent = 241] task was not run. Callback from Service received after client was disposed.
06-23 15:47:45.445  1736  2298 W A       : UiCallbackStub-onGenericEvent[ServiceEvent = 60] task was not run. Callback from Service received after client was disposed.
06-23 15:47:45.448  1736  2942 I PBSessionCacheImpl: Deleted sessionId[7636790972653995] from persistence.
06-23 15:47:45.450  1635  2385 I MediaProvider: Begin Intent { act=android.intent.action.PACKAGE_FULLY_REMOVED dat=package: flg=0x5000010 cmp=com.google.android.providers.media.module/com.android.providers.media.MediaService (has extras) }
06-23 15:47:45.450  1635  2385 D MediaProvider: Deleted 0 Android/media items belonging to dev.mobile.maestro on /data/user/0/com.google.android.providers.media.module/databases/external.db
06-23 15:47:45.452  1736  2298 W SearchServiceCore: Abort, client detached.
06-23 15:47:45.452  1736  2298 I MicroDetectionState: Should stop hotword detection immediately - true
06-23 15:47:45.452  1736  2298 I A       : Using proto config with mendel
06-23 15:47:45.452  1736  2298 I A       : Using proto config with mendel
06-23 15:47:45.461   335   384 I netd    : tetherGetStats() -> {[]} <0.29ms>
06-23 15:47:45.473  1635  2385 D MediaGrants: Removed 0 media_grants for 0 user for dev.mobile.maestro. Reason: Package orphaned
06-23 15:47:45.479   395   777 D AF::TrackHandle: OpPlayAudio: track:55 usage:13 not muted
06-23 15:47:45.480   395   777 D AF::TrackHandle: OpPlayAudio: track:55 usage:13 not muted
06-23 15:47:45.481   395   777 D AF::TrackHandle: OpPlayAudio: track:55 usage:13 not muted
06-23 15:47:45.481   395   777 D AF::TrackHandle: OpPlayAudio: track:55 usage:13 not muted
06-23 15:47:45.481   395   777 D AF::TrackHandle: OpPlayAudio: track:55 usage:13 not muted
06-23 15:47:45.481   395   777 D AF::TrackHandle: OpPlayAudio: track:55 usage:13 not muted
06-23 15:47:45.481   395   777 D AF::TrackHandle: OpPlayAudio: track:55 usage:13 not muted
06-23 15:47:45.481   395   777 D AF::TrackHandle: OpPlayAudio: track:55 usage:13 not muted
06-23 15:47:45.482   395   777 D AF::TrackHandle: OpPlayAudio: track:55 usage:13 not muted
06-23 15:47:45.482   395   777 D AF::TrackHandle: OpPlayAudio: track:55 usage:13 not muted
06-23 15:47:45.482   395   777 D AF::TrackHandle: OpPlayAudio: track:55 usage:13 not muted
06-23 15:47:45.482   395   777 D AF::TrackHandle: OpPlayAudio: track:55 usage:13 not muted
06-23 15:47:45.482   395   777 D AF::TrackHandle: OpPlayAudio: track:55 usage:13 not muted
06-23 15:47:45.483   395   777 D AF::TrackHandle: OpPlayAudio: track:55 usage:13 not muted
06-23 15:47:45.483   395   777 D AF::TrackHandle: OpPlayAudio: track:55 usage:13 not muted
06-23 15:47:45.489   395   777 D AF::TrackHandle: OpPlayAudio: track:55 usage:13 not muted
06-23 15:47:45.499  1635  2385 I MediaProvider: End Intent { act=android.intent.action.PACKAGE_FULLY_REMOVED dat=package: flg=0x5000010 cmp=com.google.android.providers.media.module/com.android.providers.media.MediaService (has extras) }
06-23 15:47:45.502   518   911 D SafetySourceDataValidator: No cert check requested for package com.google.android.permissioncontroller
06-23 15:47:45.502   842  7666 E RoleControllerServiceImpl: Default/fallback role holder package doesn't qualify for the role, package: com.google.android.gms.supervision, role: android.app.role.SYSTEM_SUPERVISION
06-23 15:47:45.504   842  7666 I Role    : com.google.android.gms not qualified for android.app.role.SYSTEM_CALL_STREAMING due to missing RequiredComponent{mIntentFilterData=IntentFilterData{mAction='android.telecom.CallStreamingService', mCategories='[]', mDataScheme='null', mDataType='null'}, mMinTargetSdkVersion=1, mFlags='0', mPermission='android.permission.BIND_CALL_STREAMING_SERVICE', mQueryFlags=0, mMetaData=[]}
06-23 15:47:45.504   842  7666 E RoleControllerServiceImpl: Default/fallback role holder package doesn't qualify for the role, package: com.google.android.gms, role: android.app.role.SYSTEM_CALL_STREAMING
06-23 15:47:45.506   842  7666 W Role    : Default holder doesn't have required signing certificate: com.google.android.apps.work.clouddpc:23962F4B43B9857638EA66F4D419518EAE282491ACDA4B94707BD59003C45E58
06-23 15:47:45.508   518   547 D ActivityManager: sync unfroze 1893 android.process.media for 3
06-23 15:47:45.518  5672  5672 D BoundBrokerSvc: onBind: Intent { act=com.google.android.gms.common.BIND_SHARED_PREFS pkg=com.google.android.gms }
06-23 15:47:45.518  5672  5672 D BoundBrokerSvc: Loading bound service for intent: Intent { act=com.google.android.gms.common.BIND_SHARED_PREFS pkg=com.google.android.gms }
06-23 15:47:45.521  5672  5672 D BoundBrokerSvc: onUnbind: Intent { act=com.google.android.gms.common.BIND_SHARED_PREFS pkg=com.google.android.gms }
06-23 15:47:45.522   842   842 D PersistedStoragePackageUninstalledReceiver: Received android.intent.action.PACKAGE_FULLY_REMOVED for dev.mobile.maestro for u0
06-23 15:47:45.523  5672  5805 I Icing   : IndexChimeraService.getServiceInterface callingPackage=com.google.android.googlequicksearchbox componentName=null serviceId=36
06-23 15:47:45.534  5672  5672 D BoundBrokerSvc: onBind: Intent { act=com.google.android.gms.feedback.internal.IFeedbackService dat=chimera-action:/... cmp=com.google.android.gms/.chimera.GmsBoundBrokerService }
06-23 15:47:45.534  5672  5672 D BoundBrokerSvc: Loading bound service for intent: Intent { act=com.google.android.gms.feedback.internal.IFeedbackService dat=chimera-action:/... cmp=com.google.android.gms/.chimera.GmsBoundBrokerService }
06-23 15:47:45.543  1106  1106 D Launcher.Model: package removed received dev.mobile.maestro
06-23 15:47:45.543  1106  1146 D PackageUpdatedTask: Removing app icondev.mobile.maestro
06-23 15:47:45.544  1638  1638 I AiAiEcho: AppFetcherImplV2 onPackageRemoved dev.mobile.maestro.
06-23 15:47:45.553  1106  1146 D ModelWriter: removing items from db . Reason: [removed because the corresponding package or component is removed. mOp=3 removedPackages=[dev.mobile.maestro] removedComponents=[]]
06-23 15:47:45.756     0     0 I logd    : start watching /data/system/packages.list ...
06-23 15:47:45.758     0     0 I logd    : ReadPackageList, total packages: 200
06-23 15:47:45.572   518   901 D CompatibilityChangeReporter: Compat change id reported: 161252188; UID 10192; state: DISABLED
06-23 15:47:45.577  1638  2067 I AiAiEcho: EchoSearch: WidgetFetcherImpl is initialized with [28] widgets [reason=package removed for userId: 0]
06-23 15:47:45.583  5712  7671 I ProximityAuth: [RecentAppsMediator] Package removed: (user=UserHandle{0}) dev.mobile.maestro
06-23 15:47:45.587  5712  7671 I Fitness : FitCleanupIntentOperation received Intent android.intent.action.PACKAGE_REMOVED [CONTEXT service_id=17 ]
06-23 15:47:45.593  1638  2037 I AiAiEcho: [pnb-agg] Reload pnb aggregation on events deleted
06-23 15:47:45.593  1638  2037 I AiAiEcho: [pnb-agg] pnb aggregation disabled.
06-23 15:47:45.598  5672  7672 I BlockstoreStorage: Clearing all the Blockstore Data for package dev.mobile.maestro [CONTEXT service_id=258 ]
06-23 15:47:45.598  5672  7672 I BlockstoreStorage: Clearing all the Blockstore Data for 1 packages [CONTEXT service_id=258 ]
06-23 15:47:45.602  5672  5805 I Icing   : IndexChimeraService.getServiceInterface callingPackage=com.google.android.gms componentName=null serviceId=30
06-23 15:47:45.603   518   571 D PackageManager: Instant App installer not found with android.intent.action.INSTALL_INSTANT_APP_PACKAGE
06-23 15:47:45.603   518   571 D PackageManager: Clear ephemeral installer activity
06-23 15:47:45.606   518  3370 E TaskPersister: File error accessing recents directory (directory doesn't exist?).
06-23 15:47:45.623  5672  5805 I Icing   : IndexChimeraService.getServiceInterface callingPackage=com.google.android.gms componentName=AppsCorpus serviceId=36
06-23 15:47:45.628  5672  5732 I Icing   : Usage reports ok 1, Failed Usage reports 0, indexed 0, rejected 0
06-23 15:47:45.628  5672  7674 W SQLiteLog: (28) double-quoted string literal: "dev.mobile.maestro"
06-23 15:47:45.639  5672  7368 I ContentMaintenance: Internal cache bytes used: 0; limit: 100000000; download size: 0
06-23 15:47:45.641  5672  5732 I Icing   : Usage reports ok 0, Failed Usage reports 0, indexed 0, rejected 0
06-23 15:47:45.647  5672  7368 I RealtimeCacheCleanup: Beginning Realtime garbage collection.
06-23 15:47:45.647   518   571 I ActivityManager: Force stopping dev.mobile.maestro.test appid=10198 user=0: pkg removed
06-23 15:47:45.647  5672  7368 I RealtimeCacheCleanup: Finished Realtime garbage collection.
06-23 15:47:45.648   518   571 E libprocessgroup: No such cgroup attribute: /sys/fs/cgroup/uid_10198/cgroup.freeze
06-23 15:47:45.648   518   571 W libprocessgroup: Failed to apply Frozen process profile: No such file or directory
06-23 15:47:45.648  5672  5732 I Icing   : doRemovePackageData dev.mobile.maestro
06-23 15:47:45.649   518   571 E libprocessgroup: No such cgroup attribute: /sys/fs/cgroup/uid_10198/cgroup.freeze
06-23 15:47:45.649   518   571 W libprocessgroup: Failed to apply Unfrozen process profile: No such file or directory
06-23 15:47:45.660   518   768 E AppOps  : attributionTag VCN not declared in manifest of android
06-23 15:47:45.662   518   755 W WifiService: Couldn't get PackageInfo for package:dev.mobile.maestro.test
06-23 15:47:45.662   518   755 D WifiService: Remove settings for package:dev.mobile.maestro.test
06-23 15:47:45.662   518   755 D WifiConfigManager: Remove all networks for app ApplicationInfo{2dcbec4 dev.mobile.maestro.test}
06-23 15:47:45.665  1050  1050 D CarrierSvcBindHelper: onPackageRemoved: dev.mobile.maestro.test
06-23 15:47:45.665  1050  1050 D CarrierSvcBindHelper: No carrier app for: 0
06-23 15:47:45.666   518   755 D WifiConfigStore: Writing to stores completed in 3 ms.
06-23 15:47:45.666   518   755 I PasspointManager: No app ops listener found for dev.mobile.maestro.test
06-23 15:47:45.671   518   620 I InputReader: Reconfiguring input devices, changes=KEYBOARD_LAYOUTS
06-23 15:47:45.673   518   629 V StorageManagerService: Package dev.mobile.maestro.test does not have legacy storage
06-23 15:47:45.673  4174  4174 V MediaPlayerList: mPackageChangedBroadcastReceiver: action: android.intent.action.PACKAGE_REMOVED
06-23 15:47:45.673  4174  4174 V MediaPlayerList: mPackageChangedBroadcastReceiver: action: android.intent.action.PACKAGE_REMOVED
06-23 15:47:45.675   518   518 I Telecom : CarModeTracker: Package dev.mobile.maestro.test is not tracked.: SSH.oR@AXk🔒
06-23 15:47:45.675   518   518 I Telecom : InCallController: updateCarModeForConnections: car mode apps: : SSH.oR@AXk🔒
06-23 15:47:45.675   518   518 I Telecom : InCallController: update carmode current:UserHandle{0} parent:null: SSH.oR@AXk🔒
06-23 15:47:45.676   518   518 I ConditionProviders: Disallowing condition provider dev.mobile.maestro.test (userSet: true)
06-23 15:47:45.678   836   890 D StylusManager: Stylus InputDevice changed: 13 virtio_input_multi_touch_10
06-23 15:47:45.679   836   890 D StylusManager: Stylus InputDevice changed: 12 virtio_input_multi_touch_9
06-23 15:47:45.680   836   890 D StylusManager: Stylus InputDevice changed: 10 virtio_input_multi_touch_7
06-23 15:47:45.680   395   777 D AF::TrackHandle: OpPlayAudio: track:55 usage:13 not muted
06-23 15:47:45.680   395   777 D AF::TrackHandle: OpPlayAudio: track:55 usage:13 not muted
06-23 15:47:45.681   836   890 D StylusManager: Stylus InputDevice changed: 8 virtio_input_multi_touch_5
06-23 15:47:45.682   395   777 D AF::TrackHandle: OpPlayAudio: track:55 usage:13 not muted
06-23 15:47:45.682   395   777 D AF::TrackHandle: OpPlayAudio: track:55 usage:13 not muted
06-23 15:47:45.682   395   777 D AF::TrackHandle: OpPlayAudio: track:55 usage:13 not muted
06-23 15:47:45.682   395   777 D AF::TrackHandle: OpPlayAudio: track:55 usage:13 not muted
06-23 15:47:45.682   395   777 D AF::TrackHandle: OpPlayAudio: track:55 usage:13 not muted
06-23 15:47:45.682   395   777 D AF::TrackHandle: OpPlayAudio: track:55 usage:13 not muted
06-23 15:47:45.683   395   777 D AF::TrackHandle: OpPlayAudio: track:55 usage:13 not muted
06-23 15:47:45.686   395   777 D AF::TrackHandle: OpPlayAudio: track:55 usage:13 not muted
06-23 15:47:45.686   395   777 D AF::TrackHandle: OpPlayAudio: track:55 usage:13 not muted
06-23 15:47:45.686   395   777 D AF::TrackHandle: OpPlayAudio: track:55 usage:13 not muted
06-23 15:47:45.686   518   602 I RollbackManager: broadcast=ACTION_PACKAGE_FULLY_REMOVED pkg=dev.mobile.maestro.test
06-23 15:47:45.687   395   777 D AF::TrackHandle: OpPlayAudio: track:55 usage:13 not muted
06-23 15:47:45.687   518   755 W WifiService: Couldn't get PackageInfo for package:dev.mobile.maestro.test
06-23 15:47:45.687   518   755 D WifiService: Remove settings for package:dev.mobile.maestro.test
06-23 15:47:45.687   518   755 D WifiConfigManager: Remove all networks for app ApplicationInfo{ed8e5d5 dev.mobile.maestro.test}
06-23 15:47:45.687   395   777 D AF::TrackHandle: OpPlayAudio: track:55 usage:13 not muted
06-23 15:47:45.687   395   777 D AF::TrackHandle: OpPlayAudio: track:55 usage:13 not muted
06-23 15:47:45.687   395   777 D AF::TrackHandle: OpPlayAudio: track:55 usage:13 not muted
06-23 15:47:45.692   518   755 D WifiConfigStore: Writing to stores completed in 4 ms.
06-23 15:47:45.693   518   755 I PasspointManager: No app ops listener found for dev.mobile.maestro.test
06-23 15:47:45.694  1635  1635 W MediaProvider: WorkProfileOwnerApps cache is empty
06-23 15:47:45.700  1635  2385 I MediaProvider: Begin Intent { act=android.intent.action.PACKAGE_FULLY_REMOVED dat=package: flg=0x5000010 cmp=com.google.android.providers.media.module/com.android.providers.media.MediaService (has extras) }
06-23 15:47:45.700  1635  2385 D MediaProvider: Deleted 0 Android/media items belonging to dev.mobile.maestro.test on /data/user/0/com.google.android.providers.media.module/databases/external.db
06-23 15:47:45.701  1635  2385 D MediaGrants: Removed 0 media_grants for 0 user for dev.mobile.maestro.test. Reason: Package orphaned
06-23 15:47:45.701   836   890 D StylusManager: Stylus InputDevice changed: 14 virtio_input_multi_touch_11
06-23 15:47:45.703   836   836 D ControlsListingControllerImpl: ServiceConfig reloaded, count: 0
06-23 15:47:45.704  1635  2385 I MediaProvider: End Intent { act=android.intent.action.PACKAGE_FULLY_REMOVED dat=package: flg=0x5000010 cmp=com.google.android.providers.media.module/com.android.providers.media.MediaService (has extras) }
06-23 15:47:45.710   836   890 D StylusManager: Stylus InputDevice changed: 5 virtio_input_multi_touch_2
06-23 15:47:45.716  5672  5672 D BoundBrokerSvc: onBind: Intent { act=com.google.android.gms.common.BIND_SHARED_PREFS pkg=com.google.android.gms }
06-23 15:47:45.716  5672  5672 D BoundBrokerSvc: Loading bound service for intent: Intent { act=com.google.android.gms.common.BIND_SHARED_PREFS pkg=com.google.android.gms }
06-23 15:47:45.728   518  1109 D SafetySourceDataValidator: No cert check requested for package com.google.android.permissioncontroller
06-23 15:47:45.731   836   890 D StylusManager: Stylus InputDevice changed: 4 virtio_input_multi_touch_1
06-23 15:47:45.736   836   890 D StylusManager: Stylus InputDevice changed: 11 virtio_input_multi_touch_8
06-23 15:47:45.738  5672  5732 I Icing   : Usage reports ok 0, Failed Usage reports 0, indexed 0, rejected 0
06-23 15:47:45.738   836   890 D StylusManager: Stylus InputDevice changed: 7 virtio_input_multi_touch_4
06-23 15:47:45.742   836   890 D StylusManager: Stylus InputDevice changed: 9 virtio_input_multi_touch_6
06-23 15:47:45.744   335   384 I netd    : tetherGetStats() -> {[]} <0.31ms>
06-23 15:47:45.744  5672  5672 D BoundBrokerSvc: onUnbind: Intent { act=com.google.android.gms.common.BIND_SHARED_PREFS pkg=com.google.android.gms }
06-23 15:47:45.750  5712  7677 I ProximityAuth: [RecentAppsMediator] Package removed: (user=UserHandle{0}) dev.mobile.maestro.test
06-23 15:47:45.756  5672  7696 I BlockstoreStorage: Clearing all the Blockstore Data for package dev.mobile.maestro.test [CONTEXT service_id=258 ]
06-23 15:47:45.757  5672  7696 I BlockstoreStorage: Clearing all the Blockstore Data for 1 packages [CONTEXT service_id=258 ]
06-23 15:47:45.764   842   842 D PersistedStoragePackageUninstalledReceiver: Received android.intent.action.PACKAGE_FULLY_REMOVED for dev.mobile.maestro.test for u0
06-23 15:47:45.770   836   890 D StylusManager: Stylus InputDevice changed: 6 virtio_input_multi_touch_3
06-23 15:47:45.774   518   546 W WindowMagnificationMgr: requestConnection duplicated request: connect=false, mConnectionState=DISCONNECTED
06-23 15:47:45.784  5672  7698 W SQLiteLog: (28) double-quoted string literal: "dev.mobile.maestro.test"
06-23 15:47:45.787  1691  1691 I GsaVoiceInteractionSrv: O received Intent { act=android.intent.action.PACKAGE_REMOVED dat=package: flg=0x4000010 (has extras) }
06-23 15:47:45.788  1691  1691 I GsaVoiceInteractionSrv: O received Intent { act=android.intent.action.PACKAGE_REMOVED dat=package: flg=0x4000010 (has extras) }
06-23 15:47:45.795  1736  2298 W SearchServiceCore: Abort, client detached.
06-23 15:47:45.798  5672  5732 I Icing   : doRemovePackageData dev.mobile.maestro.test
06-23 15:47:45.808  5712  7681 I Fitness : FitCleanupIntentOperation received Intent android.intent.action.PACKAGE_REMOVED [CONTEXT service_id=17 ]
06-23 15:47:45.819  5672  5732 I Icing   : Indexing com.google.android.gms-apps from com.google.android.gms
06-23 15:47:45.821  5672  5732 I Icing   : Indexing done com.google.android.gms-apps
06-23 15:47:45.830  1638  1638 I AiAiEcho: AppFetcherImplV2 onPackageRemoved dev.mobile.maestro.test.
06-23 15:47:45.831  1106  1106 D Launcher.Model: package removed received dev.mobile.maestro.test
06-23 15:47:45.831  1106  1146 D PackageUpdatedTask: Removing app icondev.mobile.maestro.test
06-23 15:47:45.834  1106  1146 D ModelWriter: removing items from db . Reason: [removed because the corresponding package or component is removed. mOp=3 removedPackages=[dev.mobile.maestro.test] removedComponents=[]]
06-23 15:47:45.836  1638  2067 I AiAiEcho: EchoSearch: WidgetFetcherImpl is initialized with [28] widgets [reason=package removed for userId: 0]
06-23 15:47:45.844   518   527 I system_server: Background concurrent copying GC freed 392142(18MB) AllocSpace objects, 48(1764KB) LOS objects, 46% free, 28MB/52MB, paused 83us,32us total 237.760ms
06-23 15:47:45.847  1638  2037 I AiAiEcho: [pnb-agg] Reload pnb aggregation on events deleted
06-23 15:47:45.847  1638  2037 I AiAiEcho: [pnb-agg] pnb aggregation disabled.
06-23 15:47:45.850  5672  5732 I Icing   : Indexing com.google.android.gms-apps from com.google.android.gms
06-23 15:47:45.852  5672  5732 I Icing   : Indexing done com.google.android.gms-apps
06-23 15:47:45.862  1500  1600 W AppInfoHelper: <DWB> Application not found: dev.mobile.maestro.test
06-23 15:47:45.862  1500  1600 W AppInfoHelper: android.content.pm.PackageManager$NameNotFoundException: dev.mobile.maestro.test
06-23 15:47:45.862  1500  1600 W AppInfoHelper: 	at android.app.ApplicationPackageManager.getApplicationInfoAsUser(ApplicationPackageManager.java:507)
06-23 15:47:45.862  1500  1600 W AppInfoHelper: 	at android.app.ApplicationPackageManager.getApplicationInfo(ApplicationPackageManager.java:490)
06-23 15:47:45.862  1500  1600 W AppInfoHelper: 	at android.app.ApplicationPackageManager.getApplicationInfo(ApplicationPackageManager.java:484)
06-23 15:47:45.862  1500  1600 W AppInfoHelper: 	at czo.e(PG:2)
06-23 15:47:45.862  1500  1600 W AppInfoHelper: 	at czo.f(PG:7)
06-23 15:47:45.862  1500  1600 W AppInfoHelper: 	at crm.f(PG:14)
06-23 15:47:45.862  1500  1600 W AppInfoHelper: 	at cdm.apply(PG:74)
06-23 15:47:45.862  1500  1600 W AppInfoHelper: 	at j$.util.stream.i.accept(SourceFile:27)
06-23 15:47:45.862  1500  1600 W AppInfoHelper: 	at j$.util.stream.P0.accept(SourceFile:3)
06-23 15:47:45.862  1500  1600 W AppInfoHelper: 	at j$.util.a.forEachRemaining(SourceFile:20)
06-23 15:47:45.862  1500  1600 W AppInfoHelper: 	at j$.util.stream.c.v(SourceFile:21)
06-23 15:47:45.862  1500  1600 W AppInfoHelper: 	at j$.util.stream.c.C(SourceFile:8)
06-23 15:47:45.862  1500  1600 W AppInfoHelper: 	at j$.util.stream.I0.e(SourceFile:1)
06-23 15:47:45.862  1500  1600 W AppInfoHelper: 	at j$.util.stream.c.F(SourceFile:35)
06-23 15:47:45.862  1500  1600 W AppInfoHelper: 	at j$.util.stream.g1.collect(SourceFile:83)
06-23 15:47:45.862  1500  1600 W AppInfoHelper: 	at bsv.a(PG:14)
06-23 15:47:45.862  1500  1600 W AppInfoHelper: 	at jza.a(PG:30)
06-23 15:47:45.862  1500  1600 W AppInfoHelper: 	at jza.a(PG:42)
06-23 15:47:45.862  1500  1600 W AppInfoHelper: 	at lne.a(PG:1)
06-23 15:47:45.862  1500  1600 W AppInfoHelper: 	at lmk.run(PG:4)
06-23 15:47:45.862  1500  1600 W AppInfoHelper: 	at lng.run(PG:1)
06-23 15:47:45.862  1500  1600 W AppInfoHelper: 	at llo.run(PG:3)
06-23 15:47:45.862  1500  1600 W AppInfoHelper: 	at idn.run(PG:5)
06-23 15:47:45.862  1500  1600 W AppInfoHelper: 	at java.util.concurrent.ThreadPoolExecutor.runWorker(ThreadPoolExecutor.java:1145)
