--------- beginning of main
06-23 15:48:37.721  7802  7858 I Maestro : Skipping invisible child: android.view.accessibility.AccessibilityNodeInfo@128bd; boundsInParent: Rect(0, 0 - 320, 0); boundsInScreen: Rect(0, 0 - 320, 0); boundsInWindow: Rect(0, 0 - 320, 0); packageName: com.hanapkalinga.mobile; className: android.widget.LinearLayout; text: null; error: null; maxTextLength: -1; stateDescription: null; contentDescription: null; tooltipText: null; containerTitle: null; viewIdResName: null; uniqueId: null; checkable: false; checked: false; focusable: false; focused: false; selected: false; clickable: false; longClickable: false; contextClickable: false; enabled: true; password: false; scrollable: false; importantForAccessibility: false; visible: false; actions: [AccessibilityAction: ACTION_SELECT - null, AccessibilityAction: ACTION_CLEAR_SELECTION - null, AccessibilityAction: ACTION_ACCESSIBILITY_FOCUS - null, AccessibilityAction: ACTION_SHOW_ON_SCREEN - null]; isTextSelectable: false
06-23 15:48:37.721  7802  7858 I Maestro : Skipping invisible child: android.view.accessibility.AccessibilityNodeInfo@124fc; boundsInParent: Rect(0, 0 - 320, 0); boundsInScreen: Rect(0, 0 - 320, 0); boundsInWindow: Rect(0, 0 - 320, 0); packageName: com.hanapkalinga.mobile; className: android.view.ViewGroup; text: null; error: null; maxTextLength: -1; stateDescription: null; contentDescription: null; tooltipText: null; containerTitle: null; viewIdResName: null; uniqueId: null; checkable: false; checked: false; focusable: false; focused: false; selected: false; clickable: false; longClickable: false; contextClickable: false; enabled: true; password: false; scrollable: false; importantForAccessibility: false; visible: false; actions: [AccessibilityAction: ACTION_SELECT - null, AccessibilityAction: ACTION_CLEAR_SELECTION - null, AccessibilityAction: ACTION_ACCESSIBILITY_FOCUS - null, AccessibilityAction: ACTION_SHOW_ON_SCREEN - null]; isTextSelectable: false
06-23 15:48:37.722  7802  7858 I Maestro : Skipping invisible child: android.view.accessibility.AccessibilityNodeInfo@191d9; boundsInParent: Rect(0, 0 - 320, 0); boundsInScreen: Rect(0, 0 - 320, 0); boundsInWindow: Rect(0, 0 - 320, 0); packageName: com.hanapkalinga.mobile; className: android.widget.LinearLayout; text: null; error: null; maxTextLength: -1; stateDescription: null; contentDescription: null; tooltipText: null; containerTitle: null; viewIdResName: null; uniqueId: null; checkable: false; checked: false; focusable: false; focused: false; selected: false; clickable: false; longClickable: false; contextClickable: false; enabled: true; password: false; scrollable: false; importantForAccessibility: false; visible: false; actions: [AccessibilityAction: ACTION_SELECT - null, AccessibilityAction: ACTION_CLEAR_SELECTION - null, AccessibilityAction: ACTION_ACCESSIBILITY_FOCUS - null, AccessibilityAction: ACTION_SHOW_ON_SCREEN - null]; isTextSelectable: false
06-23 15:48:37.722  7802  7858 I Maestro : Skipping invisible child: android.view.accessibility.AccessibilityNodeInfo@18e18; boundsInParent: Rect(0, 0 - 320, 0); boundsInScreen: Rect(0, 0 - 320, 0); boundsInWindow: Rect(0, 0 - 320, 0); packageName: com.hanapkalinga.mobile; className: android.view.ViewGroup; text: null; error: null; maxTextLength: -1; stateDescription: null; contentDescription: null; tooltipText: null; containerTitle: null; viewIdResName: null; uniqueId: null; checkable: false; checked: false; focusable: false; focused: false; selected: false; clickable: false; longClickable: false; contextClickable: false; enabled: true; password: false; scrollable: false; importantForAccessibility: false; visible: false; actions: [AccessibilityAction: ACTION_SELECT - null, AccessibilityAction: ACTION_CLEAR_SELECTION - null, AccessibilityAction: ACTION_ACCESSIBILITY_FOCUS - null, AccessibilityAction: ACTION_SHOW_ON_SCREEN - null]; isTextSelectable: false
06-23 15:48:37.731  7802  7858 D Maestro : View hierarchy received in 20 ms
06-23 15:48:37.824  7802  7858 D Maestro : Requesting view hierarchy
06-23 15:48:37.824  7802  7858 W QueryController: Could not detect idle state.
06-23 15:48:37.824  7802  7858 W QueryController: Could not detect idle state.
06-23 15:48:37.837  7802  7858 I Maestro : Skipping invisible child: android.view.accessibility.AccessibilityNodeInfo@128bd; boundsInParent: Rect(0, 0 - 320, 0); boundsInScreen: Rect(0, 0 - 320, 0); boundsInWindow: Rect(0, 0 - 320, 0); packageName: com.hanapkalinga.mobile; className: android.widget.LinearLayout; text: null; error: null; maxTextLength: -1; stateDescription: null; contentDescription: null; tooltipText: null; containerTitle: null; viewIdResName: null; uniqueId: null; checkable: false; checked: false; focusable: false; focused: false; selected: false; clickable: false; longClickable: false; contextClickable: false; enabled: true; password: false; scrollable: false; importantForAccessibility: false; visible: false; actions: [AccessibilityAction: ACTION_SELECT - null, AccessibilityAction: ACTION_CLEAR_SELECTION - null, AccessibilityAction: ACTION_ACCESSIBILITY_FOCUS - null, AccessibilityAction: ACTION_SHOW_ON_SCREEN - null]; isTextSelectable: false
06-23 15:48:37.837  7802  7858 I Maestro : Skipping invisible child: android.view.accessibility.AccessibilityNodeInfo@124fc; boundsInParent: Rect(0, 0 - 320, 0); boundsInScreen: Rect(0, 0 - 320, 0); boundsInWindow: Rect(0, 0 - 320, 0); packageName: com.hanapkalinga.mobile; className: android.view.ViewGroup; text: null; error: null; maxTextLength: -1; stateDescription: null; contentDescription: null; tooltipText: null; containerTitle: null; viewIdResName: null; uniqueId: null; checkable: false; checked: false; focusable: false; focused: false; selected: false; clickable: false; longClickable: false; contextClickable: false; enabled: true; password: false; scrollable: false; importantForAccessibility: false; visible: false; actions: [AccessibilityAction: ACTION_SELECT - null, AccessibilityAction: ACTION_CLEAR_SELECTION - null, AccessibilityAction: ACTION_ACCESSIBILITY_FOCUS - null, AccessibilityAction: ACTION_SHOW_ON_SCREEN - null]; isTextSelectable: false
06-23 15:48:37.837  7802  7858 I Maestro : Skipping invisible child: android.view.accessibility.AccessibilityNodeInfo@191d9; boundsInParent: Rect(0, 0 - 320, 0); boundsInScreen: Rect(0, 0 - 320, 0); boundsInWindow: Rect(0, 0 - 320, 0); packageName: com.hanapkalinga.mobile; className: android.widget.LinearLayout; text: null; error: null; maxTextLength: -1; stateDescription: null; contentDescription: null; tooltipText: null; containerTitle: null; viewIdResName: null; uniqueId: null; checkable: false; checked: false; focusable: false; focused: false; selected: false; clickable: false; longClickable: false; contextClickable: false; enabled: true; password: false; scrollable: false; importantForAccessibility: false; visible: false; actions: [AccessibilityAction: ACTION_SELECT - null, AccessibilityAction: ACTION_CLEAR_SELECTION - null, AccessibilityAction: ACTION_ACCESSIBILITY_FOCUS - null, AccessibilityAction: ACTION_SHOW_ON_SCREEN - null]; isTextSelectable: false
06-23 15:48:37.838  7802  7858 I Maestro : Skipping invisible child: android.view.accessibility.AccessibilityNodeInfo@18e18; boundsInParent: Rect(0, 0 - 320, 0); boundsInScreen: Rect(0, 0 - 320, 0); boundsInWindow: Rect(0, 0 - 320, 0); packageName: com.hanapkalinga.mobile; className: android.view.ViewGroup; text: null; error: null; maxTextLength: -1; stateDescription: null; contentDescription: null; tooltipText: null; containerTitle: null; viewIdResName: null; uniqueId: null; checkable: false; checked: false; focusable: false; focused: false; selected: false; clickable: false; longClickable: false; contextClickable: false; enabled: true; password: false; scrollable: false; importantForAccessibility: false; visible: false; actions: [AccessibilityAction: ACTION_SELECT - null, AccessibilityAction: ACTION_CLEAR_SELECTION - null, AccessibilityAction: ACTION_ACCESSIBILITY_FOCUS - null, AccessibilityAction: ACTION_SHOW_ON_SCREEN - null]; isTextSelectable: false
06-23 15:48:37.840  7802  7858 D Maestro : View hierarchy received in 16 ms
06-23 15:48:37.893  7802  7858 D Maestro : Requesting view hierarchy
06-23 15:48:37.894  7802  7858 W QueryController: Could not detect idle state.
06-23 15:48:37.894  7802  7858 W QueryController: Could not detect idle state.
06-23 15:48:37.913  7802  7858 I Maestro : Skipping invisible child: android.view.accessibility.AccessibilityNodeInfo@128bd; boundsInParent: Rect(0, 0 - 320, 0); boundsInScreen: Rect(0, 0 - 320, 0); boundsInWindow: Rect(0, 0 - 320, 0); packageName: com.hanapkalinga.mobile; className: android.widget.LinearLayout; text: null; error: null; maxTextLength: -1; stateDescription: null; contentDescription: null; tooltipText: null; containerTitle: null; viewIdResName: null; uniqueId: null; checkable: false; checked: false; focusable: false; focused: false; selected: false; clickable: false; longClickable: false; contextClickable: false; enabled: true; password: false; scrollable: false; importantForAccessibility: false; visible: false; actions: [AccessibilityAction: ACTION_SELECT - null, AccessibilityAction: ACTION_CLEAR_SELECTION - null, AccessibilityAction: ACTION_ACCESSIBILITY_FOCUS - null, AccessibilityAction: ACTION_SHOW_ON_SCREEN - null]; isTextSelectable: false
06-23 15:48:37.914  7802  7858 I Maestro : Skipping invisible child: android.view.accessibility.AccessibilityNodeInfo@124fc; boundsInParent: Rect(0, 0 - 320, 0); boundsInScreen: Rect(0, 0 - 320, 0); boundsInWindow: Rect(0, 0 - 320, 0); packageName: com.hanapkalinga.mobile; className: android.view.ViewGroup; text: null; error: null; maxTextLength: -1; stateDescription: null; contentDescription: null; tooltipText: null; containerTitle: null; viewIdResName: null; uniqueId: null; checkable: false; checked: false; focusable: false; focused: false; selected: false; clickable: false; longClickable: false; contextClickable: false; enabled: true; password: false; scrollable: false; importantForAccessibility: false; visible: false; actions: [AccessibilityAction: ACTION_SELECT - null, AccessibilityAction: ACTION_CLEAR_SELECTION - null, AccessibilityAction: ACTION_ACCESSIBILITY_FOCUS - null, AccessibilityAction: ACTION_SHOW_ON_SCREEN - null]; isTextSelectable: false
06-23 15:48:37.914  7802  7858 I Maestro : Skipping invisible child: android.view.accessibility.AccessibilityNodeInfo@191d9; boundsInParent: Rect(0, 0 - 320, 0); boundsInScreen: Rect(0, 0 - 320, 0); boundsInWindow: Rect(0, 0 - 320, 0); packageName: com.hanapkalinga.mobile; className: android.widget.LinearLayout; text: null; error: null; maxTextLength: -1; stateDescription: null; contentDescription: null; tooltipText: null; containerTitle: null; viewIdResName: null; uniqueId: null; checkable: false; checked: false; focusable: false; focused: false; selected: false; clickable: false; longClickable: false; contextClickable: false; enabled: true; password: false; scrollable: false; importantForAccessibility: false; visible: false; actions: [AccessibilityAction: ACTION_SELECT - null, AccessibilityAction: ACTION_CLEAR_SELECTION - null, AccessibilityAction: ACTION_ACCESSIBILITY_FOCUS - null, AccessibilityAction: ACTION_SHOW_ON_SCREEN - null]; isTextSelectable: false
06-23 15:48:37.915  7802  7858 I Maestro : Skipping invisible child: android.view.accessibility.AccessibilityNodeInfo@18e18; boundsInParent: Rect(0, 0 - 320, 0); boundsInScreen: Rect(0, 0 - 320, 0); boundsInWindow: Rect(0, 0 - 320, 0); packageName: com.hanapkalinga.mobile; className: android.view.ViewGroup; text: null; error: null; maxTextLength: -1; stateDescription: null; contentDescription: null; tooltipText: null; containerTitle: null; viewIdResName: null; uniqueId: null; checkable: false; checked: false; focusable: false; focused: false; selected: false; clickable: false; longClickable: false; contextClickable: false; enabled: true; password: false; scrollable: false; importantForAccessibility: false; visible: false; actions: [AccessibilityAction: ACTION_SELECT - null, AccessibilityAction: ACTION_CLEAR_SELECTION - null, AccessibilityAction: ACTION_ACCESSIBILITY_FOCUS - null, AccessibilityAction: ACTION_SHOW_ON_SCREEN - null]; isTextSelectable: false
06-23 15:48:37.920  7802  7858 D Maestro : View hierarchy received in 27 ms
--------- beginning of system
06-23 15:48:38.008   518   822 D WindowManager: captureDisplay
06-23 15:48:38.168  7957  7976 D EGL_emulation: app_time_stats: avg=504.76ms min=499.86ms max=509.65ms count=2
06-23 15:48:38.519   518   547 I ActivityManager: Force stopping dev.mobile.maestro appid=10199 user=-1: deletePackageX
06-23 15:48:38.519   518   547 E libprocessgroup: No such cgroup attribute: /sys/fs/cgroup/uid_4294877495/cgroup.freeze
06-23 15:48:38.519   518   547 W libprocessgroup: Failed to apply Frozen process profile: No such file or directory
06-23 15:48:38.520   518   538 D DisplayManagerService: Drop pending events for gone uid 10199
06-23 15:48:38.520   518   547 I ActivityManager: Killing 7802:dev.mobile.maestro/u0a199 (adj 0): stop dev.mobile.maestro due to deletePackageX
06-23 15:48:38.521   518   547 W ActivityManager: Crash of app dev.mobile.maestro running instrumentation ComponentInfo{dev.mobile.maestro.test/androidx.test.runner.AndroidJUnitRunner}
06-23 15:48:38.521   518   547 I ActivityManager: Force stopping dev.mobile.maestro appid=10199 user=0: finished inst
06-23 15:48:38.522   518   547 D OomAdjuster: Not killing cached processes
06-23 15:48:38.524   518   547 E libprocessgroup: No such cgroup attribute: /sys/fs/cgroup/uid_4294877495/cgroup.freeze
06-23 15:48:38.524   518   547 W libprocessgroup: Failed to apply Unfrozen process profile: No such file or directory
06-23 15:48:38.527  7789  7801 W Binder  : Caught a RuntimeException from the binder stub implementation.
06-23 15:48:38.527  7789  7801 W Binder  : java.lang.SecurityException: Calling from not trusted UID!
06-23 15:48:38.527  7789  7801 W Binder  : 	at android.app.UiAutomationConnection.throwIfCalledByNotTrustedUidLocked(UiAutomationConnection.java:646)
06-23 15:48:38.527  7789  7801 W Binder  : 	at android.app.UiAutomationConnection.shutdown(UiAutomationConnection.java:547)
06-23 15:48:38.527  7789  7801 W Binder  : 	at android.app.IUiAutomationConnection$Stub.onTransact(IUiAutomationConnection.java:402)
06-23 15:48:38.527  7789  7801 W Binder  : 	at android.os.Binder.execTransactInternal(Binder.java:1344)
06-23 15:48:38.527  7789  7801 W Binder  : 	at android.os.Binder.execTransact(Binder.java:1275)
--------- beginning of kernel
06-23 15:48:38.721     0     0 I servicemanager: Since 'artd' could not be found, trying to start it as a lazy AIDL service. (if it's not configured to be a lazy service, it may be stuck starting or still starting).
06-23 15:48:38.535  7789  7789 I app_process: System.exit called, status: 0
06-23 15:48:38.535  7789  7789 I AndroidRuntime: VM exiting with result code 0.
06-23 15:48:38.732     0     0 I init    : starting service 'artd'...
06-23 15:48:38.543   518  1685 V ActivityManager: Got obituary of 7802:dev.mobile.maestro
06-23 15:48:38.547   336   336 I Zygote  : Process 7802 exited due to signal 9 (Killed)
06-23 15:48:38.549  1638  1677 I AiAiEcho: Settings changed for uri: content://settings/secure/accessibility_enabled
06-23 15:48:38.549   518  2341 W WindowMagnificationMgr: requestConnection duplicated request: connect=false, mConnectionState=DISCONNECTED
06-23 15:48:38.550   518  2341 W WindowMagnificationMgr: requestConnection duplicated request: connect=false, mConnectionState=DISCONNECTED
06-23 15:48:38.740     0     0 I init    : ... started service 'artd' has pid 8093
06-23 15:48:38.740     0     0 I init    : Control message: Processed ctl.interface_start for 'aidl/artd' from pid: 135 (/system/bin/servicemanager)
06-23 15:48:38.556  1736  2179 I A       : NGA enabled in interactor.
06-23 15:48:38.556  1638  2037 I AiAiEcho: Predicting[0]: 
06-23 15:48:38.556  1638  2037 I AiAiEcho: EchoTargets: 
06-23 15:48:38.556  1638  2037 I AiAiEcho: Filtered by AiAi flag check: 
06-23 15:48:38.556  1638  1677 I AiAiEcho: Settings changed for uri: content://settings/secure/accessibility_enabled
06-23 15:48:38.556  1638  2037 I AiAiEcho: Ranked targets strategy: SORT, count: 0, ranking metadata: 
06-23 15:48:38.557  1638  2037 I AiAiEcho: Predicting[0]: 
06-23 15:48:38.557  1638  2037 I AiAiEcho: EchoTargets: 
06-23 15:48:38.557  1638  2037 I AiAiEcho: Filtered by AiAi flag check: 
06-23 15:48:38.557  1638  2037 I AiAiEcho: Ranked targets strategy: SORT, count: 0, ranking metadata: 
06-23 15:48:38.557  1638  2037 I AiAiEcho: Predicting[0]: 
06-23 15:48:38.557  1638  2037 I AiAiEcho: EchoTargets: 
06-23 15:48:38.557  1638  2037 I AiAiEcho: Filtered by AiAi flag check: 
06-23 15:48:38.557  1638  2037 I AiAiEcho: Ranked targets strategy: SORT, count: 0, ranking metadata: 
06-23 15:48:38.557  1638  2037 I AiAiEcho: Predicting[0]: 
06-23 15:48:38.557  1638  2037 I AiAiEcho: EchoTargets: 
06-23 15:48:38.557  1638  2037 I AiAiEcho: Filtered by AiAi flag check: 
06-23 15:48:38.557  1638  2037 I AiAiEcho: Ranked targets strategy: SORT, count: 0, ranking metadata: 
06-23 15:48:38.557  1638  2037 I AiAiEcho: #postPredictionTargets: Sending updates to UISurface lockscreen with targets# 0 (types=[])
06-23 15:48:38.557  1638  2037 I AiAiEcho: #postPredictionTargets: Sending updates to UISurface home with targets# 0 (types=[])
06-23 15:48:38.557  1638  2037 I AiAiEcho: #postPredictionTargets: Sending updates to UISurface lockscreen with targets# 0 (types=[])
06-23 15:48:38.558  1638  2037 I AiAiEcho: #postPredictionTargets: Sending updates to UISurface home with targets# 0 (types=[])
06-23 15:48:38.558  1736  2179 I A       : Nga state changed to NgaStateDetails{state=ENABLED, isSpecialExperience=false}
06-23 15:48:38.752     0     0 I init    : Untracked pid 7789 exited with status 0
06-23 15:48:38.753     0     0 I init    : Untracked pid 7789 did not have an associated service entry and will not be reaped
06-23 15:48:38.567  1691  7305 I A       : Initializing all components
06-23 15:48:38.567  1691  7305 I A       : APA or Classic session decision: SessionDecision(sessionVariance=CLASSIC, platformVariance=CLASSIC, justification=CURRENT_PLATFORM_VARIANCE).
06-23 15:48:38.567  1691  7305 I A       : [Memory] eligibility: StashEligibility{6}
06-23 15:48:38.570  1691  2118 I A       : on opa visibility changed false
06-23 15:48:38.570  1691  2118 I A       : on opa visibility changed false
06-23 15:48:38.570  1691  2118 I A       : State changed: IDLE => IDLE by NGA_STATE_CHANGED and N/A with Optional.empty
06-23 15:48:38.571  1691  2118 I A       : Recognizer choice: (recognizer_type: 1, recognizer_mode: 1, choice_reason: 4)
06-23 15:48:38.571  1691  2118 I A       : onActiveStateChangeEvent: IDLE => IDLE
06-23 15:48:38.571  1691  2118 I A       : #onActiveStateChangeEvent, newState: IDLE, previousState: IDLE.
06-23 15:48:38.572  1691  2155 I A       : onIsEnabledChanged, isEnabled: false
06-23 15:48:38.572  1691  2155 W A       : Disposing empty manager. Did you forgot to subscribe observables?
06-23 15:48:38.572  1691  2155 W A       : Disposing empty manager. Did you forgot to subscribe observables?
06-23 15:48:38.572  1691  2155 W A       : Disposing empty manager. Did you forgot to subscribe observables?
06-23 15:48:38.572  1691  2155 W A       : Disposing empty manager. Did you forgot to subscribe observables?
06-23 15:48:38.572  1691  2155 W A       : Disposing empty manager. Did you forgot to subscribe observables?
06-23 15:48:38.572  1691  2155 W A       : Disposing empty manager. Did you forgot to subscribe observables?
06-23 15:48:38.572  1691  2155 W A       : Disposing empty manager. Did you forgot to subscribe observables?
06-23 15:48:38.572  1691  2155 W A       : Disposing empty manager. Did you forgot to subscribe observables?
06-23 15:48:38.572  1691  2155 W A       : Disposing empty manager. Did you forgot to subscribe observables?
06-23 15:48:38.572  1691  2155 W A       : Disposing empty manager. Did you forgot to subscribe observables?
06-23 15:48:38.572  1691  2155 I A       : onOpaVisibilityChanged: false
06-23 15:48:38.573   518   518 D BatterySaverPolicy: accessibility changed to false, updating policy.
06-23 15:48:38.574  8093  8093 I artd    : Starting artd
06-23 15:48:38.574  8093  8093 I AidlLazyServiceRegistrar: Registering service artd
06-23 15:48:38.576   836   836 W PageIndicator: Total number of pages invalid: 0. Assuming 1 page.
06-23 15:48:38.577   836   836 W PageIndicator: Total number of pages invalid: 0. Assuming 1 page.
06-23 15:48:38.577  1691  2155 W A       : Disposing empty manager. Did you forgot to subscribe observables?
06-23 15:48:38.577  1691  2155 W A       : Disposing empty manager. Did you forgot to subscribe observables?
06-23 15:48:38.577  1691  2155 W A       : Disposing empty manager. Did you forgot to subscribe observables?
06-23 15:48:38.577  1691  2155 W A       : Disposing empty manager. Did you forgot to subscribe observables?
06-23 15:48:38.577  1691  2155 W A       : Disposing empty manager. Did you forgot to subscribe observables?
06-23 15:48:38.577  1691  2155 W A       : Disposing empty manager. Did you forgot to subscribe observables?
06-23 15:48:38.577  1691  2155 I A       : Setting session to type: NO_SESSION
06-23 15:48:38.577  1691  2155 W A       : Disposing empty manager. Did you forgot to subscribe observables?
06-23 15:48:38.577  1691  2155 W A       : Disposing empty manager. Did you forgot to subscribe observables?
06-23 15:48:38.577  1691  2155 W A       : Disposing empty manager. Did you forgot to subscribe observables?
06-23 15:48:38.577  1691  2155 W A       : Disposing empty manager. Did you forgot to subscribe observables?
06-23 15:48:38.577  1691  2155 W A       : Disposing empty manager. Did you forgot to subscribe observables?
06-23 15:48:38.577  1691  2155 W A       : Disposing empty manager. Did you forgot to subscribe observables?
06-23 15:48:38.577  1691  2155 W A       : Disposing empty manager. Did you forgot to subscribe observables?
06-23 15:48:38.577  1691  2155 W A       : Disposing empty manager. Did you forgot to subscribe observables?
06-23 15:48:38.577  1691  2155 I A       : setNavBarVisible: GestureNavBarVisible{navbarVisible=true}
06-23 15:48:38.577  1691  2155 W A       : Disposing empty manager. Did you forgot to subscribe observables?
06-23 15:48:38.577  1691  2155 W A       : Disposing empty manager. Did you forgot to subscribe observables?
06-23 15:48:38.577  1691  2155 W A       : Disposing empty manager. Did you forgot to subscribe observables?
06-23 15:48:38.577  1691  2155 W A       : Disposing empty manager. Did you forgot to subscribe observables?
06-23 15:48:38.577  1691  2155 W A       : Disposing empty manager. Did you forgot to subscribe observables?
06-23 15:48:38.577  1691  2155 W A       : Disposing empty manager. Did you forgot to subscribe observables?
06-23 15:48:38.577  1691  2155 I A       : onDisabled. Registered: false
06-23 15:48:38.578   518  2784 D CompatibilityChangeReporter: Compat change id reported: 197654537; UID 10192; state: ENABLED
06-23 15:48:38.768     0     0 I BpBinder: onLastStrongRef automatically unlinking death recipients:
06-23 15:48:38.581  1691  2118 I A       : stopListening(NGA_PAUSED_UNKNOWN_REASON, NGA_CREATE), idleOverride=NOT_LISTENING
06-23 15:48:38.582  8093  8094 I AidlLazyServiceRegistrar: Process has 1 (of 1 available) client(s) in use after notification artd has clients: 1
06-23 15:48:38.771     0     0 I servicemanager: Notifying artd they do (previously: don't) have clients when service is guaranteed to be in use
06-23 15:48:38.598  1691  2155 I A       : Initialize
06-23 15:48:38.599  1691  2118 I NgaEntryPointEventSendr: setupConnection
06-23 15:48:38.802     0     0 I logd    : start watching /data/system/packages.list ...
06-23 15:48:38.803     0     0 I logd    : ReadPackageList, total packages: 201
06-23 15:48:38.614   518   571 D PackageManager: Instant App installer not found with android.intent.action.INSTALL_INSTANT_APP_PACKAGE
06-23 15:48:38.614   518   571 D PackageManager: Clear ephemeral installer activity
06-23 15:48:38.617   518  2341 W ProcessStats: Tracking association SourceState{b60173b com.google.android.googlequicksearchbox:interactor/10132 BFgs #15240} whose proc state 4 is better than process ProcessState{19713d3 com.google.android.googlequicksearchbox:search/10132 pkg=com.google.android.googlequicksearchbox} proc state 14 (0 skipped)
06-23 15:48:38.617  1736  1736 I A       : Creating pss binder().
06-23 15:48:38.621  1691  2118 I NgaEntryPointEventSendr: State changed: Disconnected => Connecting
06-23 15:48:38.622  1691  2118 I NgaEntryPointEventSendr: onServiceConnected
06-23 15:48:38.623  1736  1784 I A       : Calling beginBinderSession().
06-23 15:48:38.623   518  3370 E TaskPersister: File error accessing recents directory (directory doesn't exist?).
06-23 15:48:38.627   518   571 I ActivityManager: Force stopping dev.mobile.maestro appid=10199 user=0: pkg removed
06-23 15:48:38.628  1736  1784 I A       : beginBinderSession(): calling binder
06-23 15:48:38.628  1691  2118 I NgaEntryPointEventSendr: State changed: Connecting => Ready
06-23 15:48:38.629  1691  2118 I A       : Successfully initialized all components
06-23 15:48:38.647  1691  1765 W hbox:interactor: Couldn't lock the profile file /data/misc/profiles/cur/0/com.google.android.googlequicksearchbox/primary.prof: Failed to lock file '/data/misc/profiles/cur/0/com.google.android.googlequicksearchbox/primary.prof': Try again
06-23 15:48:38.648  1691  1765 W hbox:interactor: Could not forcefully load profile /data/misc/profiles/cur/0/com.google.android.googlequicksearchbox/primary.prof
06-23 15:48:38.670   518   768 E AppOps  : attributionTag VCN not declared in manifest of android
06-23 15:48:38.673   518   755 W WifiService: Couldn't get PackageInfo for package:dev.mobile.maestro
06-23 15:48:38.673   518   755 D WifiService: Remove settings for package:dev.mobile.maestro
06-23 15:48:38.673   518   755 D WifiConfigManager: Remove all networks for app ApplicationInfo{5ef2eb dev.mobile.maestro}
06-23 15:48:38.674  1050  1050 D CarrierSvcBindHelper: onPackageRemoved: dev.mobile.maestro
06-23 15:48:38.674  1050  1050 D CarrierSvcBindHelper: No carrier app for: 0
06-23 15:48:38.678  4174  4174 V MediaPlayerList: mPackageChangedBroadcastReceiver: action: android.intent.action.PACKAGE_REMOVED
06-23 15:48:38.679   518   629 V StorageManagerService: Package dev.mobile.maestro does not have legacy storage
06-23 15:48:38.680  4174  4174 V MediaPlayerList: mPackageChangedBroadcastReceiver: action: android.intent.action.PACKAGE_REMOVED
06-23 15:48:38.680   518  2331 W ActivityManager: Unable to start service Intent { cmp=com.google.android.apps.tachyon/.clientapi.ClientApiService } U=0: not found
06-23 15:48:38.683   518   755 D WifiConfigStore: Writing to stores completed in 9 ms.
06-23 15:48:38.683   518   755 I PasspointManager: No app ops listener found for dev.mobile.maestro
06-23 15:48:38.684   518   620 I InputReader: Reconfiguring input devices, changes=KEYBOARD_LAYOUTS
06-23 15:48:38.687   836   890 D StylusManager: Stylus InputDevice changed: 13 virtio_input_multi_touch_10
06-23 15:48:38.689   518   518 D ActivityManager: sync unfroze 1992 com.android.keychain for 10
06-23 15:48:38.691   518   518 D ActivityManager: sync unfroze 1052 com.android.settings for 10
06-23 15:48:38.692   518   518 D ActivityManager: sync unfroze 3690 com.android.dynsystem:dynsystem for 10
06-23 15:48:38.693   518   518 D ActivityManager: sync unfroze 3625 com.android.dynsystem for 10
06-23 15:48:38.694   518   518 D ActivityManager: sync unfroze 2484 com.android.localtransport for 10
06-23 15:48:38.700   518   518 I Telecom : CarModeTracker: Package dev.mobile.maestro is not tracked.: SSH.oR@AZc🔒
06-23 15:48:38.700   518   518 I Telecom : InCallController: updateCarModeForConnections: car mode apps: : SSH.oR@AZc🔒
06-23 15:48:38.704   518   518 I Telecom : InCallController: update carmode current:UserHandle{0} parent:null: SSH.oR@AZc🔒
06-23 15:48:38.705   518   608 I RoleService: Granting default roles...
06-23 15:48:38.705   836   890 D StylusManager: Stylus InputDevice changed: 12 virtio_input_multi_touch_9
06-23 15:48:38.705   518   518 I ConditionProviders: Disallowing condition provider dev.mobile.maestro (userSet: true)
06-23 15:48:38.707   836   890 D StylusManager: Stylus InputDevice changed: 10 virtio_input_multi_touch_7
06-23 15:48:38.708   518   608 D ActivityManager: sync unfroze 842 com.google.android.permissioncontroller for 6
06-23 15:48:38.708   836   890 D StylusManager: Stylus InputDevice changed: 8 virtio_input_multi_touch_5
06-23 15:48:38.730   836   890 D StylusManager: Stylus InputDevice changed: 14 virtio_input_multi_touch_11
06-23 15:48:38.733  1691  2118 I NgaEntryPointEventSendr: State changed: Ready => Disconnected (onOpaDisconnected)
06-23 15:48:38.735  1736  2315 I PBSessionCacheImpl: Deleted sessionId[7636790972654007] from persistence.
06-23 15:48:38.735  1736  2298 W A       : UiCallbackStub-onGenericEvent[ServiceEvent = 60] task was not run. Callback from Service received after client was disposed.
06-23 15:48:38.737  1736  2298 W SearchServiceCore: Abort, client detached.
06-23 15:48:38.766   836   890 D StylusManager: Stylus InputDevice changed: 5 virtio_input_multi_touch_2
06-23 15:48:38.766   518   571 D PackageManager: Instant App installer not found with android.intent.action.INSTALL_INSTANT_APP_PACKAGE
06-23 15:48:38.955     0     0 I logd    : start watching /data/system/packages.list ...
06-23 15:48:38.956     0     0 I logd    : ReadPackageList, total packages: 200
06-23 15:48:38.767   836   890 D StylusManager: Stylus InputDevice changed: 4 virtio_input_multi_touch_1
06-23 15:48:38.768   395   999 D AF::TrackHandle: OpPlayAudio: track:55 usage:13 not muted
06-23 15:48:38.768   395   999 D AF::TrackHandle: OpPlayAudio: track:55 usage:13 not muted
06-23 15:48:38.768   395   999 D AF::TrackHandle: OpPlayAudio: track:55 usage:13 not muted
06-23 15:48:38.768   395   999 D AF::TrackHandle: OpPlayAudio: track:55 usage:13 not muted
06-23 15:48:38.768   395   999 D AF::TrackHandle: OpPlayAudio: track:55 usage:13 not muted
06-23 15:48:38.769   395   999 D AF::TrackHandle: OpPlayAudio: track:55 usage:13 not muted
06-23 15:48:38.769   395   999 D AF::TrackHandle: OpPlayAudio: track:55 usage:13 not muted
06-23 15:48:38.769   395   999 D AF::TrackHandle: OpPlayAudio: track:55 usage:13 not muted
06-23 15:48:38.769   395   999 D AF::TrackHandle: OpPlayAudio: track:55 usage:13 not muted
06-23 15:48:38.769   395   999 D AF::TrackHandle: OpPlayAudio: track:55 usage:13 not muted
06-23 15:48:38.769   395   999 D AF::TrackHandle: OpPlayAudio: track:55 usage:13 not muted
06-23 15:48:38.769   395   999 D AF::TrackHandle: OpPlayAudio: track:55 usage:13 not muted
06-23 15:48:38.769   395   999 D AF::TrackHandle: OpPlayAudio: track:55 usage:13 not muted
06-23 15:48:38.769   395   999 D AF::TrackHandle: OpPlayAudio: track:55 usage:13 not muted
06-23 15:48:38.769   395   999 D AF::TrackHandle: OpPlayAudio: track:55 usage:13 not muted
06-23 15:48:38.770   395   999 D AF::TrackHandle: OpPlayAudio: track:55 usage:13 not muted
06-23 15:48:38.770   836   890 D StylusManager: Stylus InputDevice changed: 11 virtio_input_multi_touch_8
06-23 15:48:38.770   518   547 I ActivityManager: Force stopping dev.mobile.maestro.test appid=10200 user=-1: deletePackageX
06-23 15:48:38.770   518   547 E libprocessgroup: No such cgroup attribute: /sys/fs/cgroup/uid_4294877496/cgroup.freeze
06-23 15:48:38.770   518   547 W libprocessgroup: Failed to apply Frozen process profile: No such file or directory
06-23 15:48:38.771   518   547 E libprocessgroup: No such cgroup attribute: /sys/fs/cgroup/uid_4294877496/cgroup.freeze
06-23 15:48:38.772   518   547 W libprocessgroup: Failed to apply Unfrozen process profile: No such file or directory
06-23 15:48:38.772   836   890 D StylusManager: Stylus InputDevice changed: 7 virtio_input_multi_touch_4
06-23 15:48:38.773   836   890 D StylusManager: Stylus InputDevice changed: 9 virtio_input_multi_touch_6
06-23 15:48:38.774   518   546 W WindowMagnificationMgr: requestConnection duplicated request: connect=false, mConnectionState=DISCONNECTED
06-23 15:48:38.774   518   571 D PackageManager: Clear ephemeral installer activity
06-23 15:48:38.776   518   547 D ActivityManager: sync unfroze 2851 com.android.chrome for 3
06-23 15:48:38.776   836   890 D StylusManager: Stylus InputDevice changed: 6 virtio_input_multi_touch_3
06-23 15:48:38.785   518   547 D ActivityManager: sync unfroze 3276 com.google.android.documentsui for 3
06-23 15:48:38.787   518  3370 E TaskPersister: File error accessing recents directory (directory doesn't exist?).
06-23 15:48:38.791  1635  1635 W MediaProvider: WorkProfileOwnerApps cache is empty
06-23 15:48:38.794   836   836 D ControlsListingControllerImpl: ServiceConfig reloaded, count: 0
06-23 15:48:38.802  1635  2385 I MediaProvider: Begin Intent { act=android.intent.action.PACKAGE_FULLY_REMOVED dat=package: flg=0x5000010 cmp=com.google.android.providers.media.module/com.android.providers.media.MediaService (has extras) }
06-23 15:48:38.803  1635  2385 D MediaProvider: Deleted 0 Android/media items belonging to dev.mobile.maestro on /data/user/0/com.google.android.providers.media.module/databases/external.db
06-23 15:48:38.804   518   571 I ActivityManager: Force stopping dev.mobile.maestro.test appid=10200 user=0: pkg removed
06-23 15:48:38.805  1635  2385 D MediaGrants: Removed 0 media_grants for 0 user for dev.mobile.maestro. Reason: Package orphaned
06-23 15:48:38.807   518   571 E libprocessgroup: No such cgroup attribute: /sys/fs/cgroup/uid_10200/cgroup.freeze
06-23 15:48:38.807   518   571 W libprocessgroup: Failed to apply Frozen process profile: No such file or directory
06-23 15:48:38.807  1635  2385 I MediaProvider: End Intent { act=android.intent.action.PACKAGE_FULLY_REMOVED dat=package: flg=0x5000010 cmp=com.google.android.providers.media.module/com.android.providers.media.MediaService (has extras) }
06-23 15:48:38.810   518   571 E libprocessgroup: No such cgroup attribute: /sys/fs/cgroup/uid_10200/cgroup.freeze
06-23 15:48:38.811   518   571 W libprocessgroup: Failed to apply Unfrozen process profile: No such file or directory
06-23 15:48:38.813   518   602 I RollbackManager: broadcast=ACTION_PACKAGE_FULLY_REMOVED pkg=dev.mobile.maestro
06-23 15:48:38.813   518   755 W WifiService: Couldn't get PackageInfo for package:dev.mobile.maestro
06-23 15:48:38.813   518   755 D WifiService: Remove settings for package:dev.mobile.maestro
06-23 15:48:38.813   518   755 D WifiConfigManager: Remove all networks for app ApplicationInfo{9e1ec9b dev.mobile.maestro}
06-23 15:48:38.816   518   755 D WifiConfigStore: Writing to stores completed in 3 ms.
06-23 15:48:38.816   518   755 I PasspointManager: No app ops listener found for dev.mobile.maestro
06-23 15:48:38.818   842  8113 E RoleControllerServiceImpl: Default/fallback role holder package doesn't qualify for the role, package: com.google.android.gms.supervision, role: android.app.role.SYSTEM_SUPERVISION
06-23 15:48:38.822   518   527 I system_server: Background concurrent copying GC freed 392133(18MB) AllocSpace objects, 19(524KB) LOS objects, 42% free, 31MB/55MB, paused 197us,62us total 207.015ms
06-23 15:48:38.822  1050  1050 D CarrierSvcBindHelper: onPackageRemoved: dev.mobile.maestro.test
06-23 15:48:38.823  1050  1050 D CarrierSvcBindHelper: No carrier app for: 0
06-23 15:48:38.825   518   528 W JavaBinder: BinderProxy is being destroyed but the application did not call unlinkToDeath to unlink all of its death recipients beforehand.  Releasing leaked death recipient: com.android.server.wm.ActivityRecord$$ExternalSyntheticLambda0
06-23 15:48:38.825   518   528 I BpBinder: onLastStrongRef automatically unlinking death recipients: 
06-23 15:48:38.830   842  8113 I Role    : com.google.android.gms not qualified for android.app.role.SYSTEM_CALL_STREAMING due to missing RequiredComponent{mIntentFilterData=IntentFilterData{mAction='android.telecom.CallStreamingService', mCategories='[]', mDataScheme='null', mDataType='null'}, mMinTargetSdkVersion=1, mFlags='0', mPermission='android.permission.BIND_CALL_STREAMING_SERVICE', mQueryFlags=0, mMetaData=[]}
06-23 15:48:38.830   842  8113 E RoleControllerServiceImpl: Default/fallback role holder package doesn't qualify for the role, package: com.google.android.gms, role: android.app.role.SYSTEM_CALL_STREAMING
06-23 15:48:38.834   842  8113 W Role    : Default holder doesn't have required signing certificate: com.google.android.apps.work.clouddpc:23962F4B43B9857638EA66F4D419518EAE282491ACDA4B94707BD59003C45E58
06-23 15:48:38.844   335   384 I netd    : tetherGetStats() -> {[]} <0.25ms>
06-23 15:48:38.844   518   755 W WifiService: Couldn't get PackageInfo for package:dev.mobile.maestro.test
06-23 15:48:38.844   518   755 D WifiService: Remove settings for package:dev.mobile.maestro.test
06-23 15:48:38.844   518   755 D WifiConfigManager: Remove all networks for app ApplicationInfo{f59e3ba dev.mobile.maestro.test}
06-23 15:48:38.845   518   547 D ActivityManager: sync unfroze 1893 android.process.media for 3
06-23 15:48:38.848   518   768 E AppOps  : attributionTag VCN not declared in manifest of android
06-23 15:48:38.848   518   755 D WifiConfigStore: Writing to stores completed in 3 ms.
06-23 15:48:38.848   518   755 I PasspointManager: No app ops listener found for dev.mobile.maestro.test
06-23 15:48:38.852  4174  4174 V MediaPlayerList: mPackageChangedBroadcastReceiver: action: android.intent.action.PACKAGE_REMOVED
06-23 15:48:38.853  4174  4174 V MediaPlayerList: mPackageChangedBroadcastReceiver: action: android.intent.action.PACKAGE_REMOVED
06-23 15:48:38.861   518   822 D SafetySourceDataValidator: No cert check requested for package com.google.android.permissioncontroller
06-23 15:48:38.865  1635  1635 W MediaProvider: WorkProfileOwnerApps cache is empty
06-23 15:48:38.866   518   518 I ConditionProviders: Disallowing condition provider dev.mobile.maestro.test (userSet: true)
06-23 15:48:38.870  5672  5672 D BoundBrokerSvc: onBind: Intent { act=com.google.android.gms.common.BIND_SHARED_PREFS pkg=com.google.android.gms }
06-23 15:48:38.870  5672  5672 D BoundBrokerSvc: Loading bound service for intent: Intent { act=com.google.android.gms.common.BIND_SHARED_PREFS pkg=com.google.android.gms }
06-23 15:48:38.877   836   836 D ControlsListingControllerImpl: ServiceConfig reloaded, count: 0
06-23 15:48:38.881   842   842 D PersistedStoragePackageUninstalledReceiver: Received android.intent.action.PACKAGE_FULLY_REMOVED for dev.mobile.maestro for u0
06-23 15:48:38.888  1635  2385 I MediaProvider: Begin Intent { act=android.intent.action.PACKAGE_FULLY_REMOVED dat=package: flg=0x5000010 cmp=com.google.android.providers.media.module/com.android.providers.media.MediaService (has extras) }
06-23 15:48:38.888  1635  2385 D MediaProvider: Deleted 0 Android/media items belonging to dev.mobile.maestro.test on /data/user/0/com.google.android.providers.media.module/databases/external.db
06-23 15:48:38.890   395   999 D AF::TrackHandle: OpPlayAudio: track:55 usage:13 not muted
06-23 15:48:38.891   395   999 D AF::TrackHandle: OpPlayAudio: track:55 usage:13 not muted
06-23 15:48:38.892   395   999 D AF::TrackHandle: OpPlayAudio: track:55 usage:13 not muted
06-23 15:48:38.893   395   999 D AF::TrackHandle: OpPlayAudio: track:55 usage:13 not muted
06-23 15:48:38.894   395   999 D AF::TrackHandle: OpPlayAudio: track:55 usage:13 not muted
06-23 15:48:38.895   395   999 D AF::TrackHandle: OpPlayAudio: track:55 usage:13 not muted
06-23 15:48:38.895   395   999 D AF::TrackHandle: OpPlayAudio: track:55 usage:13 not muted
06-23 15:48:38.896   395   999 D AF::TrackHandle: OpPlayAudio: track:55 usage:13 not muted
06-23 15:48:38.896   518   629 V StorageManagerService: Package dev.mobile.maestro.test does not have legacy storage
06-23 15:48:38.896   518   602 I RollbackManager: broadcast=ACTION_PACKAGE_FULLY_REMOVED pkg=dev.mobile.maestro.test
06-23 15:48:38.896   518   755 W WifiService: Couldn't get PackageInfo for package:dev.mobile.maestro.test
06-23 15:48:38.896   518   755 D WifiService: Remove settings for package:dev.mobile.maestro.test
06-23 15:48:38.896   518   755 D WifiConfigManager: Remove all networks for app ApplicationInfo{d07bcea dev.mobile.maestro.test}
06-23 15:48:38.897   518   620 I InputReader: Reconfiguring input devices, changes=KEYBOARD_LAYOUTS
06-23 15:48:38.900   395   999 D AF::TrackHandle: OpPlayAudio: track:55 usage:13 not muted
06-23 15:48:38.900   518   518 I Telecom : CarModeTracker: Package dev.mobile.maestro.test is not tracked.: SSH.oR@AZo🔒
06-23 15:48:38.901   395   999 D AF::TrackHandle: OpPlayAudio: track:55 usage:13 not muted
06-23 15:48:38.901   518   755 D WifiConfigStore: Writing to stores completed in 4 ms.
06-23 15:48:38.901   836   890 D StylusManager: Stylus InputDevice changed: 13 virtio_input_multi_touch_10
06-23 15:48:38.901   518   755 I PasspointManager: No app ops listener found for dev.mobile.maestro.test
06-23 15:48:38.902   395   999 D AF::TrackHandle: OpPlayAudio: track:55 usage:13 not muted
06-23 15:48:38.902   518   518 I Telecom : InCallController: updateCarModeForConnections: car mode apps: : SSH.oR@AZo🔒
06-23 15:48:38.902   518   518 I Telecom : InCallController: update carmode current:UserHandle{0} parent:null: SSH.oR@AZo🔒
06-23 15:48:38.902   395   999 D AF::TrackHandle: OpPlayAudio: track:55 usage:13 not muted
06-23 15:48:38.906  1635  2385 D MediaGrants: Removed 0 media_grants for 0 user for dev.mobile.maestro.test. Reason: Package orphaned
06-23 15:48:38.907  1635  2385 I MediaProvider: End Intent { act=android.intent.action.PACKAGE_FULLY_REMOVED dat=package: flg=0x5000010 cmp=com.google.android.providers.media.module/com.android.providers.media.MediaService (has extras) }
06-23 15:48:38.907  1106  1106 D Launcher.Model: package removed received dev.mobile.maestro
06-23 15:48:38.908  1106  1146 D PackageUpdatedTask: Removing app icondev.mobile.maestro
06-23 15:48:38.908  5672  5672 D BoundBrokerSvc: onUnbind: Intent { act=com.google.android.gms.common.BIND_SHARED_PREFS pkg=com.google.android.gms }
06-23 15:48:38.909  1638  1638 I AiAiEcho: AppFetcherImplV2 onPackageRemoved dev.mobile.maestro.
06-23 15:48:38.918  1106  1146 D ModelWriter: removing items from db . Reason: [removed because the corresponding package or component is removed. mOp=3 removedPackages=[dev.mobile.maestro] removedComponents=[]]
06-23 15:48:38.922   395   999 D AF::TrackHandle: OpPlayAudio: track:55 usage:13 not muted
06-23 15:48:38.923   395   414 D AF::TrackHandle: OpPlayAudio: track:55 usage:13 not muted
06-23 15:48:38.927   836   890 D StylusManager: Stylus InputDevice changed: 12 virtio_input_multi_touch_9
06-23 15:48:38.927   395   414 D AF::TrackHandle: OpPlayAudio: track:55 usage:13 not muted
06-23 15:48:38.928   395   414 D AF::TrackHandle: OpPlayAudio: track:55 usage:13 not muted
06-23 15:48:38.935  5672  5672 D BoundBrokerSvc: onBind: Intent { act=com.google.android.gms.common.BIND_SHARED_PREFS pkg=com.google.android.gms }
06-23 15:48:38.935  5672  5672 D BoundBrokerSvc: Loading bound service for intent: Intent { act=com.google.android.gms.common.BIND_SHARED_PREFS pkg=com.google.android.gms }
06-23 15:48:38.935  5712  8132 I ProximityAuth: [RecentAppsMediator] Package removed: (user=UserHandle{0}) dev.mobile.maestro
06-23 15:48:38.935   836   890 D StylusManager: Stylus InputDevice changed: 10 virtio_input_multi_touch_7
06-23 15:48:38.936   836   890 D StylusManager: Stylus InputDevice changed: 8 virtio_input_multi_touch_5
06-23 15:48:38.936   335   384 I netd    : tetherGetStats() -> {[]} <0.24ms>
06-23 15:48:38.942  5672  5672 D BoundBrokerSvc: onUnbind: Intent { act=com.google.android.gms.common.BIND_SHARED_PREFS pkg=com.google.android.gms }
06-23 15:48:38.945   836   890 D StylusManager: Stylus InputDevice changed: 14 virtio_input_multi_touch_11
06-23 15:48:38.947   836   890 D StylusManager: Stylus InputDevice changed: 5 virtio_input_multi_touch_2
06-23 15:48:38.947  5672  8130 I BlockstoreStorage: Clearing all the Blockstore Data for package dev.mobile.maestro [CONTEXT service_id=258 ]
06-23 15:48:38.947  5672  8130 I BlockstoreStorage: Clearing all the Blockstore Data for 1 packages [CONTEXT service_id=258 ]
06-23 15:48:38.950   836   890 D StylusManager: Stylus InputDevice changed: 4 virtio_input_multi_touch_1
06-23 15:48:38.950   836   890 D StylusManager: Stylus InputDevice changed: 11 virtio_input_multi_touch_8
06-23 15:48:38.953   518   546 W WindowMagnificationMgr: requestConnection duplicated request: connect=false, mConnectionState=DISCONNECTED
06-23 15:48:38.955   836   890 D StylusManager: Stylus InputDevice changed: 7 virtio_input_multi_touch_4
06-23 15:48:38.959   836   890 D StylusManager: Stylus InputDevice changed: 9 virtio_input_multi_touch_6
06-23 15:48:38.962  1638  2067 I AiAiEcho: EchoSearch: WidgetFetcherImpl is initialized with [28] widgets [reason=package removed for userId: 0]
06-23 15:48:38.964  5672  8133 I BlockstoreStorage: Clearing all the Blockstore Data for package dev.mobile.maestro.test [CONTEXT service_id=258 ]
06-23 15:48:38.964  5672  8133 I BlockstoreStorage: Clearing all the Blockstore Data for 1 packages [CONTEXT service_id=258 ]
06-23 15:48:38.966  5672  8154 W SQLiteLog: (28) double-quoted string literal: "dev.mobile.maestro"
06-23 15:48:38.970  5672  7713 I Icing   : doRemovePackageData dev.mobile.maestro
06-23 15:48:38.971   518   539 I DropBoxManagerService: add tag=system_server_strictmode isTagEnabled=true flags=0x2
06-23 15:48:38.977  5672  8152 W SQLiteLog: (28) double-quoted string literal: "dev.mobile.maestro.test"
06-23 15:48:38.983  5672  7368 I Icing   : doRemovePackageData dev.mobile.maestro.test
06-23 15:48:38.983   836   890 D StylusManager: Stylus InputDevice changed: 6 virtio_input_multi_touch_3
06-23 15:48:38.986  1106  1106 D Launcher.Model: package removed received dev.mobile.maestro.test
06-23 15:48:38.987  1106  1146 D PackageUpdatedTask: Removing app icondev.mobile.maestro.test
06-23 15:48:38.989  1638  1638 I AiAiEcho: AppFetcherImplV2 onPackageRemoved dev.mobile.maestro.test.
06-23 15:48:38.989   518   822 D SafetySourceDataValidator: No cert check requested for package com.google.android.permissioncontroller
06-23 15:48:38.992  1638  2037 I AiAiEcho: [pnb-agg] Reload pnb aggregation on events deleted
06-23 15:48:38.993  1638  2037 I AiAiEcho: [pnb-agg] pnb aggregation disabled.
06-23 15:48:38.993  1106  1146 D ModelWriter: removing items from db . Reason: [removed because the corresponding package or component is removed. mOp=3 removedPackages=[dev.mobile.maestro.test] removedComponents=[]]
06-23 15:48:38.999  1638  2067 I AiAiEcho: EchoSearch: WidgetFetcherImpl is initialized with [28] widgets [reason=package removed for userId: 0]
06-23 15:48:39.006  5672  5672 D BoundBrokerSvc: onBind: Intent { act=com.google.android.gms.feedback.internal.IFeedbackService dat=chimera-action:/... cmp=com.google.android.gms/.chimera.GmsBoundBrokerService }
06-23 15:48:39.006  5672  5672 D BoundBrokerSvc: Loading bound service for intent: Intent { act=com.google.android.gms.feedback.internal.IFeedbackService dat=chimera-action:/... cmp=com.google.android.gms/.chimera.GmsBoundBrokerService }
06-23 15:48:39.013   842   842 D PersistedStoragePackageUninstalledReceiver: Received android.intent.action.PACKAGE_FULLY_REMOVED for dev.mobile.maestro.test for u0
06-23 15:48:39.018  5712  8132 I ProximityAuth: [RecentAppsMediator] Package removed: (user=UserHandle{0}) dev.mobile.maestro.test
06-23 15:48:39.026  8093  8095 I AidlLazyServiceRegistrar: Process has 0 (of 1 available) client(s) in use after notification artd has clients: 0
06-23 15:48:39.026  8093  8095 I AidlLazyServiceRegistrar: Trying to shut down the service. No clients in use for any service in process.
06-23 15:48:39.216     0     0 I servicemanager: Notifying artd they don't (previously: do) have clients when we now have no record of a client
06-23 15:48:39.218     0     0 I servicemanager: Unregistering artd
06-23 15:48:39.029  8093  8095 I AidlLazyServiceRegistrar: Unregistered all clients and exiting
06-23 15:48:39.220     0     0 I BpBinder: onLastStrongRef automatically unlinking death recipients:
06-23 15:48:39.223     0     0 I init    : Service 'artd' (pid 8093) exited with status 0 oneshot service took 0.489000 seconds in background
06-23 15:48:39.225     0     0 I init    : Sending signal 9 to service 'artd' (pid 8093) process group...
06-23 15:48:39.226     0     0 I libprocessgroup: Successfully killed process cgroup uid 1082 pid 8093 in 0ms
06-23 15:48:39.041  1638  2037 I AiAiEcho: [pnb-agg] Reload pnb aggregation on events deleted
06-23 15:48:39.041  1638  2037 I AiAiEcho: [pnb-agg] pnb aggregation disabled.
06-23 15:48:39.044  5712  8132 I Fitness : FitCleanupIntentOperation received Intent android.intent.action.PACKAGE_REMOVED [CONTEXT service_id=17 ]
06-23 15:48:39.049  5672  5806 I Icing   : IndexChimeraService.getServiceInterface callingPackage=com.google.android.gms componentName=AppsCorpus serviceId=36
06-23 15:48:39.064   518  2340 D CompatibilityChangeReporter: Compat change id reported: 161252188; UID 10192; state: DISABLED
06-23 15:48:39.076  5672  7368 I Icing   : Usage reports ok 1, Failed Usage reports 0, indexed 0, rejected 0
06-23 15:48:39.083  5712  8132 I Fitness : FitCleanupIntentOperation received Intent android.intent.action.PACKAGE_REMOVED [CONTEXT service_id=17 ]
06-23 15:48:39.105  5672  7368 I Icing   : Indexing com.google.android.gms-apps from com.google.android.gms
