06-23 15:48:39.107  5672  7368 I Icing   : Indexing done com.google.android.gms-apps
06-23 15:48:39.108  5672  7368 I Icing   : Indexing com.google.android.gms-apps from com.google.android.gms
06-23 15:48:39.108  5672  7368 I Icing   : Indexing done com.google.android.gms-apps
06-23 15:48:39.110  5672  5806 I Icing   : IndexChimeraService.getServiceInterface callingPackage=com.google.android.gms componentName=null serviceId=30
06-23 15:48:39.115  5672  7368 I Icing   : Usage reports ok 0, Failed Usage reports 0, indexed 0, rejected 0
06-23 15:48:39.167  1691  1691 I GsaVoiceInteractionSrv: O received Intent { act=android.intent.action.PACKAGE_REMOVED dat=package: flg=0x4000010 (has extras) }
06-23 15:48:39.176  1691  1691 I GsaVoiceInteractionSrv: O received Intent { act=android.intent.action.PACKAGE_REMOVED dat=package: flg=0x4000010 (has extras) }
06-23 15:48:39.183  1736  2298 W SearchServiceCore: Abort, client detached.
06-23 15:48:39.223   836   836 D TileServices: Couldn't find tile for ComponentInfo{com.google.android.apps.wellbeing/com.google.android.apps.wellbeing.focusmode.quicksettings.FocusModeTileService}(0)
06-23 15:48:39.242   836   836 D TileServices: Couldn't find tile for ComponentInfo{com.google.android.apps.wellbeing/com.google.android.apps.wellbeing.focusmode.quicksettings.FocusModeTileService}(0)
06-23 15:48:39.254  8164  8164 W BpBinder: Linking to death on android.gui.ISurfaceComposer but there are no threads (yet?) listening to incoming transactions. See ProcessState::startThreadPool and ProcessState::setThreadPoolMaxThreadCount. Generally you should setup the binder threadpool before other initialization steps.
06-23 15:48:39.255  8164  8164 W ProcessState: Extra binder thread started, but 0 threads requested. Do not use *startThreadPool when zero threads are requested.
06-23 15:48:39.265   136   136 I hwservicemanager: getTransport: Cannot find entry android.hardware.graphics.mapper@4.0::IMapper/default in either framework or device VINTF manifest.
06-23 15:48:39.265  8164  8165 I Gralloc4: mapper 4.x is not supported
06-23 15:48:39.454     0     0 I servicemanager: Could not find android.hardware.graphics.allocator.IAllocator/default in the VINTF manifest.
06-23 15:48:39.393  8166  8166 D AndroidRuntime: >>>>>> START com.android.internal.os.RuntimeInit uid 2000 <<<<<<
06-23 15:48:39.397  8166  8166 I AndroidRuntime: Using default boot image
06-23 15:48:39.397  8166  8166 I AndroidRuntime: Leaving lock profiling enabled
06-23 15:48:39.398  8166  8166 I app_process: Core platform API reporting enabled, enforcing=false
06-23 15:48:39.399  8166  8166 I app_process: Using CollectorTypeCC GC.
06-23 15:48:39.458  8166  8166 D nativeloader: InitDefaultPublicLibraries for_preload=1: libandroid.so:libaaudio.so:libamidi.so:libbinder_ndk.so:libc.so:libcamera2ndk.so:libdl.so:libEGL.so:libGLESv1_CM.so:libGLESv2.so:libGLESv3.so:libicu.so:libicui18n.so:libicuuc.so:libjnigraphics.so:liblog.so:libmediandk.so:libm.so:libnativehelper.so:libnativewindow.so:libOpenMAXAL.so:libOpenSLES.so:libRS.so:libstdc++.so:libsync.so:libvulkan.so:libwebviewchromium_plat_support.so:libz.so
06-23 15:48:39.466  8166  8166 D app_process: Time zone APEX ICU file found: /apex/com.android.tzdata/etc/icu/icu_tzdata.dat
06-23 15:48:39.466  8166  8166 D app_process: I18n APEX ICU file found: /apex/com.android.i18n/etc/icu/icudt72l.dat
06-23 15:48:39.470  8166  8166 W app_process: Unexpected CPU variant for x86: x86_64.
06-23 15:48:39.470  8166  8166 W app_process: Known variants: atom, sandybridge, silvermont, goldmont, goldmont-plus, tremont, kabylake, default
06-23 15:48:39.472  8166  8166 W app_process: ClassLoaderContext shared library size mismatch. Expected=2, found=0 (PCL[]{PCL[/system/framework/android.test.base.jar*836642756]#PCL[/system/framework/android.test.mock.jar*3186112116]} | PCL[])
06-23 15:48:39.472  8166  8166 W app_process: ClassLoaderContext classpath size mismatch. expected=0, found=1 (PCL[]{PCL[/system/framework/android.test.runner.jar*4168958247]{PCL[/system/framework/android.test.base.jar*836642756]#PCL[/system/framework/android.test.mock.jar*3186112116]}#PCL[/system/framework/android.test.base.jar*836642756]} | PCL[/system/framework/android.test.runner.jar*4168958247])
06-23 15:48:39.483  8166  8166 W libc    : Access denied finding property "ro.product.name_for_attestation"
06-23 15:48:39.483  8166  8166 W libc    : Access denied finding property "ro.product.brand_for_attestation"
06-23 15:48:39.484  8166  8166 W libc    : Access denied finding property "ro.product.model_for_attestation"
06-23 15:48:39.485  8166  8166 D AndroidRuntime: Calling main entry com.android.commands.uiautomator.Launcher
06-23 15:48:39.486  8166  8166 D UiAutomationConnection: Created on user UserHandle{0}
06-23 15:48:39.486  8166  8166 I UiAutomation: Initialized for user 0 on display 0
06-23 15:48:39.486  8166  8166 W UiAutomation: Created with deprecatead constructor, assumes DEFAULT_DISPLAY
06-23 15:48:39.478  8166  8166 W main    : type=1400 audit(0.0:91): avc:  denied  { read } for  name="u:object_r:build_attestation_prop:s0" dev="tmpfs" ino=86 scontext=u:r:shell:s0 tcontext=u:object_r:build_attestation_prop:s0 tclass=file permissive=0
06-23 15:48:39.487   518  2331 D AccessibilityManagerService: changeCurrentUserForTestAutomationIfNeededLocked(0): ignoring because device doesn't support visible background users
06-23 15:48:39.487   518  2331 I UiAutomationManager: Registering UiTestAutomationService (id=com.android.server.accessibility/UiAutomation) when called by user 0
06-23 15:48:39.488   518  2331 W WindowMagnificationMgr: requestConnection duplicated request: connect=false, mConnectionState=DISCONNECTED
06-23 15:48:39.489   518   518 D BatterySaverPolicy: accessibility changed to true, updating policy.
06-23 15:48:39.490  1736  2173 I A       : NGA disabled since it's running Panthera and at least one a11y feature is on.
06-23 15:48:39.490  1736  2173 I A       : Nga state changed to NgaStateDetails{state=DISABLED, isSpecialExperience=false}
06-23 15:48:39.482  8166  8166 W main    : type=1400 audit(0.0:92): avc:  denied  { read } for  name="u:object_r:build_attestation_prop:s0" dev="tmpfs" ino=86 scontext=u:r:shell:s0 tcontext=u:object_r:build_attestation_prop:s0 tclass=file permissive=0
06-23 15:48:39.493  1691  6900 I A       : APA or Classic session decision: SessionDecision(sessionVariance=CLASSIC, platformVariance=CLASSIC, justification=CURRENT_PLATFORM_VARIANCE).
06-23 15:48:39.493  1691  6900 I A       : [Memory] eligibility: StashEligibility{4}
06-23 15:48:39.493  1691  2118 I A       : Unsubscribed to apa or classic variant change.
06-23 15:48:39.494  1638  1692 I AiAiEcho: Settings changed for uri: content://settings/secure/accessibility_enabled
06-23 15:48:39.495  1638  2037 I AiAiEcho: Predicting[0]: 
06-23 15:48:39.495  1638  2037 I AiAiEcho: EchoTargets: 
06-23 15:48:39.495  1638  2037 I AiAiEcho: Filtered by AiAi flag check: 
06-23 15:48:39.495  1638  2037 I AiAiEcho: Ranked targets strategy: SORT, count: 0, ranking metadata: 
06-23 15:48:39.495  1638  2037 I AiAiEcho: Predicting[0]: 
06-23 15:48:39.495  1638  2037 I AiAiEcho: EchoTargets: 
06-23 15:48:39.495  1638  2037 I AiAiEcho: Filtered by AiAi flag check: 
06-23 15:48:39.495  1638  2037 I AiAiEcho: Ranked targets strategy: SORT, count: 0, ranking metadata: 
06-23 15:48:39.495  1638  2037 I AiAiEcho: #postPredictionTargets: Sending updates to UISurface lockscreen with targets# 0 (types=[])
06-23 15:48:39.495  1638  2037 I AiAiEcho: #postPredictionTargets: Sending updates to UISurface home with targets# 0 (types=[])
06-23 15:48:39.482  8166  8166 W main    : type=1400 audit(0.0:93): avc:  denied  { read } for  name="u:object_r:build_attestation_prop:s0" dev="tmpfs" ino=86 scontext=u:r:shell:s0 tcontext=u:object_r:build_attestation_prop:s0 tclass=file permissive=0
06-23 15:48:39.498  8166  8179 V UiAutomation: Init UiAutomation@cf4e946[id=9, displayId=0, flags=0]
06-23 15:48:39.500   836   836 W PageIndicator: Total number of pages invalid: 0. Assuming 1 page.
06-23 15:48:39.500   518   822 W WindowMagnificationMgr: requestConnection duplicated request: connect=false, mConnectionState=DISCONNECTED
06-23 15:48:39.500  1638  1692 I AiAiEcho: Settings changed for uri: content://settings/secure/accessibility_enabled
06-23 15:48:39.502   518  2341 D SafetySourceDataValidator: No cert check requested for package com.google.android.permissioncontroller
06-23 15:48:39.503  1638  2037 I AiAiEcho: Predicting[0]: 
06-23 15:48:39.503  1638  2037 I AiAiEcho: EchoTargets: 
06-23 15:48:39.503  1638  2037 I AiAiEcho: Filtered by AiAi flag check: 
06-23 15:48:39.503  1638  2037 I AiAiEcho: Ranked targets strategy: SORT, count: 0, ranking metadata: 
06-23 15:48:39.503  1638  2037 I AiAiEcho: Predicting[0]: 
06-23 15:48:39.504  1638  2037 I AiAiEcho: EchoTargets: 
06-23 15:48:39.504  1638  2037 I AiAiEcho: Filtered by AiAi flag check: 
06-23 15:48:39.504  1638  2037 I AiAiEcho: Ranked targets strategy: SORT, count: 0, ranking metadata: 
06-23 15:48:39.504  1638  2037 I AiAiEcho: #postPredictionTargets: Sending updates to UISurface lockscreen with targets# 0 (types=[])
06-23 15:48:39.504  1638  2037 I AiAiEcho: #postPredictionTargets: Sending updates to UISurface home with targets# 0 (types=[])
06-23 15:48:39.504   836   836 W PageIndicator: Total number of pages invalid: 0. Assuming 1 page.
06-23 15:48:39.658  7957  7976 D EGL_emulation: app_time_stats: avg=496.76ms min=490.05ms max=503.40ms count=3
06-23 15:48:39.699   518   608 I RoleService: Granting default roles...
06-23 15:48:39.709   842  8113 E RoleControllerServiceImpl: Default/fallback role holder package doesn't qualify for the role, package: com.google.android.gms.supervision, role: android.app.role.SYSTEM_SUPERVISION
06-23 15:48:39.711   842  8113 I Role    : com.google.android.gms not qualified for android.app.role.SYSTEM_CALL_STREAMING due to missing RequiredComponent{mIntentFilterData=IntentFilterData{mAction='android.telecom.CallStreamingService', mCategories='[]', mDataScheme='null', mDataType='null'}, mMinTargetSdkVersion=1, mFlags='0', mPermission='android.permission.BIND_CALL_STREAMING_SERVICE', mQueryFlags=0, mMetaData=[]}
06-23 15:48:39.711   842  8113 E RoleControllerServiceImpl: Default/fallback role holder package doesn't qualify for the role, package: com.google.android.gms, role: android.app.role.SYSTEM_CALL_STREAMING
06-23 15:48:39.712   842  8113 W Role    : Default holder doesn't have required signing certificate: com.google.android.apps.work.clouddpc:23962F4B43B9857638EA66F4D419518EAE282491ACDA4B94707BD59003C45E58
06-23 15:48:39.739   518   762 D ConnectivityService: releasing NetworkRequest [ REQUEST id=165, [ Transports: CELLULAR Capabilities: INTERNET&NOT_RESTRICTED&TRUSTED&NOT_VPN&NOT_VCN_MANAGED Uid: 10132 RequestorUid: 10132 RequestorPkg: com.google.android.googlequicksearchbox UnderlyingNetworks: Null] ] (release request)
06-23 15:48:39.739   518   762 I ConnectivityService: Update capabilities for net 101 : -FOREGROUND
06-23 15:48:39.741   335   384 I netd    : networkSetPermissionForNetwork(101, 1) <1.42ms>
06-23 15:48:40.080   836   836 D StatusBarIconController: ignoring old pipeline callbacks, because the new mobile icons are enabled
06-23 15:48:40.502  8166  8166 I AccessibilityNodeInfoDumper: Skipping invisible child: android.view.accessibility.AccessibilityNodeInfo@128c1; boundsInParent: Rect(0, 0 - 320, 0); boundsInScreen: Rect(0, 0 - 320, 0); boundsInWindow: Rect(0, 0 - 320, 0); packageName: com.hanapkalinga.mobile; className: android.widget.LinearLayout; text: null; error: null; maxTextLength: -1; stateDescription: null; contentDescription: null; tooltipText: null; containerTitle: null; viewIdResName: null; uniqueId: null; checkable: false; checked: false; focusable: false; focused: false; selected: false; clickable: false; longClickable: false; contextClickable: false; enabled: true; password: false; scrollable: false; importantForAccessibility: false; visible: false; actions: [AccessibilityAction: ACTION_SELECT - null, AccessibilityAction: ACTION_CLEAR_SELECTION - null, AccessibilityAction: ACTION_ACCESSIBILITY_FOCUS - null, AccessibilityAction: ACTION_SHOW_ON_SCREEN - null]; isTextSelectable: false
06-23 15:48:40.502  8166  8166 I AccessibilityNodeInfoDumper: Skipping invisible child: android.view.accessibility.AccessibilityNodeInfo@12500; boundsInParent: Rect(0, 0 - 320, 0); boundsInScreen: Rect(0, 0 - 320, 0); boundsInWindow: Rect(0, 0 - 320, 0); packageName: com.hanapkalinga.mobile; className: android.view.ViewGroup; text: null; error: null; maxTextLength: -1; stateDescription: null; contentDescription: null; tooltipText: null; containerTitle: null; viewIdResName: null; uniqueId: null; checkable: false; checked: false; focusable: false; focused: false; selected: false; clickable: false; longClickable: false; contextClickable: false; enabled: true; password: false; scrollable: false; importantForAccessibility: false; visible: false; actions: [AccessibilityAction: ACTION_SELECT - null, AccessibilityAction: ACTION_CLEAR_SELECTION - null, AccessibilityAction: ACTION_ACCESSIBILITY_FOCUS - null, AccessibilityAction: ACTION_SHOW_ON_SCREEN - null]; isTextSelectable: false
06-23 15:48:40.502  8166  8166 I AccessibilityNodeInfoDumper: Skipping invisible child: android.view.accessibility.AccessibilityNodeInfo@191dd; boundsInParent: Rect(0, 0 - 320, 0); boundsInScreen: Rect(0, 0 - 320, 0); boundsInWindow: Rect(0, 0 - 320, 0); packageName: com.hanapkalinga.mobile; className: android.widget.LinearLayout; text: null; error: null; maxTextLength: -1; stateDescription: null; contentDescription: null; tooltipText: null; containerTitle: null; viewIdResName: null; uniqueId: null; checkable: false; checked: false; focusable: false; focused: false; selected: false; clickable: false; longClickable: false; contextClickable: false; enabled: true; password: false; scrollable: false; importantForAccessibility: false; visible: false; actions: [AccessibilityAction: ACTION_SELECT - null, AccessibilityAction: ACTION_CLEAR_SELECTION - null, AccessibilityAction: ACTION_ACCESSIBILITY_FOCUS - null, AccessibilityAction: ACTION_SHOW_ON_SCREEN - null]; isTextSelectable: false
06-23 15:48:40.502  8166  8166 I AccessibilityNodeInfoDumper: Skipping invisible child: android.view.accessibility.AccessibilityNodeInfo@18e1c; boundsInParent: Rect(0, 0 - 320, 0); boundsInScreen: Rect(0, 0 - 320, 0); boundsInWindow: Rect(0, 0 - 320, 0); packageName: com.hanapkalinga.mobile; className: android.view.ViewGroup; text: null; error: null; maxTextLength: -1; stateDescription: null; contentDescription: null; tooltipText: null; containerTitle: null; viewIdResName: null; uniqueId: null; checkable: false; checked: false; focusable: false; focused: false; selected: false; clickable: false; longClickable: false; contextClickable: false; enabled: true; password: false; scrollable: false; importantForAccessibility: false; visible: false; actions: [AccessibilityAction: ACTION_SELECT - null, AccessibilityAction: ACTION_CLEAR_SELECTION - null, AccessibilityAction: ACTION_ACCESSIBILITY_FOCUS - null, AccessibilityAction: ACTION_SHOW_ON_SCREEN - null]; isTextSelectable: false
06-23 15:48:40.503  8166  8166 W AccessibilityNodeInfoDumper: Fetch time: 4ms
06-23 15:48:40.504   518   822 W WindowMagnificationMgr: requestConnection duplicated request: connect=false, mConnectionState=DISCONNECTED
06-23 15:48:40.505  1638  3460 I AiAiEcho: Settings changed for uri: content://settings/secure/accessibility_enabled
06-23 15:48:40.505   518   822 D AccessibilityManagerService: restoreCurrentUserForTestAutomationIfNeededLocked(): ignoring because device doesn't support visible background users
06-23 15:48:40.505  1638  2037 I AiAiEcho: Predicting[0]: 
06-23 15:48:40.506  1638  2037 I AiAiEcho: EchoTargets: 
06-23 15:48:40.506  1638  2037 I AiAiEcho: Filtered by AiAi flag check: 
06-23 15:48:40.506  8166  8166 D AndroidRuntime: Shutting down VM
06-23 15:48:40.507  1638  2037 I AiAiEcho: Ranked targets strategy: SORT, count: 0, ranking metadata: 
06-23 15:48:40.507  1638  2037 I AiAiEcho: Predicting[0]: 
06-23 15:48:40.507  1638  2037 I AiAiEcho: EchoTargets: 
06-23 15:48:40.507  1638  2037 I AiAiEcho: Filtered by AiAi flag check: 
06-23 15:48:40.507  1638  2037 I AiAiEcho: Ranked targets strategy: SORT, count: 0, ranking metadata: 
06-23 15:48:40.508  1638  2037 I AiAiEcho: #postPredictionTargets: Sending updates to UISurface lockscreen with targets# 0 (types=[])
06-23 15:48:40.508  1638  2037 I AiAiEcho: #postPredictionTargets: Sending updates to UISurface home with targets# 0 (types=[])
06-23 15:48:40.509  1736  2173 I A       : NGA enabled in interactor.
06-23 15:48:40.509  1736  2173 I A       : Nga state changed to NgaStateDetails{state=ENABLED, isSpecialExperience=false}
06-23 15:48:40.510  1691  6900 I A       : Initializing all components
06-23 15:48:40.511   836   836 W PageIndicator: Total number of pages invalid: 0. Assuming 1 page.
06-23 15:48:40.511  1691  6900 I A       : APA or Classic session decision: SessionDecision(sessionVariance=CLASSIC, platformVariance=CLASSIC, justification=CURRENT_PLATFORM_VARIANCE).
06-23 15:48:40.512  1691  6900 I A       : [Memory] eligibility: StashEligibility{6}
06-23 15:48:40.512  1691  2155 I A       : onIsEnabledChanged, isEnabled: false
06-23 15:48:40.512  1691  2155 W A       : Disposing empty manager. Did you forgot to subscribe observables?
06-23 15:48:40.513  1691  2155 W A       : Disposing empty manager. Did you forgot to subscribe observables?
06-23 15:48:40.513  1691  2155 W A       : Disposing empty manager. Did you forgot to subscribe observables?
06-23 15:48:40.514   518   518 D BatterySaverPolicy: accessibility changed to false, updating policy.
06-23 15:48:40.514  1691  2155 W A       : Disposing empty manager. Did you forgot to subscribe observables?
06-23 15:48:40.514  1691  2155 W A       : Disposing empty manager. Did you forgot to subscribe observables?
06-23 15:48:40.514  1691  2155 W A       : Disposing empty manager. Did you forgot to subscribe observables?
06-23 15:48:40.515  1691  2155 W A       : Disposing empty manager. Did you forgot to subscribe observables?
06-23 15:48:40.515  1691  2155 W A       : Disposing empty manager. Did you forgot to subscribe observables?
06-23 15:48:40.515  1691  2155 W A       : Disposing empty manager. Did you forgot to subscribe observables?
06-23 15:48:40.515  1691  2155 W A       : Disposing empty manager. Did you forgot to subscribe observables?
06-23 15:48:40.516  1691  2155 I A       : onOpaVisibilityChanged: false
06-23 15:48:40.516  1691  2155 W A       : Disposing empty manager. Did you forgot to subscribe observables?
06-23 15:48:40.516  1691  2155 W A       : Disposing empty manager. Did you forgot to subscribe observables?
06-23 15:48:40.516  1691  2155 W A       : Disposing empty manager. Did you forgot to subscribe observables?
06-23 15:48:40.516  1691  2155 W A       : Disposing empty manager. Did you forgot to subscribe observables?
06-23 15:48:40.516  1691  2155 W A       : Disposing empty manager. Did you forgot to subscribe observables?
06-23 15:48:40.516  1691  2155 W A       : Disposing empty manager. Did you forgot to subscribe observables?
06-23 15:48:40.516  1691  2155 I A       : Setting session to type: NO_SESSION
06-23 15:48:40.516  1691  2155 W A       : Disposing empty manager. Did you forgot to subscribe observables?
06-23 15:48:40.516  1691  2155 W A       : Disposing empty manager. Did you forgot to subscribe observables?
06-23 15:48:40.516  1691  2155 W A       : Disposing empty manager. Did you forgot to subscribe observables?
06-23 15:48:40.516  1691  2155 W A       : Disposing empty manager. Did you forgot to subscribe observables?
06-23 15:48:40.516  1691  2155 W A       : Disposing empty manager. Did you forgot to subscribe observables?
06-23 15:48:40.517  1691  2155 W A       : Disposing empty manager. Did you forgot to subscribe observables?
06-23 15:48:40.517  1691  2155 W A       : Disposing empty manager. Did you forgot to subscribe observables?
06-23 15:48:40.517  1691  2155 W A       : Disposing empty manager. Did you forgot to subscribe observables?
06-23 15:48:40.517  1691  2155 I A       : setNavBarVisible: GestureNavBarVisible{navbarVisible=true}
06-23 15:48:40.517  1691  2155 W A       : Disposing empty manager. Did you forgot to subscribe observables?
06-23 15:48:40.517  1691  2155 W A       : Disposing empty manager. Did you forgot to subscribe observables?
06-23 15:48:40.517  1691  2155 W A       : Disposing empty manager. Did you forgot to subscribe observables?
06-23 15:48:40.517  1691  2155 W A       : Disposing empty manager. Did you forgot to subscribe observables?
06-23 15:48:40.517  1691  2155 W A       : Disposing empty manager. Did you forgot to subscribe observables?
06-23 15:48:40.517  1691  2155 W A       : Disposing empty manager. Did you forgot to subscribe observables?
06-23 15:48:40.517  1691  2155 I A       : onDisabled. Registered: false
06-23 15:48:40.518  1691  2118 I A       : State changed: IDLE => IDLE by NGA_STATE_CHANGED and N/A with Optional.empty
06-23 15:48:40.518  1691  2118 I A       : Recognizer choice: (recognizer_type: 1, recognizer_mode: 1, choice_reason: 4)
06-23 15:48:40.519  1691  2118 I A       : onActiveStateChangeEvent: IDLE => IDLE
06-23 15:48:40.519  1691  2118 I A       : #onActiveStateChangeEvent, newState: IDLE, previousState: IDLE.
06-23 15:48:40.521  1691  2118 I A       : on opa visibility changed false
06-23 15:48:40.521  1691  2155 I A       : Initialize
06-23 15:48:40.521  1691  2118 I A       : on opa visibility changed false
06-23 15:48:40.521  1691  2118 I A       : stopListening(NGA_PAUSED_UNKNOWN_REASON, NGA_CREATE), idleOverride=NOT_LISTENING
06-23 15:48:40.522  1691  2155 I NgaEntryPointEventSendr: setupConnection
06-23 15:48:40.525  1691  2155 I NgaEntryPointEventSendr: State changed: Disconnected => Connecting
06-23 15:48:40.527  1691  2118 I A       : Successfully initialized all components
06-23 15:48:40.528  1736  1736 I A       : Creating pss binder().
06-23 15:48:40.529  1691  2118 I NgaEntryPointEventSendr: onServiceConnected
06-23 15:48:40.529  1736  1784 I A       : Calling beginBinderSession().
06-23 15:48:40.529  1736  1784 I A       : beginBinderSession(): calling binder
06-23 15:48:40.530  1691  2118 I NgaEntryPointEventSendr: State changed: Connecting => Ready
06-23 15:48:40.531   518   901 W ActivityManager: Unable to start service Intent { cmp=com.google.android.apps.tachyon/.clientapi.ClientApiService } U=0: not found
06-23 15:48:40.537  1736  2315 I PBSessionCacheImpl: Deleted sessionId[7636790972654010] from persistence.
06-23 15:48:40.537  1736  2298 W A       : UiCallbackStub-onGenericEvent[ServiceEvent = 60] task was not run. Callback from Service received after client was disposed.
06-23 15:48:40.538  1736  2298 W SearchServiceCore: Abort, client detached.
06-23 15:48:40.540  1691  2155 I NgaEntryPointEventSendr: State changed: Ready => Disconnected (onOpaDisconnected)
06-23 15:48:40.658  7957  7976 D EGL_emulation: app_time_stats: avg=499.96ms min=499.79ms max=500.14ms count=2
