06-23 15:49:48.172  1691  4030 I A       : APA or Classic session decision: SessionDecision(sessionVariance=CLASSIC, platformVariance=CLASSIC, justification=CURRENT_PLATFORM_VARIANCE).
06-23 15:49:48.172  1691  4030 I A       : [Memory] eligibility: StashEligibility{4}
06-23 15:49:48.176  8726  8739 V UiAutomation: Init UiAutomation@2c88793[id=11, displayId=0, flags=0]
06-23 15:49:48.178   518   591 W WindowMagnificationMgr: requestConnection duplicated request: connect=false, mConnectionState=DISCONNECTED
06-23 15:49:48.181   836   836 W PageIndicator: Total number of pages invalid: 0. Assuming 1 page.
06-23 15:49:48.181  1638  3460 I AiAiEcho: Settings changed for uri: content://settings/secure/accessibility_enabled
06-23 15:49:48.181  1638  2037 I AiAiEcho: Predicting[0]: 
06-23 15:49:48.181  1638  2037 I AiAiEcho: EchoTargets: 
06-23 15:49:48.181  1638  2037 I AiAiEcho: Filtered by AiAi flag check: 
06-23 15:49:48.181  1638  2037 I AiAiEcho: Ranked targets strategy: SORT, count: 0, ranking metadata: 
06-23 15:49:48.182  1638  2037 I AiAiEcho: Predicting[0]: 
06-23 15:49:48.182  1638  2037 I AiAiEcho: EchoTargets: 
06-23 15:49:48.182  1638  2037 I AiAiEcho: Filtered by AiAi flag check: 
06-23 15:49:48.182  1638  2037 I AiAiEcho: Ranked targets strategy: SORT, count: 0, ranking metadata: 
06-23 15:49:48.182  1638  2037 I AiAiEcho: #postPredictionTargets: Sending updates to UISurface lockscreen with targets# 0 (types=[])
06-23 15:49:48.182  1638  2037 I AiAiEcho: #postPredictionTargets: Sending updates to UISurface home with targets# 0 (types=[])
06-23 15:49:48.182   836   836 W PageIndicator: Total number of pages invalid: 0. Assuming 1 page.
06-23 15:49:48.184   518   920 D SafetySourceDataValidator: No cert check requested for package com.google.android.permissioncontroller
06-23 15:49:48.289   518   608 I RoleService: Granting default roles...
06-23 15:49:48.297   842  8665 E RoleControllerServiceImpl: Default/fallback role holder package doesn't qualify for the role, package: com.google.android.gms.supervision, role: android.app.role.SYSTEM_SUPERVISION
06-23 15:49:48.298   842  8665 I Role    : com.google.android.gms not qualified for android.app.role.SYSTEM_CALL_STREAMING due to missing RequiredComponent{mIntentFilterData=IntentFilterData{mAction='android.telecom.CallStreamingService', mCategories='[]', mDataScheme='null', mDataType='null'}, mMinTargetSdkVersion=1, mFlags='0', mPermission='android.permission.BIND_CALL_STREAMING_SERVICE', mQueryFlags=0, mMetaData=[]}
06-23 15:49:48.298   842  8665 E RoleControllerServiceImpl: Default/fallback role holder package doesn't qualify for the role, package: com.google.android.gms, role: android.app.role.SYSTEM_CALL_STREAMING
06-23 15:49:48.299   842  8665 W Role    : Default holder doesn't have required signing certificate: com.google.android.apps.work.clouddpc:23962F4B43B9857638EA66F4D419518EAE282491ACDA4B94707BD59003C45E58
06-23 15:49:48.548   836   836 D StatusBarIconController: ignoring old pipeline callback because the new wifi icon is enabled
06-23 15:49:49.009  8412  8430 D EGL_emulation: app_time_stats: avg=499.95ms min=499.56ms max=500.31ms count=3
06-23 15:49:49.027  8630  8631 I AidlLazyServiceRegistrar: Process has 0 (of 1 available) client(s) in use after notification artd has clients: 0
06-23 15:49:49.027  8630  8631 I AidlLazyServiceRegistrar: Trying to shut down the service. No clients in use for any service in process.
06-23 15:49:49.217     0     0 I servicemanager: Notifying artd they don't (previously: do) have clients when we now have no record of a client
06-23 15:49:49.219     0     0 I servicemanager: Unregistering artd
06-23 15:49:49.030  8630  8631 I AidlLazyServiceRegistrar: Unregistered all clients and exiting
06-23 15:49:49.220     0     0 I BpBinder: onLastStrongRef automatically unlinking death recipients:
06-23 15:49:49.224     0     0 I init    : Service 'artd' (pid 8630) exited with status 0 oneshot service took 1.914000 seconds in background
06-23 15:49:49.225     0     0 I init    : Sending signal 9 to service 'artd' (pid 8630) process group...
06-23 15:49:49.226     0     0 I libprocessgroup: Successfully killed process cgroup uid 1082 pid 8630 in 0ms
06-23 15:49:49.185  8726  8726 I AccessibilityNodeInfoDumper: Skipping invisible child: android.view.accessibility.AccessibilityNodeInfo@128d3; boundsInParent: Rect(0, 0 - 320, 0); boundsInScreen: Rect(0, 0 - 320, 0); boundsInWindow: Rect(0, 0 - 320, 0); packageName: com.hanapkalinga.mobile; className: android.widget.LinearLayout; text: null; error: null; maxTextLength: -1; stateDescription: null; contentDescription: null; tooltipText: null; containerTitle: null; viewIdResName: null; uniqueId: null; checkable: false; checked: false; focusable: false; focused: false; selected: false; clickable: false; longClickable: false; contextClickable: false; enabled: true; password: false; scrollable: false; importantForAccessibility: false; visible: false; actions: [AccessibilityAction: ACTION_SELECT - null, AccessibilityAction: ACTION_CLEAR_SELECTION - null, AccessibilityAction: ACTION_ACCESSIBILITY_FOCUS - null, AccessibilityAction: ACTION_SHOW_ON_SCREEN - null]; isTextSelectable: false
06-23 15:49:49.185  8726  8726 I AccessibilityNodeInfoDumper: Skipping invisible child: android.view.accessibility.AccessibilityNodeInfo@12512; boundsInParent: Rect(0, 0 - 320, 0); boundsInScreen: Rect(0, 0 - 320, 0); boundsInWindow: Rect(0, 0 - 320, 0); packageName: com.hanapkalinga.mobile; className: android.view.ViewGroup; text: null; error: null; maxTextLength: -1; stateDescription: null; contentDescription: null; tooltipText: null; containerTitle: null; viewIdResName: null; uniqueId: null; checkable: false; checked: false; focusable: false; focused: false; selected: false; clickable: false; longClickable: false; contextClickable: false; enabled: true; password: false; scrollable: false; importantForAccessibility: false; visible: false; actions: [AccessibilityAction: ACTION_SELECT - null, AccessibilityAction: ACTION_CLEAR_SELECTION - null, AccessibilityAction: ACTION_ACCESSIBILITY_FOCUS - null, AccessibilityAction: ACTION_SHOW_ON_SCREEN - null]; isTextSelectable: false
06-23 15:49:49.185  8726  8726 I AccessibilityNodeInfoDumper: Skipping invisible child: android.view.accessibility.AccessibilityNodeInfo@191ef; boundsInParent: Rect(0, 0 - 320, 0); boundsInScreen: Rect(0, 0 - 320, 0); boundsInWindow: Rect(0, 0 - 320, 0); packageName: com.hanapkalinga.mobile; className: android.widget.LinearLayout; text: null; error: null; maxTextLength: -1; stateDescription: null; contentDescription: null; tooltipText: null; containerTitle: null; viewIdResName: null; uniqueId: null; checkable: false; checked: false; focusable: false; focused: false; selected: false; clickable: false; longClickable: false; contextClickable: false; enabled: true; password: false; scrollable: false; importantForAccessibility: false; visible: false; actions: [AccessibilityAction: ACTION_SELECT - null, AccessibilityAction: ACTION_CLEAR_SELECTION - null, AccessibilityAction: ACTION_ACCESSIBILITY_FOCUS - null, AccessibilityAction: ACTION_SHOW_ON_SCREEN - null]; isTextSelectable: false
06-23 15:49:49.185  8726  8726 I AccessibilityNodeInfoDumper: Skipping invisible child: android.view.accessibility.AccessibilityNodeInfo@18e2e; boundsInParent: Rect(0, 0 - 320, 0); boundsInScreen: Rect(0, 0 - 320, 0); boundsInWindow: Rect(0, 0 - 320, 0); packageName: com.hanapkalinga.mobile; className: android.view.ViewGroup; text: null; error: null; maxTextLength: -1; stateDescription: null; contentDescription: null; tooltipText: null; containerTitle: null; viewIdResName: null; uniqueId: null; checkable: false; checked: false; focusable: false; focused: false; selected: false; clickable: false; longClickable: false; contextClickable: false; enabled: true; password: false; scrollable: false; importantForAccessibility: false; visible: false; actions: [AccessibilityAction: ACTION_SELECT - null, AccessibilityAction: ACTION_CLEAR_SELECTION - null, AccessibilityAction: ACTION_ACCESSIBILITY_FOCUS - null, AccessibilityAction: ACTION_SHOW_ON_SCREEN - null]; isTextSelectable: false
06-23 15:49:49.186  8726  8726 W AccessibilityNodeInfoDumper: Fetch time: 3ms
06-23 15:49:49.187   518  2802 W WindowMagnificationMgr: requestConnection duplicated request: connect=false, mConnectionState=DISCONNECTED
06-23 15:49:49.187   518  2802 D AccessibilityManagerService: restoreCurrentUserForTestAutomationIfNeededLocked(): ignoring because device doesn't support visible background users
06-23 15:49:49.188  8726  8726 D AndroidRuntime: Shutting down VM
06-23 15:49:49.189  1736  2180 I A       : NGA enabled in interactor.
06-23 15:49:49.189  1736  2180 I A       : Nga state changed to NgaStateDetails{state=ENABLED, isSpecialExperience=false}
06-23 15:49:49.193  1638  3460 I AiAiEcho: Settings changed for uri: content://settings/secure/accessibility_enabled
06-23 15:49:49.194  1691  4030 I A       : Initializing all components
06-23 15:49:49.194  1638  2037 I AiAiEcho: Predicting[0]: 
06-23 15:49:49.195  1691  2155 I A       : onIsEnabledChanged, isEnabled: false
06-23 15:49:49.195  1638  2037 I AiAiEcho: EchoTargets: 
06-23 15:49:49.195  1638  2037 I AiAiEcho: Filtered by AiAi flag check: 
06-23 15:49:49.195  1638  2037 I AiAiEcho: Ranked targets strategy: SORT, count: 0, ranking metadata: 
06-23 15:49:49.195  1638  2037 I AiAiEcho: Predicting[0]: 
06-23 15:49:49.195  1638  2037 I AiAiEcho: EchoTargets: 
06-23 15:49:49.195  1638  2037 I AiAiEcho: Filtered by AiAi flag check: 
06-23 15:49:49.195  1638  2037 I AiAiEcho: Ranked targets strategy: SORT, count: 0, ranking metadata: 
06-23 15:49:49.195  1691  2155 W A       : Disposing empty manager. Did you forgot to subscribe observables?
06-23 15:49:49.195  1691  2155 W A       : Disposing empty manager. Did you forgot to subscribe observables?
06-23 15:49:49.195  1691  4030 I A       : APA or Classic session decision: SessionDecision(sessionVariance=CLASSIC, platformVariance=CLASSIC, justification=CURRENT_PLATFORM_VARIANCE).
06-23 15:49:49.196  1691  4030 I A       : [Memory] eligibility: StashEligibility{6}
06-23 15:49:49.196  1638  2037 I AiAiEcho: #postPredictionTargets: Sending updates to UISurface lockscreen with targets# 0 (types=[])
06-23 15:49:49.196  1691  2155 W A       : Disposing empty manager. Did you forgot to subscribe observables?
06-23 15:49:49.196  1691  2155 W A       : Disposing empty manager. Did you forgot to subscribe observables?
06-23 15:49:49.197  1691  2155 W A       : Disposing empty manager. Did you forgot to subscribe observables?
06-23 15:49:49.197  1691  2155 W A       : Disposing empty manager. Did you forgot to subscribe observables?
06-23 15:49:49.197  1691  2155 W A       : Disposing empty manager. Did you forgot to subscribe observables?
06-23 15:49:49.197  1691  2155 W A       : Disposing empty manager. Did you forgot to subscribe observables?
06-23 15:49:49.197  1691  2155 W A       : Disposing empty manager. Did you forgot to subscribe observables?
06-23 15:49:49.197  1691  2155 W A       : Disposing empty manager. Did you forgot to subscribe observables?
06-23 15:49:49.197  1691  2155 I A       : onOpaVisibilityChanged: false
06-23 15:49:49.197  1691  2155 W A       : Disposing empty manager. Did you forgot to subscribe observables?
06-23 15:49:49.197  1691  2155 W A       : Disposing empty manager. Did you forgot to subscribe observables?
06-23 15:49:49.197  1691  2155 W A       : Disposing empty manager. Did you forgot to subscribe observables?
06-23 15:49:49.197  1691  2155 W A       : Disposing empty manager. Did you forgot to subscribe observables?
06-23 15:49:49.197  1691  2155 W A       : Disposing empty manager. Did you forgot to subscribe observables?
06-23 15:49:49.198  1691  2155 W A       : Disposing empty manager. Did you forgot to subscribe observables?
06-23 15:49:49.198  1691  2155 I A       : Setting session to type: NO_SESSION
06-23 15:49:49.198  1691  2155 W A       : Disposing empty manager. Did you forgot to subscribe observables?
06-23 15:49:49.198  1691  2155 W A       : Disposing empty manager. Did you forgot to subscribe observables?
06-23 15:49:49.198  1691  2155 W A       : Disposing empty manager. Did you forgot to subscribe observables?
06-23 15:49:49.198  1691  2155 W A       : Disposing empty manager. Did you forgot to subscribe observables?
06-23 15:49:49.198  1691  2155 W A       : Disposing empty manager. Did you forgot to subscribe observables?
06-23 15:49:49.198  1691  2155 W A       : Disposing empty manager. Did you forgot to subscribe observables?
06-23 15:49:49.198  1691  2155 W A       : Disposing empty manager. Did you forgot to subscribe observables?
06-23 15:49:49.198  1691  2155 W A       : Disposing empty manager. Did you forgot to subscribe observables?
06-23 15:49:49.198  1691  2155 I A       : setNavBarVisible: GestureNavBarVisible{navbarVisible=true}
06-23 15:49:49.198  1691  2155 W A       : Disposing empty manager. Did you forgot to subscribe observables?
06-23 15:49:49.198  1691  2155 W A       : Disposing empty manager. Did you forgot to subscribe observables?
06-23 15:49:49.198  1691  2155 W A       : Disposing empty manager. Did you forgot to subscribe observables?
06-23 15:49:49.198  1691  2155 W A       : Disposing empty manager. Did you forgot to subscribe observables?
06-23 15:49:49.198  1691  2155 W A       : Disposing empty manager. Did you forgot to subscribe observables?
06-23 15:49:49.198  1691  2155 W A       : Disposing empty manager. Did you forgot to subscribe observables?
06-23 15:49:49.198  1691  2155 I A       : onDisabled. Registered: false
06-23 15:49:49.199  1638  2037 I AiAiEcho: #postPredictionTargets: Sending updates to UISurface home with targets# 0 (types=[])
06-23 15:49:49.199  1691  2118 I A       : Initialize
06-23 15:49:49.199  1691  2118 I A       : on opa visibility changed false
06-23 15:49:49.200  1691  2118 I A       : stopListening(NGA_PAUSED_UNKNOWN_REASON, NGA_CREATE), idleOverride=NOT_LISTENING
06-23 15:49:49.200  1691  2118 I A       : on opa visibility changed false
06-23 15:49:49.200   836   836 W PageIndicator: Total number of pages invalid: 0. Assuming 1 page.
06-23 15:49:49.201  1691  2155 I A       : State changed: IDLE => IDLE by NGA_STATE_CHANGED and N/A with Optional.empty
06-23 15:49:49.201   518   518 D BatterySaverPolicy: accessibility changed to false, updating policy.
06-23 15:49:49.202  1691  2155 I A       : Recognizer choice: (recognizer_type: 1, recognizer_mode: 1, choice_reason: 4)
06-23 15:49:49.202  1691  2155 I A       : onActiveStateChangeEvent: IDLE => IDLE
06-23 15:49:49.202  1691  2155 I A       : #onActiveStateChangeEvent, newState: IDLE, previousState: IDLE.
06-23 15:49:49.203  1691  2155 I NgaEntryPointEventSendr: setupConnection
06-23 15:49:49.205  1736  1736 I A       : Creating pss binder().
06-23 15:49:49.205  1691  2155 I NgaEntryPointEventSendr: State changed: Disconnected => Connecting
06-23 15:49:49.206  1691  2155 I NgaEntryPointEventSendr: onServiceConnected
06-23 15:49:49.206  1736  7066 I A       : Calling beginBinderSession().
06-23 15:49:49.207  1736  7066 I A       : beginBinderSession(): calling binder
06-23 15:49:49.207  1691  2155 I NgaEntryPointEventSendr: State changed: Connecting => Ready
06-23 15:49:49.208  1691  2155 I A       : Successfully initialized all components
06-23 15:49:49.211   518   922 W ActivityManager: Unable to start service Intent { cmp=com.google.android.apps.tachyon/.clientapi.ClientApiService } U=0: not found
06-23 15:49:49.216  1736  2315 I PBSessionCacheImpl: Deleted sessionId[7636790972654042] from persistence.
06-23 15:49:49.216  1736  2298 W A       : UiCallbackStub-onGenericEvent[ServiceEvent = 60] task was not run. Callback from Service received after client was disposed.
06-23 15:49:49.218  1736  2298 W SearchServiceCore: Abort, client detached.
06-23 15:49:49.218  1691  2118 I NgaEntryPointEventSendr: State changed: Ready => Disconnected (onOpaDisconnected)
06-23 15:49:50.202     0     0 I binder  : undelivered transaction 1032907, process died.
