06-23 15:50:39.804  5672  9109 W SQLiteLog: (28) double-quoted string literal: "dev.mobile.maestro.test"
06-23 15:50:39.807  5672  5805 I Icing   : IndexChimeraService.getServiceInterface callingPackage=com.google.android.gms componentName=null serviceId=30
06-23 15:50:39.809  5672  5732 I Icing   : Indexing com.google.android.gms-apps from com.google.android.gms
06-23 15:50:39.814  5672  5732 I Icing   : Indexing done com.google.android.gms-apps
06-23 15:50:39.815  1106  1106 D Launcher.Model: package removed received dev.mobile.maestro.test
06-23 15:50:39.815  1106  1146 D PackageUpdatedTask: Removing app icondev.mobile.maestro.test
06-23 15:50:39.815  1638  1638 I AiAiEcho: AppFetcherImplV2 onPackageRemoved dev.mobile.maestro.test.
06-23 15:50:39.819  1106  1146 D ModelWriter: removing items from db . Reason: [removed because the corresponding package or component is removed. mOp=3 removedPackages=[dev.mobile.maestro.test] removedComponents=[]]
06-23 15:50:39.824  1638  2067 I AiAiEcho: EchoSearch: WidgetFetcherImpl is initialized with [28] widgets [reason=package removed for userId: 0]
06-23 15:50:39.827  5672  5732 I Icing   : Usage reports ok 0, Failed Usage reports 0, indexed 0, rejected 0
06-23 15:50:39.827  1638  2037 I AiAiEcho: [pnb-agg] Reload pnb aggregation on events deleted
06-23 15:50:39.827  1638  2037 I AiAiEcho: [pnb-agg] pnb aggregation disabled.
06-23 15:50:39.904  1500  1599 W AppInfoHelper: <DWB> Application not found: dev.mobile.maestro.test
06-23 15:50:39.904  1500  1599 W AppInfoHelper: android.content.pm.PackageManager$NameNotFoundException: dev.mobile.maestro.test
06-23 15:50:39.904  1500  1599 W AppInfoHelper: 	at android.app.ApplicationPackageManager.getApplicationInfoAsUser(ApplicationPackageManager.java:507)
06-23 15:50:39.904  1500  1599 W AppInfoHelper: 	at android.app.ApplicationPackageManager.getApplicationInfo(ApplicationPackageManager.java:490)
06-23 15:50:39.904  1500  1599 W AppInfoHelper: 	at android.app.ApplicationPackageManager.getApplicationInfo(ApplicationPackageManager.java:484)
06-23 15:50:39.904  1500  1599 W AppInfoHelper: 	at czo.e(PG:2)
06-23 15:50:39.904  1500  1599 W AppInfoHelper: 	at czo.f(PG:7)
06-23 15:50:39.904  1500  1599 W AppInfoHelper: 	at crm.f(PG:14)
06-23 15:50:39.904  1500  1599 W AppInfoHelper: 	at cdm.apply(PG:74)
06-23 15:50:39.904  1500  1599 W AppInfoHelper: 	at j$.util.stream.i.accept(SourceFile:27)
06-23 15:50:39.904  1500  1599 W AppInfoHelper: 	at j$.util.stream.P0.accept(SourceFile:3)
06-23 15:50:39.904  1500  1599 W AppInfoHelper: 	at j$.util.a.forEachRemaining(SourceFile:20)
06-23 15:50:39.904  1500  1599 W AppInfoHelper: 	at j$.util.stream.c.v(SourceFile:21)
06-23 15:50:39.904  1500  1599 W AppInfoHelper: 	at j$.util.stream.c.C(SourceFile:8)
06-23 15:50:39.904  1500  1599 W AppInfoHelper: 	at j$.util.stream.I0.e(SourceFile:1)
06-23 15:50:39.904  1500  1599 W AppInfoHelper: 	at j$.util.stream.c.F(SourceFile:35)
06-23 15:50:39.904  1500  1599 W AppInfoHelper: 	at j$.util.stream.g1.collect(SourceFile:83)
06-23 15:50:39.904  1500  1599 W AppInfoHelper: 	at bsv.a(PG:14)
06-23 15:50:39.904  1500  1599 W AppInfoHelper: 	at jza.a(PG:30)
06-23 15:50:39.904  1500  1599 W AppInfoHelper: 	at jza.a(PG:42)
06-23 15:50:39.904  1500  1599 W AppInfoHelper: 	at lne.a(PG:1)
06-23 15:50:39.904  1500  1599 W AppInfoHelper: 	at lmk.run(PG:4)
06-23 15:50:39.904  1500  1599 W AppInfoHelper: 	at lng.run(PG:1)
06-23 15:50:39.904  1500  1599 W AppInfoHelper: 	at llo.run(PG:3)
06-23 15:50:39.904  1500  1599 W AppInfoHelper: 	at idn.run(PG:5)
06-23 15:50:39.904  1500  1599 W AppInfoHelper: 	at java.util.concurrent.ThreadPoolExecutor.runWorker(ThreadPoolExecutor.java:1145)
06-23 15:50:39.904  1500  1599 W AppInfoHelper: 	at java.util.concurrent.ThreadPoolExecutor$Worker.run(ThreadPoolExecutor.java:644)
06-23 15:50:39.904  1500  1599 W AppInfoHelper: 	at huo.run(PG:51)
06-23 15:50:39.904  1500  1599 W AppInfoHelper: 	at java.lang.Thread.run(Thread.java:1012)
06-23 15:50:39.904  1500  1599 W AppInfoHelper: 	at idx.run(PG:5)
06-23 15:50:39.907  1691  1691 I GsaVoiceInteractionSrv: O received Intent { act=android.intent.action.PACKAGE_REMOVED dat=package: flg=0x4000010 (has extras) }
06-23 15:50:39.909  1691  1691 I GsaVoiceInteractionSrv: O received Intent { act=android.intent.action.PACKAGE_REMOVED dat=package: flg=0x4000010 (has extras) }
06-23 15:50:39.915  1736  2298 W SearchServiceCore: Abort, client detached.
06-23 15:50:39.964   836   836 D TileServices: Couldn't find tile for ComponentInfo{com.google.android.apps.wellbeing/com.google.android.apps.wellbeing.focusmode.quicksettings.FocusModeTileService}(0)
06-23 15:50:39.982   836   836 D TileServices: Couldn't find tile for ComponentInfo{com.google.android.apps.wellbeing/com.google.android.apps.wellbeing.focusmode.quicksettings.FocusModeTileService}(0)
06-23 15:50:40.090   836   836 D StatusBarIconController: ignoring old pipeline callbacks, because the new mobile icons are enabled
06-23 15:50:40.093   836   891 D EGL_emulation: app_time_stats: avg=13399.22ms min=13.96ms max=40062.06ms count=3
06-23 15:50:40.112  9131  9131 W BpBinder: Linking to death on android.gui.ISurfaceComposer but there are no threads (yet?) listening to incoming transactions. See ProcessState::startThreadPool and ProcessState::setThreadPoolMaxThreadCount. Generally you should setup the binder threadpool before other initialization steps.
06-23 15:50:40.113  9131  9131 W ProcessState: Extra binder thread started, but 0 threads requested. Do not use *startThreadPool when zero threads are requested.
06-23 15:50:40.118   136   136 I hwservicemanager: getTransport: Cannot find entry android.hardware.graphics.mapper@4.0::IMapper/default in either framework or device VINTF manifest.
06-23 15:50:40.118  9131  9132 I Gralloc4: mapper 4.x is not supported
06-23 15:50:40.308     0     0 I servicemanager: Could not find android.hardware.graphics.allocator.IAllocator/default in the VINTF manifest.
06-23 15:50:40.237  9133  9133 D AndroidRuntime: >>>>>> START com.android.internal.os.RuntimeInit uid 2000 <<<<<<
06-23 15:50:40.243  9133  9133 I AndroidRuntime: Using default boot image
06-23 15:50:40.243  9133  9133 I AndroidRuntime: Leaving lock profiling enabled
06-23 15:50:40.245  9133  9133 I app_process: Core platform API reporting enabled, enforcing=false
06-23 15:50:40.245  9133  9133 I app_process: Using CollectorTypeCC GC.
06-23 15:50:40.297  9133  9133 D nativeloader: InitDefaultPublicLibraries for_preload=1: libandroid.so:libaaudio.so:libamidi.so:libbinder_ndk.so:libc.so:libcamera2ndk.so:libdl.so:libEGL.so:libGLESv1_CM.so:libGLESv2.so:libGLESv3.so:libicu.so:libicui18n.so:libicuuc.so:libjnigraphics.so:liblog.so:libmediandk.so:libm.so:libnativehelper.so:libnativewindow.so:libOpenMAXAL.so:libOpenSLES.so:libRS.so:libstdc++.so:libsync.so:libvulkan.so:libwebviewchromium_plat_support.so:libz.so
06-23 15:50:40.305  9133  9133 D app_process: Time zone APEX ICU file found: /apex/com.android.tzdata/etc/icu/icu_tzdata.dat
06-23 15:50:40.305  9133  9133 D app_process: I18n APEX ICU file found: /apex/com.android.i18n/etc/icu/icudt72l.dat
06-23 15:50:40.310  9133  9133 W app_process: Unexpected CPU variant for x86: x86_64.
06-23 15:50:40.310  9133  9133 W app_process: Known variants: atom, sandybridge, silvermont, goldmont, goldmont-plus, tremont, kabylake, default
06-23 15:50:40.311  9133  9133 W app_process: ClassLoaderContext shared library size mismatch. Expected=2, found=0 (PCL[]{PCL[/system/framework/android.test.base.jar*836642756]#PCL[/system/framework/android.test.mock.jar*3186112116]} | PCL[])
06-23 15:50:40.311  9133  9133 W app_process: ClassLoaderContext classpath size mismatch. expected=0, found=1 (PCL[]{PCL[/system/framework/android.test.runner.jar*4168958247]{PCL[/system/framework/android.test.base.jar*836642756]#PCL[/system/framework/android.test.mock.jar*3186112116]}#PCL[/system/framework/android.test.base.jar*836642756]} | PCL[/system/framework/android.test.runner.jar*4168958247])
06-23 15:50:40.322  9133  9133 W libc    : Access denied finding property "ro.product.name_for_attestation"
06-23 15:50:40.322  9133  9133 W libc    : Access denied finding property "ro.product.brand_for_attestation"
06-23 15:50:40.322  9133  9133 W libc    : Access denied finding property "ro.product.model_for_attestation"
06-23 15:50:40.323  9133  9133 D AndroidRuntime: Calling main entry com.android.commands.uiautomator.Launcher
06-23 15:50:40.318  9133  9133 W main    : type=1400 audit(0.0:109): avc:  denied  { read } for  name="u:object_r:build_attestation_prop:s0" dev="tmpfs" ino=86 scontext=u:r:shell:s0 tcontext=u:object_r:build_attestation_prop:s0 tclass=file permissive=0
06-23 15:50:40.328  9133  9133 D UiAutomationConnection: Created on user UserHandle{0}
06-23 15:50:40.328  9133  9133 I UiAutomation: Initialized for user 0 on display 0
06-23 15:50:40.328  9133  9133 W UiAutomation: Created with deprecatead constructor, assumes DEFAULT_DISPLAY
06-23 15:50:40.318  9133  9133 W main    : type=1400 audit(0.0:110): avc:  denied  { read } for  name="u:object_r:build_attestation_prop:s0" dev="tmpfs" ino=86 scontext=u:r:shell:s0 tcontext=u:object_r:build_attestation_prop:s0 tclass=file permissive=0
06-23 15:50:40.332   518  2794 D AccessibilityManagerService: changeCurrentUserForTestAutomationIfNeededLocked(0): ignoring because device doesn't support visible background users
06-23 15:50:40.332   518  2794 I UiAutomationManager: Registering UiTestAutomationService (id=com.android.server.accessibility/UiAutomation) when called by user 0
06-23 15:50:40.318  9133  9133 W main    : type=1400 audit(0.0:111): avc:  denied  { read } for  name="u:object_r:build_attestation_prop:s0" dev="tmpfs" ino=86 scontext=u:r:shell:s0 tcontext=u:object_r:build_attestation_prop:s0 tclass=file permissive=0
06-23 15:50:40.335   518  2794 W WindowMagnificationMgr: requestConnection duplicated request: connect=false, mConnectionState=DISCONNECTED
06-23 15:50:40.336  1638  3460 I AiAiEcho: Settings changed for uri: content://settings/secure/accessibility_enabled
06-23 15:50:40.337  1638  2037 I AiAiEcho: Predicting[0]: 
06-23 15:50:40.337  1638  2037 I AiAiEcho: EchoTargets: 
06-23 15:50:40.337  1638  2037 I AiAiEcho: Filtered by AiAi flag check: 
06-23 15:50:40.337  1638  2037 I AiAiEcho: Ranked targets strategy: SORT, count: 0, ranking metadata: 
06-23 15:50:40.337  1638  2037 I AiAiEcho: Predicting[0]: 
06-23 15:50:40.337  1638  2037 I AiAiEcho: EchoTargets: 
06-23 15:50:40.337  1638  2037 I AiAiEcho: Filtered by AiAi flag check: 
06-23 15:50:40.337  1638  2037 I AiAiEcho: Ranked targets strategy: SORT, count: 0, ranking metadata: 
06-23 15:50:40.337  1638  2037 I AiAiEcho: #postPredictionTargets: Sending updates to UISurface lockscreen with targets# 0 (types=[])
06-23 15:50:40.337  1638  2037 I AiAiEcho: #postPredictionTargets: Sending updates to UISurface home with targets# 0 (types=[])
06-23 15:50:40.337  1736  2179 I A       : NGA disabled since it's running Panthera and at least one a11y feature is on.
06-23 15:50:40.338  1736  2179 I A       : Nga state changed to NgaStateDetails{state=DISABLED, isSpecialExperience=false}
06-23 15:50:40.339  1691  2366 I A       : APA or Classic session decision: SessionDecision(sessionVariance=CLASSIC, platformVariance=CLASSIC, justification=CURRENT_PLATFORM_VARIANCE).
06-23 15:50:40.339  1691  2366 I A       : [Memory] eligibility: StashEligibility{4}
06-23 15:50:40.340  1691  2155 I A       : Unsubscribed to apa or classic variant change.
06-23 15:50:40.340  9133  9147 V UiAutomation: Init UiAutomation@bcfe4e7[id=13, displayId=0, flags=0]
06-23 15:50:40.341   518   518 D BatterySaverPolicy: accessibility changed to true, updating policy.
06-23 15:50:40.344   518  2804 W WindowMagnificationMgr: requestConnection duplicated request: connect=false, mConnectionState=DISCONNECTED
06-23 15:50:40.345   836   836 W PageIndicator: Total number of pages invalid: 0. Assuming 1 page.
06-23 15:50:40.347  1638  1692 I AiAiEcho: Settings changed for uri: content://settings/secure/accessibility_enabled
06-23 15:50:40.347  1638  2037 I AiAiEcho: Predicting[0]: 
06-23 15:50:40.347  1638  2037 I AiAiEcho: EchoTargets: 
06-23 15:50:40.347  1638  2037 I AiAiEcho: Filtered by AiAi flag check: 
06-23 15:50:40.347  1638  2037 I AiAiEcho: Ranked targets strategy: SORT, count: 0, ranking metadata: 
06-23 15:50:40.347  1638  2037 I AiAiEcho: Predicting[0]: 
06-23 15:50:40.347  1638  2037 I AiAiEcho: EchoTargets: 
06-23 15:50:40.347  1638  2037 I AiAiEcho: Filtered by AiAi flag check: 
06-23 15:50:40.347  1638  2037 I AiAiEcho: Ranked targets strategy: SORT, count: 0, ranking metadata: 
06-23 15:50:40.347  1638  2037 I AiAiEcho: #postPredictionTargets: Sending updates to UISurface lockscreen with targets# 0 (types=[])
06-23 15:50:40.348  1638  2037 I AiAiEcho: #postPredictionTargets: Sending updates to UISurface home with targets# 0 (types=[])
06-23 15:50:40.348   836   836 W PageIndicator: Total number of pages invalid: 0. Assuming 1 page.
06-23 15:50:40.350   518  2804 D SafetySourceDataValidator: No cert check requested for package com.google.android.permissioncontroller
06-23 15:50:40.463   518   608 I RoleService: Granting default roles...
06-23 15:50:40.474   842  9086 E RoleControllerServiceImpl: Default/fallback role holder package doesn't qualify for the role, package: com.google.android.gms.supervision, role: android.app.role.SYSTEM_SUPERVISION
06-23 15:50:40.476   842  9086 I Role    : com.google.android.gms not qualified for android.app.role.SYSTEM_CALL_STREAMING due to missing RequiredComponent{mIntentFilterData=IntentFilterData{mAction='android.telecom.CallStreamingService', mCategories='[]', mDataScheme='null', mDataType='null'}, mMinTargetSdkVersion=1, mFlags='0', mPermission='android.permission.BIND_CALL_STREAMING_SERVICE', mQueryFlags=0, mMetaData=[]}
06-23 15:50:40.476   842  9086 E RoleControllerServiceImpl: Default/fallback role holder package doesn't qualify for the role, package: com.google.android.gms, role: android.app.role.SYSTEM_CALL_STREAMING
06-23 15:50:40.476   842  9086 W Role    : Default holder doesn't have required signing certificate: com.google.android.apps.work.clouddpc:23962F4B43B9857638EA66F4D419518EAE282491ACDA4B94707BD59003C45E58
06-23 15:50:41.058  8972  8992 D EGL_emulation: app_time_stats: avg=499.91ms min=499.47ms max=500.26ms count=3
06-23 15:50:41.351  9133  9133 I AccessibilityNodeInfoDumper: Skipping invisible child: android.view.accessibility.AccessibilityNodeInfo@128ed; boundsInParent: Rect(0, 0 - 320, 0); boundsInScreen: Rect(0, 0 - 320, 0); boundsInWindow: Rect(0, 0 - 320, 0); packageName: com.hanapkalinga.mobile; className: android.widget.LinearLayout; text: null; error: null; maxTextLength: -1; stateDescription: null; contentDescription: null; tooltipText: null; containerTitle: null; viewIdResName: null; uniqueId: null; checkable: false; checked: false; focusable: false; focused: false; selected: false; clickable: false; longClickable: false; contextClickable: false; enabled: true; password: false; scrollable: false; importantForAccessibility: false; visible: false; actions: [AccessibilityAction: ACTION_SELECT - null, AccessibilityAction: ACTION_CLEAR_SELECTION - null, AccessibilityAction: ACTION_ACCESSIBILITY_FOCUS - null, AccessibilityAction: ACTION_SHOW_ON_SCREEN - null]; isTextSelectable: false
06-23 15:50:41.351  9133  9133 I AccessibilityNodeInfoDumper: Skipping invisible child: android.view.accessibility.AccessibilityNodeInfo@1252c; boundsInParent: Rect(0, 0 - 320, 0); boundsInScreen: Rect(0, 0 - 320, 0); boundsInWindow: Rect(0, 0 - 320, 0); packageName: com.hanapkalinga.mobile; className: android.view.ViewGroup; text: null; error: null; maxTextLength: -1; stateDescription: null; contentDescription: null; tooltipText: null; containerTitle: null; viewIdResName: null; uniqueId: null; checkable: false; checked: false; focusable: false; focused: false; selected: false; clickable: false; longClickable: false; contextClickable: false; enabled: true; password: false; scrollable: false; importantForAccessibility: false; visible: false; actions: [AccessibilityAction: ACTION_SELECT - null, AccessibilityAction: ACTION_CLEAR_SELECTION - null, AccessibilityAction: ACTION_ACCESSIBILITY_FOCUS - null, AccessibilityAction: ACTION_SHOW_ON_SCREEN - null]; isTextSelectable: false
06-23 15:50:41.352  9133  9133 I AccessibilityNodeInfoDumper: Skipping invisible child: android.view.accessibility.AccessibilityNodeInfo@19209; boundsInParent: Rect(0, 0 - 320, 0); boundsInScreen: Rect(0, 0 - 320, 0); boundsInWindow: Rect(0, 0 - 320, 0); packageName: com.hanapkalinga.mobile; className: android.widget.LinearLayout; text: null; error: null; maxTextLength: -1; stateDescription: null; contentDescription: null; tooltipText: null; containerTitle: null; viewIdResName: null; uniqueId: null; checkable: false; checked: false; focusable: false; focused: false; selected: false; clickable: false; longClickable: false; contextClickable: false; enabled: true; password: false; scrollable: false; importantForAccessibility: false; visible: false; actions: [AccessibilityAction: ACTION_SELECT - null, AccessibilityAction: ACTION_CLEAR_SELECTION - null, AccessibilityAction: ACTION_ACCESSIBILITY_FOCUS - null, AccessibilityAction: ACTION_SHOW_ON_SCREEN - null]; isTextSelectable: false
06-23 15:50:41.352  9133  9133 I AccessibilityNodeInfoDumper: Skipping invisible child: android.view.accessibility.AccessibilityNodeInfo@18e48; boundsInParent: Rect(0, 0 - 320, 0); boundsInScreen: Rect(0, 0 - 320, 0); boundsInWindow: Rect(0, 0 - 320, 0); packageName: com.hanapkalinga.mobile; className: android.view.ViewGroup; text: null; error: null; maxTextLength: -1; stateDescription: null; contentDescription: null; tooltipText: null; containerTitle: null; viewIdResName: null; uniqueId: null; checkable: false; checked: false; focusable: false; focused: false; selected: false; clickable: false; longClickable: false; contextClickable: false; enabled: true; password: false; scrollable: false; importantForAccessibility: false; visible: false; actions: [AccessibilityAction: ACTION_SELECT - null, AccessibilityAction: ACTION_CLEAR_SELECTION - null, AccessibilityAction: ACTION_ACCESSIBILITY_FOCUS - null, AccessibilityAction: ACTION_SHOW_ON_SCREEN - null]; isTextSelectable: false
06-23 15:50:41.359  9133  9133 W AccessibilityNodeInfoDumper: Fetch time: 10ms
06-23 15:50:41.360   518   591 W WindowMagnificationMgr: requestConnection duplicated request: connect=false, mConnectionState=DISCONNECTED
06-23 15:50:41.360   518   591 D AccessibilityManagerService: restoreCurrentUserForTestAutomationIfNeededLocked(): ignoring because device doesn't support visible background users
06-23 15:50:41.360  1638  1692 I AiAiEcho: Settings changed for uri: content://settings/secure/accessibility_enabled
06-23 15:50:41.361  1638  2037 I AiAiEcho: Predicting[0]: 
06-23 15:50:41.361  1638  2037 I AiAiEcho: EchoTargets: 
06-23 15:50:41.361  1638  2037 I AiAiEcho: Filtered by AiAi flag check: 
06-23 15:50:41.361  1638  2037 I AiAiEcho: Ranked targets strategy: SORT, count: 0, ranking metadata: 
06-23 15:50:41.361  1638  2037 I AiAiEcho: Predicting[0]: 
06-23 15:50:41.361  1638  2037 I AiAiEcho: EchoTargets: 
06-23 15:50:41.361  1638  2037 I AiAiEcho: Filtered by AiAi flag check: 
06-23 15:50:41.361  1638  2037 I AiAiEcho: Ranked targets strategy: SORT, count: 0, ranking metadata: 
06-23 15:50:41.362  1638  2037 I AiAiEcho: #postPredictionTargets: Sending updates to UISurface lockscreen with targets# 0 (types=[])
06-23 15:50:41.363  1736  2173 I A       : NGA enabled in interactor.
06-23 15:50:41.363  1736  2173 I A       : Nga state changed to NgaStateDetails{state=ENABLED, isSpecialExperience=false}
06-23 15:50:41.363  1638  2037 I AiAiEcho: #postPredictionTargets: Sending updates to UISurface home with targets# 0 (types=[])
06-23 15:50:41.364   836   836 W PageIndicator: Total number of pages invalid: 0. Assuming 1 page.
06-23 15:50:41.364  1691  1730 I A       : Initializing all components
06-23 15:50:41.364  1691  1730 I A       : APA or Classic session decision: SessionDecision(sessionVariance=CLASSIC, platformVariance=CLASSIC, justification=CURRENT_PLATFORM_VARIANCE).
06-23 15:50:41.364  1691  1730 I A       : [Memory] eligibility: StashEligibility{6}
06-23 15:50:41.368  1691  2155 I A       : State changed: IDLE => IDLE by NGA_STATE_CHANGED and N/A with Optional.empty
06-23 15:50:41.368  1691  2155 I A       : Recognizer choice: (recognizer_type: 1, recognizer_mode: 1, choice_reason: 4)
06-23 15:50:41.368  1691  2155 I A       : onActiveStateChangeEvent: IDLE => IDLE
06-23 15:50:41.369   518   518 D BatterySaverPolicy: accessibility changed to false, updating policy.
06-23 15:50:41.369  1691  2155 I A       : #onActiveStateChangeEvent, newState: IDLE, previousState: IDLE.
06-23 15:50:41.369  1691  2118 I A       : onIsEnabledChanged, isEnabled: false
06-23 15:50:41.369  1691  2118 W A       : Disposing empty manager. Did you forgot to subscribe observables?
06-23 15:50:41.369  1691  2118 W A       : Disposing empty manager. Did you forgot to subscribe observables?
06-23 15:50:41.369  1691  2118 W A       : Disposing empty manager. Did you forgot to subscribe observables?
06-23 15:50:41.369  1691  2118 W A       : Disposing empty manager. Did you forgot to subscribe observables?
06-23 15:50:41.369  1691  2118 W A       : Disposing empty manager. Did you forgot to subscribe observables?
06-23 15:50:41.369  1691  2118 W A       : Disposing empty manager. Did you forgot to subscribe observables?
06-23 15:50:41.369  1691  2118 W A       : Disposing empty manager. Did you forgot to subscribe observables?
06-23 15:50:41.369  1691  2118 W A       : Disposing empty manager. Did you forgot to subscribe observables?
06-23 15:50:41.369  1691  2118 W A       : Disposing empty manager. Did you forgot to subscribe observables?
06-23 15:50:41.370  1691  2118 W A       : Disposing empty manager. Did you forgot to subscribe observables?
06-23 15:50:41.370  1691  2118 I A       : onOpaVisibilityChanged: false
06-23 15:50:41.370  1691  2118 W A       : Disposing empty manager. Did you forgot to subscribe observables?
06-23 15:50:41.370  1691  2118 W A       : Disposing empty manager. Did you forgot to subscribe observables?
06-23 15:50:41.370  1691  2118 W A       : Disposing empty manager. Did you forgot to subscribe observables?
06-23 15:50:41.370  1691  2118 W A       : Disposing empty manager. Did you forgot to subscribe observables?
06-23 15:50:41.370  1691  2118 W A       : Disposing empty manager. Did you forgot to subscribe observables?
06-23 15:50:41.370  1691  2118 W A       : Disposing empty manager. Did you forgot to subscribe observables?
06-23 15:50:41.370  1691  2118 I A       : Setting session to type: NO_SESSION
06-23 15:50:41.370  1691  2118 W A       : Disposing empty manager. Did you forgot to subscribe observables?
06-23 15:50:41.370  1691  2118 W A       : Disposing empty manager. Did you forgot to subscribe observables?
06-23 15:50:41.370  1691  2118 W A       : Disposing empty manager. Did you forgot to subscribe observables?
06-23 15:50:41.371  1691  2118 W A       : Disposing empty manager. Did you forgot to subscribe observables?
06-23 15:50:41.371  1691  2118 W A       : Disposing empty manager. Did you forgot to subscribe observables?
06-23 15:50:41.371  1691  2118 W A       : Disposing empty manager. Did you forgot to subscribe observables?
06-23 15:50:41.371  1691  2118 W A       : Disposing empty manager. Did you forgot to subscribe observables?
06-23 15:50:41.371  1691  2118 W A       : Disposing empty manager. Did you forgot to subscribe observables?
06-23 15:50:41.371  1691  2118 I A       : setNavBarVisible: GestureNavBarVisible{navbarVisible=true}
06-23 15:50:41.371  1691  2118 W A       : Disposing empty manager. Did you forgot to subscribe observables?
06-23 15:50:41.371  1691  2118 W A       : Disposing empty manager. Did you forgot to subscribe observables?
06-23 15:50:41.372  1691  2118 W A       : Disposing empty manager. Did you forgot to subscribe observables?
06-23 15:50:41.372  1691  2118 W A       : Disposing empty manager. Did you forgot to subscribe observables?
06-23 15:50:41.372  1691  2118 W A       : Disposing empty manager. Did you forgot to subscribe observables?
06-23 15:50:41.372  1691  2118 W A       : Disposing empty manager. Did you forgot to subscribe observables?
06-23 15:50:41.372  1691  2118 I A       : onDisabled. Registered: false
06-23 15:50:41.372  1691  2118 I A       : on opa visibility changed false
06-23 15:50:41.377  9133  9133 D AndroidRuntime: Shutting down VM
06-23 15:50:41.381  1691  2155 I A       : Initialize
06-23 15:50:41.381  1691  2118 I A       : stopListening(NGA_PAUSED_UNKNOWN_REASON, NGA_CREATE), idleOverride=NOT_LISTENING
06-23 15:50:41.384  1691  2118 I A       : on opa visibility changed false
06-23 15:50:41.388  1691  2118 I NgaEntryPointEventSendr: setupConnection
06-23 15:50:41.394  1736  1736 I A       : Creating pss binder().
06-23 15:50:41.395  1691  2118 I NgaEntryPointEventSendr: State changed: Disconnected => Connecting
06-23 15:50:41.396  1691  2118 I NgaEntryPointEventSendr: onServiceConnected
06-23 15:50:41.396  1736  1784 I A       : Calling beginBinderSession().
06-23 15:50:41.396  1691  2155 I A       : Successfully initialized all components
06-23 15:50:41.397  1736  1784 I A       : beginBinderSession(): calling binder
06-23 15:50:41.397  1691  2118 I NgaEntryPointEventSendr: State changed: Connecting => Ready
06-23 15:50:41.399   518  2803 W ActivityManager: Unable to start service Intent { cmp=com.google.android.apps.tachyon/.clientapi.ClientApiService } U=0: not found
06-23 15:50:41.405  1691  2155 I NgaEntryPointEventSendr: State changed: Ready => Disconnected (onOpaDisconnected)
06-23 15:50:41.406  1736  2942 I PBSessionCacheImpl: Deleted sessionId[7636790972654049] from persistence.
06-23 15:50:41.406  1736  2298 W A       : UiCallbackStub-onGenericEvent[ServiceEvent = 60] task was not run. Callback from Service received after client was disposed.
06-23 15:50:41.411  1736  2298 W SearchServiceCore: Abort, client detached.
