06-25 03:39:16.776  6090  6438 W PhenotypeConfigurationU: 	at java.util.concurrent.ThreadPoolExecutor.runWorker(ThreadPoolExecutor.java:1145)
06-25 03:39:16.776  6090  6438 W PhenotypeConfigurationU: 	at java.util.concurrent.ThreadPoolExecutor$Worker.run(ThreadPoolExecutor.java:644)
06-25 03:39:16.776  6090  6438 W PhenotypeConfigurationU: 	at java.lang.Thread.run(Thread.java:1012)
06-25 03:39:16.778  5382  5425 D Maestro : View hierarchy received in 57 ms
06-25 03:39:16.786  6090  6548 I PTCommittedOperation: Receive new configuration for com.google.android.gms
06-25 03:39:16.786  6090  6548 I PTCommittedOperation: Running Fixer Framework for com.google.android.gms
06-25 03:39:16.798   518   615 D ActivityManager: freezing 2410 com.google.android.tts
06-25 03:39:16.839  5382  5425 D Maestro : Requesting view hierarchy
06-25 03:39:16.841  5382  5425 W QueryController: Could not detect idle state.
06-25 03:39:16.841  5382  5425 W QueryController: Could not detect idle state.
06-25 03:39:16.849  5382  5425 I Maestro : Skipping invisible child: android.view.accessibility.AccessibilityNodeInfo@102f8; boundsInParent: Rect(0, 0 - 320, 0); boundsInScreen: Rect(0, 0 - 320, 0); boundsInWindow: Rect(0, 0 - 320, 0); packageName: com.hanapkalinga.mobile; className: android.widget.LinearLayout; text: null; error: null; maxTextLength: -1; stateDescription: null; contentDescription: null; tooltipText: null; containerTitle: null; viewIdResName: null; uniqueId: null; checkable: false; checked: false; focusable: false; focused: false; selected: false; clickable: false; longClickable: false; contextClickable: false; enabled: true; password: false; scrollable: false; importantForAccessibility: false; visible: false; actions: [AccessibilityAction: ACTION_SELECT - null, AccessibilityAction: ACTION_CLEAR_SELECTION - null, AccessibilityAction: ACTION_ACCESSIBILITY_FOCUS - null, AccessibilityAction: ACTION_SHOW_ON_SCREEN - null]; isTextSelectable: false
06-25 03:39:16.850  5382  5425 I Maestro : Skipping invisible child: android.view.accessibility.AccessibilityNodeInfo@ff37; boundsInParent: Rect(0, 0 - 320, 0); boundsInScreen: Rect(0, 0 - 320, 0); boundsInWindow: Rect(0, 0 - 320, 0); packageName: com.hanapkalinga.mobile; className: android.view.ViewGroup; text: null; error: null; maxTextLength: -1; stateDescription: null; contentDescription: null; tooltipText: null; containerTitle: null; viewIdResName: null; uniqueId: null; checkable: false; checked: false; focusable: false; focused: false; selected: false; clickable: false; longClickable: false; contextClickable: false; enabled: true; password: false; scrollable: false; importantForAccessibility: false; visible: false; actions: [AccessibilityAction: ACTION_SELECT - null, AccessibilityAction: ACTION_CLEAR_SELECTION - null, AccessibilityAction: ACTION_ACCESSIBILITY_FOCUS - null, AccessibilityAction: ACTION_SHOW_ON_SCREEN - null]; isTextSelectable: false
06-25 03:39:16.850  5382  5425 I Maestro : Skipping invisible child: android.view.accessibility.AccessibilityNodeInfo@17ed9; boundsInParent: Rect(0, 0 - 320, 0); boundsInScreen: Rect(0, 0 - 320, 0); boundsInWindow: Rect(0, 0 - 320, 0); packageName: com.hanapkalinga.mobile; className: android.widget.LinearLayout; text: null; error: null; maxTextLength: -1; stateDescription: null; contentDescription: null; tooltipText: null; containerTitle: null; viewIdResName: null; uniqueId: null; checkable: false; checked: false; focusable: false; focused: false; selected: false; clickable: false; longClickable: false; contextClickable: false; enabled: true; password: false; scrollable: false; importantForAccessibility: false; visible: false; actions: [AccessibilityAction: ACTION_SELECT - null, AccessibilityAction: ACTION_CLEAR_SELECTION - null, AccessibilityAction: ACTION_ACCESSIBILITY_FOCUS - null, AccessibilityAction: ACTION_SHOW_ON_SCREEN - null]; isTextSelectable: false
06-25 03:39:16.851  5382  5425 I Maestro : Skipping invisible child: android.view.accessibility.AccessibilityNodeInfo@17b18; boundsInParent: Rect(0, 0 - 320, 0); boundsInScreen: Rect(0, 0 - 320, 0); boundsInWindow: Rect(0, 0 - 320, 0); packageName: com.hanapkalinga.mobile; className: android.view.ViewGroup; text: null; error: null; maxTextLength: -1; stateDescription: null; contentDescription: null; tooltipText: null; containerTitle: null; viewIdResName: null; uniqueId: null; checkable: false; checked: false; focusable: false; focused: false; selected: false; clickable: false; longClickable: false; contextClickable: false; enabled: true; password: false; scrollable: false; importantForAccessibility: false; visible: false; actions: [AccessibilityAction: ACTION_SELECT - null, AccessibilityAction: ACTION_CLEAR_SELECTION - null, AccessibilityAction: ACTION_ACCESSIBILITY_FOCUS - null, AccessibilityAction: ACTION_SHOW_ON_SCREEN - null]; isTextSelectable: false
06-25 03:39:16.866  5382  5425 D Maestro : View hierarchy received in 27 ms
06-25 03:39:16.870   518   615 D ActivityManager: freezing 1764 com.google.android.apps.youtube.music
06-25 03:39:16.886  5382  5425 D Maestro : Requesting view hierarchy
06-25 03:39:16.887  5382  5425 W QueryController: Could not detect idle state.
06-25 03:39:16.887  5382  5425 W QueryController: Could not detect idle state.
06-25 03:39:16.896  5382  5425 I Maestro : Skipping invisible child: android.view.accessibility.AccessibilityNodeInfo@102f8; boundsInParent: Rect(0, 0 - 320, 0); boundsInScreen: Rect(0, 0 - 320, 0); boundsInWindow: Rect(0, 0 - 320, 0); packageName: com.hanapkalinga.mobile; className: android.widget.LinearLayout; text: null; error: null; maxTextLength: -1; stateDescription: null; contentDescription: null; tooltipText: null; containerTitle: null; viewIdResName: null; uniqueId: null; checkable: false; checked: false; focusable: false; focused: false; selected: false; clickable: false; longClickable: false; contextClickable: false; enabled: true; password: false; scrollable: false; importantForAccessibility: false; visible: false; actions: [AccessibilityAction: ACTION_SELECT - null, AccessibilityAction: ACTION_CLEAR_SELECTION - null, AccessibilityAction: ACTION_ACCESSIBILITY_FOCUS - null, AccessibilityAction: ACTION_SHOW_ON_SCREEN - null]; isTextSelectable: false
06-25 03:39:16.896  5382  5425 I Maestro : Skipping invisible child: android.view.accessibility.AccessibilityNodeInfo@ff37; boundsInParent: Rect(0, 0 - 320, 0); boundsInScreen: Rect(0, 0 - 320, 0); boundsInWindow: Rect(0, 0 - 320, 0); packageName: com.hanapkalinga.mobile; className: android.view.ViewGroup; text: null; error: null; maxTextLength: -1; stateDescription: null; contentDescription: null; tooltipText: null; containerTitle: null; viewIdResName: null; uniqueId: null; checkable: false; checked: false; focusable: false; focused: false; selected: false; clickable: false; longClickable: false; contextClickable: false; enabled: true; password: false; scrollable: false; importantForAccessibility: false; visible: false; actions: [AccessibilityAction: ACTION_SELECT - null, AccessibilityAction: ACTION_CLEAR_SELECTION - null, AccessibilityAction: ACTION_ACCESSIBILITY_FOCUS - null, AccessibilityAction: ACTION_SHOW_ON_SCREEN - null]; isTextSelectable: false
06-25 03:39:16.896  5382  5425 I Maestro : Skipping invisible child: android.view.accessibility.AccessibilityNodeInfo@17ed9; boundsInParent: Rect(0, 0 - 320, 0); boundsInScreen: Rect(0, 0 - 320, 0); boundsInWindow: Rect(0, 0 - 320, 0); packageName: com.hanapkalinga.mobile; className: android.widget.LinearLayout; text: null; error: null; maxTextLength: -1; stateDescription: null; contentDescription: null; tooltipText: null; containerTitle: null; viewIdResName: null; uniqueId: null; checkable: false; checked: false; focusable: false; focused: false; selected: false; clickable: false; longClickable: false; contextClickable: false; enabled: true; password: false; scrollable: false; importantForAccessibility: false; visible: false; actions: [AccessibilityAction: ACTION_SELECT - null, AccessibilityAction: ACTION_CLEAR_SELECTION - null, AccessibilityAction: ACTION_ACCESSIBILITY_FOCUS - null, AccessibilityAction: ACTION_SHOW_ON_SCREEN - null]; isTextSelectable: false
06-25 03:39:16.897  5382  5425 I Maestro : Skipping invisible child: android.view.accessibility.AccessibilityNodeInfo@17b18; boundsInParent: Rect(0, 0 - 320, 0); boundsInScreen: Rect(0, 0 - 320, 0); boundsInWindow: Rect(0, 0 - 320, 0); packageName: com.hanapkalinga.mobile; className: android.view.ViewGroup; text: null; error: null; maxTextLength: -1; stateDescription: null; contentDescription: null; tooltipText: null; containerTitle: null; viewIdResName: null; uniqueId: null; checkable: false; checked: false; focusable: false; focused: false; selected: false; clickable: false; longClickable: false; contextClickable: false; enabled: true; password: false; scrollable: false; importantForAccessibility: false; visible: false; actions: [AccessibilityAction: ACTION_SELECT - null, AccessibilityAction: ACTION_CLEAR_SELECTION - null, AccessibilityAction: ACTION_ACCESSIBILITY_FOCUS - null, AccessibilityAction: ACTION_SHOW_ON_SCREEN - null]; isTextSelectable: false
06-25 03:39:16.925  5382  5425 D Maestro : View hierarchy received in 39 ms
06-25 03:39:16.986  5382  5425 D Maestro : Requesting view hierarchy
06-25 03:39:16.987  5382  5425 W QueryController: Could not detect idle state.
06-25 03:39:16.987  5382  5425 W QueryController: Could not detect idle state.
06-25 03:39:16.996  5382  5425 I Maestro : Skipping invisible child: android.view.accessibility.AccessibilityNodeInfo@102f8; boundsInParent: Rect(0, 0 - 320, 0); boundsInScreen: Rect(0, 0 - 320, 0); boundsInWindow: Rect(0, 0 - 320, 0); packageName: com.hanapkalinga.mobile; className: android.widget.LinearLayout; text: null; error: null; maxTextLength: -1; stateDescription: null; contentDescription: null; tooltipText: null; containerTitle: null; viewIdResName: null; uniqueId: null; checkable: false; checked: false; focusable: false; focused: false; selected: false; clickable: false; longClickable: false; contextClickable: false; enabled: true; password: false; scrollable: false; importantForAccessibility: false; visible: false; actions: [AccessibilityAction: ACTION_SELECT - null, AccessibilityAction: ACTION_CLEAR_SELECTION - null, AccessibilityAction: ACTION_ACCESSIBILITY_FOCUS - null, AccessibilityAction: ACTION_SHOW_ON_SCREEN - null]; isTextSelectable: false
06-25 03:39:16.996  5382  5425 I Maestro : Skipping invisible child: android.view.accessibility.AccessibilityNodeInfo@ff37; boundsInParent: Rect(0, 0 - 320, 0); boundsInScreen: Rect(0, 0 - 320, 0); boundsInWindow: Rect(0, 0 - 320, 0); packageName: com.hanapkalinga.mobile; className: android.view.ViewGroup; text: null; error: null; maxTextLength: -1; stateDescription: null; contentDescription: null; tooltipText: null; containerTitle: null; viewIdResName: null; uniqueId: null; checkable: false; checked: false; focusable: false; focused: false; selected: false; clickable: false; longClickable: false; contextClickable: false; enabled: true; password: false; scrollable: false; importantForAccessibility: false; visible: false; actions: [AccessibilityAction: ACTION_SELECT - null, AccessibilityAction: ACTION_CLEAR_SELECTION - null, AccessibilityAction: ACTION_ACCESSIBILITY_FOCUS - null, AccessibilityAction: ACTION_SHOW_ON_SCREEN - null]; isTextSelectable: false
06-25 03:39:16.996  5382  5425 I Maestro : Skipping invisible child: android.view.accessibility.AccessibilityNodeInfo@17ed9; boundsInParent: Rect(0, 0 - 320, 0); boundsInScreen: Rect(0, 0 - 320, 0); boundsInWindow: Rect(0, 0 - 320, 0); packageName: com.hanapkalinga.mobile; className: android.widget.LinearLayout; text: null; error: null; maxTextLength: -1; stateDescription: null; contentDescription: null; tooltipText: null; containerTitle: null; viewIdResName: null; uniqueId: null; checkable: false; checked: false; focusable: false; focused: false; selected: false; clickable: false; longClickable: false; contextClickable: false; enabled: true; password: false; scrollable: false; importantForAccessibility: false; visible: false; actions: [AccessibilityAction: ACTION_SELECT - null, AccessibilityAction: ACTION_CLEAR_SELECTION - null, AccessibilityAction: ACTION_ACCESSIBILITY_FOCUS - null, AccessibilityAction: ACTION_SHOW_ON_SCREEN - null]; isTextSelectable: false
06-25 03:39:16.997  5382  5425 I Maestro : Skipping invisible child: android.view.accessibility.AccessibilityNodeInfo@17b18; boundsInParent: Rect(0, 0 - 320, 0); boundsInScreen: Rect(0, 0 - 320, 0); boundsInWindow: Rect(0, 0 - 320, 0); packageName: com.hanapkalinga.mobile; className: android.view.ViewGroup; text: null; error: null; maxTextLength: -1; stateDescription: null; contentDescription: null; tooltipText: null; containerTitle: null; viewIdResName: null; uniqueId: null; checkable: false; checked: false; focusable: false; focused: false; selected: false; clickable: false; longClickable: false; contextClickable: false; enabled: true; password: false; scrollable: false; importantForAccessibility: false; visible: false; actions: [AccessibilityAction: ACTION_SELECT - null, AccessibilityAction: ACTION_CLEAR_SELECTION - null, AccessibilityAction: ACTION_ACCESSIBILITY_FOCUS - null, AccessibilityAction: ACTION_SHOW_ON_SCREEN - null]; isTextSelectable: false
06-25 03:39:17.013  5382  5425 D Maestro : View hierarchy received in 27 ms
06-25 03:39:17.111  5382  5425 D Maestro : Requesting view hierarchy
06-25 03:39:17.112  5382  5425 W QueryController: Could not detect idle state.
06-25 03:39:17.113  5382  5425 W QueryController: Could not detect idle state.
06-25 03:39:17.123  5382  5425 I Maestro : Skipping invisible child: android.view.accessibility.AccessibilityNodeInfo@102f8; boundsInParent: Rect(0, 0 - 320, 0); boundsInScreen: Rect(0, 0 - 320, 0); boundsInWindow: Rect(0, 0 - 320, 0); packageName: com.hanapkalinga.mobile; className: android.widget.LinearLayout; text: null; error: null; maxTextLength: -1; stateDescription: null; contentDescription: null; tooltipText: null; containerTitle: null; viewIdResName: null; uniqueId: null; checkable: false; checked: false; focusable: false; focused: false; selected: false; clickable: false; longClickable: false; contextClickable: false; enabled: true; password: false; scrollable: false; importantForAccessibility: false; visible: false; actions: [AccessibilityAction: ACTION_SELECT - null, AccessibilityAction: ACTION_CLEAR_SELECTION - null, AccessibilityAction: ACTION_ACCESSIBILITY_FOCUS - null, AccessibilityAction: ACTION_SHOW_ON_SCREEN - null]; isTextSelectable: false
06-25 03:39:17.123  5382  5425 I Maestro : Skipping invisible child: android.view.accessibility.AccessibilityNodeInfo@ff37; boundsInParent: Rect(0, 0 - 320, 0); boundsInScreen: Rect(0, 0 - 320, 0); boundsInWindow: Rect(0, 0 - 320, 0); packageName: com.hanapkalinga.mobile; className: android.view.ViewGroup; text: null; error: null; maxTextLength: -1; stateDescription: null; contentDescription: null; tooltipText: null; containerTitle: null; viewIdResName: null; uniqueId: null; checkable: false; checked: false; focusable: false; focused: false; selected: false; clickable: false; longClickable: false; contextClickable: false; enabled: true; password: false; scrollable: false; importantForAccessibility: false; visible: false; actions: [AccessibilityAction: ACTION_SELECT - null, AccessibilityAction: ACTION_CLEAR_SELECTION - null, AccessibilityAction: ACTION_ACCESSIBILITY_FOCUS - null, AccessibilityAction: ACTION_SHOW_ON_SCREEN - null]; isTextSelectable: false
06-25 03:39:17.124  5382  5425 I Maestro : Skipping invisible child: android.view.accessibility.AccessibilityNodeInfo@17ed9; boundsInParent: Rect(0, 0 - 320, 0); boundsInScreen: Rect(0, 0 - 320, 0); boundsInWindow: Rect(0, 0 - 320, 0); packageName: com.hanapkalinga.mobile; className: android.widget.LinearLayout; text: null; error: null; maxTextLength: -1; stateDescription: null; contentDescription: null; tooltipText: null; containerTitle: null; viewIdResName: null; uniqueId: null; checkable: false; checked: false; focusable: false; focused: false; selected: false; clickable: false; longClickable: false; contextClickable: false; enabled: true; password: false; scrollable: false; importantForAccessibility: false; visible: false; actions: [AccessibilityAction: ACTION_SELECT - null, AccessibilityAction: ACTION_CLEAR_SELECTION - null, AccessibilityAction: ACTION_ACCESSIBILITY_FOCUS - null, AccessibilityAction: ACTION_SHOW_ON_SCREEN - null]; isTextSelectable: false
06-25 03:39:17.124  5382  5425 I Maestro : Skipping invisible child: android.view.accessibility.AccessibilityNodeInfo@17b18; boundsInParent: Rect(0, 0 - 320, 0); boundsInScreen: Rect(0, 0 - 320, 0); boundsInWindow: Rect(0, 0 - 320, 0); packageName: com.hanapkalinga.mobile; className: android.view.ViewGroup; text: null; error: null; maxTextLength: -1; stateDescription: null; contentDescription: null; tooltipText: null; containerTitle: null; viewIdResName: null; uniqueId: null; checkable: false; checked: false; focusable: false; focused: false; selected: false; clickable: false; longClickable: false; contextClickable: false; enabled: true; password: false; scrollable: false; importantForAccessibility: false; visible: false; actions: [AccessibilityAction: ACTION_SELECT - null, AccessibilityAction: ACTION_CLEAR_SELECTION - null, AccessibilityAction: ACTION_ACCESSIBILITY_FOCUS - null, AccessibilityAction: ACTION_SHOW_ON_SCREEN - null]; isTextSelectable: false
06-25 03:39:17.143  5382  5425 D Maestro : View hierarchy received in 32 ms
06-25 03:39:17.172  1767  2371 W A       : Batch timed out; batchId=1 taskId=-1000006
06-25 03:39:17.174   518   603 W JobScheduler: Job didn't exist in JobStore: 814a5e5 #u0a132/-1000006 com.google.android.googlequicksearchbox/com.google.android.apps.gsa.tasks.BackgroundTasksJobService
06-25 03:39:17.207  1767  5964 D t       : Starting download: https://www.gstatic.com/federated_assistant/policy_config_federated_hotword-v610555528.binarypb
06-25 03:39:17.207  1767  5964 V t       : Is http uri, downloading (uri: https://www.gstatic.com/federated_assistant/policy_config_federated_hotword-v610555528.binarypb)
06-25 03:39:17.209  1767  5963 D t       : Starting download: https://www.gstatic.com/assistant/appintegration/models/1/662c5aa4617258c027708e2bb9323ead.binarypb
06-25 03:39:17.209  1767  5963 V t       : Is http uri, downloading (uri: https://www.gstatic.com/assistant/appintegration/models/1/662c5aa4617258c027708e2bb9323ead.binarypb)
06-25 03:39:17.211  1767  2373 I A       : NGA Sync: MDD Task: MDD.CHARGING.PERIODIC.TASK done.
06-25 03:39:17.212  1767  2373 I A       : NGA Sync: isNgaSyncEnabled: false; enableFileGroupPopulator: false; requiresMddAssets: false
06-25 03:39:17.212  1767  2367 I A       : Refresh account policy.
06-25 03:39:17.214  1767  2558 W SearchServiceCore: Abort, client detached.
06-25 03:39:17.214  1767  2558 W SearchServiceCore: Abort, client detached.
06-25 03:39:17.232  1767  5963 E MDD     : DownloadProgressMonitor: Can't find file group for uri: android://com.google.android.googlequicksearchbox/files/datadownload/shared/public/datadownloadfile_1782358673102
06-25 03:39:17.234  1767  5964 E MDD     : DownloadProgressMonitor: Can't find file group for uri: android://com.google.android.googlequicksearchbox/files/datadownload/shared/public/datadownloadfile_1782358673104
06-25 03:39:17.251  5382  5425 D Maestro : Requesting view hierarchy
06-25 03:39:17.252  5382  5425 W QueryController: Could not detect idle state.
06-25 03:39:17.252  5382  5425 W QueryController: Could not detect idle state.
06-25 03:39:17.260  1767  5955 D t       : Starting download: https://www.gstatic.com/assistant/appintegration/models/1/05a8f7c516a3ad6c26cc4161a3dd6ac6.binarypb
06-25 03:39:17.260  1767  5955 V t       : Is http uri, downloading (uri: https://www.gstatic.com/assistant/appintegration/models/1/05a8f7c516a3ad6c26cc4161a3dd6ac6.binarypb)
06-25 03:39:17.264  1767  5964 D t       : Starting download: https://dl.google.com/assistant/nga/1/4bce3720332aff95260f75ee29bbe97bd379e868.mddz
06-25 03:39:17.264  1767  5964 V t       : Is http uri, downloading (uri: https://dl.google.com/assistant/nga/1/4bce3720332aff95260f75ee29bbe97bd379e868.mddz)
06-25 03:39:17.273  1767  5651 E SingleDataFileGroupPop: Failed to add file group 
06-25 03:39:17.273   518   615 D ActivityManager: freezing 5017 com.google.android.googlequicksearchbox
06-25 03:39:17.275  5382  5425 I Maestro : Skipping invisible child: android.view.accessibility.AccessibilityNodeInfo@102f8; boundsInParent: Rect(0, 0 - 320, 0); boundsInScreen: Rect(0, 0 - 320, 0); boundsInWindow: Rect(0, 0 - 320, 0); packageName: com.hanapkalinga.mobile; className: android.widget.LinearLayout; text: null; error: null; maxTextLength: -1; stateDescription: null; contentDescription: null; tooltipText: null; containerTitle: null; viewIdResName: null; uniqueId: null; checkable: false; checked: false; focusable: false; focused: false; selected: false; clickable: false; longClickable: false; contextClickable: false; enabled: true; password: false; scrollable: false; importantForAccessibility: false; visible: false; actions: [AccessibilityAction: ACTION_SELECT - null, AccessibilityAction: ACTION_CLEAR_SELECTION - null, AccessibilityAction: ACTION_ACCESSIBILITY_FOCUS - null, AccessibilityAction: ACTION_SHOW_ON_SCREEN - null]; isTextSelectable: false
06-25 03:39:17.277  1767  5955 E MDD     : DownloadProgressMonitor: Can't find file group for uri: android://com.google.android.googlequicksearchbox/files/datadownload/shared/public/datadownloadfile_1782358673103
06-25 03:39:17.282  5382  5425 I Maestro : Skipping invisible child: android.view.accessibility.AccessibilityNodeInfo@ff37; boundsInParent: Rect(0, 0 - 320, 0); boundsInScreen: Rect(0, 0 - 320, 0); boundsInWindow: Rect(0, 0 - 320, 0); packageName: com.hanapkalinga.mobile; className: android.view.ViewGroup; text: null; error: null; maxTextLength: -1; stateDescription: null; contentDescription: null; tooltipText: null; containerTitle: null; viewIdResName: null; uniqueId: null; checkable: false; checked: false; focusable: false; focused: false; selected: false; clickable: false; longClickable: false; contextClickable: false; enabled: true; password: false; scrollable: false; importantForAccessibility: false; visible: false; actions: [AccessibilityAction: ACTION_SELECT - null, AccessibilityAction: ACTION_CLEAR_SELECTION - null, AccessibilityAction: ACTION_ACCESSIBILITY_FOCUS - null, AccessibilityAction: ACTION_SHOW_ON_SCREEN - null]; isTextSelectable: false
06-25 03:39:17.285  5382  5425 I Maestro : Skipping invisible child: android.view.accessibility.AccessibilityNodeInfo@17ed9; boundsInParent: Rect(0, 0 - 320, 0); boundsInScreen: Rect(0, 0 - 320, 0); boundsInWindow: Rect(0, 0 - 320, 0); packageName: com.hanapkalinga.mobile; className: android.widget.LinearLayout; text: null; error: null; maxTextLength: -1; stateDescription: null; contentDescription: null; tooltipText: null; containerTitle: null; viewIdResName: null; uniqueId: null; checkable: false; checked: false; focusable: false; focused: false; selected: false; clickable: false; longClickable: false; contextClickable: false; enabled: true; password: false; scrollable: false; importantForAccessibility: false; visible: false; actions: [AccessibilityAction: ACTION_SELECT - null, AccessibilityAction: ACTION_CLEAR_SELECTION - null, AccessibilityAction: ACTION_ACCESSIBILITY_FOCUS - null, AccessibilityAction: ACTION_SHOW_ON_SCREEN - null]; isTextSelectable: false
06-25 03:39:17.290  1767  5963 D t       : Starting download: https://dl.google.com/assistant/nga/1/17d453d07f334b7d810f8e6e05dbd6001dc45eea.mddz
06-25 03:39:17.290  1767  5963 V t       : Is http uri, downloading (uri: https://dl.google.com/assistant/nga/1/17d453d07f334b7d810f8e6e05dbd6001dc45eea.mddz)
06-25 03:39:17.292  1767  5651 E PhFileGroupPop: Failed to add file group 
06-25 03:39:17.292  1767  5651 E PhFileGroupPop: Failed to add file group 
06-25 03:39:17.292  1767  5651 E PhFileGroupPop: Failed to add file group 
06-25 03:39:17.292  1767  5651 E PhFileGroupPop: Failed to add file group 
06-25 03:39:17.292  1767  5651 E PhFileGroupPop: Failed to add file group 
06-25 03:39:17.293  1767  5651 E d       : RuntimeException while executing runnable cb{com.google.apps.tiktok.tracing.ej@54a58a5} with executor MoreExecutors.directExecutor()
06-25 03:39:17.293  1767  5651 E d       : java.lang.NullPointerException: Attempt to read from field 'java.lang.String com.google.android.libraries.mdi.download.ae.b' on a null object reference in method 'void com.google.android.libraries.mdi.download.h.bq.gH(java.lang.Object)'
06-25 03:39:17.293  1767  5651 E d       : 	at com.google.android.libraries.mdi.download.h.bq.gH(PG:2)
06-25 03:39:17.293  1767  5651 E d       : 	at com.google.apps.tiktok.tracing.ej.gH(PG:2)
06-25 03:39:17.293  1767  5651 E d       : 	at com.google.common.util.concurrent.cb.run(PG:7)
06-25 03:39:17.293  1767  5651 E d       : 	at com.google.common.util.concurrent.bf.execute(PG:1)
06-25 03:39:17.293  1767  5651 E d       : 	at com.google.common.util.concurrent.d.i(PG:1)
06-25 03:39:17.293  1767  5651 E d       : 	at com.google.common.util.concurrent.d.iq(PG:5)
06-25 03:39:17.293  1767  5651 E d       : 	at com.google.common.util.concurrent.ci.t(PG:1)
06-25 03:39:17.293  1767  5651 E d       : 	at com.google.android.libraries.mdi.download.h.bu.b(PG:26)
06-25 03:39:17.293  1767  5651 E d       : 	at com.google.android.libraries.mdi.download.gs.p(PG:3)
06-25 03:39:17.293  1767  5651 E d       : 	at com.google.android.libraries.mdi.download.gf.apply(Unknown Source:4)
06-25 03:39:17.293  1767  5651 E d       : 	at com.google.apps.tiktok.tracing.eo.apply(PG:2)
06-25 03:39:17.293  1767  5651 E d       : 	at com.google.common.util.concurrent.h.e(PG:2)
06-25 03:39:17.293  1767  5651 E d       : 	at com.google.common.util.concurrent.j.run(PG:9)
06-25 03:39:17.293  1767  5651 E d       : 	at com.google.common.util.concurrent.do.run(PG:4)
06-25 03:39:17.293  1767  5651 E d       : 	at com.google.android.libraries.i.ae.run(PG:1)
06-25 03:39:17.293  1767  5651 E d       : 	at java.util.concurrent.ThreadPoolExecutor.runWorker(ThreadPoolExecutor.java:1145)
06-25 03:39:17.293  1767  5651 E d       : 	at java.util.concurrent.ThreadPoolExecutor$Worker.run(ThreadPoolExecutor.java:644)
06-25 03:39:17.293  1767  5651 E d       : 	at com.google.android.libraries.i.i.run(PG:2)
06-25 03:39:17.293  1767  5651 E d       : 	at com.google.android.libraries.i.p.run(PG:4)
06-25 03:39:17.293  1767  5651 E d       : 	at java.lang.Thread.run(Thread.java:1012)
06-25 03:39:17.293  1767  5651 E PhFileGroupPop: Failed to add file group 
06-25 03:39:17.293  1767  5651 E PhFileGroupPop: Failed to add file group 
06-25 03:39:17.293  1767  5651 E PhFileGroupPop: Failed to add file group 
06-25 03:39:17.293  1767  5651 I A       : Download file group for language pack: en-US
06-25 03:39:17.293  1767  5651 W A       : Locale en-US is not compatible, please check manifest exists
06-25 03:39:17.293  1767  5651 I A       : Using proto config with mendel
06-25 03:39:17.294  1767  5651 I A       : Using proto config with mendel
06-25 03:39:17.294  1767  5651 I A       : Using proto config with mendel
06-25 03:39:17.294  1767  5651 I A       : Merging legacy hotword config map with new proto.
06-25 03:39:17.294  1767  5651 I A       : Adding from config to map. Locale: cmn-Hant-TW modelPrefix: x_google Location:4e7cae00daee30ec565c34e3aa67a51f isSpeakerIdSupported: true
06-25 03:39:17.294  1767  5651 I A       : Adding from config to map. Locale: id-ID modelPrefix: x_google Location:cfffcc1a4c1c084c003c8eb27f73d770 isSpeakerIdSupported: true
06-25 03:39:17.294  1767  5651 I A       : Adding from config to map. Locale: ko-KR modelPrefix: x_google Location:0b132163a2eb2c1194b202067475724b isSpeakerIdSupported: true
06-25 03:39:17.294  1767  5651 I A       : Skipping. Expected model: 2 Found: 1
06-25 03:39:17.294  1767  5651 I A       : Adding from config to map. Locale: zh-TW modelPrefix: x_google Location:4e7cae00daee30ec565c34e3aa67a51f isSpeakerIdSupported: true
06-25 03:39:17.294  1767  5651 I HotwordModelPopulator: #updateHotwordFileGroup group name: hotword_model_en-US_okhey, raw locale: en-US, locale: en-US
06-25 03:39:17.294  1767  5651 I A       : Using proto config with mendel
06-25 03:39:17.295  1767  5651 I A       : Using proto config with mendel
06-25 03:39:17.295  1767  5651 I A       : Merging legacy hotword config map with new proto.
06-25 03:39:17.295  1767  5651 I A       : Adding from config to map. Locale: cmn-Hant-TW modelPrefix: x_google Location:4e7cae00daee30ec565c34e3aa67a51f isSpeakerIdSupported: true
06-25 03:39:17.295  1767  5651 I A       : Adding from config to map. Locale: id-ID modelPrefix: x_google Location:cfffcc1a4c1c084c003c8eb27f73d770 isSpeakerIdSupported: true
06-25 03:39:17.295  1767  5651 I A       : Adding from config to map. Locale: ko-KR modelPrefix: x_google Location:0b132163a2eb2c1194b202067475724b isSpeakerIdSupported: true
06-25 03:39:17.295  1767  5651 I A       : Skipping. Expected model: 2 Found: 1
06-25 03:39:17.295  1767  5651 I A       : Adding from config to map. Locale: zh-TW modelPrefix: x_google Location:4e7cae00daee30ec565c34e3aa67a51f isSpeakerIdSupported: true
06-25 03:39:17.295  1767  5651 I HotwordModelPopulator: #updateHotwordFileGroup group name: hotword_model_en-US_okhey, raw locale: en-US, locale: en-US
06-25 03:39:17.295  1767  5966 I A       : Starting new batch; batchId=2 corpus=1008
06-25 03:39:17.296  1767  5962 I A       : Joining existing batch; batchId=2 corpus=1014
06-25 03:39:17.296  1767  5955 I A       : Joining existing batch; batchId=2 corpus=1004
06-25 03:39:17.296  1767  5651 I A       : Using proto config with mendel
06-25 03:39:17.296  1767  5651 I A       : Merging legacy hotword config map with new proto.
06-25 03:39:17.296  1767  5651 I A       : Adding from config to map. Locale: cmn-Hant-TW modelPrefix: x_google Location:4e7cae00daee30ec565c34e3aa67a51f isSpeakerIdSupported: true
06-25 03:39:17.296  1767  5651 I A       : Adding from config to map. Locale: id-ID modelPrefix: x_google Location:cfffcc1a4c1c084c003c8eb27f73d770 isSpeakerIdSupported: true
06-25 03:39:17.296  1767  5651 I A       : Adding from config to map. Locale: ko-KR modelPrefix: x_google Location:0b132163a2eb2c1194b202067475724b isSpeakerIdSupported: true
06-25 03:39:17.296  1767  5651 I A       : Skipping. Expected model: 2 Found: 1
06-25 03:39:17.296  1767  5651 I A       : Adding from config to map. Locale: zh-TW modelPrefix: x_google Location:4e7cae00daee30ec565c34e3aa67a51f isSpeakerIdSupported: true
06-25 03:39:17.296  1767  5651 I HotwordModelPopulator: #updateHotwordFileGroup group name: hotword_model_en-US_okhey, raw locale: en-US, locale: en-US
06-25 03:39:17.297  1767  5959 I A       : Joining existing batch; batchId=2 corpus=1015
06-25 03:39:17.297  5382  5425 I Maestro : Skipping invisible child: android.view.accessibility.AccessibilityNodeInfo@17b18; boundsInParent: Rect(0, 0 - 320, 0); boundsInScreen: Rect(0, 0 - 320, 0); boundsInWindow: Rect(0, 0 - 320, 0); packageName: com.hanapkalinga.mobile; className: android.view.ViewGroup; text: null; error: null; maxTextLength: -1; stateDescription: null; contentDescription: null; tooltipText: null; containerTitle: null; viewIdResName: null; uniqueId: null; checkable: false; checked: false; focusable: false; focused: false; selected: false; clickable: false; longClickable: false; contextClickable: false; enabled: true; password: false; scrollable: false; importantForAccessibility: false; visible: false; actions: [AccessibilityAction: ACTION_SELECT - null, AccessibilityAction: ACTION_CLEAR_SELECTION - null, AccessibilityAction: ACTION_ACCESSIBILITY_FOCUS - null, AccessibilityAction: ACTION_SHOW_ON_SCREEN - null]; isTextSelectable: false
06-25 03:39:17.302  6155  6198 I GmsModuleFndr: Beginning GMS chimera module scan
06-25 03:39:17.311  1767  5651 D PhFileGroupPop: Added file groups assistant_appintegration_appactions_config
06-25 03:39:17.313  6155  6198 I ModuleSetMgr: Computing pending module set with APKs: [[AdsFdrDynamite.integ:231004600100000], [Cronetdynamite:231818190800], [Dynamiteloader:231818190000], [Dynamitemodulesa:231818190000], [Dynamitemodulesc:231818190000], [Googlecertificates:231818190000], [Mapsdynamite:231818190000], [Measurementdynamite:231818190000]]
06-25 03:39:17.319  1767  5651 D PhFileGroupPop: Added file groups fedass_policy_config_group
06-25 03:39:17.320  1767  5651 D PhFileGroupPop: Added file groups tapas_cortex
06-25 03:39:17.326  1767  2365 I MicroModelsUtil: #getHotwordModelFromMobstore [mobstoreUri: android://com.google.android.googlequicksearchbox/files/datadownload/shared/public/datadownloadfile_1782358673101]
06-25 03:39:17.327  1767  2342 I MicroModelsUtil: #getHotwordModelFromMobstore [mobstoreUri: android://com.google.android.googlequicksearchbox/files/datadownload/shared/public/datadownloadfile_1782358673101]
06-25 03:39:17.328  1767  2365 I HotwordModelPopulator: Updated file group for locale 'hotword_model_en-US_okhey' from location: https://www.gstatic.com/android-search/hotword/x_google/975058821313279e27b2c3f04de0beef/hotword.data. Download already finished.
06-25 03:39:17.328  1767  2365 I MicroModelsUtil: #getHotwordModelFromMobstore [mobstoreUri: android://com.google.android.googlequicksearchbox/files/datadownload/shared/public/datadownloadfile_1782358673101]
06-25 03:39:17.328  1767  2365 I HotwordModelPopulator: Updated file group for locale 'hotword_model_en-US_okhey' from location: https://www.gstatic.com/android-search/hotword/x_google/975058821313279e27b2c3f04de0beef/hotword.data. Download already finished.
06-25 03:39:17.330  1767  2342 I HotwordModelPopulator: Updated file group for locale 'hotword_model_en-US_okhey' from location: https://www.gstatic.com/android-search/hotword/x_google/975058821313279e27b2c3f04de0beef/hotword.data. Download already finished.
06-25 03:39:17.350  6155  6198 I ModuleSetMgr: Pending container module APKs: []
06-25 03:39:17.350  6155  6198 I ModuleSetMgr: Pending non-container module APKs: []
06-25 03:39:17.361  5382  5425 D Maestro : View hierarchy received in 110 ms
06-25 03:39:17.366  6155  6198 W PackageParser: Unknown element under <manifest>: queries at /data/user_de/0/com.google.android.gms/app_chimera/m/00000000/AdsDynamite.apk Binary XML file line #15
06-25 03:39:17.374  6155  6198 W PackageParser: Unknown element under <manifest>: queries at /data/user_de/0/com.google.android.gms/app_chimera/m/00000004/DynamiteModulesC.apk Binary XML file line #15
06-25 03:39:17.419  5600  5630 D EGL_emulation: app_time_stats: avg=499.74ms min=497.33ms max=501.60ms count=3
06-25 03:39:17.429  5382  5425 D Maestro : Requesting view hierarchy
06-25 03:39:17.430  5382  5425 W QueryController: Could not detect idle state.
06-25 03:39:17.430  5382  5425 W QueryController: Could not detect idle state.
06-25 03:39:17.440  5382  5425 I Maestro : Skipping invisible child: android.view.accessibility.AccessibilityNodeInfo@102f8; boundsInParent: Rect(0, 0 - 320, 0); boundsInScreen: Rect(0, 0 - 320, 0); boundsInWindow: Rect(0, 0 - 320, 0); packageName: com.hanapkalinga.mobile; className: android.widget.LinearLayout; text: null; error: null; maxTextLength: -1; stateDescription: null; contentDescription: null; tooltipText: null; containerTitle: null; viewIdResName: null; uniqueId: null; checkable: false; checked: false; focusable: false; focused: false; selected: false; clickable: false; longClickable: false; contextClickable: false; enabled: true; password: false; scrollable: false; importantForAccessibility: false; visible: false; actions: [AccessibilityAction: ACTION_SELECT - null, AccessibilityAction: ACTION_CLEAR_SELECTION - null, AccessibilityAction: ACTION_ACCESSIBILITY_FOCUS - null, AccessibilityAction: ACTION_SHOW_ON_SCREEN - null]; isTextSelectable: false
06-25 03:39:17.441  5382  5425 I Maestro : Skipping invisible child: android.view.accessibility.AccessibilityNodeInfo@ff37; boundsInParent: Rect(0, 0 - 320, 0); boundsInScreen: Rect(0, 0 - 320, 0); boundsInWindow: Rect(0, 0 - 320, 0); packageName: com.hanapkalinga.mobile; className: android.view.ViewGroup; text: null; error: null; maxTextLength: -1; stateDescription: null; contentDescription: null; tooltipText: null; containerTitle: null; viewIdResName: null; uniqueId: null; checkable: false; checked: false; focusable: false; focused: false; selected: false; clickable: false; longClickable: false; contextClickable: false; enabled: true; password: false; scrollable: false; importantForAccessibility: false; visible: false; actions: [AccessibilityAction: ACTION_SELECT - null, AccessibilityAction: ACTION_CLEAR_SELECTION - null, AccessibilityAction: ACTION_ACCESSIBILITY_FOCUS - null, AccessibilityAction: ACTION_SHOW_ON_SCREEN - null]; isTextSelectable: false
06-25 03:39:17.441  5382  5425 I Maestro : Skipping invisible child: android.view.accessibility.AccessibilityNodeInfo@17ed9; boundsInParent: Rect(0, 0 - 320, 0); boundsInScreen: Rect(0, 0 - 320, 0); boundsInWindow: Rect(0, 0 - 320, 0); packageName: com.hanapkalinga.mobile; className: android.widget.LinearLayout; text: null; error: null; maxTextLength: -1; stateDescription: null; contentDescription: null; tooltipText: null; containerTitle: null; viewIdResName: null; uniqueId: null; checkable: false; checked: false; focusable: false; focused: false; selected: false; clickable: false; longClickable: false; contextClickable: false; enabled: true; password: false; scrollable: false; importantForAccessibility: false; visible: false; actions: [AccessibilityAction: ACTION_SELECT - null, AccessibilityAction: ACTION_CLEAR_SELECTION - null, AccessibilityAction: ACTION_ACCESSIBILITY_FOCUS - null, AccessibilityAction: ACTION_SHOW_ON_SCREEN - null]; isTextSelectable: false
06-25 03:39:17.441  5382  5425 I Maestro : Skipping invisible child: android.view.accessibility.AccessibilityNodeInfo@17b18; boundsInParent: Rect(0, 0 - 320, 0); boundsInScreen: Rect(0, 0 - 320, 0); boundsInWindow: Rect(0, 0 - 320, 0); packageName: com.hanapkalinga.mobile; className: android.view.ViewGroup; text: null; error: null; maxTextLength: -1; stateDescription: null; contentDescription: null; tooltipText: null; containerTitle: null; viewIdResName: null; uniqueId: null; checkable: false; checked: false; focusable: false; focused: false; selected: false; clickable: false; longClickable: false; contextClickable: false; enabled: true; password: false; scrollable: false; importantForAccessibility: false; visible: false; actions: [AccessibilityAction: ACTION_SELECT - null, AccessibilityAction: ACTION_CLEAR_SELECTION - null, AccessibilityAction: ACTION_ACCESSIBILITY_FOCUS - null, AccessibilityAction: ACTION_SHOW_ON_SCREEN - null]; isTextSelectable: false
06-25 03:39:17.447  1767  5963 E MDD     : DownloadProgressMonitor: Can't find file group for uri: android://com.google.android.googlequicksearchbox/files/datadownload/shared/public/datadownloadfile_1782358673106_a64a3f98d26fa7e7180cd6d29bf44fced216fc32
06-25 03:39:17.458  1767  5959 D t       : Starting download: https://dl.google.com/assistant/nga/1/c11ffd9ddd4f0c6433a5cb07a437812b735fa547.mddz
06-25 03:39:17.458  1767  5959 V t       : Is http uri, downloading (uri: https://dl.google.com/assistant/nga/1/c11ffd9ddd4f0c6433a5cb07a437812b735fa547.mddz)
06-25 03:39:17.471  5382  5425 D Maestro : View hierarchy received in 42 ms
06-25 03:39:17.530  5382  5425 D Maestro : Requesting view hierarchy
06-25 03:39:17.530  5382  5425 W QueryController: Could not detect idle state.
06-25 03:39:17.531  5382  5425 W QueryController: Could not detect idle state.
06-25 03:39:17.536  5382  5425 I Maestro : Skipping invisible child: android.view.accessibility.AccessibilityNodeInfo@102f8; boundsInParent: Rect(0, 0 - 320, 0); boundsInScreen: Rect(0, 0 - 320, 0); boundsInWindow: Rect(0, 0 - 320, 0); packageName: com.hanapkalinga.mobile; className: android.widget.LinearLayout; text: null; error: null; maxTextLength: -1; stateDescription: null; contentDescription: null; tooltipText: null; containerTitle: null; viewIdResName: null; uniqueId: null; checkable: false; checked: false; focusable: false; focused: false; selected: false; clickable: false; longClickable: false; contextClickable: false; enabled: true; password: false; scrollable: false; importantForAccessibility: false; visible: false; actions: [AccessibilityAction: ACTION_SELECT - null, AccessibilityAction: ACTION_CLEAR_SELECTION - null, AccessibilityAction: ACTION_ACCESSIBILITY_FOCUS - null, AccessibilityAction: ACTION_SHOW_ON_SCREEN - null]; isTextSelectable: false
06-25 03:39:17.537  5382  5425 I Maestro : Skipping invisible child: android.view.accessibility.AccessibilityNodeInfo@ff37; boundsInParent: Rect(0, 0 - 320, 0); boundsInScreen: Rect(0, 0 - 320, 0); boundsInWindow: Rect(0, 0 - 320, 0); packageName: com.hanapkalinga.mobile; className: android.view.ViewGroup; text: null; error: null; maxTextLength: -1; stateDescription: null; contentDescription: null; tooltipText: null; containerTitle: null; viewIdResName: null; uniqueId: null; checkable: false; checked: false; focusable: false; focused: false; selected: false; clickable: false; longClickable: false; contextClickable: false; enabled: true; password: false; scrollable: false; importantForAccessibility: false; visible: false; actions: [AccessibilityAction: ACTION_SELECT - null, AccessibilityAction: ACTION_CLEAR_SELECTION - null, AccessibilityAction: ACTION_ACCESSIBILITY_FOCUS - null, AccessibilityAction: ACTION_SHOW_ON_SCREEN - null]; isTextSelectable: false
06-25 03:39:17.537  5382  5425 I Maestro : Skipping invisible child: android.view.accessibility.AccessibilityNodeInfo@17ed9; boundsInParent: Rect(0, 0 - 320, 0); boundsInScreen: Rect(0, 0 - 320, 0); boundsInWindow: Rect(0, 0 - 320, 0); packageName: com.hanapkalinga.mobile; className: android.widget.LinearLayout; text: null; error: null; maxTextLength: -1; stateDescription: null; contentDescription: null; tooltipText: null; containerTitle: null; viewIdResName: null; uniqueId: null; checkable: false; checked: false; focusable: false; focused: false; selected: false; clickable: false; longClickable: false; contextClickable: false; enabled: true; password: false; scrollable: false; importantForAccessibility: false; visible: false; actions: [AccessibilityAction: ACTION_SELECT - null, AccessibilityAction: ACTION_CLEAR_SELECTION - null, AccessibilityAction: ACTION_ACCESSIBILITY_FOCUS - null, AccessibilityAction: ACTION_SHOW_ON_SCREEN - null]; isTextSelectable: false
06-25 03:39:17.538  5382  5425 I Maestro : Skipping invisible child: android.view.accessibility.AccessibilityNodeInfo@17b18; boundsInParent: Rect(0, 0 - 320, 0); boundsInScreen: Rect(0, 0 - 320, 0); boundsInWindow: Rect(0, 0 - 320, 0); packageName: com.hanapkalinga.mobile; className: android.view.ViewGroup; text: null; error: null; maxTextLength: -1; stateDescription: null; contentDescription: null; tooltipText: null; containerTitle: null; viewIdResName: null; uniqueId: null; checkable: false; checked: false; focusable: false; focused: false; selected: false; clickable: false; longClickable: false; contextClickable: false; enabled: true; password: false; scrollable: false; importantForAccessibility: false; visible: false; actions: [AccessibilityAction: ACTION_SELECT - null, AccessibilityAction: ACTION_CLEAR_SELECTION - null, AccessibilityAction: ACTION_ACCESSIBILITY_FOCUS - null, AccessibilityAction: ACTION_SHOW_ON_SCREEN - null]; isTextSelectable: false
06-25 03:39:17.558  5382  5425 D Maestro : View hierarchy received in 29 ms
06-25 03:39:17.575  1767  5964 E MDD     : DownloadProgressMonitor: Can't find file group for uri: android://com.google.android.googlequicksearchbox/files/datadownload/shared/public/datadownloadfile_1782358673105_1d48ae4b292cd15bc945ae5ddedb9565d268f7e2
06-25 03:39:17.595  1767  5959 E MDD     : DownloadProgressMonitor: Can't find file group for uri: android://com.google.android.googlequicksearchbox/files/datadownload/shared/public/datadownloadfile_1782358673107_5e9da2701f510020f2592c1e5b468922569445d7
06-25 03:39:17.640  5382  5425 D Maestro : Requesting view hierarchy
06-25 03:39:17.642  5382  5425 W QueryController: Could not detect idle state.
06-25 03:39:17.642  5382  5425 W QueryController: Could not detect idle state.
06-25 03:39:17.649  1767  5963 D t       : Starting download: https://dl.google.com/assistant/nga/1/1658155c551c182a9c9cbdff0bc6cd4293920bc3.mddz
06-25 03:39:17.649  1767  5963 V t       : Is http uri, downloading (uri: https://dl.google.com/assistant/nga/1/1658155c551c182a9c9cbdff0bc6cd4293920bc3.mddz)
06-25 03:39:17.662  5382  5425 I Maestro : Skipping invisible child: android.view.accessibility.AccessibilityNodeInfo@102f8; boundsInParent: Rect(0, 0 - 320, 0); boundsInScreen: Rect(0, 0 - 320, 0); boundsInWindow: Rect(0, 0 - 320, 0); packageName: com.hanapkalinga.mobile; className: android.widget.LinearLayout; text: null; error: null; maxTextLength: -1; stateDescription: null; contentDescription: null; tooltipText: null; containerTitle: null; viewIdResName: null; uniqueId: null; checkable: false; checked: false; focusable: false; focused: false; selected: false; clickable: false; longClickable: false; contextClickable: false; enabled: true; password: false; scrollable: false; importantForAccessibility: false; visible: false; actions: [AccessibilityAction: ACTION_SELECT - null, AccessibilityAction: ACTION_CLEAR_SELECTION - null, AccessibilityAction: ACTION_ACCESSIBILITY_FOCUS - null, AccessibilityAction: ACTION_SHOW_ON_SCREEN - null]; isTextSelectable: false
06-25 03:39:17.662  5382  5425 I Maestro : Skipping invisible child: android.view.accessibility.AccessibilityNodeInfo@ff37; boundsInParent: Rect(0, 0 - 320, 0); boundsInScreen: Rect(0, 0 - 320, 0); boundsInWindow: Rect(0, 0 - 320, 0); packageName: com.hanapkalinga.mobile; className: android.view.ViewGroup; text: null; error: null; maxTextLength: -1; stateDescription: null; contentDescription: null; tooltipText: null; containerTitle: null; viewIdResName: null; uniqueId: null; checkable: false; checked: false; focusable: false; focused: false; selected: false; clickable: false; longClickable: false; contextClickable: false; enabled: true; password: false; scrollable: false; importantForAccessibility: false; visible: false; actions: [AccessibilityAction: ACTION_SELECT - null, AccessibilityAction: ACTION_CLEAR_SELECTION - null, AccessibilityAction: ACTION_ACCESSIBILITY_FOCUS - null, AccessibilityAction: ACTION_SHOW_ON_SCREEN - null]; isTextSelectable: false
06-25 03:39:17.663  5382  5425 I Maestro : Skipping invisible child: android.view.accessibility.AccessibilityNodeInfo@17ed9; boundsInParent: Rect(0, 0 - 320, 0); boundsInScreen: Rect(0, 0 - 320, 0); boundsInWindow: Rect(0, 0 - 320, 0); packageName: com.hanapkalinga.mobile; className: android.widget.LinearLayout; text: null; error: null; maxTextLength: -1; stateDescription: null; contentDescription: null; tooltipText: null; containerTitle: null; viewIdResName: null; uniqueId: null; checkable: false; checked: false; focusable: false; focused: false; selected: false; clickable: false; longClickable: false; contextClickable: false; enabled: true; password: false; scrollable: false; importantForAccessibility: false; visible: false; actions: [AccessibilityAction: ACTION_SELECT - null, AccessibilityAction: ACTION_CLEAR_SELECTION - null, AccessibilityAction: ACTION_ACCESSIBILITY_FOCUS - null, AccessibilityAction: ACTION_SHOW_ON_SCREEN - null]; isTextSelectable: false
06-25 03:39:17.663  5382  5425 I Maestro : Skipping invisible child: android.view.accessibility.AccessibilityNodeInfo@17b18; boundsInParent: Rect(0, 0 - 320, 0); boundsInScreen: Rect(0, 0 - 320, 0); boundsInWindow: Rect(0, 0 - 320, 0); packageName: com.hanapkalinga.mobile; className: android.view.ViewGroup; text: null; error: null; maxTextLength: -1; stateDescription: null; contentDescription: null; tooltipText: null; containerTitle: null; viewIdResName: null; uniqueId: null; checkable: false; checked: false; focusable: false; focused: false; selected: false; clickable: false; longClickable: false; contextClickable: false; enabled: true; password: false; scrollable: false; importantForAccessibility: false; visible: false; actions: [AccessibilityAction: ACTION_SELECT - null, AccessibilityAction: ACTION_CLEAR_SELECTION - null, AccessibilityAction: ACTION_ACCESSIBILITY_FOCUS - null, AccessibilityAction: ACTION_SHOW_ON_SCREEN - null]; isTextSelectable: false
06-25 03:39:17.692  1767  5963 E MDD     : DownloadProgressMonitor: Can't find file group for uri: android://com.google.android.googlequicksearchbox/files/datadownload/shared/public/datadownloadfile_1782358673108_b56351a773b9354cf1ebcacf86f309b6489173ac
06-25 03:39:17.704  5382  5425 D Maestro : View hierarchy received in 64 ms
06-25 03:39:17.766  1505  1505 V ContactsProvider: Scheduled notifyChange started.
06-25 03:39:17.767  4140  4140 D BluetoothPbapService:  onChange on contact uri 
06-25 03:39:17.773  4140  6622 D BluetoothPbapUtils: primaryVersionCounter = 0, secondaryVersionCounter=0
06-25 03:39:17.781  5382  5425 D Maestro : Requesting view hierarchy
06-25 03:39:17.782  5382  5425 W QueryController: Could not detect idle state.
06-25 03:39:17.784  5382  5425 W QueryController: Could not detect idle state.
06-25 03:39:17.786  1767  1767 I BgTaskExecutorImpl: Starting EXCLUSIVE background task UPLOAD_ASSISTANT_DEVICE_SETTINGS.
06-25 03:39:17.790  1767  5963 I NetworkRecognitionRnr: Using pair HTTP connection
06-25 03:39:17.791  1767  2944 I A       : [Upload] Connected
06-25 03:39:17.792  1767  2945 W LocationOracle: getBestLocation(): no location is available
