06-25 03:39:17.794  1767  2342 W CronetNetworkRqstWrppr: Upload request without a content type.
06-25 03:39:17.801  1767  2362 W LocationOracle: No location returned by GMS core getLastLocation()
06-25 03:39:17.802  1767  1767 E A       : onError
06-25 03:39:17.802  1767  1767 E A       : com.google.android.apps.gsa.shared.speech.a.m: errorCode: 65561, engine: 2
06-25 03:39:17.802  1767  1767 E A       : 	at com.google.android.apps.gsa.staticplugins.dc.a.e.a(PG:3)
06-25 03:39:17.802  1767  1767 E A       : 	at com.google.android.apps.gsa.s3.n.hh(PG:1)
06-25 03:39:17.802  1767  1767 E A       : 	at com.google.cd.g.a.f.e(PG:2)
06-25 03:39:17.802  1767  1767 E A       : 	at com.google.android.apps.gsa.speech.k.a.g.d(PG:22)
06-25 03:39:17.802  1767  1767 E A       : 	at com.google.android.apps.gsa.speech.k.a.g.ks(PG:6)
06-25 03:39:17.802  1767  1767 E A       : 	at com.google.android.apps.gsa.s3.o.e(PG:14)
06-25 03:39:17.802  1767  1767 E A       : 	at com.google.android.apps.gsa.s3.p.run(PG:1)
06-25 03:39:17.802  1767  1767 E A       : 	at java.util.concurrent.Executors$RunnableAdapter.call(Executors.java:487)
06-25 03:39:17.802  1767  1767 E A       : 	at java.util.concurrent.FutureTask.run(FutureTask.java:264)
06-25 03:39:17.802  1767  1767 E A       : 	at com.google.android.apps.gsa.shared.util.c.a.e.run(PG:2)
06-25 03:39:17.802  1767  1767 E A       : 	at com.google.android.apps.gsa.shared.util.c.a.bi.run(PG:1)
06-25 03:39:17.802  1767  1767 E A       : 	at com.google.android.apps.gsa.shared.util.c.a.bi.run(PG:1)
06-25 03:39:17.802  1767  1767 E A       : 	at java.util.concurrent.ThreadPoolExecutor.runWorker(ThreadPoolExecutor.java:1145)
06-25 03:39:17.802  1767  1767 E A       : 	at java.util.concurrent.ThreadPoolExecutor$Worker.run(ThreadPoolExecutor.java:644)
06-25 03:39:17.802  1767  1767 E A       : 	at java.lang.Thread.run(Thread.java:1012)
06-25 03:39:17.802  1767  1767 E A       : 	at com.google.android.apps.gsa.shared.util.c.a.l.run(PG:5)
06-25 03:39:17.802  1767  1767 E A       : Caused by: com.google.android.apps.gsa.shared.speech.a.o: errorCode: 65586, engine: 2
06-25 03:39:17.802  1767  1767 E A       : 	... 15 more
06-25 03:39:17.802  1767  1767 E A       : Caused by: com.google.android.apps.gsa.shared.speech.a.k: errorCode: 401, engine: 2
06-25 03:39:17.802  1767  1767 E A       : 	at com.google.android.apps.gsa.assistant.shared.n.h.a(PG:5)
06-25 03:39:17.802  1767  1767 E A       : 	at com.google.android.apps.gsa.s3.producers.j.hE(PG:2)
06-25 03:39:17.802  1767  1767 E A       : 	at com.google.android.apps.gsa.speech.k.a.g.d(PG:16)
06-25 03:39:17.802  1767  1767 E A       : 	... 12 more
06-25 03:39:17.802  1767  2944 I NetworkRecognitionRnr: Using pair HTTP connection
06-25 03:39:17.803  1767  2587 I A       : [Upload] Connected
06-25 03:39:17.804  1767  2371 E cr_CronetUrlRequestContext: Exception in upload method
06-25 03:39:17.804  1767  2371 E cr_CronetUrlRequestContext: com.google.android.apps.gsa.shared.r.d: Error code: 262182
06-25 03:39:17.804  1767  2371 E cr_CronetUrlRequestContext: 	at com.google.android.apps.gsa.shared.ab.bk.d(PG:5)
06-25 03:39:17.804  1767  2371 E cr_CronetUrlRequestContext: 	at com.google.android.libraries.gsa.c.a.ar.d(PG:1)
06-25 03:39:17.804  1767  2371 E cr_CronetUrlRequestContext: 	at com.google.android.libraries.gsa.c.a.bo.b(PG:5)
06-25 03:39:17.804  1767  2371 E cr_CronetUrlRequestContext: 	at com.google.android.libraries.gsa.c.a.e.a(PG:2)
06-25 03:39:17.804  1767  2371 E cr_CronetUrlRequestContext: 	at com.google.android.libraries.gsa.c.a.a.run(PG:2)
06-25 03:39:17.804  1767  2371 E cr_CronetUrlRequestContext: 	at com.google.common.util.concurrent.bf.execute(PG:1)
06-25 03:39:17.804  1767  2371 E cr_CronetUrlRequestContext: 	at com.google.common.util.concurrent.d.i(PG:1)
06-25 03:39:17.804  1767  2371 E cr_CronetUrlRequestContext: 	at com.google.common.util.concurrent.d.l(PG:12)
06-25 03:39:17.804  1767  2371 E cr_CronetUrlRequestContext: 	at com.google.common.util.concurrent.d.cancel(PG:8)
06-25 03:39:17.804  1767  2371 E cr_CronetUrlRequestContext: 	at com.google.common.util.concurrent.d.m(PG:2)
06-25 03:39:17.804  1767  2371 E cr_CronetUrlRequestContext: 	at com.google.common.util.concurrent.j.a(PG:1)
06-25 03:39:17.804  1767  2371 E cr_CronetUrlRequestContext: 	at com.google.common.util.concurrent.d.l(PG:3)
06-25 03:39:17.804  1767  2371 E cr_CronetUrlRequestContext: 	at com.google.common.util.concurrent.d.cancel(PG:8)
06-25 03:39:17.804  1767  2371 E cr_CronetUrlRequestContext: 	at com.google.common.util.concurrent.d.m(PG:2)
06-25 03:39:17.804  1767  2371 E cr_CronetUrlRequestContext: 	at com.google.common.util.concurrent.j.a(PG:1)
06-25 03:39:17.804  1767  2371 E cr_CronetUrlRequestContext: 	at com.google.common.util.concurrent.d.l(PG:3)
06-25 03:39:17.804  1767  2371 E cr_CronetUrlRequestContext: 	at com.google.common.util.concurrent.d.cancel(PG:8)
06-25 03:39:17.804  1767  2371 E cr_CronetUrlRequestContext: 	at com.google.common.util.concurrent.d.m(PG:2)
06-25 03:39:17.804  1767  2371 E cr_CronetUrlRequestContext: 	at com.google.common.util.concurrent.j.a(PG:1)
06-25 03:39:17.804  1767  2371 E cr_CronetUrlRequestContext: 	at com.google.common.util.concurrent.d.l(PG:3)
06-25 03:39:17.804  1767  2371 E cr_CronetUrlRequestContext: 	at com.google.common.util.concurrent.d.cancel(PG:8)
06-25 03:39:17.804  1767  2371 E cr_CronetUrlRequestContext: 	at com.google.common.util.concurrent.d.m(PG:2)
06-25 03:39:17.804  1767  2371 E cr_CronetUrlRequestContext: 	at com.google.common.util.concurrent.j.a(PG:1)
06-25 03:39:17.804  1767  2371 E cr_CronetUrlRequestContext: 	at com.google.common.util.concurrent.d.l(PG:3)
06-25 03:39:17.804  1767  2371 E cr_CronetUrlRequestContext: 	at com.google.common.util.concurrent.d.cancel(PG:8)
06-25 03:39:17.804  1767  2371 E cr_CronetUrlRequestContext: 	at com.google.common.util.concurrent.d.m(PG:2)
06-25 03:39:17.804  1767  2371 E cr_CronetUrlRequestContext: 	at com.google.common.util.concurrent.c.a(PG:1)
06-25 03:39:17.804  1767  2371 E cr_CronetUrlRequestContext: 	at com.google.common.util.concurrent.d.l(PG:3)
06-25 03:39:17.804  1767  2371 E cr_CronetUrlRequestContext: 	at com.google.common.util.concurrent.d.cancel(PG:8)
06-25 03:39:17.804  1767  2371 E cr_CronetUrlRequestContext: 	at com.google.common.util.concurrent.bu.cancel(PG:1)
06-25 03:39:17.804  1767  2371 E cr_CronetUrlRequestContext: 	at com.google.common.util.concurrent.d.cancel(PG:17)
06-25 03:39:17.804  1767  2371 E cr_CronetUrlRequestContext: 	at com.google.android.apps.gsa.staticplugins.bk.b.h.run(PG:2)
06-25 03:39:17.804  1767  2371 E cr_CronetUrlRequestContext: 	at com.google.common.util.concurrent.bf.execute(PG:1)
06-25 03:39:17.804  1767  2371 E cr_CronetUrlRequestContext: 	at com.google.common.util.concurrent.d.i(PG:1)
06-25 03:39:17.804  1767  2371 E cr_CronetUrlRequestContext: 	at com.google.common.util.concurrent.d.l(PG:12)
06-25 03:39:17.804  1767  2371 E cr_CronetUrlRequestContext: 	at com.google.common.util.concurrent.d.cancel(PG:8)
06-25 03:39:17.804  1767  2371 E cr_CronetUrlRequestContext: 	at com.google.common.util.concurrent.d.m(PG:2)
06-25 03:39:17.804  1767  2371 E cr_CronetUrlRequestContext: 	at com.google.common.util.concurrent.j.a(PG:1)
06-25 03:39:17.804  1767  2371 E cr_CronetUrlRequestContext: 	at com.google.common.util.concurrent.d.l(PG:3)
06-25 03:39:17.804  1767  2371 E cr_CronetUrlRequestContext: 	at com.google.common.util.concurrent.d.cancel(PG:8)
06-25 03:39:17.804  1767  2371 E cr_CronetUrlRequestContext: 	at com.google.android.apps.gsa.shared.util.c.aj.a(PG:2)
06-25 03:39:17.804  1767  2371 E cr_CronetUrlRequestContext: 	at com.google.common.util.concurrent.d.l(PG:3)
06-25 03:39:17.804  1767  2371 E cr_CronetUrlRequestContext: 	at com.google.common.util.concurrent.d.cancel(PG:8)
06-25 03:39:17.804  1767  2371 E cr_CronetUrlRequestContext: 	at com.google.common.util.concurrent.d.m(PG:2)
06-25 03:39:17.804  1767  2371 E cr_CronetUrlRequestContext: 	at com.google.common.util.concurrent.c.a(PG:1)
06-25 03:39:17.804  1767  2371 E cr_CronetUrlRequestContext: 	at com.google.common.util.concurrent.d.l(PG:3)
06-25 03:39:17.804  1767  2371 E cr_CronetUrlRequestContext: 	at com.google.common.util.concurrent.d.cancel(PG:8)
06-25 03:39:17.804  1767  2371 E cr_CronetUrlRequestContext: 	at com.google.android.apps.gsa.s3.o.c(PG:2)
06-25 03:39:17.804  1767  2371 E cr_CronetUrlRequestContext: 	at com.google.android.apps.gsa.s3.r.a(PG:1)
06-25 03:39:17.804  1767  2371 E cr_CronetUrlRequestContext: 	at com.google.android.apps.gsa.staticplugins.dc.a.c.e(PG:2)
06-25 03:39:17.804  1767  2371 E cr_CronetUrlRequestContext: 	at com.google.android.apps.gsa.staticplugins.dc.a.c.c(PG:3)
06-25 03:39:17.804  1767  2371 E cr_CronetUrlRequestContext: 	at com.google.android.apps.gsa.staticplugins.dc.a.e.a(PG:5)
06-25 03:39:17.804  1767  2371 E cr_CronetUrlRequestContext: 	at com.google.android.apps.gsa.s3.n.hh(PG:1)
06-25 03:39:17.804  1767  2371 E cr_CronetUrlRequestContext: 	at com.google.cd.g.a.f.e(PG:2)
06-25 03:39:17.804  1767  2371 E cr_CronetUrlRequestContext: 	at com.google.android.apps.gsa.speech.k.a.g.d(PG:22)
06-25 03:39:17.804  1767  2371 E cr_CronetUrlRequestContext: 	at com.google.android.apps.gsa.speech.k.a.g.ks(PG:6)
06-25 03:39:17.804  1767  2371 E cr_CronetUrlRequestContext: 	at com.google.android.apps.gsa.s3.o.e(PG:14)
06-25 03:39:17.804  1767  2371 E cr_CronetUrlRequestContext: 	at com.google.android.apps.gsa.s3.p.run(PG:1)
06-25 03:39:17.804  1767  2371 E cr_CronetUrlRequestContext: 	at java.util.concurrent.Executors$RunnableAdapter.call(Executors.java:487)
06-25 03:39:17.804  1767  2371 E cr_CronetUrlRequestContext: 	at java.util.concurrent.FutureTask.run(FutureTask.java:264)
06-25 03:39:17.804  1767  2371 E cr_CronetUrlRequestContext: 	at com.google.android.apps.gsa.shared.util.c.a.e.run(PG:2)
06-25 03:39:17.804  1767  2371 E cr_CronetUrlRequestContext: 	at com.google.android.apps.gsa.shared.util.c.a.bi.run(PG:1)
06-25 03:39:17.804  1767  2371 E cr_CronetUrlRequestContext: 	at com.google.android.apps.gsa.shared.util.c.a.bi.run(PG:1)
06-25 03:39:17.804  1767  2371 E cr_CronetUrlRequestContext: 	at java.util.concurrent.ThreadPoolExecutor.runWorker(ThreadPoolExecutor.java:1145)
06-25 03:39:17.804  1767  2371 E cr_CronetUrlRequestContext: 	at java.util.concurrent.ThreadPoolExecutor$Worker.run(ThreadPoolExecutor.java:644)
06-25 03:39:17.804  1767  2371 E cr_CronetUrlRequestContext: 	at java.lang.Thread.run(Thread.java:1012)
06-25 03:39:17.804  1767  2371 E cr_CronetUrlRequestContext: 	at com.google.android.apps.gsa.shared.util.c.a.l.run(PG:5)
06-25 03:39:17.813  1767  1767 W A       : Failed to sync device settings.
06-25 03:39:17.813  1767  1767 I A       : Retrying to sync device settings.
06-25 03:39:17.817  5382  5425 I Maestro : Skipping invisible child: android.view.accessibility.AccessibilityNodeInfo@102f8; boundsInParent: Rect(0, 0 - 320, 0); boundsInScreen: Rect(0, 0 - 320, 0); boundsInWindow: Rect(0, 0 - 320, 0); packageName: com.hanapkalinga.mobile; className: android.widget.LinearLayout; text: null; error: null; maxTextLength: -1; stateDescription: null; contentDescription: null; tooltipText: null; containerTitle: null; viewIdResName: null; uniqueId: null; checkable: false; checked: false; focusable: false; focused: false; selected: false; clickable: false; longClickable: false; contextClickable: false; enabled: true; password: false; scrollable: false; importantForAccessibility: false; visible: false; actions: [AccessibilityAction: ACTION_SELECT - null, AccessibilityAction: ACTION_CLEAR_SELECTION - null, AccessibilityAction: ACTION_ACCESSIBILITY_FOCUS - null, AccessibilityAction: ACTION_SHOW_ON_SCREEN - null]; isTextSelectable: false
06-25 03:39:17.817  5382  5425 I Maestro : Skipping invisible child: android.view.accessibility.AccessibilityNodeInfo@ff37; boundsInParent: Rect(0, 0 - 320, 0); boundsInScreen: Rect(0, 0 - 320, 0); boundsInWindow: Rect(0, 0 - 320, 0); packageName: com.hanapkalinga.mobile; className: android.view.ViewGroup; text: null; error: null; maxTextLength: -1; stateDescription: null; contentDescription: null; tooltipText: null; containerTitle: null; viewIdResName: null; uniqueId: null; checkable: false; checked: false; focusable: false; focused: false; selected: false; clickable: false; longClickable: false; contextClickable: false; enabled: true; password: false; scrollable: false; importantForAccessibility: false; visible: false; actions: [AccessibilityAction: ACTION_SELECT - null, AccessibilityAction: ACTION_CLEAR_SELECTION - null, AccessibilityAction: ACTION_ACCESSIBILITY_FOCUS - null, AccessibilityAction: ACTION_SHOW_ON_SCREEN - null]; isTextSelectable: false
06-25 03:39:17.817  5382  5425 I Maestro : Skipping invisible child: android.view.accessibility.AccessibilityNodeInfo@17ed9; boundsInParent: Rect(0, 0 - 320, 0); boundsInScreen: Rect(0, 0 - 320, 0); boundsInWindow: Rect(0, 0 - 320, 0); packageName: com.hanapkalinga.mobile; className: android.widget.LinearLayout; text: null; error: null; maxTextLength: -1; stateDescription: null; contentDescription: null; tooltipText: null; containerTitle: null; viewIdResName: null; uniqueId: null; checkable: false; checked: false; focusable: false; focused: false; selected: false; clickable: false; longClickable: false; contextClickable: false; enabled: true; password: false; scrollable: false; importantForAccessibility: false; visible: false; actions: [AccessibilityAction: ACTION_SELECT - null, AccessibilityAction: ACTION_CLEAR_SELECTION - null, AccessibilityAction: ACTION_ACCESSIBILITY_FOCUS - null, AccessibilityAction: ACTION_SHOW_ON_SCREEN - null]; isTextSelectable: false
06-25 03:39:17.818  5382  5425 I Maestro : Skipping invisible child: android.view.accessibility.AccessibilityNodeInfo@17b18; boundsInParent: Rect(0, 0 - 320, 0); boundsInScreen: Rect(0, 0 - 320, 0); boundsInWindow: Rect(0, 0 - 320, 0); packageName: com.hanapkalinga.mobile; className: android.view.ViewGroup; text: null; error: null; maxTextLength: -1; stateDescription: null; contentDescription: null; tooltipText: null; containerTitle: null; viewIdResName: null; uniqueId: null; checkable: false; checked: false; focusable: false; focused: false; selected: false; clickable: false; longClickable: false; contextClickable: false; enabled: true; password: false; scrollable: false; importantForAccessibility: false; visible: false; actions: [AccessibilityAction: ACTION_SELECT - null, AccessibilityAction: ACTION_CLEAR_SELECTION - null, AccessibilityAction: ACTION_ACCESSIBILITY_FOCUS - null, AccessibilityAction: ACTION_SHOW_ON_SCREEN - null]; isTextSelectable: false
06-25 03:39:17.823   518  3045 W JobScheduler: Job didn't exist in JobStore: 36047bc #u0a132/-353 com.google.android.googlequicksearchbox/com.google.android.apps.gsa.tasks.BackgroundTasksJobService
06-25 03:39:17.824  1767  2558 W SearchServiceCore: Abort, client detached.
06-25 03:39:17.824  1767  2558 W SearchServiceCore: Abort, client detached.
06-25 03:39:17.843  1767  5651 E SingleDataFileGroupPop: Failed to add file group 
06-25 03:39:17.844  1767  5651 E PhFileGroupPop: Failed to add file group 
06-25 03:39:17.844  1767  5651 E PhFileGroupPop: Failed to add file group 
06-25 03:39:17.844  1767  5651 E PhFileGroupPop: Failed to add file group 
06-25 03:39:17.844  1767  5651 E PhFileGroupPop: Failed to add file group 
06-25 03:39:17.844  1767  5651 E PhFileGroupPop: Failed to add file group 
06-25 03:39:17.844  1767  5651 E d       : RuntimeException while executing runnable cb{com.google.apps.tiktok.tracing.ej@a161942} with executor MoreExecutors.directExecutor()
06-25 03:39:17.844  1767  5651 E d       : java.lang.NullPointerException: Attempt to read from field 'java.lang.String com.google.android.libraries.mdi.download.ae.b' on a null object reference in method 'void com.google.android.libraries.mdi.download.h.bq.gH(java.lang.Object)'
06-25 03:39:17.844  1767  5651 E d       : 	at com.google.android.libraries.mdi.download.h.bq.gH(PG:2)
06-25 03:39:17.844  1767  5651 E d       : 	at com.google.apps.tiktok.tracing.ej.gH(PG:2)
06-25 03:39:17.844  1767  5651 E d       : 	at com.google.common.util.concurrent.cb.run(PG:7)
06-25 03:39:17.844  1767  5651 E d       : 	at com.google.common.util.concurrent.bf.execute(PG:1)
06-25 03:39:17.844  1767  5651 E d       : 	at com.google.common.util.concurrent.d.i(PG:1)
06-25 03:39:17.844  1767  5651 E d       : 	at com.google.common.util.concurrent.d.iq(PG:5)
06-25 03:39:17.844  1767  5651 E d       : 	at com.google.common.util.concurrent.ci.t(PG:1)
06-25 03:39:17.844  1767  5651 E d       : 	at com.google.android.libraries.mdi.download.h.bu.b(PG:26)
06-25 03:39:17.844  1767  5651 E d       : 	at com.google.android.libraries.mdi.download.gs.p(PG:3)
06-25 03:39:17.844  1767  5651 E d       : 	at com.google.android.libraries.mdi.download.gf.apply(Unknown Source:4)
06-25 03:39:17.844  1767  5651 E d       : 	at com.google.apps.tiktok.tracing.eo.apply(PG:2)
06-25 03:39:17.844  1767  5651 E d       : 	at com.google.common.util.concurrent.h.e(PG:2)
06-25 03:39:17.844  1767  5651 E d       : 	at com.google.common.util.concurrent.j.run(PG:9)
06-25 03:39:17.844  1767  5651 E d       : 	at com.google.common.util.concurrent.do.run(PG:4)
06-25 03:39:17.844  1767  5651 E d       : 	at com.google.android.libraries.i.ae.run(PG:1)
06-25 03:39:17.844  1767  5651 E d       : 	at java.util.concurrent.ThreadPoolExecutor.runWorker(ThreadPoolExecutor.java:1145)
06-25 03:39:17.844  1767  5651 E d       : 	at java.util.concurrent.ThreadPoolExecutor$Worker.run(ThreadPoolExecutor.java:644)
06-25 03:39:17.844  1767  5651 E d       : 	at com.google.android.libraries.i.i.run(PG:2)
06-25 03:39:17.844  1767  5651 E d       : 	at com.google.android.libraries.i.p.run(PG:4)
06-25 03:39:17.844  1767  5651 E d       : 	at java.lang.Thread.run(Thread.java:1012)
06-25 03:39:17.844  1767  5651 E PhFileGroupPop: Failed to add file group 
06-25 03:39:17.844  1767  5651 E PhFileGroupPop: Failed to add file group 
06-25 03:39:17.844  1767  5651 E PhFileGroupPop: Failed to add file group 
06-25 03:39:17.845  1767  5651 I A       : Download file group for language pack: en-US
06-25 03:39:17.845  1767  5651 W A       : Locale en-US is not compatible, please check manifest exists
06-25 03:39:17.845  1767  5651 I A       : Using proto config with mendel
06-25 03:39:17.845  1767  5651 I A       : Using proto config with mendel
06-25 03:39:17.845  1767  5651 I A       : Using proto config with mendel
06-25 03:39:17.845  1767  5651 I A       : Merging legacy hotword config map with new proto.
06-25 03:39:17.845  1767  5651 I A       : Adding from config to map. Locale: cmn-Hant-TW modelPrefix: x_google Location:4e7cae00daee30ec565c34e3aa67a51f isSpeakerIdSupported: true
06-25 03:39:17.845  1767  5651 I A       : Adding from config to map. Locale: id-ID modelPrefix: x_google Location:cfffcc1a4c1c084c003c8eb27f73d770 isSpeakerIdSupported: true
06-25 03:39:17.845  1767  5651 I A       : Adding from config to map. Locale: ko-KR modelPrefix: x_google Location:0b132163a2eb2c1194b202067475724b isSpeakerIdSupported: true
06-25 03:39:17.845  1767  5959 I A       : Joining existing batch; batchId=2 corpus=1004
06-25 03:39:17.845  1767  5964 I A       : Joining existing batch; batchId=2 corpus=1008
06-25 03:39:17.845  1767  5963 I A       : Joining existing batch; batchId=2 corpus=1014
06-25 03:39:17.845  1767  5955 I A       : Joining existing batch; batchId=2 corpus=1015
06-25 03:39:17.845  1767  5651 I A       : Skipping. Expected model: 2 Found: 1
06-25 03:39:17.846  1767  5651 I A       : Adding from config to map. Locale: zh-TW modelPrefix: x_google Location:4e7cae00daee30ec565c34e3aa67a51f isSpeakerIdSupported: true
06-25 03:39:17.846  1767  5651 I HotwordModelPopulator: #updateHotwordFileGroup group name: hotword_model_en-US_okhey, raw locale: en-US, locale: en-US
06-25 03:39:17.846  1767  5651 I A       : Using proto config with mendel
06-25 03:39:17.846  1767  5651 I A       : Using proto config with mendel
06-25 03:39:17.846  1767  5651 I A       : Merging legacy hotword config map with new proto.
06-25 03:39:17.846  1767  5651 I A       : Adding from config to map. Locale: cmn-Hant-TW modelPrefix: x_google Location:4e7cae00daee30ec565c34e3aa67a51f isSpeakerIdSupported: true
06-25 03:39:17.846  1767  5651 I A       : Adding from config to map. Locale: id-ID modelPrefix: x_google Location:cfffcc1a4c1c084c003c8eb27f73d770 isSpeakerIdSupported: true
06-25 03:39:17.846  1767  5651 I A       : Adding from config to map. Locale: ko-KR modelPrefix: x_google Location:0b132163a2eb2c1194b202067475724b isSpeakerIdSupported: true
06-25 03:39:17.846  1767  5651 I A       : Skipping. Expected model: 2 Found: 1
06-25 03:39:17.846  1767  5651 I A       : Adding from config to map. Locale: zh-TW modelPrefix: x_google Location:4e7cae00daee30ec565c34e3aa67a51f isSpeakerIdSupported: true
06-25 03:39:17.846  1767  5651 I HotwordModelPopulator: #updateHotwordFileGroup group name: hotword_model_en-US_okhey, raw locale: en-US, locale: en-US
06-25 03:39:17.847  1767  5651 I A       : Using proto config with mendel
06-25 03:39:17.847  1767  5651 I A       : Merging legacy hotword config map with new proto.
06-25 03:39:17.847  1767  5651 I A       : Adding from config to map. Locale: cmn-Hant-TW modelPrefix: x_google Location:4e7cae00daee30ec565c34e3aa67a51f isSpeakerIdSupported: true
06-25 03:39:17.847  1767  5651 I A       : Adding from config to map. Locale: id-ID modelPrefix: x_google Location:cfffcc1a4c1c084c003c8eb27f73d770 isSpeakerIdSupported: true
06-25 03:39:17.852  1767  5651 I A       : Adding from config to map. Locale: ko-KR modelPrefix: x_google Location:0b132163a2eb2c1194b202067475724b isSpeakerIdSupported: true
06-25 03:39:17.852  1767  5651 I A       : Skipping. Expected model: 2 Found: 1
06-25 03:39:17.852  1767  5651 I A       : Adding from config to map. Locale: zh-TW modelPrefix: x_google Location:4e7cae00daee30ec565c34e3aa67a51f isSpeakerIdSupported: true
06-25 03:39:17.852  1767  5651 I HotwordModelPopulator: #updateHotwordFileGroup group name: hotword_model_en-US_okhey, raw locale: en-US, locale: en-US
06-25 03:39:17.852  1767  5651 D PhFileGroupPop: Added file groups assistant_appintegration_appactions_config
06-25 03:39:17.852  1767  5651 D PhFileGroupPop: Added file groups fedass_policy_config_group
06-25 03:39:17.853  1767  5651 D PhFileGroupPop: Added file groups tapas_cortex
06-25 03:39:17.861  6090  6451 I NetworkScheduler.Stats: Task com.google.android.gms/com.google.android.gms.icing.proxy.IcingInternalCorporaUpdateService started execution. cause:9 exec_start_elapsed_seconds: 179 [CONTEXT service_id=218 ]
06-25 03:39:17.862  1767  2342 I MicroModelsUtil: #getHotwordModelFromMobstore [mobstoreUri: android://com.google.android.googlequicksearchbox/files/datadownload/shared/public/datadownloadfile_1782358673101]
06-25 03:39:17.862  1767  2365 I MicroModelsUtil: #getHotwordModelFromMobstore [mobstoreUri: android://com.google.android.googlequicksearchbox/files/datadownload/shared/public/datadownloadfile_1782358673101]
06-25 03:39:17.865  1767  2365 I HotwordModelPopulator: Updated file group for locale 'hotword_model_en-US_okhey' from location: https://www.gstatic.com/android-search/hotword/x_google/975058821313279e27b2c3f04de0beef/hotword.data. Download already finished.
06-25 03:39:17.866  1767  2367 I MicroModelsUtil: #getHotwordModelFromMobstore [mobstoreUri: android://com.google.android.googlequicksearchbox/files/datadownload/shared/public/datadownloadfile_1782358673101]
06-25 03:39:17.868  1767  2342 I HotwordModelPopulator: Updated file group for locale 'hotword_model_en-US_okhey' from location: https://www.gstatic.com/android-search/hotword/x_google/975058821313279e27b2c3f04de0beef/hotword.data. Download already finished.
06-25 03:39:17.870  1767  2367 I HotwordModelPopulator: Updated file group for locale 'hotword_model_en-US_okhey' from location: https://www.gstatic.com/android-search/hotword/x_google/975058821313279e27b2c3f04de0beef/hotword.data. Download already finished.
06-25 03:39:17.872  1767  1809 I earchbox:search: JIT allocated 66KB for compiled code of com.google.android.apps.gsa.s.h com.google.android.apps.gsa.s.h.a(int)
06-25 03:39:17.873  6090  6450 I NetworkScheduler.Stats: Task com.google.android.gms/com.google.android.gms.icing.proxy.IcingInternalCorporaUpdateService finished executing. cause:9 result: 1 elapsed_millis: 27 uptime_millis: 27 exec_start_elapsed_seconds: 179 [CONTEXT service_id=218 ]
06-25 03:39:17.894  5382  5425 D Maestro : View hierarchy received in 113 ms
06-25 03:39:17.957  5382  5425 D Maestro : Requesting view hierarchy
06-25 03:39:17.957  5382  5425 W QueryController: Could not detect idle state.
06-25 03:39:17.958  5382  5425 W QueryController: Could not detect idle state.
06-25 03:39:17.964  5382  5425 I Maestro : Skipping invisible child: android.view.accessibility.AccessibilityNodeInfo@102f8; boundsInParent: Rect(0, 0 - 320, 0); boundsInScreen: Rect(0, 0 - 320, 0); boundsInWindow: Rect(0, 0 - 320, 0); packageName: com.hanapkalinga.mobile; className: android.widget.LinearLayout; text: null; error: null; maxTextLength: -1; stateDescription: null; contentDescription: null; tooltipText: null; containerTitle: null; viewIdResName: null; uniqueId: null; checkable: false; checked: false; focusable: false; focused: false; selected: false; clickable: false; longClickable: false; contextClickable: false; enabled: true; password: false; scrollable: false; importantForAccessibility: false; visible: false; actions: [AccessibilityAction: ACTION_SELECT - null, AccessibilityAction: ACTION_CLEAR_SELECTION - null, AccessibilityAction: ACTION_ACCESSIBILITY_FOCUS - null, AccessibilityAction: ACTION_SHOW_ON_SCREEN - null]; isTextSelectable: false
06-25 03:39:17.964  5382  5425 I Maestro : Skipping invisible child: android.view.accessibility.AccessibilityNodeInfo@ff37; boundsInParent: Rect(0, 0 - 320, 0); boundsInScreen: Rect(0, 0 - 320, 0); boundsInWindow: Rect(0, 0 - 320, 0); packageName: com.hanapkalinga.mobile; className: android.view.ViewGroup; text: null; error: null; maxTextLength: -1; stateDescription: null; contentDescription: null; tooltipText: null; containerTitle: null; viewIdResName: null; uniqueId: null; checkable: false; checked: false; focusable: false; focused: false; selected: false; clickable: false; longClickable: false; contextClickable: false; enabled: true; password: false; scrollable: false; importantForAccessibility: false; visible: false; actions: [AccessibilityAction: ACTION_SELECT - null, AccessibilityAction: ACTION_CLEAR_SELECTION - null, AccessibilityAction: ACTION_ACCESSIBILITY_FOCUS - null, AccessibilityAction: ACTION_SHOW_ON_SCREEN - null]; isTextSelectable: false
06-25 03:39:17.964  5382  5425 I Maestro : Skipping invisible child: android.view.accessibility.AccessibilityNodeInfo@17ed9; boundsInParent: Rect(0, 0 - 320, 0); boundsInScreen: Rect(0, 0 - 320, 0); boundsInWindow: Rect(0, 0 - 320, 0); packageName: com.hanapkalinga.mobile; className: android.widget.LinearLayout; text: null; error: null; maxTextLength: -1; stateDescription: null; contentDescription: null; tooltipText: null; containerTitle: null; viewIdResName: null; uniqueId: null; checkable: false; checked: false; focusable: false; focused: false; selected: false; clickable: false; longClickable: false; contextClickable: false; enabled: true; password: false; scrollable: false; importantForAccessibility: false; visible: false; actions: [AccessibilityAction: ACTION_SELECT - null, AccessibilityAction: ACTION_CLEAR_SELECTION - null, AccessibilityAction: ACTION_ACCESSIBILITY_FOCUS - null, AccessibilityAction: ACTION_SHOW_ON_SCREEN - null]; isTextSelectable: false
06-25 03:39:17.965  5382  5425 I Maestro : Skipping invisible child: android.view.accessibility.AccessibilityNodeInfo@17b18; boundsInParent: Rect(0, 0 - 320, 0); boundsInScreen: Rect(0, 0 - 320, 0); boundsInWindow: Rect(0, 0 - 320, 0); packageName: com.hanapkalinga.mobile; className: android.view.ViewGroup; text: null; error: null; maxTextLength: -1; stateDescription: null; contentDescription: null; tooltipText: null; containerTitle: null; viewIdResName: null; uniqueId: null; checkable: false; checked: false; focusable: false; focused: false; selected: false; clickable: false; longClickable: false; contextClickable: false; enabled: true; password: false; scrollable: false; importantForAccessibility: false; visible: false; actions: [AccessibilityAction: ACTION_SELECT - null, AccessibilityAction: ACTION_CLEAR_SELECTION - null, AccessibilityAction: ACTION_ACCESSIBILITY_FOCUS - null, AccessibilityAction: ACTION_SHOW_ON_SCREEN - null]; isTextSelectable: false
06-25 03:39:17.977   518   615 D ActivityManager: freezing 3950 com.google.android.projection.gearhead:shared
06-25 03:39:17.986  5382  5425 D Maestro : View hierarchy received in 29 ms
06-25 03:39:18.084  5382  5425 D Maestro : Requesting view hierarchy
06-25 03:39:18.085  5382  5425 W QueryController: Could not detect idle state.
06-25 03:39:18.085  5382  5425 W QueryController: Could not detect idle state.
06-25 03:39:18.093  5382  5425 I Maestro : Skipping invisible child: android.view.accessibility.AccessibilityNodeInfo@102f8; boundsInParent: Rect(0, 0 - 320, 0); boundsInScreen: Rect(0, 0 - 320, 0); boundsInWindow: Rect(0, 0 - 320, 0); packageName: com.hanapkalinga.mobile; className: android.widget.LinearLayout; text: null; error: null; maxTextLength: -1; stateDescription: null; contentDescription: null; tooltipText: null; containerTitle: null; viewIdResName: null; uniqueId: null; checkable: false; checked: false; focusable: false; focused: false; selected: false; clickable: false; longClickable: false; contextClickable: false; enabled: true; password: false; scrollable: false; importantForAccessibility: false; visible: false; actions: [AccessibilityAction: ACTION_SELECT - null, AccessibilityAction: ACTION_CLEAR_SELECTION - null, AccessibilityAction: ACTION_ACCESSIBILITY_FOCUS - null, AccessibilityAction: ACTION_SHOW_ON_SCREEN - null]; isTextSelectable: false
06-25 03:39:18.093  5382  5425 I Maestro : Skipping invisible child: android.view.accessibility.AccessibilityNodeInfo@ff37; boundsInParent: Rect(0, 0 - 320, 0); boundsInScreen: Rect(0, 0 - 320, 0); boundsInWindow: Rect(0, 0 - 320, 0); packageName: com.hanapkalinga.mobile; className: android.view.ViewGroup; text: null; error: null; maxTextLength: -1; stateDescription: null; contentDescription: null; tooltipText: null; containerTitle: null; viewIdResName: null; uniqueId: null; checkable: false; checked: false; focusable: false; focused: false; selected: false; clickable: false; longClickable: false; contextClickable: false; enabled: true; password: false; scrollable: false; importantForAccessibility: false; visible: false; actions: [AccessibilityAction: ACTION_SELECT - null, AccessibilityAction: ACTION_CLEAR_SELECTION - null, AccessibilityAction: ACTION_ACCESSIBILITY_FOCUS - null, AccessibilityAction: ACTION_SHOW_ON_SCREEN - null]; isTextSelectable: false
06-25 03:39:18.094  5382  5425 I Maestro : Skipping invisible child: android.view.accessibility.AccessibilityNodeInfo@17ed9; boundsInParent: Rect(0, 0 - 320, 0); boundsInScreen: Rect(0, 0 - 320, 0); boundsInWindow: Rect(0, 0 - 320, 0); packageName: com.hanapkalinga.mobile; className: android.widget.LinearLayout; text: null; error: null; maxTextLength: -1; stateDescription: null; contentDescription: null; tooltipText: null; containerTitle: null; viewIdResName: null; uniqueId: null; checkable: false; checked: false; focusable: false; focused: false; selected: false; clickable: false; longClickable: false; contextClickable: false; enabled: true; password: false; scrollable: false; importantForAccessibility: false; visible: false; actions: [AccessibilityAction: ACTION_SELECT - null, AccessibilityAction: ACTION_CLEAR_SELECTION - null, AccessibilityAction: ACTION_ACCESSIBILITY_FOCUS - null, AccessibilityAction: ACTION_SHOW_ON_SCREEN - null]; isTextSelectable: false
06-25 03:39:18.094  5382  5425 I Maestro : Skipping invisible child: android.view.accessibility.AccessibilityNodeInfo@17b18; boundsInParent: Rect(0, 0 - 320, 0); boundsInScreen: Rect(0, 0 - 320, 0); boundsInWindow: Rect(0, 0 - 320, 0); packageName: com.hanapkalinga.mobile; className: android.view.ViewGroup; text: null; error: null; maxTextLength: -1; stateDescription: null; contentDescription: null; tooltipText: null; containerTitle: null; viewIdResName: null; uniqueId: null; checkable: false; checked: false; focusable: false; focused: false; selected: false; clickable: false; longClickable: false; contextClickable: false; enabled: true; password: false; scrollable: false; importantForAccessibility: false; visible: false; actions: [AccessibilityAction: ACTION_SELECT - null, AccessibilityAction: ACTION_CLEAR_SELECTION - null, AccessibilityAction: ACTION_ACCESSIBILITY_FOCUS - null, AccessibilityAction: ACTION_SHOW_ON_SCREEN - null]; isTextSelectable: false
06-25 03:39:18.103   518   615 D ActivityManager: freezing 3991 com.google.android.gm
06-25 03:39:18.124  5382  5425 D Maestro : View hierarchy received in 40 ms
06-25 03:39:18.180  5382  5425 D Maestro : Requesting view hierarchy
06-25 03:39:18.180  5382  5425 W QueryController: Could not detect idle state.
06-25 03:39:18.181  5382  5425 W QueryController: Could not detect idle state.
06-25 03:39:18.189  5382  5425 I Maestro : Skipping invisible child: android.view.accessibility.AccessibilityNodeInfo@102f8; boundsInParent: Rect(0, 0 - 320, 0); boundsInScreen: Rect(0, 0 - 320, 0); boundsInWindow: Rect(0, 0 - 320, 0); packageName: com.hanapkalinga.mobile; className: android.widget.LinearLayout; text: null; error: null; maxTextLength: -1; stateDescription: null; contentDescription: null; tooltipText: null; containerTitle: null; viewIdResName: null; uniqueId: null; checkable: false; checked: false; focusable: false; focused: false; selected: false; clickable: false; longClickable: false; contextClickable: false; enabled: true; password: false; scrollable: false; importantForAccessibility: false; visible: false; actions: [AccessibilityAction: ACTION_SELECT - null, AccessibilityAction: ACTION_CLEAR_SELECTION - null, AccessibilityAction: ACTION_ACCESSIBILITY_FOCUS - null, AccessibilityAction: ACTION_SHOW_ON_SCREEN - null]; isTextSelectable: false
06-25 03:39:18.189  5382  5425 I Maestro : Skipping invisible child: android.view.accessibility.AccessibilityNodeInfo@ff37; boundsInParent: Rect(0, 0 - 320, 0); boundsInScreen: Rect(0, 0 - 320, 0); boundsInWindow: Rect(0, 0 - 320, 0); packageName: com.hanapkalinga.mobile; className: android.view.ViewGroup; text: null; error: null; maxTextLength: -1; stateDescription: null; contentDescription: null; tooltipText: null; containerTitle: null; viewIdResName: null; uniqueId: null; checkable: false; checked: false; focusable: false; focused: false; selected: false; clickable: false; longClickable: false; contextClickable: false; enabled: true; password: false; scrollable: false; importantForAccessibility: false; visible: false; actions: [AccessibilityAction: ACTION_SELECT - null, AccessibilityAction: ACTION_CLEAR_SELECTION - null, AccessibilityAction: ACTION_ACCESSIBILITY_FOCUS - null, AccessibilityAction: ACTION_SHOW_ON_SCREEN - null]; isTextSelectable: false
06-25 03:39:18.190  5382  5425 I Maestro : Skipping invisible child: android.view.accessibility.AccessibilityNodeInfo@17ed9; boundsInParent: Rect(0, 0 - 320, 0); boundsInScreen: Rect(0, 0 - 320, 0); boundsInWindow: Rect(0, 0 - 320, 0); packageName: com.hanapkalinga.mobile; className: android.widget.LinearLayout; text: null; error: null; maxTextLength: -1; stateDescription: null; contentDescription: null; tooltipText: null; containerTitle: null; viewIdResName: null; uniqueId: null; checkable: false; checked: false; focusable: false; focused: false; selected: false; clickable: false; longClickable: false; contextClickable: false; enabled: true; password: false; scrollable: false; importantForAccessibility: false; visible: false; actions: [AccessibilityAction: ACTION_SELECT - null, AccessibilityAction: ACTION_CLEAR_SELECTION - null, AccessibilityAction: ACTION_ACCESSIBILITY_FOCUS - null, AccessibilityAction: ACTION_SHOW_ON_SCREEN - null]; isTextSelectable: false
06-25 03:39:18.190  5382  5425 I Maestro : Skipping invisible child: android.view.accessibility.AccessibilityNodeInfo@17b18; boundsInParent: Rect(0, 0 - 320, 0); boundsInScreen: Rect(0, 0 - 320, 0); boundsInWindow: Rect(0, 0 - 320, 0); packageName: com.hanapkalinga.mobile; className: android.view.ViewGroup; text: null; error: null; maxTextLength: -1; stateDescription: null; contentDescription: null; tooltipText: null; containerTitle: null; viewIdResName: null; uniqueId: null; checkable: false; checked: false; focusable: false; focused: false; selected: false; clickable: false; longClickable: false; contextClickable: false; enabled: true; password: false; scrollable: false; importantForAccessibility: false; visible: false; actions: [AccessibilityAction: ACTION_SELECT - null, AccessibilityAction: ACTION_CLEAR_SELECTION - null, AccessibilityAction: ACTION_ACCESSIBILITY_FOCUS - null, AccessibilityAction: ACTION_SHOW_ON_SCREEN - null]; isTextSelectable: false
06-25 03:39:18.206  5382  5425 D Maestro : View hierarchy received in 26 ms
06-25 03:39:18.301  1767  5651 I A       : Scheduled one-off task for batch; batchId=2 taskId=-1000008 corpora=[1004,1008,1014,1015]
06-25 03:39:18.301  1767  5651 I A       : Pending callbacks: 1
06-25 03:39:18.305  5382  5425 D Maestro : Requesting view hierarchy
06-25 03:39:18.305  5382  5425 W QueryController: Could not detect idle state.
06-25 03:39:18.306  5382  5425 W QueryController: Could not detect idle state.
06-25 03:39:18.311  5382  5425 I Maestro : Skipping invisible child: android.view.accessibility.AccessibilityNodeInfo@102f8; boundsInParent: Rect(0, 0 - 320, 0); boundsInScreen: Rect(0, 0 - 320, 0); boundsInWindow: Rect(0, 0 - 320, 0); packageName: com.hanapkalinga.mobile; className: android.widget.LinearLayout; text: null; error: null; maxTextLength: -1; stateDescription: null; contentDescription: null; tooltipText: null; containerTitle: null; viewIdResName: null; uniqueId: null; checkable: false; checked: false; focusable: false; focused: false; selected: false; clickable: false; longClickable: false; contextClickable: false; enabled: true; password: false; scrollable: false; importantForAccessibility: false; visible: false; actions: [AccessibilityAction: ACTION_SELECT - null, AccessibilityAction: ACTION_CLEAR_SELECTION - null, AccessibilityAction: ACTION_ACCESSIBILITY_FOCUS - null, AccessibilityAction: ACTION_SHOW_ON_SCREEN - null]; isTextSelectable: false
06-25 03:39:18.311  5382  5425 I Maestro : Skipping invisible child: android.view.accessibility.AccessibilityNodeInfo@ff37; boundsInParent: Rect(0, 0 - 320, 0); boundsInScreen: Rect(0, 0 - 320, 0); boundsInWindow: Rect(0, 0 - 320, 0); packageName: com.hanapkalinga.mobile; className: android.view.ViewGroup; text: null; error: null; maxTextLength: -1; stateDescription: null; contentDescription: null; tooltipText: null; containerTitle: null; viewIdResName: null; uniqueId: null; checkable: false; checked: false; focusable: false; focused: false; selected: false; clickable: false; longClickable: false; contextClickable: false; enabled: true; password: false; scrollable: false; importantForAccessibility: false; visible: false; actions: [AccessibilityAction: ACTION_SELECT - null, AccessibilityAction: ACTION_CLEAR_SELECTION - null, AccessibilityAction: ACTION_ACCESSIBILITY_FOCUS - null, AccessibilityAction: ACTION_SHOW_ON_SCREEN - null]; isTextSelectable: false
06-25 03:39:18.312  5382  5425 I Maestro : Skipping invisible child: android.view.accessibility.AccessibilityNodeInfo@17ed9; boundsInParent: Rect(0, 0 - 320, 0); boundsInScreen: Rect(0, 0 - 320, 0); boundsInWindow: Rect(0, 0 - 320, 0); packageName: com.hanapkalinga.mobile; className: android.widget.LinearLayout; text: null; error: null; maxTextLength: -1; stateDescription: null; contentDescription: null; tooltipText: null; containerTitle: null; viewIdResName: null; uniqueId: null; checkable: false; checked: false; focusable: false; focused: false; selected: false; clickable: false; longClickable: false; contextClickable: false; enabled: true; password: false; scrollable: false; importantForAccessibility: false; visible: false; actions: [AccessibilityAction: ACTION_SELECT - null, AccessibilityAction: ACTION_CLEAR_SELECTION - null, AccessibilityAction: ACTION_ACCESSIBILITY_FOCUS - null, AccessibilityAction: ACTION_SHOW_ON_SCREEN - null]; isTextSelectable: false
06-25 03:39:18.312  5382  5425 I Maestro : Skipping invisible child: android.view.accessibility.AccessibilityNodeInfo@17b18; boundsInParent: Rect(0, 0 - 320, 0); boundsInScreen: Rect(0, 0 - 320, 0); boundsInWindow: Rect(0, 0 - 320, 0); packageName: com.hanapkalinga.mobile; className: android.view.ViewGroup; text: null; error: null; maxTextLength: -1; stateDescription: null; contentDescription: null; tooltipText: null; containerTitle: null; viewIdResName: null; uniqueId: null; checkable: false; checked: false; focusable: false; focused: false; selected: false; clickable: false; longClickable: false; contextClickable: false; enabled: true; password: false; scrollable: false; importantForAccessibility: false; visible: false; actions: [AccessibilityAction: ACTION_SELECT - null, AccessibilityAction: ACTION_CLEAR_SELECTION - null, AccessibilityAction: ACTION_ACCESSIBILITY_FOCUS - null, AccessibilityAction: ACTION_SHOW_ON_SCREEN - null]; isTextSelectable: false
06-25 03:39:18.334  5382  5425 D Maestro : View hierarchy received in 29 ms
06-25 03:39:18.381   518   615 D ActivityManager: freezing 2906 com.android.chrome
06-25 03:39:18.382   518   615 D ActivityManager: freezing 1784 com.google.android.youtube
06-25 03:39:18.435  5382  5425 D Maestro : Requesting view hierarchy
06-25 03:39:18.436  5382  5425 W QueryController: Could not detect idle state.
06-25 03:39:18.437  5382  5425 W QueryController: Could not detect idle state.
06-25 03:39:18.444  5382  5425 I Maestro : Skipping invisible child: android.view.accessibility.AccessibilityNodeInfo@102f8; boundsInParent: Rect(0, 0 - 320, 0); boundsInScreen: Rect(0, 0 - 320, 0); boundsInWindow: Rect(0, 0 - 320, 0); packageName: com.hanapkalinga.mobile; className: android.widget.LinearLayout; text: null; error: null; maxTextLength: -1; stateDescription: null; contentDescription: null; tooltipText: null; containerTitle: null; viewIdResName: null; uniqueId: null; checkable: false; checked: false; focusable: false; focused: false; selected: false; clickable: false; longClickable: false; contextClickable: false; enabled: true; password: false; scrollable: false; importantForAccessibility: false; visible: false; actions: [AccessibilityAction: ACTION_SELECT - null, AccessibilityAction: ACTION_CLEAR_SELECTION - null, AccessibilityAction: ACTION_ACCESSIBILITY_FOCUS - null, AccessibilityAction: ACTION_SHOW_ON_SCREEN - null]; isTextSelectable: false
06-25 03:39:18.444  5382  5425 I Maestro : Skipping invisible child: android.view.accessibility.AccessibilityNodeInfo@ff37; boundsInParent: Rect(0, 0 - 320, 0); boundsInScreen: Rect(0, 0 - 320, 0); boundsInWindow: Rect(0, 0 - 320, 0); packageName: com.hanapkalinga.mobile; className: android.view.ViewGroup; text: null; error: null; maxTextLength: -1; stateDescription: null; contentDescription: null; tooltipText: null; containerTitle: null; viewIdResName: null; uniqueId: null; checkable: false; checked: false; focusable: false; focused: false; selected: false; clickable: false; longClickable: false; contextClickable: false; enabled: true; password: false; scrollable: false; importantForAccessibility: false; visible: false; actions: [AccessibilityAction: ACTION_SELECT - null, AccessibilityAction: ACTION_CLEAR_SELECTION - null, AccessibilityAction: ACTION_ACCESSIBILITY_FOCUS - null, AccessibilityAction: ACTION_SHOW_ON_SCREEN - null]; isTextSelectable: false
06-25 03:39:18.445  5382  5425 I Maestro : Skipping invisible child: android.view.accessibility.AccessibilityNodeInfo@17ed9; boundsInParent: Rect(0, 0 - 320, 0); boundsInScreen: Rect(0, 0 - 320, 0); boundsInWindow: Rect(0, 0 - 320, 0); packageName: com.hanapkalinga.mobile; className: android.widget.LinearLayout; text: null; error: null; maxTextLength: -1; stateDescription: null; contentDescription: null; tooltipText: null; containerTitle: null; viewIdResName: null; uniqueId: null; checkable: false; checked: false; focusable: false; focused: false; selected: false; clickable: false; longClickable: false; contextClickable: false; enabled: true; password: false; scrollable: false; importantForAccessibility: false; visible: false; actions: [AccessibilityAction: ACTION_SELECT - null, AccessibilityAction: ACTION_CLEAR_SELECTION - null, AccessibilityAction: ACTION_ACCESSIBILITY_FOCUS - null, AccessibilityAction: ACTION_SHOW_ON_SCREEN - null]; isTextSelectable: false
06-25 03:39:18.445  5382  5425 I Maestro : Skipping invisible child: android.view.accessibility.AccessibilityNodeInfo@17b18; boundsInParent: Rect(0, 0 - 320, 0); boundsInScreen: Rect(0, 0 - 320, 0); boundsInWindow: Rect(0, 0 - 320, 0); packageName: com.hanapkalinga.mobile; className: android.view.ViewGroup; text: null; error: null; maxTextLength: -1; stateDescription: null; contentDescription: null; tooltipText: null; containerTitle: null; viewIdResName: null; uniqueId: null; checkable: false; checked: false; focusable: false; focused: false; selected: false; clickable: false; longClickable: false; contextClickable: false; enabled: true; password: false; scrollable: false; importantForAccessibility: false; visible: false; actions: [AccessibilityAction: ACTION_SELECT - null, AccessibilityAction: ACTION_CLEAR_SELECTION - null, AccessibilityAction: ACTION_ACCESSIBILITY_FOCUS - null, AccessibilityAction: ACTION_SHOW_ON_SCREEN - null]; isTextSelectable: false
06-25 03:39:18.472  5382  5425 D Maestro : View hierarchy received in 37 ms
06-25 03:39:18.537  5382  5425 D Maestro : Requesting view hierarchy
06-25 03:39:18.537  5382  5425 W QueryController: Could not detect idle state.
06-25 03:39:18.537  5382  5425 W QueryController: Could not detect idle state.
06-25 03:39:18.545  5382  5425 I Maestro : Skipping invisible child: android.view.accessibility.AccessibilityNodeInfo@102f8; boundsInParent: Rect(0, 0 - 320, 0); boundsInScreen: Rect(0, 0 - 320, 0); boundsInWindow: Rect(0, 0 - 320, 0); packageName: com.hanapkalinga.mobile; className: android.widget.LinearLayout; text: null; error: null; maxTextLength: -1; stateDescription: null; contentDescription: null; tooltipText: null; containerTitle: null; viewIdResName: null; uniqueId: null; checkable: false; checked: false; focusable: false; focused: false; selected: false; clickable: false; longClickable: false; contextClickable: false; enabled: true; password: false; scrollable: false; importantForAccessibility: false; visible: false; actions: [AccessibilityAction: ACTION_SELECT - null, AccessibilityAction: ACTION_CLEAR_SELECTION - null, AccessibilityAction: ACTION_ACCESSIBILITY_FOCUS - null, AccessibilityAction: ACTION_SHOW_ON_SCREEN - null]; isTextSelectable: false
06-25 03:39:18.545  5382  5425 I Maestro : Skipping invisible child: android.view.accessibility.AccessibilityNodeInfo@ff37; boundsInParent: Rect(0, 0 - 320, 0); boundsInScreen: Rect(0, 0 - 320, 0); boundsInWindow: Rect(0, 0 - 320, 0); packageName: com.hanapkalinga.mobile; className: android.view.ViewGroup; text: null; error: null; maxTextLength: -1; stateDescription: null; contentDescription: null; tooltipText: null; containerTitle: null; viewIdResName: null; uniqueId: null; checkable: false; checked: false; focusable: false; focused: false; selected: false; clickable: false; longClickable: false; contextClickable: false; enabled: true; password: false; scrollable: false; importantForAccessibility: false; visible: false; actions: [AccessibilityAction: ACTION_SELECT - null, AccessibilityAction: ACTION_CLEAR_SELECTION - null, AccessibilityAction: ACTION_ACCESSIBILITY_FOCUS - null, AccessibilityAction: ACTION_SHOW_ON_SCREEN - null]; isTextSelectable: false
06-25 03:39:18.546  5382  5425 I Maestro : Skipping invisible child: android.view.accessibility.AccessibilityNodeInfo@17ed9; boundsInParent: Rect(0, 0 - 320, 0); boundsInScreen: Rect(0, 0 - 320, 0); boundsInWindow: Rect(0, 0 - 320, 0); packageName: com.hanapkalinga.mobile; className: android.widget.LinearLayout; text: null; error: null; maxTextLength: -1; stateDescription: null; contentDescription: null; tooltipText: null; containerTitle: null; viewIdResName: null; uniqueId: null; checkable: false; checked: false; focusable: false; focused: false; selected: false; clickable: false; longClickable: false; contextClickable: false; enabled: true; password: false; scrollable: false; importantForAccessibility: false; visible: false; actions: [AccessibilityAction: ACTION_SELECT - null, AccessibilityAction: ACTION_CLEAR_SELECTION - null, AccessibilityAction: ACTION_ACCESSIBILITY_FOCUS - null, AccessibilityAction: ACTION_SHOW_ON_SCREEN - null]; isTextSelectable: false
