--------- beginning of system
06-25 03:41:36.487   518   518 I PackageWatchdog: Syncing health check requests for packages: {}
06-25 03:41:36.487   518   518 D ExplicitHealthCheckController: Getting health check supported packages
06-25 03:41:36.487   518   551 I PackageWatchdog: Saving observer state to file
06-25 03:41:36.487   518   965 I ExplicitHealthCheckController: Explicit health check supported packages [PackageConfig{com.google.android.networkstack, 86400000}]
06-25 03:41:36.490   518   965 D PackageWatchdog: Received supported packages [PackageConfig{com.google.android.networkstack, 86400000}]
06-25 03:41:36.490   518   965 D ExplicitHealthCheckController: Getting health check requested packages
06-25 03:41:36.490   518   965 I ExplicitHealthCheckController: Explicit health check requested packages []
06-25 03:41:36.490   518   965 I ExplicitHealthCheckController: No more health check requests, unbinding...
06-25 03:41:36.491   518   965 I ExplicitHealthCheckController: Explicit health check service is unbound
06-25 03:41:36.491   518   551 I PackageWatchdog: Syncing state, reason: observing new packages
06-25 03:41:36.491   518   518 I PackageWatchdog: Syncing health check requests for packages: {}
06-25 03:41:36.491   518   518 I ExplicitHealthCheckController: Service not ready to get health check supported packages. Binding...
06-25 03:41:36.493   518   518 I ExplicitHealthCheckController: Explicit health check service is bound
06-25 03:41:36.493   518   551 D PackageWatchdog: rescue-party-observer added the following packages to monitor [android]
06-25 03:41:36.493   518   551 I PackageWatchdog: Syncing state, reason: updated observers
06-25 03:41:36.496   518   518 I PackageWatchdog: Syncing health check requests for packages: {}
06-25 03:41:36.496   518   518 I ExplicitHealthCheckController: Service not ready to get health check supported packages. Binding...
06-25 03:41:36.496   518   518 I ExplicitHealthCheckController: Not binding to service, service already connecting
06-25 03:41:36.496   518   518 I ExplicitHealthCheckController: Explicit health check service is connected ComponentInfo{com.google.android.ext.services/android.ext.services.watchdog.ExplicitHealthCheckServiceImpl}
06-25 03:41:36.496   518   518 I ExplicitHealthCheckController: Service initialized, syncing requests
06-25 03:41:36.496   518   518 I PackageWatchdog: Syncing health check requests for packages: {}
06-25 03:41:36.496   518   518 D ExplicitHealthCheckController: Getting health check supported packages
06-25 03:41:36.496   518   535 I ExplicitHealthCheckController: Explicit health check supported packages [PackageConfig{com.google.android.networkstack, 86400000}]
06-25 03:41:36.497   518   535 D PackageWatchdog: Received supported packages [PackageConfig{com.google.android.networkstack, 86400000}]
06-25 03:41:36.497   518   535 D ExplicitHealthCheckController: Getting health check requested packages
06-25 03:41:36.497   518   535 I ExplicitHealthCheckController: Explicit health check requested packages []
06-25 03:41:36.497   518   535 I ExplicitHealthCheckController: No more health check requests, unbinding...
06-25 03:41:36.498   518   535 I ExplicitHealthCheckController: Explicit health check service is unbound
06-25 03:41:36.499   518   551 I PackageWatchdog: Saving observer state to file
--------- beginning of main
06-25 03:41:36.500  7423  7459 I Maestro : Skipping invisible child: android.view.accessibility.AccessibilityNodeInfo@128aa; boundsInParent: Rect(0, 0 - 320, 0); boundsInScreen: Rect(0, 0 - 320, 0); boundsInWindow: Rect(0, 0 - 320, 0); packageName: com.hanapkalinga.mobile; className: android.widget.LinearLayout; text: null; error: null; maxTextLength: -1; stateDescription: null; contentDescription: null; tooltipText: null; containerTitle: null; viewIdResName: null; uniqueId: null; checkable: false; checked: false; focusable: false; focused: false; selected: false; clickable: false; longClickable: false; contextClickable: false; enabled: true; password: false; scrollable: false; importantForAccessibility: false; visible: false; actions: [AccessibilityAction: ACTION_SELECT - null, AccessibilityAction: ACTION_CLEAR_SELECTION - null, AccessibilityAction: ACTION_ACCESSIBILITY_FOCUS - null, AccessibilityAction: ACTION_SHOW_ON_SCREEN - null]; isTextSelectable: false
06-25 03:41:36.501  7423  7459 I Maestro : Skipping invisible child: android.view.accessibility.AccessibilityNodeInfo@124e9; boundsInParent: Rect(0, 0 - 320, 0); boundsInScreen: Rect(0, 0 - 320, 0); boundsInWindow: Rect(0, 0 - 320, 0); packageName: com.hanapkalinga.mobile; className: android.view.ViewGroup; text: null; error: null; maxTextLength: -1; stateDescription: null; contentDescription: null; tooltipText: null; containerTitle: null; viewIdResName: null; uniqueId: null; checkable: false; checked: false; focusable: false; focused: false; selected: false; clickable: false; longClickable: false; contextClickable: false; enabled: true; password: false; scrollable: false; importantForAccessibility: false; visible: false; actions: [AccessibilityAction: ACTION_SELECT - null, AccessibilityAction: ACTION_CLEAR_SELECTION - null, AccessibilityAction: ACTION_ACCESSIBILITY_FOCUS - null, AccessibilityAction: ACTION_SHOW_ON_SCREEN - null]; isTextSelectable: false
06-25 03:41:36.502  7423  7459 I Maestro : Skipping invisible child: android.view.accessibility.AccessibilityNodeInfo@1a48b; boundsInParent: Rect(0, 0 - 320, 0); boundsInScreen: Rect(0, 0 - 320, 0); boundsInWindow: Rect(0, 0 - 320, 0); packageName: com.hanapkalinga.mobile; className: android.widget.LinearLayout; text: null; error: null; maxTextLength: -1; stateDescription: null; contentDescription: null; tooltipText: null; containerTitle: null; viewIdResName: null; uniqueId: null; checkable: false; checked: false; focusable: false; focused: false; selected: false; clickable: false; longClickable: false; contextClickable: false; enabled: true; password: false; scrollable: false; importantForAccessibility: false; visible: false; actions: [AccessibilityAction: ACTION_SELECT - null, AccessibilityAction: ACTION_CLEAR_SELECTION - null, AccessibilityAction: ACTION_ACCESSIBILITY_FOCUS - null, AccessibilityAction: ACTION_SHOW_ON_SCREEN - null]; isTextSelectable: false
06-25 03:41:36.505  7423  7459 I Maestro : Skipping invisible child: android.view.accessibility.AccessibilityNodeInfo@1a0ca; boundsInParent: Rect(0, 0 - 320, 0); boundsInScreen: Rect(0, 0 - 320, 0); boundsInWindow: Rect(0, 0 - 320, 0); packageName: com.hanapkalinga.mobile; className: android.view.ViewGroup; text: null; error: null; maxTextLength: -1; stateDescription: null; contentDescription: null; tooltipText: null; containerTitle: null; viewIdResName: null; uniqueId: null; checkable: false; checked: false; focusable: false; focused: false; selected: false; clickable: false; longClickable: false; contextClickable: false; enabled: true; password: false; scrollable: false; importantForAccessibility: false; visible: false; actions: [AccessibilityAction: ACTION_SELECT - null, AccessibilityAction: ACTION_CLEAR_SELECTION - null, AccessibilityAction: ACTION_ACCESSIBILITY_FOCUS - null, AccessibilityAction: ACTION_SHOW_ON_SCREEN - null]; isTextSelectable: false
06-25 03:41:36.512   518   622 I RescueParty: Starting to observe: [android], updated namespace: clipboard
06-25 03:41:36.512   518   551 I PackageWatchdog: Syncing state, reason: observing new packages
06-25 03:41:36.512   518   551 D PackageWatchdog: rescue-party-observer added the following packages to monitor [android]
06-25 03:41:36.512   518   551 I PackageWatchdog: Syncing state, reason: updated observers
06-25 03:41:36.512   518   551 I PackageWatchdog: Not pruning observers, elapsed time: 0ms
06-25 03:41:36.513   518   551 I PackageWatchdog: Saving observer state to file
06-25 03:41:36.519   518   518 I PackageWatchdog: Syncing health check requests for packages: {}
06-25 03:41:36.519   518   518 I ExplicitHealthCheckController: Service not ready to get health check supported packages. Binding...
06-25 03:41:36.521   518   518 I ExplicitHealthCheckController: Explicit health check service is bound
06-25 03:41:36.521   518   518 I PackageWatchdog: Syncing health check requests for packages: {}
06-25 03:41:36.521   518   518 I ExplicitHealthCheckController: Service not ready to get health check supported packages. Binding...
06-25 03:41:36.522   518   518 I ExplicitHealthCheckController: Not binding to service, service already connecting
06-25 03:41:36.522   518   518 I ExplicitHealthCheckController: Explicit health check service is connected ComponentInfo{com.google.android.ext.services/android.ext.services.watchdog.ExplicitHealthCheckServiceImpl}
06-25 03:41:36.522   518   518 I ExplicitHealthCheckController: Service initialized, syncing requests
06-25 03:41:36.522   518   518 I PackageWatchdog: Syncing health check requests for packages: {}
06-25 03:41:36.522   518   518 D ExplicitHealthCheckController: Getting health check supported packages
06-25 03:41:36.523   518   622 I RescueParty: Starting to observe: [android], updated namespace: nearby
06-25 03:41:36.523   518   965 I ExplicitHealthCheckController: Explicit health check supported packages [PackageConfig{com.google.android.networkstack, 86400000}]
06-25 03:41:36.523   518   965 D PackageWatchdog: Received supported packages [PackageConfig{com.google.android.networkstack, 86400000}]
06-25 03:41:36.523   518   965 D ExplicitHealthCheckController: Getting health check requested packages
06-25 03:41:36.524   518   535 I ExplicitHealthCheckController: Explicit health check requested packages []
06-25 03:41:36.524   518   535 I ExplicitHealthCheckController: No more health check requests, unbinding...
06-25 03:41:36.524   518   535 I ExplicitHealthCheckController: Explicit health check service is unbound
06-25 03:41:36.524   518   551 I PackageWatchdog: Syncing state, reason: observing new packages
06-25 03:41:36.525   518   518 I PackageWatchdog: Syncing health check requests for packages: {}
06-25 03:41:36.525   518   518 I ExplicitHealthCheckController: Service not ready to get health check supported packages. Binding...
06-25 03:41:36.526   518   518 I ExplicitHealthCheckController: Explicit health check service is bound
06-25 03:41:36.526   518   551 D PackageWatchdog: rescue-party-observer added the following packages to monitor [android]
06-25 03:41:36.526   518   551 I PackageWatchdog: Syncing state, reason: updated observers
06-25 03:41:36.526   518   518 I PackageWatchdog: Syncing health check requests for packages: {}
06-25 03:41:36.526   518   518 I ExplicitHealthCheckController: Service not ready to get health check supported packages. Binding...
06-25 03:41:36.526   518   518 I ExplicitHealthCheckController: Not binding to service, service already connecting
06-25 03:41:36.526   518   551 I PackageWatchdog: Saving observer state to file
06-25 03:41:36.526   518   518 I ExplicitHealthCheckController: Explicit health check service is connected ComponentInfo{com.google.android.ext.services/android.ext.services.watchdog.ExplicitHealthCheckServiceImpl}
06-25 03:41:36.526   518   518 I ExplicitHealthCheckController: Service initialized, syncing requests
06-25 03:41:36.528   518   518 I PackageWatchdog: Syncing health check requests for packages: {}
06-25 03:41:36.528   518   518 D ExplicitHealthCheckController: Getting health check supported packages
06-25 03:41:36.528   518   535 I ExplicitHealthCheckController: Explicit health check supported packages [PackageConfig{com.google.android.networkstack, 86400000}]
06-25 03:41:36.528   518   535 D PackageWatchdog: Received supported packages [PackageConfig{com.google.android.networkstack, 86400000}]
06-25 03:41:36.528   518   535 D ExplicitHealthCheckController: Getting health check requested packages
06-25 03:41:36.528   518   535 I ExplicitHealthCheckController: Explicit health check requested packages []
06-25 03:41:36.528   518   535 I ExplicitHealthCheckController: No more health check requests, unbinding...
06-25 03:41:36.529   518   535 I ExplicitHealthCheckController: Explicit health check service is unbound
06-25 03:41:36.545  7423  7459 D Maestro : View hierarchy received in 75 ms
06-25 03:41:36.547   518   622 I RescueParty: Starting to observe: [android, com.google.android.networkstack], updated namespace: connectivity
06-25 03:41:36.547   518   551 I PackageWatchdog: Syncing state, reason: observing new packages
06-25 03:41:36.547   518   551 D PackageWatchdog: rescue-party-observer added the following packages to monitor [android, com.google.android.networkstack]
06-25 03:41:36.547   518   551 I PackageWatchdog: Syncing state, reason: updated observers
06-25 03:41:36.547   518   551 I PackageWatchdog: Not pruning observers, elapsed time: 0ms
06-25 03:41:36.547   518   551 I PackageWatchdog: Saving observer state to file
06-25 03:41:36.554   518   518 I PackageWatchdog: Syncing health check requests for packages: {}
06-25 03:41:36.554   518   518 I ExplicitHealthCheckController: Service not ready to get health check supported packages. Binding...
06-25 03:41:36.558   518   518 I ExplicitHealthCheckController: Explicit health check service is bound
06-25 03:41:36.558   518   518 I ExplicitHealthCheckController: Explicit health check service is connected ComponentInfo{com.google.android.ext.services/android.ext.services.watchdog.ExplicitHealthCheckServiceImpl}
06-25 03:41:36.559   518   518 I ExplicitHealthCheckController: Service initialized, syncing requests
06-25 03:41:36.559   518   518 I PackageWatchdog: Syncing health check requests for packages: {}
06-25 03:41:36.559   518   518 D ExplicitHealthCheckController: Getting health check supported packages
06-25 03:41:36.560   518  1779 I ExplicitHealthCheckController: Explicit health check supported packages [PackageConfig{com.google.android.networkstack, 86400000}]
06-25 03:41:36.560   518  1779 D PackageWatchdog: Received supported packages [PackageConfig{com.google.android.networkstack, 86400000}]
06-25 03:41:36.560   518  1779 D ExplicitHealthCheckController: Getting health check requested packages
06-25 03:41:36.560   518  1779 I ExplicitHealthCheckController: Explicit health check requested packages []
06-25 03:41:36.560   518  1779 I ExplicitHealthCheckController: No more health check requests, unbinding...
06-25 03:41:36.561   518  1779 I ExplicitHealthCheckController: Explicit health check service is unbound
06-25 03:41:36.563   518   622 I RescueParty: Starting to observe: [com.google.android.permissioncontroller], updated namespace: permissions
06-25 03:41:36.564   518   551 I PackageWatchdog: Syncing state, reason: observing new packages
06-25 03:41:36.564   518   551 D PackageWatchdog: rescue-party-observer added the following packages to monitor [com.google.android.permissioncontroller]
06-25 03:41:36.564   518   551 I PackageWatchdog: Syncing state, reason: updated observers
06-25 03:41:36.564   518   551 I PackageWatchdog: Saving observer state to file
06-25 03:41:36.568   518   518 I PackageWatchdog: Syncing health check requests for packages: {}
06-25 03:41:36.568   518   518 I ExplicitHealthCheckController: Service not ready to get health check supported packages. Binding...
06-25 03:41:36.570   518   518 I ExplicitHealthCheckController: Explicit health check service is bound
06-25 03:41:36.570   518   518 I PackageWatchdog: Syncing health check requests for packages: {}
06-25 03:41:36.570   518   518 I ExplicitHealthCheckController: Service not ready to get health check supported packages. Binding...
06-25 03:41:36.570   518   518 I ExplicitHealthCheckController: Not binding to service, service already connecting
06-25 03:41:36.570   518   518 I ExplicitHealthCheckController: Explicit health check service is connected ComponentInfo{com.google.android.ext.services/android.ext.services.watchdog.ExplicitHealthCheckServiceImpl}
06-25 03:41:36.571   518   518 I ExplicitHealthCheckController: Service initialized, syncing requests
06-25 03:41:36.571   518   518 I PackageWatchdog: Syncing health check requests for packages: {}
06-25 03:41:36.571   518   518 D ExplicitHealthCheckController: Getting health check supported packages
06-25 03:41:36.572   518   965 I ExplicitHealthCheckController: Explicit health check supported packages [PackageConfig{com.google.android.networkstack, 86400000}]
06-25 03:41:36.572   518   965 D PackageWatchdog: Received supported packages [PackageConfig{com.google.android.networkstack, 86400000}]
06-25 03:41:36.572   518   965 D ExplicitHealthCheckController: Getting health check requested packages
06-25 03:41:36.573   518   965 I ExplicitHealthCheckController: Explicit health check requested packages []
06-25 03:41:36.573   518   965 I ExplicitHealthCheckController: No more health check requests, unbinding...
06-25 03:41:36.574   518   965 I ExplicitHealthCheckController: Explicit health check service is unbound
06-25 03:41:36.605   518   622 I RescueParty: Starting to observe: [android], updated namespace: wifi
06-25 03:41:36.608   518   551 I PackageWatchdog: Syncing state, reason: observing new packages
06-25 03:41:36.608   518   551 D PackageWatchdog: rescue-party-observer added the following packages to monitor [android]
06-25 03:41:36.608   518   551 I PackageWatchdog: Syncing state, reason: updated observers
06-25 03:41:36.608   518   551 I PackageWatchdog: Saving observer state to file
06-25 03:41:36.618   518   518 I PackageWatchdog: Syncing health check requests for packages: {}
06-25 03:41:36.618   518   518 I ExplicitHealthCheckController: Service not ready to get health check supported packages. Binding...
06-25 03:41:36.620  7423  7459 D Maestro : Requesting view hierarchy
06-25 03:41:36.621  7423  7459 W QueryController: Could not detect idle state.
06-25 03:41:36.623   518   518 I ExplicitHealthCheckController: Explicit health check service is bound
06-25 03:41:36.623  7423  7459 W QueryController: Could not detect idle state.
06-25 03:41:36.625   518   518 I ExplicitHealthCheckController: Explicit health check service is connected ComponentInfo{com.google.android.ext.services/android.ext.services.watchdog.ExplicitHealthCheckServiceImpl}
06-25 03:41:36.625   518   518 I ExplicitHealthCheckController: Service initialized, syncing requests
06-25 03:41:36.625   518   518 I PackageWatchdog: Syncing health check requests for packages: {}
06-25 03:41:36.625   518   518 D ExplicitHealthCheckController: Getting health check supported packages
06-25 03:41:36.627   518   965 I ExplicitHealthCheckController: Explicit health check supported packages [PackageConfig{com.google.android.networkstack, 86400000}]
06-25 03:41:36.627   518   965 D PackageWatchdog: Received supported packages [PackageConfig{com.google.android.networkstack, 86400000}]
06-25 03:41:36.627   518   965 D ExplicitHealthCheckController: Getting health check requested packages
06-25 03:41:36.630   518   965 I ExplicitHealthCheckController: Explicit health check requested packages []
06-25 03:41:36.630   518   965 I ExplicitHealthCheckController: No more health check requests, unbinding...
06-25 03:41:36.631   518   965 I ExplicitHealthCheckController: Explicit health check service is unbound
06-25 03:41:36.636  7423  7459 I Maestro : Skipping invisible child: android.view.accessibility.AccessibilityNodeInfo@128aa; boundsInParent: Rect(0, 0 - 320, 0); boundsInScreen: Rect(0, 0 - 320, 0); boundsInWindow: Rect(0, 0 - 320, 0); packageName: com.hanapkalinga.mobile; className: android.widget.LinearLayout; text: null; error: null; maxTextLength: -1; stateDescription: null; contentDescription: null; tooltipText: null; containerTitle: null; viewIdResName: null; uniqueId: null; checkable: false; checked: false; focusable: false; focused: false; selected: false; clickable: false; longClickable: false; contextClickable: false; enabled: true; password: false; scrollable: false; importantForAccessibility: false; visible: false; actions: [AccessibilityAction: ACTION_SELECT - null, AccessibilityAction: ACTION_CLEAR_SELECTION - null, AccessibilityAction: ACTION_ACCESSIBILITY_FOCUS - null, AccessibilityAction: ACTION_SHOW_ON_SCREEN - null]; isTextSelectable: false
06-25 03:41:36.637  7423  7459 I Maestro : Skipping invisible child: android.view.accessibility.AccessibilityNodeInfo@124e9; boundsInParent: Rect(0, 0 - 320, 0); boundsInScreen: Rect(0, 0 - 320, 0); boundsInWindow: Rect(0, 0 - 320, 0); packageName: com.hanapkalinga.mobile; className: android.view.ViewGroup; text: null; error: null; maxTextLength: -1; stateDescription: null; contentDescription: null; tooltipText: null; containerTitle: null; viewIdResName: null; uniqueId: null; checkable: false; checked: false; focusable: false; focused: false; selected: false; clickable: false; longClickable: false; contextClickable: false; enabled: true; password: false; scrollable: false; importantForAccessibility: false; visible: false; actions: [AccessibilityAction: ACTION_SELECT - null, AccessibilityAction: ACTION_CLEAR_SELECTION - null, AccessibilityAction: ACTION_ACCESSIBILITY_FOCUS - null, AccessibilityAction: ACTION_SHOW_ON_SCREEN - null]; isTextSelectable: false
06-25 03:41:36.638  7423  7459 I Maestro : Skipping invisible child: android.view.accessibility.AccessibilityNodeInfo@1a48b; boundsInParent: Rect(0, 0 - 320, 0); boundsInScreen: Rect(0, 0 - 320, 0); boundsInWindow: Rect(0, 0 - 320, 0); packageName: com.hanapkalinga.mobile; className: android.widget.LinearLayout; text: null; error: null; maxTextLength: -1; stateDescription: null; contentDescription: null; tooltipText: null; containerTitle: null; viewIdResName: null; uniqueId: null; checkable: false; checked: false; focusable: false; focused: false; selected: false; clickable: false; longClickable: false; contextClickable: false; enabled: true; password: false; scrollable: false; importantForAccessibility: false; visible: false; actions: [AccessibilityAction: ACTION_SELECT - null, AccessibilityAction: ACTION_CLEAR_SELECTION - null, AccessibilityAction: ACTION_ACCESSIBILITY_FOCUS - null, AccessibilityAction: ACTION_SHOW_ON_SCREEN - null]; isTextSelectable: false
06-25 03:41:36.642  7423  7459 I Maestro : Skipping invisible child: android.view.accessibility.AccessibilityNodeInfo@1a0ca; boundsInParent: Rect(0, 0 - 320, 0); boundsInScreen: Rect(0, 0 - 320, 0); boundsInWindow: Rect(0, 0 - 320, 0); packageName: com.hanapkalinga.mobile; className: android.view.ViewGroup; text: null; error: null; maxTextLength: -1; stateDescription: null; contentDescription: null; tooltipText: null; containerTitle: null; viewIdResName: null; uniqueId: null; checkable: false; checked: false; focusable: false; focused: false; selected: false; clickable: false; longClickable: false; contextClickable: false; enabled: true; password: false; scrollable: false; importantForAccessibility: false; visible: false; actions: [AccessibilityAction: ACTION_SELECT - null, AccessibilityAction: ACTION_CLEAR_SELECTION - null, AccessibilityAction: ACTION_ACCESSIBILITY_FOCUS - null, AccessibilityAction: ACTION_SHOW_ON_SCREEN - null]; isTextSelectable: false
06-25 03:41:36.673   518   622 I RescueParty: Starting to observe: [android], updated namespace: edgetpu_native
06-25 03:41:36.674   518   551 I PackageWatchdog: Syncing state, reason: observing new packages
06-25 03:41:36.679   518   622 I RescueParty: Starting to observe: [android], updated namespace: appsearch
06-25 03:41:36.680   518   551 D PackageWatchdog: rescue-party-observer added the following packages to monitor [android]
06-25 03:41:36.682   518   518 I PackageWatchdog: Syncing health check requests for packages: {}
06-25 03:41:36.682   518   518 I ExplicitHealthCheckController: Service not ready to get health check supported packages. Binding...
06-25 03:41:36.683   518   551 I PackageWatchdog: Syncing state, reason: updated observers
06-25 03:41:36.685   518   551 I PackageWatchdog: Saving observer state to file
06-25 03:41:36.685   518   518 I ExplicitHealthCheckController: Explicit health check service is bound
06-25 03:41:36.687   518   551 I PackageWatchdog: Syncing state, reason: observing new packages
06-25 03:41:36.687   518   551 D PackageWatchdog: rescue-party-observer added the following packages to monitor [android]
06-25 03:41:36.687   518   551 I PackageWatchdog: Syncing state, reason: updated observers
06-25 03:41:36.687   518   551 I PackageWatchdog: Not pruning observers, elapsed time: 0ms
06-25 03:41:36.687   518   551 I PackageWatchdog: Saving observer state to file
06-25 03:41:36.689  7423  7459 D Maestro : View hierarchy received in 69 ms
06-25 03:41:36.689   518   518 I PackageWatchdog: Syncing health check requests for packages: {}
06-25 03:41:36.689   518   518 I ExplicitHealthCheckController: Service not ready to get health check supported packages. Binding...
06-25 03:41:36.689   518   518 I ExplicitHealthCheckController: Not binding to service, service already connecting
06-25 03:41:36.689   518   518 I ExplicitHealthCheckController: Explicit health check service is connected ComponentInfo{com.google.android.ext.services/android.ext.services.watchdog.ExplicitHealthCheckServiceImpl}
06-25 03:41:36.690   518   518 I ExplicitHealthCheckController: Service initialized, syncing requests
06-25 03:41:36.690   518   518 I PackageWatchdog: Syncing health check requests for packages: {}
06-25 03:41:36.690   518   518 D ExplicitHealthCheckController: Getting health check supported packages
06-25 03:41:36.691   518   965 I ExplicitHealthCheckController: Explicit health check supported packages [PackageConfig{com.google.android.networkstack, 86400000}]
06-25 03:41:36.691   518   965 D PackageWatchdog: Received supported packages [PackageConfig{com.google.android.networkstack, 86400000}]
06-25 03:41:36.691   518   965 D ExplicitHealthCheckController: Getting health check requested packages
06-25 03:41:36.691   518   965 I ExplicitHealthCheckController: Explicit health check requested packages []
06-25 03:41:36.691   518   965 I ExplicitHealthCheckController: No more health check requests, unbinding...
06-25 03:41:36.692   518   965 I ExplicitHealthCheckController: Explicit health check service is unbound
06-25 03:41:36.704   518   622 I RescueParty: Starting to observe: [com.google.android.apps.nexuslauncher, com.android.settings, com.android.systemui], updated namespace: interaction_jank_monitor
06-25 03:41:36.705   518   551 I PackageWatchdog: Syncing state, reason: observing new packages
06-25 03:41:36.705   518   551 D PackageWatchdog: rescue-party-observer added the following packages to monitor [com.google.android.apps.nexuslauncher, com.android.settings, com.android.systemui]
06-25 03:41:36.705   518   551 I PackageWatchdog: Syncing state, reason: updated observers
06-25 03:41:36.705   518   551 I PackageWatchdog: Not pruning observers, elapsed time: 0ms
06-25 03:41:36.705   518   551 I PackageWatchdog: Saving observer state to file
06-25 03:41:36.706   518   518 I PackageWatchdog: Syncing health check requests for packages: {}
06-25 03:41:36.706   518   518 I ExplicitHealthCheckController: Service not ready to get health check supported packages. Binding...
06-25 03:41:36.708   518   518 I ExplicitHealthCheckController: Explicit health check service is bound
06-25 03:41:36.708   518   518 I ExplicitHealthCheckController: Explicit health check service is connected ComponentInfo{com.google.android.ext.services/android.ext.services.watchdog.ExplicitHealthCheckServiceImpl}
06-25 03:41:36.708   518   518 I ExplicitHealthCheckController: Service initialized, syncing requests
06-25 03:41:36.708   518   518 I PackageWatchdog: Syncing health check requests for packages: {}
06-25 03:41:36.708   518   518 D ExplicitHealthCheckController: Getting health check supported packages
06-25 03:41:36.709   518   965 I ExplicitHealthCheckController: Explicit health check supported packages [PackageConfig{com.google.android.networkstack, 86400000}]
06-25 03:41:36.709   518   965 D PackageWatchdog: Received supported packages [PackageConfig{com.google.android.networkstack, 86400000}]
06-25 03:41:36.709   518   965 D ExplicitHealthCheckController: Getting health check requested packages
06-25 03:41:36.710   518   965 I ExplicitHealthCheckController: Explicit health check requested packages []
06-25 03:41:36.710   518   965 I ExplicitHealthCheckController: No more health check requests, unbinding...
06-25 03:41:36.711   518   965 I ExplicitHealthCheckController: Explicit health check service is unbound
06-25 03:41:36.712   518   622 I RescueParty: Starting to observe: [android], updated namespace: wearable_sensing
06-25 03:41:36.712   518   551 I PackageWatchdog: Syncing state, reason: observing new packages
06-25 03:41:36.712   518   551 D PackageWatchdog: rescue-party-observer added the following packages to monitor [android]
06-25 03:41:36.712   518   551 I PackageWatchdog: Syncing state, reason: updated observers
06-25 03:41:36.712   518   551 I PackageWatchdog: Saving observer state to file
06-25 03:41:36.713   518   518 I PackageWatchdog: Syncing health check requests for packages: {}
06-25 03:41:36.713   518   518 I ExplicitHealthCheckController: Service not ready to get health check supported packages. Binding...
06-25 03:41:36.713   518   518 I ExplicitHealthCheckController: Explicit health check service is bound
06-25 03:41:36.714   518   518 I PackageWatchdog: Syncing health check requests for packages: {}
06-25 03:41:36.714   518   518 I ExplicitHealthCheckController: Service not ready to get health check supported packages. Binding...
06-25 03:41:36.714   518   518 I ExplicitHealthCheckController: Not binding to service, service already connecting
06-25 03:41:36.715   518   518 I ExplicitHealthCheckController: Explicit health check service is connected ComponentInfo{com.google.android.ext.services/android.ext.services.watchdog.ExplicitHealthCheckServiceImpl}
06-25 03:41:36.715   518   518 I ExplicitHealthCheckController: Service initialized, syncing requests
06-25 03:41:36.715   518   518 I PackageWatchdog: Syncing health check requests for packages: {}
06-25 03:41:36.715   518   518 D ExplicitHealthCheckController: Getting health check supported packages
06-25 03:41:36.715   518  2160 I ExplicitHealthCheckController: Explicit health check supported packages [PackageConfig{com.google.android.networkstack, 86400000}]
06-25 03:41:36.715   518  2160 D PackageWatchdog: Received supported packages [PackageConfig{com.google.android.networkstack, 86400000}]
06-25 03:41:36.715   518  2160 D ExplicitHealthCheckController: Getting health check requested packages
06-25 03:41:36.716   518  2160 I ExplicitHealthCheckController: Explicit health check requested packages []
06-25 03:41:36.716   518  2160 I ExplicitHealthCheckController: No more health check requests, unbinding...
06-25 03:41:36.716   518  2160 I ExplicitHealthCheckController: Explicit health check service is unbound
06-25 03:41:36.718   518   622 I RescueParty: Starting to observe: [android], updated namespace: runtime_native
06-25 03:41:36.718   518   551 I PackageWatchdog: Syncing state, reason: observing new packages
06-25 03:41:36.718   518   551 D PackageWatchdog: rescue-party-observer added the following packages to monitor [android]
06-25 03:41:36.718   518   551 I PackageWatchdog: Syncing state, reason: updated observers
06-25 03:41:36.718   518   551 I PackageWatchdog: Not pruning observers, elapsed time: 0ms
06-25 03:41:36.718   518   551 I PackageWatchdog: Saving observer state to file
06-25 03:41:36.720   518   518 I PackageWatchdog: Syncing health check requests for packages: {}
06-25 03:41:36.720   518   518 I ExplicitHealthCheckController: Service not ready to get health check supported packages. Binding...
06-25 03:41:36.721   518   518 I ExplicitHealthCheckController: Explicit health check service is bound
06-25 03:41:36.723   518   518 I ExplicitHealthCheckController: Explicit health check service is connected ComponentInfo{com.google.android.ext.services/android.ext.services.watchdog.ExplicitHealthCheckServiceImpl}
06-25 03:41:36.723   518   518 I ExplicitHealthCheckController: Service initialized, syncing requests
06-25 03:41:36.723   518   518 I PackageWatchdog: Syncing health check requests for packages: {}
06-25 03:41:36.723   518   518 D ExplicitHealthCheckController: Getting health check supported packages
06-25 03:41:36.723   518   965 I ExplicitHealthCheckController: Explicit health check supported packages [PackageConfig{com.google.android.networkstack, 86400000}]
06-25 03:41:36.723   518   965 D PackageWatchdog: Received supported packages [PackageConfig{com.google.android.networkstack, 86400000}]
06-25 03:41:36.723   518   965 D ExplicitHealthCheckController: Getting health check requested packages
06-25 03:41:36.724   518   965 I ExplicitHealthCheckController: Explicit health check requested packages []
06-25 03:41:36.724   518   965 I ExplicitHealthCheckController: No more health check requests, unbinding...
06-25 03:41:36.724   518   965 I ExplicitHealthCheckController: Explicit health check service is unbound
06-25 03:41:36.755  7423  7459 D Maestro : Requesting view hierarchy
06-25 03:41:36.755  7423  7459 W QueryController: Could not detect idle state.
06-25 03:41:36.756  7423  7459 W QueryController: Could not detect idle state.
06-25 03:41:36.762  7423  7459 I Maestro : Skipping invisible child: android.view.accessibility.AccessibilityNodeInfo@128aa; boundsInParent: Rect(0, 0 - 320, 0); boundsInScreen: Rect(0, 0 - 320, 0); boundsInWindow: Rect(0, 0 - 320, 0); packageName: com.hanapkalinga.mobile; className: android.widget.LinearLayout; text: null; error: null; maxTextLength: -1; stateDescription: null; contentDescription: null; tooltipText: null; containerTitle: null; viewIdResName: null; uniqueId: null; checkable: false; checked: false; focusable: false; focused: false; selected: false; clickable: false; longClickable: false; contextClickable: false; enabled: true; password: false; scrollable: false; importantForAccessibility: false; visible: false; actions: [AccessibilityAction: ACTION_SELECT - null, AccessibilityAction: ACTION_CLEAR_SELECTION - null, AccessibilityAction: ACTION_ACCESSIBILITY_FOCUS - null, AccessibilityAction: ACTION_SHOW_ON_SCREEN - null]; isTextSelectable: false
06-25 03:41:36.762  7423  7459 I Maestro : Skipping invisible child: android.view.accessibility.AccessibilityNodeInfo@124e9; boundsInParent: Rect(0, 0 - 320, 0); boundsInScreen: Rect(0, 0 - 320, 0); boundsInWindow: Rect(0, 0 - 320, 0); packageName: com.hanapkalinga.mobile; className: android.view.ViewGroup; text: null; error: null; maxTextLength: -1; stateDescription: null; contentDescription: null; tooltipText: null; containerTitle: null; viewIdResName: null; uniqueId: null; checkable: false; checked: false; focusable: false; focused: false; selected: false; clickable: false; longClickable: false; contextClickable: false; enabled: true; password: false; scrollable: false; importantForAccessibility: false; visible: false; actions: [AccessibilityAction: ACTION_SELECT - null, AccessibilityAction: ACTION_CLEAR_SELECTION - null, AccessibilityAction: ACTION_ACCESSIBILITY_FOCUS - null, AccessibilityAction: ACTION_SHOW_ON_SCREEN - null]; isTextSelectable: false
06-25 03:41:36.763  7423  7459 I Maestro : Skipping invisible child: android.view.accessibility.AccessibilityNodeInfo@1a48b; boundsInParent: Rect(0, 0 - 320, 0); boundsInScreen: Rect(0, 0 - 320, 0); boundsInWindow: Rect(0, 0 - 320, 0); packageName: com.hanapkalinga.mobile; className: android.widget.LinearLayout; text: null; error: null; maxTextLength: -1; stateDescription: null; contentDescription: null; tooltipText: null; containerTitle: null; viewIdResName: null; uniqueId: null; checkable: false; checked: false; focusable: false; focused: false; selected: false; clickable: false; longClickable: false; contextClickable: false; enabled: true; password: false; scrollable: false; importantForAccessibility: false; visible: false; actions: [AccessibilityAction: ACTION_SELECT - null, AccessibilityAction: ACTION_CLEAR_SELECTION - null, AccessibilityAction: ACTION_ACCESSIBILITY_FOCUS - null, AccessibilityAction: ACTION_SHOW_ON_SCREEN - null]; isTextSelectable: false
06-25 03:41:36.763  7423  7459 I Maestro : Skipping invisible child: android.view.accessibility.AccessibilityNodeInfo@1a0ca; boundsInParent: Rect(0, 0 - 320, 0); boundsInScreen: Rect(0, 0 - 320, 0); boundsInWindow: Rect(0, 0 - 320, 0); packageName: com.hanapkalinga.mobile; className: android.view.ViewGroup; text: null; error: null; maxTextLength: -1; stateDescription: null; contentDescription: null; tooltipText: null; containerTitle: null; viewIdResName: null; uniqueId: null; checkable: false; checked: false; focusable: false; focused: false; selected: false; clickable: false; longClickable: false; contextClickable: false; enabled: true; password: false; scrollable: false; importantForAccessibility: false; visible: false; actions: [AccessibilityAction: ACTION_SELECT - null, AccessibilityAction: ACTION_CLEAR_SELECTION - null, AccessibilityAction: ACTION_ACCESSIBILITY_FOCUS - null, AccessibilityAction: ACTION_SHOW_ON_SCREEN - null]; isTextSelectable: false
06-25 03:41:36.791   518   622 I RescueParty: Starting to observe: [android], updated namespace: adservices
06-25 03:41:36.791   518   551 I PackageWatchdog: Syncing state, reason: observing new packages
06-25 03:41:36.791   518   551 D PackageWatchdog: rescue-party-observer added the following packages to monitor [android]
06-25 03:41:36.791   518   551 I PackageWatchdog: Syncing state, reason: updated observers
06-25 03:41:36.791   518   551 I PackageWatchdog: Not pruning observers, elapsed time: 0ms
06-25 03:41:36.791   518   551 I PackageWatchdog: Saving observer state to file
06-25 03:41:36.798   518   518 I PackageWatchdog: Syncing health check requests for packages: {}
06-25 03:41:36.798   518   518 I ExplicitHealthCheckController: Service not ready to get health check supported packages. Binding...
06-25 03:41:36.800   518   518 I ExplicitHealthCheckController: Explicit health check service is bound
06-25 03:41:36.803   518   518 I ExplicitHealthCheckController: Explicit health check service is connected ComponentInfo{com.google.android.ext.services/android.ext.services.watchdog.ExplicitHealthCheckServiceImpl}
06-25 03:41:36.803   518   518 I ExplicitHealthCheckController: Service initialized, syncing requests
06-25 03:41:36.805   518   518 I PackageWatchdog: Syncing health check requests for packages: {}
06-25 03:41:36.805   518   518 D ExplicitHealthCheckController: Getting health check supported packages
06-25 03:41:36.806   518   965 I ExplicitHealthCheckController: Explicit health check supported packages [PackageConfig{com.google.android.networkstack, 86400000}]
06-25 03:41:36.806   518   965 D PackageWatchdog: Received supported packages [PackageConfig{com.google.android.networkstack, 86400000}]
06-25 03:41:36.806   518   965 D ExplicitHealthCheckController: Getting health check requested packages
06-25 03:41:36.806   518   965 I ExplicitHealthCheckController: Explicit health check requested packages []
06-25 03:41:36.806   518   965 I ExplicitHealthCheckController: No more health check requests, unbinding...
06-25 03:41:36.808   518   965 I ExplicitHealthCheckController: Explicit health check service is unbound
06-25 03:41:36.817  7423  7459 D Maestro : View hierarchy received in 62 ms
06-25 03:41:36.823   518   622 I RescueParty: Starting to observe: [android], updated namespace: tare
06-25 03:41:36.824   518   551 I PackageWatchdog: Syncing state, reason: observing new packages
06-25 03:41:36.824   518   551 D PackageWatchdog: rescue-party-observer added the following packages to monitor [android]
06-25 03:41:36.824   518   551 I PackageWatchdog: Syncing state, reason: updated observers
06-25 03:41:36.824   518   551 I PackageWatchdog: Not pruning observers, elapsed time: 0ms
06-25 03:41:36.824   518   551 I PackageWatchdog: Saving observer state to file
06-25 03:41:36.824   518   518 I PackageWatchdog: Syncing health check requests for packages: {}
06-25 03:41:36.824   518   518 I ExplicitHealthCheckController: Service not ready to get health check supported packages. Binding...
06-25 03:41:36.825   518   518 I ExplicitHealthCheckController: Explicit health check service is bound
06-25 03:41:36.826   518   518 I PackageWatchdog: Syncing health check requests for packages: {}
06-25 03:41:36.826   518   518 I ExplicitHealthCheckController: Service not ready to get health check supported packages. Binding...
06-25 03:41:36.826   518   518 I ExplicitHealthCheckController: Not binding to service, service already connecting
06-25 03:41:36.826   518   518 I ExplicitHealthCheckController: Explicit health check service is connected ComponentInfo{com.google.android.ext.services/android.ext.services.watchdog.ExplicitHealthCheckServiceImpl}
06-25 03:41:36.826   518   518 I ExplicitHealthCheckController: Service initialized, syncing requests
06-25 03:41:36.826   518   518 I PackageWatchdog: Syncing health check requests for packages: {}
06-25 03:41:36.826   518   518 D ExplicitHealthCheckController: Getting health check supported packages
06-25 03:41:36.827   518   535 I ExplicitHealthCheckController: Explicit health check supported packages [PackageConfig{com.google.android.networkstack, 86400000}]
06-25 03:41:36.828   518   535 D PackageWatchdog: Received supported packages [PackageConfig{com.google.android.networkstack, 86400000}]
06-25 03:41:36.828   518   535 D ExplicitHealthCheckController: Getting health check requested packages
06-25 03:41:36.829   518   535 I ExplicitHealthCheckController: Explicit health check requested packages []
06-25 03:41:36.829   518   535 I ExplicitHealthCheckController: No more health check requests, unbinding...
06-25 03:41:36.829   518   535 I ExplicitHealthCheckController: Explicit health check service is unbound
06-25 03:41:36.851   518   622 I RescueParty: Starting to observe: [android], updated namespace: lmkd_native
06-25 03:41:36.851   518   551 I PackageWatchdog: Syncing state, reason: observing new packages
06-25 03:41:36.852   518   551 D PackageWatchdog: rescue-party-observer added the following packages to monitor [android]
06-25 03:41:36.852   518   551 I PackageWatchdog: Syncing state, reason: updated observers
06-25 03:41:36.852   518   551 I PackageWatchdog: Not pruning observers, elapsed time: 0ms
06-25 03:41:36.852   518   551 I PackageWatchdog: Saving observer state to file
--------- beginning of kernel
06-25 03:41:37.299     0     0 I init    : processing action (persist.device_config.lmkd_native.thrashing_limit_critical=*) from (/system/etc/init/lmkd.rc:44)
06-25 03:41:37.305     0     0 I init    : processing action (lmkd.reinit=1) from (/system/etc/init/lmkd.rc:10)
06-25 03:41:36.864   518   518 I PackageWatchdog: Syncing health check requests for packages: {}
06-25 03:41:36.864   518   518 I ExplicitHealthCheckController: Service not ready to get health check supported packages. Binding...
06-25 03:41:36.865   518   518 I ExplicitHealthCheckController: Explicit health check service is bound
06-25 03:41:37.310     0     0 I init    : starting service 'exec 24 (/system/bin/lmkd --reinit)'...
06-25 03:41:36.870   518   518 I ExplicitHealthCheckController: Explicit health check service is connected ComponentInfo{com.google.android.ext.services/android.ext.services.watchdog.ExplicitHealthCheckServiceImpl}
06-25 03:41:36.871   518   518 I ExplicitHealthCheckController: Service initialized, syncing requests
06-25 03:41:36.871   518   518 I PackageWatchdog: Syncing health check requests for packages: {}
06-25 03:41:36.871   518   518 D ExplicitHealthCheckController: Getting health check supported packages
06-25 03:41:36.874   518   535 I ExplicitHealthCheckController: Explicit health check supported packages [PackageConfig{com.google.android.networkstack, 86400000}]
06-25 03:41:36.874   518   535 D PackageWatchdog: Received supported packages [PackageConfig{com.google.android.networkstack, 86400000}]
06-25 03:41:36.874   518   535 D ExplicitHealthCheckController: Getting health check requested packages
06-25 03:41:36.875   518  2160 I ExplicitHealthCheckController: Explicit health check requested packages []
06-25 03:41:36.875   518  2160 I ExplicitHealthCheckController: No more health check requests, unbinding...
06-25 03:41:36.875   518  2160 I ExplicitHealthCheckController: Explicit health check service is unbound
06-25 03:41:36.885  7423  7459 D Maestro : Requesting view hierarchy
06-25 03:41:36.887  7423  7459 W QueryController: Could not detect idle state.
06-25 03:41:36.887  7423  7459 W QueryController: Could not detect idle state.
06-25 03:41:37.334     0     0 I init    : ... started service 'exec 24 (/system/bin/lmkd --reinit)' has pid 7711
06-25 03:41:36.896  7423  7459 I Maestro : Skipping invisible child: android.view.accessibility.AccessibilityNodeInfo@128aa; boundsInParent: Rect(0, 0 - 320, 0); boundsInScreen: Rect(0, 0 - 320, 0); boundsInWindow: Rect(0, 0 - 320, 0); packageName: com.hanapkalinga.mobile; className: android.widget.LinearLayout; text: null; error: null; maxTextLength: -1; stateDescription: null; contentDescription: null; tooltipText: null; containerTitle: null; viewIdResName: null; uniqueId: null; checkable: false; checked: false; focusable: false; focused: false; selected: false; clickable: false; longClickable: false; contextClickable: false; enabled: true; password: false; scrollable: false; importantForAccessibility: false; visible: false; actions: [AccessibilityAction: ACTION_SELECT - null, AccessibilityAction: ACTION_CLEAR_SELECTION - null, AccessibilityAction: ACTION_ACCESSIBILITY_FOCUS - null, AccessibilityAction: ACTION_SHOW_ON_SCREEN - null]; isTextSelectable: false
06-25 03:41:36.896  7423  7459 I Maestro : Skipping invisible child: android.view.accessibility.AccessibilityNodeInfo@124e9; boundsInParent: Rect(0, 0 - 320, 0); boundsInScreen: Rect(0, 0 - 320, 0); boundsInWindow: Rect(0, 0 - 320, 0); packageName: com.hanapkalinga.mobile; className: android.view.ViewGroup; text: null; error: null; maxTextLength: -1; stateDescription: null; contentDescription: null; tooltipText: null; containerTitle: null; viewIdResName: null; uniqueId: null; checkable: false; checked: false; focusable: false; focused: false; selected: false; clickable: false; longClickable: false; contextClickable: false; enabled: true; password: false; scrollable: false; importantForAccessibility: false; visible: false; actions: [AccessibilityAction: ACTION_SELECT - null, AccessibilityAction: ACTION_CLEAR_SELECTION - null, AccessibilityAction: ACTION_ACCESSIBILITY_FOCUS - null, AccessibilityAction: ACTION_SHOW_ON_SCREEN - null]; isTextSelectable: false
06-25 03:41:36.897  7423  7459 I Maestro : Skipping invisible child: android.view.accessibility.AccessibilityNodeInfo@1a48b; boundsInParent: Rect(0, 0 - 320, 0); boundsInScreen: Rect(0, 0 - 320, 0); boundsInWindow: Rect(0, 0 - 320, 0); packageName: com.hanapkalinga.mobile; className: android.widget.LinearLayout; text: null; error: null; maxTextLength: -1; stateDescription: null; contentDescription: null; tooltipText: null; containerTitle: null; viewIdResName: null; uniqueId: null; checkable: false; checked: false; focusable: false; focused: false; selected: false; clickable: false; longClickable: false; contextClickable: false; enabled: true; password: false; scrollable: false; importantForAccessibility: false; visible: false; actions: [AccessibilityAction: ACTION_SELECT - null, AccessibilityAction: ACTION_CLEAR_SELECTION - null, AccessibilityAction: ACTION_ACCESSIBILITY_FOCUS - null, AccessibilityAction: ACTION_SHOW_ON_SCREEN - null]; isTextSelectable: false
06-25 03:41:36.898  7423  7459 I Maestro : Skipping invisible child: android.view.accessibility.AccessibilityNodeInfo@1a0ca; boundsInParent: Rect(0, 0 - 320, 0); boundsInScreen: Rect(0, 0 - 320, 0); boundsInWindow: Rect(0, 0 - 320, 0); packageName: com.hanapkalinga.mobile; className: android.view.ViewGroup; text: null; error: null; maxTextLength: -1; stateDescription: null; contentDescription: null; tooltipText: null; containerTitle: null; viewIdResName: null; uniqueId: null; checkable: false; checked: false; focusable: false; focused: false; selected: false; clickable: false; longClickable: false; contextClickable: false; enabled: true; password: false; scrollable: false; importantForAccessibility: false; visible: false; actions: [AccessibilityAction: ACTION_SELECT - null, AccessibilityAction: ACTION_CLEAR_SELECTION - null, AccessibilityAction: ACTION_ACCESSIBILITY_FOCUS - null, AccessibilityAction: ACTION_SHOW_ON_SCREEN - null]; isTextSelectable: false
06-25 03:41:36.902   132   132 I lowmemorykiller: lmkd data connection established
06-25 03:41:36.907   518   622 I RescueParty: Starting to observe: [android], updated namespace: display_manager
06-25 03:41:36.908   518   551 I PackageWatchdog: Syncing state, reason: observing new packages
06-25 03:41:36.909   518   551 D PackageWatchdog: rescue-party-observer added the following packages to monitor [android]
06-25 03:41:36.909   518   551 I PackageWatchdog: Syncing state, reason: updated observers
06-25 03:41:36.909   518   551 I PackageWatchdog: Not pruning observers, elapsed time: 0ms
06-25 03:41:36.909   518   569 W BrightnessThrottler: DeviceConfig ThermalBrightnessThrottlingData is null
06-25 03:41:36.909   518   518 I PackageWatchdog: Syncing health check requests for packages: {}
06-25 03:41:36.909   518   518 I ExplicitHealthCheckController: Service not ready to get health check supported packages. Binding...
06-25 03:41:36.910   518   518 I ExplicitHealthCheckController: Explicit health check service is bound
06-25 03:41:36.911   518   518 I PackageWatchdog: Syncing health check requests for packages: {}
