06-25 03:41:37.340   518   518 I PackageWatchdog: Syncing health check requests for packages: {}
06-25 03:41:37.341   518   518 D ExplicitHealthCheckController: Getting health check supported packages
06-25 03:41:37.341   518  2122 I ExplicitHealthCheckController: Explicit health check supported packages [PackageConfig{com.google.android.networkstack, 86400000}]
06-25 03:41:37.341   518  2122 D PackageWatchdog: Received supported packages [PackageConfig{com.google.android.networkstack, 86400000}]
06-25 03:41:37.341   518  2122 D ExplicitHealthCheckController: Getting health check requested packages
06-25 03:41:37.342   518   551 D PackageWatchdog: rescue-party-observer added the following packages to monitor [android]
06-25 03:41:37.342   518  2122 I ExplicitHealthCheckController: Explicit health check requested packages []
06-25 03:41:37.342   518  2122 I ExplicitHealthCheckController: No more health check requests, unbinding...
06-25 03:41:37.343  1108  1108 D DeviceSearchAlg: search timeout = %d200
06-25 03:41:37.343   518  2122 I ExplicitHealthCheckController: Explicit health check service is unbound
06-25 03:41:37.343   518   551 I PackageWatchdog: Syncing state, reason: updated observers
06-25 03:41:37.343   518   518 I PackageWatchdog: Syncing health check requests for packages: {}
06-25 03:41:37.343   518   518 I ExplicitHealthCheckController: Service not ready to get health check supported packages. Binding...
06-25 03:41:37.344  1108  1108 W PageIndicator: Total number of pages invalid: 0. Assuming 1 page.
06-25 03:41:37.344  1108  1108 W BcSmartspaceView: Current card is not present in the Adapter; cannot log.
06-25 03:41:37.346   518   518 I ExplicitHealthCheckController: Explicit health check service is bound
06-25 03:41:37.346   518   518 I ExplicitHealthCheckController: Explicit health check service is connected ComponentInfo{com.google.android.ext.services/android.ext.services.watchdog.ExplicitHealthCheckServiceImpl}
06-25 03:41:37.346   518   518 I ExplicitHealthCheckController: Service initialized, syncing requests
06-25 03:41:37.347   518   518 I PackageWatchdog: Syncing health check requests for packages: {}
06-25 03:41:37.347   518   518 D ExplicitHealthCheckController: Getting health check supported packages
06-25 03:41:37.347   518   622 I RescueParty: Starting to observe: [android], updated namespace: package_manager_service
06-25 03:41:37.347  1108  1108 I OverviewComponentObserver: updateOverviewTargets: mIsHomeDisabled=false, isDefaultHomeNull=false, mIsDefaultHome=true
06-25 03:41:37.348   518   551 I PackageWatchdog: Saving observer state to file
06-25 03:41:37.348   518   907 I ExplicitHealthCheckController: Explicit health check supported packages [PackageConfig{com.google.android.networkstack, 86400000}]
06-25 03:41:37.349   518   907 D PackageWatchdog: Received supported packages [PackageConfig{com.google.android.networkstack, 86400000}]
06-25 03:41:37.349   518   907 D ExplicitHealthCheckController: Getting health check requested packages
06-25 03:41:37.349   518   551 I PackageWatchdog: Syncing state, reason: observing new packages
06-25 03:41:37.350   518   907 I ExplicitHealthCheckController: Explicit health check requested packages []
06-25 03:41:37.350   518   907 I ExplicitHealthCheckController: No more health check requests, unbinding...
06-25 03:41:37.350   518   518 I PackageWatchdog: Syncing health check requests for packages: {}
06-25 03:41:37.350   518   551 D PackageWatchdog: rescue-party-observer added the following packages to monitor [android]
06-25 03:41:37.350   518   551 I PackageWatchdog: Syncing state, reason: updated observers
06-25 03:41:37.350   518   551 I PackageWatchdog: Not pruning observers, elapsed time: 0ms
06-25 03:41:37.352   518   907 I ExplicitHealthCheckController: Explicit health check service is unbound
06-25 03:41:37.352   518   551 I PackageWatchdog: Saving observer state to file
06-25 03:41:37.352   518   518 I ExplicitHealthCheckController: Service not ready to get health check supported packages. Binding...
06-25 03:41:37.353   518   518 I ExplicitHealthCheckController: Explicit health check service is bound
06-25 03:41:37.356   518   518 I PackageWatchdog: Syncing health check requests for packages: {}
06-25 03:41:37.356   518   518 I ExplicitHealthCheckController: Service not ready to get health check supported packages. Binding...
06-25 03:41:37.356   518   518 I ExplicitHealthCheckController: Not binding to service, service already connecting
06-25 03:41:37.356   518   518 I ExplicitHealthCheckController: Explicit health check service is connected ComponentInfo{com.google.android.ext.services/android.ext.services.watchdog.ExplicitHealthCheckServiceImpl}
06-25 03:41:37.356   518   518 I ExplicitHealthCheckController: Service initialized, syncing requests
06-25 03:41:37.356   518   518 I PackageWatchdog: Syncing health check requests for packages: {}
06-25 03:41:37.356   518   518 D ExplicitHealthCheckController: Getting health check supported packages
06-25 03:41:37.358   518  2122 I ExplicitHealthCheckController: Explicit health check supported packages [PackageConfig{com.google.android.networkstack, 86400000}]
06-25 03:41:37.358   518  2122 D PackageWatchdog: Received supported packages [PackageConfig{com.google.android.networkstack, 86400000}]
06-25 03:41:37.358   518  2122 D ExplicitHealthCheckController: Getting health check requested packages
06-25 03:41:37.359   518  2122 I ExplicitHealthCheckController: Explicit health check requested packages []
06-25 03:41:37.360   518  2122 I ExplicitHealthCheckController: No more health check requests, unbinding...
06-25 03:41:37.361   518  2160 D SearchUiPerUserService: Creating SearchSessionInfo for session Id=com.google.android.apps.nexuslauncher:9317f2fa-b150-47f1-be46-c23cd1d17359,0
06-25 03:41:37.362   518  2160 D SearchUiPerUserService: Storing callback for session Id=com.google.android.apps.nexuslauncher:9317f2fa-b150-47f1-be46-c23cd1d17359,0 and callback=android.os.BinderProxy@cc26fa
06-25 03:41:37.363   518  2122 I ExplicitHealthCheckController: Explicit health check service is unbound
06-25 03:41:37.363  1658  1658 I AiAiEcho: SearchContextManagerImpl::setSearchContext resultTypes=[141151] extras=[Bundle[mParcelledData.dataSize=684]] sessionId=[com.google.android.apps.nexuslauncher:9317f2fa-b150-47f1-be46-c23cd1d17359,0]
06-25 03:41:37.364  1108  1146 D SearchTargetUtil:  query= size=1
06-25 03:41:37.364  1108  1146 D SearchTargetUtil: layoutType=icon_row resultType=4096 packageName= extras=Bundle{icon_container_enabled=true,zero_state_all_apps_web_suggest_count=3,rank=1.0,key_ipc_start=319096,hide_subtitle=true,zero_state_qsb_web_suggest_count=10,}ParentID: null targetID: SESSION_INFO:0::zero_state_flags
06-25 03:41:37.369   518  2122 W ProcessStats: Tracking association SourceState{c6c2227 com.google.android.googlequicksearchbox:search/10132 BFgs #15562} whose proc state 4 is better than process ProcessState{dead825 com.google.android.gms/10131 pkg=com.google.android.gms} proc state 8 (20 skipped)
06-25 03:41:37.372  1108  1108 I ContentCaptureHelper: Setting logging level to DEBUG
06-25 03:41:37.372  1108  1108 D ContentCaptureManager: setFlushViewTreeAppearingEventDisabled(): setting to false
06-25 03:41:37.372  1108  1108 D ContentCaptureManager: updateWindowAttributes(): window flags=-2137980672
06-25 03:41:37.378  7423  7459 D Maestro : Requesting view hierarchy
06-25 03:41:37.380  7423  7459 W QueryController: Could not detect idle state.
06-25 03:41:37.381  1108  1108 D MainContentCaptureSession: Destroying session (ctx=com.google.android.apps.nexuslauncher.NexusLauncherActivity@19a231d, id=346052028) with 0 event(s) for act:com.google.android.apps.nexuslauncher/.NexusLauncherActivity [state=2 (ACTIVE), disabled=false]
06-25 03:41:37.387  7423  7459 W QueryController: Could not detect idle state.
06-25 03:41:37.391  1108  1108 D AutofillManager: view is not autofillable - activity denied for autofill
06-25 03:41:37.392   518   907 D CoreBackPreview: Window{30f33dd u0 com.google.android.apps.nexuslauncher/com.google.android.apps.nexuslauncher.NexusLauncherActivity}: Setting back callback OnBackInvokedCallbackInfo{mCallback=android.window.IOnBackInvokedCallback$Stub$Proxy@78b0d4c, mPriority=0, mIsAnimationCallback=false}
06-25 03:41:37.393  1108  1146 I ImeTracker: com.google.android.apps.nexuslauncher:b574f2ae: onRequestHide at ORIGIN_CLIENT_HIDE_SOFT_INPUT reason HIDE_SOFT_INPUT
06-25 03:41:37.393  1108  1146 I ImeTracker: com.google.android.apps.nexuslauncher:b574f2ae: onFailed at PHASE_CLIENT_VIEW_SERVED
06-25 03:41:37.397  1108  1108 D TISBindHelper: TIS service connected
06-25 03:41:37.397  1108  1108 D b/254119092: Set mActivity=com.google.android.apps.nexuslauncher.NexusLauncherActivity@a2d294f
06-25 03:41:37.397  1108  1108 D b/254119092: mActivity and mContext agree taskbarIsPresent=false
06-25 03:41:37.398  1108  1108 D MainContentCaptureSession: handleScheduleFlush(act:com.google.android.apps.nexuslauncher/.NexusLauncherActivity [state=1 (WAITING_FOR_SERVER), disabled=false], reason=FORCE_FLUSH): not a timeout reason because mDirectServiceInterface is not ready yet
06-25 03:41:37.400   518   597 I ActivityTaskManager: Activity reported stop, but no longer stopping: ActivityRecord{ba1b041 u0 com.google.android.apps.nexuslauncher/.NexusLauncherActivity t7} STOPPED
06-25 03:41:37.420   518   622 I RescueParty: Starting to observe: [android, com.google.android.permissioncontroller, com.android.settings, com.android.systemui], updated namespace: privacy
06-25 03:41:37.422  1767  1767 I ImeTracker: com.google.android.googlequicksearchbox:search:231c36d: onRequestHide at ORIGIN_CLIENT_HIDE_SOFT_INPUT reason HIDE_SOFT_INPUT
06-25 03:41:37.422  1767  1767 I ImeTracker: com.google.android.googlequicksearchbox:search:231c36d: onFailed at PHASE_CLIENT_VIEW_SERVED
06-25 03:41:37.430   518   551 I PackageWatchdog: Syncing state, reason: observing new packages
06-25 03:41:37.430   518   551 D PackageWatchdog: rescue-party-observer added the following packages to monitor [android, com.google.android.permissioncontroller, com.android.settings, com.android.systemui]
06-25 03:41:37.430   518   551 I PackageWatchdog: Syncing state, reason: updated observers
06-25 03:41:37.430   518   551 I PackageWatchdog: Not pruning observers, elapsed time: 0ms
06-25 03:41:37.430   518   551 I PackageWatchdog: Saving observer state to file
06-25 03:41:37.435  1767  1767 W WindowOnBackDispatcher: sendCancelIfRunning: isInProgress=falsecallback=android.view.ViewRootImpl$$ExternalSyntheticLambda17@d251899
06-25 03:41:37.438   518  1864 D CoreBackPreview: Window{6952c11 u0 com.google.android.googlequicksearchbox/android.app.ContextImpl}: Setting back callback null
06-25 03:41:37.438   518  2160 W InputManager-JNI: Input channel object '6952c11 com.google.android.googlequicksearchbox/android.app.ContextImpl (client)' was disposed without first being removed with the input manager!
06-25 03:41:37.452   518  1864 D CoreBackPreview: Window{b33df76 u0 com.google.android.apps.nexuslauncher/com.google.android.apps.nexuslauncher.NexusLauncherActivity}: Setting back callback OnBackInvokedCallbackInfo{mCallback=android.window.IOnBackInvokedCallback$Stub$Proxy@b160613, mPriority=0, mIsAnimationCallback=false}
06-25 03:41:37.468   518   518 I PackageWatchdog: Syncing health check requests for packages: {}
06-25 03:41:37.469   518   518 I ExplicitHealthCheckController: Service not ready to get health check supported packages. Binding...
06-25 03:41:37.472   518   518 I ExplicitHealthCheckController: Explicit health check service is bound
06-25 03:41:37.480   518   518 I ExplicitHealthCheckController: Explicit health check service is connected ComponentInfo{com.google.android.ext.services/android.ext.services.watchdog.ExplicitHealthCheckServiceImpl}
06-25 03:41:37.480   518   518 I ExplicitHealthCheckController: Service initialized, syncing requests
06-25 03:41:37.480   518   518 I PackageWatchdog: Syncing health check requests for packages: {}
06-25 03:41:37.480   518   518 D ExplicitHealthCheckController: Getting health check supported packages
06-25 03:41:37.481   518  2122 I ExplicitHealthCheckController: Explicit health check supported packages [PackageConfig{com.google.android.networkstack, 86400000}]
06-25 03:41:37.481   518  2122 D PackageWatchdog: Received supported packages [PackageConfig{com.google.android.networkstack, 86400000}]
06-25 03:41:37.481   518  2122 D ExplicitHealthCheckController: Getting health check requested packages
06-25 03:41:37.482   518  2122 I ExplicitHealthCheckController: Explicit health check requested packages []
06-25 03:41:37.482   518  2122 I ExplicitHealthCheckController: No more health check requests, unbinding...
06-25 03:41:37.485   518  2122 I ExplicitHealthCheckController: Explicit health check service is unbound
06-25 03:41:37.489  7423  7459 I Maestro : Skipping invisible child: android.view.accessibility.AccessibilityNodeInfo@128aa; boundsInParent: Rect(0, 0 - 320, 0); boundsInScreen: Rect(0, 0 - 320, 0); boundsInWindow: Rect(0, 0 - 320, 0); packageName: com.hanapkalinga.mobile; className: android.widget.LinearLayout; text: null; error: null; maxTextLength: -1; stateDescription: null; contentDescription: null; tooltipText: null; containerTitle: null; viewIdResName: null; uniqueId: null; checkable: false; checked: false; focusable: false; focused: false; selected: false; clickable: false; longClickable: false; contextClickable: false; enabled: true; password: false; scrollable: false; importantForAccessibility: false; visible: false; actions: [AccessibilityAction: ACTION_SELECT - null, AccessibilityAction: ACTION_CLEAR_SELECTION - null, AccessibilityAction: ACTION_ACCESSIBILITY_FOCUS - null, AccessibilityAction: ACTION_SHOW_ON_SCREEN - null]; isTextSelectable: false
06-25 03:41:37.489  7423  7459 I Maestro : Skipping invisible child: android.view.accessibility.AccessibilityNodeInfo@124e9; boundsInParent: Rect(0, 0 - 320, 0); boundsInScreen: Rect(0, 0 - 320, 0); boundsInWindow: Rect(0, 0 - 320, 0); packageName: com.hanapkalinga.mobile; className: android.view.ViewGroup; text: null; error: null; maxTextLength: -1; stateDescription: null; contentDescription: null; tooltipText: null; containerTitle: null; viewIdResName: null; uniqueId: null; checkable: false; checked: false; focusable: false; focused: false; selected: false; clickable: false; longClickable: false; contextClickable: false; enabled: true; password: false; scrollable: false; importantForAccessibility: false; visible: false; actions: [AccessibilityAction: ACTION_SELECT - null, AccessibilityAction: ACTION_CLEAR_SELECTION - null, AccessibilityAction: ACTION_ACCESSIBILITY_FOCUS - null, AccessibilityAction: ACTION_SHOW_ON_SCREEN - null]; isTextSelectable: false
06-25 03:41:37.490  7423  7459 I Maestro : Skipping invisible child: android.view.accessibility.AccessibilityNodeInfo@1a48b; boundsInParent: Rect(0, 0 - 320, 0); boundsInScreen: Rect(0, 0 - 320, 0); boundsInWindow: Rect(0, 0 - 320, 0); packageName: com.hanapkalinga.mobile; className: android.widget.LinearLayout; text: null; error: null; maxTextLength: -1; stateDescription: null; contentDescription: null; tooltipText: null; containerTitle: null; viewIdResName: null; uniqueId: null; checkable: false; checked: false; focusable: false; focused: false; selected: false; clickable: false; longClickable: false; contextClickable: false; enabled: true; password: false; scrollable: false; importantForAccessibility: false; visible: false; actions: [AccessibilityAction: ACTION_SELECT - null, AccessibilityAction: ACTION_CLEAR_SELECTION - null, AccessibilityAction: ACTION_ACCESSIBILITY_FOCUS - null, AccessibilityAction: ACTION_SHOW_ON_SCREEN - null]; isTextSelectable: false
06-25 03:41:37.490  7423  7459 I Maestro : Skipping invisible child: android.view.accessibility.AccessibilityNodeInfo@1a0ca; boundsInParent: Rect(0, 0 - 320, 0); boundsInScreen: Rect(0, 0 - 320, 0); boundsInWindow: Rect(0, 0 - 320, 0); packageName: com.hanapkalinga.mobile; className: android.view.ViewGroup; text: null; error: null; maxTextLength: -1; stateDescription: null; contentDescription: null; tooltipText: null; containerTitle: null; viewIdResName: null; uniqueId: null; checkable: false; checked: false; focusable: false; focused: false; selected: false; clickable: false; longClickable: false; contextClickable: false; enabled: true; password: false; scrollable: false; importantForAccessibility: false; visible: false; actions: [AccessibilityAction: ACTION_SELECT - null, AccessibilityAction: ACTION_CLEAR_SELECTION - null, AccessibilityAction: ACTION_ACCESSIBILITY_FOCUS - null, AccessibilityAction: ACTION_SHOW_ON_SCREEN - null]; isTextSelectable: false
06-25 03:41:37.507   518   622 I RescueParty: Starting to observe: [android, com.google.android.as, com.android.systemui], updated namespace: systemui
06-25 03:41:37.508   518   551 I PackageWatchdog: Syncing state, reason: observing new packages
06-25 03:41:37.508   518   551 D PackageWatchdog: rescue-party-observer added the following packages to monitor [android, com.google.android.as, com.android.systemui]
06-25 03:41:37.508   518   551 I PackageWatchdog: Syncing state, reason: updated observers
06-25 03:41:37.508   518   551 I PackageWatchdog: Not pruning observers, elapsed time: 0ms
06-25 03:41:37.508   518   551 I PackageWatchdog: Saving observer state to file
06-25 03:41:37.511   518   518 I PackageWatchdog: Syncing health check requests for packages: {}
06-25 03:41:37.511   518   518 I ExplicitHealthCheckController: Service not ready to get health check supported packages. Binding...
06-25 03:41:37.512   518   518 I ExplicitHealthCheckController: Explicit health check service is bound
06-25 03:41:37.513   518   518 I ExplicitHealthCheckController: Explicit health check service is connected ComponentInfo{com.google.android.ext.services/android.ext.services.watchdog.ExplicitHealthCheckServiceImpl}
06-25 03:41:37.513   518   518 I ExplicitHealthCheckController: Service initialized, syncing requests
06-25 03:41:37.513   518   518 I PackageWatchdog: Syncing health check requests for packages: {}
06-25 03:41:37.513   518   518 D ExplicitHealthCheckController: Getting health check supported packages
06-25 03:41:37.515   518   535 D CompatibilityChangeReporter: Compat change id reported: 161252188; UID 10131; state: DISABLED
06-25 03:41:37.516   518  1864 I ExplicitHealthCheckController: Explicit health check supported packages [PackageConfig{com.google.android.networkstack, 86400000}]
06-25 03:41:37.516   518  1864 D PackageWatchdog: Received supported packages [PackageConfig{com.google.android.networkstack, 86400000}]
06-25 03:41:37.517  1658  2250 I AiAiEcho: Settings changed for uri: content://settings/secure/show_qr_code_scanner_setting
06-25 03:41:37.517   518  1864 D ExplicitHealthCheckController: Getting health check requested packages
06-25 03:41:37.518  1658  1762 I AiAiEcho: Predicting[0]: 
06-25 03:41:37.518  1658  1762 I AiAiEcho: EchoTargets: 
06-25 03:41:37.518  1658  1762 I AiAiEcho: Filtered by AiAi flag check: 
06-25 03:41:37.518  1658  1762 I AiAiEcho: Ranked targets strategy: SORT, count: 0, ranking metadata: 
06-25 03:41:37.518  1658  1762 I AiAiEcho: Predicting[0]: 
06-25 03:41:37.518   518  1864 I ExplicitHealthCheckController: Explicit health check requested packages []
06-25 03:41:37.518   518  1864 I ExplicitHealthCheckController: No more health check requests, unbinding...
06-25 03:41:37.520  1658  1762 I AiAiEcho: EchoTargets: 
06-25 03:41:37.520  1658  1762 I AiAiEcho: Filtered by AiAi flag check: 
06-25 03:41:37.520  1658  1762 I AiAiEcho: Ranked targets strategy: SORT, count: 0, ranking metadata: 
06-25 03:41:37.521  1658  1762 I AiAiEcho: #postPredictionTargets: Sending updates to UISurface lockscreen with targets# 0 (types=[])
06-25 03:41:37.521   518   622 I RescueParty: Starting to observe: [android], updated namespace: media
06-25 03:41:37.521  1658  1762 I AiAiEcho: #postPredictionTargets: Sending updates to UISurface home with targets# 0 (types=[])
06-25 03:41:37.521   518   551 I PackageWatchdog: Syncing state, reason: observing new packages
06-25 03:41:37.521   518   551 D PackageWatchdog: rescue-party-observer added the following packages to monitor [android]
06-25 03:41:37.521   518   551 I PackageWatchdog: Syncing state, reason: updated observers
06-25 03:41:37.521   518   551 I PackageWatchdog: Not pruning observers, elapsed time: 0ms
06-25 03:41:37.521   843   843 W PageIndicator: Total number of pages invalid: 0. Assuming 1 page.
06-25 03:41:37.521   518   551 I PackageWatchdog: Saving observer state to file
06-25 03:41:37.522   518  1864 I ExplicitHealthCheckController: Explicit health check service is unbound
06-25 03:41:37.523   518   518 I PackageWatchdog: Syncing health check requests for packages: {}
06-25 03:41:37.523   518   518 I ExplicitHealthCheckController: Service not ready to get health check supported packages. Binding...
06-25 03:41:37.526   518   518 I ExplicitHealthCheckController: Explicit health check service is bound
06-25 03:41:37.527   518   518 I ExplicitHealthCheckController: Explicit health check service is connected ComponentInfo{com.google.android.ext.services/android.ext.services.watchdog.ExplicitHealthCheckServiceImpl}
06-25 03:41:37.527   518   518 I ExplicitHealthCheckController: Service initialized, syncing requests
06-25 03:41:37.527   518   518 I PackageWatchdog: Syncing health check requests for packages: {}
06-25 03:41:37.527   518   518 D ExplicitHealthCheckController: Getting health check supported packages
06-25 03:41:37.527   518  1864 I ExplicitHealthCheckController: Explicit health check supported packages [PackageConfig{com.google.android.networkstack, 86400000}]
06-25 03:41:37.527   518  1864 D PackageWatchdog: Received supported packages [PackageConfig{com.google.android.networkstack, 86400000}]
06-25 03:41:37.527   518  1864 D ExplicitHealthCheckController: Getting health check requested packages
06-25 03:41:37.528   518  1864 I ExplicitHealthCheckController: Explicit health check requested packages []
06-25 03:41:37.528   518  1864 I ExplicitHealthCheckController: No more health check requests, unbinding...
06-25 03:41:37.529   518  1864 I ExplicitHealthCheckController: Explicit health check service is unbound
06-25 03:41:37.530  6090  7704 I bwir    : updateFromConfigurations using legacy put method [CONTEXT service_id=204 ]
06-25 03:41:37.537   518   622 I RescueParty: Starting to observe: [android], updated namespace: alarm_manager
06-25 03:41:37.537   518   551 I PackageWatchdog: Syncing state, reason: observing new packages
06-25 03:41:37.537   518   551 D PackageWatchdog: rescue-party-observer added the following packages to monitor [android]
06-25 03:41:37.537   518   551 I PackageWatchdog: Syncing state, reason: updated observers
06-25 03:41:37.537   518   551 I PackageWatchdog: Not pruning observers, elapsed time: 0ms
06-25 03:41:37.537   518   551 I PackageWatchdog: Saving observer state to file
06-25 03:41:37.538   518   518 I PackageWatchdog: Syncing health check requests for packages: {}
06-25 03:41:37.538   518   518 I ExplicitHealthCheckController: Service not ready to get health check supported packages. Binding...
06-25 03:41:37.540   518   518 I ExplicitHealthCheckController: Explicit health check service is bound
06-25 03:41:37.541   518   518 I ExplicitHealthCheckController: Explicit health check service is connected ComponentInfo{com.google.android.ext.services/android.ext.services.watchdog.ExplicitHealthCheckServiceImpl}
06-25 03:41:37.542   518   518 I ExplicitHealthCheckController: Service initialized, syncing requests
06-25 03:41:37.542   518   518 I PackageWatchdog: Syncing health check requests for packages: {}
06-25 03:41:37.542   518   518 D ExplicitHealthCheckController: Getting health check supported packages
06-25 03:41:37.543   518  1864 I ExplicitHealthCheckController: Explicit health check supported packages [PackageConfig{com.google.android.networkstack, 86400000}]
06-25 03:41:37.543   518  1864 D PackageWatchdog: Received supported packages [PackageConfig{com.google.android.networkstack, 86400000}]
06-25 03:41:37.543   518  1864 D ExplicitHealthCheckController: Getting health check requested packages
06-25 03:41:37.545   518  1864 I ExplicitHealthCheckController: Explicit health check requested packages []
06-25 03:41:37.545   518  1864 I ExplicitHealthCheckController: No more health check requests, unbinding...
06-25 03:41:37.545   518  1864 I ExplicitHealthCheckController: Explicit health check service is unbound
06-25 03:41:37.554  7423  7459 D Maestro : View hierarchy received in 176 ms
06-25 03:41:37.566   518   622 I RescueParty: Starting to observe: [android, com.android.settings], updated namespace: app_hibernation
06-25 03:41:37.566   518   551 I PackageWatchdog: Syncing state, reason: observing new packages
06-25 03:41:37.566   518   551 D PackageWatchdog: rescue-party-observer added the following packages to monitor [android, com.android.settings]
06-25 03:41:37.566   518   551 I PackageWatchdog: Syncing state, reason: updated observers
06-25 03:41:37.566   518   551 I PackageWatchdog: Saving observer state to file
06-25 03:41:37.569   518   518 I PackageWatchdog: Syncing health check requests for packages: {}
06-25 03:41:37.569   518   518 I ExplicitHealthCheckController: Service not ready to get health check supported packages. Binding...
06-25 03:41:37.571   518   518 I ExplicitHealthCheckController: Explicit health check service is bound
06-25 03:41:37.571   518   518 D AppHibernationService: App hibernation changed to enabled=true
06-25 03:41:37.572   518   518 I ExplicitHealthCheckController: Explicit health check service is connected ComponentInfo{com.google.android.ext.services/android.ext.services.watchdog.ExplicitHealthCheckServiceImpl}
06-25 03:41:37.572   518   518 I ExplicitHealthCheckController: Service initialized, syncing requests
06-25 03:41:37.572   518   518 I PackageWatchdog: Syncing health check requests for packages: {}
06-25 03:41:37.572   518   518 D ExplicitHealthCheckController: Getting health check supported packages
06-25 03:41:37.573   518  2122 I ExplicitHealthCheckController: Explicit health check supported packages [PackageConfig{com.google.android.networkstack, 86400000}]
06-25 03:41:37.573   518  2122 D PackageWatchdog: Received supported packages [PackageConfig{com.google.android.networkstack, 86400000}]
06-25 03:41:37.573   518  2122 D ExplicitHealthCheckController: Getting health check requested packages
06-25 03:41:37.574   518  2122 I ExplicitHealthCheckController: Explicit health check requested packages []
06-25 03:41:37.574   518  2122 I ExplicitHealthCheckController: No more health check requests, unbinding...
06-25 03:41:37.574   518  2122 I ExplicitHealthCheckController: Explicit health check service is unbound
06-25 03:41:37.583   518   622 I RescueParty: Starting to observe: [android, com.android.systemui], updated namespace: window_manager
06-25 03:41:37.585   518   551 I PackageWatchdog: Syncing state, reason: observing new packages
06-25 03:41:37.585   518   551 D PackageWatchdog: rescue-party-observer added the following packages to monitor [android, com.android.systemui]
06-25 03:41:37.585   518   551 I PackageWatchdog: Syncing state, reason: updated observers
06-25 03:41:37.585   518   551 I PackageWatchdog: Not pruning observers, elapsed time: 0ms
06-25 03:41:37.585   518   551 I PackageWatchdog: Saving observer state to file
06-25 03:41:37.588   518   518 I PackageWatchdog: Syncing health check requests for packages: {}
06-25 03:41:37.588   518   518 I ExplicitHealthCheckController: Service not ready to get health check supported packages. Binding...
06-25 03:41:37.589   518   518 I ExplicitHealthCheckController: Explicit health check service is bound
06-25 03:41:37.591   518   518 I ExplicitHealthCheckController: Explicit health check service is connected ComponentInfo{com.google.android.ext.services/android.ext.services.watchdog.ExplicitHealthCheckServiceImpl}
06-25 03:41:37.591   518   518 I ExplicitHealthCheckController: Service initialized, syncing requests
06-25 03:41:37.591   518   518 I PackageWatchdog: Syncing health check requests for packages: {}
06-25 03:41:37.591   518   518 D ExplicitHealthCheckController: Getting health check supported packages
06-25 03:41:37.592   518  1864 I ExplicitHealthCheckController: Explicit health check supported packages [PackageConfig{com.google.android.networkstack, 86400000}]
06-25 03:41:37.592   518  1864 D PackageWatchdog: Received supported packages [PackageConfig{com.google.android.networkstack, 86400000}]
06-25 03:41:37.592   518  1864 D ExplicitHealthCheckController: Getting health check requested packages
06-25 03:41:37.592   518  1864 I ExplicitHealthCheckController: Explicit health check requested packages []
06-25 03:41:37.592   518  1864 I ExplicitHealthCheckController: No more health check requests, unbinding...
06-25 03:41:37.593   518  1864 I ExplicitHealthCheckController: Explicit health check service is unbound
06-25 03:41:37.617  7423  7616 D Maestro : Requesting view hierarchy
06-25 03:41:37.618  7423  7616 W QueryController: Could not detect idle state.
06-25 03:41:37.619  7423  7616 W QueryController: Could not detect idle state.
06-25 03:41:37.631   518   622 I RescueParty: Starting to observe: [android, com.google.android.bluetooth], updated namespace: bluetooth
06-25 03:41:37.632   518   551 I PackageWatchdog: Syncing state, reason: observing new packages
06-25 03:41:37.632   518   551 D PackageWatchdog: rescue-party-observer added the following packages to monitor [android, com.google.android.bluetooth]
06-25 03:41:37.632   518   551 I PackageWatchdog: Syncing state, reason: updated observers
06-25 03:41:37.632   518   551 I PackageWatchdog: Not pruning observers, elapsed time: 0ms
06-25 03:41:37.632   518   551 I PackageWatchdog: Saving observer state to file
06-25 03:41:37.633   518   518 D BluetoothDeviceConfigChangeTracker: shouldRestartWhenPropertiesUpdated: INIT_gd_hal_snoop_logger_filtering='true',scan_timeout_millis='300000',location_denylist_name='',audio_policy_hf_enabled='true',INIT_gd_hal_snoop_logger_socket='true',location_denylist_advertising_data='⊈0016AAFE40/00FFFFFFF0,⊆0016AAFE/00FFFFFF,⊆00FF4C0002/00FFFFFFFF',le_audio_enabled_by_default='false',location_denylist_mac='',audio_policy_ag_enabled='true'
06-25 03:41:37.635  7423  7616 I Maestro : Skipping invisible child: android.view.accessibility.AccessibilityNodeInfo@128aa; boundsInParent: Rect(0, 0 - 320, 0); boundsInScreen: Rect(0, 0 - 320, 0); boundsInWindow: Rect(0, 0 - 320, 0); packageName: com.hanapkalinga.mobile; className: android.widget.LinearLayout; text: null; error: null; maxTextLength: -1; stateDescription: null; contentDescription: null; tooltipText: null; containerTitle: null; viewIdResName: null; uniqueId: null; checkable: false; checked: false; focusable: false; focused: false; selected: false; clickable: false; longClickable: false; contextClickable: false; enabled: true; password: false; scrollable: false; importantForAccessibility: false; visible: false; actions: [AccessibilityAction: ACTION_SELECT - null, AccessibilityAction: ACTION_CLEAR_SELECTION - null, AccessibilityAction: ACTION_ACCESSIBILITY_FOCUS - null, AccessibilityAction: ACTION_SHOW_ON_SCREEN - null]; isTextSelectable: false
06-25 03:41:37.635  7423  7616 I Maestro : Skipping invisible child: android.view.accessibility.AccessibilityNodeInfo@124e9; boundsInParent: Rect(0, 0 - 320, 0); boundsInScreen: Rect(0, 0 - 320, 0); boundsInWindow: Rect(0, 0 - 320, 0); packageName: com.hanapkalinga.mobile; className: android.view.ViewGroup; text: null; error: null; maxTextLength: -1; stateDescription: null; contentDescription: null; tooltipText: null; containerTitle: null; viewIdResName: null; uniqueId: null; checkable: false; checked: false; focusable: false; focused: false; selected: false; clickable: false; longClickable: false; contextClickable: false; enabled: true; password: false; scrollable: false; importantForAccessibility: false; visible: false; actions: [AccessibilityAction: ACTION_SELECT - null, AccessibilityAction: ACTION_CLEAR_SELECTION - null, AccessibilityAction: ACTION_ACCESSIBILITY_FOCUS - null, AccessibilityAction: ACTION_SHOW_ON_SCREEN - null]; isTextSelectable: false
06-25 03:41:37.636  7423  7616 I Maestro : Skipping invisible child: android.view.accessibility.AccessibilityNodeInfo@1a48b; boundsInParent: Rect(0, 0 - 320, 0); boundsInScreen: Rect(0, 0 - 320, 0); boundsInWindow: Rect(0, 0 - 320, 0); packageName: com.hanapkalinga.mobile; className: android.widget.LinearLayout; text: null; error: null; maxTextLength: -1; stateDescription: null; contentDescription: null; tooltipText: null; containerTitle: null; viewIdResName: null; uniqueId: null; checkable: false; checked: false; focusable: false; focused: false; selected: false; clickable: false; longClickable: false; contextClickable: false; enabled: true; password: false; scrollable: false; importantForAccessibility: false; visible: false; actions: [AccessibilityAction: ACTION_SELECT - null, AccessibilityAction: ACTION_CLEAR_SELECTION - null, AccessibilityAction: ACTION_ACCESSIBILITY_FOCUS - null, AccessibilityAction: ACTION_SHOW_ON_SCREEN - null]; isTextSelectable: false
06-25 03:41:37.636   518   518 D BluetoothDeviceConfigListener: All properties unchanged, skipping restart
06-25 03:41:37.636   518   518 I PackageWatchdog: Syncing health check requests for packages: {}
06-25 03:41:37.637   518   518 I ExplicitHealthCheckController: Service not ready to get health check supported packages. Binding...
06-25 03:41:37.639   518   518 I ExplicitHealthCheckController: Explicit health check service is bound
06-25 03:41:37.640   518   518 I ExplicitHealthCheckController: Explicit health check service is connected ComponentInfo{com.google.android.ext.services/android.ext.services.watchdog.ExplicitHealthCheckServiceImpl}
06-25 03:41:37.640   518   518 I ExplicitHealthCheckController: Service initialized, syncing requests
06-25 03:41:37.640   518   518 I PackageWatchdog: Syncing health check requests for packages: {}
06-25 03:41:37.640   518   518 D ExplicitHealthCheckController: Getting health check supported packages
06-25 03:41:37.640   518  1864 I ExplicitHealthCheckController: Explicit health check supported packages [PackageConfig{com.google.android.networkstack, 86400000}]
06-25 03:41:37.640   518  1864 D PackageWatchdog: Received supported packages [PackageConfig{com.google.android.networkstack, 86400000}]
06-25 03:41:37.640   518  1864 D ExplicitHealthCheckController: Getting health check requested packages
06-25 03:41:37.640   518  1864 I ExplicitHealthCheckController: Explicit health check requested packages []
06-25 03:41:37.641   518  1864 I ExplicitHealthCheckController: No more health check requests, unbinding...
06-25 03:41:37.641   518  1864 I ExplicitHealthCheckController: Explicit health check service is unbound
06-25 03:41:37.642  7423  7616 I Maestro : Skipping invisible child: android.view.accessibility.AccessibilityNodeInfo@1a0ca; boundsInParent: Rect(0, 0 - 320, 0); boundsInScreen: Rect(0, 0 - 320, 0); boundsInWindow: Rect(0, 0 - 320, 0); packageName: com.hanapkalinga.mobile; className: android.view.ViewGroup; text: null; error: null; maxTextLength: -1; stateDescription: null; contentDescription: null; tooltipText: null; containerTitle: null; viewIdResName: null; uniqueId: null; checkable: false; checked: false; focusable: false; focused: false; selected: false; clickable: false; longClickable: false; contextClickable: false; enabled: true; password: false; scrollable: false; importantForAccessibility: false; visible: false; actions: [AccessibilityAction: ACTION_SELECT - null, AccessibilityAction: ACTION_CLEAR_SELECTION - null, AccessibilityAction: ACTION_ACCESSIBILITY_FOCUS - null, AccessibilityAction: ACTION_SHOW_ON_SCREEN - null]; isTextSelectable: false
06-25 03:41:37.643   518   622 I RescueParty: Starting to observe: [android, com.google.android.apps.nexuslauncher, com.android.systemui], updated namespace: latency_tracker
06-25 03:41:37.643   518   551 I PackageWatchdog: Syncing state, reason: observing new packages
06-25 03:41:37.643   518   551 D PackageWatchdog: rescue-party-observer added the following packages to monitor [android, com.google.android.apps.nexuslauncher, com.android.systemui]
06-25 03:41:37.643   518   551 I PackageWatchdog: Syncing state, reason: updated observers
06-25 03:41:37.643   518   551 I PackageWatchdog: Not pruning observers, elapsed time: 0ms
06-25 03:41:37.643   518   551 I PackageWatchdog: Saving observer state to file
06-25 03:41:37.646   518   518 I PackageWatchdog: Syncing health check requests for packages: {}
06-25 03:41:37.646   518   518 I ExplicitHealthCheckController: Service not ready to get health check supported packages. Binding...
06-25 03:41:37.648   518   518 I ExplicitHealthCheckController: Explicit health check service is bound
06-25 03:41:37.648   518   518 I ExplicitHealthCheckController: Explicit health check service is connected ComponentInfo{com.google.android.ext.services/android.ext.services.watchdog.ExplicitHealthCheckServiceImpl}
06-25 03:41:37.648   518   518 I ExplicitHealthCheckController: Service initialized, syncing requests
06-25 03:41:37.649   518   518 I PackageWatchdog: Syncing health check requests for packages: {}
06-25 03:41:37.649   518   518 D ExplicitHealthCheckController: Getting health check supported packages
06-25 03:41:37.649   518   597 I ExplicitHealthCheckController: Explicit health check supported packages [PackageConfig{com.google.android.networkstack, 86400000}]
06-25 03:41:37.650   518   597 D PackageWatchdog: Received supported packages [PackageConfig{com.google.android.networkstack, 86400000}]
06-25 03:41:37.650   518   597 D ExplicitHealthCheckController: Getting health check requested packages
06-25 03:41:37.650   518   622 I RescueParty: Starting to observe: [android], updated namespace: battery_saver
06-25 03:41:37.650   518   597 I ExplicitHealthCheckController: Explicit health check requested packages []
06-25 03:41:37.650   518   597 I ExplicitHealthCheckController: No more health check requests, unbinding...
06-25 03:41:37.650   518   597 I ExplicitHealthCheckController: Explicit health check service is unbound
06-25 03:41:37.650   518   551 I PackageWatchdog: Syncing state, reason: observing new packages
06-25 03:41:37.650   518   551 D PackageWatchdog: rescue-party-observer added the following packages to monitor [android]
06-25 03:41:37.650   518   551 I PackageWatchdog: Syncing state, reason: updated observers
06-25 03:41:37.650   518   551 I PackageWatchdog: Not pruning observers, elapsed time: 0ms
06-25 03:41:37.650   518   551 I PackageWatchdog: Saving observer state to file
06-25 03:41:37.653   518   518 I PackageWatchdog: Syncing health check requests for packages: {}
06-25 03:41:37.653   518   518 I ExplicitHealthCheckController: Service not ready to get health check supported packages. Binding...
06-25 03:41:37.654   518   622 I RescueParty: Starting to observe: [android], updated namespace: constrain_display_apis
06-25 03:41:37.654   518   551 I PackageWatchdog: Syncing state, reason: observing new packages
06-25 03:41:37.654   518   551 D PackageWatchdog: rescue-party-observer added the following packages to monitor [android]
06-25 03:41:37.654   518   551 I PackageWatchdog: Syncing state, reason: updated observers
06-25 03:41:37.654   518   551 I PackageWatchdog: Not pruning observers, elapsed time: 0ms
06-25 03:41:37.654   518   551 I PackageWatchdog: Saving observer state to file
06-25 03:41:37.656   518   518 I ExplicitHealthCheckController: Explicit health check service is bound
06-25 03:41:37.656   518   518 E DeviceConfig: Parsing int failed for location_mode
06-25 03:41:37.658   518   518 I PackageWatchdog: Syncing health check requests for packages: {}
06-25 03:41:37.658   518   518 I ExplicitHealthCheckController: Service not ready to get health check supported packages. Binding...
06-25 03:41:37.658   518   518 I ExplicitHealthCheckController: Not binding to service, service already connecting
06-25 03:41:37.658   518   518 I ExplicitHealthCheckController: Explicit health check service is connected ComponentInfo{com.google.android.ext.services/android.ext.services.watchdog.ExplicitHealthCheckServiceImpl}
06-25 03:41:37.658   518   518 I ExplicitHealthCheckController: Service initialized, syncing requests
06-25 03:41:37.659   518   518 I PackageWatchdog: Syncing health check requests for packages: {}
06-25 03:41:37.659   518   518 D ExplicitHealthCheckController: Getting health check supported packages
06-25 03:41:37.659   518  1864 I ExplicitHealthCheckController: Explicit health check supported packages [PackageConfig{com.google.android.networkstack, 86400000}]
06-25 03:41:37.659   518  1864 D PackageWatchdog: Received supported packages [PackageConfig{com.google.android.networkstack, 86400000}]
06-25 03:41:37.659   518  1864 D ExplicitHealthCheckController: Getting health check requested packages
06-25 03:41:37.659   518  1864 I ExplicitHealthCheckController: Explicit health check requested packages []
06-25 03:41:37.659   518  1864 I ExplicitHealthCheckController: No more health check requests, unbinding...
06-25 03:41:37.660   518  1864 I ExplicitHealthCheckController: Explicit health check service is unbound
06-25 03:41:37.667   518   622 I RescueParty: Starting to observe: [android], updated namespace: backup_and_restore
06-25 03:41:37.667   518   551 I PackageWatchdog: Syncing state, reason: observing new packages
06-25 03:41:37.667   518   551 D PackageWatchdog: rescue-party-observer added the following packages to monitor [android]
06-25 03:41:37.667   518   551 I PackageWatchdog: Syncing state, reason: updated observers
06-25 03:41:37.668   518   551 I PackageWatchdog: Saving observer state to file
06-25 03:41:37.670   518   518 I PackageWatchdog: Syncing health check requests for packages: {}
06-25 03:41:37.670   518   518 I ExplicitHealthCheckController: Service not ready to get health check supported packages. Binding...
06-25 03:41:37.673   518   518 I ExplicitHealthCheckController: Explicit health check service is bound
06-25 03:41:37.673   518   518 I ExplicitHealthCheckController: Explicit health check service is connected ComponentInfo{com.google.android.ext.services/android.ext.services.watchdog.ExplicitHealthCheckServiceImpl}
06-25 03:41:37.673   518   518 I ExplicitHealthCheckController: Service initialized, syncing requests
06-25 03:41:37.673   518   518 I PackageWatchdog: Syncing health check requests for packages: {}
06-25 03:41:37.673   518   518 D ExplicitHealthCheckController: Getting health check supported packages
06-25 03:41:37.674   518   597 I ExplicitHealthCheckController: Explicit health check supported packages [PackageConfig{com.google.android.networkstack, 86400000}]
06-25 03:41:37.674   518   597 D PackageWatchdog: Received supported packages [PackageConfig{com.google.android.networkstack, 86400000}]
06-25 03:41:37.674   518   597 D ExplicitHealthCheckController: Getting health check requested packages
06-25 03:41:37.675   518  1864 I ExplicitHealthCheckController: Explicit health check requested packages []
06-25 03:41:37.675   518  1864 I ExplicitHealthCheckController: No more health check requests, unbinding...
06-25 03:41:37.675   518  1864 I ExplicitHealthCheckController: Explicit health check service is unbound
06-25 03:41:37.677   518   622 I RescueParty: Starting to observe: [android], updated namespace: nnapi_native
06-25 03:41:37.683   518   622 I RescueParty: Starting to observe: [android, com.google.android.networkstack], updated namespace: tethering
06-25 03:41:37.684   518   551 I PackageWatchdog: Syncing state, reason: observing new packages
06-25 03:41:37.684   518   551 D PackageWatchdog: rescue-party-observer added the following packages to monitor [android]
06-25 03:41:37.684   518   551 I PackageWatchdog: Syncing state, reason: updated observers
06-25 03:41:37.684   518   551 I PackageWatchdog: Not pruning observers, elapsed time: 0ms
06-25 03:41:37.684   518   551 I PackageWatchdog: Syncing state, reason: observing new packages
06-25 03:41:37.684   518   551 I PackageWatchdog: Not pruning observers, elapsed time: 0ms
06-25 03:41:37.684   518   551 D PackageWatchdog: rescue-party-observer added the following packages to monitor [android, com.google.android.networkstack]
06-25 03:41:37.684   518   551 I PackageWatchdog: Syncing state, reason: updated observers
06-25 03:41:37.684   518   551 I PackageWatchdog: Not pruning observers, elapsed time: 0ms
06-25 03:41:37.684   518   551 I PackageWatchdog: Saving observer state to file
06-25 03:41:37.686   518   518 I PackageWatchdog: Syncing health check requests for packages: {}
06-25 03:41:37.686   518   518 I ExplicitHealthCheckController: Service not ready to get health check supported packages. Binding...
06-25 03:41:37.689   518   518 I ExplicitHealthCheckController: Explicit health check service is bound
06-25 03:41:37.691   518   518 I ExplicitHealthCheckController: Explicit health check service is connected ComponentInfo{com.google.android.ext.services/android.ext.services.watchdog.ExplicitHealthCheckServiceImpl}
06-25 03:41:37.691   518   518 I ExplicitHealthCheckController: Service initialized, syncing requests
06-25 03:41:37.691   518   518 I PackageWatchdog: Syncing health check requests for packages: {}
06-25 03:41:37.691   518   518 D ExplicitHealthCheckController: Getting health check supported packages
06-25 03:41:37.692   518  2122 I ExplicitHealthCheckController: Explicit health check supported packages [PackageConfig{com.google.android.networkstack, 86400000}]
06-25 03:41:37.692   518  2122 D PackageWatchdog: Received supported packages [PackageConfig{com.google.android.networkstack, 86400000}]
06-25 03:41:37.692   518  2122 D ExplicitHealthCheckController: Getting health check requested packages
06-25 03:41:37.692   518   597 I ExplicitHealthCheckController: Explicit health check requested packages []
06-25 03:41:37.692   518   597 I ExplicitHealthCheckController: No more health check requests, unbinding...
06-25 03:41:37.692   518   597 I ExplicitHealthCheckController: Explicit health check service is unbound
06-25 03:41:37.699   518   622 I RescueParty: Starting to observe: [android], updated namespace: location
06-25 03:41:37.700   518   551 I PackageWatchdog: Syncing state, reason: observing new packages
06-25 03:41:37.700   518   551 D PackageWatchdog: rescue-party-observer added the following packages to monitor [android]
06-25 03:41:37.700   518   551 I PackageWatchdog: Syncing state, reason: updated observers
06-25 03:41:37.700   518   551 I PackageWatchdog: Not pruning observers, elapsed time: 0ms
06-25 03:41:37.700   518   551 I PackageWatchdog: Saving observer state to file
06-25 03:41:37.702   518   518 I PackageWatchdog: Syncing health check requests for packages: {}
06-25 03:41:37.702   518   518 I ExplicitHealthCheckController: Service not ready to get health check supported packages. Binding...
06-25 03:41:37.703  7423  7616 D Maestro : View hierarchy received in 86 ms
06-25 03:41:37.704   518   518 I ExplicitHealthCheckController: Explicit health check service is bound
06-25 03:41:37.705   518   518 I ExplicitHealthCheckController: Explicit health check service is connected ComponentInfo{com.google.android.ext.services/android.ext.services.watchdog.ExplicitHealthCheckServiceImpl}
06-25 03:41:37.706   518   518 I ExplicitHealthCheckController: Service initialized, syncing requests
06-25 03:41:37.706   518   518 I PackageWatchdog: Syncing health check requests for packages: {}
06-25 03:41:37.706   518   518 D ExplicitHealthCheckController: Getting health check supported packages
06-25 03:41:37.706   518   597 I ExplicitHealthCheckController: Explicit health check supported packages [PackageConfig{com.google.android.networkstack, 86400000}]
06-25 03:41:37.706   518   597 D PackageWatchdog: Received supported packages [PackageConfig{com.google.android.networkstack, 86400000}]
06-25 03:41:37.706   518   597 D ExplicitHealthCheckController: Getting health check requested packages
06-25 03:41:37.706   518   597 I ExplicitHealthCheckController: Explicit health check requested packages []
06-25 03:41:37.706   518   597 I ExplicitHealthCheckController: No more health check requests, unbinding...
06-25 03:41:37.707   518   597 I ExplicitHealthCheckController: Explicit health check service is unbound
06-25 03:41:37.763  7423  7459 D Maestro : Requesting view hierarchy
06-25 03:41:37.764  7423  7459 W QueryController: Could not detect idle state.
06-25 03:41:37.765  7423  7459 W QueryController: Could not detect idle state.
06-25 03:41:37.775  7423  7459 I Maestro : Skipping invisible child: android.view.accessibility.AccessibilityNodeInfo@128aa; boundsInParent: Rect(0, 0 - 320, 0); boundsInScreen: Rect(0, 0 - 320, 0); boundsInWindow: Rect(0, 0 - 320, 0); packageName: com.hanapkalinga.mobile; className: android.widget.LinearLayout; text: null; error: null; maxTextLength: -1; stateDescription: null; contentDescription: null; tooltipText: null; containerTitle: null; viewIdResName: null; uniqueId: null; checkable: false; checked: false; focusable: false; focused: false; selected: false; clickable: false; longClickable: false; contextClickable: false; enabled: true; password: false; scrollable: false; importantForAccessibility: false; visible: false; actions: [AccessibilityAction: ACTION_SELECT - null, AccessibilityAction: ACTION_CLEAR_SELECTION - null, AccessibilityAction: ACTION_ACCESSIBILITY_FOCUS - null, AccessibilityAction: ACTION_SHOW_ON_SCREEN - null]; isTextSelectable: false
