06-25 14:39:59.127  5202  5388 I Maestro : Skipping invisible child: android.view.accessibility.AccessibilityNodeInfo@1a0a2; boundsInParent: Rect(0, 0 - 320, 0); boundsInScreen: Rect(0, 0 - 320, 0); boundsInWindow: Rect(0, 0 - 320, 0); packageName: com.hanapkalinga.mobile; className: android.view.ViewGroup; text: null; error: null; maxTextLength: -1; stateDescription: null; contentDescription: null; tooltipText: null; containerTitle: null; viewIdResName: null; uniqueId: null; checkable: false; checked: false; focusable: false; focused: false; selected: false; clickable: false; longClickable: false; contextClickable: false; enabled: true; password: false; scrollable: false; importantForAccessibility: false; visible: false; actions: [AccessibilityAction: ACTION_SELECT - null, AccessibilityAction: ACTION_CLEAR_SELECTION - null, AccessibilityAction: ACTION_ACCESSIBILITY_FOCUS - null, AccessibilityAction: ACTION_SHOW_ON_SCREEN - null]; isTextSelectable: false
06-25 14:39:59.147  5202  5388 D Maestro : View hierarchy received in 30 ms
06-25 14:39:59.243  5202  5388 D Maestro : Requesting view hierarchy
06-25 14:39:59.244  5202  5388 W QueryController: Could not detect idle state.
06-25 14:39:59.244  5202  5388 W QueryController: Could not detect idle state.
06-25 14:39:59.251  5202  5388 I Maestro : Skipping invisible child: android.view.accessibility.AccessibilityNodeInfo@12882; boundsInParent: Rect(0, 0 - 320, 0); boundsInScreen: Rect(0, 0 - 320, 0); boundsInWindow: Rect(0, 0 - 320, 0); packageName: com.hanapkalinga.mobile; className: android.widget.LinearLayout; text: null; error: null; maxTextLength: -1; stateDescription: null; contentDescription: null; tooltipText: null; containerTitle: null; viewIdResName: null; uniqueId: null; checkable: false; checked: false; focusable: false; focused: false; selected: false; clickable: false; longClickable: false; contextClickable: false; enabled: true; password: false; scrollable: false; importantForAccessibility: false; visible: false; actions: [AccessibilityAction: ACTION_SELECT - null, AccessibilityAction: ACTION_CLEAR_SELECTION - null, AccessibilityAction: ACTION_ACCESSIBILITY_FOCUS - null, AccessibilityAction: ACTION_SHOW_ON_SCREEN - null]; isTextSelectable: false
06-25 14:39:59.251  5202  5388 I Maestro : Skipping invisible child: android.view.accessibility.AccessibilityNodeInfo@124c1; boundsInParent: Rect(0, 0 - 320, 0); boundsInScreen: Rect(0, 0 - 320, 0); boundsInWindow: Rect(0, 0 - 320, 0); packageName: com.hanapkalinga.mobile; className: android.view.ViewGroup; text: null; error: null; maxTextLength: -1; stateDescription: null; contentDescription: null; tooltipText: null; containerTitle: null; viewIdResName: null; uniqueId: null; checkable: false; checked: false; focusable: false; focused: false; selected: false; clickable: false; longClickable: false; contextClickable: false; enabled: true; password: false; scrollable: false; importantForAccessibility: false; visible: false; actions: [AccessibilityAction: ACTION_SELECT - null, AccessibilityAction: ACTION_CLEAR_SELECTION - null, AccessibilityAction: ACTION_ACCESSIBILITY_FOCUS - null, AccessibilityAction: ACTION_SHOW_ON_SCREEN - null]; isTextSelectable: false
06-25 14:39:59.252  5202  5388 I Maestro : Skipping invisible child: android.view.accessibility.AccessibilityNodeInfo@1a463; boundsInParent: Rect(0, 0 - 320, 0); boundsInScreen: Rect(0, 0 - 320, 0); boundsInWindow: Rect(0, 0 - 320, 0); packageName: com.hanapkalinga.mobile; className: android.widget.LinearLayout; text: null; error: null; maxTextLength: -1; stateDescription: null; contentDescription: null; tooltipText: null; containerTitle: null; viewIdResName: null; uniqueId: null; checkable: false; checked: false; focusable: false; focused: false; selected: false; clickable: false; longClickable: false; contextClickable: false; enabled: true; password: false; scrollable: false; importantForAccessibility: false; visible: false; actions: [AccessibilityAction: ACTION_SELECT - null, AccessibilityAction: ACTION_CLEAR_SELECTION - null, AccessibilityAction: ACTION_ACCESSIBILITY_FOCUS - null, AccessibilityAction: ACTION_SHOW_ON_SCREEN - null]; isTextSelectable: false
06-25 14:39:59.252  5202  5388 I Maestro : Skipping invisible child: android.view.accessibility.AccessibilityNodeInfo@1a0a2; boundsInParent: Rect(0, 0 - 320, 0); boundsInScreen: Rect(0, 0 - 320, 0); boundsInWindow: Rect(0, 0 - 320, 0); packageName: com.hanapkalinga.mobile; className: android.view.ViewGroup; text: null; error: null; maxTextLength: -1; stateDescription: null; contentDescription: null; tooltipText: null; containerTitle: null; viewIdResName: null; uniqueId: null; checkable: false; checked: false; focusable: false; focused: false; selected: false; clickable: false; longClickable: false; contextClickable: false; enabled: true; password: false; scrollable: false; importantForAccessibility: false; visible: false; actions: [AccessibilityAction: ACTION_SELECT - null, AccessibilityAction: ACTION_CLEAR_SELECTION - null, AccessibilityAction: ACTION_ACCESSIBILITY_FOCUS - null, AccessibilityAction: ACTION_SHOW_ON_SCREEN - null]; isTextSelectable: false
06-25 14:39:59.269  5202  5388 D Maestro : View hierarchy received in 26 ms
06-25 14:39:59.362  5202  5388 D Maestro : Requesting view hierarchy
06-25 14:39:59.363  5202  5388 W QueryController: Could not detect idle state.
06-25 14:39:59.363  5202  5388 W QueryController: Could not detect idle state.
06-25 14:39:59.371  5202  5388 I Maestro : Skipping invisible child: android.view.accessibility.AccessibilityNodeInfo@12882; boundsInParent: Rect(0, 0 - 320, 0); boundsInScreen: Rect(0, 0 - 320, 0); boundsInWindow: Rect(0, 0 - 320, 0); packageName: com.hanapkalinga.mobile; className: android.widget.LinearLayout; text: null; error: null; maxTextLength: -1; stateDescription: null; contentDescription: null; tooltipText: null; containerTitle: null; viewIdResName: null; uniqueId: null; checkable: false; checked: false; focusable: false; focused: false; selected: false; clickable: false; longClickable: false; contextClickable: false; enabled: true; password: false; scrollable: false; importantForAccessibility: false; visible: false; actions: [AccessibilityAction: ACTION_SELECT - null, AccessibilityAction: ACTION_CLEAR_SELECTION - null, AccessibilityAction: ACTION_ACCESSIBILITY_FOCUS - null, AccessibilityAction: ACTION_SHOW_ON_SCREEN - null]; isTextSelectable: false
06-25 14:39:59.372  5202  5388 I Maestro : Skipping invisible child: android.view.accessibility.AccessibilityNodeInfo@124c1; boundsInParent: Rect(0, 0 - 320, 0); boundsInScreen: Rect(0, 0 - 320, 0); boundsInWindow: Rect(0, 0 - 320, 0); packageName: com.hanapkalinga.mobile; className: android.view.ViewGroup; text: null; error: null; maxTextLength: -1; stateDescription: null; contentDescription: null; tooltipText: null; containerTitle: null; viewIdResName: null; uniqueId: null; checkable: false; checked: false; focusable: false; focused: false; selected: false; clickable: false; longClickable: false; contextClickable: false; enabled: true; password: false; scrollable: false; importantForAccessibility: false; visible: false; actions: [AccessibilityAction: ACTION_SELECT - null, AccessibilityAction: ACTION_CLEAR_SELECTION - null, AccessibilityAction: ACTION_ACCESSIBILITY_FOCUS - null, AccessibilityAction: ACTION_SHOW_ON_SCREEN - null]; isTextSelectable: false
06-25 14:39:59.372  5202  5388 I Maestro : Skipping invisible child: android.view.accessibility.AccessibilityNodeInfo@1a463; boundsInParent: Rect(0, 0 - 320, 0); boundsInScreen: Rect(0, 0 - 320, 0); boundsInWindow: Rect(0, 0 - 320, 0); packageName: com.hanapkalinga.mobile; className: android.widget.LinearLayout; text: null; error: null; maxTextLength: -1; stateDescription: null; contentDescription: null; tooltipText: null; containerTitle: null; viewIdResName: null; uniqueId: null; checkable: false; checked: false; focusable: false; focused: false; selected: false; clickable: false; longClickable: false; contextClickable: false; enabled: true; password: false; scrollable: false; importantForAccessibility: false; visible: false; actions: [AccessibilityAction: ACTION_SELECT - null, AccessibilityAction: ACTION_CLEAR_SELECTION - null, AccessibilityAction: ACTION_ACCESSIBILITY_FOCUS - null, AccessibilityAction: ACTION_SHOW_ON_SCREEN - null]; isTextSelectable: false
06-25 14:39:59.372  5202  5388 I Maestro : Skipping invisible child: android.view.accessibility.AccessibilityNodeInfo@1a0a2; boundsInParent: Rect(0, 0 - 320, 0); boundsInScreen: Rect(0, 0 - 320, 0); boundsInWindow: Rect(0, 0 - 320, 0); packageName: com.hanapkalinga.mobile; className: android.view.ViewGroup; text: null; error: null; maxTextLength: -1; stateDescription: null; contentDescription: null; tooltipText: null; containerTitle: null; viewIdResName: null; uniqueId: null; checkable: false; checked: false; focusable: false; focused: false; selected: false; clickable: false; longClickable: false; contextClickable: false; enabled: true; password: false; scrollable: false; importantForAccessibility: false; visible: false; actions: [AccessibilityAction: ACTION_SELECT - null, AccessibilityAction: ACTION_CLEAR_SELECTION - null, AccessibilityAction: ACTION_ACCESSIBILITY_FOCUS - null, AccessibilityAction: ACTION_SHOW_ON_SCREEN - null]; isTextSelectable: false
06-25 14:39:59.388  5202  5388 D Maestro : View hierarchy received in 26 ms
06-25 14:39:59.441   519   597 D ConnectivityService: requestNetwork for uid/pid:10128/2383 activeRequest: null callbackRequest: 129 [NetworkRequest [ REQUEST id=130, [ Capabilities: INTERNET&NOT_RESTRICTED&TRUSTED&NOT_VCN_MANAGED Uid: 10128 RequestorUid: 10128 RequestorPkg: com.google.android.dialer UnderlyingNetworks: Null] ]] callback flags: 0 order: 2147483647
06-25 14:39:59.443   519   765 D ConnectivityService: NetReassign [130 : null → 100] [c 1] [a 0] [i 1]
06-25 14:39:59.443   519   756 D WifiNetworkFactory: got request NetworkRequest [ REQUEST id=130, [ Capabilities: INTERNET&NOT_RESTRICTED&TRUSTED&NOT_VCN_MANAGED Uid: 10128 RequestorUid: 10128 RequestorPkg: com.google.android.dialer UnderlyingNetworks: Null] ]
06-25 14:39:59.443   519   756 D UntrustedWifiNetworkFactory: got request NetworkRequest [ REQUEST id=130, [ Capabilities: INTERNET&NOT_RESTRICTED&TRUSTED&NOT_VCN_MANAGED Uid: 10128 RequestorUid: 10128 RequestorPkg: com.google.android.dialer UnderlyingNetworks: Null] ]
06-25 14:39:59.444   519   756 D OemPaidWifiNetworkFactory: got request NetworkRequest [ REQUEST id=130, [ Capabilities: INTERNET&NOT_RESTRICTED&TRUSTED&NOT_VCN_MANAGED Uid: 10128 RequestorUid: 10128 RequestorPkg: com.google.android.dialer UnderlyingNetworks: Null] ]
06-25 14:39:59.444   519   756 D MultiInternetWifiNetworkFactory: got request NetworkRequest [ REQUEST id=130, [ Capabilities: INTERNET&NOT_RESTRICTED&TRUSTED&NOT_VCN_MANAGED Uid: 10128 RequestorUid: 10128 RequestorPkg: com.google.android.dialer UnderlyingNetworks: Null] ]
06-25 14:39:59.448  2383  2383 I DialerConstellationSyncWorker: com.android.dialer.businessvoice.control.worker.ConstellationSyncWorker.startWork:66 starting work
06-25 14:39:59.449  2383  2664 I DialerCountryCodeProvider: com.android.dialer.businessvoice.verifiedcall.impl.i18n.CountryCodeProvider.getSimCountryCodeInternal:85 returning Redacted-2-chars
06-25 14:39:59.449  2383  2605 I DialerCachedVerifiedNumberProvider: com.android.dialer.businessvoice.verifiedcall.impl.constellation.CachedVerifiedNumberProvider.refreshConstellationInfo:190 Retrieving constellation info and refreshing the cache.
06-25 14:39:59.456  5223  5223 D BoundBrokerSvc: onBind: Intent { act=com.google.android.gms.constellation.service.START pkg=com.google.android.gms }
06-25 14:39:59.456  5223  5223 D BoundBrokerSvc: Loading bound service for intent: Intent { act=com.google.android.gms.constellation.service.START pkg=com.google.android.gms }
06-25 14:39:59.467  5223  5223 D BoundBrokerSvc: onBind: Intent { act=com.google.android.gms.common.BIND_SHARED_PREFS pkg=com.google.android.gms }
06-25 14:39:59.467  5223  5223 D BoundBrokerSvc: Loading bound service for intent: Intent { act=com.google.android.gms.common.BIND_SHARED_PREFS pkg=com.google.android.gms }
06-25 14:39:59.468  5223  5223 D BoundBrokerSvc: onUnbind: Intent { act=com.google.android.gms.common.BIND_SHARED_PREFS pkg=com.google.android.gms }
06-25 14:39:59.469  5223  5368 E constellation: [api_verify_phone_operation] Failed to generate Client Signature
06-25 14:39:59.469  5223  5368 E constellation: acwp: Stored private key deleted
06-25 14:39:59.469  5223  5368 E constellation: 	at acos.e(:com.google.android.gms@231818047@23.18.18 (190800-535401451):4)
06-25 14:39:59.469  5223  5368 E constellation: 	at acos.d(:com.google.android.gms@231818047@23.18.18 (190800-535401451):1)
06-25 14:39:59.469  5223  5368 E constellation: 	at acoa.c(:com.google.android.gms@231818047@23.18.18 (190800-535401451):22)
06-25 14:39:59.469  5223  5368 E constellation: 	at acoa.f(:com.google.android.gms@231818047@23.18.18 (190800-535401451):12)
06-25 14:39:59.469  5223  5368 E constellation: 	at avsy.eo(:com.google.android.gms@231818047@23.18.18 (190800-535401451):1)
06-25 14:39:59.469  5223  5368 E constellation: 	at avtf.run(:com.google.android.gms@231818047@23.18.18 (190800-535401451):14)
06-25 14:39:59.469  5223  5368 E constellation: 	at dfhf.run(:com.google.android.gms@231818047@23.18.18 (190800-535401451):2)
06-25 14:39:59.469  5223  5368 E constellation: 	at aced.c(:com.google.android.gms@231818047@23.18.18 (190800-535401451):6)
06-25 14:39:59.469  5223  5368 E constellation: 	at aced.run(:com.google.android.gms@231818047@23.18.18 (190800-535401451):7)
06-25 14:39:59.469  5223  5368 E constellation: 	at java.util.concurrent.ThreadPoolExecutor.runWorker(ThreadPoolExecutor.java:1145)
06-25 14:39:59.469  5223  5368 E constellation: 	at java.util.concurrent.ThreadPoolExecutor$Worker.run(ThreadPoolExecutor.java:644)
06-25 14:39:59.469  5223  5368 E constellation: 	at acjn.run(:com.google.android.gms@231818047@23.18.18 (190800-535401451):0)
06-25 14:39:59.469  5223  5368 E constellation: 	at java.lang.Thread.run(Thread.java:1012)
06-25 14:39:59.472  2383  2664 W DialerVerifiedNumberProvider: com.android.dialer.businessvoice.verifiedcall.impl.constellation.VerifiedNumberProvider.lambda$getConstellationResponse$1:155 Failed to get constellation token.
06-25 14:39:59.472  2383  2664 W DialerVerifiedNumberProvider: nkq: 5004: 
06-25 14:39:59.472  2383  2664 W DialerVerifiedNumberProvider: 	at nov.au(PG:1)
06-25 14:39:59.472  2383  2664 W DialerVerifiedNumberProvider: 	at nnf.g(PG:2)
06-25 14:39:59.472  2383  2664 W DialerVerifiedNumberProvider: 	at npo.a(Unknown Source:2)
06-25 14:39:59.472  2383  2664 W DialerVerifiedNumberProvider: 	at npy.dm(PG:9)
06-25 14:39:59.472  2383  2664 W DialerVerifiedNumberProvider: 	at ncz.onTransact(PG:4)
06-25 14:39:59.472  2383  2664 W DialerVerifiedNumberProvider: 	at android.os.Binder.execTransactInternal(Binder.java:1344)
06-25 14:39:59.472  2383  2664 W DialerVerifiedNumberProvider: 	at android.os.Binder.execTransact(Binder.java:1275)
06-25 14:39:59.475  2383  2605 W DialerConstellationSyncWorker: com.android.dialer.businessvoice.control.worker.ConstellationSyncWorker.lambda$syncConstellation$2:110 Constellation api request failed, status code: 5004
06-25 14:39:59.476  2383  2606 I WM-WorkerWrapper: Worker result RETRY for Work [ id=d411854a-27ba-4da8-9e02-fb32cd304433, tags={ com.google.apps.tiktok.contrib.work.TikTokListenableWorker, TikTokWorker#com.android.dialer.businessvoice.control.worker.ConstellationSyncWorker } ]
06-25 14:39:59.487  5202  5388 D Maestro : Requesting view hierarchy
06-25 14:39:59.487  5202  5388 W QueryController: Could not detect idle state.
06-25 14:39:59.488  5202  5388 W QueryController: Could not detect idle state.
06-25 14:39:59.497  5202  5388 I Maestro : Skipping invisible child: android.view.accessibility.AccessibilityNodeInfo@12882; boundsInParent: Rect(0, 0 - 320, 0); boundsInScreen: Rect(0, 0 - 320, 0); boundsInWindow: Rect(0, 0 - 320, 0); packageName: com.hanapkalinga.mobile; className: android.widget.LinearLayout; text: null; error: null; maxTextLength: -1; stateDescription: null; contentDescription: null; tooltipText: null; containerTitle: null; viewIdResName: null; uniqueId: null; checkable: false; checked: false; focusable: false; focused: false; selected: false; clickable: false; longClickable: false; contextClickable: false; enabled: true; password: false; scrollable: false; importantForAccessibility: false; visible: false; actions: [AccessibilityAction: ACTION_SELECT - null, AccessibilityAction: ACTION_CLEAR_SELECTION - null, AccessibilityAction: ACTION_ACCESSIBILITY_FOCUS - null, AccessibilityAction: ACTION_SHOW_ON_SCREEN - null]; isTextSelectable: false
06-25 14:39:59.497  5202  5388 I Maestro : Skipping invisible child: android.view.accessibility.AccessibilityNodeInfo@124c1; boundsInParent: Rect(0, 0 - 320, 0); boundsInScreen: Rect(0, 0 - 320, 0); boundsInWindow: Rect(0, 0 - 320, 0); packageName: com.hanapkalinga.mobile; className: android.view.ViewGroup; text: null; error: null; maxTextLength: -1; stateDescription: null; contentDescription: null; tooltipText: null; containerTitle: null; viewIdResName: null; uniqueId: null; checkable: false; checked: false; focusable: false; focused: false; selected: false; clickable: false; longClickable: false; contextClickable: false; enabled: true; password: false; scrollable: false; importantForAccessibility: false; visible: false; actions: [AccessibilityAction: ACTION_SELECT - null, AccessibilityAction: ACTION_CLEAR_SELECTION - null, AccessibilityAction: ACTION_ACCESSIBILITY_FOCUS - null, AccessibilityAction: ACTION_SHOW_ON_SCREEN - null]; isTextSelectable: false
06-25 14:39:59.497  5202  5388 I Maestro : Skipping invisible child: android.view.accessibility.AccessibilityNodeInfo@1a463; boundsInParent: Rect(0, 0 - 320, 0); boundsInScreen: Rect(0, 0 - 320, 0); boundsInWindow: Rect(0, 0 - 320, 0); packageName: com.hanapkalinga.mobile; className: android.widget.LinearLayout; text: null; error: null; maxTextLength: -1; stateDescription: null; contentDescription: null; tooltipText: null; containerTitle: null; viewIdResName: null; uniqueId: null; checkable: false; checked: false; focusable: false; focused: false; selected: false; clickable: false; longClickable: false; contextClickable: false; enabled: true; password: false; scrollable: false; importantForAccessibility: false; visible: false; actions: [AccessibilityAction: ACTION_SELECT - null, AccessibilityAction: ACTION_CLEAR_SELECTION - null, AccessibilityAction: ACTION_ACCESSIBILITY_FOCUS - null, AccessibilityAction: ACTION_SHOW_ON_SCREEN - null]; isTextSelectable: false
06-25 14:39:59.498  5202  5388 I Maestro : Skipping invisible child: android.view.accessibility.AccessibilityNodeInfo@1a0a2; boundsInParent: Rect(0, 0 - 320, 0); boundsInScreen: Rect(0, 0 - 320, 0); boundsInWindow: Rect(0, 0 - 320, 0); packageName: com.hanapkalinga.mobile; className: android.view.ViewGroup; text: null; error: null; maxTextLength: -1; stateDescription: null; contentDescription: null; tooltipText: null; containerTitle: null; viewIdResName: null; uniqueId: null; checkable: false; checked: false; focusable: false; focused: false; selected: false; clickable: false; longClickable: false; contextClickable: false; enabled: true; password: false; scrollable: false; importantForAccessibility: false; visible: false; actions: [AccessibilityAction: ACTION_SELECT - null, AccessibilityAction: ACTION_CLEAR_SELECTION - null, AccessibilityAction: ACTION_ACCESSIBILITY_FOCUS - null, AccessibilityAction: ACTION_SHOW_ON_SCREEN - null]; isTextSelectable: false
06-25 14:39:59.544  5202  5388 D Maestro : View hierarchy received in 57 ms
06-25 14:39:59.583   519   597 W AutofillManagerServiceImpl: logViewEntered: not logging event because history is null
06-25 14:39:59.584   519   597 W PresentationStatsEventLogger: Shouldn't be logging AutofillPresentationEventReported again for same event
06-25 14:39:59.584   519   597 D AutofillSession: trigger augmented autofill.
06-25 14:39:59.584   519   597 W PresentationStatsEventLogger: Shouldn't be logging AutofillPresentationEventReported again for same event
06-25 14:39:59.589  5571  5571 W cr_AwContents: WebView.destroy() called while WebView is still attached to window.
06-25 14:39:59.591  1515  1515 I GoogleInputMethodService: GoogleInputMethodService.onFinishInput():3227 
06-25 14:39:59.592  1515  1515 I GoogleInputMethodService: GoogleInputMethodService.updateDeviceLockedStatus():2087 repeatCheckTimes = 0, unlocked = true
06-25 14:39:59.592  1515  1515 I GoogleInputMethodService: GoogleInputMethodService.onStartInput():1877 onStartInput(EditorInfo{inputType=0x21(EmailAddress) imeOptions=0x6 privateImeOptions=null actionName=DONE actionLabel=null actionId=0 initialSelStart=40 initialSelEnd=40 initialCapsMode=0x0 hintText=non-empty label=null packageName=com.hanapkalinga.mobile fieldId=128 fieldName=null extras=Bundle[mParcelledData.dataSize=240]}, false)
06-25 14:39:59.592  1515  1515 I GoogleInputMethodService: GoogleInputMethodService.shouldHideHeaderOnInitialState():4008 ShouldHideHeaderOnInitialState = false
06-25 14:39:59.592  1515  1515 I GoogleInputMethodService: GoogleInputMethodService.updateDeviceLockedStatus():2087 repeatCheckTimes = 2, unlocked = true
06-25 14:39:59.593  1515  1515 I HardKeyTracker: HardKeyTracker.registerKeySequence():62 Register key sequence hox{callback=eac@849d7e1, lastModifier=0, keyCodes=[57, 57], actions=[1, 0]}
06-25 14:39:59.593  1515  1515 I HardKeyTracker: HardKeyTracker.registerKeySequence():62 Register key sequence hox{callback=eac@6a005f4, lastModifier=0, keyCodes=[58, 58], actions=[1, 0]}
06-25 14:39:59.610   519   597 I ActivityManager: Killing 5763:com.google.android.webview:sandboxed_process0:org.chromium.content.app.SandboxedProcessService0:0/u0a192i0 (adj 0): isolated not needed
06-25 14:39:59.617   519   550 I libprocessgroup: Successfully killed process cgroup uid 99000 pid 5763 in 7ms
--------- beginning of kernel
06-25 14:39:59.829     0     0 I binder  : undelivered transaction 585979, process died.
06-25 14:39:59.830     0     0 I binder  : undelivered transaction 585984, process died.
06-25 14:39:59.831     0     0 I binder  : undelivered transaction 585985, process died.
06-25 14:39:59.832     0     0 I binder  : undelivered transaction 585986, process died.
06-25 14:39:59.634   519   555 W KernelCpuProcStringReader: File not found. It's normal if not implemented: /proc/uid_concurrent_policy_time
06-25 14:39:59.640   519   539 D DisplayManagerService: Drop pending events for gone uid 99000
06-25 14:39:59.649   983   983 I Zygote  : Process 5763 exited cleanly (0)
06-25 14:39:59.675  5571  5577 I pkalinga.mobile: Background concurrent copying GC freed 192048(7780KB) AllocSpace objects, 17(640KB) LOS objects, 49% free, 10MB/21MB, paused 78us,41us total 100.781ms
06-25 14:39:59.956   342  5760 D android.hardware.audio@7.1-impl.ranchu: threadLoop: entering standby, frames: 596224
06-25 14:40:00.040   835   879 D EGL_emulation: app_time_stats: avg=18301.97ms min=18301.97ms max=18301.97ms count=1
06-25 14:40:00.041  1647  2042 I AiAiEcho: Predicting[0]: 
06-25 14:40:00.041  1647  2042 I AiAiEcho: EchoTargets: 
06-25 14:40:00.041  1647  2042 I AiAiEcho: Filtered by AiAi flag check: 
06-25 14:40:00.041  1647  2042 I AiAiEcho: Ranked targets strategy: SORT, count: 0, ranking metadata: 
06-25 14:40:00.042  1647  2042 I AiAiEcho: #postPredictionTargets: Sending updates to UISurface lockscreen with targets# 0 (types=[])
06-25 14:40:00.052   835   835 W PageIndicator: Total number of pages invalid: 0. Assuming 1 page.
06-25 14:40:00.100  5571  5571 I ImeTracker: com.hanapkalinga.mobile:5f095723: onRequestHide at ORIGIN_CLIENT_HIDE_SOFT_INPUT reason HIDE_SOFT_INPUT
06-25 14:40:00.101   519  1296 I ImeTracker: com.hanapkalinga.mobile:5f095723: onCancelled at PHASE_SERVER_SHOULD_HIDE
06-25 14:40:00.123  5202  5388 W QueryController: Could not detect idle state.
06-25 14:40:00.124  5202  5388 D Maestro : Requesting view hierarchy
06-25 14:40:00.125  5202  5388 W QueryController: Could not detect idle state.
06-25 14:40:00.125  5202  5388 W QueryController: Could not detect idle state.
06-25 14:40:00.126  5571  5590 D EGL_emulation: app_time_stats: avg=32.98ms min=5.24ms max=486.22ms count=26
06-25 14:40:00.253  5202  5388 I Maestro : Skipping invisible child: android.view.accessibility.AccessibilityNodeInfo@1c26b; boundsInParent: Rect(0, 0 - 320, 0); boundsInScreen: Rect(0, 0 - 320, 0); boundsInWindow: Rect(0, 0 - 320, 0); packageName: com.hanapkalinga.mobile; className: android.widget.LinearLayout; text: null; error: null; maxTextLength: -1; stateDescription: null; contentDescription: null; tooltipText: null; containerTitle: null; viewIdResName: null; uniqueId: null; checkable: false; checked: false; focusable: false; focused: false; selected: false; clickable: false; longClickable: false; contextClickable: false; enabled: true; password: false; scrollable: false; importantForAccessibility: false; visible: false; actions: [AccessibilityAction: ACTION_SELECT - null, AccessibilityAction: ACTION_CLEAR_SELECTION - null, AccessibilityAction: ACTION_ACCESSIBILITY_FOCUS - null, AccessibilityAction: ACTION_SHOW_ON_SCREEN - null]; isTextSelectable: false
06-25 14:40:00.253  5202  5388 I Maestro : Skipping invisible child: android.view.accessibility.AccessibilityNodeInfo@1beaa; boundsInParent: Rect(0, 0 - 320, 0); boundsInScreen: Rect(0, 0 - 320, 0); boundsInWindow: Rect(0, 0 - 320, 0); packageName: com.hanapkalinga.mobile; className: android.view.ViewGroup; text: null; error: null; maxTextLength: -1; stateDescription: null; contentDescription: null; tooltipText: null; containerTitle: null; viewIdResName: null; uniqueId: null; checkable: false; checked: false; focusable: false; focused: false; selected: false; clickable: false; longClickable: false; contextClickable: false; enabled: true; password: false; scrollable: false; importantForAccessibility: false; visible: false; actions: [AccessibilityAction: ACTION_SELECT - null, AccessibilityAction: ACTION_CLEAR_SELECTION - null, AccessibilityAction: ACTION_ACCESSIBILITY_FOCUS - null, AccessibilityAction: ACTION_SHOW_ON_SCREEN - null]; isTextSelectable: false
06-25 14:40:00.254  5202  5388 I Maestro : Skipping invisible child: android.view.accessibility.AccessibilityNodeInfo@521d1; boundsInParent: Rect(0, 0 - 320, 0); boundsInScreen: Rect(0, 0 - 320, 0); boundsInWindow: Rect(0, 0 - 320, 0); packageName: com.hanapkalinga.mobile; className: android.widget.LinearLayout; text: null; error: null; maxTextLength: -1; stateDescription: null; contentDescription: null; tooltipText: null; containerTitle: null; viewIdResName: null; uniqueId: null; checkable: false; checked: false; focusable: false; focused: false; selected: false; clickable: false; longClickable: false; contextClickable: false; enabled: true; password: false; scrollable: false; importantForAccessibility: false; visible: false; actions: [AccessibilityAction: ACTION_SELECT - null, AccessibilityAction: ACTION_CLEAR_SELECTION - null, AccessibilityAction: ACTION_ACCESSIBILITY_FOCUS - null, AccessibilityAction: ACTION_SHOW_ON_SCREEN - null]; isTextSelectable: false
06-25 14:40:00.254  5202  5388 I Maestro : Skipping invisible child: android.view.accessibility.AccessibilityNodeInfo@51e10; boundsInParent: Rect(0, 0 - 320, 0); boundsInScreen: Rect(0, 0 - 320, 0); boundsInWindow: Rect(0, 0 - 320, 0); packageName: com.hanapkalinga.mobile; className: android.view.ViewGroup; text: null; error: null; maxTextLength: -1; stateDescription: null; contentDescription: null; tooltipText: null; containerTitle: null; viewIdResName: null; uniqueId: null; checkable: false; checked: false; focusable: false; focused: false; selected: false; clickable: false; longClickable: false; contextClickable: false; enabled: true; password: false; scrollable: false; importantForAccessibility: false; visible: false; actions: [AccessibilityAction: ACTION_SELECT - null, AccessibilityAction: ACTION_CLEAR_SELECTION - null, AccessibilityAction: ACTION_ACCESSIBILITY_FOCUS - null, AccessibilityAction: ACTION_SHOW_ON_SCREEN - null]; isTextSelectable: false
06-25 14:40:00.434  5202  5388 I Maestro : Skipping invisible child: android.view.accessibility.AccessibilityNodeInfo@4535a; boundsInParent: Rect(0, 0 - 10, 0); boundsInScreen: Rect(281, 81 - 290, 81); boundsInWindow: Rect(281, 81 - 290, 81); packageName: com.hanapkalinga.mobile; className: com.horcrux.svg.PathView; text: null; error: null; maxTextLength: -1; stateDescription: null; contentDescription: null; tooltipText: null; containerTitle: null; viewIdResName: null; uniqueId: null; checkable: false; checked: false; focusable: false; focused: false; selected: false; clickable: false; longClickable: false; contextClickable: false; enabled: true; password: false; scrollable: false; importantForAccessibility: false; visible: false; actions: [AccessibilityAction: ACTION_SELECT - null, AccessibilityAction: ACTION_CLEAR_SELECTION - null, AccessibilityAction: ACTION_ACCESSIBILITY_FOCUS - null, AccessibilityAction: ACTION_SHOW_ON_SCREEN - null]; isTextSelectable: false
06-25 14:40:00.568  5223  6024 I ChimeraConfigurator: Starting update, reason: 4 urgentFeatures: vision.ocr:-1
06-25 14:40:00.587  5223  6024 I ChimeraConfigurator: Detected pending changes for urgent request: [vision.ocr]. Pending module sets: container:2318189190800+mlkit.ocr.common,tflite_dynamite:2605805025100800+tflite_dynamite,vision_ocr:2316024025100000+vision.ocr
06-25 14:40:00.593  5202  5388 I Maestro : Skipping invisible child: android.view.accessibility.AccessibilityNodeInfo@4a5f0; boundsInParent: Rect(0, 0 - 1, 2); boundsInScreen: Rect(264, 123 - 264, 125); boundsInWindow: Rect(264, 123 - 264, 125); packageName: com.hanapkalinga.mobile; className: com.horcrux.svg.PathView; text: null; error: null; maxTextLength: -1; stateDescription: null; contentDescription: null; tooltipText: null; containerTitle: null; viewIdResName: null; uniqueId: null; checkable: false; checked: false; focusable: false; focused: false; selected: false; clickable: false; longClickable: false; contextClickable: false; enabled: true; password: false; scrollable: false; importantForAccessibility: false; visible: false; actions: [AccessibilityAction: ACTION_SELECT - null, AccessibilityAction: ACTION_CLEAR_SELECTION - null, AccessibilityAction: ACTION_ACCESSIBILITY_FOCUS - null, AccessibilityAction: ACTION_SHOW_ON_SCREEN - null]; isTextSelectable: false
06-25 14:40:00.594  5202  5388 I Maestro : Skipping invisible child: android.view.accessibility.AccessibilityNodeInfo@4a22f; boundsInParent: Rect(0, 0 - 1, 2); boundsInScreen: Rect(268, 123 - 268, 125); boundsInWindow: Rect(268, 123 - 268, 125); packageName: com.hanapkalinga.mobile; className: com.horcrux.svg.PathView; text: null; error: null; maxTextLength: -1; stateDescription: null; contentDescription: null; tooltipText: null; containerTitle: null; viewIdResName: null; uniqueId: null; checkable: false; checked: false; focusable: false; focused: false; selected: false; clickable: false; longClickable: false; contextClickable: false; enabled: true; password: false; scrollable: false; importantForAccessibility: false; visible: false; actions: [AccessibilityAction: ACTION_SELECT - null, AccessibilityAction: ACTION_CLEAR_SELECTION - null, AccessibilityAction: ACTION_ACCESSIBILITY_FOCUS - null, AccessibilityAction: ACTION_SHOW_ON_SCREEN - null]; isTextSelectable: false
06-25 14:40:00.598  5202  5388 I Maestro : Skipping invisible child: android.view.accessibility.AccessibilityNodeInfo@4b8b5; boundsInParent: Rect(0, 0 - 92, 34); boundsInScreen: Rect(342, 113 - 320, 147); boundsInWindow: Rect(342, 113 - 320, 147); packageName: com.hanapkalinga.mobile; className: android.widget.Button; text: null; error: null; maxTextLength: -1; stateDescription: null; contentDescription: Families tab; tooltipText: null; containerTitle: null; viewIdResName: tab_families; uniqueId: null; checkable: false; checked: false; focusable: true; focused: false; selected: false; clickable: true; longClickable: false; contextClickable: false; enabled: true; password: false; scrollable: false; importantForAccessibility: true; visible: false; actions: [AccessibilityAction: ACTION_FOCUS - null, AccessibilityAction: ACTION_SELECT - null, AccessibilityAction: ACTION_CLEAR_SELECTION - null, AccessibilityAction: ACTION_CLICK - null, AccessibilityAction: ACTION_ACCESSIBILITY_FOCUS - null, AccessibilityAction: ACTION_NEXT_AT_MOVEMENT_GRANULARITY - null, AccessibilityAction: ACTION_PREVIOUS_AT_MOVEMENT_GRANULARITY - null, AccessibilityAction: ACTION_SET_SELECTION - null, AccessibilityAction: ACTION_SHOW_ON_SCREEN - null]; isTextSelectable: false
06-25 14:40:00.602  5202  5388 I Maestro : Skipping invisible child: android.view.accessibility.AccessibilityNodeInfo@4d6bd; boundsInParent: Rect(0, 0 - 97, 34); boundsInScreen: Rect(442, 113 - 320, 147); boundsInWindow: Rect(442, 113 - 320, 147); packageName: com.hanapkalinga.mobile; className: android.widget.Button; text: null; error: null; maxTextLength: -1; stateDescription: null; contentDescription: Bookings tab; tooltipText: null; containerTitle: null; viewIdResName: tab_bookings; uniqueId: null; checkable: false; checked: false; focusable: true; focused: false; selected: false; clickable: true; longClickable: false; contextClickable: false; enabled: true; password: false; scrollable: false; importantForAccessibility: true; visible: false; actions: [AccessibilityAction: ACTION_FOCUS - null, AccessibilityAction: ACTION_SELECT - null, AccessibilityAction: ACTION_CLEAR_SELECTION - null, AccessibilityAction: ACTION_CLICK - null, AccessibilityAction: ACTION_ACCESSIBILITY_FOCUS - null, AccessibilityAction: ACTION_NEXT_AT_MOVEMENT_GRANULARITY - null, AccessibilityAction: ACTION_PREVIOUS_AT_MOVEMENT_GRANULARITY - null, AccessibilityAction: ACTION_SET_SELECTION - null, AccessibilityAction: ACTION_SHOW_ON_SCREEN - null]; isTextSelectable: false
06-25 14:40:00.606  5202  5388 I Maestro : Skipping invisible child: android.view.accessibility.AccessibilityNodeInfo@50b4b; boundsInParent: Rect(0, 0 - 89, 34); boundsInScreen: Rect(547, 113 - 320, 147); boundsInWindow: Rect(547, 113 - 320, 147); packageName: com.hanapkalinga.mobile; className: android.widget.Button; text: null; error: null; maxTextLength: -1; stateDescription: null; contentDescription: Reports tab; tooltipText: null; containerTitle: null; viewIdResName: tab_reports; uniqueId: null; checkable: false; checked: false; focusable: true; focused: false; selected: false; clickable: true; longClickable: false; contextClickable: false; enabled: true; password: false; scrollable: false; importantForAccessibility: true; visible: false; actions: [AccessibilityAction: ACTION_FOCUS - null, AccessibilityAction: ACTION_SELECT - null, AccessibilityAction: ACTION_CLEAR_SELECTION - null, AccessibilityAction: ACTION_CLICK - null, AccessibilityAction: ACTION_ACCESSIBILITY_FOCUS - null, AccessibilityAction: ACTION_NEXT_AT_MOVEMENT_GRANULARITY - null, AccessibilityAction: ACTION_PREVIOUS_AT_MOVEMENT_GRANULARITY - null, AccessibilityAction: ACTION_SET_SELECTION - null, AccessibilityAction: ACTION_SHOW_ON_SCREEN - null]; isTextSelectable: false
06-25 14:40:00.613  5223  6024 I GmsDebugLogger: [73] 1801
06-25 14:40:00.618  5223  6024 W ZappDownloader: No successful module downloads for requested features [vision.ocr].
06-25 14:40:00.618  5223  6024 I GmsDebugLogger: [30] [VisionOcrDynamite.integ:231602402100000],[TfliteDynamiteDynamite.integ:260580502100800],[MlkitOcrCommon.optional:231818100800]
06-25 14:40:00.621  5223  6024 W ChimeraConfigService: Retry attempt was throttled. [CONTEXT service_id=264 ]
06-25 14:40:00.621  5223  6024 I GmsDebugLogger: [83] 1 [vision.ocr]
06-25 14:40:00.628  5223  6031 W Vision  : Request for optional module download of ocr failed. Request again.
06-25 14:40:00.628  5223  6031 W Vision  : Would have logged:
06-25 14:40:00.628  5223  6031 W Vision  : # dsae@37884fe7
06-25 14:40:00.628  5223  6031 I Vision  : Schedule retrying download ocr at 143912 with backoff 40 seconds
06-25 14:40:00.631  5202  5388 I Maestro : Skipping invisible child: android.view.accessibility.AccessibilityNodeInfo@3f1c0; boundsInParent: Rect(0, 0 - 0, 2); boundsInScreen: Rect(48, 628 - 48, 630); boundsInWindow: Rect(48, 628 - 48, 630); packageName: com.hanapkalinga.mobile; className: com.horcrux.svg.PathView; text: null; error: null; maxTextLength: -1; stateDescription: null; contentDescription: null; tooltipText: null; containerTitle: null; viewIdResName: null; uniqueId: null; checkable: false; checked: false; focusable: false; focused: false; selected: false; clickable: false; longClickable: false; contextClickable: false; enabled: true; password: false; scrollable: false; importantForAccessibility: false; visible: false; actions: [AccessibilityAction: ACTION_SELECT - null, AccessibilityAction: ACTION_CLEAR_SELECTION - null, AccessibilityAction: ACTION_ACCESSIBILITY_FOCUS - null, AccessibilityAction: ACTION_SHOW_ON_SCREEN - null]; isTextSelectable: false
06-25 14:40:00.631  5202  5388 I Maestro : Skipping invisible child: android.view.accessibility.AccessibilityNodeInfo@3edff; boundsInParent: Rect(0, 0 - 0, 2); boundsInScreen: Rect(54, 628 - 54, 630); boundsInWindow: Rect(54, 628 - 54, 630); packageName: com.hanapkalinga.mobile; className: com.horcrux.svg.PathView; text: null; error: null; maxTextLength: -1; stateDescription: null; contentDescription: null; tooltipText: null; containerTitle: null; viewIdResName: null; uniqueId: null; checkable: false; checked: false; focusable: false; focused: false; selected: false; clickable: false; longClickable: false; contextClickable: false; enabled: true; password: false; scrollable: false; importantForAccessibility: false; visible: false; actions: [AccessibilityAction: ACTION_SELECT - null, AccessibilityAction: ACTION_CLEAR_SELECTION - null, AccessibilityAction: ACTION_ACCESSIBILITY_FOCUS - null, AccessibilityAction: ACTION_SHOW_ON_SCREEN - null]; isTextSelectable: false
06-25 14:40:00.633  5202  5388 I Maestro : Skipping invisible child: android.view.accessibility.AccessibilityNodeInfo@40485; boundsInParent: Rect(0, 0 - 194, 18); boundsInScreen: Rect(93, 640 - 287, 640); boundsInWindow: Rect(93, 640 - 287, 640); packageName: com.hanapkalinga.mobile; className: android.widget.TextView; text: Browse all providers; error: null; maxTextLength: -1; stateDescription: null; contentDescription: null; tooltipText: null; containerTitle: null; viewIdResName: null; uniqueId: null; checkable: false; checked: false; focusable: false; focused: false; selected: false; clickable: false; longClickable: false; contextClickable: false; enabled: true; password: false; scrollable: false; importantForAccessibility: true; visible: false; actions: [AccessibilityAction: ACTION_SELECT - null, AccessibilityAction: ACTION_CLEAR_SELECTION - null, AccessibilityAction: ACTION_ACCESSIBILITY_FOCUS - null, AccessibilityAction: ACTION_NEXT_AT_MOVEMENT_GRANULARITY - null, AccessibilityAction: ACTION_PREVIOUS_AT_MOVEMENT_GRANULARITY - null, AccessibilityAction: ACTION_SET_SELECTION - null, AccessibilityAction: ACTION_SHOW_ON_SCREEN - null]; isTextSelectable: false
06-25 14:40:00.634  5202  5388 I Maestro : Skipping invisible child: android.view.accessibility.AccessibilityNodeInfo@40846; boundsInParent: Rect(0, 0 - 288, 1); boundsInScreen: Rect(16, 705 - 304, 640); boundsInWindow: Rect(16, 705 - 304, 640); packageName: com.hanapkalinga.mobile; className: android.view.ViewGroup; text: null; error: null; maxTextLength: -1; stateDescription: null; contentDescription: null; tooltipText: null; containerTitle: null; viewIdResName: null; uniqueId: null; checkable: false; checked: false; focusable: false; focused: false; selected: false; clickable: false; longClickable: false; contextClickable: false; enabled: true; password: false; scrollable: false; importantForAccessibility: false; visible: false; actions: [AccessibilityAction: ACTION_SELECT - null, AccessibilityAction: ACTION_CLEAR_SELECTION - null, AccessibilityAction: ACTION_ACCESSIBILITY_FOCUS - null, AccessibilityAction: ACTION_SHOW_ON_SCREEN - null]; isTextSelectable: false
06-25 14:40:00.634  5202  5388 I Maestro : Skipping invisible child: android.view.accessibility.AccessibilityNodeInfo@40c07; boundsInParent: Rect(0, 0 - 288, 22); boundsInScreen: Rect(16, 746 - 304, 640); boundsInWindow: Rect(16, 746 - 304, 640); packageName: com.hanapkalinga.mobile; className: android.widget.TextView; text: Verification status legend; error: null; maxTextLength: -1; stateDescription: null; contentDescription: null; tooltipText: null; containerTitle: null; viewIdResName: null; uniqueId: null; checkable: false; checked: false; focusable: false; focused: false; selected: false; clickable: false; longClickable: false; contextClickable: false; enabled: true; password: false; scrollable: false; importantForAccessibility: true; visible: false; actions: [AccessibilityAction: ACTION_SELECT - null, AccessibilityAction: ACTION_CLEAR_SELECTION - null, AccessibilityAction: ACTION_ACCESSIBILITY_FOCUS - null, AccessibilityAction: ACTION_NEXT_AT_MOVEMENT_GRANULARITY - null, AccessibilityAction: ACTION_PREVIOUS_AT_MOVEMENT_GRANULARITY - null, AccessibilityAction: ACTION_SET_SELECTION - null, AccessibilityAction: ACTION_SHOW_ON_SCREEN - null]; isTextSelectable: false
06-25 14:40:00.635  5202  5388 I Maestro : Skipping invisible child: android.view.accessibility.AccessibilityNodeInfo@40fc8; boundsInParent: Rect(0, 0 - 65, 21); boundsInScreen: Rect(16, 780 - 81, 640); boundsInWindow: Rect(16, 780 - 81, 640); packageName: com.hanapkalinga.mobile; className: android.view.ViewGroup; text: null; error: null; maxTextLength: -1; stateDescription: null; contentDescription: null; tooltipText: null; containerTitle: null; viewIdResName: null; uniqueId: null; checkable: false; checked: false; focusable: false; focused: false; selected: false; clickable: false; longClickable: false; contextClickable: false; enabled: true; password: false; scrollable: false; importantForAccessibility: false; visible: false; actions: [AccessibilityAction: ACTION_SELECT - null, AccessibilityAction: ACTION_CLEAR_SELECTION - null, AccessibilityAction: ACTION_ACCESSIBILITY_FOCUS - null, AccessibilityAction: ACTION_SHOW_ON_SCREEN - null]; isTextSelectable: false
06-25 14:40:00.635  5202  5388 I Maestro : Skipping invisible child: android.view.accessibility.AccessibilityNodeInfo@41389; boundsInParent: Rect(0, 0 - 45, 17); boundsInScreen: Rect(26, 782 - 71, 640); boundsInWindow: Rect(26, 782 - 71, 640); packageName: com.hanapkalinga.mobile; className: android.widget.TextView; text: Pending; error: null; maxTextLength: -1; stateDescription: null; contentDescription: null; tooltipText: null; containerTitle: null; viewIdResName: null; uniqueId: null; checkable: false; checked: false; focusable: false; focused: false; selected: false; clickable: false; longClickable: false; contextClickable: false; enabled: true; password: false; scrollable: false; importantForAccessibility: true; visible: false; actions: [AccessibilityAction: ACTION_SELECT - null, AccessibilityAction: ACTION_CLEAR_SELECTION - null, AccessibilityAction: ACTION_ACCESSIBILITY_FOCUS - null, AccessibilityAction: ACTION_NEXT_AT_MOVEMENT_GRANULARITY - null, AccessibilityAction: ACTION_PREVIOUS_AT_MOVEMENT_GRANULARITY - null, AccessibilityAction: ACTION_SET_SELECTION - null, AccessibilityAction: ACTION_SHOW_ON_SCREEN - null]; isTextSelectable: false
06-25 14:40:00.636  5202  5388 I Maestro : Skipping invisible child: android.view.accessibility.AccessibilityNodeInfo@4174a; boundsInParent: Rect(0, 0 - 92, 21); boundsInScreen: Rect(89, 780 - 181, 640); boundsInWindow: Rect(89, 780 - 181, 640); packageName: com.hanapkalinga.mobile; className: android.view.ViewGroup; text: null; error: null; maxTextLength: -1; stateDescription: null; contentDescription: null; tooltipText: null; containerTitle: null; viewIdResName: null; uniqueId: null; checkable: false; checked: false; focusable: false; focused: false; selected: false; clickable: false; longClickable: false; contextClickable: false; enabled: true; password: false; scrollable: false; importantForAccessibility: false; visible: false; actions: [AccessibilityAction: ACTION_SELECT - null, AccessibilityAction: ACTION_CLEAR_SELECTION - null, AccessibilityAction: ACTION_ACCESSIBILITY_FOCUS - null, AccessibilityAction: ACTION_SHOW_ON_SCREEN - null]; isTextSelectable: false
06-25 14:40:00.636  5202  5388 I Maestro : Skipping invisible child: android.view.accessibility.AccessibilityNodeInfo@41b0b; boundsInParent: Rect(0, 0 - 72, 17); boundsInScreen: Rect(99, 782 - 171, 640); boundsInWindow: Rect(99, 782 - 171, 640); packageName: com.hanapkalinga.mobile; className: android.widget.TextView; text: Under Review; error: null; maxTextLength: -1; stateDescription: null; contentDescription: null; tooltipText: null; containerTitle: null; viewIdResName: null; uniqueId: null; checkable: false; checked: false; focusable: false; focused: false; selected: false; clickable: false; longClickable: false; contextClickable: false; enabled: true; password: false; scrollable: false; importantForAccessibility: true; visible: false; actions: [AccessibilityAction: ACTION_SELECT - null, AccessibilityAction: ACTION_CLEAR_SELECTION - null, AccessibilityAction: ACTION_ACCESSIBILITY_FOCUS - null, AccessibilityAction: ACTION_NEXT_AT_MOVEMENT_GRANULARITY - null, AccessibilityAction: ACTION_PREVIOUS_AT_MOVEMENT_GRANULARITY - null, AccessibilityAction: ACTION_SET_SELECTION - null, AccessibilityAction: ACTION_SHOW_ON_SCREEN - null]; isTextSelectable: false
06-25 14:40:00.637  5202  5388 I Maestro : Skipping invisible child: android.view.accessibility.AccessibilityNodeInfo@41ecc; boundsInParent: Rect(0, 0 - 61, 21); boundsInScreen: Rect(189, 780 - 250, 640); boundsInWindow: Rect(189, 780 - 250, 640); packageName: com.hanapkalinga.mobile; className: android.view.ViewGroup; text: null; error: null; maxTextLength: -1; stateDescription: null; contentDescription: null; tooltipText: null; containerTitle: null; viewIdResName: null; uniqueId: null; checkable: false; checked: false; focusable: false; focused: false; selected: false; clickable: false; longClickable: false; contextClickable: false; enabled: true; password: false; scrollable: false; importantForAccessibility: false; visible: false; actions: [AccessibilityAction: ACTION_SELECT - null, AccessibilityAction: ACTION_CLEAR_SELECTION - null, AccessibilityAction: ACTION_ACCESSIBILITY_FOCUS - null, AccessibilityAction: ACTION_SHOW_ON_SCREEN - null]; isTextSelectable: false
06-25 14:40:00.640  5202  5388 I Maestro : Skipping invisible child: android.view.accessibility.AccessibilityNodeInfo@4228d; boundsInParent: Rect(0, 0 - 41, 17); boundsInScreen: Rect(199, 782 - 240, 640); boundsInWindow: Rect(199, 782 - 240, 640); packageName: com.hanapkalinga.mobile; className: android.widget.TextView; text: Verified; error: null; maxTextLength: -1; stateDescription: null; contentDescription: null; tooltipText: null; containerTitle: null; viewIdResName: null; uniqueId: null; checkable: false; checked: false; focusable: false; focused: false; selected: false; clickable: false; longClickable: false; contextClickable: false; enabled: true; password: false; scrollable: false; importantForAccessibility: true; visible: false; actions: [AccessibilityAction: ACTION_SELECT - null, AccessibilityAction: ACTION_CLEAR_SELECTION - null, AccessibilityAction: ACTION_ACCESSIBILITY_FOCUS - null, AccessibilityAction: ACTION_NEXT_AT_MOVEMENT_GRANULARITY - null, AccessibilityAction: ACTION_PREVIOUS_AT_MOVEMENT_GRANULARITY - null, AccessibilityAction: ACTION_SET_SELECTION - null, AccessibilityAction: ACTION_SHOW_ON_SCREEN - null]; isTextSelectable: false
06-25 14:40:00.641  5202  5388 I Maestro : Skipping invisible child: android.view.accessibility.AccessibilityNodeInfo@4264e; boundsInParent: Rect(0, 0 - 65, 21); boundsInScreen: Rect(16, 809 - 81, 640); boundsInWindow: Rect(16, 809 - 81, 640); packageName: com.hanapkalinga.mobile; className: android.view.ViewGroup; text: null; error: null; maxTextLength: -1; stateDescription: null; contentDescription: null; tooltipText: null; containerTitle: null; viewIdResName: null; uniqueId: null; checkable: false; checked: false; focusable: false; focused: false; selected: false; clickable: false; longClickable: false; contextClickable: false; enabled: true; password: false; scrollable: false; importantForAccessibility: false; visible: false; actions: [AccessibilityAction: ACTION_SELECT - null, AccessibilityAction: ACTION_CLEAR_SELECTION - null, AccessibilityAction: ACTION_ACCESSIBILITY_FOCUS - null, AccessibilityAction: ACTION_SHOW_ON_SCREEN - null]; isTextSelectable: false
