06-25 14:39:55.265  5202  5388 I Maestro : Skipping invisible child: android.view.accessibility.AccessibilityNodeInfo@1a0a2; boundsInParent: Rect(0, 0 - 320, 0); boundsInScreen: Rect(0, 0 - 320, 0); boundsInWindow: Rect(0, 0 - 320, 0); packageName: com.hanapkalinga.mobile; className: android.view.ViewGroup; text: null; error: null; maxTextLength: -1; stateDescription: null; contentDescription: null; tooltipText: null; containerTitle: null; viewIdResName: null; uniqueId: null; checkable: false; checked: false; focusable: false; focused: false; selected: false; clickable: false; longClickable: false; contextClickable: false; enabled: true; password: false; scrollable: false; importantForAccessibility: false; visible: false; actions: [AccessibilityAction: ACTION_SELECT - null, AccessibilityAction: ACTION_CLEAR_SELECTION - null, AccessibilityAction: ACTION_ACCESSIBILITY_FOCUS - null, AccessibilityAction: ACTION_SHOW_ON_SCREEN - null]; isTextSelectable: false
06-25 14:39:55.282  5202  5388 D Maestro : View hierarchy received in 28 ms
06-25 14:39:55.305  1630  1630 V ContactsProvider: Scheduled notifyChange started.
06-25 14:39:55.306  4024  4024 D BluetoothPbapService:  onChange on contact uri 
06-25 14:39:55.311  4024  6007 D BluetoothPbapUtils: primaryVersionCounter = 0, secondaryVersionCounter=0
06-25 14:39:55.325  5130  5263 I NetworkScheduler.Stats: Task com.google.android.gms/com.google.android.gms.icing.proxy.IcingInternalCorporaUpdateService started execution. cause:9 exec_start_elapsed_seconds: 138 [CONTEXT service_id=218 ]
06-25 14:39:55.327  5130  5205 I NetworkScheduler.Stats: Task com.google.android.gms/com.google.android.gms.icing.proxy.IcingInternalCorporaUpdateService finished executing. cause:9 result: 1 elapsed_millis: 7 uptime_millis: 7 exec_start_elapsed_seconds: 138 [CONTEXT service_id=218 ]
06-25 14:39:55.350  5130  5263 I NetworkScheduler.Stats: Task com.google.android.gms/com.google.android.gms.chimera.container.ConfigService started execution. cause:5 exec_start_elapsed_seconds: 138 [CONTEXT service_id=218 ]
06-25 14:39:55.351  5223  5271 I ChimeraConfigurator: Starting update, reason: 1 urgentFeatures: 
06-25 14:39:55.400  5223  5271 I GmsDebugLogger: [73] 1801
06-25 14:39:55.402  5223  5271 W ZappDownloader: No successful module downloads for requested features [].
06-25 14:39:55.402  5223  5271 I GmsDebugLogger: [30] [VisionOcrDynamite.integ:231602402100000],[VisionBarcode.optional:231818100800],[TfliteDynamiteDynamite.integ:260580502100800],[MlkitOcrCommon.optional:231818100800],[MapsCoreDynamite.integ:231112103100800],[MlkitBarcodeUi.optional:231818100000]
06-25 14:39:55.407  5223  5271 I ChimeraConfigService: Scheduling checkin for one-off execution between [3300,43201] seconds from now (1782398395407) [CONTEXT service_id=264 ]
06-25 14:39:55.413  5223  5271 I ChimeraConfigService: Scheduling checkin every 43201 seconds, with flex of 21600 seconds [CONTEXT service_id=264 ]
06-25 14:39:55.433  5130  5205 I NetworkScheduler.Stats: Task com.google.android.gms/com.google.android.gms.chimera.container.ConfigService finished executing. cause:5 result: 2 elapsed_millis: 89 uptime_millis: 89 exec_start_elapsed_seconds: 138 [CONTEXT service_id=218 ]
06-25 14:39:55.600  5571  5590 D EGL_emulation: app_time_stats: avg=382.14ms min=146.55ms max=500.00ms count=3
06-25 14:39:55.605  5202  5388 D Maestro : Requesting view hierarchy
06-25 14:39:55.605  5202  5388 W QueryController: Could not detect idle state.
06-25 14:39:55.606  5202  5388 W QueryController: Could not detect idle state.
06-25 14:39:55.613  5202  5388 I Maestro : Skipping invisible child: android.view.accessibility.AccessibilityNodeInfo@12882; boundsInParent: Rect(0, 0 - 320, 0); boundsInScreen: Rect(0, 0 - 320, 0); boundsInWindow: Rect(0, 0 - 320, 0); packageName: com.hanapkalinga.mobile; className: android.widget.LinearLayout; text: null; error: null; maxTextLength: -1; stateDescription: null; contentDescription: null; tooltipText: null; containerTitle: null; viewIdResName: null; uniqueId: null; checkable: false; checked: false; focusable: false; focused: false; selected: false; clickable: false; longClickable: false; contextClickable: false; enabled: true; password: false; scrollable: false; importantForAccessibility: false; visible: false; actions: [AccessibilityAction: ACTION_SELECT - null, AccessibilityAction: ACTION_CLEAR_SELECTION - null, AccessibilityAction: ACTION_ACCESSIBILITY_FOCUS - null, AccessibilityAction: ACTION_SHOW_ON_SCREEN - null]; isTextSelectable: false
06-25 14:39:55.613  5202  5388 I Maestro : Skipping invisible child: android.view.accessibility.AccessibilityNodeInfo@124c1; boundsInParent: Rect(0, 0 - 320, 0); boundsInScreen: Rect(0, 0 - 320, 0); boundsInWindow: Rect(0, 0 - 320, 0); packageName: com.hanapkalinga.mobile; className: android.view.ViewGroup; text: null; error: null; maxTextLength: -1; stateDescription: null; contentDescription: null; tooltipText: null; containerTitle: null; viewIdResName: null; uniqueId: null; checkable: false; checked: false; focusable: false; focused: false; selected: false; clickable: false; longClickable: false; contextClickable: false; enabled: true; password: false; scrollable: false; importantForAccessibility: false; visible: false; actions: [AccessibilityAction: ACTION_SELECT - null, AccessibilityAction: ACTION_CLEAR_SELECTION - null, AccessibilityAction: ACTION_ACCESSIBILITY_FOCUS - null, AccessibilityAction: ACTION_SHOW_ON_SCREEN - null]; isTextSelectable: false
06-25 14:39:55.614  5202  5388 I Maestro : Skipping invisible child: android.view.accessibility.AccessibilityNodeInfo@1a463; boundsInParent: Rect(0, 0 - 320, 0); boundsInScreen: Rect(0, 0 - 320, 0); boundsInWindow: Rect(0, 0 - 320, 0); packageName: com.hanapkalinga.mobile; className: android.widget.LinearLayout; text: null; error: null; maxTextLength: -1; stateDescription: null; contentDescription: null; tooltipText: null; containerTitle: null; viewIdResName: null; uniqueId: null; checkable: false; checked: false; focusable: false; focused: false; selected: false; clickable: false; longClickable: false; contextClickable: false; enabled: true; password: false; scrollable: false; importantForAccessibility: false; visible: false; actions: [AccessibilityAction: ACTION_SELECT - null, AccessibilityAction: ACTION_CLEAR_SELECTION - null, AccessibilityAction: ACTION_ACCESSIBILITY_FOCUS - null, AccessibilityAction: ACTION_SHOW_ON_SCREEN - null]; isTextSelectable: false
06-25 14:39:55.615  5202  5388 I Maestro : Skipping invisible child: android.view.accessibility.AccessibilityNodeInfo@1a0a2; boundsInParent: Rect(0, 0 - 320, 0); boundsInScreen: Rect(0, 0 - 320, 0); boundsInWindow: Rect(0, 0 - 320, 0); packageName: com.hanapkalinga.mobile; className: android.view.ViewGroup; text: null; error: null; maxTextLength: -1; stateDescription: null; contentDescription: null; tooltipText: null; containerTitle: null; viewIdResName: null; uniqueId: null; checkable: false; checked: false; focusable: false; focused: false; selected: false; clickable: false; longClickable: false; contextClickable: false; enabled: true; password: false; scrollable: false; importantForAccessibility: false; visible: false; actions: [AccessibilityAction: ACTION_SELECT - null, AccessibilityAction: ACTION_CLEAR_SELECTION - null, AccessibilityAction: ACTION_ACCESSIBILITY_FOCUS - null, AccessibilityAction: ACTION_SHOW_ON_SCREEN - null]; isTextSelectable: false
06-25 14:39:55.637  5202  5388 D Maestro : View hierarchy received in 32 ms
06-25 14:39:55.646   519  2328 D OomAdjuster: Not killing cached processes
06-25 14:39:55.703   822   822 I wpa_supplicant: wlan0: CTRL-EVENT-BEACON-LOSS 
06-25 14:39:55.731  5202  5388 D Maestro : Requesting view hierarchy
06-25 14:39:55.732  5202  5388 W QueryController: Could not detect idle state.
06-25 14:39:55.732  5202  5388 W QueryController: Could not detect idle state.
06-25 14:39:55.740  5202  5388 I Maestro : Skipping invisible child: android.view.accessibility.AccessibilityNodeInfo@12882; boundsInParent: Rect(0, 0 - 320, 0); boundsInScreen: Rect(0, 0 - 320, 0); boundsInWindow: Rect(0, 0 - 320, 0); packageName: com.hanapkalinga.mobile; className: android.widget.LinearLayout; text: null; error: null; maxTextLength: -1; stateDescription: null; contentDescription: null; tooltipText: null; containerTitle: null; viewIdResName: null; uniqueId: null; checkable: false; checked: false; focusable: false; focused: false; selected: false; clickable: false; longClickable: false; contextClickable: false; enabled: true; password: false; scrollable: false; importantForAccessibility: false; visible: false; actions: [AccessibilityAction: ACTION_SELECT - null, AccessibilityAction: ACTION_CLEAR_SELECTION - null, AccessibilityAction: ACTION_ACCESSIBILITY_FOCUS - null, AccessibilityAction: ACTION_SHOW_ON_SCREEN - null]; isTextSelectable: false
06-25 14:39:55.741  5202  5388 I Maestro : Skipping invisible child: android.view.accessibility.AccessibilityNodeInfo@124c1; boundsInParent: Rect(0, 0 - 320, 0); boundsInScreen: Rect(0, 0 - 320, 0); boundsInWindow: Rect(0, 0 - 320, 0); packageName: com.hanapkalinga.mobile; className: android.view.ViewGroup; text: null; error: null; maxTextLength: -1; stateDescription: null; contentDescription: null; tooltipText: null; containerTitle: null; viewIdResName: null; uniqueId: null; checkable: false; checked: false; focusable: false; focused: false; selected: false; clickable: false; longClickable: false; contextClickable: false; enabled: true; password: false; scrollable: false; importantForAccessibility: false; visible: false; actions: [AccessibilityAction: ACTION_SELECT - null, AccessibilityAction: ACTION_CLEAR_SELECTION - null, AccessibilityAction: ACTION_ACCESSIBILITY_FOCUS - null, AccessibilityAction: ACTION_SHOW_ON_SCREEN - null]; isTextSelectable: false
06-25 14:39:55.741  5202  5388 I Maestro : Skipping invisible child: android.view.accessibility.AccessibilityNodeInfo@1a463; boundsInParent: Rect(0, 0 - 320, 0); boundsInScreen: Rect(0, 0 - 320, 0); boundsInWindow: Rect(0, 0 - 320, 0); packageName: com.hanapkalinga.mobile; className: android.widget.LinearLayout; text: null; error: null; maxTextLength: -1; stateDescription: null; contentDescription: null; tooltipText: null; containerTitle: null; viewIdResName: null; uniqueId: null; checkable: false; checked: false; focusable: false; focused: false; selected: false; clickable: false; longClickable: false; contextClickable: false; enabled: true; password: false; scrollable: false; importantForAccessibility: false; visible: false; actions: [AccessibilityAction: ACTION_SELECT - null, AccessibilityAction: ACTION_CLEAR_SELECTION - null, AccessibilityAction: ACTION_ACCESSIBILITY_FOCUS - null, AccessibilityAction: ACTION_SHOW_ON_SCREEN - null]; isTextSelectable: false
06-25 14:39:55.742  5202  5388 I Maestro : Skipping invisible child: android.view.accessibility.AccessibilityNodeInfo@1a0a2; boundsInParent: Rect(0, 0 - 320, 0); boundsInScreen: Rect(0, 0 - 320, 0); boundsInWindow: Rect(0, 0 - 320, 0); packageName: com.hanapkalinga.mobile; className: android.view.ViewGroup; text: null; error: null; maxTextLength: -1; stateDescription: null; contentDescription: null; tooltipText: null; containerTitle: null; viewIdResName: null; uniqueId: null; checkable: false; checked: false; focusable: false; focused: false; selected: false; clickable: false; longClickable: false; contextClickable: false; enabled: true; password: false; scrollable: false; importantForAccessibility: false; visible: false; actions: [AccessibilityAction: ACTION_SELECT - null, AccessibilityAction: ACTION_CLEAR_SELECTION - null, AccessibilityAction: ACTION_ACCESSIBILITY_FOCUS - null, AccessibilityAction: ACTION_SHOW_ON_SCREEN - null]; isTextSelectable: false
06-25 14:39:55.766  5202  5388 D Maestro : View hierarchy received in 35 ms
06-25 14:39:55.863  5202  5705 D Maestro : Requesting view hierarchy
06-25 14:39:55.864  5202  5705 W QueryController: Could not detect idle state.
06-25 14:39:55.864  5202  5705 W QueryController: Could not detect idle state.
06-25 14:39:55.870  5202  5705 I Maestro : Skipping invisible child: android.view.accessibility.AccessibilityNodeInfo@12882; boundsInParent: Rect(0, 0 - 320, 0); boundsInScreen: Rect(0, 0 - 320, 0); boundsInWindow: Rect(0, 0 - 320, 0); packageName: com.hanapkalinga.mobile; className: android.widget.LinearLayout; text: null; error: null; maxTextLength: -1; stateDescription: null; contentDescription: null; tooltipText: null; containerTitle: null; viewIdResName: null; uniqueId: null; checkable: false; checked: false; focusable: false; focused: false; selected: false; clickable: false; longClickable: false; contextClickable: false; enabled: true; password: false; scrollable: false; importantForAccessibility: false; visible: false; actions: [AccessibilityAction: ACTION_SELECT - null, AccessibilityAction: ACTION_CLEAR_SELECTION - null, AccessibilityAction: ACTION_ACCESSIBILITY_FOCUS - null, AccessibilityAction: ACTION_SHOW_ON_SCREEN - null]; isTextSelectable: false
06-25 14:39:55.870  5202  5705 I Maestro : Skipping invisible child: android.view.accessibility.AccessibilityNodeInfo@124c1; boundsInParent: Rect(0, 0 - 320, 0); boundsInScreen: Rect(0, 0 - 320, 0); boundsInWindow: Rect(0, 0 - 320, 0); packageName: com.hanapkalinga.mobile; className: android.view.ViewGroup; text: null; error: null; maxTextLength: -1; stateDescription: null; contentDescription: null; tooltipText: null; containerTitle: null; viewIdResName: null; uniqueId: null; checkable: false; checked: false; focusable: false; focused: false; selected: false; clickable: false; longClickable: false; contextClickable: false; enabled: true; password: false; scrollable: false; importantForAccessibility: false; visible: false; actions: [AccessibilityAction: ACTION_SELECT - null, AccessibilityAction: ACTION_CLEAR_SELECTION - null, AccessibilityAction: ACTION_ACCESSIBILITY_FOCUS - null, AccessibilityAction: ACTION_SHOW_ON_SCREEN - null]; isTextSelectable: false
06-25 14:39:55.871  5202  5705 I Maestro : Skipping invisible child: android.view.accessibility.AccessibilityNodeInfo@1a463; boundsInParent: Rect(0, 0 - 320, 0); boundsInScreen: Rect(0, 0 - 320, 0); boundsInWindow: Rect(0, 0 - 320, 0); packageName: com.hanapkalinga.mobile; className: android.widget.LinearLayout; text: null; error: null; maxTextLength: -1; stateDescription: null; contentDescription: null; tooltipText: null; containerTitle: null; viewIdResName: null; uniqueId: null; checkable: false; checked: false; focusable: false; focused: false; selected: false; clickable: false; longClickable: false; contextClickable: false; enabled: true; password: false; scrollable: false; importantForAccessibility: false; visible: false; actions: [AccessibilityAction: ACTION_SELECT - null, AccessibilityAction: ACTION_CLEAR_SELECTION - null, AccessibilityAction: ACTION_ACCESSIBILITY_FOCUS - null, AccessibilityAction: ACTION_SHOW_ON_SCREEN - null]; isTextSelectable: false
06-25 14:39:55.871  5202  5705 I Maestro : Skipping invisible child: android.view.accessibility.AccessibilityNodeInfo@1a0a2; boundsInParent: Rect(0, 0 - 320, 0); boundsInScreen: Rect(0, 0 - 320, 0); boundsInWindow: Rect(0, 0 - 320, 0); packageName: com.hanapkalinga.mobile; className: android.view.ViewGroup; text: null; error: null; maxTextLength: -1; stateDescription: null; contentDescription: null; tooltipText: null; containerTitle: null; viewIdResName: null; uniqueId: null; checkable: false; checked: false; focusable: false; focused: false; selected: false; clickable: false; longClickable: false; contextClickable: false; enabled: true; password: false; scrollable: false; importantForAccessibility: false; visible: false; actions: [AccessibilityAction: ACTION_SELECT - null, AccessibilityAction: ACTION_CLEAR_SELECTION - null, AccessibilityAction: ACTION_ACCESSIBILITY_FOCUS - null, AccessibilityAction: ACTION_SHOW_ON_SCREEN - null]; isTextSelectable: false
06-25 14:39:55.894  5202  5705 D Maestro : View hierarchy received in 31 ms
06-25 14:39:55.984  5202  5705 W QueryController: Could not detect idle state.
06-25 14:39:55.985  5202  5705 W QueryController: Could not detect idle state.
06-25 14:39:55.987  5202  5705 W UiDevice: Skipping wait as package ${APP_ID} does not match current window com.hanapkalinga.mobile.
06-25 14:39:55.992  5202  5705 W QueryController: Could not detect idle state.
06-25 14:39:55.994  5202  5705 W QueryController: Could not detect idle state.
06-25 14:39:55.997  5202  5705 W UiDevice: Skipping wait as package ${APP_ID} does not match current window com.hanapkalinga.mobile.
06-25 14:39:56.003  5202  5705 W QueryController: Could not detect idle state.
06-25 14:39:56.004  5202  5705 W QueryController: Could not detect idle state.
06-25 14:39:56.006  5202  5705 W UiDevice: Skipping wait as package ${APP_ID} does not match current window com.hanapkalinga.mobile.
06-25 14:39:56.052  5202  5705 W QueryController: Could not detect idle state.
06-25 14:39:56.053  5202  5705 W QueryController: Could not detect idle state.
06-25 14:39:56.055  5202  5705 W UiDevice: Skipping wait as package ${APP_ID} does not match current window com.hanapkalinga.mobile.
06-25 14:39:56.061  5202  5705 W QueryController: Could not detect idle state.
06-25 14:39:56.064  5202  5705 W QueryController: Could not detect idle state.
06-25 14:39:56.067  5202  5705 W UiDevice: Skipping wait as package ${APP_ID} does not match current window com.hanapkalinga.mobile.
06-25 14:39:56.113  5202  5705 W QueryController: Could not detect idle state.
06-25 14:39:56.117  5202  5705 W QueryController: Could not detect idle state.
06-25 14:39:56.119  5202  5705 W UiDevice: Skipping wait as package ${APP_ID} does not match current window com.hanapkalinga.mobile.
06-25 14:39:56.124  5202  5705 W QueryController: Could not detect idle state.
06-25 14:39:56.126  5202  5705 W QueryController: Could not detect idle state.
06-25 14:39:56.129  5202  5705 W UiDevice: Skipping wait as package ${APP_ID} does not match current window com.hanapkalinga.mobile.
06-25 14:39:56.133  5202  5705 W QueryController: Could not detect idle state.
06-25 14:39:56.134  5202  5705 W QueryController: Could not detect idle state.
06-25 14:39:56.136  5202  5705 W UiDevice: Skipping wait as package ${APP_ID} does not match current window com.hanapkalinga.mobile.
06-25 14:39:56.140  5202  5705 W QueryController: Could not detect idle state.
06-25 14:39:56.142  5202  5705 W QueryController: Could not detect idle state.
06-25 14:39:56.145  5202  5705 W UiDevice: Skipping wait as package ${APP_ID} does not match current window com.hanapkalinga.mobile.
06-25 14:39:56.150  5202  5705 W QueryController: Could not detect idle state.
06-25 14:39:56.152  5202  5705 W QueryController: Could not detect idle state.
06-25 14:39:56.154  5202  5705 W UiDevice: Skipping wait as package ${APP_ID} does not match current window com.hanapkalinga.mobile.
06-25 14:39:56.159  5202  5705 W QueryController: Could not detect idle state.
06-25 14:39:56.160  5202  5705 W QueryController: Could not detect idle state.
06-25 14:39:56.161  5202  5705 W UiDevice: Skipping wait as package ${APP_ID} does not match current window com.hanapkalinga.mobile.
06-25 14:39:56.166  5202  5705 W QueryController: Could not detect idle state.
06-25 14:39:56.168  5202  5705 W QueryController: Could not detect idle state.
06-25 14:39:56.171  5202  5705 W UiDevice: Skipping wait as package ${APP_ID} does not match current window com.hanapkalinga.mobile.
06-25 14:39:56.175  5202  5705 W QueryController: Could not detect idle state.
06-25 14:39:56.177  5202  5705 W QueryController: Could not detect idle state.
06-25 14:39:56.180  5202  5705 W UiDevice: Skipping wait as package ${APP_ID} does not match current window com.hanapkalinga.mobile.
06-25 14:39:56.227  5202  5705 W QueryController: Could not detect idle state.
06-25 14:39:56.228  5202  5705 W QueryController: Could not detect idle state.
06-25 14:39:56.230  5202  5705 W UiDevice: Skipping wait as package ${APP_ID} does not match current window com.hanapkalinga.mobile.
06-25 14:39:56.234  5202  5705 W QueryController: Could not detect idle state.
06-25 14:39:56.237  5202  5705 W QueryController: Could not detect idle state.
06-25 14:39:56.241  5202  5705 W UiDevice: Skipping wait as package ${APP_ID} does not match current window com.hanapkalinga.mobile.
06-25 14:39:56.246  5202  5705 W QueryController: Could not detect idle state.
06-25 14:39:56.247  5202  5705 W QueryController: Could not detect idle state.
06-25 14:39:56.249  5202  5705 W UiDevice: Skipping wait as package ${APP_ID} does not match current window com.hanapkalinga.mobile.
06-25 14:39:56.253  5202  5705 W QueryController: Could not detect idle state.
06-25 14:39:56.255  5202  5705 W QueryController: Could not detect idle state.
06-25 14:39:56.258  5202  5705 W UiDevice: Skipping wait as package ${APP_ID} does not match current window com.hanapkalinga.mobile.
06-25 14:39:56.263  5202  5705 W QueryController: Could not detect idle state.
06-25 14:39:56.265  5202  5705 W QueryController: Could not detect idle state.
06-25 14:39:56.268  5202  5705 W UiDevice: Skipping wait as package ${APP_ID} does not match current window com.hanapkalinga.mobile.
06-25 14:39:56.273  5202  5705 W QueryController: Could not detect idle state.
06-25 14:39:56.276  5202  5705 W QueryController: Could not detect idle state.
06-25 14:39:56.281  5202  5705 W UiDevice: Skipping wait as package ${APP_ID} does not match current window com.hanapkalinga.mobile.
06-25 14:39:56.287  5202  5705 W QueryController: Could not detect idle state.
06-25 14:39:56.290  5202  5705 W QueryController: Could not detect idle state.
06-25 14:39:56.293  5202  5705 W UiDevice: Skipping wait as package ${APP_ID} does not match current window com.hanapkalinga.mobile.
06-25 14:39:56.317   519  2325 W JobScheduler: Job didn't exist in JobStore: 718b981 #u0a154/7 com.google.android.contacts/com.google.android.apps.contacts.shortcut.ShortcutJobService
06-25 14:39:56.342   336   370 I netd    : tetherGetStats() -> {[]} <1.89ms>
06-25 14:39:56.348   336   370 I netd    : bandwidthSetGlobalAlert(2097152) <0.10ms>
06-25 14:39:56.349  5202  5705 W QueryController: Could not detect idle state.
06-25 14:39:56.352  5202  5705 W QueryController: Could not detect idle state.
06-25 14:39:56.353   336   370 I netd    : bandwidthRemoveInterfaceQuota(eth0) <0.45ms>
06-25 14:39:56.353   336   370 I netd    : bandwidthSetInterfaceQuota(eth0, 9223372036854775807) <0.35ms>
06-25 14:39:56.354  5202  5705 W UiDevice: Skipping wait as package ${APP_ID} does not match current window com.hanapkalinga.mobile.
06-25 14:39:56.359   336   370 I netd    : bandwidthRemoveInterfaceQuota(eth0) <0.30ms>
06-25 14:39:56.360   336   370 I netd    : bandwidthSetInterfaceQuota(eth0, 9223372036854775807) <0.37ms>
06-25 14:39:56.362   519   834 D NetworkStatsObservers: Unregistering RequestInfo from pid/uid:519/1000(android) for DataUsageRequest [ requestId=12, networkTemplate=NetworkTemplate: matchRule=MOBILE, matchSubscriberIds=[310260...], matchWifiNetworkKeys=[], metered=YES, defaultNetwork=NO, thresholdInBytes=3541075 ] accessLevel:3
06-25 14:39:56.363   519   754 D NetworkStatsObservers: Registering observer for RequestInfo from pid/uid:519/1000(android) for DataUsageRequest [ requestId=13, networkTemplate=NetworkTemplate: matchRule=MOBILE, matchSubscriberIds=[310260...], matchWifiNetworkKeys=[], metered=YES, defaultNetwork=NO, thresholdInBytes=3537841 ] accessLevel:3
06-25 14:39:56.366  5202  5705 W QueryController: Could not detect idle state.
06-25 14:39:56.367  5202  5705 W QueryController: Could not detect idle state.
06-25 14:39:56.369  5202  5705 W UiDevice: Skipping wait as package ${APP_ID} does not match current window com.hanapkalinga.mobile.
06-25 14:39:56.377   336   370 I netd    : tetherGetStats() -> {[]} <0.19ms>
06-25 14:39:56.379  5202  5705 W QueryController: Could not detect idle state.
06-25 14:39:56.381  5202  5705 W QueryController: Could not detect idle state.
06-25 14:39:56.383  5202  5705 W UiDevice: Skipping wait as package ${APP_ID} does not match current window com.hanapkalinga.mobile.
06-25 14:39:56.390  5202  5705 W QueryController: Could not detect idle state.
06-25 14:39:56.392  5202  5705 W QueryController: Could not detect idle state.
06-25 14:39:56.392  5202  5705 W UiDevice: Skipping wait as package ${APP_ID} does not match current window com.hanapkalinga.mobile.
06-25 14:39:56.401  5202  5705 W QueryController: Could not detect idle state.
06-25 14:39:56.408  5202  5705 W QueryController: Could not detect idle state.
06-25 14:39:56.410  5202  5705 W UiDevice: Skipping wait as package ${APP_ID} does not match current window com.hanapkalinga.mobile.
06-25 14:39:56.422  5202  5705 W QueryController: Could not detect idle state.
06-25 14:39:56.427  5202  5705 W QueryController: Could not detect idle state.
06-25 14:39:56.437  5202  5705 W UiDevice: Skipping wait as package ${APP_ID} does not match current window com.hanapkalinga.mobile.
06-25 14:39:56.443  5202  5705 W QueryController: Could not detect idle state.
06-25 14:39:56.445  5202  5705 W QueryController: Could not detect idle state.
06-25 14:39:56.453  5202  5705 W UiDevice: Skipping wait as package ${APP_ID} does not match current window com.hanapkalinga.mobile.
06-25 14:39:56.457   519  1679 I AppSearchIcing: document-store.cc:348: Starting Document Store Recovery with cause=0, and create result { new_file=1, preeisting_file_version=1, data_loss=0} and kCurrentVersion=1
06-25 14:39:56.459  5202  5705 W QueryController: Could not detect idle state.
06-25 14:39:56.465  5202  5705 W QueryController: Could not detect idle state.
06-25 14:39:56.470  5202  5705 W UiDevice: Skipping wait as package ${APP_ID} does not match current window com.hanapkalinga.mobile.
06-25 14:39:56.476  5202  5705 W QueryController: Could not detect idle state.
06-25 14:39:56.480  5202  5705 W QueryController: Could not detect idle state.
06-25 14:39:56.484  5202  5705 W UiDevice: Skipping wait as package ${APP_ID} does not match current window com.hanapkalinga.mobile.
06-25 14:39:56.490  5202  5705 W QueryController: Could not detect idle state.
06-25 14:39:56.492  5202  5705 W QueryController: Could not detect idle state.
06-25 14:39:56.493  5202  5705 W UiDevice: Skipping wait as package ${APP_ID} does not match current window com.hanapkalinga.mobile.
06-25 14:39:56.506   519  1679 W AppSearchIcing: icing-search-engine.cc:1603: Clearing the entire index!
06-25 14:39:56.540  5202  5705 W QueryController: Could not detect idle state.
06-25 14:39:56.544  5202  5705 W QueryController: Could not detect idle state.
06-25 14:39:56.547  5202  5705 W UiDevice: Skipping wait as package ${APP_ID} does not match current window com.hanapkalinga.mobile.
06-25 14:39:56.554  5202  5705 W QueryController: Could not detect idle state.
06-25 14:39:56.555  5202  5705 W QueryController: Could not detect idle state.
06-25 14:39:56.557  5202  5705 W UiDevice: Skipping wait as package ${APP_ID} does not match current window com.hanapkalinga.mobile.
06-25 14:39:56.562  5202  5705 W QueryController: Could not detect idle state.
06-25 14:39:56.564  5202  5705 W QueryController: Could not detect idle state.
06-25 14:39:56.567  5202  5705 W UiDevice: Skipping wait as package ${APP_ID} does not match current window com.hanapkalinga.mobile.
06-25 14:39:56.573  5202  5705 W QueryController: Could not detect idle state.
06-25 14:39:56.575  5202  5705 W QueryController: Could not detect idle state.
06-25 14:39:56.579  5202  5705 W UiDevice: Skipping wait as package ${APP_ID} does not match current window com.hanapkalinga.mobile.
06-25 14:39:56.584  5202  5705 W QueryController: Could not detect idle state.
06-25 14:39:56.600  5571  5590 D EGL_emulation: app_time_stats: avg=500.04ms min=499.74ms max=500.34ms count=2
06-25 14:39:56.601  5202  5705 W QueryController: Could not detect idle state.
06-25 14:39:56.604  5202  5705 W UiDevice: Skipping wait as package ${APP_ID} does not match current window com.hanapkalinga.mobile.
06-25 14:39:56.611  5202  5705 W QueryController: Could not detect idle state.
06-25 14:39:56.613  5202  5705 W QueryController: Could not detect idle state.
06-25 14:39:56.619  5202  5705 W UiDevice: Skipping wait as package ${APP_ID} does not match current window com.hanapkalinga.mobile.
06-25 14:39:56.624  5202  5705 W QueryController: Could not detect idle state.
06-25 14:39:56.625  5202  5705 W QueryController: Could not detect idle state.
06-25 14:39:56.628  5202  5705 W UiDevice: Skipping wait as package ${APP_ID} does not match current window com.hanapkalinga.mobile.
06-25 14:39:56.633  5202  5705 W QueryController: Could not detect idle state.
06-25 14:39:56.635  5202  5705 W QueryController: Could not detect idle state.
06-25 14:39:56.638  5202  5705 W UiDevice: Skipping wait as package ${APP_ID} does not match current window com.hanapkalinga.mobile.
06-25 14:39:56.643  5202  5705 W QueryController: Could not detect idle state.
06-25 14:39:56.645  5202  5705 W QueryController: Could not detect idle state.
06-25 14:39:56.649  5202  5705 W UiDevice: Skipping wait as package ${APP_ID} does not match current window com.hanapkalinga.mobile.
06-25 14:39:56.654  5202  5705 W QueryController: Could not detect idle state.
06-25 14:39:56.655  5202  5705 W QueryController: Could not detect idle state.
06-25 14:39:56.662  5202  5705 W UiDevice: Skipping wait as package ${APP_ID} does not match current window com.hanapkalinga.mobile.
06-25 14:39:56.667  5202  5705 W QueryController: Could not detect idle state.
06-25 14:39:56.669  5202  5705 W QueryController: Could not detect idle state.
06-25 14:39:56.672  5202  5705 W UiDevice: Skipping wait as package ${APP_ID} does not match current window com.hanapkalinga.mobile.
06-25 14:39:56.678  5202  5705 W QueryController: Could not detect idle state.
06-25 14:39:56.680  5202  5705 W QueryController: Could not detect idle state.
06-25 14:39:56.682  5202  5705 W UiDevice: Skipping wait as package ${APP_ID} does not match current window com.hanapkalinga.mobile.
06-25 14:39:56.686  5202  5705 W QueryController: Could not detect idle state.
06-25 14:39:56.688  5202  5705 W QueryController: Could not detect idle state.
06-25 14:39:56.690  5202  5705 W UiDevice: Skipping wait as package ${APP_ID} does not match current window com.hanapkalinga.mobile.
06-25 14:39:56.694  5202  5705 W QueryController: Could not detect idle state.
06-25 14:39:56.695  5202  5705 W QueryController: Could not detect idle state.
06-25 14:39:56.697  5202  5705 W UiDevice: Skipping wait as package ${APP_ID} does not match current window com.hanapkalinga.mobile.
06-25 14:39:56.707  5202  5705 D Maestro : Requesting view hierarchy
06-25 14:39:56.707  5202  5705 W QueryController: Could not detect idle state.
06-25 14:39:56.708  5202  5705 W QueryController: Could not detect idle state.
06-25 14:39:56.717  5202  5705 I Maestro : Skipping invisible child: android.view.accessibility.AccessibilityNodeInfo@12882; boundsInParent: Rect(0, 0 - 320, 0); boundsInScreen: Rect(0, 0 - 320, 0); boundsInWindow: Rect(0, 0 - 320, 0); packageName: com.hanapkalinga.mobile; className: android.widget.LinearLayout; text: null; error: null; maxTextLength: -1; stateDescription: null; contentDescription: null; tooltipText: null; containerTitle: null; viewIdResName: null; uniqueId: null; checkable: false; checked: false; focusable: false; focused: false; selected: false; clickable: false; longClickable: false; contextClickable: false; enabled: true; password: false; scrollable: false; importantForAccessibility: false; visible: false; actions: [AccessibilityAction: ACTION_SELECT - null, AccessibilityAction: ACTION_CLEAR_SELECTION - null, AccessibilityAction: ACTION_ACCESSIBILITY_FOCUS - null, AccessibilityAction: ACTION_SHOW_ON_SCREEN - null]; isTextSelectable: false
06-25 14:39:56.717  5202  5705 I Maestro : Skipping invisible child: android.view.accessibility.AccessibilityNodeInfo@124c1; boundsInParent: Rect(0, 0 - 320, 0); boundsInScreen: Rect(0, 0 - 320, 0); boundsInWindow: Rect(0, 0 - 320, 0); packageName: com.hanapkalinga.mobile; className: android.view.ViewGroup; text: null; error: null; maxTextLength: -1; stateDescription: null; contentDescription: null; tooltipText: null; containerTitle: null; viewIdResName: null; uniqueId: null; checkable: false; checked: false; focusable: false; focused: false; selected: false; clickable: false; longClickable: false; contextClickable: false; enabled: true; password: false; scrollable: false; importantForAccessibility: false; visible: false; actions: [AccessibilityAction: ACTION_SELECT - null, AccessibilityAction: ACTION_CLEAR_SELECTION - null, AccessibilityAction: ACTION_ACCESSIBILITY_FOCUS - null, AccessibilityAction: ACTION_SHOW_ON_SCREEN - null]; isTextSelectable: false
06-25 14:39:56.718  5202  5705 I Maestro : Skipping invisible child: android.view.accessibility.AccessibilityNodeInfo@1a463; boundsInParent: Rect(0, 0 - 320, 0); boundsInScreen: Rect(0, 0 - 320, 0); boundsInWindow: Rect(0, 0 - 320, 0); packageName: com.hanapkalinga.mobile; className: android.widget.LinearLayout; text: null; error: null; maxTextLength: -1; stateDescription: null; contentDescription: null; tooltipText: null; containerTitle: null; viewIdResName: null; uniqueId: null; checkable: false; checked: false; focusable: false; focused: false; selected: false; clickable: false; longClickable: false; contextClickable: false; enabled: true; password: false; scrollable: false; importantForAccessibility: false; visible: false; actions: [AccessibilityAction: ACTION_SELECT - null, AccessibilityAction: ACTION_CLEAR_SELECTION - null, AccessibilityAction: ACTION_ACCESSIBILITY_FOCUS - null, AccessibilityAction: ACTION_SHOW_ON_SCREEN - null]; isTextSelectable: false
06-25 14:39:56.719  5202  5705 I Maestro : Skipping invisible child: android.view.accessibility.AccessibilityNodeInfo@1a0a2; boundsInParent: Rect(0, 0 - 320, 0); boundsInScreen: Rect(0, 0 - 320, 0); boundsInWindow: Rect(0, 0 - 320, 0); packageName: com.hanapkalinga.mobile; className: android.view.ViewGroup; text: null; error: null; maxTextLength: -1; stateDescription: null; contentDescription: null; tooltipText: null; containerTitle: null; viewIdResName: null; uniqueId: null; checkable: false; checked: false; focusable: false; focused: false; selected: false; clickable: false; longClickable: false; contextClickable: false; enabled: true; password: false; scrollable: false; importantForAccessibility: false; visible: false; actions: [AccessibilityAction: ACTION_SELECT - null, AccessibilityAction: ACTION_CLEAR_SELECTION - null, AccessibilityAction: ACTION_ACCESSIBILITY_FOCUS - null, AccessibilityAction: ACTION_SHOW_ON_SCREEN - null]; isTextSelectable: false
06-25 14:39:56.739  5202  5705 D Maestro : View hierarchy received in 32 ms
06-25 14:39:56.800  1094  1094 D TaplEvents: TIS / TouchInteractionService.onInputEvent: MotionEvent { action=ACTION_DOWN, actionButton=0, id[0]=0, x[0]=160.0, y[0]=465.0, toolType[0]=TOOL_TYPE_FINGER, buttonState=0, classification=NONE, metaState=0, flags=0x0, edgeFlags=0x0, pointerCount=1, historySize=0, eventTime=140078, downTime=140078, deviceId=-1, source=0x1002, displayId=0, eventId=-291624080 }
06-25 14:39:56.904  1094  1094 D TaplEvents: TIS / TouchInteractionService.onInputEvent: MotionEvent { action=ACTION_UP, actionButton=0, id[0]=0, x[0]=160.0, y[0]=465.0, toolType[0]=TOOL_TYPE_FINGER, buttonState=0, classification=NONE, metaState=0, flags=0x0, edgeFlags=0x0, pointerCount=1, historySize=0, eventTime=140186, downTime=140078, deviceId=-1, source=0x1002, displayId=0, eventId=-312038339 }
06-25 14:39:56.917   397   592 D audioserver: FGS Logger Transaction failed
06-25 14:39:56.917   397   592 D audioserver: -129
06-25 14:39:56.919   397   499 D AudioFlinger: mixer(0x7c4c5aa6e930) throttle end: throttle time(38)
06-25 14:39:56.927   336  6012 I resolv  : GetAddrInfoHandler::run: {100 100 100 983140 10192 0}
06-25 14:39:56.927   336  6014 I resolv  : res_nmkquery: (QUERY, IN, A)
06-25 14:39:56.928   336  6013 I resolv  : res_nmkquery: (QUERY, IN, AAAA)
06-25 14:39:57.078   397   499 D audioserver: FGS Logger Transaction failed
06-25 14:39:57.078   397   499 D audioserver: -129
06-25 14:39:57.206   336  6014 I resolv  : res_nsend: used send_dg 82 terrno: 0
06-25 14:39:57.206   336  6014 I resolv  : doQuery: rcode=0, ancount=2, return value=82
06-25 14:39:57.206   336  6013 I resolv  : res_nsend: used send_dg 117 terrno: 0
06-25 14:39:57.206   336  6013 I resolv  : doQuery: rcode=0, ancount=0, return value=117
06-25 14:39:57.207  5571  5621 D TrafficStats: tagSocket(126) with statsTag=0xffffffff, statsUid=-1
06-25 14:39:57.316   519   913 D PackageManager: Instant App installer not found with android.intent.action.INSTALL_INSTANT_APP_PACKAGE
06-25 14:39:57.316   519   913 D PackageManager: Clear ephemeral installer activity
06-25 14:39:57.320   519  1296 D PackageManager: Instant App installer not found with android.intent.action.INSTALL_INSTANT_APP_PACKAGE
06-25 14:39:57.320   519  1296 D PackageManager: Clear ephemeral installer activity
06-25 14:39:57.534  5202  5705 W QueryController: Could not detect idle state.
06-25 14:39:57.534  5202  5705 D Maestro : Requesting view hierarchy
06-25 14:39:57.535  5202  5705 W QueryController: Could not detect idle state.
06-25 14:39:57.535  5202  5705 W QueryController: Could not detect idle state.
06-25 14:39:57.542  5202  5705 I Maestro : Skipping invisible child: android.view.accessibility.AccessibilityNodeInfo@12882; boundsInParent: Rect(0, 0 - 320, 0); boundsInScreen: Rect(0, 0 - 320, 0); boundsInWindow: Rect(0, 0 - 320, 0); packageName: com.hanapkalinga.mobile; className: android.widget.LinearLayout; text: null; error: null; maxTextLength: -1; stateDescription: null; contentDescription: null; tooltipText: null; containerTitle: null; viewIdResName: null; uniqueId: null; checkable: false; checked: false; focusable: false; focused: false; selected: false; clickable: false; longClickable: false; contextClickable: false; enabled: true; password: false; scrollable: false; importantForAccessibility: false; visible: false; actions: [AccessibilityAction: ACTION_SELECT - null, AccessibilityAction: ACTION_CLEAR_SELECTION - null, AccessibilityAction: ACTION_ACCESSIBILITY_FOCUS - null, AccessibilityAction: ACTION_SHOW_ON_SCREEN - null]; isTextSelectable: false
06-25 14:39:57.543  5202  5705 I Maestro : Skipping invisible child: android.view.accessibility.AccessibilityNodeInfo@124c1; boundsInParent: Rect(0, 0 - 320, 0); boundsInScreen: Rect(0, 0 - 320, 0); boundsInWindow: Rect(0, 0 - 320, 0); packageName: com.hanapkalinga.mobile; className: android.view.ViewGroup; text: null; error: null; maxTextLength: -1; stateDescription: null; contentDescription: null; tooltipText: null; containerTitle: null; viewIdResName: null; uniqueId: null; checkable: false; checked: false; focusable: false; focused: false; selected: false; clickable: false; longClickable: false; contextClickable: false; enabled: true; password: false; scrollable: false; importantForAccessibility: false; visible: false; actions: [AccessibilityAction: ACTION_SELECT - null, AccessibilityAction: ACTION_CLEAR_SELECTION - null, AccessibilityAction: ACTION_ACCESSIBILITY_FOCUS - null, AccessibilityAction: ACTION_SHOW_ON_SCREEN - null]; isTextSelectable: false
06-25 14:39:57.543  5202  5705 I Maestro : Skipping invisible child: android.view.accessibility.AccessibilityNodeInfo@1a463; boundsInParent: Rect(0, 0 - 320, 0); boundsInScreen: Rect(0, 0 - 320, 0); boundsInWindow: Rect(0, 0 - 320, 0); packageName: com.hanapkalinga.mobile; className: android.widget.LinearLayout; text: null; error: null; maxTextLength: -1; stateDescription: null; contentDescription: null; tooltipText: null; containerTitle: null; viewIdResName: null; uniqueId: null; checkable: false; checked: false; focusable: false; focused: false; selected: false; clickable: false; longClickable: false; contextClickable: false; enabled: true; password: false; scrollable: false; importantForAccessibility: false; visible: false; actions: [AccessibilityAction: ACTION_SELECT - null, AccessibilityAction: ACTION_CLEAR_SELECTION - null, AccessibilityAction: ACTION_ACCESSIBILITY_FOCUS - null, AccessibilityAction: ACTION_SHOW_ON_SCREEN - null]; isTextSelectable: false
06-25 14:39:57.544  5202  5705 I Maestro : Skipping invisible child: android.view.accessibility.AccessibilityNodeInfo@1a0a2; boundsInParent: Rect(0, 0 - 320, 0); boundsInScreen: Rect(0, 0 - 320, 0); boundsInWindow: Rect(0, 0 - 320, 0); packageName: com.hanapkalinga.mobile; className: android.view.ViewGroup; text: null; error: null; maxTextLength: -1; stateDescription: null; contentDescription: null; tooltipText: null; containerTitle: null; viewIdResName: null; uniqueId: null; checkable: false; checked: false; focusable: false; focused: false; selected: false; clickable: false; longClickable: false; contextClickable: false; enabled: true; password: false; scrollable: false; importantForAccessibility: false; visible: false; actions: [AccessibilityAction: ACTION_SELECT - null, AccessibilityAction: ACTION_CLEAR_SELECTION - null, AccessibilityAction: ACTION_ACCESSIBILITY_FOCUS - null, AccessibilityAction: ACTION_SHOW_ON_SCREEN - null]; isTextSelectable: false
06-25 14:39:57.562  5202  5705 D Maestro : View hierarchy received in 28 ms
06-25 14:39:57.617  5571  5590 D EGL_emulation: app_time_stats: avg=56.72ms min=1.66ms max=400.93ms count=15
06-25 14:39:57.618  5202  5705 D Maestro : Requesting view hierarchy
06-25 14:39:57.619  5202  5705 W QueryController: Could not detect idle state.
06-25 14:39:57.619  5202  5705 W QueryController: Could not detect idle state.
06-25 14:39:57.627  5202  5705 I Maestro : Skipping invisible child: android.view.accessibility.AccessibilityNodeInfo@12882; boundsInParent: Rect(0, 0 - 320, 0); boundsInScreen: Rect(0, 0 - 320, 0); boundsInWindow: Rect(0, 0 - 320, 0); packageName: com.hanapkalinga.mobile; className: android.widget.LinearLayout; text: null; error: null; maxTextLength: -1; stateDescription: null; contentDescription: null; tooltipText: null; containerTitle: null; viewIdResName: null; uniqueId: null; checkable: false; checked: false; focusable: false; focused: false; selected: false; clickable: false; longClickable: false; contextClickable: false; enabled: true; password: false; scrollable: false; importantForAccessibility: false; visible: false; actions: [AccessibilityAction: ACTION_SELECT - null, AccessibilityAction: ACTION_CLEAR_SELECTION - null, AccessibilityAction: ACTION_ACCESSIBILITY_FOCUS - null, AccessibilityAction: ACTION_SHOW_ON_SCREEN - null]; isTextSelectable: false
06-25 14:39:57.627  5202  5705 I Maestro : Skipping invisible child: android.view.accessibility.AccessibilityNodeInfo@124c1; boundsInParent: Rect(0, 0 - 320, 0); boundsInScreen: Rect(0, 0 - 320, 0); boundsInWindow: Rect(0, 0 - 320, 0); packageName: com.hanapkalinga.mobile; className: android.view.ViewGroup; text: null; error: null; maxTextLength: -1; stateDescription: null; contentDescription: null; tooltipText: null; containerTitle: null; viewIdResName: null; uniqueId: null; checkable: false; checked: false; focusable: false; focused: false; selected: false; clickable: false; longClickable: false; contextClickable: false; enabled: true; password: false; scrollable: false; importantForAccessibility: false; visible: false; actions: [AccessibilityAction: ACTION_SELECT - null, AccessibilityAction: ACTION_CLEAR_SELECTION - null, AccessibilityAction: ACTION_ACCESSIBILITY_FOCUS - null, AccessibilityAction: ACTION_SHOW_ON_SCREEN - null]; isTextSelectable: false
06-25 14:39:57.628  5202  5705 I Maestro : Skipping invisible child: android.view.accessibility.AccessibilityNodeInfo@1a463; boundsInParent: Rect(0, 0 - 320, 0); boundsInScreen: Rect(0, 0 - 320, 0); boundsInWindow: Rect(0, 0 - 320, 0); packageName: com.hanapkalinga.mobile; className: android.widget.LinearLayout; text: null; error: null; maxTextLength: -1; stateDescription: null; contentDescription: null; tooltipText: null; containerTitle: null; viewIdResName: null; uniqueId: null; checkable: false; checked: false; focusable: false; focused: false; selected: false; clickable: false; longClickable: false; contextClickable: false; enabled: true; password: false; scrollable: false; importantForAccessibility: false; visible: false; actions: [AccessibilityAction: ACTION_SELECT - null, AccessibilityAction: ACTION_CLEAR_SELECTION - null, AccessibilityAction: ACTION_ACCESSIBILITY_FOCUS - null, AccessibilityAction: ACTION_SHOW_ON_SCREEN - null]; isTextSelectable: false
06-25 14:39:57.628  5202  5705 I Maestro : Skipping invisible child: android.view.accessibility.AccessibilityNodeInfo@1a0a2; boundsInParent: Rect(0, 0 - 320, 0); boundsInScreen: Rect(0, 0 - 320, 0); boundsInWindow: Rect(0, 0 - 320, 0); packageName: com.hanapkalinga.mobile; className: android.view.ViewGroup; text: null; error: null; maxTextLength: -1; stateDescription: null; contentDescription: null; tooltipText: null; containerTitle: null; viewIdResName: null; uniqueId: null; checkable: false; checked: false; focusable: false; focused: false; selected: false; clickable: false; longClickable: false; contextClickable: false; enabled: true; password: false; scrollable: false; importantForAccessibility: false; visible: false; actions: [AccessibilityAction: ACTION_SELECT - null, AccessibilityAction: ACTION_CLEAR_SELECTION - null, AccessibilityAction: ACTION_ACCESSIBILITY_FOCUS - null, AccessibilityAction: ACTION_SHOW_ON_SCREEN - null]; isTextSelectable: false
06-25 14:39:57.650  5202  5705 D Maestro : View hierarchy received in 32 ms
06-25 14:39:57.788  5202  5705 D Maestro : Requesting view hierarchy
06-25 14:39:57.789  5202  5705 W QueryController: Could not detect idle state.
06-25 14:39:57.789  5202  5705 W QueryController: Could not detect idle state.
06-25 14:39:57.796  5202  5705 I Maestro : Skipping invisible child: android.view.accessibility.AccessibilityNodeInfo@12882; boundsInParent: Rect(0, 0 - 320, 0); boundsInScreen: Rect(0, 0 - 320, 0); boundsInWindow: Rect(0, 0 - 320, 0); packageName: com.hanapkalinga.mobile; className: android.widget.LinearLayout; text: null; error: null; maxTextLength: -1; stateDescription: null; contentDescription: null; tooltipText: null; containerTitle: null; viewIdResName: null; uniqueId: null; checkable: false; checked: false; focusable: false; focused: false; selected: false; clickable: false; longClickable: false; contextClickable: false; enabled: true; password: false; scrollable: false; importantForAccessibility: false; visible: false; actions: [AccessibilityAction: ACTION_SELECT - null, AccessibilityAction: ACTION_CLEAR_SELECTION - null, AccessibilityAction: ACTION_ACCESSIBILITY_FOCUS - null, AccessibilityAction: ACTION_SHOW_ON_SCREEN - null]; isTextSelectable: false
06-25 14:39:57.797  5202  5705 I Maestro : Skipping invisible child: android.view.accessibility.AccessibilityNodeInfo@124c1; boundsInParent: Rect(0, 0 - 320, 0); boundsInScreen: Rect(0, 0 - 320, 0); boundsInWindow: Rect(0, 0 - 320, 0); packageName: com.hanapkalinga.mobile; className: android.view.ViewGroup; text: null; error: null; maxTextLength: -1; stateDescription: null; contentDescription: null; tooltipText: null; containerTitle: null; viewIdResName: null; uniqueId: null; checkable: false; checked: false; focusable: false; focused: false; selected: false; clickable: false; longClickable: false; contextClickable: false; enabled: true; password: false; scrollable: false; importantForAccessibility: false; visible: false; actions: [AccessibilityAction: ACTION_SELECT - null, AccessibilityAction: ACTION_CLEAR_SELECTION - null, AccessibilityAction: ACTION_ACCESSIBILITY_FOCUS - null, AccessibilityAction: ACTION_SHOW_ON_SCREEN - null]; isTextSelectable: false
06-25 14:39:57.797  5202  5705 I Maestro : Skipping invisible child: android.view.accessibility.AccessibilityNodeInfo@1a463; boundsInParent: Rect(0, 0 - 320, 0); boundsInScreen: Rect(0, 0 - 320, 0); boundsInWindow: Rect(0, 0 - 320, 0); packageName: com.hanapkalinga.mobile; className: android.widget.LinearLayout; text: null; error: null; maxTextLength: -1; stateDescription: null; contentDescription: null; tooltipText: null; containerTitle: null; viewIdResName: null; uniqueId: null; checkable: false; checked: false; focusable: false; focused: false; selected: false; clickable: false; longClickable: false; contextClickable: false; enabled: true; password: false; scrollable: false; importantForAccessibility: false; visible: false; actions: [AccessibilityAction: ACTION_SELECT - null, AccessibilityAction: ACTION_CLEAR_SELECTION - null, AccessibilityAction: ACTION_ACCESSIBILITY_FOCUS - null, AccessibilityAction: ACTION_SHOW_ON_SCREEN - null]; isTextSelectable: false
06-25 14:39:57.798  5202  5705 I Maestro : Skipping invisible child: android.view.accessibility.AccessibilityNodeInfo@1a0a2; boundsInParent: Rect(0, 0 - 320, 0); boundsInScreen: Rect(0, 0 - 320, 0); boundsInWindow: Rect(0, 0 - 320, 0); packageName: com.hanapkalinga.mobile; className: android.view.ViewGroup; text: null; error: null; maxTextLength: -1; stateDescription: null; contentDescription: null; tooltipText: null; containerTitle: null; viewIdResName: null; uniqueId: null; checkable: false; checked: false; focusable: false; focused: false; selected: false; clickable: false; longClickable: false; contextClickable: false; enabled: true; password: false; scrollable: false; importantForAccessibility: false; visible: false; actions: [AccessibilityAction: ACTION_SELECT - null, AccessibilityAction: ACTION_CLEAR_SELECTION - null, AccessibilityAction: ACTION_ACCESSIBILITY_FOCUS - null, AccessibilityAction: ACTION_SHOW_ON_SCREEN - null]; isTextSelectable: false
