06-25 14:41:59.170  6854  6886 W QueryController: Could not detect idle state.
06-25 14:41:59.170  6854  6886 W QueryController: Could not detect idle state.
06-25 14:41:59.216  6854  6886 I Maestro : Skipping invisible child: android.view.accessibility.AccessibilityNodeInfo@13b5e; boundsInParent: Rect(0, 0 - 320, 0); boundsInScreen: Rect(0, 640 - 320, 640); boundsInWindow: Rect(0, 640 - 320, 640); packageName: com.google.android.inputmethod.latin; className: android.widget.FrameLayout; text: null; error: null; maxTextLength: -1; stateDescription: null; contentDescription: null; tooltipText: null; containerTitle: null; viewIdResName: com.google.android.inputmethod.latin:id/0_resource_name_obfuscated; uniqueId: null; checkable: false; checked: false; focusable: false; focused: false; selected: false; clickable: false; longClickable: false; contextClickable: false; enabled: true; password: false; scrollable: false; importantForAccessibility: false; visible: false; actions: [AccessibilityAction: ACTION_SELECT - null, AccessibilityAction: ACTION_CLEAR_SELECTION - null, AccessibilityAction: ACTION_ACCESSIBILITY_FOCUS - null, AccessibilityAction: ACTION_SHOW_ON_SCREEN - null]; isTextSelectable: false
06-25 14:41:59.217  6854  6886 I Maestro : Skipping invisible child: android.view.accessibility.AccessibilityNodeInfo@13f1f; boundsInParent: Rect(0, 0 - 320, 0); boundsInScreen: Rect(0, 640 - 320, 640); boundsInWindow: Rect(0, 640 - 320, 640); packageName: com.google.android.inputmethod.latin; className: android.view.View; text: null; error: null; maxTextLength: -1; stateDescription: null; contentDescription: null; tooltipText: null; containerTitle: null; viewIdResName: com.google.android.inputmethod.latin:id/0_resource_name_obfuscated; uniqueId: null; checkable: false; checked: false; focusable: false; focused: false; selected: false; clickable: true; longClickable: false; contextClickable: false; enabled: true; password: false; scrollable: false; importantForAccessibility: true; visible: false; actions: [AccessibilityAction: ACTION_SELECT - null, AccessibilityAction: ACTION_CLEAR_SELECTION - null, AccessibilityAction: ACTION_CLICK - null, AccessibilityAction: ACTION_ACCESSIBILITY_FOCUS - null, AccessibilityAction: ACTION_SHOW_ON_SCREEN - null]; isTextSelectable: false
06-25 14:41:59.218  6854  6886 I Maestro : Skipping invisible child: android.view.accessibility.AccessibilityNodeInfo@9271; boundsInParent: Rect(0, 0 - 320, 0); boundsInScreen: Rect(0, 640 - 320, 640); boundsInWindow: Rect(0, 640 - 320, 640); packageName: com.google.android.inputmethod.latin; className: android.widget.FrameLayout; text: null; error: null; maxTextLength: -1; stateDescription: null; contentDescription: null; tooltipText: null; containerTitle: null; viewIdResName: null; uniqueId: null; checkable: false; checked: false; focusable: false; focused: false; selected: false; clickable: false; longClickable: false; contextClickable: false; enabled: true; password: false; scrollable: false; importantForAccessibility: false; visible: false; actions: [AccessibilityAction: ACTION_SELECT - null, AccessibilityAction: ACTION_CLEAR_SELECTION - null, AccessibilityAction: ACTION_ACCESSIBILITY_FOCUS - null, AccessibilityAction: ACTION_SHOW_ON_SCREEN - null]; isTextSelectable: false
06-25 14:41:59.225  6854  6886 I Maestro : Skipping invisible child: android.view.accessibility.AccessibilityNodeInfo@1289f; boundsInParent: Rect(0, 0 - 320, 0); boundsInScreen: Rect(0, 0 - 320, 0); boundsInWindow: Rect(0, 0 - 320, 0); packageName: com.hanapkalinga.mobile; className: android.widget.LinearLayout; text: null; error: null; maxTextLength: -1; stateDescription: null; contentDescription: null; tooltipText: null; containerTitle: null; viewIdResName: null; uniqueId: null; checkable: false; checked: false; focusable: false; focused: false; selected: false; clickable: false; longClickable: false; contextClickable: false; enabled: true; password: false; scrollable: false; importantForAccessibility: false; visible: false; actions: [AccessibilityAction: ACTION_SELECT - null, AccessibilityAction: ACTION_CLEAR_SELECTION - null, AccessibilityAction: ACTION_ACCESSIBILITY_FOCUS - null, AccessibilityAction: ACTION_SHOW_ON_SCREEN - null]; isTextSelectable: false
06-25 14:41:59.225  6854  6886 I Maestro : Skipping invisible child: android.view.accessibility.AccessibilityNodeInfo@124de; boundsInParent: Rect(0, 0 - 320, 0); boundsInScreen: Rect(0, 0 - 320, 0); boundsInWindow: Rect(0, 0 - 320, 0); packageName: com.hanapkalinga.mobile; className: android.view.ViewGroup; text: null; error: null; maxTextLength: -1; stateDescription: null; contentDescription: null; tooltipText: null; containerTitle: null; viewIdResName: null; uniqueId: null; checkable: false; checked: false; focusable: false; focused: false; selected: false; clickable: false; longClickable: false; contextClickable: false; enabled: true; password: false; scrollable: false; importantForAccessibility: false; visible: false; actions: [AccessibilityAction: ACTION_SELECT - null, AccessibilityAction: ACTION_CLEAR_SELECTION - null, AccessibilityAction: ACTION_ACCESSIBILITY_FOCUS - null, AccessibilityAction: ACTION_SHOW_ON_SCREEN - null]; isTextSelectable: false
06-25 14:41:59.226  6854  6886 I Maestro : Skipping invisible child: android.view.accessibility.AccessibilityNodeInfo@1a480; boundsInParent: Rect(0, 0 - 320, 0); boundsInScreen: Rect(0, 0 - 320, 0); boundsInWindow: Rect(0, 0 - 320, 0); packageName: com.hanapkalinga.mobile; className: android.widget.LinearLayout; text: null; error: null; maxTextLength: -1; stateDescription: null; contentDescription: null; tooltipText: null; containerTitle: null; viewIdResName: null; uniqueId: null; checkable: false; checked: false; focusable: false; focused: false; selected: false; clickable: false; longClickable: false; contextClickable: false; enabled: true; password: false; scrollable: false; importantForAccessibility: false; visible: false; actions: [AccessibilityAction: ACTION_SELECT - null, AccessibilityAction: ACTION_CLEAR_SELECTION - null, AccessibilityAction: ACTION_ACCESSIBILITY_FOCUS - null, AccessibilityAction: ACTION_SHOW_ON_SCREEN - null]; isTextSelectable: false
06-25 14:41:59.226  6854  6886 I Maestro : Skipping invisible child: android.view.accessibility.AccessibilityNodeInfo@1a0bf; boundsInParent: Rect(0, 0 - 320, 0); boundsInScreen: Rect(0, 0 - 320, 0); boundsInWindow: Rect(0, 0 - 320, 0); packageName: com.hanapkalinga.mobile; className: android.view.ViewGroup; text: null; error: null; maxTextLength: -1; stateDescription: null; contentDescription: null; tooltipText: null; containerTitle: null; viewIdResName: null; uniqueId: null; checkable: false; checked: false; focusable: false; focused: false; selected: false; clickable: false; longClickable: false; contextClickable: false; enabled: true; password: false; scrollable: false; importantForAccessibility: false; visible: false; actions: [AccessibilityAction: ACTION_SELECT - null, AccessibilityAction: ACTION_CLEAR_SELECTION - null, AccessibilityAction: ACTION_ACCESSIBILITY_FOCUS - null, AccessibilityAction: ACTION_SHOW_ON_SCREEN - null]; isTextSelectable: false
06-25 14:41:59.233  6854  6886 I Maestro : Skipping invisible child: android.view.accessibility.AccessibilityNodeInfo@18dfa; boundsInParent: Rect(0, 0 - 280, 34); boundsInScreen: Rect(20, 450 - 300, 484); boundsInWindow: Rect(20, 450 - 300, 484); packageName: com.hanapkalinga.mobile; className: android.view.View; text: null; error: null; maxTextLength: -1; stateDescription: null; contentDescription: Forgot password?; tooltipText: null; containerTitle: null; viewIdResName: login_link_forgotPassword; uniqueId: null; checkable: false; checked: false; focusable: true; focused: false; selected: false; clickable: true; longClickable: false; contextClickable: false; enabled: true; password: false; scrollable: false; importantForAccessibility: true; visible: false; actions: [AccessibilityAction: ACTION_FOCUS - null, AccessibilityAction: ACTION_SELECT - null, AccessibilityAction: ACTION_CLEAR_SELECTION - null, AccessibilityAction: ACTION_CLICK - null, AccessibilityAction: ACTION_ACCESSIBILITY_FOCUS - null, AccessibilityAction: ACTION_SHOW_ON_SCREEN - null]; isTextSelectable: false
06-25 14:41:59.233  6854  6886 I Maestro : Skipping invisible child: android.view.accessibility.AccessibilityNodeInfo@1957c; boundsInParent: Rect(0, 0 - 169, 22); boundsInScreen: Rect(11, 508 - 180, 530); boundsInWindow: Rect(11, 508 - 180, 530); packageName: com.hanapkalinga.mobile; className: android.widget.TextView; text: Don't have an account? ; error: null; maxTextLength: -1; stateDescription: null; contentDescription: null; tooltipText: null; containerTitle: null; viewIdResName: null; uniqueId: null; checkable: false; checked: false; focusable: false; focused: false; selected: false; clickable: false; longClickable: false; contextClickable: false; enabled: true; password: false; scrollable: false; importantForAccessibility: true; visible: false; actions: [AccessibilityAction: ACTION_SELECT - null, AccessibilityAction: ACTION_CLEAR_SELECTION - null, AccessibilityAction: ACTION_ACCESSIBILITY_FOCUS - null, AccessibilityAction: ACTION_NEXT_AT_MOVEMENT_GRANULARITY - null, AccessibilityAction: ACTION_PREVIOUS_AT_MOVEMENT_GRANULARITY - null, AccessibilityAction: ACTION_SET_SELECTION - null, AccessibilityAction: ACTION_SHOW_ON_SCREEN - null]; isTextSelectable: false
06-25 14:41:59.234  6854  6886 I Maestro : Skipping invisible child: android.view.accessibility.AccessibilityNodeInfo@1993d; boundsInParent: Rect(0, 0 - 128, 22); boundsInScreen: Rect(181, 508 - 309, 530); boundsInWindow: Rect(181, 508 - 309, 530); packageName: com.hanapkalinga.mobile; className: android.view.View; text: null; error: null; maxTextLength: -1; stateDescription: null; contentDescription: Create an account; tooltipText: null; containerTitle: null; viewIdResName: null; uniqueId: null; checkable: false; checked: false; focusable: true; focused: false; selected: false; clickable: true; longClickable: false; contextClickable: false; enabled: true; password: false; scrollable: false; importantForAccessibility: true; visible: false; actions: [AccessibilityAction: ACTION_FOCUS - null, AccessibilityAction: ACTION_SELECT - null, AccessibilityAction: ACTION_CLEAR_SELECTION - null, AccessibilityAction: ACTION_CLICK - null, AccessibilityAction: ACTION_ACCESSIBILITY_FOCUS - null, AccessibilityAction: ACTION_SHOW_ON_SCREEN - null]; isTextSelectable: false
06-25 14:41:59.234  6854  6886 D Maestro : View hierarchy received in 65 ms
06-25 14:41:59.308  1515  1515 I GoogleInputMethodService: GoogleInputMethodService.onKeyDown():2444 Received KEYCODE_BACK. isAllViewsInvisible=false
06-25 14:41:59.309   519   539 D AutofillManagerService: onBackKeyPressed()
06-25 14:41:59.309   519  1665 I ImeTracker: com.hanapkalinga.mobile:7ceceac3: onRequestHide at ORIGIN_SERVER_HIDE_INPUT reason HIDE_SOFT_INPUT_BY_BACK_KEY
06-25 14:41:59.310   519  1665 D OomAdjuster: Not killing cached processes
06-25 14:41:59.311  1515  1515 I GoogleInputMethodService: GoogleInputMethodService.onFinishInputView():2241 
06-25 14:41:59.311  1515  1515 W TooltipLifecycleManager: TooltipLifecycleManager.dismissTooltips():159 Tooltip with id spell_check_add_to_dictionary not found in tooltipManager.
06-25 14:41:59.313  1515  1515 I AndroidIME: AbstractIme.onDeactivate():207 PasswordIme.onDeactivate()
06-25 14:41:59.315  6985  6985 W WindowOnBackDispatcher: sendCancelIfRunning: isInProgress=falsecallback=ImeCallback=ImeOnBackInvokedCallback@30548371 Callback=android.window.IOnBackInvokedCallback$Stub$Proxy@837b3b2
06-25 14:41:59.320   519  2324 D CoreBackPreview: Window{4bcb49c u0 com.hanapkalinga.mobile/com.hanapkalinga.mobile.MainActivity}: Setting back callback OnBackInvokedCallbackInfo{mCallback=android.window.IOnBackInvokedCallback$Stub$Proxy@384e470, mPriority=0, mIsAnimationCallback=false}
06-25 14:41:59.320  6985  6985 I ImeTracker: com.hanapkalinga.mobile:522f6582: onRequestHide at ORIGIN_CLIENT_HIDE_SOFT_INPUT reason HIDE_SOFT_INPUT_BY_INSETS_API
06-25 14:41:59.321   519  2561 I ImeTracker: com.hanapkalinga.mobile:522f6582: onCancelled at PHASE_SERVER_SHOULD_HIDE
06-25 14:41:59.321  1515  1625 D EGL_emulation: app_time_stats: avg=2097.13ms min=2097.13ms max=2097.13ms count=1
06-25 14:41:59.322  6985  6985 I ImeTracker: com.hanapkalinga.mobile:7ceceac3: onHidden
06-25 14:41:59.338  6985  7003 D EGL_emulation: app_time_stats: avg=150.60ms min=20.12ms max=512.09ms count=7
06-25 14:41:59.577   519  2561 D ConnectivityService: requestNetwork for uid/pid:10128/2383 activeRequest: null callbackRequest: 136 [NetworkRequest [ REQUEST id=137, [ Capabilities: INTERNET&NOT_RESTRICTED&TRUSTED&NOT_VCN_MANAGED Uid: 10128 RequestorUid: 10128 RequestorPkg: com.google.android.dialer UnderlyingNetworks: Null] ]] callback flags: 0 order: 2147483647
06-25 14:41:59.578   519   765 D ConnectivityService: NetReassign [137 : null → 100] [c 0] [a 0] [i 1]
06-25 14:41:59.578   519   756 D WifiNetworkFactory: got request NetworkRequest [ REQUEST id=137, [ Capabilities: INTERNET&NOT_RESTRICTED&TRUSTED&NOT_VCN_MANAGED Uid: 10128 RequestorUid: 10128 RequestorPkg: com.google.android.dialer UnderlyingNetworks: Null] ]
06-25 14:41:59.578   519   756 D UntrustedWifiNetworkFactory: got request NetworkRequest [ REQUEST id=137, [ Capabilities: INTERNET&NOT_RESTRICTED&TRUSTED&NOT_VCN_MANAGED Uid: 10128 RequestorUid: 10128 RequestorPkg: com.google.android.dialer UnderlyingNetworks: Null] ]
06-25 14:41:59.578   519   756 D OemPaidWifiNetworkFactory: got request NetworkRequest [ REQUEST id=137, [ Capabilities: INTERNET&NOT_RESTRICTED&TRUSTED&NOT_VCN_MANAGED Uid: 10128 RequestorUid: 10128 RequestorPkg: com.google.android.dialer UnderlyingNetworks: Null] ]
06-25 14:41:59.578   519   756 D MultiInternetWifiNetworkFactory: got request NetworkRequest [ REQUEST id=137, [ Capabilities: INTERNET&NOT_RESTRICTED&TRUSTED&NOT_VCN_MANAGED Uid: 10128 RequestorUid: 10128 RequestorPkg: com.google.android.dialer UnderlyingNetworks: Null] ]
06-25 14:41:59.580  2383  2383 I DialerConstellationSyncWorker: com.android.dialer.businessvoice.control.worker.ConstellationSyncWorker.startWork:66 starting work
06-25 14:41:59.580  2383  2664 I DialerCountryCodeProvider: com.android.dialer.businessvoice.verifiedcall.impl.i18n.CountryCodeProvider.getSimCountryCodeInternal:85 returning Redacted-2-chars
06-25 14:41:59.581  2383  2664 I DialerCachedVerifiedNumberProvider: com.android.dialer.businessvoice.verifiedcall.impl.constellation.CachedVerifiedNumberProvider.refreshConstellationInfo:190 Retrieving constellation info and refreshing the cache.
06-25 14:41:59.633  5223  5223 D BoundBrokerSvc: onBind: Intent { act=com.google.android.gms.common.BIND_SHARED_PREFS pkg=com.google.android.gms }
06-25 14:41:59.633  5223  5223 D BoundBrokerSvc: Loading bound service for intent: Intent { act=com.google.android.gms.common.BIND_SHARED_PREFS pkg=com.google.android.gms }
06-25 14:41:59.635  5223  5223 D BoundBrokerSvc: onUnbind: Intent { act=com.google.android.gms.common.BIND_SHARED_PREFS pkg=com.google.android.gms }
06-25 14:41:59.635  5223  6350 E constellation: [api_verify_phone_operation] Failed to generate Client Signature
06-25 14:41:59.635  5223  6350 E constellation: acwp: Stored private key deleted
06-25 14:41:59.635  5223  6350 E constellation: 	at acos.e(:com.google.android.gms@231818047@23.18.18 (190800-535401451):4)
06-25 14:41:59.635  5223  6350 E constellation: 	at acos.d(:com.google.android.gms@231818047@23.18.18 (190800-535401451):1)
06-25 14:41:59.635  5223  6350 E constellation: 	at acoa.c(:com.google.android.gms@231818047@23.18.18 (190800-535401451):22)
06-25 14:41:59.635  5223  6350 E constellation: 	at acoa.f(:com.google.android.gms@231818047@23.18.18 (190800-535401451):12)
06-25 14:41:59.635  5223  6350 E constellation: 	at avsy.eo(:com.google.android.gms@231818047@23.18.18 (190800-535401451):1)
06-25 14:41:59.635  5223  6350 E constellation: 	at avtf.run(:com.google.android.gms@231818047@23.18.18 (190800-535401451):14)
06-25 14:41:59.635  5223  6350 E constellation: 	at dfhf.run(:com.google.android.gms@231818047@23.18.18 (190800-535401451):2)
06-25 14:41:59.635  5223  6350 E constellation: 	at aced.c(:com.google.android.gms@231818047@23.18.18 (190800-535401451):6)
06-25 14:41:59.635  5223  6350 E constellation: 	at aced.run(:com.google.android.gms@231818047@23.18.18 (190800-535401451):7)
06-25 14:41:59.635  5223  6350 E constellation: 	at java.util.concurrent.ThreadPoolExecutor.runWorker(ThreadPoolExecutor.java:1145)
06-25 14:41:59.635  5223  6350 E constellation: 	at java.util.concurrent.ThreadPoolExecutor$Worker.run(ThreadPoolExecutor.java:644)
06-25 14:41:59.635  5223  6350 E constellation: 	at acjn.run(:com.google.android.gms@231818047@23.18.18 (190800-535401451):0)
06-25 14:41:59.635  5223  6350 E constellation: 	at java.lang.Thread.run(Thread.java:1012)
06-25 14:41:59.642  2383  2605 W DialerVerifiedNumberProvider: com.android.dialer.businessvoice.verifiedcall.impl.constellation.VerifiedNumberProvider.lambda$getConstellationResponse$1:155 Failed to get constellation token.
06-25 14:41:59.642  2383  2605 W DialerVerifiedNumberProvider: nkq: 5004: 
06-25 14:41:59.642  2383  2605 W DialerVerifiedNumberProvider: 	at nov.au(PG:1)
06-25 14:41:59.642  2383  2605 W DialerVerifiedNumberProvider: 	at nnf.g(PG:2)
06-25 14:41:59.642  2383  2605 W DialerVerifiedNumberProvider: 	at npo.a(Unknown Source:2)
06-25 14:41:59.642  2383  2605 W DialerVerifiedNumberProvider: 	at npy.dm(PG:9)
06-25 14:41:59.642  2383  2605 W DialerVerifiedNumberProvider: 	at ncz.onTransact(PG:4)
06-25 14:41:59.642  2383  2605 W DialerVerifiedNumberProvider: 	at android.os.Binder.execTransactInternal(Binder.java:1344)
06-25 14:41:59.642  2383  2605 W DialerVerifiedNumberProvider: 	at android.os.Binder.execTransact(Binder.java:1275)
06-25 14:41:59.643  2383  2664 W DialerConstellationSyncWorker: com.android.dialer.businessvoice.control.worker.ConstellationSyncWorker.lambda$syncConstellation$2:110 Constellation api request failed, status code: 5004
06-25 14:41:59.643  2383  2606 I WM-WorkerWrapper: Worker result RETRY for Work [ id=d411854a-27ba-4da8-9e02-fb32cd304433, tags={ com.google.apps.tiktok.contrib.work.TikTokListenableWorker, TikTokWorker#com.android.dialer.businessvoice.control.worker.ConstellationSyncWorker } ]
06-25 14:41:59.934  6854  6886 D Maestro : Requesting view hierarchy
06-25 14:41:59.935  6854  6886 W QueryController: Could not detect idle state.
06-25 14:41:59.935  6854  6886 W QueryController: Could not detect idle state.
06-25 14:41:59.949  6854  6886 I Maestro : Skipping invisible child: android.view.accessibility.AccessibilityNodeInfo@1289f; boundsInParent: Rect(0, 0 - 320, 0); boundsInScreen: Rect(0, 0 - 320, 0); boundsInWindow: Rect(0, 0 - 320, 0); packageName: com.hanapkalinga.mobile; className: android.widget.LinearLayout; text: null; error: null; maxTextLength: -1; stateDescription: null; contentDescription: null; tooltipText: null; containerTitle: null; viewIdResName: null; uniqueId: null; checkable: false; checked: false; focusable: false; focused: false; selected: false; clickable: false; longClickable: false; contextClickable: false; enabled: true; password: false; scrollable: false; importantForAccessibility: false; visible: false; actions: [AccessibilityAction: ACTION_SELECT - null, AccessibilityAction: ACTION_CLEAR_SELECTION - null, AccessibilityAction: ACTION_ACCESSIBILITY_FOCUS - null, AccessibilityAction: ACTION_SHOW_ON_SCREEN - null]; isTextSelectable: false
06-25 14:41:59.950  6854  6886 I Maestro : Skipping invisible child: android.view.accessibility.AccessibilityNodeInfo@124de; boundsInParent: Rect(0, 0 - 320, 0); boundsInScreen: Rect(0, 0 - 320, 0); boundsInWindow: Rect(0, 0 - 320, 0); packageName: com.hanapkalinga.mobile; className: android.view.ViewGroup; text: null; error: null; maxTextLength: -1; stateDescription: null; contentDescription: null; tooltipText: null; containerTitle: null; viewIdResName: null; uniqueId: null; checkable: false; checked: false; focusable: false; focused: false; selected: false; clickable: false; longClickable: false; contextClickable: false; enabled: true; password: false; scrollable: false; importantForAccessibility: false; visible: false; actions: [AccessibilityAction: ACTION_SELECT - null, AccessibilityAction: ACTION_CLEAR_SELECTION - null, AccessibilityAction: ACTION_ACCESSIBILITY_FOCUS - null, AccessibilityAction: ACTION_SHOW_ON_SCREEN - null]; isTextSelectable: false
06-25 14:41:59.951  6854  6886 I Maestro : Skipping invisible child: android.view.accessibility.AccessibilityNodeInfo@1a480; boundsInParent: Rect(0, 0 - 320, 0); boundsInScreen: Rect(0, 0 - 320, 0); boundsInWindow: Rect(0, 0 - 320, 0); packageName: com.hanapkalinga.mobile; className: android.widget.LinearLayout; text: null; error: null; maxTextLength: -1; stateDescription: null; contentDescription: null; tooltipText: null; containerTitle: null; viewIdResName: null; uniqueId: null; checkable: false; checked: false; focusable: false; focused: false; selected: false; clickable: false; longClickable: false; contextClickable: false; enabled: true; password: false; scrollable: false; importantForAccessibility: false; visible: false; actions: [AccessibilityAction: ACTION_SELECT - null, AccessibilityAction: ACTION_CLEAR_SELECTION - null, AccessibilityAction: ACTION_ACCESSIBILITY_FOCUS - null, AccessibilityAction: ACTION_SHOW_ON_SCREEN - null]; isTextSelectable: false
06-25 14:41:59.951  6854  6886 I Maestro : Skipping invisible child: android.view.accessibility.AccessibilityNodeInfo@1a0bf; boundsInParent: Rect(0, 0 - 320, 0); boundsInScreen: Rect(0, 0 - 320, 0); boundsInWindow: Rect(0, 0 - 320, 0); packageName: com.hanapkalinga.mobile; className: android.view.ViewGroup; text: null; error: null; maxTextLength: -1; stateDescription: null; contentDescription: null; tooltipText: null; containerTitle: null; viewIdResName: null; uniqueId: null; checkable: false; checked: false; focusable: false; focused: false; selected: false; clickable: false; longClickable: false; contextClickable: false; enabled: true; password: false; scrollable: false; importantForAccessibility: false; visible: false; actions: [AccessibilityAction: ACTION_SELECT - null, AccessibilityAction: ACTION_CLEAR_SELECTION - null, AccessibilityAction: ACTION_ACCESSIBILITY_FOCUS - null, AccessibilityAction: ACTION_SHOW_ON_SCREEN - null]; isTextSelectable: false
06-25 14:41:59.977  6854  6886 D Maestro : View hierarchy received in 43 ms
06-25 14:42:00.017  1647  2042 I AiAiEcho: Predicting[0]: 
06-25 14:42:00.017  1647  2042 I AiAiEcho: EchoTargets: 
06-25 14:42:00.017  1647  2042 I AiAiEcho: Filtered by AiAi flag check: 
06-25 14:42:00.018  1647  2042 I AiAiEcho: Ranked targets strategy: SORT, count: 0, ranking metadata: 
06-25 14:42:00.018  1647  2042 I AiAiEcho: #postPredictionTargets: Sending updates to UISurface lockscreen with targets# 0 (types=[])
06-25 14:42:00.031  6854  7048 D Maestro : Requesting view hierarchy
06-25 14:42:00.031  6854  7048 W QueryController: Could not detect idle state.
06-25 14:42:00.032  6854  7048 W QueryController: Could not detect idle state.
06-25 14:42:00.035   835   835 W PageIndicator: Total number of pages invalid: 0. Assuming 1 page.
06-25 14:42:00.037   835   879 D EGL_emulation: app_time_stats: avg=8471.82ms min=8471.82ms max=8471.82ms count=1
06-25 14:42:00.068  6854  7048 I Maestro : Skipping invisible child: android.view.accessibility.AccessibilityNodeInfo@1289f; boundsInParent: Rect(0, 0 - 320, 0); boundsInScreen: Rect(0, 0 - 320, 0); boundsInWindow: Rect(0, 0 - 320, 0); packageName: com.hanapkalinga.mobile; className: android.widget.LinearLayout; text: null; error: null; maxTextLength: -1; stateDescription: null; contentDescription: null; tooltipText: null; containerTitle: null; viewIdResName: null; uniqueId: null; checkable: false; checked: false; focusable: false; focused: false; selected: false; clickable: false; longClickable: false; contextClickable: false; enabled: true; password: false; scrollable: false; importantForAccessibility: false; visible: false; actions: [AccessibilityAction: ACTION_SELECT - null, AccessibilityAction: ACTION_CLEAR_SELECTION - null, AccessibilityAction: ACTION_ACCESSIBILITY_FOCUS - null, AccessibilityAction: ACTION_SHOW_ON_SCREEN - null]; isTextSelectable: false
06-25 14:42:00.068  6854  7048 I Maestro : Skipping invisible child: android.view.accessibility.AccessibilityNodeInfo@124de; boundsInParent: Rect(0, 0 - 320, 0); boundsInScreen: Rect(0, 0 - 320, 0); boundsInWindow: Rect(0, 0 - 320, 0); packageName: com.hanapkalinga.mobile; className: android.view.ViewGroup; text: null; error: null; maxTextLength: -1; stateDescription: null; contentDescription: null; tooltipText: null; containerTitle: null; viewIdResName: null; uniqueId: null; checkable: false; checked: false; focusable: false; focused: false; selected: false; clickable: false; longClickable: false; contextClickable: false; enabled: true; password: false; scrollable: false; importantForAccessibility: false; visible: false; actions: [AccessibilityAction: ACTION_SELECT - null, AccessibilityAction: ACTION_CLEAR_SELECTION - null, AccessibilityAction: ACTION_ACCESSIBILITY_FOCUS - null, AccessibilityAction: ACTION_SHOW_ON_SCREEN - null]; isTextSelectable: false
06-25 14:42:00.069  6854  7048 I Maestro : Skipping invisible child: android.view.accessibility.AccessibilityNodeInfo@1a480; boundsInParent: Rect(0, 0 - 320, 0); boundsInScreen: Rect(0, 0 - 320, 0); boundsInWindow: Rect(0, 0 - 320, 0); packageName: com.hanapkalinga.mobile; className: android.widget.LinearLayout; text: null; error: null; maxTextLength: -1; stateDescription: null; contentDescription: null; tooltipText: null; containerTitle: null; viewIdResName: null; uniqueId: null; checkable: false; checked: false; focusable: false; focused: false; selected: false; clickable: false; longClickable: false; contextClickable: false; enabled: true; password: false; scrollable: false; importantForAccessibility: false; visible: false; actions: [AccessibilityAction: ACTION_SELECT - null, AccessibilityAction: ACTION_CLEAR_SELECTION - null, AccessibilityAction: ACTION_ACCESSIBILITY_FOCUS - null, AccessibilityAction: ACTION_SHOW_ON_SCREEN - null]; isTextSelectable: false
06-25 14:42:00.069  6854  7048 I Maestro : Skipping invisible child: android.view.accessibility.AccessibilityNodeInfo@1a0bf; boundsInParent: Rect(0, 0 - 320, 0); boundsInScreen: Rect(0, 0 - 320, 0); boundsInWindow: Rect(0, 0 - 320, 0); packageName: com.hanapkalinga.mobile; className: android.view.ViewGroup; text: null; error: null; maxTextLength: -1; stateDescription: null; contentDescription: null; tooltipText: null; containerTitle: null; viewIdResName: null; uniqueId: null; checkable: false; checked: false; focusable: false; focused: false; selected: false; clickable: false; longClickable: false; contextClickable: false; enabled: true; password: false; scrollable: false; importantForAccessibility: false; visible: false; actions: [AccessibilityAction: ACTION_SELECT - null, AccessibilityAction: ACTION_CLEAR_SELECTION - null, AccessibilityAction: ACTION_ACCESSIBILITY_FOCUS - null, AccessibilityAction: ACTION_SHOW_ON_SCREEN - null]; isTextSelectable: false
06-25 14:42:00.082  6854  7048 D Maestro : View hierarchy received in 51 ms
06-25 14:42:00.550  6985  7003 D EGL_emulation: app_time_stats: avg=403.99ms min=214.32ms max=499.32ms count=3
06-25 14:42:00.618  6854  7048 D Maestro : Requesting view hierarchy
06-25 14:42:00.619  6854  7048 W QueryController: Could not detect idle state.
06-25 14:42:00.619  6854  7048 W QueryController: Could not detect idle state.
06-25 14:42:00.631  6854  7048 I Maestro : Skipping invisible child: android.view.accessibility.AccessibilityNodeInfo@1289f; boundsInParent: Rect(0, 0 - 320, 0); boundsInScreen: Rect(0, 0 - 320, 0); boundsInWindow: Rect(0, 0 - 320, 0); packageName: com.hanapkalinga.mobile; className: android.widget.LinearLayout; text: null; error: null; maxTextLength: -1; stateDescription: null; contentDescription: null; tooltipText: null; containerTitle: null; viewIdResName: null; uniqueId: null; checkable: false; checked: false; focusable: false; focused: false; selected: false; clickable: false; longClickable: false; contextClickable: false; enabled: true; password: false; scrollable: false; importantForAccessibility: false; visible: false; actions: [AccessibilityAction: ACTION_SELECT - null, AccessibilityAction: ACTION_CLEAR_SELECTION - null, AccessibilityAction: ACTION_ACCESSIBILITY_FOCUS - null, AccessibilityAction: ACTION_SHOW_ON_SCREEN - null]; isTextSelectable: false
06-25 14:42:00.632  6854  7048 I Maestro : Skipping invisible child: android.view.accessibility.AccessibilityNodeInfo@124de; boundsInParent: Rect(0, 0 - 320, 0); boundsInScreen: Rect(0, 0 - 320, 0); boundsInWindow: Rect(0, 0 - 320, 0); packageName: com.hanapkalinga.mobile; className: android.view.ViewGroup; text: null; error: null; maxTextLength: -1; stateDescription: null; contentDescription: null; tooltipText: null; containerTitle: null; viewIdResName: null; uniqueId: null; checkable: false; checked: false; focusable: false; focused: false; selected: false; clickable: false; longClickable: false; contextClickable: false; enabled: true; password: false; scrollable: false; importantForAccessibility: false; visible: false; actions: [AccessibilityAction: ACTION_SELECT - null, AccessibilityAction: ACTION_CLEAR_SELECTION - null, AccessibilityAction: ACTION_ACCESSIBILITY_FOCUS - null, AccessibilityAction: ACTION_SHOW_ON_SCREEN - null]; isTextSelectable: false
06-25 14:42:00.632  6854  7048 I Maestro : Skipping invisible child: android.view.accessibility.AccessibilityNodeInfo@1a480; boundsInParent: Rect(0, 0 - 320, 0); boundsInScreen: Rect(0, 0 - 320, 0); boundsInWindow: Rect(0, 0 - 320, 0); packageName: com.hanapkalinga.mobile; className: android.widget.LinearLayout; text: null; error: null; maxTextLength: -1; stateDescription: null; contentDescription: null; tooltipText: null; containerTitle: null; viewIdResName: null; uniqueId: null; checkable: false; checked: false; focusable: false; focused: false; selected: false; clickable: false; longClickable: false; contextClickable: false; enabled: true; password: false; scrollable: false; importantForAccessibility: false; visible: false; actions: [AccessibilityAction: ACTION_SELECT - null, AccessibilityAction: ACTION_CLEAR_SELECTION - null, AccessibilityAction: ACTION_ACCESSIBILITY_FOCUS - null, AccessibilityAction: ACTION_SHOW_ON_SCREEN - null]; isTextSelectable: false
06-25 14:42:00.633  6854  7048 I Maestro : Skipping invisible child: android.view.accessibility.AccessibilityNodeInfo@1a0bf; boundsInParent: Rect(0, 0 - 320, 0); boundsInScreen: Rect(0, 0 - 320, 0); boundsInWindow: Rect(0, 0 - 320, 0); packageName: com.hanapkalinga.mobile; className: android.view.ViewGroup; text: null; error: null; maxTextLength: -1; stateDescription: null; contentDescription: null; tooltipText: null; containerTitle: null; viewIdResName: null; uniqueId: null; checkable: false; checked: false; focusable: false; focused: false; selected: false; clickable: false; longClickable: false; contextClickable: false; enabled: true; password: false; scrollable: false; importantForAccessibility: false; visible: false; actions: [AccessibilityAction: ACTION_SELECT - null, AccessibilityAction: ACTION_CLEAR_SELECTION - null, AccessibilityAction: ACTION_ACCESSIBILITY_FOCUS - null, AccessibilityAction: ACTION_SHOW_ON_SCREEN - null]; isTextSelectable: false
06-25 14:42:00.645  6854  7048 D Maestro : View hierarchy received in 27 ms
06-25 14:42:00.696  6854  7048 D Maestro : Requesting view hierarchy
06-25 14:42:00.697  6854  7048 W QueryController: Could not detect idle state.
06-25 14:42:00.697  6854  7048 W QueryController: Could not detect idle state.
06-25 14:42:00.711  6854  7048 I Maestro : Skipping invisible child: android.view.accessibility.AccessibilityNodeInfo@1289f; boundsInParent: Rect(0, 0 - 320, 0); boundsInScreen: Rect(0, 0 - 320, 0); boundsInWindow: Rect(0, 0 - 320, 0); packageName: com.hanapkalinga.mobile; className: android.widget.LinearLayout; text: null; error: null; maxTextLength: -1; stateDescription: null; contentDescription: null; tooltipText: null; containerTitle: null; viewIdResName: null; uniqueId: null; checkable: false; checked: false; focusable: false; focused: false; selected: false; clickable: false; longClickable: false; contextClickable: false; enabled: true; password: false; scrollable: false; importantForAccessibility: false; visible: false; actions: [AccessibilityAction: ACTION_SELECT - null, AccessibilityAction: ACTION_CLEAR_SELECTION - null, AccessibilityAction: ACTION_ACCESSIBILITY_FOCUS - null, AccessibilityAction: ACTION_SHOW_ON_SCREEN - null]; isTextSelectable: false
06-25 14:42:00.711  6854  7048 I Maestro : Skipping invisible child: android.view.accessibility.AccessibilityNodeInfo@124de; boundsInParent: Rect(0, 0 - 320, 0); boundsInScreen: Rect(0, 0 - 320, 0); boundsInWindow: Rect(0, 0 - 320, 0); packageName: com.hanapkalinga.mobile; className: android.view.ViewGroup; text: null; error: null; maxTextLength: -1; stateDescription: null; contentDescription: null; tooltipText: null; containerTitle: null; viewIdResName: null; uniqueId: null; checkable: false; checked: false; focusable: false; focused: false; selected: false; clickable: false; longClickable: false; contextClickable: false; enabled: true; password: false; scrollable: false; importantForAccessibility: false; visible: false; actions: [AccessibilityAction: ACTION_SELECT - null, AccessibilityAction: ACTION_CLEAR_SELECTION - null, AccessibilityAction: ACTION_ACCESSIBILITY_FOCUS - null, AccessibilityAction: ACTION_SHOW_ON_SCREEN - null]; isTextSelectable: false
06-25 14:42:00.712  6854  7048 I Maestro : Skipping invisible child: android.view.accessibility.AccessibilityNodeInfo@1a480; boundsInParent: Rect(0, 0 - 320, 0); boundsInScreen: Rect(0, 0 - 320, 0); boundsInWindow: Rect(0, 0 - 320, 0); packageName: com.hanapkalinga.mobile; className: android.widget.LinearLayout; text: null; error: null; maxTextLength: -1; stateDescription: null; contentDescription: null; tooltipText: null; containerTitle: null; viewIdResName: null; uniqueId: null; checkable: false; checked: false; focusable: false; focused: false; selected: false; clickable: false; longClickable: false; contextClickable: false; enabled: true; password: false; scrollable: false; importantForAccessibility: false; visible: false; actions: [AccessibilityAction: ACTION_SELECT - null, AccessibilityAction: ACTION_CLEAR_SELECTION - null, AccessibilityAction: ACTION_ACCESSIBILITY_FOCUS - null, AccessibilityAction: ACTION_SHOW_ON_SCREEN - null]; isTextSelectable: false
06-25 14:42:00.712  6854  7048 I Maestro : Skipping invisible child: android.view.accessibility.AccessibilityNodeInfo@1a0bf; boundsInParent: Rect(0, 0 - 320, 0); boundsInScreen: Rect(0, 0 - 320, 0); boundsInWindow: Rect(0, 0 - 320, 0); packageName: com.hanapkalinga.mobile; className: android.view.ViewGroup; text: null; error: null; maxTextLength: -1; stateDescription: null; contentDescription: null; tooltipText: null; containerTitle: null; viewIdResName: null; uniqueId: null; checkable: false; checked: false; focusable: false; focused: false; selected: false; clickable: false; longClickable: false; contextClickable: false; enabled: true; password: false; scrollable: false; importantForAccessibility: false; visible: false; actions: [AccessibilityAction: ACTION_SELECT - null, AccessibilityAction: ACTION_CLEAR_SELECTION - null, AccessibilityAction: ACTION_ACCESSIBILITY_FOCUS - null, AccessibilityAction: ACTION_SHOW_ON_SCREEN - null]; isTextSelectable: false
06-25 14:42:00.721  6854  7048 D Maestro : View hierarchy received in 25 ms
06-25 14:42:00.983  6854  7048 D Maestro : Requesting view hierarchy
06-25 14:42:00.984  6854  7048 W QueryController: Could not detect idle state.
06-25 14:42:00.984  6854  7048 W QueryController: Could not detect idle state.
06-25 14:42:01.001  6854  7048 I Maestro : Skipping invisible child: android.view.accessibility.AccessibilityNodeInfo@1289f; boundsInParent: Rect(0, 0 - 320, 0); boundsInScreen: Rect(0, 0 - 320, 0); boundsInWindow: Rect(0, 0 - 320, 0); packageName: com.hanapkalinga.mobile; className: android.widget.LinearLayout; text: null; error: null; maxTextLength: -1; stateDescription: null; contentDescription: null; tooltipText: null; containerTitle: null; viewIdResName: null; uniqueId: null; checkable: false; checked: false; focusable: false; focused: false; selected: false; clickable: false; longClickable: false; contextClickable: false; enabled: true; password: false; scrollable: false; importantForAccessibility: false; visible: false; actions: [AccessibilityAction: ACTION_SELECT - null, AccessibilityAction: ACTION_CLEAR_SELECTION - null, AccessibilityAction: ACTION_ACCESSIBILITY_FOCUS - null, AccessibilityAction: ACTION_SHOW_ON_SCREEN - null]; isTextSelectable: false
06-25 14:42:01.001  6854  7048 I Maestro : Skipping invisible child: android.view.accessibility.AccessibilityNodeInfo@124de; boundsInParent: Rect(0, 0 - 320, 0); boundsInScreen: Rect(0, 0 - 320, 0); boundsInWindow: Rect(0, 0 - 320, 0); packageName: com.hanapkalinga.mobile; className: android.view.ViewGroup; text: null; error: null; maxTextLength: -1; stateDescription: null; contentDescription: null; tooltipText: null; containerTitle: null; viewIdResName: null; uniqueId: null; checkable: false; checked: false; focusable: false; focused: false; selected: false; clickable: false; longClickable: false; contextClickable: false; enabled: true; password: false; scrollable: false; importantForAccessibility: false; visible: false; actions: [AccessibilityAction: ACTION_SELECT - null, AccessibilityAction: ACTION_CLEAR_SELECTION - null, AccessibilityAction: ACTION_ACCESSIBILITY_FOCUS - null, AccessibilityAction: ACTION_SHOW_ON_SCREEN - null]; isTextSelectable: false
06-25 14:42:01.002  6854  7048 I Maestro : Skipping invisible child: android.view.accessibility.AccessibilityNodeInfo@1a480; boundsInParent: Rect(0, 0 - 320, 0); boundsInScreen: Rect(0, 0 - 320, 0); boundsInWindow: Rect(0, 0 - 320, 0); packageName: com.hanapkalinga.mobile; className: android.widget.LinearLayout; text: null; error: null; maxTextLength: -1; stateDescription: null; contentDescription: null; tooltipText: null; containerTitle: null; viewIdResName: null; uniqueId: null; checkable: false; checked: false; focusable: false; focused: false; selected: false; clickable: false; longClickable: false; contextClickable: false; enabled: true; password: false; scrollable: false; importantForAccessibility: false; visible: false; actions: [AccessibilityAction: ACTION_SELECT - null, AccessibilityAction: ACTION_CLEAR_SELECTION - null, AccessibilityAction: ACTION_ACCESSIBILITY_FOCUS - null, AccessibilityAction: ACTION_SHOW_ON_SCREEN - null]; isTextSelectable: false
06-25 14:42:01.002  6854  7048 I Maestro : Skipping invisible child: android.view.accessibility.AccessibilityNodeInfo@1a0bf; boundsInParent: Rect(0, 0 - 320, 0); boundsInScreen: Rect(0, 0 - 320, 0); boundsInWindow: Rect(0, 0 - 320, 0); packageName: com.hanapkalinga.mobile; className: android.view.ViewGroup; text: null; error: null; maxTextLength: -1; stateDescription: null; contentDescription: null; tooltipText: null; containerTitle: null; viewIdResName: null; uniqueId: null; checkable: false; checked: false; focusable: false; focused: false; selected: false; clickable: false; longClickable: false; contextClickable: false; enabled: true; password: false; scrollable: false; importantForAccessibility: false; visible: false; actions: [AccessibilityAction: ACTION_SELECT - null, AccessibilityAction: ACTION_CLEAR_SELECTION - null, AccessibilityAction: ACTION_ACCESSIBILITY_FOCUS - null, AccessibilityAction: ACTION_SHOW_ON_SCREEN - null]; isTextSelectable: false
06-25 14:42:01.011  6854  7048 D Maestro : View hierarchy received in 28 ms
06-25 14:42:01.036   336   370 I netd    : tetherGetStats() -> {[]} <0.41ms>
06-25 14:42:01.037   336   370 I netd    : bandwidthSetGlobalAlert(2097152) <0.10ms>
06-25 14:42:01.105  6854  7048 D Maestro : Requesting view hierarchy
06-25 14:42:01.106  6854  7048 W QueryController: Could not detect idle state.
06-25 14:42:01.106  6854  7048 W QueryController: Could not detect idle state.
06-25 14:42:01.124  6854  7048 I Maestro : Skipping invisible child: android.view.accessibility.AccessibilityNodeInfo@1289f; boundsInParent: Rect(0, 0 - 320, 0); boundsInScreen: Rect(0, 0 - 320, 0); boundsInWindow: Rect(0, 0 - 320, 0); packageName: com.hanapkalinga.mobile; className: android.widget.LinearLayout; text: null; error: null; maxTextLength: -1; stateDescription: null; contentDescription: null; tooltipText: null; containerTitle: null; viewIdResName: null; uniqueId: null; checkable: false; checked: false; focusable: false; focused: false; selected: false; clickable: false; longClickable: false; contextClickable: false; enabled: true; password: false; scrollable: false; importantForAccessibility: false; visible: false; actions: [AccessibilityAction: ACTION_SELECT - null, AccessibilityAction: ACTION_CLEAR_SELECTION - null, AccessibilityAction: ACTION_ACCESSIBILITY_FOCUS - null, AccessibilityAction: ACTION_SHOW_ON_SCREEN - null]; isTextSelectable: false
06-25 14:42:01.124  6854  7048 I Maestro : Skipping invisible child: android.view.accessibility.AccessibilityNodeInfo@124de; boundsInParent: Rect(0, 0 - 320, 0); boundsInScreen: Rect(0, 0 - 320, 0); boundsInWindow: Rect(0, 0 - 320, 0); packageName: com.hanapkalinga.mobile; className: android.view.ViewGroup; text: null; error: null; maxTextLength: -1; stateDescription: null; contentDescription: null; tooltipText: null; containerTitle: null; viewIdResName: null; uniqueId: null; checkable: false; checked: false; focusable: false; focused: false; selected: false; clickable: false; longClickable: false; contextClickable: false; enabled: true; password: false; scrollable: false; importantForAccessibility: false; visible: false; actions: [AccessibilityAction: ACTION_SELECT - null, AccessibilityAction: ACTION_CLEAR_SELECTION - null, AccessibilityAction: ACTION_ACCESSIBILITY_FOCUS - null, AccessibilityAction: ACTION_SHOW_ON_SCREEN - null]; isTextSelectable: false
06-25 14:42:01.125  6854  7048 I Maestro : Skipping invisible child: android.view.accessibility.AccessibilityNodeInfo@1a480; boundsInParent: Rect(0, 0 - 320, 0); boundsInScreen: Rect(0, 0 - 320, 0); boundsInWindow: Rect(0, 0 - 320, 0); packageName: com.hanapkalinga.mobile; className: android.widget.LinearLayout; text: null; error: null; maxTextLength: -1; stateDescription: null; contentDescription: null; tooltipText: null; containerTitle: null; viewIdResName: null; uniqueId: null; checkable: false; checked: false; focusable: false; focused: false; selected: false; clickable: false; longClickable: false; contextClickable: false; enabled: true; password: false; scrollable: false; importantForAccessibility: false; visible: false; actions: [AccessibilityAction: ACTION_SELECT - null, AccessibilityAction: ACTION_CLEAR_SELECTION - null, AccessibilityAction: ACTION_ACCESSIBILITY_FOCUS - null, AccessibilityAction: ACTION_SHOW_ON_SCREEN - null]; isTextSelectable: false
06-25 14:42:01.126  6854  7048 I Maestro : Skipping invisible child: android.view.accessibility.AccessibilityNodeInfo@1a0bf; boundsInParent: Rect(0, 0 - 320, 0); boundsInScreen: Rect(0, 0 - 320, 0); boundsInWindow: Rect(0, 0 - 320, 0); packageName: com.hanapkalinga.mobile; className: android.view.ViewGroup; text: null; error: null; maxTextLength: -1; stateDescription: null; contentDescription: null; tooltipText: null; containerTitle: null; viewIdResName: null; uniqueId: null; checkable: false; checked: false; focusable: false; focused: false; selected: false; clickable: false; longClickable: false; contextClickable: false; enabled: true; password: false; scrollable: false; importantForAccessibility: false; visible: false; actions: [AccessibilityAction: ACTION_SELECT - null, AccessibilityAction: ACTION_CLEAR_SELECTION - null, AccessibilityAction: ACTION_ACCESSIBILITY_FOCUS - null, AccessibilityAction: ACTION_SHOW_ON_SCREEN - null]; isTextSelectable: false
06-25 14:42:01.136  6854  7048 D Maestro : View hierarchy received in 31 ms
06-25 14:42:01.229  6854  6886 D Maestro : Requesting view hierarchy
06-25 14:42:01.229  6854  6886 W QueryController: Could not detect idle state.
06-25 14:42:01.230  6854  6886 W QueryController: Could not detect idle state.
06-25 14:42:01.245  6854  6886 I Maestro : Skipping invisible child: android.view.accessibility.AccessibilityNodeInfo@1289f; boundsInParent: Rect(0, 0 - 320, 0); boundsInScreen: Rect(0, 0 - 320, 0); boundsInWindow: Rect(0, 0 - 320, 0); packageName: com.hanapkalinga.mobile; className: android.widget.LinearLayout; text: null; error: null; maxTextLength: -1; stateDescription: null; contentDescription: null; tooltipText: null; containerTitle: null; viewIdResName: null; uniqueId: null; checkable: false; checked: false; focusable: false; focused: false; selected: false; clickable: false; longClickable: false; contextClickable: false; enabled: true; password: false; scrollable: false; importantForAccessibility: false; visible: false; actions: [AccessibilityAction: ACTION_SELECT - null, AccessibilityAction: ACTION_CLEAR_SELECTION - null, AccessibilityAction: ACTION_ACCESSIBILITY_FOCUS - null, AccessibilityAction: ACTION_SHOW_ON_SCREEN - null]; isTextSelectable: false
06-25 14:42:01.246  6854  6886 I Maestro : Skipping invisible child: android.view.accessibility.AccessibilityNodeInfo@124de; boundsInParent: Rect(0, 0 - 320, 0); boundsInScreen: Rect(0, 0 - 320, 0); boundsInWindow: Rect(0, 0 - 320, 0); packageName: com.hanapkalinga.mobile; className: android.view.ViewGroup; text: null; error: null; maxTextLength: -1; stateDescription: null; contentDescription: null; tooltipText: null; containerTitle: null; viewIdResName: null; uniqueId: null; checkable: false; checked: false; focusable: false; focused: false; selected: false; clickable: false; longClickable: false; contextClickable: false; enabled: true; password: false; scrollable: false; importantForAccessibility: false; visible: false; actions: [AccessibilityAction: ACTION_SELECT - null, AccessibilityAction: ACTION_CLEAR_SELECTION - null, AccessibilityAction: ACTION_ACCESSIBILITY_FOCUS - null, AccessibilityAction: ACTION_SHOW_ON_SCREEN - null]; isTextSelectable: false
06-25 14:42:01.246  6854  6886 I Maestro : Skipping invisible child: android.view.accessibility.AccessibilityNodeInfo@1a480; boundsInParent: Rect(0, 0 - 320, 0); boundsInScreen: Rect(0, 0 - 320, 0); boundsInWindow: Rect(0, 0 - 320, 0); packageName: com.hanapkalinga.mobile; className: android.widget.LinearLayout; text: null; error: null; maxTextLength: -1; stateDescription: null; contentDescription: null; tooltipText: null; containerTitle: null; viewIdResName: null; uniqueId: null; checkable: false; checked: false; focusable: false; focused: false; selected: false; clickable: false; longClickable: false; contextClickable: false; enabled: true; password: false; scrollable: false; importantForAccessibility: false; visible: false; actions: [AccessibilityAction: ACTION_SELECT - null, AccessibilityAction: ACTION_CLEAR_SELECTION - null, AccessibilityAction: ACTION_ACCESSIBILITY_FOCUS - null, AccessibilityAction: ACTION_SHOW_ON_SCREEN - null]; isTextSelectable: false
06-25 14:42:01.247  6854  6886 I Maestro : Skipping invisible child: android.view.accessibility.AccessibilityNodeInfo@1a0bf; boundsInParent: Rect(0, 0 - 320, 0); boundsInScreen: Rect(0, 0 - 320, 0); boundsInWindow: Rect(0, 0 - 320, 0); packageName: com.hanapkalinga.mobile; className: android.view.ViewGroup; text: null; error: null; maxTextLength: -1; stateDescription: null; contentDescription: null; tooltipText: null; containerTitle: null; viewIdResName: null; uniqueId: null; checkable: false; checked: false; focusable: false; focused: false; selected: false; clickable: false; longClickable: false; contextClickable: false; enabled: true; password: false; scrollable: false; importantForAccessibility: false; visible: false; actions: [AccessibilityAction: ACTION_SELECT - null, AccessibilityAction: ACTION_CLEAR_SELECTION - null, AccessibilityAction: ACTION_ACCESSIBILITY_FOCUS - null, AccessibilityAction: ACTION_SHOW_ON_SCREEN - null]; isTextSelectable: false
06-25 14:42:01.263  6854  6886 D Maestro : View hierarchy received in 34 ms
06-25 14:42:01.352  6854  6886 W QueryController: Could not detect idle state.
06-25 14:42:01.354  6854  6886 W QueryController: Could not detect idle state.
06-25 14:42:01.357  6854  6886 W UiDevice: Skipping wait as package ${APP_ID} does not match current window com.hanapkalinga.mobile.
06-25 14:42:01.363  6854  6886 W QueryController: Could not detect idle state.
06-25 14:42:01.364  6854  6886 W QueryController: Could not detect idle state.
06-25 14:42:01.367  6854  6886 W UiDevice: Skipping wait as package ${APP_ID} does not match current window com.hanapkalinga.mobile.
06-25 14:42:01.373  6854  6886 W QueryController: Could not detect idle state.
06-25 14:42:01.374  6854  6886 W QueryController: Could not detect idle state.
06-25 14:42:01.376  6854  6886 W UiDevice: Skipping wait as package ${APP_ID} does not match current window com.hanapkalinga.mobile.
06-25 14:42:01.381  6854  6886 W QueryController: Could not detect idle state.
06-25 14:42:01.382  6854  6886 W QueryController: Could not detect idle state.
06-25 14:42:01.384  6854  6886 W UiDevice: Skipping wait as package ${APP_ID} does not match current window com.hanapkalinga.mobile.
06-25 14:42:01.390  6854  6886 W QueryController: Could not detect idle state.
06-25 14:42:01.391  6854  6886 W QueryController: Could not detect idle state.
