06-25 14:43:01.943  7360  7576 I Maestro : Skipping invisible child: android.view.accessibility.AccessibilityNodeInfo@1a495; boundsInParent: Rect(0, 0 - 320, 0); boundsInScreen: Rect(0, 0 - 320, 0); boundsInWindow: Rect(0, 0 - 320, 0); packageName: com.hanapkalinga.mobile; className: android.widget.LinearLayout; text: null; error: null; maxTextLength: -1; stateDescription: null; contentDescription: null; tooltipText: null; containerTitle: null; viewIdResName: null; uniqueId: null; checkable: false; checked: false; focusable: false; focused: false; selected: false; clickable: false; longClickable: false; contextClickable: false; enabled: true; password: false; scrollable: false; importantForAccessibility: false; visible: false; actions: [AccessibilityAction: ACTION_SELECT - null, AccessibilityAction: ACTION_CLEAR_SELECTION - null, AccessibilityAction: ACTION_ACCESSIBILITY_FOCUS - null, AccessibilityAction: ACTION_SHOW_ON_SCREEN - null]; isTextSelectable: false
06-25 14:43:01.944  7360  7576 I Maestro : Skipping invisible child: android.view.accessibility.AccessibilityNodeInfo@1a0d4; boundsInParent: Rect(0, 0 - 320, 0); boundsInScreen: Rect(0, 0 - 320, 0); boundsInWindow: Rect(0, 0 - 320, 0); packageName: com.hanapkalinga.mobile; className: android.view.ViewGroup; text: null; error: null; maxTextLength: -1; stateDescription: null; contentDescription: null; tooltipText: null; containerTitle: null; viewIdResName: null; uniqueId: null; checkable: false; checked: false; focusable: false; focused: false; selected: false; clickable: false; longClickable: false; contextClickable: false; enabled: true; password: false; scrollable: false; importantForAccessibility: false; visible: false; actions: [AccessibilityAction: ACTION_SELECT - null, AccessibilityAction: ACTION_CLEAR_SELECTION - null, AccessibilityAction: ACTION_ACCESSIBILITY_FOCUS - null, AccessibilityAction: ACTION_SHOW_ON_SCREEN - null]; isTextSelectable: false
06-25 14:43:01.972  7360  7576 I Maestro : Skipping invisible child: android.view.accessibility.AccessibilityNodeInfo@182cc; boundsInParent: Rect(0, 0 - 1, 1); boundsInScreen: Rect(20, 348 - 21, 349); boundsInWindow: Rect(20, 348 - 21, 349); packageName: com.hanapkalinga.mobile; className: android.view.ViewGroup; text: null; error: null; maxTextLength: -1; stateDescription: null; contentDescription: null; tooltipText: null; containerTitle: null; viewIdResName: login_captcha_ready; uniqueId: null; checkable: false; checked: false; focusable: false; focused: false; selected: false; clickable: false; longClickable: false; contextClickable: false; enabled: true; password: false; scrollable: false; importantForAccessibility: true; visible: false; actions: [AccessibilityAction: ACTION_SELECT - null, AccessibilityAction: ACTION_CLEAR_SELECTION - null, AccessibilityAction: ACTION_ACCESSIBILITY_FOCUS - null, AccessibilityAction: ACTION_SHOW_ON_SCREEN - null]; isTextSelectable: false
06-25 14:43:02.022  7360  7576 D Maestro : View hierarchy received in 95 ms
06-25 14:43:02.413  7513  7538 I ReactNativeJS: [TurnstileWebView] Turnstile script loaded successfully
06-25 14:43:02.414  7513  7538 I ReactNativeJS: [TurnstileWebView] turnstile global available, rendering widget
06-25 14:43:02.420  7513  7538 I ReactNativeJS: [TurnstileWebView] turnstile.render() called
06-25 14:43:02.454  7513  7532 D EGL_emulation: app_time_stats: avg=125.04ms min=3.93ms max=448.07ms count=11
06-25 14:43:02.500   336  7633 I resolv  : GetAddrInfoHandler::run: {100 100 100 983140 10192 0}
06-25 14:43:02.501   336  7634 I resolv  : res_nmkquery: (QUERY, IN, AAAA)
06-25 14:43:02.503   336  7635 I resolv  : res_nmkquery: (QUERY, IN, A)
06-25 14:43:02.504   336  7635 I resolv  : resolv_cache_lookup: FOUND IN CACHE entry=0x7091cee30e10
06-25 14:43:02.504   336  7635 I resolv  : doQuery: rcode=0, ancount=2, return value=61
06-25 14:43:02.982   336  7634 I resolv  : res_nsend: used send_dg 85 terrno: 0
06-25 14:43:02.982   336  7634 I resolv  : doQuery: rcode=0, ancount=2, return value=85
06-25 14:43:03.027  7360  7576 W QueryController: Could not detect idle state.
06-25 14:43:03.028  7360  7576 D Maestro : Requesting view hierarchy
06-25 14:43:03.028  7360  7576 W QueryController: Could not detect idle state.
06-25 14:43:03.028  7360  7576 W QueryController: Could not detect idle state.
06-25 14:43:03.424  7513  7513 I Choreographer: Skipped 51 frames!  The application may be doing too much work on its main thread.
06-25 14:43:03.525  7513  7572 I OpenGLRenderer: Davey! duration=900ms; Flags=0, FrameTimelineVsyncId=101694, IntendedVsync=325815369346, Vsync=325815369346, InputEventId=0, HandleInputStart=325815648431, AnimationStart=325815648942, PerformTraversalsStart=325816012891, DrawStart=325816139748, FrameDeadline=325848702678, FrameInterval=325815645106, FrameStartTime=16666666, SyncQueued=325817637474, SyncStart=325817655651, IssueDrawCommandsStart=325818090675, SwapBuffers=326706595931, FrameCompleted=326715525553, DequeueBufferDuration=3065, QueueBufferDuration=173327, GpuCompleted=326715525553, SwapBuffersCompleted=326707510364, DisplayPresentTime=0, CommandSubmissionCompleted=326706595931, 
06-25 14:43:03.526  7513  7532 D EGL_emulation: app_time_stats: avg=357.22ms min=63.68ms max=904.71ms count=3
06-25 14:43:03.541  7360  7576 I Maestro : Skipping invisible child: android.view.accessibility.AccessibilityNodeInfo@128b4; boundsInParent: Rect(0, 0 - 320, 0); boundsInScreen: Rect(0, 0 - 320, 0); boundsInWindow: Rect(0, 0 - 320, 0); packageName: com.hanapkalinga.mobile; className: android.widget.LinearLayout; text: null; error: null; maxTextLength: -1; stateDescription: null; contentDescription: null; tooltipText: null; containerTitle: null; viewIdResName: null; uniqueId: null; checkable: false; checked: false; focusable: false; focused: false; selected: false; clickable: false; longClickable: false; contextClickable: false; enabled: true; password: false; scrollable: false; importantForAccessibility: false; visible: false; actions: [AccessibilityAction: ACTION_SELECT - null, AccessibilityAction: ACTION_CLEAR_SELECTION - null, AccessibilityAction: ACTION_ACCESSIBILITY_FOCUS - null, AccessibilityAction: ACTION_SHOW_ON_SCREEN - null]; isTextSelectable: false
06-25 14:43:03.541  7360  7576 I Maestro : Skipping invisible child: android.view.accessibility.AccessibilityNodeInfo@124f3; boundsInParent: Rect(0, 0 - 320, 0); boundsInScreen: Rect(0, 0 - 320, 0); boundsInWindow: Rect(0, 0 - 320, 0); packageName: com.hanapkalinga.mobile; className: android.view.ViewGroup; text: null; error: null; maxTextLength: -1; stateDescription: null; contentDescription: null; tooltipText: null; containerTitle: null; viewIdResName: null; uniqueId: null; checkable: false; checked: false; focusable: false; focused: false; selected: false; clickable: false; longClickable: false; contextClickable: false; enabled: true; password: false; scrollable: false; importantForAccessibility: false; visible: false; actions: [AccessibilityAction: ACTION_SELECT - null, AccessibilityAction: ACTION_CLEAR_SELECTION - null, AccessibilityAction: ACTION_ACCESSIBILITY_FOCUS - null, AccessibilityAction: ACTION_SHOW_ON_SCREEN - null]; isTextSelectable: false
06-25 14:43:03.542  7360  7576 I Maestro : Skipping invisible child: android.view.accessibility.AccessibilityNodeInfo@1a495; boundsInParent: Rect(0, 0 - 320, 0); boundsInScreen: Rect(0, 0 - 320, 0); boundsInWindow: Rect(0, 0 - 320, 0); packageName: com.hanapkalinga.mobile; className: android.widget.LinearLayout; text: null; error: null; maxTextLength: -1; stateDescription: null; contentDescription: null; tooltipText: null; containerTitle: null; viewIdResName: null; uniqueId: null; checkable: false; checked: false; focusable: false; focused: false; selected: false; clickable: false; longClickable: false; contextClickable: false; enabled: true; password: false; scrollable: false; importantForAccessibility: false; visible: false; actions: [AccessibilityAction: ACTION_SELECT - null, AccessibilityAction: ACTION_CLEAR_SELECTION - null, AccessibilityAction: ACTION_ACCESSIBILITY_FOCUS - null, AccessibilityAction: ACTION_SHOW_ON_SCREEN - null]; isTextSelectable: false
06-25 14:43:03.542  7360  7576 I Maestro : Skipping invisible child: android.view.accessibility.AccessibilityNodeInfo@1a0d4; boundsInParent: Rect(0, 0 - 320, 0); boundsInScreen: Rect(0, 0 - 320, 0); boundsInWindow: Rect(0, 0 - 320, 0); packageName: com.hanapkalinga.mobile; className: android.view.ViewGroup; text: null; error: null; maxTextLength: -1; stateDescription: null; contentDescription: null; tooltipText: null; containerTitle: null; viewIdResName: null; uniqueId: null; checkable: false; checked: false; focusable: false; focused: false; selected: false; clickable: false; longClickable: false; contextClickable: false; enabled: true; password: false; scrollable: false; importantForAccessibility: false; visible: false; actions: [AccessibilityAction: ACTION_SELECT - null, AccessibilityAction: ACTION_CLEAR_SELECTION - null, AccessibilityAction: ACTION_ACCESSIBILITY_FOCUS - null, AccessibilityAction: ACTION_SHOW_ON_SCREEN - null]; isTextSelectable: false
06-25 14:43:03.545  7360  7576 I Maestro : Skipping invisible child: android.view.accessibility.AccessibilityNodeInfo@182cc; boundsInParent: Rect(0, 0 - 1, 1); boundsInScreen: Rect(20, 348 - 21, 349); boundsInWindow: Rect(20, 348 - 21, 349); packageName: com.hanapkalinga.mobile; className: android.view.ViewGroup; text: null; error: null; maxTextLength: -1; stateDescription: null; contentDescription: null; tooltipText: null; containerTitle: null; viewIdResName: login_captcha_ready; uniqueId: null; checkable: false; checked: false; focusable: false; focused: false; selected: false; clickable: false; longClickable: false; contextClickable: false; enabled: true; password: false; scrollable: false; importantForAccessibility: true; visible: false; actions: [AccessibilityAction: ACTION_SELECT - null, AccessibilityAction: ACTION_CLEAR_SELECTION - null, AccessibilityAction: ACTION_ACCESSIBILITY_FOCUS - null, AccessibilityAction: ACTION_SHOW_ON_SCREEN - null]; isTextSelectable: false
06-25 14:43:03.778  7360  7576 D Maestro : View hierarchy received in 750 ms
06-25 14:43:04.170   342  5760 D android.hardware.audio@7.1-impl.ranchu: threadLoop: entering standby, frames: 2230400
06-25 14:43:04.536  7513  7532 D EGL_emulation: app_time_stats: avg=3.52ms min=2.31ms max=7.46ms count=62
06-25 14:43:04.641  7360  7576 W QueryController: Could not detect idle state.
06-25 14:43:04.641  7360  7576 D Maestro : Requesting view hierarchy
06-25 14:43:04.642  7360  7576 W QueryController: Could not detect idle state.
06-25 14:43:04.642  7360  7576 W QueryController: Could not detect idle state.
06-25 14:43:04.650  7360  7576 I Maestro : Skipping invisible child: android.view.accessibility.AccessibilityNodeInfo@128b4; boundsInParent: Rect(0, 0 - 320, 0); boundsInScreen: Rect(0, 0 - 320, 0); boundsInWindow: Rect(0, 0 - 320, 0); packageName: com.hanapkalinga.mobile; className: android.widget.LinearLayout; text: null; error: null; maxTextLength: -1; stateDescription: null; contentDescription: null; tooltipText: null; containerTitle: null; viewIdResName: null; uniqueId: null; checkable: false; checked: false; focusable: false; focused: false; selected: false; clickable: false; longClickable: false; contextClickable: false; enabled: true; password: false; scrollable: false; importantForAccessibility: false; visible: false; actions: [AccessibilityAction: ACTION_SELECT - null, AccessibilityAction: ACTION_CLEAR_SELECTION - null, AccessibilityAction: ACTION_ACCESSIBILITY_FOCUS - null, AccessibilityAction: ACTION_SHOW_ON_SCREEN - null]; isTextSelectable: false
06-25 14:43:04.651  7360  7576 I Maestro : Skipping invisible child: android.view.accessibility.AccessibilityNodeInfo@124f3; boundsInParent: Rect(0, 0 - 320, 0); boundsInScreen: Rect(0, 0 - 320, 0); boundsInWindow: Rect(0, 0 - 320, 0); packageName: com.hanapkalinga.mobile; className: android.view.ViewGroup; text: null; error: null; maxTextLength: -1; stateDescription: null; contentDescription: null; tooltipText: null; containerTitle: null; viewIdResName: null; uniqueId: null; checkable: false; checked: false; focusable: false; focused: false; selected: false; clickable: false; longClickable: false; contextClickable: false; enabled: true; password: false; scrollable: false; importantForAccessibility: false; visible: false; actions: [AccessibilityAction: ACTION_SELECT - null, AccessibilityAction: ACTION_CLEAR_SELECTION - null, AccessibilityAction: ACTION_ACCESSIBILITY_FOCUS - null, AccessibilityAction: ACTION_SHOW_ON_SCREEN - null]; isTextSelectable: false
06-25 14:43:04.652  7360  7576 I Maestro : Skipping invisible child: android.view.accessibility.AccessibilityNodeInfo@1a495; boundsInParent: Rect(0, 0 - 320, 0); boundsInScreen: Rect(0, 0 - 320, 0); boundsInWindow: Rect(0, 0 - 320, 0); packageName: com.hanapkalinga.mobile; className: android.widget.LinearLayout; text: null; error: null; maxTextLength: -1; stateDescription: null; contentDescription: null; tooltipText: null; containerTitle: null; viewIdResName: null; uniqueId: null; checkable: false; checked: false; focusable: false; focused: false; selected: false; clickable: false; longClickable: false; contextClickable: false; enabled: true; password: false; scrollable: false; importantForAccessibility: false; visible: false; actions: [AccessibilityAction: ACTION_SELECT - null, AccessibilityAction: ACTION_CLEAR_SELECTION - null, AccessibilityAction: ACTION_ACCESSIBILITY_FOCUS - null, AccessibilityAction: ACTION_SHOW_ON_SCREEN - null]; isTextSelectable: false
06-25 14:43:04.652  7360  7576 I Maestro : Skipping invisible child: android.view.accessibility.AccessibilityNodeInfo@1a0d4; boundsInParent: Rect(0, 0 - 320, 0); boundsInScreen: Rect(0, 0 - 320, 0); boundsInWindow: Rect(0, 0 - 320, 0); packageName: com.hanapkalinga.mobile; className: android.view.ViewGroup; text: null; error: null; maxTextLength: -1; stateDescription: null; contentDescription: null; tooltipText: null; containerTitle: null; viewIdResName: null; uniqueId: null; checkable: false; checked: false; focusable: false; focused: false; selected: false; clickable: false; longClickable: false; contextClickable: false; enabled: true; password: false; scrollable: false; importantForAccessibility: false; visible: false; actions: [AccessibilityAction: ACTION_SELECT - null, AccessibilityAction: ACTION_CLEAR_SELECTION - null, AccessibilityAction: ACTION_ACCESSIBILITY_FOCUS - null, AccessibilityAction: ACTION_SHOW_ON_SCREEN - null]; isTextSelectable: false
06-25 14:43:04.658  7360  7576 I Maestro : Skipping invisible child: android.view.accessibility.AccessibilityNodeInfo@182cc; boundsInParent: Rect(0, 0 - 1, 1); boundsInScreen: Rect(20, 348 - 21, 349); boundsInWindow: Rect(20, 348 - 21, 349); packageName: com.hanapkalinga.mobile; className: android.view.ViewGroup; text: null; error: null; maxTextLength: -1; stateDescription: null; contentDescription: null; tooltipText: null; containerTitle: null; viewIdResName: login_captcha_ready; uniqueId: null; checkable: false; checked: false; focusable: false; focused: false; selected: false; clickable: false; longClickable: false; contextClickable: false; enabled: true; password: false; scrollable: false; importantForAccessibility: true; visible: false; actions: [AccessibilityAction: ACTION_SELECT - null, AccessibilityAction: ACTION_CLEAR_SELECTION - null, AccessibilityAction: ACTION_ACCESSIBILITY_FOCUS - null, AccessibilityAction: ACTION_SHOW_ON_SCREEN - null]; isTextSelectable: false
06-25 14:43:04.691  7360  7576 D Maestro : View hierarchy received in 50 ms
06-25 14:43:04.719  7513  7538 I ReactNativeJS: [TurnstileWebView] Turnstile success, token length: 21
06-25 14:43:05.501  7360  7576 W QueryController: Could not detect idle state.
06-25 14:43:05.501  7360  7576 D Maestro : Requesting view hierarchy
06-25 14:43:05.502  7360  7576 W QueryController: Could not detect idle state.
06-25 14:43:05.502  7360  7576 W QueryController: Could not detect idle state.
06-25 14:43:05.536  7360  7576 I Maestro : Skipping invisible child: android.view.accessibility.AccessibilityNodeInfo@128b4; boundsInParent: Rect(0, 0 - 320, 0); boundsInScreen: Rect(0, 0 - 320, 0); boundsInWindow: Rect(0, 0 - 320, 0); packageName: com.hanapkalinga.mobile; className: android.widget.LinearLayout; text: null; error: null; maxTextLength: -1; stateDescription: null; contentDescription: null; tooltipText: null; containerTitle: null; viewIdResName: null; uniqueId: null; checkable: false; checked: false; focusable: false; focused: false; selected: false; clickable: false; longClickable: false; contextClickable: false; enabled: true; password: false; scrollable: false; importantForAccessibility: false; visible: false; actions: [AccessibilityAction: ACTION_SELECT - null, AccessibilityAction: ACTION_CLEAR_SELECTION - null, AccessibilityAction: ACTION_ACCESSIBILITY_FOCUS - null, AccessibilityAction: ACTION_SHOW_ON_SCREEN - null]; isTextSelectable: false
06-25 14:43:05.536  7360  7576 I Maestro : Skipping invisible child: android.view.accessibility.AccessibilityNodeInfo@124f3; boundsInParent: Rect(0, 0 - 320, 0); boundsInScreen: Rect(0, 0 - 320, 0); boundsInWindow: Rect(0, 0 - 320, 0); packageName: com.hanapkalinga.mobile; className: android.view.ViewGroup; text: null; error: null; maxTextLength: -1; stateDescription: null; contentDescription: null; tooltipText: null; containerTitle: null; viewIdResName: null; uniqueId: null; checkable: false; checked: false; focusable: false; focused: false; selected: false; clickable: false; longClickable: false; contextClickable: false; enabled: true; password: false; scrollable: false; importantForAccessibility: false; visible: false; actions: [AccessibilityAction: ACTION_SELECT - null, AccessibilityAction: ACTION_CLEAR_SELECTION - null, AccessibilityAction: ACTION_ACCESSIBILITY_FOCUS - null, AccessibilityAction: ACTION_SHOW_ON_SCREEN - null]; isTextSelectable: false
06-25 14:43:05.537  7360  7576 I Maestro : Skipping invisible child: android.view.accessibility.AccessibilityNodeInfo@1a495; boundsInParent: Rect(0, 0 - 320, 0); boundsInScreen: Rect(0, 0 - 320, 0); boundsInWindow: Rect(0, 0 - 320, 0); packageName: com.hanapkalinga.mobile; className: android.widget.LinearLayout; text: null; error: null; maxTextLength: -1; stateDescription: null; contentDescription: null; tooltipText: null; containerTitle: null; viewIdResName: null; uniqueId: null; checkable: false; checked: false; focusable: false; focused: false; selected: false; clickable: false; longClickable: false; contextClickable: false; enabled: true; password: false; scrollable: false; importantForAccessibility: false; visible: false; actions: [AccessibilityAction: ACTION_SELECT - null, AccessibilityAction: ACTION_CLEAR_SELECTION - null, AccessibilityAction: ACTION_ACCESSIBILITY_FOCUS - null, AccessibilityAction: ACTION_SHOW_ON_SCREEN - null]; isTextSelectable: false
06-25 14:43:05.538  7513  7532 D EGL_emulation: app_time_stats: avg=19.39ms min=2.38ms max=265.50ms count=32
06-25 14:43:05.539  7360  7576 I Maestro : Skipping invisible child: android.view.accessibility.AccessibilityNodeInfo@1a0d4; boundsInParent: Rect(0, 0 - 320, 0); boundsInScreen: Rect(0, 0 - 320, 0); boundsInWindow: Rect(0, 0 - 320, 0); packageName: com.hanapkalinga.mobile; className: android.view.ViewGroup; text: null; error: null; maxTextLength: -1; stateDescription: null; contentDescription: null; tooltipText: null; containerTitle: null; viewIdResName: null; uniqueId: null; checkable: false; checked: false; focusable: false; focused: false; selected: false; clickable: false; longClickable: false; contextClickable: false; enabled: true; password: false; scrollable: false; importantForAccessibility: false; visible: false; actions: [AccessibilityAction: ACTION_SELECT - null, AccessibilityAction: ACTION_CLEAR_SELECTION - null, AccessibilityAction: ACTION_ACCESSIBILITY_FOCUS - null, AccessibilityAction: ACTION_SHOW_ON_SCREEN - null]; isTextSelectable: false
06-25 14:43:05.770  7360  7576 D Maestro : View hierarchy received in 269 ms
06-25 14:43:05.840  7360  7416 W QueryController: Could not detect idle state.
06-25 14:43:05.852  7360  7416 W QueryController: Could not detect idle state.
06-25 14:43:05.862  7360  7416 W UiDevice: Skipping wait as package ${APP_ID} does not match current window com.hanapkalinga.mobile.
06-25 14:43:05.872  7360  7416 W QueryController: Could not detect idle state.
06-25 14:43:05.875  7360  7416 W QueryController: Could not detect idle state.
06-25 14:43:05.878  7360  7416 W UiDevice: Skipping wait as package ${APP_ID} does not match current window com.hanapkalinga.mobile.
06-25 14:43:05.888  7360  7416 W QueryController: Could not detect idle state.
06-25 14:43:05.889  7360  7416 W QueryController: Could not detect idle state.
06-25 14:43:05.892  7360  7416 W UiDevice: Skipping wait as package ${APP_ID} does not match current window com.hanapkalinga.mobile.
06-25 14:43:05.907  7360  7416 W QueryController: Could not detect idle state.
06-25 14:43:05.909  7360  7416 W QueryController: Could not detect idle state.
06-25 14:43:05.912  7360  7416 W UiDevice: Skipping wait as package ${APP_ID} does not match current window com.hanapkalinga.mobile.
06-25 14:43:05.920  7360  7416 W QueryController: Could not detect idle state.
06-25 14:43:05.923  7360  7416 W QueryController: Could not detect idle state.
06-25 14:43:05.930  7360  7416 W UiDevice: Skipping wait as package ${APP_ID} does not match current window com.hanapkalinga.mobile.
06-25 14:43:05.944  7360  7416 W QueryController: Could not detect idle state.
06-25 14:43:05.950  7360  7416 W QueryController: Could not detect idle state.
06-25 14:43:05.954  7360  7416 W UiDevice: Skipping wait as package ${APP_ID} does not match current window com.hanapkalinga.mobile.
06-25 14:43:05.961  7360  7416 W QueryController: Could not detect idle state.
06-25 14:43:05.964  7360  7416 W QueryController: Could not detect idle state.
06-25 14:43:05.972  7360  7416 W UiDevice: Skipping wait as package ${APP_ID} does not match current window com.hanapkalinga.mobile.
06-25 14:43:05.984  7360  7416 W QueryController: Could not detect idle state.
06-25 14:43:05.986  7360  7416 W QueryController: Could not detect idle state.
06-25 14:43:05.992  7360  7416 W UiDevice: Skipping wait as package ${APP_ID} does not match current window com.hanapkalinga.mobile.
06-25 14:43:06.000  7360  7416 W QueryController: Could not detect idle state.
06-25 14:43:06.003  7360  7416 W QueryController: Could not detect idle state.
06-25 14:43:06.007  7360  7416 W UiDevice: Skipping wait as package ${APP_ID} does not match current window com.hanapkalinga.mobile.
06-25 14:43:06.013  7360  7416 W QueryController: Could not detect idle state.
06-25 14:43:06.019  7360  7416 W QueryController: Could not detect idle state.
06-25 14:43:06.023  7360  7416 W UiDevice: Skipping wait as package ${APP_ID} does not match current window com.hanapkalinga.mobile.
06-25 14:43:06.029  7360  7416 W QueryController: Could not detect idle state.
06-25 14:43:06.030  7360  7416 W QueryController: Could not detect idle state.
06-25 14:43:06.033  7360  7416 W UiDevice: Skipping wait as package ${APP_ID} does not match current window com.hanapkalinga.mobile.
06-25 14:43:06.038  7360  7416 W QueryController: Could not detect idle state.
06-25 14:43:06.039  7360  7416 W QueryController: Could not detect idle state.
06-25 14:43:06.041  7360  7416 W UiDevice: Skipping wait as package ${APP_ID} does not match current window com.hanapkalinga.mobile.
06-25 14:43:06.046  7360  7416 W QueryController: Could not detect idle state.
06-25 14:43:06.047  7360  7416 W QueryController: Could not detect idle state.
06-25 14:43:06.053  7360  7416 W UiDevice: Skipping wait as package ${APP_ID} does not match current window com.hanapkalinga.mobile.
06-25 14:43:06.059  7360  7416 W QueryController: Could not detect idle state.
06-25 14:43:06.060  7360  7416 W QueryController: Could not detect idle state.
06-25 14:43:06.062  7360  7416 W UiDevice: Skipping wait as package ${APP_ID} does not match current window com.hanapkalinga.mobile.
06-25 14:43:06.067  7360  7416 W QueryController: Could not detect idle state.
06-25 14:43:06.070  7360  7416 W QueryController: Could not detect idle state.
06-25 14:43:06.073  7360  7416 W UiDevice: Skipping wait as package ${APP_ID} does not match current window com.hanapkalinga.mobile.
06-25 14:43:06.079  7360  7416 W QueryController: Could not detect idle state.
06-25 14:43:06.082  7360  7416 W QueryController: Could not detect idle state.
06-25 14:43:06.086  7360  7416 W UiDevice: Skipping wait as package ${APP_ID} does not match current window com.hanapkalinga.mobile.
06-25 14:43:06.091  7360  7416 W QueryController: Could not detect idle state.
06-25 14:43:06.095  7360  7416 W QueryController: Could not detect idle state.
06-25 14:43:06.098  7360  7416 W UiDevice: Skipping wait as package ${APP_ID} does not match current window com.hanapkalinga.mobile.
06-25 14:43:06.103  7360  7416 W QueryController: Could not detect idle state.
06-25 14:43:06.107  7360  7416 W QueryController: Could not detect idle state.
06-25 14:43:06.110  7360  7416 W UiDevice: Skipping wait as package ${APP_ID} does not match current window com.hanapkalinga.mobile.
06-25 14:43:06.116  7360  7416 W QueryController: Could not detect idle state.
06-25 14:43:06.119  7360  7416 W QueryController: Could not detect idle state.
06-25 14:43:06.123  7360  7416 W UiDevice: Skipping wait as package ${APP_ID} does not match current window com.hanapkalinga.mobile.
06-25 14:43:06.129  7360  7416 W QueryController: Could not detect idle state.
06-25 14:43:06.133  7360  7416 W QueryController: Could not detect idle state.
06-25 14:43:06.138  7360  7416 W UiDevice: Skipping wait as package ${APP_ID} does not match current window com.hanapkalinga.mobile.
06-25 14:43:06.145  7360  7416 W QueryController: Could not detect idle state.
06-25 14:43:06.149  7360  7416 W QueryController: Could not detect idle state.
06-25 14:43:06.152  7360  7416 W UiDevice: Skipping wait as package ${APP_ID} does not match current window com.hanapkalinga.mobile.
06-25 14:43:06.158  7360  7416 W QueryController: Could not detect idle state.
06-25 14:43:06.161  7360  7416 W QueryController: Could not detect idle state.
06-25 14:43:06.165  7360  7416 W UiDevice: Skipping wait as package ${APP_ID} does not match current window com.hanapkalinga.mobile.
06-25 14:43:06.211  7360  7416 W QueryController: Could not detect idle state.
06-25 14:43:06.212  7360  7416 W QueryController: Could not detect idle state.
06-25 14:43:06.214  7360  7416 W UiDevice: Skipping wait as package ${APP_ID} does not match current window com.hanapkalinga.mobile.
06-25 14:43:06.219  7360  7416 W QueryController: Could not detect idle state.
06-25 14:43:06.223  7360  7416 W QueryController: Could not detect idle state.
06-25 14:43:06.227  7360  7416 W UiDevice: Skipping wait as package ${APP_ID} does not match current window com.hanapkalinga.mobile.
06-25 14:43:06.233  7360  7416 W QueryController: Could not detect idle state.
06-25 14:43:06.236  7360  7416 W QueryController: Could not detect idle state.
06-25 14:43:06.242  7360  7416 W UiDevice: Skipping wait as package ${APP_ID} does not match current window com.hanapkalinga.mobile.
06-25 14:43:06.249  7360  7416 W QueryController: Could not detect idle state.
06-25 14:43:06.252  7360  7416 W QueryController: Could not detect idle state.
06-25 14:43:06.256  7360  7416 W UiDevice: Skipping wait as package ${APP_ID} does not match current window com.hanapkalinga.mobile.
06-25 14:43:06.263  7360  7416 W QueryController: Could not detect idle state.
06-25 14:43:06.267  7360  7416 W QueryController: Could not detect idle state.
06-25 14:43:06.271  7360  7416 W UiDevice: Skipping wait as package ${APP_ID} does not match current window com.hanapkalinga.mobile.
06-25 14:43:06.278  7360  7416 W QueryController: Could not detect idle state.
06-25 14:43:06.280  7360  7416 W QueryController: Could not detect idle state.
06-25 14:43:06.282  7360  7416 W UiDevice: Skipping wait as package ${APP_ID} does not match current window com.hanapkalinga.mobile.
06-25 14:43:06.287  7360  7416 W QueryController: Could not detect idle state.
06-25 14:43:06.288  7360  7416 W QueryController: Could not detect idle state.
06-25 14:43:06.290  7360  7416 W UiDevice: Skipping wait as package ${APP_ID} does not match current window com.hanapkalinga.mobile.
06-25 14:43:06.294  7360  7416 W QueryController: Could not detect idle state.
06-25 14:43:06.295  7360  7416 W QueryController: Could not detect idle state.
06-25 14:43:06.297  7360  7416 W UiDevice: Skipping wait as package ${APP_ID} does not match current window com.hanapkalinga.mobile.
06-25 14:43:06.301  7360  7416 W QueryController: Could not detect idle state.
06-25 14:43:06.303  7360  7416 W QueryController: Could not detect idle state.
06-25 14:43:06.305  7360  7416 W UiDevice: Skipping wait as package ${APP_ID} does not match current window com.hanapkalinga.mobile.
06-25 14:43:06.310  7360  7416 W QueryController: Could not detect idle state.
06-25 14:43:06.310  7360  7416 W QueryController: Could not detect idle state.
06-25 14:43:06.312  7360  7416 W UiDevice: Skipping wait as package ${APP_ID} does not match current window com.hanapkalinga.mobile.
06-25 14:43:06.358  7360  7416 W QueryController: Could not detect idle state.
06-25 14:43:06.359  7360  7416 W QueryController: Could not detect idle state.
06-25 14:43:06.362  7360  7416 W UiDevice: Skipping wait as package ${APP_ID} does not match current window com.hanapkalinga.mobile.
06-25 14:43:06.367  7360  7416 W QueryController: Could not detect idle state.
06-25 14:43:06.371  7360  7416 W QueryController: Could not detect idle state.
06-25 14:43:06.376  7360  7416 W UiDevice: Skipping wait as package ${APP_ID} does not match current window com.hanapkalinga.mobile.
06-25 14:43:06.386  7360  7416 W QueryController: Could not detect idle state.
06-25 14:43:06.388  7360  7416 W QueryController: Could not detect idle state.
06-25 14:43:06.390  7360  7416 W UiDevice: Skipping wait as package ${APP_ID} does not match current window com.hanapkalinga.mobile.
06-25 14:43:06.435  7360  7416 W QueryController: Could not detect idle state.
06-25 14:43:06.439  7360  7416 W QueryController: Could not detect idle state.
06-25 14:43:06.442  7360  7416 W UiDevice: Skipping wait as package ${APP_ID} does not match current window com.hanapkalinga.mobile.
06-25 14:43:06.448  7360  7416 W QueryController: Could not detect idle state.
06-25 14:43:06.451  7360  7416 W QueryController: Could not detect idle state.
06-25 14:43:06.455  7360  7416 W UiDevice: Skipping wait as package ${APP_ID} does not match current window com.hanapkalinga.mobile.
06-25 14:43:06.460  7360  7416 W QueryController: Could not detect idle state.
06-25 14:43:06.463  7360  7416 W QueryController: Could not detect idle state.
06-25 14:43:06.467  7360  7416 W UiDevice: Skipping wait as package ${APP_ID} does not match current window com.hanapkalinga.mobile.
06-25 14:43:06.472  7360  7416 W QueryController: Could not detect idle state.
06-25 14:43:06.475  7360  7416 W QueryController: Could not detect idle state.
06-25 14:43:06.479  7360  7416 W UiDevice: Skipping wait as package ${APP_ID} does not match current window com.hanapkalinga.mobile.
06-25 14:43:06.485  7360  7416 W QueryController: Could not detect idle state.
06-25 14:43:06.488  7360  7416 W QueryController: Could not detect idle state.
06-25 14:43:06.492  7360  7416 W UiDevice: Skipping wait as package ${APP_ID} does not match current window com.hanapkalinga.mobile.
06-25 14:43:06.539  7360  7416 W QueryController: Could not detect idle state.
06-25 14:43:06.542  7360  7416 W QueryController: Could not detect idle state.
06-25 14:43:06.546  7360  7416 W UiDevice: Skipping wait as package ${APP_ID} does not match current window com.hanapkalinga.mobile.
06-25 14:43:06.551  7360  7416 W QueryController: Could not detect idle state.
06-25 14:43:06.554  7360  7416 W QueryController: Could not detect idle state.
06-25 14:43:06.561  7360  7416 W UiDevice: Skipping wait as package ${APP_ID} does not match current window com.hanapkalinga.mobile.
06-25 14:43:06.566  7360  7416 W QueryController: Could not detect idle state.
06-25 14:43:06.570  7360  7416 W QueryController: Could not detect idle state.
06-25 14:43:06.573  7360  7416 W UiDevice: Skipping wait as package ${APP_ID} does not match current window com.hanapkalinga.mobile.
06-25 14:43:06.581  7360  7416 W QueryController: Could not detect idle state.
06-25 14:43:06.584  7360  7416 W QueryController: Could not detect idle state.
06-25 14:43:06.588  7360  7416 W UiDevice: Skipping wait as package ${APP_ID} does not match current window com.hanapkalinga.mobile.
06-25 14:43:06.597  7360  7416 D Maestro : Requesting view hierarchy
06-25 14:43:06.598  7360  7416 W QueryController: Could not detect idle state.
06-25 14:43:06.598  7360  7416 W QueryController: Could not detect idle state.
06-25 14:43:06.606  7360  7416 I Maestro : Skipping invisible child: android.view.accessibility.AccessibilityNodeInfo@128b4; boundsInParent: Rect(0, 0 - 320, 0); boundsInScreen: Rect(0, 0 - 320, 0); boundsInWindow: Rect(0, 0 - 320, 0); packageName: com.hanapkalinga.mobile; className: android.widget.LinearLayout; text: null; error: null; maxTextLength: -1; stateDescription: null; contentDescription: null; tooltipText: null; containerTitle: null; viewIdResName: null; uniqueId: null; checkable: false; checked: false; focusable: false; focused: false; selected: false; clickable: false; longClickable: false; contextClickable: false; enabled: true; password: false; scrollable: false; importantForAccessibility: false; visible: false; actions: [AccessibilityAction: ACTION_SELECT - null, AccessibilityAction: ACTION_CLEAR_SELECTION - null, AccessibilityAction: ACTION_ACCESSIBILITY_FOCUS - null, AccessibilityAction: ACTION_SHOW_ON_SCREEN - null]; isTextSelectable: false
06-25 14:43:06.606  7360  7416 I Maestro : Skipping invisible child: android.view.accessibility.AccessibilityNodeInfo@124f3; boundsInParent: Rect(0, 0 - 320, 0); boundsInScreen: Rect(0, 0 - 320, 0); boundsInWindow: Rect(0, 0 - 320, 0); packageName: com.hanapkalinga.mobile; className: android.view.ViewGroup; text: null; error: null; maxTextLength: -1; stateDescription: null; contentDescription: null; tooltipText: null; containerTitle: null; viewIdResName: null; uniqueId: null; checkable: false; checked: false; focusable: false; focused: false; selected: false; clickable: false; longClickable: false; contextClickable: false; enabled: true; password: false; scrollable: false; importantForAccessibility: false; visible: false; actions: [AccessibilityAction: ACTION_SELECT - null, AccessibilityAction: ACTION_CLEAR_SELECTION - null, AccessibilityAction: ACTION_ACCESSIBILITY_FOCUS - null, AccessibilityAction: ACTION_SHOW_ON_SCREEN - null]; isTextSelectable: false
06-25 14:43:06.607  7360  7416 I Maestro : Skipping invisible child: android.view.accessibility.AccessibilityNodeInfo@1a495; boundsInParent: Rect(0, 0 - 320, 0); boundsInScreen: Rect(0, 0 - 320, 0); boundsInWindow: Rect(0, 0 - 320, 0); packageName: com.hanapkalinga.mobile; className: android.widget.LinearLayout; text: null; error: null; maxTextLength: -1; stateDescription: null; contentDescription: null; tooltipText: null; containerTitle: null; viewIdResName: null; uniqueId: null; checkable: false; checked: false; focusable: false; focused: false; selected: false; clickable: false; longClickable: false; contextClickable: false; enabled: true; password: false; scrollable: false; importantForAccessibility: false; visible: false; actions: [AccessibilityAction: ACTION_SELECT - null, AccessibilityAction: ACTION_CLEAR_SELECTION - null, AccessibilityAction: ACTION_ACCESSIBILITY_FOCUS - null, AccessibilityAction: ACTION_SHOW_ON_SCREEN - null]; isTextSelectable: false
06-25 14:43:06.608  7360  7416 I Maestro : Skipping invisible child: android.view.accessibility.AccessibilityNodeInfo@1a0d4; boundsInParent: Rect(0, 0 - 320, 0); boundsInScreen: Rect(0, 0 - 320, 0); boundsInWindow: Rect(0, 0 - 320, 0); packageName: com.hanapkalinga.mobile; className: android.view.ViewGroup; text: null; error: null; maxTextLength: -1; stateDescription: null; contentDescription: null; tooltipText: null; containerTitle: null; viewIdResName: null; uniqueId: null; checkable: false; checked: false; focusable: false; focused: false; selected: false; clickable: false; longClickable: false; contextClickable: false; enabled: true; password: false; scrollable: false; importantForAccessibility: false; visible: false; actions: [AccessibilityAction: ACTION_SELECT - null, AccessibilityAction: ACTION_CLEAR_SELECTION - null, AccessibilityAction: ACTION_ACCESSIBILITY_FOCUS - null, AccessibilityAction: ACTION_SHOW_ON_SCREEN - null]; isTextSelectable: false
06-25 14:43:06.629  7360  7416 D Maestro : View hierarchy received in 32 ms
06-25 14:43:06.681   336   370 I netd    : setProcSysNet(4, 2, wlan0, retrans_time_ms, 750) <0.08ms>
06-25 14:43:06.681   336   370 I netd    : setProcSysNet(4, 2, wlan0, ucast_solicit, 10) <0.02ms>
06-25 14:43:06.681   336   370 I netd    : setProcSysNet(6, 2, wlan0, retrans_time_ms, 750) <0.04ms>
06-25 14:43:06.681   336   370 I netd    : setProcSysNet(6, 2, wlan0, ucast_solicit, 10) <0.05ms>
06-25 14:43:06.732  1094  1094 D TaplEvents: TIS / TouchInteractionService.onInputEvent: MotionEvent { action=ACTION_DOWN, actionButton=0, id[0]=0, x[0]=160.0, y[0]=223.0, toolType[0]=TOOL_TYPE_FINGER, buttonState=0, classification=NONE, metaState=0, flags=0x0, edgeFlags=0x0, pointerCount=1, historySize=0, eventTime=330000, downTime=330000, deviceId=-1, source=0x1002, displayId=0, eventId=-539348258 }
06-25 14:43:06.834  1094  1094 D TaplEvents: TIS / TouchInteractionService.onInputEvent: MotionEvent { action=ACTION_UP, actionButton=0, id[0]=0, x[0]=160.0, y[0]=223.0, toolType[0]=TOOL_TYPE_FINGER, buttonState=0, classification=NONE, metaState=0, flags=0x0, edgeFlags=0x0, pointerCount=1, historySize=0, eventTime=330117, downTime=330000, deviceId=-1, source=0x1002, displayId=0, eventId=-1004633086 }
06-25 14:43:06.836   519   597 W FillRequestEventLogger: Couldn't find packageName: com.google.android.inputmethod.latin
06-25 14:43:06.836   336   370 I netd    : tetherGetStats() -> {[]} <0.35ms>
06-25 14:43:06.837   519   519 D AutofillInlineSuggestionsRequestSession: onCreateInlineSuggestionsRequestLocked called: 1073741824@667429312
06-25 14:43:06.838   519   597 D CompatibilityChangeReporter: Compat change id reported: 214016041; UID 10192; state: ENABLED
06-25 14:43:06.838  1515  1515 I GoogleInputMethodService: GoogleInputMethodService.onFinishInput():3227 
06-25 14:43:06.838  1515  1515 I GoogleInputMethodService: GoogleInputMethodService.updateDeviceLockedStatus():2087 repeatCheckTimes = 0, unlocked = true
06-25 14:43:06.839  1515  1515 I GoogleInputMethodService: GoogleInputMethodService.onStartInput():1877 onStartInput(EditorInfo{inputType=0x21(EmailAddress) imeOptions=0x8000006 privateImeOptions=null actionName=DONE actionLabel=null actionId=0 initialSelStart=0 initialSelEnd=0 initialCapsMode=0x0 hintText=non-empty label=null packageName=com.hanapkalinga.mobile fieldId=128 fieldName=null extras=Bundle[mParcelledData.dataSize=240]}, false)
06-25 14:43:06.839   336   370 I netd    : bandwidthSetGlobalAlert(2097152) <0.09ms>
06-25 14:43:06.839  1515  1515 I GoogleInputMethodService: GoogleInputMethodService.shouldHideHeaderOnInitialState():4008 ShouldHideHeaderOnInitialState = false
06-25 14:43:06.839  1515  1515 I GoogleInputMethodService: GoogleInputMethodService.updateDeviceLockedStatus():2087 repeatCheckTimes = 2, unlocked = true
06-25 14:43:06.840  7513  7513 I ImeTracker: com.hanapkalinga.mobile:9d0bd59b: onRequestShow at ORIGIN_CLIENT_SHOW_SOFT_INPUT reason SHOW_SOFT_INPUT
06-25 14:43:06.840  7513  7513 D InputMethodManager: showSoftInput() view=com.facebook.react.views.textinput.ReactEditText{cf8710f VFED..CL. .F.P..ID 33,178-287,220 #80 aid=1073741824} flags=0 reason=SHOW_SOFT_INPUT
06-25 14:43:06.840   519  2326 D AutofillInlineSuggestionsRequestSession: onInlineSuggestionsSessionInvalidated() called.
06-25 14:43:06.840   519   597 D OomAdjuster: Not killing cached processes
06-25 14:43:06.841  1515  1515 I DeviceModeUtil: DeviceModeUtil.getDeviceMode():122 Get device mode phone by ui mode:1 and smallestScreenWidthDp:320
06-25 14:43:06.841   519  2326 D AutofillInlineSuggestionsRequestSession: onInlineSuggestionsRequest() received: InlineSuggestionsRequest { maxSuggestionCount = 9, inlinePresentationSpecs = [InlinePresentationSpec { minSize = 42x38, maxSize = 240x38, style = Bundle[mParcelledData.dataSize=2816] }, InlinePresentationSpec { minSize = 42x38, maxSize = 240x38, style = Bundle[mParcelledData.dataSize=2816] }, InlinePresentationSpec { minSize = 42x38, maxSize = 240x38, style = Bundle[mParcelledData.dataSize=2816] }, InlinePresentationSpec { minSize = 42x38, maxSize = 240x38, style = Bundle[mParcelledData.dataSize=2816] }, InlinePresentationSpec { minSize = 42x38, maxSize = 240x38, style = Bundle[mParcelledData.dataSize=2816] }, InlinePresentationSpec { minSize = 42x38, maxSize = 240x38, style = Bundle[mParcelledData.dataSize=2816] }, InlinePresentationSpec { minSize = 42x38, maxSize = 240x38, style = Bundle[mParcelledData.dataSize=2816] }, InlinePresentationSpec { minSize = 42x38, maxSize = 240x38, style = Bundle[mParcelledData.dataSize=2816] }, InlinePresentationSpec { minSize = 42x38, maxSize = 240x38, style = Bundle[mParcelledData.dataSize=2816] }], hostPackageName = com.google.android.inputmethod.latin, supportedLocales = [en_US], extras = Bundle[EMPTY_PARCEL], hostInputToken = android.os.BinderProxy@2a9156f, hostDisplayId = 0, inlineTooltipPresentationSpec = null }
06-25 14:43:06.841  1515  1515 I GoogleInputMethodService: GoogleInputMethodService.onStartInputView():1995 onStartInputView(EditorInfo{inputType=0x21(EmailAddress) imeOptions=0x8000006 privateImeOptions=null actionName=DONE actionLabel=null actionId=0 initialSelStart=0 initialSelEnd=0 initialCapsMode=0x0 hintText=non-empty label=null packageName=com.hanapkalinga.mobile fieldId=128 fieldName=null extras=Bundle[{android.support.text.emoji.emojiCompat_metadataVersion=9, android.support.text.emoji.emojiCompat_replaceAll=false}]}, false)
06-25 14:43:06.842  1515  1585 I DeviceModeUtil: DeviceModeUtil.getDeviceMode():122 Get device mode phone by ui mode:1 and smallestScreenWidthDp:320
06-25 14:43:06.842  1515  1515 I GoogleInputMethodService: GoogleInputMethodService.updateDeviceLockedStatus():2087 repeatCheckTimes = 2, unlocked = true
06-25 14:43:06.842  1515  1515 W ModuleManager: ModuleManager.loadModule():450 Module erj is not available
06-25 14:43:06.843  1515  1515 I KeyboardViewUtil: KeyboardViewUtil.getKeyboardHeightRatio():189 systemKeyboardHeightRatio:1.000000; userKeyboardHeightRatio:1.000000.
06-25 14:43:06.843  1515  1515 I AndroidIME: AbstractIme.onActivate():86 LatinIme.onActivate() : EditorInfo = inputType=0x21(EmailAddress) imeOptions=0x8000006 privateImeOptions=null actionName=DONE actionLabel=null actionId=0 initialSelStart=0 initialSelEnd=0 initialCapsMode=0x0 hintText=non-empty label=null packageName=com.hanapkalinga.mobile fieldId=128 fieldName=null extras=Bundle[{android.support.text.emoji.emojiCompat_metadataVersion=9, android.support.text.emoji.emojiCompat_replaceAll=false}], IncognitoMode = false, DeviceLocked = false
06-25 14:43:06.843  1515  1515 I Delight5Facilitator: Delight5Facilitator.initializeForIme():777 initializeForIme() : Locale = [en_US], layout = qwerty
06-25 14:43:06.844  1515  1515 I VoiceInputManagerWrapper: VoiceInputManagerWrapper.cancelShutdown():55 cancelShutdown()
06-25 14:43:06.844  1515  1515 I VoiceInputManagerWrapper: VoiceInputManagerWrapper.syncLanguagePacks():67 syncLanguagePacks()
06-25 14:43:06.845  1515  5915 I SpeechFactory: SpeechRecognitionFactory.maybeScheduleAutoPackDownloadForFallback():205 maybeScheduleAutoPackDownloadForFallback()
06-25 14:43:06.845  1515  1515 I LatinIme: LatinIme.updateEnableInlineSuggestionsOnDecoderSideFlags():1003 inline flag updated to:false
06-25 14:43:06.845  1515  5915 I FallbackOnDeviceRecognitionProvider: FallbackOnDeviceRecognitionProvider.maybeScheduleAutoPackDownload():195 maybeScheduleAutoPackDownload() for language tag en-US
06-25 14:43:06.847  1515  1515 I KeyboardWrapper: KeyboardWrapper.consumeEvent():275 Skip consuming an event as current keyboard is deactivated (state=0, keyboard existence=true)
06-25 14:43:06.852   397   413 D audioserver: FGS Logger Transaction failed
06-25 14:43:06.852   397   413 D audioserver: -129
06-25 14:43:06.856  7513  7532 D EGL_emulation: app_time_stats: avg=58.70ms min=3.73ms max=856.47ms count=18
06-25 14:43:06.859  7513  7513 I AssistStructure: Flattened final assist data: 2592 bytes, containing 1 windows, 14 views
06-25 14:43:06.859   519  2126 D AutofillSession: createPendingIntent for request 12
06-25 14:43:06.859   519  2126 D ContentCapturePerUserService: Notified activity assist data for activity: Token{944b99 ActivityRecord{a71bae3 u0 com.hanapkalinga.mobile/.MainActivity t13}} without a session Id
06-25 14:43:06.862  1515  1515 I KeyboardViewHelper: KeyboardViewHelper.getView():170 Get view with height ratio:1.000000
06-25 14:43:06.863  5130  5130 W AutofillChimeraService: Pending fill request while another request in the same session was triggered. [CONTEXT service_id=177 ]
06-25 14:43:06.867  7513  7513 I ImeTracker: com.hanapkalinga.mobile:f2a664d3: onRequestShow at ORIGIN_CLIENT_SHOW_SOFT_INPUT reason SHOW_SOFT_INPUT
06-25 14:43:06.867  7513  7513 D InputMethodManager: showSoftInput() view=com.facebook.react.views.textinput.ReactEditText{cf8710f VFED..CL. .F...... 33,178-287,220 #80 aid=1073741824} flags=0 reason=SHOW_SOFT_INPUT
06-25 14:43:06.871  1515  1515 I KeyboardViewUtil: KeyboardViewUtil.calculateMaxKeyboardBodyHeight():40 leave 110 height for app when screen height:640, header height:38 and isFullscreenMode:false, so the max keyboard body height is:492
06-25 14:43:06.872  1515  1515 I DeviceModeUtil: DeviceModeUtil.getDeviceMode():122 Get device mode phone by ui mode:1 and smallestScreenWidthDp:320
06-25 14:43:06.872  1515  1515 I GoogleInputMethodService: GoogleInputMethodService.setKeyboardViewShown():3483 setKeyboardViewShown() : type = HEADER, shownType = SHOW_OPTIONAL
06-25 14:43:06.872  1515  1515 I GoogleInputMethodService: GoogleInputMethodService.setKeyboardViewShown():3530 setKeyboardViewShown() : shouldShow = true
06-25 14:43:06.872  1515  1515 I GoogleInputMethodService: GoogleInputMethodService.setKeyboardViewShown():3483 setKeyboardViewShown() : type = BODY, shownType = SHOW_MANDATORY
06-25 14:43:06.872  1515  1515 I GoogleInputMethodService: GoogleInputMethodService.setKeyboardViewShown():3530 setKeyboardViewShown() : shouldShow = true
06-25 14:43:06.872  1515  1515 I GoogleInputMethodService: GoogleInputMethodService.setKeyboardViewShown():3483 setKeyboardViewShown() : type = FLOATING_CANDIDATES, shownType = HIDE
06-25 14:43:06.872  1515  1515 I GoogleInputMethodService: GoogleInputMethodService.setKeyboardViewShown():3530 setKeyboardViewShown() : shouldShow = false
06-25 14:43:06.873  1515  1515 I KeyboardViewUtil: KeyboardViewUtil.calculateMaxKeyboardBodyHeight():40 leave 110 height for app when screen height:640, header height:38 and isFullscreenMode:false, so the max keyboard body height is:492
06-25 14:43:06.873  1515  1515 I DeviceModeUtil: DeviceModeUtil.getDeviceMode():122 Get device mode phone by ui mode:1 and smallestScreenWidthDp:320
06-25 14:43:06.874  1515  1515 I DeviceModeUtil: DeviceModeUtil.getDeviceMode():122 Get device mode phone by ui mode:1 and smallestScreenWidthDp:320
06-25 14:43:06.874  1515  1515 I DeviceModeUtil: DeviceModeUtil.getDeviceMode():122 Get device mode phone by ui mode:1 and smallestScreenWidthDp:320
06-25 14:43:06.874  1515  1515 I KeyboardModeManager: KeyboardModeManager.setInputView():364 setInputView() : supportsOneHandedMode=true
06-25 14:43:06.874  1515  1515 I NormalModeController: NormalModeController.getKeyboardBodyViewHolderPaddingBottom():116 currentPrimeKeyboardType:SOFT systemPaddingBottom:-1
06-25 14:43:06.874  1515  1515 I NormalModeController: NormalModeController.getKeyboardBodyViewHolderPaddingBottom():116 currentPrimeKeyboardType:SOFT systemPaddingBottom:-1
06-25 14:43:06.874  1515  1515 I KeyboardModeManager: KeyboardModeManager.setInputView():356 setInputView() : entry=hwn{languageTag=en-US, variant=qwerty, hasLocalizedResources=true, conditionCacheKey=_device=phone_device_size=default_enable_adaptive_text_editing=true_enable_inline_suggestions_on_client_side=false_enable_large_tablet_batch_1=false_enable_large_tablet_batch_2=false_enable_more_candidates_view_for_multilingual=false_enable_nav_redesign=false_enable_number_row=false_enable_preemptive_decode=true_enable_secondary_symbols=false_expressions=normal_four_or_more_letter_rows=false_keyboard_mode=normal_language=en-US_orientation=portrait_physical_keyboard=qwerty_show_secondary_digits=true_show_suggestions=true_split_with_duplicate_keys=true_variant=qwerty, imeDef.stringId=ime_english_united_states, imeDef.className=com.google.android.apps.inputmethod.libs.latin5.LatinIme, imeDef.languageTag=en-US}
06-25 14:43:06.876  1515  1515 I CurrentMicStatusHolder: CurrentMicStatusHolder.onStartInputView():79 Current Mic status = {MicIconHidden-EmailInputType,}
06-25 14:43:06.876  1515  1515 I VoiceImeExtension: VoiceImeExtension.shouldStartVoiceInputAutomatically():383 No private IME option set to start voice input.
