--------- beginning of main
06-25 14:43:01.426  7513  7538 I ReactNativeJS: [TurnstileWebView] WebView HTML loaded, hostname: example.com
06-25 14:43:01.426  7513  7538 I ReactNativeJS: [TurnstileWebView] Turnstile script tag appended to DOM
06-25 14:43:02.413  7513  7538 I ReactNativeJS: [TurnstileWebView] Turnstile script loaded successfully
06-25 14:43:02.414  7513  7538 I ReactNativeJS: [TurnstileWebView] turnstile global available, rendering widget
06-25 14:43:02.420  7513  7538 I ReactNativeJS: [TurnstileWebView] turnstile.render() called
06-25 14:43:04.719  7513  7538 I ReactNativeJS: [TurnstileWebView] Turnstile success, token length: 21
--------- beginning of main
06-25 14:42:59.034  7360  7576 I Maestro : Skipping invisible child: android.view.accessibility.AccessibilityNodeInfo@1032a; boundsInParent: Rect(0, 0 - 320, 0); boundsInScreen: Rect(0, 0 - 320, 0); boundsInWindow: Rect(0, 0 - 320, 0); packageName: com.hanapkalinga.mobile; className: android.view.ViewGroup; text: null; error: null; maxTextLength: -1; stateDescription: null; contentDescription: null; tooltipText: null; containerTitle: null; viewIdResName: null; uniqueId: null; checkable: false; checked: false; focusable: false; focused: false; selected: false; clickable: false; longClickable: false; contextClickable: false; enabled: true; password: false; scrollable: false; importantForAccessibility: false; visible: false; actions: [AccessibilityAction: ACTION_SELECT - null, AccessibilityAction: ACTION_CLEAR_SELECTION - null, AccessibilityAction: ACTION_ACCESSIBILITY_FOCUS - null, AccessibilityAction: ACTION_SHOW_ON_SCREEN - null]; isTextSelectable: false
06-25 14:42:59.045  7360  7576 D Maestro : View hierarchy received in 18 ms
06-25 14:42:59.137  7360  7576 D Maestro : Requesting view hierarchy
06-25 14:42:59.138  7360  7576 W QueryController: Could not detect idle state.
06-25 14:42:59.138  7360  7576 W QueryController: Could not detect idle state.
06-25 14:42:59.146  7360  7576 I Maestro : Skipping invisible child: android.view.accessibility.AccessibilityNodeInfo@106eb; boundsInParent: Rect(0, 0 - 320, 0); boundsInScreen: Rect(0, 0 - 320, 0); boundsInWindow: Rect(0, 0 - 320, 0); packageName: com.hanapkalinga.mobile; className: android.widget.LinearLayout; text: null; error: null; maxTextLength: -1; stateDescription: null; contentDescription: null; tooltipText: null; containerTitle: null; viewIdResName: null; uniqueId: null; checkable: false; checked: false; focusable: false; focused: false; selected: false; clickable: false; longClickable: false; contextClickable: false; enabled: true; password: false; scrollable: false; importantForAccessibility: false; visible: false; actions: [AccessibilityAction: ACTION_SELECT - null, AccessibilityAction: ACTION_CLEAR_SELECTION - null, AccessibilityAction: ACTION_ACCESSIBILITY_FOCUS - null, AccessibilityAction: ACTION_SHOW_ON_SCREEN - null]; isTextSelectable: false
06-25 14:42:59.146  7360  7576 I Maestro : Skipping invisible child: android.view.accessibility.AccessibilityNodeInfo@1032a; boundsInParent: Rect(0, 0 - 320, 0); boundsInScreen: Rect(0, 0 - 320, 0); boundsInWindow: Rect(0, 0 - 320, 0); packageName: com.hanapkalinga.mobile; className: android.view.ViewGroup; text: null; error: null; maxTextLength: -1; stateDescription: null; contentDescription: null; tooltipText: null; containerTitle: null; viewIdResName: null; uniqueId: null; checkable: false; checked: false; focusable: false; focused: false; selected: false; clickable: false; longClickable: false; contextClickable: false; enabled: true; password: false; scrollable: false; importantForAccessibility: false; visible: false; actions: [AccessibilityAction: ACTION_SELECT - null, AccessibilityAction: ACTION_CLEAR_SELECTION - null, AccessibilityAction: ACTION_ACCESSIBILITY_FOCUS - null, AccessibilityAction: ACTION_SHOW_ON_SCREEN - null]; isTextSelectable: false
06-25 14:42:59.157  7360  7576 D Maestro : View hierarchy received in 20 ms
06-25 14:42:59.257  7360  7576 D Maestro : Requesting view hierarchy
06-25 14:42:59.257  7360  7576 W QueryController: Could not detect idle state.
06-25 14:42:59.257  7360  7576 W QueryController: Could not detect idle state.
06-25 14:42:59.263  7360  7576 I Maestro : Skipping invisible child: android.view.accessibility.AccessibilityNodeInfo@106eb; boundsInParent: Rect(0, 0 - 320, 0); boundsInScreen: Rect(0, 0 - 320, 0); boundsInWindow: Rect(0, 0 - 320, 0); packageName: com.hanapkalinga.mobile; className: android.widget.LinearLayout; text: null; error: null; maxTextLength: -1; stateDescription: null; contentDescription: null; tooltipText: null; containerTitle: null; viewIdResName: null; uniqueId: null; checkable: false; checked: false; focusable: false; focused: false; selected: false; clickable: false; longClickable: false; contextClickable: false; enabled: true; password: false; scrollable: false; importantForAccessibility: false; visible: false; actions: [AccessibilityAction: ACTION_SELECT - null, AccessibilityAction: ACTION_CLEAR_SELECTION - null, AccessibilityAction: ACTION_ACCESSIBILITY_FOCUS - null, AccessibilityAction: ACTION_SHOW_ON_SCREEN - null]; isTextSelectable: false
06-25 14:42:59.264  7360  7576 I Maestro : Skipping invisible child: android.view.accessibility.AccessibilityNodeInfo@1032a; boundsInParent: Rect(0, 0 - 320, 0); boundsInScreen: Rect(0, 0 - 320, 0); boundsInWindow: Rect(0, 0 - 320, 0); packageName: com.hanapkalinga.mobile; className: android.view.ViewGroup; text: null; error: null; maxTextLength: -1; stateDescription: null; contentDescription: null; tooltipText: null; containerTitle: null; viewIdResName: null; uniqueId: null; checkable: false; checked: false; focusable: false; focused: false; selected: false; clickable: false; longClickable: false; contextClickable: false; enabled: true; password: false; scrollable: false; importantForAccessibility: false; visible: false; actions: [AccessibilityAction: ACTION_SELECT - null, AccessibilityAction: ACTION_CLEAR_SELECTION - null, AccessibilityAction: ACTION_ACCESSIBILITY_FOCUS - null, AccessibilityAction: ACTION_SHOW_ON_SCREEN - null]; isTextSelectable: false
06-25 14:42:59.276  7360  7576 D Maestro : View hierarchy received in 19 ms
06-25 14:42:59.369  7360  7576 D Maestro : Requesting view hierarchy
06-25 14:42:59.370  7360  7576 W QueryController: Could not detect idle state.
06-25 14:42:59.370  7360  7576 W QueryController: Could not detect idle state.
06-25 14:42:59.375  7360  7576 I Maestro : Skipping invisible child: android.view.accessibility.AccessibilityNodeInfo@106eb; boundsInParent: Rect(0, 0 - 320, 0); boundsInScreen: Rect(0, 0 - 320, 0); boundsInWindow: Rect(0, 0 - 320, 0); packageName: com.hanapkalinga.mobile; className: android.widget.LinearLayout; text: null; error: null; maxTextLength: -1; stateDescription: null; contentDescription: null; tooltipText: null; containerTitle: null; viewIdResName: null; uniqueId: null; checkable: false; checked: false; focusable: false; focused: false; selected: false; clickable: false; longClickable: false; contextClickable: false; enabled: true; password: false; scrollable: false; importantForAccessibility: false; visible: false; actions: [AccessibilityAction: ACTION_SELECT - null, AccessibilityAction: ACTION_CLEAR_SELECTION - null, AccessibilityAction: ACTION_ACCESSIBILITY_FOCUS - null, AccessibilityAction: ACTION_SHOW_ON_SCREEN - null]; isTextSelectable: false
06-25 14:42:59.376  7360  7576 I Maestro : Skipping invisible child: android.view.accessibility.AccessibilityNodeInfo@1032a; boundsInParent: Rect(0, 0 - 320, 0); boundsInScreen: Rect(0, 0 - 320, 0); boundsInWindow: Rect(0, 0 - 320, 0); packageName: com.hanapkalinga.mobile; className: android.view.ViewGroup; text: null; error: null; maxTextLength: -1; stateDescription: null; contentDescription: null; tooltipText: null; containerTitle: null; viewIdResName: null; uniqueId: null; checkable: false; checked: false; focusable: false; focused: false; selected: false; clickable: false; longClickable: false; contextClickable: false; enabled: true; password: false; scrollable: false; importantForAccessibility: false; visible: false; actions: [AccessibilityAction: ACTION_SELECT - null, AccessibilityAction: ACTION_CLEAR_SELECTION - null, AccessibilityAction: ACTION_ACCESSIBILITY_FOCUS - null, AccessibilityAction: ACTION_SHOW_ON_SCREEN - null]; isTextSelectable: false
06-25 14:42:59.389  7360  7576 D Maestro : View hierarchy received in 20 ms
06-25 14:42:59.446  7360  7576 D Maestro : Requesting view hierarchy
06-25 14:42:59.447  7360  7576 W QueryController: Could not detect idle state.
06-25 14:42:59.447  7360  7576 W QueryController: Could not detect idle state.
06-25 14:42:59.453  7360  7576 I Maestro : Skipping invisible child: android.view.accessibility.AccessibilityNodeInfo@106eb; boundsInParent: Rect(0, 0 - 320, 0); boundsInScreen: Rect(0, 0 - 320, 0); boundsInWindow: Rect(0, 0 - 320, 0); packageName: com.hanapkalinga.mobile; className: android.widget.LinearLayout; text: null; error: null; maxTextLength: -1; stateDescription: null; contentDescription: null; tooltipText: null; containerTitle: null; viewIdResName: null; uniqueId: null; checkable: false; checked: false; focusable: false; focused: false; selected: false; clickable: false; longClickable: false; contextClickable: false; enabled: true; password: false; scrollable: false; importantForAccessibility: false; visible: false; actions: [AccessibilityAction: ACTION_SELECT - null, AccessibilityAction: ACTION_CLEAR_SELECTION - null, AccessibilityAction: ACTION_ACCESSIBILITY_FOCUS - null, AccessibilityAction: ACTION_SHOW_ON_SCREEN - null]; isTextSelectable: false
06-25 14:42:59.454  7360  7576 I Maestro : Skipping invisible child: android.view.accessibility.AccessibilityNodeInfo@1032a; boundsInParent: Rect(0, 0 - 320, 0); boundsInScreen: Rect(0, 0 - 320, 0); boundsInWindow: Rect(0, 0 - 320, 0); packageName: com.hanapkalinga.mobile; className: android.view.ViewGroup; text: null; error: null; maxTextLength: -1; stateDescription: null; contentDescription: null; tooltipText: null; containerTitle: null; viewIdResName: null; uniqueId: null; checkable: false; checked: false; focusable: false; focused: false; selected: false; clickable: false; longClickable: false; contextClickable: false; enabled: true; password: false; scrollable: false; importantForAccessibility: false; visible: false; actions: [AccessibilityAction: ACTION_SELECT - null, AccessibilityAction: ACTION_CLEAR_SELECTION - null, AccessibilityAction: ACTION_ACCESSIBILITY_FOCUS - null, AccessibilityAction: ACTION_SHOW_ON_SCREEN - null]; isTextSelectable: false
06-25 14:42:59.465  7360  7576 D Maestro : View hierarchy received in 19 ms
06-25 14:42:59.617  7360  7576 D Maestro : Requesting view hierarchy
06-25 14:42:59.618  7360  7576 W QueryController: Could not detect idle state.
06-25 14:42:59.618  7360  7576 W QueryController: Could not detect idle state.
06-25 14:42:59.629  7360  7576 I Maestro : Skipping invisible child: android.view.accessibility.AccessibilityNodeInfo@106eb; boundsInParent: Rect(0, 0 - 320, 0); boundsInScreen: Rect(0, 0 - 320, 0); boundsInWindow: Rect(0, 0 - 320, 0); packageName: com.hanapkalinga.mobile; className: android.widget.LinearLayout; text: null; error: null; maxTextLength: -1; stateDescription: null; contentDescription: null; tooltipText: null; containerTitle: null; viewIdResName: null; uniqueId: null; checkable: false; checked: false; focusable: false; focused: false; selected: false; clickable: false; longClickable: false; contextClickable: false; enabled: true; password: false; scrollable: false; importantForAccessibility: false; visible: false; actions: [AccessibilityAction: ACTION_SELECT - null, AccessibilityAction: ACTION_CLEAR_SELECTION - null, AccessibilityAction: ACTION_ACCESSIBILITY_FOCUS - null, AccessibilityAction: ACTION_SHOW_ON_SCREEN - null]; isTextSelectable: false
06-25 14:42:59.630  7360  7576 I Maestro : Skipping invisible child: android.view.accessibility.AccessibilityNodeInfo@1032a; boundsInParent: Rect(0, 0 - 320, 0); boundsInScreen: Rect(0, 0 - 320, 0); boundsInWindow: Rect(0, 0 - 320, 0); packageName: com.hanapkalinga.mobile; className: android.view.ViewGroup; text: null; error: null; maxTextLength: -1; stateDescription: null; contentDescription: null; tooltipText: null; containerTitle: null; viewIdResName: null; uniqueId: null; checkable: false; checked: false; focusable: false; focused: false; selected: false; clickable: false; longClickable: false; contextClickable: false; enabled: true; password: false; scrollable: false; importantForAccessibility: false; visible: false; actions: [AccessibilityAction: ACTION_SELECT - null, AccessibilityAction: ACTION_CLEAR_SELECTION - null, AccessibilityAction: ACTION_ACCESSIBILITY_FOCUS - null, AccessibilityAction: ACTION_SHOW_ON_SCREEN - null]; isTextSelectable: false
06-25 14:42:59.650  7360  7576 D Maestro : View hierarchy received in 33 ms
06-25 14:42:59.718  7360  7576 W QueryController: Could not detect idle state.
06-25 14:42:59.720  7360  7576 W QueryController: Could not detect idle state.
06-25 14:42:59.722  7360  7576 W UiDevice: Skipping wait as package ${APP_ID} does not match current window com.hanapkalinga.mobile.
06-25 14:42:59.730  7360  7576 W QueryController: Could not detect idle state.
06-25 14:42:59.735  7360  7576 W QueryController: Could not detect idle state.
06-25 14:42:59.738  7360  7576 W UiDevice: Skipping wait as package ${APP_ID} does not match current window com.hanapkalinga.mobile.
06-25 14:42:59.747  7360  7576 W QueryController: Could not detect idle state.
06-25 14:42:59.748  7360  7576 W QueryController: Could not detect idle state.
06-25 14:42:59.751  7360  7576 W UiDevice: Skipping wait as package ${APP_ID} does not match current window com.hanapkalinga.mobile.
06-25 14:42:59.759  7360  7576 W QueryController: Could not detect idle state.
06-25 14:42:59.761  7360  7576 W QueryController: Could not detect idle state.
06-25 14:42:59.764  7360  7576 W UiDevice: Skipping wait as package ${APP_ID} does not match current window com.hanapkalinga.mobile.
06-25 14:42:59.768   822   822 I wpa_supplicant: wlan0: CTRL-EVENT-BEACON-LOSS 
06-25 14:42:59.813  7360  7576 W QueryController: Could not detect idle state.
06-25 14:42:59.816  7360  7576 W QueryController: Could not detect idle state.
06-25 14:42:59.821  7360  7576 W UiDevice: Skipping wait as package ${APP_ID} does not match current window com.hanapkalinga.mobile.
06-25 14:42:59.831  7360  7576 W QueryController: Could not detect idle state.
06-25 14:42:59.833  7360  7576 W QueryController: Could not detect idle state.
06-25 14:42:59.835  7360  7576 W UiDevice: Skipping wait as package ${APP_ID} does not match current window com.hanapkalinga.mobile.
06-25 14:42:59.841  7360  7576 W QueryController: Could not detect idle state.
06-25 14:42:59.844  7360  7576 W QueryController: Could not detect idle state.
06-25 14:42:59.846  7360  7576 W UiDevice: Skipping wait as package ${APP_ID} does not match current window com.hanapkalinga.mobile.
06-25 14:42:59.893  7360  7576 W QueryController: Could not detect idle state.
06-25 14:42:59.895  7360  7576 W QueryController: Could not detect idle state.
06-25 14:42:59.897  7360  7576 W UiDevice: Skipping wait as package ${APP_ID} does not match current window com.hanapkalinga.mobile.
06-25 14:42:59.903  7360  7576 W QueryController: Could not detect idle state.
06-25 14:42:59.904  7360  7576 W QueryController: Could not detect idle state.
06-25 14:42:59.906  7360  7576 W UiDevice: Skipping wait as package ${APP_ID} does not match current window com.hanapkalinga.mobile.
06-25 14:42:59.911  7360  7576 W QueryController: Could not detect idle state.
06-25 14:42:59.913  7360  7576 W QueryController: Could not detect idle state.
06-25 14:42:59.916  7360  7576 W UiDevice: Skipping wait as package ${APP_ID} does not match current window com.hanapkalinga.mobile.
06-25 14:42:59.921  7360  7576 W QueryController: Could not detect idle state.
06-25 14:42:59.923  7360  7576 W QueryController: Could not detect idle state.
06-25 14:42:59.925  7360  7576 W UiDevice: Skipping wait as package ${APP_ID} does not match current window com.hanapkalinga.mobile.
--------- beginning of system
06-25 14:42:59.927   519   610 D ActivityManager: freezing 2682 com.android.chrome
06-25 14:42:59.928   519   610 D ActivityManager: freezing 2218 com.google.android.documentsui
06-25 14:42:59.931  7360  7576 W QueryController: Could not detect idle state.
06-25 14:42:59.932  7360  7576 W QueryController: Could not detect idle state.
06-25 14:42:59.934  7360  7576 W UiDevice: Skipping wait as package ${APP_ID} does not match current window com.hanapkalinga.mobile.
06-25 14:42:59.940  7360  7576 W QueryController: Could not detect idle state.
06-25 14:42:59.941  7360  7576 W QueryController: Could not detect idle state.
06-25 14:42:59.943  7360  7576 W UiDevice: Skipping wait as package ${APP_ID} does not match current window com.hanapkalinga.mobile.
06-25 14:42:59.949  7360  7576 W QueryController: Could not detect idle state.
06-25 14:42:59.952  7360  7576 W QueryController: Could not detect idle state.
06-25 14:42:59.953  7360  7576 W UiDevice: Skipping wait as package ${APP_ID} does not match current window com.hanapkalinga.mobile.
06-25 14:42:59.959  7360  7576 W QueryController: Could not detect idle state.
06-25 14:42:59.962  7360  7576 W QueryController: Could not detect idle state.
06-25 14:42:59.964  7360  7576 W UiDevice: Skipping wait as package ${APP_ID} does not match current window com.hanapkalinga.mobile.
06-25 14:42:59.969  7360  7576 W QueryController: Could not detect idle state.
06-25 14:42:59.972  7360  7576 W QueryController: Could not detect idle state.
06-25 14:42:59.975  7360  7576 W UiDevice: Skipping wait as package ${APP_ID} does not match current window com.hanapkalinga.mobile.
06-25 14:42:59.981  7360  7576 W QueryController: Could not detect idle state.
06-25 14:42:59.984  7360  7576 W QueryController: Could not detect idle state.
06-25 14:42:59.988  7360  7576 W UiDevice: Skipping wait as package ${APP_ID} does not match current window com.hanapkalinga.mobile.
06-25 14:42:59.995  7360  7576 W QueryController: Could not detect idle state.
06-25 14:42:59.998  7360  7576 W QueryController: Could not detect idle state.
06-25 14:43:00.003  7360  7576 W UiDevice: Skipping wait as package ${APP_ID} does not match current window com.hanapkalinga.mobile.
06-25 14:43:00.010  7360  7576 W QueryController: Could not detect idle state.
06-25 14:43:00.012  7360  7576 W QueryController: Could not detect idle state.
06-25 14:43:00.015  7360  7576 W UiDevice: Skipping wait as package ${APP_ID} does not match current window com.hanapkalinga.mobile.
06-25 14:43:00.022  7360  7576 W QueryController: Could not detect idle state.
06-25 14:43:00.025  7360  7576 W QueryController: Could not detect idle state.
06-25 14:43:00.028  7360  7576 W UiDevice: Skipping wait as package ${APP_ID} does not match current window com.hanapkalinga.mobile.
06-25 14:43:00.034  7360  7576 W QueryController: Could not detect idle state.
06-25 14:43:00.040  7360  7576 W QueryController: Could not detect idle state.
06-25 14:43:00.040   835   879 D EGL_emulation: app_time_stats: avg=4092.60ms min=13.07ms max=8172.13ms count=2
06-25 14:43:00.043  7360  7576 W UiDevice: Skipping wait as package ${APP_ID} does not match current window com.hanapkalinga.mobile.
06-25 14:43:00.044  1647  2042 I AiAiEcho: Predicting[0]: 
06-25 14:43:00.045  1647  2042 I AiAiEcho: EchoTargets: 
06-25 14:43:00.045  1647  2042 I AiAiEcho: Filtered by AiAi flag check: 
06-25 14:43:00.045  1647  2042 I AiAiEcho: Ranked targets strategy: SORT, count: 0, ranking metadata: 
06-25 14:43:00.045  1647  2042 I AiAiEcho: #postPredictionTargets: Sending updates to UISurface lockscreen with targets# 0 (types=[])
06-25 14:43:00.048   835   835 W PageIndicator: Total number of pages invalid: 0. Assuming 1 page.
06-25 14:43:00.055  7360  7576 W QueryController: Could not detect idle state.
06-25 14:43:00.056  7360  7576 W QueryController: Could not detect idle state.
06-25 14:43:00.058  7360  7576 W UiDevice: Skipping wait as package ${APP_ID} does not match current window com.hanapkalinga.mobile.
06-25 14:43:00.064  7360  7576 W QueryController: Could not detect idle state.
06-25 14:43:00.065  7360  7576 W QueryController: Could not detect idle state.
06-25 14:43:00.067  7360  7576 W UiDevice: Skipping wait as package ${APP_ID} does not match current window com.hanapkalinga.mobile.
06-25 14:43:00.072  7360  7576 W QueryController: Could not detect idle state.
06-25 14:43:00.073  7360  7576 W QueryController: Could not detect idle state.
06-25 14:43:00.074  7360  7576 W UiDevice: Skipping wait as package ${APP_ID} does not match current window com.hanapkalinga.mobile.
06-25 14:43:00.079  7360  7576 W QueryController: Could not detect idle state.
06-25 14:43:00.082  7360  7576 W QueryController: Could not detect idle state.
06-25 14:43:00.086  7360  7576 W UiDevice: Skipping wait as package ${APP_ID} does not match current window com.hanapkalinga.mobile.
06-25 14:43:00.091  7360  7576 W QueryController: Could not detect idle state.
06-25 14:43:00.092  7360  7576 W QueryController: Could not detect idle state.
06-25 14:43:00.093  7360  7576 W UiDevice: Skipping wait as package ${APP_ID} does not match current window com.hanapkalinga.mobile.
06-25 14:43:00.099  7360  7576 W QueryController: Could not detect idle state.
06-25 14:43:00.100  7360  7576 W QueryController: Could not detect idle state.
06-25 14:43:00.102  7360  7576 W UiDevice: Skipping wait as package ${APP_ID} does not match current window com.hanapkalinga.mobile.
06-25 14:43:00.107  7360  7576 W QueryController: Could not detect idle state.
06-25 14:43:00.111  7360  7576 W QueryController: Could not detect idle state.
06-25 14:43:00.112  7360  7576 W UiDevice: Skipping wait as package ${APP_ID} does not match current window com.hanapkalinga.mobile.
06-25 14:43:00.118  7360  7576 W QueryController: Could not detect idle state.
06-25 14:43:00.120  7360  7576 W QueryController: Could not detect idle state.
06-25 14:43:00.122  7360  7576 W UiDevice: Skipping wait as package ${APP_ID} does not match current window com.hanapkalinga.mobile.
06-25 14:43:00.128  7360  7576 W QueryController: Could not detect idle state.
06-25 14:43:00.131  7360  7576 W QueryController: Could not detect idle state.
06-25 14:43:00.132  7360  7576 W UiDevice: Skipping wait as package ${APP_ID} does not match current window com.hanapkalinga.mobile.
06-25 14:43:00.139  7360  7576 W QueryController: Could not detect idle state.
06-25 14:43:00.140  7360  7576 W QueryController: Could not detect idle state.
06-25 14:43:00.142  7360  7576 W UiDevice: Skipping wait as package ${APP_ID} does not match current window com.hanapkalinga.mobile.
06-25 14:43:00.147  7360  7576 W QueryController: Could not detect idle state.
06-25 14:43:00.148  7360  7576 W QueryController: Could not detect idle state.
06-25 14:43:00.149  7360  7576 W UiDevice: Skipping wait as package ${APP_ID} does not match current window com.hanapkalinga.mobile.
06-25 14:43:00.154  7360  7576 W QueryController: Could not detect idle state.
06-25 14:43:00.155  7360  7576 W QueryController: Could not detect idle state.
06-25 14:43:00.157  7360  7576 W UiDevice: Skipping wait as package ${APP_ID} does not match current window com.hanapkalinga.mobile.
06-25 14:43:00.162  7360  7576 W QueryController: Could not detect idle state.
06-25 14:43:00.162  7360  7576 W QueryController: Could not detect idle state.
06-25 14:43:00.164  7360  7576 W UiDevice: Skipping wait as package ${APP_ID} does not match current window com.hanapkalinga.mobile.
06-25 14:43:00.169  7360  7576 W QueryController: Could not detect idle state.
06-25 14:43:00.170  7360  7576 W QueryController: Could not detect idle state.
06-25 14:43:00.171  7360  7576 W UiDevice: Skipping wait as package ${APP_ID} does not match current window com.hanapkalinga.mobile.
06-25 14:43:00.176  7360  7576 W QueryController: Could not detect idle state.
06-25 14:43:00.177  7360  7576 W QueryController: Could not detect idle state.
06-25 14:43:00.179  7360  7576 W UiDevice: Skipping wait as package ${APP_ID} does not match current window com.hanapkalinga.mobile.
06-25 14:43:00.185  7360  7576 W QueryController: Could not detect idle state.
06-25 14:43:00.187  7360  7576 W QueryController: Could not detect idle state.
06-25 14:43:00.191  7360  7576 W UiDevice: Skipping wait as package ${APP_ID} does not match current window com.hanapkalinga.mobile.
06-25 14:43:00.236  7360  7576 W QueryController: Could not detect idle state.
06-25 14:43:00.239  7360  7576 W QueryController: Could not detect idle state.
06-25 14:43:00.242  7360  7576 W UiDevice: Skipping wait as package ${APP_ID} does not match current window com.hanapkalinga.mobile.
06-25 14:43:00.249  7360  7576 W QueryController: Could not detect idle state.
06-25 14:43:00.251  7360  7576 W QueryController: Could not detect idle state.
06-25 14:43:00.253  7360  7576 W UiDevice: Skipping wait as package ${APP_ID} does not match current window com.hanapkalinga.mobile.
06-25 14:43:00.258  7360  7576 W QueryController: Could not detect idle state.
06-25 14:43:00.259  7360  7576 W QueryController: Could not detect idle state.
06-25 14:43:00.262  7360  7576 W UiDevice: Skipping wait as package ${APP_ID} does not match current window com.hanapkalinga.mobile.
06-25 14:43:00.267  7360  7576 W QueryController: Could not detect idle state.
06-25 14:43:00.269  7360  7576 W QueryController: Could not detect idle state.
06-25 14:43:00.272  7360  7576 W UiDevice: Skipping wait as package ${APP_ID} does not match current window com.hanapkalinga.mobile.
06-25 14:43:00.277  7360  7576 W QueryController: Could not detect idle state.
06-25 14:43:00.278  7360  7576 W QueryController: Could not detect idle state.
06-25 14:43:00.282  7360  7576 W UiDevice: Skipping wait as package ${APP_ID} does not match current window com.hanapkalinga.mobile.
06-25 14:43:00.287  7360  7576 W QueryController: Could not detect idle state.
06-25 14:43:00.290  7360  7576 W QueryController: Could not detect idle state.
06-25 14:43:00.294  7360  7576 W UiDevice: Skipping wait as package ${APP_ID} does not match current window com.hanapkalinga.mobile.
06-25 14:43:00.299  7360  7576 W QueryController: Could not detect idle state.
06-25 14:43:00.300  7360  7576 W QueryController: Could not detect idle state.
06-25 14:43:00.305  7360  7576 W UiDevice: Skipping wait as package ${APP_ID} does not match current window com.hanapkalinga.mobile.
06-25 14:43:00.311  7360  7576 W QueryController: Could not detect idle state.
06-25 14:43:00.313  7360  7576 W QueryController: Could not detect idle state.
06-25 14:43:00.318  7360  7576 W UiDevice: Skipping wait as package ${APP_ID} does not match current window com.hanapkalinga.mobile.
06-25 14:43:00.364   160  7138 I keystore2: system/security/keystore2/src/watchdog.rs:319 - Watchdog thread idle -> terminating. Have a great day.
06-25 14:43:00.364  7360  7576 W QueryController: Could not detect idle state.
06-25 14:43:00.367  7360  7576 W QueryController: Could not detect idle state.
06-25 14:43:00.368  7360  7576 W UiDevice: Skipping wait as package ${APP_ID} does not match current window com.hanapkalinga.mobile.
06-25 14:43:00.374  7360  7576 W QueryController: Could not detect idle state.
06-25 14:43:00.376  7360  7576 W QueryController: Could not detect idle state.
06-25 14:43:00.379  7360  7576 W UiDevice: Skipping wait as package ${APP_ID} does not match current window com.hanapkalinga.mobile.
06-25 14:43:00.385  7360  7576 W QueryController: Could not detect idle state.
06-25 14:43:00.388  7360  7576 W QueryController: Could not detect idle state.
06-25 14:43:00.391  7360  7576 W UiDevice: Skipping wait as package ${APP_ID} does not match current window com.hanapkalinga.mobile.
06-25 14:43:00.397  7360  7576 W QueryController: Could not detect idle state.
06-25 14:43:00.398  7360  7576 W QueryController: Could not detect idle state.
06-25 14:43:00.402  7360  7576 W UiDevice: Skipping wait as package ${APP_ID} does not match current window com.hanapkalinga.mobile.
06-25 14:43:00.409  7360  7576 W QueryController: Could not detect idle state.
06-25 14:43:00.411  7360  7576 W QueryController: Could not detect idle state.
06-25 14:43:00.414  7360  7576 W UiDevice: Skipping wait as package ${APP_ID} does not match current window com.hanapkalinga.mobile.
06-25 14:43:00.421  7360  7576 W QueryController: Could not detect idle state.
06-25 14:43:00.423  7360  7576 W QueryController: Could not detect idle state.
--------- beginning of kernel
06-25 14:43:00.623     0     0 I logd    : start watching /data/system/packages.list ...
06-25 14:43:00.624     0     0 I logd    : ReadPackageList, total packages: 202
06-25 14:43:00.426  7360  7576 W UiDevice: Skipping wait as package ${APP_ID} does not match current window com.hanapkalinga.mobile.
06-25 14:43:00.433  7360  7576 W QueryController: Could not detect idle state.
06-25 14:43:00.434  7360  7576 W QueryController: Could not detect idle state.
06-25 14:43:00.436  7360  7576 W UiDevice: Skipping wait as package ${APP_ID} does not match current window com.hanapkalinga.mobile.
06-25 14:43:00.442  7360  7576 W QueryController: Could not detect idle state.
06-25 14:43:00.444  7360  7576 W QueryController: Could not detect idle state.
06-25 14:43:00.446  7360  7576 W UiDevice: Skipping wait as package ${APP_ID} does not match current window com.hanapkalinga.mobile.
06-25 14:43:00.452  7360  7576 W QueryController: Could not detect idle state.
06-25 14:43:00.454  7360  7576 W QueryController: Could not detect idle state.
06-25 14:43:00.457  7360  7576 W UiDevice: Skipping wait as package ${APP_ID} does not match current window com.hanapkalinga.mobile.
06-25 14:43:00.617  7360  7576 D Maestro : Requesting view hierarchy
06-25 14:43:00.618  7360  7576 W QueryController: Could not detect idle state.
06-25 14:43:00.618  7360  7576 W QueryController: Could not detect idle state.
06-25 14:43:00.625  7360  7576 I Maestro : Skipping invisible child: android.view.accessibility.AccessibilityNodeInfo@106eb; boundsInParent: Rect(0, 0 - 320, 0); boundsInScreen: Rect(0, 0 - 320, 0); boundsInWindow: Rect(0, 0 - 320, 0); packageName: com.hanapkalinga.mobile; className: android.widget.LinearLayout; text: null; error: null; maxTextLength: -1; stateDescription: null; contentDescription: null; tooltipText: null; containerTitle: null; viewIdResName: null; uniqueId: null; checkable: false; checked: false; focusable: false; focused: false; selected: false; clickable: false; longClickable: false; contextClickable: false; enabled: true; password: false; scrollable: false; importantForAccessibility: false; visible: false; actions: [AccessibilityAction: ACTION_SELECT - null, AccessibilityAction: ACTION_CLEAR_SELECTION - null, AccessibilityAction: ACTION_ACCESSIBILITY_FOCUS - null, AccessibilityAction: ACTION_SHOW_ON_SCREEN - null]; isTextSelectable: false
06-25 14:43:00.626  7360  7576 I Maestro : Skipping invisible child: android.view.accessibility.AccessibilityNodeInfo@1032a; boundsInParent: Rect(0, 0 - 320, 0); boundsInScreen: Rect(0, 0 - 320, 0); boundsInWindow: Rect(0, 0 - 320, 0); packageName: com.hanapkalinga.mobile; className: android.view.ViewGroup; text: null; error: null; maxTextLength: -1; stateDescription: null; contentDescription: null; tooltipText: null; containerTitle: null; viewIdResName: null; uniqueId: null; checkable: false; checked: false; focusable: false; focused: false; selected: false; clickable: false; longClickable: false; contextClickable: false; enabled: true; password: false; scrollable: false; importantForAccessibility: false; visible: false; actions: [AccessibilityAction: ACTION_SELECT - null, AccessibilityAction: ACTION_CLEAR_SELECTION - null, AccessibilityAction: ACTION_ACCESSIBILITY_FOCUS - null, AccessibilityAction: ACTION_SHOW_ON_SCREEN - null]; isTextSelectable: false
06-25 14:43:00.636  7360  7576 D Maestro : View hierarchy received in 19 ms
06-25 14:43:00.892  7360  7576 D Maestro : Requesting view hierarchy
06-25 14:43:00.893  7360  7576 W QueryController: Could not detect idle state.
06-25 14:43:00.893  7360  7576 W QueryController: Could not detect idle state.
06-25 14:43:00.911  7360  7576 I Maestro : Skipping invisible child: android.view.accessibility.AccessibilityNodeInfo@106eb; boundsInParent: Rect(0, 0 - 320, 0); boundsInScreen: Rect(0, 0 - 320, 0); boundsInWindow: Rect(0, 0 - 320, 0); packageName: com.hanapkalinga.mobile; className: android.widget.LinearLayout; text: null; error: null; maxTextLength: -1; stateDescription: null; contentDescription: null; tooltipText: null; containerTitle: null; viewIdResName: null; uniqueId: null; checkable: false; checked: false; focusable: false; focused: false; selected: false; clickable: false; longClickable: false; contextClickable: false; enabled: true; password: false; scrollable: false; importantForAccessibility: false; visible: false; actions: [AccessibilityAction: ACTION_SELECT - null, AccessibilityAction: ACTION_CLEAR_SELECTION - null, AccessibilityAction: ACTION_ACCESSIBILITY_FOCUS - null, AccessibilityAction: ACTION_SHOW_ON_SCREEN - null]; isTextSelectable: false
06-25 14:43:00.912  7360  7576 I Maestro : Skipping invisible child: android.view.accessibility.AccessibilityNodeInfo@1032a; boundsInParent: Rect(0, 0 - 320, 0); boundsInScreen: Rect(0, 0 - 320, 0); boundsInWindow: Rect(0, 0 - 320, 0); packageName: com.hanapkalinga.mobile; className: android.view.ViewGroup; text: null; error: null; maxTextLength: -1; stateDescription: null; contentDescription: null; tooltipText: null; containerTitle: null; viewIdResName: null; uniqueId: null; checkable: false; checked: false; focusable: false; focused: false; selected: false; clickable: false; longClickable: false; contextClickable: false; enabled: true; password: false; scrollable: false; importantForAccessibility: false; visible: false; actions: [AccessibilityAction: ACTION_SELECT - null, AccessibilityAction: ACTION_CLEAR_SELECTION - null, AccessibilityAction: ACTION_ACCESSIBILITY_FOCUS - null, AccessibilityAction: ACTION_SHOW_ON_SCREEN - null]; isTextSelectable: false
06-25 14:43:00.934  7513  7522 W System  : A resource failed to call release. 
06-25 14:43:00.939  7360  7576 D Maestro : View hierarchy received in 47 ms
06-25 14:43:01.019  1094  1094 D TaplEvents: TIS / TouchInteractionService.onInputEvent: MotionEvent { action=ACTION_DOWN, actionButton=0, id[0]=0, x[0]=253.0, y[0]=475.0, toolType[0]=TOOL_TYPE_FINGER, buttonState=0, classification=NONE, metaState=0, flags=0x0, edgeFlags=0x0, pointerCount=1, historySize=0, eventTime=324283, downTime=324283, deviceId=-1, source=0x1002, displayId=0, eventId=-622237057 }
06-25 14:43:01.050  7513  7532 D EGL_emulation: app_time_stats: avg=1918.15ms min=3.86ms max=9182.94ms count=5
06-25 14:43:01.122  1094  1094 D TaplEvents: TIS / TouchInteractionService.onInputEvent: MotionEvent { action=ACTION_UP, actionButton=0, id[0]=0, x[0]=253.0, y[0]=475.0, toolType[0]=TOOL_TYPE_FINGER, buttonState=0, classification=NONE, metaState=0, flags=0x0, edgeFlags=0x0, pointerCount=1, historySize=0, eventTime=324406, downTime=324283, deviceId=-1, source=0x1002, displayId=0, eventId=-198039606 }
06-25 14:43:01.134   397  1233 D audioserver: FGS Logger Transaction failed
06-25 14:43:01.134   397  1233 D audioserver: -129
06-25 14:43:01.166  7513  7513 D CompatibilityChangeReporter: Compat change id reported: 171228096; UID 10192; state: ENABLED
06-25 14:43:01.178   519   915 D CompatibilityChangeReporter: Compat change id reported: 161145287; UID 10192; state: ENABLED
06-25 14:43:01.179   519  2326 D CompatibilityChangeReporter: Compat change id reported: 135634846; UID 99003; state: DISABLED
06-25 14:43:01.179   519   549 D CompatibilityChangeReporter: Compat change id reported: 143937733; UID 10192; state: ENABLED
06-25 14:43:01.181   397   499 D AudioFlinger: mixer(0x7c4c5aa6e930) throttle end: throttle time(33)
06-25 14:43:01.184  7513  7513 D CompatibilityChangeReporter: Compat change id reported: 183155436; UID 10192; state: ENABLED
06-25 14:43:01.184   983   983 D Zygote  : Forked child process 7582
06-25 14:43:01.188  7582  7582 I ocessService0:0: Using CollectorTypeCC GC.
06-25 14:43:01.189  7582  7582 W ocessService0:0: Unexpected CPU variant for x86: x86_64.
06-25 14:43:01.189  7582  7582 W ocessService0:0: Known variants: atom, sandybridge, silvermont, goldmont, goldmont-plus, tremont, kabylake, default
06-25 14:43:01.190   519  2321 D OomAdjuster: Not killing cached processes
06-25 14:43:01.190  7582  7582 E ocessService0:0: Not starting debugger since process cannot load the jdwp agent.
06-25 14:43:01.191  4024  4242 D BtGatt.ScanManager: uid 10131 isForeground true scanMode -1
06-25 14:43:01.191  4024  4242 D BtGatt.ScanManager: uid 10131 isForeground true scanMode 1
06-25 14:43:01.192  4024  4242 D BtGatt.ScanManager: uid 10131 isForeground true scanMode -1
06-25 14:43:01.196  7513  7513 D AutofillManager: Fill dialog is enabled:false, hints=[password, passwordAuto, creditCardNumber, creditCardSecurityCode, creditCardExpirationDate]
06-25 14:43:01.199  7513  7586 W chromium: [WARNING:dns_config_service_android.cc(115)] Failed to read DnsConfig.
06-25 14:43:01.200   519   549 I ActivityManager: Start proc 7582:com.google.android.webview:sandboxed_process0:org.chromium.content.app.SandboxedProcessService0:0/u0i3 for  {com.hanapkalinga.mobile/org.chromium.content.app.SandboxedProcessService0:0}
06-25 14:43:01.201   519  2326 D CompatibilityChangeReporter: Compat change id reported: 168419799; UID 10192; state: DISABLED
06-25 14:43:01.201   519  2326 D CompatibilityChangeReporter: Compat change id reported: 273564678; UID 10192; state: DISABLED
06-25 14:43:01.202  7582  7582 D CompatibilityChangeReporter: Compat change id reported: 171979766; UID 99003; state: ENABLED
06-25 14:43:01.203  7582  7582 D CompatibilityChangeReporter: Compat change id reported: 242716250; UID 99003; state: ENABLED
06-25 14:43:01.207  7582  7582 I LoadedApk: No resource references to update in package com.google.android.trichromelibrary
06-25 14:43:01.208  7582  7582 I cr_WebViewApkApp: Launched version=113.0.5672.136 minSdkVersion=29 isBundle=false processName=com.google.android.webview:sandboxed_process0:org.chromium.content.app.SandboxedProcessService0:0
06-25 14:43:01.209   519  2326 I ActivityManager: Flag disabled. Ignoring finishAttachApplication from uid: 99003. pid: 7582
06-25 14:43:01.210  7582  7582 W SystemServiceRegistry: No service published for: virtualdevice
06-25 14:43:01.210  7582  7582 I cr_ChildProcessService: Creating new ChildProcessService pid=7582
06-25 14:43:01.226  7513  7513 D CompatibilityChangeReporter: Compat change id reported: 214741472; UID 10192; state: ENABLED
06-25 14:43:01.261  7582  7606 I cr_LibraryLoader: Successfully loaded native library
06-25 14:43:01.261  7582  7606 I cr_CachingUmaRecorder: Flushed 2 samples from 2 histograms.
06-25 14:43:01.264  7582  7606 W SystemServiceRegistry: No service published for: uimode
06-25 14:43:01.266  7513  7601 W cr_media: BLUETOOTH_CONNECT permission is missing.
06-25 14:43:01.270  7513  7601 W cr_media: registerBluetoothIntentsIfNeeded: Requires BLUETOOTH permission
06-25 14:43:01.276  5223  6362 I ContentMaintenance: Internal cache bytes used: 0; limit: 100000000; download size: 0
06-25 14:43:01.283  7513  7513 D CompatibilityChangeReporter: Compat change id reported: 193247900; UID 10192; state: ENABLED
06-25 14:43:01.292  5130  5146 I FontLog : Received query name=Google Sans&weight=700&besteffort=false, URI content://com.google.android.gms.fonts [CONTEXT service_id=132 ]
06-25 14:43:01.292  5130  5146 I FontLog : Query [name=Google Sans&weight=700&besteffort=false] resolved to {Google Sans, wdth 100.0, wght 700, ital 0.0, bestEffort false} [CONTEXT service_id=132 ]
06-25 14:43:01.294  5130  5146 I FontLog : Fetch {Google Sans, wdth 100.0, wght 700, ital 0.0, bestEffort false} end status Status{statusCode=SUCCESS, resolution=null} [CONTEXT service_id=132 ]
06-25 14:43:01.295   397   499 D audioserver: FGS Logger Transaction failed
06-25 14:43:01.295   397   499 D audioserver: -129
06-25 14:43:01.296  5223  6362 I RealtimeCacheCleanup: Beginning Realtime garbage collection.
06-25 14:43:01.297  5223  6362 I RealtimeCacheCleanup: Finished Realtime garbage collection.
06-25 14:43:01.320  5130  5146 I FontLog : Pulling font file for id = 21, cache size = 7 [CONTEXT service_id=132 ]
06-25 14:43:01.325  5130  5146 I FontLog : Received query name=Noto Color Emoji Compat&weight=400&besteffort=false, URI content://com.google.android.gms.fonts [CONTEXT service_id=132 ]
06-25 14:43:01.326  5130  5146 I FontLog : Query [name=Noto Color Emoji Compat&weight=400&besteffort=false] resolved to {Noto Color Emoji Compat, wdth 100.0, wght 400, ital 0.0, bestEffort false} [CONTEXT service_id=132 ]
06-25 14:43:01.326  5130  5146 I FontLog : Fetch {Noto Color Emoji Compat, wdth 100.0, wght 400, ital 0.0, bestEffort false} end status Status{statusCode=SUCCESS, resolution=null} [CONTEXT service_id=132 ]
06-25 14:43:01.346  5130  5145 I FontLog : Pulling font file for id = 22, cache size = 8 [CONTEXT service_id=132 ]
06-25 14:43:01.351  5130  5145 I FontLog : Received query name=Google Sans&weight=400&besteffort=false, URI content://com.google.android.gms.fonts [CONTEXT service_id=132 ]
06-25 14:43:01.352  5130  5145 I FontLog : Query [name=Google Sans&weight=400&besteffort=false] resolved to {Google Sans, wdth 100.0, wght 400, ital 0.0, bestEffort false} [CONTEXT service_id=132 ]
06-25 14:43:01.355  5130  5145 I FontLog : Font PFD returned from cache for {Google Sans, wdth 100.0, wght 400, ital 0.0, bestEffort false} [CONTEXT service_id=132 ]
06-25 14:43:01.355  5130  5145 I FontLog : Fetch {Google Sans, wdth 100.0, wght 400, ital 0.0, bestEffort false} end status Status{statusCode=SUCCESS, resolution=null} [CONTEXT service_id=132 ]
06-25 14:43:01.359  5130  5145 I FontLog : Pulling font file for id = 23, cache size = 5 [CONTEXT service_id=132 ]
06-25 14:43:01.360  5130  5145 I FontLog : Received query name=Google Sans&weight=500&besteffort=false, URI content://com.google.android.gms.fonts [CONTEXT service_id=132 ]
06-25 14:43:01.360  5130  5145 I FontLog : Query [name=Google Sans&weight=500&besteffort=false] resolved to {Google Sans, wdth 100.0, wght 500, ital 0.0, bestEffort false} [CONTEXT service_id=132 ]
06-25 14:43:01.361  5130  5145 I FontLog : Font PFD returned from cache for {Google Sans, wdth 100.0, wght 500, ital 0.0, bestEffort false} [CONTEXT service_id=132 ]
06-25 14:43:01.361  5130  5145 I FontLog : Fetch {Google Sans, wdth 100.0, wght 500, ital 0.0, bestEffort false} end status Status{statusCode=SUCCESS, resolution=null} [CONTEXT service_id=132 ]
06-25 14:43:01.363  5130  5145 I FontLog : Pulling font file for id = 24, cache size = 6 [CONTEXT service_id=132 ]
06-25 14:43:01.378  7513  7513 D AutofillManager: notifyViewEnteredForFillDialog:1073741824
06-25 14:43:01.383   336  7630 I resolv  : GetAddrInfoHandler::run: {100 100 100 983140 10192 0}
06-25 14:43:01.384   336  7632 I resolv  : res_nmkquery: (QUERY, IN, A)
06-25 14:43:01.384   336  7632 I resolv  : resolv_cache_lookup: FOUND IN CACHE entry=0x7090fee32e10
06-25 14:43:01.384   336  7632 I resolv  : doQuery: rcode=0, ancount=2, return value=75
06-25 14:43:01.385  7513  7513 D AutofillManager: notifyViewEnteredForFillDialog:1073741825
06-25 14:43:01.385  7513  7513 D AutofillManager: Triggering pre-emptive request for fill dialog.
06-25 14:43:01.386   519  2321 W FillRequestEventLogger: Couldn't find packageName: com.google.android.inputmethod.latin
06-25 14:43:01.387   519   519 D AutofillInlineSuggestionsRequestSession: onCreateInlineSuggestionsRequestLocked called: 0@1862712030
06-25 14:43:01.388   519  2321 D AutofillInlineSuggestionsRequestSession: onInlineSuggestionsSessionInvalidated() called.
06-25 14:43:01.391   519  2321 D AutofillInlineSuggestionsRequestSession: onInlineSuggestionsRequest() received: InlineSuggestionsRequest { maxSuggestionCount = 9, inlinePresentationSpecs = [InlinePresentationSpec { minSize = 42x38, maxSize = 240x38, style = Bundle[mParcelledData.dataSize=2816] }, InlinePresentationSpec { minSize = 42x38, maxSize = 240x38, style = Bundle[mParcelledData.dataSize=2816] }, InlinePresentationSpec { minSize = 42x38, maxSize = 240x38, style = Bundle[mParcelledData.dataSize=2816] }, InlinePresentationSpec { minSize = 42x38, maxSize = 240x38, style = Bundle[mParcelledData.dataSize=2816] }, InlinePresentationSpec { minSize = 42x38, maxSize = 240x38, style = Bundle[mParcelledData.dataSize=2816] }, InlinePresentationSpec { minSize = 42x38, maxSize = 240x38, style = Bundle[mParcelledData.dataSize=2816] }, InlinePresentationSpec { minSize = 42x38, maxSize = 240x38, style = Bundle[mParcelledData.dataSize=2816] }, InlinePresentationSpec { minSize = 42x38, maxSize = 240x38, style = Bundle[mParcelledData.dataSize=2816] }, InlinePresentationSpec { minSize = 42x38, maxSize = 240x38, style = Bundle[mParcelledData.dataSize=2816] }], hostPackageName = com.google.android.inputmethod.latin, supportedLocales = [en_US], extras = Bundle[EMPTY_PARCEL], hostInputToken = android.os.BinderProxy@2a9156f, hostDisplayId = 0, inlineTooltipPresentationSpec = null }
06-25 14:43:01.391   336  7631 I resolv  : res_nmkquery: (QUERY, IN, AAAA)
06-25 14:43:01.426  7513  7538 I ReactNativeJS: [TurnstileWebView] WebView HTML loaded, hostname: example.com
06-25 14:43:01.426  7513  7538 I ReactNativeJS: [TurnstileWebView] Turnstile script tag appended to DOM
06-25 14:43:01.427  7513  7513 D CompatibilityChangeReporter: Compat change id reported: 163400105; UID 10192; state: ENABLED
06-25 14:43:01.428  7513  7513 I AssistStructure: Flattened final assist data: 2592 bytes, containing 1 windows, 14 views
06-25 14:43:01.429   519  2321 D AutofillSession: createPendingIntent for request 11
06-25 14:43:01.429   519  2321 D ContentCapturePerUserService: Notified activity assist data for activity: Token{944b99 ActivityRecord{a71bae3 u0 com.hanapkalinga.mobile/.MainActivity t13}} without a session Id
06-25 14:43:01.445  5130  5130 W AutofillChimeraService: Pending fill request while another request in the same session was triggered. [CONTEXT service_id=177 ]
06-25 14:43:01.472   519   519 W FillRequestEventLogger: Shouldn't be logging AutofillFillRequestReported again for same event
06-25 14:43:01.472   519   519 W FillResponseEventLogger: Shouldn't be logging AutofillFillRequestReported again for same event
06-25 14:43:01.472   519   519 D AutofillSession: clearPendingIntentLocked
06-25 14:43:01.472   519   519 D AutofillInlineSuggestionsRequestSession: onInlineSuggestionsResponseLocked called for:0@1862712030
06-25 14:43:01.474   519   539 D AutofillUI: destroySaveUiUiThread(): already destroyed
06-25 14:43:01.536  1531  1531 V InlineSuggestionRenderService: handleDestroySuggestionViews called for 0:1862712030
06-25 14:43:01.536   336  7631 I resolv  : res_nsend: used send_dg 99 terrno: 0
06-25 14:43:01.536   336  7631 I resolv  : doQuery: rcode=0, ancount=2, return value=99
06-25 14:43:01.553   835   835 D StatusBarIconController: ignoring old pipeline callbacks, because the new mobile icons are enabled
06-25 14:43:01.926  7360  7576 W QueryController: Could not detect idle state.
06-25 14:43:01.927  7360  7576 D Maestro : Requesting view hierarchy
06-25 14:43:01.928  7360  7576 W QueryController: Could not detect idle state.
06-25 14:43:01.928  7360  7576 W QueryController: Could not detect idle state.
06-25 14:43:01.941  7360  7576 I Maestro : Skipping invisible child: android.view.accessibility.AccessibilityNodeInfo@128b4; boundsInParent: Rect(0, 0 - 320, 0); boundsInScreen: Rect(0, 0 - 320, 0); boundsInWindow: Rect(0, 0 - 320, 0); packageName: com.hanapkalinga.mobile; className: android.widget.LinearLayout; text: null; error: null; maxTextLength: -1; stateDescription: null; contentDescription: null; tooltipText: null; containerTitle: null; viewIdResName: null; uniqueId: null; checkable: false; checked: false; focusable: false; focused: false; selected: false; clickable: false; longClickable: false; contextClickable: false; enabled: true; password: false; scrollable: false; importantForAccessibility: false; visible: false; actions: [AccessibilityAction: ACTION_SELECT - null, AccessibilityAction: ACTION_CLEAR_SELECTION - null, AccessibilityAction: ACTION_ACCESSIBILITY_FOCUS - null, AccessibilityAction: ACTION_SHOW_ON_SCREEN - null]; isTextSelectable: false
06-25 14:43:01.942  7360  7576 I Maestro : Skipping invisible child: android.view.accessibility.AccessibilityNodeInfo@124f3; boundsInParent: Rect(0, 0 - 320, 0); boundsInScreen: Rect(0, 0 - 320, 0); boundsInWindow: Rect(0, 0 - 320, 0); packageName: com.hanapkalinga.mobile; className: android.view.ViewGroup; text: null; error: null; maxTextLength: -1; stateDescription: null; contentDescription: null; tooltipText: null; containerTitle: null; viewIdResName: null; uniqueId: null; checkable: false; checked: false; focusable: false; focused: false; selected: false; clickable: false; longClickable: false; contextClickable: false; enabled: true; password: false; scrollable: false; importantForAccessibility: false; visible: false; actions: [AccessibilityAction: ACTION_SELECT - null, AccessibilityAction: ACTION_CLEAR_SELECTION - null, AccessibilityAction: ACTION_ACCESSIBILITY_FOCUS - null, AccessibilityAction: ACTION_SHOW_ON_SCREEN - null]; isTextSelectable: false
