06-25 14:43:22.393  7360  7416 I Maestro : Skipping invisible child: android.view.accessibility.AccessibilityNodeInfo@1a495; boundsInParent: Rect(0, 0 - 320, 0); boundsInScreen: Rect(0, 0 - 320, 0); boundsInWindow: Rect(0, 0 - 320, 0); packageName: com.hanapkalinga.mobile; className: android.widget.LinearLayout; text: null; error: null; maxTextLength: -1; stateDescription: null; contentDescription: null; tooltipText: null; containerTitle: null; viewIdResName: null; uniqueId: null; checkable: false; checked: false; focusable: false; focused: false; selected: false; clickable: false; longClickable: false; contextClickable: false; enabled: true; password: false; scrollable: false; importantForAccessibility: false; visible: false; actions: [AccessibilityAction: ACTION_SELECT - null, AccessibilityAction: ACTION_CLEAR_SELECTION - null, AccessibilityAction: ACTION_ACCESSIBILITY_FOCUS - null, AccessibilityAction: ACTION_SHOW_ON_SCREEN - null]; isTextSelectable: false
06-25 14:43:22.393  7360  7416 I Maestro : Skipping invisible child: android.view.accessibility.AccessibilityNodeInfo@1a0d4; boundsInParent: Rect(0, 0 - 320, 0); boundsInScreen: Rect(0, 0 - 320, 0); boundsInWindow: Rect(0, 0 - 320, 0); packageName: com.hanapkalinga.mobile; className: android.view.ViewGroup; text: null; error: null; maxTextLength: -1; stateDescription: null; contentDescription: null; tooltipText: null; containerTitle: null; viewIdResName: null; uniqueId: null; checkable: false; checked: false; focusable: false; focused: false; selected: false; clickable: false; longClickable: false; contextClickable: false; enabled: true; password: false; scrollable: false; importantForAccessibility: false; visible: false; actions: [AccessibilityAction: ACTION_SELECT - null, AccessibilityAction: ACTION_CLEAR_SELECTION - null, AccessibilityAction: ACTION_ACCESSIBILITY_FOCUS - null, AccessibilityAction: ACTION_SHOW_ON_SCREEN - null]; isTextSelectable: false
06-25 14:43:22.408  7360  7416 D Maestro : View hierarchy received in 26 ms
06-25 14:43:22.502  7360  7416 D Maestro : Requesting view hierarchy
06-25 14:43:22.503  7360  7416 W QueryController: Could not detect idle state.
06-25 14:43:22.503  7360  7416 W QueryController: Could not detect idle state.
06-25 14:43:22.511  7360  7416 I Maestro : Skipping invisible child: android.view.accessibility.AccessibilityNodeInfo@128b4; boundsInParent: Rect(0, 0 - 320, 0); boundsInScreen: Rect(0, 0 - 320, 0); boundsInWindow: Rect(0, 0 - 320, 0); packageName: com.hanapkalinga.mobile; className: android.widget.LinearLayout; text: null; error: null; maxTextLength: -1; stateDescription: null; contentDescription: null; tooltipText: null; containerTitle: null; viewIdResName: null; uniqueId: null; checkable: false; checked: false; focusable: false; focused: false; selected: false; clickable: false; longClickable: false; contextClickable: false; enabled: true; password: false; scrollable: false; importantForAccessibility: false; visible: false; actions: [AccessibilityAction: ACTION_SELECT - null, AccessibilityAction: ACTION_CLEAR_SELECTION - null, AccessibilityAction: ACTION_ACCESSIBILITY_FOCUS - null, AccessibilityAction: ACTION_SHOW_ON_SCREEN - null]; isTextSelectable: false
06-25 14:43:22.512  7360  7416 I Maestro : Skipping invisible child: android.view.accessibility.AccessibilityNodeInfo@124f3; boundsInParent: Rect(0, 0 - 320, 0); boundsInScreen: Rect(0, 0 - 320, 0); boundsInWindow: Rect(0, 0 - 320, 0); packageName: com.hanapkalinga.mobile; className: android.view.ViewGroup; text: null; error: null; maxTextLength: -1; stateDescription: null; contentDescription: null; tooltipText: null; containerTitle: null; viewIdResName: null; uniqueId: null; checkable: false; checked: false; focusable: false; focused: false; selected: false; clickable: false; longClickable: false; contextClickable: false; enabled: true; password: false; scrollable: false; importantForAccessibility: false; visible: false; actions: [AccessibilityAction: ACTION_SELECT - null, AccessibilityAction: ACTION_CLEAR_SELECTION - null, AccessibilityAction: ACTION_ACCESSIBILITY_FOCUS - null, AccessibilityAction: ACTION_SHOW_ON_SCREEN - null]; isTextSelectable: false
06-25 14:43:22.512  7360  7416 I Maestro : Skipping invisible child: android.view.accessibility.AccessibilityNodeInfo@1a495; boundsInParent: Rect(0, 0 - 320, 0); boundsInScreen: Rect(0, 0 - 320, 0); boundsInWindow: Rect(0, 0 - 320, 0); packageName: com.hanapkalinga.mobile; className: android.widget.LinearLayout; text: null; error: null; maxTextLength: -1; stateDescription: null; contentDescription: null; tooltipText: null; containerTitle: null; viewIdResName: null; uniqueId: null; checkable: false; checked: false; focusable: false; focused: false; selected: false; clickable: false; longClickable: false; contextClickable: false; enabled: true; password: false; scrollable: false; importantForAccessibility: false; visible: false; actions: [AccessibilityAction: ACTION_SELECT - null, AccessibilityAction: ACTION_CLEAR_SELECTION - null, AccessibilityAction: ACTION_ACCESSIBILITY_FOCUS - null, AccessibilityAction: ACTION_SHOW_ON_SCREEN - null]; isTextSelectable: false
06-25 14:43:22.512  7360  7416 I Maestro : Skipping invisible child: android.view.accessibility.AccessibilityNodeInfo@1a0d4; boundsInParent: Rect(0, 0 - 320, 0); boundsInScreen: Rect(0, 0 - 320, 0); boundsInWindow: Rect(0, 0 - 320, 0); packageName: com.hanapkalinga.mobile; className: android.view.ViewGroup; text: null; error: null; maxTextLength: -1; stateDescription: null; contentDescription: null; tooltipText: null; containerTitle: null; viewIdResName: null; uniqueId: null; checkable: false; checked: false; focusable: false; focused: false; selected: false; clickable: false; longClickable: false; contextClickable: false; enabled: true; password: false; scrollable: false; importantForAccessibility: false; visible: false; actions: [AccessibilityAction: ACTION_SELECT - null, AccessibilityAction: ACTION_CLEAR_SELECTION - null, AccessibilityAction: ACTION_ACCESSIBILITY_FOCUS - null, AccessibilityAction: ACTION_SHOW_ON_SCREEN - null]; isTextSelectable: false
06-25 14:43:22.529  7360  7416 D Maestro : View hierarchy received in 27 ms
06-25 14:43:22.599   835   835 D StatusBarIconController: ignoring old pipeline callback because the new wifi icon is enabled
06-25 14:43:22.622  7360  7416 D Maestro : Requesting view hierarchy
06-25 14:43:22.623  7360  7416 W QueryController: Could not detect idle state.
06-25 14:43:22.623  7360  7416 W QueryController: Could not detect idle state.
06-25 14:43:22.632  7360  7416 I Maestro : Skipping invisible child: android.view.accessibility.AccessibilityNodeInfo@128b4; boundsInParent: Rect(0, 0 - 320, 0); boundsInScreen: Rect(0, 0 - 320, 0); boundsInWindow: Rect(0, 0 - 320, 0); packageName: com.hanapkalinga.mobile; className: android.widget.LinearLayout; text: null; error: null; maxTextLength: -1; stateDescription: null; contentDescription: null; tooltipText: null; containerTitle: null; viewIdResName: null; uniqueId: null; checkable: false; checked: false; focusable: false; focused: false; selected: false; clickable: false; longClickable: false; contextClickable: false; enabled: true; password: false; scrollable: false; importantForAccessibility: false; visible: false; actions: [AccessibilityAction: ACTION_SELECT - null, AccessibilityAction: ACTION_CLEAR_SELECTION - null, AccessibilityAction: ACTION_ACCESSIBILITY_FOCUS - null, AccessibilityAction: ACTION_SHOW_ON_SCREEN - null]; isTextSelectable: false
06-25 14:43:22.632  7360  7416 I Maestro : Skipping invisible child: android.view.accessibility.AccessibilityNodeInfo@124f3; boundsInParent: Rect(0, 0 - 320, 0); boundsInScreen: Rect(0, 0 - 320, 0); boundsInWindow: Rect(0, 0 - 320, 0); packageName: com.hanapkalinga.mobile; className: android.view.ViewGroup; text: null; error: null; maxTextLength: -1; stateDescription: null; contentDescription: null; tooltipText: null; containerTitle: null; viewIdResName: null; uniqueId: null; checkable: false; checked: false; focusable: false; focused: false; selected: false; clickable: false; longClickable: false; contextClickable: false; enabled: true; password: false; scrollable: false; importantForAccessibility: false; visible: false; actions: [AccessibilityAction: ACTION_SELECT - null, AccessibilityAction: ACTION_CLEAR_SELECTION - null, AccessibilityAction: ACTION_ACCESSIBILITY_FOCUS - null, AccessibilityAction: ACTION_SHOW_ON_SCREEN - null]; isTextSelectable: false
06-25 14:43:22.633  7360  7416 I Maestro : Skipping invisible child: android.view.accessibility.AccessibilityNodeInfo@1a495; boundsInParent: Rect(0, 0 - 320, 0); boundsInScreen: Rect(0, 0 - 320, 0); boundsInWindow: Rect(0, 0 - 320, 0); packageName: com.hanapkalinga.mobile; className: android.widget.LinearLayout; text: null; error: null; maxTextLength: -1; stateDescription: null; contentDescription: null; tooltipText: null; containerTitle: null; viewIdResName: null; uniqueId: null; checkable: false; checked: false; focusable: false; focused: false; selected: false; clickable: false; longClickable: false; contextClickable: false; enabled: true; password: false; scrollable: false; importantForAccessibility: false; visible: false; actions: [AccessibilityAction: ACTION_SELECT - null, AccessibilityAction: ACTION_CLEAR_SELECTION - null, AccessibilityAction: ACTION_ACCESSIBILITY_FOCUS - null, AccessibilityAction: ACTION_SHOW_ON_SCREEN - null]; isTextSelectable: false
06-25 14:43:22.633  7360  7416 I Maestro : Skipping invisible child: android.view.accessibility.AccessibilityNodeInfo@1a0d4; boundsInParent: Rect(0, 0 - 320, 0); boundsInScreen: Rect(0, 0 - 320, 0); boundsInWindow: Rect(0, 0 - 320, 0); packageName: com.hanapkalinga.mobile; className: android.view.ViewGroup; text: null; error: null; maxTextLength: -1; stateDescription: null; contentDescription: null; tooltipText: null; containerTitle: null; viewIdResName: null; uniqueId: null; checkable: false; checked: false; focusable: false; focused: false; selected: false; clickable: false; longClickable: false; contextClickable: false; enabled: true; password: false; scrollable: false; importantForAccessibility: false; visible: false; actions: [AccessibilityAction: ACTION_SELECT - null, AccessibilityAction: ACTION_CLEAR_SELECTION - null, AccessibilityAction: ACTION_ACCESSIBILITY_FOCUS - null, AccessibilityAction: ACTION_SHOW_ON_SCREEN - null]; isTextSelectable: false
06-25 14:43:22.652  7360  7416 D Maestro : View hierarchy received in 29 ms
06-25 14:43:22.788  7360  7416 D Maestro : Requesting view hierarchy
06-25 14:43:22.789  7360  7416 W QueryController: Could not detect idle state.
06-25 14:43:22.789  7360  7416 W QueryController: Could not detect idle state.
06-25 14:43:22.799  7360  7416 I Maestro : Skipping invisible child: android.view.accessibility.AccessibilityNodeInfo@128b4; boundsInParent: Rect(0, 0 - 320, 0); boundsInScreen: Rect(0, 0 - 320, 0); boundsInWindow: Rect(0, 0 - 320, 0); packageName: com.hanapkalinga.mobile; className: android.widget.LinearLayout; text: null; error: null; maxTextLength: -1; stateDescription: null; contentDescription: null; tooltipText: null; containerTitle: null; viewIdResName: null; uniqueId: null; checkable: false; checked: false; focusable: false; focused: false; selected: false; clickable: false; longClickable: false; contextClickable: false; enabled: true; password: false; scrollable: false; importantForAccessibility: false; visible: false; actions: [AccessibilityAction: ACTION_SELECT - null, AccessibilityAction: ACTION_CLEAR_SELECTION - null, AccessibilityAction: ACTION_ACCESSIBILITY_FOCUS - null, AccessibilityAction: ACTION_SHOW_ON_SCREEN - null]; isTextSelectable: false
06-25 14:43:22.800  7360  7416 I Maestro : Skipping invisible child: android.view.accessibility.AccessibilityNodeInfo@124f3; boundsInParent: Rect(0, 0 - 320, 0); boundsInScreen: Rect(0, 0 - 320, 0); boundsInWindow: Rect(0, 0 - 320, 0); packageName: com.hanapkalinga.mobile; className: android.view.ViewGroup; text: null; error: null; maxTextLength: -1; stateDescription: null; contentDescription: null; tooltipText: null; containerTitle: null; viewIdResName: null; uniqueId: null; checkable: false; checked: false; focusable: false; focused: false; selected: false; clickable: false; longClickable: false; contextClickable: false; enabled: true; password: false; scrollable: false; importantForAccessibility: false; visible: false; actions: [AccessibilityAction: ACTION_SELECT - null, AccessibilityAction: ACTION_CLEAR_SELECTION - null, AccessibilityAction: ACTION_ACCESSIBILITY_FOCUS - null, AccessibilityAction: ACTION_SHOW_ON_SCREEN - null]; isTextSelectable: false
06-25 14:43:22.800  7360  7416 I Maestro : Skipping invisible child: android.view.accessibility.AccessibilityNodeInfo@1a495; boundsInParent: Rect(0, 0 - 320, 0); boundsInScreen: Rect(0, 0 - 320, 0); boundsInWindow: Rect(0, 0 - 320, 0); packageName: com.hanapkalinga.mobile; className: android.widget.LinearLayout; text: null; error: null; maxTextLength: -1; stateDescription: null; contentDescription: null; tooltipText: null; containerTitle: null; viewIdResName: null; uniqueId: null; checkable: false; checked: false; focusable: false; focused: false; selected: false; clickable: false; longClickable: false; contextClickable: false; enabled: true; password: false; scrollable: false; importantForAccessibility: false; visible: false; actions: [AccessibilityAction: ACTION_SELECT - null, AccessibilityAction: ACTION_CLEAR_SELECTION - null, AccessibilityAction: ACTION_ACCESSIBILITY_FOCUS - null, AccessibilityAction: ACTION_SHOW_ON_SCREEN - null]; isTextSelectable: false
06-25 14:43:22.801  7360  7416 I Maestro : Skipping invisible child: android.view.accessibility.AccessibilityNodeInfo@1a0d4; boundsInParent: Rect(0, 0 - 320, 0); boundsInScreen: Rect(0, 0 - 320, 0); boundsInWindow: Rect(0, 0 - 320, 0); packageName: com.hanapkalinga.mobile; className: android.view.ViewGroup; text: null; error: null; maxTextLength: -1; stateDescription: null; contentDescription: null; tooltipText: null; containerTitle: null; viewIdResName: null; uniqueId: null; checkable: false; checked: false; focusable: false; focused: false; selected: false; clickable: false; longClickable: false; contextClickable: false; enabled: true; password: false; scrollable: false; importantForAccessibility: false; visible: false; actions: [AccessibilityAction: ACTION_SELECT - null, AccessibilityAction: ACTION_CLEAR_SELECTION - null, AccessibilityAction: ACTION_ACCESSIBILITY_FOCUS - null, AccessibilityAction: ACTION_SHOW_ON_SCREEN - null]; isTextSelectable: false
06-25 14:43:22.818  7360  7416 D Maestro : View hierarchy received in 30 ms
06-25 14:43:22.909  7360  7576 D Maestro : Requesting view hierarchy
06-25 14:43:22.910  7360  7576 W QueryController: Could not detect idle state.
06-25 14:43:22.910  7360  7576 W QueryController: Could not detect idle state.
06-25 14:43:22.917  7360  7576 I Maestro : Skipping invisible child: android.view.accessibility.AccessibilityNodeInfo@128b4; boundsInParent: Rect(0, 0 - 320, 0); boundsInScreen: Rect(0, 0 - 320, 0); boundsInWindow: Rect(0, 0 - 320, 0); packageName: com.hanapkalinga.mobile; className: android.widget.LinearLayout; text: null; error: null; maxTextLength: -1; stateDescription: null; contentDescription: null; tooltipText: null; containerTitle: null; viewIdResName: null; uniqueId: null; checkable: false; checked: false; focusable: false; focused: false; selected: false; clickable: false; longClickable: false; contextClickable: false; enabled: true; password: false; scrollable: false; importantForAccessibility: false; visible: false; actions: [AccessibilityAction: ACTION_SELECT - null, AccessibilityAction: ACTION_CLEAR_SELECTION - null, AccessibilityAction: ACTION_ACCESSIBILITY_FOCUS - null, AccessibilityAction: ACTION_SHOW_ON_SCREEN - null]; isTextSelectable: false
06-25 14:43:22.918  7360  7576 I Maestro : Skipping invisible child: android.view.accessibility.AccessibilityNodeInfo@124f3; boundsInParent: Rect(0, 0 - 320, 0); boundsInScreen: Rect(0, 0 - 320, 0); boundsInWindow: Rect(0, 0 - 320, 0); packageName: com.hanapkalinga.mobile; className: android.view.ViewGroup; text: null; error: null; maxTextLength: -1; stateDescription: null; contentDescription: null; tooltipText: null; containerTitle: null; viewIdResName: null; uniqueId: null; checkable: false; checked: false; focusable: false; focused: false; selected: false; clickable: false; longClickable: false; contextClickable: false; enabled: true; password: false; scrollable: false; importantForAccessibility: false; visible: false; actions: [AccessibilityAction: ACTION_SELECT - null, AccessibilityAction: ACTION_CLEAR_SELECTION - null, AccessibilityAction: ACTION_ACCESSIBILITY_FOCUS - null, AccessibilityAction: ACTION_SHOW_ON_SCREEN - null]; isTextSelectable: false
06-25 14:43:22.918  7360  7576 I Maestro : Skipping invisible child: android.view.accessibility.AccessibilityNodeInfo@1a495; boundsInParent: Rect(0, 0 - 320, 0); boundsInScreen: Rect(0, 0 - 320, 0); boundsInWindow: Rect(0, 0 - 320, 0); packageName: com.hanapkalinga.mobile; className: android.widget.LinearLayout; text: null; error: null; maxTextLength: -1; stateDescription: null; contentDescription: null; tooltipText: null; containerTitle: null; viewIdResName: null; uniqueId: null; checkable: false; checked: false; focusable: false; focused: false; selected: false; clickable: false; longClickable: false; contextClickable: false; enabled: true; password: false; scrollable: false; importantForAccessibility: false; visible: false; actions: [AccessibilityAction: ACTION_SELECT - null, AccessibilityAction: ACTION_CLEAR_SELECTION - null, AccessibilityAction: ACTION_ACCESSIBILITY_FOCUS - null, AccessibilityAction: ACTION_SHOW_ON_SCREEN - null]; isTextSelectable: false
06-25 14:43:22.919  7360  7576 I Maestro : Skipping invisible child: android.view.accessibility.AccessibilityNodeInfo@1a0d4; boundsInParent: Rect(0, 0 - 320, 0); boundsInScreen: Rect(0, 0 - 320, 0); boundsInWindow: Rect(0, 0 - 320, 0); packageName: com.hanapkalinga.mobile; className: android.view.ViewGroup; text: null; error: null; maxTextLength: -1; stateDescription: null; contentDescription: null; tooltipText: null; containerTitle: null; viewIdResName: null; uniqueId: null; checkable: false; checked: false; focusable: false; focused: false; selected: false; clickable: false; longClickable: false; contextClickable: false; enabled: true; password: false; scrollable: false; importantForAccessibility: false; visible: false; actions: [AccessibilityAction: ACTION_SELECT - null, AccessibilityAction: ACTION_CLEAR_SELECTION - null, AccessibilityAction: ACTION_ACCESSIBILITY_FOCUS - null, AccessibilityAction: ACTION_SHOW_ON_SCREEN - null]; isTextSelectable: false
06-25 14:43:22.934  7360  7576 D Maestro : View hierarchy received in 25 ms
06-25 14:43:23.026  7360  7576 D Maestro : Requesting view hierarchy
06-25 14:43:23.027  7360  7576 W QueryController: Could not detect idle state.
06-25 14:43:23.027  7360  7576 W QueryController: Could not detect idle state.
06-25 14:43:23.034  7513  7532 D EGL_emulation: app_time_stats: avg=498.76ms min=495.22ms max=500.63ms count=3
06-25 14:43:23.045  7360  7576 I Maestro : Skipping invisible child: android.view.accessibility.AccessibilityNodeInfo@128b4; boundsInParent: Rect(0, 0 - 320, 0); boundsInScreen: Rect(0, 0 - 320, 0); boundsInWindow: Rect(0, 0 - 320, 0); packageName: com.hanapkalinga.mobile; className: android.widget.LinearLayout; text: null; error: null; maxTextLength: -1; stateDescription: null; contentDescription: null; tooltipText: null; containerTitle: null; viewIdResName: null; uniqueId: null; checkable: false; checked: false; focusable: false; focused: false; selected: false; clickable: false; longClickable: false; contextClickable: false; enabled: true; password: false; scrollable: false; importantForAccessibility: false; visible: false; actions: [AccessibilityAction: ACTION_SELECT - null, AccessibilityAction: ACTION_CLEAR_SELECTION - null, AccessibilityAction: ACTION_ACCESSIBILITY_FOCUS - null, AccessibilityAction: ACTION_SHOW_ON_SCREEN - null]; isTextSelectable: false
06-25 14:43:23.046  7360  7576 I Maestro : Skipping invisible child: android.view.accessibility.AccessibilityNodeInfo@124f3; boundsInParent: Rect(0, 0 - 320, 0); boundsInScreen: Rect(0, 0 - 320, 0); boundsInWindow: Rect(0, 0 - 320, 0); packageName: com.hanapkalinga.mobile; className: android.view.ViewGroup; text: null; error: null; maxTextLength: -1; stateDescription: null; contentDescription: null; tooltipText: null; containerTitle: null; viewIdResName: null; uniqueId: null; checkable: false; checked: false; focusable: false; focused: false; selected: false; clickable: false; longClickable: false; contextClickable: false; enabled: true; password: false; scrollable: false; importantForAccessibility: false; visible: false; actions: [AccessibilityAction: ACTION_SELECT - null, AccessibilityAction: ACTION_CLEAR_SELECTION - null, AccessibilityAction: ACTION_ACCESSIBILITY_FOCUS - null, AccessibilityAction: ACTION_SHOW_ON_SCREEN - null]; isTextSelectable: false
06-25 14:43:23.047  7360  7576 I Maestro : Skipping invisible child: android.view.accessibility.AccessibilityNodeInfo@1a495; boundsInParent: Rect(0, 0 - 320, 0); boundsInScreen: Rect(0, 0 - 320, 0); boundsInWindow: Rect(0, 0 - 320, 0); packageName: com.hanapkalinga.mobile; className: android.widget.LinearLayout; text: null; error: null; maxTextLength: -1; stateDescription: null; contentDescription: null; tooltipText: null; containerTitle: null; viewIdResName: null; uniqueId: null; checkable: false; checked: false; focusable: false; focused: false; selected: false; clickable: false; longClickable: false; contextClickable: false; enabled: true; password: false; scrollable: false; importantForAccessibility: false; visible: false; actions: [AccessibilityAction: ACTION_SELECT - null, AccessibilityAction: ACTION_CLEAR_SELECTION - null, AccessibilityAction: ACTION_ACCESSIBILITY_FOCUS - null, AccessibilityAction: ACTION_SHOW_ON_SCREEN - null]; isTextSelectable: false
06-25 14:43:23.048  7360  7576 I Maestro : Skipping invisible child: android.view.accessibility.AccessibilityNodeInfo@1a0d4; boundsInParent: Rect(0, 0 - 320, 0); boundsInScreen: Rect(0, 0 - 320, 0); boundsInWindow: Rect(0, 0 - 320, 0); packageName: com.hanapkalinga.mobile; className: android.view.ViewGroup; text: null; error: null; maxTextLength: -1; stateDescription: null; contentDescription: null; tooltipText: null; containerTitle: null; viewIdResName: null; uniqueId: null; checkable: false; checked: false; focusable: false; focused: false; selected: false; clickable: false; longClickable: false; contextClickable: false; enabled: true; password: false; scrollable: false; importantForAccessibility: false; visible: false; actions: [AccessibilityAction: ACTION_SELECT - null, AccessibilityAction: ACTION_CLEAR_SELECTION - null, AccessibilityAction: ACTION_ACCESSIBILITY_FOCUS - null, AccessibilityAction: ACTION_SHOW_ON_SCREEN - null]; isTextSelectable: false
06-25 14:43:23.073  7360  7576 D Maestro : View hierarchy received in 47 ms
06-25 14:43:23.136  7360  7576 D Maestro : Requesting view hierarchy
06-25 14:43:23.137  7360  7576 W QueryController: Could not detect idle state.
06-25 14:43:23.137  7360  7576 W QueryController: Could not detect idle state.
06-25 14:43:23.149  7360  7576 I Maestro : Skipping invisible child: android.view.accessibility.AccessibilityNodeInfo@128b4; boundsInParent: Rect(0, 0 - 320, 0); boundsInScreen: Rect(0, 0 - 320, 0); boundsInWindow: Rect(0, 0 - 320, 0); packageName: com.hanapkalinga.mobile; className: android.widget.LinearLayout; text: null; error: null; maxTextLength: -1; stateDescription: null; contentDescription: null; tooltipText: null; containerTitle: null; viewIdResName: null; uniqueId: null; checkable: false; checked: false; focusable: false; focused: false; selected: false; clickable: false; longClickable: false; contextClickable: false; enabled: true; password: false; scrollable: false; importantForAccessibility: false; visible: false; actions: [AccessibilityAction: ACTION_SELECT - null, AccessibilityAction: ACTION_CLEAR_SELECTION - null, AccessibilityAction: ACTION_ACCESSIBILITY_FOCUS - null, AccessibilityAction: ACTION_SHOW_ON_SCREEN - null]; isTextSelectable: false
06-25 14:43:23.149  7360  7576 I Maestro : Skipping invisible child: android.view.accessibility.AccessibilityNodeInfo@124f3; boundsInParent: Rect(0, 0 - 320, 0); boundsInScreen: Rect(0, 0 - 320, 0); boundsInWindow: Rect(0, 0 - 320, 0); packageName: com.hanapkalinga.mobile; className: android.view.ViewGroup; text: null; error: null; maxTextLength: -1; stateDescription: null; contentDescription: null; tooltipText: null; containerTitle: null; viewIdResName: null; uniqueId: null; checkable: false; checked: false; focusable: false; focused: false; selected: false; clickable: false; longClickable: false; contextClickable: false; enabled: true; password: false; scrollable: false; importantForAccessibility: false; visible: false; actions: [AccessibilityAction: ACTION_SELECT - null, AccessibilityAction: ACTION_CLEAR_SELECTION - null, AccessibilityAction: ACTION_ACCESSIBILITY_FOCUS - null, AccessibilityAction: ACTION_SHOW_ON_SCREEN - null]; isTextSelectable: false
06-25 14:43:23.150  7360  7576 I Maestro : Skipping invisible child: android.view.accessibility.AccessibilityNodeInfo@1a495; boundsInParent: Rect(0, 0 - 320, 0); boundsInScreen: Rect(0, 0 - 320, 0); boundsInWindow: Rect(0, 0 - 320, 0); packageName: com.hanapkalinga.mobile; className: android.widget.LinearLayout; text: null; error: null; maxTextLength: -1; stateDescription: null; contentDescription: null; tooltipText: null; containerTitle: null; viewIdResName: null; uniqueId: null; checkable: false; checked: false; focusable: false; focused: false; selected: false; clickable: false; longClickable: false; contextClickable: false; enabled: true; password: false; scrollable: false; importantForAccessibility: false; visible: false; actions: [AccessibilityAction: ACTION_SELECT - null, AccessibilityAction: ACTION_CLEAR_SELECTION - null, AccessibilityAction: ACTION_ACCESSIBILITY_FOCUS - null, AccessibilityAction: ACTION_SHOW_ON_SCREEN - null]; isTextSelectable: false
06-25 14:43:23.150  7360  7576 I Maestro : Skipping invisible child: android.view.accessibility.AccessibilityNodeInfo@1a0d4; boundsInParent: Rect(0, 0 - 320, 0); boundsInScreen: Rect(0, 0 - 320, 0); boundsInWindow: Rect(0, 0 - 320, 0); packageName: com.hanapkalinga.mobile; className: android.view.ViewGroup; text: null; error: null; maxTextLength: -1; stateDescription: null; contentDescription: null; tooltipText: null; containerTitle: null; viewIdResName: null; uniqueId: null; checkable: false; checked: false; focusable: false; focused: false; selected: false; clickable: false; longClickable: false; contextClickable: false; enabled: true; password: false; scrollable: false; importantForAccessibility: false; visible: false; actions: [AccessibilityAction: ACTION_SELECT - null, AccessibilityAction: ACTION_CLEAR_SELECTION - null, AccessibilityAction: ACTION_ACCESSIBILITY_FOCUS - null, AccessibilityAction: ACTION_SHOW_ON_SCREEN - null]; isTextSelectable: false
06-25 14:43:23.176  7360  7576 D Maestro : View hierarchy received in 40 ms
06-25 14:43:23.196  7360  7576 D Maestro : Requesting view hierarchy
06-25 14:43:23.197  7360  7576 W QueryController: Could not detect idle state.
06-25 14:43:23.203   519   915 W AutofillManagerServiceImpl: logViewEntered: not logging event because history is null
06-25 14:43:23.203   519   915 W PresentationStatsEventLogger: Shouldn't be logging AutofillPresentationEventReported again for same event
06-25 14:43:23.204   519   915 D AutofillSession: trigger augmented autofill.
06-25 14:43:23.204   519   915 W PresentationStatsEventLogger: Shouldn't be logging AutofillPresentationEventReported again for same event
06-25 14:43:23.204  7360  7576 W QueryController: Could not detect idle state.
06-25 14:43:23.207  7513  7513 W cr_AwContents: WebView.destroy() called while WebView is still attached to window.
06-25 14:43:23.210  1515  1515 I GoogleInputMethodService: GoogleInputMethodService.onFinishInput():3227 
06-25 14:43:23.210  1515  1515 I GoogleInputMethodService: GoogleInputMethodService.updateDeviceLockedStatus():2087 repeatCheckTimes = 0, unlocked = true
06-25 14:43:23.210  1515  1515 I GoogleInputMethodService: GoogleInputMethodService.onStartInput():1877 onStartInput(EditorInfo{inputType=0x21(EmailAddress) imeOptions=0x6 privateImeOptions=null actionName=DONE actionLabel=null actionId=0 initialSelStart=40 initialSelEnd=40 initialCapsMode=0x0 hintText=non-empty label=null packageName=com.hanapkalinga.mobile fieldId=128 fieldName=null extras=Bundle[mParcelledData.dataSize=240]}, false)
06-25 14:43:23.210  1515  1515 I GoogleInputMethodService: GoogleInputMethodService.shouldHideHeaderOnInitialState():4008 ShouldHideHeaderOnInitialState = false
06-25 14:43:23.211  1515  1515 I GoogleInputMethodService: GoogleInputMethodService.updateDeviceLockedStatus():2087 repeatCheckTimes = 2, unlocked = true
06-25 14:43:23.211  1515  1515 I HardKeyTracker: HardKeyTracker.registerKeySequence():62 Register key sequence hox{callback=eac@c1c61bd, lastModifier=0, keyCodes=[57, 57], actions=[1, 0]}
06-25 14:43:23.211  1515  1515 I HardKeyTracker: HardKeyTracker.registerKeySequence():62 Register key sequence hox{callback=eac@8250e80, lastModifier=0, keyCodes=[58, 58], actions=[1, 0]}
06-25 14:43:23.222   519   915 I ActivityManager: Killing 7582:com.google.android.webview:sandboxed_process0:org.chromium.content.app.SandboxedProcessService0:0/u0a192i3 (adj 0): isolated not needed
06-25 14:43:23.228   519   550 I libprocessgroup: Successfully killed process cgroup uid 99003 pid 7582 in 5ms
06-25 14:43:23.240   519   539 D DisplayManagerService: Drop pending events for gone uid 99003
06-25 14:43:23.243   983   983 I Zygote  : Process 7582 exited due to signal 9 (Killed)
06-25 14:43:23.253  7360  7576 I Maestro : Skipping invisible child: android.view.accessibility.AccessibilityNodeInfo@1afd8; boundsInParent: Rect(0, 0 - 0, 0); boundsInScreen: Rect(0, 0 - 0, 0); boundsInWindow: Rect(0, 0 - 0, 0); packageName: com.hanapkalinga.mobile; className: android.view.ViewGroup; text: null; error: null; maxTextLength: -1; stateDescription: null; contentDescription: null; tooltipText: null; containerTitle: null; viewIdResName: null; uniqueId: null; checkable: false; checked: false; focusable: false; focused: false; selected: false; clickable: false; longClickable: false; contextClickable: false; enabled: true; password: false; scrollable: false; importantForAccessibility: true; visible: false; actions: [AccessibilityAction: ACTION_SELECT - null, AccessibilityAction: ACTION_CLEAR_SELECTION - null, AccessibilityAction: ACTION_ACCESSIBILITY_FOCUS - null, AccessibilityAction: ACTION_SHOW_ON_SCREEN - null]; isTextSelectable: false
06-25 14:43:23.277  7360  7576 D Maestro : View hierarchy received in 81 ms
06-25 14:43:23.296  2383  2383 I DialerXatuMetricsWorker: com.android.dialer.xatu.impl.storage.postcall.XatuMetricsWorker.startWork:66 enter
06-25 14:43:23.314  2383  2606 I WM-WorkerWrapper: Worker result SUCCESS for Work [ id=65dc3fed-4f1a-4ed2-854b-de06d40a548e, tags={ com.google.apps.tiktok.contrib.work.TikTokListenableWorker, TikTokWorker#com.android.dialer.xatu.impl.storage.postcall.XatuMetricsWorker } ]
06-25 14:43:23.328  5130  7669 I NetworkScheduler.Stats: Task com.google.android.gms/com.google.android.gms.tapandpay.gcmtask.TapAndPayGcmTaskService started execution. cause:4 exec_start_elapsed_seconds: 346 [CONTEXT service_id=218 ]
06-25 14:43:23.329  5130  7668 V NFC     : this device does not have NFC support
06-25 14:43:23.329  5130  7668 W TapAndPay: NfcAdapter is null while obtaining CardEmulation instance. [CONTEXT service_id=79 ]
06-25 14:43:23.329  5130  7668 W TapAndPay: java.lang.NullPointerException: NfcAdapter is null
06-25 14:43:23.329  5130  7668 W TapAndPay: 	at android.nfc.cardemulation.CardEmulation.getInstance(CardEmulation.java:152)
06-25 14:43:23.329  5130  7668 W TapAndPay: 	at cdoy.<init>(:com.google.android.gms@231818047@23.18.18 (190800-535401451):0)
06-25 14:43:23.329  5130  7668 W TapAndPay: 	at com.google.android.gms.tapandpay.hce.task.TapAndPayAidRegistrationTaskOperation.a(:com.google.android.gms@231818047@23.18.18 (190800-535401451):5)
06-25 14:43:23.329  5130  7668 W TapAndPay: 	at com.google.android.gms.tapandpay.gcmtask.TapAndPayGcmTaskChimeraService.a(:com.google.android.gms@231818047@23.18.18 (190800-535401451):4)
06-25 14:43:23.329  5130  7668 W TapAndPay: 	at avzs.call(:com.google.android.gms@231818047@23.18.18 (190800-535401451):4)
06-25 14:43:23.329  5130  7668 W TapAndPay: 	at java.util.concurrent.FutureTask.run(FutureTask.java:264)
06-25 14:43:23.329  5130  7668 W TapAndPay: 	at aced.c(:com.google.android.gms@231818047@23.18.18 (190800-535401451):6)
06-25 14:43:23.329  5130  7668 W TapAndPay: 	at aced.run(:com.google.android.gms@231818047@23.18.18 (190800-535401451):7)
06-25 14:43:23.329  5130  7668 W TapAndPay: 	at java.util.concurrent.ThreadPoolExecutor.runWorker(ThreadPoolExecutor.java:1145)
06-25 14:43:23.329  5130  7668 W TapAndPay: 	at java.util.concurrent.ThreadPoolExecutor$Worker.run(ThreadPoolExecutor.java:644)
06-25 14:43:23.329  5130  7668 W TapAndPay: 	at acjn.run(:com.google.android.gms@231818047@23.18.18 (190800-535401451):0)
06-25 14:43:23.329  5130  7668 W TapAndPay: 	at java.lang.Thread.run(Thread.java:1012)
06-25 14:43:23.332  5130  7669 I NetworkScheduler.Stats: Task com.google.android.gms/com.google.android.gms.tapandpay.gcmtask.TapAndPayGcmTaskService finished executing. cause:4 result: 3 elapsed_millis: 14 uptime_millis: 14 exec_start_elapsed_seconds: 346 [CONTEXT service_id=218 ]
06-25 14:43:23.345  5130  7668 I NetworkScheduler.Stats: Task com.google.android.gms/com.google.android.gms.auth.account.be.legacy.AuthCronService started execution. cause:5 exec_start_elapsed_seconds: 346 [CONTEXT service_id=218 ]
06-25 14:43:23.355   519  2321 D ActivityManager: sync unfroze 3194 com.google.android.gms.unstable for 6
06-25 14:43:23.355   519  2321 W ProcessStats: Tracking association SourceState{b1104c3 com.google.android.gms.persistent/10131 BFgs #14059} whose proc state 4 is better than process ProcessState{2809671 com.google.android.gms.unstable/10131 pkg=com.google.android.gms} proc state 14 (5 skipped)
06-25 14:43:23.388  3194  3575 I GMS_MM_Logger: Memory Metric Logging not allowed. Stopping.
06-25 14:43:23.388  3194  6632 W libc    : Access denied finding property "persist.adb.tls_server.enable"
06-25 14:43:23.377  3194  3194 W binder:3194_C: type=1400 audit(0.0:72): avc:  denied  { read } for  name="u:object_r:system_adbd_prop:s0" dev="tmpfs" ino=292 scontext=u:r:gmscore_app:s0:c512,c768 tcontext=u:object_r:system_adbd_prop:s0 tclass=file permissive=0 app=com.google.android.gms
06-25 14:43:23.385  3194  3194 W binder:3194_C: type=1400 audit(0.0:73): avc:  denied  { read } for  name="u:object_r:adbd_prop:s0" dev="tmpfs" ino=60 scontext=u:r:gmscore_app:s0:c512,c768 tcontext=u:object_r:adbd_prop:s0 tclass=file permissive=0 app=com.google.android.gms
06-25 14:43:23.393  3194  6632 W libc    : Access denied finding property "service.adb.tls.port"
06-25 14:43:23.395   336  7672 I resolv  : GetAddrInfoHandler::run: {100 786532 100 983140 10131 0}
06-25 14:43:23.395  3194  6632 D TrafficStats: tagSocket(103) with statsTag=0x1809, statsUid=-1
06-25 14:43:23.403  5130  5325 W GmsUrlRequestImpl: Content-Type header is overwritten.
06-25 14:43:23.404   336  7673 I resolv  : GetAddrInfoHandler::run: {100 786532 100 983140 10131 0}
06-25 14:43:23.405   336  7674 I resolv  : res_nmkquery: (QUERY, IN, AAAA)
06-25 14:43:23.405   336  7674 I resolv  : resolv_cache_lookup: FOUND IN CACHE entry=0x70922ee2fd50
06-25 14:43:23.405   336  7674 I resolv  : doQuery: rcode=0, ancount=4, return value=152
06-25 14:43:23.409   336  7675 I resolv  : res_nmkquery: (QUERY, IN, A)
06-25 14:43:23.452   336  7675 I resolv  : res_nsend: used send_dg 104 terrno: 0
06-25 14:43:23.452   336  7675 I resolv  : doQuery: rcode=0, ancount=4, return value=104
06-25 14:43:23.453  5130  5468 D TrafficStats: tagSocket(211) with statsTag=0x401, statsUid=10131
06-25 14:43:23.500  5130  5325 W GLSUser : [AppCertManager] Exception while requesting key: 
06-25 14:43:23.500  5130  5325 W GLSUser : java.util.concurrent.ExecutionException: avvw: Parse Proto Exception.
06-25 14:43:23.500  5130  5325 W GLSUser : 	at dlnv.s(:com.google.android.gms@231818047@23.18.18 (190800-535401451):3)
06-25 14:43:23.500  5130  5325 W GLSUser : 	at dlnv.get(:com.google.android.gms@231818047@23.18.18 (190800-535401451):7)
06-25 14:43:23.500  5130  5325 W GLSUser : 	at oub.b(:com.google.android.gms@231818047@23.18.18 (190800-535401451):78)
06-25 14:43:23.500  5130  5325 W GLSUser : 	at otz.b(:com.google.android.gms@231818047@23.18.18 (190800-535401451):4)
06-25 14:43:23.500  5130  5325 W GLSUser : 	at otu.a(:com.google.android.gms@231818047@23.18.18 (190800-535401451):0)
06-25 14:43:23.500  5130  5325 W GLSUser : 	at otx.a(:com.google.android.gms@231818047@23.18.18 (190800-535401451):6)
06-25 14:43:23.500  5130  5325 W GLSUser : 	at lzq.call(:com.google.android.gms@231818047@23.18.18 (190800-535401451):14)
06-25 14:43:23.500  5130  5325 W GLSUser : 	at java.util.concurrent.FutureTask.run(FutureTask.java:264)
06-25 14:43:23.500  5130  5325 W GLSUser : 	at aced.c(:com.google.android.gms@231818047@23.18.18 (190800-535401451):6)
06-25 14:43:23.500  5130  5325 W GLSUser : 	at aced.run(:com.google.android.gms@231818047@23.18.18 (190800-535401451):7)
06-25 14:43:23.500  5130  5325 W GLSUser : 	at java.util.concurrent.ThreadPoolExecutor.runWorker(ThreadPoolExecutor.java:1145)
06-25 14:43:23.500  5130  5325 W GLSUser : 	at java.util.concurrent.ThreadPoolExecutor$Worker.run(ThreadPoolExecutor.java:644)
06-25 14:43:23.500  5130  5325 W GLSUser : 	at acjn.run(:com.google.android.gms@231818047@23.18.18 (190800-535401451):0)
06-25 14:43:23.500  5130  5325 W GLSUser : 	at java.lang.Thread.run(Thread.java:1012)
06-25 14:43:23.500  5130  5325 W GLSUser : Caused by: avvw: Parse Proto Exception.
06-25 14:43:23.500  5130  5325 W GLSUser : 	at avwn.f(:com.google.android.gms@231818047@23.18.18 (190800-535401451):5)
06-25 14:43:23.500  5130  5325 W GLSUser : 	at avxk.onSucceeded(:com.google.android.gms@231818047@23.18.18 (190800-535401451):0)
06-25 14:43:23.500  5130  5325 W GLSUser : 	at jf.onSucceeded(:com.google.android.gms.dynamite_cronetdynamite@231818047@23.18.18 (190800-0):0)
06-25 14:43:23.500  5130  5325 W GLSUser : 	at ie.run(:com.google.android.gms.dynamite_cronetdynamite@231818047@23.18.18 (190800-0):4)
06-25 14:43:23.500  5130  5325 W GLSUser : 	... 6 more
06-25 14:43:23.500  5130  5325 W GLSUser : Caused by: dzfz: Protocol message contained an invalid tag (zero).
06-25 14:43:23.500  5130  5325 W GLSUser : 	at dzdb.k(:com.google.android.gms@231818047@23.18.18 (190800-535401451):13)
06-25 14:43:23.500  5130  5325 W GLSUser : 	at dzha.c(:com.google.android.gms@231818047@23.18.18 (190800-535401451):47)
06-25 14:43:23.500  5130  5325 W GLSUser : 	at dzha.h(:com.google.android.gms@231818047@23.18.18 (190800-535401451):45)
06-25 14:43:23.500  5130  5325 W GLSUser : 	at dzfd.A(:com.google.android.gms@231818047@23.18.18 (190800-535401451):2)
06-25 14:43:23.500  5130  5325 W GLSUser : 	at dzex.f(:com.google.android.gms@231818047@23.18.18 (190800-535401451):0)
06-25 14:43:23.500  5130  5325 W GLSUser : 	at dzcx.d(:com.google.android.gms@231818047@23.18.18 (190800-535401451):0)
06-25 14:43:23.500  5130  5325 W GLSUser : 	at dzcx.c(:com.google.android.gms@231818047@23.18.18 (190800-535401451):0)
06-25 14:43:23.500  5130  5325 W GLSUser : 	at dzcx.n(:com.google.android.gms@231818047@23.18.18 (190800-535401451):0)
06-25 14:43:23.500  5130  5325 W GLSUser : 	at avwn.h(:com.google.android.gms@231818047@23.18.18 (190800-535401451):7)
06-25 14:43:23.500  5130  5325 W GLSUser : 	at avwn.f(:com.google.android.gms@231818047@23.18.18 (190800-535401451):1)
06-25 14:43:23.500  5130  5325 W GLSUser : 	... 9 more
06-25 14:43:23.513  5130  7669 I NetworkScheduler.Stats: Task com.google.android.gms/com.google.android.gms.auth.account.be.legacy.AuthCronService finished executing. cause:5 result: 3 elapsed_millis: 160 uptime_millis: 160 exec_start_elapsed_seconds: 346 [CONTEXT service_id=218 ]
06-25 14:43:23.575   336  7677 I resolv  : GetAddrInfoHandler::run: {100 786532 100 983140 10131 0}
06-25 14:43:23.576   822   822 I wpa_supplicant: wlan0: CTRL-EVENT-BEACON-LOSS 
06-25 14:43:23.576   336  7678 I resolv  : res_nmkquery: (QUERY, IN, AAAA)
06-25 14:43:23.576   336  7678 I resolv  : resolv_cache_lookup: FOUND IN CACHE entry=0x70921ee35e50
06-25 14:43:23.576   336  7678 I resolv  : doQuery: rcode=0, ancount=4, return value=157
06-25 14:43:23.577   336  7679 I resolv  : res_nmkquery: (QUERY, IN, A)
06-25 14:43:23.577   336  7679 I resolv  : resolv_cache_lookup: FOUND IN CACHE entry=0x70922ee2f690
06-25 14:43:23.577   336  7679 I resolv  : doQuery: rcode=0, ancount=4, return value=109
06-25 14:43:23.743  7513  7513 I ImeTracker: com.hanapkalinga.mobile:d5171f19: onRequestHide at ORIGIN_CLIENT_HIDE_SOFT_INPUT reason HIDE_SOFT_INPUT
06-25 14:43:23.743   519  2557 I ImeTracker: com.hanapkalinga.mobile:d5171f19: onCancelled at PHASE_SERVER_SHOULD_HIDE
06-25 14:43:23.924   342  5760 D android.hardware.audio@7.1-impl.ranchu: threadLoop: entering standby, frames: 2676480
06-25 14:43:23.929  5223  6362 I GMS_MM_Logger: Memory Metric Logging not allowed. Stopping.
06-25 14:43:23.939  7360  7576 W QueryController: Could not detect idle state.
06-25 14:43:23.939  7360  7576 D Maestro : Requesting view hierarchy
06-25 14:43:23.940  7360  7576 W QueryController: Could not detect idle state.
06-25 14:43:23.941  7360  7576 W QueryController: Could not detect idle state.
06-25 14:43:24.003  7360  7576 I Maestro : Skipping invisible child: android.view.accessibility.AccessibilityNodeInfo@1c29d; boundsInParent: Rect(0, 0 - 320, 0); boundsInScreen: Rect(0, 0 - 320, 0); boundsInWindow: Rect(0, 0 - 320, 0); packageName: com.hanapkalinga.mobile; className: android.widget.LinearLayout; text: null; error: null; maxTextLength: -1; stateDescription: null; contentDescription: null; tooltipText: null; containerTitle: null; viewIdResName: null; uniqueId: null; checkable: false; checked: false; focusable: false; focused: false; selected: false; clickable: false; longClickable: false; contextClickable: false; enabled: true; password: false; scrollable: false; importantForAccessibility: false; visible: false; actions: [AccessibilityAction: ACTION_SELECT - null, AccessibilityAction: ACTION_CLEAR_SELECTION - null, AccessibilityAction: ACTION_ACCESSIBILITY_FOCUS - null, AccessibilityAction: ACTION_SHOW_ON_SCREEN - null]; isTextSelectable: false
06-25 14:43:24.004  7360  7576 I Maestro : Skipping invisible child: android.view.accessibility.AccessibilityNodeInfo@1bedc; boundsInParent: Rect(0, 0 - 320, 0); boundsInScreen: Rect(0, 0 - 320, 0); boundsInWindow: Rect(0, 0 - 320, 0); packageName: com.hanapkalinga.mobile; className: android.view.ViewGroup; text: null; error: null; maxTextLength: -1; stateDescription: null; contentDescription: null; tooltipText: null; containerTitle: null; viewIdResName: null; uniqueId: null; checkable: false; checked: false; focusable: false; focused: false; selected: false; clickable: false; longClickable: false; contextClickable: false; enabled: true; password: false; scrollable: false; importantForAccessibility: false; visible: false; actions: [AccessibilityAction: ACTION_SELECT - null, AccessibilityAction: ACTION_CLEAR_SELECTION - null, AccessibilityAction: ACTION_ACCESSIBILITY_FOCUS - null, AccessibilityAction: ACTION_SHOW_ON_SCREEN - null]; isTextSelectable: false
06-25 14:43:24.004  7360  7576 I Maestro : Skipping invisible child: android.view.accessibility.AccessibilityNodeInfo@52203; boundsInParent: Rect(0, 0 - 320, 0); boundsInScreen: Rect(0, 0 - 320, 0); boundsInWindow: Rect(0, 0 - 320, 0); packageName: com.hanapkalinga.mobile; className: android.widget.LinearLayout; text: null; error: null; maxTextLength: -1; stateDescription: null; contentDescription: null; tooltipText: null; containerTitle: null; viewIdResName: null; uniqueId: null; checkable: false; checked: false; focusable: false; focused: false; selected: false; clickable: false; longClickable: false; contextClickable: false; enabled: true; password: false; scrollable: false; importantForAccessibility: false; visible: false; actions: [AccessibilityAction: ACTION_SELECT - null, AccessibilityAction: ACTION_CLEAR_SELECTION - null, AccessibilityAction: ACTION_ACCESSIBILITY_FOCUS - null, AccessibilityAction: ACTION_SHOW_ON_SCREEN - null]; isTextSelectable: false
06-25 14:43:24.005  7360  7576 I Maestro : Skipping invisible child: android.view.accessibility.AccessibilityNodeInfo@51e42; boundsInParent: Rect(0, 0 - 320, 0); boundsInScreen: Rect(0, 0 - 320, 0); boundsInWindow: Rect(0, 0 - 320, 0); packageName: com.hanapkalinga.mobile; className: android.view.ViewGroup; text: null; error: null; maxTextLength: -1; stateDescription: null; contentDescription: null; tooltipText: null; containerTitle: null; viewIdResName: null; uniqueId: null; checkable: false; checked: false; focusable: false; focused: false; selected: false; clickable: false; longClickable: false; contextClickable: false; enabled: true; password: false; scrollable: false; importantForAccessibility: false; visible: false; actions: [AccessibilityAction: ACTION_SELECT - null, AccessibilityAction: ACTION_CLEAR_SELECTION - null, AccessibilityAction: ACTION_ACCESSIBILITY_FOCUS - null, AccessibilityAction: ACTION_SHOW_ON_SCREEN - null]; isTextSelectable: false
06-25 14:43:24.006  7360  7576 I Maestro : Skipping invisible child: android.view.accessibility.AccessibilityNodeInfo@4538c; boundsInParent: Rect(0, 0 - 10, 0); boundsInScreen: Rect(281, 81 - 290, 81); boundsInWindow: Rect(281, 81 - 290, 81); packageName: com.hanapkalinga.mobile; className: com.horcrux.svg.PathView; text: null; error: null; maxTextLength: -1; stateDescription: null; contentDescription: null; tooltipText: null; containerTitle: null; viewIdResName: null; uniqueId: null; checkable: false; checked: false; focusable: false; focused: false; selected: false; clickable: false; longClickable: false; contextClickable: false; enabled: true; password: false; scrollable: false; importantForAccessibility: false; visible: false; actions: [AccessibilityAction: ACTION_SELECT - null, AccessibilityAction: ACTION_CLEAR_SELECTION - null, AccessibilityAction: ACTION_ACCESSIBILITY_FOCUS - null, AccessibilityAction: ACTION_SHOW_ON_SCREEN - null]; isTextSelectable: false
06-25 14:43:24.022  7360  7576 I Maestro : Skipping invisible child: android.view.accessibility.AccessibilityNodeInfo@4a622; boundsInParent: Rect(0, 0 - 1, 2); boundsInScreen: Rect(264, 123 - 264, 125); boundsInWindow: Rect(264, 123 - 264, 125); packageName: com.hanapkalinga.mobile; className: com.horcrux.svg.PathView; text: null; error: null; maxTextLength: -1; stateDescription: null; contentDescription: null; tooltipText: null; containerTitle: null; viewIdResName: null; uniqueId: null; checkable: false; checked: false; focusable: false; focused: false; selected: false; clickable: false; longClickable: false; contextClickable: false; enabled: true; password: false; scrollable: false; importantForAccessibility: false; visible: false; actions: [AccessibilityAction: ACTION_SELECT - null, AccessibilityAction: ACTION_CLEAR_SELECTION - null, AccessibilityAction: ACTION_ACCESSIBILITY_FOCUS - null, AccessibilityAction: ACTION_SHOW_ON_SCREEN - null]; isTextSelectable: false
06-25 14:43:24.023  7360  7576 I Maestro : Skipping invisible child: android.view.accessibility.AccessibilityNodeInfo@4a261; boundsInParent: Rect(0, 0 - 1, 2); boundsInScreen: Rect(268, 123 - 268, 125); boundsInWindow: Rect(268, 123 - 268, 125); packageName: com.hanapkalinga.mobile; className: com.horcrux.svg.PathView; text: null; error: null; maxTextLength: -1; stateDescription: null; contentDescription: null; tooltipText: null; containerTitle: null; viewIdResName: null; uniqueId: null; checkable: false; checked: false; focusable: false; focused: false; selected: false; clickable: false; longClickable: false; contextClickable: false; enabled: true; password: false; scrollable: false; importantForAccessibility: false; visible: false; actions: [AccessibilityAction: ACTION_SELECT - null, AccessibilityAction: ACTION_CLEAR_SELECTION - null, AccessibilityAction: ACTION_ACCESSIBILITY_FOCUS - null, AccessibilityAction: ACTION_SHOW_ON_SCREEN - null]; isTextSelectable: false
