06-24 07:04:28.195  6202  6202 I AccessibilityNodeInfoDumper: Skipping invisible child: android.view.accessibility.AccessibilityNodeInfo@1a464; boundsInParent: Rect(0, 0 - 320, 0); boundsInScreen: Rect(0, 0 - 320, 0); boundsInWindow: Rect(0, 0 - 320, 0); packageName: com.hanapkalinga.mobile; className: android.widget.LinearLayout; text: null; error: null; maxTextLength: -1; stateDescription: null; contentDescription: null; tooltipText: null; containerTitle: null; viewIdResName: null; uniqueId: null; checkable: false; checked: false; focusable: false; focused: false; selected: false; clickable: false; longClickable: false; contextClickable: false; enabled: true; password: false; scrollable: false; importantForAccessibility: false; visible: false; actions: [AccessibilityAction: ACTION_SELECT - null, AccessibilityAction: ACTION_CLEAR_SELECTION - null, AccessibilityAction: ACTION_ACCESSIBILITY_FOCUS - null, AccessibilityAction: ACTION_SHOW_ON_SCREEN - null]; isTextSelectable: false
06-24 07:04:28.195  6202  6202 I AccessibilityNodeInfoDumper: Skipping invisible child: android.view.accessibility.AccessibilityNodeInfo@1a0a3; boundsInParent: Rect(0, 0 - 320, 0); boundsInScreen: Rect(0, 0 - 320, 0); boundsInWindow: Rect(0, 0 - 320, 0); packageName: com.hanapkalinga.mobile; className: android.view.ViewGroup; text: null; error: null; maxTextLength: -1; stateDescription: null; contentDescription: null; tooltipText: null; containerTitle: null; viewIdResName: null; uniqueId: null; checkable: false; checked: false; focusable: false; focused: false; selected: false; clickable: false; longClickable: false; contextClickable: false; enabled: true; password: false; scrollable: false; importantForAccessibility: false; visible: false; actions: [AccessibilityAction: ACTION_SELECT - null, AccessibilityAction: ACTION_CLEAR_SELECTION - null, AccessibilityAction: ACTION_ACCESSIBILITY_FOCUS - null, AccessibilityAction: ACTION_SHOW_ON_SCREEN - null]; isTextSelectable: false
06-24 07:04:28.196  6202  6202 I AccessibilityNodeInfoDumper: Skipping invisible child: android.view.accessibility.AccessibilityNodeInfo@1829b; boundsInParent: Rect(0, 0 - 1, 1); boundsInScreen: Rect(20, 348 - 21, 349); boundsInWindow: Rect(20, 348 - 21, 349); packageName: com.hanapkalinga.mobile; className: android.view.ViewGroup; text: null; error: null; maxTextLength: -1; stateDescription: null; contentDescription: null; tooltipText: null; containerTitle: null; viewIdResName: login_captcha_ready; uniqueId: null; checkable: false; checked: false; focusable: false; focused: false; selected: false; clickable: false; longClickable: false; contextClickable: false; enabled: true; password: false; scrollable: false; importantForAccessibility: true; visible: false; actions: [AccessibilityAction: ACTION_SELECT - null, AccessibilityAction: ACTION_CLEAR_SELECTION - null, AccessibilityAction: ACTION_ACCESSIBILITY_FOCUS - null, AccessibilityAction: ACTION_SHOW_ON_SCREEN - null]; isTextSelectable: false
06-24 07:04:28.204  6202  6202 W AccessibilityNodeInfoDumper: Fetch time: 15ms
06-24 07:04:28.205   518  2512 W WindowMagnificationMgr: requestConnection duplicated request: connect=false, mConnectionState=DISCONNECTED
06-24 07:04:28.205  1629  3431 I AiAiEcho: Settings changed for uri: content://settings/secure/accessibility_enabled
06-24 07:04:28.205   518  2512 D AccessibilityManagerService: restoreCurrentUserForTestAutomationIfNeededLocked(): ignoring because device doesn't support visible background users
06-24 07:04:28.206   518   518 D BatterySaverPolicy: accessibility changed to false, updating policy.
06-24 07:04:28.207  1759  2333 I A       : NGA enabled in interactor.
06-24 07:04:28.208  1759  2333 I A       : Nga state changed to NgaStateDetails{state=ENABLED, isSpecialExperience=false}
06-24 07:04:28.210  6202  6202 D AndroidRuntime: Shutting down VM
06-24 07:04:28.213  1629  1694 I AiAiEcho: Predicting[0]: 
06-24 07:04:28.214  1664  4853 I A       : Initializing all components
06-24 07:04:28.215  1629  1694 I AiAiEcho: EchoTargets: 
06-24 07:04:28.215  1629  1694 I AiAiEcho: Filtered by AiAi flag check: 
06-24 07:04:28.215  1629  1694 I AiAiEcho: Ranked targets strategy: SORT, count: 0, ranking metadata: 
06-24 07:04:28.216  1629  1694 I AiAiEcho: Predicting[0]: 
06-24 07:04:28.217  1664  4853 I A       : APA or Classic session decision: SessionDecision(sessionVariance=CLASSIC, platformVariance=CLASSIC, justification=CURRENT_PLATFORM_VARIANCE).
06-24 07:04:28.217  1629  1694 I AiAiEcho: EchoTargets: 
06-24 07:04:28.217  1629  1694 I AiAiEcho: Filtered by AiAi flag check: 
06-24 07:04:28.217  1629  1694 I AiAiEcho: Ranked targets strategy: SORT, count: 0, ranking metadata: 
06-24 07:04:28.217  1664  2369 I A       : onIsEnabledChanged, isEnabled: false
06-24 07:04:28.217  1664  2396 I A       : State changed: IDLE => IDLE by NGA_STATE_CHANGED and N/A with Optional.empty
06-24 07:04:28.217  1664  2396 I A       : Recognizer choice: (recognizer_type: 1, recognizer_mode: 1, choice_reason: 4)
06-24 07:04:28.218  1664  2369 W A       : Disposing empty manager. Did you forgot to subscribe observables?
06-24 07:04:28.218  1664  2369 W A       : Disposing empty manager. Did you forgot to subscribe observables?
06-24 07:04:28.218  1664  2369 W A       : Disposing empty manager. Did you forgot to subscribe observables?
06-24 07:04:28.218  1664  2369 W A       : Disposing empty manager. Did you forgot to subscribe observables?
06-24 07:04:28.219  1664  2369 W A       : Disposing empty manager. Did you forgot to subscribe observables?
06-24 07:04:28.219  1664  2369 W A       : Disposing empty manager. Did you forgot to subscribe observables?
06-24 07:04:28.219  1664  2369 W A       : Disposing empty manager. Did you forgot to subscribe observables?
06-24 07:04:28.219  1664  2369 W A       : Disposing empty manager. Did you forgot to subscribe observables?
06-24 07:04:28.219  1664  2369 W A       : Disposing empty manager. Did you forgot to subscribe observables?
06-24 07:04:28.219  1664  2369 W A       : Disposing empty manager. Did you forgot to subscribe observables?
06-24 07:04:28.219  1664  2369 I A       : onOpaVisibilityChanged: false
06-24 07:04:28.219  1664  2369 W A       : Disposing empty manager. Did you forgot to subscribe observables?
06-24 07:04:28.219  1664  2369 W A       : Disposing empty manager. Did you forgot to subscribe observables?
06-24 07:04:28.219  1664  4853 I A       : [Memory] eligibility: StashEligibility{6}
06-24 07:04:28.219  1664  2369 W A       : Disposing empty manager. Did you forgot to subscribe observables?
06-24 07:04:28.220  1664  2369 W A       : Disposing empty manager. Did you forgot to subscribe observables?
06-24 07:04:28.221  1664  2396 I A       : onActiveStateChangeEvent: IDLE => IDLE
06-24 07:04:28.222  1664  2396 I A       : #onActiveStateChangeEvent, newState: IDLE, previousState: IDLE.
06-24 07:04:28.222  1629  1694 I AiAiEcho: #postPredictionTargets: Sending updates to UISurface lockscreen with targets# 0 (types=[])
06-24 07:04:28.223  1629  1694 I AiAiEcho: #postPredictionTargets: Sending updates to UISurface home with targets# 0 (types=[])
06-24 07:04:28.224   834   834 W PageIndicator: Total number of pages invalid: 0. Assuming 1 page.
06-24 07:04:28.225  1664  2369 W A       : Disposing empty manager. Did you forgot to subscribe observables?
06-24 07:04:28.225  1664  2369 W A       : Disposing empty manager. Did you forgot to subscribe observables?
06-24 07:04:28.225  1664  2369 I A       : Setting session to type: NO_SESSION
06-24 07:04:28.225  1664  2369 W A       : Disposing empty manager. Did you forgot to subscribe observables?
06-24 07:04:28.225  1664  2369 W A       : Disposing empty manager. Did you forgot to subscribe observables?
06-24 07:04:28.225  1664  2369 W A       : Disposing empty manager. Did you forgot to subscribe observables?
06-24 07:04:28.225  1664  2369 W A       : Disposing empty manager. Did you forgot to subscribe observables?
06-24 07:04:28.225  1664  2369 W A       : Disposing empty manager. Did you forgot to subscribe observables?
06-24 07:04:28.225  1664  2369 W A       : Disposing empty manager. Did you forgot to subscribe observables?
06-24 07:04:28.225  1664  2369 W A       : Disposing empty manager. Did you forgot to subscribe observables?
06-24 07:04:28.226  1664  2369 W A       : Disposing empty manager. Did you forgot to subscribe observables?
06-24 07:04:28.226  1664  2369 I A       : setNavBarVisible: GestureNavBarVisible{navbarVisible=true}
06-24 07:04:28.226  1664  2369 W A       : Disposing empty manager. Did you forgot to subscribe observables?
06-24 07:04:28.226  1664  2369 W A       : Disposing empty manager. Did you forgot to subscribe observables?
06-24 07:04:28.226  1664  2369 W A       : Disposing empty manager. Did you forgot to subscribe observables?
06-24 07:04:28.226  1664  2369 W A       : Disposing empty manager. Did you forgot to subscribe observables?
06-24 07:04:28.226  1664  2369 W A       : Disposing empty manager. Did you forgot to subscribe observables?
06-24 07:04:28.227  1664  2369 W A       : Disposing empty manager. Did you forgot to subscribe observables?
06-24 07:04:28.227  1664  2369 I A       : onDisabled. Registered: false
06-24 07:04:28.227  1664  2369 I A       : on opa visibility changed false
06-24 07:04:28.228  1664  2396 I A       : Initialize
06-24 07:04:28.232  1664  2369 I A       : on opa visibility changed false
06-24 07:04:28.233  1664  2369 I A       : stopListening(NGA_PAUSED_UNKNOWN_REASON, NGA_CREATE), idleOverride=NOT_LISTENING
06-24 07:04:28.233  1664  2369 I NgaEntryPointEventSendr: setupConnection
06-24 07:04:28.235  1664  2396 I A       : Successfully initialized all components
06-24 07:04:28.237  1759  1759 I A       : Creating pss binder().
06-24 07:04:28.241  5020  6051 I NetworkScheduler.Stats: Task com.google.android.gms/com.google.android.gms.ipa.base.IpaGcmTaskService started execution. cause:9 exec_start_elapsed_seconds: 154 [CONTEXT service_id=218 ]
06-24 07:04:28.241  1664  2369 I NgaEntryPointEventSendr: State changed: Disconnected => Connecting
06-24 07:04:28.242  1664  2369 I NgaEntryPointEventSendr: onServiceConnected
06-24 07:04:28.242  5020  6051 I NetworkScheduler.Stats: Task com.google.android.gms/com.google.android.gms.ipa.base.IpaGcmTaskService finished executing. cause:9 result: 1 elapsed_millis: 29 uptime_millis: 29 exec_start_elapsed_seconds: 154 [CONTEXT service_id=218 ]
06-24 07:04:28.242  1759  2610 I A       : Calling beginBinderSession().
06-24 07:04:28.242  1759  2610 I A       : beginBinderSession(): calling binder
06-24 07:04:28.242  1664  2369 I NgaEntryPointEventSendr: State changed: Connecting => Ready
06-24 07:04:28.245   518  1657 W ActivityManager: Unable to start service Intent { cmp=com.google.android.apps.tachyon/.clientapi.ClientApiService } U=0: not found
06-24 07:04:28.247  1664  1664 V ClearcutMetricXmitter: Transmission is done.
06-24 07:04:28.252  1664  2369 I NgaEntryPointEventSendr: State changed: Ready => Disconnected (onOpaDisconnected)
06-24 07:04:28.253  1759  2834 I PBSessionCacheImpl: Deleted sessionId[7737946097565331] from persistence.
06-24 07:04:28.253  1759  2834 W A       : UiCallbackStub-onGenericEvent[ServiceEvent = 60] task was not run. Callback from Service received after client was disposed.
06-24 07:04:28.255  1759  2834 W SearchServiceCore: Abort, client detached.
06-24 07:04:28.255  1759  2834 W SearchServiceCore: Abort, client detached.
06-24 07:04:28.255  1759  2834 W SearchServiceCore: Abort, client detached.
06-24 07:04:28.256  1759  2834 W SearchServiceCore: Abort, client detached.
06-24 07:04:28.256  1759  2834 W SearchServiceCore: Abort, client detached.
06-24 07:04:28.263  1759  1858 I earchbox:search: JIT allocated 62KB for compiled code of java.lang.Object com.google.android.apps.gsa.binaries.velvet.app.ael.b()
06-24 07:04:28.623  5688  5708 D EGL_emulation: app_time_stats: avg=499.48ms min=498.47ms max=500.05ms count=3
06-24 07:04:28.935  5113  5113 D BoundBrokerSvc: onUnbind: Intent { act=com.google.android.gms.auth.cryptauth.cryptauthservice.START dat=chimera-action:/... cmp=com.google.android.gms/.chimera.GmsBoundBrokerService }
