06-24 07:05:34.766  6744  6744 W app_process: ClassLoaderContext shared library size mismatch. Expected=2, found=0 (PCL[]{PCL[/system/framework/android.test.base.jar*836642756]#PCL[/system/framework/android.test.mock.jar*3186112116]} | PCL[])
06-24 07:05:34.768  6744  6744 W app_process: ClassLoaderContext classpath size mismatch. expected=0, found=1 (PCL[]{PCL[/system/framework/android.test.runner.jar*4168958247]{PCL[/system/framework/android.test.base.jar*836642756]#PCL[/system/framework/android.test.mock.jar*3186112116]}#PCL[/system/framework/android.test.base.jar*836642756]} | PCL[/system/framework/android.test.runner.jar*4168958247])
06-24 07:05:34.784  6744  6744 W libc    : Access denied finding property "ro.product.name_for_attestation"
06-24 07:05:34.784  6744  6744 W libc    : Access denied finding property "ro.product.brand_for_attestation"
06-24 07:05:34.784  6744  6744 W libc    : Access denied finding property "ro.product.model_for_attestation"
06-24 07:05:34.785  6744  6744 D AndroidRuntime: Calling main entry com.android.commands.uiautomator.Launcher
06-24 07:05:34.779  6744  6744 W main    : type=1400 audit(0.0:61): avc:  denied  { read } for  name="u:object_r:build_attestation_prop:s0" dev="tmpfs" ino=86 scontext=u:r:shell:s0 tcontext=u:object_r:build_attestation_prop:s0 tclass=file permissive=0
06-24 07:05:34.788  6744  6744 D UiAutomationConnection: Created on user UserHandle{0}
06-24 07:05:34.788  6744  6744 I UiAutomation: Initialized for user 0 on display 0
06-24 07:05:34.788  6744  6744 W UiAutomation: Created with deprecatead constructor, assumes DEFAULT_DISPLAY
06-24 07:05:34.789   518  1657 D AccessibilityManagerService: changeCurrentUserForTestAutomationIfNeededLocked(0): ignoring because device doesn't support visible background users
06-24 07:05:34.789   518  1657 I UiAutomationManager: Registering UiTestAutomationService (id=com.android.server.accessibility/UiAutomation) when called by user 0
06-24 07:05:34.790   518  1657 W WindowMagnificationMgr: requestConnection duplicated request: connect=false, mConnectionState=DISCONNECTED
06-24 07:05:34.791   518   518 D BatterySaverPolicy: accessibility changed to true, updating policy.
06-24 07:05:34.779  6744  6744 W main    : type=1400 audit(0.0:62): avc:  denied  { read } for  name="u:object_r:build_attestation_prop:s0" dev="tmpfs" ino=86 scontext=u:r:shell:s0 tcontext=u:object_r:build_attestation_prop:s0 tclass=file permissive=0
06-24 07:05:34.792  1629  1654 I AiAiEcho: Settings changed for uri: content://settings/secure/accessibility_enabled
06-24 07:05:34.792  1629  1694 I AiAiEcho: Predicting[0]: 
06-24 07:05:34.792  1629  1694 I AiAiEcho: EchoTargets: 
06-24 07:05:34.792  1629  1694 I AiAiEcho: Filtered by AiAi flag check: 
06-24 07:05:34.792  1629  1694 I AiAiEcho: Ranked targets strategy: SORT, count: 0, ranking metadata: 
06-24 07:05:34.792  1629  1694 I AiAiEcho: Predicting[0]: 
06-24 07:05:34.792  1629  1694 I AiAiEcho: EchoTargets: 
06-24 07:05:34.792  1629  1694 I AiAiEcho: Filtered by AiAi flag check: 
06-24 07:05:34.792  1629  1694 I AiAiEcho: Ranked targets strategy: SORT, count: 0, ranking metadata: 
06-24 07:05:34.793  1629  1694 I AiAiEcho: #postPredictionTargets: Sending updates to UISurface lockscreen with targets# 0 (types=[])
06-24 07:05:34.793  1629  1694 I AiAiEcho: #postPredictionTargets: Sending updates to UISurface home with targets# 0 (types=[])
06-24 07:05:34.793   518  1657 W WindowMagnificationMgr: requestConnection duplicated request: connect=false, mConnectionState=DISCONNECTED
06-24 07:05:34.794  1629  2280 I AiAiEcho: Settings changed for uri: content://settings/secure/accessibility_enabled
06-24 07:05:34.794  6744  6758 V UiAutomation: Init UiAutomation@2b36c5a[id=5, displayId=0, flags=0]
06-24 07:05:34.794  1629  1694 I AiAiEcho: Predicting[0]: 
06-24 07:05:34.794  1629  1694 I AiAiEcho: EchoTargets: 
06-24 07:05:34.794  1629  1694 I AiAiEcho: Filtered by AiAi flag check: 
06-24 07:05:34.794  1629  1694 I AiAiEcho: Ranked targets strategy: SORT, count: 0, ranking metadata: 
06-24 07:05:34.794  1629  1694 I AiAiEcho: Predicting[0]: 
06-24 07:05:34.794  1629  1694 I AiAiEcho: EchoTargets: 
06-24 07:05:34.794  1629  1694 I AiAiEcho: Filtered by AiAi flag check: 
06-24 07:05:34.794  1629  1694 I AiAiEcho: Ranked targets strategy: SORT, count: 0, ranking metadata: 
06-24 07:05:34.795  1629  1694 I AiAiEcho: #postPredictionTargets: Sending updates to UISurface lockscreen with targets# 0 (types=[])
06-24 07:05:34.795  1629  1694 I AiAiEcho: #postPredictionTargets: Sending updates to UISurface home with targets# 0 (types=[])
06-24 07:05:34.779  6744  6744 W main    : type=1400 audit(0.0:63): avc:  denied  { read } for  name="u:object_r:build_attestation_prop:s0" dev="tmpfs" ino=86 scontext=u:r:shell:s0 tcontext=u:object_r:build_attestation_prop:s0 tclass=file permissive=0
06-24 07:05:34.799   834   834 W PageIndicator: Total number of pages invalid: 0. Assuming 1 page.
06-24 07:05:34.799   834   834 W PageIndicator: Total number of pages invalid: 0. Assuming 1 page.
06-24 07:05:34.800   518  2431 D SafetySourceDataValidator: No cert check requested for package com.google.android.permissioncontroller
06-24 07:05:34.800  1759  2314 I A       : NGA disabled since it's running Panthera and at least one a11y feature is on.
06-24 07:05:34.800  1759  2314 I A       : Nga state changed to NgaStateDetails{state=DISABLED, isSpecialExperience=false}
06-24 07:05:34.802  1664  1729 I A       : APA or Classic session decision: SessionDecision(sessionVariance=CLASSIC, platformVariance=CLASSIC, justification=CURRENT_PLATFORM_VARIANCE).
06-24 07:05:34.802  1664  1729 I A       : [Memory] eligibility: StashEligibility{4}
06-24 07:05:34.802  1664  2369 I A       : Unsubscribed to apa or classic variant change.
06-24 07:05:34.881   820   820 I wpa_supplicant: wlan0: CTRL-EVENT-BEACON-LOSS 
06-24 07:05:34.968   518   610 I RoleService: Granting default roles...
06-24 07:05:34.978   836  6696 E RoleControllerServiceImpl: Default/fallback role holder package doesn't qualify for the role, package: com.google.android.gms.supervision, role: android.app.role.SYSTEM_SUPERVISION
06-24 07:05:34.979   836  6696 I Role    : com.google.android.gms not qualified for android.app.role.SYSTEM_CALL_STREAMING due to missing RequiredComponent{mIntentFilterData=IntentFilterData{mAction='android.telecom.CallStreamingService', mCategories='[]', mDataScheme='null', mDataType='null'}, mMinTargetSdkVersion=1, mFlags='0', mPermission='android.permission.BIND_CALL_STREAMING_SERVICE', mQueryFlags=0, mMetaData=[]}
06-24 07:05:34.979   836  6696 E RoleControllerServiceImpl: Default/fallback role holder package doesn't qualify for the role, package: com.google.android.gms, role: android.app.role.SYSTEM_CALL_STREAMING
06-24 07:05:34.979   836  6696 W Role    : Default holder doesn't have required signing certificate: com.google.android.apps.work.clouddpc:23962F4B43B9857638EA66F4D419518EAE282491ACDA4B94707BD59003C45E58
06-24 07:05:35.140  6448  6468 D EGL_emulation: app_time_stats: avg=498.43ms min=495.36ms max=501.95ms count=3
06-24 07:05:35.800  6744  6744 I AccessibilityNodeInfoDumper: Skipping invisible child: android.view.accessibility.AccessibilityNodeInfo@12898; boundsInParent: Rect(0, 0 - 320, 0); boundsInScreen: Rect(0, 0 - 320, 0); boundsInWindow: Rect(0, 0 - 320, 0); packageName: com.hanapkalinga.mobile; className: android.widget.LinearLayout; text: null; error: null; maxTextLength: -1; stateDescription: null; contentDescription: null; tooltipText: null; containerTitle: null; viewIdResName: null; uniqueId: null; checkable: false; checked: false; focusable: false; focused: false; selected: false; clickable: false; longClickable: false; contextClickable: false; enabled: true; password: false; scrollable: false; importantForAccessibility: false; visible: false; actions: [AccessibilityAction: ACTION_SELECT - null, AccessibilityAction: ACTION_CLEAR_SELECTION - null, AccessibilityAction: ACTION_ACCESSIBILITY_FOCUS - null, AccessibilityAction: ACTION_SHOW_ON_SCREEN - null]; isTextSelectable: false
06-24 07:05:35.800  6744  6744 I AccessibilityNodeInfoDumper: Skipping invisible child: android.view.accessibility.AccessibilityNodeInfo@124d7; boundsInParent: Rect(0, 0 - 320, 0); boundsInScreen: Rect(0, 0 - 320, 0); boundsInWindow: Rect(0, 0 - 320, 0); packageName: com.hanapkalinga.mobile; className: android.view.ViewGroup; text: null; error: null; maxTextLength: -1; stateDescription: null; contentDescription: null; tooltipText: null; containerTitle: null; viewIdResName: null; uniqueId: null; checkable: false; checked: false; focusable: false; focused: false; selected: false; clickable: false; longClickable: false; contextClickable: false; enabled: true; password: false; scrollable: false; importantForAccessibility: false; visible: false; actions: [AccessibilityAction: ACTION_SELECT - null, AccessibilityAction: ACTION_CLEAR_SELECTION - null, AccessibilityAction: ACTION_ACCESSIBILITY_FOCUS - null, AccessibilityAction: ACTION_SHOW_ON_SCREEN - null]; isTextSelectable: false
06-24 07:05:35.800  6744  6744 I AccessibilityNodeInfoDumper: Skipping invisible child: android.view.accessibility.AccessibilityNodeInfo@1a479; boundsInParent: Rect(0, 0 - 320, 0); boundsInScreen: Rect(0, 0 - 320, 0); boundsInWindow: Rect(0, 0 - 320, 0); packageName: com.hanapkalinga.mobile; className: android.widget.LinearLayout; text: null; error: null; maxTextLength: -1; stateDescription: null; contentDescription: null; tooltipText: null; containerTitle: null; viewIdResName: null; uniqueId: null; checkable: false; checked: false; focusable: false; focused: false; selected: false; clickable: false; longClickable: false; contextClickable: false; enabled: true; password: false; scrollable: false; importantForAccessibility: false; visible: false; actions: [AccessibilityAction: ACTION_SELECT - null, AccessibilityAction: ACTION_CLEAR_SELECTION - null, AccessibilityAction: ACTION_ACCESSIBILITY_FOCUS - null, AccessibilityAction: ACTION_SHOW_ON_SCREEN - null]; isTextSelectable: false
06-24 07:05:35.800  6744  6744 I AccessibilityNodeInfoDumper: Skipping invisible child: android.view.accessibility.AccessibilityNodeInfo@1a0b8; boundsInParent: Rect(0, 0 - 320, 0); boundsInScreen: Rect(0, 0 - 320, 0); boundsInWindow: Rect(0, 0 - 320, 0); packageName: com.hanapkalinga.mobile; className: android.view.ViewGroup; text: null; error: null; maxTextLength: -1; stateDescription: null; contentDescription: null; tooltipText: null; containerTitle: null; viewIdResName: null; uniqueId: null; checkable: false; checked: false; focusable: false; focused: false; selected: false; clickable: false; longClickable: false; contextClickable: false; enabled: true; password: false; scrollable: false; importantForAccessibility: false; visible: false; actions: [AccessibilityAction: ACTION_SELECT - null, AccessibilityAction: ACTION_CLEAR_SELECTION - null, AccessibilityAction: ACTION_ACCESSIBILITY_FOCUS - null, AccessibilityAction: ACTION_SHOW_ON_SCREEN - null]; isTextSelectable: false
06-24 07:05:35.802  6744  6744 I AccessibilityNodeInfoDumper: Skipping invisible child: android.view.accessibility.AccessibilityNodeInfo@182b0; boundsInParent: Rect(0, 0 - 1, 1); boundsInScreen: Rect(20, 348 - 21, 349); boundsInWindow: Rect(20, 348 - 21, 349); packageName: com.hanapkalinga.mobile; className: android.view.ViewGroup; text: null; error: null; maxTextLength: -1; stateDescription: null; contentDescription: null; tooltipText: null; containerTitle: null; viewIdResName: login_captcha_ready; uniqueId: null; checkable: false; checked: false; focusable: false; focused: false; selected: false; clickable: false; longClickable: false; contextClickable: false; enabled: true; password: false; scrollable: false; importantForAccessibility: true; visible: false; actions: [AccessibilityAction: ACTION_SELECT - null, AccessibilityAction: ACTION_CLEAR_SELECTION - null, AccessibilityAction: ACTION_ACCESSIBILITY_FOCUS - null, AccessibilityAction: ACTION_SHOW_ON_SCREEN - null]; isTextSelectable: false
06-24 07:05:35.805  6744  6744 W AccessibilityNodeInfoDumper: Fetch time: 7ms
06-24 07:05:35.806   518  1179 W WindowMagnificationMgr: requestConnection duplicated request: connect=false, mConnectionState=DISCONNECTED
06-24 07:05:35.806   518  1179 D AccessibilityManagerService: restoreCurrentUserForTestAutomationIfNeededLocked(): ignoring because device doesn't support visible background users
06-24 07:05:35.807   518   518 D BatterySaverPolicy: accessibility changed to false, updating policy.
06-24 07:05:35.807  1629  1654 I AiAiEcho: Settings changed for uri: content://settings/secure/accessibility_enabled
06-24 07:05:35.808  1759  2322 I A       : NGA enabled in interactor.
06-24 07:05:35.808  1759  2322 I A       : Nga state changed to NgaStateDetails{state=ENABLED, isSpecialExperience=false}
06-24 07:05:35.811  6744  6744 D AndroidRuntime: Shutting down VM
06-24 07:05:35.813  1629  1694 I AiAiEcho: Predicting[0]: 
06-24 07:05:35.815  1664  6615 I A       : Initializing all components
06-24 07:05:35.815  1664  6615 I A       : APA or Classic session decision: SessionDecision(sessionVariance=CLASSIC, platformVariance=CLASSIC, justification=CURRENT_PLATFORM_VARIANCE).
06-24 07:05:35.815  1664  6615 I A       : [Memory] eligibility: StashEligibility{6}
06-24 07:05:35.816  1629  1694 I AiAiEcho: EchoTargets: 
06-24 07:05:35.816  1629  1694 I AiAiEcho: Filtered by AiAi flag check: 
06-24 07:05:35.816  1664  2396 I A       : onIsEnabledChanged, isEnabled: false
06-24 07:05:35.816  1629  1694 I AiAiEcho: Ranked targets strategy: SORT, count: 0, ranking metadata: 
06-24 07:05:35.816  1664  2396 W A       : Disposing empty manager. Did you forgot to subscribe observables?
06-24 07:05:35.816  1664  2396 W A       : Disposing empty manager. Did you forgot to subscribe observables?
06-24 07:05:35.816  1664  2396 W A       : Disposing empty manager. Did you forgot to subscribe observables?
06-24 07:05:35.816  1664  2396 W A       : Disposing empty manager. Did you forgot to subscribe observables?
06-24 07:05:35.816  1664  2396 W A       : Disposing empty manager. Did you forgot to subscribe observables?
06-24 07:05:35.816  1629  1694 I AiAiEcho: Predicting[0]: 
06-24 07:05:35.816  1629  1694 I AiAiEcho: EchoTargets: 
06-24 07:05:35.816  1629  1694 I AiAiEcho: Filtered by AiAi flag check: 
06-24 07:05:35.816  1664  2396 W A       : Disposing empty manager. Did you forgot to subscribe observables?
06-24 07:05:35.816  1664  2396 W A       : Disposing empty manager. Did you forgot to subscribe observables?
06-24 07:05:35.816  1629  1694 I AiAiEcho: Ranked targets strategy: SORT, count: 0, ranking metadata: 
06-24 07:05:35.816  1664  2396 W A       : Disposing empty manager. Did you forgot to subscribe observables?
06-24 07:05:35.816  1664  2396 W A       : Disposing empty manager. Did you forgot to subscribe observables?
06-24 07:05:35.816  1664  2396 W A       : Disposing empty manager. Did you forgot to subscribe observables?
06-24 07:05:35.816  1664  2396 I A       : onOpaVisibilityChanged: false
06-24 07:05:35.816  1664  2396 W A       : Disposing empty manager. Did you forgot to subscribe observables?
06-24 07:05:35.816  1664  2396 W A       : Disposing empty manager. Did you forgot to subscribe observables?
06-24 07:05:35.816  1664  2396 W A       : Disposing empty manager. Did you forgot to subscribe observables?
06-24 07:05:35.816  1629  1694 I AiAiEcho: #postPredictionTargets: Sending updates to UISurface lockscreen with targets# 0 (types=[])
06-24 07:05:35.816  1629  1694 I AiAiEcho: #postPredictionTargets: Sending updates to UISurface home with targets# 0 (types=[])
06-24 07:05:35.817   834   834 W PageIndicator: Total number of pages invalid: 0. Assuming 1 page.
06-24 07:05:35.817  1664  2396 W A       : Disposing empty manager. Did you forgot to subscribe observables?
06-24 07:05:35.817  1664  2396 W A       : Disposing empty manager. Did you forgot to subscribe observables?
06-24 07:05:35.817  1664  2396 W A       : Disposing empty manager. Did you forgot to subscribe observables?
06-24 07:05:35.817  1664  2396 I A       : Setting session to type: NO_SESSION
06-24 07:05:35.818  1664  2369 I A       : on opa visibility changed false
06-24 07:05:35.818  1664  2396 W A       : Disposing empty manager. Did you forgot to subscribe observables?
06-24 07:05:35.818  1664  2396 W A       : Disposing empty manager. Did you forgot to subscribe observables?
06-24 07:05:35.818  1664  2396 W A       : Disposing empty manager. Did you forgot to subscribe observables?
06-24 07:05:35.818  1664  2396 W A       : Disposing empty manager. Did you forgot to subscribe observables?
06-24 07:05:35.818  1664  2396 W A       : Disposing empty manager. Did you forgot to subscribe observables?
06-24 07:05:35.818  1664  2396 W A       : Disposing empty manager. Did you forgot to subscribe observables?
06-24 07:05:35.818  1664  2396 W A       : Disposing empty manager. Did you forgot to subscribe observables?
06-24 07:05:35.818  1664  2396 W A       : Disposing empty manager. Did you forgot to subscribe observables?
06-24 07:05:35.818  1664  2396 I A       : setNavBarVisible: GestureNavBarVisible{navbarVisible=true}
06-24 07:05:35.818  1664  2396 W A       : Disposing empty manager. Did you forgot to subscribe observables?
06-24 07:05:35.818  1664  2396 W A       : Disposing empty manager. Did you forgot to subscribe observables?
06-24 07:05:35.818  1664  2396 W A       : Disposing empty manager. Did you forgot to subscribe observables?
06-24 07:05:35.818  1664  2396 W A       : Disposing empty manager. Did you forgot to subscribe observables?
06-24 07:05:35.818  1664  2396 W A       : Disposing empty manager. Did you forgot to subscribe observables?
06-24 07:05:35.818  1664  2396 W A       : Disposing empty manager. Did you forgot to subscribe observables?
06-24 07:05:35.818  1664  2396 I A       : onDisabled. Registered: false
06-24 07:05:35.819  1664  2396 I A       : State changed: IDLE => IDLE by NGA_STATE_CHANGED and N/A with Optional.empty
06-24 07:05:35.819  1664  2396 I A       : Recognizer choice: (recognizer_type: 1, recognizer_mode: 1, choice_reason: 4)
06-24 07:05:35.819  1664  2396 I A       : onActiveStateChangeEvent: IDLE => IDLE
06-24 07:05:35.819  1664  2396 I A       : #onActiveStateChangeEvent, newState: IDLE, previousState: IDLE.
06-24 07:05:35.819  1664  2369 I A       : on opa visibility changed false
06-24 07:05:35.819   518  1179 D CompatibilityChangeReporter: Compat change id reported: 197654537; UID 10192; state: ENABLED
06-24 07:05:35.821  1664  2396 I NgaEntryPointEventSendr: setupConnection
06-24 07:05:35.822  1664  2369 I A       : Initialize
06-24 07:05:35.822  1664  2369 I A       : stopListening(NGA_PAUSED_UNKNOWN_REASON, NGA_CREATE), idleOverride=NOT_LISTENING
06-24 07:05:35.825  1759  1759 I A       : Creating pss binder().
06-24 07:05:35.826  1664  2396 I NgaEntryPointEventSendr: State changed: Disconnected => Connecting
06-24 07:05:35.826  1664  2396 I NgaEntryPointEventSendr: onServiceConnected
06-24 07:05:35.826  1759  4846 I A       : Calling beginBinderSession().
06-24 07:05:35.827  1759  4846 I A       : beginBinderSession(): calling binder
06-24 07:05:35.827  1664  2396 I NgaEntryPointEventSendr: State changed: Connecting => Ready
06-24 07:05:35.827  1664  2369 I A       : Successfully initialized all components
06-24 07:05:35.828   518  1914 W ActivityManager: Unable to start service Intent { cmp=com.google.android.apps.tachyon/.clientapi.ClientApiService } U=0: not found
06-24 07:05:35.834  1759  2834 W A       : UiCallbackStub-onGenericEvent[ServiceEvent = 241] task was not run. Callback from Service received after client was disposed.
06-24 07:05:35.834  1759  2834 W A       : UiCallbackStub-onGenericEvent[ServiceEvent = 241] task was not run. Callback from Service received after client was disposed.
06-24 07:05:35.835  1759  2910 I PBSessionCacheImpl: Deleted sessionId[7737946097565344] from persistence.
06-24 07:05:35.835  1759  2834 W A       : UiCallbackStub-onGenericEvent[ServiceEvent = 60] task was not run. Callback from Service received after client was disposed.
06-24 07:05:35.836  1664  2396 I NgaEntryPointEventSendr: State changed: Ready => Disconnected (onOpaDisconnected)
06-24 07:05:35.837  1759  2834 W SearchServiceCore: Abort, client detached.
06-24 07:05:36.640  6448  6468 D EGL_emulation: app_time_stats: avg=500.00ms min=499.58ms max=500.30ms count=3
