06-24 07:06:42.313  7244  7244 W app_process: ClassLoaderContext classpath size mismatch. expected=0, found=1 (PCL[]{PCL[/system/framework/android.test.runner.jar*4168958247]{PCL[/system/framework/android.test.base.jar*836642756]#PCL[/system/framework/android.test.mock.jar*3186112116]}#PCL[/system/framework/android.test.base.jar*836642756]} | PCL[/system/framework/android.test.runner.jar*4168958247])
06-24 07:06:42.324  7244  7244 W libc    : Access denied finding property "ro.product.name_for_attestation"
06-24 07:06:42.324  7244  7244 W libc    : Access denied finding property "ro.product.brand_for_attestation"
06-24 07:06:42.324  7244  7244 W libc    : Access denied finding property "ro.product.model_for_attestation"
06-24 07:06:42.325  7244  7244 D AndroidRuntime: Calling main entry com.android.commands.uiautomator.Launcher
06-24 07:06:42.319  7244  7244 W main    : type=1400 audit(0.0:68): avc:  denied  { read } for  name="u:object_r:build_attestation_prop:s0" dev="tmpfs" ino=86 scontext=u:r:shell:s0 tcontext=u:object_r:build_attestation_prop:s0 tclass=file permissive=0
06-24 07:06:42.328  7244  7244 D UiAutomationConnection: Created on user UserHandle{0}
06-24 07:06:42.328  7244  7244 I UiAutomation: Initialized for user 0 on display 0
06-24 07:06:42.328  7244  7244 W UiAutomation: Created with deprecatead constructor, assumes DEFAULT_DISPLAY
06-24 07:06:42.329   518  2903 D AccessibilityManagerService: changeCurrentUserForTestAutomationIfNeededLocked(0): ignoring because device doesn't support visible background users
06-24 07:06:42.329   518  2903 I UiAutomationManager: Registering UiTestAutomationService (id=com.android.server.accessibility/UiAutomation) when called by user 0
06-24 07:06:42.330   518  2903 W WindowMagnificationMgr: requestConnection duplicated request: connect=false, mConnectionState=DISCONNECTED
06-24 07:06:42.319  7244  7244 W main    : type=1400 audit(0.0:69): avc:  denied  { read } for  name="u:object_r:build_attestation_prop:s0" dev="tmpfs" ino=86 scontext=u:r:shell:s0 tcontext=u:object_r:build_attestation_prop:s0 tclass=file permissive=0
06-24 07:06:42.332   518   518 D BatterySaverPolicy: accessibility changed to true, updating policy.
06-24 07:06:42.333  7244  7258 V UiAutomation: Init UiAutomation@df307e9[id=7, displayId=0, flags=0]
06-24 07:06:42.334  1629  2280 I AiAiEcho: Settings changed for uri: content://settings/secure/accessibility_enabled
06-24 07:06:42.335  1629  1694 I AiAiEcho: Predicting[0]: 
06-24 07:06:42.336  1629  1694 I AiAiEcho: EchoTargets: 
06-24 07:06:42.336  1629  1694 I AiAiEcho: Filtered by AiAi flag check: 
06-24 07:06:42.336  1629  1694 I AiAiEcho: Ranked targets strategy: SORT, count: 0, ranking metadata: 
06-24 07:06:42.336  1629  1694 I AiAiEcho: Predicting[0]: 
06-24 07:06:42.336  1629  1694 I AiAiEcho: EchoTargets: 
06-24 07:06:42.336  1629  1694 I AiAiEcho: Filtered by AiAi flag check: 
06-24 07:06:42.337  1629  1694 I AiAiEcho: Ranked targets strategy: SORT, count: 0, ranking metadata: 
06-24 07:06:42.319  7244  7244 W main    : type=1400 audit(0.0:70): avc:  denied  { read } for  name="u:object_r:build_attestation_prop:s0" dev="tmpfs" ino=86 scontext=u:r:shell:s0 tcontext=u:object_r:build_attestation_prop:s0 tclass=file permissive=0
06-24 07:06:42.337  1629  1694 I AiAiEcho: #postPredictionTargets: Sending updates to UISurface lockscreen with targets# 0 (types=[])
06-24 07:06:42.337  1629  1694 I AiAiEcho: #postPredictionTargets: Sending updates to UISurface home with targets# 0 (types=[])
06-24 07:06:42.339   518  1169 W WindowMagnificationMgr: requestConnection duplicated request: connect=false, mConnectionState=DISCONNECTED
06-24 07:06:42.340   834   834 W PageIndicator: Total number of pages invalid: 0. Assuming 1 page.
06-24 07:06:42.341  1629  2280 I AiAiEcho: Settings changed for uri: content://settings/secure/accessibility_enabled
06-24 07:06:42.341  1629  1694 I AiAiEcho: Predicting[0]: 
06-24 07:06:42.341  1629  1694 I AiAiEcho: EchoTargets: 
06-24 07:06:42.341  1629  1694 I AiAiEcho: Filtered by AiAi flag check: 
06-24 07:06:42.341  1629  1694 I AiAiEcho: Ranked targets strategy: SORT, count: 0, ranking metadata: 
06-24 07:06:42.341  1629  1694 I AiAiEcho: Predicting[0]: 
06-24 07:06:42.341  1629  1694 I AiAiEcho: EchoTargets: 
06-24 07:06:42.341  1629  1694 I AiAiEcho: Filtered by AiAi flag check: 
06-24 07:06:42.342  1759  2297 I A       : NGA disabled since it's running Panthera and at least one a11y feature is on.
06-24 07:06:42.342  1759  2297 I A       : Nga state changed to NgaStateDetails{state=DISABLED, isSpecialExperience=false}
06-24 07:06:42.342  1629  1694 I AiAiEcho: Ranked targets strategy: SORT, count: 0, ranking metadata: 
06-24 07:06:42.343  1629  1694 I AiAiEcho: #postPredictionTargets: Sending updates to UISurface lockscreen with targets# 0 (types=[])
06-24 07:06:42.343  1629  1694 I AiAiEcho: #postPredictionTargets: Sending updates to UISurface home with targets# 0 (types=[])
06-24 07:06:42.343   518  1169 D SafetySourceDataValidator: No cert check requested for package com.google.android.permissioncontroller
06-24 07:06:42.343   834   834 W PageIndicator: Total number of pages invalid: 0. Assuming 1 page.
06-24 07:06:42.344  1664  1757 I A       : APA or Classic session decision: SessionDecision(sessionVariance=CLASSIC, platformVariance=CLASSIC, justification=CURRENT_PLATFORM_VARIANCE).
06-24 07:06:42.344  1664  1757 I A       : [Memory] eligibility: StashEligibility{4}
06-24 07:06:42.345  1664  2369 I A       : Unsubscribed to apa or classic variant change.
06-24 07:06:42.537   518   610 I RoleService: Granting default roles...
06-24 07:06:42.542   836  7190 E RoleControllerServiceImpl: Default/fallback role holder package doesn't qualify for the role, package: com.google.android.gms.supervision, role: android.app.role.SYSTEM_SUPERVISION
06-24 07:06:42.543   836  7190 I Role    : com.google.android.gms not qualified for android.app.role.SYSTEM_CALL_STREAMING due to missing RequiredComponent{mIntentFilterData=IntentFilterData{mAction='android.telecom.CallStreamingService', mCategories='[]', mDataScheme='null', mDataType='null'}, mMinTargetSdkVersion=1, mFlags='0', mPermission='android.permission.BIND_CALL_STREAMING_SERVICE', mQueryFlags=0, mMetaData=[]}
06-24 07:06:42.543   836  7190 E RoleControllerServiceImpl: Default/fallback role holder package doesn't qualify for the role, package: com.google.android.gms, role: android.app.role.SYSTEM_CALL_STREAMING
06-24 07:06:42.544   836  7190 W Role    : Default holder doesn't have required signing certificate: com.google.android.apps.work.clouddpc:23962F4B43B9857638EA66F4D419518EAE282491ACDA4B94707BD59003C45E58
06-24 07:06:43.306  6994  7014 D EGL_emulation: app_time_stats: avg=499.91ms min=499.48ms max=500.16ms count=3
06-24 07:06:43.345  7244  7244 I AccessibilityNodeInfoDumper: Skipping invisible child: android.view.accessibility.AccessibilityNodeInfo@128ab; boundsInParent: Rect(0, 0 - 320, 0); boundsInScreen: Rect(0, 0 - 320, 0); boundsInWindow: Rect(0, 0 - 320, 0); packageName: com.hanapkalinga.mobile; className: android.widget.LinearLayout; text: null; error: null; maxTextLength: -1; stateDescription: null; contentDescription: null; tooltipText: null; containerTitle: null; viewIdResName: null; uniqueId: null; checkable: false; checked: false; focusable: false; focused: false; selected: false; clickable: false; longClickable: false; contextClickable: false; enabled: true; password: false; scrollable: false; importantForAccessibility: false; visible: false; actions: [AccessibilityAction: ACTION_SELECT - null, AccessibilityAction: ACTION_CLEAR_SELECTION - null, AccessibilityAction: ACTION_ACCESSIBILITY_FOCUS - null, AccessibilityAction: ACTION_SHOW_ON_SCREEN - null]; isTextSelectable: false
06-24 07:06:43.345  7244  7244 I AccessibilityNodeInfoDumper: Skipping invisible child: android.view.accessibility.AccessibilityNodeInfo@124ea; boundsInParent: Rect(0, 0 - 320, 0); boundsInScreen: Rect(0, 0 - 320, 0); boundsInWindow: Rect(0, 0 - 320, 0); packageName: com.hanapkalinga.mobile; className: android.view.ViewGroup; text: null; error: null; maxTextLength: -1; stateDescription: null; contentDescription: null; tooltipText: null; containerTitle: null; viewIdResName: null; uniqueId: null; checkable: false; checked: false; focusable: false; focused: false; selected: false; clickable: false; longClickable: false; contextClickable: false; enabled: true; password: false; scrollable: false; importantForAccessibility: false; visible: false; actions: [AccessibilityAction: ACTION_SELECT - null, AccessibilityAction: ACTION_CLEAR_SELECTION - null, AccessibilityAction: ACTION_ACCESSIBILITY_FOCUS - null, AccessibilityAction: ACTION_SHOW_ON_SCREEN - null]; isTextSelectable: false
06-24 07:06:43.345  7244  7244 I AccessibilityNodeInfoDumper: Skipping invisible child: android.view.accessibility.AccessibilityNodeInfo@1a48c; boundsInParent: Rect(0, 0 - 320, 0); boundsInScreen: Rect(0, 0 - 320, 0); boundsInWindow: Rect(0, 0 - 320, 0); packageName: com.hanapkalinga.mobile; className: android.widget.LinearLayout; text: null; error: null; maxTextLength: -1; stateDescription: null; contentDescription: null; tooltipText: null; containerTitle: null; viewIdResName: null; uniqueId: null; checkable: false; checked: false; focusable: false; focused: false; selected: false; clickable: false; longClickable: false; contextClickable: false; enabled: true; password: false; scrollable: false; importantForAccessibility: false; visible: false; actions: [AccessibilityAction: ACTION_SELECT - null, AccessibilityAction: ACTION_CLEAR_SELECTION - null, AccessibilityAction: ACTION_ACCESSIBILITY_FOCUS - null, AccessibilityAction: ACTION_SHOW_ON_SCREEN - null]; isTextSelectable: false
06-24 07:06:43.345  7244  7244 I AccessibilityNodeInfoDumper: Skipping invisible child: android.view.accessibility.AccessibilityNodeInfo@1a0cb; boundsInParent: Rect(0, 0 - 320, 0); boundsInScreen: Rect(0, 0 - 320, 0); boundsInWindow: Rect(0, 0 - 320, 0); packageName: com.hanapkalinga.mobile; className: android.view.ViewGroup; text: null; error: null; maxTextLength: -1; stateDescription: null; contentDescription: null; tooltipText: null; containerTitle: null; viewIdResName: null; uniqueId: null; checkable: false; checked: false; focusable: false; focused: false; selected: false; clickable: false; longClickable: false; contextClickable: false; enabled: true; password: false; scrollable: false; importantForAccessibility: false; visible: false; actions: [AccessibilityAction: ACTION_SELECT - null, AccessibilityAction: ACTION_CLEAR_SELECTION - null, AccessibilityAction: ACTION_ACCESSIBILITY_FOCUS - null, AccessibilityAction: ACTION_SHOW_ON_SCREEN - null]; isTextSelectable: false
06-24 07:06:43.345  7244  7244 I AccessibilityNodeInfoDumper: Skipping invisible child: android.view.accessibility.AccessibilityNodeInfo@182c3; boundsInParent: Rect(0, 0 - 1, 1); boundsInScreen: Rect(20, 348 - 21, 349); boundsInWindow: Rect(20, 348 - 21, 349); packageName: com.hanapkalinga.mobile; className: android.view.ViewGroup; text: null; error: null; maxTextLength: -1; stateDescription: null; contentDescription: null; tooltipText: null; containerTitle: null; viewIdResName: login_captcha_ready; uniqueId: null; checkable: false; checked: false; focusable: false; focused: false; selected: false; clickable: false; longClickable: false; contextClickable: false; enabled: true; password: false; scrollable: false; importantForAccessibility: true; visible: false; actions: [AccessibilityAction: ACTION_SELECT - null, AccessibilityAction: ACTION_CLEAR_SELECTION - null, AccessibilityAction: ACTION_ACCESSIBILITY_FOCUS - null, AccessibilityAction: ACTION_SHOW_ON_SCREEN - null]; isTextSelectable: false
06-24 07:06:43.349  7244  7244 W AccessibilityNodeInfoDumper: Fetch time: 7ms
06-24 07:06:43.350   518  2984 W WindowMagnificationMgr: requestConnection duplicated request: connect=false, mConnectionState=DISCONNECTED
06-24 07:06:43.350  1629  2280 I AiAiEcho: Settings changed for uri: content://settings/secure/accessibility_enabled
06-24 07:06:43.350   518  2984 D AccessibilityManagerService: restoreCurrentUserForTestAutomationIfNeededLocked(): ignoring because device doesn't support visible background users
06-24 07:06:43.351  1629  1694 I AiAiEcho: Predicting[0]: 
06-24 07:06:43.351  1629  1694 I AiAiEcho: EchoTargets: 
06-24 07:06:43.351  1629  1694 I AiAiEcho: Filtered by AiAi flag check: 
06-24 07:06:43.351  1629  1694 I AiAiEcho: Ranked targets strategy: SORT, count: 0, ranking metadata: 
06-24 07:06:43.351  1629  1694 I AiAiEcho: Predicting[0]: 
06-24 07:06:43.351  1629  1694 I AiAiEcho: EchoTargets: 
06-24 07:06:43.351  1629  1694 I AiAiEcho: Filtered by AiAi flag check: 
06-24 07:06:43.351  1629  1694 I AiAiEcho: Ranked targets strategy: SORT, count: 0, ranking metadata: 
06-24 07:06:43.351  1629  1694 I AiAiEcho: #postPredictionTargets: Sending updates to UISurface lockscreen with targets# 0 (types=[])
06-24 07:06:43.351  1629  1694 I AiAiEcho: #postPredictionTargets: Sending updates to UISurface home with targets# 0 (types=[])
06-24 07:06:43.351   834   834 W PageIndicator: Total number of pages invalid: 0. Assuming 1 page.
06-24 07:06:43.353  1759  2333 I A       : NGA enabled in interactor.
06-24 07:06:43.353  1759  2333 I A       : Nga state changed to NgaStateDetails{state=ENABLED, isSpecialExperience=false}
06-24 07:06:43.356  1664  1757 I A       : Initializing all components
06-24 07:06:43.358  7244  7244 D AndroidRuntime: Shutting down VM
06-24 07:06:43.360  1664  2369 I A       : onIsEnabledChanged, isEnabled: false
06-24 07:06:43.360  1664  2369 W A       : Disposing empty manager. Did you forgot to subscribe observables?
06-24 07:06:43.360  1664  2369 W A       : Disposing empty manager. Did you forgot to subscribe observables?
06-24 07:06:43.360  1664  2369 W A       : Disposing empty manager. Did you forgot to subscribe observables?
06-24 07:06:43.360  1664  2369 W A       : Disposing empty manager. Did you forgot to subscribe observables?
06-24 07:06:43.360  1664  2369 W A       : Disposing empty manager. Did you forgot to subscribe observables?
06-24 07:06:43.360  1664  2369 W A       : Disposing empty manager. Did you forgot to subscribe observables?
06-24 07:06:43.360  1664  2369 W A       : Disposing empty manager. Did you forgot to subscribe observables?
06-24 07:06:43.360  1664  2369 W A       : Disposing empty manager. Did you forgot to subscribe observables?
06-24 07:06:43.360  1664  2369 W A       : Disposing empty manager. Did you forgot to subscribe observables?
06-24 07:06:43.360  1664  2369 W A       : Disposing empty manager. Did you forgot to subscribe observables?
06-24 07:06:43.360  1664  2369 I A       : onOpaVisibilityChanged: false
06-24 07:06:43.360  1664  2369 W A       : Disposing empty manager. Did you forgot to subscribe observables?
06-24 07:06:43.360  1664  2369 W A       : Disposing empty manager. Did you forgot to subscribe observables?
06-24 07:06:43.361  1664  2369 W A       : Disposing empty manager. Did you forgot to subscribe observables?
06-24 07:06:43.361  1664  2369 W A       : Disposing empty manager. Did you forgot to subscribe observables?
06-24 07:06:43.361  1664  2369 W A       : Disposing empty manager. Did you forgot to subscribe observables?
06-24 07:06:43.361  1664  2369 W A       : Disposing empty manager. Did you forgot to subscribe observables?
06-24 07:06:43.361  1664  2369 I A       : Setting session to type: NO_SESSION
06-24 07:06:43.361  1664  2369 W A       : Disposing empty manager. Did you forgot to subscribe observables?
06-24 07:06:43.361  1664  2369 W A       : Disposing empty manager. Did you forgot to subscribe observables?
06-24 07:06:43.361  1664  2369 W A       : Disposing empty manager. Did you forgot to subscribe observables?
06-24 07:06:43.361  1664  2369 W A       : Disposing empty manager. Did you forgot to subscribe observables?
06-24 07:06:43.361  1664  2369 W A       : Disposing empty manager. Did you forgot to subscribe observables?
06-24 07:06:43.362  1664  2369 W A       : Disposing empty manager. Did you forgot to subscribe observables?
06-24 07:06:43.362  1664  2369 W A       : Disposing empty manager. Did you forgot to subscribe observables?
06-24 07:06:43.362  1664  2369 W A       : Disposing empty manager. Did you forgot to subscribe observables?
06-24 07:06:43.362   518   518 D BatterySaverPolicy: accessibility changed to false, updating policy.
06-24 07:06:43.362  1664  1757 I A       : APA or Classic session decision: SessionDecision(sessionVariance=CLASSIC, platformVariance=CLASSIC, justification=CURRENT_PLATFORM_VARIANCE).
06-24 07:06:43.362  1664  1757 I A       : [Memory] eligibility: StashEligibility{6}
06-24 07:06:43.362  1664  2369 I A       : setNavBarVisible: GestureNavBarVisible{navbarVisible=true}
06-24 07:06:43.362  1664  2369 W A       : Disposing empty manager. Did you forgot to subscribe observables?
06-24 07:06:43.362  1664  2369 W A       : Disposing empty manager. Did you forgot to subscribe observables?
06-24 07:06:43.362  1664  2369 W A       : Disposing empty manager. Did you forgot to subscribe observables?
06-24 07:06:43.363  1664  2369 W A       : Disposing empty manager. Did you forgot to subscribe observables?
06-24 07:06:43.363  1664  2369 W A       : Disposing empty manager. Did you forgot to subscribe observables?
06-24 07:06:43.363  1664  2369 W A       : Disposing empty manager. Did you forgot to subscribe observables?
06-24 07:06:43.363  1664  2369 I A       : onDisabled. Registered: false
06-24 07:06:43.363  1664  2369 I A       : State changed: IDLE => IDLE by NGA_STATE_CHANGED and N/A with Optional.empty
06-24 07:06:43.363  1664  2369 I A       : Recognizer choice: (recognizer_type: 1, recognizer_mode: 1, choice_reason: 4)
06-24 07:06:43.364  1664  2369 I A       : onActiveStateChangeEvent: IDLE => IDLE
06-24 07:06:43.364  1664  2369 I A       : #onActiveStateChangeEvent, newState: IDLE, previousState: IDLE.
06-24 07:06:43.365  1664  2369 I A       : stopListening(NGA_PAUSED_UNKNOWN_REASON, NGA_CREATE), idleOverride=NOT_LISTENING
06-24 07:06:43.365  1664  2369 I A       : on opa visibility changed false
06-24 07:06:43.365  1664  2369 I A       : on opa visibility changed false
06-24 07:06:43.366  1664  2396 I A       : Initialize
06-24 07:06:43.367  1664  2396 I NgaEntryPointEventSendr: setupConnection
06-24 07:06:43.369  1664  2396 I NgaEntryPointEventSendr: State changed: Disconnected => Connecting
06-24 07:06:43.369  1759  1759 I A       : Creating pss binder().
06-24 07:06:43.369  1664  2396 I NgaEntryPointEventSendr: onServiceConnected
06-24 07:06:43.370  1759  4870 I A       : Calling beginBinderSession().
06-24 07:06:43.370  1759  4870 I A       : beginBinderSession(): calling binder
06-24 07:06:43.370  1664  2396 I NgaEntryPointEventSendr: State changed: Connecting => Ready
06-24 07:06:43.373   518   954 W ActivityManager: Unable to start service Intent { cmp=com.google.android.apps.tachyon/.clientapi.ClientApiService } U=0: not found
06-24 07:06:43.376  1664  2369 I A       : Successfully initialized all components
06-24 07:06:43.382  1759  2834 W A       : UiCallbackStub-onGenericEvent[ServiceEvent = 60] task was not run. Callback from Service received after client was disposed.
06-24 07:06:43.383  1759  2834 W SearchServiceCore: Abort, client detached.
06-24 07:06:43.383  1759  3038 I PBSessionCacheImpl: Deleted sessionId[7737946097565351] from persistence.
06-24 07:06:43.386  1664  2396 I NgaEntryPointEventSendr: State changed: Ready => Disconnected (onOpaDisconnected)
06-24 07:06:43.391  1759  1858 I earchbox:search: JIT allocated 62KB for compiled code of java.lang.Object com.google.android.apps.gsa.binaries.velvet.app.ael.b()
06-24 07:06:44.087   834   834 D StatusBarIconController: ignoring old pipeline callbacks, because the new mobile icons are enabled
