06-24 07:07:49.284  1565  1634 W AppInfoHelper: 	at java.util.concurrent.ThreadPoolExecutor$Worker.run(ThreadPoolExecutor.java:644)
06-24 07:07:49.284  1565  1634 W AppInfoHelper: 	at huo.run(PG:51)
06-24 07:07:49.284  1565  1634 W AppInfoHelper: 	at java.lang.Thread.run(Thread.java:1012)
06-24 07:07:49.284  1565  1634 W AppInfoHelper: 	at idx.run(PG:5)
06-24 07:07:49.297   834   834 D TileServices: Couldn't find tile for ComponentInfo{com.google.android.apps.wellbeing/com.google.android.apps.wellbeing.focusmode.quicksettings.FocusModeTileService}(0)
06-24 07:07:49.309   834   834 D TileServices: Couldn't find tile for ComponentInfo{com.google.android.apps.wellbeing/com.google.android.apps.wellbeing.focusmode.quicksettings.FocusModeTileService}(0)
06-24 07:07:49.342  1664  1664 I GsaVoiceInteractionSrv: O received Intent { act=android.intent.action.PACKAGE_REMOVED dat=package: flg=0x4000010 (has extras) }
06-24 07:07:49.346   518   898 D OomAdjuster: Not killing cached processes
06-24 07:07:49.349  1664  1664 I GsaVoiceInteractionSrv: O received Intent { act=android.intent.action.PACKAGE_REMOVED dat=package: flg=0x4000010 (has extras) }
06-24 07:07:49.353  1759  2834 W SearchServiceCore: Abort, client detached.
06-24 07:07:49.442  7822  7822 W BpBinder: Linking to death on android.gui.ISurfaceComposer but there are no threads (yet?) listening to incoming transactions. See ProcessState::startThreadPool and ProcessState::setThreadPoolMaxThreadCount. Generally you should setup the binder threadpool before other initialization steps.
06-24 07:07:49.442  7822  7822 W ProcessState: Extra binder thread started, but 0 threads requested. Do not use *startThreadPool when zero threads are requested.
06-24 07:07:49.447   134   134 I hwservicemanager: getTransport: Cannot find entry android.hardware.graphics.mapper@4.0::IMapper/default in either framework or device VINTF manifest.
06-24 07:07:49.448  7822  7823 I Gralloc4: mapper 4.x is not supported
06-24 07:07:49.631     0     0 I servicemanager: Could not find android.hardware.graphics.allocator.IAllocator/default in the VINTF manifest.
06-24 07:07:49.463  7712  7719 I AidlLazyServiceRegistrar: Process has 0 (of 1 available) client(s) in use after notification artd has clients: 0
06-24 07:07:49.463  7712  7719 I AidlLazyServiceRegistrar: Trying to shut down the service. No clients in use for any service in process.
06-24 07:07:49.467  7712  7719 I AidlLazyServiceRegistrar: Unregistered all clients and exiting
06-24 07:07:49.646     0     0 I servicemanager: Notifying artd they don't (previously: do) have clients when we now have no record of a client
06-24 07:07:49.650     0     0 I servicemanager: Unregistering artd
06-24 07:07:49.651     0     0 I BpBinder: onLastStrongRef automatically unlinking death recipients:
06-24 07:07:49.653     0     0 I init    : Service 'artd' (pid 7712) exited with status 0 oneshot service took 0.739000 seconds in background
06-24 07:07:49.655     0     0 I init    : Sending signal 9 to service 'artd' (pid 7712) process group...
06-24 07:07:49.657     0     0 I libprocessgroup: Successfully killed process cgroup uid 1082 pid 7712 in 1ms
06-24 07:07:49.543  7824  7824 D AndroidRuntime: >>>>>> START com.android.internal.os.RuntimeInit uid 2000 <<<<<<
06-24 07:07:49.546  7824  7824 I AndroidRuntime: Using default boot image
06-24 07:07:49.546  7824  7824 I AndroidRuntime: Leaving lock profiling enabled
06-24 07:07:49.547  7824  7824 I app_process: Core platform API reporting enabled, enforcing=false
06-24 07:07:49.548  7824  7824 I app_process: Using CollectorTypeCC GC.
06-24 07:07:49.632  7824  7824 D nativeloader: InitDefaultPublicLibraries for_preload=1: libandroid.so:libaaudio.so:libamidi.so:libbinder_ndk.so:libc.so:libcamera2ndk.so:libdl.so:libEGL.so:libGLESv1_CM.so:libGLESv2.so:libGLESv3.so:libicu.so:libicui18n.so:libicuuc.so:libjnigraphics.so:liblog.so:libmediandk.so:libm.so:libnativehelper.so:libnativewindow.so:libOpenMAXAL.so:libOpenSLES.so:libRS.so:libstdc++.so:libsync.so:libvulkan.so:libwebviewchromium_plat_support.so:libz.so
06-24 07:07:49.640  7824  7824 D app_process: Time zone APEX ICU file found: /apex/com.android.tzdata/etc/icu/icu_tzdata.dat
06-24 07:07:49.640  7824  7824 D app_process: I18n APEX ICU file found: /apex/com.android.i18n/etc/icu/icudt72l.dat
06-24 07:07:49.644  7824  7824 W app_process: Unexpected CPU variant for x86: x86_64.
06-24 07:07:49.644  7824  7824 W app_process: Known variants: atom, sandybridge, silvermont, goldmont, goldmont-plus, tremont, kabylake, default
06-24 07:07:49.646  7824  7824 W app_process: ClassLoaderContext shared library size mismatch. Expected=2, found=0 (PCL[]{PCL[/system/framework/android.test.base.jar*836642756]#PCL[/system/framework/android.test.mock.jar*3186112116]} | PCL[])
06-24 07:07:49.648  7824  7824 W app_process: ClassLoaderContext classpath size mismatch. expected=0, found=1 (PCL[]{PCL[/system/framework/android.test.runner.jar*4168958247]{PCL[/system/framework/android.test.base.jar*836642756]#PCL[/system/framework/android.test.mock.jar*3186112116]}#PCL[/system/framework/android.test.base.jar*836642756]} | PCL[/system/framework/android.test.runner.jar*4168958247])
06-24 07:07:49.663  7824  7824 W libc    : Access denied finding property "ro.product.name_for_attestation"
06-24 07:07:49.663  7824  7824 W libc    : Access denied finding property "ro.product.brand_for_attestation"
06-24 07:07:49.664  7824  7824 W libc    : Access denied finding property "ro.product.model_for_attestation"
06-24 07:07:49.664  7824  7824 D AndroidRuntime: Calling main entry com.android.commands.uiautomator.Launcher
06-24 07:07:49.659  7824  7824 W main    : type=1400 audit(0.0:77): avc:  denied  { read } for  name="u:object_r:build_attestation_prop:s0" dev="tmpfs" ino=86 scontext=u:r:shell:s0 tcontext=u:object_r:build_attestation_prop:s0 tclass=file permissive=0
06-24 07:07:49.659  7824  7824 W main    : type=1400 audit(0.0:78): avc:  denied  { read } for  name="u:object_r:build_attestation_prop:s0" dev="tmpfs" ino=86 scontext=u:r:shell:s0 tcontext=u:object_r:build_attestation_prop:s0 tclass=file permissive=0
06-24 07:07:49.659  7824  7824 W main    : type=1400 audit(0.0:79): avc:  denied  { read } for  name="u:object_r:build_attestation_prop:s0" dev="tmpfs" ino=86 scontext=u:r:shell:s0 tcontext=u:object_r:build_attestation_prop:s0 tclass=file permissive=0
06-24 07:07:49.673  7824  7824 D UiAutomationConnection: Created on user UserHandle{0}
06-24 07:07:49.674  7824  7824 I UiAutomation: Initialized for user 0 on display 0
06-24 07:07:49.674  7824  7824 W UiAutomation: Created with deprecatead constructor, assumes DEFAULT_DISPLAY
06-24 07:07:49.675   518   898 D AccessibilityManagerService: changeCurrentUserForTestAutomationIfNeededLocked(0): ignoring because device doesn't support visible background users
06-24 07:07:49.675   518   898 I UiAutomationManager: Registering UiTestAutomationService (id=com.android.server.accessibility/UiAutomation) when called by user 0
06-24 07:07:49.676   518   898 W WindowMagnificationMgr: requestConnection duplicated request: connect=false, mConnectionState=DISCONNECTED
06-24 07:07:49.676  1629  1653 I AiAiEcho: Settings changed for uri: content://settings/secure/accessibility_enabled
06-24 07:07:49.676   518   518 D BatterySaverPolicy: accessibility changed to true, updating policy.
06-24 07:07:49.677  1629  1694 I AiAiEcho: Predicting[0]: 
06-24 07:07:49.677  1629  1694 I AiAiEcho: EchoTargets: 
06-24 07:07:49.677  1629  1694 I AiAiEcho: Filtered by AiAi flag check: 
06-24 07:07:49.677  1629  1694 I AiAiEcho: Ranked targets strategy: SORT, count: 0, ranking metadata: 
06-24 07:07:49.679  1629  1694 I AiAiEcho: Predicting[0]: 
06-24 07:07:49.679  1629  1694 I AiAiEcho: EchoTargets: 
06-24 07:07:49.679  1629  1694 I AiAiEcho: Filtered by AiAi flag check: 
06-24 07:07:49.679  1629  1694 I AiAiEcho: Ranked targets strategy: SORT, count: 0, ranking metadata: 
06-24 07:07:49.679  1629  1694 I AiAiEcho: #postPredictionTargets: Sending updates to UISurface lockscreen with targets# 0 (types=[])
06-24 07:07:49.680  1759  2314 I A       : NGA disabled since it's running Panthera and at least one a11y feature is on.
06-24 07:07:49.680  1759  2314 I A       : Nga state changed to NgaStateDetails{state=DISABLED, isSpecialExperience=false}
06-24 07:07:49.681  1664  1762 I A       : APA or Classic session decision: SessionDecision(sessionVariance=CLASSIC, platformVariance=CLASSIC, justification=CURRENT_PLATFORM_VARIANCE).
06-24 07:07:49.681  1664  1762 I A       : [Memory] eligibility: StashEligibility{4}
06-24 07:07:49.681  1664  2369 I A       : Unsubscribed to apa or classic variant change.
06-24 07:07:49.683  7824  7838 V UiAutomation: Init UiAutomation@e817164[id=9, displayId=0, flags=0]
06-24 07:07:49.683   834   834 W PageIndicator: Total number of pages invalid: 0. Assuming 1 page.
06-24 07:07:49.684  1629  1694 I AiAiEcho: #postPredictionTargets: Sending updates to UISurface home with targets# 0 (types=[])
06-24 07:07:49.685  1629  1653 I AiAiEcho: Settings changed for uri: content://settings/secure/accessibility_enabled
06-24 07:07:49.686  1629  1694 I AiAiEcho: Predicting[0]: 
06-24 07:07:49.686  1629  1694 I AiAiEcho: EchoTargets: 
06-24 07:07:49.686  1629  1694 I AiAiEcho: Filtered by AiAi flag check: 
06-24 07:07:49.686  1629  1694 I AiAiEcho: Ranked targets strategy: SORT, count: 0, ranking metadata: 
06-24 07:07:49.686  1629  1694 I AiAiEcho: Predicting[0]: 
06-24 07:07:49.686  1629  1694 I AiAiEcho: EchoTargets: 
06-24 07:07:49.686  1629  1694 I AiAiEcho: Filtered by AiAi flag check: 
06-24 07:07:49.686  1629  1694 I AiAiEcho: Ranked targets strategy: SORT, count: 0, ranking metadata: 
06-24 07:07:49.686  1629  1694 I AiAiEcho: #postPredictionTargets: Sending updates to UISurface lockscreen with targets# 0 (types=[])
06-24 07:07:49.686  1629  1694 I AiAiEcho: #postPredictionTargets: Sending updates to UISurface home with targets# 0 (types=[])
06-24 07:07:49.686   834   834 W PageIndicator: Total number of pages invalid: 0. Assuming 1 page.
06-24 07:07:49.687   518   898 W WindowMagnificationMgr: requestConnection duplicated request: connect=false, mConnectionState=DISCONNECTED
06-24 07:07:49.688   518   590 D SafetySourceDataValidator: No cert check requested for package com.google.android.permissioncontroller
06-24 07:07:49.879   518   610 I RoleService: Granting default roles...
06-24 07:07:49.886   836  7742 E RoleControllerServiceImpl: Default/fallback role holder package doesn't qualify for the role, package: com.google.android.gms.supervision, role: android.app.role.SYSTEM_SUPERVISION
06-24 07:07:49.888   836  7742 I Role    : com.google.android.gms not qualified for android.app.role.SYSTEM_CALL_STREAMING due to missing RequiredComponent{mIntentFilterData=IntentFilterData{mAction='android.telecom.CallStreamingService', mCategories='[]', mDataScheme='null', mDataType='null'}, mMinTargetSdkVersion=1, mFlags='0', mPermission='android.permission.BIND_CALL_STREAMING_SERVICE', mQueryFlags=0, mMetaData=[]}
06-24 07:07:49.888   836  7742 E RoleControllerServiceImpl: Default/fallback role holder package doesn't qualify for the role, package: com.google.android.gms, role: android.app.role.SYSTEM_CALL_STREAMING
06-24 07:07:49.889   836  7742 W Role    : Default holder doesn't have required signing certificate: com.google.android.apps.work.clouddpc:23962F4B43B9857638EA66F4D419518EAE282491ACDA4B94707BD59003C45E58
06-24 07:07:50.157  7492  7511 D EGL_emulation: app_time_stats: avg=499.99ms min=499.06ms max=500.60ms count=3
06-24 07:07:50.683  7824  7824 I AccessibilityNodeInfoDumper: Skipping invisible child: android.view.accessibility.AccessibilityNodeInfo@128bf; boundsInParent: Rect(0, 0 - 320, 0); boundsInScreen: Rect(0, 0 - 320, 0); boundsInWindow: Rect(0, 0 - 320, 0); packageName: com.hanapkalinga.mobile; className: android.widget.LinearLayout; text: null; error: null; maxTextLength: -1; stateDescription: null; contentDescription: null; tooltipText: null; containerTitle: null; viewIdResName: null; uniqueId: null; checkable: false; checked: false; focusable: false; focused: false; selected: false; clickable: false; longClickable: false; contextClickable: false; enabled: true; password: false; scrollable: false; importantForAccessibility: false; visible: false; actions: [AccessibilityAction: ACTION_SELECT - null, AccessibilityAction: ACTION_CLEAR_SELECTION - null, AccessibilityAction: ACTION_ACCESSIBILITY_FOCUS - null, AccessibilityAction: ACTION_SHOW_ON_SCREEN - null]; isTextSelectable: false
06-24 07:07:50.684  7824  7824 I AccessibilityNodeInfoDumper: Skipping invisible child: android.view.accessibility.AccessibilityNodeInfo@124fe; boundsInParent: Rect(0, 0 - 320, 0); boundsInScreen: Rect(0, 0 - 320, 0); boundsInWindow: Rect(0, 0 - 320, 0); packageName: com.hanapkalinga.mobile; className: android.view.ViewGroup; text: null; error: null; maxTextLength: -1; stateDescription: null; contentDescription: null; tooltipText: null; containerTitle: null; viewIdResName: null; uniqueId: null; checkable: false; checked: false; focusable: false; focused: false; selected: false; clickable: false; longClickable: false; contextClickable: false; enabled: true; password: false; scrollable: false; importantForAccessibility: false; visible: false; actions: [AccessibilityAction: ACTION_SELECT - null, AccessibilityAction: ACTION_CLEAR_SELECTION - null, AccessibilityAction: ACTION_ACCESSIBILITY_FOCUS - null, AccessibilityAction: ACTION_SHOW_ON_SCREEN - null]; isTextSelectable: false
06-24 07:07:50.684  7824  7824 I AccessibilityNodeInfoDumper: Skipping invisible child: android.view.accessibility.AccessibilityNodeInfo@1a4a0; boundsInParent: Rect(0, 0 - 320, 0); boundsInScreen: Rect(0, 0 - 320, 0); boundsInWindow: Rect(0, 0 - 320, 0); packageName: com.hanapkalinga.mobile; className: android.widget.LinearLayout; text: null; error: null; maxTextLength: -1; stateDescription: null; contentDescription: null; tooltipText: null; containerTitle: null; viewIdResName: null; uniqueId: null; checkable: false; checked: false; focusable: false; focused: false; selected: false; clickable: false; longClickable: false; contextClickable: false; enabled: true; password: false; scrollable: false; importantForAccessibility: false; visible: false; actions: [AccessibilityAction: ACTION_SELECT - null, AccessibilityAction: ACTION_CLEAR_SELECTION - null, AccessibilityAction: ACTION_ACCESSIBILITY_FOCUS - null, AccessibilityAction: ACTION_SHOW_ON_SCREEN - null]; isTextSelectable: false
06-24 07:07:50.684  7824  7824 I AccessibilityNodeInfoDumper: Skipping invisible child: android.view.accessibility.AccessibilityNodeInfo@1a0df; boundsInParent: Rect(0, 0 - 320, 0); boundsInScreen: Rect(0, 0 - 320, 0); boundsInWindow: Rect(0, 0 - 320, 0); packageName: com.hanapkalinga.mobile; className: android.view.ViewGroup; text: null; error: null; maxTextLength: -1; stateDescription: null; contentDescription: null; tooltipText: null; containerTitle: null; viewIdResName: null; uniqueId: null; checkable: false; checked: false; focusable: false; focused: false; selected: false; clickable: false; longClickable: false; contextClickable: false; enabled: true; password: false; scrollable: false; importantForAccessibility: false; visible: false; actions: [AccessibilityAction: ACTION_SELECT - null, AccessibilityAction: ACTION_CLEAR_SELECTION - null, AccessibilityAction: ACTION_ACCESSIBILITY_FOCUS - null, AccessibilityAction: ACTION_SHOW_ON_SCREEN - null]; isTextSelectable: false
06-24 07:07:50.684  7824  7824 I AccessibilityNodeInfoDumper: Skipping invisible child: android.view.accessibility.AccessibilityNodeInfo@182d7; boundsInParent: Rect(0, 0 - 1, 1); boundsInScreen: Rect(20, 348 - 21, 349); boundsInWindow: Rect(20, 348 - 21, 349); packageName: com.hanapkalinga.mobile; className: android.view.ViewGroup; text: null; error: null; maxTextLength: -1; stateDescription: null; contentDescription: null; tooltipText: null; containerTitle: null; viewIdResName: login_captcha_ready; uniqueId: null; checkable: false; checked: false; focusable: false; focused: false; selected: false; clickable: false; longClickable: false; contextClickable: false; enabled: true; password: false; scrollable: false; importantForAccessibility: true; visible: false; actions: [AccessibilityAction: ACTION_SELECT - null, AccessibilityAction: ACTION_CLEAR_SELECTION - null, AccessibilityAction: ACTION_ACCESSIBILITY_FOCUS - null, AccessibilityAction: ACTION_SHOW_ON_SCREEN - null]; isTextSelectable: false
06-24 07:07:50.689  7824  7824 W AccessibilityNodeInfoDumper: Fetch time: 8ms
06-24 07:07:50.695   518   590 W WindowMagnificationMgr: requestConnection duplicated request: connect=false, mConnectionState=DISCONNECTED
06-24 07:07:50.695   518   590 D AccessibilityManagerService: restoreCurrentUserForTestAutomationIfNeededLocked(): ignoring because device doesn't support visible background users
06-24 07:07:50.695  1629  1653 I AiAiEcho: Settings changed for uri: content://settings/secure/accessibility_enabled
06-24 07:07:50.695  1629  1694 I AiAiEcho: Predicting[0]: 
06-24 07:07:50.695  1629  1694 I AiAiEcho: EchoTargets: 
06-24 07:07:50.695  1629  1694 I AiAiEcho: Filtered by AiAi flag check: 
06-24 07:07:50.695  1629  1694 I AiAiEcho: Ranked targets strategy: SORT, count: 0, ranking metadata: 
06-24 07:07:50.695  1629  1694 I AiAiEcho: Predicting[0]: 
06-24 07:07:50.695  1629  1694 I AiAiEcho: EchoTargets: 
06-24 07:07:50.695  1629  1694 I AiAiEcho: Filtered by AiAi flag check: 
06-24 07:07:50.695  1629  1694 I AiAiEcho: Ranked targets strategy: SORT, count: 0, ranking metadata: 
06-24 07:07:50.696  1629  1694 I AiAiEcho: #postPredictionTargets: Sending updates to UISurface lockscreen with targets# 0 (types=[])
06-24 07:07:50.696   518   518 D BatterySaverPolicy: accessibility changed to false, updating policy.
06-24 07:07:50.696   834   834 W PageIndicator: Total number of pages invalid: 0. Assuming 1 page.
06-24 07:07:50.696  1629  1694 I AiAiEcho: #postPredictionTargets: Sending updates to UISurface home with targets# 0 (types=[])
06-24 07:07:50.697  7824  7824 D AndroidRuntime: Shutting down VM
06-24 07:07:50.698  1759  2314 I A       : NGA enabled in interactor.
06-24 07:07:50.698  1759  2314 I A       : Nga state changed to NgaStateDetails{state=ENABLED, isSpecialExperience=false}
06-24 07:07:50.702  1664  1762 I A       : Initializing all components
06-24 07:07:50.702  1664  1762 I A       : APA or Classic session decision: SessionDecision(sessionVariance=CLASSIC, platformVariance=CLASSIC, justification=CURRENT_PLATFORM_VARIANCE).
06-24 07:07:50.702  1664  1762 I A       : [Memory] eligibility: StashEligibility{6}
06-24 07:07:50.703  1664  2369 I A       : onIsEnabledChanged, isEnabled: false
06-24 07:07:50.703  1664  2369 W A       : Disposing empty manager. Did you forgot to subscribe observables?
06-24 07:07:50.703  1664  2369 W A       : Disposing empty manager. Did you forgot to subscribe observables?
06-24 07:07:50.703  1664  2369 W A       : Disposing empty manager. Did you forgot to subscribe observables?
06-24 07:07:50.703  1664  2369 W A       : Disposing empty manager. Did you forgot to subscribe observables?
06-24 07:07:50.703  1664  2369 W A       : Disposing empty manager. Did you forgot to subscribe observables?
06-24 07:07:50.703  1664  2369 W A       : Disposing empty manager. Did you forgot to subscribe observables?
06-24 07:07:50.703  1664  2369 W A       : Disposing empty manager. Did you forgot to subscribe observables?
06-24 07:07:50.703  1664  2369 W A       : Disposing empty manager. Did you forgot to subscribe observables?
06-24 07:07:50.703  1664  2369 W A       : Disposing empty manager. Did you forgot to subscribe observables?
06-24 07:07:50.703  1664  2369 W A       : Disposing empty manager. Did you forgot to subscribe observables?
06-24 07:07:50.703  1664  2369 I A       : onOpaVisibilityChanged: false
06-24 07:07:50.703  1664  2369 W A       : Disposing empty manager. Did you forgot to subscribe observables?
06-24 07:07:50.703  1664  2369 W A       : Disposing empty manager. Did you forgot to subscribe observables?
06-24 07:07:50.703  1664  2369 W A       : Disposing empty manager. Did you forgot to subscribe observables?
06-24 07:07:50.703  1664  2369 W A       : Disposing empty manager. Did you forgot to subscribe observables?
06-24 07:07:50.703  1664  2369 W A       : Disposing empty manager. Did you forgot to subscribe observables?
06-24 07:07:50.703  1664  2369 W A       : Disposing empty manager. Did you forgot to subscribe observables?
06-24 07:07:50.703  1664  2369 I A       : Setting session to type: NO_SESSION
06-24 07:07:50.703  1664  2369 W A       : Disposing empty manager. Did you forgot to subscribe observables?
06-24 07:07:50.703  1664  2369 W A       : Disposing empty manager. Did you forgot to subscribe observables?
06-24 07:07:50.703  1664  2369 W A       : Disposing empty manager. Did you forgot to subscribe observables?
06-24 07:07:50.703  1664  2369 W A       : Disposing empty manager. Did you forgot to subscribe observables?
06-24 07:07:50.703  1664  2369 W A       : Disposing empty manager. Did you forgot to subscribe observables?
06-24 07:07:50.703  1664  2369 W A       : Disposing empty manager. Did you forgot to subscribe observables?
06-24 07:07:50.703  1664  2369 W A       : Disposing empty manager. Did you forgot to subscribe observables?
06-24 07:07:50.703  1664  2369 W A       : Disposing empty manager. Did you forgot to subscribe observables?
06-24 07:07:50.703  1664  2369 I A       : setNavBarVisible: GestureNavBarVisible{navbarVisible=true}
06-24 07:07:50.703  1664  2369 W A       : Disposing empty manager. Did you forgot to subscribe observables?
06-24 07:07:50.703  1664  2369 W A       : Disposing empty manager. Did you forgot to subscribe observables?
06-24 07:07:50.703  1664  2369 W A       : Disposing empty manager. Did you forgot to subscribe observables?
06-24 07:07:50.703  1664  2369 W A       : Disposing empty manager. Did you forgot to subscribe observables?
06-24 07:07:50.703  1664  2369 W A       : Disposing empty manager. Did you forgot to subscribe observables?
06-24 07:07:50.703  1664  2369 W A       : Disposing empty manager. Did you forgot to subscribe observables?
06-24 07:07:50.703  1664  2369 I A       : onDisabled. Registered: false
06-24 07:07:50.704  1664  2369 I A       : on opa visibility changed false
06-24 07:07:50.704  1664  2369 I A       : on opa visibility changed false
06-24 07:07:50.705  1664  2396 I A       : State changed: IDLE => IDLE by NGA_STATE_CHANGED and N/A with Optional.empty
06-24 07:07:50.706  1664  2396 I A       : Recognizer choice: (recognizer_type: 1, recognizer_mode: 1, choice_reason: 4)
06-24 07:07:50.706  1664  2396 I A       : onActiveStateChangeEvent: IDLE => IDLE
06-24 07:07:50.707  1664  2396 I A       : #onActiveStateChangeEvent, newState: IDLE, previousState: IDLE.
06-24 07:07:50.709  1664  2396 I NgaEntryPointEventSendr: setupConnection
06-24 07:07:50.714  1664  2396 I NgaEntryPointEventSendr: State changed: Disconnected => Connecting
06-24 07:07:50.714  1759  1759 I A       : Creating pss binder().
06-24 07:07:50.714  1664  2396 I A       : stopListening(NGA_PAUSED_UNKNOWN_REASON, NGA_CREATE), idleOverride=NOT_LISTENING
06-24 07:07:50.714  1664  2369 I A       : Initialize
06-24 07:07:50.715  1664  2396 I NgaEntryPointEventSendr: onServiceConnected
06-24 07:07:50.715  1759  1863 I A       : Calling beginBinderSession().
06-24 07:07:50.715  1759  1863 I A       : beginBinderSession(): calling binder
06-24 07:07:50.715  1664  2396 I NgaEntryPointEventSendr: State changed: Connecting => Ready
06-24 07:07:50.718  1664  2396 I A       : Successfully initialized all components
06-24 07:07:50.718   518  2984 W ActivityManager: Unable to start service Intent { cmp=com.google.android.apps.tachyon/.clientapi.ClientApiService } U=0: not found
06-24 07:07:50.724  1759  2834 I PBSessionCacheImpl: Deleted sessionId[7737946097565363] from persistence.
06-24 07:07:50.724  1759  2834 W A       : UiCallbackStub-onGenericEvent[ServiceEvent = 60] task was not run. Callback from Service received after client was disposed.
06-24 07:07:50.726  1759  2834 W SearchServiceCore: Abort, client detached.
06-24 07:07:50.727  1664  2396 I NgaEntryPointEventSendr: State changed: Ready => Disconnected (onOpaDisconnected)
06-24 07:07:50.817   820   820 I wpa_supplicant: wlan0: CTRL-EVENT-BEACON-LOSS 
