--------- beginning of main
06-24 07:07:48.017  7341  7555 D Maestro : View hierarchy received in 17 ms
06-24 07:07:48.108  7341  7555 D Maestro : Requesting view hierarchy
06-24 07:07:48.108  7341  7555 W QueryController: Could not detect idle state.
06-24 07:07:48.108  7341  7555 W QueryController: Could not detect idle state.
06-24 07:07:48.114  7341  7555 I Maestro : Skipping invisible child: android.view.accessibility.AccessibilityNodeInfo@128bb; boundsInParent: Rect(0, 0 - 320, 0); boundsInScreen: Rect(0, 0 - 320, 0); boundsInWindow: Rect(0, 0 - 320, 0); packageName: com.hanapkalinga.mobile; className: android.widget.LinearLayout; text: null; error: null; maxTextLength: -1; stateDescription: null; contentDescription: null; tooltipText: null; containerTitle: null; viewIdResName: null; uniqueId: null; checkable: false; checked: false; focusable: false; focused: false; selected: false; clickable: false; longClickable: false; contextClickable: false; enabled: true; password: false; scrollable: false; importantForAccessibility: false; visible: false; actions: [AccessibilityAction: ACTION_SELECT - null, AccessibilityAction: ACTION_CLEAR_SELECTION - null, AccessibilityAction: ACTION_ACCESSIBILITY_FOCUS - null, AccessibilityAction: ACTION_SHOW_ON_SCREEN - null]; isTextSelectable: false
06-24 07:07:48.114  7341  7555 I Maestro : Skipping invisible child: android.view.accessibility.AccessibilityNodeInfo@124fa; boundsInParent: Rect(0, 0 - 320, 0); boundsInScreen: Rect(0, 0 - 320, 0); boundsInWindow: Rect(0, 0 - 320, 0); packageName: com.hanapkalinga.mobile; className: android.view.ViewGroup; text: null; error: null; maxTextLength: -1; stateDescription: null; contentDescription: null; tooltipText: null; containerTitle: null; viewIdResName: null; uniqueId: null; checkable: false; checked: false; focusable: false; focused: false; selected: false; clickable: false; longClickable: false; contextClickable: false; enabled: true; password: false; scrollable: false; importantForAccessibility: false; visible: false; actions: [AccessibilityAction: ACTION_SELECT - null, AccessibilityAction: ACTION_CLEAR_SELECTION - null, AccessibilityAction: ACTION_ACCESSIBILITY_FOCUS - null, AccessibilityAction: ACTION_SHOW_ON_SCREEN - null]; isTextSelectable: false
06-24 07:07:48.115  7341  7555 I Maestro : Skipping invisible child: android.view.accessibility.AccessibilityNodeInfo@1a49c; boundsInParent: Rect(0, 0 - 320, 0); boundsInScreen: Rect(0, 0 - 320, 0); boundsInWindow: Rect(0, 0 - 320, 0); packageName: com.hanapkalinga.mobile; className: android.widget.LinearLayout; text: null; error: null; maxTextLength: -1; stateDescription: null; contentDescription: null; tooltipText: null; containerTitle: null; viewIdResName: null; uniqueId: null; checkable: false; checked: false; focusable: false; focused: false; selected: false; clickable: false; longClickable: false; contextClickable: false; enabled: true; password: false; scrollable: false; importantForAccessibility: false; visible: false; actions: [AccessibilityAction: ACTION_SELECT - null, AccessibilityAction: ACTION_CLEAR_SELECTION - null, AccessibilityAction: ACTION_ACCESSIBILITY_FOCUS - null, AccessibilityAction: ACTION_SHOW_ON_SCREEN - null]; isTextSelectable: false
06-24 07:07:48.115  7341  7555 I Maestro : Skipping invisible child: android.view.accessibility.AccessibilityNodeInfo@1a0db; boundsInParent: Rect(0, 0 - 320, 0); boundsInScreen: Rect(0, 0 - 320, 0); boundsInWindow: Rect(0, 0 - 320, 0); packageName: com.hanapkalinga.mobile; className: android.view.ViewGroup; text: null; error: null; maxTextLength: -1; stateDescription: null; contentDescription: null; tooltipText: null; containerTitle: null; viewIdResName: null; uniqueId: null; checkable: false; checked: false; focusable: false; focused: false; selected: false; clickable: false; longClickable: false; contextClickable: false; enabled: true; password: false; scrollable: false; importantForAccessibility: false; visible: false; actions: [AccessibilityAction: ACTION_SELECT - null, AccessibilityAction: ACTION_CLEAR_SELECTION - null, AccessibilityAction: ACTION_ACCESSIBILITY_FOCUS - null, AccessibilityAction: ACTION_SHOW_ON_SCREEN - null]; isTextSelectable: false
06-24 07:07:48.116  7341  7555 I Maestro : Skipping invisible child: android.view.accessibility.AccessibilityNodeInfo@182d3; boundsInParent: Rect(0, 0 - 1, 1); boundsInScreen: Rect(20, 348 - 21, 349); boundsInWindow: Rect(20, 348 - 21, 349); packageName: com.hanapkalinga.mobile; className: android.view.ViewGroup; text: null; error: null; maxTextLength: -1; stateDescription: null; contentDescription: null; tooltipText: null; containerTitle: null; viewIdResName: login_captcha_ready; uniqueId: null; checkable: false; checked: false; focusable: false; focused: false; selected: false; clickable: false; longClickable: false; contextClickable: false; enabled: true; password: false; scrollable: false; importantForAccessibility: true; visible: false; actions: [AccessibilityAction: ACTION_SELECT - null, AccessibilityAction: ACTION_CLEAR_SELECTION - null, AccessibilityAction: ACTION_ACCESSIBILITY_FOCUS - null, AccessibilityAction: ACTION_SHOW_ON_SCREEN - null]; isTextSelectable: false
06-24 07:07:48.125  7341  7555 D Maestro : View hierarchy received in 17 ms
06-24 07:07:48.176  7341  7555 D Maestro : Requesting view hierarchy
06-24 07:07:48.177  7341  7555 W QueryController: Could not detect idle state.
06-24 07:07:48.177  7341  7555 W QueryController: Could not detect idle state.
06-24 07:07:48.183  7341  7555 I Maestro : Skipping invisible child: android.view.accessibility.AccessibilityNodeInfo@128bb; boundsInParent: Rect(0, 0 - 320, 0); boundsInScreen: Rect(0, 0 - 320, 0); boundsInWindow: Rect(0, 0 - 320, 0); packageName: com.hanapkalinga.mobile; className: android.widget.LinearLayout; text: null; error: null; maxTextLength: -1; stateDescription: null; contentDescription: null; tooltipText: null; containerTitle: null; viewIdResName: null; uniqueId: null; checkable: false; checked: false; focusable: false; focused: false; selected: false; clickable: false; longClickable: false; contextClickable: false; enabled: true; password: false; scrollable: false; importantForAccessibility: false; visible: false; actions: [AccessibilityAction: ACTION_SELECT - null, AccessibilityAction: ACTION_CLEAR_SELECTION - null, AccessibilityAction: ACTION_ACCESSIBILITY_FOCUS - null, AccessibilityAction: ACTION_SHOW_ON_SCREEN - null]; isTextSelectable: false
06-24 07:07:48.183  7341  7555 I Maestro : Skipping invisible child: android.view.accessibility.AccessibilityNodeInfo@124fa; boundsInParent: Rect(0, 0 - 320, 0); boundsInScreen: Rect(0, 0 - 320, 0); boundsInWindow: Rect(0, 0 - 320, 0); packageName: com.hanapkalinga.mobile; className: android.view.ViewGroup; text: null; error: null; maxTextLength: -1; stateDescription: null; contentDescription: null; tooltipText: null; containerTitle: null; viewIdResName: null; uniqueId: null; checkable: false; checked: false; focusable: false; focused: false; selected: false; clickable: false; longClickable: false; contextClickable: false; enabled: true; password: false; scrollable: false; importantForAccessibility: false; visible: false; actions: [AccessibilityAction: ACTION_SELECT - null, AccessibilityAction: ACTION_CLEAR_SELECTION - null, AccessibilityAction: ACTION_ACCESSIBILITY_FOCUS - null, AccessibilityAction: ACTION_SHOW_ON_SCREEN - null]; isTextSelectable: false
06-24 07:07:48.184  7341  7555 I Maestro : Skipping invisible child: android.view.accessibility.AccessibilityNodeInfo@1a49c; boundsInParent: Rect(0, 0 - 320, 0); boundsInScreen: Rect(0, 0 - 320, 0); boundsInWindow: Rect(0, 0 - 320, 0); packageName: com.hanapkalinga.mobile; className: android.widget.LinearLayout; text: null; error: null; maxTextLength: -1; stateDescription: null; contentDescription: null; tooltipText: null; containerTitle: null; viewIdResName: null; uniqueId: null; checkable: false; checked: false; focusable: false; focused: false; selected: false; clickable: false; longClickable: false; contextClickable: false; enabled: true; password: false; scrollable: false; importantForAccessibility: false; visible: false; actions: [AccessibilityAction: ACTION_SELECT - null, AccessibilityAction: ACTION_CLEAR_SELECTION - null, AccessibilityAction: ACTION_ACCESSIBILITY_FOCUS - null, AccessibilityAction: ACTION_SHOW_ON_SCREEN - null]; isTextSelectable: false
06-24 07:07:48.184  7341  7555 I Maestro : Skipping invisible child: android.view.accessibility.AccessibilityNodeInfo@1a0db; boundsInParent: Rect(0, 0 - 320, 0); boundsInScreen: Rect(0, 0 - 320, 0); boundsInWindow: Rect(0, 0 - 320, 0); packageName: com.hanapkalinga.mobile; className: android.view.ViewGroup; text: null; error: null; maxTextLength: -1; stateDescription: null; contentDescription: null; tooltipText: null; containerTitle: null; viewIdResName: null; uniqueId: null; checkable: false; checked: false; focusable: false; focused: false; selected: false; clickable: false; longClickable: false; contextClickable: false; enabled: true; password: false; scrollable: false; importantForAccessibility: false; visible: false; actions: [AccessibilityAction: ACTION_SELECT - null, AccessibilityAction: ACTION_CLEAR_SELECTION - null, AccessibilityAction: ACTION_ACCESSIBILITY_FOCUS - null, AccessibilityAction: ACTION_SHOW_ON_SCREEN - null]; isTextSelectable: false
06-24 07:07:48.185  7341  7555 I Maestro : Skipping invisible child: android.view.accessibility.AccessibilityNodeInfo@182d3; boundsInParent: Rect(0, 0 - 1, 1); boundsInScreen: Rect(20, 348 - 21, 349); boundsInWindow: Rect(20, 348 - 21, 349); packageName: com.hanapkalinga.mobile; className: android.view.ViewGroup; text: null; error: null; maxTextLength: -1; stateDescription: null; contentDescription: null; tooltipText: null; containerTitle: null; viewIdResName: login_captcha_ready; uniqueId: null; checkable: false; checked: false; focusable: false; focused: false; selected: false; clickable: false; longClickable: false; contextClickable: false; enabled: true; password: false; scrollable: false; importantForAccessibility: true; visible: false; actions: [AccessibilityAction: ACTION_SELECT - null, AccessibilityAction: ACTION_CLEAR_SELECTION - null, AccessibilityAction: ACTION_ACCESSIBILITY_FOCUS - null, AccessibilityAction: ACTION_SHOW_ON_SCREEN - null]; isTextSelectable: false
06-24 07:07:48.196  7341  7555 D Maestro : View hierarchy received in 20 ms
--------- beginning of system
06-24 07:07:48.281   518   897 D WindowManager: captureDisplay
06-24 07:07:48.656  7492  7511 D EGL_emulation: app_time_stats: avg=500.02ms min=499.85ms max=500.20ms count=2
06-24 07:07:48.701   518   547 I ActivityManager: Force stopping dev.mobile.maestro appid=10199 user=-1: deletePackageX
06-24 07:07:48.701   518   547 E libprocessgroup: No such cgroup attribute: /sys/fs/cgroup/uid_4294877495/cgroup.freeze
06-24 07:07:48.701   518   547 W libprocessgroup: Failed to apply Frozen process profile: No such file or directory
06-24 07:07:48.701   518   547 I ActivityManager: Killing 7341:dev.mobile.maestro/u0a199 (adj 0): stop dev.mobile.maestro due to deletePackageX
06-24 07:07:48.702   518   547 W ActivityManager: Crash of app dev.mobile.maestro running instrumentation ComponentInfo{dev.mobile.maestro.test/androidx.test.runner.AndroidJUnitRunner}
06-24 07:07:48.702   518   547 I ActivityManager: Force stopping dev.mobile.maestro appid=10199 user=0: finished inst
06-24 07:07:48.702   518   538 D DisplayManagerService: Drop pending events for gone uid 10199
06-24 07:07:48.710   518   547 E libprocessgroup: No such cgroup attribute: /sys/fs/cgroup/uid_4294877495/cgroup.freeze
06-24 07:07:48.710   518   547 W libprocessgroup: Failed to apply Unfrozen process profile: No such file or directory
06-24 07:07:48.711  7329  7340 W Binder  : Caught a RuntimeException from the binder stub implementation.
06-24 07:07:48.711  7329  7340 W Binder  : java.lang.SecurityException: Calling from not trusted UID!
06-24 07:07:48.711  7329  7340 W Binder  : 	at android.app.UiAutomationConnection.throwIfCalledByNotTrustedUidLocked(UiAutomationConnection.java:646)
06-24 07:07:48.711  7329  7340 W Binder  : 	at android.app.UiAutomationConnection.shutdown(UiAutomationConnection.java:547)
06-24 07:07:48.711  7329  7340 W Binder  : 	at android.app.IUiAutomationConnection$Stub.onTransact(IUiAutomationConnection.java:402)
06-24 07:07:48.711  7329  7340 W Binder  : 	at android.os.Binder.execTransactInternal(Binder.java:1344)
06-24 07:07:48.711  7329  7340 W Binder  : 	at android.os.Binder.execTransact(Binder.java:1275)
06-24 07:07:48.714  7329  7329 I app_process: System.exit called, status: 0
06-24 07:07:48.714  7329  7329 I AndroidRuntime: VM exiting with result code 0.
--------- beginning of kernel
06-24 07:07:48.897     0     0 I servicemanager: Since 'artd' could not be found, trying to start it as a lazy AIDL service. (if it's not configured to be a lazy service, it may be stuck starting or still starting).
06-24 07:07:48.908     0     0 I init    : Untracked pid 7329 exited with status 0
06-24 07:07:48.909     0     0 I init    : Untracked pid 7329 did not have an associated service entry and will not be reaped
06-24 07:07:48.726  1629  2280 I AiAiEcho: Settings changed for uri: content://settings/secure/accessibility_enabled
06-24 07:07:48.726   518   814 W WindowMagnificationMgr: requestConnection duplicated request: connect=false, mConnectionState=DISCONNECTED
06-24 07:07:48.726   518   814 V UiAutomationManager: UiAutomation service owner died
06-24 07:07:48.727   518   518 D BatterySaverPolicy: accessibility changed to false, updating policy.
06-24 07:07:48.913     0     0 I init    : starting service 'artd'...
06-24 07:07:48.731  1629  1694 I AiAiEcho: Predicting[0]: 
06-24 07:07:48.731  1629  1694 I AiAiEcho: EchoTargets: 
06-24 07:07:48.731  1629  1694 I AiAiEcho: Filtered by AiAi flag check: 
06-24 07:07:48.731  1629  1694 I AiAiEcho: Ranked targets strategy: SORT, count: 0, ranking metadata: 
06-24 07:07:48.732  1629  1694 I AiAiEcho: Predicting[0]: 
06-24 07:07:48.732  1629  1694 I AiAiEcho: EchoTargets: 
06-24 07:07:48.732  1629  1694 I AiAiEcho: Filtered by AiAi flag check: 
06-24 07:07:48.732  1629  1694 I AiAiEcho: Ranked targets strategy: SORT, count: 0, ranking metadata: 
06-24 07:07:48.734  1759  2333 I A       : NGA enabled in interactor.
06-24 07:07:48.734  1759  2333 I A       : Nga state changed to NgaStateDetails{state=ENABLED, isSpecialExperience=false}
06-24 07:07:48.733  1629  1694 I AiAiEcho: #postPredictionTargets: Sending updates to UISurface lockscreen with targets# 0 (types=[])
06-24 07:07:48.734  1664  1715 I A       : Initializing all components
06-24 07:07:48.735  1664  1715 I A       : APA or Classic session decision: SessionDecision(sessionVariance=CLASSIC, platformVariance=CLASSIC, justification=CURRENT_PLATFORM_VARIANCE).
06-24 07:07:48.735  1664  2369 I A       : onIsEnabledChanged, isEnabled: false
06-24 07:07:48.735  1664  1715 I A       : [Memory] eligibility: StashEligibility{6}
06-24 07:07:48.735  1664  2369 W A       : Disposing empty manager. Did you forgot to subscribe observables?
06-24 07:07:48.735  1664  2369 W A       : Disposing empty manager. Did you forgot to subscribe observables?
06-24 07:07:48.735  1664  2369 W A       : Disposing empty manager. Did you forgot to subscribe observables?
06-24 07:07:48.735  1664  2369 W A       : Disposing empty manager. Did you forgot to subscribe observables?
06-24 07:07:48.735  1664  2369 W A       : Disposing empty manager. Did you forgot to subscribe observables?
06-24 07:07:48.735   834   834 W PageIndicator: Total number of pages invalid: 0. Assuming 1 page.
06-24 07:07:48.735  1664  2369 W A       : Disposing empty manager. Did you forgot to subscribe observables?
06-24 07:07:48.735  1664  2369 W A       : Disposing empty manager. Did you forgot to subscribe observables?
06-24 07:07:48.735  1664  2369 W A       : Disposing empty manager. Did you forgot to subscribe observables?
06-24 07:07:48.735  1664  2369 W A       : Disposing empty manager. Did you forgot to subscribe observables?
06-24 07:07:48.735  1664  2369 W A       : Disposing empty manager. Did you forgot to subscribe observables?
06-24 07:07:48.735  1664  2369 I A       : onOpaVisibilityChanged: false
06-24 07:07:48.735  1664  2369 W A       : Disposing empty manager. Did you forgot to subscribe observables?
06-24 07:07:48.735  1664  2369 W A       : Disposing empty manager. Did you forgot to subscribe observables?
06-24 07:07:48.735  1664  2369 W A       : Disposing empty manager. Did you forgot to subscribe observables?
06-24 07:07:48.735  1664  2369 W A       : Disposing empty manager. Did you forgot to subscribe observables?
06-24 07:07:48.735  1664  2369 W A       : Disposing empty manager. Did you forgot to subscribe observables?
06-24 07:07:48.735  1664  2369 W A       : Disposing empty manager. Did you forgot to subscribe observables?
06-24 07:07:48.735  1664  2369 I A       : Setting session to type: NO_SESSION
06-24 07:07:48.735  1664  2369 W A       : Disposing empty manager. Did you forgot to subscribe observables?
06-24 07:07:48.735  1664  2369 W A       : Disposing empty manager. Did you forgot to subscribe observables?
06-24 07:07:48.735  1664  2369 W A       : Disposing empty manager. Did you forgot to subscribe observables?
06-24 07:07:48.735  1664  2369 W A       : Disposing empty manager. Did you forgot to subscribe observables?
06-24 07:07:48.735  1664  2369 W A       : Disposing empty manager. Did you forgot to subscribe observables?
06-24 07:07:48.735  1664  2369 W A       : Disposing empty manager. Did you forgot to subscribe observables?
06-24 07:07:48.735  1664  2369 W A       : Disposing empty manager. Did you forgot to subscribe observables?
06-24 07:07:48.735  1664  2369 W A       : Disposing empty manager. Did you forgot to subscribe observables?
06-24 07:07:48.735  1664  2369 I A       : setNavBarVisible: GestureNavBarVisible{navbarVisible=true}
06-24 07:07:48.735  1664  2369 W A       : Disposing empty manager. Did you forgot to subscribe observables?
06-24 07:07:48.735  1664  2369 W A       : Disposing empty manager. Did you forgot to subscribe observables?
06-24 07:07:48.735  1664  2369 W A       : Disposing empty manager. Did you forgot to subscribe observables?
06-24 07:07:48.735  1664  2369 W A       : Disposing empty manager. Did you forgot to subscribe observables?
06-24 07:07:48.736  1664  2369 W A       : Disposing empty manager. Did you forgot to subscribe observables?
06-24 07:07:48.736  1664  2369 W A       : Disposing empty manager. Did you forgot to subscribe observables?
06-24 07:07:48.736  1664  2369 I A       : onDisabled. Registered: false
06-24 07:07:48.736  1664  2396 I A       : State changed: IDLE => IDLE by NGA_STATE_CHANGED and N/A with Optional.empty
06-24 07:07:48.736  1664  2396 I A       : Recognizer choice: (recognizer_type: 1, recognizer_mode: 1, choice_reason: 4)
06-24 07:07:48.738  1664  2396 I A       : onActiveStateChangeEvent: IDLE => IDLE
06-24 07:07:48.738  1664  2396 I A       : #onActiveStateChangeEvent, newState: IDLE, previousState: IDLE.
06-24 07:07:48.738   518   814 D CompatibilityChangeReporter: Compat change id reported: 197654537; UID 10192; state: ENABLED
06-24 07:07:48.739  1629  1694 I AiAiEcho: #postPredictionTargets: Sending updates to UISurface home with targets# 0 (types=[])
06-24 07:07:48.739  1664  2396 I NgaEntryPointEventSendr: setupConnection
06-24 07:07:48.926     0     0 I init    : ... started service 'artd' has pid 7712
06-24 07:07:48.927     0     0 I init    : Control message: Processed ctl.interface_start for 'aidl/artd' from pid: 133 (/system/bin/servicemanager)
06-24 07:07:48.747   518   814 W ProcessStats: Tracking association SourceState{5cd32a4 com.google.android.googlequicksearchbox:interactor/10131 BFgs #14404} whose proc state 4 is better than process ProcessState{b06489f com.google.android.googlequicksearchbox:search/10131 pkg=com.google.android.googlequicksearchbox} proc state 14 (10 skipped)
06-24 07:07:48.748  1759  1759 I A       : Creating pss binder().
06-24 07:07:48.749  1664  2396 I NgaEntryPointEventSendr: State changed: Disconnected => Connecting
06-24 07:07:48.749  1664  2396 I A       : on opa visibility changed false
06-24 07:07:48.749  1664  2396 I A       : on opa visibility changed false
06-24 07:07:48.752   518   813 V ActivityManager: Got obituary of 7341:dev.mobile.maestro
06-24 07:07:48.936     0     0 I binder  : undelivered transaction 913659, process died.
06-24 07:07:48.754   335   335 I Zygote  : Process 7341 exited due to signal 9 (Killed)
06-24 07:07:48.758  1664  2369 I A       : Initialize
06-24 07:07:48.758  1664  2369 I NgaEntryPointEventSendr: onServiceConnected
06-24 07:07:48.759  1664  2396 I A       : stopListening(NGA_PAUSED_UNKNOWN_REASON, NGA_CREATE), idleOverride=NOT_LISTENING
06-24 07:07:48.761  1759  4870 I A       : Calling beginBinderSession().
06-24 07:07:48.763  1759  4870 I A       : beginBinderSession(): calling binder
06-24 07:07:48.763  1664  2369 I NgaEntryPointEventSendr: State changed: Connecting => Ready
06-24 07:07:48.764  1664  2369 I A       : Successfully initialized all components
06-24 07:07:48.764  7712  7712 I artd    : Starting artd
06-24 07:07:48.766  7712  7712 I AidlLazyServiceRegistrar: Registering service artd
06-24 07:07:48.951     0     0 I BpBinder: onLastStrongRef automatically unlinking death recipients:
06-24 07:07:48.953     0     0 I servicemanager: Notifying artd they do (previously: don't) have clients when service is guaranteed to be in use
06-24 07:07:48.770   518   813 W ActivityManager: Unable to start service Intent { cmp=com.google.android.apps.tachyon/.clientapi.ClientApiService } U=0: not found
06-24 07:07:48.771  7712  7718 I AidlLazyServiceRegistrar: Process has 1 (of 1 available) client(s) in use after notification artd has clients: 1
06-24 07:07:48.980     0     0 I logd    : start watching /data/system/packages.list ...
06-24 07:07:48.981     0     0 I logd    : ReadPackageList, total packages: 201
06-24 07:07:48.804  1759  2834 W A       : UiCallbackStub-onGenericEvent[ServiceEvent = 241] task was not run. Callback from Service received after client was disposed.
06-24 07:07:48.804  1664  2369 I NgaEntryPointEventSendr: State changed: Ready => Disconnected (onOpaDisconnected)
06-24 07:07:48.805  1759  2834 W A       : UiCallbackStub-onGenericEvent[ServiceEvent = 241] task was not run. Callback from Service received after client was disposed.
06-24 07:07:48.805   518   570 D PackageManager: Instant App installer not found with android.intent.action.INSTALL_INSTANT_APP_PACKAGE
06-24 07:07:48.805   518   570 D PackageManager: Clear ephemeral installer activity
06-24 07:07:48.806  1759  2834 W A       : UiCallbackStub-onGenericEvent[ServiceEvent = 60] task was not run. Callback from Service received after client was disposed.
06-24 07:07:48.807  1759  3038 I PBSessionCacheImpl: Deleted sessionId[7737946097565360] from persistence.
06-24 07:07:48.807   518  3264 E TaskPersister: File error accessing recents directory (directory doesn't exist?).
06-24 07:07:48.809  1759  2834 W SearchServiceCore: Abort, client detached.
06-24 07:07:48.819   518   570 I ActivityManager: Force stopping dev.mobile.maestro appid=10199 user=0: pkg removed
06-24 07:07:48.851   518   518 D ActivityManager: sync unfroze 1877 com.android.keychain for 10
06-24 07:07:48.852  1046  1046 D CarrierSvcBindHelper: onPackageRemoved: dev.mobile.maestro
06-24 07:07:48.852   518   755 W WifiService: Couldn't get PackageInfo for package:dev.mobile.maestro
06-24 07:07:48.852   518   755 D WifiService: Remove settings for package:dev.mobile.maestro
06-24 07:07:48.852   518   755 D WifiConfigManager: Remove all networks for app ApplicationInfo{177592f dev.mobile.maestro}
06-24 07:07:48.853  1046  1046 D CarrierSvcBindHelper: No carrier app for: 0
06-24 07:07:48.853  4030  4030 V MediaPlayerList: mPackageChangedBroadcastReceiver: action: android.intent.action.PACKAGE_REMOVED
06-24 07:07:48.853  4030  4030 V MediaPlayerList: mPackageChangedBroadcastReceiver: action: android.intent.action.PACKAGE_REMOVED
06-24 07:07:48.854   518   518 D ActivityManager: sync unfroze 1047 com.android.settings for 10
06-24 07:07:48.855   518   518 D ActivityManager: sync unfroze 3595 com.android.dynsystem:dynsystem for 10
06-24 07:07:48.856   518   633 V StorageManagerService: Package dev.mobile.maestro does not have legacy storage
06-24 07:07:48.856   518   768 E AppOps  : attributionTag VCN not declared in manifest of android
06-24 07:07:48.857   518   623 I InputReader: Reconfiguring input devices, changes=KEYBOARD_LAYOUTS
06-24 07:07:48.858   518   518 D ActivityManager: sync unfroze 3514 com.android.dynsystem for 10
06-24 07:07:48.863   518   518 D ActivityManager: sync unfroze 2449 com.android.localtransport for 10
06-24 07:07:48.868   834   887 D StylusManager: Stylus InputDevice changed: 14 virtio_input_multi_touch_11
06-24 07:07:48.874   518   755 D WifiConfigStore: Writing to stores completed in 21 ms.
06-24 07:07:48.874   518   755 I PasspointManager: No app ops listener found for dev.mobile.maestro
06-24 07:07:48.880   518   604 I RollbackManager: broadcast=ACTION_PACKAGE_FULLY_REMOVED pkg=dev.mobile.maestro
06-24 07:07:48.880   518   610 I RoleService: Granting default roles...
06-24 07:07:48.882  1667  1667 W MediaProvider: WorkProfileOwnerApps cache is empty
06-24 07:07:48.884   518   755 W WifiService: Couldn't get PackageInfo for package:dev.mobile.maestro
06-24 07:07:48.885   518   755 D WifiService: Remove settings for package:dev.mobile.maestro
06-24 07:07:48.885   518   755 D WifiConfigManager: Remove all networks for app ApplicationInfo{a5d092a dev.mobile.maestro}
06-24 07:07:48.886   518   755 D WifiConfigStore: Writing to stores completed in 1 ms.
06-24 07:07:48.886   518   755 I PasspointManager: No app ops listener found for dev.mobile.maestro
06-24 07:07:48.887   518   546 W WindowMagnificationMgr: requestConnection duplicated request: connect=false, mConnectionState=DISCONNECTED
06-24 07:07:48.888   518   518 I Telecom : CarModeTracker: Package dev.mobile.maestro is not tracked.: SSH.oR@AY4🔒
06-24 07:07:48.889   518   518 I Telecom : InCallController: updateCarModeForConnections: car mode apps: : SSH.oR@AY4🔒
06-24 07:07:48.889   518   518 I Telecom : InCallController: update carmode current:UserHandle{0} parent:null: SSH.oR@AY4🔒
06-24 07:07:48.892   834   887 D StylusManager: Stylus InputDevice changed: 12 virtio_input_multi_touch_9
06-24 07:07:48.892   834   887 D StylusManager: Stylus InputDevice changed: 8 virtio_input_multi_touch_5
06-24 07:07:48.893   834   887 D StylusManager: Stylus InputDevice changed: 11 virtio_input_multi_touch_8
06-24 07:07:48.893   834   887 D StylusManager: Stylus InputDevice changed: 10 virtio_input_multi_touch_7
06-24 07:07:48.893   834   887 D StylusManager: Stylus InputDevice changed: 9 virtio_input_multi_touch_6
06-24 07:07:48.893   834   887 D StylusManager: Stylus InputDevice changed: 7 virtio_input_multi_touch_4
06-24 07:07:48.894   834   887 D StylusManager: Stylus InputDevice changed: 6 virtio_input_multi_touch_3
06-24 07:07:48.894   834   887 D StylusManager: Stylus InputDevice changed: 5 virtio_input_multi_touch_2
06-24 07:07:48.894   834   887 D StylusManager: Stylus InputDevice changed: 13 virtio_input_multi_touch_10
06-24 07:07:48.895   834   887 D StylusManager: Stylus InputDevice changed: 4 virtio_input_multi_touch_1
06-24 07:07:48.912   518   530 W JavaBinder: BinderProxy is being destroyed but the application did not call unlinkToDeath to unlink all of its death recipients beforehand.  Releasing leaked death recipient: com.android.server.wm.ActivityRecord$$ExternalSyntheticLambda0
06-24 07:07:48.912   518   530 I BpBinder: onLastStrongRef automatically unlinking death recipients: 
06-24 07:07:48.921   518   547 D ActivityManager: sync unfroze 4595 com.android.chrome for 3
06-24 07:07:48.931   518   610 D ActivityManager: sync unfroze 836 com.google.android.permissioncontroller for 6
06-24 07:07:48.938  1085  1085 D Launcher.Model: package removed received dev.mobile.maestro
06-24 07:07:48.938  1085  1132 D PackageUpdatedTask: Removing app icondev.mobile.maestro
06-24 07:07:48.938  1629  1629 I AiAiEcho: AppFetcherImplV2 onPackageRemoved dev.mobile.maestro.
06-24 07:07:48.945  1085  1132 D ModelWriter: removing items from db . Reason: [removed because the corresponding package or component is removed. mOp=3 removedPackages=[dev.mobile.maestro] removedComponents=[]]
06-24 07:07:48.951   518   547 I ActivityManager: Force stopping dev.mobile.maestro.test appid=10200 user=-1: deletePackageX
06-24 07:07:48.951   518   547 E libprocessgroup: No such cgroup attribute: /sys/fs/cgroup/uid_4294877496/cgroup.freeze
06-24 07:07:48.951   518   547 W libprocessgroup: Failed to apply Frozen process profile: No such file or directory
06-24 07:07:48.951   518   547 E libprocessgroup: No such cgroup attribute: /sys/fs/cgroup/uid_4294877496/cgroup.freeze
06-24 07:07:48.951   518   547 W libprocessgroup: Failed to apply Unfrozen process profile: No such file or directory
06-24 07:07:48.953   518   547 D ActivityManager: sync unfroze 2915 com.google.android.documentsui for 3
06-24 07:07:48.961   834   834 D ControlsListingControllerImpl: ServiceConfig reloaded, count: 0
06-24 07:07:48.964  1629  1731 I AiAiEcho: EchoSearch: WidgetFetcherImpl is initialized with [28] widgets [reason=package removed for userId: 0]
06-24 07:07:48.968   518   518 I ConditionProviders: Disallowing condition provider dev.mobile.maestro (userSet: true)
06-24 07:07:48.970   518   813 D SafetySourceDataValidator: No cert check requested for package com.google.android.permissioncontroller
06-24 07:07:48.998   334   361 I netd    : tetherGetStats() -> {[]} <0.35ms>
06-24 07:07:49.183     0     0 I logd    : start watching /data/system/packages.list ...
06-24 07:07:49.184     0     0 I logd    : ReadPackageList, total packages: 200
06-24 07:07:49.002   518   547 D ActivityManager: sync unfroze 2151 android.process.media for 3
06-24 07:07:49.006  5113  5113 D BoundBrokerSvc: onBind: Intent { act=com.google.android.gms.common.BIND_SHARED_PREFS pkg=com.google.android.gms }
06-24 07:07:49.006  5113  5113 D BoundBrokerSvc: Loading bound service for intent: Intent { act=com.google.android.gms.common.BIND_SHARED_PREFS pkg=com.google.android.gms }
06-24 07:07:49.007  1629  1653 I AiAiEcho: Settings changed for uri: content://settings/secure/accessibility_enabled
06-24 07:07:49.009  5113  5113 D BoundBrokerSvc: onUnbind: Intent { act=com.google.android.gms.common.BIND_SHARED_PREFS pkg=com.google.android.gms }
06-24 07:07:49.010   836   836 D PersistedStoragePackageUninstalledReceiver: Received android.intent.action.PACKAGE_FULLY_REMOVED for dev.mobile.maestro for u0
06-24 07:07:49.011  1667  2531 I MediaProvider: Begin Intent { act=android.intent.action.PACKAGE_FULLY_REMOVED dat=package: flg=0x5000010 cmp=com.google.android.providers.media.module/com.android.providers.media.MediaService (has extras) }
06-24 07:07:49.011  1667  2531 D MediaProvider: Deleted 0 Android/media items belonging to dev.mobile.maestro on /data/user/0/com.google.android.providers.media.module/databases/external.db
06-24 07:07:49.012   396   409 D AF::TrackHandle: OpPlayAudio: track:55 usage:13 not muted
06-24 07:07:49.013   396   409 D AF::TrackHandle: OpPlayAudio: track:55 usage:13 not muted
06-24 07:07:49.013   396   409 D AF::TrackHandle: OpPlayAudio: track:55 usage:13 not muted
06-24 07:07:49.013   396   409 D AF::TrackHandle: OpPlayAudio: track:55 usage:13 not muted
06-24 07:07:49.013   396   409 D AF::TrackHandle: OpPlayAudio: track:55 usage:13 not muted
06-24 07:07:49.013   396   409 D AF::TrackHandle: OpPlayAudio: track:55 usage:13 not muted
06-24 07:07:49.013   396   409 D AF::TrackHandle: OpPlayAudio: track:55 usage:13 not muted
06-24 07:07:49.014   396   409 D AF::TrackHandle: OpPlayAudio: track:55 usage:13 not muted
06-24 07:07:49.014   396   409 D AF::TrackHandle: OpPlayAudio: track:55 usage:13 not muted
06-24 07:07:49.014   396   409 D AF::TrackHandle: OpPlayAudio: track:55 usage:13 not muted
06-24 07:07:49.014   396   409 D AF::TrackHandle: OpPlayAudio: track:55 usage:13 not muted
06-24 07:07:49.014   396   409 D AF::TrackHandle: OpPlayAudio: track:55 usage:13 not muted
06-24 07:07:49.015   396   409 D AF::TrackHandle: OpPlayAudio: track:55 usage:13 not muted
06-24 07:07:49.015   396   409 D AF::TrackHandle: OpPlayAudio: track:55 usage:13 not muted
06-24 07:07:49.015   396   409 D AF::TrackHandle: OpPlayAudio: track:55 usage:13 not muted
06-24 07:07:49.015   396   409 D AF::TrackHandle: OpPlayAudio: track:55 usage:13 not muted
06-24 07:07:49.015   518   570 D PackageManager: Instant App installer not found with android.intent.action.INSTALL_INSTANT_APP_PACKAGE
06-24 07:07:49.015   518   570 D PackageManager: Clear ephemeral installer activity
06-24 07:07:49.016   518  3264 E TaskPersister: File error accessing recents directory (directory doesn't exist?).
06-24 07:07:49.018  1629  1694 I AiAiEcho: [pnb-agg] Reload pnb aggregation on events deleted
06-24 07:07:49.020  1629  1694 I AiAiEcho: [pnb-agg] pnb aggregation disabled.
06-24 07:07:49.020  1629  1694 I AiAiEcho: Predicting[0]: 
06-24 07:07:49.021  1629  1694 I AiAiEcho: EchoTargets: 
06-24 07:07:49.021  1629  1694 I AiAiEcho: Filtered by AiAi flag check: 
06-24 07:07:49.021  1629  1694 I AiAiEcho: Ranked targets strategy: SORT, count: 0, ranking metadata: 
06-24 07:07:49.021  1629  1694 I AiAiEcho: Predicting[0]: 
06-24 07:07:49.022  1629  1694 I AiAiEcho: EchoTargets: 
06-24 07:07:49.022  1629  1694 I AiAiEcho: Filtered by AiAi flag check: 
06-24 07:07:49.022  1629  1694 I AiAiEcho: Ranked targets strategy: SORT, count: 0, ranking metadata: 
06-24 07:07:49.022  1629  1694 I AiAiEcho: #postPredictionTargets: Sending updates to UISurface lockscreen with targets# 0 (types=[])
06-24 07:07:49.022   834   834 W PageIndicator: Total number of pages invalid: 0. Assuming 1 page.
06-24 07:07:49.023  1629  1694 I AiAiEcho: #postPredictionTargets: Sending updates to UISurface home with targets# 0 (types=[])
06-24 07:07:49.025   518   570 I ActivityManager: Force stopping dev.mobile.maestro.test appid=10200 user=0: pkg removed
06-24 07:07:49.025   518   570 E libprocessgroup: No such cgroup attribute: /sys/fs/cgroup/uid_10200/cgroup.freeze
06-24 07:07:49.025   518   570 W libprocessgroup: Failed to apply Frozen process profile: No such file or directory
06-24 07:07:49.027   518   570 E libprocessgroup: No such cgroup attribute: /sys/fs/cgroup/uid_10200/cgroup.freeze
06-24 07:07:49.027   518   570 W libprocessgroup: Failed to apply Unfrozen process profile: No such file or directory
06-24 07:07:49.030  1667  2531 D MediaGrants: Removed 0 media_grants for 0 user for dev.mobile.maestro. Reason: Package orphaned
06-24 07:07:49.036  1046  1046 D CarrierSvcBindHelper: onPackageRemoved: dev.mobile.maestro.test
06-24 07:07:49.037  4030  4030 V MediaPlayerList: mPackageChangedBroadcastReceiver: action: android.intent.action.PACKAGE_REMOVED
06-24 07:07:49.037  4030  4030 V MediaPlayerList: mPackageChangedBroadcastReceiver: action: android.intent.action.PACKAGE_REMOVED
06-24 07:07:49.038  1046  1046 D CarrierSvcBindHelper: No carrier app for: 0
06-24 07:07:49.044  1667  1667 W MediaProvider: WorkProfileOwnerApps cache is empty
06-24 07:07:49.047  1667  2531 I MediaProvider: End Intent { act=android.intent.action.PACKAGE_FULLY_REMOVED dat=package: flg=0x5000010 cmp=com.google.android.providers.media.module/com.android.providers.media.MediaService (has extras) }
06-24 07:07:49.048   834   834 D ControlsListingControllerImpl: ServiceConfig reloaded, count: 0
06-24 07:07:49.062  1667  2531 I MediaProvider: Begin Intent { act=android.intent.action.PACKAGE_FULLY_REMOVED dat=package: flg=0x5000010 cmp=com.google.android.providers.media.module/com.android.providers.media.MediaService (has extras) }
06-24 07:07:49.067  5113  5113 D BoundBrokerSvc: onBind: Intent { act=com.google.android.gms.common.BIND_SHARED_PREFS pkg=com.google.android.gms }
06-24 07:07:49.067  5113  5113 D BoundBrokerSvc: Loading bound service for intent: Intent { act=com.google.android.gms.common.BIND_SHARED_PREFS pkg=com.google.android.gms }
06-24 07:07:49.068  5113  5113 D BoundBrokerSvc: onUnbind: Intent { act=com.google.android.gms.common.BIND_SHARED_PREFS pkg=com.google.android.gms }
06-24 07:07:49.069   518  2904 D SafetySourceDataValidator: No cert check requested for package com.google.android.permissioncontroller
06-24 07:07:49.072  1667  2531 D MediaProvider: Deleted 0 Android/media items belonging to dev.mobile.maestro.test on /data/user/0/com.google.android.providers.media.module/databases/external.db
06-24 07:07:49.073  1667  2531 D MediaGrants: Removed 0 media_grants for 0 user for dev.mobile.maestro.test. Reason: Package orphaned
06-24 07:07:49.073   836   836 D PersistedStoragePackageUninstalledReceiver: Received android.intent.action.PACKAGE_FULLY_REMOVED for dev.mobile.maestro.test for u0
06-24 07:07:49.082  5113  7750 I BlockstoreStorage: Clearing all the Blockstore Data for package dev.mobile.maestro [CONTEXT service_id=258 ]
06-24 07:07:49.083  5113  7750 I BlockstoreStorage: Clearing all the Blockstore Data for 1 packages [CONTEXT service_id=258 ]
06-24 07:07:49.084  5020  7767 I ProximityAuth: [RecentAppsMediator] Package removed: (user=UserHandle{0}) dev.mobile.maestro
06-24 07:07:49.085  5113  7377 I ContentMaintenance: Internal cache bytes used: 0; limit: 100000000; download size: 0
06-24 07:07:49.094  1667  2531 I MediaProvider: End Intent { act=android.intent.action.PACKAGE_FULLY_REMOVED dat=package: flg=0x5000010 cmp=com.google.android.providers.media.module/com.android.providers.media.MediaService (has extras) }
06-24 07:07:49.094  5020  7766 I ProximityAuth: [RecentAppsMediator] Package removed: (user=UserHandle{0}) dev.mobile.maestro.test
06-24 07:07:49.094  5113  7751 W SQLiteLog: (28) double-quoted string literal: "dev.mobile.maestro"
06-24 07:07:49.094  5020  7766 I Fitness : FitCleanupIntentOperation received Intent android.intent.action.PACKAGE_REMOVED [CONTEXT service_id=17 ]
06-24 07:07:49.099  5113  7752 I BlockstoreStorage: Clearing all the Blockstore Data for package dev.mobile.maestro.test [CONTEXT service_id=258 ]
06-24 07:07:49.100  5113  7752 I BlockstoreStorage: Clearing all the Blockstore Data for 1 packages [CONTEXT service_id=258 ]
06-24 07:07:49.104  5113  7377 I RealtimeCacheCleanup: Beginning Realtime garbage collection.
06-24 07:07:49.104  5113  7377 I RealtimeCacheCleanup: Finished Realtime garbage collection.
06-24 07:07:49.108  5113  7751 W SQLiteLog: (28) double-quoted string literal: "dev.mobile.maestro.test"
06-24 07:07:49.109  5113  7811 I Icing   : doRemovePackageData dev.mobile.maestro
06-24 07:07:49.109   836  7742 E RoleControllerServiceImpl: Default/fallback role holder package doesn't qualify for the role, package: com.google.android.gms.supervision, role: android.app.role.SYSTEM_SUPERVISION
06-24 07:07:49.110   836  7742 I Role    : com.google.android.gms not qualified for android.app.role.SYSTEM_CALL_STREAMING due to missing RequiredComponent{mIntentFilterData=IntentFilterData{mAction='android.telecom.CallStreamingService', mCategories='[]', mDataScheme='null', mDataType='null'}, mMinTargetSdkVersion=1, mFlags='0', mPermission='android.permission.BIND_CALL_STREAMING_SERVICE', mQueryFlags=0, mMetaData=[]}
06-24 07:07:49.113   836  7742 E RoleControllerServiceImpl: Default/fallback role holder package doesn't qualify for the role, package: com.google.android.gms, role: android.app.role.SYSTEM_CALL_STREAMING
06-24 07:07:49.115  5020  7759 I Fitness : FitCleanupIntentOperation received Intent android.intent.action.PACKAGE_REMOVED [CONTEXT service_id=17 ]
06-24 07:07:49.116  5113  7811 I Icing   : doRemovePackageData dev.mobile.maestro.test
06-24 07:07:49.117   836  7742 W Role    : Default holder doesn't have required signing certificate: com.google.android.apps.work.clouddpc:23962F4B43B9857638EA66F4D419518EAE282491ACDA4B94707BD59003C45E58
06-24 07:07:49.119  5113  5184 I Icing   : IndexChimeraService.getServiceInterface callingPackage=com.google.android.gms componentName=AppsCorpus serviceId=36
06-24 07:07:49.124  5113  5113 D BoundBrokerSvc: onBind: Intent { act=com.google.android.gms.feedback.internal.IFeedbackService dat=chimera-action:/... cmp=com.google.android.gms/.chimera.GmsBoundBrokerService }
06-24 07:07:49.124  5113  5113 D BoundBrokerSvc: Loading bound service for intent: Intent { act=com.google.android.gms.feedback.internal.IFeedbackService dat=chimera-action:/... cmp=com.google.android.gms/.chimera.GmsBoundBrokerService }
06-24 07:07:49.138   518   755 W WifiService: Couldn't get PackageInfo for package:dev.mobile.maestro.test
06-24 07:07:49.138   518   755 D WifiService: Remove settings for package:dev.mobile.maestro.test
06-24 07:07:49.138   518   755 D WifiConfigManager: Remove all networks for app ApplicationInfo{8e1d185 dev.mobile.maestro.test}
06-24 07:07:49.139   518   768 E AppOps  : attributionTag VCN not declared in manifest of android
06-24 07:07:49.139   518   604 I RollbackManager: broadcast=ACTION_PACKAGE_FULLY_REMOVED pkg=dev.mobile.maestro.test
06-24 07:07:49.140   518   633 V StorageManagerService: Package dev.mobile.maestro.test does not have legacy storage
06-24 07:07:49.141   518   623 I InputReader: Reconfiguring input devices, changes=KEYBOARD_LAYOUTS
06-24 07:07:49.142   518   755 D WifiConfigStore: Writing to stores completed in 3 ms.
06-24 07:07:49.142   518   755 I PasspointManager: No app ops listener found for dev.mobile.maestro.test
06-24 07:07:49.142   518   755 W WifiService: Couldn't get PackageInfo for package:dev.mobile.maestro.test
06-24 07:07:49.142   518   755 D WifiService: Remove settings for package:dev.mobile.maestro.test
06-24 07:07:49.142   518   755 D WifiConfigManager: Remove all networks for app ApplicationInfo{1ea872c dev.mobile.maestro.test}
06-24 07:07:49.143   518   518 I ConditionProviders: Disallowing condition provider dev.mobile.maestro.test (userSet: true)
06-24 07:07:49.147   518   546 W WindowMagnificationMgr: requestConnection duplicated request: connect=false, mConnectionState=DISCONNECTED
06-24 07:07:49.148   834   887 D StylusManager: Stylus InputDevice changed: 14 virtio_input_multi_touch_11
06-24 07:07:49.149   834   887 D StylusManager: Stylus InputDevice changed: 12 virtio_input_multi_touch_9
06-24 07:07:49.150   518   518 I Telecom : CarModeTracker: Package dev.mobile.maestro.test is not tracked.: SSH.oR@AZE🔒
06-24 07:07:49.150   518   518 I Telecom : InCallController: updateCarModeForConnections: car mode apps: : SSH.oR@AZE🔒
06-24 07:07:49.151   518   518 I Telecom : InCallController: update carmode current:UserHandle{0} parent:null: SSH.oR@AZE🔒
06-24 07:07:49.161   396   409 D AF::TrackHandle: OpPlayAudio: track:55 usage:13 not muted
06-24 07:07:49.162   396   409 D AF::TrackHandle: OpPlayAudio: track:55 usage:13 not muted
06-24 07:07:49.162   396   409 D AF::TrackHandle: OpPlayAudio: track:55 usage:13 not muted
06-24 07:07:49.162   396   409 D AF::TrackHandle: OpPlayAudio: track:55 usage:13 not muted
06-24 07:07:49.162   396   409 D AF::TrackHandle: OpPlayAudio: track:55 usage:13 not muted
06-24 07:07:49.162   396   409 D AF::TrackHandle: OpPlayAudio: track:55 usage:13 not muted
06-24 07:07:49.162   396   409 D AF::TrackHandle: OpPlayAudio: track:55 usage:13 not muted
06-24 07:07:49.163   396   409 D AF::TrackHandle: OpPlayAudio: track:55 usage:13 not muted
06-24 07:07:49.163   396   409 D AF::TrackHandle: OpPlayAudio: track:55 usage:13 not muted
06-24 07:07:49.163   396   409 D AF::TrackHandle: OpPlayAudio: track:55 usage:13 not muted
06-24 07:07:49.163   396   409 D AF::TrackHandle: OpPlayAudio: track:55 usage:13 not muted
06-24 07:07:49.163   396   409 D AF::TrackHandle: OpPlayAudio: track:55 usage:13 not muted
06-24 07:07:49.163   396   409 D AF::TrackHandle: OpPlayAudio: track:55 usage:13 not muted
06-24 07:07:49.163   396   409 D AF::TrackHandle: OpPlayAudio: track:55 usage:13 not muted
06-24 07:07:49.164   396   409 D AF::TrackHandle: OpPlayAudio: track:55 usage:13 not muted
06-24 07:07:49.164   396   409 D AF::TrackHandle: OpPlayAudio: track:55 usage:13 not muted
06-24 07:07:49.167   834   887 D StylusManager: Stylus InputDevice changed: 8 virtio_input_multi_touch_5
06-24 07:07:49.174   834   887 D StylusManager: Stylus InputDevice changed: 11 virtio_input_multi_touch_8
06-24 07:07:49.178   334   361 I netd    : tetherGetStats() -> {[]} <0.30ms>
06-24 07:07:49.182   518   755 D WifiConfigStore: Writing to stores completed in 35 ms.
06-24 07:07:49.183   518   755 I PasspointManager: No app ops listener found for dev.mobile.maestro.test
06-24 07:07:49.183   518  2520 E AtomicFile: Failed to rename /data/system/cachequota.xml.new to /data/system/cachequota.xml
06-24 07:07:49.184   834   887 D StylusManager: Stylus InputDevice changed: 10 virtio_input_multi_touch_7
06-24 07:07:49.185   834   887 D StylusManager: Stylus InputDevice changed: 9 virtio_input_multi_touch_6
06-24 07:07:49.186   834   887 D StylusManager: Stylus InputDevice changed: 7 virtio_input_multi_touch_4
06-24 07:07:49.194   834   887 D StylusManager: Stylus InputDevice changed: 6 virtio_input_multi_touch_3
06-24 07:07:49.196   834   887 D StylusManager: Stylus InputDevice changed: 5 virtio_input_multi_touch_2
06-24 07:07:49.197   834   887 D StylusManager: Stylus InputDevice changed: 13 virtio_input_multi_touch_10
06-24 07:07:49.198  5113  5184 I Icing   : IndexChimeraService.getServiceInterface callingPackage=com.google.android.gms componentName=null serviceId=30
06-24 07:07:49.199   834   887 D StylusManager: Stylus InputDevice changed: 4 virtio_input_multi_touch_1
06-24 07:07:49.200   518  2904 D CompatibilityChangeReporter: Compat change id reported: 161252188; UID 10192; state: DISABLED
06-24 07:07:49.207  5113  7811 I Icing   : Usage reports ok 1, Failed Usage reports 0, indexed 0, rejected 0
06-24 07:07:49.232   518   529 I system_server: Background concurrent copying GC freed 266107(12MB) AllocSpace objects, 18(640KB) LOS objects, 44% free, 29MB/53MB, paused 428us,34us total 215.637ms
06-24 07:07:49.244  1085  1085 D Launcher.Model: package removed received dev.mobile.maestro.test
06-24 07:07:49.244  1085  1132 D PackageUpdatedTask: Removing app icondev.mobile.maestro.test
06-24 07:07:49.245  1629  1629 I AiAiEcho: AppFetcherImplV2 onPackageRemoved dev.mobile.maestro.test.
06-24 07:07:49.249  1629  1731 I AiAiEcho: EchoSearch: WidgetFetcherImpl is initialized with [28] widgets [reason=package removed for userId: 0]
06-24 07:07:49.253  1629  1694 I AiAiEcho: [pnb-agg] Reload pnb aggregation on events deleted
06-24 07:07:49.254  1629  1694 I AiAiEcho: [pnb-agg] pnb aggregation disabled.
06-24 07:07:49.255  1085  1132 D ModelWriter: removing items from db . Reason: [removed because the corresponding package or component is removed. mOp=3 removedPackages=[dev.mobile.maestro.test] removedComponents=[]]
06-24 07:07:49.263  5113  7811 I Icing   : Usage reports ok 0, Failed Usage reports 0, indexed 0, rejected 0
06-24 07:07:49.272  5113  7811 I Icing   : Indexing com.google.android.gms-apps from com.google.android.gms
06-24 07:07:49.274  5113  7811 I Icing   : Indexing done com.google.android.gms-apps
06-24 07:07:49.275  5113  7811 I Icing   : Indexing com.google.android.gms-apps from com.google.android.gms
06-24 07:07:49.277  5113  7811 I Icing   : Indexing done com.google.android.gms-apps
06-24 07:07:49.284  1565  1634 W AppInfoHelper: <DWB> Application not found: dev.mobile.maestro.test
06-24 07:07:49.284  1565  1634 W AppInfoHelper: android.content.pm.PackageManager$NameNotFoundException: dev.mobile.maestro.test
06-24 07:07:49.284  1565  1634 W AppInfoHelper: 	at android.app.ApplicationPackageManager.getApplicationInfoAsUser(ApplicationPackageManager.java:507)
06-24 07:07:49.284  1565  1634 W AppInfoHelper: 	at android.app.ApplicationPackageManager.getApplicationInfo(ApplicationPackageManager.java:490)
06-24 07:07:49.284  1565  1634 W AppInfoHelper: 	at android.app.ApplicationPackageManager.getApplicationInfo(ApplicationPackageManager.java:484)
06-24 07:07:49.284  1565  1634 W AppInfoHelper: 	at czo.e(PG:2)
06-24 07:07:49.284  1565  1634 W AppInfoHelper: 	at czo.f(PG:7)
06-24 07:07:49.284  1565  1634 W AppInfoHelper: 	at crm.f(PG:14)
06-24 07:07:49.284  1565  1634 W AppInfoHelper: 	at cdm.apply(PG:74)
06-24 07:07:49.284  1565  1634 W AppInfoHelper: 	at j$.util.stream.i.accept(SourceFile:27)
06-24 07:07:49.284  1565  1634 W AppInfoHelper: 	at j$.util.stream.P0.accept(SourceFile:3)
06-24 07:07:49.284  1565  1634 W AppInfoHelper: 	at j$.util.a.forEachRemaining(SourceFile:20)
06-24 07:07:49.284  1565  1634 W AppInfoHelper: 	at j$.util.stream.c.v(SourceFile:21)
06-24 07:07:49.284  1565  1634 W AppInfoHelper: 	at j$.util.stream.c.C(SourceFile:8)
06-24 07:07:49.284  1565  1634 W AppInfoHelper: 	at j$.util.stream.I0.e(SourceFile:1)
06-24 07:07:49.284  1565  1634 W AppInfoHelper: 	at j$.util.stream.c.F(SourceFile:35)
06-24 07:07:49.284  1565  1634 W AppInfoHelper: 	at j$.util.stream.g1.collect(SourceFile:83)
06-24 07:07:49.284  1565  1634 W AppInfoHelper: 	at bsv.a(PG:14)
06-24 07:07:49.284  1565  1634 W AppInfoHelper: 	at jza.a(PG:30)
06-24 07:07:49.284  1565  1634 W AppInfoHelper: 	at jza.a(PG:42)
06-24 07:07:49.284  1565  1634 W AppInfoHelper: 	at lne.a(PG:1)
06-24 07:07:49.284  1565  1634 W AppInfoHelper: 	at lmk.run(PG:4)
06-24 07:07:49.284  1565  1634 W AppInfoHelper: 	at lng.run(PG:1)
06-24 07:07:49.284  1565  1634 W AppInfoHelper: 	at llo.run(PG:3)
06-24 07:07:49.284  1565  1634 W AppInfoHelper: 	at idn.run(PG:5)
06-24 07:07:49.284  1565  1634 W AppInfoHelper: 	at java.util.concurrent.ThreadPoolExecutor.runWorker(ThreadPoolExecutor.java:1145)
