06-24 07:08:56.876   834   887 D StylusManager: Stylus InputDevice changed: 11 virtio_input_multi_touch_8
06-24 07:08:56.876   834   887 D StylusManager: Stylus InputDevice changed: 10 virtio_input_multi_touch_7
06-24 07:08:56.876   834   887 D StylusManager: Stylus InputDevice changed: 9 virtio_input_multi_touch_6
06-24 07:08:56.876   834   887 D StylusManager: Stylus InputDevice changed: 7 virtio_input_multi_touch_4
06-24 07:08:56.877   334   361 I netd    : tetherGetStats() -> {[]} <0.22ms>
06-24 07:08:56.879   834   887 D StylusManager: Stylus InputDevice changed: 6 virtio_input_multi_touch_3
06-24 07:08:56.879   834   887 D StylusManager: Stylus InputDevice changed: 5 virtio_input_multi_touch_2
06-24 07:08:56.880   834   887 D StylusManager: Stylus InputDevice changed: 13 virtio_input_multi_touch_10
06-24 07:08:56.880  5113  5113 D BoundBrokerSvc: onUnbind: Intent { act=com.google.android.gms.common.BIND_SHARED_PREFS pkg=com.google.android.gms }
06-24 07:08:56.881   834   887 D StylusManager: Stylus InputDevice changed: 4 virtio_input_multi_touch_1
06-24 07:08:56.882  5113  8297 W SQLiteLog: (28) double-quoted string literal: "dev.mobile.maestro.test"
06-24 07:08:56.883  5113  6855 I Icing   : Usage reports ok 0, Failed Usage reports 0, indexed 0, rejected 0
06-24 07:08:56.883  5113  6855 I Icing   : doRemovePackageData dev.mobile.maestro.test
06-24 07:08:56.883   518   546 W WindowMagnificationMgr: requestConnection duplicated request: connect=false, mConnectionState=DISCONNECTED
06-24 07:08:56.885  5113  5173 I Icing   : IndexChimeraService.getServiceInterface callingPackage=com.google.android.gms componentName=AppsCorpus serviceId=36
06-24 07:08:56.892  5113  6855 I Icing   : Usage reports ok 0, Failed Usage reports 0, indexed 0, rejected 0
06-24 07:08:56.899  5113  6855 I Icing   : Indexing com.google.android.gms-apps from com.google.android.gms
06-24 07:08:56.900  5113  6855 I Icing   : Indexing done com.google.android.gms-apps
06-24 07:08:56.901  5113  6855 I Icing   : Indexing com.google.android.gms-apps from com.google.android.gms
06-24 07:08:56.901  5113  6855 I Icing   : Indexing done com.google.android.gms-apps
06-24 07:08:56.910  1629  1629 I AiAiEcho: AppFetcherImplV2 onPackageRemoved dev.mobile.maestro.test.
06-24 07:08:56.912  1085  1085 D Launcher.Model: package removed received dev.mobile.maestro.test
06-24 07:08:56.912  1085  1132 D PackageUpdatedTask: Removing app icondev.mobile.maestro.test
06-24 07:08:56.915  1085  1132 D ModelWriter: removing items from db . Reason: [removed because the corresponding package or component is removed. mOp=3 removedPackages=[dev.mobile.maestro.test] removedComponents=[]]
06-24 07:08:56.916  1629  1731 I AiAiEcho: EchoSearch: WidgetFetcherImpl is initialized with [28] widgets [reason=package removed for userId: 0]
06-24 07:08:56.920  1629  1694 I AiAiEcho: [pnb-agg] Reload pnb aggregation on events deleted
06-24 07:08:56.921  1629  1694 I AiAiEcho: [pnb-agg] pnb aggregation disabled.
06-24 07:08:56.957  8053  8072 D EGL_emulation: app_time_stats: avg=500.21ms min=500.06ms max=500.36ms count=2
06-24 07:08:57.020   834   834 D TileServices: Couldn't find tile for ComponentInfo{com.google.android.apps.wellbeing/com.google.android.apps.wellbeing.focusmode.quicksettings.FocusModeTileService}(0)
06-24 07:08:57.035   834   834 D TileServices: Couldn't find tile for ComponentInfo{com.google.android.apps.wellbeing/com.google.android.apps.wellbeing.focusmode.quicksettings.FocusModeTileService}(0)
06-24 07:08:57.056  1664  1664 I GsaVoiceInteractionSrv: O received Intent { act=android.intent.action.PACKAGE_REMOVED dat=package: flg=0x4000010 (has extras) }
06-24 07:08:57.059  1664  1664 I GsaVoiceInteractionSrv: O received Intent { act=android.intent.action.PACKAGE_REMOVED dat=package: flg=0x4000010 (has extras) }
06-24 07:08:57.064  1759  2834 W SearchServiceCore: Abort, client detached.
06-24 07:08:57.115  8323  8323 W BpBinder: Linking to death on android.gui.ISurfaceComposer but there are no threads (yet?) listening to incoming transactions. See ProcessState::startThreadPool and ProcessState::setThreadPoolMaxThreadCount. Generally you should setup the binder threadpool before other initialization steps.
06-24 07:08:57.115  8323  8323 W ProcessState: Extra binder thread started, but 0 threads requested. Do not use *startThreadPool when zero threads are requested.
06-24 07:08:57.304     0     0 I servicemanager: Could not find android.hardware.graphics.allocator.IAllocator/default in the VINTF manifest.
06-24 07:08:57.125   134   134 I hwservicemanager: getTransport: Cannot find entry android.hardware.graphics.mapper@4.0::IMapper/default in either framework or device VINTF manifest.
06-24 07:08:57.125  8323  8324 I Gralloc4: mapper 4.x is not supported
06-24 07:08:57.220  8325  8325 D AndroidRuntime: >>>>>> START com.android.internal.os.RuntimeInit uid 2000 <<<<<<
06-24 07:08:57.224  8325  8325 I AndroidRuntime: Using default boot image
06-24 07:08:57.224  8325  8325 I AndroidRuntime: Leaving lock profiling enabled
06-24 07:08:57.225  8325  8325 I app_process: Core platform API reporting enabled, enforcing=false
06-24 07:08:57.225  8325  8325 I app_process: Using CollectorTypeCC GC.
06-24 07:08:57.311  8325  8325 D nativeloader: InitDefaultPublicLibraries for_preload=1: libandroid.so:libaaudio.so:libamidi.so:libbinder_ndk.so:libc.so:libcamera2ndk.so:libdl.so:libEGL.so:libGLESv1_CM.so:libGLESv2.so:libGLESv3.so:libicu.so:libicui18n.so:libicuuc.so:libjnigraphics.so:liblog.so:libmediandk.so:libm.so:libnativehelper.so:libnativewindow.so:libOpenMAXAL.so:libOpenSLES.so:libRS.so:libstdc++.so:libsync.so:libvulkan.so:libwebviewchromium_plat_support.so:libz.so
06-24 07:08:57.318  8325  8325 D app_process: Time zone APEX ICU file found: /apex/com.android.tzdata/etc/icu/icu_tzdata.dat
06-24 07:08:57.318  8325  8325 D app_process: I18n APEX ICU file found: /apex/com.android.i18n/etc/icu/icudt72l.dat
06-24 07:08:57.322  8325  8325 W app_process: Unexpected CPU variant for x86: x86_64.
06-24 07:08:57.322  8325  8325 W app_process: Known variants: atom, sandybridge, silvermont, goldmont, goldmont-plus, tremont, kabylake, default
06-24 07:08:57.324  8325  8325 W app_process: ClassLoaderContext shared library size mismatch. Expected=2, found=0 (PCL[]{PCL[/system/framework/android.test.base.jar*836642756]#PCL[/system/framework/android.test.mock.jar*3186112116]} | PCL[])
06-24 07:08:57.325  8325  8325 W app_process: ClassLoaderContext classpath size mismatch. expected=0, found=1 (PCL[]{PCL[/system/framework/android.test.runner.jar*4168958247]{PCL[/system/framework/android.test.base.jar*836642756]#PCL[/system/framework/android.test.mock.jar*3186112116]}#PCL[/system/framework/android.test.base.jar*836642756]} | PCL[/system/framework/android.test.runner.jar*4168958247])
06-24 07:08:57.338  8325  8325 W libc    : Access denied finding property "ro.product.name_for_attestation"
06-24 07:08:57.338  8325  8325 W libc    : Access denied finding property "ro.product.brand_for_attestation"
06-24 07:08:57.338  8325  8325 W libc    : Access denied finding property "ro.product.model_for_attestation"
06-24 07:08:57.339  8325  8325 D AndroidRuntime: Calling main entry com.android.commands.uiautomator.Launcher
06-24 07:08:57.335  8325  8325 W main    : type=1400 audit(0.0:84): avc:  denied  { read } for  name="u:object_r:build_attestation_prop:s0" dev="tmpfs" ino=86 scontext=u:r:shell:s0 tcontext=u:object_r:build_attestation_prop:s0 tclass=file permissive=0
06-24 07:08:57.342  8325  8325 D UiAutomationConnection: Created on user UserHandle{0}
06-24 07:08:57.342  8325  8325 I UiAutomation: Initialized for user 0 on display 0
06-24 07:08:57.342  8325  8325 W UiAutomation: Created with deprecatead constructor, assumes DEFAULT_DISPLAY
06-24 07:08:57.343   518  2483 D AccessibilityManagerService: changeCurrentUserForTestAutomationIfNeededLocked(0): ignoring because device doesn't support visible background users
06-24 07:08:57.343   518  2483 I UiAutomationManager: Registering UiTestAutomationService (id=com.android.server.accessibility/UiAutomation) when called by user 0
06-24 07:08:57.344   518  2483 W WindowMagnificationMgr: requestConnection duplicated request: connect=false, mConnectionState=DISCONNECTED
06-24 07:08:57.345  1629  1654 I AiAiEcho: Settings changed for uri: content://settings/secure/accessibility_enabled
06-24 07:08:57.345   518   518 D BatterySaverPolicy: accessibility changed to true, updating policy.
06-24 07:08:57.346  8325  8339 V UiAutomation: Init UiAutomation@1b27548[id=11, displayId=0, flags=0]
06-24 07:08:57.335  8325  8325 W main    : type=1400 audit(0.0:85): avc:  denied  { read } for  name="u:object_r:build_attestation_prop:s0" dev="tmpfs" ino=86 scontext=u:r:shell:s0 tcontext=u:object_r:build_attestation_prop:s0 tclass=file permissive=0
06-24 07:08:57.348  1629  1694 I AiAiEcho: Predicting[0]: 
06-24 07:08:57.348  1629  1694 I AiAiEcho: EchoTargets: 
06-24 07:08:57.348  1629  1694 I AiAiEcho: Filtered by AiAi flag check: 
06-24 07:08:57.348  1629  1694 I AiAiEcho: Ranked targets strategy: SORT, count: 0, ranking metadata: 
06-24 07:08:57.348  1629  1694 I AiAiEcho: Predicting[0]: 
06-24 07:08:57.348  1629  1694 I AiAiEcho: EchoTargets: 
06-24 07:08:57.348  1629  1694 I AiAiEcho: Filtered by AiAi flag check: 
06-24 07:08:57.348  1629  1694 I AiAiEcho: Ranked targets strategy: SORT, count: 0, ranking metadata: 
06-24 07:08:57.348  1629  1694 I AiAiEcho: #postPredictionTargets: Sending updates to UISurface lockscreen with targets# 0 (types=[])
06-24 07:08:57.348  1629  1694 I AiAiEcho: #postPredictionTargets: Sending updates to UISurface home with targets# 0 (types=[])
06-24 07:08:57.349   834   834 W PageIndicator: Total number of pages invalid: 0. Assuming 1 page.
06-24 07:08:57.335  8325  8325 W main    : type=1400 audit(0.0:86): avc:  denied  { read } for  name="u:object_r:build_attestation_prop:s0" dev="tmpfs" ino=86 scontext=u:r:shell:s0 tcontext=u:object_r:build_attestation_prop:s0 tclass=file permissive=0
06-24 07:08:57.351  1629  1654 I AiAiEcho: Settings changed for uri: content://settings/secure/accessibility_enabled
06-24 07:08:57.351   518  2483 W WindowMagnificationMgr: requestConnection duplicated request: connect=false, mConnectionState=DISCONNECTED
06-24 07:08:57.351  1629  1694 I AiAiEcho: Predicting[0]: 
06-24 07:08:57.351  1629  1694 I AiAiEcho: EchoTargets: 
06-24 07:08:57.351  1629  1694 I AiAiEcho: Filtered by AiAi flag check: 
06-24 07:08:57.351  1629  1694 I AiAiEcho: Ranked targets strategy: SORT, count: 0, ranking metadata: 
06-24 07:08:57.351  1629  1694 I AiAiEcho: Predicting[0]: 
06-24 07:08:57.351  1629  1694 I AiAiEcho: EchoTargets: 
06-24 07:08:57.351  1629  1694 I AiAiEcho: Filtered by AiAi flag check: 
06-24 07:08:57.351  1629  1694 I AiAiEcho: Ranked targets strategy: SORT, count: 0, ranking metadata: 
06-24 07:08:57.352  1629  1694 I AiAiEcho: #postPredictionTargets: Sending updates to UISurface lockscreen with targets# 0 (types=[])
06-24 07:08:57.352   834   834 W PageIndicator: Total number of pages invalid: 0. Assuming 1 page.
06-24 07:08:57.352  1759  2314 I A       : NGA disabled since it's running Panthera and at least one a11y feature is on.
06-24 07:08:57.353  1759  2314 I A       : Nga state changed to NgaStateDetails{state=DISABLED, isSpecialExperience=false}
06-24 07:08:57.353  1629  1694 I AiAiEcho: #postPredictionTargets: Sending updates to UISurface home with targets# 0 (types=[])
06-24 07:08:57.354   518   533 D SafetySourceDataValidator: No cert check requested for package com.google.android.permissioncontroller
06-24 07:08:57.355  1664  2369 I A       : Unsubscribed to apa or classic variant change.
06-24 07:08:57.356  1664  2369 I A       : [Memory] eligibility: StashEligibility{4}
06-24 07:08:57.357  1664  6615 I A       : APA or Classic session decision: SessionDecision(sessionVariance=CLASSIC, platformVariance=CLASSIC, justification=CURRENT_PLATFORM_VARIANCE).
06-24 07:08:58.351  8325  8325 I AccessibilityNodeInfoDumper: Skipping invisible child: android.view.accessibility.AccessibilityNodeInfo@128d3; boundsInParent: Rect(0, 0 - 320, 0); boundsInScreen: Rect(0, 0 - 320, 0); boundsInWindow: Rect(0, 0 - 320, 0); packageName: com.hanapkalinga.mobile; className: android.widget.LinearLayout; text: null; error: null; maxTextLength: -1; stateDescription: null; contentDescription: null; tooltipText: null; containerTitle: null; viewIdResName: null; uniqueId: null; checkable: false; checked: false; focusable: false; focused: false; selected: false; clickable: false; longClickable: false; contextClickable: false; enabled: true; password: false; scrollable: false; importantForAccessibility: false; visible: false; actions: [AccessibilityAction: ACTION_SELECT - null, AccessibilityAction: ACTION_CLEAR_SELECTION - null, AccessibilityAction: ACTION_ACCESSIBILITY_FOCUS - null, AccessibilityAction: ACTION_SHOW_ON_SCREEN - null]; isTextSelectable: false
06-24 07:08:58.351  8325  8325 I AccessibilityNodeInfoDumper: Skipping invisible child: android.view.accessibility.AccessibilityNodeInfo@12512; boundsInParent: Rect(0, 0 - 320, 0); boundsInScreen: Rect(0, 0 - 320, 0); boundsInWindow: Rect(0, 0 - 320, 0); packageName: com.hanapkalinga.mobile; className: android.view.ViewGroup; text: null; error: null; maxTextLength: -1; stateDescription: null; contentDescription: null; tooltipText: null; containerTitle: null; viewIdResName: null; uniqueId: null; checkable: false; checked: false; focusable: false; focused: false; selected: false; clickable: false; longClickable: false; contextClickable: false; enabled: true; password: false; scrollable: false; importantForAccessibility: false; visible: false; actions: [AccessibilityAction: ACTION_SELECT - null, AccessibilityAction: ACTION_CLEAR_SELECTION - null, AccessibilityAction: ACTION_ACCESSIBILITY_FOCUS - null, AccessibilityAction: ACTION_SHOW_ON_SCREEN - null]; isTextSelectable: false
06-24 07:08:58.351  8325  8325 I AccessibilityNodeInfoDumper: Skipping invisible child: android.view.accessibility.AccessibilityNodeInfo@1a4b4; boundsInParent: Rect(0, 0 - 320, 0); boundsInScreen: Rect(0, 0 - 320, 0); boundsInWindow: Rect(0, 0 - 320, 0); packageName: com.hanapkalinga.mobile; className: android.widget.LinearLayout; text: null; error: null; maxTextLength: -1; stateDescription: null; contentDescription: null; tooltipText: null; containerTitle: null; viewIdResName: null; uniqueId: null; checkable: false; checked: false; focusable: false; focused: false; selected: false; clickable: false; longClickable: false; contextClickable: false; enabled: true; password: false; scrollable: false; importantForAccessibility: false; visible: false; actions: [AccessibilityAction: ACTION_SELECT - null, AccessibilityAction: ACTION_CLEAR_SELECTION - null, AccessibilityAction: ACTION_ACCESSIBILITY_FOCUS - null, AccessibilityAction: ACTION_SHOW_ON_SCREEN - null]; isTextSelectable: false
06-24 07:08:58.351  8325  8325 I AccessibilityNodeInfoDumper: Skipping invisible child: android.view.accessibility.AccessibilityNodeInfo@1a0f3; boundsInParent: Rect(0, 0 - 320, 0); boundsInScreen: Rect(0, 0 - 320, 0); boundsInWindow: Rect(0, 0 - 320, 0); packageName: com.hanapkalinga.mobile; className: android.view.ViewGroup; text: null; error: null; maxTextLength: -1; stateDescription: null; contentDescription: null; tooltipText: null; containerTitle: null; viewIdResName: null; uniqueId: null; checkable: false; checked: false; focusable: false; focused: false; selected: false; clickable: false; longClickable: false; contextClickable: false; enabled: true; password: false; scrollable: false; importantForAccessibility: false; visible: false; actions: [AccessibilityAction: ACTION_SELECT - null, AccessibilityAction: ACTION_CLEAR_SELECTION - null, AccessibilityAction: ACTION_ACCESSIBILITY_FOCUS - null, AccessibilityAction: ACTION_SHOW_ON_SCREEN - null]; isTextSelectable: false
06-24 07:08:58.351  8325  8325 I AccessibilityNodeInfoDumper: Skipping invisible child: android.view.accessibility.AccessibilityNodeInfo@182eb; boundsInParent: Rect(0, 0 - 1, 1); boundsInScreen: Rect(20, 348 - 21, 349); boundsInWindow: Rect(20, 348 - 21, 349); packageName: com.hanapkalinga.mobile; className: android.view.ViewGroup; text: null; error: null; maxTextLength: -1; stateDescription: null; contentDescription: null; tooltipText: null; containerTitle: null; viewIdResName: login_captcha_ready; uniqueId: null; checkable: false; checked: false; focusable: false; focused: false; selected: false; clickable: false; longClickable: false; contextClickable: false; enabled: true; password: false; scrollable: false; importantForAccessibility: true; visible: false; actions: [AccessibilityAction: ACTION_SELECT - null, AccessibilityAction: ACTION_CLEAR_SELECTION - null, AccessibilityAction: ACTION_ACCESSIBILITY_FOCUS - null, AccessibilityAction: ACTION_SHOW_ON_SCREEN - null]; isTextSelectable: false
06-24 07:08:58.357  8325  8325 W AccessibilityNodeInfoDumper: Fetch time: 8ms
06-24 07:08:58.357   518  2483 W WindowMagnificationMgr: requestConnection duplicated request: connect=false, mConnectionState=DISCONNECTED
06-24 07:08:58.357   518  2483 D AccessibilityManagerService: restoreCurrentUserForTestAutomationIfNeededLocked(): ignoring because device doesn't support visible background users
06-24 07:08:58.358  1629  1670 I AiAiEcho: Settings changed for uri: content://settings/secure/accessibility_enabled
06-24 07:08:58.358  8325  8325 D AndroidRuntime: Shutting down VM
06-24 07:08:58.360  1629  1694 I AiAiEcho: Predicting[0]: 
06-24 07:08:58.360  1629  1694 I AiAiEcho: EchoTargets: 
06-24 07:08:58.360  1629  1694 I AiAiEcho: Filtered by AiAi flag check: 
06-24 07:08:58.360  1629  1694 I AiAiEcho: Ranked targets strategy: SORT, count: 0, ranking metadata: 
06-24 07:08:58.360  1629  1694 I AiAiEcho: Predicting[0]: 
06-24 07:08:58.360  1629  1694 I AiAiEcho: EchoTargets: 
06-24 07:08:58.360  1629  1694 I AiAiEcho: Filtered by AiAi flag check: 
06-24 07:08:58.360  1629  1694 I AiAiEcho: Ranked targets strategy: SORT, count: 0, ranking metadata: 
06-24 07:08:58.360  1629  1694 I AiAiEcho: #postPredictionTargets: Sending updates to UISurface lockscreen with targets# 0 (types=[])
06-24 07:08:58.360  1629  1694 I AiAiEcho: #postPredictionTargets: Sending updates to UISurface home with targets# 0 (types=[])
06-24 07:08:58.361   834   834 W PageIndicator: Total number of pages invalid: 0. Assuming 1 page.
06-24 07:08:58.363   518   518 D BatterySaverPolicy: accessibility changed to false, updating policy.
06-24 07:08:58.363  1759  2297 I A       : NGA enabled in interactor.
06-24 07:08:58.363  1759  2297 I A       : Nga state changed to NgaStateDetails{state=ENABLED, isSpecialExperience=false}
06-24 07:08:58.364  1664  6615 I A       : Initializing all components
06-24 07:08:58.365  1664  6615 I A       : APA or Classic session decision: SessionDecision(sessionVariance=CLASSIC, platformVariance=CLASSIC, justification=CURRENT_PLATFORM_VARIANCE).
06-24 07:08:58.365  1664  2369 I A       : onIsEnabledChanged, isEnabled: false
06-24 07:08:58.365  1664  2369 W A       : Disposing empty manager. Did you forgot to subscribe observables?
06-24 07:08:58.365  1664  6615 I A       : [Memory] eligibility: StashEligibility{6}
06-24 07:08:58.365  1664  2369 W A       : Disposing empty manager. Did you forgot to subscribe observables?
06-24 07:08:58.365  1664  2369 W A       : Disposing empty manager. Did you forgot to subscribe observables?
06-24 07:08:58.365  1664  2369 W A       : Disposing empty manager. Did you forgot to subscribe observables?
06-24 07:08:58.365  1664  2369 W A       : Disposing empty manager. Did you forgot to subscribe observables?
06-24 07:08:58.365  1664  2369 W A       : Disposing empty manager. Did you forgot to subscribe observables?
06-24 07:08:58.365  1664  2369 W A       : Disposing empty manager. Did you forgot to subscribe observables?
06-24 07:08:58.365  1664  2369 W A       : Disposing empty manager. Did you forgot to subscribe observables?
06-24 07:08:58.365  1664  2369 W A       : Disposing empty manager. Did you forgot to subscribe observables?
06-24 07:08:58.365  1664  2369 W A       : Disposing empty manager. Did you forgot to subscribe observables?
06-24 07:08:58.365  1664  2369 I A       : onOpaVisibilityChanged: false
06-24 07:08:58.365  1664  2369 W A       : Disposing empty manager. Did you forgot to subscribe observables?
06-24 07:08:58.365  1664  2369 W A       : Disposing empty manager. Did you forgot to subscribe observables?
06-24 07:08:58.365  1664  2369 W A       : Disposing empty manager. Did you forgot to subscribe observables?
06-24 07:08:58.365  1664  2369 W A       : Disposing empty manager. Did you forgot to subscribe observables?
06-24 07:08:58.365  1664  2369 W A       : Disposing empty manager. Did you forgot to subscribe observables?
06-24 07:08:58.365  1664  2369 W A       : Disposing empty manager. Did you forgot to subscribe observables?
06-24 07:08:58.365  1664  2369 I A       : Setting session to type: NO_SESSION
06-24 07:08:58.365  1664  2369 W A       : Disposing empty manager. Did you forgot to subscribe observables?
06-24 07:08:58.365  1664  2369 W A       : Disposing empty manager. Did you forgot to subscribe observables?
06-24 07:08:58.365  1664  2369 W A       : Disposing empty manager. Did you forgot to subscribe observables?
06-24 07:08:58.365  1664  2369 W A       : Disposing empty manager. Did you forgot to subscribe observables?
06-24 07:08:58.365  1664  2369 W A       : Disposing empty manager. Did you forgot to subscribe observables?
06-24 07:08:58.365  1664  2369 W A       : Disposing empty manager. Did you forgot to subscribe observables?
06-24 07:08:58.365  1664  2369 W A       : Disposing empty manager. Did you forgot to subscribe observables?
06-24 07:08:58.365  1664  2369 W A       : Disposing empty manager. Did you forgot to subscribe observables?
06-24 07:08:58.365  1664  2369 I A       : setNavBarVisible: GestureNavBarVisible{navbarVisible=true}
06-24 07:08:58.365  1664  2369 W A       : Disposing empty manager. Did you forgot to subscribe observables?
06-24 07:08:58.365  1664  2369 W A       : Disposing empty manager. Did you forgot to subscribe observables?
06-24 07:08:58.365  1664  2369 W A       : Disposing empty manager. Did you forgot to subscribe observables?
06-24 07:08:58.365  1664  2369 W A       : Disposing empty manager. Did you forgot to subscribe observables?
06-24 07:08:58.365  1664  2369 W A       : Disposing empty manager. Did you forgot to subscribe observables?
06-24 07:08:58.365  1664  2369 W A       : Disposing empty manager. Did you forgot to subscribe observables?
06-24 07:08:58.365  1664  2369 I A       : onDisabled. Registered: false
06-24 07:08:58.366  1664  2396 I A       : State changed: IDLE => IDLE by NGA_STATE_CHANGED and N/A with Optional.empty
06-24 07:08:58.366  1664  2396 I A       : Recognizer choice: (recognizer_type: 1, recognizer_mode: 1, choice_reason: 4)
06-24 07:08:58.366  1664  2396 I A       : onActiveStateChangeEvent: IDLE => IDLE
06-24 07:08:58.367  1664  2396 I A       : #onActiveStateChangeEvent, newState: IDLE, previousState: IDLE.
06-24 07:08:58.367  1664  2396 I NgaEntryPointEventSendr: setupConnection
06-24 07:08:58.369  1664  2396 I NgaEntryPointEventSendr: State changed: Disconnected => Connecting
06-24 07:08:58.369  1759  1759 I A       : Creating pss binder().
06-24 07:08:58.373  1664  2369 I A       : on opa visibility changed false
06-24 07:08:58.374  1664  2369 I A       : on opa visibility changed false
06-24 07:08:58.374  1664  2369 I A       : stopListening(NGA_PAUSED_UNKNOWN_REASON, NGA_CREATE), idleOverride=NOT_LISTENING
06-24 07:08:58.374  1664  2396 I A       : Initialize
06-24 07:08:58.374  1664  2369 I NgaEntryPointEventSendr: onServiceConnected
06-24 07:08:58.374  1759  4870 I A       : Calling beginBinderSession().
06-24 07:08:58.374  1759  4870 I A       : beginBinderSession(): calling binder
06-24 07:08:58.374  1664  2369 I NgaEntryPointEventSendr: State changed: Connecting => Ready
06-24 07:08:58.376   518   898 W ActivityManager: Unable to start service Intent { cmp=com.google.android.apps.tachyon/.clientapi.ClientApiService } U=0: not found
06-24 07:08:58.379  1664  2369 I A       : Successfully initialized all components
06-24 07:08:58.382  1759  2834 W A       : UiCallbackStub-onGenericEvent[ServiceEvent = 60] task was not run. Callback from Service received after client was disposed.
06-24 07:08:58.383  1759  2834 W SearchServiceCore: Abort, client detached.
06-24 07:08:58.383  1759  2910 I PBSessionCacheImpl: Deleted sessionId[7737946097565391] from persistence.
06-24 07:08:58.384  1664  2396 I NgaEntryPointEventSendr: State changed: Ready => Disconnected (onOpaDisconnected)
06-24 07:08:58.456  8053  8072 D EGL_emulation: app_time_stats: avg=499.78ms min=499.51ms max=499.97ms count=3
