--------- beginning of main
06-24 07:08:55.779  7905  7953 I Maestro : Skipping invisible child: android.view.accessibility.AccessibilityNodeInfo@128d0; boundsInParent: Rect(0, 0 - 320, 0); boundsInScreen: Rect(0, 0 - 320, 0); boundsInWindow: Rect(0, 0 - 320, 0); packageName: com.hanapkalinga.mobile; className: android.widget.LinearLayout; text: null; error: null; maxTextLength: -1; stateDescription: null; contentDescription: null; tooltipText: null; containerTitle: null; viewIdResName: null; uniqueId: null; checkable: false; checked: false; focusable: false; focused: false; selected: false; clickable: false; longClickable: false; contextClickable: false; enabled: true; password: false; scrollable: false; importantForAccessibility: false; visible: false; actions: [AccessibilityAction: ACTION_SELECT - null, AccessibilityAction: ACTION_CLEAR_SELECTION - null, AccessibilityAction: ACTION_ACCESSIBILITY_FOCUS - null, AccessibilityAction: ACTION_SHOW_ON_SCREEN - null]; isTextSelectable: false
06-24 07:08:55.780  7905  7953 I Maestro : Skipping invisible child: android.view.accessibility.AccessibilityNodeInfo@1250f; boundsInParent: Rect(0, 0 - 320, 0); boundsInScreen: Rect(0, 0 - 320, 0); boundsInWindow: Rect(0, 0 - 320, 0); packageName: com.hanapkalinga.mobile; className: android.view.ViewGroup; text: null; error: null; maxTextLength: -1; stateDescription: null; contentDescription: null; tooltipText: null; containerTitle: null; viewIdResName: null; uniqueId: null; checkable: false; checked: false; focusable: false; focused: false; selected: false; clickable: false; longClickable: false; contextClickable: false; enabled: true; password: false; scrollable: false; importantForAccessibility: false; visible: false; actions: [AccessibilityAction: ACTION_SELECT - null, AccessibilityAction: ACTION_CLEAR_SELECTION - null, AccessibilityAction: ACTION_ACCESSIBILITY_FOCUS - null, AccessibilityAction: ACTION_SHOW_ON_SCREEN - null]; isTextSelectable: false
06-24 07:08:55.780  7905  7953 I Maestro : Skipping invisible child: android.view.accessibility.AccessibilityNodeInfo@1a4b1; boundsInParent: Rect(0, 0 - 320, 0); boundsInScreen: Rect(0, 0 - 320, 0); boundsInWindow: Rect(0, 0 - 320, 0); packageName: com.hanapkalinga.mobile; className: android.widget.LinearLayout; text: null; error: null; maxTextLength: -1; stateDescription: null; contentDescription: null; tooltipText: null; containerTitle: null; viewIdResName: null; uniqueId: null; checkable: false; checked: false; focusable: false; focused: false; selected: false; clickable: false; longClickable: false; contextClickable: false; enabled: true; password: false; scrollable: false; importantForAccessibility: false; visible: false; actions: [AccessibilityAction: ACTION_SELECT - null, AccessibilityAction: ACTION_CLEAR_SELECTION - null, AccessibilityAction: ACTION_ACCESSIBILITY_FOCUS - null, AccessibilityAction: ACTION_SHOW_ON_SCREEN - null]; isTextSelectable: false
06-24 07:08:55.780  7905  7953 I Maestro : Skipping invisible child: android.view.accessibility.AccessibilityNodeInfo@1a0f0; boundsInParent: Rect(0, 0 - 320, 0); boundsInScreen: Rect(0, 0 - 320, 0); boundsInWindow: Rect(0, 0 - 320, 0); packageName: com.hanapkalinga.mobile; className: android.view.ViewGroup; text: null; error: null; maxTextLength: -1; stateDescription: null; contentDescription: null; tooltipText: null; containerTitle: null; viewIdResName: null; uniqueId: null; checkable: false; checked: false; focusable: false; focused: false; selected: false; clickable: false; longClickable: false; contextClickable: false; enabled: true; password: false; scrollable: false; importantForAccessibility: false; visible: false; actions: [AccessibilityAction: ACTION_SELECT - null, AccessibilityAction: ACTION_CLEAR_SELECTION - null, AccessibilityAction: ACTION_ACCESSIBILITY_FOCUS - null, AccessibilityAction: ACTION_SHOW_ON_SCREEN - null]; isTextSelectable: false
06-24 07:08:55.781  7905  7953 I Maestro : Skipping invisible child: android.view.accessibility.AccessibilityNodeInfo@182e8; boundsInParent: Rect(0, 0 - 1, 1); boundsInScreen: Rect(20, 348 - 21, 349); boundsInWindow: Rect(20, 348 - 21, 349); packageName: com.hanapkalinga.mobile; className: android.view.ViewGroup; text: null; error: null; maxTextLength: -1; stateDescription: null; contentDescription: null; tooltipText: null; containerTitle: null; viewIdResName: login_captcha_ready; uniqueId: null; checkable: false; checked: false; focusable: false; focused: false; selected: false; clickable: false; longClickable: false; contextClickable: false; enabled: true; password: false; scrollable: false; importantForAccessibility: true; visible: false; actions: [AccessibilityAction: ACTION_SELECT - null, AccessibilityAction: ACTION_CLEAR_SELECTION - null, AccessibilityAction: ACTION_ACCESSIBILITY_FOCUS - null, AccessibilityAction: ACTION_SHOW_ON_SCREEN - null]; isTextSelectable: false
06-24 07:08:55.787  7905  7953 D Maestro : View hierarchy received in 18 ms
06-24 07:08:55.877  7905  7953 D Maestro : Requesting view hierarchy
06-24 07:08:55.878  7905  7953 W QueryController: Could not detect idle state.
06-24 07:08:55.878  7905  7953 W QueryController: Could not detect idle state.
06-24 07:08:55.889  7905  7953 I Maestro : Skipping invisible child: android.view.accessibility.AccessibilityNodeInfo@128d0; boundsInParent: Rect(0, 0 - 320, 0); boundsInScreen: Rect(0, 0 - 320, 0); boundsInWindow: Rect(0, 0 - 320, 0); packageName: com.hanapkalinga.mobile; className: android.widget.LinearLayout; text: null; error: null; maxTextLength: -1; stateDescription: null; contentDescription: null; tooltipText: null; containerTitle: null; viewIdResName: null; uniqueId: null; checkable: false; checked: false; focusable: false; focused: false; selected: false; clickable: false; longClickable: false; contextClickable: false; enabled: true; password: false; scrollable: false; importantForAccessibility: false; visible: false; actions: [AccessibilityAction: ACTION_SELECT - null, AccessibilityAction: ACTION_CLEAR_SELECTION - null, AccessibilityAction: ACTION_ACCESSIBILITY_FOCUS - null, AccessibilityAction: ACTION_SHOW_ON_SCREEN - null]; isTextSelectable: false
06-24 07:08:55.890  7905  7953 I Maestro : Skipping invisible child: android.view.accessibility.AccessibilityNodeInfo@1250f; boundsInParent: Rect(0, 0 - 320, 0); boundsInScreen: Rect(0, 0 - 320, 0); boundsInWindow: Rect(0, 0 - 320, 0); packageName: com.hanapkalinga.mobile; className: android.view.ViewGroup; text: null; error: null; maxTextLength: -1; stateDescription: null; contentDescription: null; tooltipText: null; containerTitle: null; viewIdResName: null; uniqueId: null; checkable: false; checked: false; focusable: false; focused: false; selected: false; clickable: false; longClickable: false; contextClickable: false; enabled: true; password: false; scrollable: false; importantForAccessibility: false; visible: false; actions: [AccessibilityAction: ACTION_SELECT - null, AccessibilityAction: ACTION_CLEAR_SELECTION - null, AccessibilityAction: ACTION_ACCESSIBILITY_FOCUS - null, AccessibilityAction: ACTION_SHOW_ON_SCREEN - null]; isTextSelectable: false
06-24 07:08:55.890  7905  7953 I Maestro : Skipping invisible child: android.view.accessibility.AccessibilityNodeInfo@1a4b1; boundsInParent: Rect(0, 0 - 320, 0); boundsInScreen: Rect(0, 0 - 320, 0); boundsInWindow: Rect(0, 0 - 320, 0); packageName: com.hanapkalinga.mobile; className: android.widget.LinearLayout; text: null; error: null; maxTextLength: -1; stateDescription: null; contentDescription: null; tooltipText: null; containerTitle: null; viewIdResName: null; uniqueId: null; checkable: false; checked: false; focusable: false; focused: false; selected: false; clickable: false; longClickable: false; contextClickable: false; enabled: true; password: false; scrollable: false; importantForAccessibility: false; visible: false; actions: [AccessibilityAction: ACTION_SELECT - null, AccessibilityAction: ACTION_CLEAR_SELECTION - null, AccessibilityAction: ACTION_ACCESSIBILITY_FOCUS - null, AccessibilityAction: ACTION_SHOW_ON_SCREEN - null]; isTextSelectable: false
06-24 07:08:55.890  7905  7953 I Maestro : Skipping invisible child: android.view.accessibility.AccessibilityNodeInfo@1a0f0; boundsInParent: Rect(0, 0 - 320, 0); boundsInScreen: Rect(0, 0 - 320, 0); boundsInWindow: Rect(0, 0 - 320, 0); packageName: com.hanapkalinga.mobile; className: android.view.ViewGroup; text: null; error: null; maxTextLength: -1; stateDescription: null; contentDescription: null; tooltipText: null; containerTitle: null; viewIdResName: null; uniqueId: null; checkable: false; checked: false; focusable: false; focused: false; selected: false; clickable: false; longClickable: false; contextClickable: false; enabled: true; password: false; scrollable: false; importantForAccessibility: false; visible: false; actions: [AccessibilityAction: ACTION_SELECT - null, AccessibilityAction: ACTION_CLEAR_SELECTION - null, AccessibilityAction: ACTION_ACCESSIBILITY_FOCUS - null, AccessibilityAction: ACTION_SHOW_ON_SCREEN - null]; isTextSelectable: false
06-24 07:08:55.891  7905  7953 I Maestro : Skipping invisible child: android.view.accessibility.AccessibilityNodeInfo@182e8; boundsInParent: Rect(0, 0 - 1, 1); boundsInScreen: Rect(20, 348 - 21, 349); boundsInWindow: Rect(20, 348 - 21, 349); packageName: com.hanapkalinga.mobile; className: android.view.ViewGroup; text: null; error: null; maxTextLength: -1; stateDescription: null; contentDescription: null; tooltipText: null; containerTitle: null; viewIdResName: login_captcha_ready; uniqueId: null; checkable: false; checked: false; focusable: false; focused: false; selected: false; clickable: false; longClickable: false; contextClickable: false; enabled: true; password: false; scrollable: false; importantForAccessibility: true; visible: false; actions: [AccessibilityAction: ACTION_SELECT - null, AccessibilityAction: ACTION_CLEAR_SELECTION - null, AccessibilityAction: ACTION_ACCESSIBILITY_FOCUS - null, AccessibilityAction: ACTION_SHOW_ON_SCREEN - null]; isTextSelectable: false
06-24 07:08:55.898  7905  7953 D Maestro : View hierarchy received in 21 ms
06-24 07:08:55.956  8053  8072 D EGL_emulation: app_time_stats: avg=499.26ms min=497.86ms max=500.30ms count=3
--------- beginning of system
06-24 07:08:55.986   518  2483 D WindowManager: captureDisplay
06-24 07:08:56.423   518   547 I ActivityManager: Force stopping dev.mobile.maestro appid=10201 user=-1: deletePackageX
06-24 07:08:56.423   518   547 E libprocessgroup: No such cgroup attribute: /sys/fs/cgroup/uid_4294877497/cgroup.freeze
06-24 07:08:56.423   518   547 W libprocessgroup: Failed to apply Frozen process profile: No such file or directory
06-24 07:08:56.423   518   547 I ActivityManager: Killing 7905:dev.mobile.maestro/u0a201 (adj 0): stop dev.mobile.maestro due to deletePackageX
06-24 07:08:56.424   518   547 W ActivityManager: Crash of app dev.mobile.maestro running instrumentation ComponentInfo{dev.mobile.maestro.test/androidx.test.runner.AndroidJUnitRunner}
06-24 07:08:56.424   518   538 D DisplayManagerService: Drop pending events for gone uid 10201
06-24 07:08:56.424   518   547 I ActivityManager: Force stopping dev.mobile.maestro appid=10201 user=0: finished inst
06-24 07:08:56.426   518   547 D OomAdjuster: Not killing cached processes
06-24 07:08:56.428   518   547 E libprocessgroup: No such cgroup attribute: /sys/fs/cgroup/uid_4294877497/cgroup.freeze
06-24 07:08:56.428   518   547 W libprocessgroup: Failed to apply Unfrozen process profile: No such file or directory
06-24 07:08:56.429  7893  7904 W Binder  : Caught a RuntimeException from the binder stub implementation.
06-24 07:08:56.429  7893  7904 W Binder  : java.lang.SecurityException: Calling from not trusted UID!
06-24 07:08:56.429  7893  7904 W Binder  : 	at android.app.UiAutomationConnection.throwIfCalledByNotTrustedUidLocked(UiAutomationConnection.java:646)
06-24 07:08:56.429  7893  7904 W Binder  : 	at android.app.UiAutomationConnection.shutdown(UiAutomationConnection.java:547)
06-24 07:08:56.429  7893  7904 W Binder  : 	at android.app.IUiAutomationConnection$Stub.onTransact(IUiAutomationConnection.java:402)
06-24 07:08:56.429  7893  7904 W Binder  : 	at android.os.Binder.execTransactInternal(Binder.java:1344)
06-24 07:08:56.429  7893  7904 W Binder  : 	at android.os.Binder.execTransact(Binder.java:1275)
06-24 07:08:56.432  7893  7893 I app_process: System.exit called, status: 0
06-24 07:08:56.432  7893  7893 I AndroidRuntime: VM exiting with result code 0.
--------- beginning of kernel
06-24 07:08:56.635     0     0 I init    : Untracked pid 7893 exited with status 0
06-24 07:08:56.636     0     0 I init    : Untracked pid 7893 did not have an associated service entry and will not be reaped
06-24 07:08:56.461   518  1914 W WindowMagnificationMgr: requestConnection duplicated request: connect=false, mConnectionState=DISCONNECTED
06-24 07:08:56.461   518  1914 V UiAutomationManager: UiAutomation service owner died
06-24 07:08:56.461  1629  2280 I AiAiEcho: Settings changed for uri: content://settings/secure/accessibility_enabled
06-24 07:08:56.462   518   518 D BatterySaverPolicy: accessibility changed to false, updating policy.
06-24 07:08:56.464  1759  2322 I A       : NGA enabled in interactor.
06-24 07:08:56.464  1759  2322 I A       : Nga state changed to NgaStateDetails{state=ENABLED, isSpecialExperience=false}
06-24 07:08:56.464  1629  1694 I AiAiEcho: Predicting[0]: 
06-24 07:08:56.464  1629  1694 I AiAiEcho: EchoTargets: 
06-24 07:08:56.464  1629  1694 I AiAiEcho: Filtered by AiAi flag check: 
06-24 07:08:56.464  1629  1694 I AiAiEcho: Ranked targets strategy: SORT, count: 0, ranking metadata: 
06-24 07:08:56.464  1629  1694 I AiAiEcho: Predicting[0]: 
06-24 07:08:56.464  1629  1694 I AiAiEcho: EchoTargets: 
06-24 07:08:56.464  1629  1694 I AiAiEcho: Filtered by AiAi flag check: 
06-24 07:08:56.464  1629  1694 I AiAiEcho: Ranked targets strategy: SORT, count: 0, ranking metadata: 
06-24 07:08:56.465  1629  1694 I AiAiEcho: #postPredictionTargets: Sending updates to UISurface lockscreen with targets# 0 (types=[])
06-24 07:08:56.465  1629  1694 I AiAiEcho: #postPredictionTargets: Sending updates to UISurface home with targets# 0 (types=[])
06-24 07:08:56.466  1664  4853 I A       : Initializing all components
06-24 07:08:56.466  1664  4853 I A       : APA or Classic session decision: SessionDecision(sessionVariance=CLASSIC, platformVariance=CLASSIC, justification=CURRENT_PLATFORM_VARIANCE).
06-24 07:08:56.466  1664  4853 I A       : [Memory] eligibility: StashEligibility{6}
06-24 07:08:56.466  1664  2369 I A       : onIsEnabledChanged, isEnabled: false
06-24 07:08:56.466  1664  2369 W A       : Disposing empty manager. Did you forgot to subscribe observables?
06-24 07:08:56.466  1664  2369 W A       : Disposing empty manager. Did you forgot to subscribe observables?
06-24 07:08:56.466  1664  2369 W A       : Disposing empty manager. Did you forgot to subscribe observables?
06-24 07:08:56.466  1664  2369 W A       : Disposing empty manager. Did you forgot to subscribe observables?
06-24 07:08:56.466  1664  2369 W A       : Disposing empty manager. Did you forgot to subscribe observables?
06-24 07:08:56.466  1664  2369 W A       : Disposing empty manager. Did you forgot to subscribe observables?
06-24 07:08:56.466  1664  2369 W A       : Disposing empty manager. Did you forgot to subscribe observables?
06-24 07:08:56.466  1664  2369 W A       : Disposing empty manager. Did you forgot to subscribe observables?
06-24 07:08:56.466  1664  2369 W A       : Disposing empty manager. Did you forgot to subscribe observables?
06-24 07:08:56.466  1664  2369 W A       : Disposing empty manager. Did you forgot to subscribe observables?
06-24 07:08:56.466  1664  2369 I A       : onOpaVisibilityChanged: false
06-24 07:08:56.466  1664  2369 W A       : Disposing empty manager. Did you forgot to subscribe observables?
06-24 07:08:56.466  1664  2369 W A       : Disposing empty manager. Did you forgot to subscribe observables?
06-24 07:08:56.466  1664  2369 W A       : Disposing empty manager. Did you forgot to subscribe observables?
06-24 07:08:56.466  1664  2369 W A       : Disposing empty manager. Did you forgot to subscribe observables?
06-24 07:08:56.466  1664  2369 W A       : Disposing empty manager. Did you forgot to subscribe observables?
06-24 07:08:56.466  1664  2369 W A       : Disposing empty manager. Did you forgot to subscribe observables?
06-24 07:08:56.466  1664  2369 I A       : Setting session to type: NO_SESSION
06-24 07:08:56.467  1664  2369 W A       : Disposing empty manager. Did you forgot to subscribe observables?
06-24 07:08:56.467  1664  2369 W A       : Disposing empty manager. Did you forgot to subscribe observables?
06-24 07:08:56.467  1664  2369 W A       : Disposing empty manager. Did you forgot to subscribe observables?
06-24 07:08:56.467  1664  2369 W A       : Disposing empty manager. Did you forgot to subscribe observables?
06-24 07:08:56.467  1664  2369 W A       : Disposing empty manager. Did you forgot to subscribe observables?
06-24 07:08:56.467  1664  2369 W A       : Disposing empty manager. Did you forgot to subscribe observables?
06-24 07:08:56.467  1664  2369 W A       : Disposing empty manager. Did you forgot to subscribe observables?
06-24 07:08:56.467  1664  2369 W A       : Disposing empty manager. Did you forgot to subscribe observables?
06-24 07:08:56.467  1664  2369 I A       : setNavBarVisible: GestureNavBarVisible{navbarVisible=true}
06-24 07:08:56.467  1664  2369 W A       : Disposing empty manager. Did you forgot to subscribe observables?
06-24 07:08:56.467  1664  2369 W A       : Disposing empty manager. Did you forgot to subscribe observables?
06-24 07:08:56.467  1664  2369 W A       : Disposing empty manager. Did you forgot to subscribe observables?
06-24 07:08:56.467  1664  2369 W A       : Disposing empty manager. Did you forgot to subscribe observables?
06-24 07:08:56.467  1664  2369 W A       : Disposing empty manager. Did you forgot to subscribe observables?
06-24 07:08:56.467  1664  2369 W A       : Disposing empty manager. Did you forgot to subscribe observables?
06-24 07:08:56.467  1664  2369 I A       : onDisabled. Registered: false
06-24 07:08:56.468  1664  2396 I A       : State changed: IDLE => IDLE by NGA_STATE_CHANGED and N/A with Optional.empty
06-24 07:08:56.468  1664  2396 I A       : Recognizer choice: (recognizer_type: 1, recognizer_mode: 1, choice_reason: 4)
06-24 07:08:56.468  1664  2396 I A       : onActiveStateChangeEvent: IDLE => IDLE
06-24 07:08:56.469  1664  2396 I A       : #onActiveStateChangeEvent, newState: IDLE, previousState: IDLE.
06-24 07:08:56.469   518  2512 D CompatibilityChangeReporter: Compat change id reported: 197654537; UID 10192; state: ENABLED
06-24 07:08:56.470   834   834 W PageIndicator: Total number of pages invalid: 0. Assuming 1 page.
06-24 07:08:56.471  1664  2396 I NgaEntryPointEventSendr: setupConnection
06-24 07:08:56.481   335   335 I Zygote  : Process 7905 exited due to signal 9 (Killed)
06-24 07:08:56.664     0     0 I binder  : undelivered transaction 996508, process died.
06-24 07:08:56.493   518   898 V ActivityManager: Got obituary of 7905:dev.mobile.maestro
06-24 07:08:56.494   518   570 D PackageManager: Instant App installer not found with android.intent.action.INSTALL_INSTANT_APP_PACKAGE
06-24 07:08:56.494   518   570 D PackageManager: Clear ephemeral installer activity
06-24 07:08:56.495   518  3264 E TaskPersister: File error accessing recents directory (directory doesn't exist?).
06-24 07:08:56.496   518  2512 W ProcessStats: Tracking association SourceState{5cd32a4 com.google.android.googlequicksearchbox:interactor/10131 BFgs #15037} whose proc state 4 is better than process ProcessState{b06489f com.google.android.googlequicksearchbox:search/10131 pkg=com.google.android.googlequicksearchbox} proc state 14 (53 skipped)
06-24 07:08:56.672     0     0 I logd    : start watching /data/system/packages.list ...
06-24 07:08:56.674     0     0 I logd    : ReadPackageList, total packages: 201
06-24 07:08:56.496  1664  2369 I A       : Initialize
06-24 07:08:56.496  1664  2369 I A       : stopListening(NGA_PAUSED_UNKNOWN_REASON, NGA_CREATE), idleOverride=NOT_LISTENING
06-24 07:08:56.500  1759  1759 I A       : Creating pss binder().
06-24 07:08:56.503  1664  2396 I NgaEntryPointEventSendr: State changed: Disconnected => Connecting
06-24 07:08:56.503  1664  2396 I NgaEntryPointEventSendr: onServiceConnected
06-24 07:08:56.503  1759  4870 I A       : Calling beginBinderSession().
06-24 07:08:56.504  1759  4870 I A       : beginBinderSession(): calling binder
06-24 07:08:56.505  1664  2396 I NgaEntryPointEventSendr: State changed: Connecting => Ready
06-24 07:08:56.508  1664  2396 I A       : on opa visibility changed false
06-24 07:08:56.508  1664  2396 I A       : on opa visibility changed false
06-24 07:08:56.523  1759  2834 I A       : Using proto config with mendel
06-24 07:08:56.527  1759  2834 I A       : Using proto config with mendel
06-24 07:08:56.528  1759  2834 I A       : Using proto config with mendel
06-24 07:08:56.528  1759  2834 I A       : Merging legacy hotword config map with new proto.
06-24 07:08:56.528  1759  2834 I A       : Adding from config to map. Locale: cmn-Hant-TW modelPrefix: x_google Location:4e7cae00daee30ec565c34e3aa67a51f isSpeakerIdSupported: true
06-24 07:08:56.528  1759  2834 I A       : Adding from config to map. Locale: id-ID modelPrefix: x_google Location:cfffcc1a4c1c084c003c8eb27f73d770 isSpeakerIdSupported: true
06-24 07:08:56.528  1759  2834 I A       : Adding from config to map. Locale: ko-KR modelPrefix: x_google Location:0b132163a2eb2c1194b202067475724b isSpeakerIdSupported: true
06-24 07:08:56.528  1759  2834 I A       : Skipping. Expected model: 2 Found: 1
06-24 07:08:56.528  1759  2834 I A       : Adding from config to map. Locale: zh-TW modelPrefix: x_google Location:4e7cae00daee30ec565c34e3aa67a51f isSpeakerIdSupported: true
06-24 07:08:56.529  1759  2395 W CorpusConfigHelper: Invalid input from icing corpus JSON flag.
06-24 07:08:56.529  1759  2395 W CorpusConfigHelper: android.util.MalformedJsonException: Use JsonReader.setLenient(true) to accept malformed JSON at line 123 column 2
06-24 07:08:56.529  1759  2395 W CorpusConfigHelper: 	at android.util.JsonReader.syntaxError(JsonReader.java:1162)
06-24 07:08:56.529  1759  2395 W CorpusConfigHelper: 	at android.util.JsonReader.checkLenient(JsonReader.java:840)
06-24 07:08:56.529  1759  2395 W CorpusConfigHelper: 	at android.util.JsonReader.nextInArray(JsonReader.java:615)
06-24 07:08:56.529  1759  2395 W CorpusConfigHelper: 	at android.util.JsonReader.peek(JsonReader.java:345)
06-24 07:08:56.529  1759  2395 W CorpusConfigHelper: 	at android.util.JsonReader.hasNext(JsonReader.java:321)
06-24 07:08:56.529  1759  2395 W CorpusConfigHelper: 	at com.google.android.apps.gsa.searchbox.c.b.b.k.c(PG:7)
06-24 07:08:56.529  1759  2395 W CorpusConfigHelper: 	at com.google.android.apps.gsa.searchbox.c.b.b.k.<init>(PG:5)
06-24 07:08:56.529  1759  2395 W CorpusConfigHelper: 	at com.google.android.apps.gsa.staticplugins.searchboxroot.features.n.a.c.<init>(PG:16)
06-24 07:08:56.529  1759  2395 W CorpusConfigHelper: 	at com.google.android.apps.gsa.staticplugins.searchboxroot.b.a(PG:14)
06-24 07:08:56.529  1759  2395 W CorpusConfigHelper: 	at com.google.android.apps.gsa.staticplugins.searchboxroot.x.<init>(PG:7)
06-24 07:08:56.529  1759  2395 W CorpusConfigHelper: 	at com.google.android.apps.gsa.binaries.velvet.app.akd.b(PG:15)
06-24 07:08:56.529  1759  2395 W CorpusConfigHelper: 	at dagger.a.e.b(PG:1)
06-24 07:08:56.529  1759  2395 W CorpusConfigHelper: 	at com.google.android.apps.gsa.staticplugins.searchboxroot.a.a.a(PG:3)
06-24 07:08:56.529  1759  2395 W CorpusConfigHelper: 	at com.google.android.apps.gsa.binaries.velvet.app.ok.f(Unknown Source:2541)
06-24 07:08:56.529  1759  2395 W CorpusConfigHelper: 	at com.google.android.apps.gsa.binaries.velvet.app.ok.b(PG:1)
06-24 07:08:56.529  1759  2395 W CorpusConfigHelper: 	at com.google.android.apps.gsa.search.core.service.g.a.c.a(PG:2)
06-24 07:08:56.529  1759  2395 W CorpusConfigHelper: 	at com.google.android.libraries.gsa.k.a.f.a(PG:2)
06-24 07:08:56.529  1759  2395 W CorpusConfigHelper: 	at com.google.common.util.concurrent.dx.a(PG:1)
06-24 07:08:56.529  1759  2395 W CorpusConfigHelper: 	at com.google.common.util.concurrent.cv.run(PG:4)
06-24 07:08:56.529  1759  2395 W CorpusConfigHelper: 	at com.google.common.util.concurrent.dz.run(PG:1)
06-24 07:08:56.529  1759  2395 W CorpusConfigHelper: 	at com.google.android.libraries.i.ae.run(PG:1)
06-24 07:08:56.529  1759  2395 W CorpusConfigHelper: 	at java.util.concurrent.ThreadPoolExecutor.runWorker(ThreadPoolExecutor.java:1145)
06-24 07:08:56.529  1759  2395 W CorpusConfigHelper: 	at java.util.concurrent.ThreadPoolExecutor$Worker.run(ThreadPoolExecutor.java:644)
06-24 07:08:56.529  1759  2395 W CorpusConfigHelper: 	at com.google.android.libraries.i.k.run(PG:2)
06-24 07:08:56.529  1759  2395 W CorpusConfigHelper: 	at com.google.android.libraries.i.p.run(PG:4)
06-24 07:08:56.529  1759  2395 W CorpusConfigHelper: 	at java.lang.Thread.run(Thread.java:1012)
06-24 07:08:56.532  1759  2386 W A       : Queue length for executor EventBus is now 11. Perhaps some tasks are too long, or the pool is too small.
06-24 07:08:56.532  1759  2834 I A       : Using proto config with mendel
06-24 07:08:56.532  1759  2834 I A       : Using proto config with mendel
06-24 07:08:56.532  1759  2834 I A       : Using proto config with mendel
06-24 07:08:56.537   518  1914 D ActivityManager: sync unfroze 5113 com.google.android.gms for 6
06-24 07:08:56.539   518   570 I ActivityManager: Force stopping dev.mobile.maestro appid=10201 user=0: pkg removed
06-24 07:08:56.552  1664  2369 I A       : Successfully initialized all components
06-24 07:08:56.559   518   898 W ActivityManager: Unable to start service Intent { cmp=com.google.android.apps.tachyon/.clientapi.ClientApiService } U=0: not found
06-24 07:08:56.560  1759  2834 W A       : UiCallbackStub-onGenericEvent[ServiceEvent = 111] task was not run. Callback from Service received after client was disposed.
06-24 07:08:56.560  1759  2834 W A       : UiCallbackStub-onGenericEvent[ServiceEvent = 60] task was not run. Callback from Service received after client was disposed.
06-24 07:08:56.560  1759  2834 W A       : UiCallbackStub-onGenericEvent[ServiceEvent = 60] task was not run. Callback from Service received after client was disposed.
06-24 07:08:56.560  1759  2834 W A       : UiCallbackStub-onGenericEvent[ServiceEvent = 105] task was not run. Callback from Service received after client was disposed.
06-24 07:08:56.560  1759  2834 W A       : UiCallbackStub-onGenericEvent[ServiceEvent = 107] task was not run. Callback from Service received after client was disposed.
06-24 07:08:56.560  1759  2834 W A       : UiCallbackStub-onGenericEvent[ServiceEvent = 107] task was not run. Callback from Service received after client was disposed.
06-24 07:08:56.561  1759  2834 W A       : UiCallbackStub-onGenericEvent[ServiceEvent = 42] task was not run. Callback from Service received after client was disposed.
06-24 07:08:56.569  1759  2834 W A       : UiCallbackStub-onGenericEvent[ServiceEvent = 67] task was not run. Callback from Service received after client was disposed.
06-24 07:08:56.569  1759  2834 I MicroDetectionState: Should stop hotword detection immediately - true
06-24 07:08:56.569  1759  2834 W A       : UiCallbackStub-onGenericEvent[ServiceEvent = 241] task was not run. Callback from Service received after client was disposed.
06-24 07:08:56.569  1759  2834 W A       : UiCallbackStub-onGenericEvent[ServiceEvent = 241] task was not run. Callback from Service received after client was disposed.
06-24 07:08:56.570  1759  2834 W A       : UiCallbackStub-onGenericEvent[ServiceEvent = 60] task was not run. Callback from Service received after client was disposed.
06-24 07:08:56.572  1759  2910 I PBSessionCacheImpl: Deleted sessionId[7737946097565388] from persistence.
06-24 07:08:56.573  1759  2834 W SearchServiceCore: Abort, client detached.
06-24 07:08:56.573   518   546 W WindowMagnificationMgr: requestConnection duplicated request: connect=false, mConnectionState=DISCONNECTED
06-24 07:08:56.574  1759  2834 I MicroDetectionState: Should stop hotword detection immediately - true
06-24 07:08:56.574  1759  2834 I A       : Using proto config with mendel
06-24 07:08:56.574  1759  2834 I A       : Using proto config with mendel
06-24 07:08:56.576  1664  2396 I NgaEntryPointEventSendr: State changed: Ready => Disconnected (onOpaDisconnected)
06-24 07:08:56.584   518   768 E AppOps  : attributionTag VCN not declared in manifest of android
06-24 07:08:56.586   518   755 W WifiService: Couldn't get PackageInfo for package:dev.mobile.maestro
06-24 07:08:56.586   518   755 D WifiService: Remove settings for package:dev.mobile.maestro
06-24 07:08:56.586   518   755 D WifiConfigManager: Remove all networks for app ApplicationInfo{6f8a633 dev.mobile.maestro}
06-24 07:08:56.591   518   755 D WifiConfigStore: Writing to stores completed in 3 ms.
06-24 07:08:56.591   518   755 I PasspointManager: No app ops listener found for dev.mobile.maestro
06-24 07:08:56.594   334   361 I netd    : tetherGetStats() -> {[]} <0.32ms>
06-24 07:08:56.596   518   604 I RollbackManager: broadcast=ACTION_PACKAGE_FULLY_REMOVED pkg=dev.mobile.maestro
06-24 07:08:56.596  1046  1046 D CarrierSvcBindHelper: onPackageRemoved: dev.mobile.maestro
06-24 07:08:56.597   518   633 V StorageManagerService: Package dev.mobile.maestro does not have legacy storage
06-24 07:08:56.597   518   755 W WifiService: Couldn't get PackageInfo for package:dev.mobile.maestro
06-24 07:08:56.597   518   755 D WifiService: Remove settings for package:dev.mobile.maestro
06-24 07:08:56.597   518   755 D WifiConfigManager: Remove all networks for app ApplicationInfo{d8f84d9 dev.mobile.maestro}
06-24 07:08:56.597  4030  4030 V MediaPlayerList: mPackageChangedBroadcastReceiver: action: android.intent.action.PACKAGE_REMOVED
06-24 07:08:56.598  4030  4030 V MediaPlayerList: mPackageChangedBroadcastReceiver: action: android.intent.action.PACKAGE_REMOVED
06-24 07:08:56.598  1046  1046 D CarrierSvcBindHelper: No carrier app for: 0
06-24 07:08:56.601   518   755 D WifiConfigStore: Writing to stores completed in 3 ms.
06-24 07:08:56.601   518   755 I PasspointManager: No app ops listener found for dev.mobile.maestro
06-24 07:08:56.601   518   547 D ActivityManager: sync unfroze 4595 com.android.chrome for 3
06-24 07:08:56.602   334   361 I netd    : bandwidthSetGlobalAlert(2097152) <0.06ms>
06-24 07:08:56.609   518   623 I InputReader: Reconfiguring input devices, changes=KEYBOARD_LAYOUTS
06-24 07:08:56.618   518   547 I ActivityManager: Force stopping dev.mobile.maestro.test appid=10202 user=-1: deletePackageX
06-24 07:08:56.620   518   547 E libprocessgroup: No such cgroup attribute: /sys/fs/cgroup/uid_4294877498/cgroup.freeze
06-24 07:08:56.620   518   547 W libprocessgroup: Failed to apply Frozen process profile: No such file or directory
06-24 07:08:56.622   518   547 E libprocessgroup: No such cgroup attribute: /sys/fs/cgroup/uid_4294877498/cgroup.freeze
06-24 07:08:56.622   518   547 W libprocessgroup: Failed to apply Unfrozen process profile: No such file or directory
06-24 07:08:56.622   834   887 D StylusManager: Stylus InputDevice changed: 14 virtio_input_multi_touch_11
06-24 07:08:56.625   834   887 D StylusManager: Stylus InputDevice changed: 12 virtio_input_multi_touch_9
06-24 07:08:56.625   834   887 D StylusManager: Stylus InputDevice changed: 8 virtio_input_multi_touch_5
06-24 07:08:56.626   834   887 D StylusManager: Stylus InputDevice changed: 11 virtio_input_multi_touch_8
06-24 07:08:56.626   834   887 D StylusManager: Stylus InputDevice changed: 10 virtio_input_multi_touch_7
06-24 07:08:56.626   834   887 D StylusManager: Stylus InputDevice changed: 9 virtio_input_multi_touch_6
06-24 07:08:56.626   834   887 D StylusManager: Stylus InputDevice changed: 7 virtio_input_multi_touch_4
06-24 07:08:56.626   834   887 D StylusManager: Stylus InputDevice changed: 6 virtio_input_multi_touch_3
06-24 07:08:56.626   834   887 D StylusManager: Stylus InputDevice changed: 5 virtio_input_multi_touch_2
06-24 07:08:56.626   834   887 D StylusManager: Stylus InputDevice changed: 13 virtio_input_multi_touch_10
06-24 07:08:56.627   834   887 D StylusManager: Stylus InputDevice changed: 4 virtio_input_multi_touch_1
06-24 07:08:56.628   518   547 D ActivityManager: sync unfroze 836 com.google.android.permissioncontroller for 3
06-24 07:08:56.630   518   518 D ActivityManager: sync unfroze 1877 com.android.keychain for 10
06-24 07:08:56.630   518   518 D ActivityManager: sync unfroze 1047 com.android.settings for 10
06-24 07:08:56.630   518   518 D ActivityManager: sync unfroze 3595 com.android.dynsystem:dynsystem for 10
06-24 07:08:56.630   518   518 D ActivityManager: sync unfroze 3514 com.android.dynsystem for 10
06-24 07:08:56.630   518   518 D ActivityManager: sync unfroze 2449 com.android.localtransport for 10
06-24 07:08:56.635  1629  2280 I AiAiEcho: Settings changed for uri: content://settings/secure/accessibility_enabled
06-24 07:08:56.635  1629  1694 I AiAiEcho: Predicting[0]: 
06-24 07:08:56.635  1629  1694 I AiAiEcho: EchoTargets: 
06-24 07:08:56.635  1629  1694 I AiAiEcho: Filtered by AiAi flag check: 
06-24 07:08:56.635  1629  1694 I AiAiEcho: Ranked targets strategy: SORT, count: 0, ranking metadata: 
06-24 07:08:56.635  1629  1694 I AiAiEcho: Predicting[0]: 
06-24 07:08:56.635  1629  1694 I AiAiEcho: EchoTargets: 
06-24 07:08:56.635  1629  1694 I AiAiEcho: Filtered by AiAi flag check: 
06-24 07:08:56.635  1629  1694 I AiAiEcho: Ranked targets strategy: SORT, count: 0, ranking metadata: 
06-24 07:08:56.636  1629  1694 I AiAiEcho: #postPredictionTargets: Sending updates to UISurface lockscreen with targets# 0 (types=[])
06-24 07:08:56.636  1629  1694 I AiAiEcho: #postPredictionTargets: Sending updates to UISurface home with targets# 0 (types=[])
06-24 07:08:56.636  5113  5184 I Icing   : IndexChimeraService.getServiceInterface callingPackage=com.google.android.googlequicksearchbox componentName=null serviceId=36
06-24 07:08:56.639   834   834 W PageIndicator: Total number of pages invalid: 0. Assuming 1 page.
06-24 07:08:56.639  1667  1667 W MediaProvider: WorkProfileOwnerApps cache is empty
06-24 07:08:56.640   518   610 I RoleService: Granting default roles...
06-24 07:08:56.641   518   518 I Telecom : CarModeTracker: Package dev.mobile.maestro is not tracked.: SSH.oR@AaQ🔒
06-24 07:08:56.641   518   518 I Telecom : InCallController: updateCarModeForConnections: car mode apps: : SSH.oR@AaQ🔒
06-24 07:08:56.641   518   518 I Telecom : InCallController: update carmode current:UserHandle{0} parent:null: SSH.oR@AaQ🔒
06-24 07:08:56.646   834   834 D ControlsListingControllerImpl: ServiceConfig reloaded, count: 0
06-24 07:08:56.647   518   518 I ConditionProviders: Disallowing condition provider dev.mobile.maestro (userSet: true)
06-24 07:08:56.657   518   529 I system_server: Background concurrent copying GC freed 176934(9039KB) AllocSpace objects, 12(260KB) LOS objects, 43% free, 30MB/54MB, paused 29us,44us total 162.225ms
06-24 07:08:56.662   518   547 D ActivityManager: sync unfroze 2915 com.google.android.documentsui for 3
06-24 07:08:56.668  5113  7811 I Icing   : Usage reports ok 0, Failed Usage reports 0, indexed 0, rejected 0
06-24 07:08:56.850     0     0 I logd    : start watching /data/system/packages.list ...
06-24 07:08:56.852     0     0 I logd    : ReadPackageList, total packages: 200
06-24 07:08:56.674  5113  5113 D BoundBrokerSvc: onBind: Intent { act=com.google.android.gms.feedback.internal.IFeedbackService dat=chimera-action:/... cmp=com.google.android.gms/.chimera.GmsBoundBrokerService }
06-24 07:08:56.674  5113  5113 D BoundBrokerSvc: Loading bound service for intent: Intent { act=com.google.android.gms.feedback.internal.IFeedbackService dat=chimera-action:/... cmp=com.google.android.gms/.chimera.GmsBoundBrokerService }
06-24 07:08:56.676   518  1914 D SafetySourceDataValidator: No cert check requested for package com.google.android.permissioncontroller
06-24 07:08:56.676   396  2293 D AF::TrackHandle: OpPlayAudio: track:55 usage:13 not muted
06-24 07:08:56.677   396  2293 D AF::TrackHandle: OpPlayAudio: track:55 usage:13 not muted
06-24 07:08:56.677   396  2293 D AF::TrackHandle: OpPlayAudio: track:55 usage:13 not muted
06-24 07:08:56.678   396  2293 D AF::TrackHandle: OpPlayAudio: track:55 usage:13 not muted
06-24 07:08:56.678   396  2293 D AF::TrackHandle: OpPlayAudio: track:55 usage:13 not muted
06-24 07:08:56.678   396  2293 D AF::TrackHandle: OpPlayAudio: track:55 usage:13 not muted
06-24 07:08:56.679   396  2293 D AF::TrackHandle: OpPlayAudio: track:55 usage:13 not muted
06-24 07:08:56.679   518   570 D PackageManager: Instant App installer not found with android.intent.action.INSTALL_INSTANT_APP_PACKAGE
06-24 07:08:56.679   518   570 D PackageManager: Clear ephemeral installer activity
06-24 07:08:56.679   518  3264 E TaskPersister: File error accessing recents directory (directory doesn't exist?).
06-24 07:08:56.680   396  2293 D AF::TrackHandle: OpPlayAudio: track:55 usage:13 not muted
06-24 07:08:56.681   396  2293 D AF::TrackHandle: OpPlayAudio: track:55 usage:13 not muted
06-24 07:08:56.681  1667  2531 I MediaProvider: Begin Intent { act=android.intent.action.PACKAGE_FULLY_REMOVED dat=package: flg=0x5000010 cmp=com.google.android.providers.media.module/com.android.providers.media.MediaService (has extras) }
06-24 07:08:56.682   396  2293 D AF::TrackHandle: OpPlayAudio: track:55 usage:13 not muted
06-24 07:08:56.682   396  2293 D AF::TrackHandle: OpPlayAudio: track:55 usage:13 not muted
06-24 07:08:56.682   396  2293 D AF::TrackHandle: OpPlayAudio: track:55 usage:13 not muted
06-24 07:08:56.682   396  2293 D AF::TrackHandle: OpPlayAudio: track:55 usage:13 not muted
06-24 07:08:56.682   396  2293 D AF::TrackHandle: OpPlayAudio: track:55 usage:13 not muted
06-24 07:08:56.683   396  2293 D AF::TrackHandle: OpPlayAudio: track:55 usage:13 not muted
06-24 07:08:56.683   396  2293 D AF::TrackHandle: OpPlayAudio: track:55 usage:13 not muted
06-24 07:08:56.683  1667  2531 D MediaProvider: Deleted 0 Android/media items belonging to dev.mobile.maestro on /data/user/0/com.google.android.providers.media.module/databases/external.db
06-24 07:08:56.684   518   547 D ActivityManager: sync unfroze 2151 android.process.media for 3
06-24 07:08:56.685  1667  2531 D MediaGrants: Removed 0 media_grants for 0 user for dev.mobile.maestro. Reason: Package orphaned
06-24 07:08:56.685  1667  2531 I MediaProvider: End Intent { act=android.intent.action.PACKAGE_FULLY_REMOVED dat=package: flg=0x5000010 cmp=com.google.android.providers.media.module/com.android.providers.media.MediaService (has extras) }
06-24 07:08:56.690   518   570 I ActivityManager: Force stopping dev.mobile.maestro.test appid=10202 user=0: pkg removed
06-24 07:08:56.690   518   570 E libprocessgroup: No such cgroup attribute: /sys/fs/cgroup/uid_10202/cgroup.freeze
06-24 07:08:56.690   518   570 W libprocessgroup: Failed to apply Frozen process profile: No such file or directory
06-24 07:08:56.691   518   570 E libprocessgroup: No such cgroup attribute: /sys/fs/cgroup/uid_10202/cgroup.freeze
06-24 07:08:56.691   518   570 W libprocessgroup: Failed to apply Unfrozen process profile: No such file or directory
06-24 07:08:56.697  1046  1046 D CarrierSvcBindHelper: onPackageRemoved: dev.mobile.maestro.test
06-24 07:08:56.697  1046  1046 D CarrierSvcBindHelper: No carrier app for: 0
06-24 07:08:56.697  4030  4030 V MediaPlayerList: mPackageChangedBroadcastReceiver: action: android.intent.action.PACKAGE_REMOVED
06-24 07:08:56.698  4030  4030 V MediaPlayerList: mPackageChangedBroadcastReceiver: action: android.intent.action.PACKAGE_REMOVED
06-24 07:08:56.699   334   361 I netd    : tetherGetStats() -> {[]} <0.22ms>
06-24 07:08:56.701  1667  1667 W MediaProvider: WorkProfileOwnerApps cache is empty
06-24 07:08:56.702   836   836 D PersistedStoragePackageUninstalledReceiver: Received android.intent.action.PACKAGE_FULLY_REMOVED for dev.mobile.maestro for u0
06-24 07:08:56.710  1085  1085 D Launcher.Model: package removed received dev.mobile.maestro
06-24 07:08:56.710  1085  1132 D PackageUpdatedTask: Removing app icondev.mobile.maestro
06-24 07:08:56.711  1629  1629 I AiAiEcho: AppFetcherImplV2 onPackageRemoved dev.mobile.maestro.
06-24 07:08:56.718  1629  1731 I AiAiEcho: EchoSearch: WidgetFetcherImpl is initialized with [28] widgets [reason=package removed for userId: 0]
06-24 07:08:56.720  1085  1132 D ModelWriter: removing items from db . Reason: [removed because the corresponding package or component is removed. mOp=3 removedPackages=[dev.mobile.maestro] removedComponents=[]]
06-24 07:08:56.721  1667  2531 I MediaProvider: Begin Intent { act=android.intent.action.PACKAGE_FULLY_REMOVED dat=package: flg=0x5000010 cmp=com.google.android.providers.media.module/com.android.providers.media.MediaService (has extras) }
06-24 07:08:56.721  1667  2531 D MediaProvider: Deleted 0 Android/media items belonging to dev.mobile.maestro.test on /data/user/0/com.google.android.providers.media.module/databases/external.db
06-24 07:08:56.721  1667  2531 D MediaGrants: Removed 0 media_grants for 0 user for dev.mobile.maestro.test. Reason: Package orphaned
06-24 07:08:56.721  1667  2531 I MediaProvider: End Intent { act=android.intent.action.PACKAGE_FULLY_REMOVED dat=package: flg=0x5000010 cmp=com.google.android.providers.media.module/com.android.providers.media.MediaService (has extras) }
06-24 07:08:56.726   834   834 D ControlsListingControllerImpl: ServiceConfig reloaded, count: 0
06-24 07:08:56.749  5113  5113 D BoundBrokerSvc: onBind: Intent { act=com.google.android.gms.common.BIND_SHARED_PREFS pkg=com.google.android.gms }
06-24 07:08:56.749  5113  5113 D BoundBrokerSvc: Loading bound service for intent: Intent { act=com.google.android.gms.common.BIND_SHARED_PREFS pkg=com.google.android.gms }
06-24 07:08:56.751   836  8276 E RoleControllerServiceImpl: Default/fallback role holder package doesn't qualify for the role, package: com.google.android.gms.supervision, role: android.app.role.SYSTEM_SUPERVISION
06-24 07:08:56.757   518  2973 D SafetySourceDataValidator: No cert check requested for package com.google.android.permissioncontroller
06-24 07:08:56.763  1629  1694 I AiAiEcho: [pnb-agg] Reload pnb aggregation on events deleted
06-24 07:08:56.763  1629  1694 I AiAiEcho: [pnb-agg] pnb aggregation disabled.
06-24 07:08:56.767  5113  5113 D BoundBrokerSvc: onUnbind: Intent { act=com.google.android.gms.common.BIND_SHARED_PREFS pkg=com.google.android.gms }
06-24 07:08:56.767   836  8276 I Role    : com.google.android.gms not qualified for android.app.role.SYSTEM_CALL_STREAMING due to missing RequiredComponent{mIntentFilterData=IntentFilterData{mAction='android.telecom.CallStreamingService', mCategories='[]', mDataScheme='null', mDataType='null'}, mMinTargetSdkVersion=1, mFlags='0', mPermission='android.permission.BIND_CALL_STREAMING_SERVICE', mQueryFlags=0, mMetaData=[]}
06-24 07:08:56.767   836  8276 E RoleControllerServiceImpl: Default/fallback role holder package doesn't qualify for the role, package: com.google.android.gms, role: android.app.role.SYSTEM_CALL_STREAMING
06-24 07:08:56.768   836   836 D PersistedStoragePackageUninstalledReceiver: Received android.intent.action.PACKAGE_FULLY_REMOVED for dev.mobile.maestro.test for u0
06-24 07:08:56.770  5020  8289 I ProximityAuth: [RecentAppsMediator] Package removed: (user=UserHandle{0}) dev.mobile.maestro
06-24 07:08:56.771   836  8276 W Role    : Default holder doesn't have required signing certificate: com.google.android.apps.work.clouddpc:23962F4B43B9857638EA66F4D419518EAE282491ACDA4B94707BD59003C45E58
06-24 07:08:56.796  5113  7811 I ContentMaintenance: Internal cache bytes used: 0; limit: 100000000; download size: 0
06-24 07:08:56.799  5113  5184 I Icing   : IndexChimeraService.getServiceInterface callingPackage=com.google.android.gms componentName=null serviceId=30
06-24 07:08:56.805  5113  8298 I BlockstoreStorage: Clearing all the Blockstore Data for package dev.mobile.maestro [CONTEXT service_id=258 ]
06-24 07:08:56.806  5113  8298 I BlockstoreStorage: Clearing all the Blockstore Data for 1 packages [CONTEXT service_id=258 ]
06-24 07:08:56.810  5020  8292 I Fitness : FitCleanupIntentOperation received Intent android.intent.action.PACKAGE_REMOVED [CONTEXT service_id=17 ]
06-24 07:08:56.815  5020  8292 I ProximityAuth: [RecentAppsMediator] Package removed: (user=UserHandle{0}) dev.mobile.maestro.test
06-24 07:08:56.817  5113  5113 D BoundBrokerSvc: onBind: Intent { act=com.google.android.gms.common.BIND_SHARED_PREFS pkg=com.google.android.gms }
06-24 07:08:56.817  5113  5113 D BoundBrokerSvc: Loading bound service for intent: Intent { act=com.google.android.gms.common.BIND_SHARED_PREFS pkg=com.google.android.gms }
06-24 07:08:56.830  5113  6855 I Icing   : doRemovePackageData dev.mobile.maestro
06-24 07:08:56.830   518   529 I system_server: Background concurrent copying GC freed 202541(10MB) AllocSpace objects, 28(984KB) LOS objects, 48% free, 25MB/49MB, paused 84us,32us total 145.188ms
06-24 07:08:56.835  5113  8298 I BlockstoreStorage: Clearing all the Blockstore Data for package dev.mobile.maestro.test [CONTEXT service_id=258 ]
06-24 07:08:56.835  5113  8298 I BlockstoreStorage: Clearing all the Blockstore Data for 1 packages [CONTEXT service_id=258 ]
06-24 07:08:56.836  5113  8297 W SQLiteLog: (28) double-quoted string literal: "dev.mobile.maestro"
06-24 07:08:56.836  5113  7811 I RealtimeCacheCleanup: Beginning Realtime garbage collection.
06-24 07:08:56.837   518   518 I ConditionProviders: Disallowing condition provider dev.mobile.maestro.test (userSet: true)
06-24 07:08:56.838   518   755 W WifiService: Couldn't get PackageInfo for package:dev.mobile.maestro.test
06-24 07:08:56.838   518   755 D WifiService: Remove settings for package:dev.mobile.maestro.test
06-24 07:08:56.838   518   755 D WifiConfigManager: Remove all networks for app ApplicationInfo{d34694d dev.mobile.maestro.test}
06-24 07:08:56.838   518   633 V StorageManagerService: Package dev.mobile.maestro.test does not have legacy storage
06-24 07:08:56.839   518   604 I RollbackManager: broadcast=ACTION_PACKAGE_FULLY_REMOVED pkg=dev.mobile.maestro.test
06-24 07:08:56.840  5113  7811 I RealtimeCacheCleanup: Finished Realtime garbage collection.
06-24 07:08:56.846   518   623 I InputReader: Reconfiguring input devices, changes=KEYBOARD_LAYOUTS
06-24 07:08:56.846   518   518 I Telecom : CarModeTracker: Package dev.mobile.maestro.test is not tracked.: SSH.oR@Aac🔒
06-24 07:08:56.846   518   518 I Telecom : InCallController: updateCarModeForConnections: car mode apps: : SSH.oR@Aac🔒
06-24 07:08:56.847   518   518 I Telecom : InCallController: update carmode current:UserHandle{0} parent:null: SSH.oR@Aac🔒
06-24 07:08:56.847   396  2293 D AF::TrackHandle: OpPlayAudio: track:55 usage:13 not muted
06-24 07:08:56.847   396  2293 D AF::TrackHandle: OpPlayAudio: track:55 usage:13 not muted
06-24 07:08:56.847   396  2293 D AF::TrackHandle: OpPlayAudio: track:55 usage:13 not muted
06-24 07:08:56.847   396  2293 D AF::TrackHandle: OpPlayAudio: track:55 usage:13 not muted
06-24 07:08:56.848   396  2293 D AF::TrackHandle: OpPlayAudio: track:55 usage:13 not muted
06-24 07:08:56.848   396  2293 D AF::TrackHandle: OpPlayAudio: track:55 usage:13 not muted
06-24 07:08:56.848   396  2293 D AF::TrackHandle: OpPlayAudio: track:55 usage:13 not muted
06-24 07:08:56.848   396  2293 D AF::TrackHandle: OpPlayAudio: track:55 usage:13 not muted
06-24 07:08:56.848   396  2293 D AF::TrackHandle: OpPlayAudio: track:55 usage:13 not muted
06-24 07:08:56.848   396  2293 D AF::TrackHandle: OpPlayAudio: track:55 usage:13 not muted
06-24 07:08:56.848   396  2293 D AF::TrackHandle: OpPlayAudio: track:55 usage:13 not muted
06-24 07:08:56.849   396  2293 D AF::TrackHandle: OpPlayAudio: track:55 usage:13 not muted
06-24 07:08:56.849   396  2293 D AF::TrackHandle: OpPlayAudio: track:55 usage:13 not muted
06-24 07:08:56.849   396  2293 D AF::TrackHandle: OpPlayAudio: track:55 usage:13 not muted
06-24 07:08:56.849   396  2293 D AF::TrackHandle: OpPlayAudio: track:55 usage:13 not muted
06-24 07:08:56.849   396  2293 D AF::TrackHandle: OpPlayAudio: track:55 usage:13 not muted
06-24 07:08:56.849   518   755 D WifiConfigStore: Writing to stores completed in 3 ms.
06-24 07:08:56.849   518   755 I PasspointManager: No app ops listener found for dev.mobile.maestro.test
06-24 07:08:56.849   518   755 W WifiService: Couldn't get PackageInfo for package:dev.mobile.maestro.test
06-24 07:08:56.849   518   755 D WifiService: Remove settings for package:dev.mobile.maestro.test
06-24 07:08:56.849   518   755 D WifiConfigManager: Remove all networks for app ApplicationInfo{39aab0d dev.mobile.maestro.test}
06-24 07:08:56.852  5020  8305 I Fitness : FitCleanupIntentOperation received Intent android.intent.action.PACKAGE_REMOVED [CONTEXT service_id=17 ]
06-24 07:08:56.854   518   755 D WifiConfigStore: Writing to stores completed in 4 ms.
06-24 07:08:56.856   518   768 E AppOps  : attributionTag VCN not declared in manifest of android
06-24 07:08:56.856   518   755 I PasspointManager: No app ops listener found for dev.mobile.maestro.test
06-24 07:08:56.865   834   887 D StylusManager: Stylus InputDevice changed: 14 virtio_input_multi_touch_11
06-24 07:08:56.875   834   887 D StylusManager: Stylus InputDevice changed: 12 virtio_input_multi_touch_9
06-24 07:08:56.876   834   887 D StylusManager: Stylus InputDevice changed: 8 virtio_input_multi_touch_5
