06-24 07:10:03.154  8810  8810 I UiAutomation: Initialized for user 0 on display 0
06-24 07:10:03.154  8810  8810 W UiAutomation: Created with deprecatead constructor, assumes DEFAULT_DISPLAY
06-24 07:10:03.143  8810  8810 W main    : type=1400 audit(0.0:92): avc:  denied  { read } for  name="u:object_r:build_attestation_prop:s0" dev="tmpfs" ino=86 scontext=u:r:shell:s0 tcontext=u:object_r:build_attestation_prop:s0 tclass=file permissive=0
06-24 07:10:03.155   518   590 D AccessibilityManagerService: changeCurrentUserForTestAutomationIfNeededLocked(0): ignoring because device doesn't support visible background users
06-24 07:10:03.155   518   590 I UiAutomationManager: Registering UiTestAutomationService (id=com.android.server.accessibility/UiAutomation) when called by user 0
06-24 07:10:03.156   518   590 W WindowMagnificationMgr: requestConnection duplicated request: connect=false, mConnectionState=DISCONNECTED
06-24 07:10:03.156   518   518 D BatterySaverPolicy: accessibility changed to true, updating policy.
06-24 07:10:03.158  1759  2333 I A       : NGA disabled since it's running Panthera and at least one a11y feature is on.
06-24 07:10:03.158  1759  2333 I A       : Nga state changed to NgaStateDetails{state=DISABLED, isSpecialExperience=false}
06-24 07:10:03.158  1629  1670 I AiAiEcho: Settings changed for uri: content://settings/secure/accessibility_enabled
06-24 07:10:03.158  1629  1694 I AiAiEcho: Predicting[0]: 
06-24 07:10:03.158  1629  1694 I AiAiEcho: EchoTargets: 
06-24 07:10:03.158  1629  1694 I AiAiEcho: Filtered by AiAi flag check: 
06-24 07:10:03.158  1629  1694 I AiAiEcho: Ranked targets strategy: SORT, count: 0, ranking metadata: 
06-24 07:10:03.159  1629  1694 I AiAiEcho: Predicting[0]: 
06-24 07:10:03.159  1629  1694 I AiAiEcho: EchoTargets: 
06-24 07:10:03.159  1629  1694 I AiAiEcho: Filtered by AiAi flag check: 
06-24 07:10:03.159  1629  1694 I AiAiEcho: Ranked targets strategy: SORT, count: 0, ranking metadata: 
06-24 07:10:03.159  1664  8231 I A       : APA or Classic session decision: SessionDecision(sessionVariance=CLASSIC, platformVariance=CLASSIC, justification=CURRENT_PLATFORM_VARIANCE).
06-24 07:10:03.159  1664  8231 I A       : [Memory] eligibility: StashEligibility{4}
06-24 07:10:03.159  1629  1694 I AiAiEcho: #postPredictionTargets: Sending updates to UISurface lockscreen with targets# 0 (types=[])
06-24 07:10:03.159  1629  1694 I AiAiEcho: #postPredictionTargets: Sending updates to UISurface home with targets# 0 (types=[])
06-24 07:10:03.159  1664  2396 I A       : Unsubscribed to apa or classic variant change.
06-24 07:10:03.143  8810  8810 W main    : type=1400 audit(0.0:93): avc:  denied  { read } for  name="u:object_r:build_attestation_prop:s0" dev="tmpfs" ino=86 scontext=u:r:shell:s0 tcontext=u:object_r:build_attestation_prop:s0 tclass=file permissive=0
06-24 07:10:03.163  8810  8824 V UiAutomation: Init UiAutomation@f9e445a[id=13, displayId=0, flags=0]
06-24 07:10:03.164   834   834 W PageIndicator: Total number of pages invalid: 0. Assuming 1 page.
06-24 07:10:03.164   518   897 W WindowMagnificationMgr: requestConnection duplicated request: connect=false, mConnectionState=DISCONNECTED
06-24 07:10:03.164  1629  1670 I AiAiEcho: Settings changed for uri: content://settings/secure/accessibility_enabled
06-24 07:10:03.165  1629  1694 I AiAiEcho: Predicting[0]: 
06-24 07:10:03.165  1629  1694 I AiAiEcho: EchoTargets: 
06-24 07:10:03.165  1629  1694 I AiAiEcho: Filtered by AiAi flag check: 
06-24 07:10:03.165  1629  1694 I AiAiEcho: Ranked targets strategy: SORT, count: 0, ranking metadata: 
06-24 07:10:03.165  1629  1694 I AiAiEcho: Predicting[0]: 
06-24 07:10:03.165  1629  1694 I AiAiEcho: EchoTargets: 
06-24 07:10:03.165  1629  1694 I AiAiEcho: Filtered by AiAi flag check: 
06-24 07:10:03.165  1629  1694 I AiAiEcho: Ranked targets strategy: SORT, count: 0, ranking metadata: 
06-24 07:10:03.165  1629  1694 I AiAiEcho: #postPredictionTargets: Sending updates to UISurface lockscreen with targets# 0 (types=[])
06-24 07:10:03.165   834   834 W PageIndicator: Total number of pages invalid: 0. Assuming 1 page.
06-24 07:10:03.165  1629  1694 I AiAiEcho: #postPredictionTargets: Sending updates to UISurface home with targets# 0 (types=[])
06-24 07:10:03.166   518  2401 D SafetySourceDataValidator: No cert check requested for package com.google.android.permissioncontroller
06-24 07:10:03.306   518   610 I RoleService: Granting default roles...
06-24 07:10:03.311   836  8753 E RoleControllerServiceImpl: Default/fallback role holder package doesn't qualify for the role, package: com.google.android.gms.supervision, role: android.app.role.SYSTEM_SUPERVISION
06-24 07:10:03.312   836  8753 I Role    : com.google.android.gms not qualified for android.app.role.SYSTEM_CALL_STREAMING due to missing RequiredComponent{mIntentFilterData=IntentFilterData{mAction='android.telecom.CallStreamingService', mCategories='[]', mDataScheme='null', mDataType='null'}, mMinTargetSdkVersion=1, mFlags='0', mPermission='android.permission.BIND_CALL_STREAMING_SERVICE', mQueryFlags=0, mMetaData=[]}
06-24 07:10:03.312   836  8753 E RoleControllerServiceImpl: Default/fallback role holder package doesn't qualify for the role, package: com.google.android.gms, role: android.app.role.SYSTEM_CALL_STREAMING
06-24 07:10:03.312   836  8753 W Role    : Default holder doesn't have required signing certificate: com.google.android.apps.work.clouddpc:23962F4B43B9857638EA66F4D419518EAE282491ACDA4B94707BD59003C45E58
06-24 07:10:03.590     0     0 W healthd : battery l=100 v=5000 t=25.0 h=2 st=2 c=900000 fc=3000000 cc=10 chg=a
06-24 07:10:04.085   834   834 D StatusBarIconController: ignoring old pipeline callbacks, because the new mobile icons are enabled
06-24 07:10:04.167  8810  8810 I AccessibilityNodeInfoDumper: Skipping invisible child: android.view.accessibility.AccessibilityNodeInfo@128e7; boundsInParent: Rect(0, 0 - 320, 0); boundsInScreen: Rect(0, 0 - 320, 0); boundsInWindow: Rect(0, 0 - 320, 0); packageName: com.hanapkalinga.mobile; className: android.widget.LinearLayout; text: null; error: null; maxTextLength: -1; stateDescription: null; contentDescription: null; tooltipText: null; containerTitle: null; viewIdResName: null; uniqueId: null; checkable: false; checked: false; focusable: false; focused: false; selected: false; clickable: false; longClickable: false; contextClickable: false; enabled: true; password: false; scrollable: false; importantForAccessibility: false; visible: false; actions: [AccessibilityAction: ACTION_SELECT - null, AccessibilityAction: ACTION_CLEAR_SELECTION - null, AccessibilityAction: ACTION_ACCESSIBILITY_FOCUS - null, AccessibilityAction: ACTION_SHOW_ON_SCREEN - null]; isTextSelectable: false
06-24 07:10:04.167  8810  8810 I AccessibilityNodeInfoDumper: Skipping invisible child: android.view.accessibility.AccessibilityNodeInfo@12526; boundsInParent: Rect(0, 0 - 320, 0); boundsInScreen: Rect(0, 0 - 320, 0); boundsInWindow: Rect(0, 0 - 320, 0); packageName: com.hanapkalinga.mobile; className: android.view.ViewGroup; text: null; error: null; maxTextLength: -1; stateDescription: null; contentDescription: null; tooltipText: null; containerTitle: null; viewIdResName: null; uniqueId: null; checkable: false; checked: false; focusable: false; focused: false; selected: false; clickable: false; longClickable: false; contextClickable: false; enabled: true; password: false; scrollable: false; importantForAccessibility: false; visible: false; actions: [AccessibilityAction: ACTION_SELECT - null, AccessibilityAction: ACTION_CLEAR_SELECTION - null, AccessibilityAction: ACTION_ACCESSIBILITY_FOCUS - null, AccessibilityAction: ACTION_SHOW_ON_SCREEN - null]; isTextSelectable: false
06-24 07:10:04.167  8810  8810 I AccessibilityNodeInfoDumper: Skipping invisible child: android.view.accessibility.AccessibilityNodeInfo@1a4c8; boundsInParent: Rect(0, 0 - 320, 0); boundsInScreen: Rect(0, 0 - 320, 0); boundsInWindow: Rect(0, 0 - 320, 0); packageName: com.hanapkalinga.mobile; className: android.widget.LinearLayout; text: null; error: null; maxTextLength: -1; stateDescription: null; contentDescription: null; tooltipText: null; containerTitle: null; viewIdResName: null; uniqueId: null; checkable: false; checked: false; focusable: false; focused: false; selected: false; clickable: false; longClickable: false; contextClickable: false; enabled: true; password: false; scrollable: false; importantForAccessibility: false; visible: false; actions: [AccessibilityAction: ACTION_SELECT - null, AccessibilityAction: ACTION_CLEAR_SELECTION - null, AccessibilityAction: ACTION_ACCESSIBILITY_FOCUS - null, AccessibilityAction: ACTION_SHOW_ON_SCREEN - null]; isTextSelectable: false
06-24 07:10:04.167  8810  8810 I AccessibilityNodeInfoDumper: Skipping invisible child: android.view.accessibility.AccessibilityNodeInfo@1a107; boundsInParent: Rect(0, 0 - 320, 0); boundsInScreen: Rect(0, 0 - 320, 0); boundsInWindow: Rect(0, 0 - 320, 0); packageName: com.hanapkalinga.mobile; className: android.view.ViewGroup; text: null; error: null; maxTextLength: -1; stateDescription: null; contentDescription: null; tooltipText: null; containerTitle: null; viewIdResName: null; uniqueId: null; checkable: false; checked: false; focusable: false; focused: false; selected: false; clickable: false; longClickable: false; contextClickable: false; enabled: true; password: false; scrollable: false; importantForAccessibility: false; visible: false; actions: [AccessibilityAction: ACTION_SELECT - null, AccessibilityAction: ACTION_CLEAR_SELECTION - null, AccessibilityAction: ACTION_ACCESSIBILITY_FOCUS - null, AccessibilityAction: ACTION_SHOW_ON_SCREEN - null]; isTextSelectable: false
06-24 07:10:04.169  8810  8810 I AccessibilityNodeInfoDumper: Skipping invisible child: android.view.accessibility.AccessibilityNodeInfo@182ff; boundsInParent: Rect(0, 0 - 1, 1); boundsInScreen: Rect(20, 293 - 21, 294); boundsInWindow: Rect(20, 293 - 21, 294); packageName: com.hanapkalinga.mobile; className: android.view.ViewGroup; text: null; error: null; maxTextLength: -1; stateDescription: null; contentDescription: null; tooltipText: null; containerTitle: null; viewIdResName: login_captcha_ready; uniqueId: null; checkable: false; checked: false; focusable: false; focused: false; selected: false; clickable: false; longClickable: false; contextClickable: false; enabled: true; password: false; scrollable: false; importantForAccessibility: true; visible: false; actions: [AccessibilityAction: ACTION_SELECT - null, AccessibilityAction: ACTION_CLEAR_SELECTION - null, AccessibilityAction: ACTION_ACCESSIBILITY_FOCUS - null, AccessibilityAction: ACTION_SHOW_ON_SCREEN - null]; isTextSelectable: false
06-24 07:10:04.171  8810  8810 W AccessibilityNodeInfoDumper: Fetch time: 7ms
06-24 07:10:04.172  1629  1670 I AiAiEcho: Settings changed for uri: content://settings/secure/accessibility_enabled
06-24 07:10:04.172   518   897 W WindowMagnificationMgr: requestConnection duplicated request: connect=false, mConnectionState=DISCONNECTED
06-24 07:10:04.172   518   897 D AccessibilityManagerService: restoreCurrentUserForTestAutomationIfNeededLocked(): ignoring because device doesn't support visible background users
06-24 07:10:04.173  1629  1694 I AiAiEcho: Predicting[0]: 
06-24 07:10:04.173  1629  1694 I AiAiEcho: EchoTargets: 
06-24 07:10:04.173  1629  1694 I AiAiEcho: Filtered by AiAi flag check: 
06-24 07:10:04.173  1629  1694 I AiAiEcho: Ranked targets strategy: SORT, count: 0, ranking metadata: 
06-24 07:10:04.173  1629  1694 I AiAiEcho: Predicting[0]: 
06-24 07:10:04.173  1629  1694 I AiAiEcho: EchoTargets: 
06-24 07:10:04.173  1629  1694 I AiAiEcho: Filtered by AiAi flag check: 
06-24 07:10:04.173  1629  1694 I AiAiEcho: Ranked targets strategy: SORT, count: 0, ranking metadata: 
06-24 07:10:04.173  1629  1694 I AiAiEcho: #postPredictionTargets: Sending updates to UISurface lockscreen with targets# 0 (types=[])
06-24 07:10:04.173  1629  1694 I AiAiEcho: #postPredictionTargets: Sending updates to UISurface home with targets# 0 (types=[])
06-24 07:10:04.175   834   834 W PageIndicator: Total number of pages invalid: 0. Assuming 1 page.
06-24 07:10:04.176   518   518 D BatterySaverPolicy: accessibility changed to false, updating policy.
06-24 07:10:04.177  1759  2314 I A       : NGA enabled in interactor.
06-24 07:10:04.177  1759  2314 I A       : Nga state changed to NgaStateDetails{state=ENABLED, isSpecialExperience=false}
06-24 07:10:04.178  1664  2897 I A       : Initializing all components
06-24 07:10:04.178  1664  2897 I A       : APA or Classic session decision: SessionDecision(sessionVariance=CLASSIC, platformVariance=CLASSIC, justification=CURRENT_PLATFORM_VARIANCE).
06-24 07:10:04.178  1664  2897 I A       : [Memory] eligibility: StashEligibility{6}
06-24 07:10:04.178  1664  2369 I A       : onIsEnabledChanged, isEnabled: false
06-24 07:10:04.178  1664  2369 W A       : Disposing empty manager. Did you forgot to subscribe observables?
06-24 07:10:04.178  1664  2369 W A       : Disposing empty manager. Did you forgot to subscribe observables?
06-24 07:10:04.178  8810  8810 D AndroidRuntime: Shutting down VM
06-24 07:10:04.179  1664  2369 W A       : Disposing empty manager. Did you forgot to subscribe observables?
06-24 07:10:04.179  1664  2369 W A       : Disposing empty manager. Did you forgot to subscribe observables?
06-24 07:10:04.179  1664  2369 W A       : Disposing empty manager. Did you forgot to subscribe observables?
06-24 07:10:04.179  1664  2369 W A       : Disposing empty manager. Did you forgot to subscribe observables?
06-24 07:10:04.179  1664  2369 W A       : Disposing empty manager. Did you forgot to subscribe observables?
06-24 07:10:04.179  1664  2369 W A       : Disposing empty manager. Did you forgot to subscribe observables?
06-24 07:10:04.180  1664  2369 W A       : Disposing empty manager. Did you forgot to subscribe observables?
06-24 07:10:04.180  1664  2369 W A       : Disposing empty manager. Did you forgot to subscribe observables?
06-24 07:10:04.180  1664  2369 I A       : onOpaVisibilityChanged: false
06-24 07:10:04.180  1664  2369 W A       : Disposing empty manager. Did you forgot to subscribe observables?
06-24 07:10:04.180  1664  2369 W A       : Disposing empty manager. Did you forgot to subscribe observables?
06-24 07:10:04.180  1664  2369 W A       : Disposing empty manager. Did you forgot to subscribe observables?
06-24 07:10:04.180  1664  2369 W A       : Disposing empty manager. Did you forgot to subscribe observables?
06-24 07:10:04.180  1664  2369 W A       : Disposing empty manager. Did you forgot to subscribe observables?
06-24 07:10:04.180  1664  2369 W A       : Disposing empty manager. Did you forgot to subscribe observables?
06-24 07:10:04.180  1664  2369 I A       : Setting session to type: NO_SESSION
06-24 07:10:04.180  1664  2369 W A       : Disposing empty manager. Did you forgot to subscribe observables?
06-24 07:10:04.180  1664  2369 W A       : Disposing empty manager. Did you forgot to subscribe observables?
06-24 07:10:04.180  1664  2369 W A       : Disposing empty manager. Did you forgot to subscribe observables?
06-24 07:10:04.180  1664  2369 W A       : Disposing empty manager. Did you forgot to subscribe observables?
06-24 07:10:04.181  1664  2369 W A       : Disposing empty manager. Did you forgot to subscribe observables?
06-24 07:10:04.181  1664  2369 W A       : Disposing empty manager. Did you forgot to subscribe observables?
06-24 07:10:04.181  1664  2369 W A       : Disposing empty manager. Did you forgot to subscribe observables?
06-24 07:10:04.181  1664  2369 W A       : Disposing empty manager. Did you forgot to subscribe observables?
06-24 07:10:04.181  1664  2369 I A       : setNavBarVisible: GestureNavBarVisible{navbarVisible=true}
06-24 07:10:04.181  1664  2369 W A       : Disposing empty manager. Did you forgot to subscribe observables?
06-24 07:10:04.181  1664  2369 W A       : Disposing empty manager. Did you forgot to subscribe observables?
06-24 07:10:04.181  1664  2369 W A       : Disposing empty manager. Did you forgot to subscribe observables?
06-24 07:10:04.181  1664  2369 W A       : Disposing empty manager. Did you forgot to subscribe observables?
06-24 07:10:04.181  1664  2396 I A       : State changed: IDLE => IDLE by NGA_STATE_CHANGED and N/A with Optional.empty
06-24 07:10:04.181  1664  2396 I A       : Recognizer choice: (recognizer_type: 1, recognizer_mode: 1, choice_reason: 4)
06-24 07:10:04.181  1664  2396 I A       : onActiveStateChangeEvent: IDLE => IDLE
06-24 07:10:04.181  1664  2396 I A       : #onActiveStateChangeEvent, newState: IDLE, previousState: IDLE.
06-24 07:10:04.182  1664  2369 W A       : Disposing empty manager. Did you forgot to subscribe observables?
06-24 07:10:04.182  1664  2369 W A       : Disposing empty manager. Did you forgot to subscribe observables?
06-24 07:10:04.182  1664  2369 I A       : onDisabled. Registered: false
06-24 07:10:04.183  1664  2369 I A       : Initialize
06-24 07:10:04.183  1664  2369 I A       : stopListening(NGA_PAUSED_UNKNOWN_REASON, NGA_CREATE), idleOverride=NOT_LISTENING
06-24 07:10:04.186  1664  2369 I NgaEntryPointEventSendr: setupConnection
06-24 07:10:04.187  1664  2396 I A       : on opa visibility changed false
06-24 07:10:04.187  1664  2396 I A       : on opa visibility changed false
06-24 07:10:04.192  1759  1759 I A       : Creating pss binder().
06-24 07:10:04.192  1664  2369 I NgaEntryPointEventSendr: State changed: Disconnected => Connecting
06-24 07:10:04.193  1664  2369 I NgaEntryPointEventSendr: onServiceConnected
06-24 07:10:04.193  1664  2396 I A       : Successfully initialized all components
06-24 07:10:04.193  1759  5087 I A       : Calling beginBinderSession().
06-24 07:10:04.193  1759  5087 I A       : beginBinderSession(): calling binder
06-24 07:10:04.194  1664  2369 I NgaEntryPointEventSendr: State changed: Connecting => Ready
06-24 07:10:04.196   518  2401 W ActivityManager: Unable to start service Intent { cmp=com.google.android.apps.tachyon/.clientapi.ClientApiService } U=0: not found
06-24 07:10:04.200  1759  2910 I PBSessionCacheImpl: Deleted sessionId[7737946097565398] from persistence.
06-24 07:10:04.200  1759  2834 W A       : UiCallbackStub-onGenericEvent[ServiceEvent = 60] task was not run. Callback from Service received after client was disposed.
06-24 07:10:04.201  1664  2369 I NgaEntryPointEventSendr: State changed: Ready => Disconnected (onOpaDisconnected)
06-24 07:10:04.202  1759  2834 W SearchServiceCore: Abort, client detached.
06-24 07:10:04.462  8725  8733 I AidlLazyServiceRegistrar: Process has 0 (of 1 available) client(s) in use after notification artd has clients: 0
06-24 07:10:04.462  8725  8733 I AidlLazyServiceRegistrar: Trying to shut down the service. No clients in use for any service in process.
06-24 07:10:04.464  8725  8733 I AidlLazyServiceRegistrar: Unregistered all clients and exiting
06-24 07:10:04.645     0     0 I servicemanager: Notifying artd they don't (previously: do) have clients when we now have no record of a client
06-24 07:10:04.647     0     0 I servicemanager: Unregistering artd
06-24 07:10:04.648     0     0 I BpBinder: onLastStrongRef automatically unlinking death recipients:
06-24 07:10:04.651     0     0 I init    : Service 'artd' (pid 8725) exited with status 0 oneshot service took 2.312000 seconds in background
06-24 07:10:04.652     0     0 I init    : Sending signal 9 to service 'artd' (pid 8725) process group...
06-24 07:10:04.654     0     0 I libprocessgroup: Successfully killed process cgroup uid 1082 pid 8725 in 0ms
06-24 07:10:04.506  8567  8586 D EGL_emulation: app_time_stats: avg=499.70ms min=499.32ms max=500.18ms count=3
