06-25 11:59:58.262  5306  5869 I Maestro : Skipping invisible child: android.view.accessibility.AccessibilityNodeInfo@124c1; boundsInParent: Rect(0, 0 - 320, 0); boundsInScreen: Rect(0, 0 - 320, 0); boundsInWindow: Rect(0, 0 - 320, 0); packageName: com.hanapkalinga.mobile; className: android.view.ViewGroup; text: null; error: null; maxTextLength: -1; stateDescription: null; contentDescription: null; tooltipText: null; containerTitle: null; viewIdResName: null; uniqueId: null; checkable: false; checked: false; focusable: false; focused: false; selected: false; clickable: false; longClickable: false; contextClickable: false; enabled: true; password: false; scrollable: false; importantForAccessibility: false; visible: false; actions: [AccessibilityAction: ACTION_SELECT - null, AccessibilityAction: ACTION_CLEAR_SELECTION - null, AccessibilityAction: ACTION_ACCESSIBILITY_FOCUS - null, AccessibilityAction: ACTION_SHOW_ON_SCREEN - null]; isTextSelectable: false
06-25 11:59:58.262  5306  5869 I Maestro : Skipping invisible child: android.view.accessibility.AccessibilityNodeInfo@1919e; boundsInParent: Rect(0, 0 - 320, 0); boundsInScreen: Rect(0, 0 - 320, 0); boundsInWindow: Rect(0, 0 - 320, 0); packageName: com.hanapkalinga.mobile; className: android.widget.LinearLayout; text: null; error: null; maxTextLength: -1; stateDescription: null; contentDescription: null; tooltipText: null; containerTitle: null; viewIdResName: null; uniqueId: null; checkable: false; checked: false; focusable: false; focused: false; selected: false; clickable: false; longClickable: false; contextClickable: false; enabled: true; password: false; scrollable: false; importantForAccessibility: false; visible: false; actions: [AccessibilityAction: ACTION_SELECT - null, AccessibilityAction: ACTION_CLEAR_SELECTION - null, AccessibilityAction: ACTION_ACCESSIBILITY_FOCUS - null, AccessibilityAction: ACTION_SHOW_ON_SCREEN - null]; isTextSelectable: false
06-25 11:59:58.262  5306  5869 I Maestro : Skipping invisible child: android.view.accessibility.AccessibilityNodeInfo@18ddd; boundsInParent: Rect(0, 0 - 320, 0); boundsInScreen: Rect(0, 0 - 320, 0); boundsInWindow: Rect(0, 0 - 320, 0); packageName: com.hanapkalinga.mobile; className: android.view.ViewGroup; text: null; error: null; maxTextLength: -1; stateDescription: null; contentDescription: null; tooltipText: null; containerTitle: null; viewIdResName: null; uniqueId: null; checkable: false; checked: false; focusable: false; focused: false; selected: false; clickable: false; longClickable: false; contextClickable: false; enabled: true; password: false; scrollable: false; importantForAccessibility: false; visible: false; actions: [AccessibilityAction: ACTION_SELECT - null, AccessibilityAction: ACTION_CLEAR_SELECTION - null, AccessibilityAction: ACTION_ACCESSIBILITY_FOCUS - null, AccessibilityAction: ACTION_SHOW_ON_SCREEN - null]; isTextSelectable: false
06-25 11:59:58.269  6126  6362 D cevx    : Starting download: https://www.gstatic.com/messages/smarts/scripted_reply/regex_patterns.pb_1623954250394
06-25 11:59:58.269  6126  6362 V cevx    : Is http uri, downloading (uri: https://www.gstatic.com/messages/smarts/scripted_reply/regex_patterns.pb_1623954250394)
06-25 11:59:58.271  5306  5869 D Maestro : View hierarchy received in 18 ms
06-25 11:59:58.277  6126  6362 E MDD     : DownloadProgressMonitor: Can't find file group for uri: android://com.google.android.apps.messaging/files/datadownload/shared/public/datadownloadfile_1782388780814
06-25 11:59:58.278  6126  6558 D cevx    : Starting download: https://www.gstatic.com/messages/smarts/scripted_reply/ScriptedReply_android.far_1674236595521
06-25 11:59:58.278  6126  6558 V cevx    : Is http uri, downloading (uri: https://www.gstatic.com/messages/smarts/scripted_reply/ScriptedReply_android.far_1674236595521)
06-25 11:59:58.285  6126  6558 E MDD     : DownloadProgressMonitor: Can't find file group for uri: android://com.google.android.apps.messaging/files/datadownload/shared/public/datadownloadfile_1782388780815
06-25 11:59:58.289  6126  6362 D cevx    : Starting download: https://www.gstatic.com/messages/smarts/scripted_reply/pumpkin_model_config_scripted_reply_2020021300.pb_1581713444820
06-25 11:59:58.289  6126  6362 V cevx    : Is http uri, downloading (uri: https://www.gstatic.com/messages/smarts/scripted_reply/pumpkin_model_config_scripted_reply_2020021300.pb_1581713444820)
06-25 11:59:58.295  6126  6362 E MDD     : DownloadProgressMonitor: Can't find file group for uri: android://com.google.android.apps.messaging/files/datadownload/shared/public/datadownloadfile_1782388780816
06-25 11:59:58.297  6126  6558 D cevx    : Starting download: https://www.gstatic.com/messages/smarts/scripted_reply/scripted_reply_templates.pb_1594412191210
06-25 11:59:58.297  6126  6558 V cevx    : Is http uri, downloading (uri: https://www.gstatic.com/messages/smarts/scripted_reply/scripted_reply_templates.pb_1594412191210)
06-25 11:59:58.302  6126  6558 E MDD     : DownloadProgressMonitor: Can't find file group for uri: android://com.google.android.apps.messaging/files/datadownload/shared/public/datadownloadfile_1782388780817
06-25 11:59:58.327  5306  5869 D Maestro : Requesting view hierarchy
06-25 11:59:58.327  5306  5869 W QueryController: Could not detect idle state.
06-25 11:59:58.328  5306  5869 W QueryController: Could not detect idle state.
06-25 11:59:58.339  5306  5869 I Maestro : Skipping invisible child: android.view.accessibility.AccessibilityNodeInfo@12882; boundsInParent: Rect(0, 0 - 320, 0); boundsInScreen: Rect(0, 0 - 320, 0); boundsInWindow: Rect(0, 0 - 320, 0); packageName: com.hanapkalinga.mobile; className: android.widget.LinearLayout; text: null; error: null; maxTextLength: -1; stateDescription: null; contentDescription: null; tooltipText: null; containerTitle: null; viewIdResName: null; uniqueId: null; checkable: false; checked: false; focusable: false; focused: false; selected: false; clickable: false; longClickable: false; contextClickable: false; enabled: true; password: false; scrollable: false; importantForAccessibility: false; visible: false; actions: [AccessibilityAction: ACTION_SELECT - null, AccessibilityAction: ACTION_CLEAR_SELECTION - null, AccessibilityAction: ACTION_ACCESSIBILITY_FOCUS - null, AccessibilityAction: ACTION_SHOW_ON_SCREEN - null]; isTextSelectable: false
06-25 11:59:58.339  5306  5869 I Maestro : Skipping invisible child: android.view.accessibility.AccessibilityNodeInfo@124c1; boundsInParent: Rect(0, 0 - 320, 0); boundsInScreen: Rect(0, 0 - 320, 0); boundsInWindow: Rect(0, 0 - 320, 0); packageName: com.hanapkalinga.mobile; className: android.view.ViewGroup; text: null; error: null; maxTextLength: -1; stateDescription: null; contentDescription: null; tooltipText: null; containerTitle: null; viewIdResName: null; uniqueId: null; checkable: false; checked: false; focusable: false; focused: false; selected: false; clickable: false; longClickable: false; contextClickable: false; enabled: true; password: false; scrollable: false; importantForAccessibility: false; visible: false; actions: [AccessibilityAction: ACTION_SELECT - null, AccessibilityAction: ACTION_CLEAR_SELECTION - null, AccessibilityAction: ACTION_ACCESSIBILITY_FOCUS - null, AccessibilityAction: ACTION_SHOW_ON_SCREEN - null]; isTextSelectable: false
06-25 11:59:58.340  5306  5869 I Maestro : Skipping invisible child: android.view.accessibility.AccessibilityNodeInfo@1919e; boundsInParent: Rect(0, 0 - 320, 0); boundsInScreen: Rect(0, 0 - 320, 0); boundsInWindow: Rect(0, 0 - 320, 0); packageName: com.hanapkalinga.mobile; className: android.widget.LinearLayout; text: null; error: null; maxTextLength: -1; stateDescription: null; contentDescription: null; tooltipText: null; containerTitle: null; viewIdResName: null; uniqueId: null; checkable: false; checked: false; focusable: false; focused: false; selected: false; clickable: false; longClickable: false; contextClickable: false; enabled: true; password: false; scrollable: false; importantForAccessibility: false; visible: false; actions: [AccessibilityAction: ACTION_SELECT - null, AccessibilityAction: ACTION_CLEAR_SELECTION - null, AccessibilityAction: ACTION_ACCESSIBILITY_FOCUS - null, AccessibilityAction: ACTION_SHOW_ON_SCREEN - null]; isTextSelectable: false
06-25 11:59:58.340  5306  5869 I Maestro : Skipping invisible child: android.view.accessibility.AccessibilityNodeInfo@18ddd; boundsInParent: Rect(0, 0 - 320, 0); boundsInScreen: Rect(0, 0 - 320, 0); boundsInWindow: Rect(0, 0 - 320, 0); packageName: com.hanapkalinga.mobile; className: android.view.ViewGroup; text: null; error: null; maxTextLength: -1; stateDescription: null; contentDescription: null; tooltipText: null; containerTitle: null; viewIdResName: null; uniqueId: null; checkable: false; checked: false; focusable: false; focused: false; selected: false; clickable: false; longClickable: false; contextClickable: false; enabled: true; password: false; scrollable: false; importantForAccessibility: false; visible: false; actions: [AccessibilityAction: ACTION_SELECT - null, AccessibilityAction: ACTION_CLEAR_SELECTION - null, AccessibilityAction: ACTION_ACCESSIBILITY_FOCUS - null, AccessibilityAction: ACTION_SHOW_ON_SCREEN - null]; isTextSelectable: false
06-25 11:59:58.361  6126  6330 E PhFileGroupPop: Failed to add file group 
06-25 11:59:58.362  6126  6330 E PhFileGroupPop: Failed to add file group 
06-25 11:59:58.362  6126  6330 E PhFileGroupPop: Failed to add file group 
06-25 11:59:58.362  6126  6330 E PhFileGroupPop: Failed to add file group 
06-25 11:59:58.362  6126  6330 E PhFileGroupPop: Failed to add file group 
06-25 11:59:58.362  6126  6330 E PhFileGroupPop: Failed to add file group 
06-25 11:59:58.362  6126  6330 E PhFileGroupPop: Failed to add file group 
06-25 11:59:58.362  6126  6330 E PhFileGroupPop: Failed to add file group 
06-25 11:59:58.362  6126  6330 E PhFileGroupPop: Failed to add file group 
06-25 11:59:58.362  6126  6330 E PhFileGroupPop: Failed to add file group 
06-25 11:59:58.363  6126  6330 E PhFileGroupPop: Failed to add file group 
06-25 11:59:58.363  6126  6330 E PhFileGroupPop: Failed to add file group 
06-25 11:59:58.363  6126  6330 E PhFileGroupPop: Failed to add file group 
06-25 11:59:58.363  6126  6330 E PhFileGroupPop: Failed to add file group 
06-25 11:59:58.363  6126  6330 E PhFileGroupPop: Failed to add file group 
06-25 11:59:58.365  6126  6330 E ctbc    : RuntimeException while executing runnable ctdz{cnpz@3b11efc} with executor MoreExecutors.directExecutor()
06-25 11:59:58.365  6126  6330 E ctbc    : java.lang.NullPointerException: Attempt to read from field 'java.lang.String cayk.b' on a null object reference in method 'void ccdw.b(java.lang.Object)'
06-25 11:59:58.365  6126  6330 E ctbc    : 	at ccdw.b(PG:2)
06-25 11:59:58.365  6126  6330 E ctbc    : 	at cnpz.b(PG:3)
06-25 11:59:58.365  6126  6330 E ctbc    : 	at ctdz.run(PG:6)
06-25 11:59:58.365  6126  6330 E ctbc    : 	at ctdd.execute(PG:1)
06-25 11:59:58.365  6126  6330 E ctbc    : 	at ctbc.o(PG:1)
06-25 11:59:58.365  6126  6330 E ctbc    : 	at ctbc.b(PG:5)
06-25 11:59:58.365  6126  6330 E ctbc    : 	at cteg.r(PG:2)
06-25 11:59:58.365  6126  6330 E ctbc    : 	at cnsl.k(PG:1)
06-25 11:59:58.365  6126  6330 E ctbc    : 	at ccdy.a(PG:15)
06-25 11:59:58.365  6126  6330 E ctbc    : 	at atyv.a(PG:2)
06-25 11:59:58.365  6126  6330 E ctbc    : 	at cbeo.o(PG:3)
06-25 11:59:58.365  6126  6330 E ctbc    : 	at cbeb.a(PG:1)
06-25 11:59:58.365  6126  6330 E ctbc    : 	at cnpq.a(PG:3)
06-25 11:59:58.365  6126  6330 E ctbc    : 	at ctbg.d(PG:2)
06-25 11:59:58.365  6126  6330 E ctbc    : 	at ctbi.run(PG:9)
06-25 11:59:58.365  6126  6330 E ctbc    : 	at ctfm.run(PG:4)
06-25 11:59:58.365  6126  6330 E ctbc    : 	at bxfd.run(PG:1)
06-25 11:59:58.365  6126  6330 E ctbc    : 	at java.util.concurrent.ThreadPoolExecutor.runWorker(ThreadPoolExecutor.java:1145)
06-25 11:59:58.365  6126  6330 E ctbc    : 	at java.util.concurrent.ThreadPoolExecutor$Worker.run(ThreadPoolExecutor.java:644)
06-25 11:59:58.365  6126  6330 E ctbc    : 	at bxef.run(PG:2)
06-25 11:59:58.365  6126  6330 E ctbc    : 	at java.lang.Thread.run(Thread.java:1012)
06-25 11:59:58.365  6126  6330 E ctbc    : 	at bxfj.run(PG:5)
06-25 11:59:58.365  6126  6330 E ctbc    : RuntimeException while executing runnable ctdz{cnpz@79d63da} with executor MoreExecutors.directExecutor()
06-25 11:59:58.365  6126  6330 E ctbc    : java.lang.NullPointerException: Attempt to read from field 'java.lang.String cayk.b' on a null object reference in method 'void ccdw.b(java.lang.Object)'
06-25 11:59:58.365  6126  6330 E ctbc    : 	at ccdw.b(PG:2)
06-25 11:59:58.365  6126  6330 E ctbc    : 	at cnpz.b(PG:3)
06-25 11:59:58.365  6126  6330 E ctbc    : 	at ctdz.run(PG:6)
06-25 11:59:58.365  6126  6330 E ctbc    : 	at ctdd.execute(PG:1)
06-25 11:59:58.365  6126  6330 E ctbc    : 	at ctbc.o(PG:1)
06-25 11:59:58.365  6126  6330 E ctbc    : 	at ctbc.b(PG:5)
06-25 11:59:58.365  6126  6330 E ctbc    : 	at cteg.r(PG:2)
06-25 11:59:58.365  6126  6330 E ctbc    : 	at cnsl.k(PG:1)
06-25 11:59:58.365  6126  6330 E ctbc    : 	at ccdy.a(PG:15)
06-25 11:59:58.365  6126  6330 E ctbc    : 	at atyv.a(PG:2)
06-25 11:59:58.365  6126  6330 E ctbc    : 	at cbeo.o(PG:3)
06-25 11:59:58.365  6126  6330 E ctbc    : 	at cbeb.a(PG:1)
06-25 11:59:58.365  6126  6330 E ctbc    : 	at cnpq.a(PG:3)
06-25 11:59:58.365  6126  6330 E ctbc    : 	at ctbg.d(PG:2)
06-25 11:59:58.365  6126  6330 E ctbc    : 	at ctbi.run(PG:9)
06-25 11:59:58.365  6126  6330 E ctbc    : 	at ctfm.run(PG:4)
06-25 11:59:58.365  6126  6330 E ctbc    : 	at bxfd.run(PG:1)
06-25 11:59:58.365  6126  6330 E ctbc    : 	at java.util.concurrent.ThreadPoolExecutor.runWorker(ThreadPoolExecutor.java:1145)
06-25 11:59:58.365  6126  6330 E ctbc    : 	at java.util.concurrent.ThreadPoolExecutor$Worker.run(ThreadPoolExecutor.java:644)
06-25 11:59:58.365  6126  6330 E ctbc    : 	at bxef.run(PG:2)
06-25 11:59:58.365  6126  6330 E ctbc    : 	at java.lang.Thread.run(Thread.java:1012)
06-25 11:59:58.365  6126  6330 E ctbc    : 	at bxfj.run(PG:5)
06-25 11:59:58.365  6126  6330 E ctbc    : RuntimeException while executing runnable ctdz{cnpz@56f2ee8} with executor MoreExecutors.directExecutor()
06-25 11:59:58.365  6126  6330 E ctbc    : java.lang.NullPointerException: Attempt to read from field 'java.lang.String cayk.b' on a null object reference in method 'void ccdw.b(java.lang.Object)'
06-25 11:59:58.365  6126  6330 E ctbc    : 	at ccdw.b(PG:2)
06-25 11:59:58.365  6126  6330 E ctbc    : 	at cnpz.b(PG:3)
06-25 11:59:58.365  6126  6330 E ctbc    : 	at ctdz.run(PG:6)
06-25 11:59:58.365  6126  6330 E ctbc    : 	at ctdd.execute(PG:1)
06-25 11:59:58.365  6126  6330 E ctbc    : 	at ctbc.o(PG:1)
06-25 11:59:58.365  6126  6330 E ctbc    : 	at ctbc.b(PG:5)
06-25 11:59:58.365  6126  6330 E ctbc    : 	at cteg.r(PG:2)
06-25 11:59:58.365  6126  6330 E ctbc    : 	at cnsl.k(PG:1)
06-25 11:59:58.365  6126  6330 E ctbc    : 	at ccdy.a(PG:15)
06-25 11:59:58.365  6126  6330 E ctbc    : 	at atyv.a(PG:2)
06-25 11:59:58.365  6126  6330 E ctbc    : 	at cbeo.o(PG:3)
06-25 11:59:58.365  6126  6330 E ctbc    : 	at cbeb.a(PG:1)
06-25 11:59:58.365  6126  6330 E ctbc    : 	at cnpq.a(PG:3)
06-25 11:59:58.365  6126  6330 E ctbc    : 	at ctbg.d(PG:2)
06-25 11:59:58.365  6126  6330 E ctbc    : 	at ctbi.run(PG:9)
06-25 11:59:58.365  6126  6330 E ctbc    : 	at ctfm.run(PG:4)
06-25 11:59:58.365  6126  6330 E ctbc    : 	at bxfd.run(PG:1)
06-25 11:59:58.365  6126  6330 E ctbc    : 	at java.util.concurrent.ThreadPoolExecutor.runWorker(ThreadPoolExecutor.java:1145)
06-25 11:59:58.365  6126  6330 E ctbc    : 	at java.util.concurrent.ThreadPoolExecutor$Worker.run(ThreadPoolExecutor.java:644)
06-25 11:59:58.365  6126  6330 E ctbc    : 	at bxef.run(PG:2)
06-25 11:59:58.365  6126  6330 E ctbc    : 	at java.lang.Thread.run(Thread.java:1012)
06-25 11:59:58.365  6126  6330 E ctbc    : 	at bxfj.run(PG:5)
06-25 11:59:58.365  6126  6330 E PhFileGroupPop: Failed to add file group 
06-25 11:59:58.365  6126  6330 E ctbc    : RuntimeException while executing runnable ctdz{cnpz@f7de3a6} with executor MoreExecutors.directExecutor()
06-25 11:59:58.365  6126  6330 E ctbc    : java.lang.NullPointerException: Attempt to read from field 'java.lang.String cayk.b' on a null object reference in method 'void ccdw.b(java.lang.Object)'
06-25 11:59:58.365  6126  6330 E ctbc    : 	at ccdw.b(PG:2)
06-25 11:59:58.365  6126  6330 E ctbc    : 	at cnpz.b(PG:3)
06-25 11:59:58.365  6126  6330 E ctbc    : 	at ctdz.run(PG:6)
06-25 11:59:58.365  6126  6330 E ctbc    : 	at ctdd.execute(PG:1)
06-25 11:59:58.365  6126  6330 E ctbc    : 	at ctbc.o(PG:1)
06-25 11:59:58.365  6126  6330 E ctbc    : 	at ctbc.b(PG:5)
06-25 11:59:58.365  6126  6330 E ctbc    : 	at cteg.r(PG:2)
06-25 11:59:58.365  6126  6330 E ctbc    : 	at cnsl.k(PG:1)
06-25 11:59:58.365  6126  6330 E ctbc    : 	at ccdy.a(PG:15)
06-25 11:59:58.365  6126  6330 E ctbc    : 	at atyv.a(PG:2)
06-25 11:59:58.365  6126  6330 E ctbc    : 	at cbeo.o(PG:3)
06-25 11:59:58.365  6126  6330 E ctbc    : 	at cbeb.a(PG:1)
06-25 11:59:58.365  6126  6330 E ctbc    : 	at cnpq.a(PG:3)
06-25 11:59:58.365  6126  6330 E ctbc    : 	at ctbg.d(PG:2)
06-25 11:59:58.365  6126  6330 E ctbc    : 	at ctbi.run(PG:9)
06-25 11:59:58.365  6126  6330 E ctbc    : 	at ctfm.run(PG:4)
06-25 11:59:58.365  6126  6330 E ctbc    : 	at bxfd.run(PG:1)
06-25 11:59:58.365  6126  6330 E ctbc    : 	at java.util.concurrent.ThreadPoolExecutor.runWorker(ThreadPoolExecutor.java:1145)
06-25 11:59:58.365  6126  6330 E ctbc    : 	at java.util.concurrent.ThreadPoolExecutor$Worker.run(ThreadPoolExecutor.java:644)
06-25 11:59:58.365  6126  6330 E ctbc    : 	at bxef.run(PG:2)
06-25 11:59:58.365  6126  6330 E ctbc    : 	at java.lang.Thread.run(Thread.java:1012)
06-25 11:59:58.365  6126  6330 E ctbc    : 	at bxfj.run(PG:5)
06-25 11:59:58.365  6126  6330 E PhFileGroupPop: Failed to add file group 
06-25 11:59:58.365  6126  6330 E ctbc    : RuntimeException while executing runnable ctdz{cnpz@47c5194} with executor MoreExecutors.directExecutor()
06-25 11:59:58.365  6126  6330 E ctbc    : java.lang.NullPointerException: Attempt to read from field 'java.lang.String cayk.b' on a null object reference in method 'void ccdw.b(java.lang.Object)'
06-25 11:59:58.365  6126  6330 E ctbc    : 	at ccdw.b(PG:2)
06-25 11:59:58.365  6126  6330 E ctbc    : 	at cnpz.b(PG:3)
06-25 11:59:58.365  6126  6330 E ctbc    : 	at ctdz.run(PG:6)
06-25 11:59:58.365  6126  6330 E ctbc    : 	at ctdd.execute(PG:1)
06-25 11:59:58.365  6126  6330 E ctbc    : 	at ctbc.o(PG:1)
06-25 11:59:58.365  6126  6330 E ctbc    : 	at ctbc.b(PG:5)
06-25 11:59:58.365  6126  6330 E ctbc    : 	at cteg.r(PG:2)
06-25 11:59:58.365  6126  6330 E ctbc    : 	at cnsl.k(PG:1)
06-25 11:59:58.365  6126  6330 E ctbc    : 	at ccdy.a(PG:15)
06-25 11:59:58.365  6126  6330 E ctbc    : 	at atyv.a(PG:2)
06-25 11:59:58.365  6126  6330 E ctbc    : 	at cbeo.o(PG:3)
06-25 11:59:58.365  6126  6330 E ctbc    : 	at cbeb.a(PG:1)
06-25 11:59:58.365  6126  6330 E ctbc    : 	at cnpq.a(PG:3)
06-25 11:59:58.365  6126  6330 E ctbc    : 	at ctbg.d(PG:2)
06-25 11:59:58.365  6126  6330 E ctbc    : 	at ctbi.run(PG:9)
06-25 11:59:58.365  6126  6330 E ctbc    : 	at ctfm.run(PG:4)
06-25 11:59:58.365  6126  6330 E ctbc    : 	at bxfd.run(PG:1)
06-25 11:59:58.365  6126  6330 E ctbc    : 	at java.util.concurrent.ThreadPoolExecutor.runWorker(ThreadPoolExecutor.java:1145)
06-25 11:59:58.365  6126  6330 E ctbc    : 	at java.util.concurrent.ThreadPoolExecutor$Worker.run(ThreadPoolExecutor.java:644)
06-25 11:59:58.365  6126  6330 E ctbc    : 	at bxef.run(PG:2)
06-25 11:59:58.365  6126  6330 E ctbc    : 	at java.lang.Thread.run(Thread.java:1012)
06-25 11:59:58.365  6126  6330 E ctbc    : 	at bxfj.run(PG:5)
06-25 11:59:58.365  6126  6330 E ctbc    : RuntimeException while executing runnable ctdz{cnpz@b949432} with executor MoreExecutors.directExecutor()
06-25 11:59:58.365  6126  6330 E ctbc    : java.lang.NullPointerException: Attempt to read from field 'java.lang.String cayk.b' on a null object reference in method 'void ccdw.b(java.lang.Object)'
06-25 11:59:58.365  6126  6330 E ctbc    : 	at ccdw.b(PG:2)
06-25 11:59:58.365  6126  6330 E ctbc    : 	at cnpz.b(PG:3)
06-25 11:59:58.365  6126  6330 E ctbc    : 	at ctdz.run(PG:6)
06-25 11:59:58.365  6126  6330 E ctbc    : 	at ctdd.execute(PG:1)
06-25 11:59:58.365  6126  6330 E ctbc    : 	at ctbc.o(PG:1)
06-25 11:59:58.365  6126  6330 E ctbc    : 	at ctbc.b(PG:5)
06-25 11:59:58.365  6126  6330 E ctbc    : 	at cteg.r(PG:2)
06-25 11:59:58.365  6126  6330 E ctbc    : 	at cnsl.k(PG:1)
06-25 11:59:58.365  6126  6330 E ctbc    : 	at ccdy.a(PG:15)
06-25 11:59:58.365  6126  6330 E ctbc    : 	at atyv.a(PG:2)
06-25 11:59:58.365  6126  6330 E ctbc    : 	at cbeo.o(PG:3)
06-25 11:59:58.365  6126  6330 E ctbc    : 	at cbeb.a(PG:1)
06-25 11:59:58.365  6126  6330 E ctbc    : 	at cnpq.a(PG:3)
06-25 11:59:58.365  6126  6330 E ctbc    : 	at ctbg.d(PG:2)
06-25 11:59:58.365  6126  6330 E ctbc    : 	at ctbi.run(PG:9)
06-25 11:59:58.365  6126  6330 E ctbc    : 	at ctfm.run(PG:4)
06-25 11:59:58.365  6126  6330 E ctbc    : 	at bxfd.run(PG:1)
06-25 11:59:58.365  6126  6330 E ctbc    : 	at java.util.concurrent.ThreadPoolExecutor.runWorker(ThreadPoolExecutor.java:1145)
06-25 11:59:58.365  6126  6330 E ctbc    : 	at java.util.concurrent.ThreadPoolExecutor$Worker.run(ThreadPoolExecutor.java:644)
06-25 11:59:58.365  6126  6330 E ctbc    : 	at bxef.run(PG:2)
06-25 11:59:58.365  6126  6330 E ctbc    : 	at java.lang.Thread.run(Thread.java:1012)
06-25 11:59:58.365  6126  6330 E ctbc    : 	at bxfj.run(PG:5)
06-25 11:59:58.365  6126  6330 E ctbc    : RuntimeException while executing runnable ctdz{cnpz@96f300} with executor MoreExecutors.directExecutor()
06-25 11:59:58.365  6126  6330 E ctbc    : java.lang.NullPointerException: Attempt to read from field 'java.lang.String cayk.b' on a null object reference in method 'void ccdw.b(java.lang.Object)'
06-25 11:59:58.365  6126  6330 E ctbc    : 	at ccdw.b(PG:2)
06-25 11:59:58.365  6126  6330 E ctbc    : 	at cnpz.b(PG:3)
06-25 11:59:58.365  6126  6330 E ctbc    : 	at ctdz.run(PG:6)
06-25 11:59:58.365  6126  6330 E ctbc    : 	at ctdd.execute(PG:1)
06-25 11:59:58.365  6126  6330 E ctbc    : 	at ctbc.o(PG:1)
06-25 11:59:58.365  6126  6330 E ctbc    : 	at ctbc.b(PG:5)
06-25 11:59:58.365  6126  6330 E ctbc    : 	at cteg.r(PG:2)
06-25 11:59:58.365  6126  6330 E ctbc    : 	at cnsl.k(PG:1)
06-25 11:59:58.365  6126  6330 E ctbc    : 	at ccdy.a(PG:15)
06-25 11:59:58.365  6126  6330 E ctbc    : 	at atyv.a(PG:2)
06-25 11:59:58.365  6126  6330 E ctbc    : 	at cbeo.o(PG:3)
06-25 11:59:58.365  6126  6330 E ctbc    : 	at cbeb.a(PG:1)
06-25 11:59:58.365  6126  6330 E ctbc    : 	at cnpq.a(PG:3)
06-25 11:59:58.365  6126  6330 E ctbc    : 	at ctbg.d(PG:2)
06-25 11:59:58.365  6126  6330 E ctbc    : 	at ctbi.run(PG:9)
06-25 11:59:58.365  6126  6330 E ctbc    : 	at ctfm.run(PG:4)
06-25 11:59:58.365  6126  6330 E ctbc    : 	at bxfd.run(PG:1)
06-25 11:59:58.365  6126  6330 E ctbc    : 	at java.util.concurrent.ThreadPoolExecutor.runWorker(ThreadPoolExecutor.java:1145)
06-25 11:59:58.365  6126  6330 E ctbc    : 	at java.util.concurrent.ThreadPoolExecutor$Worker.run(ThreadPoolExecutor.java:644)
06-25 11:59:58.365  6126  6330 E ctbc    : 	at bxef.run(PG:2)
06-25 11:59:58.365  6126  6330 E ctbc    : 	at java.lang.Thread.run(Thread.java:1012)
06-25 11:59:58.365  6126  6330 E ctbc    : 	at bxfj.run(PG:5)
06-25 11:59:58.369  6126  6330 E MDD     : FileGroupManager: Trying to add expired group webref-model-local-index.
06-25 11:59:58.369  6126  6330 W MDD     : MDDManager class cbkc
06-25 11:59:58.369  6126  6330 E PhFileGroupPop: Failed to add file group
06-25 11:59:58.369  6126  6330 E PhFileGroupPop: cbkc
06-25 11:59:58.369  6126  6330 E PhFileGroupPop: 	at cbqx.a(PG:90)
06-25 11:59:58.369  6126  6330 E PhFileGroupPop: 	at cnpq.a(PG:3)
06-25 11:59:58.369  6126  6330 E PhFileGroupPop: 	at ctbg.d(PG:2)
06-25 11:59:58.369  6126  6330 E PhFileGroupPop: 	at ctbi.run(PG:9)
06-25 11:59:58.369  6126  6330 E PhFileGroupPop: 	at ctfm.run(PG:4)
06-25 11:59:58.369  6126  6330 E PhFileGroupPop: 	at bxfd.run(PG:1)
06-25 11:59:58.369  6126  6330 E PhFileGroupPop: 	at java.util.concurrent.ThreadPoolExecutor.runWorker(ThreadPoolExecutor.java:1145)
06-25 11:59:58.369  6126  6330 E PhFileGroupPop: 	at java.util.concurrent.ThreadPoolExecutor$Worker.run(ThreadPoolExecutor.java:644)
06-25 11:59:58.369  6126  6330 E PhFileGroupPop: 	at bxef.run(PG:2)
06-25 11:59:58.369  6126  6330 E PhFileGroupPop: 	at java.lang.Thread.run(Thread.java:1012)
06-25 11:59:58.369  6126  6330 E PhFileGroupPop: 	at bxfj.run(PG:5)
06-25 11:59:58.370  6126  6330 D PhFileGroupPop: Added file groups smart_actions_grammars
06-25 11:59:58.370  6126  6330 D PhFileGroupPop: Added file groups smart_actions_ml_models
06-25 11:59:58.370  6126  6330 D PhFileGroupPop: Added file groups text_classifier
06-25 11:59:58.371  6126  6330 D PhFileGroupPop: Added file groups smart_actions_emotive_models
06-25 11:59:58.373  5306  5869 D Maestro : View hierarchy received in 46 ms
06-25 11:59:58.376   336  6713 I resolv  : GetAddrInfoHandler::run: {104 786536 104 983144 10130 0}
06-25 11:59:58.377   336  6714 I resolv  : res_nmkquery: (QUERY, IN, AAAA)
06-25 11:59:58.377  6126  6330 D PhFileGroupPop: Added file groups smarts_expressive_content_scoped_v1
06-25 11:59:58.377   336  6714 I resolv  : resolv_cache_lookup: FOUND IN CACHE entry=0x772cab883350
06-25 11:59:58.377   336  6714 I resolv  : doQuery: rcode=0, ancount=1, return value=61
06-25 11:59:58.377  6126  6330 D PhFileGroupPop: Added file groups smart_actions_sensitive_classifier_models
06-25 11:59:58.377  6126  6330 D PhFileGroupPop: Added file groups scripted_reply
06-25 11:59:58.377  6126  6330 D PhFileGroupPop: Added file groups multitask_experiment
06-25 11:59:58.377  6126  6330 D PhFileGroupPop: Added file groups spam_verdict_enforcement_policy_config
06-25 11:59:58.378  6126  6330 D PhFileGroupPop: Added file groups smart_suggestion_reranker_models
06-25 11:59:58.378  6126  6330 D PhFileGroupPop: Added file groups supersort_us_grammars
06-25 11:59:58.378  6126  6330 D PhFileGroupPop: Added file groups nudge
06-25 11:59:58.378  6126  6330 D PhFileGroupPop: Added file groups calendar_appointment_grammar
06-25 11:59:58.378  6126  6330 D PhFileGroupPop: Added file groups birthday_suggestion
06-25 11:59:58.378  6126  6330 D PhFileGroupPop: Added file groups birthday_grammars
06-25 11:59:58.383  6126  6330 D PhFileGroupPop: Added file groups animated_emoji
06-25 11:59:58.383   336  6715 I resolv  : res_nmkquery: (QUERY, IN, A)
06-25 11:59:58.383   336  6715 I resolv  : resolv_cache_lookup: FOUND IN CACHE entry=0x772cab881fd0
06-25 11:59:58.383   336  6715 I resolv  : doQuery: rcode=0, ancount=1, return value=49
06-25 11:59:58.384  6126  6712 D TrafficStats: tagSocket(144) with statsTag=0xffffffff, statsUid=-1
06-25 11:59:58.426  5306  5869 D Maestro : Requesting view hierarchy
06-25 11:59:58.426  5306  5869 W QueryController: Could not detect idle state.
06-25 11:59:58.427  5306  5869 W QueryController: Could not detect idle state.
06-25 11:59:58.435  5306  5869 I Maestro : Skipping invisible child: android.view.accessibility.AccessibilityNodeInfo@12882; boundsInParent: Rect(0, 0 - 320, 0); boundsInScreen: Rect(0, 0 - 320, 0); boundsInWindow: Rect(0, 0 - 320, 0); packageName: com.hanapkalinga.mobile; className: android.widget.LinearLayout; text: null; error: null; maxTextLength: -1; stateDescription: null; contentDescription: null; tooltipText: null; containerTitle: null; viewIdResName: null; uniqueId: null; checkable: false; checked: false; focusable: false; focused: false; selected: false; clickable: false; longClickable: false; contextClickable: false; enabled: true; password: false; scrollable: false; importantForAccessibility: false; visible: false; actions: [AccessibilityAction: ACTION_SELECT - null, AccessibilityAction: ACTION_CLEAR_SELECTION - null, AccessibilityAction: ACTION_ACCESSIBILITY_FOCUS - null, AccessibilityAction: ACTION_SHOW_ON_SCREEN - null]; isTextSelectable: false
06-25 11:59:58.436  5306  5869 I Maestro : Skipping invisible child: android.view.accessibility.AccessibilityNodeInfo@124c1; boundsInParent: Rect(0, 0 - 320, 0); boundsInScreen: Rect(0, 0 - 320, 0); boundsInWindow: Rect(0, 0 - 320, 0); packageName: com.hanapkalinga.mobile; className: android.view.ViewGroup; text: null; error: null; maxTextLength: -1; stateDescription: null; contentDescription: null; tooltipText: null; containerTitle: null; viewIdResName: null; uniqueId: null; checkable: false; checked: false; focusable: false; focused: false; selected: false; clickable: false; longClickable: false; contextClickable: false; enabled: true; password: false; scrollable: false; importantForAccessibility: false; visible: false; actions: [AccessibilityAction: ACTION_SELECT - null, AccessibilityAction: ACTION_CLEAR_SELECTION - null, AccessibilityAction: ACTION_ACCESSIBILITY_FOCUS - null, AccessibilityAction: ACTION_SHOW_ON_SCREEN - null]; isTextSelectable: false
06-25 11:59:58.436  5306  5869 I Maestro : Skipping invisible child: android.view.accessibility.AccessibilityNodeInfo@1919e; boundsInParent: Rect(0, 0 - 320, 0); boundsInScreen: Rect(0, 0 - 320, 0); boundsInWindow: Rect(0, 0 - 320, 0); packageName: com.hanapkalinga.mobile; className: android.widget.LinearLayout; text: null; error: null; maxTextLength: -1; stateDescription: null; contentDescription: null; tooltipText: null; containerTitle: null; viewIdResName: null; uniqueId: null; checkable: false; checked: false; focusable: false; focused: false; selected: false; clickable: false; longClickable: false; contextClickable: false; enabled: true; password: false; scrollable: false; importantForAccessibility: false; visible: false; actions: [AccessibilityAction: ACTION_SELECT - null, AccessibilityAction: ACTION_CLEAR_SELECTION - null, AccessibilityAction: ACTION_ACCESSIBILITY_FOCUS - null, AccessibilityAction: ACTION_SHOW_ON_SCREEN - null]; isTextSelectable: false
06-25 11:59:58.437  5306  5869 I Maestro : Skipping invisible child: android.view.accessibility.AccessibilityNodeInfo@18ddd; boundsInParent: Rect(0, 0 - 320, 0); boundsInScreen: Rect(0, 0 - 320, 0); boundsInWindow: Rect(0, 0 - 320, 0); packageName: com.hanapkalinga.mobile; className: android.view.ViewGroup; text: null; error: null; maxTextLength: -1; stateDescription: null; contentDescription: null; tooltipText: null; containerTitle: null; viewIdResName: null; uniqueId: null; checkable: false; checked: false; focusable: false; focused: false; selected: false; clickable: false; longClickable: false; contextClickable: false; enabled: true; password: false; scrollable: false; importantForAccessibility: false; visible: false; actions: [AccessibilityAction: ACTION_SELECT - null, AccessibilityAction: ACTION_CLEAR_SELECTION - null, AccessibilityAction: ACTION_ACCESSIBILITY_FOCUS - null, AccessibilityAction: ACTION_SHOW_ON_SCREEN - null]; isTextSelectable: false
06-25 11:59:58.450  5306  5869 D Maestro : View hierarchy received in 24 ms
06-25 11:59:58.525   525   615 D ActivityManager: freezing 2226 com.google.android.as.oss
06-25 11:59:58.540  5306  5869 D Maestro : Requesting view hierarchy
06-25 11:59:58.541  5306  5869 W QueryController: Could not detect idle state.
06-25 11:59:58.541  5306  5869 W QueryController: Could not detect idle state.
06-25 11:59:58.548  5306  5869 I Maestro : Skipping invisible child: android.view.accessibility.AccessibilityNodeInfo@12882; boundsInParent: Rect(0, 0 - 320, 0); boundsInScreen: Rect(0, 0 - 320, 0); boundsInWindow: Rect(0, 0 - 320, 0); packageName: com.hanapkalinga.mobile; className: android.widget.LinearLayout; text: null; error: null; maxTextLength: -1; stateDescription: null; contentDescription: null; tooltipText: null; containerTitle: null; viewIdResName: null; uniqueId: null; checkable: false; checked: false; focusable: false; focused: false; selected: false; clickable: false; longClickable: false; contextClickable: false; enabled: true; password: false; scrollable: false; importantForAccessibility: false; visible: false; actions: [AccessibilityAction: ACTION_SELECT - null, AccessibilityAction: ACTION_CLEAR_SELECTION - null, AccessibilityAction: ACTION_ACCESSIBILITY_FOCUS - null, AccessibilityAction: ACTION_SHOW_ON_SCREEN - null]; isTextSelectable: false
06-25 11:59:58.548  5306  5869 I Maestro : Skipping invisible child: android.view.accessibility.AccessibilityNodeInfo@124c1; boundsInParent: Rect(0, 0 - 320, 0); boundsInScreen: Rect(0, 0 - 320, 0); boundsInWindow: Rect(0, 0 - 320, 0); packageName: com.hanapkalinga.mobile; className: android.view.ViewGroup; text: null; error: null; maxTextLength: -1; stateDescription: null; contentDescription: null; tooltipText: null; containerTitle: null; viewIdResName: null; uniqueId: null; checkable: false; checked: false; focusable: false; focused: false; selected: false; clickable: false; longClickable: false; contextClickable: false; enabled: true; password: false; scrollable: false; importantForAccessibility: false; visible: false; actions: [AccessibilityAction: ACTION_SELECT - null, AccessibilityAction: ACTION_CLEAR_SELECTION - null, AccessibilityAction: ACTION_ACCESSIBILITY_FOCUS - null, AccessibilityAction: ACTION_SHOW_ON_SCREEN - null]; isTextSelectable: false
06-25 11:59:58.549  5306  5869 I Maestro : Skipping invisible child: android.view.accessibility.AccessibilityNodeInfo@1919e; boundsInParent: Rect(0, 0 - 320, 0); boundsInScreen: Rect(0, 0 - 320, 0); boundsInWindow: Rect(0, 0 - 320, 0); packageName: com.hanapkalinga.mobile; className: android.widget.LinearLayout; text: null; error: null; maxTextLength: -1; stateDescription: null; contentDescription: null; tooltipText: null; containerTitle: null; viewIdResName: null; uniqueId: null; checkable: false; checked: false; focusable: false; focused: false; selected: false; clickable: false; longClickable: false; contextClickable: false; enabled: true; password: false; scrollable: false; importantForAccessibility: false; visible: false; actions: [AccessibilityAction: ACTION_SELECT - null, AccessibilityAction: ACTION_CLEAR_SELECTION - null, AccessibilityAction: ACTION_ACCESSIBILITY_FOCUS - null, AccessibilityAction: ACTION_SHOW_ON_SCREEN - null]; isTextSelectable: false
06-25 11:59:58.549  5306  5869 I Maestro : Skipping invisible child: android.view.accessibility.AccessibilityNodeInfo@18ddd; boundsInParent: Rect(0, 0 - 320, 0); boundsInScreen: Rect(0, 0 - 320, 0); boundsInWindow: Rect(0, 0 - 320, 0); packageName: com.hanapkalinga.mobile; className: android.view.ViewGroup; text: null; error: null; maxTextLength: -1; stateDescription: null; contentDescription: null; tooltipText: null; containerTitle: null; viewIdResName: null; uniqueId: null; checkable: false; checked: false; focusable: false; focused: false; selected: false; clickable: false; longClickable: false; contextClickable: false; enabled: true; password: false; scrollable: false; importantForAccessibility: false; visible: false; actions: [AccessibilityAction: ACTION_SELECT - null, AccessibilityAction: ACTION_CLEAR_SELECTION - null, AccessibilityAction: ACTION_ACCESSIBILITY_FOCUS - null, AccessibilityAction: ACTION_SHOW_ON_SCREEN - null]; isTextSelectable: false
06-25 11:59:58.558  5306  5869 D Maestro : View hierarchy received in 18 ms
06-25 11:59:58.610  5306  5869 D Maestro : Requesting view hierarchy
06-25 11:59:58.611  5306  5869 W QueryController: Could not detect idle state.
06-25 11:59:58.611  5306  5869 W QueryController: Could not detect idle state.
06-25 11:59:58.620  5306  5869 I Maestro : Skipping invisible child: android.view.accessibility.AccessibilityNodeInfo@12882; boundsInParent: Rect(0, 0 - 320, 0); boundsInScreen: Rect(0, 0 - 320, 0); boundsInWindow: Rect(0, 0 - 320, 0); packageName: com.hanapkalinga.mobile; className: android.widget.LinearLayout; text: null; error: null; maxTextLength: -1; stateDescription: null; contentDescription: null; tooltipText: null; containerTitle: null; viewIdResName: null; uniqueId: null; checkable: false; checked: false; focusable: false; focused: false; selected: false; clickable: false; longClickable: false; contextClickable: false; enabled: true; password: false; scrollable: false; importantForAccessibility: false; visible: false; actions: [AccessibilityAction: ACTION_SELECT - null, AccessibilityAction: ACTION_CLEAR_SELECTION - null, AccessibilityAction: ACTION_ACCESSIBILITY_FOCUS - null, AccessibilityAction: ACTION_SHOW_ON_SCREEN - null]; isTextSelectable: false
06-25 11:59:58.621  5306  5869 I Maestro : Skipping invisible child: android.view.accessibility.AccessibilityNodeInfo@124c1; boundsInParent: Rect(0, 0 - 320, 0); boundsInScreen: Rect(0, 0 - 320, 0); boundsInWindow: Rect(0, 0 - 320, 0); packageName: com.hanapkalinga.mobile; className: android.view.ViewGroup; text: null; error: null; maxTextLength: -1; stateDescription: null; contentDescription: null; tooltipText: null; containerTitle: null; viewIdResName: null; uniqueId: null; checkable: false; checked: false; focusable: false; focused: false; selected: false; clickable: false; longClickable: false; contextClickable: false; enabled: true; password: false; scrollable: false; importantForAccessibility: false; visible: false; actions: [AccessibilityAction: ACTION_SELECT - null, AccessibilityAction: ACTION_CLEAR_SELECTION - null, AccessibilityAction: ACTION_ACCESSIBILITY_FOCUS - null, AccessibilityAction: ACTION_SHOW_ON_SCREEN - null]; isTextSelectable: false
06-25 11:59:58.621  5306  5869 I Maestro : Skipping invisible child: android.view.accessibility.AccessibilityNodeInfo@1919e; boundsInParent: Rect(0, 0 - 320, 0); boundsInScreen: Rect(0, 0 - 320, 0); boundsInWindow: Rect(0, 0 - 320, 0); packageName: com.hanapkalinga.mobile; className: android.widget.LinearLayout; text: null; error: null; maxTextLength: -1; stateDescription: null; contentDescription: null; tooltipText: null; containerTitle: null; viewIdResName: null; uniqueId: null; checkable: false; checked: false; focusable: false; focused: false; selected: false; clickable: false; longClickable: false; contextClickable: false; enabled: true; password: false; scrollable: false; importantForAccessibility: false; visible: false; actions: [AccessibilityAction: ACTION_SELECT - null, AccessibilityAction: ACTION_CLEAR_SELECTION - null, AccessibilityAction: ACTION_ACCESSIBILITY_FOCUS - null, AccessibilityAction: ACTION_SHOW_ON_SCREEN - null]; isTextSelectable: false
06-25 11:59:58.622  5306  5869 I Maestro : Skipping invisible child: android.view.accessibility.AccessibilityNodeInfo@18ddd; boundsInParent: Rect(0, 0 - 320, 0); boundsInScreen: Rect(0, 0 - 320, 0); boundsInWindow: Rect(0, 0 - 320, 0); packageName: com.hanapkalinga.mobile; className: android.view.ViewGroup; text: null; error: null; maxTextLength: -1; stateDescription: null; contentDescription: null; tooltipText: null; containerTitle: null; viewIdResName: null; uniqueId: null; checkable: false; checked: false; focusable: false; focused: false; selected: false; clickable: false; longClickable: false; contextClickable: false; enabled: true; password: false; scrollable: false; importantForAccessibility: false; visible: false; actions: [AccessibilityAction: ACTION_SELECT - null, AccessibilityAction: ACTION_CLEAR_SELECTION - null, AccessibilityAction: ACTION_ACCESSIBILITY_FOCUS - null, AccessibilityAction: ACTION_SHOW_ON_SCREEN - null]; isTextSelectable: false
06-25 11:59:58.633  5306  5869 D Maestro : View hierarchy received in 23 ms
06-25 11:59:58.723  5306  5869 D Maestro : Requesting view hierarchy
06-25 11:59:58.724  5306  5869 W QueryController: Could not detect idle state.
06-25 11:59:58.724  5306  5869 W QueryController: Could not detect idle state.
06-25 11:59:58.729  5306  5869 I Maestro : Skipping invisible child: android.view.accessibility.AccessibilityNodeInfo@12882; boundsInParent: Rect(0, 0 - 320, 0); boundsInScreen: Rect(0, 0 - 320, 0); boundsInWindow: Rect(0, 0 - 320, 0); packageName: com.hanapkalinga.mobile; className: android.widget.LinearLayout; text: null; error: null; maxTextLength: -1; stateDescription: null; contentDescription: null; tooltipText: null; containerTitle: null; viewIdResName: null; uniqueId: null; checkable: false; checked: false; focusable: false; focused: false; selected: false; clickable: false; longClickable: false; contextClickable: false; enabled: true; password: false; scrollable: false; importantForAccessibility: false; visible: false; actions: [AccessibilityAction: ACTION_SELECT - null, AccessibilityAction: ACTION_CLEAR_SELECTION - null, AccessibilityAction: ACTION_ACCESSIBILITY_FOCUS - null, AccessibilityAction: ACTION_SHOW_ON_SCREEN - null]; isTextSelectable: false
06-25 11:59:58.729  5306  5869 I Maestro : Skipping invisible child: android.view.accessibility.AccessibilityNodeInfo@124c1; boundsInParent: Rect(0, 0 - 320, 0); boundsInScreen: Rect(0, 0 - 320, 0); boundsInWindow: Rect(0, 0 - 320, 0); packageName: com.hanapkalinga.mobile; className: android.view.ViewGroup; text: null; error: null; maxTextLength: -1; stateDescription: null; contentDescription: null; tooltipText: null; containerTitle: null; viewIdResName: null; uniqueId: null; checkable: false; checked: false; focusable: false; focused: false; selected: false; clickable: false; longClickable: false; contextClickable: false; enabled: true; password: false; scrollable: false; importantForAccessibility: false; visible: false; actions: [AccessibilityAction: ACTION_SELECT - null, AccessibilityAction: ACTION_CLEAR_SELECTION - null, AccessibilityAction: ACTION_ACCESSIBILITY_FOCUS - null, AccessibilityAction: ACTION_SHOW_ON_SCREEN - null]; isTextSelectable: false
06-25 11:59:58.730  5306  5869 I Maestro : Skipping invisible child: android.view.accessibility.AccessibilityNodeInfo@1919e; boundsInParent: Rect(0, 0 - 320, 0); boundsInScreen: Rect(0, 0 - 320, 0); boundsInWindow: Rect(0, 0 - 320, 0); packageName: com.hanapkalinga.mobile; className: android.widget.LinearLayout; text: null; error: null; maxTextLength: -1; stateDescription: null; contentDescription: null; tooltipText: null; containerTitle: null; viewIdResName: null; uniqueId: null; checkable: false; checked: false; focusable: false; focused: false; selected: false; clickable: false; longClickable: false; contextClickable: false; enabled: true; password: false; scrollable: false; importantForAccessibility: false; visible: false; actions: [AccessibilityAction: ACTION_SELECT - null, AccessibilityAction: ACTION_CLEAR_SELECTION - null, AccessibilityAction: ACTION_ACCESSIBILITY_FOCUS - null, AccessibilityAction: ACTION_SHOW_ON_SCREEN - null]; isTextSelectable: false
06-25 11:59:58.730  5306  5869 I Maestro : Skipping invisible child: android.view.accessibility.AccessibilityNodeInfo@18ddd; boundsInParent: Rect(0, 0 - 320, 0); boundsInScreen: Rect(0, 0 - 320, 0); boundsInWindow: Rect(0, 0 - 320, 0); packageName: com.hanapkalinga.mobile; className: android.view.ViewGroup; text: null; error: null; maxTextLength: -1; stateDescription: null; contentDescription: null; tooltipText: null; containerTitle: null; viewIdResName: null; uniqueId: null; checkable: false; checked: false; focusable: false; focused: false; selected: false; clickable: false; longClickable: false; contextClickable: false; enabled: true; password: false; scrollable: false; importantForAccessibility: false; visible: false; actions: [AccessibilityAction: ACTION_SELECT - null, AccessibilityAction: ACTION_CLEAR_SELECTION - null, AccessibilityAction: ACTION_ACCESSIBILITY_FOCUS - null, AccessibilityAction: ACTION_SHOW_ON_SCREEN - null]; isTextSelectable: false
06-25 11:59:58.742  5306  5869 D Maestro : View hierarchy received in 19 ms
06-25 11:59:58.832  5306  5869 D Maestro : Requesting view hierarchy
06-25 11:59:58.832  5306  5869 W QueryController: Could not detect idle state.
06-25 11:59:58.833  5306  5869 W QueryController: Could not detect idle state.
06-25 11:59:58.840  5306  5869 I Maestro : Skipping invisible child: android.view.accessibility.AccessibilityNodeInfo@12882; boundsInParent: Rect(0, 0 - 320, 0); boundsInScreen: Rect(0, 0 - 320, 0); boundsInWindow: Rect(0, 0 - 320, 0); packageName: com.hanapkalinga.mobile; className: android.widget.LinearLayout; text: null; error: null; maxTextLength: -1; stateDescription: null; contentDescription: null; tooltipText: null; containerTitle: null; viewIdResName: null; uniqueId: null; checkable: false; checked: false; focusable: false; focused: false; selected: false; clickable: false; longClickable: false; contextClickable: false; enabled: true; password: false; scrollable: false; importantForAccessibility: false; visible: false; actions: [AccessibilityAction: ACTION_SELECT - null, AccessibilityAction: ACTION_CLEAR_SELECTION - null, AccessibilityAction: ACTION_ACCESSIBILITY_FOCUS - null, AccessibilityAction: ACTION_SHOW_ON_SCREEN - null]; isTextSelectable: false
06-25 11:59:58.840  5306  5869 I Maestro : Skipping invisible child: android.view.accessibility.AccessibilityNodeInfo@124c1; boundsInParent: Rect(0, 0 - 320, 0); boundsInScreen: Rect(0, 0 - 320, 0); boundsInWindow: Rect(0, 0 - 320, 0); packageName: com.hanapkalinga.mobile; className: android.view.ViewGroup; text: null; error: null; maxTextLength: -1; stateDescription: null; contentDescription: null; tooltipText: null; containerTitle: null; viewIdResName: null; uniqueId: null; checkable: false; checked: false; focusable: false; focused: false; selected: false; clickable: false; longClickable: false; contextClickable: false; enabled: true; password: false; scrollable: false; importantForAccessibility: false; visible: false; actions: [AccessibilityAction: ACTION_SELECT - null, AccessibilityAction: ACTION_CLEAR_SELECTION - null, AccessibilityAction: ACTION_ACCESSIBILITY_FOCUS - null, AccessibilityAction: ACTION_SHOW_ON_SCREEN - null]; isTextSelectable: false
06-25 11:59:58.840  5306  5869 I Maestro : Skipping invisible child: android.view.accessibility.AccessibilityNodeInfo@1919e; boundsInParent: Rect(0, 0 - 320, 0); boundsInScreen: Rect(0, 0 - 320, 0); boundsInWindow: Rect(0, 0 - 320, 0); packageName: com.hanapkalinga.mobile; className: android.widget.LinearLayout; text: null; error: null; maxTextLength: -1; stateDescription: null; contentDescription: null; tooltipText: null; containerTitle: null; viewIdResName: null; uniqueId: null; checkable: false; checked: false; focusable: false; focused: false; selected: false; clickable: false; longClickable: false; contextClickable: false; enabled: true; password: false; scrollable: false; importantForAccessibility: false; visible: false; actions: [AccessibilityAction: ACTION_SELECT - null, AccessibilityAction: ACTION_CLEAR_SELECTION - null, AccessibilityAction: ACTION_ACCESSIBILITY_FOCUS - null, AccessibilityAction: ACTION_SHOW_ON_SCREEN - null]; isTextSelectable: false
06-25 11:59:58.841  5306  5869 I Maestro : Skipping invisible child: android.view.accessibility.AccessibilityNodeInfo@18ddd; boundsInParent: Rect(0, 0 - 320, 0); boundsInScreen: Rect(0, 0 - 320, 0); boundsInWindow: Rect(0, 0 - 320, 0); packageName: com.hanapkalinga.mobile; className: android.view.ViewGroup; text: null; error: null; maxTextLength: -1; stateDescription: null; contentDescription: null; tooltipText: null; containerTitle: null; viewIdResName: null; uniqueId: null; checkable: false; checked: false; focusable: false; focused: false; selected: false; clickable: false; longClickable: false; contextClickable: false; enabled: true; password: false; scrollable: false; importantForAccessibility: false; visible: false; actions: [AccessibilityAction: ACTION_SELECT - null, AccessibilityAction: ACTION_CLEAR_SELECTION - null, AccessibilityAction: ACTION_ACCESSIBILITY_FOCUS - null, AccessibilityAction: ACTION_SHOW_ON_SCREEN - null]; isTextSelectable: false
06-25 11:59:58.850  5306  5869 D Maestro : View hierarchy received in 18 ms
06-25 11:59:58.903  5306  5869 D Maestro : Requesting view hierarchy
06-25 11:59:58.903  5306  5869 W QueryController: Could not detect idle state.
06-25 11:59:58.904  5306  5869 W QueryController: Could not detect idle state.
06-25 11:59:58.911  5306  5869 I Maestro : Skipping invisible child: android.view.accessibility.AccessibilityNodeInfo@12882; boundsInParent: Rect(0, 0 - 320, 0); boundsInScreen: Rect(0, 0 - 320, 0); boundsInWindow: Rect(0, 0 - 320, 0); packageName: com.hanapkalinga.mobile; className: android.widget.LinearLayout; text: null; error: null; maxTextLength: -1; stateDescription: null; contentDescription: null; tooltipText: null; containerTitle: null; viewIdResName: null; uniqueId: null; checkable: false; checked: false; focusable: false; focused: false; selected: false; clickable: false; longClickable: false; contextClickable: false; enabled: true; password: false; scrollable: false; importantForAccessibility: false; visible: false; actions: [AccessibilityAction: ACTION_SELECT - null, AccessibilityAction: ACTION_CLEAR_SELECTION - null, AccessibilityAction: ACTION_ACCESSIBILITY_FOCUS - null, AccessibilityAction: ACTION_SHOW_ON_SCREEN - null]; isTextSelectable: false
