06-25 11:59:55.751  6126  6354 D cevx    : Starting download: https://fonts.gstatic.com/s/e/notoemoji/16.0/1f62f/lottie.json
06-25 11:59:55.751  6126  6354 V cevx    : Is http uri, downloading (uri: https://fonts.gstatic.com/s/e/notoemoji/16.0/1f62f/lottie.json)
06-25 11:59:55.753  6126  6558 E MDD     : DownloadProgressMonitor: Can't find file group for uri: android://com.google.android.apps.messaging/files/datadownload/shared/public/datadownloadfile_1782388780924
06-25 11:59:55.756  6126  6362 D cevx    : Starting download: https://fonts.gstatic.com/s/e/notoemoji/16.0/1f632/lottie.json
06-25 11:59:55.756  6126  6362 V cevx    : Is http uri, downloading (uri: https://fonts.gstatic.com/s/e/notoemoji/16.0/1f632/lottie.json)
06-25 11:59:55.758  6126  6354 E MDD     : DownloadProgressMonitor: Can't find file group for uri: android://com.google.android.apps.messaging/files/datadownload/shared/public/datadownloadfile_1782388780925
06-25 11:59:55.760  6126  6558 D cevx    : Starting download: https://fonts.gstatic.com/s/e/notoemoji/16.0/1f633/lottie.json
06-25 11:59:55.760  6126  6558 V cevx    : Is http uri, downloading (uri: https://fonts.gstatic.com/s/e/notoemoji/16.0/1f633/lottie.json)
06-25 11:59:55.762  6126  6362 E MDD     : DownloadProgressMonitor: Can't find file group for uri: android://com.google.android.apps.messaging/files/datadownload/shared/public/datadownloadfile_1782388780926
06-25 11:59:55.763  6126  6354 D cevx    : Starting download: https://fonts.gstatic.com/s/e/notoemoji/16.0/1f92f/lottie.json
06-25 11:59:55.763  6126  6354 V cevx    : Is http uri, downloading (uri: https://fonts.gstatic.com/s/e/notoemoji/16.0/1f92f/lottie.json)
06-25 11:59:55.765  6126  6558 E MDD     : DownloadProgressMonitor: Can't find file group for uri: android://com.google.android.apps.messaging/files/datadownload/shared/public/datadownloadfile_1782388780927
06-25 11:59:55.768  6126  6362 D cevx    : Starting download: https://fonts.gstatic.com/s/e/notoemoji/16.0/1f616/lottie.json
06-25 11:59:55.768  6126  6362 V cevx    : Is http uri, downloading (uri: https://fonts.gstatic.com/s/e/notoemoji/16.0/1f616/lottie.json)
06-25 11:59:55.771  6126  6354 E MDD     : DownloadProgressMonitor: Can't find file group for uri: android://com.google.android.apps.messaging/files/datadownload/shared/public/datadownloadfile_1782388780928
06-25 11:59:55.777  6126  6362 E MDD     : DownloadProgressMonitor: Can't find file group for uri: android://com.google.android.apps.messaging/files/datadownload/shared/public/datadownloadfile_1782388780929
06-25 11:59:55.778  6126  6558 D cevx    : Starting download: https://fonts.gstatic.com/s/e/notoemoji/16.0/1f623/lottie.json
06-25 11:59:55.778  6126  6558 V cevx    : Is http uri, downloading (uri: https://fonts.gstatic.com/s/e/notoemoji/16.0/1f623/lottie.json)
06-25 11:59:55.779  6126  6362 D cevx    : Starting download: https://fonts.gstatic.com/s/e/notoemoji/16.0/1f629/lottie.json
06-25 11:59:55.779  6126  6362 V cevx    : Is http uri, downloading (uri: https://fonts.gstatic.com/s/e/notoemoji/16.0/1f629/lottie.json)
06-25 11:59:55.785  6126  6362 E MDD     : DownloadProgressMonitor: Can't find file group for uri: android://com.google.android.apps.messaging/files/datadownload/shared/public/datadownloadfile_1782388780931
06-25 11:59:55.786  6126  6354 D cevx    : Starting download: https://fonts.gstatic.com/s/e/notoemoji/16.0/1f62b/lottie.json
06-25 11:59:55.786  6126  6354 V cevx    : Is http uri, downloading (uri: https://fonts.gstatic.com/s/e/notoemoji/16.0/1f62b/lottie.json)
06-25 11:59:55.789  6126  6558 E MDD     : DownloadProgressMonitor: Can't find file group for uri: android://com.google.android.apps.messaging/files/datadownload/shared/public/datadownloadfile_1782388780930
06-25 11:59:55.791  6126  6362 D cevx    : Starting download: https://fonts.gstatic.com/s/e/notoemoji/16.0/1f635/lottie.json
06-25 11:59:55.791  6126  6362 V cevx    : Is http uri, downloading (uri: https://fonts.gstatic.com/s/e/notoemoji/16.0/1f635/lottie.json)
06-25 11:59:55.796  6126  6354 E MDD     : DownloadProgressMonitor: Can't find file group for uri: android://com.google.android.apps.messaging/files/datadownload/shared/public/datadownloadfile_1782388780932
06-25 11:59:55.799  6126  6558 D cevx    : Starting download: https://fonts.gstatic.com/s/e/notoemoji/16.0/1f635_200d_1f4ab/lottie.json
06-25 11:59:55.799  6126  6558 V cevx    : Is http uri, downloading (uri: https://fonts.gstatic.com/s/e/notoemoji/16.0/1f635_200d_1f4ab/lottie.json)
06-25 11:59:55.803  6126  6362 E MDD     : DownloadProgressMonitor: Can't find file group for uri: android://com.google.android.apps.messaging/files/datadownload/shared/public/datadownloadfile_1782388780933
06-25 11:59:55.804  6126  6558 E MDD     : DownloadProgressMonitor: Can't find file group for uri: android://com.google.android.apps.messaging/files/datadownload/shared/public/datadownloadfile_1782388780934
06-25 11:59:55.807  6126  6354 D cevx    : Starting download: https://fonts.gstatic.com/s/e/notoemoji/16.0/1fae8/lottie.json
06-25 11:59:55.807  6126  6354 V cevx    : Is http uri, downloading (uri: https://fonts.gstatic.com/s/e/notoemoji/16.0/1fae8/lottie.json)
06-25 11:59:55.808  6126  6362 D cevx    : Starting download: https://fonts.gstatic.com/s/e/notoemoji/16.0/1f976/lottie.json
06-25 11:59:55.808  6126  6362 V cevx    : Is http uri, downloading (uri: https://fonts.gstatic.com/s/e/notoemoji/16.0/1f976/lottie.json)
06-25 11:59:55.813  6126  6354 E MDD     : DownloadProgressMonitor: Can't find file group for uri: android://com.google.android.apps.messaging/files/datadownload/shared/public/datadownloadfile_1782388780935
06-25 11:59:55.815  6126  6362 E MDD     : DownloadProgressMonitor: Can't find file group for uri: android://com.google.android.apps.messaging/files/datadownload/shared/public/datadownloadfile_1782388780936
06-25 11:59:55.817  6126  6558 D cevx    : Starting download: https://fonts.gstatic.com/s/e/notoemoji/16.0/1f975/lottie.json
06-25 11:59:55.817  6126  6558 V cevx    : Is http uri, downloading (uri: https://fonts.gstatic.com/s/e/notoemoji/16.0/1f975/lottie.json)
06-25 11:59:55.820  6126  6354 D cevx    : Starting download: https://fonts.gstatic.com/s/e/notoemoji/16.0/1f922/lottie.json
06-25 11:59:55.820  6126  6354 V cevx    : Is http uri, downloading (uri: https://fonts.gstatic.com/s/e/notoemoji/16.0/1f922/lottie.json)
06-25 11:59:55.823  6126  6558 E MDD     : DownloadProgressMonitor: Can't find file group for uri: android://com.google.android.apps.messaging/files/datadownload/shared/public/datadownloadfile_1782388780937
06-25 11:59:55.825  6126  6354 E MDD     : DownloadProgressMonitor: Can't find file group for uri: android://com.google.android.apps.messaging/files/datadownload/shared/public/datadownloadfile_1782388780938
06-25 11:59:55.828  6126  6362 D cevx    : Starting download: https://fonts.gstatic.com/s/e/notoemoji/16.0/1f92e/lottie.json
06-25 11:59:55.828  6126  6362 V cevx    : Is http uri, downloading (uri: https://fonts.gstatic.com/s/e/notoemoji/16.0/1f92e/lottie.json)
06-25 11:59:55.829  6126  6354 D cevx    : Starting download: https://fonts.gstatic.com/s/e/notoemoji/16.0/1f634/lottie.json
06-25 11:59:55.829  6126  6354 V cevx    : Is http uri, downloading (uri: https://fonts.gstatic.com/s/e/notoemoji/16.0/1f634/lottie.json)
06-25 11:59:55.832  6126  6362 E MDD     : DownloadProgressMonitor: Can't find file group for uri: android://com.google.android.apps.messaging/files/datadownload/shared/public/datadownloadfile_1782388780939
06-25 11:59:55.835  6126  6354 E MDD     : DownloadProgressMonitor: Can't find file group for uri: android://com.google.android.apps.messaging/files/datadownload/shared/public/datadownloadfile_1782388780940
06-25 11:59:55.838  6126  6558 D cevx    : Starting download: https://fonts.gstatic.com/s/e/notoemoji/16.0/1f62a/lottie.json
06-25 11:59:55.838  6126  6558 V cevx    : Is http uri, downloading (uri: https://fonts.gstatic.com/s/e/notoemoji/16.0/1f62a/lottie.json)
06-25 11:59:55.839  6126  6354 D cevx    : Starting download: https://fonts.gstatic.com/s/e/notoemoji/16.0/1f927/lottie.json
06-25 11:59:55.839  6126  6354 V cevx    : Is http uri, downloading (uri: https://fonts.gstatic.com/s/e/notoemoji/16.0/1f927/lottie.json)
06-25 11:59:55.842  5306  5869 D Maestro : Requesting view hierarchy
06-25 11:59:55.843  5306  5869 W QueryController: Could not detect idle state.
06-25 11:59:55.843  5306  5869 W QueryController: Could not detect idle state.
06-25 11:59:55.844  6126  6354 E MDD     : DownloadProgressMonitor: Can't find file group for uri: android://com.google.android.apps.messaging/files/datadownload/shared/public/datadownloadfile_1782388780942
06-25 11:59:55.848  6126  6558 E MDD     : DownloadProgressMonitor: Can't find file group for uri: android://com.google.android.apps.messaging/files/datadownload/shared/public/datadownloadfile_1782388780941
06-25 11:59:55.849  6126  6362 D cevx    : Starting download: https://fonts.gstatic.com/s/e/notoemoji/16.0/1f912/lottie.json
06-25 11:59:55.849  6126  6362 V cevx    : Is http uri, downloading (uri: https://fonts.gstatic.com/s/e/notoemoji/16.0/1f912/lottie.json)
06-25 11:59:55.855  6126  6362 E MDD     : DownloadProgressMonitor: Can't find file group for uri: android://com.google.android.apps.messaging/files/datadownload/shared/public/datadownloadfile_1782388780943
06-25 11:59:55.859  5306  5869 I Maestro : Skipping invisible child: android.view.accessibility.AccessibilityNodeInfo@12882; boundsInParent: Rect(0, 0 - 320, 0); boundsInScreen: Rect(0, 0 - 320, 0); boundsInWindow: Rect(0, 0 - 320, 0); packageName: com.hanapkalinga.mobile; className: android.widget.LinearLayout; text: null; error: null; maxTextLength: -1; stateDescription: null; contentDescription: null; tooltipText: null; containerTitle: null; viewIdResName: null; uniqueId: null; checkable: false; checked: false; focusable: false; focused: false; selected: false; clickable: false; longClickable: false; contextClickable: false; enabled: true; password: false; scrollable: false; importantForAccessibility: false; visible: false; actions: [AccessibilityAction: ACTION_SELECT - null, AccessibilityAction: ACTION_CLEAR_SELECTION - null, AccessibilityAction: ACTION_ACCESSIBILITY_FOCUS - null, AccessibilityAction: ACTION_SHOW_ON_SCREEN - null]; isTextSelectable: false
06-25 11:59:55.860  5306  5869 I Maestro : Skipping invisible child: android.view.accessibility.AccessibilityNodeInfo@124c1; boundsInParent: Rect(0, 0 - 320, 0); boundsInScreen: Rect(0, 0 - 320, 0); boundsInWindow: Rect(0, 0 - 320, 0); packageName: com.hanapkalinga.mobile; className: android.view.ViewGroup; text: null; error: null; maxTextLength: -1; stateDescription: null; contentDescription: null; tooltipText: null; containerTitle: null; viewIdResName: null; uniqueId: null; checkable: false; checked: false; focusable: false; focused: false; selected: false; clickable: false; longClickable: false; contextClickable: false; enabled: true; password: false; scrollable: false; importantForAccessibility: false; visible: false; actions: [AccessibilityAction: ACTION_SELECT - null, AccessibilityAction: ACTION_CLEAR_SELECTION - null, AccessibilityAction: ACTION_ACCESSIBILITY_FOCUS - null, AccessibilityAction: ACTION_SHOW_ON_SCREEN - null]; isTextSelectable: false
06-25 11:59:55.860  6126  6558 D cevx    : Starting download: https://fonts.gstatic.com/s/e/notoemoji/16.0/1f915/lottie.json
06-25 11:59:55.861  6126  6558 V cevx    : Is http uri, downloading (uri: https://fonts.gstatic.com/s/e/notoemoji/16.0/1f915/lottie.json)
06-25 11:59:55.861  5306  5869 I Maestro : Skipping invisible child: android.view.accessibility.AccessibilityNodeInfo@1919e; boundsInParent: Rect(0, 0 - 320, 0); boundsInScreen: Rect(0, 0 - 320, 0); boundsInWindow: Rect(0, 0 - 320, 0); packageName: com.hanapkalinga.mobile; className: android.widget.LinearLayout; text: null; error: null; maxTextLength: -1; stateDescription: null; contentDescription: null; tooltipText: null; containerTitle: null; viewIdResName: null; uniqueId: null; checkable: false; checked: false; focusable: false; focused: false; selected: false; clickable: false; longClickable: false; contextClickable: false; enabled: true; password: false; scrollable: false; importantForAccessibility: false; visible: false; actions: [AccessibilityAction: ACTION_SELECT - null, AccessibilityAction: ACTION_CLEAR_SELECTION - null, AccessibilityAction: ACTION_ACCESSIBILITY_FOCUS - null, AccessibilityAction: ACTION_SHOW_ON_SCREEN - null]; isTextSelectable: false
06-25 11:59:55.862  5306  5869 I Maestro : Skipping invisible child: android.view.accessibility.AccessibilityNodeInfo@18ddd; boundsInParent: Rect(0, 0 - 320, 0); boundsInScreen: Rect(0, 0 - 320, 0); boundsInWindow: Rect(0, 0 - 320, 0); packageName: com.hanapkalinga.mobile; className: android.view.ViewGroup; text: null; error: null; maxTextLength: -1; stateDescription: null; contentDescription: null; tooltipText: null; containerTitle: null; viewIdResName: null; uniqueId: null; checkable: false; checked: false; focusable: false; focused: false; selected: false; clickable: false; longClickable: false; contextClickable: false; enabled: true; password: false; scrollable: false; importantForAccessibility: false; visible: false; actions: [AccessibilityAction: ACTION_SELECT - null, AccessibilityAction: ACTION_CLEAR_SELECTION - null, AccessibilityAction: ACTION_ACCESSIBILITY_FOCUS - null, AccessibilityAction: ACTION_SHOW_ON_SCREEN - null]; isTextSelectable: false
06-25 11:59:55.862  6126  6354 D cevx    : Starting download: https://fonts.gstatic.com/s/e/notoemoji/16.0/1f637/lottie.json
06-25 11:59:55.862  6126  6354 V cevx    : Is http uri, downloading (uri: https://fonts.gstatic.com/s/e/notoemoji/16.0/1f637/lottie.json)
06-25 11:59:55.868  6126  6354 E MDD     : DownloadProgressMonitor: Can't find file group for uri: android://com.google.android.apps.messaging/files/datadownload/shared/public/datadownloadfile_1782388780945
06-25 11:59:55.869  6126  6558 E MDD     : DownloadProgressMonitor: Can't find file group for uri: android://com.google.android.apps.messaging/files/datadownload/shared/public/datadownloadfile_1782388780944
06-25 11:59:55.879  6126  6362 D cevx    : Starting download: https://fonts.gstatic.com/s/e/notoemoji/16.0/1f925/lottie.json
06-25 11:59:55.879  6126  6362 V cevx    : Is http uri, downloading (uri: https://fonts.gstatic.com/s/e/notoemoji/16.0/1f925/lottie.json)
06-25 11:59:55.881  6126  6354 D cevx    : Starting download: https://fonts.gstatic.com/s/e/notoemoji/16.0/1f607/lottie.json
06-25 11:59:55.881  6126  6354 V cevx    : Is http uri, downloading (uri: https://fonts.gstatic.com/s/e/notoemoji/16.0/1f607/lottie.json)
06-25 11:59:55.887  1760  2644 I A       : Scheduled one-off task for batch; batchId=2 taskId=-1000008 corpora=[1004,1008,1014,1015]
06-25 11:59:55.887  1760  2644 I A       : Pending callbacks: 1
06-25 11:59:55.888  6126  6362 E MDD     : DownloadProgressMonitor: Can't find file group for uri: android://com.google.android.apps.messaging/files/datadownload/shared/public/datadownloadfile_1782388780946
06-25 11:59:55.888  6126  6354 E MDD     : DownloadProgressMonitor: Can't find file group for uri: android://com.google.android.apps.messaging/files/datadownload/shared/public/datadownloadfile_1782388780947
06-25 11:59:55.895  6126  6558 D cevx    : Starting download: https://fonts.gstatic.com/s/e/notoemoji/16.0/1f920/lottie.json
06-25 11:59:55.895  6126  6558 V cevx    : Is http uri, downloading (uri: https://fonts.gstatic.com/s/e/notoemoji/16.0/1f920/lottie.json)
06-25 11:59:55.901  6126  6354 D cevx    : Starting download: https://fonts.gstatic.com/s/e/notoemoji/16.0/1f911/lottie.json
06-25 11:59:55.901  6126  6354 V cevx    : Is http uri, downloading (uri: https://fonts.gstatic.com/s/e/notoemoji/16.0/1f911/lottie.json)
06-25 11:59:55.902  5306  5869 D Maestro : View hierarchy received in 60 ms
06-25 11:59:55.902  6126  6558 E MDD     : DownloadProgressMonitor: Can't find file group for uri: android://com.google.android.apps.messaging/files/datadownload/shared/public/datadownloadfile_1782388780948
06-25 11:59:55.906  6126  6354 E MDD     : DownloadProgressMonitor: Can't find file group for uri: android://com.google.android.apps.messaging/files/datadownload/shared/public/datadownloadfile_1782388780949
06-25 11:59:55.911  6126  6362 D cevx    : Starting download: https://fonts.gstatic.com/s/e/notoemoji/16.0/1f913/lottie.json
06-25 11:59:55.911  6126  6362 V cevx    : Is http uri, downloading (uri: https://fonts.gstatic.com/s/e/notoemoji/16.0/1f913/lottie.json)
06-25 11:59:55.915  6126  6558 D cevx    : Starting download: https://fonts.gstatic.com/s/e/notoemoji/16.0/1f60e/lottie.json
06-25 11:59:55.915  6126  6558 V cevx    : Is http uri, downloading (uri: https://fonts.gstatic.com/s/e/notoemoji/16.0/1f60e/lottie.json)
06-25 11:59:55.917  6126  6362 E MDD     : DownloadProgressMonitor: Can't find file group for uri: android://com.google.android.apps.messaging/files/datadownload/shared/public/datadownloadfile_1782388780950
06-25 11:59:55.920  6126  6354 D cevx    : Starting download: https://fonts.gstatic.com/s/e/notoemoji/16.0/1f978/lottie.json
06-25 11:59:55.920  6126  6354 V cevx    : Is http uri, downloading (uri: https://fonts.gstatic.com/s/e/notoemoji/16.0/1f978/lottie.json)
06-25 11:59:55.925  6126  6354 E MDD     : DownloadProgressMonitor: Can't find file group for uri: android://com.google.android.apps.messaging/files/datadownload/shared/public/datadownloadfile_1782388780952
06-25 11:59:55.926  6126  6558 E MDD     : DownloadProgressMonitor: Can't find file group for uri: android://com.google.android.apps.messaging/files/datadownload/shared/public/datadownloadfile_1782388780951
06-25 11:59:55.929  6126  6362 D cevx    : Starting download: https://fonts.gstatic.com/s/e/notoemoji/16.0/1f921/lottie.json
06-25 11:59:55.929  6126  6362 V cevx    : Is http uri, downloading (uri: https://fonts.gstatic.com/s/e/notoemoji/16.0/1f921/lottie.json)
06-25 11:59:55.930  6126  6558 D cevx    : Starting download: https://fonts.gstatic.com/s/e/notoemoji/16.0/1f4a9/lottie.json
06-25 11:59:55.930  6126  6558 V cevx    : Is http uri, downloading (uri: https://fonts.gstatic.com/s/e/notoemoji/16.0/1f4a9/lottie.json)
06-25 11:59:55.934  6126  6362 E MDD     : DownloadProgressMonitor: Can't find file group for uri: android://com.google.android.apps.messaging/files/datadownload/shared/public/datadownloadfile_1782388780953
06-25 11:59:55.936  6126  6558 E MDD     : DownloadProgressMonitor: Can't find file group for uri: android://com.google.android.apps.messaging/files/datadownload/shared/public/datadownloadfile_1782388780954
06-25 11:59:55.938  6126  6354 D cevx    : Starting download: https://fonts.gstatic.com/s/e/notoemoji/16.0/1f608/lottie.json
06-25 11:59:55.938  6126  6354 V cevx    : Is http uri, downloading (uri: https://fonts.gstatic.com/s/e/notoemoji/16.0/1f608/lottie.json)
06-25 11:59:55.945  5694  5713 D EGL_emulation: app_time_stats: avg=499.24ms min=498.36ms max=500.30ms count=3
06-25 11:59:55.946  6126  6354 E MDD     : DownloadProgressMonitor: Can't find file group for uri: android://com.google.android.apps.messaging/files/datadownload/shared/public/datadownloadfile_1782388780955
06-25 11:59:55.948  6126  6362 D cevx    : Starting download: https://fonts.gstatic.com/s/e/notoemoji/16.0/1f47f/lottie.json
06-25 11:59:55.948  6126  6362 V cevx    : Is http uri, downloading (uri: https://fonts.gstatic.com/s/e/notoemoji/16.0/1f47f/lottie.json)
06-25 11:59:55.954  6126  6354 D cevx    : Starting download: https://fonts.gstatic.com/s/e/notoemoji/16.0/1f47b/lottie.json
06-25 11:59:55.954  6126  6354 V cevx    : Is http uri, downloading (uri: https://fonts.gstatic.com/s/e/notoemoji/16.0/1f47b/lottie.json)
06-25 11:59:55.957  6126  6362 E MDD     : DownloadProgressMonitor: Can't find file group for uri: android://com.google.android.apps.messaging/files/datadownload/shared/public/datadownloadfile_1782388780956
06-25 11:59:55.962  6126  6558 D cevx    : Starting download: https://fonts.gstatic.com/s/e/notoemoji/16.0/1f480/lottie.json
06-25 11:59:55.962  6126  6558 V cevx    : Is http uri, downloading (uri: https://fonts.gstatic.com/s/e/notoemoji/16.0/1f480/lottie.json)
06-25 11:59:55.967  6126  6354 E MDD     : DownloadProgressMonitor: Can't find file group for uri: android://com.google.android.apps.messaging/files/datadownload/shared/public/datadownloadfile_1782388780957
06-25 11:59:55.970  6126  6558 E MDD     : DownloadProgressMonitor: Can't find file group for uri: android://com.google.android.apps.messaging/files/datadownload/shared/public/datadownloadfile_1782388780958
06-25 11:59:55.975  6126  6362 D cevx    : Starting download: https://fonts.gstatic.com/s/e/notoemoji/16.0/1f383/lottie.json
06-25 11:59:55.975  6126  6362 V cevx    : Is http uri, downloading (uri: https://fonts.gstatic.com/s/e/notoemoji/16.0/1f383/lottie.json)
06-25 11:59:55.980  6126  6354 D cevx    : Starting download: https://fonts.gstatic.com/s/e/notoemoji/16.0/1f916/lottie.json
06-25 11:59:55.980  6126  6354 V cevx    : Is http uri, downloading (uri: https://fonts.gstatic.com/s/e/notoemoji/16.0/1f916/lottie.json)
06-25 11:59:55.982  6126  6362 E MDD     : DownloadProgressMonitor: Can't find file group for uri: android://com.google.android.apps.messaging/files/datadownload/shared/public/datadownloadfile_1782388780959
06-25 11:59:55.986  6126  6354 E MDD     : DownloadProgressMonitor: Can't find file group for uri: android://com.google.android.apps.messaging/files/datadownload/shared/public/datadownloadfile_1782388780960
06-25 11:59:55.987  6126  6558 D cevx    : Starting download: https://fonts.gstatic.com/s/e/notoemoji/16.0/1f47d/lottie.json
06-25 11:59:55.987  6126  6558 V cevx    : Is http uri, downloading (uri: https://fonts.gstatic.com/s/e/notoemoji/16.0/1f47d/lottie.json)
06-25 11:59:55.992  6126  6362 D cevx    : Starting download: https://fonts.gstatic.com/s/e/notoemoji/16.0/1f31e/lottie.json
06-25 11:59:55.992  6126  6362 V cevx    : Is http uri, downloading (uri: https://fonts.gstatic.com/s/e/notoemoji/16.0/1f31e/lottie.json)
06-25 11:59:55.995  6126  6558 E MDD     : DownloadProgressMonitor: Can't find file group for uri: android://com.google.android.apps.messaging/files/datadownload/shared/public/datadownloadfile_1782388780961
06-25 11:59:55.998  6126  6362 E MDD     : DownloadProgressMonitor: Can't find file group for uri: android://com.google.android.apps.messaging/files/datadownload/shared/public/datadownloadfile_1782388780962
06-25 11:59:56.000  5306  5869 D Maestro : Requesting view hierarchy
06-25 11:59:56.001  5306  5869 W QueryController: Could not detect idle state.
06-25 11:59:56.001  5306  5869 W QueryController: Could not detect idle state.
06-25 11:59:56.006  6126  6354 D cevx    : Starting download: https://fonts.gstatic.com/s/e/notoemoji/16.0/1f31b/lottie.json
06-25 11:59:56.006  6126  6354 V cevx    : Is http uri, downloading (uri: https://fonts.gstatic.com/s/e/notoemoji/16.0/1f31b/lottie.json)
06-25 11:59:56.010  5306  5869 I Maestro : Skipping invisible child: android.view.accessibility.AccessibilityNodeInfo@12882; boundsInParent: Rect(0, 0 - 320, 0); boundsInScreen: Rect(0, 0 - 320, 0); boundsInWindow: Rect(0, 0 - 320, 0); packageName: com.hanapkalinga.mobile; className: android.widget.LinearLayout; text: null; error: null; maxTextLength: -1; stateDescription: null; contentDescription: null; tooltipText: null; containerTitle: null; viewIdResName: null; uniqueId: null; checkable: false; checked: false; focusable: false; focused: false; selected: false; clickable: false; longClickable: false; contextClickable: false; enabled: true; password: false; scrollable: false; importantForAccessibility: false; visible: false; actions: [AccessibilityAction: ACTION_SELECT - null, AccessibilityAction: ACTION_CLEAR_SELECTION - null, AccessibilityAction: ACTION_ACCESSIBILITY_FOCUS - null, AccessibilityAction: ACTION_SHOW_ON_SCREEN - null]; isTextSelectable: false
06-25 11:59:56.011  5306  5869 I Maestro : Skipping invisible child: android.view.accessibility.AccessibilityNodeInfo@124c1; boundsInParent: Rect(0, 0 - 320, 0); boundsInScreen: Rect(0, 0 - 320, 0); boundsInWindow: Rect(0, 0 - 320, 0); packageName: com.hanapkalinga.mobile; className: android.view.ViewGroup; text: null; error: null; maxTextLength: -1; stateDescription: null; contentDescription: null; tooltipText: null; containerTitle: null; viewIdResName: null; uniqueId: null; checkable: false; checked: false; focusable: false; focused: false; selected: false; clickable: false; longClickable: false; contextClickable: false; enabled: true; password: false; scrollable: false; importantForAccessibility: false; visible: false; actions: [AccessibilityAction: ACTION_SELECT - null, AccessibilityAction: ACTION_CLEAR_SELECTION - null, AccessibilityAction: ACTION_ACCESSIBILITY_FOCUS - null, AccessibilityAction: ACTION_SHOW_ON_SCREEN - null]; isTextSelectable: false
06-25 11:59:56.012  6126  6354 E MDD     : DownloadProgressMonitor: Can't find file group for uri: android://com.google.android.apps.messaging/files/datadownload/shared/public/datadownloadfile_1782388780963
06-25 11:59:56.013  5306  5869 I Maestro : Skipping invisible child: android.view.accessibility.AccessibilityNodeInfo@1919e; boundsInParent: Rect(0, 0 - 320, 0); boundsInScreen: Rect(0, 0 - 320, 0); boundsInWindow: Rect(0, 0 - 320, 0); packageName: com.hanapkalinga.mobile; className: android.widget.LinearLayout; text: null; error: null; maxTextLength: -1; stateDescription: null; contentDescription: null; tooltipText: null; containerTitle: null; viewIdResName: null; uniqueId: null; checkable: false; checked: false; focusable: false; focused: false; selected: false; clickable: false; longClickable: false; contextClickable: false; enabled: true; password: false; scrollable: false; importantForAccessibility: false; visible: false; actions: [AccessibilityAction: ACTION_SELECT - null, AccessibilityAction: ACTION_CLEAR_SELECTION - null, AccessibilityAction: ACTION_ACCESSIBILITY_FOCUS - null, AccessibilityAction: ACTION_SHOW_ON_SCREEN - null]; isTextSelectable: false
06-25 11:59:56.014  5306  5869 I Maestro : Skipping invisible child: android.view.accessibility.AccessibilityNodeInfo@18ddd; boundsInParent: Rect(0, 0 - 320, 0); boundsInScreen: Rect(0, 0 - 320, 0); boundsInWindow: Rect(0, 0 - 320, 0); packageName: com.hanapkalinga.mobile; className: android.view.ViewGroup; text: null; error: null; maxTextLength: -1; stateDescription: null; contentDescription: null; tooltipText: null; containerTitle: null; viewIdResName: null; uniqueId: null; checkable: false; checked: false; focusable: false; focused: false; selected: false; clickable: false; longClickable: false; contextClickable: false; enabled: true; password: false; scrollable: false; importantForAccessibility: false; visible: false; actions: [AccessibilityAction: ACTION_SELECT - null, AccessibilityAction: ACTION_CLEAR_SELECTION - null, AccessibilityAction: ACTION_ACCESSIBILITY_FOCUS - null, AccessibilityAction: ACTION_SHOW_ON_SCREEN - null]; isTextSelectable: false
06-25 11:59:56.015  6126  6362 D cevx    : Starting download: https://fonts.gstatic.com/s/e/notoemoji/16.0/1f31c/lottie.json
06-25 11:59:56.015  6126  6362 V cevx    : Is http uri, downloading (uri: https://fonts.gstatic.com/s/e/notoemoji/16.0/1f31c/lottie.json)
06-25 11:59:56.019  6126  6558 D cevx    : Starting download: https://fonts.gstatic.com/s/e/notoemoji/16.0/1f63a/lottie.json
06-25 11:59:56.019  6126  6558 V cevx    : Is http uri, downloading (uri: https://fonts.gstatic.com/s/e/notoemoji/16.0/1f63a/lottie.json)
06-25 11:59:56.022  6126  6362 E MDD     : DownloadProgressMonitor: Can't find file group for uri: android://com.google.android.apps.messaging/files/datadownload/shared/public/datadownloadfile_1782388780964
06-25 11:59:56.024  6126  6354 D cevx    : Starting download: https://fonts.gstatic.com/s/e/notoemoji/16.0/1f638/lottie.json
06-25 11:59:56.024  6126  6354 V cevx    : Is http uri, downloading (uri: https://fonts.gstatic.com/s/e/notoemoji/16.0/1f638/lottie.json)
06-25 11:59:56.026  6126  6558 E MDD     : DownloadProgressMonitor: Can't find file group for uri: android://com.google.android.apps.messaging/files/datadownload/shared/public/datadownloadfile_1782388780965
06-25 11:59:56.029  6126  6354 E MDD     : DownloadProgressMonitor: Can't find file group for uri: android://com.google.android.apps.messaging/files/datadownload/shared/public/datadownloadfile_1782388780966
06-25 11:59:56.031  5306  5869 D Maestro : View hierarchy received in 31 ms
06-25 11:59:56.034  6126  6362 D cevx    : Starting download: https://fonts.gstatic.com/s/e/notoemoji/16.0/1f639/lottie.json
06-25 11:59:56.034  6126  6362 V cevx    : Is http uri, downloading (uri: https://fonts.gstatic.com/s/e/notoemoji/16.0/1f639/lottie.json)
06-25 11:59:56.036  6126  6558 D cevx    : Starting download: https://fonts.gstatic.com/s/e/notoemoji/16.0/1f63b/lottie.json
06-25 11:59:56.036  6126  6558 V cevx    : Is http uri, downloading (uri: https://fonts.gstatic.com/s/e/notoemoji/16.0/1f63b/lottie.json)
06-25 11:59:56.042  6126  6558 E MDD     : DownloadProgressMonitor: Can't find file group for uri: android://com.google.android.apps.messaging/files/datadownload/shared/public/datadownloadfile_1782388780968
06-25 11:59:56.043  6126  6362 E MDD     : DownloadProgressMonitor: Can't find file group for uri: android://com.google.android.apps.messaging/files/datadownload/shared/public/datadownloadfile_1782388780967
06-25 11:59:56.047  6126  6354 D cevx    : Starting download: https://fonts.gstatic.com/s/e/notoemoji/16.0/1f63c/lottie.json
06-25 11:59:56.047  6126  6354 V cevx    : Is http uri, downloading (uri: https://fonts.gstatic.com/s/e/notoemoji/16.0/1f63c/lottie.json)
06-25 11:59:56.051  6126  6558 D cevx    : Starting download: https://fonts.gstatic.com/s/e/notoemoji/16.0/1f63d/lottie.json
06-25 11:59:56.051  6126  6558 V cevx    : Is http uri, downloading (uri: https://fonts.gstatic.com/s/e/notoemoji/16.0/1f63d/lottie.json)
06-25 11:59:56.053  1760  2347 W A       : [Download] response code: 400
06-25 11:59:56.055  6126  6354 E MDD     : DownloadProgressMonitor: Can't find file group for uri: android://com.google.android.apps.messaging/files/datadownload/shared/public/datadownloadfile_1782388780969
06-25 11:59:56.057  6126  6558 E MDD     : DownloadProgressMonitor: Can't find file group for uri: android://com.google.android.apps.messaging/files/datadownload/shared/public/datadownloadfile_1782388780970
06-25 11:59:56.060  6126  6362 D cevx    : Starting download: https://fonts.gstatic.com/s/e/notoemoji/16.0/1f640/lottie.json
06-25 11:59:56.060  6126  6362 V cevx    : Is http uri, downloading (uri: https://fonts.gstatic.com/s/e/notoemoji/16.0/1f640/lottie.json)
06-25 11:59:56.063  6126  6558 D cevx    : Starting download: https://fonts.gstatic.com/s/e/notoemoji/16.0/1f63f/lottie.json
06-25 11:59:56.063  6126  6558 V cevx    : Is http uri, downloading (uri: https://fonts.gstatic.com/s/e/notoemoji/16.0/1f63f/lottie.json)
06-25 11:59:56.066  6126  6362 E MDD     : DownloadProgressMonitor: Can't find file group for uri: android://com.google.android.apps.messaging/files/datadownload/shared/public/datadownloadfile_1782388780971
06-25 11:59:56.070  6126  6558 E MDD     : DownloadProgressMonitor: Can't find file group for uri: android://com.google.android.apps.messaging/files/datadownload/shared/public/datadownloadfile_1782388780972
06-25 11:59:56.077  6126  6354 D cevx    : Starting download: https://fonts.gstatic.com/s/e/notoemoji/16.0/1f63e/lottie.json
06-25 11:59:56.077  6126  6354 V cevx    : Is http uri, downloading (uri: https://fonts.gstatic.com/s/e/notoemoji/16.0/1f63e/lottie.json)
06-25 11:59:56.082  6126  6354 E MDD     : DownloadProgressMonitor: Can't find file group for uri: android://com.google.android.apps.messaging/files/datadownload/shared/public/datadownloadfile_1782388780973
06-25 11:59:56.083  6126  6362 D cevx    : Starting download: https://fonts.gstatic.com/s/e/notoemoji/16.0/1f648/lottie.json
06-25 11:59:56.083  6126  6362 V cevx    : Is http uri, downloading (uri: https://fonts.gstatic.com/s/e/notoemoji/16.0/1f648/lottie.json)
06-25 11:59:56.086  6126  6558 D cevx    : Starting download: https://fonts.gstatic.com/s/e/notoemoji/16.0/1f649/lottie.json
06-25 11:59:56.086  6126  6558 V cevx    : Is http uri, downloading (uri: https://fonts.gstatic.com/s/e/notoemoji/16.0/1f649/lottie.json)
06-25 11:59:56.089  6126  6362 E MDD     : DownloadProgressMonitor: Can't find file group for uri: android://com.google.android.apps.messaging/files/datadownload/shared/public/datadownloadfile_1782388780974
06-25 11:59:56.092  6126  6558 E MDD     : DownloadProgressMonitor: Can't find file group for uri: android://com.google.android.apps.messaging/files/datadownload/shared/public/datadownloadfile_1782388780975
06-25 11:59:56.095  6126  6354 D cevx    : Starting download: https://fonts.gstatic.com/s/e/notoemoji/16.0/1f64a/lottie.json
06-25 11:59:56.095  6126  6354 V cevx    : Is http uri, downloading (uri: https://fonts.gstatic.com/s/e/notoemoji/16.0/1f64a/lottie.json)
06-25 11:59:56.097  6126  6362 D cevx    : Starting download: https://fonts.gstatic.com/s/e/notoemoji/16.0/1f31f/lottie.json
06-25 11:59:56.097  6126  6362 V cevx    : Is http uri, downloading (uri: https://fonts.gstatic.com/s/e/notoemoji/16.0/1f31f/lottie.json)
06-25 11:59:56.100  6126  6354 E MDD     : DownloadProgressMonitor: Can't find file group for uri: android://com.google.android.apps.messaging/files/datadownload/shared/public/datadownloadfile_1782388780976
06-25 11:59:56.103  6126  6362 E MDD     : DownloadProgressMonitor: Can't find file group for uri: android://com.google.android.apps.messaging/files/datadownload/shared/public/datadownloadfile_1782388780977
06-25 11:59:56.108  6126  6558 D cevx    : Starting download: https://fonts.gstatic.com/s/e/notoemoji/16.0/2728/lottie.json
06-25 11:59:56.108  6126  6558 V cevx    : Is http uri, downloading (uri: https://fonts.gstatic.com/s/e/notoemoji/16.0/2728/lottie.json)
06-25 11:59:56.109  6126  6362 D cevx    : Starting download: https://fonts.gstatic.com/s/e/notoemoji/16.0/26a1/lottie.json
06-25 11:59:56.109  6126  6362 V cevx    : Is http uri, downloading (uri: https://fonts.gstatic.com/s/e/notoemoji/16.0/26a1/lottie.json)
06-25 11:59:56.113  6126  6558 E MDD     : DownloadProgressMonitor: Can't find file group for uri: android://com.google.android.apps.messaging/files/datadownload/shared/public/datadownloadfile_1782388780978
06-25 11:59:56.115  6126  6354 D cevx    : Starting download: https://fonts.gstatic.com/s/e/notoemoji/16.0/1f4a5/lottie.json
06-25 11:59:56.115  6126  6354 V cevx    : Is http uri, downloading (uri: https://fonts.gstatic.com/s/e/notoemoji/16.0/1f4a5/lottie.json)
06-25 11:59:56.116  6126  6362 E MDD     : DownloadProgressMonitor: Can't find file group for uri: android://com.google.android.apps.messaging/files/datadownload/shared/public/datadownloadfile_1782388780979
06-25 11:59:56.125  6126  6354 E MDD     : DownloadProgressMonitor: Can't find file group for uri: android://com.google.android.apps.messaging/files/datadownload/shared/public/datadownloadfile_1782388780980
06-25 11:59:56.127  5306  5869 D Maestro : Requesting view hierarchy
06-25 11:59:56.128  5306  5869 W QueryController: Could not detect idle state.
06-25 11:59:56.128  5306  5869 W QueryController: Could not detect idle state.
06-25 11:59:56.130  6126  6558 D cevx    : Starting download: https://fonts.gstatic.com/s/e/notoemoji/16.0/1f525/lottie.json
06-25 11:59:56.130  6126  6558 V cevx    : Is http uri, downloading (uri: https://fonts.gstatic.com/s/e/notoemoji/16.0/1f525/lottie.json)
06-25 11:59:56.133  6126  6354 D cevx    : Starting download: https://fonts.gstatic.com/s/e/notoemoji/16.0/1f4af/lottie.json
06-25 11:59:56.133  6126  6354 V cevx    : Is http uri, downloading (uri: https://fonts.gstatic.com/s/e/notoemoji/16.0/1f4af/lottie.json)
06-25 11:59:56.135  6126  6558 E MDD     : DownloadProgressMonitor: Can't find file group for uri: android://com.google.android.apps.messaging/files/datadownload/shared/public/datadownloadfile_1782388780981
06-25 11:59:56.142  6126  6354 E MDD     : DownloadProgressMonitor: Can't find file group for uri: android://com.google.android.apps.messaging/files/datadownload/shared/public/datadownloadfile_1782388780982
06-25 11:59:56.143  6126  6362 D cevx    : Starting download: https://fonts.gstatic.com/s/e/notoemoji/16.0/1f389/lottie.json
06-25 11:59:56.143  6126  6362 V cevx    : Is http uri, downloading (uri: https://fonts.gstatic.com/s/e/notoemoji/16.0/1f389/lottie.json)
06-25 11:59:56.146  6126  6558 D cevx    : Starting download: https://fonts.gstatic.com/s/e/notoemoji/16.0/1f38a/lottie.json
06-25 11:59:56.146  6126  6558 V cevx    : Is http uri, downloading (uri: https://fonts.gstatic.com/s/e/notoemoji/16.0/1f38a/lottie.json)
06-25 11:59:56.148  6126  6362 E MDD     : DownloadProgressMonitor: Can't find file group for uri: android://com.google.android.apps.messaging/files/datadownload/shared/public/datadownloadfile_1782388780983
06-25 11:59:56.151  6126  6558 E MDD     : DownloadProgressMonitor: Can't find file group for uri: android://com.google.android.apps.messaging/files/datadownload/shared/public/datadownloadfile_1782388780984
06-25 11:59:56.156  5306  5869 I Maestro : Skipping invisible child: android.view.accessibility.AccessibilityNodeInfo@12882; boundsInParent: Rect(0, 0 - 320, 0); boundsInScreen: Rect(0, 0 - 320, 0); boundsInWindow: Rect(0, 0 - 320, 0); packageName: com.hanapkalinga.mobile; className: android.widget.LinearLayout; text: null; error: null; maxTextLength: -1; stateDescription: null; contentDescription: null; tooltipText: null; containerTitle: null; viewIdResName: null; uniqueId: null; checkable: false; checked: false; focusable: false; focused: false; selected: false; clickable: false; longClickable: false; contextClickable: false; enabled: true; password: false; scrollable: false; importantForAccessibility: false; visible: false; actions: [AccessibilityAction: ACTION_SELECT - null, AccessibilityAction: ACTION_CLEAR_SELECTION - null, AccessibilityAction: ACTION_ACCESSIBILITY_FOCUS - null, AccessibilityAction: ACTION_SHOW_ON_SCREEN - null]; isTextSelectable: false
06-25 11:59:56.156  5306  5869 I Maestro : Skipping invisible child: android.view.accessibility.AccessibilityNodeInfo@124c1; boundsInParent: Rect(0, 0 - 320, 0); boundsInScreen: Rect(0, 0 - 320, 0); boundsInWindow: Rect(0, 0 - 320, 0); packageName: com.hanapkalinga.mobile; className: android.view.ViewGroup; text: null; error: null; maxTextLength: -1; stateDescription: null; contentDescription: null; tooltipText: null; containerTitle: null; viewIdResName: null; uniqueId: null; checkable: false; checked: false; focusable: false; focused: false; selected: false; clickable: false; longClickable: false; contextClickable: false; enabled: true; password: false; scrollable: false; importantForAccessibility: false; visible: false; actions: [AccessibilityAction: ACTION_SELECT - null, AccessibilityAction: ACTION_CLEAR_SELECTION - null, AccessibilityAction: ACTION_ACCESSIBILITY_FOCUS - null, AccessibilityAction: ACTION_SHOW_ON_SCREEN - null]; isTextSelectable: false
06-25 11:59:56.155  6126  6354 D cevx    : Starting download: https://fonts.gstatic.com/s/e/notoemoji/16.0/2764_fe0f/lottie.json
06-25 11:59:56.156  6126  6354 V cevx    : Is http uri, downloading (uri: https://fonts.gstatic.com/s/e/notoemoji/16.0/2764_fe0f/lottie.json)
06-25 11:59:56.158  5306  5869 I Maestro : Skipping invisible child: android.view.accessibility.AccessibilityNodeInfo@1919e; boundsInParent: Rect(0, 0 - 320, 0); boundsInScreen: Rect(0, 0 - 320, 0); boundsInWindow: Rect(0, 0 - 320, 0); packageName: com.hanapkalinga.mobile; className: android.widget.LinearLayout; text: null; error: null; maxTextLength: -1; stateDescription: null; contentDescription: null; tooltipText: null; containerTitle: null; viewIdResName: null; uniqueId: null; checkable: false; checked: false; focusable: false; focused: false; selected: false; clickable: false; longClickable: false; contextClickable: false; enabled: true; password: false; scrollable: false; importantForAccessibility: false; visible: false; actions: [AccessibilityAction: ACTION_SELECT - null, AccessibilityAction: ACTION_CLEAR_SELECTION - null, AccessibilityAction: ACTION_ACCESSIBILITY_FOCUS - null, AccessibilityAction: ACTION_SHOW_ON_SCREEN - null]; isTextSelectable: false
06-25 11:59:56.158  5306  5869 I Maestro : Skipping invisible child: android.view.accessibility.AccessibilityNodeInfo@18ddd; boundsInParent: Rect(0, 0 - 320, 0); boundsInScreen: Rect(0, 0 - 320, 0); boundsInWindow: Rect(0, 0 - 320, 0); packageName: com.hanapkalinga.mobile; className: android.view.ViewGroup; text: null; error: null; maxTextLength: -1; stateDescription: null; contentDescription: null; tooltipText: null; containerTitle: null; viewIdResName: null; uniqueId: null; checkable: false; checked: false; focusable: false; focused: false; selected: false; clickable: false; longClickable: false; contextClickable: false; enabled: true; password: false; scrollable: false; importantForAccessibility: false; visible: false; actions: [AccessibilityAction: ACTION_SELECT - null, AccessibilityAction: ACTION_CLEAR_SELECTION - null, AccessibilityAction: ACTION_ACCESSIBILITY_FOCUS - null, AccessibilityAction: ACTION_SHOW_ON_SCREEN - null]; isTextSelectable: false
06-25 11:59:56.162  6126  6354 E MDD     : DownloadProgressMonitor: Can't find file group for uri: android://com.google.android.apps.messaging/files/datadownload/shared/public/datadownloadfile_1782388780985
06-25 11:59:56.165  6126  6362 D cevx    : Starting download: https://fonts.gstatic.com/s/e/notoemoji/16.0/1f9e1/lottie.json
06-25 11:59:56.165  6126  6362 V cevx    : Is http uri, downloading (uri: https://fonts.gstatic.com/s/e/notoemoji/16.0/1f9e1/lottie.json)
06-25 11:59:56.170  6126  6362 E MDD     : DownloadProgressMonitor: Can't find file group for uri: android://com.google.android.apps.messaging/files/datadownload/shared/public/datadownloadfile_1782388780986
06-25 11:59:56.174  6126  6354 D cevx    : Starting download: https://fonts.gstatic.com/s/e/notoemoji/16.0/1f49b/lottie.json
06-25 11:59:56.175  6126  6354 V cevx    : Is http uri, downloading (uri: https://fonts.gstatic.com/s/e/notoemoji/16.0/1f49b/lottie.json)
06-25 11:59:56.175  6126  6558 D cevx    : Starting download: https://fonts.gstatic.com/s/e/notoemoji/16.0/1f49a/lottie.json
06-25 11:59:56.175  6126  6558 V cevx    : Is http uri, downloading (uri: https://fonts.gstatic.com/s/e/notoemoji/16.0/1f49a/lottie.json)
06-25 11:59:56.178  5306  5869 D Maestro : View hierarchy received in 51 ms
06-25 11:59:56.181  6126  6354 E MDD     : DownloadProgressMonitor: Can't find file group for uri: android://com.google.android.apps.messaging/files/datadownload/shared/public/datadownloadfile_1782388780987
06-25 11:59:56.182  6126  6558 E MDD     : DownloadProgressMonitor: Can't find file group for uri: android://com.google.android.apps.messaging/files/datadownload/shared/public/datadownloadfile_1782388780988
06-25 11:59:56.183  6126  6362 D cevx    : Starting download: https://fonts.gstatic.com/s/e/notoemoji/16.0/1fa75/lottie.json
06-25 11:59:56.183  6126  6362 V cevx    : Is http uri, downloading (uri: https://fonts.gstatic.com/s/e/notoemoji/16.0/1fa75/lottie.json)
06-25 11:59:56.184  6126  6354 D cevx    : Starting download: https://fonts.gstatic.com/s/e/notoemoji/16.0/1f499/lottie.json
06-25 11:59:56.184  6126  6354 V cevx    : Is http uri, downloading (uri: https://fonts.gstatic.com/s/e/notoemoji/16.0/1f499/lottie.json)
06-25 11:59:56.188  6126  6362 E MDD     : DownloadProgressMonitor: Can't find file group for uri: android://com.google.android.apps.messaging/files/datadownload/shared/public/datadownloadfile_1782388780989
06-25 11:59:56.189  6126  6558 D cevx    : Starting download: https://fonts.gstatic.com/s/e/notoemoji/16.0/1f49c/lottie.json
06-25 11:59:56.189  6126  6558 V cevx    : Is http uri, downloading (uri: https://fonts.gstatic.com/s/e/notoemoji/16.0/1f49c/lottie.json)
06-25 11:59:56.191  6126  6354 E MDD     : DownloadProgressMonitor: Can't find file group for uri: android://com.google.android.apps.messaging/files/datadownload/shared/public/datadownloadfile_1782388780990
06-25 11:59:56.193  6126  6362 D cevx    : Starting download: https://fonts.gstatic.com/s/e/notoemoji/16.0/1f90e/lottie.json
06-25 11:59:56.193  6126  6362 V cevx    : Is http uri, downloading (uri: https://fonts.gstatic.com/s/e/notoemoji/16.0/1f90e/lottie.json)
06-25 11:59:56.195  6126  6558 E MDD     : DownloadProgressMonitor: Can't find file group for uri: android://com.google.android.apps.messaging/files/datadownload/shared/public/datadownloadfile_1782388780991
06-25 11:59:56.196  6126  6354 D cevx    : Starting download: https://fonts.gstatic.com/s/e/notoemoji/16.0/1f5a4/lottie.json
06-25 11:59:56.196  6126  6354 V cevx    : Is http uri, downloading (uri: https://fonts.gstatic.com/s/e/notoemoji/16.0/1f5a4/lottie.json)
06-25 11:59:56.199  6126  6362 E MDD     : DownloadProgressMonitor: Can't find file group for uri: android://com.google.android.apps.messaging/files/datadownload/shared/public/datadownloadfile_1782388780992
06-25 11:59:56.200  6126  6558 D cevx    : Starting download: https://fonts.gstatic.com/s/e/notoemoji/16.0/1fa76/lottie.json
06-25 11:59:56.200  6126  6558 V cevx    : Is http uri, downloading (uri: https://fonts.gstatic.com/s/e/notoemoji/16.0/1fa76/lottie.json)
06-25 11:59:56.200  6126  6354 E MDD     : DownloadProgressMonitor: Can't find file group for uri: android://com.google.android.apps.messaging/files/datadownload/shared/public/datadownloadfile_1782388780993
06-25 11:59:56.202  6126  6362 D cevx    : Starting download: https://fonts.gstatic.com/s/e/notoemoji/16.0/1f90d/lottie.json
06-25 11:59:56.202  6126  6362 V cevx    : Is http uri, downloading (uri: https://fonts.gstatic.com/s/e/notoemoji/16.0/1f90d/lottie.json)
06-25 11:59:56.205  6126  6558 E MDD     : DownloadProgressMonitor: Can't find file group for uri: android://com.google.android.apps.messaging/files/datadownload/shared/public/datadownloadfile_1782388780994
06-25 11:59:56.206  6126  6354 D cevx    : Starting download: https://fonts.gstatic.com/s/e/notoemoji/16.0/1fa77/lottie.json
06-25 11:59:56.206  6126  6354 V cevx    : Is http uri, downloading (uri: https://fonts.gstatic.com/s/e/notoemoji/16.0/1fa77/lottie.json)
06-25 11:59:56.207  6126  6362 E MDD     : DownloadProgressMonitor: Can't find file group for uri: android://com.google.android.apps.messaging/files/datadownload/shared/public/datadownloadfile_1782388780995
06-25 11:59:56.208  6126  6558 D cevx    : Starting download: https://fonts.gstatic.com/s/e/notoemoji/16.0/1f498/lottie.json
06-25 11:59:56.208  6126  6558 V cevx    : Is http uri, downloading (uri: https://fonts.gstatic.com/s/e/notoemoji/16.0/1f498/lottie.json)
06-25 11:59:56.212  6126  6354 E MDD     : DownloadProgressMonitor: Can't find file group for uri: android://com.google.android.apps.messaging/files/datadownload/shared/public/datadownloadfile_1782388780996
06-25 11:59:56.213  6126  6558 E MDD     : DownloadProgressMonitor: Can't find file group for uri: android://com.google.android.apps.messaging/files/datadownload/shared/public/datadownloadfile_1782388780997
06-25 11:59:56.214  6126  6362 D cevx    : Starting download: https://fonts.gstatic.com/s/e/notoemoji/16.0/1f49d/lottie.json
06-25 11:59:56.214  6126  6362 V cevx    : Is http uri, downloading (uri: https://fonts.gstatic.com/s/e/notoemoji/16.0/1f49d/lottie.json)
06-25 11:59:56.217  6126  6354 D cevx    : Starting download: https://fonts.gstatic.com/s/e/notoemoji/16.0/1f496/lottie.json
06-25 11:59:56.217  6126  6354 V cevx    : Is http uri, downloading (uri: https://fonts.gstatic.com/s/e/notoemoji/16.0/1f496/lottie.json)
06-25 11:59:56.221  6126  6362 E MDD     : DownloadProgressMonitor: Can't find file group for uri: android://com.google.android.apps.messaging/files/datadownload/shared/public/datadownloadfile_1782388780998
06-25 11:59:56.224  6126  6354 E MDD     : DownloadProgressMonitor: Can't find file group for uri: android://com.google.android.apps.messaging/files/datadownload/shared/public/datadownloadfile_1782388780999
06-25 11:59:56.231  5306  5869 D Maestro : Requesting view hierarchy
06-25 11:59:56.232  5306  5869 W QueryController: Could not detect idle state.
06-25 11:59:56.232  5306  5869 W QueryController: Could not detect idle state.
06-25 11:59:56.239  6126  6558 D cevx    : Starting download: https://fonts.gstatic.com/s/e/notoemoji/16.0/1f497/lottie.json
06-25 11:59:56.239  6126  6558 V cevx    : Is http uri, downloading (uri: https://fonts.gstatic.com/s/e/notoemoji/16.0/1f497/lottie.json)
06-25 11:59:56.243  5306  5869 I Maestro : Skipping invisible child: android.view.accessibility.AccessibilityNodeInfo@12882; boundsInParent: Rect(0, 0 - 320, 0); boundsInScreen: Rect(0, 0 - 320, 0); boundsInWindow: Rect(0, 0 - 320, 0); packageName: com.hanapkalinga.mobile; className: android.widget.LinearLayout; text: null; error: null; maxTextLength: -1; stateDescription: null; contentDescription: null; tooltipText: null; containerTitle: null; viewIdResName: null; uniqueId: null; checkable: false; checked: false; focusable: false; focused: false; selected: false; clickable: false; longClickable: false; contextClickable: false; enabled: true; password: false; scrollable: false; importantForAccessibility: false; visible: false; actions: [AccessibilityAction: ACTION_SELECT - null, AccessibilityAction: ACTION_CLEAR_SELECTION - null, AccessibilityAction: ACTION_ACCESSIBILITY_FOCUS - null, AccessibilityAction: ACTION_SHOW_ON_SCREEN - null]; isTextSelectable: false
