06-25 11:59:57.740  5306  5869 I Maestro : Skipping invisible child: android.view.accessibility.AccessibilityNodeInfo@18ddd; boundsInParent: Rect(0, 0 - 320, 0); boundsInScreen: Rect(0, 0 - 320, 0); boundsInWindow: Rect(0, 0 - 320, 0); packageName: com.hanapkalinga.mobile; className: android.view.ViewGroup; text: null; error: null; maxTextLength: -1; stateDescription: null; contentDescription: null; tooltipText: null; containerTitle: null; viewIdResName: null; uniqueId: null; checkable: false; checked: false; focusable: false; focused: false; selected: false; clickable: false; longClickable: false; contextClickable: false; enabled: true; password: false; scrollable: false; importantForAccessibility: false; visible: false; actions: [AccessibilityAction: ACTION_SELECT - null, AccessibilityAction: ACTION_CLEAR_SELECTION - null, AccessibilityAction: ACTION_ACCESSIBILITY_FOCUS - null, AccessibilityAction: ACTION_SHOW_ON_SCREEN - null]; isTextSelectable: false
06-25 11:59:57.743  6126  6354 E MDD     : DownloadProgressMonitor: Can't find file group for uri: android://com.google.android.apps.messaging/files/datadownload/shared/public/datadownloadfile_1782388781192
06-25 11:59:57.745  6126  6362 D cevx    : Starting download: https://fonts.gstatic.com/s/e/notoemoji/16.0/26bd/lottie.json
06-25 11:59:57.745  6126  6362 V cevx    : Is http uri, downloading (uri: https://fonts.gstatic.com/s/e/notoemoji/16.0/26bd/lottie.json)
06-25 11:59:57.750  6126  6362 E MDD     : DownloadProgressMonitor: Can't find file group for uri: android://com.google.android.apps.messaging/files/datadownload/shared/public/datadownloadfile_1782388781193
06-25 11:59:57.756  6126  6558 D cevx    : Starting download: https://fonts.gstatic.com/s/e/notoemoji/16.0/26be/lottie.json
06-25 11:59:57.756  5306  5869 D Maestro : View hierarchy received in 29 ms
06-25 11:59:57.758  6126  6558 V cevx    : Is http uri, downloading (uri: https://fonts.gstatic.com/s/e/notoemoji/16.0/26be/lottie.json)
06-25 11:59:57.758  6126  6354 D cevx    : Starting download: https://fonts.gstatic.com/s/e/notoemoji/16.0/1f94e/lottie.json
06-25 11:59:57.758  6126  6354 V cevx    : Is http uri, downloading (uri: https://fonts.gstatic.com/s/e/notoemoji/16.0/1f94e/lottie.json)
06-25 11:59:57.767  6126  6558 E MDD     : DownloadProgressMonitor: Can't find file group for uri: android://com.google.android.apps.messaging/files/datadownload/shared/public/datadownloadfile_1782388781194
06-25 11:59:57.767  6126  6354 E MDD     : DownloadProgressMonitor: Can't find file group for uri: android://com.google.android.apps.messaging/files/datadownload/shared/public/datadownloadfile_1782388781195
06-25 11:59:57.772  6126  6362 D cevx    : Starting download: https://fonts.gstatic.com/s/e/notoemoji/16.0/1f3be/lottie.json
06-25 11:59:57.772  6126  6362 V cevx    : Is http uri, downloading (uri: https://fonts.gstatic.com/s/e/notoemoji/16.0/1f3be/lottie.json)
06-25 11:59:57.773  6126  6354 D cevx    : Starting download: https://fonts.gstatic.com/s/e/notoemoji/16.0/1f3f8/lottie.json
06-25 11:59:57.773  6126  6354 V cevx    : Is http uri, downloading (uri: https://fonts.gstatic.com/s/e/notoemoji/16.0/1f3f8/lottie.json)
06-25 11:59:57.779  6126  6354 E MDD     : DownloadProgressMonitor: Can't find file group for uri: android://com.google.android.apps.messaging/files/datadownload/shared/public/datadownloadfile_1782388781197
06-25 11:59:57.780  6126  6362 E MDD     : DownloadProgressMonitor: Can't find file group for uri: android://com.google.android.apps.messaging/files/datadownload/shared/public/datadownloadfile_1782388781196
06-25 11:59:57.782  6126  6558 D cevx    : Starting download: https://fonts.gstatic.com/s/e/notoemoji/16.0/1f94d/lottie.json
06-25 11:59:57.782  6126  6558 V cevx    : Is http uri, downloading (uri: https://fonts.gstatic.com/s/e/notoemoji/16.0/1f94d/lottie.json)
06-25 11:59:57.783  6126  6362 D cevx    : Starting download: https://fonts.gstatic.com/s/e/notoemoji/16.0/1f3cf/lottie.json
06-25 11:59:57.783  6126  6362 V cevx    : Is http uri, downloading (uri: https://fonts.gstatic.com/s/e/notoemoji/16.0/1f3cf/lottie.json)
06-25 11:59:57.791  6126  6558 E MDD     : DownloadProgressMonitor: Can't find file group for uri: android://com.google.android.apps.messaging/files/datadownload/shared/public/datadownloadfile_1782388781198
06-25 11:59:57.794  6126  6362 E MDD     : DownloadProgressMonitor: Can't find file group for uri: android://com.google.android.apps.messaging/files/datadownload/shared/public/datadownloadfile_1782388781199
06-25 11:59:57.799  6126  6354 D cevx    : Starting download: https://fonts.gstatic.com/s/e/notoemoji/16.0/1f3d1/lottie.json
06-25 11:59:57.799  6126  6354 V cevx    : Is http uri, downloading (uri: https://fonts.gstatic.com/s/e/notoemoji/16.0/1f3d1/lottie.json)
06-25 11:59:57.799  6126  6362 D cevx    : Starting download: https://fonts.gstatic.com/s/e/notoemoji/16.0/1f3d2/lottie.json
06-25 11:59:57.799  6126  6362 V cevx    : Is http uri, downloading (uri: https://fonts.gstatic.com/s/e/notoemoji/16.0/1f3d2/lottie.json)
06-25 11:59:57.807  6126  6354 E MDD     : DownloadProgressMonitor: Can't find file group for uri: android://com.google.android.apps.messaging/files/datadownload/shared/public/datadownloadfile_1782388781200
06-25 11:59:57.807  6126  6362 E MDD     : DownloadProgressMonitor: Can't find file group for uri: android://com.google.android.apps.messaging/files/datadownload/shared/public/datadownloadfile_1782388781201
06-25 11:59:57.808  6126  6558 D cevx    : Starting download: https://fonts.gstatic.com/s/e/notoemoji/16.0/1f3af/lottie.json
06-25 11:59:57.808  6126  6558 V cevx    : Is http uri, downloading (uri: https://fonts.gstatic.com/s/e/notoemoji/16.0/1f3af/lottie.json)
06-25 11:59:57.809  6126  6362 D cevx    : Starting download: https://fonts.gstatic.com/s/e/notoemoji/16.0/1f94f/lottie.json
06-25 11:59:57.809  6126  6362 V cevx    : Is http uri, downloading (uri: https://fonts.gstatic.com/s/e/notoemoji/16.0/1f94f/lottie.json)
06-25 11:59:57.814  6126  6558 E MDD     : DownloadProgressMonitor: Can't find file group for uri: android://com.google.android.apps.messaging/files/datadownload/shared/public/datadownloadfile_1782388781202
06-25 11:59:57.817  6126  6362 E MDD     : DownloadProgressMonitor: Can't find file group for uri: android://com.google.android.apps.messaging/files/datadownload/shared/public/datadownloadfile_1782388781203
06-25 11:59:57.817  6126  6354 D cevx    : Starting download: https://fonts.gstatic.com/s/e/notoemoji/16.0/1fa83/lottie.json
06-25 11:59:57.817  6126  6354 V cevx    : Is http uri, downloading (uri: https://fonts.gstatic.com/s/e/notoemoji/16.0/1fa83/lottie.json)
06-25 11:59:57.821  6126  6558 D cevx    : Starting download: https://fonts.gstatic.com/s/e/notoemoji/16.0/1fa81/lottie.json
06-25 11:59:57.821  6126  6558 V cevx    : Is http uri, downloading (uri: https://fonts.gstatic.com/s/e/notoemoji/16.0/1fa81/lottie.json)
06-25 11:59:57.824  6126  6354 E MDD     : DownloadProgressMonitor: Can't find file group for uri: android://com.google.android.apps.messaging/files/datadownload/shared/public/datadownloadfile_1782388781204
06-25 11:59:57.827  6126  6558 E MDD     : DownloadProgressMonitor: Can't find file group for uri: android://com.google.android.apps.messaging/files/datadownload/shared/public/datadownloadfile_1782388781205
06-25 11:59:57.828  6126  6362 D cevx    : Starting download: https://fonts.gstatic.com/s/e/notoemoji/16.0/1f3d3/lottie.json
06-25 11:59:57.828  6126  6362 V cevx    : Is http uri, downloading (uri: https://fonts.gstatic.com/s/e/notoemoji/16.0/1f3d3/lottie.json)
06-25 11:59:57.831  6126  6558 D cevx    : Starting download: https://fonts.gstatic.com/s/e/notoemoji/16.0/1f3b3/lottie.json
06-25 11:59:57.831  6126  6558 V cevx    : Is http uri, downloading (uri: https://fonts.gstatic.com/s/e/notoemoji/16.0/1f3b3/lottie.json)
06-25 11:59:57.834  6126  6362 E MDD     : DownloadProgressMonitor: Can't find file group for uri: android://com.google.android.apps.messaging/files/datadownload/shared/public/datadownloadfile_1782388781206
06-25 11:59:57.835  6126  6354 D cevx    : Starting download: https://fonts.gstatic.com/s/e/notoemoji/16.0/1f3b2/lottie.json
06-25 11:59:57.835  6126  6354 V cevx    : Is http uri, downloading (uri: https://fonts.gstatic.com/s/e/notoemoji/16.0/1f3b2/lottie.json)
06-25 11:59:57.837  6126  6558 E MDD     : DownloadProgressMonitor: Can't find file group for uri: android://com.google.android.apps.messaging/files/datadownload/shared/public/datadownloadfile_1782388781207
06-25 11:59:57.838  6126  6362 D cevx    : Starting download: https://fonts.gstatic.com/s/e/notoemoji/16.0/1f3b0/lottie.json
06-25 11:59:57.838  6126  6362 V cevx    : Is http uri, downloading (uri: https://fonts.gstatic.com/s/e/notoemoji/16.0/1f3b0/lottie.json)
06-25 11:59:57.843  6126  6354 E MDD     : DownloadProgressMonitor: Can't find file group for uri: android://com.google.android.apps.messaging/files/datadownload/shared/public/datadownloadfile_1782388781208
06-25 11:59:57.851  6126  6362 E MDD     : DownloadProgressMonitor: Can't find file group for uri: android://com.google.android.apps.messaging/files/datadownload/shared/public/datadownloadfile_1782388781209
06-25 11:59:57.856  5306  5869 D Maestro : Requesting view hierarchy
06-25 11:59:57.856  5306  5869 W QueryController: Could not detect idle state.
06-25 11:59:57.857  5306  5869 W QueryController: Could not detect idle state.
06-25 11:59:57.861  6126  6558 D cevx    : Starting download: https://fonts.gstatic.com/s/e/notoemoji/16.0/1f4f8/lottie.json
06-25 11:59:57.861  6126  6558 V cevx    : Is http uri, downloading (uri: https://fonts.gstatic.com/s/e/notoemoji/16.0/1f4f8/lottie.json)
06-25 11:59:57.862  6126  6354 D cevx    : Starting download: https://fonts.gstatic.com/s/e/notoemoji/16.0/1f3bb/lottie.json
06-25 11:59:57.862  6126  6354 V cevx    : Is http uri, downloading (uri: https://fonts.gstatic.com/s/e/notoemoji/16.0/1f3bb/lottie.json)
06-25 11:59:57.866  6126  6558 E MDD     : DownloadProgressMonitor: Can't find file group for uri: android://com.google.android.apps.messaging/files/datadownload/shared/public/datadownloadfile_1782388781210
06-25 11:59:57.868  5306  5869 I Maestro : Skipping invisible child: android.view.accessibility.AccessibilityNodeInfo@12882; boundsInParent: Rect(0, 0 - 320, 0); boundsInScreen: Rect(0, 0 - 320, 0); boundsInWindow: Rect(0, 0 - 320, 0); packageName: com.hanapkalinga.mobile; className: android.widget.LinearLayout; text: null; error: null; maxTextLength: -1; stateDescription: null; contentDescription: null; tooltipText: null; containerTitle: null; viewIdResName: null; uniqueId: null; checkable: false; checked: false; focusable: false; focused: false; selected: false; clickable: false; longClickable: false; contextClickable: false; enabled: true; password: false; scrollable: false; importantForAccessibility: false; visible: false; actions: [AccessibilityAction: ACTION_SELECT - null, AccessibilityAction: ACTION_CLEAR_SELECTION - null, AccessibilityAction: ACTION_ACCESSIBILITY_FOCUS - null, AccessibilityAction: ACTION_SHOW_ON_SCREEN - null]; isTextSelectable: false
06-25 11:59:57.868  6126  6354 E MDD     : DownloadProgressMonitor: Can't find file group for uri: android://com.google.android.apps.messaging/files/datadownload/shared/public/datadownloadfile_1782388781211
06-25 11:59:57.869  5306  5869 I Maestro : Skipping invisible child: android.view.accessibility.AccessibilityNodeInfo@124c1; boundsInParent: Rect(0, 0 - 320, 0); boundsInScreen: Rect(0, 0 - 320, 0); boundsInWindow: Rect(0, 0 - 320, 0); packageName: com.hanapkalinga.mobile; className: android.view.ViewGroup; text: null; error: null; maxTextLength: -1; stateDescription: null; contentDescription: null; tooltipText: null; containerTitle: null; viewIdResName: null; uniqueId: null; checkable: false; checked: false; focusable: false; focused: false; selected: false; clickable: false; longClickable: false; contextClickable: false; enabled: true; password: false; scrollable: false; importantForAccessibility: false; visible: false; actions: [AccessibilityAction: ACTION_SELECT - null, AccessibilityAction: ACTION_CLEAR_SELECTION - null, AccessibilityAction: ACTION_ACCESSIBILITY_FOCUS - null, AccessibilityAction: ACTION_SHOW_ON_SCREEN - null]; isTextSelectable: false
06-25 11:59:57.869  6126  6362 D cevx    : Starting download: https://fonts.gstatic.com/s/e/notoemoji/16.0/1f941/lottie.json
06-25 11:59:57.869  6126  6362 V cevx    : Is http uri, downloading (uri: https://fonts.gstatic.com/s/e/notoemoji/16.0/1f941/lottie.json)
06-25 11:59:57.869  5306  5869 I Maestro : Skipping invisible child: android.view.accessibility.AccessibilityNodeInfo@1919e; boundsInParent: Rect(0, 0 - 320, 0); boundsInScreen: Rect(0, 0 - 320, 0); boundsInWindow: Rect(0, 0 - 320, 0); packageName: com.hanapkalinga.mobile; className: android.widget.LinearLayout; text: null; error: null; maxTextLength: -1; stateDescription: null; contentDescription: null; tooltipText: null; containerTitle: null; viewIdResName: null; uniqueId: null; checkable: false; checked: false; focusable: false; focused: false; selected: false; clickable: false; longClickable: false; contextClickable: false; enabled: true; password: false; scrollable: false; importantForAccessibility: false; visible: false; actions: [AccessibilityAction: ACTION_SELECT - null, AccessibilityAction: ACTION_CLEAR_SELECTION - null, AccessibilityAction: ACTION_ACCESSIBILITY_FOCUS - null, AccessibilityAction: ACTION_SHOW_ON_SCREEN - null]; isTextSelectable: false
06-25 11:59:57.870  5306  5869 I Maestro : Skipping invisible child: android.view.accessibility.AccessibilityNodeInfo@18ddd; boundsInParent: Rect(0, 0 - 320, 0); boundsInScreen: Rect(0, 0 - 320, 0); boundsInWindow: Rect(0, 0 - 320, 0); packageName: com.hanapkalinga.mobile; className: android.view.ViewGroup; text: null; error: null; maxTextLength: -1; stateDescription: null; contentDescription: null; tooltipText: null; containerTitle: null; viewIdResName: null; uniqueId: null; checkable: false; checked: false; focusable: false; focused: false; selected: false; clickable: false; longClickable: false; contextClickable: false; enabled: true; password: false; scrollable: false; importantForAccessibility: false; visible: false; actions: [AccessibilityAction: ACTION_SELECT - null, AccessibilityAction: ACTION_CLEAR_SELECTION - null, AccessibilityAction: ACTION_ACCESSIBILITY_FOCUS - null, AccessibilityAction: ACTION_SHOW_ON_SCREEN - null]; isTextSelectable: false
06-25 11:59:57.872  6126  6558 D cevx    : Starting download: https://fonts.gstatic.com/s/e/notoemoji/16.0/1fa87/lottie.json
06-25 11:59:57.872  6126  6558 V cevx    : Is http uri, downloading (uri: https://fonts.gstatic.com/s/e/notoemoji/16.0/1fa87/lottie.json)
06-25 11:59:57.875  6126  6362 E MDD     : DownloadProgressMonitor: Can't find file group for uri: android://com.google.android.apps.messaging/files/datadownload/shared/public/datadownloadfile_1782388781212
06-25 11:59:57.879  6126  6558 E MDD     : DownloadProgressMonitor: Can't find file group for uri: android://com.google.android.apps.messaging/files/datadownload/shared/public/datadownloadfile_1782388781213
06-25 11:59:57.882  6126  6354 D cevx    : Starting download: https://fonts.gstatic.com/s/e/notoemoji/16.0/1f50b/lottie.json
06-25 11:59:57.882  6126  6354 V cevx    : Is http uri, downloading (uri: https://fonts.gstatic.com/s/e/notoemoji/16.0/1f50b/lottie.json)
06-25 11:59:57.885  5306  5869 D Maestro : View hierarchy received in 29 ms
06-25 11:59:57.886  6126  6362 D cevx    : Starting download: https://fonts.gstatic.com/s/e/notoemoji/16.0/1faab/lottie.json
06-25 11:59:57.886  6126  6362 V cevx    : Is http uri, downloading (uri: https://fonts.gstatic.com/s/e/notoemoji/16.0/1faab/lottie.json)
06-25 11:59:57.891  6126  6354 E MDD     : DownloadProgressMonitor: Can't find file group for uri: android://com.google.android.apps.messaging/files/datadownload/shared/public/datadownloadfile_1782388781214
06-25 11:59:57.895  6126  6558 D cevx    : Starting download: https://fonts.gstatic.com/s/e/notoemoji/16.0/1f4b8/lottie.json
06-25 11:59:57.895  6126  6558 V cevx    : Is http uri, downloading (uri: https://fonts.gstatic.com/s/e/notoemoji/16.0/1f4b8/lottie.json)
06-25 11:59:57.901  6126  6362 E MDD     : DownloadProgressMonitor: Can't find file group for uri: android://com.google.android.apps.messaging/files/datadownload/shared/public/datadownloadfile_1782388781215
06-25 11:59:57.902  6126  6558 E MDD     : DownloadProgressMonitor: Can't find file group for uri: android://com.google.android.apps.messaging/files/datadownload/shared/public/datadownloadfile_1782388781216
06-25 11:59:57.907  6126  6354 D cevx    : Starting download: https://fonts.gstatic.com/s/e/notoemoji/16.0/1f48e/lottie.json
06-25 11:59:57.907  6126  6354 V cevx    : Is http uri, downloading (uri: https://fonts.gstatic.com/s/e/notoemoji/16.0/1f48e/lottie.json)
06-25 11:59:57.911  6126  6558 D cevx    : Starting download: https://fonts.gstatic.com/s/e/notoemoji/16.0/2696_fe0f/lottie.json
06-25 11:59:57.911  6126  6558 V cevx    : Is http uri, downloading (uri: https://fonts.gstatic.com/s/e/notoemoji/16.0/2696_fe0f/lottie.json)
06-25 11:59:57.913  6126  6354 E MDD     : DownloadProgressMonitor: Can't find file group for uri: android://com.google.android.apps.messaging/files/datadownload/shared/public/datadownloadfile_1782388781217
06-25 11:59:57.915  6126  6362 D cevx    : Starting download: https://fonts.gstatic.com/s/e/notoemoji/16.0/1f4a1/lottie.json
06-25 11:59:57.915  6126  6362 V cevx    : Is http uri, downloading (uri: https://fonts.gstatic.com/s/e/notoemoji/16.0/1f4a1/lottie.json)
06-25 11:59:57.917  6126  6558 E MDD     : DownloadProgressMonitor: Can't find file group for uri: android://com.google.android.apps.messaging/files/datadownload/shared/public/datadownloadfile_1782388781218
06-25 11:59:57.918  6126  6354 D cevx    : Starting download: https://fonts.gstatic.com/s/e/notoemoji/16.0/1f393/lottie.json
06-25 11:59:57.918  6126  6354 V cevx    : Is http uri, downloading (uri: https://fonts.gstatic.com/s/e/notoemoji/16.0/1f393/lottie.json)
06-25 11:59:57.920  6126  6362 E MDD     : DownloadProgressMonitor: Can't find file group for uri: android://com.google.android.apps.messaging/files/datadownload/shared/public/datadownloadfile_1782388781219
06-25 11:59:57.921  6126  6558 D cevx    : Starting download: https://fonts.gstatic.com/s/e/notoemoji/16.0/2602_fe0f/lottie.json
06-25 11:59:57.921  6126  6558 V cevx    : Is http uri, downloading (uri: https://fonts.gstatic.com/s/e/notoemoji/16.0/2602_fe0f/lottie.json)
06-25 11:59:57.928  6126  6354 E MDD     : DownloadProgressMonitor: Can't find file group for uri: android://com.google.android.apps.messaging/files/datadownload/shared/public/datadownloadfile_1782388781220
06-25 11:59:57.929  6126  6558 E MDD     : DownloadProgressMonitor: Can't find file group for uri: android://com.google.android.apps.messaging/files/datadownload/shared/public/datadownloadfile_1782388781221
06-25 11:59:57.931  6126  6362 D cevx    : Starting download: https://fonts.gstatic.com/s/e/notoemoji/16.0/2699_fe0f/lottie.json
06-25 11:59:57.931  6126  6362 V cevx    : Is http uri, downloading (uri: https://fonts.gstatic.com/s/e/notoemoji/16.0/2699_fe0f/lottie.json)
06-25 11:59:57.936  6126  6362 E MDD     : DownloadProgressMonitor: Can't find file group for uri: android://com.google.android.apps.messaging/files/datadownload/shared/public/datadownloadfile_1782388781222
06-25 11:59:57.946  6126  6558 D cevx    : Starting download: https://fonts.gstatic.com/s/e/notoemoji/16.0/270f_fe0f/lottie.json
06-25 11:59:57.946  6126  6558 V cevx    : Is http uri, downloading (uri: https://fonts.gstatic.com/s/e/notoemoji/16.0/270f_fe0f/lottie.json)
06-25 11:59:57.952  5306  5869 D Maestro : Requesting view hierarchy
06-25 11:59:57.952  5306  5869 W QueryController: Could not detect idle state.
06-25 11:59:57.953  5306  5869 W QueryController: Could not detect idle state.
06-25 11:59:57.959  6126  6558 E MDD     : DownloadProgressMonitor: Can't find file group for uri: android://com.google.android.apps.messaging/files/datadownload/shared/public/datadownloadfile_1782388781223
06-25 11:59:57.964  6126  6362 D cevx    : Starting download: https://fonts.gstatic.com/s/e/notoemoji/16.0/23f0/lottie.json
06-25 11:59:57.964  6126  6362 V cevx    : Is http uri, downloading (uri: https://fonts.gstatic.com/s/e/notoemoji/16.0/23f0/lottie.json)
06-25 11:59:57.966  6126  6354 D cevx    : Starting download: https://fonts.gstatic.com/s/e/notoemoji/16.0/1f6ce_fe0f/lottie.json
06-25 11:59:57.966  6126  6354 V cevx    : Is http uri, downloading (uri: https://fonts.gstatic.com/s/e/notoemoji/16.0/1f6ce_fe0f/lottie.json)
06-25 11:59:57.975  6126  6362 E MDD     : DownloadProgressMonitor: Can't find file group for uri: android://com.google.android.apps.messaging/files/datadownload/shared/public/datadownloadfile_1782388781224
06-25 11:59:57.976  6126  6354 E MDD     : DownloadProgressMonitor: Can't find file group for uri: android://com.google.android.apps.messaging/files/datadownload/shared/public/datadownloadfile_1782388781225
06-25 11:59:57.988  6126  6558 D cevx    : Starting download: https://fonts.gstatic.com/s/e/notoemoji/16.0/1f514/lottie.json
06-25 11:59:57.988  6126  6558 V cevx    : Is http uri, downloading (uri: https://fonts.gstatic.com/s/e/notoemoji/16.0/1f514/lottie.json)
06-25 11:59:57.990  6126  6354 D cevx    : Starting download: https://fonts.gstatic.com/s/e/notoemoji/16.0/1f52e/lottie.json
06-25 11:59:57.990  6126  6354 V cevx    : Is http uri, downloading (uri: https://fonts.gstatic.com/s/e/notoemoji/16.0/1f52e/lottie.json)
06-25 11:59:57.998  6126  6558 E MDD     : DownloadProgressMonitor: Can't find file group for uri: android://com.google.android.apps.messaging/files/datadownload/shared/public/datadownloadfile_1782388781226
06-25 11:59:57.998  6126  6354 E MDD     : DownloadProgressMonitor: Can't find file group for uri: android://com.google.android.apps.messaging/files/datadownload/shared/public/datadownloadfile_1782388781227
06-25 11:59:58.000  5306  5869 I Maestro : Skipping invisible child: android.view.accessibility.AccessibilityNodeInfo@12882; boundsInParent: Rect(0, 0 - 320, 0); boundsInScreen: Rect(0, 0 - 320, 0); boundsInWindow: Rect(0, 0 - 320, 0); packageName: com.hanapkalinga.mobile; className: android.widget.LinearLayout; text: null; error: null; maxTextLength: -1; stateDescription: null; contentDescription: null; tooltipText: null; containerTitle: null; viewIdResName: null; uniqueId: null; checkable: false; checked: false; focusable: false; focused: false; selected: false; clickable: false; longClickable: false; contextClickable: false; enabled: true; password: false; scrollable: false; importantForAccessibility: false; visible: false; actions: [AccessibilityAction: ACTION_SELECT - null, AccessibilityAction: ACTION_CLEAR_SELECTION - null, AccessibilityAction: ACTION_ACCESSIBILITY_FOCUS - null, AccessibilityAction: ACTION_SHOW_ON_SCREEN - null]; isTextSelectable: false
06-25 11:59:58.000  5306  5869 I Maestro : Skipping invisible child: android.view.accessibility.AccessibilityNodeInfo@124c1; boundsInParent: Rect(0, 0 - 320, 0); boundsInScreen: Rect(0, 0 - 320, 0); boundsInWindow: Rect(0, 0 - 320, 0); packageName: com.hanapkalinga.mobile; className: android.view.ViewGroup; text: null; error: null; maxTextLength: -1; stateDescription: null; contentDescription: null; tooltipText: null; containerTitle: null; viewIdResName: null; uniqueId: null; checkable: false; checked: false; focusable: false; focused: false; selected: false; clickable: false; longClickable: false; contextClickable: false; enabled: true; password: false; scrollable: false; importantForAccessibility: false; visible: false; actions: [AccessibilityAction: ACTION_SELECT - null, AccessibilityAction: ACTION_CLEAR_SELECTION - null, AccessibilityAction: ACTION_ACCESSIBILITY_FOCUS - null, AccessibilityAction: ACTION_SHOW_ON_SCREEN - null]; isTextSelectable: false
06-25 11:59:58.001  5306  5869 I Maestro : Skipping invisible child: android.view.accessibility.AccessibilityNodeInfo@1919e; boundsInParent: Rect(0, 0 - 320, 0); boundsInScreen: Rect(0, 0 - 320, 0); boundsInWindow: Rect(0, 0 - 320, 0); packageName: com.hanapkalinga.mobile; className: android.widget.LinearLayout; text: null; error: null; maxTextLength: -1; stateDescription: null; contentDescription: null; tooltipText: null; containerTitle: null; viewIdResName: null; uniqueId: null; checkable: false; checked: false; focusable: false; focused: false; selected: false; clickable: false; longClickable: false; contextClickable: false; enabled: true; password: false; scrollable: false; importantForAccessibility: false; visible: false; actions: [AccessibilityAction: ACTION_SELECT - null, AccessibilityAction: ACTION_CLEAR_SELECTION - null, AccessibilityAction: ACTION_ACCESSIBILITY_FOCUS - null, AccessibilityAction: ACTION_SHOW_ON_SCREEN - null]; isTextSelectable: false
06-25 11:59:58.002  6126  6362 D cevx    : Starting download: https://fonts.gstatic.com/s/e/notoemoji/16.0/2648/lottie.json
06-25 11:59:58.002  6126  6362 V cevx    : Is http uri, downloading (uri: https://fonts.gstatic.com/s/e/notoemoji/16.0/2648/lottie.json)
06-25 11:59:58.003  5306  5869 I Maestro : Skipping invisible child: android.view.accessibility.AccessibilityNodeInfo@18ddd; boundsInParent: Rect(0, 0 - 320, 0); boundsInScreen: Rect(0, 0 - 320, 0); boundsInWindow: Rect(0, 0 - 320, 0); packageName: com.hanapkalinga.mobile; className: android.view.ViewGroup; text: null; error: null; maxTextLength: -1; stateDescription: null; contentDescription: null; tooltipText: null; containerTitle: null; viewIdResName: null; uniqueId: null; checkable: false; checked: false; focusable: false; focused: false; selected: false; clickable: false; longClickable: false; contextClickable: false; enabled: true; password: false; scrollable: false; importantForAccessibility: false; visible: false; actions: [AccessibilityAction: ACTION_SELECT - null, AccessibilityAction: ACTION_CLEAR_SELECTION - null, AccessibilityAction: ACTION_ACCESSIBILITY_FOCUS - null, AccessibilityAction: ACTION_SHOW_ON_SCREEN - null]; isTextSelectable: false
06-25 11:59:58.006  6126  6354 D cevx    : Starting download: https://fonts.gstatic.com/s/e/notoemoji/16.0/2649/lottie.json
06-25 11:59:58.006  6126  6354 V cevx    : Is http uri, downloading (uri: https://fonts.gstatic.com/s/e/notoemoji/16.0/2649/lottie.json)
06-25 11:59:58.007  6126  6362 E MDD     : DownloadProgressMonitor: Can't find file group for uri: android://com.google.android.apps.messaging/files/datadownload/shared/public/datadownloadfile_1782388781228
06-25 11:59:58.013  6126  6354 E MDD     : DownloadProgressMonitor: Can't find file group for uri: android://com.google.android.apps.messaging/files/datadownload/shared/public/datadownloadfile_1782388781229
06-25 11:59:58.015  6126  6558 D cevx    : Starting download: https://fonts.gstatic.com/s/e/notoemoji/16.0/264a/lottie.json
06-25 11:59:58.015  6126  6558 V cevx    : Is http uri, downloading (uri: https://fonts.gstatic.com/s/e/notoemoji/16.0/264a/lottie.json)
06-25 11:59:58.022  6126  6558 E MDD     : DownloadProgressMonitor: Can't find file group for uri: android://com.google.android.apps.messaging/files/datadownload/shared/public/datadownloadfile_1782388781230
06-25 11:59:58.022  6126  6362 D cevx    : Starting download: https://fonts.gstatic.com/s/e/notoemoji/16.0/264b/lottie.json
06-25 11:59:58.022  6126  6362 V cevx    : Is http uri, downloading (uri: https://fonts.gstatic.com/s/e/notoemoji/16.0/264b/lottie.json)
06-25 11:59:58.030  6126  6362 E MDD     : DownloadProgressMonitor: Can't find file group for uri: android://com.google.android.apps.messaging/files/datadownload/shared/public/datadownloadfile_1782388781231
06-25 11:59:58.033  6126  6354 D cevx    : Starting download: https://fonts.gstatic.com/s/e/notoemoji/16.0/264c/lottie.json
06-25 11:59:58.033  6126  6354 V cevx    : Is http uri, downloading (uri: https://fonts.gstatic.com/s/e/notoemoji/16.0/264c/lottie.json)
06-25 11:59:58.038  5306  5869 D Maestro : View hierarchy received in 86 ms
06-25 11:59:58.041  6126  6354 E MDD     : DownloadProgressMonitor: Can't find file group for uri: android://com.google.android.apps.messaging/files/datadownload/shared/public/datadownloadfile_1782388781232
06-25 11:59:58.041  6126  6558 D cevx    : Starting download: https://fonts.gstatic.com/s/e/notoemoji/16.0/264d/lottie.json
06-25 11:59:58.041  6126  6558 V cevx    : Is http uri, downloading (uri: https://fonts.gstatic.com/s/e/notoemoji/16.0/264d/lottie.json)
06-25 11:59:58.045  6126  6362 D cevx    : Starting download: https://fonts.gstatic.com/s/e/notoemoji/16.0/264e/lottie.json
06-25 11:59:58.045  6126  6362 V cevx    : Is http uri, downloading (uri: https://fonts.gstatic.com/s/e/notoemoji/16.0/264e/lottie.json)
06-25 11:59:58.048  6126  6558 E MDD     : DownloadProgressMonitor: Can't find file group for uri: android://com.google.android.apps.messaging/files/datadownload/shared/public/datadownloadfile_1782388781233
06-25 11:59:58.051  6126  6354 D cevx    : Starting download: https://fonts.gstatic.com/s/e/notoemoji/16.0/264f/lottie.json
06-25 11:59:58.051  6126  6354 V cevx    : Is http uri, downloading (uri: https://fonts.gstatic.com/s/e/notoemoji/16.0/264f/lottie.json)
06-25 11:59:58.051  6126  6362 E MDD     : DownloadProgressMonitor: Can't find file group for uri: android://com.google.android.apps.messaging/files/datadownload/shared/public/datadownloadfile_1782388781234
06-25 11:59:58.055  6126  6558 D cevx    : Starting download: https://fonts.gstatic.com/s/e/notoemoji/16.0/2650/lottie.json
06-25 11:59:58.055  6126  6558 V cevx    : Is http uri, downloading (uri: https://fonts.gstatic.com/s/e/notoemoji/16.0/2650/lottie.json)
06-25 11:59:58.057  6126  6354 E MDD     : DownloadProgressMonitor: Can't find file group for uri: android://com.google.android.apps.messaging/files/datadownload/shared/public/datadownloadfile_1782388781235
06-25 11:59:58.061  6126  6558 E MDD     : DownloadProgressMonitor: Can't find file group for uri: android://com.google.android.apps.messaging/files/datadownload/shared/public/datadownloadfile_1782388781236
06-25 11:59:58.062  6126  6362 D cevx    : Starting download: https://fonts.gstatic.com/s/e/notoemoji/16.0/2651/lottie.json
06-25 11:59:58.062  6126  6362 V cevx    : Is http uri, downloading (uri: https://fonts.gstatic.com/s/e/notoemoji/16.0/2651/lottie.json)
06-25 11:59:58.064  6126  6354 D cevx    : Starting download: https://fonts.gstatic.com/s/e/notoemoji/16.0/2652/lottie.json
06-25 11:59:58.064  6126  6354 V cevx    : Is http uri, downloading (uri: https://fonts.gstatic.com/s/e/notoemoji/16.0/2652/lottie.json)
06-25 11:59:58.068  6126  6362 E MDD     : DownloadProgressMonitor: Can't find file group for uri: android://com.google.android.apps.messaging/files/datadownload/shared/public/datadownloadfile_1782388781237
06-25 11:59:58.070  6126  6354 E MDD     : DownloadProgressMonitor: Can't find file group for uri: android://com.google.android.apps.messaging/files/datadownload/shared/public/datadownloadfile_1782388781238
06-25 11:59:58.072  6126  6558 D cevx    : Starting download: https://fonts.gstatic.com/s/e/notoemoji/16.0/2653/lottie.json
06-25 11:59:58.072  6126  6558 V cevx    : Is http uri, downloading (uri: https://fonts.gstatic.com/s/e/notoemoji/16.0/2653/lottie.json)
06-25 11:59:58.073  6126  6362 D cevx    : Starting download: https://fonts.gstatic.com/s/e/notoemoji/16.0/26ce/lottie.json
06-25 11:59:58.073  6126  6362 V cevx    : Is http uri, downloading (uri: https://fonts.gstatic.com/s/e/notoemoji/16.0/26ce/lottie.json)
06-25 11:59:58.079  6126  6362 E MDD     : DownloadProgressMonitor: Can't find file group for uri: android://com.google.android.apps.messaging/files/datadownload/shared/public/datadownloadfile_1782388781240
06-25 11:59:58.081  6126  6558 E MDD     : DownloadProgressMonitor: Can't find file group for uri: android://com.google.android.apps.messaging/files/datadownload/shared/public/datadownloadfile_1782388781239
06-25 11:59:58.084  6126  6354 D cevx    : Starting download: https://fonts.gstatic.com/s/e/notoemoji/16.0/2757/lottie.json
06-25 11:59:58.084  6126  6354 V cevx    : Is http uri, downloading (uri: https://fonts.gstatic.com/s/e/notoemoji/16.0/2757/lottie.json)
06-25 11:59:58.089   840   840 D StatusBarIconController: ignoring old pipeline callbacks, because the new mobile icons are enabled
06-25 11:59:58.092  6126  6362 D cevx    : Starting download: https://fonts.gstatic.com/s/e/notoemoji/16.0/2753/lottie.json
06-25 11:59:58.092  6126  6362 V cevx    : Is http uri, downloading (uri: https://fonts.gstatic.com/s/e/notoemoji/16.0/2753/lottie.json)
06-25 11:59:58.095  6126  6354 E MDD     : DownloadProgressMonitor: Can't find file group for uri: android://com.google.android.apps.messaging/files/datadownload/shared/public/datadownloadfile_1782388781241
06-25 11:59:58.096  6126  6558 D cevx    : Starting download: https://fonts.gstatic.com/s/e/notoemoji/16.0/2049_fe0f/lottie.json
06-25 11:59:58.096  6126  6558 V cevx    : Is http uri, downloading (uri: https://fonts.gstatic.com/s/e/notoemoji/16.0/2049_fe0f/lottie.json)
06-25 11:59:58.098  6126  6362 E MDD     : DownloadProgressMonitor: Can't find file group for uri: android://com.google.android.apps.messaging/files/datadownload/shared/public/datadownloadfile_1782388781242
06-25 11:59:58.100  6126  6354 D cevx    : Starting download: https://fonts.gstatic.com/s/e/notoemoji/16.0/203c_fe0f/lottie.json
06-25 11:59:58.100  6126  6354 V cevx    : Is http uri, downloading (uri: https://fonts.gstatic.com/s/e/notoemoji/16.0/203c_fe0f/lottie.json)
06-25 11:59:58.103  6126  6558 E MDD     : DownloadProgressMonitor: Can't find file group for uri: android://com.google.android.apps.messaging/files/datadownload/shared/public/datadownloadfile_1782388781243
06-25 11:59:58.105  6126  6362 D cevx    : Starting download: https://fonts.gstatic.com/s/e/notoemoji/16.0/274c/lottie.json
06-25 11:59:58.106  6126  6362 V cevx    : Is http uri, downloading (uri: https://fonts.gstatic.com/s/e/notoemoji/16.0/274c/lottie.json)
06-25 11:59:58.106  6126  6354 E MDD     : DownloadProgressMonitor: Can't find file group for uri: android://com.google.android.apps.messaging/files/datadownload/shared/public/datadownloadfile_1782388781244
06-25 11:59:58.107  6126  6558 D cevx    : Starting download: https://fonts.gstatic.com/s/e/notoemoji/16.0/1f198/lottie.json
06-25 11:59:58.107  6126  6558 V cevx    : Is http uri, downloading (uri: https://fonts.gstatic.com/s/e/notoemoji/16.0/1f198/lottie.json)
06-25 11:59:58.110  6126  6362 E MDD     : DownloadProgressMonitor: Can't find file group for uri: android://com.google.android.apps.messaging/files/datadownload/shared/public/datadownloadfile_1782388781245
06-25 11:59:58.111  6126  6354 D cevx    : Starting download: https://fonts.gstatic.com/s/e/notoemoji/16.0/1f4f4/lottie.json
06-25 11:59:58.111  6126  6354 V cevx    : Is http uri, downloading (uri: https://fonts.gstatic.com/s/e/notoemoji/16.0/1f4f4/lottie.json)
06-25 11:59:58.112  6126  6558 E MDD     : DownloadProgressMonitor: Can't find file group for uri: android://com.google.android.apps.messaging/files/datadownload/shared/public/datadownloadfile_1782388781246
06-25 11:59:58.113  6126  6362 D cevx    : Starting download: https://fonts.gstatic.com/s/e/notoemoji/16.0/2705/lottie.json
06-25 11:59:58.113  6126  6362 V cevx    : Is http uri, downloading (uri: https://fonts.gstatic.com/s/e/notoemoji/16.0/2705/lottie.json)
06-25 11:59:58.116  6126  6354 E MDD     : DownloadProgressMonitor: Can't find file group for uri: android://com.google.android.apps.messaging/files/datadownload/shared/public/datadownloadfile_1782388781247
06-25 11:59:58.117  6126  6558 D cevx    : Starting download: https://fonts.gstatic.com/s/e/notoemoji/16.0/1f195/lottie.json
06-25 11:59:58.117  6126  6558 V cevx    : Is http uri, downloading (uri: https://fonts.gstatic.com/s/e/notoemoji/16.0/1f195/lottie.json)
06-25 11:59:58.118  6126  6362 E MDD     : DownloadProgressMonitor: Can't find file group for uri: android://com.google.android.apps.messaging/files/datadownload/shared/public/datadownloadfile_1782388781248
06-25 11:59:58.120  6126  6354 D cevx    : Starting download: https://fonts.gstatic.com/s/e/notoemoji/16.0/1f193/lottie.json
06-25 11:59:58.120  6126  6354 V cevx    : Is http uri, downloading (uri: https://fonts.gstatic.com/s/e/notoemoji/16.0/1f193/lottie.json)
06-25 11:59:58.125  6126  6558 E MDD     : DownloadProgressMonitor: Can't find file group for uri: android://com.google.android.apps.messaging/files/datadownload/shared/public/datadownloadfile_1782388781249
06-25 11:59:58.126  6126  6354 E MDD     : DownloadProgressMonitor: Can't find file group for uri: android://com.google.android.apps.messaging/files/datadownload/shared/public/datadownloadfile_1782388781250
06-25 11:59:58.127  6126  6362 D cevx    : Starting download: https://fonts.gstatic.com/s/e/notoemoji/16.0/1f199/lottie.json
06-25 11:59:58.127  6126  6362 V cevx    : Is http uri, downloading (uri: https://fonts.gstatic.com/s/e/notoemoji/16.0/1f199/lottie.json)
06-25 11:59:58.127  6126  6354 D cevx    : Starting download: https://fonts.gstatic.com/s/e/notoemoji/16.0/1f192/lottie.json
06-25 11:59:58.127  6126  6354 V cevx    : Is http uri, downloading (uri: https://fonts.gstatic.com/s/e/notoemoji/16.0/1f192/lottie.json)
06-25 11:59:58.131  6126  6362 E MDD     : DownloadProgressMonitor: Can't find file group for uri: android://com.google.android.apps.messaging/files/datadownload/shared/public/datadownloadfile_1782388781251
06-25 11:59:58.132  6126  6558 D cevx    : Starting download: https://fonts.gstatic.com/s/e/notoemoji/16.0/1f6ae/lottie.json
06-25 11:59:58.132  6126  6558 V cevx    : Is http uri, downloading (uri: https://fonts.gstatic.com/s/e/notoemoji/16.0/1f6ae/lottie.json)
06-25 11:59:58.137  5306  5869 D Maestro : Requesting view hierarchy
06-25 11:59:58.137  5306  5869 W QueryController: Could not detect idle state.
06-25 11:59:58.138  5306  5869 W QueryController: Could not detect idle state.
06-25 11:59:58.139  6126  6354 E MDD     : DownloadProgressMonitor: Can't find file group for uri: android://com.google.android.apps.messaging/files/datadownload/shared/public/datadownloadfile_1782388781252
06-25 11:59:58.140  6126  6362 D cevx    : Starting download: https://fonts.gstatic.com/s/e/notoemoji/16.0/1f3b6/lottie.json
06-25 11:59:58.140  6126  6362 V cevx    : Is http uri, downloading (uri: https://fonts.gstatic.com/s/e/notoemoji/16.0/1f3b6/lottie.json)
06-25 11:59:58.145  6126  6558 E MDD     : DownloadProgressMonitor: Can't find file group for uri: android://com.google.android.apps.messaging/files/datadownload/shared/public/datadownloadfile_1782388781253
06-25 11:59:58.146  6126  6362 E MDD     : DownloadProgressMonitor: Can't find file group for uri: android://com.google.android.apps.messaging/files/datadownload/shared/public/datadownloadfile_1782388781254
06-25 11:59:58.147  5306  5869 I Maestro : Skipping invisible child: android.view.accessibility.AccessibilityNodeInfo@12882; boundsInParent: Rect(0, 0 - 320, 0); boundsInScreen: Rect(0, 0 - 320, 0); boundsInWindow: Rect(0, 0 - 320, 0); packageName: com.hanapkalinga.mobile; className: android.widget.LinearLayout; text: null; error: null; maxTextLength: -1; stateDescription: null; contentDescription: null; tooltipText: null; containerTitle: null; viewIdResName: null; uniqueId: null; checkable: false; checked: false; focusable: false; focused: false; selected: false; clickable: false; longClickable: false; contextClickable: false; enabled: true; password: false; scrollable: false; importantForAccessibility: false; visible: false; actions: [AccessibilityAction: ACTION_SELECT - null, AccessibilityAction: ACTION_CLEAR_SELECTION - null, AccessibilityAction: ACTION_ACCESSIBILITY_FOCUS - null, AccessibilityAction: ACTION_SHOW_ON_SCREEN - null]; isTextSelectable: false
06-25 11:59:58.147  5306  5869 I Maestro : Skipping invisible child: android.view.accessibility.AccessibilityNodeInfo@124c1; boundsInParent: Rect(0, 0 - 320, 0); boundsInScreen: Rect(0, 0 - 320, 0); boundsInWindow: Rect(0, 0 - 320, 0); packageName: com.hanapkalinga.mobile; className: android.view.ViewGroup; text: null; error: null; maxTextLength: -1; stateDescription: null; contentDescription: null; tooltipText: null; containerTitle: null; viewIdResName: null; uniqueId: null; checkable: false; checked: false; focusable: false; focused: false; selected: false; clickable: false; longClickable: false; contextClickable: false; enabled: true; password: false; scrollable: false; importantForAccessibility: false; visible: false; actions: [AccessibilityAction: ACTION_SELECT - null, AccessibilityAction: ACTION_CLEAR_SELECTION - null, AccessibilityAction: ACTION_ACCESSIBILITY_FOCUS - null, AccessibilityAction: ACTION_SHOW_ON_SCREEN - null]; isTextSelectable: false
06-25 11:59:58.148  5306  5869 I Maestro : Skipping invisible child: android.view.accessibility.AccessibilityNodeInfo@1919e; boundsInParent: Rect(0, 0 - 320, 0); boundsInScreen: Rect(0, 0 - 320, 0); boundsInWindow: Rect(0, 0 - 320, 0); packageName: com.hanapkalinga.mobile; className: android.widget.LinearLayout; text: null; error: null; maxTextLength: -1; stateDescription: null; contentDescription: null; tooltipText: null; containerTitle: null; viewIdResName: null; uniqueId: null; checkable: false; checked: false; focusable: false; focused: false; selected: false; clickable: false; longClickable: false; contextClickable: false; enabled: true; password: false; scrollable: false; importantForAccessibility: false; visible: false; actions: [AccessibilityAction: ACTION_SELECT - null, AccessibilityAction: ACTION_CLEAR_SELECTION - null, AccessibilityAction: ACTION_ACCESSIBILITY_FOCUS - null, AccessibilityAction: ACTION_SHOW_ON_SCREEN - null]; isTextSelectable: false
06-25 11:59:58.148  5306  5869 I Maestro : Skipping invisible child: android.view.accessibility.AccessibilityNodeInfo@18ddd; boundsInParent: Rect(0, 0 - 320, 0); boundsInScreen: Rect(0, 0 - 320, 0); boundsInWindow: Rect(0, 0 - 320, 0); packageName: com.hanapkalinga.mobile; className: android.view.ViewGroup; text: null; error: null; maxTextLength: -1; stateDescription: null; contentDescription: null; tooltipText: null; containerTitle: null; viewIdResName: null; uniqueId: null; checkable: false; checked: false; focusable: false; focused: false; selected: false; clickable: false; longClickable: false; contextClickable: false; enabled: true; password: false; scrollable: false; importantForAccessibility: false; visible: false; actions: [AccessibilityAction: ACTION_SELECT - null, AccessibilityAction: ACTION_CLEAR_SELECTION - null, AccessibilityAction: ACTION_ACCESSIBILITY_FOCUS - null, AccessibilityAction: ACTION_SHOW_ON_SCREEN - null]; isTextSelectable: false
06-25 11:59:58.155  6126  6354 D cevx    : Starting download: https://fonts.gstatic.com/s/e/notoemoji/16.0/2795/lottie.json
06-25 11:59:58.156  6126  6354 V cevx    : Is http uri, downloading (uri: https://fonts.gstatic.com/s/e/notoemoji/16.0/2795/lottie.json)
06-25 11:59:58.157  5306  5869 D Maestro : View hierarchy received in 20 ms
06-25 11:59:58.159  6126  6362 D cevx    : Starting download: https://fonts.gstatic.com/s/e/notoemoji/16.0/1f3c1/lottie.json
06-25 11:59:58.159  6126  6362 V cevx    : Is http uri, downloading (uri: https://fonts.gstatic.com/s/e/notoemoji/16.0/1f3c1/lottie.json)
06-25 11:59:58.163  6126  6354 E MDD     : DownloadProgressMonitor: Can't find file group for uri: android://com.google.android.apps.messaging/files/datadownload/shared/public/datadownloadfile_1782388781255
06-25 11:59:58.164  6126  6558 D cevx    : Starting download: https://fonts.gstatic.com/s/e/notoemoji/16.0/1f6a9/lottie.json
06-25 11:59:58.164  6126  6558 V cevx    : Is http uri, downloading (uri: https://fonts.gstatic.com/s/e/notoemoji/16.0/1f6a9/lottie.json)
06-25 11:59:58.169  6126  6362 E MDD     : DownloadProgressMonitor: Can't find file group for uri: android://com.google.android.apps.messaging/files/datadownload/shared/public/datadownloadfile_1782388781256
06-25 11:59:58.174  6126  6558 E MDD     : DownloadProgressMonitor: Can't find file group for uri: android://com.google.android.apps.messaging/files/datadownload/shared/public/datadownloadfile_1782388781257
06-25 11:59:58.178  6126  6354 D cevx    : Starting download: https://fonts.gstatic.com/s/e/notoemoji/16.0/1f3f4/lottie.json
06-25 11:59:58.178  6126  6354 V cevx    : Is http uri, downloading (uri: https://fonts.gstatic.com/s/e/notoemoji/16.0/1f3f4/lottie.json)
06-25 11:59:58.179  6126  6558 D cevx    : Starting download: https://fonts.gstatic.com/s/e/notoemoji/16.0/1f3f3_fe0f/lottie.json
06-25 11:59:58.179  6126  6558 V cevx    : Is http uri, downloading (uri: https://fonts.gstatic.com/s/e/notoemoji/16.0/1f3f3_fe0f/lottie.json)
06-25 11:59:58.185  6126  6354 E MDD     : DownloadProgressMonitor: Can't find file group for uri: android://com.google.android.apps.messaging/files/datadownload/shared/public/datadownloadfile_1782388781258
06-25 11:59:58.187  6126  6558 E MDD     : DownloadProgressMonitor: Can't find file group for uri: android://com.google.android.apps.messaging/files/datadownload/shared/public/datadownloadfile_1782388781259
06-25 11:59:58.192  6126  6362 D cevx    : Starting download: https://www.gstatic.com/messages/emoji/animated_emoji/animated_emojis_mapping.json_1742470951863
06-25 11:59:58.192  6126  6362 V cevx    : Is http uri, downloading (uri: https://www.gstatic.com/messages/emoji/animated_emoji/animated_emojis_mapping.json_1742470951863)
06-25 11:59:58.196  6126  6354 D cevx    : Starting download: https://www.gstatic.com/messages/smarts/smart_suggestion_reranker_models/smart_suggestion_reranker_models/tff_suggestion_triggering_2022_03_30d_train_s1.0c1.0.10_examples_optimized_checkpoint_03570.tflite_1651164981810
06-25 11:59:58.196  6126  6354 V cevx    : Is http uri, downloading (uri: https://www.gstatic.com/messages/smarts/smart_suggestion_reranker_models/smart_suggestion_reranker_models/tff_suggestion_triggering_2022_03_30d_train_s1.0c1.0.10_examples_optimized_checkpoint_03570.tflite_1651164981810)
06-25 11:59:58.199  6126  6362 E MDD     : DownloadProgressMonitor: Can't find file group for uri: android://com.google.android.apps.messaging/files/datadownload/shared/public/datadownloadfile_1782388781260
06-25 11:59:58.201  6126  6558 D cevx    : Starting download: https://www.gstatic.com/messages/smarts/birthday_suggestion/CuratedBirthdaySuggestionList.pb_1644248717638
06-25 11:59:58.201  6126  6558 V cevx    : Is http uri, downloading (uri: https://www.gstatic.com/messages/smarts/birthday_suggestion/CuratedBirthdaySuggestionList.pb_1644248717638)
06-25 11:59:58.205  6126  6354 E MDD     : DownloadProgressMonitor: Can't find file group for uri: android://com.google.android.apps.messaging/files/datadownload/shared/public/datadownloadfile_1782388780826_db989a6348a79f88359bcaf1740203754be6f8d3
06-25 11:59:58.218  6126  6558 E MDD     : DownloadProgressMonitor: Can't find file group for uri: android://com.google.android.apps.messaging/files/datadownload/shared/public/datadownloadfile_1782388780844_8c4f9a5469b22fd2c9db484174d189afb553cac4
06-25 11:59:58.220  6126  6362 D cevx    : Starting download: https://www.gstatic.com/messages/smarts/birthday_suggestion/BirthdaySuggestionsConfig.pb_1644437564314
06-25 11:59:58.220  6126  6362 V cevx    : Is http uri, downloading (uri: https://www.gstatic.com/messages/smarts/birthday_suggestion/BirthdaySuggestionsConfig.pb_1644437564314)
06-25 11:59:58.242  6126  6362 E MDD     : DownloadProgressMonitor: Can't find file group for uri: android://com.google.android.apps.messaging/files/datadownload/shared/public/datadownloadfile_1782388780845
06-25 11:59:58.242  6126  6558 D cevx    : Starting download: https://www.gstatic.com/messages/smarts/scripted_reply/model_based_provider_configs_pumpkin_model_config_scripted_reply_2020021300.pb_1581713444820
06-25 11:59:58.243  6126  6558 V cevx    : Is http uri, downloading (uri: https://www.gstatic.com/messages/smarts/scripted_reply/model_based_provider_configs_pumpkin_model_config_scripted_reply_2020021300.pb_1581713444820)
06-25 11:59:58.253  5306  5869 D Maestro : Requesting view hierarchy
06-25 11:59:58.254  5306  5869 W QueryController: Could not detect idle state.
06-25 11:59:58.254  5306  5869 W QueryController: Could not detect idle state.
06-25 11:59:58.261  6126  6558 E MDD     : DownloadProgressMonitor: Can't find file group for uri: android://com.google.android.apps.messaging/files/datadownload/shared/public/datadownloadfile_1782388780813
06-25 11:59:58.261  5306  5869 I Maestro : Skipping invisible child: android.view.accessibility.AccessibilityNodeInfo@12882; boundsInParent: Rect(0, 0 - 320, 0); boundsInScreen: Rect(0, 0 - 320, 0); boundsInWindow: Rect(0, 0 - 320, 0); packageName: com.hanapkalinga.mobile; className: android.widget.LinearLayout; text: null; error: null; maxTextLength: -1; stateDescription: null; contentDescription: null; tooltipText: null; containerTitle: null; viewIdResName: null; uniqueId: null; checkable: false; checked: false; focusable: false; focused: false; selected: false; clickable: false; longClickable: false; contextClickable: false; enabled: true; password: false; scrollable: false; importantForAccessibility: false; visible: false; actions: [AccessibilityAction: ACTION_SELECT - null, AccessibilityAction: ACTION_CLEAR_SELECTION - null, AccessibilityAction: ACTION_ACCESSIBILITY_FOCUS - null, AccessibilityAction: ACTION_SHOW_ON_SCREEN - null]; isTextSelectable: false
