06-26 04:42:58.007  6100  6374 D Maestro : View hierarchy received in 327 ms
06-26 04:42:58.032  6275  6296 D EGL_emulation: app_time_stats: avg=2.14ms min=1.34ms max=11.35ms count=61
06-26 04:42:58.129  1087  1087 D TaplEvents: TIS / TouchInteractionService.onInputEvent: MotionEvent { action=ACTION_DOWN, actionButton=0, id[0]=0, x[0]=160.0, y[0]=320.0, toolType[0]=TOOL_TYPE_FINGER, buttonState=0, classification=NONE, metaState=0, flags=0x0, edgeFlags=0x0, pointerCount=1, historySize=0, eventTime=164614, downTime=164614, deviceId=-1, source=0x1002, displayId=0, eventId=-367882811 }
06-26 04:42:58.207  5721  6811 I ChimeraConfigurator: Starting update, reason: 4 urgentFeatures: vision.ocr:-1
06-26 04:42:58.220  5721  6811 I ChimeraConfigurator: Detected pending changes for urgent request: [vision.ocr]. Pending module sets: container:2318189190800+mlkit.ocr.common,tflite_dynamite:2605805025100800+tflite_dynamite,vision_ocr:2316024025100000+vision.ocr
06-26 04:42:58.224  5721  6811 I GmsDebugLogger: [73] 1801
06-26 04:42:58.226  5721  6811 W ZappDownloader: No successful module downloads for requested features [vision.ocr].
06-26 04:42:58.226  5721  6811 I GmsDebugLogger: [30] [VisionOcrDynamite.integ:231602402100000],[TfliteDynamiteDynamite.integ:260580502100800],[MlkitOcrCommon.optional:231818100800]
06-26 04:42:58.228  5721  6811 W ChimeraConfigService: Retry attempt was throttled. [CONTEXT service_id=264 ]
06-26 04:42:58.228  5721  6811 I GmsDebugLogger: [83] 1 [vision.ocr]
06-26 04:42:58.228  5721  6810 W Vision  : Request for optional module download of ocr failed. Request again.
06-26 04:42:58.228  5721  6810 W Vision  : Would have logged:
06-26 04:42:58.228  5721  6810 W Vision  : # dsae@37884fe7
06-26 04:42:58.228  5721  6810 I Vision  : Schedule retrying download ocr at 164713 with backoff 20 seconds
06-26 04:42:58.251  5721  5907 W gle.android.gms: Long monitor contention with owner [com.google.android.gms.chimera.container.intentoperation.GmsIntentOperationChimeraService-Executor] processing com.google.android.gms.droidguard.DroidGuardModuleInitIntentOperation for action com.google.android.chimera.IntentOperation.NEW_MODULE (5889) at void hjm.run()(:com.google.android.gms@231818047@23.18.18 (190800-535401451):3) waiters=0 in void hjm.run() for 58.699s
06-26 04:42:58.251  5721  6543 W gle.android.gms: Long monitor contention with owner [com.google.android.gms.chimera.container.intentoperation.GmsIntentOperationChimeraService-Executor] processing com.google.android.gms.droidguard.DroidGuardModuleInitIntentOperation for action com.google.android.chimera.IntentOperation.NEW_MODULE (5889) at void hjm.run()(:com.google.android.gms@231818047@23.18.18 (190800-535401451):3) waiters=1 in void hjm.run() for 26.650s
06-26 04:42:58.253  5721  5889 I Dtdi    : [DtdiModuleInitIntentOperation] Cannot initialize Device Discovery. Flag is disabled. [CONTEXT service_id=312 ]
06-26 04:42:58.253  5721  5889 I Dtdi    : [DtdiModuleInitIntentOperation] Cannot initialize Spatial Orchestration. Flag is disabled. [CONTEXT service_id=312 ]
06-26 04:42:58.253  5721  5889 I Dtdi    : [DtdiModuleInitIntentOperation] Cannot initialize Media Transfer. Flag is disabled. [CONTEXT service_id=312 ]
06-26 04:42:58.253   335  6820 I resolv  : GetAddrInfoHandler::run: {101 786533 101 983141 10131 0}
06-26 04:42:58.254   335  6821 I resolv  : res_nmkquery: (QUERY, IN, AAAA)
06-26 04:42:58.254   335  6822 I resolv  : res_nmkquery: (QUERY, IN, A)
06-26 04:42:58.255   335  6822 I resolv  : resolv_cache_lookup: FOUND IN CACHE entry=0x78a66d7160b0
06-26 04:42:58.255   335  6822 I resolv  : doQuery: rcode=0, ancount=11, return value=212
06-26 04:42:58.256  5721  5889 I EnterpriseLoader: [ConditionsChecker] ZT config not present. [CONTEXT service_id=225 ]
06-26 04:42:58.257  5721  5889 I EsimModuleInit: onHandleIntent action: com.google.android.chimera.IntentOperation.NEW_MODULE [CONTEXT service_id=333 ]
06-26 04:42:58.258   520   598 D PackageManager: Instant App installer not found with android.intent.action.INSTALL_INSTANT_APP_PACKAGE
06-26 04:42:58.258   520   598 D PackageManager: Clear ephemeral installer activity
06-26 04:42:58.259   520  2351 D PackageManager: Instant App installer not found with android.intent.action.INSTALL_INSTANT_APP_PACKAGE
06-26 04:42:58.259   520  2351 D PackageManager: Clear ephemeral installer activity
06-26 04:42:58.259   520   819 D PackageManager: Instant App installer not found with android.intent.action.INSTALL_INSTANT_APP_PACKAGE
06-26 04:42:58.260   520   819 D PackageManager: Clear ephemeral installer activity
06-26 04:42:58.260   520   819 D PackageManager: Instant App installer not found with android.intent.action.INSTALL_INSTANT_APP_PACKAGE
06-26 04:42:58.261   520   819 D PackageManager: Clear ephemeral installer activity
06-26 04:42:58.261   520   819 D PackageManager: Instant App installer not found with android.intent.action.INSTALL_INSTANT_APP_PACKAGE
06-26 04:42:58.261   520   819 D PackageManager: Clear ephemeral installer activity
06-26 04:42:58.261   520   819 D PackageManager: Instant App installer not found with android.intent.action.INSTALL_INSTANT_APP_PACKAGE
06-26 04:42:58.261   520   819 D PackageManager: Clear ephemeral installer activity
06-26 04:42:58.261  5721  5889 I Fido    : [FidoInitIntentOperation] Initializing Fido module, InitRuntimeState=12
06-26 04:42:58.266  5641  5641 I Fido    : [CableAuthenticatorChimeraService] Unregistering receiver.
06-26 04:42:58.267  5641  5641 I Fido    : [CableAuthenticatorChimeraService] Registering broadcast receiver.
06-26 04:42:58.268  5641  5641 I Fido    : [AuthenticatorChimeraService] Unregistered the broadcast receiver [CONTEXT service_id=287 ]
06-26 04:42:58.270   520  2351 D BiometricService: canAuthenticate: User=0, Caller=0, Authenticators=255
06-26 04:42:58.271   520  2351 D BiometricService/PreAuthInfo: Package: com.google.android.gms Sensor ID: 4 Modality: 8 Status: 7
06-26 04:42:58.271   520  2351 D BiometricService/PreAuthInfo: Package: com.google.android.gms Sensor ID: 0 Modality: 2 Status: 7
06-26 04:42:58.271   520  2351 D BiometricService/PreAuthInfo: getCanAuthenticateInternal Modality: 8 AuthenticatorStatus: 7
06-26 04:42:58.271   520  2351 D AuthService: canAuthenticate, userId: 0, callingUserId: 0, authenticators: 255, result: 11
06-26 04:42:58.281   520   598 D PackageManager: Instant App installer not found with android.intent.action.INSTALL_INSTANT_APP_PACKAGE
06-26 04:42:58.281   520   598 D PackageManager: Clear ephemeral installer activity
06-26 04:42:58.282   520   598 D PackageManager: Instant App installer not found with android.intent.action.INSTALL_INSTANT_APP_PACKAGE
06-26 04:42:58.282   520   598 D PackageManager: Clear ephemeral installer activity
06-26 04:42:58.287   335  6821 I resolv  : res_nsend: used send_dg 148 terrno: 0
06-26 04:42:58.287   335  6821 I resolv  : doQuery: rcode=0, ancount=4, return value=148
06-26 04:42:58.288  5721  6543 D TrafficStats: tagSocket(81) with statsTag=0x30001803, statsUid=-1
06-26 04:42:58.288   335   367 E BpfHandler: Unsupported protocol: 1
06-26 04:42:58.288  5721  6543 I TrafficStats: tagSocketFd(81, 805312515, -1) failed with errno-93
06-26 04:42:58.292  5641  5989 I AlarmManager: setExactAndAllowWhileIdle [name: GCM_CONN_ALARM type: 2 triggerAtMillis: 184777]
06-26 04:42:58.304   520   819 D PackageManager: Instant App installer not found with android.intent.action.INSTALL_INSTANT_APP_PACKAGE
06-26 04:42:58.304   520   819 D PackageManager: Clear ephemeral installer activity
06-26 04:42:58.304   520   819 D PackageManager: Instant App installer not found with android.intent.action.INSTALL_INSTANT_APP_PACKAGE
06-26 04:42:58.304   520   819 D PackageManager: Clear ephemeral installer activity
06-26 04:42:58.304   520   819 D PackageManager: Instant App installer not found with android.intent.action.INSTALL_INSTANT_APP_PACKAGE
06-26 04:42:58.304   520   819 D PackageManager: Clear ephemeral installer activity
06-26 04:42:58.305   520   819 D PackageManager: Instant App installer not found with android.intent.action.INSTALL_INSTANT_APP_PACKAGE
06-26 04:42:58.305   520   819 D PackageManager: Clear ephemeral installer activity
06-26 04:42:58.305   520   819 D PackageManager: Instant App installer not found with android.intent.action.INSTALL_INSTANT_APP_PACKAGE
06-26 04:42:58.305   520   819 D PackageManager: Clear ephemeral installer activity
06-26 04:42:58.305   520   819 D PackageManager: Instant App installer not found with android.intent.action.INSTALL_INSTANT_APP_PACKAGE
06-26 04:42:58.305   520   819 D PackageManager: Clear ephemeral installer activity
06-26 04:42:58.305   520   819 D PackageManager: Instant App installer not found with android.intent.action.INSTALL_INSTANT_APP_PACKAGE
06-26 04:42:58.305   520   819 D PackageManager: Clear ephemeral installer activity
06-26 04:42:58.306   520   819 D PackageManager: Instant App installer not found with android.intent.action.INSTALL_INSTANT_APP_PACKAGE
06-26 04:42:58.306   520   819 D PackageManager: Clear ephemeral installer activity
06-26 04:42:58.306   520   819 D PackageManager: Instant App installer not found with android.intent.action.INSTALL_INSTANT_APP_PACKAGE
06-26 04:42:58.306   520   819 D PackageManager: Clear ephemeral installer activity
06-26 04:42:58.306   520   819 D PackageManager: Instant App installer not found with android.intent.action.INSTALL_INSTANT_APP_PACKAGE
06-26 04:42:58.306   520   819 D PackageManager: Clear ephemeral installer activity
06-26 04:42:58.306   520   819 D PackageManager: Instant App installer not found with android.intent.action.INSTALL_INSTANT_APP_PACKAGE
06-26 04:42:58.306   520   819 D PackageManager: Clear ephemeral installer activity
06-26 04:42:58.307  5721  5889 W ChimeraUtils: Module com.google.android.gms.growth missing resource growth_module_display_name(0)
06-26 04:42:58.308  5721  5889 W ChimeraUtils: Module com.google.android.gms.growth missing resource growth_module_display_name(0)
06-26 04:42:58.331  5721  5889 I SnapshotHandler: Unable to retrieve flag snapshot for com.google.android.gms.inappreach#com.google.android.gms, using defaults.
06-26 04:42:58.354   520   598 D PackageManager: Instant App installer not found with android.intent.action.INSTALL_INSTANT_APP_PACKAGE
06-26 04:42:58.354   520   598 D PackageManager: Clear ephemeral installer activity
06-26 04:42:58.373  5721  6811 I NewModuleOp: Enable component: com.google.android.gms.languageprofile.GcmReceiverService [CONTEXT service_id=167 ]
06-26 04:42:58.373   520  2351 D PackageManager: Instant App installer not found with android.intent.action.INSTALL_INSTANT_APP_PACKAGE
06-26 04:42:58.373   520  2351 D PackageManager: Clear ephemeral installer activity
06-26 04:42:58.373  5721  6811 I NewModuleOp: Enable component: com.google.android.gms.languageprofile.GcmTaskService [CONTEXT service_id=167 ]
06-26 04:42:58.374   520  2351 D PackageManager: Instant App installer not found with android.intent.action.INSTALL_INSTANT_APP_PACKAGE
06-26 04:42:58.374   520  2351 D PackageManager: Clear ephemeral installer activity
06-26 04:42:58.374  5721  6811 I NewModuleOp: Schedule LanguageProfileGcmTaskChimeraService tasks. [CONTEXT service_id=167 ]
06-26 04:42:58.376  5721  6811 I LPGcmTaskChimeraService: Scheduling sync task. [CONTEXT service_id=167 ]
06-26 04:42:58.377  5721  5814 I Icing   : MaintenanceDriver: Registering all GCM Tasks.
06-26 04:42:58.384  5721  6811 I GmsSyncPolicyEngine: Periodic sync 2 disabled by policy, cancelled.
06-26 04:42:58.385  5721  6811 I GmsSyncPolicyEngine: Periodic sync 6 disabled
06-26 04:42:58.386  5641  6573 I NetworkScheduler.Stats: Task com.google.android.gms/com.google.android.gms.droidguard.DroidGuardGcmTaskService started execution. cause:7 exec_start_elapsed_seconds: 164 [CONTEXT service_id=218 ]
06-26 04:42:58.413  5721  6811 I LSRModuleInit: New Geofences: [] [CONTEXT service_id=277 ]
06-26 04:42:58.413  5721  6811 I LSRModuleInit: Attempting to change container components state to enabled: true [CONTEXT service_id=277 ]
06-26 04:42:58.415   520   598 D PackageManager: Instant App installer not found with android.intent.action.INSTALL_INSTANT_APP_PACKAGE
06-26 04:42:58.415   520   598 D PackageManager: Clear ephemeral installer activity
06-26 04:42:58.417  5721  6811 I Google Maps Android API: Validating conditions for requesting maps_core feature. [CONTEXT service_id=71 ]
06-26 04:42:58.417  5721  6811 I Google Maps Android API: Is maps_core feature installed? 2 [CONTEXT service_id=71 ]
06-26 04:42:58.418  5721  6811 I Google Maps Android API: cutoffSize=2147483648, internalFreeBytes=4951142400
06-26 04:42:58.418  5721  6811 I Google Maps Android API: Eligible to request maps_core feature. [CONTEXT service_id=71 ]
06-26 04:42:58.418  5641  6648 I LSR     : Handling LSR module init in persistent process [CONTEXT service_id=277 ]
06-26 04:42:58.418  5641  6648 I LSR     : Refreshing periodic location reporting state [CONTEXT service_id=277 ]
06-26 04:42:58.419  5641  6574 I LSR     : No upload requests, reporting should be disabled [CONTEXT service_id=277 ]
06-26 04:42:58.420  5641  5989 I LSR     : Reporting should be enabled: false [CONTEXT service_id=277 ]
06-26 04:42:58.420  5721  6811 I Google Maps Android API: maps_core feature request succeeded. [CONTEXT service_id=71 ]
06-26 04:42:58.421  5641  5989 I LSR     : Stopping periodic location reporting [CONTEXT service_id=277 ]
06-26 04:42:58.422  4920  5159 I Bugle   : BroadcastReceiverAsyncWorkTracker: Acknowledging broadcast of bdxy@7100fd9
06-26 04:42:58.423  5721  6811 I MdiSyncModule: initializing module...
06-26 04:42:58.436  5641  6575 I LockboxIntentOp: Completed task: true [CONTEXT service_id=26 ]
06-26 04:42:58.441  5721  5907 I ChimeraConfigurator: Starting update, reason: 4 urgentFeatures: maps_core:-1
06-26 04:42:58.450  5721  6811 I MdiSyncModule: module initialization completed
06-26 04:42:58.451   520  1699 D PackageManager: Instant App installer not found with android.intent.action.INSTALL_INSTANT_APP_PACKAGE
06-26 04:42:58.451   520  1699 D PackageManager: Clear ephemeral installer activity
06-26 04:42:58.452   520  1699 D PackageManager: Instant App installer not found with android.intent.action.INSTALL_INSTANT_APP_PACKAGE
06-26 04:42:58.453   520  1699 D PackageManager: Clear ephemeral installer activity
06-26 04:42:58.454  5641  6573 I NetworkScheduler.Stats: Task com.google.android.gms/com.google.android.gms.droidguard.DroidGuardGcmTaskService finished executing. cause:7 result: 1 elapsed_millis: 75 uptime_millis: 75 exec_start_elapsed_seconds: 164 [CONTEXT service_id=218 ]
06-26 04:42:58.457  5641  5989 I LSR     : Cancelling periodic location reporting maintenance task [CONTEXT service_id=277 ]
06-26 04:42:58.503   520  1699 D PackageManager: Instant App installer not found with android.intent.action.INSTALL_INSTANT_APP_PACKAGE
06-26 04:42:58.503   520  1699 D PackageManager: Clear ephemeral installer activity
06-26 04:42:58.517  5721  6811 W MDM     : [258] aywf.d: Q+ devices does not need device admin.
06-26 04:42:58.518  5721  6811 I MlBenchmarkInstaller: Intent: com.google.android.chimera.IntentOperation.NEW_MODULE [CONTEXT service_id=340 ]
06-26 04:42:58.518  5721  6811 I MlBenchmarkInstaller: onInitRuntimeState(), intent action=com.google.android.chimera.IntentOperation.NEW_MODULE [CONTEXT service_id=340 ]
06-26 04:42:58.519  5721  6811 I MlBenchmarkInstaller: Device sampled out, skipping. [CONTEXT service_id=340 ]
06-26 04:42:58.521  5641  6823 I Fitness : OnPackageChangedOperation got intent: Intent { act=android.intent.action.PACKAGE_CHANGED dat=package: flg=0x45000010 pkg=com.google.android.gms cmp=com.google.android.gms/.chimera.PersistentIntentOperationService (has extras) } [CONTEXT service_id=17 ]
06-26 04:42:58.526  5721  5721 I MlBenchmarkInstaller: Feature unrequest success = true [CONTEXT service_id=340 ]
06-26 04:42:58.538  5721  6811 W ChimeraUtils: Module com.google.android.gms.mobiledataplan missing resource null(0)
06-26 04:42:58.550  5721  5721 W MdmInitializer: SPOT API unavailable. [CONTEXT service_id=247 ]
06-26 04:42:58.550  5721  5721 W MdmInitializer: aare: None of the queried APIs are available. Spot.API: ConnectionResult{statusCode=API_UNAVAILABLE, resolution=null, message=null}
06-26 04:42:58.550  5721  5721 W MdmInitializer: 	at aasq.a(:com.google.android.gms@231818047@23.18.18 (190800-535401451):3)
06-26 04:42:58.550  5721  5721 W MdmInitializer: 	at aava.o(:com.google.android.gms@231818047@23.18.18 (190800-535401451):3)
06-26 04:42:58.550  5721  5721 W MdmInitializer: 	at aava.g(:com.google.android.gms@231818047@23.18.18 (190800-535401451):4)
06-26 04:42:58.550  5721  5721 W MdmInitializer: 	at aava.onConnectionFailed(:com.google.android.gms@231818047@23.18.18 (190800-535401451):0)
06-26 04:42:58.550  5721  5721 W MdmInitializer: 	at abnk.gU(:com.google.android.gms@231818047@23.18.18 (190800-535401451):0)
06-26 04:42:58.550  5721  5721 W MdmInitializer: 	at abmo.b(:com.google.android.gms@231818047@23.18.18 (190800-535401451):1)
06-26 04:42:58.550  5721  5721 W MdmInitializer: 	at abmf.a(:com.google.android.gms@231818047@23.18.18 (190800-535401451):7)
06-26 04:42:58.550  5721  5721 W MdmInitializer: 	at abmi.handleMessage(:com.google.android.gms@231818047@23.18.18 (190800-535401451):29)
06-26 04:42:58.550  5721  5721 W MdmInitializer: 	at android.os.Handler.dispatchMessage(Handler.java:106)
06-26 04:42:58.550  5721  5721 W MdmInitializer: 	at avye.ll(:com.google.android.gms@231818047@23.18.18 (190800-535401451):0)
06-26 04:42:58.550  5721  5721 W MdmInitializer: 	at avye.dispatchMessage(:com.google.android.gms@231818047@23.18.18 (190800-535401451):14)
06-26 04:42:58.550  5721  5721 W MdmInitializer: 	at android.os.Looper.loopOnce(Looper.java:205)
06-26 04:42:58.550  5721  5721 W MdmInitializer: 	at android.os.Looper.loop(Looper.java:294)
06-26 04:42:58.550  5721  5721 W MdmInitializer: 	at android.os.HandlerThread.run(HandlerThread.java:67)
06-26 04:42:58.550  5641  6617 W ChimeraUtils: Module com.google.android.gms.nearby_en missing resource null(0)
06-26 04:42:58.554  5721  5907 I ChimeraConfigurator: Detected pending changes for urgent request: [maps_core]. Pending module sets: container:2318189190800+maps_core
06-26 04:42:58.554  5641  6574 W MagicTether: [TetherListenerService] Invalid account list. [CONTEXT service_id=276 ]
06-26 04:42:58.566  5641  6617 W ChimeraUtils: Module com.google.android.gms.nearby_en missing resource null(0)
06-26 04:42:58.570  5641  6823 I Fitness : FitCleanupIntentOperation received Intent android.intent.action.PACKAGE_CHANGED [CONTEXT service_id=17 ]
06-26 04:42:58.573  5721  5907 I GmsDebugLogger: [73] 1801
06-26 04:42:58.576  5641  5641 I MagicTether: [AutoDisconnectIntentOperation] Canceling task. [CONTEXT service_id=276 ]
06-26 04:42:58.582   520  1699 D OomAdjuster: Not killing cached processes
06-26 04:42:58.584  5641  6823 I MagicTether: [AutoDisconnectIntentOperation] Canceling task. [CONTEXT service_id=276 ]
06-26 04:42:58.589  5721  5907 W ZappDownloader: No successful module downloads for requested features [maps_core].
06-26 04:42:58.589  5721  5907 I GmsDebugLogger: [30] [MapsCoreDynamite.integ:231112103100800]
06-26 04:42:58.592  5721  5907 W ChimeraConfigService: Retry attempt was throttled. [CONTEXT service_id=264 ]
06-26 04:42:58.592  5721  5907 I GmsDebugLogger: [83] 1 [maps_core]
06-26 04:42:58.605  5721  5814 I Icing   : IndexChimeraService.getServiceInterface callingPackage=com.google.android.gms componentName=AppsCorpus serviceId=36
06-26 04:42:58.626  5721  5886 I Icing   : Usage reports ok 0, Failed Usage reports 0, indexed 0, rejected 0
06-26 04:42:58.639  5721  6833 W libc    : Access denied finding property "ro.hardware.chipname"
06-26 04:42:58.640  5721  6833 W ChipsetHelper: Unknown chipset! [CONTEXT service_id=301 ]
06-26 04:42:58.640  5721  6833 I NnApiDriverManager: Registering application with chipset 'unknown' [CONTEXT service_id=301 ]
06-26 04:42:58.653   520   598 I RemoteProvisionSysSvc: getRegistration(android.hardware.security.keymint.IRemotelyProvisionedComponent/default)
06-26 04:42:58.654  5721  5886 I Icing   : Indexing com.google.android.gms-apps from com.google.android.gms
06-26 04:42:58.658   520   520 I RegistrationProxy: onServiceConnected: com.android.rkpdapp.service.RemoteProvisioningService
06-26 04:42:58.852     0     0 I servicemanager: Found android.hardware.security.keymint.IRemotelyProvisionedComponent/default in device VINTF manifest.
06-26 04:42:58.668   520  2582 I RegistrationProxy: IGetRegistrationCallback.onSuccess
06-26 04:42:58.670  5721  6833 I NnApiDriverManager: Registering application with GPU 'Android Emulator OpenGL ES Translator (Google SwiftShader)' by 'Google (Google Inc.)' [CONTEXT service_id=301 ]
06-26 04:42:58.675   520   533 D PackageManager: Instant App installer not found with android.intent.action.INSTALL_INSTANT_APP_PACKAGE
06-26 04:42:58.675   520   533 D PackageManager: Clear ephemeral installer activity
06-26 04:42:58.675   520  2582 I RemoteProvisionSysSvc: Fetching key 10131 for client 97708812
06-26 04:42:58.675   520  2582 I RegistrationProxy: getKeyAsync operation started with callback 95677525
06-26 04:42:58.675  3400  3499 I RkpdRegistrationBinder: Key requested for : android.hardware.security.keymint.IRemotelyProvisionedComponent/default, clientUid: 1017, keyId: 10131, callback: 221845657
06-26 04:42:58.676  5721  5886 I Icing   : Indexing done com.google.android.gms-apps
06-26 04:42:58.683  3400  3499 I RkpdRegistrationBinder: Key successfully assigned to client
06-26 04:42:58.684   520   520 I RemoteProvisionSysSvc: Successfully fetched key for client 97708812
06-26 04:42:58.688  5721  6828 W DynamiteModule: Local module descriptor class for com.google.android.gms.vision.dynamite.ocr not found.
06-26 04:42:58.688  5721  6828 W ProviderHelper: Unknown dynamite feature vision.dynamite.ocr
06-26 04:42:58.689  5721  6828 I DynamiteModule: Considering local module com.google.android.gms.vision.dynamite.ocr:0 and remote module com.google.android.gms.vision.dynamite.ocr:0
06-26 04:42:58.689  5721  6828 W ProviderHelper: Ignoring optional dynamite feature vision.ocr
06-26 04:42:58.689  5721  6828 W DynamiteModule: Local module descriptor class for com.google.android.gms.vision.ocr not found.
06-26 04:42:58.689  5721  6828 I DynamiteModule: Considering local module com.google.android.gms.vision.ocr:0 and remote module com.google.android.gms.vision.ocr:0
06-26 04:42:58.689  5721  6828 W Vision  : Error loading optional module com.google.android.gms.vision.ocr: ahbb: No acceptable module com.google.android.gms.vision.ocr found. Local version is 0 and remote version is 0.
06-26 04:42:58.692   520   819 D BiometricService: Sensor ID(4), oemStrength: 15, updatedStrength: 15, modality 8, state: 0, cookie: 0, sensorId 4, hasEnrollments: false cannot participate in Keystore operations
06-26 04:42:58.692   520   819 D BiometricService: Sensor ID(0), oemStrength: 15, updatedStrength: 15, modality 2, state: 0, cookie: 0, sensorId 0, hasEnrollments: false cannot participate in Keystore operations
06-26 04:42:58.699   520  1699 D PackageManager: Instant App installer not found with android.intent.action.INSTALL_INSTANT_APP_PACKAGE
06-26 04:42:58.700   520  1699 D PackageManager: Clear ephemeral installer activity
06-26 04:42:58.701   520  1699 D PackageManager: Instant App installer not found with android.intent.action.INSTALL_INSTANT_APP_PACKAGE
06-26 04:42:58.701   520  1699 D PackageManager: Clear ephemeral installer activity
06-26 04:42:58.705   335  6837 I resolv  : GetAddrInfoHandler::run: {101 786533 101 983141 10131 0}
06-26 04:42:58.705  2731  6800 D TrafficStats: tagSocket(119) with statsTag=0x1809, statsUid=-1
06-26 04:42:58.706  2731  6800 D TrafficStats: tagSocket(119) with statsTag=0x1809, statsUid=-1
06-26 04:42:58.706  5721  6828 W TextNativeHandle: Native handle not yet available. Reverting to no-op handle.
06-26 04:42:58.706  5721  6828 W DynamiteModule: Local module descriptor class for com.google.android.gms.vision.dynamite.ocr not found.
06-26 04:42:58.706  5721  6828 W ProviderHelper: Unknown dynamite feature vision.dynamite.ocr
06-26 04:42:58.707  5721  6828 I DynamiteModule: Considering local module com.google.android.gms.vision.dynamite.ocr:0 and remote module com.google.android.gms.vision.dynamite.ocr:0
06-26 04:42:58.707  5721  6828 W ProviderHelper: Ignoring optional dynamite feature vision.ocr
06-26 04:42:58.707  2731  6800 D TrafficStats: tagSocket(119) with statsTag=0x1809, statsUid=-1
06-26 04:42:58.707  5721  6828 W DynamiteModule: Local module descriptor class for com.google.android.gms.vision.ocr not found.
06-26 04:42:58.707  5721  6828 I DynamiteModule: Considering local module com.google.android.gms.vision.ocr:0 and remote module com.google.android.gms.vision.ocr:0
06-26 04:42:58.707  5721  6828 W Vision  : Error loading optional module com.google.android.gms.vision.ocr: ahbb: No acceptable module com.google.android.gms.vision.ocr found. Local version is 0 and remote version is 0.
06-26 04:42:58.707  5721  6828 I OcrModelUpStIntentOp: Downloading text recognizer
06-26 04:42:58.709  5641  5795 W ChimeraUtils: Module com.google.android.gms.nearby_en missing resource null(0)
06-26 04:42:58.713  5641  5795 W ChimeraUtils: Module com.google.android.gms.nearby_en missing resource null(0)
06-26 04:42:58.723   400   413 D PermissionCache: checking android.permission.DUMP for uid=10131 => granted (122 us)
06-26 04:42:58.733  1087  1087 D TaplEvents: TIS / TouchInteractionService.onInputEvent: MotionEvent { action=ACTION_UP, actionButton=0, id[0]=0, x[0]=160.0, y[0]=64.0, toolType[0]=TOOL_TYPE_FINGER, buttonState=0, classification=NONE, metaState=0, flags=0x0, edgeFlags=0x0, pointerCount=1, historySize=0, eventTime=165215, downTime=164614, deviceId=-1, source=0x1002, displayId=0, eventId=-818918903 }
06-26 04:42:58.736  5721  5721 D BoundBrokerSvc: onBind: Intent { act=com.google.android.gms.ocr.service.internal.START dat=chimera-action:/... cmp=com.google.android.gms/.chimera.GmsInternalApiService }
06-26 04:42:58.736  5721  5721 D BoundBrokerSvc: Loading bound service for intent: Intent { act=com.google.android.gms.ocr.service.internal.START dat=chimera-action:/... cmp=com.google.android.gms/.chimera.GmsInternalApiService }
06-26 04:42:58.737  5721  6828 I ChimeraConfigurator: Starting update, reason: 4 urgentFeatures: vision.ocr:-1
06-26 04:42:58.814  5641  6573 W .gms.persistent: Long monitor contention with owner netscheduler-queue-handler (5725) at void bytb.o(int)(:com.google.android.gms@231818047@23.18.18 (190800-535401451):4) waiters=0 in void bytb.u(byps, int) for 261ms
06-26 04:42:58.824   520   610 D ActivityManager: freezing 2027 com.google.android.as.oss
06-26 04:42:58.826  5721  6828 I ChimeraConfigurator: Detected pending changes for urgent request: [vision.ocr]. Pending module sets: container:2318189190800+mlkit.ocr.common,tflite_dynamite:2605805025100800+tflite_dynamite,vision_ocr:2316024025100000+vision.ocr
06-26 04:42:58.886  5721  6828 I GmsDebugLogger: [73] 1801
06-26 04:42:58.890  5721  6828 W ZappDownloader: No successful module downloads for requested features [vision.ocr].
06-26 04:42:58.890  5721  6828 I GmsDebugLogger: [30] [VisionOcrDynamite.integ:231602402100000],[TfliteDynamiteDynamite.integ:260580502100800],[MlkitOcrCommon.optional:231818100800]
06-26 04:42:58.892  5721  6828 W ChimeraConfigService: Retry attempt was throttled. [CONTEXT service_id=264 ]
06-26 04:42:58.892  5721  6828 I GmsDebugLogger: [83] 1 [vision.ocr]
06-26 04:42:58.951  5721  5907 W Vision  : Request for optional module download of ocr failed. Request again.
06-26 04:42:58.951  5721  5907 W Vision  : Would have logged:
06-26 04:42:58.951  5721  5907 W Vision  : # dsae@37884fe7
06-26 04:42:58.951  5721  5907 I Vision  : Schedule retrying download ocr at 165436 with backoff 10 seconds
06-26 04:42:58.952  5721  6833 W Pay     : Active account was null, notification task will be cancelled. [CONTEXT service_id=198 ]
06-26 04:42:58.952  5721  6833 W Pay     : [eMoney card recovery task] exiting without init: active tapandpay account not found! [CONTEXT service_id=198 ]
06-26 04:42:58.957  5721  6833 I Pay     : Requested immediate check to see whether to show pay module downloading complete notification. [CONTEXT service_id=198 ]
06-26 04:42:58.970  5721  6833 W Pay     : Active account was null, notification task will be cancelled. [CONTEXT service_id=198 ]
06-26 04:42:58.970  5721  6833 W Pay     : [eMoney txn sync] exiting without init: active tapandpay account not found! [CONTEXT service_id=198 ]
06-26 04:42:58.971  5721  6833 I Pay     : Requested check of feature migrations. [CONTEXT service_id=198 ]
06-26 04:42:58.983  2731  6800 W libc    : Access denied finding property "persist.adb.tls_server.enable"
06-26 04:42:58.984  2731  6800 W libc    : Access denied finding property "service.adb.tls.port"
06-26 04:42:58.995  5721  6833 W PeoplePU: getComponentEnabledSetting failed.
06-26 04:42:58.995  5721  6833 W PeoplePU: java.lang.IllegalArgumentException: Unknown component: ComponentInfo{com.google.android.syncadapters.contacts/com.google.android.syncadapters.contacts.ContactsSyncAdapterService}
06-26 04:42:58.995  5721  6833 W PeoplePU: 	at android.os.Parcel.createExceptionOrNull(Parcel.java:3061)
06-26 04:42:58.995  5721  6833 W PeoplePU: 	at android.os.Parcel.createException(Parcel.java:3041)
06-26 04:42:58.995  5721  6833 W PeoplePU: 	at android.os.Parcel.readException(Parcel.java:3024)
06-26 04:42:58.995  5721  6833 W PeoplePU: 	at android.os.Parcel.readException(Parcel.java:2966)
06-26 04:42:58.995  5721  6833 W PeoplePU: 	at android.content.pm.IPackageManager$Stub$Proxy.getComponentEnabledSetting(IPackageManager.java:6034)
06-26 04:42:58.995  5721  6833 W PeoplePU: 	at android.app.ApplicationPackageManager.getComponentEnabledSetting(ApplicationPackageManager.java:3097)
06-26 04:42:58.995  5721  6833 W PeoplePU: 	at bvox.b(:com.google.android.gms@231818047@23.18.18 (190800-535401451):1)
06-26 04:42:58.995  5721  6833 W PeoplePU: 	at bvgq.a(:com.google.android.gms@231818047@23.18.18 (190800-535401451):5)
06-26 04:42:58.995  5721  6833 W PeoplePU: 	at com.google.android.gms.people.api.init.PeopleModuleInitIntentOperation.b(:com.google.android.gms@231818047@23.18.18 (190800-535401451):9)
06-26 04:42:58.995  5721  6833 W PeoplePU: 	at zdm.onHandleIntent(:com.google.android.gms@231818047@23.18.18 (190800-535401451):7)
06-26 04:42:58.995  5721  6833 W PeoplePU: 	at com.google.android.chimera.IntentOperation.onHandleIntent(:com.google.android.gms@231818047@23.18.18 (190800-535401451):2)
06-26 04:42:58.995  5721  6833 W PeoplePU: 	at zhv.onHandleIntent(:com.google.android.gms@231818047@23.18.18 (190800-535401451):4)
06-26 04:42:58.995  5721  6833 W PeoplePU: 	at hjm.run(:com.google.android.gms@231818047@23.18.18 (190800-535401451):3)
06-26 04:42:58.995  5721  6833 W PeoplePU: 	at hjl.run(:com.google.android.gms@231818047@23.18.18 (190800-535401451):11)
06-26 04:42:58.995  5721  6833 W PeoplePU: 	at dfhf.run(:com.google.android.gms@231818047@23.18.18 (190800-535401451):2)
06-26 04:42:58.995  5721  6833 W PeoplePU: 	at java.util.concurrent.ThreadPoolExecutor.runWorker(ThreadPoolExecutor.java:1145)
06-26 04:42:58.995  5721  6833 W PeoplePU: 	at java.util.concurrent.ThreadPoolExecutor$Worker.run(ThreadPoolExecutor.java:644)
06-26 04:42:58.995  5721  6833 W PeoplePU: 	at java.lang.Thread.run(Thread.java:1012)
06-26 04:42:58.995  5721  6833 W PeoplePU: Caused by: android.os.RemoteException: Remote stack trace:
06-26 04:42:58.995  5721  6833 W PeoplePU: 	at com.android.server.pm.ComputerEngine.getComponentEnabledSettingInternal(ComputerEngine.java:5159)
06-26 04:42:58.995  5721  6833 W PeoplePU: 	at com.android.server.pm.ComputerEngine.getComponentEnabledSetting(ComputerEngine.java:5141)
06-26 04:42:58.995  5721  6833 W PeoplePU: 	at com.android.server.pm.IPackageManagerBase.getComponentEnabledSetting(IPackageManagerBase.java:388)
06-26 04:42:58.995  5721  6833 W PeoplePU: 	at android.content.pm.IPackageManager$Stub.onTransact(IPackageManager.java:3012)
06-26 04:42:58.995  5721  6833 W PeoplePU: 	at com.android.server.pm.PackageManagerService$IPackageManagerImpl.onTransact(PackageManagerService.java:6334)
06-26 04:42:58.995  5721  6833 W PeoplePU: 
06-26 04:42:58.995  5721  6833 I FsaEntryPointSwitcher: setting component enabled=1 for com.google.android.gms.people.sync.focus.ContactsSyncAdapterService
06-26 04:42:58.995  5721  6833 I FsaEntryPointSwitcher: Setting component enabled succeeds.
06-26 04:42:58.996  5721  6833 W PeoplePU: getComponentEnabledSetting failed.
06-26 04:42:58.996  5721  6833 W PeoplePU: java.lang.IllegalArgumentException: Unknown component: ComponentInfo{com.google.android.syncadapters.contacts/com.google.android.syncadapters.contacts.ContactsSyncAdapterService}
06-26 04:42:58.996  5721  6833 W PeoplePU: 	at android.os.Parcel.createExceptionOrNull(Parcel.java:3061)
06-26 04:42:58.996  5721  6833 W PeoplePU: 	at android.os.Parcel.createException(Parcel.java:3041)
06-26 04:42:58.996  5721  6833 W PeoplePU: 	at android.os.Parcel.readException(Parcel.java:3024)
06-26 04:42:58.996  5721  6833 W PeoplePU: 	at android.os.Parcel.readException(Parcel.java:2966)
06-26 04:42:58.996  5721  6833 W PeoplePU: 	at android.content.pm.IPackageManager$Stub$Proxy.getComponentEnabledSetting(IPackageManager.java:6034)
06-26 04:42:58.996  5721  6833 W PeoplePU: 	at android.app.ApplicationPackageManager.getComponentEnabledSetting(ApplicationPackageManager.java:3097)
06-26 04:42:58.996  5721  6833 W PeoplePU: 	at bvox.b(:com.google.android.gms@231818047@23.18.18 (190800-535401451):1)
06-26 04:42:58.996  5721  6833 W PeoplePU: 	at bvgq.a(:com.google.android.gms@231818047@23.18.18 (190800-535401451):29)
06-26 04:42:58.996  5721  6833 W PeoplePU: 	at com.google.android.gms.people.api.init.PeopleModuleInitIntentOperation.b(:com.google.android.gms@231818047@23.18.18 (190800-535401451):9)
06-26 04:42:58.996  5721  6833 W PeoplePU: 	at zdm.onHandleIntent(:com.google.android.gms@231818047@23.18.18 (190800-535401451):7)
06-26 04:42:58.996  5721  6833 W PeoplePU: 	at com.google.android.chimera.IntentOperation.onHandleIntent(:com.google.android.gms@231818047@23.18.18 (190800-535401451):2)
06-26 04:42:58.996  5721  6833 W PeoplePU: 	at zhv.onHandleIntent(:com.google.android.gms@231818047@23.18.18 (190800-535401451):4)
06-26 04:42:58.996  5721  6833 W PeoplePU: 	at hjm.run(:com.google.android.gms@231818047@23.18.18 (190800-535401451):3)
06-26 04:42:58.996  5721  6833 W PeoplePU: 	at hjl.run(:com.google.android.gms@231818047@23.18.18 (190800-535401451):11)
06-26 04:42:58.996  5721  6833 W PeoplePU: 	at dfhf.run(:com.google.android.gms@231818047@23.18.18 (190800-535401451):2)
06-26 04:42:58.996  5721  6833 W PeoplePU: 	at java.util.concurrent.ThreadPoolExecutor.runWorker(ThreadPoolExecutor.java:1145)
06-26 04:42:58.996  5721  6833 W PeoplePU: 	at java.util.concurrent.ThreadPoolExecutor$Worker.run(ThreadPoolExecutor.java:644)
06-26 04:42:58.996  5721  6833 W PeoplePU: 	at java.lang.Thread.run(Thread.java:1012)
06-26 04:42:58.999  5721  6833 W PeoplePU: getComponentEnabledSetting failed.
06-26 04:42:58.999  5721  6833 W PeoplePU: java.lang.IllegalArgumentException: Unknown component: ComponentInfo{com.google.android.syncadapters.contacts/com.google.android.syncadapters.contacts.ProxyGalProvider}
06-26 04:42:58.999  5721  6833 W PeoplePU: 	at android.os.Parcel.createExceptionOrNull(Parcel.java:3061)
06-26 04:42:58.999  5721  6833 W PeoplePU: 	at android.os.Parcel.createException(Parcel.java:3041)
06-26 04:42:58.999  5721  6833 W PeoplePU: 	at android.os.Parcel.readException(Parcel.java:3024)
06-26 04:42:58.999  5721  6833 W PeoplePU: 	at android.os.Parcel.readException(Parcel.java:2966)
06-26 04:42:58.999  5721  6833 W PeoplePU: 	at android.content.pm.IPackageManager$Stub$Proxy.getComponentEnabledSetting(IPackageManager.java:6034)
06-26 04:42:58.999  5721  6833 W PeoplePU: 	at android.app.ApplicationPackageManager.getComponentEnabledSetting(ApplicationPackageManager.java:3097)
06-26 04:42:58.999  5721  6833 W PeoplePU: 	at bvox.b(:com.google.android.gms@231818047@23.18.18 (190800-535401451):1)
06-26 04:42:58.999  5721  6833 W PeoplePU: 	at buru.a(:com.google.android.gms@231818047@23.18.18 (190800-535401451):2)
06-26 04:42:58.999  5721  6833 W PeoplePU: 	at com.google.android.gms.people.api.init.PeopleModuleInitIntentOperation.b(:com.google.android.gms@231818047@23.18.18 (190800-535401451):10)
06-26 04:42:58.999  5721  6833 W PeoplePU: 	at zdm.onHandleIntent(:com.google.android.gms@231818047@23.18.18 (190800-535401451):7)
06-26 04:42:58.999  5721  6833 W PeoplePU: 	at com.google.android.chimera.IntentOperation.onHandleIntent(:com.google.android.gms@231818047@23.18.18 (190800-535401451):2)
06-26 04:42:58.999  5721  6833 W PeoplePU: 	at zhv.onHandleIntent(:com.google.android.gms@231818047@23.18.18 (190800-535401451):4)
06-26 04:42:58.999  5721  6833 W PeoplePU: 	at hjm.run(:com.google.android.gms@231818047@23.18.18 (190800-535401451):3)
06-26 04:42:58.999  5721  6833 W PeoplePU: 	at hjl.run(:com.google.android.gms@231818047@23.18.18 (190800-535401451):11)
06-26 04:42:58.999  5721  6833 W PeoplePU: 	at dfhf.run(:com.google.android.gms@231818047@23.18.18 (190800-535401451):2)
06-26 04:42:58.999  5721  6833 W PeoplePU: 	at java.util.concurrent.ThreadPoolExecutor.runWorker(ThreadPoolExecutor.java:1145)
06-26 04:42:58.999  5721  6833 W PeoplePU: 	at java.util.concurrent.ThreadPoolExecutor$Worker.run(ThreadPoolExecutor.java:644)
06-26 04:42:58.999  5721  6833 W PeoplePU: 	at java.lang.Thread.run(Thread.java:1012)
06-26 04:42:58.982  2731  2731 W IntentService[D: type=1400 audit(0.0:54): avc:  denied  { read } for  name="u:object_r:system_adbd_prop:s0" dev="tmpfs" ino=292 scontext=u:r:gmscore_app:s0:c512,c768 tcontext=u:object_r:system_adbd_prop:s0 tclass=file permissive=0 app=com.google.android.gms
06-26 04:42:59.021  5721  6833 I PeopleGalProvider: Gal directories started.
06-26 04:42:59.021  5721  6833 I PeopleGalProvider: Method 1 completed.
06-26 04:42:59.021  5721  6833 I PeopleGalProvider: Method 1 finished successfully.
06-26 04:42:59.022  5721  6833 I GalProviderController: setting component enabled=1 for com.google.android.gms.people.service.galprovider.PeopleGalProvider
06-26 04:42:59.022  5721  6833 I GalProviderController: Setting component enabled succeeds.
06-26 04:42:59.023  5721  6833 I PeopleGalProvider: Gal directories started.
06-26 04:42:59.023  5721  6833 I PeopleGalProvider: Method 1 completed.
06-26 04:42:59.023  5721  6833 I PeopleGalProvider: Method 1 finished successfully.
06-26 04:42:59.025  5721  6833 I DeletedNullContactsCleanup: Scheduling the service.
06-26 04:42:59.025  5721  6833 I BackupAndSyncValidation: Scheduling the service.
06-26 04:42:59.026   520  1699 D PackageManager: Instant App installer not found with android.intent.action.INSTALL_INSTANT_APP_PACKAGE
06-26 04:42:59.026   520  1699 D PackageManager: Clear ephemeral installer activity
06-26 04:42:59.035  5721  6833 I PeopleInitIntentOp: Not initializing debuggability [CONTEXT service_id=5 ]
06-26 04:42:58.982  2731  2731 W IntentService[D: type=1400 audit(0.0:55): avc:  denied  { read } for  name="u:object_r:adbd_prop:s0" dev="tmpfs" ino=60 scontext=u:r:gmscore_app:s0:c512,c768 tcontext=u:object_r:adbd_prop:s0 tclass=file permissive=0 app=com.google.android.gms
06-26 04:42:59.038  5721  6818 I HeterodyneSyncScheduler: Cancel all previously scheduled polling [CONTEXT service_id=51 ]
06-26 04:42:59.038  5721  6818 I HeterodyneSyncScheduler: Scheduling Phenotype for first execution 2972 seconds from now (1782448979038) [CONTEXT service_id=51 ]
06-26 04:42:59.039  5721  6818 W ChimeraUtils: Module com.google.android.gms.phonesky_recovery missing resource null(0)
06-26 04:42:59.043  5721  5721 D BoundBrokerSvc: onBind: Intent { act=com.google.android.gms.common.BIND_SHARED_PREFS pkg=com.google.android.gms }
06-26 04:42:59.043  5721  5721 D BoundBrokerSvc: Loading bound service for intent: Intent { act=com.google.android.gms.common.BIND_SHARED_PREFS pkg=com.google.android.gms }
06-26 04:42:59.045   520   598 D ConnectivityService: requestNetwork for uid/pid:10132/1762 activeRequest: null callbackRequest: 147 [NetworkRequest [ REQUEST id=147, [ Transports: CELLULAR Capabilities: INTERNET&NOT_RESTRICTED&TRUSTED&NOT_VPN&NOT_VCN_MANAGED Uid: 10132 RequestorUid: 10132 RequestorPkg: com.google.android.googlequicksearchbox UnderlyingNetworks: Null] ]] callback flags: 0 order: 2147483647
06-26 04:42:59.048  6275  6296 D EGL_emulation: app_time_stats: avg=10.13ms min=1.55ms max=113.83ms count=53
06-26 04:42:59.048   335   335 I netd    : networkSetPermissionForNetwork(100, 0) <2.34ms>
06-26 04:42:59.050   520   761 D ConnectivityService: NetReassign [147 : null → 100] [c 0] [a 4] [i 1]
06-26 04:42:59.059  5721  5721 D BoundBrokerSvc: onUnbind: Intent { act=com.google.android.gms.common.BIND_SHARED_PREFS pkg=com.google.android.gms }
06-26 04:42:59.059   520   761 D ConnectivityService: reportNetworkConnectivity(101, false) by 10132
06-26 04:42:59.071   984  4605 D NetworkMonitor/101: Forcing reevaluation for UID 10132. Dns signal count: 0
06-26 04:42:59.088  5721  5721 D BoundBrokerSvc: onBind: Intent { act=com.google.android.gms.common.BIND_SHARED_PREFS pkg=com.google.android.gms }
06-26 04:42:59.088  5721  5721 D BoundBrokerSvc: Loading bound service for intent: Intent { act=com.google.android.gms.common.BIND_SHARED_PREFS pkg=com.google.android.gms }
06-26 04:42:59.105  1580  1629 I d.process.acore: Compiler allocated 4139KB to compile android.database.Cursor com.android.providers.contacts.ContactsProvider2.queryLocal(android.net.Uri, java.lang.String[], java.lang.String, java.lang.String[], java.lang.String, long, android.os.CancellationSignal)
06-26 04:42:59.119  5721  5721 D BoundBrokerSvc: onUnbind: Intent { act=com.google.android.gms.common.BIND_SHARED_PREFS pkg=com.google.android.gms }
06-26 04:42:59.141  5721  5907 I ChimeraConfigurator: Starting update, reason: 4 urgentFeatures: mlkit.barcode.ui:0
06-26 04:42:59.181   520   529 I system_server: Background young concurrent copying GC freed 488931(18MB) AllocSpace objects, 22(476KB) LOS objects, 37% free, 31MB/51MB, paused 38us,115us total 132.472ms
06-26 04:42:59.190   520   598 D PackageManager: Instant App installer not found with android.intent.action.INSTALL_INSTANT_APP_PACKAGE
06-26 04:42:59.190   520   598 D PackageManager: Clear ephemeral installer activity
06-26 04:42:59.197   520  1699 D PackageManager: Instant App installer not found with android.intent.action.INSTALL_INSTANT_APP_PACKAGE
06-26 04:42:59.197   520  1699 D PackageManager: Clear ephemeral installer activity
06-26 04:42:59.198   520  1699 D PackageManager: Instant App installer not found with android.intent.action.INSTALL_INSTANT_APP_PACKAGE
06-26 04:42:59.198   520  1699 D PackageManager: Clear ephemeral installer activity
06-26 04:42:59.198   520  1699 D PackageManager: Instant App installer not found with android.intent.action.INSTALL_INSTANT_APP_PACKAGE
06-26 04:42:59.198   520  1699 D PackageManager: Clear ephemeral installer activity
06-26 04:42:59.199  5721  6819 I GmsSyncPolicyEngine: Periodic sync 1 disabled by policy, cancelled.
06-26 04:42:59.199   984  6842 D TrafficStats: tagSocket(68) with statsTag=0xffffff81, statsUid=-1
06-26 04:42:59.201   984  6841 D TrafficStats: tagSocket(107) with statsTag=0xffffff81, statsUid=-1
06-26 04:42:59.201  5721  6819 I GmsSyncPolicyEngine: Periodic sync 2 disabled by policy, cancelled.
06-26 04:42:59.201  5721  6819 I GmsSyncPolicyEngine: Periodic sync 3 disabled by policy, cancelled.
06-26 04:42:59.202   984  6841 D TrafficStats: tagSocket(107) with statsTag=0xffffff81, statsUid=-1
06-26 04:42:59.205   984  6842 D TrafficStats: tagSocket(106) with statsTag=0xffffff81, statsUid=-1
06-26 04:42:59.217  5721  5907 I ChimeraConfigurator: Detected pending changes for urgent request: [mlkit.barcode.ui]. Pending module sets: container:2318189190800+mlkit.barcode.ui+vision.barcode,tflite_dynamite:2605805025100800+tflite_dynamite
06-26 04:42:59.219  5721  6819 I SemanticLocation: [Scheduler] Periodic Task com.google.android.gms.semanticlocationhistory.deidentifieddata.storevisits.StoreVisitsProcessingService.StoreVisitsProcessing is scheduled to run EVERY_6_HOURS [CONTEXT service_id=173 ]
06-26 04:42:59.219  5721  6819 I SemanticLocation: [Scheduler] Periodic Task com.google.android.gms.semanticlocationhistory.deidentifieddata.wifi.WifiPlaceVisitProcessingService.WifiPlaceVisit is scheduled to run EVERY_DAY [CONTEXT service_id=173 ]
06-26 04:42:59.220  5721  6819 I SemanticLocation: [Scheduler] Periodic Task com.google.android.gms.semanticlocationhistory.deidentifieddata.uploads.BatchDeidentifiedDataUploadService.BatchDeidentifiedDataUpload is scheduled to run EVERY_6_HOURS [CONTEXT service_id=173 ]
06-26 04:42:59.220  5721  6819 I SemanticLocation: [Scheduler] Periodic Task com.google.android.gms.semanticlocationhistory.geller.GellerCleanupService.GellerCleanup is scheduled to run EVERY_DAY [CONTEXT service_id=173 ]
06-26 04:42:59.220  5721  6819 I SemanticLocation: [Scheduler] Periodic Task com.google.android.gms.semanticlocationhistory.settings.LocationHistoryActiveProcessingService.LocationHistoryActiveProcessing is scheduled to run EVERY_DAY [CONTEXT service_id=173 ]
06-26 04:42:59.220  5721  6819 I SemanticLocation: [Scheduler] Periodic Task com.google.android.gms.semanticlocationhistory.pulp.PulpInferenceService.PulpInference is scheduled to run EVERY_7_DAYS [CONTEXT service_id=173 ]
06-26 04:42:59.220  5721  6819 I SemanticLocation: [Scheduler] Periodic Task com.google.android.gms.semanticlocationhistory.pulp.PulpMddDownloadScheduleService.PulpMddRefreshDownloadTask is scheduled to run EVERY_DAY [CONTEXT service_id=173 ]
06-26 04:42:59.220  5721  6819 I SemanticLocation: [Scheduler] Periodic Task com.google.android.gms.semanticlocationhistory.pulp.PulpMddMaintenanceService.PulpMddMaintenanceTask is scheduled to run EVERY_DAY [CONTEXT service_id=173 ]
06-26 04:42:59.220  5721  6819 I SemanticLocation: [Scheduler] Periodic Task com.google.android.gms.semanticlocationhistory.federated.FederatedScheduleService.FederatedLocation is scheduled to run EVERY_DAY [CONTEXT service_id=173 ]
06-26 04:42:59.220  5721  6819 W GmsTaskScheduler: com.google.android.gms.semanticlocationhistory.federated.FederatedTaskIdentityDataService is not available. This may cause the task to be lost.
06-26 04:42:59.220  5721  6819 I SemanticLocation: [Scheduler] Periodic Task com.google.android.gms.semanticlocationhistory.federated.FederatedTaskIdentityDataService.FederatedLocation is scheduled to run EVERY_DAY [CONTEXT service_id=173 ]
06-26 04:42:59.220  5721  6819 W GmsTaskScheduler: com.google.android.gms.semanticlocationhistory.federated.FederatedJobHistoryService is not available. This may cause the task to be lost.
06-26 04:42:59.220  5721  6819 I SemanticLocation: [Scheduler] Periodic Task com.google.android.gms.semanticlocationhistory.federated.FederatedJobHistoryService.FederatedLocation is scheduled to run EVERY_DAY [CONTEXT service_id=173 ]
06-26 04:42:59.221  5721  6819 I SemanticLocation: [Scheduler] Periodic Task com.google.android.gms.semanticlocationhistory.db.OdlhDatabaseCleanupJob.OdlhDatabaseCleanup is scheduled to run EVERY_DAY [CONTEXT service_id=173 ]
06-26 04:42:59.221  5721  6819 I SemanticLocation: [Scheduler] Periodic Task com.google.android.gms.semanticlocationhistory.edit.EditMergeJob.EditMergeJob is scheduled to run EVERY_DAY [CONTEXT service_id=173 ]
06-26 04:42:59.221  5721  6819 I SemanticLocation: [Scheduler] Periodic Task com.google.android.gms.semanticlocationhistory.edit.EditUploadJob.EditUploadJob is scheduled to run EVERY_DAY [CONTEXT service_id=173 ]
06-26 04:42:59.221  5721  6819 I SemanticLocation: [Scheduler] Periodic Task com.google.android.gms.semanticlocationhistory.deidentifieddata.historicalbusyness.HistoricalBusynessProcessingService.HistoricalBusyness is scheduled to run EVERY_DAY [CONTEXT service_id=173 ]
06-26 04:42:59.224  5721  6811 I AlarmManager: setExactAndAllowWhileIdle [name: RemindersNSREFRESH_TIME_REMINDERS_ALARM type: 0 triggerAtMillis: 1782518400000]
06-26 04:42:59.236  5721  6819 I SemanticLocation: [Scheduler] Periodic Task com.google.android.gms.semanticlocationhistory.db.OdlhRemovedAccountsCleanupJob.OdlhRemovedAccountsCleanup is scheduled to run EVERY_DAY [CONTEXT service_id=173 ]
06-26 04:42:59.236  5721  6819 I SemanticLocation: [Scheduler] Periodic Task com.google.android.gms.semanticlocationhistory.db.OdlhUserEditSyncJob.OdlhUserEditSync is scheduled to run EVERY_DAY [CONTEXT service_id=173 ]
06-26 04:42:59.237  5721  6819 I SemanticLocation: [Scheduler] Periodic Task com.google.android.gms.semanticlocationhistory.federated.regionfetcher.RegionMddMaintenanceService.RegionMddMaintenanceTask is scheduled to run EVERY_DAY [CONTEXT service_id=173 ]
06-26 04:42:59.237  5721  6819 I SemanticLocation: [Scheduler] Periodic Task com.google.android.gms.semanticlocationhistory.federated.regionfetcher.RegionMddDownloadScheduleService.RegionMddRefreshDownloadTask is scheduled to run EVERY_6_HOURS [CONTEXT service_id=173 ]
06-26 04:42:59.247   335  6844 I resolv  : ResNSendHandler::run: 0 / {101 983141 101 983141 1073 1}
06-26 04:42:59.247   335  6844 I resolv  : resolv_cache_lookup: FOUND IN CACHE entry=0x78a6ed723810
06-26 04:42:59.248  5721  5907 I GmsDebugLogger: [73] 1801
06-26 04:42:59.249   335  6843 I resolv  : ResNSendHandler::run: 0 / {101 983141 101 983141 1073 1}
06-26 04:42:59.249   335  6843 I resolv  : resolv_cache_lookup: FOUND IN CACHE entry=0x78a54d715b90
06-26 04:42:59.250   335  6845 I resolv  : ResNSendHandler::run: 0 / {101 983141 101 983141 1073 1}
