06-26 04:42:59.250   335  6845 I resolv  : resolv_cache_lookup: FOUND IN CACHE entry=0x78a52d721790
06-26 04:42:59.251   984   984 D TrafficStats: tagSocket(107) with statsTag=0xffffffff, statsUid=-1
06-26 04:42:59.252   984   984 D TrafficStats: tagSocket(107) with statsTag=0xffffffff, statsUid=-1
06-26 04:42:59.252   984   984 D TrafficStats: tagSocket(107) with statsTag=0xffffffff, statsUid=-1
06-26 04:42:59.252   984   984 D TrafficStats: tagSocket(107) with statsTag=0xffffffff, statsUid=-1
06-26 04:42:59.253   984   984 D TrafficStats: tagSocket(107) with statsTag=0xffffffff, statsUid=-1
06-26 04:42:59.253   984   984 D TrafficStats: tagSocket(107) with statsTag=0xffffffff, statsUid=-1
06-26 04:42:59.254   984   984 D TrafficStats: tagSocket(107) with statsTag=0xffffffff, statsUid=-1
06-26 04:42:59.254   984   984 D TrafficStats: tagSocket(107) with statsTag=0xffffffff, statsUid=-1
06-26 04:42:59.255   984   984 D TrafficStats: tagSocket(107) with statsTag=0xffffffff, statsUid=-1
06-26 04:42:59.255   335  6846 I resolv  : ResNSendHandler::run: 0 / {101 983141 101 983141 1073 1}
06-26 04:42:59.255   335  6846 I resolv  : resolv_cache_lookup: FOUND IN CACHE entry=0x78a52d71ecb0
06-26 04:42:59.256   984   984 D TrafficStats: tagSocket(107) with statsTag=0xffffffff, statsUid=-1
06-26 04:42:59.256   984   984 D TrafficStats: tagSocket(107) with statsTag=0xffffffff, statsUid=-1
06-26 04:42:59.256   984   984 D TrafficStats: tagSocket(107) with statsTag=0xffffffff, statsUid=-1
06-26 04:42:59.256   984   984 D TrafficStats: tagSocket(107) with statsTag=0xffffffff, statsUid=-1
06-26 04:42:59.257   984   984 D TrafficStats: tagSocket(107) with statsTag=0xffffffff, statsUid=-1
06-26 04:42:59.257   984   984 D TrafficStats: tagSocket(107) with statsTag=0xffffffff, statsUid=-1
06-26 04:42:59.257   984   984 D TrafficStats: tagSocket(107) with statsTag=0xffffffff, statsUid=-1
06-26 04:42:59.259   984   984 D TrafficStats: tagSocket(68) with statsTag=0xffffffff, statsUid=-1
06-26 04:42:59.264   984   984 D TrafficStats: tagSocket(68) with statsTag=0xffffffff, statsUid=-1
06-26 04:42:59.264  5721  5907 W ZappDownloader: No successful module downloads for requested features [mlkit.barcode.ui].
06-26 04:42:59.264  5721  5907 I GmsDebugLogger: [30] [VisionBarcode.optional:231818100800],[TfliteDynamiteDynamite.integ:260580502100800],[MlkitBarcodeUi.optional:231818100000]
06-26 04:42:59.268   520   611 I RoleService: Granting default roles...
06-26 04:42:59.270   837  5258 I PermissionControllerServiceImpl: Updating user sensitive for uid 10131
06-26 04:42:59.271   520  2754 D PackageManager: Instant App installer not found with android.intent.action.INSTALL_INSTANT_APP_PACKAGE
06-26 04:42:59.271   520  2754 D PackageManager: Clear ephemeral installer activity
06-26 04:42:59.274   520  2754 D PackageManager: Instant App installer not found with android.intent.action.INSTALL_INSTANT_APP_PACKAGE
06-26 04:42:59.274   520  2754 D PackageManager: Clear ephemeral installer activity
06-26 04:42:59.274   520  2754 D PackageManager: Instant App installer not found with android.intent.action.INSTALL_INSTANT_APP_PACKAGE
06-26 04:42:59.274   520  2754 D PackageManager: Clear ephemeral installer activity
06-26 04:42:59.275   520  2754 D PackageManager: Instant App installer not found with android.intent.action.INSTALL_INSTANT_APP_PACKAGE
06-26 04:42:59.275   520  2754 D PackageManager: Clear ephemeral installer activity
06-26 04:42:59.276   520  2754 D PackageManager: Instant App installer not found with android.intent.action.INSTALL_INSTANT_APP_PACKAGE
06-26 04:42:59.276   520  2754 D PackageManager: Clear ephemeral installer activity
06-26 04:42:59.276   520  2754 D PackageManager: Instant App installer not found with android.intent.action.INSTALL_INSTANT_APP_PACKAGE
06-26 04:42:59.276   520  2754 D PackageManager: Clear ephemeral installer activity
06-26 04:42:59.277  5721  6819 V SmartDevice: [ModuleInitializer] ModuleInitializer got intent Intent { act=com.google.android.chimera.IntentOperation.NEW_MODULE (has extras) } with flag 12
06-26 04:42:59.277  5721  6819 W ChimeraUtils: Module com.google.android.gms.smartdevice missing resource null(0)
06-26 04:42:59.284  5721  6819 D SmartDevice: [ModuleInitializer] Module init - scheduling buffered logs cleanup task
06-26 04:42:59.284  5721  6819 I SmartDevice: [CleanBufferedLogsService] Periodic task upload_buffered_logs_periodic scheduled!
06-26 04:42:59.285  5721  6819 I AppLinksModuleInit: onInitRuntimeState [CONTEXT service_id=244 ]
06-26 04:42:59.285  5721  6819 I AppLinksModuleInit: verifying requested domain links post-boot [CONTEXT service_id=244 ]
06-26 04:42:59.288  1048  1048 D CarrierSvcBindHelper: onPackageModified: com.google.android.gms
06-26 04:42:59.289  4091  4091 V MediaPlayerList: mPackageChangedBroadcastReceiver: action: android.intent.action.PACKAGE_CHANGED
06-26 04:42:59.292   984  6841 D NetworkMonitor/101: PROBE_DNS www.google.com 90ms OK 142.251.152.119,142.251.153.119,142.251.156.119,142.251.157.119,142.251.154.119,142.251.151.119,142.251.155.119,142.251.150.119,2001:4860:4826:7700::,2001:4860:482d:7700::,2001:4860:482c:7700::,2001:4860:482b:7700::,2001:4860:4828:7700::,2001:4860:4829:7700::,2001:4860:4827:7700::,2001:4860:482a:7700::
06-26 04:42:59.293   984  6842 D NetworkMonitor/101: PROBE_DNS connectivitycheck.gstatic.com 92ms OK 142.251.218.163,2607:f8b0:4005:816::2003
06-26 04:42:59.298  4091  4091 V MediaPlayerList: mPackageChangedBroadcastReceiver: action: android.intent.action.PACKAGE_CHANGED
06-26 04:42:59.303  5641  6573 I NetworkScheduler.Stats: Task com.google.android.gms/com.google.android.gms.clearcut.uploader.QosUploaderService started execution. cause:5 exec_start_elapsed_seconds: 165 [CONTEXT service_id=218 ]
06-26 04:42:59.306  1048  1048 D CarrierSvcBindHelper: No carrier app for: 0
06-26 04:42:59.307  2731  6800 W SystemServiceRegistry: No service published for: persistent_data_block
06-26 04:42:59.309   520   621 I InputReader: Reconfiguring input devices, changes=KEYBOARD_LAYOUTS
06-26 04:42:59.324   335  6848 I resolv  : GetAddrInfoHandler::run: {101 983141 101 983141 1073 1}
06-26 04:42:59.324   335  6849 I resolv  : res_nmkquery: (QUERY, IN, AAAA)
06-26 04:42:59.324   335  6849 I resolv  : resolv_cache_lookup: FOUND IN CACHE entry=0x78a54d715b90
06-26 04:42:59.324   335  6849 I resolv  : doQuery: rcode=0, ancount=8, return value=256
06-26 04:42:59.325   335  6847 I resolv  : GetAddrInfoHandler::run: {101 983141 101 983141 1073 1}
06-26 04:42:59.330   335  6850 I resolv  : res_nmkquery: (QUERY, IN, A)
06-26 04:42:59.330   335  6850 I resolv  : resolv_cache_lookup: FOUND IN CACHE entry=0x78a6ed723810
06-26 04:42:59.330   335  6850 I resolv  : doQuery: rcode=0, ancount=8, return value=160
06-26 04:42:59.330   984  6841 D TrafficStats: tagSocket(68) with statsTag=0xffffff81, statsUid=-1
06-26 04:42:59.331   335  6853 I resolv  : res_nmkquery: (QUERY, IN, A)
06-26 04:42:59.331   335  6853 I resolv  : resolv_cache_lookup: FOUND IN CACHE entry=0x78a52d71ecb0
06-26 04:42:59.331   335  6853 I resolv  : doQuery: rcode=0, ancount=1, return value=63
06-26 04:42:59.331   335  6852 I resolv  : res_nmkquery: (QUERY, IN, AAAA)
06-26 04:42:59.331   335  6852 I resolv  : resolv_cache_lookup: FOUND IN CACHE entry=0x78a52d721790
06-26 04:42:59.331   335  6852 I resolv  : doQuery: rcode=0, ancount=1, return value=75
06-26 04:42:59.332  5721  5918 E WakeLock: DG:service ** IS FORCE-RELEASED ON TIMEOUT **
06-26 04:42:59.332   984  6842 D TrafficStats: tagSocket(106) with statsTag=0xffffff81, statsUid=-1
06-26 04:42:59.336   836   879 D StylusManager: Stylus InputDevice changed: 14 virtio_input_multi_touch_11
06-26 04:42:59.338   836   836 D ControlsListingControllerImpl: ServiceConfig reloaded, count: 0
06-26 04:42:59.340  5641  6831 I SemanticLocation: [MDD] ModelBundleMetadata: File not found [CONTEXT service_id=173 ]
06-26 04:42:59.340  5641  6831 I SemanticLocation: java.io.FileNotFoundException: /data/user/0/com.google.android.gms/files/model_bundle_metadata.pb: open failed: ENOENT (No such file or directory)
06-26 04:42:59.340  5641  6831 I SemanticLocation: 	at libcore.io.IoBridge.open(IoBridge.java:574)
06-26 04:42:59.340  5641  6831 I SemanticLocation: 	at java.io.FileInputStream.<init>(FileInputStream.java:160)
06-26 04:42:59.340  5641  6831 I SemanticLocation: 	at android.app.ContextImpl.openFileInput(ContextImpl.java:745)
06-26 04:42:59.340  5641  6831 I SemanticLocation: 	at android.content.ContextWrapper.openFileInput(ContextWrapper.java:249)
06-26 04:42:59.340  5641  6831 I SemanticLocation: 	at android.content.ContextWrapper.openFileInput(ContextWrapper.java:249)
06-26 04:42:59.340  5641  6831 I SemanticLocation: 	at android.content.ContextWrapper.openFileInput(ContextWrapper.java:249)
06-26 04:42:59.340  5641  6831 I SemanticLocation: 	at bzxt.h(:com.google.android.gms@231818047@23.18.18 (190800-535401451):1)
06-26 04:42:59.340  5641  6831 I SemanticLocation: 	at bzxd.c(:com.google.android.gms@231818047@23.18.18 (190800-535401451):9)
06-26 04:42:59.340  5641  6831 I SemanticLocation: 	at bzxd.<init>(:com.google.android.gms@231818047@23.18.18 (190800-535401451):0)
06-26 04:42:59.340  5641  6831 I SemanticLocation: 	at cadn.j(:com.google.android.gms@231818047@23.18.18 (190800-535401451):0)
06-26 04:42:59.340  5641  6831 I SemanticLocation: 	at cadn.h(:com.google.android.gms@231818047@23.18.18 (190800-535401451):36)
06-26 04:42:59.340  5641  6831 I SemanticLocation: 	at cadn.b(:com.google.android.gms@231818047@23.18.18 (190800-535401451):0)
06-26 04:42:59.340  5641  6831 I SemanticLocation: 	at com.google.android.gms.semanticlocation.service.SemanticLocationChimeraService.k(:com.google.android.gms@231818047@23.18.18 (190800-535401451):9)
06-26 04:42:59.340  5641  6831 I SemanticLocation: 	at com.google.android.gms.semanticlocation.service.SemanticLocationChimeraService.h(:com.google.android.gms@231818047@23.18.18 (190800-535401451):17)
06-26 04:42:59.340  5641  6831 I SemanticLocation: 	at cacs.run(:com.google.android.gms@231818047@23.18.18 (190800-535401451):68)
06-26 04:42:59.340  5641  6831 I SemanticLocation: 	at java.util.concurrent.Executors$RunnableAdapter.call(Executors.java:487)
06-26 04:42:59.340  5641  6831 I SemanticLocation: 	at java.util.concurrent.FutureTask.run(FutureTask.java:264)
06-26 04:42:59.340  5641  6831 I SemanticLocation: 	at aced.c(:com.google.android.gms@231818047@23.18.18 (190800-535401451):6)
06-26 04:42:59.340  5641  6831 I SemanticLocation: 	at aced.run(:com.google.android.gms@231818047@23.18.18 (190800-535401451):7)
06-26 04:42:59.340  5641  6831 I SemanticLocation: 	at java.util.concurrent.ThreadPoolExecutor.runWorker(ThreadPoolExecutor.java:1145)
06-26 04:42:59.340  5641  6831 I SemanticLocation: 	at java.util.concurrent.ThreadPoolExecutor$Worker.run(ThreadPoolExecutor.java:644)
06-26 04:42:59.340  5641  6831 I SemanticLocation: 	at acjn.run(:com.google.android.gms@231818047@23.18.18 (190800-535401451):0)
06-26 04:42:59.340  5641  6831 I SemanticLocation: 	at java.lang.Thread.run(Thread.java:1012)
06-26 04:42:59.340  5641  6831 I SemanticLocation: Caused by: android.system.ErrnoException: open failed: ENOENT (No such file or directory)
06-26 04:42:59.340  5641  6831 I SemanticLocation: 	at libcore.io.Linux.open(Native Method)
06-26 04:42:59.340  5641  6831 I SemanticLocation: 	at libcore.io.ForwardingOs.open(ForwardingOs.java:563)
06-26 04:42:59.340  5641  6831 I SemanticLocation: 	at libcore.io.BlockGuardOs.open(BlockGuardOs.java:274)
06-26 04:42:59.340  5641  6831 I SemanticLocation: 	at libcore.io.ForwardingOs.open(ForwardingOs.java:563)
06-26 04:42:59.340  5641  6831 I SemanticLocation: 	at android.app.ActivityThread$AndroidOs.open(ActivityThread.java:8063)
06-26 04:42:59.340  5641  6831 I SemanticLocation: 	at libcore.io.IoBridge.open(IoBridge.java:560)
06-26 04:42:59.340  5641  6831 I SemanticLocation: 	... 22 more
06-26 04:42:59.341   836   879 D StylusManager: Stylus InputDevice changed: 13 virtio_input_multi_touch_10
06-26 04:42:59.351  5721  6819 I AppLinksRequestHandler: Processing 0 input requests [CONTEXT service_id=244 ]
06-26 04:42:59.352  5721  6819 I AppLinksModuleInit: Rerunning all WIP verifications [CONTEXT service_id=244 ]
06-26 04:42:59.352  5721  6819 I AppLinksRequestHandler: Processing 0 WIP requests. [CONTEXT service_id=244 ]
06-26 04:42:59.352  5721  6819 I AppLinksModuleInit: Scheduling regular retry verifications. [CONTEXT service_id=244 ]
06-26 04:42:59.353  5721  6819 I AppLinksVerRegularRetry: Retries scheduled. [CONTEXT service_id=244 ]
06-26 04:42:59.354   984  6842 D NetworkMonitor/101: PROBE_HTTP http://connectivitycheck.gstatic.com/generate_204 time=34ms ret=204 request={Connection=[close], User-Agent=[Mozilla/5.0 (X11; Linux x86_64) AppleWebKit/537.36 (KHTML, like Gecko) Chrome/60.0.3112.32 Safari/537.36]} headers={null=[HTTP/1.1 204 No Content], Connection=[close], Content-Length=[0], Cross-Origin-Resource-Policy=[cross-origin], Date=[Fri, 26 Jun 2026 04:42:59 GMT], X-Android-Received-Millis=[1782448979354], X-Android-Response-Source=[NETWORK 204], X-Android-Selected-Protocol=[http/1.1], X-Android-Sent-Millis=[1782448979344]}
06-26 04:42:59.356   836   879 D StylusManager: Stylus InputDevice changed: 12 virtio_input_multi_touch_9
06-26 04:42:59.359  5721  5907 W ChimeraConfigService: Retry attempt was throttled. [CONTEXT service_id=264 ]
06-26 04:42:59.359  5721  5907 I GmsDebugLogger: [83] 1 [mlkit.barcode.ui]
06-26 04:42:59.365   837  6851 E RoleControllerServiceImpl: Default/fallback role holder package doesn't qualify for the role, package: com.google.android.gms.supervision, role: android.app.role.SYSTEM_SUPERVISION
06-26 04:42:59.370   984  6841 D NetworkMonitor/101: PROBE_HTTPS https://www.google.com/generate_204 time=50ms ret=204 request={Connection=[close], User-Agent=[Mozilla/5.0 (X11; Linux x86_64) AppleWebKit/537.36 (KHTML, like Gecko) Chrome/60.0.3112.32 Safari/537.36]} headers={null=[HTTP/1.1 204 No Content], Alt-Svc=[h3=":443"; ma=2592000,h3-29=":443"; ma=2592000], Connection=[close], Content-Length=[0], Cross-Origin-Resource-Policy=[cross-origin], Date=[Fri, 26 Jun 2026 04:42:59 GMT], X-Android-Received-Millis=[1782448979370], X-Android-Response-Source=[NETWORK 204], X-Android-Selected-Protocol=[http/1.1], X-Android-Sent-Millis=[1782448979367]}
06-26 04:42:59.371   984  6840 D NetworkMonitor/101: isCaptivePortal: isSuccessful()=true isPortal()=false RedirectUrl=null isPartialConnectivity()=false Time=235ms
06-26 04:42:59.373   520   761 D ConnectivityService: [101 WIFI] validation passed
06-26 04:42:59.379   520   548 I CredManSysServiceImpl: CredentialManagerServiceImpl constructed for: com.google.android.gms/.auth.api.credentials.credman.service.PasswordAndPasskeyService
06-26 04:42:59.379   520   548 I CredManSysServiceImpl: newServiceInfoLocked, mInfo null, com.google.android.gms/com.google.android.gms.auth.api.credentials.credman.service.PasswordAndPasskeyService
06-26 04:42:59.379  5641  6831 I SemanticLocation: [MDD] ModelBundleMetadata: File not found [CONTEXT service_id=173 ]
06-26 04:42:59.379  5641  6831 I SemanticLocation: java.io.FileNotFoundException: /data/user/0/com.google.android.gms/files/model_bundle_metadata.pb: open failed: ENOENT (No such file or directory)
06-26 04:42:59.379  5641  6831 I SemanticLocation: 	at libcore.io.IoBridge.open(IoBridge.java:574)
06-26 04:42:59.379  5641  6831 I SemanticLocation: 	at java.io.FileInputStream.<init>(FileInputStream.java:160)
06-26 04:42:59.379  5641  6831 I SemanticLocation: 	at android.app.ContextImpl.openFileInput(ContextImpl.java:745)
06-26 04:42:59.379  5641  6831 I SemanticLocation: 	at android.content.ContextWrapper.openFileInput(ContextWrapper.java:249)
06-26 04:42:59.379  5641  6831 I SemanticLocation: 	at android.content.ContextWrapper.openFileInput(ContextWrapper.java:249)
06-26 04:42:59.379  5641  6831 I SemanticLocation: 	at android.content.ContextWrapper.openFileInput(ContextWrapper.java:249)
06-26 04:42:59.379  5641  6831 I SemanticLocation: 	at bzxt.h(:com.google.android.gms@231818047@23.18.18 (190800-535401451):1)
06-26 04:42:59.379  5641  6831 I SemanticLocation: 	at bzxd.c(:com.google.android.gms@231818047@23.18.18 (190800-535401451):9)
06-26 04:42:59.379  5641  6831 I SemanticLocation: 	at cadb.run(:com.google.android.gms@231818047@23.18.18 (190800-535401451):0)
06-26 04:42:59.379  5641  6831 I SemanticLocation: 	at aced.c(:com.google.android.gms@231818047@23.18.18 (190800-535401451):6)
06-26 04:42:59.379  5641  6831 I SemanticLocation: 	at aced.run(:com.google.android.gms@231818047@23.18.18 (190800-535401451):8)
06-26 04:42:59.379  5641  6831 I SemanticLocation: 	at java.util.concurrent.ThreadPoolExecutor.runWorker(ThreadPoolExecutor.java:1145)
06-26 04:42:59.379  5641  6831 I SemanticLocation: 	at java.util.concurrent.ThreadPoolExecutor$Worker.run(ThreadPoolExecutor.java:644)
06-26 04:42:59.379  5641  6831 I SemanticLocation: 	at acjn.run(:com.google.android.gms@231818047@23.18.18 (190800-535401451):0)
06-26 04:42:59.379  5641  6831 I SemanticLocation: 	at java.lang.Thread.run(Thread.java:1012)
06-26 04:42:59.379  5641  6831 I SemanticLocation: Caused by: android.system.ErrnoException: open failed: ENOENT (No such file or directory)
06-26 04:42:59.379  5641  6831 I SemanticLocation: 	at libcore.io.Linux.open(Native Method)
06-26 04:42:59.379  5641  6831 I SemanticLocation: 	at libcore.io.ForwardingOs.open(ForwardingOs.java:563)
06-26 04:42:59.379  5641  6831 I SemanticLocation: 	at libcore.io.BlockGuardOs.open(BlockGuardOs.java:274)
06-26 04:42:59.379  5641  6831 I SemanticLocation: 	at libcore.io.ForwardingOs.open(ForwardingOs.java:563)
06-26 04:42:59.379  5641  6831 I SemanticLocation: 	at android.app.ActivityThread$AndroidOs.open(ActivityThread.java:8063)
06-26 04:42:59.379  5641  6831 I SemanticLocation: 	at libcore.io.IoBridge.open(IoBridge.java:560)
06-26 04:42:59.379  5641  6831 I SemanticLocation: 	... 14 more
06-26 04:42:59.382  1584  1584 I AiAiEcho: AppFetcherImpl onPackageChanged com.google.android.gms.
06-26 04:42:59.383  1584  2402 I AiAiEcho: AppIndexer Package:[com.google.android.gms] UserProfile:[0] Enabled:[true].
06-26 04:42:59.383  1584  2402 I AiAiEcho: AppFetcherImplV2 updateApps package:[com.google.android.gms], userId:[0], reason:[package is updated.].
06-26 04:42:59.385  6100  6374 W QueryController: Could not detect idle state.
06-26 04:42:59.385  1048  1354 D ImsResolver: maybeAddedImsService, packageName: com.google.android.gms
06-26 04:42:59.387  6100  6374 D Maestro : Requesting view hierarchy
06-26 04:42:59.389  6100  6374 W QueryController: Could not detect idle state.
06-26 04:42:59.391  6100  6374 W QueryController: Could not detect idle state.
06-26 04:42:59.394  5721  6811 I ChimeraConfigurator: Starting update, reason: 4 urgentFeatures: tflite_dynamite:-1
06-26 04:42:59.401   837  6851 I Role    : com.google.android.gms not qualified for android.app.role.SYSTEM_CALL_STREAMING due to missing RequiredComponent{mIntentFilterData=IntentFilterData{mAction='android.telecom.CallStreamingService', mCategories='[]', mDataScheme='null', mDataType='null'}, mMinTargetSdkVersion=1, mFlags='0', mPermission='android.permission.BIND_CALL_STREAMING_SERVICE', mQueryFlags=0, mMetaData=[]}
06-26 04:42:59.401   837  6851 E RoleControllerServiceImpl: Default/fallback role holder package doesn't qualify for the role, package: com.google.android.gms, role: android.app.role.SYSTEM_CALL_STREAMING
06-26 04:42:59.404   836   879 D StylusManager: Stylus InputDevice changed: 8 virtio_input_multi_touch_5
06-26 04:42:59.409   837  6851 W Role    : Default holder doesn't have required signing certificate: com.google.android.apps.work.clouddpc:23962F4B43B9857638EA66F4D419518EAE282491ACDA4B94707BD59003C45E58
06-26 04:42:59.410  6100  6374 I Maestro : Skipping invisible child: android.view.accessibility.AccessibilityNodeInfo@1c26b; boundsInParent: Rect(0, 0 - 320, 0); boundsInScreen: Rect(0, 0 - 320, 0); boundsInWindow: Rect(0, 0 - 320, 0); packageName: com.hanapkalinga.mobile; className: android.widget.LinearLayout; text: null; error: null; maxTextLength: -1; stateDescription: null; contentDescription: null; tooltipText: null; containerTitle: null; viewIdResName: null; uniqueId: null; checkable: false; checked: false; focusable: false; focused: false; selected: false; clickable: false; longClickable: false; contextClickable: false; enabled: true; password: false; scrollable: false; importantForAccessibility: false; visible: false; actions: [AccessibilityAction: ACTION_SELECT - null, AccessibilityAction: ACTION_CLEAR_SELECTION - null, AccessibilityAction: ACTION_ACCESSIBILITY_FOCUS - null, AccessibilityAction: ACTION_SHOW_ON_SCREEN - null]; isTextSelectable: false
06-26 04:42:59.412  6100  6374 I Maestro : Skipping invisible child: android.view.accessibility.AccessibilityNodeInfo@1beaa; boundsInParent: Rect(0, 0 - 320, 0); boundsInScreen: Rect(0, 0 - 320, 0); boundsInWindow: Rect(0, 0 - 320, 0); packageName: com.hanapkalinga.mobile; className: android.view.ViewGroup; text: null; error: null; maxTextLength: -1; stateDescription: null; contentDescription: null; tooltipText: null; containerTitle: null; viewIdResName: null; uniqueId: null; checkable: false; checked: false; focusable: false; focused: false; selected: false; clickable: false; longClickable: false; contextClickable: false; enabled: true; password: false; scrollable: false; importantForAccessibility: false; visible: false; actions: [AccessibilityAction: ACTION_SELECT - null, AccessibilityAction: ACTION_CLEAR_SELECTION - null, AccessibilityAction: ACTION_ACCESSIBILITY_FOCUS - null, AccessibilityAction: ACTION_SHOW_ON_SCREEN - null]; isTextSelectable: false
06-26 04:42:59.413  6100  6374 I Maestro : Skipping invisible child: android.view.accessibility.AccessibilityNodeInfo@6c280; boundsInParent: Rect(0, 0 - 320, 0); boundsInScreen: Rect(0, 0 - 320, 0); boundsInWindow: Rect(0, 0 - 320, 0); packageName: com.hanapkalinga.mobile; className: android.widget.LinearLayout; text: null; error: null; maxTextLength: -1; stateDescription: null; contentDescription: null; tooltipText: null; containerTitle: null; viewIdResName: null; uniqueId: null; checkable: false; checked: false; focusable: false; focused: false; selected: false; clickable: false; longClickable: false; contextClickable: false; enabled: true; password: false; scrollable: false; importantForAccessibility: false; visible: false; actions: [AccessibilityAction: ACTION_SELECT - null, AccessibilityAction: ACTION_CLEAR_SELECTION - null, AccessibilityAction: ACTION_ACCESSIBILITY_FOCUS - null, AccessibilityAction: ACTION_SHOW_ON_SCREEN - null]; isTextSelectable: false
06-26 04:42:59.413  6100  6374 I Maestro : Skipping invisible child: android.view.accessibility.AccessibilityNodeInfo@6bebf; boundsInParent: Rect(0, 0 - 320, 0); boundsInScreen: Rect(0, 0 - 320, 0); boundsInWindow: Rect(0, 0 - 320, 0); packageName: com.hanapkalinga.mobile; className: android.view.ViewGroup; text: null; error: null; maxTextLength: -1; stateDescription: null; contentDescription: null; tooltipText: null; containerTitle: null; viewIdResName: null; uniqueId: null; checkable: false; checked: false; focusable: false; focused: false; selected: false; clickable: false; longClickable: false; contextClickable: false; enabled: true; password: false; scrollable: false; importantForAccessibility: false; visible: false; actions: [AccessibilityAction: ACTION_SELECT - null, AccessibilityAction: ACTION_CLEAR_SELECTION - null, AccessibilityAction: ACTION_ACCESSIBILITY_FOCUS - null, AccessibilityAction: ACTION_SHOW_ON_SCREEN - null]; isTextSelectable: false
06-26 04:42:59.414  6100  6374 I Maestro : Skipping invisible child: android.view.accessibility.AccessibilityNodeInfo@5f409; boundsInParent: Rect(0, 0 - 10, 0); boundsInScreen: Rect(281, 81 - 290, 81); boundsInWindow: Rect(281, 81 - 290, 81); packageName: com.hanapkalinga.mobile; className: com.horcrux.svg.PathView; text: null; error: null; maxTextLength: -1; stateDescription: null; contentDescription: null; tooltipText: null; containerTitle: null; viewIdResName: null; uniqueId: null; checkable: false; checked: false; focusable: false; focused: false; selected: false; clickable: false; longClickable: false; contextClickable: false; enabled: true; password: false; scrollable: false; importantForAccessibility: false; visible: false; actions: [AccessibilityAction: ACTION_SELECT - null, AccessibilityAction: ACTION_CLEAR_SELECTION - null, AccessibilityAction: ACTION_ACCESSIBILITY_FOCUS - null, AccessibilityAction: ACTION_SHOW_ON_SCREEN - null]; isTextSelectable: false
06-26 04:42:59.420  5721  6811 I ChimeraConfigurator: Detected pending changes for urgent request: [tflite_dynamite]. Pending module sets: container:2318189190800,tflite_dynamite:2605805025100800+tflite_dynamite
06-26 04:42:59.441   836   879 D StylusManager: Stylus InputDevice changed: 7 virtio_input_multi_touch_4
06-26 04:42:59.444  5721  5858 I Icing   : Indexing com.google.android.gms-internal.3p:MobileApplication from com.google.android.gms
06-26 04:42:59.450  6100  6374 I Maestro : Skipping invisible child: android.view.accessibility.AccessibilityNodeInfo@6469f; boundsInParent: Rect(0, 0 - 1, 2); boundsInScreen: Rect(264, 123 - 264, 125); boundsInWindow: Rect(264, 123 - 264, 125); packageName: com.hanapkalinga.mobile; className: com.horcrux.svg.PathView; text: null; error: null; maxTextLength: -1; stateDescription: null; contentDescription: null; tooltipText: null; containerTitle: null; viewIdResName: null; uniqueId: null; checkable: false; checked: false; focusable: false; focused: false; selected: false; clickable: false; longClickable: false; contextClickable: false; enabled: true; password: false; scrollable: false; importantForAccessibility: false; visible: false; actions: [AccessibilityAction: ACTION_SELECT - null, AccessibilityAction: ACTION_CLEAR_SELECTION - null, AccessibilityAction: ACTION_ACCESSIBILITY_FOCUS - null, AccessibilityAction: ACTION_SHOW_ON_SCREEN - null]; isTextSelectable: false
06-26 04:42:59.451  6100  6374 I Maestro : Skipping invisible child: android.view.accessibility.AccessibilityNodeInfo@642de; boundsInParent: Rect(0, 0 - 1, 2); boundsInScreen: Rect(268, 123 - 268, 125); boundsInWindow: Rect(268, 123 - 268, 125); packageName: com.hanapkalinga.mobile; className: com.horcrux.svg.PathView; text: null; error: null; maxTextLength: -1; stateDescription: null; contentDescription: null; tooltipText: null; containerTitle: null; viewIdResName: null; uniqueId: null; checkable: false; checked: false; focusable: false; focused: false; selected: false; clickable: false; longClickable: false; contextClickable: false; enabled: true; password: false; scrollable: false; importantForAccessibility: false; visible: false; actions: [AccessibilityAction: ACTION_SELECT - null, AccessibilityAction: ACTION_CLEAR_SELECTION - null, AccessibilityAction: ACTION_ACCESSIBILITY_FOCUS - null, AccessibilityAction: ACTION_SHOW_ON_SCREEN - null]; isTextSelectable: false
06-26 04:42:59.451   836   879 D StylusManager: Stylus InputDevice changed: 6 virtio_input_multi_touch_3
06-26 04:42:59.458   836   879 D StylusManager: Stylus InputDevice changed: 11 virtio_input_multi_touch_8
06-26 04:42:59.458   836   879 D StylusManager: Stylus InputDevice changed: 9 virtio_input_multi_touch_6
06-26 04:42:59.461  5641  6573 W .gms.persistent: Long monitor contention with owner netscheduler-queue-handler (5725) at void bytb.o(int)(:com.google.android.gms@231818047@23.18.18 (190800-535401451):4) waiters=0 in int bytb.r(byps) for 158ms
06-26 04:42:59.462   836   879 D StylusManager: Stylus InputDevice changed: 5 virtio_input_multi_touch_2
06-26 04:42:59.463   836   879 D StylusManager: Stylus InputDevice changed: 10 virtio_input_multi_touch_7
06-26 04:42:59.464  5641  6573 W NetworkScheduler: The extras of the task (com.google.android.gms.ocr.service.ModelCleanUpTaskService:type_[4]) are not valid to be persisted so that the task is not persisted [CONTEXT service_id=218 ]
06-26 04:42:59.464  5641  6573 W NetworkScheduler: java.lang.IllegalArgumentException: Only the following extra parameter types are supported: Integer, Long, Double, String, Boolean, and nested Bundles with the same restrictions.
06-26 04:42:59.464  5641  6573 W NetworkScheduler: 	at awaz.e(:com.google.android.gms@231818047@23.18.18 (190800-535401451):10)
06-26 04:42:59.464  5641  6573 W NetworkScheduler: 	at byui.f(:com.google.android.gms@231818047@23.18.18 (190800-535401451):44)
06-26 04:42:59.464  5641  6573 W NetworkScheduler: 	at bytb.n(:com.google.android.gms@231818047@23.18.18 (190800-535401451):3)
06-26 04:42:59.464  5641  6573 W NetworkScheduler: 	at bytb.u(:com.google.android.gms@231818047@23.18.18 (190800-535401451):20)
06-26 04:42:59.464  5641  6573 W NetworkScheduler: 	at bytb.h(:com.google.android.gms@231818047@23.18.18 (190800-535401451):3)
06-26 04:42:59.464  5641  6573 W NetworkScheduler: 	at byot.run(:com.google.android.gms@231818047@23.18.18 (190800-535401451):9)
06-26 04:42:59.464  5641  6573 W NetworkScheduler: 	at aced.c(:com.google.android.gms@231818047@23.18.18 (190800-535401451):6)
06-26 04:42:59.464  5641  6573 W NetworkScheduler: 	at aced.run(:com.google.android.gms@231818047@23.18.18 (190800-535401451):8)
06-26 04:42:59.464  5641  6573 W NetworkScheduler: 	at java.util.concurrent.ThreadPoolExecutor.runWorker(ThreadPoolExecutor.java:1145)
06-26 04:42:59.464  5641  6573 W NetworkScheduler: 	at java.util.concurrent.ThreadPoolExecutor$Worker.run(ThreadPoolExecutor.java:644)
06-26 04:42:59.464  5641  6573 W NetworkScheduler: 	at acjn.run(:com.google.android.gms@231818047@23.18.18 (190800-535401451):0)
06-26 04:42:59.464  5641  6573 W NetworkScheduler: 	at java.lang.Thread.run(Thread.java:1012)
06-26 04:42:59.465   836   879 D StylusManager: Stylus InputDevice changed: 4 virtio_input_multi_touch_1
06-26 04:42:59.475  6100  6374 I Maestro : Skipping invisible child: android.view.accessibility.AccessibilityNodeInfo@65964; boundsInParent: Rect(0, 0 - 92, 34); boundsInScreen: Rect(342, 113 - 320, 147); boundsInWindow: Rect(342, 113 - 320, 147); packageName: com.hanapkalinga.mobile; className: android.widget.Button; text: null; error: null; maxTextLength: -1; stateDescription: null; contentDescription: Families tab; tooltipText: null; containerTitle: null; viewIdResName: tab_families; uniqueId: null; checkable: false; checked: false; focusable: true; focused: false; selected: false; clickable: true; longClickable: false; contextClickable: false; enabled: true; password: false; scrollable: false; importantForAccessibility: true; visible: false; actions: [AccessibilityAction: ACTION_FOCUS - null, AccessibilityAction: ACTION_SELECT - null, AccessibilityAction: ACTION_CLEAR_SELECTION - null, AccessibilityAction: ACTION_CLICK - null, AccessibilityAction: ACTION_ACCESSIBILITY_FOCUS - null, AccessibilityAction: ACTION_NEXT_AT_MOVEMENT_GRANULARITY - null, AccessibilityAction: ACTION_PREVIOUS_AT_MOVEMENT_GRANULARITY - null, AccessibilityAction: ACTION_SET_SELECTION - null, AccessibilityAction: ACTION_SHOW_ON_SCREEN - null]; isTextSelectable: false
06-26 04:42:59.479  5641  6573 I NetworkScheduler.Stats: Task com.google.android.gms/com.google.android.gms.clearcut.uploader.QosUploaderService started execution. cause:5 exec_start_elapsed_seconds: 165 [CONTEXT service_id=218 ]
06-26 04:42:59.484  6100  6374 I Maestro : Skipping invisible child: android.view.accessibility.AccessibilityNodeInfo@6776c; boundsInParent: Rect(0, 0 - 97, 34); boundsInScreen: Rect(442, 113 - 320, 147); boundsInWindow: Rect(442, 113 - 320, 147); packageName: com.hanapkalinga.mobile; className: android.widget.Button; text: null; error: null; maxTextLength: -1; stateDescription: null; contentDescription: Bookings tab; tooltipText: null; containerTitle: null; viewIdResName: tab_bookings; uniqueId: null; checkable: false; checked: false; focusable: true; focused: false; selected: false; clickable: true; longClickable: false; contextClickable: false; enabled: true; password: false; scrollable: false; importantForAccessibility: true; visible: false; actions: [AccessibilityAction: ACTION_FOCUS - null, AccessibilityAction: ACTION_SELECT - null, AccessibilityAction: ACTION_CLEAR_SELECTION - null, AccessibilityAction: ACTION_CLICK - null, AccessibilityAction: ACTION_ACCESSIBILITY_FOCUS - null, AccessibilityAction: ACTION_NEXT_AT_MOVEMENT_GRANULARITY - null, AccessibilityAction: ACTION_PREVIOUS_AT_MOVEMENT_GRANULARITY - null, AccessibilityAction: ACTION_SET_SELECTION - null, AccessibilityAction: ACTION_SHOW_ON_SCREEN - null]; isTextSelectable: false
06-26 04:42:59.486  6100  6374 I Maestro : Skipping invisible child: android.view.accessibility.AccessibilityNodeInfo@6abfa; boundsInParent: Rect(0, 0 - 89, 34); boundsInScreen: Rect(547, 113 - 320, 147); boundsInWindow: Rect(547, 113 - 320, 147); packageName: com.hanapkalinga.mobile; className: android.widget.Button; text: null; error: null; maxTextLength: -1; stateDescription: null; contentDescription: Reports tab; tooltipText: null; containerTitle: null; viewIdResName: tab_reports; uniqueId: null; checkable: false; checked: false; focusable: true; focused: false; selected: false; clickable: true; longClickable: false; contextClickable: false; enabled: true; password: false; scrollable: false; importantForAccessibility: true; visible: false; actions: [AccessibilityAction: ACTION_FOCUS - null, AccessibilityAction: ACTION_SELECT - null, AccessibilityAction: ACTION_CLEAR_SELECTION - null, AccessibilityAction: ACTION_CLICK - null, AccessibilityAction: ACTION_ACCESSIBILITY_FOCUS - null, AccessibilityAction: ACTION_NEXT_AT_MOVEMENT_GRANULARITY - null, AccessibilityAction: ACTION_PREVIOUS_AT_MOVEMENT_GRANULARITY - null, AccessibilityAction: ACTION_SET_SELECTION - null, AccessibilityAction: ACTION_SHOW_ON_SCREEN - null]; isTextSelectable: false
06-26 04:42:59.498  5641  6573 I NetworkScheduler.Stats: Task com.google.android.gms/com.google.android.gms.clearcut.uploader.QosUploaderService finished executing. cause:5 result: 1 elapsed_millis: 258 uptime_millis: 258 exec_start_elapsed_seconds: 165 [CONTEXT service_id=218 ]
06-26 04:42:59.508  6100  6374 D Maestro : View hierarchy received in 121 ms
06-26 04:42:59.525  5721  5858 I Icing   : Indexing done com.google.android.gms-internal.3p:MobileApplication
06-26 04:42:59.525  5721  5858 I Icing   : Indexing com.google.android.gms-internal.3p:MobileApplication from com.google.android.gms
06-26 04:42:59.525  5721  5858 I Icing   : Indexing done com.google.android.gms-internal.3p:MobileApplication
06-26 04:42:59.537  5721  6811 I GmsDebugLogger: [73] 1801
06-26 04:42:59.546  5721  6811 W ZappDownloader: No successful module downloads for requested features [tflite_dynamite].
06-26 04:42:59.546  5721  6811 I GmsDebugLogger: [30] [TfliteDynamiteDynamite.integ:260580502100800]
06-26 04:42:59.565  5721  6811 W ChimeraConfigService: Retry attempt was throttled. [CONTEXT service_id=264 ]
06-26 04:42:59.565  5721  6811 I GmsDebugLogger: [83] 1 [tflite_dynamite]
06-26 04:42:59.584  5721  5886 I Pay     : Device does not support HCE. [CONTEXT service_id=198 ]
06-26 04:42:59.725  5721  6828 I TelephonySpamInit: onModuleUpdated TelephonySpam module initialized [CONTEXT service_id=150 ]
06-26 04:42:59.726  5721  6828 I SpamListSync: scheduleSyncTasks [CONTEXT service_id=150 ]
06-26 04:42:59.726  5721  6828 I SpamListSync: schedulePeriodicTask [CONTEXT service_id=150 ]
06-26 04:42:59.730  5721  6828 I SpamListSync: scheduleOneTimeTask [CONTEXT service_id=150 ]
06-26 04:42:59.732  5721  6828 I ThreadNetworkModuleInit: Initializing runtime states: 12 [CONTEXT service_id=305 ]
06-26 04:42:59.732  5721  6828 I ThreadNetworkModuleInit: Enabled component com.google.android.gms.threadnetwork.ui.ShareCredentialsActivity [CONTEXT service_id=305 ]
06-26 04:42:59.736  5721  6828 I ThreadBrSynchronizer: Scheduled periodic Border Router sync task: PeriodicBrSync [CONTEXT service_id=305 ]
06-26 04:42:59.741  5641  6573 I NetworkScheduler.Stats: Task com.google.android.gms/com.google.android.gms.clearcut.uploader.QosUploaderService finished executing. cause:5 result: 1 elapsed_millis: 513 uptime_millis: 513 exec_start_elapsed_seconds: 165 [CONTEXT service_id=218 ]
06-26 04:42:59.741  5721  6828 I TrustedTime: Skip initializing when trusted time feature disabled. [CONTEXT service_id=326 ]
06-26 04:42:59.744  5721  6828 W ActiveUnlock: Tried to set empty triggers [CONTEXT service_id=327 ]
06-26 04:42:59.744  5721  6828 W ChimeraUtils: Module com.google.android.gms.activeunlock_primary missing resource null(0)
06-26 04:42:59.750  5721  6828 I SnapshotHandler: Unable to retrieve flag snapshot for com.google.android.gms.trustlet_place, using defaults.
06-26 04:42:59.750   520  2754 D PackageManager: Instant App installer not found with android.intent.action.INSTALL_INSTANT_APP_PACKAGE
06-26 04:42:59.750   520  2754 D PackageManager: Clear ephemeral installer activity
06-26 04:42:59.753   520  2754 D PackageManager: Instant App installer not found with android.intent.action.INSTALL_INSTANT_APP_PACKAGE
06-26 04:42:59.753   520  2754 D PackageManager: Clear ephemeral installer activity
06-26 04:42:59.753   520  2754 D PackageManager: Instant App installer not found with android.intent.action.INSTALL_INSTANT_APP_PACKAGE
06-26 04:42:59.753   520  2754 D PackageManager: Clear ephemeral installer activity
06-26 04:42:59.754   520  2754 D PackageManager: Instant App installer not found with android.intent.action.INSTALL_INSTANT_APP_PACKAGE
06-26 04:42:59.754   520  2754 D PackageManager: Clear ephemeral installer activity
06-26 04:42:59.754   520  2754 D PackageManager: Instant App installer not found with android.intent.action.INSTALL_INSTANT_APP_PACKAGE
06-26 04:42:59.754   520  2754 D PackageManager: Clear ephemeral installer activity
06-26 04:42:59.759  5721  6819 I SystemUpdate: [Installation,ReceiverIntentOperation] Received intent: Intent { act=com.google.android.gms.update.BASE_MODULE_INIT cat=[targeted_intent_op_prefix:.update.control.ReceiverIntentOperation] cmp=com.google.android.gms/.chimera.GmsIntentOperationService }.
06-26 04:42:59.761  5721  6367 I PeopleGalProvider: Gal directories started.
06-26 04:42:59.761  5721  6367 I PeopleGalProvider: Method 1 completed.
06-26 04:42:59.761  5721  6367 I PeopleGalProvider: Method 1 finished successfully.
06-26 04:42:59.765  4920  5159 I Bugle   : BroadcastReceiverAsyncWorkTracker: Acknowledging broadcast of bdxy@7100fd9
06-26 04:42:59.771   520  2785 W ProcessStats: Tracking association SourceState{a0c4a9f android.process.acore/10084 BFgs #13353} whose proc state 4 is better than process ProcessState{4433058 com.google.android.contacts/10154 pkg=com.google.android.contacts} proc state 13 (2597 skipped)
06-26 04:42:59.773   520  2754 D PackageManager: Instant App installer not found with android.intent.action.INSTALL_INSTANT_APP_PACKAGE
06-26 04:42:59.773   520  2754 D PackageManager: Clear ephemeral installer activity
06-26 04:42:59.784  5641  6824 I Fitness : OnPackageChangedOperation got intent: Intent { act=android.intent.action.PACKAGE_CHANGED dat=package: flg=0x45000010 pkg=com.google.android.gms cmp=com.google.android.gms/.chimera.PersistentIntentOperationService (has extras) } [CONTEXT service_id=17 ]
06-26 04:42:59.786  5721  5907 I SystemUpdate: [Execution,InstallationEventIntentOperation] Handling event of type 1.
06-26 04:42:59.792   520  1699 D PackageManager: Instant App installer not found with android.intent.action.INSTALL_INSTANT_APP_PACKAGE
06-26 04:42:59.792   520  1699 D PackageManager: Clear ephemeral installer activity
06-26 04:42:59.793   520  1699 D PackageManager: Instant App installer not found with android.intent.action.INSTALL_INSTANT_APP_PACKAGE
06-26 04:42:59.793   520  1699 D PackageManager: Clear ephemeral installer activity
06-26 04:42:59.794  5721  6595 I Icing   : updateResources: need to parse arkh{com.google.android.gms}
06-26 04:42:59.799  5641  6648 I Fitness : FitCleanupIntentOperation received Intent android.intent.action.PACKAGE_CHANGED [CONTEXT service_id=17 ]
06-26 04:42:59.801   520   819 D PackageManager: Instant App installer not found with android.intent.action.INSTALL_INSTANT_APP_PACKAGE
06-26 04:42:59.801   520   819 D PackageManager: Clear ephemeral installer activity
06-26 04:42:59.802  5721  6818 I SystemUpdate: [Execution,InstallationIntentOperation] Received intent: Intent { act=com.google.android.gms.update.INSTALL_UPDATE cat=[targeted_intent_op_prefix:.update.execution.InstallationIntentOperation] cmp=com.google.android.gms/.chimera.GmsIntentOperationService }.
06-26 04:42:59.803  5721  6818 I SystemUpdate: [Execution,ExecutionManager] Action finished-execution executed for 0.00 seconds.
06-26 04:42:59.805   520  2351 D PackageManager: Instant App installer not found with android.intent.action.INSTALL_INSTANT_APP_PACKAGE
06-26 04:42:59.805   520  2351 D PackageManager: Clear ephemeral installer activity
06-26 04:42:59.817  5721  5907 I ChimeraConfigurator: Starting update, reason: 4 urgentFeatures: vision.ocr:-1
06-26 04:42:59.824  5721  6595 I Icing   : Indexing com.google.android.gms-apps from com.google.android.gms
06-26 04:42:59.826  5641  5667 W ChimeraUtils: Module com.google.android.gms.nearby_en missing resource null(0)
06-26 04:42:59.827  5721  6595 I Icing   : Indexing done com.google.android.gms-apps
06-26 04:42:59.831  5721  6836 W Pay     : Active account was null, notification task will be cancelled. [CONTEXT service_id=198 ]
06-26 04:42:59.831  5721  6836 W Pay     : No account found on the task or the device. Notification task will not be rescheduled. [CONTEXT service_id=198 ]
06-26 04:42:59.836  5641  5667 W ChimeraUtils: Module com.google.android.gms.nearby_en missing resource null(0)
06-26 04:42:59.851  5721  5907 I ChimeraConfigurator: Detected pending changes for urgent request: [vision.ocr]. Pending module sets: container:2318189190800+mlkit.ocr.common,tflite_dynamite:2605805025100800+tflite_dynamite,vision_ocr:2316024025100000+vision.ocr
06-26 04:42:59.856  5721  6811 I Wear_Controller: Wearable module requires a companion app to be installed.
06-26 04:42:59.858  5721  6811 I Wear_Controller: onStartup - Wear is not available on this device.
06-26 04:42:59.864  5721  5907 I GmsDebugLogger: [73] 1801
06-26 04:42:59.866  5721  5907 W ZappDownloader: No successful module downloads for requested features [vision.ocr].
06-26 04:42:59.866  5721  5907 I GmsDebugLogger: [30] [VisionOcrDynamite.integ:231602402100000],[TfliteDynamiteDynamite.integ:260580502100800],[MlkitOcrCommon.optional:231818100800]
06-26 04:42:59.875  5721  5907 W ChimeraConfigService: Retry attempt was throttled. [CONTEXT service_id=264 ]
06-26 04:42:59.875  5721  5907 I GmsDebugLogger: [83] 1 [vision.ocr]
06-26 04:42:59.888  5721  6819 W Vision  : Request for optional module download of ocr failed. Request again.
06-26 04:42:59.888  5721  6819 W Vision  : Would have logged:
06-26 04:42:59.888  5721  6819 W Vision  : # dsae@44f943d5
06-26 04:42:59.889  5721  6819 I Vision  : Schedule retrying download ocr at 166374 with backoff 10 seconds
06-26 04:42:59.926  5721  6811 E WorkSourceUtil: Could not find package: com.google.android.gms.westworld
06-26 04:42:59.942   520  2351 D PackageManager: Instant App installer not found with android.intent.action.INSTALL_INSTANT_APP_PACKAGE
06-26 04:42:59.942   520  2351 D PackageManager: Clear ephemeral installer activity
06-26 04:42:59.949   520  2582 D PackageManager: Instant App installer not found with android.intent.action.INSTALL_INSTANT_APP_PACKAGE
06-26 04:42:59.949   520  2582 D PackageManager: Clear ephemeral installer activity
06-26 04:42:59.950   520  2785 D PackageManager: Instant App installer not found with android.intent.action.INSTALL_INSTANT_APP_PACKAGE
06-26 04:42:59.950   520  2785 D PackageManager: Clear ephemeral installer activity
06-26 04:42:59.951  5721  6811 I NewModuleComplete: Received com.google.android.chimera.IntentOperation.NEW_MODULE(com.google.android.gms.chimera.GmsIntentOperationService,2,true)
06-26 04:42:59.953  5721  6811 I NewModuleHelper: Received com.google.android.chimera.container.NEW_MODULE_FINALIZE(2/0): com.google.android.gms.chimera.GmsIntentOperationService,2,true
06-26 04:42:59.953  5721  6811 I NewModuleHelper: Completed all new module init intents for all processes.
06-26 04:42:59.954   520  2785 D PackageManager: Instant App installer not found with android.intent.action.INSTALL_INSTANT_APP_PACKAGE
06-26 04:42:59.954   520  2785 D PackageManager: Clear ephemeral installer activity
06-26 04:42:59.954   520  2785 D PackageManager: Instant App installer not found with android.intent.action.INSTALL_INSTANT_APP_PACKAGE
06-26 04:42:59.954   520  2785 D PackageManager: Clear ephemeral installer activity
06-26 04:42:59.957  5641  6823 W ChimeraUtils: Module com.google.android.gms.location__nonwearable missing resource location_module_display_name(0)
06-26 04:42:59.959  5641  6829 I GCoreUlr: WorldUpdater received intent Intent { act=com.google.android.location.reporting.ACTION_UPDATE_WORLD cmp=com.google.android.gms/com.google.android.location.reporting.service.DispatchingService (has extras) } with receiverAction init
06-26 04:42:59.960  5641  6829 I GCoreUlr: WorldUpdater:init: Ensuring that reporting is stopped because of reasons: (no Google accounts)
06-26 04:42:59.962  5641  6829 I GCoreUlr: Unbound from all signal providers.
06-26 04:42:59.970  5641  5641 I GCoreUlr: Unbound from all signal providers.
06-26 04:42:59.970  5641  5641 I GCoreUlr: Stopping handler for UlrDispSvcFast
06-26 04:42:59.987  5641  6573 I NetworkScheduler.Stats: Task com.google.android.gms/com.google.android.gms.pay.gcmtask.PayGcmTaskService started execution. cause:5 exec_start_elapsed_seconds: 166 [CONTEXT service_id=218 ]
06-26 04:42:59.991  5641  6573 I NetworkScheduler.Stats: Task com.google.android.gms/com.google.android.gms.pay.gcmtask.PayGcmTaskService finished executing. cause:5 result: 2 elapsed_millis: 25 uptime_millis: 25 exec_start_elapsed_seconds: 166 [CONTEXT service_id=218 ]
06-26 04:43:00.002   836   836 D StatusBarIconController: ignoring old pipeline callbacks, because the new mobile icons are enabled
06-26 04:43:00.005  1584  1886 I AiAiEcho: Predicting[0]: 
06-26 04:43:00.005  1584  1886 I AiAiEcho: EchoTargets: 
06-26 04:43:00.005  1584  1886 I AiAiEcho: Filtered by AiAi flag check: 
06-26 04:43:00.005  1584  1886 I AiAiEcho: Ranked targets strategy: SORT, count: 0, ranking metadata: 
06-26 04:43:00.006  1584  1886 I AiAiEcho: #postPredictionTargets: Sending updates to UISurface lockscreen with targets# 0 (types=[])
06-26 04:43:00.023   836   880 D EGL_emulation: app_time_stats: avg=25439.73ms min=25439.73ms max=25439.73ms count=1
06-26 04:43:00.024   836   836 W PageIndicator: Total number of pages invalid: 0. Assuming 1 page.
06-26 04:43:00.048  6275  6296 D EGL_emulation: app_time_stats: avg=17.50ms min=1.49ms max=71.23ms count=53
06-26 04:43:00.100  5641  6573 I NetworkScheduler.Stats: Task com.google.android.gms/com.google.android.gms.pay.gcmtask.PayGcmTaskService started execution. cause:5 exec_start_elapsed_seconds: 166 [CONTEXT service_id=218 ]
06-26 04:43:00.101  5641  6573 I NetworkScheduler.Stats: Task com.google.android.gms/com.google.android.gms.pay.gcmtask.PayGcmTaskService finished executing. cause:5 result: 2 elapsed_millis: 73 uptime_millis: 73 exec_start_elapsed_seconds: 166 [CONTEXT service_id=218 ]
06-26 04:43:00.104  6100  6374 W QueryController: Could not detect idle state.
06-26 04:43:00.104  6100  6374 D Maestro : Requesting view hierarchy
06-26 04:43:00.105  6100  6374 W QueryController: Could not detect idle state.
06-26 04:43:00.105  6100  6374 W QueryController: Could not detect idle state.
06-26 04:43:00.106  5641  6573 I NetworkScheduler.Stats: Task com.google.android.gms/com.google.android.gms.pay.gcmtask.PayGcmTaskService started execution. cause:5 exec_start_elapsed_seconds: 166 [CONTEXT service_id=218 ]
06-26 04:43:00.106  5641  6573 I NetworkScheduler.Stats: Task com.google.android.gms/com.google.android.gms.pay.gcmtask.PayGcmTaskService finished executing. cause:5 result: 1 elapsed_millis: 22 uptime_millis: 22 exec_start_elapsed_seconds: 166 [CONTEXT service_id=218 ]
06-26 04:43:00.117  6100  6374 I Maestro : Skipping invisible child: android.view.accessibility.AccessibilityNodeInfo@1c26b; boundsInParent: Rect(0, 0 - 320, 0); boundsInScreen: Rect(0, 0 - 320, 0); boundsInWindow: Rect(0, 0 - 320, 0); packageName: com.hanapkalinga.mobile; className: android.widget.LinearLayout; text: null; error: null; maxTextLength: -1; stateDescription: null; contentDescription: null; tooltipText: null; containerTitle: null; viewIdResName: null; uniqueId: null; checkable: false; checked: false; focusable: false; focused: false; selected: false; clickable: false; longClickable: false; contextClickable: false; enabled: true; password: false; scrollable: false; importantForAccessibility: false; visible: false; actions: [AccessibilityAction: ACTION_SELECT - null, AccessibilityAction: ACTION_CLEAR_SELECTION - null, AccessibilityAction: ACTION_ACCESSIBILITY_FOCUS - null, AccessibilityAction: ACTION_SHOW_ON_SCREEN - null]; isTextSelectable: false
