06-26 04:44:32.814  7624  7704 I Maestro : Skipping invisible child: android.view.accessibility.AccessibilityNodeInfo@1a0bf; boundsInParent: Rect(0, 0 - 320, 0); boundsInScreen: Rect(0, 0 - 320, 0); boundsInWindow: Rect(0, 0 - 320, 0); packageName: com.hanapkalinga.mobile; className: android.view.ViewGroup; text: null; error: null; maxTextLength: -1; stateDescription: null; contentDescription: null; tooltipText: null; containerTitle: null; viewIdResName: null; uniqueId: null; checkable: false; checked: false; focusable: false; focused: false; selected: false; clickable: false; longClickable: false; contextClickable: false; enabled: true; password: false; scrollable: false; importantForAccessibility: false; visible: false; actions: [AccessibilityAction: ACTION_SELECT - null, AccessibilityAction: ACTION_CLEAR_SELECTION - null, AccessibilityAction: ACTION_ACCESSIBILITY_FOCUS - null, AccessibilityAction: ACTION_SHOW_ON_SCREEN - null]; isTextSelectable: false
06-26 04:44:32.826  7624  7704 I Maestro : Skipping invisible child: android.view.accessibility.AccessibilityNodeInfo@18dfa; boundsInParent: Rect(0, 0 - 280, 34); boundsInScreen: Rect(20, 450 - 300, 484); boundsInWindow: Rect(20, 450 - 300, 484); packageName: com.hanapkalinga.mobile; className: android.view.View; text: null; error: null; maxTextLength: -1; stateDescription: null; contentDescription: Forgot password?; tooltipText: null; containerTitle: null; viewIdResName: login_link_forgotPassword; uniqueId: null; checkable: false; checked: false; focusable: true; focused: false; selected: false; clickable: true; longClickable: false; contextClickable: false; enabled: true; password: false; scrollable: false; importantForAccessibility: true; visible: false; actions: [AccessibilityAction: ACTION_FOCUS - null, AccessibilityAction: ACTION_SELECT - null, AccessibilityAction: ACTION_CLEAR_SELECTION - null, AccessibilityAction: ACTION_CLICK - null, AccessibilityAction: ACTION_ACCESSIBILITY_FOCUS - null, AccessibilityAction: ACTION_SHOW_ON_SCREEN - null]; isTextSelectable: false
06-26 04:44:32.827  7624  7704 I Maestro : Skipping invisible child: android.view.accessibility.AccessibilityNodeInfo@1957c; boundsInParent: Rect(0, 0 - 169, 22); boundsInScreen: Rect(11, 508 - 180, 530); boundsInWindow: Rect(11, 508 - 180, 530); packageName: com.hanapkalinga.mobile; className: android.widget.TextView; text: Don't have an account? ; error: null; maxTextLength: -1; stateDescription: null; contentDescription: null; tooltipText: null; containerTitle: null; viewIdResName: null; uniqueId: null; checkable: false; checked: false; focusable: false; focused: false; selected: false; clickable: false; longClickable: false; contextClickable: false; enabled: true; password: false; scrollable: false; importantForAccessibility: true; visible: false; actions: [AccessibilityAction: ACTION_SELECT - null, AccessibilityAction: ACTION_CLEAR_SELECTION - null, AccessibilityAction: ACTION_ACCESSIBILITY_FOCUS - null, AccessibilityAction: ACTION_NEXT_AT_MOVEMENT_GRANULARITY - null, AccessibilityAction: ACTION_PREVIOUS_AT_MOVEMENT_GRANULARITY - null, AccessibilityAction: ACTION_SET_SELECTION - null, AccessibilityAction: ACTION_SHOW_ON_SCREEN - null]; isTextSelectable: false
06-26 04:44:32.827  7624  7704 I Maestro : Skipping invisible child: android.view.accessibility.AccessibilityNodeInfo@1993d; boundsInParent: Rect(0, 0 - 128, 22); boundsInScreen: Rect(181, 508 - 309, 530); boundsInWindow: Rect(181, 508 - 309, 530); packageName: com.hanapkalinga.mobile; className: android.view.View; text: null; error: null; maxTextLength: -1; stateDescription: null; contentDescription: Create an account; tooltipText: null; containerTitle: null; viewIdResName: null; uniqueId: null; checkable: false; checked: false; focusable: true; focused: false; selected: false; clickable: true; longClickable: false; contextClickable: false; enabled: true; password: false; scrollable: false; importantForAccessibility: true; visible: false; actions: [AccessibilityAction: ACTION_FOCUS - null, AccessibilityAction: ACTION_SELECT - null, AccessibilityAction: ACTION_CLEAR_SELECTION - null, AccessibilityAction: ACTION_CLICK - null, AccessibilityAction: ACTION_ACCESSIBILITY_FOCUS - null, AccessibilityAction: ACTION_SHOW_ON_SCREEN - null]; isTextSelectable: false
06-26 04:44:32.827  7624  7704 D Maestro : View hierarchy received in 98 ms
06-26 04:44:32.862  7624  7704 D Maestro : Inputting text
06-26 04:44:32.862  7624  7704 D Maestro : 101
06-26 04:44:32.862  7624  7704 W QueryController: Could not detect idle state.
06-26 04:44:32.862  7624  7704 D UiDevice: Pressing keycodes [33] with modifier 0.
06-26 04:44:32.896  7802  7817 D EGL_emulation: app_time_stats: avg=282.54ms min=23.35ms max=500.34ms count=5
06-26 04:44:32.904  1497  1497 I GoogleInputMethodService: GoogleInputMethodService.setKeyboardViewShown():3483 setKeyboardViewShown() : type = HEADER, shownType = SHOW_MANDATORY_WITH_ANIMATION
06-26 04:44:32.904  1497  1497 I GoogleInputMethodService: GoogleInputMethodService.setKeyboardViewShown():3530 setKeyboardViewShown() : shouldShow = true
06-26 04:44:32.919  1497  1641 D EGL_emulation: app_time_stats: avg=682.48ms min=17.09ms max=1347.86ms count=2
06-26 04:44:32.989  7624  7704 D Maestro : 50
06-26 04:44:32.989  7624  7704 W QueryController: Could not detect idle state.
06-26 04:44:32.990  7624  7704 D UiDevice: Pressing keycodes [9] with modifier 0.
06-26 04:44:33.106  7624  7704 D Maestro : 101
06-26 04:44:33.106  7624  7704 W QueryController: Could not detect idle state.
06-26 04:44:33.106  7624  7704 D UiDevice: Pressing keycodes [33] with modifier 0.
06-26 04:44:33.130  1497  1497 I GoogleInputMethodService: GoogleInputMethodService.setKeyboardViewShown():3483 setKeyboardViewShown() : type = HEADER, shownType = SHOW_MANDATORY_WITH_ANIMATION
06-26 04:44:33.131  1497  1497 I GoogleInputMethodService: GoogleInputMethodService.setKeyboardViewShown():3530 setKeyboardViewShown() : shouldShow = true
06-26 04:44:33.221  7624  7704 D Maestro : 45
06-26 04:44:33.222  7624  7704 W QueryController: Could not detect idle state.
06-26 04:44:33.222  7624  7704 D UiDevice: Pressing keycodes [69] with modifier 0.
06-26 04:44:33.248  1497  1497 I GoogleInputMethodService: GoogleInputMethodService.setKeyboardViewShown():3483 setKeyboardViewShown() : type = HEADER, shownType = SHOW_MANDATORY_WITH_ANIMATION
06-26 04:44:33.248  1497  1497 I GoogleInputMethodService: GoogleInputMethodService.setKeyboardViewShown():3530 setKeyboardViewShown() : shouldShow = true
06-26 04:44:33.281   335   335 I netd    : tetherGetStats() -> {[]} <0.34ms>
06-26 04:44:33.283   335   335 I netd    : bandwidthSetGlobalAlert(2097152) <0.09ms>
06-26 04:44:33.319  7624  7704 D Maestro : 116
06-26 04:44:33.319  7624  7704 W QueryController: Could not detect idle state.
06-26 04:44:33.320  7624  7704 D UiDevice: Pressing keycodes [48] with modifier 0.
06-26 04:44:33.350  1497  1497 I GoogleInputMethodService: GoogleInputMethodService.setKeyboardViewShown():3483 setKeyboardViewShown() : type = HEADER, shownType = SHOW_MANDATORY_WITH_ANIMATION
06-26 04:44:33.350  1497  1497 I GoogleInputMethodService: GoogleInputMethodService.setKeyboardViewShown():3530 setKeyboardViewShown() : shouldShow = true
06-26 04:44:33.439  7624  7704 D Maestro : 101
06-26 04:44:33.439  7624  7704 W QueryController: Could not detect idle state.
06-26 04:44:33.439  7624  7704 D UiDevice: Pressing keycodes [33] with modifier 0.
06-26 04:44:33.465  1497  1497 I GoogleInputMethodService: GoogleInputMethodService.setKeyboardViewShown():3483 setKeyboardViewShown() : type = HEADER, shownType = SHOW_MANDATORY_WITH_ANIMATION
06-26 04:44:33.465  1497  1497 I GoogleInputMethodService: GoogleInputMethodService.setKeyboardViewShown():3530 setKeyboardViewShown() : shouldShow = true
06-26 04:44:33.556  7624  7704 D Maestro : 115
06-26 04:44:33.556  7624  7704 W QueryController: Could not detect idle state.
06-26 04:44:33.556  7624  7704 D UiDevice: Pressing keycodes [47] with modifier 0.
06-26 04:44:33.578  1497  1535 W SP      : File ref is being finalized but wasn't closed, file: main_en_us_2022051700_2[12]
06-26 04:44:33.578  1497  1535 W SP      : File ref is being finalized but wasn't closed, file: main_en_us_2022101700_1[16]
06-26 04:44:33.578  1497  1535 W SP      : File ref is being finalized but wasn't closed, file: main_en_840_2022102600_1[12]
06-26 04:44:33.578  1497  1535 W SP      : File ref is being finalized but wasn't closed, file: 2023012316_en[7]
06-26 04:44:33.578  1497  1535 W SP      : File ref is being finalized but wasn't closed, file: 2023012316_en[7]
06-26 04:44:33.579  1497  1535 W SP      : File ref is being finalized but wasn't closed, file: main_en_us_2022051700_2[12]
06-26 04:44:33.579  1497  1535 W SP      : File ref is being finalized but wasn't closed, file: main_en_us_2022101700_1[16]
06-26 04:44:33.579  1497  1535 W SP      : File ref is being finalized but wasn't closed, file: main_en_840_2022102600_1[12]
06-26 04:44:33.579  1497  1535 W SP      : File ref is being finalized but wasn't closed, file: 2023012316_en[7]
06-26 04:44:33.579  1497  1535 W SP      : File ref is being finalized but wasn't closed, file: 2023012316_en[7]
06-26 04:44:33.579  1497  1535 W SP      : File ref is being finalized but wasn't closed, file: 2023012316_en[7]
06-26 04:44:33.579  1497  1535 W SP      : File ref is being finalized but wasn't closed, file: 2023012316_en[7]
06-26 04:44:33.579  1497  1535 W SP      : File ref is being finalized but wasn't closed, file: tflite-nwp-be541314788c7304827a9710c3ac4edb[5]
06-26 04:44:33.579  1497  1535 W SP      : File ref is being finalized but wasn't closed, file: tflite-nwp-be541314788c7304827a9710c3ac4edb[5]
06-26 04:44:33.584  1497  1497 I GoogleInputMethodService: GoogleInputMethodService.setKeyboardViewShown():3483 setKeyboardViewShown() : type = HEADER, shownType = SHOW_MANDATORY_WITH_ANIMATION
06-26 04:44:33.584  1497  1497 I GoogleInputMethodService: GoogleInputMethodService.setKeyboardViewShown():3530 setKeyboardViewShown() : shouldShow = true
06-26 04:44:33.591   817   817 I wpa_supplicant: wlan0: CTRL-EVENT-BEACON-LOSS 
06-26 04:44:33.656  7624  7704 D Maestro : 116
06-26 04:44:33.656  7624  7704 W QueryController: Could not detect idle state.
06-26 04:44:33.656  7624  7704 D UiDevice: Pressing keycodes [48] with modifier 0.
06-26 04:44:33.680  1497  1497 I GoogleInputMethodService: GoogleInputMethodService.setKeyboardViewShown():3483 setKeyboardViewShown() : type = HEADER, shownType = SHOW_MANDATORY_WITH_ANIMATION
06-26 04:44:33.681  1497  1497 I GoogleInputMethodService: GoogleInputMethodService.setKeyboardViewShown():3530 setKeyboardViewShown() : shouldShow = true
06-26 04:44:33.768  7624  7704 D Maestro : 45
06-26 04:44:33.769  7624  7704 W QueryController: Could not detect idle state.
06-26 04:44:33.769  7624  7704 D UiDevice: Pressing keycodes [69] with modifier 0.
06-26 04:44:33.797  1497  1497 I GoogleInputMethodService: GoogleInputMethodService.setKeyboardViewShown():3483 setKeyboardViewShown() : type = HEADER, shownType = SHOW_MANDATORY_WITH_ANIMATION
06-26 04:44:33.797  1497  1497 I GoogleInputMethodService: GoogleInputMethodService.setKeyboardViewShown():3530 setKeyboardViewShown() : shouldShow = true
06-26 04:44:33.890  7624  7704 D Maestro : 97
06-26 04:44:33.890  7624  7704 W QueryController: Could not detect idle state.
06-26 04:44:33.890  7624  7704 D UiDevice: Pressing keycodes [29] with modifier 0.
06-26 04:44:33.919  1497  1497 I GoogleInputMethodService: GoogleInputMethodService.setKeyboardViewShown():3483 setKeyboardViewShown() : type = HEADER, shownType = SHOW_MANDATORY_WITH_ANIMATION
06-26 04:44:33.920  7802  7817 D EGL_emulation: app_time_stats: avg=56.86ms min=15.50ms max=103.67ms count=18
06-26 04:44:33.920  1497  1497 I GoogleInputMethodService: GoogleInputMethodService.setKeyboardViewShown():3530 setKeyboardViewShown() : shouldShow = true
06-26 04:44:33.936  1497  1641 D EGL_emulation: app_time_stats: avg=127.06ms min=98.82ms max=231.82ms count=8
06-26 04:44:33.988  7624  7704 D Maestro : 100
06-26 04:44:33.989  7624  7704 W QueryController: Could not detect idle state.
06-26 04:44:33.989  7624  7704 D UiDevice: Pressing keycodes [32] with modifier 0.
06-26 04:44:34.012  1497  1497 I GoogleInputMethodService: GoogleInputMethodService.setKeyboardViewShown():3483 setKeyboardViewShown() : type = HEADER, shownType = SHOW_MANDATORY_WITH_ANIMATION
06-26 04:44:34.012  1497  1497 I GoogleInputMethodService: GoogleInputMethodService.setKeyboardViewShown():3530 setKeyboardViewShown() : shouldShow = true
06-26 04:44:34.106  7624  7704 D Maestro : 109
06-26 04:44:34.106  7624  7704 W QueryController: Could not detect idle state.
06-26 04:44:34.106  7624  7704 D UiDevice: Pressing keycodes [41] with modifier 0.
06-26 04:44:34.133  1497  1497 I GoogleInputMethodService: GoogleInputMethodService.setKeyboardViewShown():3483 setKeyboardViewShown() : type = HEADER, shownType = SHOW_MANDATORY_WITH_ANIMATION
06-26 04:44:34.133  1497  1497 I GoogleInputMethodService: GoogleInputMethodService.setKeyboardViewShown():3530 setKeyboardViewShown() : shouldShow = true
06-26 04:44:34.219  7624  7704 D Maestro : 105
06-26 04:44:34.219  7624  7704 W QueryController: Could not detect idle state.
06-26 04:44:34.219  7624  7704 D UiDevice: Pressing keycodes [37] with modifier 0.
06-26 04:44:34.248  1497  1497 I GoogleInputMethodService: GoogleInputMethodService.setKeyboardViewShown():3483 setKeyboardViewShown() : type = HEADER, shownType = SHOW_MANDATORY_WITH_ANIMATION
06-26 04:44:34.248  1497  1497 I GoogleInputMethodService: GoogleInputMethodService.setKeyboardViewShown():3530 setKeyboardViewShown() : shouldShow = true
06-26 04:44:34.335  7624  7704 D Maestro : 110
06-26 04:44:34.336  7624  7704 W QueryController: Could not detect idle state.
06-26 04:44:34.336  7624  7704 D UiDevice: Pressing keycodes [42] with modifier 0.
06-26 04:44:34.364  1497  1497 I GoogleInputMethodService: GoogleInputMethodService.setKeyboardViewShown():3483 setKeyboardViewShown() : type = HEADER, shownType = SHOW_MANDATORY_WITH_ANIMATION
06-26 04:44:34.364  1497  1497 I GoogleInputMethodService: GoogleInputMethodService.setKeyboardViewShown():3530 setKeyboardViewShown() : shouldShow = true
06-26 04:44:34.452  7624  7704 D Maestro : 45
06-26 04:44:34.452  7624  7704 W QueryController: Could not detect idle state.
06-26 04:44:34.453  7624  7704 D UiDevice: Pressing keycodes [69] with modifier 0.
06-26 04:44:34.483  1497  1497 I GoogleInputMethodService: GoogleInputMethodService.setKeyboardViewShown():3483 setKeyboardViewShown() : type = HEADER, shownType = SHOW_MANDATORY_WITH_ANIMATION
06-26 04:44:34.483  1497  1497 I GoogleInputMethodService: GoogleInputMethodService.setKeyboardViewShown():3530 setKeyboardViewShown() : shouldShow = true
06-26 04:44:34.524   341  6384 D android.hardware.audio@7.1-impl.ranchu: threadLoop: entering standby, frames: 1639616
06-26 04:44:34.568  7624  7704 D Maestro : 49
06-26 04:44:34.569  7624  7704 W QueryController: Could not detect idle state.
06-26 04:44:34.569  7624  7704 D UiDevice: Pressing keycodes [8] with modifier 0.
06-26 04:44:34.600  1497  1497 I GoogleInputMethodService: GoogleInputMethodService.setKeyboardViewShown():3483 setKeyboardViewShown() : type = HEADER, shownType = SHOW_MANDATORY_WITH_ANIMATION
06-26 04:44:34.600  1497  1497 I GoogleInputMethodService: GoogleInputMethodService.setKeyboardViewShown():3530 setKeyboardViewShown() : shouldShow = true
06-26 04:44:34.688  7624  7704 D Maestro : 55
06-26 04:44:34.688  7624  7704 W QueryController: Could not detect idle state.
06-26 04:44:34.689  7624  7704 D UiDevice: Pressing keycodes [14] with modifier 0.
06-26 04:44:34.718  1497  1497 I GoogleInputMethodService: GoogleInputMethodService.setKeyboardViewShown():3483 setKeyboardViewShown() : type = HEADER, shownType = SHOW_MANDATORY_WITH_ANIMATION
06-26 04:44:34.718  1497  1497 I GoogleInputMethodService: GoogleInputMethodService.setKeyboardViewShown():3530 setKeyboardViewShown() : shouldShow = true
06-26 04:44:34.720   836   836 D StatusBarIconController: ignoring old pipeline callback because the new wifi icon is enabled
06-26 04:44:34.808  7624  7704 D Maestro : 56
06-26 04:44:34.808  7624  7704 W QueryController: Could not detect idle state.
06-26 04:44:34.809  7624  7704 D UiDevice: Pressing keycodes [15] with modifier 0.
06-26 04:44:34.832  1497  1497 I GoogleInputMethodService: GoogleInputMethodService.setKeyboardViewShown():3483 setKeyboardViewShown() : type = HEADER, shownType = SHOW_MANDATORY_WITH_ANIMATION
06-26 04:44:34.832  1497  1497 I GoogleInputMethodService: GoogleInputMethodService.setKeyboardViewShown():3530 setKeyboardViewShown() : shouldShow = true
06-26 04:44:34.922  7624  7704 D Maestro : 50
06-26 04:44:34.923  7624  7704 W QueryController: Could not detect idle state.
06-26 04:44:34.923  7624  7704 D UiDevice: Pressing keycodes [9] with modifier 0.
06-26 04:44:34.948  7802  7817 D EGL_emulation: app_time_stats: avg=57.09ms min=12.36ms max=98.95ms count=18
06-26 04:44:34.951  1497  1497 W InputContextProxyV4: InputContextProxyV4.applyClientDiffInternal():897 Ignore [FetchSuggestions] diff due to stale request: 210<213, inputStateId=122, lastInputStateId=124
06-26 04:44:34.951  1497  2840 W Delight5Decoder: Delight5DecoderWrapper.shouldAbandonMessage():1983 Detected old [FetchSuggestions] request in background: 212<213
06-26 04:44:34.966  1497  1641 D EGL_emulation: app_time_stats: avg=114.42ms min=98.71ms max=119.39ms count=9
06-26 04:44:35.035  7624  7704 D Maestro : 52
06-26 04:44:35.036  7624  7704 W QueryController: Could not detect idle state.
06-26 04:44:35.036  7624  7704 D UiDevice: Pressing keycodes [11] with modifier 0.
06-26 04:44:35.157  7624  7704 D Maestro : 52
06-26 04:44:35.157  7624  7704 W QueryController: Could not detect idle state.
06-26 04:44:35.157  7624  7704 D UiDevice: Pressing keycodes [11] with modifier 0.
06-26 04:44:35.271  7624  7704 D Maestro : 55
06-26 04:44:35.272  7624  7704 W QueryController: Could not detect idle state.
06-26 04:44:35.272  7624  7704 D UiDevice: Pressing keycodes [14] with modifier 0.
06-26 04:44:35.385  7624  7704 D Maestro : 54
06-26 04:44:35.386  7624  7704 W QueryController: Could not detect idle state.
06-26 04:44:35.386  7624  7704 D UiDevice: Pressing keycodes [13] with modifier 0.
06-26 04:44:35.501   520   598 D ConnectivityService: requestNetwork for uid/pid:10128/2364 activeRequest: null callbackRequest: 154 [NetworkRequest [ REQUEST id=155, [ Capabilities: INTERNET&NOT_RESTRICTED&TRUSTED&NOT_VCN_MANAGED Uid: 10128 RequestorUid: 10128 RequestorPkg: com.google.android.dialer UnderlyingNetworks: Null] ]] callback flags: 0 order: 2147483647
06-26 04:44:35.502   520   761 D ConnectivityService: NetReassign [155 : null → 101] [c 1] [a 0] [i 1]
06-26 04:44:35.502   520   754 D WifiNetworkFactory: got request NetworkRequest [ REQUEST id=155, [ Capabilities: INTERNET&NOT_RESTRICTED&TRUSTED&NOT_VCN_MANAGED Uid: 10128 RequestorUid: 10128 RequestorPkg: com.google.android.dialer UnderlyingNetworks: Null] ]
06-26 04:44:35.503   520   754 D UntrustedWifiNetworkFactory: got request NetworkRequest [ REQUEST id=155, [ Capabilities: INTERNET&NOT_RESTRICTED&TRUSTED&NOT_VCN_MANAGED Uid: 10128 RequestorUid: 10128 RequestorPkg: com.google.android.dialer UnderlyingNetworks: Null] ]
06-26 04:44:35.503   520   754 D OemPaidWifiNetworkFactory: got request NetworkRequest [ REQUEST id=155, [ Capabilities: INTERNET&NOT_RESTRICTED&TRUSTED&NOT_VCN_MANAGED Uid: 10128 RequestorUid: 10128 RequestorPkg: com.google.android.dialer UnderlyingNetworks: Null] ]
06-26 04:44:35.503   520   754 D MultiInternetWifiNetworkFactory: got request NetworkRequest [ REQUEST id=155, [ Capabilities: INTERNET&NOT_RESTRICTED&TRUSTED&NOT_VCN_MANAGED Uid: 10128 RequestorUid: 10128 RequestorPkg: com.google.android.dialer UnderlyingNetworks: Null] ]
06-26 04:44:35.505  2364  2364 I DialerConstellationSyncWorker: com.android.dialer.businessvoice.control.worker.ConstellationSyncWorker.startWork:66 starting work
06-26 04:44:35.505  7624  7704 D Maestro : 55
06-26 04:44:35.506  2364  2556 I DialerCountryCodeProvider: com.android.dialer.businessvoice.verifiedcall.impl.i18n.CountryCodeProvider.getSimCountryCodeInternal:85 returning Redacted-2-chars
06-26 04:44:35.506  7624  7704 W QueryController: Could not detect idle state.
06-26 04:44:35.506  2364  2556 I DialerCachedVerifiedNumberProvider: com.android.dialer.businessvoice.verifiedcall.impl.constellation.CachedVerifiedNumberProvider.refreshConstellationInfo:190 Retrieving constellation info and refreshing the cache.
06-26 04:44:35.506  7624  7704 D UiDevice: Pressing keycodes [14] with modifier 0.
06-26 04:44:35.507   520  1153 D OomAdjuster: Not killing cached processes
06-26 04:44:35.519  5721  5721 D BoundBrokerSvc: onBind: Intent { act=com.google.android.gms.common.BIND_SHARED_PREFS pkg=com.google.android.gms }
06-26 04:44:35.519  5721  5721 D BoundBrokerSvc: Loading bound service for intent: Intent { act=com.google.android.gms.common.BIND_SHARED_PREFS pkg=com.google.android.gms }
06-26 04:44:35.520  5721  5721 D BoundBrokerSvc: onUnbind: Intent { act=com.google.android.gms.common.BIND_SHARED_PREFS pkg=com.google.android.gms }
06-26 04:44:35.520  5721  7654 E constellation: [api_verify_phone_operation] Failed to generate Client Signature
06-26 04:44:35.520  5721  7654 E constellation: acwp: Stored private key deleted
06-26 04:44:35.520  5721  7654 E constellation: 	at acos.e(:com.google.android.gms@231818047@23.18.18 (190800-535401451):4)
06-26 04:44:35.520  5721  7654 E constellation: 	at acos.d(:com.google.android.gms@231818047@23.18.18 (190800-535401451):1)
06-26 04:44:35.520  5721  7654 E constellation: 	at acoa.c(:com.google.android.gms@231818047@23.18.18 (190800-535401451):22)
06-26 04:44:35.520  5721  7654 E constellation: 	at acoa.f(:com.google.android.gms@231818047@23.18.18 (190800-535401451):12)
06-26 04:44:35.520  5721  7654 E constellation: 	at avsy.eo(:com.google.android.gms@231818047@23.18.18 (190800-535401451):1)
06-26 04:44:35.520  5721  7654 E constellation: 	at avtf.run(:com.google.android.gms@231818047@23.18.18 (190800-535401451):14)
06-26 04:44:35.520  5721  7654 E constellation: 	at dfhf.run(:com.google.android.gms@231818047@23.18.18 (190800-535401451):2)
06-26 04:44:35.520  5721  7654 E constellation: 	at aced.c(:com.google.android.gms@231818047@23.18.18 (190800-535401451):6)
06-26 04:44:35.520  5721  7654 E constellation: 	at aced.run(:com.google.android.gms@231818047@23.18.18 (190800-535401451):7)
06-26 04:44:35.520  5721  7654 E constellation: 	at java.util.concurrent.ThreadPoolExecutor.runWorker(ThreadPoolExecutor.java:1145)
06-26 04:44:35.520  5721  7654 E constellation: 	at java.util.concurrent.ThreadPoolExecutor$Worker.run(ThreadPoolExecutor.java:644)
06-26 04:44:35.520  5721  7654 E constellation: 	at acjn.run(:com.google.android.gms@231818047@23.18.18 (190800-535401451):0)
06-26 04:44:35.520  5721  7654 E constellation: 	at java.lang.Thread.run(Thread.java:1012)
06-26 04:44:35.520  2364  2584 W DialerVerifiedNumberProvider: com.android.dialer.businessvoice.verifiedcall.impl.constellation.VerifiedNumberProvider.lambda$getConstellationResponse$1:155 Failed to get constellation token.
06-26 04:44:35.520  2364  2584 W DialerVerifiedNumberProvider: nkq: 5004: 
06-26 04:44:35.520  2364  2584 W DialerVerifiedNumberProvider: 	at nov.au(PG:1)
06-26 04:44:35.520  2364  2584 W DialerVerifiedNumberProvider: 	at nnf.g(PG:2)
06-26 04:44:35.520  2364  2584 W DialerVerifiedNumberProvider: 	at npo.a(Unknown Source:2)
06-26 04:44:35.520  2364  2584 W DialerVerifiedNumberProvider: 	at npy.dm(PG:9)
06-26 04:44:35.520  2364  2584 W DialerVerifiedNumberProvider: 	at ncz.onTransact(PG:4)
06-26 04:44:35.520  2364  2584 W DialerVerifiedNumberProvider: 	at android.os.Binder.execTransactInternal(Binder.java:1344)
06-26 04:44:35.520  2364  2584 W DialerVerifiedNumberProvider: 	at android.os.Binder.execTransact(Binder.java:1275)
06-26 04:44:35.521  2364  2584 W DialerConstellationSyncWorker: com.android.dialer.businessvoice.control.worker.ConstellationSyncWorker.lambda$syncConstellation$2:110 Constellation api request failed, status code: 5004
06-26 04:44:35.522  2364  2570 I WM-WorkerWrapper: Worker result RETRY for Work [ id=6aa977dd-7478-4f29-a430-752ce15cf58d, tags={ com.google.apps.tiktok.contrib.work.TikTokListenableWorker, TikTokWorker#com.android.dialer.businessvoice.control.worker.ConstellationSyncWorker } ]
06-26 04:44:35.533   520   601 D ActivityManager: sync unfroze 4920 com.google.android.apps.messaging for 6
06-26 04:44:35.568  4920  4920 I BugleDataModel: ActionExecutorImpl: Timestamp for ACTION_EXECUTE_QUEUED_CountryCodeDetectorAction elapsedRealTime: 262053 currentTimeMillis: 1782449075568
06-26 04:44:35.568  4920  4920 I BugleDataModel: ActionExecutorImpl: Timestamp for ACTION_EXECUTE_QUEUED_SelfParticipantsRefreshAction elapsedRealTime: 262054 currentTimeMillis: 1782449075568
06-26 04:44:35.570  4920  7930 I BugleDataModel: ActionExecutorImpl: Timestamp for ACTION_BACKGROUND_QUEUED_CountryCodeDetectorAction elapsedRealTime: 262055 currentTimeMillis: 1782449075570
06-26 04:44:35.572  4920  7930 I BugleDataModel: ActionExecutorImpl: Timestamp for ACTION_BACKGROUND_QUEUED_SelfParticipantsRefreshAction elapsedRealTime: 262057 currentTimeMillis: 1782449075572
06-26 04:44:35.572  4920  7933 I Bugle   : CountryCodeDetector: updateMainDeviceCountry from default subscription network country. detected country: us
06-26 04:44:35.575  4920  7933 I BugleDataModel: ActionExecutorImpl: Timestamp for ACTION_RESPONSE_QUEUED_CountryCodeDetectorAction elapsedRealTime: 262060 currentTimeMillis: 1782449075575
06-26 04:44:35.578  4920  7931 D MddListenableWorkerFactory: createWorker for class: com.google.android.apps.messaging.rcsprovisioning.RcsProvisioningListenableWorker
06-26 04:44:35.580  4920  7933 I BugleDataModel: ParticipantRefresh: ContactContentObserver created
06-26 04:44:35.580  4920  4920 I BugleRcsWorker: [seqId=3][workId=46f0502b-88cb-44cc-aa58-e135405b5527] RCS provisioning task has started
06-26 04:44:35.581  4920  7933 I BugleDataModel: ParticipantFullRefresh: Start participant refresh. refreshMode: SELF_ONLY
06-26 04:44:35.584   520  2645 D ConnectivityService: requestNetwork for uid/pid:10130/4920 activeRequest: null callbackRequest: 156 [NetworkRequest [ REQUEST id=157, [ Capabilities: INTERNET&NOT_RESTRICTED&TRUSTED&NOT_VCN_MANAGED Uid: 10130 RequestorUid: 10130 RequestorPkg: com.google.android.apps.messaging UnderlyingNetworks: Null] ]] callback flags: 0 order: 2147483647
06-26 04:44:35.585   520   754 D WifiNetworkFactory: got request NetworkRequest [ REQUEST id=157, [ Capabilities: INTERNET&NOT_RESTRICTED&TRUSTED&NOT_VCN_MANAGED Uid: 10130 RequestorUid: 10130 RequestorPkg: com.google.android.apps.messaging UnderlyingNetworks: Null] ]
06-26 04:44:35.585   520   754 D UntrustedWifiNetworkFactory: got request NetworkRequest [ REQUEST id=157, [ Capabilities: INTERNET&NOT_RESTRICTED&TRUSTED&NOT_VCN_MANAGED Uid: 10130 RequestorUid: 10130 RequestorPkg: com.google.android.apps.messaging UnderlyingNetworks: Null] ]
06-26 04:44:35.585   520   754 D OemPaidWifiNetworkFactory: got request NetworkRequest [ REQUEST id=157, [ Capabilities: INTERNET&NOT_RESTRICTED&TRUSTED&NOT_VCN_MANAGED Uid: 10130 RequestorUid: 10130 RequestorPkg: com.google.android.apps.messaging UnderlyingNetworks: Null] ]
06-26 04:44:35.585   520   754 D MultiInternetWifiNetworkFactory: got request NetworkRequest [ REQUEST id=157, [ Capabilities: INTERNET&NOT_RESTRICTED&TRUSTED&NOT_VCN_MANAGED Uid: 10130 RequestorUid: 10130 RequestorPkg: com.google.android.apps.messaging UnderlyingNetworks: Null] ]
06-26 04:44:35.586   520   761 D ConnectivityService: NetReassign [157 : null → 101] [c 0] [a 1] [i 1]
06-26 04:44:35.587  4920  7934 I BugleRcsWorker: [seqId=3][workId=46f0502b-88cb-44cc-aa58-e135405b5527] Starting StateMachine, trigger is STATE_MACHINE_RETRY
06-26 04:44:35.588  4920  7934 I BugleRcsEngine: [155] brfq.d: (PEv2-SM-Bugle-228953389): start PEv2, trigger is STATE_MACHINE_RETRY, workerId is 46f0502b-88cb-44cc-aa58-e135405b5527 [null]
06-26 04:44:35.588  4920  7934 I BugleRcsEngine: [155] broo.g: Created new RcsProvisioningProtoDataStorage for sim redacted-pii:sim_id[chars:20,last3:897]
06-26 04:44:35.589  4920  7934 I BugleRcsEngine: [155] brnl.h: No RCS Configuration was found in Bugle for simID: redacted-pii:sim_id[chars:20,last3:897]
06-26 04:44:35.589  4920  7934 I BugleRcsEngine: [155] brfq.d: (PEv2-SM-Bugle-228953389): start [null]
06-26 04:44:35.589  4920  7933 I BugleDataModel: SelfParticipantsData#refreshSelfParticipantList([1])
06-26 04:44:35.590  4920  7935 I BugleRcsEngine: [156] brfq.d: (PEv2-SM-Bugle-228953389): Enter EnabledState [null]
06-26 04:44:35.593  4920  7935 W BugleRcsEngine: [156] bpxc.w: Unable to send diagnostic log
06-26 04:44:35.594  4920  7935 I BugleRcsEngine: [156] brds.c: Sending ProvisioningEvent to Bugle [Send Provisioning Session ID (18)], redacted-pii:[chars:65]
06-26 04:44:35.594  4920  7935 I BugleRcsEngine: [156] bsgz.b: EngineBroadcaster: Broadcasting provisioning intent com.google.android.ims.provisioning.engine.provisioningEventAction to Bugle with extras redacted-pii:[chars:223] from source PROVISIONING_EVENT
06-26 04:44:35.597  4920  7934 I BugleRcsProvisioning: RcsProvisioningEventReceiver: Received ProvisioningEvent: Send Provisioning Session ID
06-26 04:44:35.598  4920  7935 I BugleRcsEngine: [156] brfq.d: (PEv2-SM-Bugle-228953389): Start a new provisioning session [c2c4a459-9e1c-4b11-920c-3b8a21bf24b4]
06-26 04:44:35.598  4920  7935 I BugleRcsEngine: [156] brnl.e: No RCS Configuration was found in Bugle for simID: redacted-pii:sim_id[chars:20,last3:897]
06-26 04:44:35.598  4920  5150 I Bugle   : BroadcastReceiverAsyncWorkTracker: Acknowledging broadcast of com.google.android.apps.messaging.shared.receiver.RcsProvisioningEventReceiver@84834e5
06-26 04:44:35.599  4920  7933 I BugleDataModel: SelfParticipantsData#findSelfParticipantForSim cant find self by serial for sub=1
06-26 04:44:35.599  4920  7935 I BugleRcsEngine: [156] brjv.b: RcsAvailabilityManager: Calculating Rcs Availability
06-26 04:44:35.600  4920  7935 I BugleRcsEngine: [156] brnl.C: Bugle is default SMS app: true
06-26 04:44:35.600  4920  7935 I BugleRcsEngine: [156] brjv.b: Bugle has minimum required RCS permissions: true
06-26 04:44:35.600  4920  7935 I BugleRcsEngine: [156] brnl.B: Rcs is enabled from user settings: true
06-26 04:44:35.600  4920  7935 I BugleRcsEngine: [156] brox.b: Using config server URL from bqas
06-26 04:44:35.601  4920  7935 I BugleRcsEngine: [156] brnl.e: No RCS Configuration was found in Bugle for simID: redacted-pii:sim_id[chars:20,last3:897]
06-26 04:44:35.601  4920  7935 I BugleRcsEngine: [156] brnl.h: No RCS Configuration was found in Bugle for simID: redacted-pii:sim_id[chars:20,last3:897]
06-26 04:44:35.602  4920  7935 I BugleRcsEngine: [156] brnl.e: No RCS Configuration was found in Bugle for simID: redacted-pii:sim_id[chars:20,last3:897]
06-26 04:44:35.603  4920  7935 I BugleRcsEngine: [156] brjv.b: Config state is not ACCEPTED, provisioning still in progress
06-26 04:44:35.603  4920  7935 I BugleRcsEngine: [156] brjv.b: RcsAvailabilityManager: Rcs Availability still CARRIER_SETUP_PENDING (Carrier RCS is not set up)
06-26 04:44:35.604  4920  7935 I BugleRcsEngine: [156] brnl.e: No RCS Configuration was found in Bugle for simID: redacted-pii:sim_id[chars:20,last3:897]
06-26 04:44:35.604  4920  7935 I BugleRcsEngine: [156] brfq.d: (PEv2-SM-Bugle-228953389): transitionViaMessage, srcState=EnabledState, destState = CheckPreconditionsState [c2c4a459-9e1c-4b11-920c-3b8a21bf24b4]
06-26 04:44:35.604  4920  7935 I BugleRcsEngine: [156] brds.c: Sending ProvisioningEvent to Bugle [Update provisioning status (11)], redacted-pii:[chars:85]
06-26 04:44:35.604  4920  7935 I BugleRcsEngine: [156] bsgz.b: EngineBroadcaster: Broadcasting provisioning intent com.google.android.ims.provisioning.engine.provisioningEventAction to Bugle with extras redacted-pii:[chars:243] from source PROVISIONING_EVENT
06-26 04:44:35.606  4920  7934 I BugleRcsProvisioning: RcsProvisioningEventReceiver: Received ProvisioningEvent: Update provisioning status
06-26 04:44:35.606  4920  7935 I BugleRcsEngine: [156] brfq.d: (PEv2-SM-Bugle-228953389): EnabledState: Transition to check preconditions [c2c4a459-9e1c-4b11-920c-3b8a21bf24b4]
06-26 04:44:35.606  4920  5150 I Bugle   : BroadcastReceiverAsyncWorkTracker: Acknowledging broadcast of com.google.android.apps.messaging.shared.receiver.RcsProvisioningEventReceiver@f17d40c
06-26 04:44:35.606  4920  7935 I BugleRcsEngine: [156] brfq.d: (PEv2-SM-Bugle-228953389): transitionTo: destState=CheckPreconditionsState [c2c4a459-9e1c-4b11-920c-3b8a21bf24b4]
06-26 04:44:35.607  4920  7935 I BugleRcsEngine: [156] brfq.d: (PEv2-SM-Bugle-228953389): onTransitionRequested EnabledState [c2c4a459-9e1c-4b11-920c-3b8a21bf24b4]
06-26 04:44:35.607  7624  7704 D Maestro : 57
06-26 04:44:35.607  4920  7935 I BugleRcsEngine: [156] brfq.d: (PEv2-SM-Bugle-228953389): Enter CheckPreconditionsState [c2c4a459-9e1c-4b11-920c-3b8a21bf24b4]
06-26 04:44:35.607  7624  7704 W QueryController: Could not detect idle state.
06-26 04:44:35.608  7624  7704 D UiDevice: Pressing keycodes [16] with modifier 0.
06-26 04:44:35.610  4920  7935 W BugleRcsEngine: [156] bpxc.w: Unable to send diagnostic log
06-26 04:44:35.616  4920  7935 I BugleRcsEngine: [156] brfq.d: (PEv2-SM-Bugle-228953389): Battery optimization is not required. [c2c4a459-9e1c-4b11-920c-3b8a21bf24b4]
06-26 04:44:35.617  4920  7935 I BugleRcsEngine: [156] brnl.e: No RCS Configuration was found in Bugle for simID: redacted-pii:sim_id[chars:20,last3:897]
06-26 04:44:35.617  4920  7935 I BugleRcsEngine: [156] brfq.d: (PEv2-SM-Bugle-228953389): transitionViaMessage, srcState=CheckPreconditionsState, destState = ReadyState [c2c4a459-9e1c-4b11-920c-3b8a21bf24b4]
06-26 04:44:35.617  4920  7935 I BugleRcsEngine: [156] brfq.d: (PEv2-SM-Bugle-228953389): CheckPreconditionsState: Transition to ready [c2c4a459-9e1c-4b11-920c-3b8a21bf24b4]
06-26 04:44:35.617  4920  7935 I BugleRcsEngine: [156] brfq.d: (PEv2-SM-Bugle-228953389): transitionTo: destState=ReadyState [c2c4a459-9e1c-4b11-920c-3b8a21bf24b4]
06-26 04:44:35.617  4920  7935 I BugleRcsEngine: [156] brfq.d: (PEv2-SM-Bugle-228953389): onTransitionRequested CheckPreconditionsState [c2c4a459-9e1c-4b11-920c-3b8a21bf24b4]
06-26 04:44:35.617  4920  7933 I BugleDataModel: SelfParticipantsData: insertSelfParticipant. participantId: 2, selfParticipantId: 2, subId: 1
06-26 04:44:35.618  4920  7935 I BugleRcsEngine: [156] brfq.d: (PEv2-SM-Bugle-228953389): Exit CheckPreconditionsState [c2c4a459-9e1c-4b11-920c-3b8a21bf24b4]
06-26 04:44:35.618  4920  7935 I BugleRcsEngine: [156] brfq.d: (PEv2-SM-Bugle-228953389): Exit EnabledState [c2c4a459-9e1c-4b11-920c-3b8a21bf24b4]
06-26 04:44:35.618  4920  7935 W BugleRcsEngine: [156] bpxc.w: Unable to send diagnostic log
06-26 04:44:35.618  4920  7935 I BugleRcsEngine: [156] brfq.d: (PEv2-SM-Bugle-228953389): Enter InProgressState [c2c4a459-9e1c-4b11-920c-3b8a21bf24b4]
06-26 04:44:35.619  4920  7935 W BugleRcsEngine: [156] bpxc.w: Unable to send diagnostic log
06-26 04:44:35.620  4920  7935 I BugleRcsEngine: [156] brfq.d: (PEv2-SM-Bugle-228953389): Enter ReadyState [c2c4a459-9e1c-4b11-920c-3b8a21bf24b4]
06-26 04:44:35.621  4920  7935 W BugleRcsEngine: [156] bpxc.w: Unable to send diagnostic log
06-26 04:44:35.621  4920  7935 I BugleRcsEngine: [156] brnl.e: No RCS Configuration was found in Bugle for simID: redacted-pii:sim_id[chars:20,last3:897]
06-26 04:44:35.624  4920  7935 I BugleRcsEngine: [156] brfq.d: (PEv2-SM-Bugle-228953389): transitionViaMessage, srcState=ReadyState, destState = RequestWithImsiState [c2c4a459-9e1c-4b11-920c-3b8a21bf24b4]
06-26 04:44:35.624  4920  7935 I BugleRcsEngine: [156] brfq.d: (PEv2-SM-Bugle-228953389): ReadyState: Transition to request with imsi [c2c4a459-9e1c-4b11-920c-3b8a21bf24b4]
06-26 04:44:35.624  4920  7935 I BugleRcsEngine: [156] brfq.d: (PEv2-SM-Bugle-228953389): transitionTo: destState=RequestWithImsiState [c2c4a459-9e1c-4b11-920c-3b8a21bf24b4]
06-26 04:44:35.624  4920  7935 I BugleRcsEngine: [156] brfq.d: (PEv2-SM-Bugle-228953389): onTransitionRequested ReadyState [c2c4a459-9e1c-4b11-920c-3b8a21bf24b4]
06-26 04:44:35.624  4920  7935 I BugleRcsEngine: [156] brfq.d: (PEv2-SM-Bugle-228953389): Exit ReadyState [c2c4a459-9e1c-4b11-920c-3b8a21bf24b4]
06-26 04:44:35.624  4920  7935 W BugleRcsEngine: [156] bpxc.w: Unable to send diagnostic log
06-26 04:44:35.624  4920  7935 I BugleRcsEngine: [156] brfq.d: (PEv2-SM-Bugle-228953389): Enter RequestWithImsiState [c2c4a459-9e1c-4b11-920c-3b8a21bf24b4]
06-26 04:44:35.626  4920  7935 W BugleRcsEngine: [156] bpxc.w: Unable to send diagnostic log
06-26 04:44:35.626  4920  7935 I BugleRcsEngine: [156] brnl.A: ProvisioningConsent from user settings: false
06-26 04:44:35.628  4920  5122 W BugleRcsEngine: [46] bpxc.w: Unable to send diagnostic log
06-26 04:44:35.634  4920  7935 I BugleRcsEngine: [156] brox.b: Using config server URL from bqas
06-26 04:44:35.634  4920  7935 I BugleRcsEngine: [156] brnl.e: No RCS Configuration was found in Bugle for simID: redacted-pii:sim_id[chars:20,last3:897]
06-26 04:44:35.634  4920  7935 I BugleRcsEngine: [156] brnl.A: ProvisioningConsent from user settings: false
06-26 04:44:35.635  4920  5122 W BugleRcsEngine: [46] bpxc.w: Unable to send diagnostic log
06-26 04:44:35.640  4920  7935 I BugleRcsEngine: [156] brnl.A: ProvisioningConsent from user settings: false
06-26 04:44:35.641  4920  7935 I BugleRcsEngine: [156] brnl.e: No RCS Configuration was found in Bugle for simID: redacted-pii:sim_id[chars:20,last3:897]
06-26 04:44:35.642  4920  7935 W BugleRcsEngine: [156] brfq.e: (PEv2-SM-Bugle-228953389): Could not retrieve MSISDN from configuration. Configuration is empty. [c2c4a459-9e1c-4b11-920c-3b8a21bf24b4]
06-26 04:44:35.642  4920  7935 W BugleRcsEngine: [156] brfq.e: (PEv2-SM-Bugle-228953389): Skipping adding Tachyon identity key to request. Null/empty RCS msisdn from configuration for sim ID: 89860318640220133897. [c2c4a459-9e1c-4b11-920c-3b8a21bf24b4]
06-26 04:44:35.642  4920  7935 I BugleRcsEngine: [156] brnl.A: ProvisioningConsent from user settings: false
06-26 04:44:35.642  4920  5122 W BugleRcsEngine: [46] bpxc.w: Unable to send diagnostic log
06-26 04:44:35.646   520  1153 D ActivityManager: sync unfroze 2731 com.google.android.gms.unstable for 6
06-26 04:44:35.663  4920  7933 I Bugle   : CountryCodeDetector: updateMainDeviceCountry from default subscription network country. detected country: us
06-26 04:44:35.695  4920  7933 I BugleDataModel: SubscriptionsTracker bindToTrackingMap bound participants: [ParticipantId=1 subId=-1, ParticipantId=2 subId=1]
06-26 04:44:35.696   335  7938 I resolv  : GetAddrInfoHandler::run: {101 786533 101 983141 10131 0}
06-26 04:44:35.696  2731  7936 D TrafficStats: tagSocket(112) with statsTag=0x1809, statsUid=-1
06-26 04:44:35.700  2731  7936 W libc    : Access denied finding property "persist.adb.tls_server.enable"
06-26 04:44:35.701  2731  7936 W libc    : Access denied finding property "service.adb.tls.port"
06-26 04:44:35.710   520  1153 D ActivityManager: sync unfroze 1580 android.process.acore for 7
06-26 04:44:35.712  4920  7935 E BugleRcsEngine: [156] brfg.a: DroidGuardLogger: Could not create DroidGuard token creation event
06-26 04:44:35.712  4920  7935 I BugleRcsEngine: [156] brfq.d: (PEv2-SM-Bugle-228953389): RequestWithImsiState: event Send config request [c2c4a459-9e1c-4b11-920c-3b8a21bf24b4]
06-26 04:44:35.712  4920  7935 I BugleRcsEngine: [156] brfq.d: (PEv2-SM-Bugle-228953389): InProgressState: event Send config request [c2c4a459-9e1c-4b11-920c-3b8a21bf24b4]
06-26 04:44:35.713  4920  7935 W BugleRcsEngine: [156] bpxc.w: Unable to send diagnostic log
06-26 04:44:35.698  2731  2731 W binder:2731_C: type=1400 audit(0.0:75): avc:  denied  { read } for  name="u:object_r:system_adbd_prop:s0" dev="tmpfs" ino=292 scontext=u:r:gmscore_app:s0:c512,c768 tcontext=u:object_r:system_adbd_prop:s0 tclass=file permissive=0 app=com.google.android.gms
06-26 04:44:35.715  4920  7940 W BugleRcsEngine: [157] bpxc.w: Unable to send diagnostic log
06-26 04:44:35.715   335  7941 I resolv  : GetAddrInfoHandler::run: {101 786533 101 983141 10130 0}
06-26 04:44:35.716   335  7942 I resolv  : res_nmkquery: (QUERY, IN, AAAA)
06-26 04:44:35.716   335  7942 I resolv  : resolv_cache_lookup: FOUND IN CACHE entry=0x78a52d71fab0
06-26 04:44:35.716   335  7942 I resolv  : doQuery: rcode=0, ancount=1, return value=76
06-26 04:44:35.719   335  7943 I resolv  : res_nmkquery: (QUERY, IN, A)
06-26 04:44:35.719   335  7943 I resolv  : resolv_cache_lookup: FOUND IN CACHE entry=0x78a52d71e930
06-26 04:44:35.719   335  7943 I resolv  : doQuery: rcode=0, ancount=1, return value=64
06-26 04:44:35.719  4920  7940 D TrafficStats: tagSocket(164) with statsTag=0x1338, statsUid=-1
06-26 04:44:35.698  2731  2731 W binder:2731_C: type=1400 audit(0.0:76): avc:  denied  { read } for  name="u:object_r:adbd_prop:s0" dev="tmpfs" ino=60 scontext=u:r:gmscore_app:s0:c512,c768 tcontext=u:object_r:adbd_prop:s0 tclass=file permissive=0 app=com.google.android.gms
06-26 04:44:35.722  7624  7704 D Maestro : 49
06-26 04:44:35.722  7624  7704 W QueryController: Could not detect idle state.
06-26 04:44:35.722  7624  7704 D UiDevice: Pressing keycodes [8] with modifier 0.
06-26 04:44:35.773  4920  7933 I BugleDataModel: ParticipantFullRefresh: Number of participants refreshed: 2
06-26 04:44:35.781  4920  7933 I BugleDataModel: ActionExecutorImpl: Timestamp for ACTION_RESPONSE_QUEUED_SelfParticipantsRefreshAction elapsedRealTime: 262266 currentTimeMillis: 1782449075781
06-26 04:44:35.839  7624  7704 D Maestro : 55
06-26 04:44:35.840  7624  7704 W QueryController: Could not detect idle state.
06-26 04:44:35.840  7624  7704 D UiDevice: Pressing keycodes [14] with modifier 0.
06-26 04:44:35.952  7624  7704 D Maestro : 56
06-26 04:44:35.952  7624  7704 W QueryController: Could not detect idle state.
06-26 04:44:35.952  7624  7704 D UiDevice: Pressing keycodes [15] with modifier 0.
06-26 04:44:35.979  7802  7817 D EGL_emulation: app_time_stats: avg=57.17ms min=14.31ms max=104.64ms count=18
06-26 04:44:36.068  7624  7704 D Maestro : 64
06-26 04:44:36.069  7624  7704 W QueryController: Could not detect idle state.
06-26 04:44:36.069  7624  7704 D UiDevice: Pressing keycodes [77] with modifier 0.
06-26 04:44:36.129   520   610 D ActivityManager: freezing 2980 com.google.android.webview:webview_service
06-26 04:44:36.185  7624  7704 D Maestro : 101
06-26 04:44:36.186  7624  7704 W QueryController: Could not detect idle state.
06-26 04:44:36.186  7624  7704 D UiDevice: Pressing keycodes [33] with modifier 0.
06-26 04:44:36.285  7624  7704 D Maestro : 120
06-26 04:44:36.285  7624  7704 W QueryController: Could not detect idle state.
06-26 04:44:36.286  7624  7704 D UiDevice: Pressing keycodes [52] with modifier 0.
06-26 04:44:36.407  7624  7704 D Maestro : 97
06-26 04:44:36.407  7624  7704 W QueryController: Could not detect idle state.
06-26 04:44:36.407  7624  7704 D UiDevice: Pressing keycodes [29] with modifier 0.
06-26 04:44:36.523  7624  7704 D Maestro : 109
06-26 04:44:36.523  7624  7704 W QueryController: Could not detect idle state.
06-26 04:44:36.523  7624  7704 D UiDevice: Pressing keycodes [41] with modifier 0.
06-26 04:44:36.637  7624  7704 D Maestro : 112
06-26 04:44:36.638  7624  7704 W QueryController: Could not detect idle state.
06-26 04:44:36.638  7624  7704 D UiDevice: Pressing keycodes [44] with modifier 0.
06-26 04:44:36.667  4920  7940 W BugleRcsEngine: [157] bpxc.w: Unable to send diagnostic log
06-26 04:44:36.668  4920  7935 I BugleRcsEngine: [156] brfq.d: (PEv2-SM-Bugle-228953389): RequestWithImsiState: event HTTP Response [c2c4a459-9e1c-4b11-920c-3b8a21bf24b4]
06-26 04:44:36.668  4920  7935 I BugleRcsEngine: [156] brfq.d: (PEv2-SM-Bugle-228953389): InProgressState: event HTTP Response [c2c4a459-9e1c-4b11-920c-3b8a21bf24b4]
06-26 04:44:36.668  4920  7935 W BugleRcsEngine: [156] bpxc.w: Unable to send diagnostic log
06-26 04:44:36.668  4920  7935 I BugleRcsEngine: [156] brfq.d: (PEv2-SM-Bugle-228953389): RequestWithImsiState: event HTTP 400 (Bad request) [c2c4a459-9e1c-4b11-920c-3b8a21bf24b4]
06-26 04:44:36.668  4920  7935 I BugleRcsEngine: [156] brfq.d: (PEv2-SM-Bugle-228953389): InProgressState: event HTTP 400 (Bad request) [c2c4a459-9e1c-4b11-920c-3b8a21bf24b4]
06-26 04:44:36.668  4920  7935 W BugleRcsEngine: [156] bpxc.w: Unable to send diagnostic log
06-26 04:44:36.668  4920  7935 I BugleRcsEngine: [156] brfq.d: (PEv2-SM-Bugle-228953389): transitionTo: destState=RetryState [c2c4a459-9e1c-4b11-920c-3b8a21bf24b4]
06-26 04:44:36.668  4920  7935 I BugleRcsEngine: [156] brfq.d: (PEv2-SM-Bugle-228953389): onTransitionRequested RequestWithImsiState [c2c4a459-9e1c-4b11-920c-3b8a21bf24b4]
06-26 04:44:36.668  4920  7935 I BugleRcsEngine: [156] brfq.d: (PEv2-SM-Bugle-228953389): Exit RequestWithImsiState [c2c4a459-9e1c-4b11-920c-3b8a21bf24b4]
06-26 04:44:36.668  4920  7935 W BugleRcsEngine: [156] bpxc.w: Unable to send diagnostic log
06-26 04:44:36.668  4920  7935 I BugleRcsEngine: [156] brfq.d: (PEv2-SM-Bugle-228953389): Exit InProgressState [c2c4a459-9e1c-4b11-920c-3b8a21bf24b4]
06-26 04:44:36.669  4920  7935 W BugleRcsEngine: [156] bpxc.w: Unable to send diagnostic log
06-26 04:44:36.669  4920  7935 I BugleRcsEngine: [156] brfq.d: (PEv2-SM-Bugle-228953389): Enter RetryState [c2c4a459-9e1c-4b11-920c-3b8a21bf24b4]
06-26 04:44:36.671  4920  7935 W BugleRcsEngine: [156] bpxc.w: Unable to send diagnostic log
06-26 04:44:36.671  4920  7935 I BugleRcsEngine: [156] brfq.d: (PEv2-SM-Bugle-228953389): nextRetry = 0 [c2c4a459-9e1c-4b11-920c-3b8a21bf24b4]
06-26 04:44:36.671  4920  7935 I BugleRcsEngine: [156] brfq.d: (PEv2-SM-Bugle-228953389): scheduleRetry, currentRetry = 0, retryMillis = 7200000 [c2c4a459-9e1c-4b11-920c-3b8a21bf24b4]
06-26 04:44:36.672  4920  5126 W BugleRcsEngine: [48] bpxc.w: Unable to send diagnostic log
06-26 04:44:36.675  4920  7935 I BugleRcsEngine: [156] brjv.b: RcsAvailabilityManager: Calculating Rcs Availability
06-26 04:44:36.676  4920  7935 I BugleRcsEngine: [156] brnl.C: Bugle is default SMS app: true
06-26 04:44:36.676  4920  7935 I BugleRcsEngine: [156] brjv.b: Bugle has minimum required RCS permissions: true
06-26 04:44:36.678  4920  7935 I BugleRcsEngine: [156] brnl.B: Rcs is enabled from user settings: true
06-26 04:44:36.678  4920  7935 I BugleRcsEngine: [156] brox.b: Using config server URL from bqas
06-26 04:44:36.678  4920  7935 I BugleRcsEngine: [156] brnl.e: No RCS Configuration was found in Bugle for simID: redacted-pii:sim_id[chars:20,last3:897]
06-26 04:44:36.678  4920  7935 I BugleRcsEngine: [156] brnl.e: No RCS Configuration was found in Bugle for simID: redacted-pii:sim_id[chars:20,last3:897]
06-26 04:44:36.680  4920  7935 I BugleRcsEngine: [156] brjv.b: Config state is not ACCEPTED, provisioning still in progress
06-26 04:44:36.680  4920  7935 I BugleRcsEngine: [156] brjv.b: RcsAvailabilityManager: Rcs Availability still CARRIER_SETUP_PENDING (Carrier RCS is not set up)
06-26 04:44:36.686  4920  7935 I BugleRcsWorker: [seqId=3][workId=46f0502b-88cb-44cc-aa58-e135405b5527] Received a provisioning state changed event from the provisioning engine RETRY
06-26 04:44:36.686  4920  7935 I BugleRcsWorker: [seqId=3][workId=46f0502b-88cb-44cc-aa58-e135405b5527] Provisioning Engine entered RetryState, provisioning task will be rescheduled with exponential backoff
06-26 04:44:36.687  4920  7935 I BugleRcsWorker: [seqId=3][workId=46f0502b-88cb-44cc-aa58-e135405b5527] finish provisioning task with result Success {mOutputData=Data {}}
06-26 04:44:36.687  4920  7935 I BugleRcsWorker: [seqId=3][workId=46f0502b-88cb-44cc-aa58-e135405b5527] RCS provisioning task has finished with result Success {mOutputData=Data {}}
06-26 04:44:36.688  4920  7933 I BugleRcsEngine: [154] brfq.d: (PEv2-SM-Bugle-228953389): quit [null]
06-26 04:44:36.688  4920  7935 I BugleRcsEngine: [156] brfq.d: (PEv2-SM-Bugle-228953389): transitionTo: destState=bqjk [null]
06-26 04:44:36.688  4920  7935 I BugleRcsEngine: [156] brfq.d: (PEv2-SM-Bugle-228953389): Exit RetryState [null]
06-26 04:44:36.688  4920  7935 W BugleRcsEngine: [156] bpxc.w: Unable to send diagnostic log
06-26 04:44:36.688  4920  7934 I WM-WorkerWrapper: Worker result SUCCESS for Work [ id=9e2fdf4b-3b41-4107-bbe0-d4233edd7a53, tags={ com.google.android.apps.messaging.rcsprovisioning.RcsProvisioningListenableWorker, provisioning } ]
06-26 04:44:36.688  4920  7935 W BugleRcsEngine: [156] brfq.e: (PEv2-SM-Bugle-228953389): onQuitting [null]
06-26 04:44:36.688  4920  7935 I BugleRcsEngine: [156] brjv.b: RcsAvailabilityManager: Calculating Rcs Availability
06-26 04:44:36.692  4920  7935 I BugleRcsEngine: [156] brnl.C: Bugle is default SMS app: true
06-26 04:44:36.693  4920  7935 I BugleRcsEngine: [156] brjv.b: Bugle has minimum required RCS permissions: true
06-26 04:44:36.694  4920  5122 W Bugle   : TextClassifierLibManagerImpl: Reclaiming memory at level: 40
06-26 04:44:36.696  4920  5125 W BugleRcsEngine: [47] bpxc.w: Unable to send diagnostic log
06-26 04:44:36.697  4920  5125 W BugleRcsEngine: [47] bpxc.w: Unable to send diagnostic log
06-26 04:44:36.703  4920  7935 I BugleRcsEngine: [156] brnl.B: Rcs is enabled from user settings: true
06-26 04:44:36.703  4920  7935 I BugleRcsEngine: [156] brox.b: Using config server URL from bqas
06-26 04:44:36.703  4920  7935 I BugleRcsEngine: [156] brnl.e: No RCS Configuration was found in Bugle for simID: redacted-pii:sim_id[chars:20,last3:897]
06-26 04:44:36.703  4920  7935 I BugleRcsEngine: [156] brnl.h: No RCS Configuration was found in Bugle for simID: redacted-pii:sim_id[chars:20,last3:897]
