--------- beginning of main
06-26 04:44:26.221  7802  7826 I ReactNativeJS: [TurnstileWebView] WebView HTML loaded, hostname: example.com
06-26 04:44:26.222  7802  7826 I ReactNativeJS: [TurnstileWebView] Turnstile script tag appended to DOM
06-26 04:44:27.195  7802  7826 I ReactNativeJS: [TurnstileWebView] Turnstile script loaded successfully
06-26 04:44:27.195  7802  7826 I ReactNativeJS: [TurnstileWebView] turnstile global available, rendering widget
06-26 04:44:27.204  7802  7826 I ReactNativeJS: [TurnstileWebView] turnstile.render() called
06-26 04:44:29.546  7802  7826 I ReactNativeJS: [TurnstileWebView] Turnstile success, token length: 21
--------- beginning of main
06-26 04:44:25.056  7624  7704 W QueryController: Could not detect idle state.
06-26 04:44:25.057  7624  7704 W QueryController: Could not detect idle state.
06-26 04:44:25.060  7624  7704 W UiDevice: Skipping wait as package ${APP_ID} does not match current window com.hanapkalinga.mobile.
06-26 04:44:25.065  7624  7704 W QueryController: Could not detect idle state.
06-26 04:44:25.067  7624  7704 W QueryController: Could not detect idle state.
06-26 04:44:25.076  7624  7704 W UiDevice: Skipping wait as package ${APP_ID} does not match current window com.hanapkalinga.mobile.
06-26 04:44:25.123  7624  7704 W QueryController: Could not detect idle state.
06-26 04:44:25.126  7624  7704 W QueryController: Could not detect idle state.
06-26 04:44:25.130  7624  7704 W UiDevice: Skipping wait as package ${APP_ID} does not match current window com.hanapkalinga.mobile.
06-26 04:44:25.136  7624  7704 W QueryController: Could not detect idle state.
06-26 04:44:25.137  7624  7704 W QueryController: Could not detect idle state.
06-26 04:44:25.140  7624  7704 W UiDevice: Skipping wait as package ${APP_ID} does not match current window com.hanapkalinga.mobile.
06-26 04:44:25.146  7624  7704 W QueryController: Could not detect idle state.
06-26 04:44:25.147  7624  7704 W QueryController: Could not detect idle state.
06-26 04:44:25.149  7624  7704 W UiDevice: Skipping wait as package ${APP_ID} does not match current window com.hanapkalinga.mobile.
06-26 04:44:25.154  7624  7704 W QueryController: Could not detect idle state.
06-26 04:44:25.156  7624  7704 W QueryController: Could not detect idle state.
06-26 04:44:25.159  7624  7704 W UiDevice: Skipping wait as package ${APP_ID} does not match current window com.hanapkalinga.mobile.
06-26 04:44:25.165  7624  7704 W QueryController: Could not detect idle state.
06-26 04:44:25.167  7624  7704 W QueryController: Could not detect idle state.
06-26 04:44:25.169  7624  7704 W UiDevice: Skipping wait as package ${APP_ID} does not match current window com.hanapkalinga.mobile.
06-26 04:44:25.174  7624  7704 W QueryController: Could not detect idle state.
06-26 04:44:25.175  7624  7704 W QueryController: Could not detect idle state.
06-26 04:44:25.177  7624  7704 W UiDevice: Skipping wait as package ${APP_ID} does not match current window com.hanapkalinga.mobile.
06-26 04:44:25.182  7624  7704 W QueryController: Could not detect idle state.
06-26 04:44:25.183  7624  7704 W QueryController: Could not detect idle state.
06-26 04:44:25.185  7624  7704 W UiDevice: Skipping wait as package ${APP_ID} does not match current window com.hanapkalinga.mobile.
06-26 04:44:25.191  7624  7704 W QueryController: Could not detect idle state.
06-26 04:44:25.192  7624  7704 W QueryController: Could not detect idle state.
06-26 04:44:25.195  7624  7704 W UiDevice: Skipping wait as package ${APP_ID} does not match current window com.hanapkalinga.mobile.
06-26 04:44:25.200  7624  7704 W QueryController: Could not detect idle state.
06-26 04:44:25.201  7624  7704 W QueryController: Could not detect idle state.
06-26 04:44:25.204  7624  7704 W UiDevice: Skipping wait as package ${APP_ID} does not match current window com.hanapkalinga.mobile.
06-26 04:44:25.209  7624  7704 W QueryController: Could not detect idle state.
06-26 04:44:25.210  7624  7704 W QueryController: Could not detect idle state.
06-26 04:44:25.212  7624  7704 W UiDevice: Skipping wait as package ${APP_ID} does not match current window com.hanapkalinga.mobile.
06-26 04:44:25.217  7624  7704 W QueryController: Could not detect idle state.
06-26 04:44:25.218  7624  7704 W QueryController: Could not detect idle state.
06-26 04:44:25.220  7624  7704 W UiDevice: Skipping wait as package ${APP_ID} does not match current window com.hanapkalinga.mobile.
06-26 04:44:25.227  7624  7704 W QueryController: Could not detect idle state.
06-26 04:44:25.227  7624  7704 W QueryController: Could not detect idle state.
06-26 04:44:25.230  7624  7704 W UiDevice: Skipping wait as package ${APP_ID} does not match current window com.hanapkalinga.mobile.
06-26 04:44:25.275  7624  7704 W QueryController: Could not detect idle state.
06-26 04:44:25.276  7624  7704 W QueryController: Could not detect idle state.
06-26 04:44:25.278  7624  7704 W UiDevice: Skipping wait as package ${APP_ID} does not match current window com.hanapkalinga.mobile.
06-26 04:44:25.283  7624  7704 W QueryController: Could not detect idle state.
06-26 04:44:25.284  7624  7704 W QueryController: Could not detect idle state.
06-26 04:44:25.286  7624  7704 W UiDevice: Skipping wait as package ${APP_ID} does not match current window com.hanapkalinga.mobile.
06-26 04:44:25.291  7624  7704 W QueryController: Could not detect idle state.
06-26 04:44:25.293  7624  7704 W QueryController: Could not detect idle state.
06-26 04:44:25.296  7624  7704 W UiDevice: Skipping wait as package ${APP_ID} does not match current window com.hanapkalinga.mobile.
06-26 04:44:25.302  7624  7704 W QueryController: Could not detect idle state.
06-26 04:44:25.305  7624  7704 W QueryController: Could not detect idle state.
06-26 04:44:25.308  7624  7704 W UiDevice: Skipping wait as package ${APP_ID} does not match current window com.hanapkalinga.mobile.
06-26 04:44:25.353  7624  7704 W QueryController: Could not detect idle state.
06-26 04:44:25.354  7624  7704 W QueryController: Could not detect idle state.
06-26 04:44:25.356  7624  7704 W UiDevice: Skipping wait as package ${APP_ID} does not match current window com.hanapkalinga.mobile.
06-26 04:44:25.361  7624  7704 W QueryController: Could not detect idle state.
06-26 04:44:25.362  7624  7704 W QueryController: Could not detect idle state.
06-26 04:44:25.364  7624  7704 W UiDevice: Skipping wait as package ${APP_ID} does not match current window com.hanapkalinga.mobile.
06-26 04:44:25.369  7624  7704 W QueryController: Could not detect idle state.
06-26 04:44:25.371  7624  7704 W QueryController: Could not detect idle state.
06-26 04:44:25.374  7624  7704 W UiDevice: Skipping wait as package ${APP_ID} does not match current window com.hanapkalinga.mobile.
06-26 04:44:25.380  2364  2364 I DialerStatusSmsFetcher: com.android.voicemail.impl.sms.StatusSmsFetcher.onReceive:106 Request SMS successfully sent [CONTEXT enable_persistent_logger=true ]
06-26 04:44:25.381  7624  7704 W QueryController: Could not detect idle state.
06-26 04:44:25.382  7624  7704 W QueryController: Could not detect idle state.
06-26 04:44:25.384  7624  7704 W UiDevice: Skipping wait as package ${APP_ID} does not match current window com.hanapkalinga.mobile.
06-26 04:44:25.389  7624  7704 W QueryController: Could not detect idle state.
06-26 04:44:25.393  7624  7704 W QueryController: Could not detect idle state.
06-26 04:44:25.395  7624  7704 W UiDevice: Skipping wait as package ${APP_ID} does not match current window com.hanapkalinga.mobile.
06-26 04:44:25.399   817   817 I wpa_supplicant: wlan0: CTRL-EVENT-BEACON-LOSS 
06-26 04:44:25.401  7624  7704 W QueryController: Could not detect idle state.
06-26 04:44:25.403  7624  7704 W QueryController: Could not detect idle state.
06-26 04:44:25.407  7624  7704 W UiDevice: Skipping wait as package ${APP_ID} does not match current window com.hanapkalinga.mobile.
06-26 04:44:25.412  7624  7704 W QueryController: Could not detect idle state.
06-26 04:44:25.413  7624  7704 W QueryController: Could not detect idle state.
06-26 04:44:25.415  7624  7704 W UiDevice: Skipping wait as package ${APP_ID} does not match current window com.hanapkalinga.mobile.
06-26 04:44:25.420  7624  7704 W QueryController: Could not detect idle state.
06-26 04:44:25.421  7624  7704 W QueryController: Could not detect idle state.
06-26 04:44:25.423  7624  7704 W UiDevice: Skipping wait as package ${APP_ID} does not match current window com.hanapkalinga.mobile.
06-26 04:44:25.428  7624  7704 W QueryController: Could not detect idle state.
06-26 04:44:25.429  7624  7704 W QueryController: Could not detect idle state.
06-26 04:44:25.431  7624  7704 W UiDevice: Skipping wait as package ${APP_ID} does not match current window com.hanapkalinga.mobile.
06-26 04:44:25.436  7624  7704 W QueryController: Could not detect idle state.
06-26 04:44:25.437  7624  7704 W QueryController: Could not detect idle state.
06-26 04:44:25.440  7624  7704 W UiDevice: Skipping wait as package ${APP_ID} does not match current window com.hanapkalinga.mobile.
06-26 04:44:25.445  7624  7704 W QueryController: Could not detect idle state.
06-26 04:44:25.446  7624  7704 W QueryController: Could not detect idle state.
06-26 04:44:25.449  7624  7704 W UiDevice: Skipping wait as package ${APP_ID} does not match current window com.hanapkalinga.mobile.
06-26 04:44:25.454  7624  7704 W QueryController: Could not detect idle state.
06-26 04:44:25.455  7624  7704 W QueryController: Could not detect idle state.
06-26 04:44:25.457  7624  7704 W UiDevice: Skipping wait as package ${APP_ID} does not match current window com.hanapkalinga.mobile.
06-26 04:44:25.463  7624  7704 W QueryController: Could not detect idle state.
06-26 04:44:25.464  7624  7704 W QueryController: Could not detect idle state.
06-26 04:44:25.467  7624  7704 W UiDevice: Skipping wait as package ${APP_ID} does not match current window com.hanapkalinga.mobile.
06-26 04:44:25.472  7624  7704 W QueryController: Could not detect idle state.
06-26 04:44:25.473  7624  7704 W QueryController: Could not detect idle state.
06-26 04:44:25.476  7624  7704 W UiDevice: Skipping wait as package ${APP_ID} does not match current window com.hanapkalinga.mobile.
06-26 04:44:25.481  7624  7704 W QueryController: Could not detect idle state.
06-26 04:44:25.482  7624  7704 W QueryController: Could not detect idle state.
06-26 04:44:25.484  7624  7704 W UiDevice: Skipping wait as package ${APP_ID} does not match current window com.hanapkalinga.mobile.
06-26 04:44:25.489  7624  7704 W QueryController: Could not detect idle state.
06-26 04:44:25.490  7624  7704 W QueryController: Could not detect idle state.
06-26 04:44:25.492  7624  7704 W UiDevice: Skipping wait as package ${APP_ID} does not match current window com.hanapkalinga.mobile.
06-26 04:44:25.497  7624  7704 W QueryController: Could not detect idle state.
06-26 04:44:25.498  7624  7704 W QueryController: Could not detect idle state.
06-26 04:44:25.500  7624  7704 W UiDevice: Skipping wait as package ${APP_ID} does not match current window com.hanapkalinga.mobile.
06-26 04:44:25.505  7624  7704 W QueryController: Could not detect idle state.
06-26 04:44:25.506  7624  7704 W QueryController: Could not detect idle state.
06-26 04:44:25.508  7624  7704 W UiDevice: Skipping wait as package ${APP_ID} does not match current window com.hanapkalinga.mobile.
06-26 04:44:25.513  7624  7704 W QueryController: Could not detect idle state.
06-26 04:44:25.514  7624  7704 W QueryController: Could not detect idle state.
06-26 04:44:25.516  7624  7704 W UiDevice: Skipping wait as package ${APP_ID} does not match current window com.hanapkalinga.mobile.
06-26 04:44:25.521  7624  7704 W QueryController: Could not detect idle state.
06-26 04:44:25.522  7624  7704 W QueryController: Could not detect idle state.
06-26 04:44:25.524  7624  7704 W UiDevice: Skipping wait as package ${APP_ID} does not match current window com.hanapkalinga.mobile.
06-26 04:44:25.569  7624  7704 W QueryController: Could not detect idle state.
06-26 04:44:25.571  7624  7704 W QueryController: Could not detect idle state.
06-26 04:44:25.575  7624  7704 W UiDevice: Skipping wait as package ${APP_ID} does not match current window com.hanapkalinga.mobile.
06-26 04:44:25.581  7624  7704 W QueryController: Could not detect idle state.
06-26 04:44:25.583  7624  7704 W QueryController: Could not detect idle state.
06-26 04:44:25.585  7624  7704 W UiDevice: Skipping wait as package ${APP_ID} does not match current window com.hanapkalinga.mobile.
06-26 04:44:25.590  7624  7704 W QueryController: Could not detect idle state.
06-26 04:44:25.593  7624  7704 W QueryController: Could not detect idle state.
06-26 04:44:25.595  7624  7704 W UiDevice: Skipping wait as package ${APP_ID} does not match current window com.hanapkalinga.mobile.
06-26 04:44:25.601  7624  7704 W QueryController: Could not detect idle state.
06-26 04:44:25.603  7624  7704 W QueryController: Could not detect idle state.
06-26 04:44:25.606  7624  7704 W UiDevice: Skipping wait as package ${APP_ID} does not match current window com.hanapkalinga.mobile.
06-26 04:44:25.611  7624  7704 W QueryController: Could not detect idle state.
06-26 04:44:25.614  7624  7704 W QueryController: Could not detect idle state.
06-26 04:44:25.618  7624  7704 W UiDevice: Skipping wait as package ${APP_ID} does not match current window com.hanapkalinga.mobile.
06-26 04:44:25.624  7624  7704 W QueryController: Could not detect idle state.
06-26 04:44:25.628  7624  7704 W QueryController: Could not detect idle state.
06-26 04:44:25.631  7624  7704 W UiDevice: Skipping wait as package ${APP_ID} does not match current window com.hanapkalinga.mobile.
06-26 04:44:25.678  7624  7704 W QueryController: Could not detect idle state.
06-26 04:44:25.681  7624  7704 W QueryController: Could not detect idle state.
06-26 04:44:25.683  7624  7704 W UiDevice: Skipping wait as package ${APP_ID} does not match current window com.hanapkalinga.mobile.
06-26 04:44:25.687  7624  7704 W QueryController: Could not detect idle state.
06-26 04:44:25.690  7624  7704 W QueryController: Could not detect idle state.
06-26 04:44:25.693  7624  7704 W UiDevice: Skipping wait as package ${APP_ID} does not match current window com.hanapkalinga.mobile.
06-26 04:44:25.702  7624  7704 D Maestro : Requesting view hierarchy
06-26 04:44:25.703  7624  7704 W QueryController: Could not detect idle state.
06-26 04:44:25.704  7624  7704 W QueryController: Could not detect idle state.
06-26 04:44:25.723  7624  7704 I Maestro : Skipping invisible child: android.view.accessibility.AccessibilityNodeInfo@106d6; boundsInParent: Rect(0, 0 - 320, 0); boundsInScreen: Rect(0, 0 - 320, 0); boundsInWindow: Rect(0, 0 - 320, 0); packageName: com.hanapkalinga.mobile; className: android.widget.LinearLayout; text: null; error: null; maxTextLength: -1; stateDescription: null; contentDescription: null; tooltipText: null; containerTitle: null; viewIdResName: null; uniqueId: null; checkable: false; checked: false; focusable: false; focused: false; selected: false; clickable: false; longClickable: false; contextClickable: false; enabled: true; password: false; scrollable: false; importantForAccessibility: false; visible: false; actions: [AccessibilityAction: ACTION_SELECT - null, AccessibilityAction: ACTION_CLEAR_SELECTION - null, AccessibilityAction: ACTION_ACCESSIBILITY_FOCUS - null, AccessibilityAction: ACTION_SHOW_ON_SCREEN - null]; isTextSelectable: false
06-26 04:44:25.724  7624  7704 I Maestro : Skipping invisible child: android.view.accessibility.AccessibilityNodeInfo@10315; boundsInParent: Rect(0, 0 - 320, 0); boundsInScreen: Rect(0, 0 - 320, 0); boundsInWindow: Rect(0, 0 - 320, 0); packageName: com.hanapkalinga.mobile; className: android.view.ViewGroup; text: null; error: null; maxTextLength: -1; stateDescription: null; contentDescription: null; tooltipText: null; containerTitle: null; viewIdResName: null; uniqueId: null; checkable: false; checked: false; focusable: false; focused: false; selected: false; clickable: false; longClickable: false; contextClickable: false; enabled: true; password: false; scrollable: false; importantForAccessibility: false; visible: false; actions: [AccessibilityAction: ACTION_SELECT - null, AccessibilityAction: ACTION_CLEAR_SELECTION - null, AccessibilityAction: ACTION_ACCESSIBILITY_FOCUS - null, AccessibilityAction: ACTION_SHOW_ON_SCREEN - null]; isTextSelectable: false
06-26 04:44:25.726  7624  7704 D Maestro : View hierarchy received in 24 ms
06-26 04:44:25.830  1087  1087 D TaplEvents: TIS / TouchInteractionService.onInputEvent: MotionEvent { action=ACTION_DOWN, actionButton=0, id[0]=0, x[0]=253.0, y[0]=475.0, toolType[0]=TOOL_TYPE_FINGER, buttonState=0, classification=NONE, metaState=0, flags=0x0, edgeFlags=0x0, pointerCount=1, historySize=0, eventTime=252300, downTime=252300, deviceId=-1, source=0x1002, displayId=0, eventId=-870998629 }
06-26 04:44:25.862  7802  7817 D EGL_emulation: app_time_stats: avg=1646.32ms min=2.68ms max=7916.43ms count=5
06-26 04:44:25.933  1087  1087 D TaplEvents: TIS / TouchInteractionService.onInputEvent: MotionEvent { action=ACTION_UP, actionButton=0, id[0]=0, x[0]=253.0, y[0]=475.0, toolType[0]=TOOL_TYPE_FINGER, buttonState=0, classification=NONE, metaState=0, flags=0x0, edgeFlags=0x0, pointerCount=1, historySize=0, eventTime=252417, downTime=252300, deviceId=-1, source=0x1002, displayId=0, eventId=-277856444 }
06-26 04:44:25.951   397  1014 D audioserver: FGS Logger Transaction failed
06-26 04:44:25.951   397  1014 D audioserver: -129
06-26 04:44:25.978  7802  7802 D CompatibilityChangeReporter: Compat change id reported: 171228096; UID 10192; state: ENABLED
--------- beginning of system
06-26 04:44:25.989   520   598 D CompatibilityChangeReporter: Compat change id reported: 161145287; UID 10192; state: ENABLED
06-26 04:44:25.999   520   598 D CompatibilityChangeReporter: Compat change id reported: 135634846; UID 99002; state: DISABLED
06-26 04:44:25.999   520   550 D CompatibilityChangeReporter: Compat change id reported: 143937733; UID 10192; state: ENABLED
06-26 04:44:26.001   397   500 D AudioFlinger: mixer(0x77ff5a2b3930) throttle end: throttle time(33)
06-26 04:44:26.004  4091  4202 D BtGatt.ScanManager: uid 10131 isForeground true scanMode -1
06-26 04:44:26.004  4091  4202 D BtGatt.ScanManager: uid 10131 isForeground true scanMode -1
06-26 04:44:26.004  4091  4202 D BtGatt.ScanManager: uid 10131 isForeground true scanMode 1
06-26 04:44:26.005  7802  7802 D CompatibilityChangeReporter: Compat change id reported: 183155436; UID 10192; state: ENABLED
06-26 04:44:26.007  1002  1002 D Zygote  : Forked child process 7879
06-26 04:44:26.010  7802  7802 D AutofillManager: Fill dialog is enabled:false, hints=[password, passwordAuto, creditCardNumber, creditCardSecurityCode, creditCardExpirationDate]
06-26 04:44:26.012  7879  7879 I ocessService0:0: Using CollectorTypeCC GC.
06-26 04:44:26.013  7879  7879 W ocessService0:0: Unexpected CPU variant for x86: x86_64.
06-26 04:44:26.013  7879  7879 W ocessService0:0: Known variants: atom, sandybridge, silvermont, goldmont, goldmont-plus, tremont, kabylake, default
06-26 04:44:26.014  7879  7879 E ocessService0:0: Not starting debugger since process cannot load the jdwp agent.
06-26 04:44:26.018  7802  7873 W chromium: [WARNING:dns_config_service_android.cc(115)] Failed to read DnsConfig.
06-26 04:44:26.023   520   550 I ActivityManager: Start proc 7879:com.google.android.webview:sandboxed_process0:org.chromium.content.app.SandboxedProcessService0:0/u0i2 for  {com.hanapkalinga.mobile/org.chromium.content.app.SandboxedProcessService0:0}
06-26 04:44:26.026  7802  7802 D CompatibilityChangeReporter: Compat change id reported: 214741472; UID 10192; state: ENABLED
06-26 04:44:26.032   520  1387 D CompatibilityChangeReporter: Compat change id reported: 168419799; UID 10192; state: DISABLED
06-26 04:44:26.032   520  1387 D CompatibilityChangeReporter: Compat change id reported: 273564678; UID 10192; state: DISABLED
06-26 04:44:26.035  7879  7879 D CompatibilityChangeReporter: Compat change id reported: 171979766; UID 99002; state: ENABLED
06-26 04:44:26.035  7879  7879 D CompatibilityChangeReporter: Compat change id reported: 242716250; UID 99002; state: ENABLED
06-26 04:44:26.044  7879  7879 I LoadedApk: No resource references to update in package com.google.android.trichromelibrary
06-26 04:44:26.045  7879  7879 I cr_WebViewApkApp: Launched version=113.0.5672.136 minSdkVersion=29 isBundle=false processName=com.google.android.webview:sandboxed_process0:org.chromium.content.app.SandboxedProcessService0:0
06-26 04:44:26.046   520   598 I ActivityManager: Flag disabled. Ignoring finishAttachApplication from uid: 99002. pid: 7879
06-26 04:44:26.048  7879  7879 W SystemServiceRegistry: No service published for: virtualdevice
06-26 04:44:26.049  7879  7879 I cr_ChildProcessService: Creating new ChildProcessService pid=7879
06-26 04:44:26.065  7802  7881 W cr_media: BLUETOOTH_CONNECT permission is missing.
06-26 04:44:26.065  7802  7881 W cr_media: registerBluetoothIntentsIfNeeded: Requires BLUETOOTH permission
06-26 04:44:26.075   520   610 D ActivityManager: freezing 2824 com.android.chrome
06-26 04:44:26.076   520   610 D ActivityManager: freezing 2869 com.google.android.documentsui
06-26 04:44:26.086  7879  7905 I cr_LibraryLoader: Successfully loaded native library
06-26 04:44:26.086  7879  7905 I cr_CachingUmaRecorder: Flushed 2 samples from 2 histograms.
06-26 04:44:26.089  7802  7802 D CompatibilityChangeReporter: Compat change id reported: 193247900; UID 10192; state: ENABLED
06-26 04:44:26.089  7879  7905 W SystemServiceRegistry: No service published for: uimode
06-26 04:44:26.114   397   500 D audioserver: FGS Logger Transaction failed
06-26 04:44:26.115   397   500 D audioserver: -129
06-26 04:44:26.127  7802  7802 D AutofillManager: notifyViewEnteredForFillDialog:1073741824
06-26 04:44:26.128  7802  7802 D AutofillManager: notifyViewEnteredForFillDialog:1073741825
06-26 04:44:26.128  7802  7802 D AutofillManager: Triggering pre-emptive request for fill dialog.
06-26 04:44:26.129   520   598 W FillRequestEventLogger: Couldn't find packageName: com.google.android.inputmethod.latin
06-26 04:44:26.129   520   520 D AutofillInlineSuggestionsRequestSession: onCreateInlineSuggestionsRequestLocked called: 0@1609103956
06-26 04:44:26.130   520  2157 I AutofillManagerServiceImpl: Prune session 1640293255 (Token{937867d ActivityRecord{6455a27 u0 com.hanapkalinga.mobile/.MainActivity t-1 f}}})
06-26 04:44:26.130   520  2157 W FillRequestEventLogger: Shouldn't be logging AutofillFillRequestReported again for same event
06-26 04:44:26.130   520  2157 W FillResponseEventLogger: Shouldn't be logging AutofillFillRequestReported again for same event
06-26 04:44:26.130   520  2157 W PresentationStatsEventLogger: Shouldn't be logging AutofillPresentationEventReported again for same event
06-26 04:44:26.130   520   598 D AutofillInlineSuggestionsRequestSession: onInlineSuggestionsSessionInvalidated() called.
06-26 04:44:26.130   520  2157 D AutofillSession: clearPendingIntentLocked
06-26 04:44:26.132  1502  1502 V InlineSuggestionRenderService: handleDestroySuggestionViews called for 0:1640293255
06-26 04:44:26.132   520   598 D AutofillInlineSuggestionsRequestSession: onInlineSuggestionsRequest() received: InlineSuggestionsRequest { maxSuggestionCount = 9, inlinePresentationSpecs = [InlinePresentationSpec { minSize = 42x38, maxSize = 240x38, style = Bundle[mParcelledData.dataSize=2816] }, InlinePresentationSpec { minSize = 42x38, maxSize = 240x38, style = Bundle[mParcelledData.dataSize=2816] }, InlinePresentationSpec { minSize = 42x38, maxSize = 240x38, style = Bundle[mParcelledData.dataSize=2816] }, InlinePresentationSpec { minSize = 42x38, maxSize = 240x38, style = Bundle[mParcelledData.dataSize=2816] }, InlinePresentationSpec { minSize = 42x38, maxSize = 240x38, style = Bundle[mParcelledData.dataSize=2816] }, InlinePresentationSpec { minSize = 42x38, maxSize = 240x38, style = Bundle[mParcelledData.dataSize=2816] }, InlinePresentationSpec { minSize = 42x38, maxSize = 240x38, style = Bundle[mParcelledData.dataSize=2816] }, InlinePresentationSpec { minSize = 42x38, maxSize = 240x38, style = Bundle[mParcelledData.dataSize=2816] }, InlinePresentationSpec { minSize = 42x38, maxSize = 240x38, style = Bundle[mParcelledData.dataSize=2816] }], hostPackageName = com.google.android.inputmethod.latin, supportedLocales = [en_US], extras = Bundle[EMPTY_PARCEL], hostInputToken = android.os.BinderProxy@4ba24a8, hostDisplayId = 0, inlineTooltipPresentationSpec = null }
06-26 04:44:26.132   520   540 D AutofillUI: destroySaveUiUiThread(): already destroyed
06-26 04:44:26.137  5641  5655 I FontLog : Received query name=Google Sans&weight=700&besteffort=false, URI content://com.google.android.gms.fonts [CONTEXT service_id=132 ]
06-26 04:44:26.137  5641  5655 I FontLog : Query [name=Google Sans&weight=700&besteffort=false] resolved to {Google Sans, wdth 100.0, wght 700, ital 0.0, bestEffort false} [CONTEXT service_id=132 ]
06-26 04:44:26.138  5641  5655 I FontLog : Fetch {Google Sans, wdth 100.0, wght 700, ital 0.0, bestEffort false} end status Status{statusCode=SUCCESS, resolution=null} [CONTEXT service_id=132 ]
06-26 04:44:26.143  5641  5655 I FontLog : Pulling font file for id = 16, cache size = 9 [CONTEXT service_id=132 ]
06-26 04:44:26.144  5641  5655 I FontLog : Received query name=Noto Color Emoji Compat&weight=400&besteffort=false, URI content://com.google.android.gms.fonts [CONTEXT service_id=132 ]
06-26 04:44:26.144  5641  5655 I FontLog : Query [name=Noto Color Emoji Compat&weight=400&besteffort=false] resolved to {Noto Color Emoji Compat, wdth 100.0, wght 400, ital 0.0, bestEffort false} [CONTEXT service_id=132 ]
06-26 04:44:26.145  5641  5655 I FontLog : Fetch {Noto Color Emoji Compat, wdth 100.0, wght 400, ital 0.0, bestEffort false} end status Status{statusCode=SUCCESS, resolution=null} [CONTEXT service_id=132 ]
06-26 04:44:26.148  5641  5655 I FontLog : Pulling font file for id = 17, cache size = 10 [CONTEXT service_id=132 ]
06-26 04:44:26.149  5641  5655 I FontLog : Received query name=Google Sans&weight=400&besteffort=false, URI content://com.google.android.gms.fonts [CONTEXT service_id=132 ]
06-26 04:44:26.149  5641  5655 I FontLog : Query [name=Google Sans&weight=400&besteffort=false] resolved to {Google Sans, wdth 100.0, wght 400, ital 0.0, bestEffort false} [CONTEXT service_id=132 ]
06-26 04:44:26.151  5641  5655 I FontLog : Font PFD returned from cache for {Google Sans, wdth 100.0, wght 400, ital 0.0, bestEffort false} [CONTEXT service_id=132 ]
06-26 04:44:26.151  5641  5655 I FontLog : Fetch {Google Sans, wdth 100.0, wght 400, ital 0.0, bestEffort false} end status Status{statusCode=SUCCESS, resolution=null} [CONTEXT service_id=132 ]
06-26 04:44:26.152  5641  5655 I FontLog : Pulling font file for id = 18, cache size = 9 [CONTEXT service_id=132 ]
06-26 04:44:26.153  5641  5655 I FontLog : Received query name=Google Sans&weight=500&besteffort=false, URI content://com.google.android.gms.fonts [CONTEXT service_id=132 ]
06-26 04:44:26.153  5641  5655 I FontLog : Query [name=Google Sans&weight=500&besteffort=false] resolved to {Google Sans, wdth 100.0, wght 500, ital 0.0, bestEffort false} [CONTEXT service_id=132 ]
06-26 04:44:26.153  5641  5655 I FontLog : Font PFD returned from cache for {Google Sans, wdth 100.0, wght 500, ital 0.0, bestEffort false} [CONTEXT service_id=132 ]
06-26 04:44:26.153  5641  5655 I FontLog : Fetch {Google Sans, wdth 100.0, wght 500, ital 0.0, bestEffort false} end status Status{statusCode=SUCCESS, resolution=null} [CONTEXT service_id=132 ]
06-26 04:44:26.155  5641  5655 I FontLog : Pulling font file for id = 19, cache size = 10 [CONTEXT service_id=132 ]
06-26 04:44:26.198  7802  7802 D CompatibilityChangeReporter: Compat change id reported: 163400105; UID 10192; state: ENABLED
06-26 04:44:26.200  7802  7802 I AssistStructure: Flattened final assist data: 2592 bytes, containing 1 windows, 14 views
06-26 04:44:26.200   520   598 D AutofillSession: createPendingIntent for request 8
06-26 04:44:26.201   520   598 D ContentCapturePerUserService: Notified activity assist data for activity: Token{181be0a ActivityRecord{aff81ac u0 com.hanapkalinga.mobile/.MainActivity t13}} without a session Id
06-26 04:44:26.204  5641  5641 W AutofillChimeraService: Pending fill request while another request in the same session was triggered. [CONTEXT service_id=177 ]
06-26 04:44:26.217   335  7919 I resolv  : GetAddrInfoHandler::run: {101 101 101 983141 10192 0}
06-26 04:44:26.217   335  7920 I resolv  : res_nmkquery: (QUERY, IN, AAAA)
06-26 04:44:26.217   335  7920 I resolv  : resolv_cache_lookup: FOUND IN CACHE entry=0x78a6ed7235d0
06-26 04:44:26.217   335  7920 I resolv  : doQuery: rcode=0, ancount=2, return value=99
06-26 04:44:26.221  7802  7826 I ReactNativeJS: [TurnstileWebView] WebView HTML loaded, hostname: example.com
06-26 04:44:26.221   335  7921 I resolv  : res_nmkquery: (QUERY, IN, A)
06-26 04:44:26.222  7802  7826 I ReactNativeJS: [TurnstileWebView] Turnstile script tag appended to DOM
06-26 04:44:26.222   335  7921 I resolv  : resolv_cache_lookup: FOUND IN CACHE entry=0x78a52d71e150
06-26 04:44:26.222   335  7921 I resolv  : doQuery: rcode=0, ancount=2, return value=75
06-26 04:44:26.236   520   520 W FillRequestEventLogger: Shouldn't be logging AutofillFillRequestReported again for same event
06-26 04:44:26.236   520   520 W FillResponseEventLogger: Shouldn't be logging AutofillFillRequestReported again for same event
06-26 04:44:26.236   520   520 D AutofillSession: clearPendingIntentLocked
06-26 04:44:26.236   520   520 D AutofillInlineSuggestionsRequestSession: onInlineSuggestionsResponseLocked called for:0@1609103956
06-26 04:44:26.237  1502  1502 V InlineSuggestionRenderService: handleDestroySuggestionViews called for 0:1609103956
06-26 04:44:26.237   520   540 D AutofillUI: destroySaveUiUiThread(): already destroyed
06-26 04:44:26.563   157  7443 I keystore2: system/security/keystore2/src/watchdog.rs:319 - Watchdog thread idle -> terminating. Have a great day.
06-26 04:44:26.719  7624  7704 W QueryController: Could not detect idle state.
06-26 04:44:26.720  7624  7704 D Maestro : Requesting view hierarchy
06-26 04:44:26.720  7624  7704 W QueryController: Could not detect idle state.
06-26 04:44:26.720  7624  7704 W QueryController: Could not detect idle state.
06-26 04:44:26.755  7624  7704 I Maestro : Skipping invisible child: android.view.accessibility.AccessibilityNodeInfo@1289f; boundsInParent: Rect(0, 0 - 320, 0); boundsInScreen: Rect(0, 0 - 320, 0); boundsInWindow: Rect(0, 0 - 320, 0); packageName: com.hanapkalinga.mobile; className: android.widget.LinearLayout; text: null; error: null; maxTextLength: -1; stateDescription: null; contentDescription: null; tooltipText: null; containerTitle: null; viewIdResName: null; uniqueId: null; checkable: false; checked: false; focusable: false; focused: false; selected: false; clickable: false; longClickable: false; contextClickable: false; enabled: true; password: false; scrollable: false; importantForAccessibility: false; visible: false; actions: [AccessibilityAction: ACTION_SELECT - null, AccessibilityAction: ACTION_CLEAR_SELECTION - null, AccessibilityAction: ACTION_ACCESSIBILITY_FOCUS - null, AccessibilityAction: ACTION_SHOW_ON_SCREEN - null]; isTextSelectable: false
06-26 04:44:26.756  7624  7704 I Maestro : Skipping invisible child: android.view.accessibility.AccessibilityNodeInfo@124de; boundsInParent: Rect(0, 0 - 320, 0); boundsInScreen: Rect(0, 0 - 320, 0); boundsInWindow: Rect(0, 0 - 320, 0); packageName: com.hanapkalinga.mobile; className: android.view.ViewGroup; text: null; error: null; maxTextLength: -1; stateDescription: null; contentDescription: null; tooltipText: null; containerTitle: null; viewIdResName: null; uniqueId: null; checkable: false; checked: false; focusable: false; focused: false; selected: false; clickable: false; longClickable: false; contextClickable: false; enabled: true; password: false; scrollable: false; importantForAccessibility: false; visible: false; actions: [AccessibilityAction: ACTION_SELECT - null, AccessibilityAction: ACTION_CLEAR_SELECTION - null, AccessibilityAction: ACTION_ACCESSIBILITY_FOCUS - null, AccessibilityAction: ACTION_SHOW_ON_SCREEN - null]; isTextSelectable: false
06-26 04:44:26.757  7624  7704 I Maestro : Skipping invisible child: android.view.accessibility.AccessibilityNodeInfo@1a480; boundsInParent: Rect(0, 0 - 320, 0); boundsInScreen: Rect(0, 0 - 320, 0); boundsInWindow: Rect(0, 0 - 320, 0); packageName: com.hanapkalinga.mobile; className: android.widget.LinearLayout; text: null; error: null; maxTextLength: -1; stateDescription: null; contentDescription: null; tooltipText: null; containerTitle: null; viewIdResName: null; uniqueId: null; checkable: false; checked: false; focusable: false; focused: false; selected: false; clickable: false; longClickable: false; contextClickable: false; enabled: true; password: false; scrollable: false; importantForAccessibility: false; visible: false; actions: [AccessibilityAction: ACTION_SELECT - null, AccessibilityAction: ACTION_CLEAR_SELECTION - null, AccessibilityAction: ACTION_ACCESSIBILITY_FOCUS - null, AccessibilityAction: ACTION_SHOW_ON_SCREEN - null]; isTextSelectable: false
06-26 04:44:26.758  7624  7704 I Maestro : Skipping invisible child: android.view.accessibility.AccessibilityNodeInfo@1a0bf; boundsInParent: Rect(0, 0 - 320, 0); boundsInScreen: Rect(0, 0 - 320, 0); boundsInWindow: Rect(0, 0 - 320, 0); packageName: com.hanapkalinga.mobile; className: android.view.ViewGroup; text: null; error: null; maxTextLength: -1; stateDescription: null; contentDescription: null; tooltipText: null; containerTitle: null; viewIdResName: null; uniqueId: null; checkable: false; checked: false; focusable: false; focused: false; selected: false; clickable: false; longClickable: false; contextClickable: false; enabled: true; password: false; scrollable: false; importantForAccessibility: false; visible: false; actions: [AccessibilityAction: ACTION_SELECT - null, AccessibilityAction: ACTION_CLEAR_SELECTION - null, AccessibilityAction: ACTION_ACCESSIBILITY_FOCUS - null, AccessibilityAction: ACTION_SHOW_ON_SCREEN - null]; isTextSelectable: false
06-26 04:44:26.778  7624  7704 I Maestro : Skipping invisible child: android.view.accessibility.AccessibilityNodeInfo@182b7; boundsInParent: Rect(0, 0 - 1, 1); boundsInScreen: Rect(20, 348 - 21, 349); boundsInWindow: Rect(20, 348 - 21, 349); packageName: com.hanapkalinga.mobile; className: android.view.ViewGroup; text: null; error: null; maxTextLength: -1; stateDescription: null; contentDescription: null; tooltipText: null; containerTitle: null; viewIdResName: login_captcha_ready; uniqueId: null; checkable: false; checked: false; focusable: false; focused: false; selected: false; clickable: false; longClickable: false; contextClickable: false; enabled: true; password: false; scrollable: false; importantForAccessibility: true; visible: false; actions: [AccessibilityAction: ACTION_SELECT - null, AccessibilityAction: ACTION_CLEAR_SELECTION - null, AccessibilityAction: ACTION_ACCESSIBILITY_FOCUS - null, AccessibilityAction: ACTION_SHOW_ON_SCREEN - null]; isTextSelectable: false
06-26 04:44:26.792  7624  7704 D Maestro : View hierarchy received in 73 ms
06-26 04:44:27.195  7802  7826 I ReactNativeJS: [TurnstileWebView] Turnstile script loaded successfully
06-26 04:44:27.195  7802  7826 I ReactNativeJS: [TurnstileWebView] turnstile global available, rendering widget
06-26 04:44:27.203  7802  7810 W System  : A resource failed to call release. 
06-26 04:44:27.204  7802  7826 I ReactNativeJS: [TurnstileWebView] turnstile.render() called
06-26 04:44:27.235  7802  7817 D EGL_emulation: app_time_stats: avg=111.81ms min=3.80ms max=418.09ms count=12
06-26 04:44:27.275   335  7922 I resolv  : GetAddrInfoHandler::run: {101 101 101 983141 10192 0}
06-26 04:44:27.275   335  7923 I resolv  : res_nmkquery: (QUERY, IN, AAAA)
06-26 04:44:27.276   335  7923 I resolv  : resolv_cache_lookup: FOUND IN CACHE entry=0x78a52d71c8d0
06-26 04:44:27.276   335  7923 I resolv  : doQuery: rcode=0, ancount=2, return value=85
06-26 04:44:27.277   335  7924 I resolv  : res_nmkquery: (QUERY, IN, A)
06-26 04:44:27.277   335  7924 I resolv  : resolv_cache_lookup: FOUND IN CACHE entry=0x78a68d718d90
06-26 04:44:27.277   335  7924 I resolv  : doQuery: rcode=0, ancount=2, return value=61
06-26 04:44:27.638  1762  2304 I WorkerManager: dispose()
06-26 04:44:27.638  1762  2304 W A       : Queue length for executor EventBus is now 11. Perhaps some tasks are too long, or the pool is too small.
06-26 04:44:27.807  7624  7704 W QueryController: Could not detect idle state.
06-26 04:44:27.807  7624  7704 D Maestro : Requesting view hierarchy
06-26 04:44:27.808  7624  7704 W QueryController: Could not detect idle state.
06-26 04:44:27.808  7624  7704 W QueryController: Could not detect idle state.
06-26 04:44:28.147  7802  7802 I Choreographer: Skipped 48 frames!  The application may be doing too much work on its main thread.
06-26 04:44:28.226  7802  7814 I OpenGLRenderer: Davey! duration=835ms; Flags=0, FrameTimelineVsyncId=74770, IntendedVsync=253795254059, Vsync=253795254059, InputEventId=0, HandleInputStart=253795462588, AnimationStart=253795462838, PerformTraversalsStart=253795999420, DrawStart=253796097283, FrameDeadline=253828587391, FrameInterval=253795460183, FrameStartTime=16666666, SyncQueued=253796209071, SyncStart=253796248946, IssueDrawCommandsStart=253796285554, SwapBuffers=254630204630, FrameCompleted=254631213583, DequeueBufferDuration=3426, QueueBufferDuration=362748, GpuCompleted=254631160985, SwapBuffersCompleted=254631213583, DisplayPresentTime=72904454231491076, CommandSubmissionCompleted=254630204630, 
06-26 04:44:28.251  7802  7817 D EGL_emulation: app_time_stats: avg=200.41ms min=4.81ms max=848.78ms count=5
06-26 04:44:28.257  7624  7704 I Maestro : Skipping invisible child: android.view.accessibility.AccessibilityNodeInfo@1289f; boundsInParent: Rect(0, 0 - 320, 0); boundsInScreen: Rect(0, 0 - 320, 0); boundsInWindow: Rect(0, 0 - 320, 0); packageName: com.hanapkalinga.mobile; className: android.widget.LinearLayout; text: null; error: null; maxTextLength: -1; stateDescription: null; contentDescription: null; tooltipText: null; containerTitle: null; viewIdResName: null; uniqueId: null; checkable: false; checked: false; focusable: false; focused: false; selected: false; clickable: false; longClickable: false; contextClickable: false; enabled: true; password: false; scrollable: false; importantForAccessibility: false; visible: false; actions: [AccessibilityAction: ACTION_SELECT - null, AccessibilityAction: ACTION_CLEAR_SELECTION - null, AccessibilityAction: ACTION_ACCESSIBILITY_FOCUS - null, AccessibilityAction: ACTION_SHOW_ON_SCREEN - null]; isTextSelectable: false
06-26 04:44:28.258  7624  7704 I Maestro : Skipping invisible child: android.view.accessibility.AccessibilityNodeInfo@124de; boundsInParent: Rect(0, 0 - 320, 0); boundsInScreen: Rect(0, 0 - 320, 0); boundsInWindow: Rect(0, 0 - 320, 0); packageName: com.hanapkalinga.mobile; className: android.view.ViewGroup; text: null; error: null; maxTextLength: -1; stateDescription: null; contentDescription: null; tooltipText: null; containerTitle: null; viewIdResName: null; uniqueId: null; checkable: false; checked: false; focusable: false; focused: false; selected: false; clickable: false; longClickable: false; contextClickable: false; enabled: true; password: false; scrollable: false; importantForAccessibility: false; visible: false; actions: [AccessibilityAction: ACTION_SELECT - null, AccessibilityAction: ACTION_CLEAR_SELECTION - null, AccessibilityAction: ACTION_ACCESSIBILITY_FOCUS - null, AccessibilityAction: ACTION_SHOW_ON_SCREEN - null]; isTextSelectable: false
06-26 04:44:28.259  7624  7704 I Maestro : Skipping invisible child: android.view.accessibility.AccessibilityNodeInfo@1a480; boundsInParent: Rect(0, 0 - 320, 0); boundsInScreen: Rect(0, 0 - 320, 0); boundsInWindow: Rect(0, 0 - 320, 0); packageName: com.hanapkalinga.mobile; className: android.widget.LinearLayout; text: null; error: null; maxTextLength: -1; stateDescription: null; contentDescription: null; tooltipText: null; containerTitle: null; viewIdResName: null; uniqueId: null; checkable: false; checked: false; focusable: false; focused: false; selected: false; clickable: false; longClickable: false; contextClickable: false; enabled: true; password: false; scrollable: false; importantForAccessibility: false; visible: false; actions: [AccessibilityAction: ACTION_SELECT - null, AccessibilityAction: ACTION_CLEAR_SELECTION - null, AccessibilityAction: ACTION_ACCESSIBILITY_FOCUS - null, AccessibilityAction: ACTION_SHOW_ON_SCREEN - null]; isTextSelectable: false
06-26 04:44:28.260  7624  7704 I Maestro : Skipping invisible child: android.view.accessibility.AccessibilityNodeInfo@1a0bf; boundsInParent: Rect(0, 0 - 320, 0); boundsInScreen: Rect(0, 0 - 320, 0); boundsInWindow: Rect(0, 0 - 320, 0); packageName: com.hanapkalinga.mobile; className: android.view.ViewGroup; text: null; error: null; maxTextLength: -1; stateDescription: null; contentDescription: null; tooltipText: null; containerTitle: null; viewIdResName: null; uniqueId: null; checkable: false; checked: false; focusable: false; focused: false; selected: false; clickable: false; longClickable: false; contextClickable: false; enabled: true; password: false; scrollable: false; importantForAccessibility: false; visible: false; actions: [AccessibilityAction: ACTION_SELECT - null, AccessibilityAction: ACTION_CLEAR_SELECTION - null, AccessibilityAction: ACTION_ACCESSIBILITY_FOCUS - null, AccessibilityAction: ACTION_SHOW_ON_SCREEN - null]; isTextSelectable: false
06-26 04:44:28.270  7624  7704 I Maestro : Skipping invisible child: android.view.accessibility.AccessibilityNodeInfo@182b7; boundsInParent: Rect(0, 0 - 1, 1); boundsInScreen: Rect(20, 348 - 21, 349); boundsInWindow: Rect(20, 348 - 21, 349); packageName: com.hanapkalinga.mobile; className: android.view.ViewGroup; text: null; error: null; maxTextLength: -1; stateDescription: null; contentDescription: null; tooltipText: null; containerTitle: null; viewIdResName: login_captcha_ready; uniqueId: null; checkable: false; checked: false; focusable: false; focused: false; selected: false; clickable: false; longClickable: false; contextClickable: false; enabled: true; password: false; scrollable: false; importantForAccessibility: true; visible: false; actions: [AccessibilityAction: ACTION_SELECT - null, AccessibilityAction: ACTION_CLEAR_SELECTION - null, AccessibilityAction: ACTION_ACCESSIBILITY_FOCUS - null, AccessibilityAction: ACTION_SHOW_ON_SCREEN - null]; isTextSelectable: false
06-26 04:44:28.446  7624  7704 D Maestro : View hierarchy received in 639 ms
06-26 04:44:28.713   836   836 D StatusBarIconController: ignoring old pipeline callback because the new wifi icon is enabled
06-26 04:44:28.800  7624  7704 D Maestro : Requesting view hierarchy
06-26 04:44:28.800  7624  7704 W QueryController: Could not detect idle state.
06-26 04:44:28.800  7624  7704 W QueryController: Could not detect idle state.
06-26 04:44:28.842  7624  7704 I Maestro : Skipping invisible child: android.view.accessibility.AccessibilityNodeInfo@1289f; boundsInParent: Rect(0, 0 - 320, 0); boundsInScreen: Rect(0, 0 - 320, 0); boundsInWindow: Rect(0, 0 - 320, 0); packageName: com.hanapkalinga.mobile; className: android.widget.LinearLayout; text: null; error: null; maxTextLength: -1; stateDescription: null; contentDescription: null; tooltipText: null; containerTitle: null; viewIdResName: null; uniqueId: null; checkable: false; checked: false; focusable: false; focused: false; selected: false; clickable: false; longClickable: false; contextClickable: false; enabled: true; password: false; scrollable: false; importantForAccessibility: false; visible: false; actions: [AccessibilityAction: ACTION_SELECT - null, AccessibilityAction: ACTION_CLEAR_SELECTION - null, AccessibilityAction: ACTION_ACCESSIBILITY_FOCUS - null, AccessibilityAction: ACTION_SHOW_ON_SCREEN - null]; isTextSelectable: false
06-26 04:44:28.843  7624  7704 I Maestro : Skipping invisible child: android.view.accessibility.AccessibilityNodeInfo@124de; boundsInParent: Rect(0, 0 - 320, 0); boundsInScreen: Rect(0, 0 - 320, 0); boundsInWindow: Rect(0, 0 - 320, 0); packageName: com.hanapkalinga.mobile; className: android.view.ViewGroup; text: null; error: null; maxTextLength: -1; stateDescription: null; contentDescription: null; tooltipText: null; containerTitle: null; viewIdResName: null; uniqueId: null; checkable: false; checked: false; focusable: false; focused: false; selected: false; clickable: false; longClickable: false; contextClickable: false; enabled: true; password: false; scrollable: false; importantForAccessibility: false; visible: false; actions: [AccessibilityAction: ACTION_SELECT - null, AccessibilityAction: ACTION_CLEAR_SELECTION - null, AccessibilityAction: ACTION_ACCESSIBILITY_FOCUS - null, AccessibilityAction: ACTION_SHOW_ON_SCREEN - null]; isTextSelectable: false
06-26 04:44:28.848  7624  7704 I Maestro : Skipping invisible child: android.view.accessibility.AccessibilityNodeInfo@1a480; boundsInParent: Rect(0, 0 - 320, 0); boundsInScreen: Rect(0, 0 - 320, 0); boundsInWindow: Rect(0, 0 - 320, 0); packageName: com.hanapkalinga.mobile; className: android.widget.LinearLayout; text: null; error: null; maxTextLength: -1; stateDescription: null; contentDescription: null; tooltipText: null; containerTitle: null; viewIdResName: null; uniqueId: null; checkable: false; checked: false; focusable: false; focused: false; selected: false; clickable: false; longClickable: false; contextClickable: false; enabled: true; password: false; scrollable: false; importantForAccessibility: false; visible: false; actions: [AccessibilityAction: ACTION_SELECT - null, AccessibilityAction: ACTION_CLEAR_SELECTION - null, AccessibilityAction: ACTION_ACCESSIBILITY_FOCUS - null, AccessibilityAction: ACTION_SHOW_ON_SCREEN - null]; isTextSelectable: false
06-26 04:44:28.849  7624  7704 I Maestro : Skipping invisible child: android.view.accessibility.AccessibilityNodeInfo@1a0bf; boundsInParent: Rect(0, 0 - 320, 0); boundsInScreen: Rect(0, 0 - 320, 0); boundsInWindow: Rect(0, 0 - 320, 0); packageName: com.hanapkalinga.mobile; className: android.view.ViewGroup; text: null; error: null; maxTextLength: -1; stateDescription: null; contentDescription: null; tooltipText: null; containerTitle: null; viewIdResName: null; uniqueId: null; checkable: false; checked: false; focusable: false; focused: false; selected: false; clickable: false; longClickable: false; contextClickable: false; enabled: true; password: false; scrollable: false; importantForAccessibility: false; visible: false; actions: [AccessibilityAction: ACTION_SELECT - null, AccessibilityAction: ACTION_CLEAR_SELECTION - null, AccessibilityAction: ACTION_ACCESSIBILITY_FOCUS - null, AccessibilityAction: ACTION_SHOW_ON_SCREEN - null]; isTextSelectable: false
06-26 04:44:28.853  7624  7704 I Maestro : Skipping invisible child: android.view.accessibility.AccessibilityNodeInfo@182b7; boundsInParent: Rect(0, 0 - 1, 1); boundsInScreen: Rect(20, 348 - 21, 349); boundsInWindow: Rect(20, 348 - 21, 349); packageName: com.hanapkalinga.mobile; className: android.view.ViewGroup; text: null; error: null; maxTextLength: -1; stateDescription: null; contentDescription: null; tooltipText: null; containerTitle: null; viewIdResName: login_captcha_ready; uniqueId: null; checkable: false; checked: false; focusable: false; focused: false; selected: false; clickable: false; longClickable: false; contextClickable: false; enabled: true; password: false; scrollable: false; importantForAccessibility: true; visible: false; actions: [AccessibilityAction: ACTION_SELECT - null, AccessibilityAction: ACTION_CLEAR_SELECTION - null, AccessibilityAction: ACTION_ACCESSIBILITY_FOCUS - null, AccessibilityAction: ACTION_SHOW_ON_SCREEN - null]; isTextSelectable: false
06-26 04:44:28.948  7624  7704 D Maestro : View hierarchy received in 148 ms
06-26 04:44:28.993   341  6384 D android.hardware.audio@7.1-impl.ranchu: threadLoop: entering standby, frames: 1490560
06-26 04:44:29.013  7624  7704 D Maestro : Requesting view hierarchy
06-26 04:44:29.014  7624  7704 W QueryController: Could not detect idle state.
06-26 04:44:29.014  7624  7704 W QueryController: Could not detect idle state.
06-26 04:44:29.060  7624  7704 I Maestro : Skipping invisible child: android.view.accessibility.AccessibilityNodeInfo@1289f; boundsInParent: Rect(0, 0 - 320, 0); boundsInScreen: Rect(0, 0 - 320, 0); boundsInWindow: Rect(0, 0 - 320, 0); packageName: com.hanapkalinga.mobile; className: android.widget.LinearLayout; text: null; error: null; maxTextLength: -1; stateDescription: null; contentDescription: null; tooltipText: null; containerTitle: null; viewIdResName: null; uniqueId: null; checkable: false; checked: false; focusable: false; focused: false; selected: false; clickable: false; longClickable: false; contextClickable: false; enabled: true; password: false; scrollable: false; importantForAccessibility: false; visible: false; actions: [AccessibilityAction: ACTION_SELECT - null, AccessibilityAction: ACTION_CLEAR_SELECTION - null, AccessibilityAction: ACTION_ACCESSIBILITY_FOCUS - null, AccessibilityAction: ACTION_SHOW_ON_SCREEN - null]; isTextSelectable: false
