06-26 04:45:38.168  8208  8278 I Maestro : Skipping invisible child: android.view.accessibility.AccessibilityNodeInfo@10e6b; boundsInParent: Rect(0, 0 - 320, 0); boundsInScreen: Rect(0, 0 - 320, 0); boundsInWindow: Rect(0, 0 - 320, 0); packageName: com.hanapkalinga.mobile; className: android.view.ViewGroup; text: null; error: null; maxTextLength: -1; stateDescription: null; contentDescription: null; tooltipText: null; containerTitle: null; viewIdResName: null; uniqueId: null; checkable: false; checked: false; focusable: false; focused: false; selected: false; clickable: false; longClickable: false; contextClickable: false; enabled: true; password: false; scrollable: false; importantForAccessibility: false; visible: false; actions: [AccessibilityAction: ACTION_SELECT - null, AccessibilityAction: ACTION_CLEAR_SELECTION - null, AccessibilityAction: ACTION_ACCESSIBILITY_FOCUS - null, AccessibilityAction: ACTION_SHOW_ON_SCREEN - null]; isTextSelectable: false
06-26 04:45:38.180  8208  8278 D Maestro : View hierarchy received in 19 ms
06-26 04:45:38.272  8208  8278 D Maestro : Requesting view hierarchy
06-26 04:45:38.272  8208  8278 W QueryController: Could not detect idle state.
06-26 04:45:38.272  8208  8278 W QueryController: Could not detect idle state.
06-26 04:45:38.282  8208  8278 I Maestro : Skipping invisible child: android.view.accessibility.AccessibilityNodeInfo@1122c; boundsInParent: Rect(0, 0 - 320, 0); boundsInScreen: Rect(0, 0 - 320, 0); boundsInWindow: Rect(0, 0 - 320, 0); packageName: com.hanapkalinga.mobile; className: android.widget.LinearLayout; text: null; error: null; maxTextLength: -1; stateDescription: null; contentDescription: null; tooltipText: null; containerTitle: null; viewIdResName: null; uniqueId: null; checkable: false; checked: false; focusable: false; focused: false; selected: false; clickable: false; longClickable: false; contextClickable: false; enabled: true; password: false; scrollable: false; importantForAccessibility: false; visible: false; actions: [AccessibilityAction: ACTION_SELECT - null, AccessibilityAction: ACTION_CLEAR_SELECTION - null, AccessibilityAction: ACTION_ACCESSIBILITY_FOCUS - null, AccessibilityAction: ACTION_SHOW_ON_SCREEN - null]; isTextSelectable: false
06-26 04:45:38.282  8208  8278 I Maestro : Skipping invisible child: android.view.accessibility.AccessibilityNodeInfo@10e6b; boundsInParent: Rect(0, 0 - 320, 0); boundsInScreen: Rect(0, 0 - 320, 0); boundsInWindow: Rect(0, 0 - 320, 0); packageName: com.hanapkalinga.mobile; className: android.view.ViewGroup; text: null; error: null; maxTextLength: -1; stateDescription: null; contentDescription: null; tooltipText: null; containerTitle: null; viewIdResName: null; uniqueId: null; checkable: false; checked: false; focusable: false; focused: false; selected: false; clickable: false; longClickable: false; contextClickable: false; enabled: true; password: false; scrollable: false; importantForAccessibility: false; visible: false; actions: [AccessibilityAction: ACTION_SELECT - null, AccessibilityAction: ACTION_CLEAR_SELECTION - null, AccessibilityAction: ACTION_ACCESSIBILITY_FOCUS - null, AccessibilityAction: ACTION_SHOW_ON_SCREEN - null]; isTextSelectable: false
06-26 04:45:38.298  8208  8278 D Maestro : View hierarchy received in 26 ms
06-26 04:45:38.359  8208  8278 D Maestro : Requesting view hierarchy
06-26 04:45:38.360  8208  8278 W QueryController: Could not detect idle state.
06-26 04:45:38.360  8208  8278 W QueryController: Could not detect idle state.
06-26 04:45:38.367  8208  8278 I Maestro : Skipping invisible child: android.view.accessibility.AccessibilityNodeInfo@1122c; boundsInParent: Rect(0, 0 - 320, 0); boundsInScreen: Rect(0, 0 - 320, 0); boundsInWindow: Rect(0, 0 - 320, 0); packageName: com.hanapkalinga.mobile; className: android.widget.LinearLayout; text: null; error: null; maxTextLength: -1; stateDescription: null; contentDescription: null; tooltipText: null; containerTitle: null; viewIdResName: null; uniqueId: null; checkable: false; checked: false; focusable: false; focused: false; selected: false; clickable: false; longClickable: false; contextClickable: false; enabled: true; password: false; scrollable: false; importantForAccessibility: false; visible: false; actions: [AccessibilityAction: ACTION_SELECT - null, AccessibilityAction: ACTION_CLEAR_SELECTION - null, AccessibilityAction: ACTION_ACCESSIBILITY_FOCUS - null, AccessibilityAction: ACTION_SHOW_ON_SCREEN - null]; isTextSelectable: false
06-26 04:45:38.367  8208  8278 I Maestro : Skipping invisible child: android.view.accessibility.AccessibilityNodeInfo@10e6b; boundsInParent: Rect(0, 0 - 320, 0); boundsInScreen: Rect(0, 0 - 320, 0); boundsInWindow: Rect(0, 0 - 320, 0); packageName: com.hanapkalinga.mobile; className: android.view.ViewGroup; text: null; error: null; maxTextLength: -1; stateDescription: null; contentDescription: null; tooltipText: null; containerTitle: null; viewIdResName: null; uniqueId: null; checkable: false; checked: false; focusable: false; focused: false; selected: false; clickable: false; longClickable: false; contextClickable: false; enabled: true; password: false; scrollable: false; importantForAccessibility: false; visible: false; actions: [AccessibilityAction: ACTION_SELECT - null, AccessibilityAction: ACTION_CLEAR_SELECTION - null, AccessibilityAction: ACTION_ACCESSIBILITY_FOCUS - null, AccessibilityAction: ACTION_SHOW_ON_SCREEN - null]; isTextSelectable: false
06-26 04:45:38.378  8208  8278 D Maestro : View hierarchy received in 19 ms
06-26 04:45:38.475  8208  8439 D Maestro : Requesting view hierarchy
06-26 04:45:38.476  8208  8439 W QueryController: Could not detect idle state.
06-26 04:45:38.477  8208  8439 W QueryController: Could not detect idle state.
06-26 04:45:38.485  8208  8439 I Maestro : Skipping invisible child: android.view.accessibility.AccessibilityNodeInfo@1122c; boundsInParent: Rect(0, 0 - 320, 0); boundsInScreen: Rect(0, 0 - 320, 0); boundsInWindow: Rect(0, 0 - 320, 0); packageName: com.hanapkalinga.mobile; className: android.widget.LinearLayout; text: null; error: null; maxTextLength: -1; stateDescription: null; contentDescription: null; tooltipText: null; containerTitle: null; viewIdResName: null; uniqueId: null; checkable: false; checked: false; focusable: false; focused: false; selected: false; clickable: false; longClickable: false; contextClickable: false; enabled: true; password: false; scrollable: false; importantForAccessibility: false; visible: false; actions: [AccessibilityAction: ACTION_SELECT - null, AccessibilityAction: ACTION_CLEAR_SELECTION - null, AccessibilityAction: ACTION_ACCESSIBILITY_FOCUS - null, AccessibilityAction: ACTION_SHOW_ON_SCREEN - null]; isTextSelectable: false
06-26 04:45:38.485  8208  8439 I Maestro : Skipping invisible child: android.view.accessibility.AccessibilityNodeInfo@10e6b; boundsInParent: Rect(0, 0 - 320, 0); boundsInScreen: Rect(0, 0 - 320, 0); boundsInWindow: Rect(0, 0 - 320, 0); packageName: com.hanapkalinga.mobile; className: android.view.ViewGroup; text: null; error: null; maxTextLength: -1; stateDescription: null; contentDescription: null; tooltipText: null; containerTitle: null; viewIdResName: null; uniqueId: null; checkable: false; checked: false; focusable: false; focused: false; selected: false; clickable: false; longClickable: false; contextClickable: false; enabled: true; password: false; scrollable: false; importantForAccessibility: false; visible: false; actions: [AccessibilityAction: ACTION_SELECT - null, AccessibilityAction: ACTION_CLEAR_SELECTION - null, AccessibilityAction: ACTION_ACCESSIBILITY_FOCUS - null, AccessibilityAction: ACTION_SHOW_ON_SCREEN - null]; isTextSelectable: false
06-26 04:45:38.500  8208  8439 D Maestro : View hierarchy received in 25 ms
06-26 04:45:38.556  8208  8439 D Maestro : Requesting view hierarchy
06-26 04:45:38.557  8208  8439 W QueryController: Could not detect idle state.
06-26 04:45:38.557  8208  8439 W QueryController: Could not detect idle state.
06-26 04:45:38.564  8208  8439 I Maestro : Skipping invisible child: android.view.accessibility.AccessibilityNodeInfo@1122c; boundsInParent: Rect(0, 0 - 320, 0); boundsInScreen: Rect(0, 0 - 320, 0); boundsInWindow: Rect(0, 0 - 320, 0); packageName: com.hanapkalinga.mobile; className: android.widget.LinearLayout; text: null; error: null; maxTextLength: -1; stateDescription: null; contentDescription: null; tooltipText: null; containerTitle: null; viewIdResName: null; uniqueId: null; checkable: false; checked: false; focusable: false; focused: false; selected: false; clickable: false; longClickable: false; contextClickable: false; enabled: true; password: false; scrollable: false; importantForAccessibility: false; visible: false; actions: [AccessibilityAction: ACTION_SELECT - null, AccessibilityAction: ACTION_CLEAR_SELECTION - null, AccessibilityAction: ACTION_ACCESSIBILITY_FOCUS - null, AccessibilityAction: ACTION_SHOW_ON_SCREEN - null]; isTextSelectable: false
06-26 04:45:38.564  8208  8439 I Maestro : Skipping invisible child: android.view.accessibility.AccessibilityNodeInfo@10e6b; boundsInParent: Rect(0, 0 - 320, 0); boundsInScreen: Rect(0, 0 - 320, 0); boundsInWindow: Rect(0, 0 - 320, 0); packageName: com.hanapkalinga.mobile; className: android.view.ViewGroup; text: null; error: null; maxTextLength: -1; stateDescription: null; contentDescription: null; tooltipText: null; containerTitle: null; viewIdResName: null; uniqueId: null; checkable: false; checked: false; focusable: false; focused: false; selected: false; clickable: false; longClickable: false; contextClickable: false; enabled: true; password: false; scrollable: false; importantForAccessibility: false; visible: false; actions: [AccessibilityAction: ACTION_SELECT - null, AccessibilityAction: ACTION_CLEAR_SELECTION - null, AccessibilityAction: ACTION_ACCESSIBILITY_FOCUS - null, AccessibilityAction: ACTION_SHOW_ON_SCREEN - null]; isTextSelectable: false
06-26 04:45:38.576  8208  8439 D Maestro : View hierarchy received in 20 ms
06-26 04:45:38.689  8208  8439 D Maestro : Requesting view hierarchy
06-26 04:45:38.689  8208  8439 W QueryController: Could not detect idle state.
06-26 04:45:38.690  8208  8439 W QueryController: Could not detect idle state.
06-26 04:45:38.700  8208  8439 I Maestro : Skipping invisible child: android.view.accessibility.AccessibilityNodeInfo@1122c; boundsInParent: Rect(0, 0 - 320, 0); boundsInScreen: Rect(0, 0 - 320, 0); boundsInWindow: Rect(0, 0 - 320, 0); packageName: com.hanapkalinga.mobile; className: android.widget.LinearLayout; text: null; error: null; maxTextLength: -1; stateDescription: null; contentDescription: null; tooltipText: null; containerTitle: null; viewIdResName: null; uniqueId: null; checkable: false; checked: false; focusable: false; focused: false; selected: false; clickable: false; longClickable: false; contextClickable: false; enabled: true; password: false; scrollable: false; importantForAccessibility: false; visible: false; actions: [AccessibilityAction: ACTION_SELECT - null, AccessibilityAction: ACTION_CLEAR_SELECTION - null, AccessibilityAction: ACTION_ACCESSIBILITY_FOCUS - null, AccessibilityAction: ACTION_SHOW_ON_SCREEN - null]; isTextSelectable: false
06-26 04:45:38.701  8208  8439 I Maestro : Skipping invisible child: android.view.accessibility.AccessibilityNodeInfo@10e6b; boundsInParent: Rect(0, 0 - 320, 0); boundsInScreen: Rect(0, 0 - 320, 0); boundsInWindow: Rect(0, 0 - 320, 0); packageName: com.hanapkalinga.mobile; className: android.view.ViewGroup; text: null; error: null; maxTextLength: -1; stateDescription: null; contentDescription: null; tooltipText: null; containerTitle: null; viewIdResName: null; uniqueId: null; checkable: false; checked: false; focusable: false; focused: false; selected: false; clickable: false; longClickable: false; contextClickable: false; enabled: true; password: false; scrollable: false; importantForAccessibility: false; visible: false; actions: [AccessibilityAction: ACTION_SELECT - null, AccessibilityAction: ACTION_CLEAR_SELECTION - null, AccessibilityAction: ACTION_ACCESSIBILITY_FOCUS - null, AccessibilityAction: ACTION_SHOW_ON_SCREEN - null]; isTextSelectable: false
06-26 04:45:38.726  8208  8439 D Maestro : View hierarchy received in 37 ms
06-26 04:45:38.786  8208  8439 W QueryController: Could not detect idle state.
06-26 04:45:38.789  8208  8439 W QueryController: Could not detect idle state.
06-26 04:45:38.791  8208  8439 W UiDevice: Skipping wait as package ${APP_ID} does not match current window com.hanapkalinga.mobile.
06-26 04:45:38.797  8208  8439 W QueryController: Could not detect idle state.
06-26 04:45:38.799  8208  8439 W QueryController: Could not detect idle state.
06-26 04:45:38.801  8208  8439 W UiDevice: Skipping wait as package ${APP_ID} does not match current window com.hanapkalinga.mobile.
06-26 04:45:38.806  8208  8439 W QueryController: Could not detect idle state.
06-26 04:45:38.807  8208  8439 W QueryController: Could not detect idle state.
06-26 04:45:38.810  8208  8439 W UiDevice: Skipping wait as package ${APP_ID} does not match current window com.hanapkalinga.mobile.
06-26 04:45:38.816  8208  8439 W QueryController: Could not detect idle state.
06-26 04:45:38.816  8208  8439 W QueryController: Could not detect idle state.
06-26 04:45:38.819  8208  8439 W UiDevice: Skipping wait as package ${APP_ID} does not match current window com.hanapkalinga.mobile.
06-26 04:45:38.824  8208  8439 W QueryController: Could not detect idle state.
06-26 04:45:38.825  8208  8439 W QueryController: Could not detect idle state.
06-26 04:45:38.827  8208  8439 W UiDevice: Skipping wait as package ${APP_ID} does not match current window com.hanapkalinga.mobile.
06-26 04:45:38.832  8208  8439 W QueryController: Could not detect idle state.
06-26 04:45:38.834  8208  8439 W QueryController: Could not detect idle state.
06-26 04:45:38.838  8208  8439 W UiDevice: Skipping wait as package ${APP_ID} does not match current window com.hanapkalinga.mobile.
06-26 04:45:38.843  8208  8439 W QueryController: Could not detect idle state.
06-26 04:45:38.846  8208  8439 W QueryController: Could not detect idle state.
06-26 04:45:38.848  8208  8439 W UiDevice: Skipping wait as package ${APP_ID} does not match current window com.hanapkalinga.mobile.
06-26 04:45:38.855  8208  8439 W QueryController: Could not detect idle state.
06-26 04:45:38.856  8208  8439 W QueryController: Could not detect idle state.
06-26 04:45:38.859  8208  8439 W UiDevice: Skipping wait as package ${APP_ID} does not match current window com.hanapkalinga.mobile.
06-26 04:45:38.864  8208  8439 W QueryController: Could not detect idle state.
06-26 04:45:38.867  8208  8439 W QueryController: Could not detect idle state.
06-26 04:45:38.872  8208  8439 W UiDevice: Skipping wait as package ${APP_ID} does not match current window com.hanapkalinga.mobile.
06-26 04:45:38.917  8208  8439 W QueryController: Could not detect idle state.
06-26 04:45:38.919  8208  8439 W QueryController: Could not detect idle state.
06-26 04:45:38.922  8208  8439 W UiDevice: Skipping wait as package ${APP_ID} does not match current window com.hanapkalinga.mobile.
06-26 04:45:38.928  8208  8439 W QueryController: Could not detect idle state.
06-26 04:45:38.929  8208  8439 W QueryController: Could not detect idle state.
06-26 04:45:38.931  8208  8439 W UiDevice: Skipping wait as package ${APP_ID} does not match current window com.hanapkalinga.mobile.
06-26 04:45:38.937  8208  8439 W QueryController: Could not detect idle state.
06-26 04:45:38.938  8208  8439 W QueryController: Could not detect idle state.
06-26 04:45:38.940  8208  8439 W UiDevice: Skipping wait as package ${APP_ID} does not match current window com.hanapkalinga.mobile.
06-26 04:45:38.946  8208  8439 W QueryController: Could not detect idle state.
06-26 04:45:38.946  8208  8439 W QueryController: Could not detect idle state.
06-26 04:45:38.948  8208  8439 W UiDevice: Skipping wait as package ${APP_ID} does not match current window com.hanapkalinga.mobile.
06-26 04:45:38.954  8208  8439 W QueryController: Could not detect idle state.
06-26 04:45:38.955  8208  8439 W QueryController: Could not detect idle state.
06-26 04:45:38.959  8208  8439 W UiDevice: Skipping wait as package ${APP_ID} does not match current window com.hanapkalinga.mobile.
06-26 04:45:39.005  8208  8439 W QueryController: Could not detect idle state.
06-26 04:45:39.005  8208  8439 W QueryController: Could not detect idle state.
06-26 04:45:39.008  8208  8439 W UiDevice: Skipping wait as package ${APP_ID} does not match current window com.hanapkalinga.mobile.
06-26 04:45:39.013  8208  8439 W QueryController: Could not detect idle state.
06-26 04:45:39.015  8208  8439 W QueryController: Could not detect idle state.
06-26 04:45:39.019  8208  8439 W UiDevice: Skipping wait as package ${APP_ID} does not match current window com.hanapkalinga.mobile.
06-26 04:45:39.068  8208  8439 W QueryController: Could not detect idle state.
06-26 04:45:39.070  8208  8439 W QueryController: Could not detect idle state.
06-26 04:45:39.074  8208  8439 W UiDevice: Skipping wait as package ${APP_ID} does not match current window com.hanapkalinga.mobile.
06-26 04:45:39.079  8208  8439 W QueryController: Could not detect idle state.
06-26 04:45:39.081  8208  8439 W QueryController: Could not detect idle state.
06-26 04:45:39.083  8208  8439 W UiDevice: Skipping wait as package ${APP_ID} does not match current window com.hanapkalinga.mobile.
06-26 04:45:39.088  8208  8439 W QueryController: Could not detect idle state.
06-26 04:45:39.089  8208  8439 W QueryController: Could not detect idle state.
06-26 04:45:39.091  8208  8439 W UiDevice: Skipping wait as package ${APP_ID} does not match current window com.hanapkalinga.mobile.
06-26 04:45:39.097  8208  8439 W QueryController: Could not detect idle state.
06-26 04:45:39.098  8208  8439 W QueryController: Could not detect idle state.
06-26 04:45:39.100  8208  8439 W UiDevice: Skipping wait as package ${APP_ID} does not match current window com.hanapkalinga.mobile.
06-26 04:45:39.146  8208  8439 W QueryController: Could not detect idle state.
06-26 04:45:39.147  8208  8439 W QueryController: Could not detect idle state.
06-26 04:45:39.150  8208  8439 W UiDevice: Skipping wait as package ${APP_ID} does not match current window com.hanapkalinga.mobile.
06-26 04:45:39.155  8208  8439 W QueryController: Could not detect idle state.
06-26 04:45:39.156  8208  8439 W QueryController: Could not detect idle state.
06-26 04:45:39.158  8208  8439 W UiDevice: Skipping wait as package ${APP_ID} does not match current window com.hanapkalinga.mobile.
06-26 04:45:39.163  8208  8439 W QueryController: Could not detect idle state.
06-26 04:45:39.164  8208  8439 W QueryController: Could not detect idle state.
06-26 04:45:39.166  8208  8439 W UiDevice: Skipping wait as package ${APP_ID} does not match current window com.hanapkalinga.mobile.
06-26 04:45:39.211  8208  8439 W QueryController: Could not detect idle state.
06-26 04:45:39.213  8208  8439 W QueryController: Could not detect idle state.
06-26 04:45:39.215  8208  8439 W UiDevice: Skipping wait as package ${APP_ID} does not match current window com.hanapkalinga.mobile.
06-26 04:45:39.223  8208  8439 W QueryController: Could not detect idle state.
06-26 04:45:39.224  8208  8439 W QueryController: Could not detect idle state.
06-26 04:45:39.226  8208  8439 W UiDevice: Skipping wait as package ${APP_ID} does not match current window com.hanapkalinga.mobile.
06-26 04:45:39.232  8208  8439 W QueryController: Could not detect idle state.
06-26 04:45:39.233  8208  8439 W QueryController: Could not detect idle state.
06-26 04:45:39.235  8208  8439 W UiDevice: Skipping wait as package ${APP_ID} does not match current window com.hanapkalinga.mobile.
06-26 04:45:39.241  8208  8439 W QueryController: Could not detect idle state.
06-26 04:45:39.241  8208  8439 W QueryController: Could not detect idle state.
06-26 04:45:39.244  8208  8439 W UiDevice: Skipping wait as package ${APP_ID} does not match current window com.hanapkalinga.mobile.
06-26 04:45:39.249  8208  8439 W QueryController: Could not detect idle state.
06-26 04:45:39.251  8208  8439 W QueryController: Could not detect idle state.
06-26 04:45:39.254  8208  8439 W UiDevice: Skipping wait as package ${APP_ID} does not match current window com.hanapkalinga.mobile.
06-26 04:45:39.260  8208  8439 W QueryController: Could not detect idle state.
06-26 04:45:39.261  8208  8439 W QueryController: Could not detect idle state.
06-26 04:45:39.263  8208  8439 W UiDevice: Skipping wait as package ${APP_ID} does not match current window com.hanapkalinga.mobile.
06-26 04:45:39.308  8208  8439 W QueryController: Could not detect idle state.
06-26 04:45:39.308  8208  8439 W QueryController: Could not detect idle state.
06-26 04:45:39.311  8208  8439 W UiDevice: Skipping wait as package ${APP_ID} does not match current window com.hanapkalinga.mobile.
06-26 04:45:39.316  8208  8439 W QueryController: Could not detect idle state.
06-26 04:45:39.317  8208  8439 W QueryController: Could not detect idle state.
06-26 04:45:39.319  8208  8439 W UiDevice: Skipping wait as package ${APP_ID} does not match current window com.hanapkalinga.mobile.
06-26 04:45:39.364  8208  8439 W QueryController: Could not detect idle state.
06-26 04:45:39.366  8208  8439 W QueryController: Could not detect idle state.
06-26 04:45:39.368  8208  8439 W UiDevice: Skipping wait as package ${APP_ID} does not match current window com.hanapkalinga.mobile.
06-26 04:45:39.375  8208  8439 W QueryController: Could not detect idle state.
06-26 04:45:39.375  8208  8439 W QueryController: Could not detect idle state.
06-26 04:45:39.378  8208  8439 W UiDevice: Skipping wait as package ${APP_ID} does not match current window com.hanapkalinga.mobile.
06-26 04:45:39.383  8208  8439 W QueryController: Could not detect idle state.
06-26 04:45:39.385  8208  8439 W QueryController: Could not detect idle state.
06-26 04:45:39.389  8208  8439 W UiDevice: Skipping wait as package ${APP_ID} does not match current window com.hanapkalinga.mobile.
06-26 04:45:39.395  8208  8439 W QueryController: Could not detect idle state.
06-26 04:45:39.398  8208  8439 W QueryController: Could not detect idle state.
06-26 04:45:39.401  8208  8439 W UiDevice: Skipping wait as package ${APP_ID} does not match current window com.hanapkalinga.mobile.
06-26 04:45:39.407  8208  8439 W QueryController: Could not detect idle state.
06-26 04:45:39.409  8208  8439 W QueryController: Could not detect idle state.
06-26 04:45:39.413  8208  8439 W UiDevice: Skipping wait as package ${APP_ID} does not match current window com.hanapkalinga.mobile.
06-26 04:45:39.459  8208  8439 W QueryController: Could not detect idle state.
06-26 04:45:39.462  8208  8439 W QueryController: Could not detect idle state.
06-26 04:45:39.467  8208  8439 W UiDevice: Skipping wait as package ${APP_ID} does not match current window com.hanapkalinga.mobile.
06-26 04:45:39.473  8208  8439 W QueryController: Could not detect idle state.
06-26 04:45:39.475  8208  8439 W QueryController: Could not detect idle state.
06-26 04:45:39.480  8208  8439 W UiDevice: Skipping wait as package ${APP_ID} does not match current window com.hanapkalinga.mobile.
06-26 04:45:39.485  8208  8439 W QueryController: Could not detect idle state.
06-26 04:45:39.487  8208  8439 W QueryController: Could not detect idle state.
06-26 04:45:39.491  8208  8439 W UiDevice: Skipping wait as package ${APP_ID} does not match current window com.hanapkalinga.mobile.
06-26 04:45:39.496  8208  8439 W QueryController: Could not detect idle state.
06-26 04:45:39.499  8208  8439 W QueryController: Could not detect idle state.
06-26 04:45:39.501  8208  8439 W UiDevice: Skipping wait as package ${APP_ID} does not match current window com.hanapkalinga.mobile.
06-26 04:45:39.506  8208  8439 W QueryController: Could not detect idle state.
06-26 04:45:39.509  8208  8439 W QueryController: Could not detect idle state.
06-26 04:45:39.514  8208  8439 W UiDevice: Skipping wait as package ${APP_ID} does not match current window com.hanapkalinga.mobile.
06-26 04:45:39.520  8208  8439 W QueryController: Could not detect idle state.
06-26 04:45:39.522  8208  8439 W QueryController: Could not detect idle state.
06-26 04:45:39.526  8208  8439 W UiDevice: Skipping wait as package ${APP_ID} does not match current window com.hanapkalinga.mobile.
06-26 04:45:39.532  8208  8439 W QueryController: Could not detect idle state.
06-26 04:45:39.533  8208  8439 W QueryController: Could not detect idle state.
06-26 04:45:39.535  8208  8439 W UiDevice: Skipping wait as package ${APP_ID} does not match current window com.hanapkalinga.mobile.
06-26 04:45:39.586  8208  8439 D Maestro : Requesting view hierarchy
06-26 04:45:39.586  8208  8439 W QueryController: Could not detect idle state.
06-26 04:45:39.587  8208  8439 W QueryController: Could not detect idle state.
06-26 04:45:39.592  8208  8439 I Maestro : Skipping invisible child: android.view.accessibility.AccessibilityNodeInfo@1122c; boundsInParent: Rect(0, 0 - 320, 0); boundsInScreen: Rect(0, 0 - 320, 0); boundsInWindow: Rect(0, 0 - 320, 0); packageName: com.hanapkalinga.mobile; className: android.widget.LinearLayout; text: null; error: null; maxTextLength: -1; stateDescription: null; contentDescription: null; tooltipText: null; containerTitle: null; viewIdResName: null; uniqueId: null; checkable: false; checked: false; focusable: false; focused: false; selected: false; clickable: false; longClickable: false; contextClickable: false; enabled: true; password: false; scrollable: false; importantForAccessibility: false; visible: false; actions: [AccessibilityAction: ACTION_SELECT - null, AccessibilityAction: ACTION_CLEAR_SELECTION - null, AccessibilityAction: ACTION_ACCESSIBILITY_FOCUS - null, AccessibilityAction: ACTION_SHOW_ON_SCREEN - null]; isTextSelectable: false
06-26 04:45:39.593  8208  8439 I Maestro : Skipping invisible child: android.view.accessibility.AccessibilityNodeInfo@10e6b; boundsInParent: Rect(0, 0 - 320, 0); boundsInScreen: Rect(0, 0 - 320, 0); boundsInWindow: Rect(0, 0 - 320, 0); packageName: com.hanapkalinga.mobile; className: android.view.ViewGroup; text: null; error: null; maxTextLength: -1; stateDescription: null; contentDescription: null; tooltipText: null; containerTitle: null; viewIdResName: null; uniqueId: null; checkable: false; checked: false; focusable: false; focused: false; selected: false; clickable: false; longClickable: false; contextClickable: false; enabled: true; password: false; scrollable: false; importantForAccessibility: false; visible: false; actions: [AccessibilityAction: ACTION_SELECT - null, AccessibilityAction: ACTION_CLEAR_SELECTION - null, AccessibilityAction: ACTION_ACCESSIBILITY_FOCUS - null, AccessibilityAction: ACTION_SHOW_ON_SCREEN - null]; isTextSelectable: false
06-26 04:45:39.605  8208  8439 D Maestro : View hierarchy received in 19 ms
06-26 04:45:39.696  1087  1087 D TaplEvents: TIS / TouchInteractionService.onInputEvent: MotionEvent { action=ACTION_DOWN, actionButton=0, id[0]=0, x[0]=253.0, y[0]=475.0, toolType[0]=TOOL_TYPE_FINGER, buttonState=0, classification=NONE, metaState=0, flags=0x0, edgeFlags=0x0, pointerCount=1, historySize=0, eventTime=326176, downTime=326176, deviceId=-1, source=0x1002, displayId=0, eventId=-201753145 }
06-26 04:45:39.730  8373  8393 D EGL_emulation: app_time_stats: avg=1184.39ms min=1.41ms max=7917.50ms count=7
06-26 04:45:39.800  1087  1087 D TaplEvents: TIS / TouchInteractionService.onInputEvent: MotionEvent { action=ACTION_UP, actionButton=0, id[0]=0, x[0]=253.0, y[0]=475.0, toolType[0]=TOOL_TYPE_FINGER, buttonState=0, classification=NONE, metaState=0, flags=0x0, edgeFlags=0x0, pointerCount=1, historySize=0, eventTime=326284, downTime=326176, deviceId=-1, source=0x1002, displayId=0, eventId=-169807286 }
06-26 04:45:39.819   397  1014 D audioserver: FGS Logger Transaction failed
06-26 04:45:39.819   397  1014 D audioserver: -129
06-26 04:45:39.854   520  2786 D CompatibilityChangeReporter: Compat change id reported: 161145287; UID 10192; state: ENABLED
06-26 04:45:39.855   520  2786 D CompatibilityChangeReporter: Compat change id reported: 135634846; UID 99003; state: DISABLED
06-26 04:45:39.856   520   550 D CompatibilityChangeReporter: Compat change id reported: 143937733; UID 10192; state: ENABLED
06-26 04:45:39.860  8373  8373 D CompatibilityChangeReporter: Compat change id reported: 183155436; UID 10192; state: ENABLED
06-26 04:45:39.861  1002  1002 D Zygote  : Forked child process 8444
06-26 04:45:39.864  8444  8444 I ocessService0:0: Using CollectorTypeCC GC.
06-26 04:45:39.865  8444  8444 W ocessService0:0: Unexpected CPU variant for x86: x86_64.
06-26 04:45:39.865  8444  8444 W ocessService0:0: Known variants: atom, sandybridge, silvermont, goldmont, goldmont-plus, tremont, kabylake, default
06-26 04:45:39.866  8444  8444 E ocessService0:0: Not starting debugger since process cannot load the jdwp agent.
06-26 04:45:39.867  4091  4202 D BtGatt.ScanManager: uid 10131 isForeground true scanMode -1
06-26 04:45:39.867  4091  4202 D BtGatt.ScanManager: uid 10131 isForeground true scanMode -1
06-26 04:45:39.867  4091  4202 D BtGatt.ScanManager: uid 10131 isForeground true scanMode 1
06-26 04:45:39.868  8373  8373 D AutofillManager: Fill dialog is enabled:false, hints=[password, passwordAuto, creditCardNumber, creditCardSecurityCode, creditCardExpirationDate]
06-26 04:45:39.874  8373  8446 W chromium: [WARNING:dns_config_service_android.cc(115)] Failed to read DnsConfig.
06-26 04:45:39.879   520   550 I ActivityManager: Start proc 8444:com.google.android.webview:sandboxed_process0:org.chromium.content.app.SandboxedProcessService0:0/u0i3 for  {com.hanapkalinga.mobile/org.chromium.content.app.SandboxedProcessService0:0}
06-26 04:45:39.884   520  2786 D CompatibilityChangeReporter: Compat change id reported: 168419799; UID 10192; state: DISABLED
06-26 04:45:39.884   520  2786 D CompatibilityChangeReporter: Compat change id reported: 273564678; UID 10192; state: DISABLED
06-26 04:45:39.888  8444  8444 D CompatibilityChangeReporter: Compat change id reported: 171979766; UID 99003; state: ENABLED
06-26 04:45:39.889  8444  8444 D CompatibilityChangeReporter: Compat change id reported: 242716250; UID 99003; state: ENABLED
06-26 04:45:39.900  8444  8444 I LoadedApk: No resource references to update in package com.google.android.trichromelibrary
06-26 04:45:39.901  8444  8444 I cr_WebViewApkApp: Launched version=113.0.5672.136 minSdkVersion=29 isBundle=false processName=com.google.android.webview:sandboxed_process0:org.chromium.content.app.SandboxedProcessService0:0
06-26 04:45:39.902   520  1114 I ActivityManager: Flag disabled. Ignoring finishAttachApplication from uid: 99003. pid: 8444
06-26 04:45:39.902  8444  8444 W SystemServiceRegistry: No service published for: virtualdevice
06-26 04:45:39.902  8444  8444 I cr_ChildProcessService: Creating new ChildProcessService pid=8444
06-26 04:45:39.912  8373  8373 D CompatibilityChangeReporter: Compat change id reported: 214741472; UID 10192; state: ENABLED
06-26 04:45:39.914  8373  8373 D CompatibilityChangeReporter: Compat change id reported: 171228096; UID 10192; state: ENABLED
06-26 04:45:39.930  8373  8463 W cr_media: BLUETOOTH_CONNECT permission is missing.
06-26 04:45:39.930  8373  8463 W cr_media: registerBluetoothIntentsIfNeeded: Requires BLUETOOTH permission
06-26 04:45:39.935  8444  8474 I cr_LibraryLoader: Successfully loaded native library
06-26 04:45:39.935  8444  8474 I cr_CachingUmaRecorder: Flushed 2 samples from 2 histograms.
06-26 04:45:39.938  8444  8474 W SystemServiceRegistry: No service published for: uimode
06-26 04:45:39.968  5641  5652 I FontLog : Received query name=Google Sans&weight=700&besteffort=false, URI content://com.google.android.gms.fonts [CONTEXT service_id=132 ]
06-26 04:45:39.968  8373  8373 D CompatibilityChangeReporter: Compat change id reported: 193247900; UID 10192; state: ENABLED
06-26 04:45:39.968  5641  5652 I FontLog : Query [name=Google Sans&weight=700&besteffort=false] resolved to {Google Sans, wdth 100.0, wght 700, ital 0.0, bestEffort false} [CONTEXT service_id=132 ]
06-26 04:45:39.969  5641  5652 I FontLog : Fetch {Google Sans, wdth 100.0, wght 700, ital 0.0, bestEffort false} end status Status{statusCode=SUCCESS, resolution=null} [CONTEXT service_id=132 ]
06-26 04:45:39.972  5641  5652 I FontLog : Pulling font file for id = 21, cache size = 7 [CONTEXT service_id=132 ]
06-26 04:45:39.974  5641  5652 I FontLog : Received query name=Noto Color Emoji Compat&weight=400&besteffort=false, URI content://com.google.android.gms.fonts [CONTEXT service_id=132 ]
06-26 04:45:39.974  5641  5652 I FontLog : Query [name=Noto Color Emoji Compat&weight=400&besteffort=false] resolved to {Noto Color Emoji Compat, wdth 100.0, wght 400, ital 0.0, bestEffort false} [CONTEXT service_id=132 ]
06-26 04:45:39.975  5641  5652 I FontLog : Fetch {Noto Color Emoji Compat, wdth 100.0, wght 400, ital 0.0, bestEffort false} end status Status{statusCode=SUCCESS, resolution=null} [CONTEXT service_id=132 ]
06-26 04:45:39.980   397   500 D audioserver: FGS Logger Transaction failed
06-26 04:45:39.980   397   500 D audioserver: -129
06-26 04:45:39.980  5641  5652 I FontLog : Pulling font file for id = 22, cache size = 8 [CONTEXT service_id=132 ]
06-26 04:45:39.987   520   610 D ActivityManager: freezing 2869 com.google.android.documentsui
06-26 04:45:39.987   520   610 D ActivityManager: freezing 2824 com.android.chrome
06-26 04:45:39.991  5641  5652 I FontLog : Received query name=Google Sans&weight=400&besteffort=false, URI content://com.google.android.gms.fonts [CONTEXT service_id=132 ]
06-26 04:45:39.992  5641  5652 I FontLog : Query [name=Google Sans&weight=400&besteffort=false] resolved to {Google Sans, wdth 100.0, wght 400, ital 0.0, bestEffort false} [CONTEXT service_id=132 ]
06-26 04:45:39.992  5641  5652 I FontLog : Font PFD returned from cache for {Google Sans, wdth 100.0, wght 400, ital 0.0, bestEffort false} [CONTEXT service_id=132 ]
06-26 04:45:39.992  5641  5652 I FontLog : Fetch {Google Sans, wdth 100.0, wght 400, ital 0.0, bestEffort false} end status Status{statusCode=SUCCESS, resolution=null} [CONTEXT service_id=132 ]
06-26 04:45:39.998  5641  5652 I FontLog : Pulling font file for id = 23, cache size = 5 [CONTEXT service_id=132 ]
06-26 04:45:39.999  5641  5652 I FontLog : Received query name=Google Sans&weight=500&besteffort=false, URI content://com.google.android.gms.fonts [CONTEXT service_id=132 ]
06-26 04:45:39.999  5641  5652 I FontLog : Query [name=Google Sans&weight=500&besteffort=false] resolved to {Google Sans, wdth 100.0, wght 500, ital 0.0, bestEffort false} [CONTEXT service_id=132 ]
06-26 04:45:39.999  5641  5652 I FontLog : Font PFD returned from cache for {Google Sans, wdth 100.0, wght 500, ital 0.0, bestEffort false} [CONTEXT service_id=132 ]
06-26 04:45:40.000  5641  5652 I FontLog : Fetch {Google Sans, wdth 100.0, wght 500, ital 0.0, bestEffort false} end status Status{statusCode=SUCCESS, resolution=null} [CONTEXT service_id=132 ]
06-26 04:45:40.000  5641  5652 I FontLog : Pulling font file for id = 24, cache size = 6 [CONTEXT service_id=132 ]
06-26 04:45:40.005   836   836 D StatusBarIconController: ignoring old pipeline callbacks, because the new mobile icons are enabled
06-26 04:45:40.012  8373  8373 D AutofillManager: notifyViewEnteredForFillDialog:1073741824
06-26 04:45:40.013  8373  8373 D AutofillManager: notifyViewEnteredForFillDialog:1073741825
06-26 04:45:40.013  8373  8373 D AutofillManager: Triggering pre-emptive request for fill dialog.
06-26 04:45:40.014   520  1114 W FillRequestEventLogger: Couldn't find packageName: com.google.android.inputmethod.latin
06-26 04:45:40.014   520  8100 I AutofillManagerServiceImpl: Prune session 1172045326 (Token{181be0a ActivityRecord{aff81ac u0 com.hanapkalinga.mobile/.MainActivity t-1 f}}})
06-26 04:45:40.014   520  8100 W FillRequestEventLogger: Shouldn't be logging AutofillFillRequestReported again for same event
06-26 04:45:40.014   520  8100 W FillResponseEventLogger: Shouldn't be logging AutofillFillRequestReported again for same event
06-26 04:45:40.014   520  8100 W PresentationStatsEventLogger: Shouldn't be logging AutofillPresentationEventReported again for same event
06-26 04:45:40.014   520  8100 D AutofillSession: clearPendingIntentLocked
06-26 04:45:40.014   520   520 D AutofillInlineSuggestionsRequestSession: onCreateInlineSuggestionsRequestLocked called: 0@1401798686
06-26 04:45:40.015   520  1114 D AutofillInlineSuggestionsRequestSession: onInlineSuggestionsSessionInvalidated() called.
06-26 04:45:40.015   520   540 D AutofillUI: destroySaveUiUiThread(): already destroyed
06-26 04:45:40.016  1502  1502 V InlineSuggestionRenderService: handleDestroySuggestionViews called for 0:1172045326
06-26 04:45:40.017   520  1114 D AutofillInlineSuggestionsRequestSession: onInlineSuggestionsRequest() received: InlineSuggestionsRequest { maxSuggestionCount = 9, inlinePresentationSpecs = [InlinePresentationSpec { minSize = 42x38, maxSize = 240x38, style = Bundle[mParcelledData.dataSize=2816] }, InlinePresentationSpec { minSize = 42x38, maxSize = 240x38, style = Bundle[mParcelledData.dataSize=2816] }, InlinePresentationSpec { minSize = 42x38, maxSize = 240x38, style = Bundle[mParcelledData.dataSize=2816] }, InlinePresentationSpec { minSize = 42x38, maxSize = 240x38, style = Bundle[mParcelledData.dataSize=2816] }, InlinePresentationSpec { minSize = 42x38, maxSize = 240x38, style = Bundle[mParcelledData.dataSize=2816] }, InlinePresentationSpec { minSize = 42x38, maxSize = 240x38, style = Bundle[mParcelledData.dataSize=2816] }, InlinePresentationSpec { minSize = 42x38, maxSize = 240x38, style = Bundle[mParcelledData.dataSize=2816] }, InlinePresentationSpec { minSize = 42x38, maxSize = 240x38, style = Bundle[mParcelledData.dataSize=2816] }, InlinePresentationSpec { minSize = 42x38, maxSize = 240x38, style = Bundle[mParcelledData.dataSize=2816] }], hostPackageName = com.google.android.inputmethod.latin, supportedLocales = [en_US], extras = Bundle[EMPTY_PARCEL], hostInputToken = android.os.BinderProxy@4ba24a8, hostDisplayId = 0, inlineTooltipPresentationSpec = null }
06-26 04:45:40.085  8373  8373 D CompatibilityChangeReporter: Compat change id reported: 163400105; UID 10192; state: ENABLED
06-26 04:45:40.086  8373  8373 I AssistStructure: Flattened final assist data: 2592 bytes, containing 1 windows, 14 views
06-26 04:45:40.086   520  1114 D AutofillSession: createPendingIntent for request 11
06-26 04:45:40.087   520  1114 D ContentCapturePerUserService: Notified activity assist data for activity: Token{ba431e2 ActivityRecord{ec06bc4 u0 com.hanapkalinga.mobile/.MainActivity t14}} without a session Id
06-26 04:45:40.090   335  8491 I resolv  : GetAddrInfoHandler::run: {101 101 101 983141 10192 0}
06-26 04:45:40.091   335  8493 I resolv  : res_nmkquery: (QUERY, IN, A)
06-26 04:45:40.091   335  8493 I resolv  : resolv_cache_lookup: FOUND IN CACHE entry=0x78a52d71e150
06-26 04:45:40.091   335  8493 I resolv  : doQuery: rcode=0, ancount=2, return value=75
06-26 04:45:40.092   335  8492 I resolv  : res_nmkquery: (QUERY, IN, AAAA)
06-26 04:45:40.092   335  8492 I resolv  : resolv_cache_lookup: FOUND IN CACHE entry=0x78a6ed7235d0
06-26 04:45:40.093   335  8492 I resolv  : doQuery: rcode=0, ancount=2, return value=99
06-26 04:45:40.094  5641  5641 W AutofillChimeraService: Pending fill request while another request in the same session was triggered. [CONTEXT service_id=177 ]
06-26 04:45:40.096   520   520 W FillRequestEventLogger: Shouldn't be logging AutofillFillRequestReported again for same event
06-26 04:45:40.096   520   520 W FillResponseEventLogger: Shouldn't be logging AutofillFillRequestReported again for same event
06-26 04:45:40.096   520   520 D AutofillSession: clearPendingIntentLocked
06-26 04:45:40.096   520   520 D AutofillInlineSuggestionsRequestSession: onInlineSuggestionsResponseLocked called for:0@1401798686
06-26 04:45:40.097   520   540 D AutofillUI: destroySaveUiUiThread(): already destroyed
06-26 04:45:40.099  1502  1502 V InlineSuggestionRenderService: handleDestroySuggestionViews called for 0:1401798686
06-26 04:45:40.139  8373  8399 I ReactNativeJS: [TurnstileWebView] WebView HTML loaded, hostname: example.com
06-26 04:45:40.140  8373  8399 I ReactNativeJS: [TurnstileWebView] Turnstile script tag appended to DOM
06-26 04:45:40.398   157  7976 I keystore2: system/security/keystore2/src/watchdog.rs:319 - Watchdog thread idle -> terminating. Have a great day.
--------- beginning of kernel
06-26 04:45:40.616     0     0 I logd    : start watching /data/system/packages.list ...
06-26 04:45:40.618     0     0 I logd    : ReadPackageList, total packages: 202
06-26 04:45:40.451   520  1114 D CompatibilityChangeReporter: Compat change id reported: 261072174; UID 10192; state: ENABLED
06-26 04:45:40.600  8208  8439 W QueryController: Could not detect idle state.
06-26 04:45:40.600  8208  8439 D Maestro : Requesting view hierarchy
06-26 04:45:40.601  8208  8439 W QueryController: Could not detect idle state.
06-26 04:45:40.601  8208  8439 W QueryController: Could not detect idle state.
06-26 04:45:40.633  8208  8439 I Maestro : Skipping invisible child: android.view.accessibility.AccessibilityNodeInfo@128b2; boundsInParent: Rect(0, 0 - 320, 0); boundsInScreen: Rect(0, 0 - 320, 0); boundsInWindow: Rect(0, 0 - 320, 0); packageName: com.hanapkalinga.mobile; className: android.widget.LinearLayout; text: null; error: null; maxTextLength: -1; stateDescription: null; contentDescription: null; tooltipText: null; containerTitle: null; viewIdResName: null; uniqueId: null; checkable: false; checked: false; focusable: false; focused: false; selected: false; clickable: false; longClickable: false; contextClickable: false; enabled: true; password: false; scrollable: false; importantForAccessibility: false; visible: false; actions: [AccessibilityAction: ACTION_SELECT - null, AccessibilityAction: ACTION_CLEAR_SELECTION - null, AccessibilityAction: ACTION_ACCESSIBILITY_FOCUS - null, AccessibilityAction: ACTION_SHOW_ON_SCREEN - null]; isTextSelectable: false
06-26 04:45:40.634  8208  8439 I Maestro : Skipping invisible child: android.view.accessibility.AccessibilityNodeInfo@124f1; boundsInParent: Rect(0, 0 - 320, 0); boundsInScreen: Rect(0, 0 - 320, 0); boundsInWindow: Rect(0, 0 - 320, 0); packageName: com.hanapkalinga.mobile; className: android.view.ViewGroup; text: null; error: null; maxTextLength: -1; stateDescription: null; contentDescription: null; tooltipText: null; containerTitle: null; viewIdResName: null; uniqueId: null; checkable: false; checked: false; focusable: false; focused: false; selected: false; clickable: false; longClickable: false; contextClickable: false; enabled: true; password: false; scrollable: false; importantForAccessibility: false; visible: false; actions: [AccessibilityAction: ACTION_SELECT - null, AccessibilityAction: ACTION_CLEAR_SELECTION - null, AccessibilityAction: ACTION_ACCESSIBILITY_FOCUS - null, AccessibilityAction: ACTION_SHOW_ON_SCREEN - null]; isTextSelectable: false
06-26 04:45:40.635  8208  8439 I Maestro : Skipping invisible child: android.view.accessibility.AccessibilityNodeInfo@1a493; boundsInParent: Rect(0, 0 - 320, 0); boundsInScreen: Rect(0, 0 - 320, 0); boundsInWindow: Rect(0, 0 - 320, 0); packageName: com.hanapkalinga.mobile; className: android.widget.LinearLayout; text: null; error: null; maxTextLength: -1; stateDescription: null; contentDescription: null; tooltipText: null; containerTitle: null; viewIdResName: null; uniqueId: null; checkable: false; checked: false; focusable: false; focused: false; selected: false; clickable: false; longClickable: false; contextClickable: false; enabled: true; password: false; scrollable: false; importantForAccessibility: false; visible: false; actions: [AccessibilityAction: ACTION_SELECT - null, AccessibilityAction: ACTION_CLEAR_SELECTION - null, AccessibilityAction: ACTION_ACCESSIBILITY_FOCUS - null, AccessibilityAction: ACTION_SHOW_ON_SCREEN - null]; isTextSelectable: false
06-26 04:45:40.638  8208  8439 I Maestro : Skipping invisible child: android.view.accessibility.AccessibilityNodeInfo@1a0d2; boundsInParent: Rect(0, 0 - 320, 0); boundsInScreen: Rect(0, 0 - 320, 0); boundsInWindow: Rect(0, 0 - 320, 0); packageName: com.hanapkalinga.mobile; className: android.view.ViewGroup; text: null; error: null; maxTextLength: -1; stateDescription: null; contentDescription: null; tooltipText: null; containerTitle: null; viewIdResName: null; uniqueId: null; checkable: false; checked: false; focusable: false; focused: false; selected: false; clickable: false; longClickable: false; contextClickable: false; enabled: true; password: false; scrollable: false; importantForAccessibility: false; visible: false; actions: [AccessibilityAction: ACTION_SELECT - null, AccessibilityAction: ACTION_CLEAR_SELECTION - null, AccessibilityAction: ACTION_ACCESSIBILITY_FOCUS - null, AccessibilityAction: ACTION_SHOW_ON_SCREEN - null]; isTextSelectable: false
06-26 04:45:40.653  8208  8439 I Maestro : Skipping invisible child: android.view.accessibility.AccessibilityNodeInfo@182ca; boundsInParent: Rect(0, 0 - 1, 1); boundsInScreen: Rect(20, 348 - 21, 349); boundsInWindow: Rect(20, 348 - 21, 349); packageName: com.hanapkalinga.mobile; className: android.view.ViewGroup; text: null; error: null; maxTextLength: -1; stateDescription: null; contentDescription: null; tooltipText: null; containerTitle: null; viewIdResName: login_captcha_ready; uniqueId: null; checkable: false; checked: false; focusable: false; focused: false; selected: false; clickable: false; longClickable: false; contextClickable: false; enabled: true; password: false; scrollable: false; importantForAccessibility: true; visible: false; actions: [AccessibilityAction: ACTION_SELECT - null, AccessibilityAction: ACTION_CLEAR_SELECTION - null, AccessibilityAction: ACTION_ACCESSIBILITY_FOCUS - null, AccessibilityAction: ACTION_SHOW_ON_SCREEN - null]; isTextSelectable: false
06-26 04:45:40.661   520  1114 D CompatibilityChangeReporter: Compat change id reported: 161145287; UID 10192; state: ENABLED
06-26 04:45:40.701  8373  8382 W System  : A resource failed to call release. 
06-26 04:45:40.706  8208  8439 D Maestro : View hierarchy received in 106 ms
06-26 04:45:40.886  8373  8399 I ReactNativeJS: [TurnstileWebView] Turnstile script loaded successfully
06-26 04:45:40.886  8373  8399 I ReactNativeJS: [TurnstileWebView] turnstile global available, rendering widget
06-26 04:45:40.892  8373  8399 I ReactNativeJS: [TurnstileWebView] turnstile.render() called
06-26 04:45:40.914  8373  8393 D EGL_emulation: app_time_stats: avg=95.98ms min=1.81ms max=277.73ms count=12
06-26 04:45:40.957   335  8494 I resolv  : GetAddrInfoHandler::run: {101 101 101 983141 10192 0}
06-26 04:45:40.957   335  8495 I resolv  : res_nmkquery: (QUERY, IN, AAAA)
06-26 04:45:40.957   335  8495 I resolv  : resolv_cache_lookup: FOUND IN CACHE entry=0x78a52d71c8d0
06-26 04:45:40.957   335  8495 I resolv  : doQuery: rcode=0, ancount=2, return value=85
06-26 04:45:40.959   335  8496 I resolv  : res_nmkquery: (QUERY, IN, A)
06-26 04:45:41.169  5721  7153 I ContentMaintenance: Internal cache bytes used: 0; limit: 100000000; download size: 0
06-26 04:45:41.171  5721  7153 I RealtimeCacheCleanup: Beginning Realtime garbage collection.
06-26 04:45:41.172  5721  7153 I RealtimeCacheCleanup: Finished Realtime garbage collection.
06-26 04:45:41.439   335  8496 I resolv  : res_nsend: used send_dg 61 terrno: 0
06-26 04:45:41.439   335  8496 I resolv  : doQuery: rcode=0, ancount=2, return value=61
06-26 04:45:41.484  8208  8439 W QueryController: Could not detect idle state.
06-26 04:45:41.485  8208  8439 D Maestro : Requesting view hierarchy
06-26 04:45:41.486  8208  8439 W QueryController: Could not detect idle state.
06-26 04:45:41.486  8208  8439 W QueryController: Could not detect idle state.
06-26 04:45:41.856  8373  8373 I Choreographer: Skipped 49 frames!  The application may be doing too much work on its main thread.
06-26 04:45:41.995  8373  8402 I OpenGLRenderer: Davey! duration=861ms; Flags=0, FrameTimelineVsyncId=105259, IntendedVsync=327478584445, Vsync=327478584445, InputEventId=0, HandleInputStart=327478871951, AnimationStart=327478872442, PerformTraversalsStart=327479243204, DrawStart=327479338332, FrameDeadline=327511917777, FrameInterval=327478869226, FrameStartTime=16666666, SyncQueued=327479450591, SyncStart=327479466421, IssueDrawCommandsStart=327479503069, SwapBuffers=328338838664, FrameCompleted=328340081273, DequeueBufferDuration=3015, QueueBufferDuration=373788, GpuCompleted=328340028655, SwapBuffersCompleted=328340081273, DisplayPresentTime=0, CommandSubmissionCompleted=328338838664, 
06-26 04:45:41.996  8373  8393 D EGL_emulation: app_time_stats: avg=360.61ms min=67.43ms max=873.22ms count=3
