--------- beginning of main
06-26 03:30:03.190  7446  7503 W UiDevice: Skipping wait as package ${APP_ID} does not match current window com.hanapkalinga.mobile.
06-26 03:30:03.194  7446  7503 W QueryController: Could not detect idle state.
06-26 03:30:03.195  7446  7503 W QueryController: Could not detect idle state.
06-26 03:30:03.197  7446  7503 W UiDevice: Skipping wait as package ${APP_ID} does not match current window com.hanapkalinga.mobile.
06-26 03:30:03.200  7446  7503 W QueryController: Could not detect idle state.
06-26 03:30:03.201  7446  7503 W QueryController: Could not detect idle state.
06-26 03:30:03.203  7446  7503 W UiDevice: Skipping wait as package ${APP_ID} does not match current window com.hanapkalinga.mobile.
06-26 03:30:03.207  7446  7503 W QueryController: Could not detect idle state.
06-26 03:30:03.208  7446  7503 W QueryController: Could not detect idle state.
06-26 03:30:03.210  7446  7503 W UiDevice: Skipping wait as package ${APP_ID} does not match current window com.hanapkalinga.mobile.
06-26 03:30:03.214  7446  7503 W QueryController: Could not detect idle state.
06-26 03:30:03.215  7446  7503 W QueryController: Could not detect idle state.
06-26 03:30:03.218  7446  7503 W UiDevice: Skipping wait as package ${APP_ID} does not match current window com.hanapkalinga.mobile.
06-26 03:30:03.222  7446  7503 W QueryController: Could not detect idle state.
06-26 03:30:03.223  7446  7503 W QueryController: Could not detect idle state.
06-26 03:30:03.224  7446  7503 W UiDevice: Skipping wait as package ${APP_ID} does not match current window com.hanapkalinga.mobile.
06-26 03:30:03.228  7446  7503 W QueryController: Could not detect idle state.
06-26 03:30:03.229  7446  7503 W QueryController: Could not detect idle state.
06-26 03:30:03.231  7446  7503 W UiDevice: Skipping wait as package ${APP_ID} does not match current window com.hanapkalinga.mobile.
06-26 03:30:03.235  7446  7503 W QueryController: Could not detect idle state.
06-26 03:30:03.236  7446  7503 W QueryController: Could not detect idle state.
06-26 03:30:03.238  7446  7503 W UiDevice: Skipping wait as package ${APP_ID} does not match current window com.hanapkalinga.mobile.
06-26 03:30:03.242  7446  7503 W QueryController: Could not detect idle state.
06-26 03:30:03.243  7446  7503 W QueryController: Could not detect idle state.
06-26 03:30:03.246  7446  7503 W UiDevice: Skipping wait as package ${APP_ID} does not match current window com.hanapkalinga.mobile.
06-26 03:30:03.255  7446  7503 D Maestro : Requesting view hierarchy
06-26 03:30:03.256  7446  7503 W QueryController: Could not detect idle state.
06-26 03:30:03.256  7446  7503 W QueryController: Could not detect idle state.
06-26 03:30:03.281  7446  7503 I Maestro : Skipping invisible child: android.view.accessibility.AccessibilityNodeInfo@1030e; boundsInParent: Rect(0, 0 - 320, 0); boundsInScreen: Rect(0, 0 - 320, 0); boundsInWindow: Rect(0, 0 - 320, 0); packageName: com.hanapkalinga.mobile; className: android.widget.LinearLayout; text: null; error: null; maxTextLength: -1; stateDescription: null; contentDescription: null; tooltipText: null; containerTitle: null; viewIdResName: null; uniqueId: null; checkable: false; checked: false; focusable: false; focused: false; selected: false; clickable: false; longClickable: false; contextClickable: false; enabled: true; password: false; scrollable: false; importantForAccessibility: false; visible: false; actions: [AccessibilityAction: ACTION_SELECT - null, AccessibilityAction: ACTION_CLEAR_SELECTION - null, AccessibilityAction: ACTION_ACCESSIBILITY_FOCUS - null, AccessibilityAction: ACTION_SHOW_ON_SCREEN - null]; isTextSelectable: false
06-26 03:30:03.281  7446  7503 I Maestro : Skipping invisible child: android.view.accessibility.AccessibilityNodeInfo@ff4d; boundsInParent: Rect(0, 0 - 320, 0); boundsInScreen: Rect(0, 0 - 320, 0); boundsInWindow: Rect(0, 0 - 320, 0); packageName: com.hanapkalinga.mobile; className: android.view.ViewGroup; text: null; error: null; maxTextLength: -1; stateDescription: null; contentDescription: null; tooltipText: null; containerTitle: null; viewIdResName: null; uniqueId: null; checkable: false; checked: false; focusable: false; focused: false; selected: false; clickable: false; longClickable: false; contextClickable: false; enabled: true; password: false; scrollable: false; importantForAccessibility: false; visible: false; actions: [AccessibilityAction: ACTION_SELECT - null, AccessibilityAction: ACTION_CLEAR_SELECTION - null, AccessibilityAction: ACTION_ACCESSIBILITY_FOCUS - null, AccessibilityAction: ACTION_SHOW_ON_SCREEN - null]; isTextSelectable: false
06-26 03:30:03.282  7446  7503 I Maestro : Skipping invisible child: android.view.accessibility.AccessibilityNodeInfo@17eef; boundsInParent: Rect(0, 0 - 320, 0); boundsInScreen: Rect(0, 0 - 320, 0); boundsInWindow: Rect(0, 0 - 320, 0); packageName: com.hanapkalinga.mobile; className: android.widget.LinearLayout; text: null; error: null; maxTextLength: -1; stateDescription: null; contentDescription: null; tooltipText: null; containerTitle: null; viewIdResName: null; uniqueId: null; checkable: false; checked: false; focusable: false; focused: false; selected: false; clickable: false; longClickable: false; contextClickable: false; enabled: true; password: false; scrollable: false; importantForAccessibility: false; visible: false; actions: [AccessibilityAction: ACTION_SELECT - null, AccessibilityAction: ACTION_CLEAR_SELECTION - null, AccessibilityAction: ACTION_ACCESSIBILITY_FOCUS - null, AccessibilityAction: ACTION_SHOW_ON_SCREEN - null]; isTextSelectable: false
06-26 03:30:03.282  7446  7503 I Maestro : Skipping invisible child: android.view.accessibility.AccessibilityNodeInfo@17b2e; boundsInParent: Rect(0, 0 - 320, 0); boundsInScreen: Rect(0, 0 - 320, 0); boundsInWindow: Rect(0, 0 - 320, 0); packageName: com.hanapkalinga.mobile; className: android.view.ViewGroup; text: null; error: null; maxTextLength: -1; stateDescription: null; contentDescription: null; tooltipText: null; containerTitle: null; viewIdResName: null; uniqueId: null; checkable: false; checked: false; focusable: false; focused: false; selected: false; clickable: false; longClickable: false; contextClickable: false; enabled: true; password: false; scrollable: false; importantForAccessibility: false; visible: false; actions: [AccessibilityAction: ACTION_SELECT - null, AccessibilityAction: ACTION_CLEAR_SELECTION - null, AccessibilityAction: ACTION_ACCESSIBILITY_FOCUS - null, AccessibilityAction: ACTION_SHOW_ON_SCREEN - null]; isTextSelectable: false
06-26 03:30:03.294  7446  7503 D Maestro : View hierarchy received in 39 ms
06-26 03:30:03.339   519  1704 I RemoteProvisionSysSvc: getRegistration(android.hardware.security.keymint.IRemotelyProvisionedComponent/default)
--------- beginning of system
06-26 03:30:03.371   519  1704 D ActivityManager: sync unfroze 3543 com.google.android.rkpdapp for 6
06-26 03:30:03.373   519   519 I RegistrationProxy: onServiceConnected: com.android.rkpdapp.service.RemoteProvisioningService
--------- beginning of kernel
06-26 03:30:03.559     0     0 I servicemanager: Found android.hardware.security.keymint.IRemotelyProvisionedComponent/default in device VINTF manifest.
06-26 03:30:03.375   519  1704 I RegistrationProxy: IGetRegistrationCallback.onSuccess
06-26 03:30:03.376   519  1704 I RemoteProvisionSysSvc: Fetching key 10131 for client 32876741
06-26 03:30:03.376   519  1704 I RegistrationProxy: getKeyAsync operation started with callback 207819290
06-26 03:30:03.376  3543  3617 I RkpdRegistrationBinder: Key requested for : android.hardware.security.keymint.IRemotelyProvisionedComponent/default, clientUid: 1017, keyId: 10131, callback: 250888491
06-26 03:30:03.377  3543  3617 I RkpdRegistrationBinder: Key successfully assigned to client
06-26 03:30:03.377   519   519 I RemoteProvisionSysSvc: Successfully fetched key for client 32876741
06-26 03:30:03.381   519  2809 D BiometricService: Sensor ID(4), oemStrength: 15, updatedStrength: 15, modality 8, state: 0, cookie: 0, sensorId 4, hasEnrollments: false cannot participate in Keystore operations
06-26 03:30:03.381   519  2809 D BiometricService: Sensor ID(0), oemStrength: 15, updatedStrength: 15, modality 2, state: 0, cookie: 0, sensorId 0, hasEnrollments: false cannot participate in Keystore operations
06-26 03:30:03.388  1091  1091 D TaplEvents: TIS / TouchInteractionService.onInputEvent: MotionEvent { action=ACTION_DOWN, actionButton=0, id[0]=0, x[0]=160.0, y[0]=465.0, toolType[0]=TOOL_TYPE_FINGER, buttonState=0, classification=NONE, metaState=0, flags=0x0, edgeFlags=0x0, pointerCount=1, historySize=0, eventTime=214463, downTime=214463, deviceId=-1, source=0x1002, displayId=0, eventId=-4477732 }
06-26 03:30:03.396   335  7755 I resolv  : GetAddrInfoHandler::run: {101 786533 101 983141 10131 0}
06-26 03:30:03.396  3183  7749 D TrafficStats: tagSocket(122) with statsTag=0x1809, statsUid=-1
06-26 03:30:03.397  3183  7749 D TrafficStats: tagSocket(122) with statsTag=0x1809, statsUid=-1
06-26 03:30:03.398  3183  7749 D TrafficStats: tagSocket(122) with statsTag=0x1809, statsUid=-1
06-26 03:30:03.422  7598  7618 D EGL_emulation: app_time_stats: avg=376.83ms min=133.79ms max=501.06ms count=3
06-26 03:30:03.464  3183  7749 W SystemServiceRegistry: No service published for: persistent_data_block
06-26 03:30:03.464  5820  5948 E WakeLock: DG:service ** IS FORCE-RELEASED ON TIMEOUT **
06-26 03:30:03.491  1091  1091 D TaplEvents: TIS / TouchInteractionService.onInputEvent: MotionEvent { action=ACTION_UP, actionButton=0, id[0]=0, x[0]=160.0, y[0]=465.0, toolType[0]=TOOL_TYPE_FINGER, buttonState=0, classification=NONE, metaState=0, flags=0x0, edgeFlags=0x0, pointerCount=1, historySize=0, eventTime=214572, downTime=214463, deviceId=-1, source=0x1002, displayId=0, eventId=-837119132 }
06-26 03:30:03.554   396   775 D audioserver: FGS Logger Transaction failed
06-26 03:30:03.554   396   775 D audioserver: -129
06-26 03:30:03.568   335  7756 I resolv  : GetAddrInfoHandler::run: {101 101 101 983141 10192 0}
06-26 03:30:03.572   335  7758 I resolv  : res_nmkquery: (QUERY, IN, AAAA)
06-26 03:30:03.579   335  7759 I resolv  : res_nmkquery: (QUERY, IN, A)
06-26 03:30:03.579   335  7759 I resolv  : resolv_cache_lookup: FOUND IN CACHE entry=0x7dc2b43f65d0
06-26 03:30:03.579   335  7759 I resolv  : doQuery: rcode=0, ancount=2, return value=82
06-26 03:30:03.602   396   487 D AudioFlinger: mixer(0x70c8df1ef930) throttle end: throttle time(33)
06-26 03:30:03.750  3183  7749 W libc    : Access denied finding property "persist.adb.tls_server.enable"
06-26 03:30:03.751  3183  7749 W libc    : Access denied finding property "service.adb.tls.port"
06-26 03:30:03.757   396   487 D audioserver: FGS Logger Transaction failed
06-26 03:30:03.757   396   487 D audioserver: -129
06-26 03:30:03.747  3183  3183 W IntentService[D: type=1400 audit(0.0:70): avc:  denied  { read } for  name="u:object_r:system_adbd_prop:s0" dev="tmpfs" ino=292 scontext=u:r:gmscore_app:s0:c512,c768 tcontext=u:object_r:system_adbd_prop:s0 tclass=file permissive=0 app=com.google.android.gms
06-26 03:30:03.747  3183  3183 W IntentService[D: type=1400 audit(0.0:71): avc:  denied  { read } for  name="u:object_r:adbd_prop:s0" dev="tmpfs" ino=60 scontext=u:r:gmscore_app:s0:c512,c768 tcontext=u:object_r:adbd_prop:s0 tclass=file permissive=0 app=com.google.android.gms
06-26 03:30:03.768   335  7758 I resolv  : res_nsend: used send_dg 117 terrno: 0
06-26 03:30:03.768   335  7758 I resolv  : doQuery: rcode=0, ancount=0, return value=117
06-26 03:30:03.772  7598  7654 D TrafficStats: tagSocket(125) with statsTag=0xffffffff, statsUid=-1
06-26 03:30:04.261  7446  7503 W QueryController: Could not detect idle state.
06-26 03:30:04.262  7446  7503 D Maestro : Requesting view hierarchy
06-26 03:30:04.262  7446  7503 W QueryController: Could not detect idle state.
06-26 03:30:04.262  7446  7503 W QueryController: Could not detect idle state.
06-26 03:30:04.275  7446  7503 I Maestro : Skipping invisible child: android.view.accessibility.AccessibilityNodeInfo@1030e; boundsInParent: Rect(0, 0 - 320, 0); boundsInScreen: Rect(0, 0 - 320, 0); boundsInWindow: Rect(0, 0 - 320, 0); packageName: com.hanapkalinga.mobile; className: android.widget.LinearLayout; text: null; error: null; maxTextLength: -1; stateDescription: null; contentDescription: null; tooltipText: null; containerTitle: null; viewIdResName: null; uniqueId: null; checkable: false; checked: false; focusable: false; focused: false; selected: false; clickable: false; longClickable: false; contextClickable: false; enabled: true; password: false; scrollable: false; importantForAccessibility: false; visible: false; actions: [AccessibilityAction: ACTION_SELECT - null, AccessibilityAction: ACTION_CLEAR_SELECTION - null, AccessibilityAction: ACTION_ACCESSIBILITY_FOCUS - null, AccessibilityAction: ACTION_SHOW_ON_SCREEN - null]; isTextSelectable: false
06-26 03:30:04.277  7446  7503 I Maestro : Skipping invisible child: android.view.accessibility.AccessibilityNodeInfo@ff4d; boundsInParent: Rect(0, 0 - 320, 0); boundsInScreen: Rect(0, 0 - 320, 0); boundsInWindow: Rect(0, 0 - 320, 0); packageName: com.hanapkalinga.mobile; className: android.view.ViewGroup; text: null; error: null; maxTextLength: -1; stateDescription: null; contentDescription: null; tooltipText: null; containerTitle: null; viewIdResName: null; uniqueId: null; checkable: false; checked: false; focusable: false; focused: false; selected: false; clickable: false; longClickable: false; contextClickable: false; enabled: true; password: false; scrollable: false; importantForAccessibility: false; visible: false; actions: [AccessibilityAction: ACTION_SELECT - null, AccessibilityAction: ACTION_CLEAR_SELECTION - null, AccessibilityAction: ACTION_ACCESSIBILITY_FOCUS - null, AccessibilityAction: ACTION_SHOW_ON_SCREEN - null]; isTextSelectable: false
06-26 03:30:04.278  7446  7503 I Maestro : Skipping invisible child: android.view.accessibility.AccessibilityNodeInfo@17eef; boundsInParent: Rect(0, 0 - 320, 0); boundsInScreen: Rect(0, 0 - 320, 0); boundsInWindow: Rect(0, 0 - 320, 0); packageName: com.hanapkalinga.mobile; className: android.widget.LinearLayout; text: null; error: null; maxTextLength: -1; stateDescription: null; contentDescription: null; tooltipText: null; containerTitle: null; viewIdResName: null; uniqueId: null; checkable: false; checked: false; focusable: false; focused: false; selected: false; clickable: false; longClickable: false; contextClickable: false; enabled: true; password: false; scrollable: false; importantForAccessibility: false; visible: false; actions: [AccessibilityAction: ACTION_SELECT - null, AccessibilityAction: ACTION_CLEAR_SELECTION - null, AccessibilityAction: ACTION_ACCESSIBILITY_FOCUS - null, AccessibilityAction: ACTION_SHOW_ON_SCREEN - null]; isTextSelectable: false
06-26 03:30:04.278  7446  7503 I Maestro : Skipping invisible child: android.view.accessibility.AccessibilityNodeInfo@17b2e; boundsInParent: Rect(0, 0 - 320, 0); boundsInScreen: Rect(0, 0 - 320, 0); boundsInWindow: Rect(0, 0 - 320, 0); packageName: com.hanapkalinga.mobile; className: android.view.ViewGroup; text: null; error: null; maxTextLength: -1; stateDescription: null; contentDescription: null; tooltipText: null; containerTitle: null; viewIdResName: null; uniqueId: null; checkable: false; checked: false; focusable: false; focused: false; selected: false; clickable: false; longClickable: false; contextClickable: false; enabled: true; password: false; scrollable: false; importantForAccessibility: false; visible: false; actions: [AccessibilityAction: ACTION_SELECT - null, AccessibilityAction: ACTION_CLEAR_SELECTION - null, AccessibilityAction: ACTION_ACCESSIBILITY_FOCUS - null, AccessibilityAction: ACTION_SHOW_ON_SCREEN - null]; isTextSelectable: false
06-26 03:30:04.288  7446  7503 D Maestro : View hierarchy received in 26 ms
06-26 03:30:04.340  7446  7503 D Maestro : Requesting view hierarchy
06-26 03:30:04.341  7446  7503 W QueryController: Could not detect idle state.
06-26 03:30:04.341  7446  7503 W QueryController: Could not detect idle state.
06-26 03:30:04.354  7446  7503 I Maestro : Skipping invisible child: android.view.accessibility.AccessibilityNodeInfo@1030e; boundsInParent: Rect(0, 0 - 320, 0); boundsInScreen: Rect(0, 0 - 320, 0); boundsInWindow: Rect(0, 0 - 320, 0); packageName: com.hanapkalinga.mobile; className: android.widget.LinearLayout; text: null; error: null; maxTextLength: -1; stateDescription: null; contentDescription: null; tooltipText: null; containerTitle: null; viewIdResName: null; uniqueId: null; checkable: false; checked: false; focusable: false; focused: false; selected: false; clickable: false; longClickable: false; contextClickable: false; enabled: true; password: false; scrollable: false; importantForAccessibility: false; visible: false; actions: [AccessibilityAction: ACTION_SELECT - null, AccessibilityAction: ACTION_CLEAR_SELECTION - null, AccessibilityAction: ACTION_ACCESSIBILITY_FOCUS - null, AccessibilityAction: ACTION_SHOW_ON_SCREEN - null]; isTextSelectable: false
06-26 03:30:04.354  7446  7503 I Maestro : Skipping invisible child: android.view.accessibility.AccessibilityNodeInfo@ff4d; boundsInParent: Rect(0, 0 - 320, 0); boundsInScreen: Rect(0, 0 - 320, 0); boundsInWindow: Rect(0, 0 - 320, 0); packageName: com.hanapkalinga.mobile; className: android.view.ViewGroup; text: null; error: null; maxTextLength: -1; stateDescription: null; contentDescription: null; tooltipText: null; containerTitle: null; viewIdResName: null; uniqueId: null; checkable: false; checked: false; focusable: false; focused: false; selected: false; clickable: false; longClickable: false; contextClickable: false; enabled: true; password: false; scrollable: false; importantForAccessibility: false; visible: false; actions: [AccessibilityAction: ACTION_SELECT - null, AccessibilityAction: ACTION_CLEAR_SELECTION - null, AccessibilityAction: ACTION_ACCESSIBILITY_FOCUS - null, AccessibilityAction: ACTION_SHOW_ON_SCREEN - null]; isTextSelectable: false
06-26 03:30:04.355  7446  7503 I Maestro : Skipping invisible child: android.view.accessibility.AccessibilityNodeInfo@17eef; boundsInParent: Rect(0, 0 - 320, 0); boundsInScreen: Rect(0, 0 - 320, 0); boundsInWindow: Rect(0, 0 - 320, 0); packageName: com.hanapkalinga.mobile; className: android.widget.LinearLayout; text: null; error: null; maxTextLength: -1; stateDescription: null; contentDescription: null; tooltipText: null; containerTitle: null; viewIdResName: null; uniqueId: null; checkable: false; checked: false; focusable: false; focused: false; selected: false; clickable: false; longClickable: false; contextClickable: false; enabled: true; password: false; scrollable: false; importantForAccessibility: false; visible: false; actions: [AccessibilityAction: ACTION_SELECT - null, AccessibilityAction: ACTION_CLEAR_SELECTION - null, AccessibilityAction: ACTION_ACCESSIBILITY_FOCUS - null, AccessibilityAction: ACTION_SHOW_ON_SCREEN - null]; isTextSelectable: false
06-26 03:30:04.355  7446  7503 I Maestro : Skipping invisible child: android.view.accessibility.AccessibilityNodeInfo@17b2e; boundsInParent: Rect(0, 0 - 320, 0); boundsInScreen: Rect(0, 0 - 320, 0); boundsInWindow: Rect(0, 0 - 320, 0); packageName: com.hanapkalinga.mobile; className: android.view.ViewGroup; text: null; error: null; maxTextLength: -1; stateDescription: null; contentDescription: null; tooltipText: null; containerTitle: null; viewIdResName: null; uniqueId: null; checkable: false; checked: false; focusable: false; focused: false; selected: false; clickable: false; longClickable: false; contextClickable: false; enabled: true; password: false; scrollable: false; importantForAccessibility: false; visible: false; actions: [AccessibilityAction: ACTION_SELECT - null, AccessibilityAction: ACTION_CLEAR_SELECTION - null, AccessibilityAction: ACTION_ACCESSIBILITY_FOCUS - null, AccessibilityAction: ACTION_SHOW_ON_SCREEN - null]; isTextSelectable: false
06-26 03:30:04.362  7446  7503 D Maestro : View hierarchy received in 22 ms
06-26 03:30:04.451  7446  7503 D Maestro : Requesting view hierarchy
06-26 03:30:04.451  7446  7503 W QueryController: Could not detect idle state.
06-26 03:30:04.452  7446  7503 W QueryController: Could not detect idle state.
06-26 03:30:04.461  7446  7503 I Maestro : Skipping invisible child: android.view.accessibility.AccessibilityNodeInfo@1030e; boundsInParent: Rect(0, 0 - 320, 0); boundsInScreen: Rect(0, 0 - 320, 0); boundsInWindow: Rect(0, 0 - 320, 0); packageName: com.hanapkalinga.mobile; className: android.widget.LinearLayout; text: null; error: null; maxTextLength: -1; stateDescription: null; contentDescription: null; tooltipText: null; containerTitle: null; viewIdResName: null; uniqueId: null; checkable: false; checked: false; focusable: false; focused: false; selected: false; clickable: false; longClickable: false; contextClickable: false; enabled: true; password: false; scrollable: false; importantForAccessibility: false; visible: false; actions: [AccessibilityAction: ACTION_SELECT - null, AccessibilityAction: ACTION_CLEAR_SELECTION - null, AccessibilityAction: ACTION_ACCESSIBILITY_FOCUS - null, AccessibilityAction: ACTION_SHOW_ON_SCREEN - null]; isTextSelectable: false
06-26 03:30:04.461  7446  7503 I Maestro : Skipping invisible child: android.view.accessibility.AccessibilityNodeInfo@ff4d; boundsInParent: Rect(0, 0 - 320, 0); boundsInScreen: Rect(0, 0 - 320, 0); boundsInWindow: Rect(0, 0 - 320, 0); packageName: com.hanapkalinga.mobile; className: android.view.ViewGroup; text: null; error: null; maxTextLength: -1; stateDescription: null; contentDescription: null; tooltipText: null; containerTitle: null; viewIdResName: null; uniqueId: null; checkable: false; checked: false; focusable: false; focused: false; selected: false; clickable: false; longClickable: false; contextClickable: false; enabled: true; password: false; scrollable: false; importantForAccessibility: false; visible: false; actions: [AccessibilityAction: ACTION_SELECT - null, AccessibilityAction: ACTION_CLEAR_SELECTION - null, AccessibilityAction: ACTION_ACCESSIBILITY_FOCUS - null, AccessibilityAction: ACTION_SHOW_ON_SCREEN - null]; isTextSelectable: false
06-26 03:30:04.462  7446  7503 I Maestro : Skipping invisible child: android.view.accessibility.AccessibilityNodeInfo@17eef; boundsInParent: Rect(0, 0 - 320, 0); boundsInScreen: Rect(0, 0 - 320, 0); boundsInWindow: Rect(0, 0 - 320, 0); packageName: com.hanapkalinga.mobile; className: android.widget.LinearLayout; text: null; error: null; maxTextLength: -1; stateDescription: null; contentDescription: null; tooltipText: null; containerTitle: null; viewIdResName: null; uniqueId: null; checkable: false; checked: false; focusable: false; focused: false; selected: false; clickable: false; longClickable: false; contextClickable: false; enabled: true; password: false; scrollable: false; importantForAccessibility: false; visible: false; actions: [AccessibilityAction: ACTION_SELECT - null, AccessibilityAction: ACTION_CLEAR_SELECTION - null, AccessibilityAction: ACTION_ACCESSIBILITY_FOCUS - null, AccessibilityAction: ACTION_SHOW_ON_SCREEN - null]; isTextSelectable: false
06-26 03:30:04.462  7446  7503 I Maestro : Skipping invisible child: android.view.accessibility.AccessibilityNodeInfo@17b2e; boundsInParent: Rect(0, 0 - 320, 0); boundsInScreen: Rect(0, 0 - 320, 0); boundsInWindow: Rect(0, 0 - 320, 0); packageName: com.hanapkalinga.mobile; className: android.view.ViewGroup; text: null; error: null; maxTextLength: -1; stateDescription: null; contentDescription: null; tooltipText: null; containerTitle: null; viewIdResName: null; uniqueId: null; checkable: false; checked: false; focusable: false; focused: false; selected: false; clickable: false; longClickable: false; contextClickable: false; enabled: true; password: false; scrollable: false; importantForAccessibility: false; visible: false; actions: [AccessibilityAction: ACTION_SELECT - null, AccessibilityAction: ACTION_CLEAR_SELECTION - null, AccessibilityAction: ACTION_ACCESSIBILITY_FOCUS - null, AccessibilityAction: ACTION_SHOW_ON_SCREEN - null]; isTextSelectable: false
06-26 03:30:04.471  7446  7503 D Maestro : View hierarchy received in 20 ms
06-26 03:30:04.562  7446  7503 D Maestro : Requesting view hierarchy
06-26 03:30:04.562  7446  7503 W QueryController: Could not detect idle state.
06-26 03:30:04.563  7446  7503 W QueryController: Could not detect idle state.
06-26 03:30:04.574  7446  7503 I Maestro : Skipping invisible child: android.view.accessibility.AccessibilityNodeInfo@1030e; boundsInParent: Rect(0, 0 - 320, 0); boundsInScreen: Rect(0, 0 - 320, 0); boundsInWindow: Rect(0, 0 - 320, 0); packageName: com.hanapkalinga.mobile; className: android.widget.LinearLayout; text: null; error: null; maxTextLength: -1; stateDescription: null; contentDescription: null; tooltipText: null; containerTitle: null; viewIdResName: null; uniqueId: null; checkable: false; checked: false; focusable: false; focused: false; selected: false; clickable: false; longClickable: false; contextClickable: false; enabled: true; password: false; scrollable: false; importantForAccessibility: false; visible: false; actions: [AccessibilityAction: ACTION_SELECT - null, AccessibilityAction: ACTION_CLEAR_SELECTION - null, AccessibilityAction: ACTION_ACCESSIBILITY_FOCUS - null, AccessibilityAction: ACTION_SHOW_ON_SCREEN - null]; isTextSelectable: false
06-26 03:30:04.574  7446  7503 I Maestro : Skipping invisible child: android.view.accessibility.AccessibilityNodeInfo@ff4d; boundsInParent: Rect(0, 0 - 320, 0); boundsInScreen: Rect(0, 0 - 320, 0); boundsInWindow: Rect(0, 0 - 320, 0); packageName: com.hanapkalinga.mobile; className: android.view.ViewGroup; text: null; error: null; maxTextLength: -1; stateDescription: null; contentDescription: null; tooltipText: null; containerTitle: null; viewIdResName: null; uniqueId: null; checkable: false; checked: false; focusable: false; focused: false; selected: false; clickable: false; longClickable: false; contextClickable: false; enabled: true; password: false; scrollable: false; importantForAccessibility: false; visible: false; actions: [AccessibilityAction: ACTION_SELECT - null, AccessibilityAction: ACTION_CLEAR_SELECTION - null, AccessibilityAction: ACTION_ACCESSIBILITY_FOCUS - null, AccessibilityAction: ACTION_SHOW_ON_SCREEN - null]; isTextSelectable: false
06-26 03:30:04.575  7446  7503 I Maestro : Skipping invisible child: android.view.accessibility.AccessibilityNodeInfo@17eef; boundsInParent: Rect(0, 0 - 320, 0); boundsInScreen: Rect(0, 0 - 320, 0); boundsInWindow: Rect(0, 0 - 320, 0); packageName: com.hanapkalinga.mobile; className: android.widget.LinearLayout; text: null; error: null; maxTextLength: -1; stateDescription: null; contentDescription: null; tooltipText: null; containerTitle: null; viewIdResName: null; uniqueId: null; checkable: false; checked: false; focusable: false; focused: false; selected: false; clickable: false; longClickable: false; contextClickable: false; enabled: true; password: false; scrollable: false; importantForAccessibility: false; visible: false; actions: [AccessibilityAction: ACTION_SELECT - null, AccessibilityAction: ACTION_CLEAR_SELECTION - null, AccessibilityAction: ACTION_ACCESSIBILITY_FOCUS - null, AccessibilityAction: ACTION_SHOW_ON_SCREEN - null]; isTextSelectable: false
06-26 03:30:04.575  7446  7503 I Maestro : Skipping invisible child: android.view.accessibility.AccessibilityNodeInfo@17b2e; boundsInParent: Rect(0, 0 - 320, 0); boundsInScreen: Rect(0, 0 - 320, 0); boundsInWindow: Rect(0, 0 - 320, 0); packageName: com.hanapkalinga.mobile; className: android.view.ViewGroup; text: null; error: null; maxTextLength: -1; stateDescription: null; contentDescription: null; tooltipText: null; containerTitle: null; viewIdResName: null; uniqueId: null; checkable: false; checked: false; focusable: false; focused: false; selected: false; clickable: false; longClickable: false; contextClickable: false; enabled: true; password: false; scrollable: false; importantForAccessibility: false; visible: false; actions: [AccessibilityAction: ACTION_SELECT - null, AccessibilityAction: ACTION_CLEAR_SELECTION - null, AccessibilityAction: ACTION_ACCESSIBILITY_FOCUS - null, AccessibilityAction: ACTION_SHOW_ON_SCREEN - null]; isTextSelectable: false
06-26 03:30:04.582  7446  7503 D Maestro : View hierarchy received in 20 ms
06-26 03:30:04.672  7446  7503 D Maestro : Requesting view hierarchy
06-26 03:30:04.673  7446  7503 W QueryController: Could not detect idle state.
06-26 03:30:04.673  7446  7503 W QueryController: Could not detect idle state.
06-26 03:30:04.684  7446  7503 I Maestro : Skipping invisible child: android.view.accessibility.AccessibilityNodeInfo@1030e; boundsInParent: Rect(0, 0 - 320, 0); boundsInScreen: Rect(0, 0 - 320, 0); boundsInWindow: Rect(0, 0 - 320, 0); packageName: com.hanapkalinga.mobile; className: android.widget.LinearLayout; text: null; error: null; maxTextLength: -1; stateDescription: null; contentDescription: null; tooltipText: null; containerTitle: null; viewIdResName: null; uniqueId: null; checkable: false; checked: false; focusable: false; focused: false; selected: false; clickable: false; longClickable: false; contextClickable: false; enabled: true; password: false; scrollable: false; importantForAccessibility: false; visible: false; actions: [AccessibilityAction: ACTION_SELECT - null, AccessibilityAction: ACTION_CLEAR_SELECTION - null, AccessibilityAction: ACTION_ACCESSIBILITY_FOCUS - null, AccessibilityAction: ACTION_SHOW_ON_SCREEN - null]; isTextSelectable: false
06-26 03:30:04.684  7446  7503 I Maestro : Skipping invisible child: android.view.accessibility.AccessibilityNodeInfo@ff4d; boundsInParent: Rect(0, 0 - 320, 0); boundsInScreen: Rect(0, 0 - 320, 0); boundsInWindow: Rect(0, 0 - 320, 0); packageName: com.hanapkalinga.mobile; className: android.view.ViewGroup; text: null; error: null; maxTextLength: -1; stateDescription: null; contentDescription: null; tooltipText: null; containerTitle: null; viewIdResName: null; uniqueId: null; checkable: false; checked: false; focusable: false; focused: false; selected: false; clickable: false; longClickable: false; contextClickable: false; enabled: true; password: false; scrollable: false; importantForAccessibility: false; visible: false; actions: [AccessibilityAction: ACTION_SELECT - null, AccessibilityAction: ACTION_CLEAR_SELECTION - null, AccessibilityAction: ACTION_ACCESSIBILITY_FOCUS - null, AccessibilityAction: ACTION_SHOW_ON_SCREEN - null]; isTextSelectable: false
06-26 03:30:04.685  7446  7503 I Maestro : Skipping invisible child: android.view.accessibility.AccessibilityNodeInfo@17eef; boundsInParent: Rect(0, 0 - 320, 0); boundsInScreen: Rect(0, 0 - 320, 0); boundsInWindow: Rect(0, 0 - 320, 0); packageName: com.hanapkalinga.mobile; className: android.widget.LinearLayout; text: null; error: null; maxTextLength: -1; stateDescription: null; contentDescription: null; tooltipText: null; containerTitle: null; viewIdResName: null; uniqueId: null; checkable: false; checked: false; focusable: false; focused: false; selected: false; clickable: false; longClickable: false; contextClickable: false; enabled: true; password: false; scrollable: false; importantForAccessibility: false; visible: false; actions: [AccessibilityAction: ACTION_SELECT - null, AccessibilityAction: ACTION_CLEAR_SELECTION - null, AccessibilityAction: ACTION_ACCESSIBILITY_FOCUS - null, AccessibilityAction: ACTION_SHOW_ON_SCREEN - null]; isTextSelectable: false
06-26 03:30:04.685  7446  7503 I Maestro : Skipping invisible child: android.view.accessibility.AccessibilityNodeInfo@17b2e; boundsInParent: Rect(0, 0 - 320, 0); boundsInScreen: Rect(0, 0 - 320, 0); boundsInWindow: Rect(0, 0 - 320, 0); packageName: com.hanapkalinga.mobile; className: android.view.ViewGroup; text: null; error: null; maxTextLength: -1; stateDescription: null; contentDescription: null; tooltipText: null; containerTitle: null; viewIdResName: null; uniqueId: null; checkable: false; checked: false; focusable: false; focused: false; selected: false; clickable: false; longClickable: false; contextClickable: false; enabled: true; password: false; scrollable: false; importantForAccessibility: false; visible: false; actions: [AccessibilityAction: ACTION_SELECT - null, AccessibilityAction: ACTION_CLEAR_SELECTION - null, AccessibilityAction: ACTION_ACCESSIBILITY_FOCUS - null, AccessibilityAction: ACTION_SHOW_ON_SCREEN - null]; isTextSelectable: false
06-26 03:30:04.692  7446  7503 D Maestro : View hierarchy received in 20 ms
06-26 03:30:04.782  7446  7503 D Maestro : Requesting view hierarchy
06-26 03:30:04.783  7446  7503 W QueryController: Could not detect idle state.
06-26 03:30:04.783  7446  7503 W QueryController: Could not detect idle state.
06-26 03:30:04.793  7446  7503 I Maestro : Skipping invisible child: android.view.accessibility.AccessibilityNodeInfo@1030e; boundsInParent: Rect(0, 0 - 320, 0); boundsInScreen: Rect(0, 0 - 320, 0); boundsInWindow: Rect(0, 0 - 320, 0); packageName: com.hanapkalinga.mobile; className: android.widget.LinearLayout; text: null; error: null; maxTextLength: -1; stateDescription: null; contentDescription: null; tooltipText: null; containerTitle: null; viewIdResName: null; uniqueId: null; checkable: false; checked: false; focusable: false; focused: false; selected: false; clickable: false; longClickable: false; contextClickable: false; enabled: true; password: false; scrollable: false; importantForAccessibility: false; visible: false; actions: [AccessibilityAction: ACTION_SELECT - null, AccessibilityAction: ACTION_CLEAR_SELECTION - null, AccessibilityAction: ACTION_ACCESSIBILITY_FOCUS - null, AccessibilityAction: ACTION_SHOW_ON_SCREEN - null]; isTextSelectable: false
06-26 03:30:04.793  7446  7503 I Maestro : Skipping invisible child: android.view.accessibility.AccessibilityNodeInfo@ff4d; boundsInParent: Rect(0, 0 - 320, 0); boundsInScreen: Rect(0, 0 - 320, 0); boundsInWindow: Rect(0, 0 - 320, 0); packageName: com.hanapkalinga.mobile; className: android.view.ViewGroup; text: null; error: null; maxTextLength: -1; stateDescription: null; contentDescription: null; tooltipText: null; containerTitle: null; viewIdResName: null; uniqueId: null; checkable: false; checked: false; focusable: false; focused: false; selected: false; clickable: false; longClickable: false; contextClickable: false; enabled: true; password: false; scrollable: false; importantForAccessibility: false; visible: false; actions: [AccessibilityAction: ACTION_SELECT - null, AccessibilityAction: ACTION_CLEAR_SELECTION - null, AccessibilityAction: ACTION_ACCESSIBILITY_FOCUS - null, AccessibilityAction: ACTION_SHOW_ON_SCREEN - null]; isTextSelectable: false
06-26 03:30:04.793  7446  7503 I Maestro : Skipping invisible child: android.view.accessibility.AccessibilityNodeInfo@17eef; boundsInParent: Rect(0, 0 - 320, 0); boundsInScreen: Rect(0, 0 - 320, 0); boundsInWindow: Rect(0, 0 - 320, 0); packageName: com.hanapkalinga.mobile; className: android.widget.LinearLayout; text: null; error: null; maxTextLength: -1; stateDescription: null; contentDescription: null; tooltipText: null; containerTitle: null; viewIdResName: null; uniqueId: null; checkable: false; checked: false; focusable: false; focused: false; selected: false; clickable: false; longClickable: false; contextClickable: false; enabled: true; password: false; scrollable: false; importantForAccessibility: false; visible: false; actions: [AccessibilityAction: ACTION_SELECT - null, AccessibilityAction: ACTION_CLEAR_SELECTION - null, AccessibilityAction: ACTION_ACCESSIBILITY_FOCUS - null, AccessibilityAction: ACTION_SHOW_ON_SCREEN - null]; isTextSelectable: false
06-26 03:30:04.794  7446  7503 I Maestro : Skipping invisible child: android.view.accessibility.AccessibilityNodeInfo@17b2e; boundsInParent: Rect(0, 0 - 320, 0); boundsInScreen: Rect(0, 0 - 320, 0); boundsInWindow: Rect(0, 0 - 320, 0); packageName: com.hanapkalinga.mobile; className: android.view.ViewGroup; text: null; error: null; maxTextLength: -1; stateDescription: null; contentDescription: null; tooltipText: null; containerTitle: null; viewIdResName: null; uniqueId: null; checkable: false; checked: false; focusable: false; focused: false; selected: false; clickable: false; longClickable: false; contextClickable: false; enabled: true; password: false; scrollable: false; importantForAccessibility: false; visible: false; actions: [AccessibilityAction: ACTION_SELECT - null, AccessibilityAction: ACTION_CLEAR_SELECTION - null, AccessibilityAction: ACTION_ACCESSIBILITY_FOCUS - null, AccessibilityAction: ACTION_SHOW_ON_SCREEN - null]; isTextSelectable: false
06-26 03:30:04.804  7598  7618 D EGL_emulation: app_time_stats: avg=164.16ms min=1.40ms max=499.99ms count=8
06-26 03:30:04.813  7446  7503 D Maestro : View hierarchy received in 31 ms
06-26 03:30:04.853   835   835 D StatusBarIconController: ignoring old pipeline callback because the new wifi icon is enabled
06-26 03:30:04.902  7446  7503 D Maestro : Requesting view hierarchy
06-26 03:30:04.902  7446  7503 W QueryController: Could not detect idle state.
06-26 03:30:04.902  7446  7503 W QueryController: Could not detect idle state.
06-26 03:30:04.914  7446  7503 I Maestro : Skipping invisible child: android.view.accessibility.AccessibilityNodeInfo@1030e; boundsInParent: Rect(0, 0 - 320, 0); boundsInScreen: Rect(0, 0 - 320, 0); boundsInWindow: Rect(0, 0 - 320, 0); packageName: com.hanapkalinga.mobile; className: android.widget.LinearLayout; text: null; error: null; maxTextLength: -1; stateDescription: null; contentDescription: null; tooltipText: null; containerTitle: null; viewIdResName: null; uniqueId: null; checkable: false; checked: false; focusable: false; focused: false; selected: false; clickable: false; longClickable: false; contextClickable: false; enabled: true; password: false; scrollable: false; importantForAccessibility: false; visible: false; actions: [AccessibilityAction: ACTION_SELECT - null, AccessibilityAction: ACTION_CLEAR_SELECTION - null, AccessibilityAction: ACTION_ACCESSIBILITY_FOCUS - null, AccessibilityAction: ACTION_SHOW_ON_SCREEN - null]; isTextSelectable: false
06-26 03:30:04.914  7446  7503 I Maestro : Skipping invisible child: android.view.accessibility.AccessibilityNodeInfo@ff4d; boundsInParent: Rect(0, 0 - 320, 0); boundsInScreen: Rect(0, 0 - 320, 0); boundsInWindow: Rect(0, 0 - 320, 0); packageName: com.hanapkalinga.mobile; className: android.view.ViewGroup; text: null; error: null; maxTextLength: -1; stateDescription: null; contentDescription: null; tooltipText: null; containerTitle: null; viewIdResName: null; uniqueId: null; checkable: false; checked: false; focusable: false; focused: false; selected: false; clickable: false; longClickable: false; contextClickable: false; enabled: true; password: false; scrollable: false; importantForAccessibility: false; visible: false; actions: [AccessibilityAction: ACTION_SELECT - null, AccessibilityAction: ACTION_CLEAR_SELECTION - null, AccessibilityAction: ACTION_ACCESSIBILITY_FOCUS - null, AccessibilityAction: ACTION_SHOW_ON_SCREEN - null]; isTextSelectable: false
06-26 03:30:04.914  7446  7503 I Maestro : Skipping invisible child: android.view.accessibility.AccessibilityNodeInfo@17eef; boundsInParent: Rect(0, 0 - 320, 0); boundsInScreen: Rect(0, 0 - 320, 0); boundsInWindow: Rect(0, 0 - 320, 0); packageName: com.hanapkalinga.mobile; className: android.widget.LinearLayout; text: null; error: null; maxTextLength: -1; stateDescription: null; contentDescription: null; tooltipText: null; containerTitle: null; viewIdResName: null; uniqueId: null; checkable: false; checked: false; focusable: false; focused: false; selected: false; clickable: false; longClickable: false; contextClickable: false; enabled: true; password: false; scrollable: false; importantForAccessibility: false; visible: false; actions: [AccessibilityAction: ACTION_SELECT - null, AccessibilityAction: ACTION_CLEAR_SELECTION - null, AccessibilityAction: ACTION_ACCESSIBILITY_FOCUS - null, AccessibilityAction: ACTION_SHOW_ON_SCREEN - null]; isTextSelectable: false
06-26 03:30:04.914  7446  7503 I Maestro : Skipping invisible child: android.view.accessibility.AccessibilityNodeInfo@17b2e; boundsInParent: Rect(0, 0 - 320, 0); boundsInScreen: Rect(0, 0 - 320, 0); boundsInWindow: Rect(0, 0 - 320, 0); packageName: com.hanapkalinga.mobile; className: android.view.ViewGroup; text: null; error: null; maxTextLength: -1; stateDescription: null; contentDescription: null; tooltipText: null; containerTitle: null; viewIdResName: null; uniqueId: null; checkable: false; checked: false; focusable: false; focused: false; selected: false; clickable: false; longClickable: false; contextClickable: false; enabled: true; password: false; scrollable: false; importantForAccessibility: false; visible: false; actions: [AccessibilityAction: ACTION_SELECT - null, AccessibilityAction: ACTION_CLEAR_SELECTION - null, AccessibilityAction: ACTION_ACCESSIBILITY_FOCUS - null, AccessibilityAction: ACTION_SHOW_ON_SCREEN - null]; isTextSelectable: false
06-26 03:30:04.922  7446  7503 D Maestro : View hierarchy received in 20 ms
06-26 03:30:05.014  7446  7503 D Maestro : Requesting view hierarchy
06-26 03:30:05.014  7446  7503 W QueryController: Could not detect idle state.
06-26 03:30:05.015  7446  7503 W QueryController: Could not detect idle state.
06-26 03:30:05.025  7446  7503 I Maestro : Skipping invisible child: android.view.accessibility.AccessibilityNodeInfo@1030e; boundsInParent: Rect(0, 0 - 320, 0); boundsInScreen: Rect(0, 0 - 320, 0); boundsInWindow: Rect(0, 0 - 320, 0); packageName: com.hanapkalinga.mobile; className: android.widget.LinearLayout; text: null; error: null; maxTextLength: -1; stateDescription: null; contentDescription: null; tooltipText: null; containerTitle: null; viewIdResName: null; uniqueId: null; checkable: false; checked: false; focusable: false; focused: false; selected: false; clickable: false; longClickable: false; contextClickable: false; enabled: true; password: false; scrollable: false; importantForAccessibility: false; visible: false; actions: [AccessibilityAction: ACTION_SELECT - null, AccessibilityAction: ACTION_CLEAR_SELECTION - null, AccessibilityAction: ACTION_ACCESSIBILITY_FOCUS - null, AccessibilityAction: ACTION_SHOW_ON_SCREEN - null]; isTextSelectable: false
06-26 03:30:05.025  7446  7503 I Maestro : Skipping invisible child: android.view.accessibility.AccessibilityNodeInfo@ff4d; boundsInParent: Rect(0, 0 - 320, 0); boundsInScreen: Rect(0, 0 - 320, 0); boundsInWindow: Rect(0, 0 - 320, 0); packageName: com.hanapkalinga.mobile; className: android.view.ViewGroup; text: null; error: null; maxTextLength: -1; stateDescription: null; contentDescription: null; tooltipText: null; containerTitle: null; viewIdResName: null; uniqueId: null; checkable: false; checked: false; focusable: false; focused: false; selected: false; clickable: false; longClickable: false; contextClickable: false; enabled: true; password: false; scrollable: false; importantForAccessibility: false; visible: false; actions: [AccessibilityAction: ACTION_SELECT - null, AccessibilityAction: ACTION_CLEAR_SELECTION - null, AccessibilityAction: ACTION_ACCESSIBILITY_FOCUS - null, AccessibilityAction: ACTION_SHOW_ON_SCREEN - null]; isTextSelectable: false
06-26 03:30:05.026  7446  7503 I Maestro : Skipping invisible child: android.view.accessibility.AccessibilityNodeInfo@17eef; boundsInParent: Rect(0, 0 - 320, 0); boundsInScreen: Rect(0, 0 - 320, 0); boundsInWindow: Rect(0, 0 - 320, 0); packageName: com.hanapkalinga.mobile; className: android.widget.LinearLayout; text: null; error: null; maxTextLength: -1; stateDescription: null; contentDescription: null; tooltipText: null; containerTitle: null; viewIdResName: null; uniqueId: null; checkable: false; checked: false; focusable: false; focused: false; selected: false; clickable: false; longClickable: false; contextClickable: false; enabled: true; password: false; scrollable: false; importantForAccessibility: false; visible: false; actions: [AccessibilityAction: ACTION_SELECT - null, AccessibilityAction: ACTION_CLEAR_SELECTION - null, AccessibilityAction: ACTION_ACCESSIBILITY_FOCUS - null, AccessibilityAction: ACTION_SHOW_ON_SCREEN - null]; isTextSelectable: false
06-26 03:30:05.026  7446  7503 I Maestro : Skipping invisible child: android.view.accessibility.AccessibilityNodeInfo@17b2e; boundsInParent: Rect(0, 0 - 320, 0); boundsInScreen: Rect(0, 0 - 320, 0); boundsInWindow: Rect(0, 0 - 320, 0); packageName: com.hanapkalinga.mobile; className: android.view.ViewGroup; text: null; error: null; maxTextLength: -1; stateDescription: null; contentDescription: null; tooltipText: null; containerTitle: null; viewIdResName: null; uniqueId: null; checkable: false; checked: false; focusable: false; focused: false; selected: false; clickable: false; longClickable: false; contextClickable: false; enabled: true; password: false; scrollable: false; importantForAccessibility: false; visible: false; actions: [AccessibilityAction: ACTION_SELECT - null, AccessibilityAction: ACTION_CLEAR_SELECTION - null, AccessibilityAction: ACTION_ACCESSIBILITY_FOCUS - null, AccessibilityAction: ACTION_SHOW_ON_SCREEN - null]; isTextSelectable: false
06-26 03:30:05.033  7446  7503 D Maestro : View hierarchy received in 19 ms
06-26 03:30:05.094   835   835 D StatusBarIconController: ignoring old pipeline callbacks, because the new mobile icons are enabled
06-26 03:30:05.105   835   903 D EGL_emulation: app_time_stats: avg=5075.36ms min=5075.36ms max=5075.36ms count=1
06-26 03:30:05.262  7598  7765 D TrafficStats: tagSocket(98) with statsTag=0xffffffff, statsUid=-1
06-26 03:30:05.275   519  1926 W AutofillManagerServiceImpl: logViewEntered: not logging event because history is null
06-26 03:30:05.275   519  1926 W PresentationStatsEventLogger: Shouldn't be logging AutofillPresentationEventReported again for same event
06-26 03:30:05.275   519  1926 D AutofillSession: trigger augmented autofill.
06-26 03:30:05.277   519  2210 W PresentationStatsEventLogger: Shouldn't be logging AutofillPresentationEventReported again for same event
06-26 03:30:05.278  7598  7598 W cr_AwContents: WebView.destroy() called while WebView is still attached to window.
06-26 03:30:05.279  1484  1484 I GoogleInputMethodService: GoogleInputMethodService.onFinishInput():3227 
06-26 03:30:05.280  1484  1484 I GoogleInputMethodService: GoogleInputMethodService.updateDeviceLockedStatus():2087 repeatCheckTimes = 0, unlocked = true
06-26 03:30:05.280  1484  1484 I GoogleInputMethodService: GoogleInputMethodService.onStartInput():1877 onStartInput(EditorInfo{inputType=0x21(EmailAddress) imeOptions=0x6 privateImeOptions=null actionName=DONE actionLabel=null actionId=0 initialSelStart=41 initialSelEnd=41 initialCapsMode=0x0 hintText=non-empty label=null packageName=com.hanapkalinga.mobile fieldId=84 fieldName=null extras=Bundle[mParcelledData.dataSize=240]}, false)
06-26 03:30:05.280  1484  1484 I GoogleInputMethodService: GoogleInputMethodService.shouldHideHeaderOnInitialState():4008 ShouldHideHeaderOnInitialState = false
06-26 03:30:05.281  1484  1484 I GoogleInputMethodService: GoogleInputMethodService.updateDeviceLockedStatus():2087 repeatCheckTimes = 2, unlocked = true
06-26 03:30:05.281  1484  1484 I HardKeyTracker: HardKeyTracker.registerKeySequence():62 Register key sequence hox{callback=eac@4cd618c, lastModifier=0, keyCodes=[57, 57], actions=[1, 0]}
06-26 03:30:05.285  1484  1484 I HardKeyTracker: HardKeyTracker.registerKeySequence():62 Register key sequence hox{callback=eac@138efdb, lastModifier=0, keyCodes=[58, 58], actions=[1, 0]}
06-26 03:30:05.286   519  2210 I ActivityManager: Killing 7673:com.google.android.webview:sandboxed_process0:org.chromium.content.app.SandboxedProcessService0:0/u0a192i2 (adj 0): isolated not needed
06-26 03:30:05.292   519   551 I libprocessgroup: Successfully killed process cgroup uid 99002 pid 7673 in 5ms
06-26 03:30:05.497     0     0 I binder  : undelivered transaction 849035, process died.
06-26 03:30:05.498     0     0 I binder  : undelivered transaction 849041, process died.
06-26 03:30:05.499     0     0 I binder  : undelivered transaction 849042, process died.
06-26 03:30:05.501     0     0 I binder  : undelivered transaction 849043, process died.
06-26 03:30:05.316   988   988 I Zygote  : Process 7673 exited due to signal 9 (Killed)
06-26 03:30:05.323   519   539 D DisplayManagerService: Drop pending events for gone uid 99002
06-26 03:30:05.771  7598  7598 I ImeTracker: com.hanapkalinga.mobile:951c6d4b: onRequestHide at ORIGIN_CLIENT_HIDE_SOFT_INPUT reason HIDE_SOFT_INPUT
06-26 03:30:05.772   519  2210 I ImeTracker: com.hanapkalinga.mobile:951c6d4b: onCancelled at PHASE_SERVER_SHOULD_HIDE
06-26 03:30:05.792  7446  7662 W QueryController: Could not detect idle state.
06-26 03:30:05.793  7446  7662 D Maestro : Requesting view hierarchy
06-26 03:30:05.793  7446  7662 W QueryController: Could not detect idle state.
06-26 03:30:05.794  7446  7662 W QueryController: Could not detect idle state.
06-26 03:30:05.808  7598  7618 D EGL_emulation: app_time_stats: avg=32.66ms min=2.22ms max=484.33ms count=24
