06-26 03:31:08.161  1808  2437 E cr_CronetUrlRequestContext: 	at com.google.common.util.concurrent.c.a(PG:1)
06-26 03:31:08.161  1808  2437 E cr_CronetUrlRequestContext: 	at com.google.common.util.concurrent.d.l(PG:3)
06-26 03:31:08.161  1808  2437 E cr_CronetUrlRequestContext: 	at com.google.common.util.concurrent.d.cancel(PG:8)
06-26 03:31:08.161  1808  2437 E cr_CronetUrlRequestContext: 	at com.google.common.util.concurrent.bu.cancel(PG:1)
06-26 03:31:08.161  1808  2437 E cr_CronetUrlRequestContext: 	at com.google.common.util.concurrent.d.cancel(PG:17)
06-26 03:31:08.161  1808  2437 E cr_CronetUrlRequestContext: 	at com.google.android.apps.gsa.staticplugins.bk.b.h.run(PG:2)
06-26 03:31:08.161  1808  2437 E cr_CronetUrlRequestContext: 	at com.google.common.util.concurrent.bf.execute(PG:1)
06-26 03:31:08.161  1808  2437 E cr_CronetUrlRequestContext: 	at com.google.common.util.concurrent.d.i(PG:1)
06-26 03:31:08.161  1808  2437 E cr_CronetUrlRequestContext: 	at com.google.common.util.concurrent.d.l(PG:12)
06-26 03:31:08.161  1808  2437 E cr_CronetUrlRequestContext: 	at com.google.common.util.concurrent.d.cancel(PG:8)
06-26 03:31:08.161  1808  2437 E cr_CronetUrlRequestContext: 	at com.google.common.util.concurrent.d.m(PG:2)
06-26 03:31:08.161  1808  2437 E cr_CronetUrlRequestContext: 	at com.google.common.util.concurrent.j.a(PG:1)
06-26 03:31:08.161  1808  2437 E cr_CronetUrlRequestContext: 	at com.google.common.util.concurrent.d.l(PG:3)
06-26 03:31:08.161  1808  2437 E cr_CronetUrlRequestContext: 	at com.google.common.util.concurrent.d.cancel(PG:8)
06-26 03:31:08.161  1808  2437 E cr_CronetUrlRequestContext: 	at com.google.android.apps.gsa.shared.util.c.aj.a(PG:2)
06-26 03:31:08.161  1808  2437 E cr_CronetUrlRequestContext: 	at com.google.common.util.concurrent.d.l(PG:3)
06-26 03:31:08.161  1808  2437 E cr_CronetUrlRequestContext: 	at com.google.common.util.concurrent.d.cancel(PG:8)
06-26 03:31:08.161  1808  2437 E cr_CronetUrlRequestContext: 	at com.google.common.util.concurrent.d.m(PG:2)
06-26 03:31:08.161  1808  2437 E cr_CronetUrlRequestContext: 	at com.google.common.util.concurrent.c.a(PG:1)
06-26 03:31:08.161  1808  2437 E cr_CronetUrlRequestContext: 	at com.google.common.util.concurrent.d.l(PG:3)
06-26 03:31:08.161  1808  2437 E cr_CronetUrlRequestContext: 	at com.google.common.util.concurrent.d.cancel(PG:8)
06-26 03:31:08.161  1808  2437 E cr_CronetUrlRequestContext: 	at com.google.android.apps.gsa.s3.r.c(PG:1)
06-26 03:31:08.161  1808  2437 E cr_CronetUrlRequestContext: 	at com.google.android.apps.gsa.s3.n.e(PG:1)
06-26 03:31:08.161  1808  2437 E cr_CronetUrlRequestContext: 	at com.google.android.apps.gsa.s3.n.hh(PG:2)
06-26 03:31:08.161  1808  2437 E cr_CronetUrlRequestContext: 	at com.google.cd.g.a.f.e(PG:2)
06-26 03:31:08.161  1808  2437 E cr_CronetUrlRequestContext: 	at com.google.android.apps.gsa.speech.k.a.g.d(PG:22)
06-26 03:31:08.161  1808  2437 E cr_CronetUrlRequestContext: 	at com.google.android.apps.gsa.speech.k.a.g.ks(PG:6)
06-26 03:31:08.161  1808  2437 E cr_CronetUrlRequestContext: 	at com.google.android.apps.gsa.s3.o.e(PG:14)
06-26 03:31:08.161  1808  2437 E cr_CronetUrlRequestContext: 	at com.google.android.apps.gsa.s3.p.run(PG:1)
06-26 03:31:08.161  1808  2437 E cr_CronetUrlRequestContext: 	at java.util.concurrent.Executors$RunnableAdapter.call(Executors.java:487)
06-26 03:31:08.161  1808  2437 E cr_CronetUrlRequestContext: 	at java.util.concurrent.FutureTask.run(FutureTask.java:264)
06-26 03:31:08.161  1808  2437 E cr_CronetUrlRequestContext: 	at com.google.android.apps.gsa.shared.util.c.a.e.run(PG:2)
06-26 03:31:08.161  1808  2437 E cr_CronetUrlRequestContext: 	at com.google.android.apps.gsa.shared.util.c.a.bi.run(PG:1)
06-26 03:31:08.161  1808  2437 E cr_CronetUrlRequestContext: 	at com.google.android.apps.gsa.shared.util.c.a.bi.run(PG:1)
06-26 03:31:08.161  1808  2437 E cr_CronetUrlRequestContext: 	at java.util.concurrent.ThreadPoolExecutor.runWorker(ThreadPoolExecutor.java:1145)
06-26 03:31:08.161  1808  2437 E cr_CronetUrlRequestContext: 	at java.util.concurrent.ThreadPoolExecutor$Worker.run(ThreadPoolExecutor.java:644)
06-26 03:31:08.161  1808  2437 E cr_CronetUrlRequestContext: 	at java.lang.Thread.run(Thread.java:1012)
06-26 03:31:08.161  1808  2437 E cr_CronetUrlRequestContext: 	at com.google.android.apps.gsa.shared.util.c.a.l.run(PG:5)
06-26 03:31:08.162  1091  1091 D TaplTarget: sendStateEventToTest: 0
06-26 03:31:08.163  1091  1131 I ImeTracker: com.google.android.apps.nexuslauncher:b6c379b4: onRequestHide at ORIGIN_CLIENT_HIDE_SOFT_INPUT reason HIDE_SOFT_INPUT
06-26 03:31:08.163   519  1632 W AppSearchIcing: icing-search-engine.cc:283: Error: 5, Message: Document (com.google.android.googlequicksearchbox$OneSearchZeroStateGoogleSuggestions/default, zp) not found.
06-26 03:31:08.164  1091  2186 D OneSearchSuggestProvider: Created the binder channel successfully for end point service =com.google.android.apps.search.googleapp.search.suggest.plugins.onesearch.server.OneSearchSuggestService , mChannel=z1{delegate=s1{logId=37, target=directaddress:///AndroidComponentAddress%5BIntent%20%7B%20act=grpc.io.action.BIND%20cmp=com.google.android.googlequicksearchbox/com.google.android.apps.search.googleapp.search.suggest.plugins.onesearch.server.OneSearchSuggestService%20%7D%5D}} , mOneSearchConnection=X1.T@d32ae6d
06-26 03:31:08.166   396   416 D audioserver: FGS Logger Transaction failed
06-26 03:31:08.166   396   416 D audioserver: -129
06-26 03:31:08.166   396   487 D AudioFlinger: mixer(0x70c8df1ef930) throttle end: throttle time(29)
06-26 03:31:08.168  3796  4220 D BtGatt.ScanManager: uid 10131 isForeground true scanMode -1
06-26 03:31:08.168  3796  4220 D BtGatt.ScanManager: uid 10131 isForeground true scanMode -1
06-26 03:31:08.168  3796  4220 D BtGatt.ScanManager: uid 10131 isForeground true scanMode 1
06-26 03:31:08.174  1091  1131 I ImeTracker: com.google.android.apps.nexuslauncher:b6c379b4: onFailed at PHASE_CLIENT_VIEW_SERVED
06-26 03:31:08.183  1584  1774 I AiAiEcho: Predicting[0]: 
06-26 03:31:08.183  1584  1774 I AiAiEcho: EchoTargets: 
06-26 03:31:08.183  1584  1774 I AiAiEcho: Filtered by AiAi flag check: 
06-26 03:31:08.183  1584  1774 I AiAiEcho: Ranked targets strategy: SORT, count: 0, ranking metadata: 
06-26 03:31:08.183  1584  1774 I AiAiEcho: #postPredictionTargets: Sending updates to UISurface home with targets# 0 (types=[])
06-26 03:31:08.190   519   538 V WindowManager: Sent Transition #20 createdAt=06-26 03:31:07.991
06-26 03:31:08.190   519   538 V WindowManager:     startWCT=WindowContainerTransaction { changes = {} hops = [{PendingIntent: options=Bundle[{android.activity.splashScreenStyle=-1, android.activity.sourceInfo=android.app.ActivityOptions$SourceInfo@fd29f18, android.activity.transientLaunch=true}]}] errorCallbackToken=null taskFragmentOrganizer=null }
06-26 03:31:08.190   519   538 V WindowManager:     info={id=20 t=TO_FRONT f=0x80 trk=0 r=[0@Point(0, 0)] c=[{WCT{RemoteToken{7502e89 Task{c4ea6d1 #1 type=home}}} m=TO_FRONT f=SHOW_WALLPAPER|MOVE_TO_TOP leash=Surface(name=Task=1)/@0x571b0af sb=Rect(0, 0 - 320, 640) eb=Rect(0, 0 - 320, 640) d=0},{WCT{RemoteToken{eadec9c Task{9b1bb79 #13 type=standard A=10192:com.hanapkalinga.mobile}}} m=TO_BACK f=NONE leash=Surface(name=Task=13)/@0x9fa970 sb=Rect(0, 0 - 320, 640) eb=Rect(0, 0 - 320, 640) d=0},{null m=TO_FRONT f=IS_WALLPAPER leash=Surface(name=WallpaperWindowToken{d690edf token=android.os.Binder@8b8397e})/@0xcc80937 sb=Rect(0, 0 - 320, 640) eb=Rect(0, 0 - 320, 640) d=0}]}
06-26 03:31:08.190  1808  1808 I A       : Created gRPC endpoint to "search" for service class com.google.android.apps.search.googleapp.search.suggest.plugins.onesearch.server.OneSearchSuggestService
06-26 03:31:08.193  1808  1808 I A       : onApplyWindowInsets: systemWindowInsets=Insets{left=0, top=24, right=0, bottom=0}
06-26 03:31:08.193  1808  1808 I A       : onApplyWindowInsets: systemWindowInsets=Insets{left=0, top=24, right=0, bottom=0}
06-26 03:31:08.193   835   866 V WindowManagerShell: onTransitionReady android.os.BinderProxy@d416d8b: {id=20 t=TO_FRONT f=0x80 trk=0 r=[0@Point(0, 0)] c=[{WCT{android.window.IWindowContainerToken$Stub$Proxy@a7bc914} m=TO_FRONT f=SHOW_WALLPAPER|MOVE_TO_TOP leash=Surface(name=Task=1)/@0x8be2e68 sb=Rect(0, 0 - 320, 640) eb=Rect(0, 0 - 320, 640) d=0},{WCT{android.window.IWindowContainerToken$Stub$Proxy@770e5bd} m=TO_BACK f=NONE leash=Surface(name=Task=13)/@0x78da281 sb=Rect(0, 0 - 320, 640) eb=Rect(0, 0 - 320, 640) d=0},{null m=TO_FRONT f=IS_WALLPAPER leash=Surface(name=WallpaperWindowToken{d690edf token=android.os.Binder@8b8397e})/@0xf97af26 sb=Rect(0, 0 - 320, 640) eb=Rect(0, 0 - 320, 640) d=0}]}
06-26 03:31:08.193   835   866 V WindowManagerShell: Playing animation for (#20)android.os.BinderProxy@d416d8b@0
06-26 03:31:08.193   835   866 V WindowManagerShell:  try firstHandler com.android.wm.shell.recents.RecentsTransitionHandler@d9cc1aa
06-26 03:31:08.194   835   866 V ShellRecents: [172586842] RecentsController.start
06-26 03:31:08.197   835   866 V ShellRecents:   adding pausing leaf taskId=13 at layer=8
06-26 03:31:08.197   835   866 V ShellRecents: [172586842] RecentsController.start: calling onAnimationStart
06-26 03:31:08.197   835   866 V WindowManagerShell:  animated by firstHandler
06-26 03:31:08.198   835   866 V ShellRecents: [172586842] RecentsController.finishInner: toHome=false userLeave=false willFinishToHome=false state=0
06-26 03:31:08.198   835   866 V ShellRecents:   returning to app
06-26 03:31:08.198   835   866 V ShellRecents: [172586842] RecentsController.cleanup
06-26 03:31:08.198   835   866 V WindowManagerShell: Transition animation finished (aborted=false), notifying core (#20)android.os.BinderProxy@d416d8b@0
06-26 03:31:08.199   519   538 V WindowManager: Finish Transition #20: created at 06-26 03:31:07.991 collect-started=0.083ms started=0.143ms ready=1.167ms sent=188.772ms finished=208.223ms
06-26 03:31:08.200   835   866 V WindowManagerShell: Track 0 became idle
06-26 03:31:08.201   835   866 V WindowManagerShell: All active transition animations finished
06-26 03:31:08.205  3796  4220 D BtGatt.ScanManager: uid 10131 isForeground true scanMode -1
06-26 03:31:08.207  3796  4220 D BtGatt.ScanManager: uid 10131 isForeground true scanMode -1
06-26 03:31:08.207  3796  4220 D BtGatt.ScanManager: uid 10131 isForeground true scanMode 1
06-26 03:31:08.212   396   487 D AudioFlinger: mixer(0x70c8df1ef930) throttle end: throttle time(33)
06-26 03:31:08.214  1808  3109 W A       : [Download] response code: 400
06-26 03:31:08.217  1808  3056 I A       : Using proto config with mendel
06-26 03:31:08.217  1808  3056 I A       : Using proto config with mendel
06-26 03:31:08.225  1808  2437 W CorpusConfigHelper: Invalid input from icing corpus JSON flag.
06-26 03:31:08.225  1808  2437 W CorpusConfigHelper: android.util.MalformedJsonException: Use JsonReader.setLenient(true) to accept malformed JSON at line 123 column 2
06-26 03:31:08.225  1808  2437 W CorpusConfigHelper: 	at android.util.JsonReader.syntaxError(JsonReader.java:1162)
06-26 03:31:08.225  1808  2437 W CorpusConfigHelper: 	at android.util.JsonReader.checkLenient(JsonReader.java:840)
06-26 03:31:08.225  1808  2437 W CorpusConfigHelper: 	at android.util.JsonReader.nextInArray(JsonReader.java:615)
06-26 03:31:08.225  1808  2437 W CorpusConfigHelper: 	at android.util.JsonReader.peek(JsonReader.java:345)
06-26 03:31:08.225  1808  2437 W CorpusConfigHelper: 	at android.util.JsonReader.hasNext(JsonReader.java:321)
06-26 03:31:08.225  1808  2437 W CorpusConfigHelper: 	at com.google.android.apps.gsa.searchbox.c.b.b.k.c(PG:7)
06-26 03:31:08.225  1808  2437 W CorpusConfigHelper: 	at com.google.android.apps.gsa.searchbox.c.b.b.k.<init>(PG:5)
06-26 03:31:08.225  1808  2437 W CorpusConfigHelper: 	at com.google.android.apps.gsa.staticplugins.searchboxroot.features.n.a.c.<init>(PG:16)
06-26 03:31:08.225  1808  2437 W CorpusConfigHelper: 	at com.google.android.apps.gsa.staticplugins.searchboxroot.b.a(PG:14)
06-26 03:31:08.225  1808  2437 W CorpusConfigHelper: 	at com.google.android.apps.gsa.staticplugins.searchboxroot.x.<init>(PG:7)
06-26 03:31:08.225  1808  2437 W CorpusConfigHelper: 	at com.google.android.apps.gsa.binaries.velvet.app.akd.b(PG:15)
06-26 03:31:08.225  1808  2437 W CorpusConfigHelper: 	at dagger.a.e.b(PG:1)
06-26 03:31:08.225  1808  2437 W CorpusConfigHelper: 	at com.google.android.apps.gsa.staticplugins.searchboxroot.a.a.a(PG:3)
06-26 03:31:08.225  1808  2437 W CorpusConfigHelper: 	at com.google.android.apps.gsa.binaries.velvet.app.ok.f(Unknown Source:2541)
06-26 03:31:08.225  1808  2437 W CorpusConfigHelper: 	at com.google.android.apps.gsa.binaries.velvet.app.ok.b(PG:1)
06-26 03:31:08.225  1808  2437 W CorpusConfigHelper: 	at com.google.android.apps.gsa.search.core.service.g.a.c.a(PG:2)
06-26 03:31:08.225  1808  2437 W CorpusConfigHelper: 	at com.google.android.libraries.gsa.k.a.f.a(PG:2)
06-26 03:31:08.225  1808  2437 W CorpusConfigHelper: 	at com.google.common.util.concurrent.dx.a(PG:1)
06-26 03:31:08.225  1808  2437 W CorpusConfigHelper: 	at com.google.common.util.concurrent.cv.run(PG:4)
06-26 03:31:08.225  1808  2437 W CorpusConfigHelper: 	at com.google.common.util.concurrent.dz.run(PG:1)
06-26 03:31:08.225  1808  2437 W CorpusConfigHelper: 	at com.google.android.libraries.i.ae.run(PG:1)
06-26 03:31:08.225  1808  2437 W CorpusConfigHelper: 	at java.util.concurrent.ThreadPoolExecutor.runWorker(ThreadPoolExecutor.java:1145)
06-26 03:31:08.225  1808  2437 W CorpusConfigHelper: 	at java.util.concurrent.ThreadPoolExecutor$Worker.run(ThreadPoolExecutor.java:644)
06-26 03:31:08.225  1808  2437 W CorpusConfigHelper: 	at com.google.android.libraries.i.k.run(PG:2)
06-26 03:31:08.225  1808  2437 W CorpusConfigHelper: 	at com.google.android.libraries.i.p.run(PG:4)
06-26 03:31:08.225  1808  2437 W CorpusConfigHelper: 	at java.lang.Thread.run(Thread.java:1012)
06-26 03:31:08.235  1808  2427 W A       : Queue length for executor EventBus is now 11. Perhaps some tasks are too long, or the pool is too small.
06-26 03:31:08.243  1091  2186 D OneSearchSuggestProvider: Shut down the binder channel
06-26 03:31:08.244  1091  1131 I ImeTracker: com.google.android.apps.nexuslauncher:da996073: onRequestHide at ORIGIN_CLIENT_HIDE_SOFT_INPUT reason HIDE_SOFT_INPUT
06-26 03:31:08.244  1091  1131 I ImeTracker: com.google.android.apps.nexuslauncher:da996073: onFailed at PHASE_CLIENT_VIEW_SERVED
06-26 03:31:08.249  1808  2679 I PBSessionCacheImpl: Deleted sessionId[7953450536499624] from persistence.
06-26 03:31:08.251  1808  3056 W SearchServiceCore: Abort, client detached.
06-26 03:31:08.256  1808  3056 I MicroDetectionState: Should stop hotword detection immediately - true
06-26 03:31:08.256  1808  3056 I A       : Using proto config with mendel
06-26 03:31:08.256  1808  3056 I A       : Using proto config with mendel
06-26 03:31:08.257  1808  3056 E sb.r.SbWorkerImpl: Failed to start lifecycleManager
06-26 03:31:08.257  1808  3056 E sb.r.SbWorkerImpl: java.util.concurrent.CancellationException
06-26 03:31:08.257  1808  3056 E sb.r.SbWorkerImpl: 	at java.util.concurrent.FutureTask.report(FutureTask.java:121)
06-26 03:31:08.257  1808  3056 E sb.r.SbWorkerImpl: 	at java.util.concurrent.FutureTask.get(FutureTask.java:191)
06-26 03:31:08.257  1808  3056 E sb.r.SbWorkerImpl: 	at com.google.common.util.concurrent.eb.a(PG:1)
06-26 03:31:08.257  1808  3056 E sb.r.SbWorkerImpl: 	at com.google.common.util.concurrent.ci.r(PG:2)
06-26 03:31:08.257  1808  3056 E sb.r.SbWorkerImpl: 	at com.google.common.util.concurrent.cb.run(PG:4)
06-26 03:31:08.257  1808  3056 E sb.r.SbWorkerImpl: 	at com.google.android.apps.gsa.shared.util.c.a.cf.b(PG:1)
06-26 03:31:08.257  1808  3056 E sb.r.SbWorkerImpl: 	at com.google.android.apps.gsa.shared.util.c.a.ci.run(PG:1)
06-26 03:31:08.257  1808  3056 E sb.r.SbWorkerImpl: 	at com.google.android.apps.gsa.shared.util.c.a.ae.run(PG:2)
06-26 03:31:08.257  1808  3056 E sb.r.SbWorkerImpl: 	at com.google.android.apps.gsa.shared.util.c.a.an.c(PG:1)
06-26 03:31:08.257  1808  3056 E sb.r.SbWorkerImpl: 	at com.google.android.apps.gsa.shared.util.c.a.ak.run(Unknown Source:2)
06-26 03:31:08.257  1808  3056 E sb.r.SbWorkerImpl: 	at com.google.android.apps.gsa.shared.util.c.a.e.run(PG:2)
06-26 03:31:08.257  1808  3056 E sb.r.SbWorkerImpl: 	at java.util.concurrent.Executors$RunnableAdapter.call(Executors.java:487)
06-26 03:31:08.257  1808  3056 E sb.r.SbWorkerImpl: 	at java.util.concurrent.FutureTask.run(FutureTask.java:264)
06-26 03:31:08.257  1808  3056 E sb.r.SbWorkerImpl: 	at java.util.concurrent.ScheduledThreadPoolExecutor$ScheduledFutureTask.run(ScheduledThreadPoolExecutor.java:307)
06-26 03:31:08.257  1808  3056 E sb.r.SbWorkerImpl: 	at java.util.concurrent.ThreadPoolExecutor.runWorker(ThreadPoolExecutor.java:1145)
06-26 03:31:08.257  1808  3056 E sb.r.SbWorkerImpl: 	at java.util.concurrent.ThreadPoolExecutor$Worker.run(ThreadPoolExecutor.java:644)
06-26 03:31:08.257  1808  3056 E sb.r.SbWorkerImpl: 	at java.lang.Thread.run(Thread.java:1012)
06-26 03:31:08.257  1808  3056 E sb.r.SbWorkerImpl: 	at com.google.android.apps.gsa.shared.util.c.a.l.run(PG:5)
06-26 03:31:08.257  1808  3056 I MicroDetectionState: Should stop hotword detection immediately - true
06-26 03:31:08.258  1808  3056 I A       : Using proto config with mendel
06-26 03:31:08.258  1808  3056 I A       : Using proto config with mendel
06-26 03:31:08.269  1091  1091 D SearchTargetUtil:  query= size=15
06-26 03:31:08.271  1091  1711 I IPCThreadState: oneway function results for code 2 on binder at 0x70224e4ad860 will be dropped but finished with status UNKNOWN_TRANSACTION
06-26 03:31:08.273  8158  8158 E unknown:SurfaceMountingManager: Unhandled SoftException
06-26 03:31:08.273  8158  8158 E unknown:SurfaceMountingManager: java.lang.IllegalStateException: addViewAt: cannot insert view [302] into parent [304]: View already has a parent: [322]  Parent: ReactViewGroup View: SvgView
06-26 03:31:08.273  8158  8158 E unknown:SurfaceMountingManager: 	at com.facebook.react.fabric.mounting.SurfaceMountingManager.addViewAt(SurfaceMountingManager.kt:307)
06-26 03:31:08.273  8158  8158 E unknown:SurfaceMountingManager: 	at com.facebook.react.fabric.mounting.mountitems.IntBufferBatchMountItem.execute(IntBufferBatchMountItem.kt:122)
06-26 03:31:08.273  8158  8158 E unknown:SurfaceMountingManager: 	at com.facebook.react.fabric.mounting.MountItemDispatcher.executeOrEnqueue(MountItemDispatcher.kt:340)
06-26 03:31:08.273  8158  8158 E unknown:SurfaceMountingManager: 	at com.facebook.react.fabric.mounting.MountItemDispatcher.dispatchMountItems(MountItemDispatcher.kt:246)
06-26 03:31:08.273  8158  8158 E unknown:SurfaceMountingManager: 	at com.facebook.react.fabric.mounting.MountItemDispatcher.tryDispatchMountItems(MountItemDispatcher.kt:93)
06-26 03:31:08.273  8158  8158 E unknown:SurfaceMountingManager: 	at com.facebook.react.fabric.FabricUIManager$DispatchUIFrameCallback.doFrameGuarded(FabricUIManager.java:1528)
06-26 03:31:08.273  8158  8158 E unknown:SurfaceMountingManager: 	at com.facebook.react.uimanager.GuardedFrameCallback.doFrame(GuardedFrameCallback.kt:42)
06-26 03:31:08.273  8158  8158 E unknown:SurfaceMountingManager: 	at com.facebook.react.modules.core.ReactChoreographer.frameCallback$lambda$1(ReactChoreographer.kt:59)
06-26 03:31:08.273  8158  8158 E unknown:SurfaceMountingManager: 	at com.facebook.react.modules.core.ReactChoreographer.$r8$lambda$nSkFhrr5T7rop_XKwzlLov4NLLw(Unknown Source:0)
06-26 03:31:08.273  8158  8158 E unknown:SurfaceMountingManager: 	at com.facebook.react.modules.core.ReactChoreographer$$ExternalSyntheticLambda0.doFrame(D8$$SyntheticClass:0)
06-26 03:31:08.273  8158  8158 E unknown:SurfaceMountingManager: 	at android.view.Choreographer$CallbackRecord.run(Choreographer.java:1337)
06-26 03:31:08.273  8158  8158 E unknown:SurfaceMountingManager: 	at android.view.Choreographer$CallbackRecord.run(Choreographer.java:1348)
06-26 03:31:08.273  8158  8158 E unknown:SurfaceMountingManager: 	at android.view.Choreographer.doCallbacks(Choreographer.java:952)
06-26 03:31:08.273  8158  8158 E unknown:SurfaceMountingManager: 	at android.view.Choreographer.doFrame(Choreographer.java:878)
06-26 03:31:08.273  8158  8158 E unknown:SurfaceMountingManager: 	at android.view.Choreographer$FrameDisplayEventReceiver.run(Choreographer.java:1322)
06-26 03:31:08.273  8158  8158 E unknown:SurfaceMountingManager: 	at android.os.Handler.handleCallback(Handler.java:958)
06-26 03:31:08.273  8158  8158 E unknown:SurfaceMountingManager: 	at android.os.Handler.dispatchMessage(Handler.java:99)
06-26 03:31:08.273  8158  8158 E unknown:SurfaceMountingManager: 	at android.os.Looper.loopOnce(Looper.java:205)
06-26 03:31:08.273  8158  8158 E unknown:SurfaceMountingManager: 	at android.os.Looper.loop(Looper.java:294)
06-26 03:31:08.273  8158  8158 E unknown:SurfaceMountingManager: 	at android.app.ActivityThread.main(ActivityThread.java:8177)
06-26 03:31:08.273  8158  8158 E unknown:SurfaceMountingManager: 	at java.lang.reflect.Method.invoke(Native Method)
06-26 03:31:08.273  8158  8158 E unknown:SurfaceMountingManager: 	at com.android.internal.os.RuntimeInit$MethodAndArgsCaller.run(RuntimeInit.java:552)
06-26 03:31:08.273  8158  8158 E unknown:SurfaceMountingManager: 	at com.android.internal.os.ZygoteInit.main(ZygoteInit.java:971)
06-26 03:31:08.273  1091  1091 D SearchTargetUtil: layoutType=short_icon_row resultType=131072 packageName=com.google.android.googlequicksearchbox extras=Bundle{suggestion_type=33,suggest_truncate_start=false,is_answer=false,is_entity=false,is_personal=false,suggest_raw_text=lakers knicks mavs suns trade,group_id=web119375,response_id=23dc340a-a7da-4e24-a115-16bedc99b854,support_query_builder=false,} searchAction=lakers knicks mavs suns trade searchActionExtras=Bundle{learn_more_url=https://support.google.com/websearch/answer/106230?hl=106230,suggestion_action_text=Report this,should_start_for_result=true,allow_pinning=true,skip_logging_in_target_handler=false,suggestion_action_rpc=2,}ParentID: null targetID: 4bc7b2f4-2986-4648-841f-5e2902cc3a51
06-26 03:31:08.273  1091  1091 D SearchTargetUtil: layoutType=short_icon_row resultType=131072 packageName=com.google.android.googlequicksearchbox extras=Bundle{suggestion_type=33,suggest_truncate_start=false,is_answer=false,is_entity=false,is_personal=false,suggest_raw_text=crofton cookware,group_id=web119375,response_id=23dc340a-a7da-4e24-a115-16bedc99b854,support_query_builder=false,} searchAction=crofton cookware searchActionExtras=Bundle{learn_more_url=https://support.google.com/websearch/answer/106230?hl=106230,suggestion_action_text=Report this,should_start_for_result=true,allow_pinning=true,skip_logging_in_target_handler=false,suggestion_action_rpc=2,}ParentID: null targetID: 02236fba-ca50-44d4-b0fe-b701456c2f2d
06-26 03:31:08.273  1091  1091 D SearchTargetUtil: layoutType=extra_tall_icon_row resultType=131072 packageName=com.google.android.googlequicksearchbox extras=Bundle{bitmap_url=data:image/jpeg;base64,/9j/4AAQSkZJRgABAQAAAQABAAD/2wCEAAkGBwgHBgkIBwgKCgkLDRYPDQwMDRsUFRAWIB0iIiAdHx8kKDQsJCYxJx8fLT0tMTU3Ojo6Iys/RD84QzQ5OjcBCgoKDQwNGg8PGjclHyU3Nzc3Nzc3Nzc3Nzc3Nzc3Nzc3Nzc3Nzc3Nzc3Nzc3Nzc3Nzc3Nzc3Nzc3Nzc3Nzc3N//AABEIADAAMAMBIgACEQEDEQH/xAAbAAACAgMBAAAAAAAAAAAAAAAEBQIGAQMHAP/EADEQAAIBAgUCBAUCBwAAAAAAAAECAwQRAAUSITETQSJRYYEGFDJxkRUjFkJEocHh8f/EABkBAAIDAQAAAAAAAAAAAAAAAAQFAQIDAP/EACARAAICAgIDAQEAAAAAAAAAAAERAAIDEgQhEzHwYUH/2gAMAwEAAhEDEQA/AHPRdPqQj7jE0UEbEH7HD6rCTZcYlIZzp1C/1AEEj3AIwhmScT3WDWEcspG2rwMN/fb8YYbuKfGo8y2ehgjF6e8o31EXPtjbXTwSJ+yQst7gjbCMSVIvekN/D/Nzcb/jjEy8qpqliC+LTsSbc78egPv6Yog3NGUow/UjpCuu3f1xthkgkQlLahvvyMInNRLErCAEAhwQ1w254sOLAb+uCI1d0u8ZQ+RxKBkOw9w9Y+2JmkeQAC4sQePLBqQqiF3IVVF2Y7ADzOKnU/EtbDmebJrpRTUAAPit2uWue3Ittx6jAvI5BxpBwvj8Xy+yo+SidGsshVd/DpG3/MYly4yEs8rG4t9IFtiP8n84z8H5r/EOSRZgVVWYlWUG9mHOGtW0VLD1Z2CpqVQT3LEAD8kYtTLtXYhSL4dbajuKo6QxavFcHhbWAx5osbaHNaasrXotDxThA8d7FJkIvqRhswwY8O52xpXILBiZ3xGpRg+fLKlCrx6TErEzI4urjSbKw7gtpH+sVSqyibNKv52roUXMJ4+jNHAdSTJfTqdeA4W573sBi5ZxIJMtYQRLP+8qsG4SzDxEdwLdsK6Cb5OX5eqdpyq9f5i2g6yNIULfcWJ3vz5YXZSLXYPUc4KnxAa9h/ffkh8B5XFldZmVLSPel8DInZWsCwG/AuBvvcH3I+LBV1mU1S0y0qSQP/UG6LY31EgbG24FubeuM5LPSfrUtXC+3Tkd9ZI1FjfSo4vewt5AY9KYqiozKWronUTqD02jbpvZSAXLKLW8j37kY6l+hUf2Vz4HY2ISAMq1VHNJNlOY5nUrBVUSs5EKHTIraQFA7A2tub887Y6L0yYwSbnucc8+GBDV1y02aUjNXdPUktRD1YyQSNJ8NlG3IG1r4vUGYaqnpTgwkbOhW6g+YcbfcH+3cl1x20EDsDkrvb3P/9k=,suggestion_type=33,suggest_truncate_start=false,is_answer=false,is_entity=true,is_personal=false,suggest_raw_text=gilmore girls netflix,group_id=web119375,response_id=23dc340a-a7da-4e24-a115-16bedc99b854,support_query_builder=false,} searchAction=gilmore girls netflix searchActionExtras=Bundle{learn_more_url=https://support.google.com/websearch/answer/106230?hl=106230,suggestion_action_text=Report this,should_start_for_result=true,allow_pinning=true,skip_logging_in_target_handler=false,suggestion_action_rpc=2,}ParentID: null targetID: a09626d1-fd83-4e36-9120-53c860033367
06-26 03:31:08.273  1091  1091 D SearchTargetUtil: layoutType=short_icon_row resultType=131072 packageName=com.google.android.googlequicksearchbox extras=Bundle{suggestion_type=33,suggest_truncate_start=false,is_answer=false,is_entity=false,is_personal=false,suggest_raw_text=vinted,group_id=web119375,response_id=23dc340a-a7da-4e24-a115-16bedc99b854,support_query_builder=false,} searchAction=vinted searchActionExtras=Bundle{learn_more_url=https://support.google.com/websearch/answer/106230?hl=106230,suggestion_action_text=Report this,should_start_for_result=true,allow_pinning=true,skip_logging_in_target_handler=false,suggestion_action_rpc=2,}ParentID: null targetID: 3af0a611-bdd4-4e14-856b-4f6dc70b4dbe
06-26 03:31:08.273  1091  1091 D SearchTargetUtil: layoutType=short_icon_row resultType=131072 packageName=com.google.android.googlequicksearchbox extras=Bundle{suggestion_type=33,suggest_truncate_start=false,is_answer=false,is_entity=false,is_personal=false,suggest_raw_text=ebola cases france,group_id=web119375,response_id=23dc340a-a7da-4e24-a115-16bedc99b854,support_query_builder=false,} searchAction=ebola cases france searchActionExtras=Bundle{learn_more_url=https://support.google.com/websearch/answer/106230?hl=106230,suggestion_action_text=Report this,should_start_for_result=true,allow_pinning=true,skip_logging_in_target_handler=false,suggestion_action_rpc=2,}ParentID: null targetID: 81602656-3aaf-431b-b25b-ae5c3aa06da4
06-26 03:31:08.273  1091  1091 D SearchTargetUtil: layoutType=short_icon_row resultType=131072 packageName=com.google.android.googlequicksearchbox extras=Bundle{suggestion_type=33,suggest_truncate_start=false,is_answer=false,is_entity=false,is_personal=false,suggest_raw_text=gta vi pre orders,group_id=web119375,response_id=23dc340a-a7da-4e24-a115-16bedc99b854,support_query_builder=false,} searchAction=gta vi pre orders searchActionExtras=Bundle{learn_more_url=https://support.google.com/websearch/answer/106230?hl=106230,suggestion_action_text=Report this,should_start_for_result=true,allow_pinning=true,skip_logging_in_target_handler=false,suggestion_action_rpc=2,}ParentID: null targetID: e0312459-8c61-4993-be1d-6fe67a30fb7a
06-26 03:31:08.273  1091  1091 D SearchTargetUtil: layoutType=short_icon_row resultType=131072 packageName=com.google.android.googlequicksearchbox extras=Bundle{suggestion_type=33,suggest_truncate_start=false,is_answer=false,is_entity=false,is_personal=false,suggest_raw_text=dairy queen new blizzard flavors,group_id=web119375,response_id=23dc340a-a7da-4e24-a115-16bedc99b854,support_query_builder=false,} searchAction=dairy queen new blizzard flavors searchActionExtras=Bundle{learn_more_url=https://support.google.com/websearch/answer/106230?hl=106230,suggestion_action_text=Report this,should_start_for_result=true,allow_pinning=true,skip_logging_in_target_handler=false,suggestion_action_rpc=2,}ParentID: null targetID: 7522022f-b33f-49cb-bc4b-c66fcd39982b
06-26 03:31:08.273  1091  1091 D SearchTargetUtil: layoutType=short_icon_row resultType=131072 packageName=com.google.android.googlequicksearchbox extras=Bundle{suggestion_type=33,suggest_truncate_start=false,is_answer=false,is_entity=false,is_personal=false,suggest_raw_text=euclid telescope milky way image,group_id=web119375,response_id=23dc340a-a7da-4e24-a115-16bedc99b854,support_query_builder=false,} searchAction=euclid telescope milky way image searchActionExtras=Bundle{learn_more_url=https://support.google.com/websearch/answer/106230?hl=106230,suggestion_action_text=Report this,should_start_for_result=true,allow_pinning=true,skip_logging_in_target_handler=false,suggestion_action_rpc=2,}ParentID: null targetID: e9a58933-d1e0-4a39-8909-630c0d39aea8
06-26 03:31:08.273  1091  1091 D SearchTargetUtil: layoutType=extra_tall_icon_row resultType=131072 packageName=com.google.android.googlequicksearchbox extras=Bundle{bitmap_url=,suggestion_type=33,suggest_truncate_start=false,is_answer=false,is_entity=true,is_personal=false,suggest_raw_text=fifa world cup soccer,group_id=web119375,response_id=23dc340a-a7da-4e24-a115-16bedc99b854,support_query_builder=false,} searchAction=FIFA World Cup searchActionExtras=Bundle{learn_more_url=https://support.google.com/websearch/answer/106230?hl=106230,suggestion_action_text=Report this,should_start_for_result=true,allow_pinning=true,skip_logging_in_target_handler=false,suggestion_action_rpc=2,}ParentID: null targetID: e1da8aea-c5c8-4ef8-a9e5-618332bf0314
06-26 03:31:08.273  1091  1091 D SearchTargetUtil: layoutType=short_icon_row resultType=131072 packageName=com.google.android.googlequicksearchbox extras=Bundle{suggestion_type=33,suggest_truncate_start=false,is_answer=false,is_entity=false,is_personal=false,suggest_raw_text=nbc autumn tv premiere dates,group_id=web119375,response_id=23dc340a-a7da-4e24-a115-16bedc99b854,support_query_builder=false,} searchAction=nbc autumn tv premiere dates searchActionExtras=Bundle{learn_more_url=https://support.google.com/websearch/answer/106230?hl=106230,suggestion_action_text=Report this,should_start_for_result=true,allow_pinning=true,skip_logging_in_target_handler=false,suggestion_action_rpc=2,}ParentID: null targetID: bbd9a20e-3743-4cbc-bd2d-b75ca93e9eb6
06-26 03:31:08.274  1091  1091 D SearchTargetUtil: layoutType=short_icon_row resultType=131072 packageName=com.google.android.googlequicksearchbox extras=Bundle{suggestion_type=33,suggest_truncate_start=false,is_answer=false,is_entity=false,is_personal=false,suggest_raw_text=ibuypower rtx 5070 amazon deal,group_id=web119375,response_id=23dc340a-a7da-4e24-a115-16bedc99b854,support_query_builder=false,} searchAction=ibuypower rtx 5070 amazon deal searchActionExtras=Bundle{learn_more_url=https://support.google.com/websearch/answer/106230?hl=106230,suggestion_action_text=Report this,should_start_for_result=true,allow_pinning=true,skip_logging_in_target_handler=false,suggestion_action_rpc=2,}ParentID: null targetID: 49d3dc5a-1718-45c9-8117-bf8919b181de
06-26 03:31:08.274  8158  8158 E unknown:MountItemDispatcher: dispatchMountItems: caught exception, displaying mount state
06-26 03:31:08.274  8158  8158 E unknown:MountItemDispatcher: java.lang.IllegalStateException: addViewAt: failed to insert view [302] into parent [304] at index 0
06-26 03:31:08.274  8158  8158 E unknown:MountItemDispatcher: 	at com.facebook.react.fabric.mounting.SurfaceMountingManager.addViewAt(SurfaceMountingManager.kt:336)
06-26 03:31:08.274  8158  8158 E unknown:MountItemDispatcher: 	at com.facebook.react.fabric.mounting.mountitems.IntBufferBatchMountItem.execute(IntBufferBatchMountItem.kt:122)
06-26 03:31:08.274  8158  8158 E unknown:MountItemDispatcher: 	at com.facebook.react.fabric.mounting.MountItemDispatcher.executeOrEnqueue(MountItemDispatcher.kt:340)
06-26 03:31:08.274  8158  8158 E unknown:MountItemDispatcher: 	at com.facebook.react.fabric.mounting.MountItemDispatcher.dispatchMountItems(MountItemDispatcher.kt:246)
06-26 03:31:08.274  8158  8158 E unknown:MountItemDispatcher: 	at com.facebook.react.fabric.mounting.MountItemDispatcher.tryDispatchMountItems(MountItemDispatcher.kt:93)
06-26 03:31:08.274  8158  8158 E unknown:MountItemDispatcher: 	at com.facebook.react.fabric.FabricUIManager$DispatchUIFrameCallback.doFrameGuarded(FabricUIManager.java:1528)
06-26 03:31:08.274  8158  8158 E unknown:MountItemDispatcher: 	at com.facebook.react.uimanager.GuardedFrameCallback.doFrame(GuardedFrameCallback.kt:42)
06-26 03:31:08.274  8158  8158 E unknown:MountItemDispatcher: 	at com.facebook.react.modules.core.ReactChoreographer.frameCallback$lambda$1(ReactChoreographer.kt:59)
06-26 03:31:08.274  8158  8158 E unknown:MountItemDispatcher: 	at com.facebook.react.modules.core.ReactChoreographer.$r8$lambda$nSkFhrr5T7rop_XKwzlLov4NLLw(Unknown Source:0)
06-26 03:31:08.274  8158  8158 E unknown:MountItemDispatcher: 	at com.facebook.react.modules.core.ReactChoreographer$$ExternalSyntheticLambda0.doFrame(D8$$SyntheticClass:0)
06-26 03:31:08.274  8158  8158 E unknown:MountItemDispatcher: 	at android.view.Choreographer$CallbackRecord.run(Choreographer.java:1337)
06-26 03:31:08.274  8158  8158 E unknown:MountItemDispatcher: 	at android.view.Choreographer$CallbackRecord.run(Choreographer.java:1348)
06-26 03:31:08.274  8158  8158 E unknown:MountItemDispatcher: 	at android.view.Choreographer.doCallbacks(Choreographer.java:952)
06-26 03:31:08.274  8158  8158 E unknown:MountItemDispatcher: 	at android.view.Choreographer.doFrame(Choreographer.java:878)
06-26 03:31:08.274  8158  8158 E unknown:MountItemDispatcher: 	at android.view.Choreographer$FrameDisplayEventReceiver.run(Choreographer.java:1322)
06-26 03:31:08.274  8158  8158 E unknown:MountItemDispatcher: 	at android.os.Handler.handleCallback(Handler.java:958)
06-26 03:31:08.274  8158  8158 E unknown:MountItemDispatcher: 	at android.os.Handler.dispatchMessage(Handler.java:99)
06-26 03:31:08.274  8158  8158 E unknown:MountItemDispatcher: 	at android.os.Looper.loopOnce(Looper.java:205)
06-26 03:31:08.274  8158  8158 E unknown:MountItemDispatcher: 	at android.os.Looper.loop(Looper.java:294)
06-26 03:31:08.274  8158  8158 E unknown:MountItemDispatcher: 	at android.app.ActivityThread.main(ActivityThread.java:8177)
06-26 03:31:08.274  8158  8158 E unknown:MountItemDispatcher: 	at java.lang.reflect.Method.invoke(Native Method)
06-26 03:31:08.274  8158  8158 E unknown:MountItemDispatcher: 	at com.android.internal.os.RuntimeInit$MethodAndArgsCaller.run(RuntimeInit.java:552)
06-26 03:31:08.274  8158  8158 E unknown:MountItemDispatcher: 	at com.android.internal.os.ZygoteInit.main(ZygoteInit.java:971)
06-26 03:31:08.274  8158  8158 E unknown:MountItemDispatcher: Caused by: java.lang.IllegalStateException: The specified child already has a parent. You must call removeView() on the child's parent first.
06-26 03:31:08.274  8158  8158 E unknown:MountItemDispatcher: 	at android.view.ViewGroup.addViewInner(ViewGroup.java:5275)
06-26 03:31:08.274  8158  8158 E unknown:MountItemDispatcher: 	at android.view.ViewGroup.addView(ViewGroup.java:5104)
06-26 03:31:08.274  8158  8158 E unknown:MountItemDispatcher: 	at android.view.ViewGroup.addView(ViewGroup.java:5044)
06-26 03:31:08.274  8158  8158 E unknown:MountItemDispatcher: 	at com.facebook.react.views.view.ReactClippingViewManager.addView(ReactClippingViewManager.kt:36)
06-26 03:31:08.274  8158  8158 E unknown:MountItemDispatcher: 	at com.facebook.react.views.view.ReactClippingViewManager.addView(ReactClippingViewManager.kt:20)
06-26 03:31:08.274  8158  8158 E unknown:MountItemDispatcher: 	at com.facebook.react.fabric.mounting.SurfaceMountingManager.addViewAt(SurfaceMountingManager.kt:333)
06-26 03:31:08.274  8158  8158 E unknown:MountItemDispatcher: 	... 22 more
06-26 03:31:08.274  8158  8158 E unknown:MountItemDispatcher: dispatchMountItems: mountItem: next mountItem triggered exception!
06-26 03:31:08.274  1091  1091 D SearchTargetUtil: layoutType=short_icon_row resultType=131072 packageName=com.google.android.googlequicksearchbox extras=Bundle{suggestion_type=33,suggest_truncate_start=false,is_answer=false,is_entity=false,is_personal=false,suggest_raw_text=heaven hill old fitzgerald 17,group_id=web119375,response_id=23dc340a-a7da-4e24-a115-16bedc99b854,support_query_builder=false,} searchAction=heaven hill old fitzgerald 17 searchActionExtras=Bundle{learn_more_url=https://support.google.com/websearch/answer/106230?hl=106230,suggestion_action_text=Report this,should_start_for_result=true,allow_pinning=true,skip_logging_in_target_handler=false,suggestion_action_rpc=2,}ParentID: null targetID: 91a245c0-eb09-4a38-a54e-0f2f04b4bd6f
06-26 03:31:08.274  1091  1091 D SearchTargetUtil: layoutType=short_icon_row resultType=131072 packageName=com.google.android.googlequicksearchbox extras=Bundle{suggestion_type=33,suggest_truncate_start=false,is_answer=false,is_entity=false,is_personal=false,suggest_raw_text=green bay flash flooding,group_id=web119375,response_id=23dc340a-a7da-4e24-a115-16bedc99b854,support_query_builder=false,} searchAction=green bay flash flooding searchActionExtras=Bundle{learn_more_url=https://support.google.com/websearch/answer/106230?hl=106230,suggestion_action_text=Report this,should_start_for_result=true,allow_pinning=true,skip_logging_in_target_handler=false,suggestion_action_rpc=2,}ParentID: null targetID: 62174992-e9ce-444c-8f4b-a57b5b622f5e
06-26 03:31:08.274  1091  1091 D SearchTargetUtil: layoutType=short_icon_row resultType=131072 packageName=com.google.android.googlequicksearchbox extras=Bundle{suggestion_type=33,suggest_truncate_start=false,is_answer=false,is_entity=false,is_personal=false,suggest_raw_text=venezuela earthquakes,group_id=web119375,response_id=23dc340a-a7da-4e24-a115-16bedc99b854,support_query_builder=false,} searchAction=venezuela earthquakes searchActionExtras=Bundle{learn_more_url=https://support.google.com/websearch/answer/106230?hl=106230,suggestion_action_text=Report this,should_start_for_result=true,allow_pinning=true,skip_logging_in_target_handler=false,suggestion_action_rpc=2,}ParentID: null targetID: 3211585c-7f09-4f0f-afb2-e038b4ac2b7a
06-26 03:31:08.274  1091  1091 D SearchTargetUtil: layoutType=short_icon_row resultType=131072 packageName=com.google.android.googlequicksearchbox extras=Bundle{suggestion_type=33,suggest_truncate_start=false,is_answer=false,is_entity=false,is_personal=false,suggest_raw_text=today wordle hints,group_id=web119375,response_id=23dc340a-a7da-4e24-a115-16bedc99b854,support_query_builder=false,} searchAction=today wordle hints searchActionExtras=Bundle{learn_more_url=https://support.google.com/websearch/answer/106230?hl=106230,suggestion_action_text=Report this,should_start_for_result=true,allow_pinning=true,skip_logging_in_target_handler=false,suggestion_action_rpc=2,}ParentID: null targetID: 9b1d3923-e4d3-46e5-9102-a25dcf248102
06-26 03:31:08.277  8158  8158 E unknown:MountItemDispatcher: dispatchMountItems: mountItem: IntBufferBatchMountItem [surface:1]:
06-26 03:31:08.278  8158  8158 E unknown:MountItemDispatcher: dispatchMountItems: mountItem: INSERT [664]->[666] @0
06-26 03:31:08.278  8158  8158 E unknown:MountItemDispatcher: dispatchMountItems: mountItem: INSERT [666]->[292] @1
06-26 03:31:08.278  8158  8158 E unknown:MountItemDispatcher: dispatchMountItems: mountItem: REMOVE [312]->[314] @0
06-26 03:31:08.278  8158  8158 E unknown:MountItemDispatcher: dispatchMountItems: mountItem: REMOVE [314]->[322] @1
06-26 03:31:08.279  8158  8158 E unknown:MountItemDispatcher: dispatchMountItems: mountItem: REMOVE [302]->[322] @0
06-26 03:31:08.279  8158  8158 E unknown:MountItemDispatcher: dispatchMountItems: mountItem: CREATE [304] - layoutable:1 - RCTView
06-26 03:31:08.279  8158  8158 E unknown:MountItemDispatcher: dispatchMountItems: mountItem: INSERT [304]->[322] @0
06-26 03:31:08.279  8158  8158 E unknown:MountItemDispatcher: dispatchMountItems: mountItem: INSERT [302]->[304] @0
06-26 03:31:08.279  8158  8158 E unknown:MountItemDispatcher: dispatchMountItems: mountItem: INSERT [312]->[322] @1
06-26 03:31:08.279  8158  8158 E unknown:MountItemDispatcher: dispatchMountItems: mountItem: REMOVE [342]->[352] @1
06-26 03:31:08.279  8158  8158 E unknown:MountItemDispatcher: dispatchMountItems: mountItem: REMOVE [332]->[334] @0
06-26 03:31:08.279  8158  8158 E unknown:MountItemDispatcher: dispatchMountItems: mountItem: REMOVE [334]->[352] @0
06-26 03:31:08.279  8158  8158 E unknown:MountItemDispatcher: dispatchMountItems: mountItem: CREATE [344] - layoutable:1 - RCTView
06-26 03:31:08.279  8158  8158 E unknown:MountItemDispatcher: dispatchMountItems: mountItem: INSERT [332]->[352] @0
06-26 03:31:08.279  8158  8158 E unknown:MountItemDispatcher: dispatchMountItems: mountItem: INSERT [344]->[352] @1
06-26 03:31:08.279  8158  8158 E unknown:MountItemDispatcher: dispatchMountItems: mountItem: INSERT [342]->[344] @0
06-26 03:31:08.279  8158  8158 E unknown:MountItemDispatcher: dispatchMountItems: mountItem: REMOVE [504]->[506] @0
06-26 03:31:08.279  8158  8158 E unknown:MountItemDispatcher: dispatchMountItems: mountItem: REMOVE [506]->[508] @0
06-26 03:31:08.279  8158  8158 E unknown:MountItemDispatcher: dispatchMountItems: mountItem: REMOVE [528]->[530] @0
06-26 03:31:08.279  8158  8158 E unknown:MountItemDispatcher: dispatchMountItems: mountItem: REMOVE [234]->[236] @1
06-26 03:31:08.279  8158  8158 E unknown:MountItemDispatcher: dispatchMountItems: mountItem: REMOVE [232]->[236] @0
06-26 03:31:08.280  8158  8158 E unknown:MountItemDispatcher: dispatchMountItems: mountItem: REMOVE [236]->[238] @0
06-26 03:31:08.280  8158  8158 E unknown:MountItemDispatcher: dispatchMountItems: mountItem: REMOVE [238]->[240] @1
06-26 03:31:08.280  8158  8158 E unknown:MountItemDispatcher: dispatchMountItems: mountItem: REMOVE [230]->[240] @0
06-26 03:31:08.280  8158  8158 E unknown:MountItemDispatcher: dispatchMountItems: mountItem: REMOVE [568]->[570] @9
06-26 03:31:08.280  8158  8158 E unknown:MountItemDispatcher: dispatchMountItems: mountItem: REMOVE [566]->[570] @8
06-26 03:31:08.280  8158  8158 E unknown:MountItemDispatcher: dispatchMountItems: mountItem: REMOVE [564]->[570] @7
06-26 03:31:08.280  8158  8158 E unknown:MountItemDispatcher: dispatchMountItems: mountItem: REMOVE [562]->[570] @6
06-26 03:31:08.280  8158  8158 E unknown:MountItemDispatcher: dispatchMountItems: mountItem: REMOVE [560]->[570] @5
06-26 03:31:08.280  8158  8158 E unknown:MountItemDispatcher: dispatchMountItems: mountItem: REMOVE [558]->[570] @4
06-26 03:31:08.281  8158  8158 E unknown:MountItemDispatcher: dispatchMountItems: mountItem: REMOVE [556]->[570] @3
06-26 03:31:08.281  8158  8158 E unknown:MountItemDispatcher: dispatchMountItems: mountItem: REMOVE [554]->[570] @2
06-26 03:31:08.281  8158  8158 E unknown:MountItemDispatcher: dispatchMountItems: mountItem: REMOVE [552]->[570] @1
06-26 03:31:08.281  8158  8158 E unknown:MountItemDispatcher: dispatchMountItems: mountItem: REMOVE [550]->[570] @0
06-26 03:31:08.281  8158  8158 E unknown:MountItemDispatcher: dispatchMountItems: mountItem: REMOVE [570]->[572] @0
06-26 03:31:08.281  8158  8158 E unknown:MountItemDispatcher: dispatchMountItems: mountItem: REMOVE [592]->[600] @6
06-26 03:31:08.281  8158  8158 E unknown:MountItemDispatcher: dispatchMountItems: mountItem: REMOVE [594]->[600] @5
06-26 03:31:08.281  8158  8158 E unknown:MountItemDispatcher: dispatchMountItems: mountItem: REMOVE [586]->[600] @4
06-26 03:31:08.281  8158  8158 E unknown:MountItemDispatcher: dispatchMountItems: mountItem: REMOVE [582]->[600] @3
06-26 03:31:08.281  8158  8158 E unknown:MountItemDispatcher: dispatchMountItems: mountItem: REMOVE [578]->[600] @2
06-26 03:31:08.281  8158  8158 E unknown:MountItemDispatcher: dispatchMountItems: mountItem: REMOVE [572]->[600] @1
06-26 03:31:08.281  8158  8158 E unknown:MountItemDispatcher: dispatchMountItems: mountItem: REMOVE [574]->[600] @0
06-26 03:31:08.281  8158  8158 E unknown:MountItemDispatcher: dispatchMountItems: mountItem: REMOVE [622]->[624] @9
06-26 03:31:08.281  8158  8158 E unknown:MountItemDispatcher: dispatchMountItems: mountItem: REMOVE [620]->[624] @8
06-26 03:31:08.281  8158  8158 E unknown:MountItemDispatcher: dispatchMountItems: mountItem: REMOVE [618]->[624] @7
06-26 03:31:08.281  8158  8158 E unknown:MountItemDispatcher: dispatchMountItems: mountItem: REMOVE [616]->[624] @6
06-26 03:31:08.281  8158  8158 E unknown:MountItemDispatcher: dispatchMountItems: mountItem: REMOVE [614]->[624] @5
06-26 03:31:08.281  8158  8158 E unknown:MountItemDispatcher: dispatchMountItems: mountItem: REMOVE [612]->[624] @4
06-26 03:31:08.281  8158  8158 E unknown:MountItemDispatcher: dispatchMountItems: mountItem: REMOVE [610]->[624] @3
06-26 03:31:08.281  8158  8158 E unknown:MountItemDispatcher: dispatchMountItems: mountItem: REMOVE [608]->[624] @2
06-26 03:31:08.281  8158  8158 E unknown:MountItemDispatcher: dispatchMountItems: mountItem: REMOVE [606]->[624] @1
06-26 03:31:08.281  8158  8158 E unknown:MountItemDispatcher: dispatchMountItems: mountItem: REMOVE [604]->[624] @0
06-26 03:31:08.281  8158  8158 E unknown:MountItemDispatcher: dispatchMountItems: mountItem: REMOVE [624]->[626] @0
06-26 03:31:08.281  8158  8158 E unknown:MountItemDispatcher: dispatchMountItems: mountItem: REMOVE [646]->[654] @6
06-26 03:31:08.281  8158  8158 E unknown:MountItemDispatcher: dispatchMountItems: mountItem: REMOVE [648]->[654] @5
06-26 03:31:08.281  8158  8158 E unknown:MountItemDispatcher: dispatchMountItems: mountItem: REMOVE [640]->[654] @4
06-26 03:31:08.281  8158  8158 E unknown:MountItemDispatcher: dispatchMountItems: mountItem: REMOVE [636]->[654] @3
06-26 03:31:08.283  8158  8158 E unknown:MountItemDispatcher: dispatchMountItems: mountItem: REMOVE [632]->[654] @2
06-26 03:31:08.283  8158  8158 E unknown:MountItemDispatcher: dispatchMountItems: mountItem: REMOVE [626]->[654] @1
06-26 03:31:08.283  8158  8158 E unknown:MountItemDispatcher: dispatchMountItems: mountItem: REMOVE [628]->[654] @0
06-26 03:31:08.283  8158  8158 E unknown:MountItemDispatcher: dispatchMountItems: mountItem: REMOVE [654]->[658] @1
06-26 03:31:08.283  8158  8158 E unknown:MountItemDispatcher: dispatchMountItems: mountItem: REMOVE [600]->[658] @0
06-26 03:31:08.283  8158  8158 E unknown:MountItemDispatcher: dispatchMountItems: mountItem: REMOVE [658]->[660] @0
06-26 03:31:08.283  8158  8158 E unknown:MountItemDispatcher: dispatchMountItems: mountItem: REMOVE [260]->[262] @0
06-26 03:31:08.283  8158  8158 E unknown:MountItemDispatcher: dispatchMountItems: mountItem: REMOVE [536]->[538] @1
06-26 03:31:08.283  8158  8158 E unknown:MountItemDispatcher: dispatchMountItems: mountItem: REMOVE [534]->[538] @0
06-26 03:31:08.283  8158  8158 E unknown:MountItemDispatcher: dispatchMountItems: mountItem: REMOVE [538]->[540] @0
06-26 03:31:08.283  8158  8158 E unknown:MountItemDispatcher: dispatchMountItems: mountItem: REMOVE [546]->[280] @14
06-26 03:31:08.283  8158  8158 E unknown:MountItemDispatcher: dispatchMountItems: mountItem: REMOVE [540]->[280] @13
06-26 03:31:08.283  8158  8158 E unknown:MountItemDispatcher: dispatchMountItems: mountItem: REMOVE [266]->[280] @12
06-26 03:31:08.283  8158  8158 E unknown:MountItemDispatcher: dispatchMountItems: mountItem: REMOVE [262]->[280] @11
06-26 03:31:08.283  8158  8158 E unknown:MountItemDispatcher: dispatchMountItems: mountItem: REMOVE [660]->[280] @10
06-26 03:31:08.283  8158  8158 E unknown:MountItemDispatcher: dispatchMountItems: mountItem: REMOVE [246]->[280] @9
06-26 03:31:08.283  8158  8158 E unknown:MountItemDispatcher: dispatchMountItems: mountItem: REMOVE [240]->[280] @8
06-26 03:31:08.283  8158  8158 E unknown:MountItemDispatcher: dispatchMountItems: mountItem: REMOVE [226]->[280] @7
06-26 03:31:08.283  8158  8158 E unknown:MountItemDispatcher: dispatchMountItems: mountItem: REMOVE [222]->[280] @6
06-26 03:31:08.283  8158  8158 E unknown:MountItemDispatcher: dispatchMountItems: mountItem: REMOVE [242]->[280] @5
06-26 03:31:08.283  8158  8158 E unknown:MountItemDispatcher: dispatchMountItems: mountItem: REMOVE [530]->[280] @4
06-26 03:31:08.283  8158  8158 E unknown:MountItemDispatcher: dispatchMountItems: mountItem: REMOVE [520]->[280] @3
06-26 03:31:08.283  8158  8158 E unknown:MountItemDispatcher: dispatchMountItems: mountItem: REMOVE [516]->[280] @2
06-26 03:31:08.283  8158  8158 E unknown:MountItemDispatcher: dispatchMountItems: mountItem: REMOVE [508]->[280] @1
06-26 03:31:08.283  8158  8158 E unknown:MountItemDispatcher: dispatchMountItems: mountItem: REMOVE [532]->[280] @0
06-26 03:31:08.283  8158  8158 E unknown:MountItemDispatcher: dispatchMountItems: mountItem: REMOVE [280]->[282] @0
06-26 03:31:08.283  8158  8158 E unknown:MountItemDispatcher: dispatchMountItems: mountItem: REMOVE [282]->[284] @0
06-26 03:31:08.283  8158  8158 E unknown:MountItemDispatcher: dispatchMountItems: mountItem: REMOVE [284]->[288] @0
06-26 03:31:08.283  8158  8158 E unknown:MountItemDispatcher: dispatchMountItems: mountItem: REMOVE [288]->[290] @0
06-26 03:31:08.283  8158  8158 E unknown:MountItemDispatcher: dispatchMountItems: mountItem: REMOVE [664]->[666] @0
06-26 03:31:08.283  8158  8158 E unknown:MountItemDispatcher: dispatchMountItems: mountItem: REMOVE [666]->[292] @1
06-26 03:31:08.283  8158  8158 E unknown:MountItemDispatcher: dispatchMountItems: mountItem: REMOVE [290]->[292] @0
06-26 03:31:08.283  8158  8158 E unknown:MountItemDispatcher: dispatchMountItems: mountItem: REMOVE [298]->[300] @1
06-26 03:31:08.283  8158  8158 E unknown:MountItemDispatcher: dispatchMountItems: mountItem: REMOVE [296]->[300] @0
06-26 03:31:08.283  8158  8158 E unknown:MountItemDispatcher: dispatchMountItems: mountItem: REMOVE [300]->[302] @0
06-26 03:31:08.283  8158  8158 E unknown:MountItemDispatcher: dispatchMountItems: mountItem: REMOVE [302]->[304] @0
06-26 03:31:08.283  8158  8158 E unknown:MountItemDispatcher: dispatchMountItems: mountItem: REMOVE [308]->[310] @1
06-26 03:31:08.283  8158  8158 E unknown:MountItemDispatcher: dispatchMountItems: mountItem: REMOVE [306]->[310] @0
