06-26 03:31:07.777  7978  8221 W UiDevice: Skipping wait as package ${APP_ID} does not match current window com.hanapkalinga.mobile.
06-26 03:31:07.780  7978  8221 W QueryController: Could not detect idle state.
06-26 03:31:07.790  7978  8221 W QueryController: Could not detect idle state.
06-26 03:31:07.793  7978  8221 W UiDevice: Skipping wait as package ${APP_ID} does not match current window com.hanapkalinga.mobile.
06-26 03:31:07.797  7978  8221 W QueryController: Could not detect idle state.
06-26 03:31:07.799  7978  8221 W QueryController: Could not detect idle state.
06-26 03:31:07.804  7978  8221 W UiDevice: Skipping wait as package ${APP_ID} does not match current window com.hanapkalinga.mobile.
06-26 03:31:07.809  7978  8221 W QueryController: Could not detect idle state.
06-26 03:31:07.811  7978  8221 W QueryController: Could not detect idle state.
06-26 03:31:07.813  7978  8221 W UiDevice: Skipping wait as package ${APP_ID} does not match current window com.hanapkalinga.mobile.
06-26 03:31:07.817  7978  8221 W QueryController: Could not detect idle state.
06-26 03:31:07.819  7978  8221 W QueryController: Could not detect idle state.
06-26 03:31:07.822  7978  8221 W UiDevice: Skipping wait as package ${APP_ID} does not match current window com.hanapkalinga.mobile.
06-26 03:31:07.825  7978  8221 W QueryController: Could not detect idle state.
06-26 03:31:07.827  7978  8221 W QueryController: Could not detect idle state.
06-26 03:31:07.829  7978  8221 W UiDevice: Skipping wait as package ${APP_ID} does not match current window com.hanapkalinga.mobile.
06-26 03:31:07.834  7978  8221 W QueryController: Could not detect idle state.
06-26 03:31:07.835  7978  8221 W QueryController: Could not detect idle state.
06-26 03:31:07.839  7978  8221 W UiDevice: Skipping wait as package ${APP_ID} does not match current window com.hanapkalinga.mobile.
06-26 03:31:07.842  7978  8221 W QueryController: Could not detect idle state.
06-26 03:31:07.845  7978  8221 W QueryController: Could not detect idle state.
06-26 03:31:07.847  7978  8221 W UiDevice: Skipping wait as package ${APP_ID} does not match current window com.hanapkalinga.mobile.
06-26 03:31:07.853  7978  8221 W QueryController: Could not detect idle state.
06-26 03:31:07.855  7978  8221 W QueryController: Could not detect idle state.
06-26 03:31:07.857  7978  8221 W UiDevice: Skipping wait as package ${APP_ID} does not match current window com.hanapkalinga.mobile.
06-26 03:31:07.861  7978  8057 W QueryController: Could not detect idle state.
06-26 03:31:07.863  7978  8057 W QueryController: Could not detect idle state.
06-26 03:31:07.866  7978  8057 W UiDevice: Skipping wait as package ${APP_ID} does not match current window com.hanapkalinga.mobile.
06-26 03:31:07.869  7978  8057 W QueryController: Could not detect idle state.
06-26 03:31:07.871  7978  8057 W QueryController: Could not detect idle state.
06-26 03:31:07.874  7978  8057 W UiDevice: Skipping wait as package ${APP_ID} does not match current window com.hanapkalinga.mobile.
06-26 03:31:07.880  7978  8057 D Maestro : Requesting view hierarchy
06-26 03:31:07.881  7978  8057 W QueryController: Could not detect idle state.
06-26 03:31:07.881  7978  8057 W QueryController: Could not detect idle state.
06-26 03:31:07.886  7978  8057 I Maestro : Skipping invisible child: android.view.accessibility.AccessibilityNodeInfo@2dfdf; boundsInParent: Rect(0, 0 - 320, 0); boundsInScreen: Rect(0, 0 - 320, 0); boundsInWindow: Rect(0, 0 - 320, 0); packageName: com.hanapkalinga.mobile; className: android.widget.LinearLayout; text: null; error: null; maxTextLength: -1; stateDescription: null; contentDescription: null; tooltipText: null; containerTitle: null; viewIdResName: null; uniqueId: null; checkable: false; checked: false; focusable: false; focused: false; selected: false; clickable: false; longClickable: false; contextClickable: false; enabled: true; password: false; scrollable: false; importantForAccessibility: false; visible: false; actions: [AccessibilityAction: ACTION_SELECT - null, AccessibilityAction: ACTION_CLEAR_SELECTION - null, AccessibilityAction: ACTION_ACCESSIBILITY_FOCUS - null, AccessibilityAction: ACTION_SHOW_ON_SCREEN - null]; isTextSelectable: false
06-26 03:31:07.886  7978  8057 I Maestro : Skipping invisible child: android.view.accessibility.AccessibilityNodeInfo@2dc1e; boundsInParent: Rect(0, 0 - 320, 0); boundsInScreen: Rect(0, 0 - 320, 0); boundsInWindow: Rect(0, 0 - 320, 0); packageName: com.hanapkalinga.mobile; className: android.view.ViewGroup; text: null; error: null; maxTextLength: -1; stateDescription: null; contentDescription: null; tooltipText: null; containerTitle: null; viewIdResName: null; uniqueId: null; checkable: false; checked: false; focusable: false; focused: false; selected: false; clickable: false; longClickable: false; contextClickable: false; enabled: true; password: false; scrollable: false; importantForAccessibility: false; visible: false; actions: [AccessibilityAction: ACTION_SELECT - null, AccessibilityAction: ACTION_CLEAR_SELECTION - null, AccessibilityAction: ACTION_ACCESSIBILITY_FOCUS - null, AccessibilityAction: ACTION_SHOW_ON_SCREEN - null]; isTextSelectable: false
06-26 03:31:07.888  7978  8057 I Maestro : Skipping invisible child: android.view.accessibility.AccessibilityNodeInfo@3146d; boundsInParent: Rect(0, 0 - 12, 0); boundsInScreen: Rect(134, 344 - 145, 344); boundsInWindow: Rect(134, 344 - 145, 344); packageName: com.hanapkalinga.mobile; className: com.horcrux.svg.PathView; text: null; error: null; maxTextLength: -1; stateDescription: null; contentDescription: null; tooltipText: null; containerTitle: null; viewIdResName: null; uniqueId: null; checkable: false; checked: false; focusable: false; focused: false; selected: false; clickable: false; longClickable: false; contextClickable: false; enabled: true; password: false; scrollable: false; importantForAccessibility: false; visible: false; actions: [AccessibilityAction: ACTION_SELECT - null, AccessibilityAction: ACTION_CLEAR_SELECTION - null, AccessibilityAction: ACTION_ACCESSIBILITY_FOCUS - null, AccessibilityAction: ACTION_SHOW_ON_SCREEN - null]; isTextSelectable: false
06-26 03:31:07.890  7978  8057 I Maestro : Skipping invisible child: android.view.accessibility.AccessibilityNodeInfo@3814a; boundsInParent: Rect(0, 0 - 1, 4); boundsInScreen: Rect(65, 495 - 65, 499); boundsInWindow: Rect(65, 495 - 65, 499); packageName: com.hanapkalinga.mobile; className: com.horcrux.svg.PathView; text: null; error: null; maxTextLength: -1; stateDescription: null; contentDescription: null; tooltipText: null; containerTitle: null; viewIdResName: null; uniqueId: null; checkable: false; checked: false; focusable: false; focused: false; selected: false; clickable: false; longClickable: false; contextClickable: false; enabled: true; password: false; scrollable: false; importantForAccessibility: false; visible: false; actions: [AccessibilityAction: ACTION_SELECT - null, AccessibilityAction: ACTION_CLEAR_SELECTION - null, AccessibilityAction: ACTION_ACCESSIBILITY_FOCUS - null, AccessibilityAction: ACTION_SHOW_ON_SCREEN - null]; isTextSelectable: false
06-26 03:31:07.890  7978  8057 I Maestro : Skipping invisible child: android.view.accessibility.AccessibilityNodeInfo@3850b; boundsInParent: Rect(0, 0 - 1, 4); boundsInScreen: Rect(72, 495 - 72, 499); boundsInWindow: Rect(72, 495 - 72, 499); packageName: com.hanapkalinga.mobile; className: com.horcrux.svg.PathView; text: null; error: null; maxTextLength: -1; stateDescription: null; contentDescription: null; tooltipText: null; containerTitle: null; viewIdResName: null; uniqueId: null; checkable: false; checked: false; focusable: false; focused: false; selected: false; clickable: false; longClickable: false; contextClickable: false; enabled: true; password: false; scrollable: false; importantForAccessibility: false; visible: false; actions: [AccessibilityAction: ACTION_SELECT - null, AccessibilityAction: ACTION_CLEAR_SELECTION - null, AccessibilityAction: ACTION_ACCESSIBILITY_FOCUS - null, AccessibilityAction: ACTION_SHOW_ON_SCREEN - null]; isTextSelectable: false
06-26 03:31:07.890  7978  8057 I Maestro : Skipping invisible child: android.view.accessibility.AccessibilityNodeInfo@38c8d; boundsInParent: Rect(0, 0 - 16, 1); boundsInScreen: Rect(61, 502 - 76, 502); boundsInWindow: Rect(61, 502 - 76, 502); packageName: com.hanapkalinga.mobile; className: com.horcrux.svg.PathView; text: null; error: null; maxTextLength: -1; stateDescription: null; contentDescription: null; tooltipText: null; containerTitle: null; viewIdResName: null; uniqueId: null; checkable: false; checked: false; focusable: false; focused: false; selected: false; clickable: false; longClickable: false; contextClickable: false; enabled: true; password: false; scrollable: false; importantForAccessibility: false; visible: false; actions: [AccessibilityAction: ACTION_SELECT - null, AccessibilityAction: ACTION_CLEAR_SELECTION - null, AccessibilityAction: ACTION_ACCESSIBILITY_FOCUS - null, AccessibilityAction: ACTION_SHOW_ON_SCREEN - null]; isTextSelectable: false
06-26 03:31:07.890  7978  8057 I Maestro : Skipping invisible child: android.view.accessibility.AccessibilityNodeInfo@3904e; boundsInParent: Rect(0, 0 - 1, 1); boundsInScreen: Rect(65, 505 - 66, 505); boundsInWindow: Rect(65, 505 - 66, 505); packageName: com.hanapkalinga.mobile; className: com.horcrux.svg.PathView; text: null; error: null; maxTextLength: -1; stateDescription: null; contentDescription: null; tooltipText: null; containerTitle: null; viewIdResName: null; uniqueId: null; checkable: false; checked: false; focusable: false; focused: false; selected: false; clickable: false; longClickable: false; contextClickable: false; enabled: true; password: false; scrollable: false; importantForAccessibility: false; visible: false; actions: [AccessibilityAction: ACTION_SELECT - null, AccessibilityAction: ACTION_CLEAR_SELECTION - null, AccessibilityAction: ACTION_ACCESSIBILITY_FOCUS - null, AccessibilityAction: ACTION_SHOW_ON_SCREEN - null]; isTextSelectable: false
06-26 03:31:07.890  7978  8057 I Maestro : Skipping invisible child: android.view.accessibility.AccessibilityNodeInfo@3940f; boundsInParent: Rect(0, 0 - 1, 1); boundsInScreen: Rect(69, 505 - 70, 505); boundsInWindow: Rect(69, 505 - 70, 505); packageName: com.hanapkalinga.mobile; className: com.horcrux.svg.PathView; text: null; error: null; maxTextLength: -1; stateDescription: null; contentDescription: null; tooltipText: null; containerTitle: null; viewIdResName: null; uniqueId: null; checkable: false; checked: false; focusable: false; focused: false; selected: false; clickable: false; longClickable: false; contextClickable: false; enabled: true; password: false; scrollable: false; importantForAccessibility: false; visible: false; actions: [AccessibilityAction: ACTION_SELECT - null, AccessibilityAction: ACTION_CLEAR_SELECTION - null, AccessibilityAction: ACTION_ACCESSIBILITY_FOCUS - null, AccessibilityAction: ACTION_SHOW_ON_SCREEN - null]; isTextSelectable: false
06-26 03:31:07.891  7978  8057 I Maestro : Skipping invisible child: android.view.accessibility.AccessibilityNodeInfo@397d0; boundsInParent: Rect(0, 0 - 1, 1); boundsInScreen: Rect(72, 505 - 73, 505); boundsInWindow: Rect(72, 505 - 73, 505); packageName: com.hanapkalinga.mobile; className: com.horcrux.svg.PathView; text: null; error: null; maxTextLength: -1; stateDescription: null; contentDescription: null; tooltipText: null; containerTitle: null; viewIdResName: null; uniqueId: null; checkable: false; checked: false; focusable: false; focused: false; selected: false; clickable: false; longClickable: false; contextClickable: false; enabled: true; password: false; scrollable: false; importantForAccessibility: false; visible: false; actions: [AccessibilityAction: ACTION_SELECT - null, AccessibilityAction: ACTION_CLEAR_SELECTION - null, AccessibilityAction: ACTION_ACCESSIBILITY_FOCUS - null, AccessibilityAction: ACTION_SHOW_ON_SCREEN - null]; isTextSelectable: false
06-26 03:31:07.891  7978  8057 I Maestro : Skipping invisible child: android.view.accessibility.AccessibilityNodeInfo@3a313; boundsInParent: Rect(0, 0 - 1, 0); boundsInScreen: Rect(72, 509 - 73, 509); boundsInWindow: Rect(72, 509 - 73, 509); packageName: com.hanapkalinga.mobile; className: com.horcrux.svg.PathView; text: null; error: null; maxTextLength: -1; stateDescription: null; contentDescription: null; tooltipText: null; containerTitle: null; viewIdResName: null; uniqueId: null; checkable: false; checked: false; focusable: false; focused: false; selected: false; clickable: false; longClickable: false; contextClickable: false; enabled: true; password: false; scrollable: false; importantForAccessibility: false; visible: false; actions: [AccessibilityAction: ACTION_SELECT - null, AccessibilityAction: ACTION_CLEAR_SELECTION - null, AccessibilityAction: ACTION_ACCESSIBILITY_FOCUS - null, AccessibilityAction: ACTION_SHOW_ON_SCREEN - null]; isTextSelectable: false
06-26 03:31:07.891  7978  8057 I Maestro : Skipping invisible child: android.view.accessibility.AccessibilityNodeInfo@39f52; boundsInParent: Rect(0, 0 - 1, 0); boundsInScreen: Rect(69, 509 - 70, 509); boundsInWindow: Rect(69, 509 - 70, 509); packageName: com.hanapkalinga.mobile; className: com.horcrux.svg.PathView; text: null; error: null; maxTextLength: -1; stateDescription: null; contentDescription: null; tooltipText: null; containerTitle: null; viewIdResName: null; uniqueId: null; checkable: false; checked: false; focusable: false; focused: false; selected: false; clickable: false; longClickable: false; contextClickable: false; enabled: true; password: false; scrollable: false; importantForAccessibility: false; visible: false; actions: [AccessibilityAction: ACTION_SELECT - null, AccessibilityAction: ACTION_CLEAR_SELECTION - null, AccessibilityAction: ACTION_ACCESSIBILITY_FOCUS - null, AccessibilityAction: ACTION_SHOW_ON_SCREEN - null]; isTextSelectable: false
06-26 03:31:07.891  7978  8057 I Maestro : Skipping invisible child: android.view.accessibility.AccessibilityNodeInfo@39b91; boundsInParent: Rect(0, 0 - 1, 0); boundsInScreen: Rect(65, 509 - 66, 509); boundsInWindow: Rect(65, 509 - 66, 509); packageName: com.hanapkalinga.mobile; className: com.horcrux.svg.PathView; text: null; error: null; maxTextLength: -1; stateDescription: null; contentDescription: null; tooltipText: null; containerTitle: null; viewIdResName: null; uniqueId: null; checkable: false; checked: false; focusable: false; focused: false; selected: false; clickable: false; longClickable: false; contextClickable: false; enabled: true; password: false; scrollable: false; importantForAccessibility: false; visible: false; actions: [AccessibilityAction: ACTION_SELECT - null, AccessibilityAction: ACTION_CLEAR_SELECTION - null, AccessibilityAction: ACTION_ACCESSIBILITY_FOCUS - null, AccessibilityAction: ACTION_SHOW_ON_SCREEN - null]; isTextSelectable: false
06-26 03:31:07.893  7978  8057 I Maestro : Skipping invisible child: android.view.accessibility.AccessibilityNodeInfo@3bd5a; boundsInParent: Rect(0, 0 - 40, 40); boundsInScreen: Rect(49, 604 - 89, 576); boundsInWindow: Rect(49, 604 - 89, 576); packageName: com.hanapkalinga.mobile; className: android.view.ViewGroup; text: null; error: null; maxTextLength: -1; stateDescription: null; contentDescription: null; tooltipText: null; containerTitle: null; viewIdResName: null; uniqueId: null; checkable: false; checked: false; focusable: false; focused: false; selected: false; clickable: false; longClickable: false; contextClickable: false; enabled: true; password: false; scrollable: false; importantForAccessibility: false; visible: false; actions: [AccessibilityAction: ACTION_SELECT - null, AccessibilityAction: ACTION_CLEAR_SELECTION - null, AccessibilityAction: ACTION_ACCESSIBILITY_FOCUS - null, AccessibilityAction: ACTION_SHOW_ON_SCREEN - null]; isTextSelectable: false
06-26 03:31:07.894  7978  8057 I Maestro : Skipping invisible child: android.view.accessibility.AccessibilityNodeInfo@3ee27; boundsInParent: Rect(0, 0 - 94, 22); boundsInScreen: Rect(101, 585 - 195, 576); boundsInWindow: Rect(101, 585 - 195, 576); packageName: com.hanapkalinga.mobile; className: android.widget.TextView; text: E2E Nurse User; error: null; maxTextLength: -1; stateDescription: null; contentDescription: null; tooltipText: null; containerTitle: null; viewIdResName: null; uniqueId: null; checkable: false; checked: false; focusable: false; focused: false; selected: false; clickable: false; longClickable: false; contextClickable: false; enabled: true; password: false; scrollable: false; importantForAccessibility: true; visible: false; actions: [AccessibilityAction: ACTION_SELECT - null, AccessibilityAction: ACTION_CLEAR_SELECTION - null, AccessibilityAction: ACTION_ACCESSIBILITY_FOCUS - null, AccessibilityAction: ACTION_NEXT_AT_MOVEMENT_GRANULARITY - null, AccessibilityAction: ACTION_PREVIOUS_AT_MOVEMENT_GRANULARITY - null, AccessibilityAction: ACTION_SET_SELECTION - null, AccessibilityAction: ACTION_SHOW_ON_SCREEN - null]; isTextSelectable: false
06-26 03:31:07.895  7978  8057 I Maestro : Skipping invisible child: android.view.accessibility.AccessibilityNodeInfo@3c11b; boundsInParent: Rect(0, 0 - 20, 20); boundsInScreen: Rect(59, 614 - 79, 576); boundsInWindow: Rect(59, 614 - 79, 576); packageName: com.hanapkalinga.mobile; className: com.horcrux.svg.SvgView; text: null; error: null; maxTextLength: -1; stateDescription: null; contentDescription: null; tooltipText: null; containerTitle: null; viewIdResName: null; uniqueId: null; checkable: false; checked: false; focusable: false; focused: false; selected: false; clickable: false; longClickable: false; contextClickable: false; enabled: true; password: false; scrollable: false; importantForAccessibility: false; visible: false; actions: [AccessibilityAction: ACTION_SELECT - null, AccessibilityAction: ACTION_CLEAR_SELECTION - null, AccessibilityAction: ACTION_ACCESSIBILITY_FOCUS - null, AccessibilityAction: ACTION_SHOW_ON_SCREEN - null]; isTextSelectable: false
06-26 03:31:07.896  7978  8057 I Maestro : Skipping invisible child: android.view.accessibility.AccessibilityNodeInfo@3f1e8; boundsInParent: Rect(0, 0 - 94, 19); boundsInScreen: Rect(101, 609 - 195, 576); boundsInWindow: Rect(101, 609 - 195, 576); packageName: com.hanapkalinga.mobile; className: android.widget.TextView; text: Sat, Jun 27; error: null; maxTextLength: -1; stateDescription: null; contentDescription: null; tooltipText: null; containerTitle: null; viewIdResName: null; uniqueId: null; checkable: false; checked: false; focusable: false; focused: false; selected: false; clickable: false; longClickable: false; contextClickable: false; enabled: true; password: false; scrollable: false; importantForAccessibility: true; visible: false; actions: [AccessibilityAction: ACTION_SELECT - null, AccessibilityAction: ACTION_CLEAR_SELECTION - null, AccessibilityAction: ACTION_ACCESSIBILITY_FOCUS - null, AccessibilityAction: ACTION_NEXT_AT_MOVEMENT_GRANULARITY - null, AccessibilityAction: ACTION_PREVIOUS_AT_MOVEMENT_GRANULARITY - null, AccessibilityAction: ACTION_SET_SELECTION - null, AccessibilityAction: ACTION_SHOW_ON_SCREEN - null]; isTextSelectable: false
06-26 03:31:07.896  7978  8057 I Maestro : Skipping invisible child: android.view.accessibility.AccessibilityNodeInfo@3f5a9; boundsInParent: Rect(0, 0 - 94, 33); boundsInScreen: Rect(101, 630 - 195, 576); boundsInWindow: Rect(101, 630 - 195, 576); packageName: com.hanapkalinga.mobile; className: android.widget.TextView; text: Morning (6AM-2PM); error: null; maxTextLength: -1; stateDescription: null; contentDescription: null; tooltipText: null; containerTitle: null; viewIdResName: null; uniqueId: null; checkable: false; checked: false; focusable: false; focused: false; selected: false; clickable: false; longClickable: false; contextClickable: false; enabled: true; password: false; scrollable: false; importantForAccessibility: true; visible: false; actions: [AccessibilityAction: ACTION_SELECT - null, AccessibilityAction: ACTION_CLEAR_SELECTION - null, AccessibilityAction: ACTION_ACCESSIBILITY_FOCUS - null, AccessibilityAction: ACTION_NEXT_AT_MOVEMENT_GRANULARITY - null, AccessibilityAction: ACTION_PREVIOUS_AT_MOVEMENT_GRANULARITY - null, AccessibilityAction: ACTION_SET_SELECTION - null, AccessibilityAction: ACTION_SHOW_ON_SCREEN - null]; isTextSelectable: false
06-26 03:31:07.897  7978  8057 I Maestro : Skipping invisible child: android.view.accessibility.AccessibilityNodeInfo@3f96a; boundsInParent: Rect(0, 0 - 64, 21); boundsInScreen: Rect(207, 614 - 271, 576); boundsInWindow: Rect(207, 614 - 271, 576); packageName: com.hanapkalinga.mobile; className: android.view.ViewGroup; text: null; error: null; maxTextLength: -1; stateDescription: null; contentDescription: null; tooltipText: null; containerTitle: null; viewIdResName: null; uniqueId: null; checkable: false; checked: false; focusable: false; focused: false; selected: false; clickable: false; longClickable: false; contextClickable: false; enabled: true; password: false; scrollable: false; importantForAccessibility: false; visible: false; actions: [AccessibilityAction: ACTION_SELECT - null, AccessibilityAction: ACTION_CLEAR_SELECTION - null, AccessibilityAction: ACTION_ACCESSIBILITY_FOCUS - null, AccessibilityAction: ACTION_SHOW_ON_SCREEN - null]; isTextSelectable: false
06-26 03:31:07.898  7978  8057 I Maestro : Skipping invisible child: android.view.accessibility.AccessibilityNodeInfo@3fd2b; boundsInParent: Rect(0, 0 - 44, 17); boundsInScreen: Rect(217, 616 - 261, 576); boundsInWindow: Rect(217, 616 - 261, 576); packageName: com.hanapkalinga.mobile; className: android.widget.TextView; text: pending; error: null; maxTextLength: -1; stateDescription: null; contentDescription: null; tooltipText: null; containerTitle: null; viewIdResName: null; uniqueId: null; checkable: false; checked: false; focusable: false; focused: false; selected: false; clickable: false; longClickable: false; contextClickable: false; enabled: true; password: false; scrollable: false; importantForAccessibility: true; visible: false; actions: [AccessibilityAction: ACTION_SELECT - null, AccessibilityAction: ACTION_CLEAR_SELECTION - null, AccessibilityAction: ACTION_ACCESSIBILITY_FOCUS - null, AccessibilityAction: ACTION_NEXT_AT_MOVEMENT_GRANULARITY - null, AccessibilityAction: ACTION_PREVIOUS_AT_MOVEMENT_GRANULARITY - null, AccessibilityAction: ACTION_SET_SELECTION - null, AccessibilityAction: ACTION_SHOW_ON_SCREEN - null]; isTextSelectable: false
06-26 03:31:07.898  7978  8057 I Maestro : Skipping invisible child: android.view.accessibility.AccessibilityNodeInfo@32732; boundsInParent: Rect(0, 0 - 288, 48); boundsInScreen: Rect(16, 700 - 304, 576); boundsInWindow: Rect(16, 700 - 304, 576); packageName: com.hanapkalinga.mobile; className: android.widget.Button; text: null; error: null; maxTextLength: -1; stateDescription: null; contentDescription: Request a booking; tooltipText: null; containerTitle: null; viewIdResName: familyDashboard_button_requestBooking; uniqueId: null; checkable: false; checked: false; focusable: true; focused: false; selected: false; clickable: true; longClickable: false; contextClickable: false; enabled: true; password: false; scrollable: false; importantForAccessibility: true; visible: false; actions: [AccessibilityAction: ACTION_FOCUS - null, AccessibilityAction: ACTION_SELECT - null, AccessibilityAction: ACTION_CLEAR_SELECTION - null, AccessibilityAction: ACTION_CLICK - null, AccessibilityAction: ACTION_ACCESSIBILITY_FOCUS - null, AccessibilityAction: ACTION_SHOW_ON_SCREEN - null]; isTextSelectable: false
06-26 03:31:07.898  7978  8057 I Maestro : Skipping invisible child: android.view.accessibility.AccessibilityNodeInfo@32eb4; boundsInParent: Rect(0, 0 - 288, 25); boundsInScreen: Rect(16, 764 - 304, 576); boundsInWindow: Rect(16, 764 - 304, 576); packageName: com.hanapkalinga.mobile; className: android.widget.TextView; text: Notifications; error: null; maxTextLength: -1; stateDescription: null; contentDescription: null; tooltipText: null; containerTitle: null; viewIdResName: null; uniqueId: null; checkable: false; checked: false; focusable: false; focused: false; selected: false; clickable: false; longClickable: false; contextClickable: false; enabled: true; password: false; scrollable: false; importantForAccessibility: true; visible: false; actions: [AccessibilityAction: ACTION_SELECT - null, AccessibilityAction: ACTION_CLEAR_SELECTION - null, AccessibilityAction: ACTION_ACCESSIBILITY_FOCUS - null, AccessibilityAction: ACTION_NEXT_AT_MOVEMENT_GRANULARITY - null, AccessibilityAction: ACTION_PREVIOUS_AT_MOVEMENT_GRANULARITY - null, AccessibilityAction: ACTION_SET_SELECTION - null, AccessibilityAction: ACTION_SHOW_ON_SCREEN - null]; isTextSelectable: false
06-26 03:31:07.898  7978  8057 I Maestro : Skipping invisible child: android.view.accessibility.AccessibilityNodeInfo@357ff; boundsInParent: Rect(0, 0 - 40, 40); boundsInScreen: Rect(140, 833 - 180, 576); boundsInWindow: Rect(140, 833 - 180, 576); packageName: com.hanapkalinga.mobile; className: com.horcrux.svg.SvgView; text: null; error: null; maxTextLength: -1; stateDescription: null; contentDescription: null; tooltipText: null; containerTitle: null; viewIdResName: null; uniqueId: null; checkable: false; checked: false; focusable: false; focused: false; selected: false; clickable: false; longClickable: false; contextClickable: false; enabled: true; password: false; scrollable: false; importantForAccessibility: false; visible: false; actions: [AccessibilityAction: ACTION_SELECT - null, AccessibilityAction: ACTION_CLEAR_SELECTION - null, AccessibilityAction: ACTION_ACCESSIBILITY_FOCUS - null, AccessibilityAction: ACTION_SHOW_ON_SCREEN - null]; isTextSelectable: false
06-26 03:31:07.898  7978  8057 I Maestro : Skipping invisible child: android.view.accessibility.AccessibilityNodeInfo@36703; boundsInParent: Rect(0, 0 - 159, 25); boundsInScreen: Rect(80, 897 - 239, 576); boundsInWindow: Rect(80, 897 - 239, 576); packageName: com.hanapkalinga.mobile; className: android.widget.TextView; text: No notifications yet.; error: null; maxTextLength: -1; stateDescription: null; contentDescription: null; tooltipText: null; containerTitle: null; viewIdResName: null; uniqueId: null; checkable: false; checked: false; focusable: false; focused: false; selected: false; clickable: false; longClickable: false; contextClickable: false; enabled: true; password: false; scrollable: false; importantForAccessibility: true; visible: false; actions: [AccessibilityAction: ACTION_SELECT - null, AccessibilityAction: ACTION_CLEAR_SELECTION - null, AccessibilityAction: ACTION_ACCESSIBILITY_FOCUS - null, AccessibilityAction: ACTION_NEXT_AT_MOVEMENT_GRANULARITY - null, AccessibilityAction: ACTION_PREVIOUS_AT_MOVEMENT_GRANULARITY - null, AccessibilityAction: ACTION_SET_SELECTION - null, AccessibilityAction: ACTION_SHOW_ON_SCREEN - null]; isTextSelectable: false
06-26 03:31:07.901  7978  8057 I Maestro : Skipping invisible child: android.view.accessibility.AccessibilityNodeInfo@1d919; boundsInParent: Rect(0, 0 - 31, 28); boundsInScreen: Rect(11, 582 - 42, 610); boundsInWindow: Rect(11, 582 - 42, 610); packageName: com.hanapkalinga.mobile; className: android.view.ViewGroup; text: null; error: null; maxTextLength: -1; stateDescription: null; contentDescription: null; tooltipText: null; containerTitle: null; viewIdResName: null; uniqueId: null; checkable: false; checked: false; focusable: false; focused: false; selected: false; clickable: false; longClickable: false; contextClickable: false; enabled: true; password: false; scrollable: false; importantForAccessibility: false; visible: false; actions: [AccessibilityAction: ACTION_SELECT - null, AccessibilityAction: ACTION_CLEAR_SELECTION - null, AccessibilityAction: ACTION_ACCESSIBILITY_FOCUS - null, AccessibilityAction: ACTION_SHOW_ON_SCREEN - null]; isTextSelectable: false
06-26 03:31:07.903  7978  8057 I Maestro : Skipping invisible child: android.view.accessibility.AccessibilityNodeInfo@1f360; boundsInParent: Rect(0, 0 - 31, 28); boundsInScreen: Rect(64, 582 - 95, 610); boundsInWindow: Rect(64, 582 - 95, 610); packageName: com.hanapkalinga.mobile; className: android.view.ViewGroup; text: null; error: null; maxTextLength: -1; stateDescription: null; contentDescription: null; tooltipText: null; containerTitle: null; viewIdResName: null; uniqueId: null; checkable: false; checked: false; focusable: false; focused: false; selected: false; clickable: false; longClickable: false; contextClickable: false; enabled: true; password: false; scrollable: false; importantForAccessibility: false; visible: false; actions: [AccessibilityAction: ACTION_SELECT - null, AccessibilityAction: ACTION_CLEAR_SELECTION - null, AccessibilityAction: ACTION_ACCESSIBILITY_FOCUS - null, AccessibilityAction: ACTION_SHOW_ON_SCREEN - null]; isTextSelectable: false
06-26 03:31:07.906  7978  8057 I Maestro : Skipping invisible child: android.view.accessibility.AccessibilityNodeInfo@21cab; boundsInParent: Rect(0, 0 - 31, 28); boundsInScreen: Rect(118, 582 - 149, 610); boundsInWindow: Rect(118, 582 - 149, 610); packageName: com.hanapkalinga.mobile; className: android.view.ViewGroup; text: null; error: null; maxTextLength: -1; stateDescription: null; contentDescription: null; tooltipText: null; containerTitle: null; viewIdResName: null; uniqueId: null; checkable: false; checked: false; focusable: false; focused: false; selected: false; clickable: false; longClickable: false; contextClickable: false; enabled: true; password: false; scrollable: false; importantForAccessibility: false; visible: false; actions: [AccessibilityAction: ACTION_SELECT - null, AccessibilityAction: ACTION_CLEAR_SELECTION - null, AccessibilityAction: ACTION_ACCESSIBILITY_FOCUS - null, AccessibilityAction: ACTION_SHOW_ON_SCREEN - null]; isTextSelectable: false
06-26 03:31:07.907  7978  8057 I Maestro : Skipping invisible child: android.view.accessibility.AccessibilityNodeInfo@249b7; boundsInParent: Rect(0, 0 - 3, 1); boundsInScreen: Rect(130, 593 - 132, 593); boundsInWindow: Rect(130, 593 - 132, 593); packageName: com.hanapkalinga.mobile; className: com.horcrux.svg.PathView; text: null; error: null; maxTextLength: -1; stateDescription: null; contentDescription: null; tooltipText: null; containerTitle: null; viewIdResName: null; uniqueId: null; checkable: false; checked: false; focusable: false; focused: false; selected: false; clickable: false; longClickable: false; contextClickable: false; enabled: true; password: false; scrollable: false; importantForAccessibility: false; visible: false; actions: [AccessibilityAction: ACTION_SELECT - null, AccessibilityAction: ACTION_CLEAR_SELECTION - null, AccessibilityAction: ACTION_ACCESSIBILITY_FOCUS - null, AccessibilityAction: ACTION_SHOW_ON_SCREEN - null]; isTextSelectable: false
06-26 03:31:07.907  7978  8057 I Maestro : Skipping invisible child: android.view.accessibility.AccessibilityNodeInfo@24d78; boundsInParent: Rect(0, 0 - 8, 1); boundsInScreen: Rect(130, 596 - 138, 596); boundsInWindow: Rect(130, 596 - 138, 596); packageName: com.hanapkalinga.mobile; className: com.horcrux.svg.PathView; text: null; error: null; maxTextLength: -1; stateDescription: null; contentDescription: null; tooltipText: null; containerTitle: null; viewIdResName: null; uniqueId: null; checkable: false; checked: false; focusable: false; focused: false; selected: false; clickable: false; longClickable: false; contextClickable: false; enabled: true; password: false; scrollable: false; importantForAccessibility: false; visible: false; actions: [AccessibilityAction: ACTION_SELECT - null, AccessibilityAction: ACTION_CLEAR_SELECTION - null, AccessibilityAction: ACTION_ACCESSIBILITY_FOCUS - null, AccessibilityAction: ACTION_SHOW_ON_SCREEN - null]; isTextSelectable: false
06-26 03:31:07.907  7978  8057 I Maestro : Skipping invisible child: android.view.accessibility.AccessibilityNodeInfo@25139; boundsInParent: Rect(0, 0 - 8, 1); boundsInScreen: Rect(130, 600 - 138, 600); boundsInWindow: Rect(130, 600 - 138, 600); packageName: com.hanapkalinga.mobile; className: com.horcrux.svg.PathView; text: null; error: null; maxTextLength: -1; stateDescription: null; contentDescription: null; tooltipText: null; containerTitle: null; viewIdResName: null; uniqueId: null; checkable: false; checked: false; focusable: false; focused: false; selected: false; clickable: false; longClickable: false; contextClickable: false; enabled: true; password: false; scrollable: false; importantForAccessibility: false; visible: false; actions: [AccessibilityAction: ACTION_SELECT - null, AccessibilityAction: ACTION_CLEAR_SELECTION - null, AccessibilityAction: ACTION_ACCESSIBILITY_FOCUS - null, AccessibilityAction: ACTION_SHOW_ON_SCREEN - null]; isTextSelectable: false
06-26 03:31:07.909  7978  8057 I Maestro : Skipping invisible child: android.view.accessibility.AccessibilityNodeInfo@25c7c; boundsInParent: Rect(0, 0 - 31, 28); boundsInScreen: Rect(171, 582 - 202, 610); boundsInWindow: Rect(171, 582 - 202, 610); packageName: com.hanapkalinga.mobile; className: android.view.ViewGroup; text: null; error: null; maxTextLength: -1; stateDescription: null; contentDescription: null; tooltipText: null; containerTitle: null; viewIdResName: null; uniqueId: null; checkable: false; checked: false; focusable: false; focused: false; selected: false; clickable: false; longClickable: false; contextClickable: false; enabled: true; password: false; scrollable: false; importantForAccessibility: false; visible: false; actions: [AccessibilityAction: ACTION_SELECT - null, AccessibilityAction: ACTION_CLEAR_SELECTION - null, AccessibilityAction: ACTION_ACCESSIBILITY_FOCUS - null, AccessibilityAction: ACTION_SHOW_ON_SCREEN - null]; isTextSelectable: false
06-26 03:31:07.910  7978  8057 I Maestro : Skipping invisible child: android.view.accessibility.AccessibilityNodeInfo@27e45; boundsInParent: Rect(0, 0 - 1, 5); boundsInScreen: Rect(183, 586 - 183, 590); boundsInWindow: Rect(183, 586 - 183, 590); packageName: com.hanapkalinga.mobile; className: com.horcrux.svg.PathView; text: null; error: null; maxTextLength: -1; stateDescription: null; contentDescription: null; tooltipText: null; containerTitle: null; viewIdResName: null; uniqueId: null; checkable: false; checked: false; focusable: false; focused: false; selected: false; clickable: false; longClickable: false; contextClickable: false; enabled: true; password: false; scrollable: false; importantForAccessibility: false; visible: false; actions: [AccessibilityAction: ACTION_SELECT - null, AccessibilityAction: ACTION_CLEAR_SELECTION - null, AccessibilityAction: ACTION_ACCESSIBILITY_FOCUS - null, AccessibilityAction: ACTION_SHOW_ON_SCREEN - null]; isTextSelectable: false
06-26 03:31:07.910  7978  8057 I Maestro : Skipping invisible child: android.view.accessibility.AccessibilityNodeInfo@28206; boundsInParent: Rect(0, 0 - 1, 5); boundsInScreen: Rect(190, 586 - 190, 590); boundsInWindow: Rect(190, 586 - 190, 590); packageName: com.hanapkalinga.mobile; className: com.horcrux.svg.PathView; text: null; error: null; maxTextLength: -1; stateDescription: null; contentDescription: null; tooltipText: null; containerTitle: null; viewIdResName: null; uniqueId: null; checkable: false; checked: false; focusable: false; focused: false; selected: false; clickable: false; longClickable: false; contextClickable: false; enabled: true; password: false; scrollable: false; importantForAccessibility: false; visible: false; actions: [AccessibilityAction: ACTION_SELECT - null, AccessibilityAction: ACTION_CLEAR_SELECTION - null, AccessibilityAction: ACTION_ACCESSIBILITY_FOCUS - null, AccessibilityAction: ACTION_SHOW_ON_SCREEN - null]; isTextSelectable: false
06-26 03:31:07.910  7978  8057 I Maestro : Skipping invisible child: android.view.accessibility.AccessibilityNodeInfo@28988; boundsInParent: Rect(0, 0 - 18, 1); boundsInScreen: Rect(178, 594 - 195, 594); boundsInWindow: Rect(178, 594 - 195, 594); packageName: com.hanapkalinga.mobile; className: com.horcrux.svg.PathView; text: null; error: null; maxTextLength: -1; stateDescription: null; contentDescription: null; tooltipText: null; containerTitle: null; viewIdResName: null; uniqueId: null; checkable: false; checked: false; focusable: false; focused: false; selected: false; clickable: false; longClickable: false; contextClickable: false; enabled: true; password: false; scrollable: false; importantForAccessibility: false; visible: false; actions: [AccessibilityAction: ACTION_SELECT - null, AccessibilityAction: ACTION_CLEAR_SELECTION - null, AccessibilityAction: ACTION_ACCESSIBILITY_FOCUS - null, AccessibilityAction: ACTION_SHOW_ON_SCREEN - null]; isTextSelectable: false
06-26 03:31:07.912  7978  8057 I Maestro : Skipping invisible child: android.view.accessibility.AccessibilityNodeInfo@294cb; boundsInParent: Rect(0, 0 - 31, 28); boundsInScreen: Rect(224, 582 - 255, 610); boundsInWindow: Rect(224, 582 - 255, 610); packageName: com.hanapkalinga.mobile; className: android.view.ViewGroup; text: null; error: null; maxTextLength: -1; stateDescription: null; contentDescription: null; tooltipText: null; containerTitle: null; viewIdResName: null; uniqueId: null; checkable: false; checked: false; focusable: false; focused: false; selected: false; clickable: false; longClickable: false; contextClickable: false; enabled: true; password: false; scrollable: false; importantForAccessibility: false; visible: false; actions: [AccessibilityAction: ACTION_SELECT - null, AccessibilityAction: ACTION_CLEAR_SELECTION - null, AccessibilityAction: ACTION_ACCESSIBILITY_FOCUS - null, AccessibilityAction: ACTION_SHOW_ON_SCREEN - null]; isTextSelectable: false
06-26 03:31:07.914  7978  8057 I Maestro : Skipping invisible child: android.view.accessibility.AccessibilityNodeInfo@2b694; boundsInParent: Rect(0, 0 - 31, 28); boundsInScreen: Rect(278, 582 - 309, 610); boundsInWindow: Rect(278, 582 - 309, 610); packageName: com.hanapkalinga.mobile; className: android.view.ViewGroup; text: null; error: null; maxTextLength: -1; stateDescription: null; contentDescription: null; tooltipText: null; containerTitle: null; viewIdResName: null; uniqueId: null; checkable: false; checked: false; focusable: false; focused: false; selected: false; clickable: false; longClickable: false; contextClickable: false; enabled: true; password: false; scrollable: false; importantForAccessibility: false; visible: false; actions: [AccessibilityAction: ACTION_SELECT - null, AccessibilityAction: ACTION_CLEAR_SELECTION - null, AccessibilityAction: ACTION_ACCESSIBILITY_FOCUS - null, AccessibilityAction: ACTION_SHOW_ON_SCREEN - null]; isTextSelectable: false
06-26 03:31:07.919  7978  8057 D Maestro : View hierarchy received in 39 ms
06-26 03:31:07.988  1091  1091 D TaplEvents: TIS / TouchInteractionService.onInputEvent: MotionEvent { action=ACTION_DOWN, actionButton=0, id[0]=0, x[0]=79.0, y[0]=617.0, toolType[0]=TOOL_TYPE_FINGER, buttonState=0, classification=NONE, metaState=0, flags=0x0, edgeFlags=0x0, pointerCount=1, historySize=0, eventTime=279052, downTime=279052, deviceId=-1, source=0x1002, displayId=0, eventId=-75978111 }
06-26 03:31:07.990   519   975 D CompatibilityChangeReporter: Compat change id reported: 197654537; UID 10192; state: ENABLED
06-26 03:31:07.990  1091  1091 E PagedView: validateNewPage: failed to find a page > mMinScrollX
06-26 03:31:07.990  1091  1091 E PagedView: validateNewPage: failed to find a page > mMinScrollX
06-26 03:31:07.991   835   866 V ShellRecents: RecentsTransitionHandler.startRecentsTransition
06-26 03:31:07.991   835   866 V WindowManagerShell: Directly starting a new transition type=3 wct=WindowContainerTransaction { changes = {} hops = [{PendingIntent: options=Bundle[mParcelledData.dataSize=332]}] errorCallbackToken=null taskFragmentOrganizer=null } handler=com.android.wm.shell.recents.RecentsTransitionHandler@d9cc1aa
06-26 03:31:07.993   835   866 V ShellRecents: [172586842] RecentsController.setTransition: id=android.os.BinderProxy@d416d8b
06-26 03:31:07.995   519   602 D OomAdjuster: Not killing cached processes
06-26 03:31:07.996   519   602 W ProcessStats: Tracking association SourceState{dd40d7 system/1000 BFgs #14632} whose proc state 4 is better than process ProcessState{cb4835c com.google.android.apps.messaging:rcs/10129 pkg=com.google.android.apps.messaging} proc state 14 (518 skipped)
06-26 03:31:07.997  1808  1808 I BgTaskExecutorImpl: Starting EXCLUSIVE background task UPLOAD_ASSISTANT_DEVICE_SETTINGS.
06-26 03:31:08.002   399   399 I BpBinder: onLastStrongRef automatically unlinking death recipients: 
06-26 03:31:08.008  1808  3056 I A       : Using proto config with mendel
06-26 03:31:08.008  1808  3056 I A       : Using proto config with mendel
06-26 03:31:08.008  1808  6446 I NetworkRecognitionRnr: Using pair HTTP connection
06-26 03:31:08.009  1808  3115 I A       : [Upload] Connected
06-26 03:31:08.009  1808  3056 I A       : Using proto config with mendel
06-26 03:31:08.009  1808  3056 I A       : Merging legacy hotword config map with new proto.
06-26 03:31:08.009  1808  3056 I A       : Adding from config to map. Locale: cmn-Hant-TW modelPrefix: x_google Location:4e7cae00daee30ec565c34e3aa67a51f isSpeakerIdSupported: true
06-26 03:31:08.009  1808  3056 I A       : Adding from config to map. Locale: id-ID modelPrefix: x_google Location:cfffcc1a4c1c084c003c8eb27f73d770 isSpeakerIdSupported: true
06-26 03:31:08.009  1808  3056 I A       : Adding from config to map. Locale: ko-KR modelPrefix: x_google Location:0b132163a2eb2c1194b202067475724b isSpeakerIdSupported: true
06-26 03:31:08.009  1808  3056 I A       : Skipping. Expected model: 2 Found: 1
06-26 03:31:08.009  1808  3056 I A       : Adding from config to map. Locale: zh-TW modelPrefix: x_google Location:4e7cae00daee30ec565c34e3aa67a51f isSpeakerIdSupported: true
06-26 03:31:08.009  1808  3056 I A       : Using proto config with mendel
06-26 03:31:08.009  1808  3056 I A       : Using proto config with mendel
06-26 03:31:08.009  1808  3056 I A       : Using proto config with mendel
06-26 03:31:08.011  1808  3056 I MicroDetectionState: Should stop hotword detection immediately - true
06-26 03:31:08.012  1091  1091 D TaplTarget: sendStateEventToTest: 6
06-26 03:31:08.012  1091  1131 I ImeTracker: com.google.android.apps.nexuslauncher:3b85ee36: onRequestHide at ORIGIN_CLIENT_HIDE_SOFT_INPUT reason HIDE_SOFT_INPUT
06-26 03:31:08.012  1091  1131 I ImeTracker: com.google.android.apps.nexuslauncher:3b85ee36: onFailed at PHASE_CLIENT_VIEW_SERVED
06-26 03:31:08.014  1808  2679 W LocationOracle: getBestLocation(): no location is available
06-26 03:31:08.017  1808  2389 W CronetNetworkRqstWrppr: Upload request without a content type.
06-26 03:31:08.023  1808  2405 W LocationOracle: No location returned by GMS core getLastLocation()
06-26 03:31:08.032  1808  3115 I NetworkRecognitionRnr: Using pair HTTP connection
06-26 03:31:08.033  1808  2679 I A       : [Upload] Connected
06-26 03:31:08.034  1808  1808 E A       : onError
06-26 03:31:08.034  1808  1808 E A       : com.google.android.apps.gsa.shared.speech.a.m: errorCode: 65561, engine: 2
06-26 03:31:08.034  1808  1808 E A       : 	at com.google.android.apps.gsa.staticplugins.dc.a.e.a(PG:3)
06-26 03:31:08.034  1808  1808 E A       : 	at com.google.android.apps.gsa.s3.n.hh(PG:1)
06-26 03:31:08.034  1808  1808 E A       : 	at com.google.cd.g.a.f.e(PG:2)
06-26 03:31:08.034  1808  1808 E A       : 	at com.google.android.apps.gsa.speech.k.a.g.d(PG:22)
06-26 03:31:08.034  1808  1808 E A       : 	at com.google.android.apps.gsa.speech.k.a.g.ks(PG:6)
06-26 03:31:08.034  1808  1808 E A       : 	at com.google.android.apps.gsa.s3.o.e(PG:14)
06-26 03:31:08.034  1808  1808 E A       : 	at com.google.android.apps.gsa.s3.p.run(PG:1)
06-26 03:31:08.034  1808  1808 E A       : 	at java.util.concurrent.Executors$RunnableAdapter.call(Executors.java:487)
06-26 03:31:08.034  1808  1808 E A       : 	at java.util.concurrent.FutureTask.run(FutureTask.java:264)
06-26 03:31:08.034  1808  1808 E A       : 	at com.google.android.apps.gsa.shared.util.c.a.e.run(PG:2)
06-26 03:31:08.034  1808  1808 E A       : 	at com.google.android.apps.gsa.shared.util.c.a.bi.run(PG:1)
06-26 03:31:08.034  1808  1808 E A       : 	at com.google.android.apps.gsa.shared.util.c.a.bi.run(PG:1)
06-26 03:31:08.034  1808  1808 E A       : 	at java.util.concurrent.ThreadPoolExecutor.runWorker(ThreadPoolExecutor.java:1145)
06-26 03:31:08.034  1808  1808 E A       : 	at java.util.concurrent.ThreadPoolExecutor$Worker.run(ThreadPoolExecutor.java:644)
06-26 03:31:08.034  1808  1808 E A       : 	at java.lang.Thread.run(Thread.java:1012)
06-26 03:31:08.034  1808  1808 E A       : 	at com.google.android.apps.gsa.shared.util.c.a.l.run(PG:5)
06-26 03:31:08.034  1808  1808 E A       : Caused by: com.google.android.apps.gsa.shared.speech.a.o: errorCode: 65586, engine: 2
06-26 03:31:08.034  1808  1808 E A       : 	... 15 more
06-26 03:31:08.034  1808  1808 E A       : Caused by: com.google.android.apps.gsa.shared.speech.a.k: errorCode: 401, engine: 2
06-26 03:31:08.034  1808  1808 E A       : 	at com.google.android.apps.gsa.assistant.shared.n.h.a(PG:5)
06-26 03:31:08.034  1808  1808 E A       : 	at com.google.android.apps.gsa.s3.producers.j.hE(PG:2)
06-26 03:31:08.034  1808  1808 E A       : 	at com.google.android.apps.gsa.speech.k.a.g.d(PG:16)
06-26 03:31:08.034  1808  1808 E A       : 	... 12 more
06-26 03:31:08.121  1808  2389 W CronetNetworkRqstWrppr: Upload request without a content type.
06-26 03:31:08.148   519   975 W system_server: Long monitor contention with owner binder:519_C (1683) at android.content.res.Configuration com.android.server.wm.ActivityTaskManagerService.getGlobalConfigurationForPid(int)(ActivityTaskManagerService.java:1133) waiters=0 in boolean com.android.server.wm.ActivityTaskManagerService.isControllerAMonkey() for 114ms
06-26 03:31:08.150  1808  1808 W A       : Failed to sync device settings.
06-26 03:31:08.150  1808  1808 I A       : Retrying to sync device settings.
06-26 03:31:08.157   519  1683 W JobScheduler: Job didn't exist in JobStore: cc7e808 #u0a132/-353 com.google.android.googlequicksearchbox/com.google.android.apps.gsa.tasks.BackgroundTasksJobService
06-26 03:31:08.160  1091  1091 D TaplEvents: TIS / TouchInteractionService.onInputEvent: MotionEvent { action=ACTION_UP, actionButton=0, id[0]=0, x[0]=79.0, y[0]=617.0, toolType[0]=TOOL_TYPE_FINGER, buttonState=0, classification=NONE, metaState=0, flags=0x0, edgeFlags=0x0, pointerCount=1, historySize=0, eventTime=279201, downTime=279052, deviceId=-1, source=0x1002, displayId=0, eventId=-142378927 }
06-26 03:31:08.161  1808  2437 E cr_CronetUrlRequestContext: Exception in upload method
06-26 03:31:08.161  1808  2437 E cr_CronetUrlRequestContext: com.google.android.apps.gsa.shared.r.d: Error code: 262182
06-26 03:31:08.161  1808  2437 E cr_CronetUrlRequestContext: 	at com.google.android.apps.gsa.shared.ab.bk.d(PG:5)
06-26 03:31:08.161  1808  2437 E cr_CronetUrlRequestContext: 	at com.google.android.libraries.gsa.c.a.ar.d(PG:1)
06-26 03:31:08.161  1808  2437 E cr_CronetUrlRequestContext: 	at com.google.android.libraries.gsa.c.a.bo.b(PG:5)
06-26 03:31:08.161  1808  2437 E cr_CronetUrlRequestContext: 	at com.google.android.libraries.gsa.c.a.e.a(PG:2)
06-26 03:31:08.161  1808  2437 E cr_CronetUrlRequestContext: 	at com.google.android.libraries.gsa.c.a.a.run(PG:2)
06-26 03:31:08.161  1808  2437 E cr_CronetUrlRequestContext: 	at com.google.common.util.concurrent.bf.execute(PG:1)
06-26 03:31:08.161  1808  2437 E cr_CronetUrlRequestContext: 	at com.google.common.util.concurrent.d.i(PG:1)
06-26 03:31:08.161  1808  2437 E cr_CronetUrlRequestContext: 	at com.google.common.util.concurrent.d.l(PG:12)
06-26 03:31:08.161  1808  2437 E cr_CronetUrlRequestContext: 	at com.google.common.util.concurrent.d.cancel(PG:8)
06-26 03:31:08.161  1808  2437 E cr_CronetUrlRequestContext: 	at com.google.common.util.concurrent.d.m(PG:2)
06-26 03:31:08.161  1808  2437 E cr_CronetUrlRequestContext: 	at com.google.common.util.concurrent.j.a(PG:1)
06-26 03:31:08.161  1808  2437 E cr_CronetUrlRequestContext: 	at com.google.common.util.concurrent.d.l(PG:3)
06-26 03:31:08.161  1808  2437 E cr_CronetUrlRequestContext: 	at com.google.common.util.concurrent.d.cancel(PG:8)
06-26 03:31:08.161  1808  2437 E cr_CronetUrlRequestContext: 	at com.google.common.util.concurrent.d.m(PG:2)
06-26 03:31:08.161  1808  2437 E cr_CronetUrlRequestContext: 	at com.google.common.util.concurrent.j.a(PG:1)
06-26 03:31:08.161  1808  2437 E cr_CronetUrlRequestContext: 	at com.google.common.util.concurrent.d.l(PG:3)
06-26 03:31:08.161  1808  2437 E cr_CronetUrlRequestContext: 	at com.google.common.util.concurrent.d.cancel(PG:8)
06-26 03:31:08.161  1808  2437 E cr_CronetUrlRequestContext: 	at com.google.common.util.concurrent.d.m(PG:2)
06-26 03:31:08.161  1808  2437 E cr_CronetUrlRequestContext: 	at com.google.common.util.concurrent.j.a(PG:1)
06-26 03:31:08.161  1808  2437 E cr_CronetUrlRequestContext: 	at com.google.common.util.concurrent.d.l(PG:3)
06-26 03:31:08.161  1808  2437 E cr_CronetUrlRequestContext: 	at com.google.common.util.concurrent.d.cancel(PG:8)
06-26 03:31:08.161  1808  2437 E cr_CronetUrlRequestContext: 	at com.google.common.util.concurrent.d.m(PG:2)
06-26 03:31:08.161  1808  2437 E cr_CronetUrlRequestContext: 	at com.google.common.util.concurrent.j.a(PG:1)
06-26 03:31:08.161  1808  2437 E cr_CronetUrlRequestContext: 	at com.google.common.util.concurrent.d.l(PG:3)
06-26 03:31:08.161  1808  2437 E cr_CronetUrlRequestContext: 	at com.google.common.util.concurrent.d.cancel(PG:8)
06-26 03:31:08.161  1808  2437 E cr_CronetUrlRequestContext: 	at com.google.common.util.concurrent.d.m(PG:2)
