06-26 03:32:04.890   519  2219 I ExplicitHealthCheckController: Explicit health check service is unbound
06-26 03:32:04.894  8509  8721 D Maestro : View hierarchy received in 19 ms
06-26 03:32:04.897   519   615 I RescueParty: Starting to observe: [android], updated namespace: appsearch
06-26 03:32:04.898   519   548 I PackageWatchdog: Syncing state, reason: observing new packages
06-26 03:32:04.899   519   548 D PackageWatchdog: rescue-party-observer added the following packages to monitor [android]
06-26 03:32:04.899   519   548 I PackageWatchdog: Syncing state, reason: updated observers
06-26 03:32:04.899   519   548 I PackageWatchdog: Not pruning observers, elapsed time: 0ms
06-26 03:32:04.899   519   548 I PackageWatchdog: Saving observer state to file
06-26 03:32:04.899   519   519 I PackageWatchdog: Syncing health check requests for packages: {}
06-26 03:32:04.899   519   519 I ExplicitHealthCheckController: Service not ready to get health check supported packages. Binding...
06-26 03:32:04.900   519   519 I ExplicitHealthCheckController: Explicit health check service is bound
06-26 03:32:04.902   519   519 I PackageWatchdog: Syncing health check requests for packages: {}
06-26 03:32:04.902   519   519 I ExplicitHealthCheckController: Service not ready to get health check supported packages. Binding...
06-26 03:32:04.902   519   519 I ExplicitHealthCheckController: Not binding to service, service already connecting
06-26 03:32:04.902   519   519 I ExplicitHealthCheckController: Explicit health check service is connected ComponentInfo{com.google.android.ext.services/android.ext.services.watchdog.ExplicitHealthCheckServiceImpl}
06-26 03:32:04.902   519   519 I ExplicitHealthCheckController: Service initialized, syncing requests
06-26 03:32:04.902   519   519 I PackageWatchdog: Syncing health check requests for packages: {}
06-26 03:32:04.902   519   519 D ExplicitHealthCheckController: Getting health check supported packages
06-26 03:32:04.903   519  2219 I ExplicitHealthCheckController: Explicit health check supported packages [PackageConfig{com.google.android.networkstack, 86400000}]
06-26 03:32:04.903   519  2219 D PackageWatchdog: Received supported packages [PackageConfig{com.google.android.networkstack, 86400000}]
06-26 03:32:04.903   519  2219 D ExplicitHealthCheckController: Getting health check requested packages
06-26 03:32:04.903   519  2219 I ExplicitHealthCheckController: Explicit health check requested packages []
06-26 03:32:04.903   519  2219 I ExplicitHealthCheckController: No more health check requests, unbinding...
06-26 03:32:04.904   519  2219 I ExplicitHealthCheckController: Explicit health check service is unbound
06-26 03:32:04.920   519   615 I RescueParty: Starting to observe: [com.google.android.apps.nexuslauncher, com.android.settings, com.android.systemui], updated namespace: interaction_jank_monitor
06-26 03:32:04.921   519   548 I PackageWatchdog: Syncing state, reason: observing new packages
06-26 03:32:04.921   519   548 D PackageWatchdog: rescue-party-observer added the following packages to monitor [com.google.android.apps.nexuslauncher, com.android.settings, com.android.systemui]
06-26 03:32:04.921   519   548 I PackageWatchdog: Syncing state, reason: updated observers
06-26 03:32:04.922   519   548 I PackageWatchdog: Saving observer state to file
06-26 03:32:04.922   519   519 I PackageWatchdog: Syncing health check requests for packages: {}
06-26 03:32:04.922   519   519 I ExplicitHealthCheckController: Service not ready to get health check supported packages. Binding...
06-26 03:32:04.923   519   615 I RescueParty: Starting to observe: [android], updated namespace: wearable_sensing
06-26 03:32:04.923   519   519 I ExplicitHealthCheckController: Explicit health check service is bound
06-26 03:32:04.924   519   519 I PackageWatchdog: Syncing health check requests for packages: {}
06-26 03:32:04.924   519   519 I ExplicitHealthCheckController: Service not ready to get health check supported packages. Binding...
06-26 03:32:04.924   519   519 I ExplicitHealthCheckController: Not binding to service, service already connecting
06-26 03:32:04.925   519   519 I ExplicitHealthCheckController: Explicit health check service is connected ComponentInfo{com.google.android.ext.services/android.ext.services.watchdog.ExplicitHealthCheckServiceImpl}
06-26 03:32:04.925   519   519 I ExplicitHealthCheckController: Service initialized, syncing requests
06-26 03:32:04.925   519   519 I PackageWatchdog: Syncing health check requests for packages: {}
06-26 03:32:04.925   519   519 D ExplicitHealthCheckController: Getting health check supported packages
06-26 03:32:04.925   519   548 I PackageWatchdog: Syncing state, reason: observing new packages
06-26 03:32:04.925   519  1926 I ExplicitHealthCheckController: Explicit health check supported packages [PackageConfig{com.google.android.networkstack, 86400000}]
06-26 03:32:04.925   519   519 I PackageWatchdog: Syncing health check requests for packages: {}
06-26 03:32:04.925   519   519 D ExplicitHealthCheckController: Getting health check supported packages
06-26 03:32:04.925   519   548 D PackageWatchdog: rescue-party-observer added the following packages to monitor [android]
06-26 03:32:04.926   519   548 I PackageWatchdog: Syncing state, reason: updated observers
06-26 03:32:04.926   519   548 I PackageWatchdog: Not pruning observers, elapsed time: 0ms
06-26 03:32:04.926   519   615 I RescueParty: Starting to observe: [android], updated namespace: runtime_native
06-26 03:32:04.926   519   519 I PackageWatchdog: Syncing health check requests for packages: {}
06-26 03:32:04.926   519   519 D ExplicitHealthCheckController: Getting health check supported packages
06-26 03:32:04.926   519  1411 I ExplicitHealthCheckController: Explicit health check supported packages [PackageConfig{com.google.android.networkstack, 86400000}]
06-26 03:32:04.926   519  2219 I ExplicitHealthCheckController: Explicit health check supported packages [PackageConfig{com.google.android.networkstack, 86400000}]
06-26 03:32:04.926   519  1926 D PackageWatchdog: Received supported packages [PackageConfig{com.google.android.networkstack, 86400000}]
06-26 03:32:04.926   519  1926 D ExplicitHealthCheckController: Getting health check requested packages
06-26 03:32:04.926   519  1411 D PackageWatchdog: Received supported packages [PackageConfig{com.google.android.networkstack, 86400000}]
06-26 03:32:04.926   519  1411 D ExplicitHealthCheckController: Getting health check requested packages
06-26 03:32:04.926   519  1926 I ExplicitHealthCheckController: Explicit health check requested packages []
06-26 03:32:04.926   519  1926 I ExplicitHealthCheckController: No more health check requests, unbinding...
06-26 03:32:04.927   519  2219 D PackageWatchdog: Received supported packages [PackageConfig{com.google.android.networkstack, 86400000}]
06-26 03:32:04.927   519  1411 I ExplicitHealthCheckController: Explicit health check requested packages []
06-26 03:32:04.927   519  1926 I ExplicitHealthCheckController: Explicit health check service is unbound
06-26 03:32:04.928   519  2219 I ExplicitHealthCheckController: Service not ready to get health check requested packages. Binding...
06-26 03:32:04.928   519  2219 I ExplicitHealthCheckController: Explicit health check service is bound
06-26 03:32:04.928   519  1411 I ExplicitHealthCheckController: No more health check requests, unbinding...
06-26 03:32:04.928   519  1411 I ExplicitHealthCheckController: Explicit health check service is unbound
06-26 03:32:04.928   519   548 I PackageWatchdog: Saving observer state to file
06-26 03:32:04.929   519   519 I ExplicitHealthCheckController: Explicit health check service is connected ComponentInfo{com.google.android.ext.services/android.ext.services.watchdog.ExplicitHealthCheckServiceImpl}
06-26 03:32:04.929   519   519 I ExplicitHealthCheckController: Service initialized, syncing requests
06-26 03:32:04.931   519   519 I PackageWatchdog: Syncing health check requests for packages: {}
06-26 03:32:04.931   519   519 D ExplicitHealthCheckController: Getting health check supported packages
06-26 03:32:04.931   519   548 I PackageWatchdog: Syncing state, reason: observing new packages
06-26 03:32:04.931   519   519 I PackageWatchdog: Syncing health check requests for packages: {}
06-26 03:32:04.931   519   519 D ExplicitHealthCheckController: Getting health check supported packages
06-26 03:32:04.931   519  2215 I ExplicitHealthCheckController: Explicit health check supported packages [PackageConfig{com.google.android.networkstack, 86400000}]
06-26 03:32:04.931   519  2219 I ExplicitHealthCheckController: Explicit health check supported packages [PackageConfig{com.google.android.networkstack, 86400000}]
06-26 03:32:04.931   519   548 D PackageWatchdog: rescue-party-observer added the following packages to monitor [android]
06-26 03:32:04.931   519  2215 D PackageWatchdog: Received supported packages [PackageConfig{com.google.android.networkstack, 86400000}]
06-26 03:32:04.931   519  2219 D PackageWatchdog: Received supported packages [PackageConfig{com.google.android.networkstack, 86400000}]
06-26 03:32:04.931   519  2219 D ExplicitHealthCheckController: Getting health check requested packages
06-26 03:32:04.931   519  2219 I ExplicitHealthCheckController: Explicit health check requested packages []
06-26 03:32:04.931   519  2219 I ExplicitHealthCheckController: No more health check requests, unbinding...
06-26 03:32:04.932   519  2219 I ExplicitHealthCheckController: Explicit health check service is unbound
06-26 03:32:04.932   519  2215 I ExplicitHealthCheckController: Service not ready to get health check requested packages. Binding...
06-26 03:32:04.933   519  2215 I ExplicitHealthCheckController: Explicit health check service is bound
06-26 03:32:04.933   519   548 I PackageWatchdog: Syncing state, reason: updated observers
06-26 03:32:04.933   519   519 I PackageWatchdog: Syncing health check requests for packages: {}
06-26 03:32:04.933   519   519 I ExplicitHealthCheckController: Service not ready to get health check supported packages. Binding...
06-26 03:32:04.933   519   519 I ExplicitHealthCheckController: Not binding to service, service already connecting
06-26 03:32:04.933   519   519 I ExplicitHealthCheckController: Explicit health check service is connected ComponentInfo{com.google.android.ext.services/android.ext.services.watchdog.ExplicitHealthCheckServiceImpl}
06-26 03:32:04.933   519   519 I ExplicitHealthCheckController: Service initialized, syncing requests
06-26 03:32:04.933   519   519 I PackageWatchdog: Syncing health check requests for packages: {}
06-26 03:32:04.933   519   519 D ExplicitHealthCheckController: Getting health check supported packages
06-26 03:32:04.934   519  2215 I ExplicitHealthCheckController: Explicit health check supported packages [PackageConfig{com.google.android.networkstack, 86400000}]
06-26 03:32:04.934   519  2215 D PackageWatchdog: Received supported packages [PackageConfig{com.google.android.networkstack, 86400000}]
06-26 03:32:04.934   519  2215 D ExplicitHealthCheckController: Getting health check requested packages
06-26 03:32:04.934   519   548 I PackageWatchdog: Saving observer state to file
06-26 03:32:04.934   519  2215 I ExplicitHealthCheckController: Explicit health check requested packages []
06-26 03:32:04.934   519  2215 I ExplicitHealthCheckController: No more health check requests, unbinding...
06-26 03:32:04.935   519  2215 I ExplicitHealthCheckController: Explicit health check service is unbound
06-26 03:32:04.951  8509  8721 D Maestro : Requesting view hierarchy
06-26 03:32:04.951  8509  8721 W QueryController: Could not detect idle state.
06-26 03:32:04.952  8509  8721 W QueryController: Could not detect idle state.
06-26 03:32:04.961  8509  8721 I Maestro : Skipping invisible child: android.view.accessibility.AccessibilityNodeInfo@38156; boundsInParent: Rect(0, 0 - 0, 19); boundsInScreen: Rect(31, 66 - 31, 80); boundsInWindow: Rect(31, 66 - 31, 80); packageName: com.google.android.apps.nexuslauncher; className: android.widget.TextView; text: null; error: null; maxTextLength: -1; stateDescription: null; contentDescription: null; tooltipText: null; containerTitle: null; viewIdResName: com.google.android.apps.nexuslauncher:id/subtitle_text; uniqueId: null; checkable: false; checked: false; focusable: true; focused: false; selected: false; clickable: true; longClickable: false; contextClickable: false; enabled: true; password: false; scrollable: false; importantForAccessibility: true; visible: false; actions: [AccessibilityAction: ACTION_FOCUS - null, AccessibilityAction: ACTION_SELECT - null, AccessibilityAction: ACTION_CLEAR_SELECTION - null, AccessibilityAction: ACTION_CLICK - null, AccessibilityAction: ACTION_ACCESSIBILITY_FOCUS - null, AccessibilityAction: ACTION_SHOW_ON_SCREEN - null]; isTextSelectable: false
06-26 03:32:04.968   519   615 I RescueParty: Starting to observe: [android], updated namespace: adservices
06-26 03:32:04.969   519   548 I PackageWatchdog: Syncing state, reason: observing new packages
06-26 03:32:04.969   519   548 D PackageWatchdog: rescue-party-observer added the following packages to monitor [android]
06-26 03:32:04.969   519   548 I PackageWatchdog: Syncing state, reason: updated observers
06-26 03:32:04.969   519   548 I PackageWatchdog: Not pruning observers, elapsed time: 0ms
06-26 03:32:04.969   519   519 I PackageWatchdog: Syncing health check requests for packages: {}
06-26 03:32:04.969   519   519 I ExplicitHealthCheckController: Service not ready to get health check supported packages. Binding...
06-26 03:32:04.970   519   548 I PackageWatchdog: Saving observer state to file
06-26 03:32:04.971   519   519 I ExplicitHealthCheckController: Explicit health check service is bound
06-26 03:32:04.972   519   519 I PackageWatchdog: Syncing health check requests for packages: {}
06-26 03:32:04.972   519   519 I ExplicitHealthCheckController: Service not ready to get health check supported packages. Binding...
06-26 03:32:04.973   519   519 I ExplicitHealthCheckController: Not binding to service, service already connecting
06-26 03:32:04.973   519   519 I ExplicitHealthCheckController: Explicit health check service is connected ComponentInfo{com.google.android.ext.services/android.ext.services.watchdog.ExplicitHealthCheckServiceImpl}
06-26 03:32:04.973   519   519 I ExplicitHealthCheckController: Service initialized, syncing requests
06-26 03:32:04.974   519   519 I PackageWatchdog: Syncing health check requests for packages: {}
06-26 03:32:04.974   519   519 D ExplicitHealthCheckController: Getting health check supported packages
06-26 03:32:04.975   519  2215 I ExplicitHealthCheckController: Explicit health check supported packages [PackageConfig{com.google.android.networkstack, 86400000}]
06-26 03:32:04.975   519  2215 D PackageWatchdog: Received supported packages [PackageConfig{com.google.android.networkstack, 86400000}]
06-26 03:32:04.975   519  2215 D ExplicitHealthCheckController: Getting health check requested packages
06-26 03:32:04.976   519  1411 I ExplicitHealthCheckController: Explicit health check requested packages []
06-26 03:32:04.976   519  1411 I ExplicitHealthCheckController: No more health check requests, unbinding...
06-26 03:32:04.976   519  1411 I ExplicitHealthCheckController: Explicit health check service is unbound
06-26 03:32:04.981  8509  8721 D Maestro : View hierarchy received in 29 ms
06-26 03:32:04.989   519   615 I RescueParty: Starting to observe: [android], updated namespace: tare
06-26 03:32:04.989   519   548 I PackageWatchdog: Syncing state, reason: observing new packages
06-26 03:32:04.989   519   548 D PackageWatchdog: rescue-party-observer added the following packages to monitor [android]
06-26 03:32:04.989   519   548 I PackageWatchdog: Syncing state, reason: updated observers
06-26 03:32:04.989   519   548 I PackageWatchdog: Not pruning observers, elapsed time: 0ms
06-26 03:32:04.989   519   548 I PackageWatchdog: Saving observer state to file
06-26 03:32:04.990   519   519 I PackageWatchdog: Syncing health check requests for packages: {}
06-26 03:32:04.990   519   519 I ExplicitHealthCheckController: Service not ready to get health check supported packages. Binding...
06-26 03:32:04.991   519   519 I ExplicitHealthCheckController: Explicit health check service is bound
06-26 03:32:04.991   519   519 I ExplicitHealthCheckController: Explicit health check service is connected ComponentInfo{com.google.android.ext.services/android.ext.services.watchdog.ExplicitHealthCheckServiceImpl}
06-26 03:32:04.992   519   519 I ExplicitHealthCheckController: Service initialized, syncing requests
06-26 03:32:04.992   519   519 I PackageWatchdog: Syncing health check requests for packages: {}
06-26 03:32:04.992   519   519 D ExplicitHealthCheckController: Getting health check supported packages
06-26 03:32:04.992   519  2215 I ExplicitHealthCheckController: Explicit health check supported packages [PackageConfig{com.google.android.networkstack, 86400000}]
06-26 03:32:04.992   519  2215 D PackageWatchdog: Received supported packages [PackageConfig{com.google.android.networkstack, 86400000}]
06-26 03:32:04.992   519  2215 D ExplicitHealthCheckController: Getting health check requested packages
06-26 03:32:04.992   519  2215 I ExplicitHealthCheckController: Explicit health check requested packages []
06-26 03:32:04.992   519  2215 I ExplicitHealthCheckController: No more health check requests, unbinding...
06-26 03:32:04.992   519  2215 I ExplicitHealthCheckController: Explicit health check service is unbound
06-26 03:32:04.998   519   615 I RescueParty: Starting to observe: [android], updated namespace: lmkd_native
06-26 03:32:04.998   519   548 I PackageWatchdog: Syncing state, reason: observing new packages
06-26 03:32:04.998   519   548 D PackageWatchdog: rescue-party-observer added the following packages to monitor [android]
06-26 03:32:04.998   519   548 I PackageWatchdog: Syncing state, reason: updated observers
06-26 03:32:04.998   519   548 I PackageWatchdog: Not pruning observers, elapsed time: 0ms
06-26 03:32:04.998   519   548 I PackageWatchdog: Saving observer state to file
06-26 03:32:04.999   519   519 I PackageWatchdog: Syncing health check requests for packages: {}
06-26 03:32:04.999   519   519 I ExplicitHealthCheckController: Service not ready to get health check supported packages. Binding...
06-26 03:32:05.000   519   519 I ExplicitHealthCheckController: Explicit health check service is bound
--------- beginning of kernel
06-26 03:32:05.187     0     0 I init    : processing action (persist.device_config.lmkd_native.thrashing_limit_critical=*) from (/system/etc/init/lmkd.rc:44)
06-26 03:32:05.189     0     0 I init    : processing action (lmkd.reinit=1) from (/system/etc/init/lmkd.rc:10)
06-26 03:32:05.003   519   519 I ExplicitHealthCheckController: Explicit health check service is connected ComponentInfo{com.google.android.ext.services/android.ext.services.watchdog.ExplicitHealthCheckServiceImpl}
06-26 03:32:05.003   519   519 I ExplicitHealthCheckController: Service initialized, syncing requests
06-26 03:32:05.003   519   519 I PackageWatchdog: Syncing health check requests for packages: {}
06-26 03:32:05.003   519   519 D ExplicitHealthCheckController: Getting health check supported packages
06-26 03:32:05.003   519  1411 I ExplicitHealthCheckController: Explicit health check supported packages [PackageConfig{com.google.android.networkstack, 86400000}]
06-26 03:32:05.003   519  1411 D PackageWatchdog: Received supported packages [PackageConfig{com.google.android.networkstack, 86400000}]
06-26 03:32:05.003   519  1411 D ExplicitHealthCheckController: Getting health check requested packages
06-26 03:32:05.003   519  1411 I ExplicitHealthCheckController: Explicit health check requested packages []
06-26 03:32:05.003   519  1411 I ExplicitHealthCheckController: No more health check requests, unbinding...
06-26 03:32:05.003   519  1411 I ExplicitHealthCheckController: Explicit health check service is unbound
06-26 03:32:05.190     0     0 I init    : starting service 'exec 24 (/system/bin/lmkd --reinit)'...
06-26 03:32:05.012   519   615 I RescueParty: Starting to observe: [android], updated namespace: display_manager
06-26 03:32:05.012   519   548 I PackageWatchdog: Syncing state, reason: observing new packages
06-26 03:32:05.012   519   548 D PackageWatchdog: rescue-party-observer added the following packages to monitor [android]
06-26 03:32:05.012   519   548 I PackageWatchdog: Syncing state, reason: updated observers
06-26 03:32:05.012   519   548 I PackageWatchdog: Saving observer state to file
06-26 03:32:05.013   519   566 W BrightnessThrottler: DeviceConfig ThermalBrightnessThrottlingData is null
06-26 03:32:05.013   519   519 I PackageWatchdog: Syncing health check requests for packages: {}
06-26 03:32:05.013   519   519 I ExplicitHealthCheckController: Service not ready to get health check supported packages. Binding...
06-26 03:32:05.014   519   519 I ExplicitHealthCheckController: Explicit health check service is bound
06-26 03:32:05.014   519   519 I ExplicitHealthCheckController: Explicit health check service is connected ComponentInfo{com.google.android.ext.services/android.ext.services.watchdog.ExplicitHealthCheckServiceImpl}
06-26 03:32:05.014   519   519 I ExplicitHealthCheckController: Service initialized, syncing requests
06-26 03:32:05.014   519   519 I PackageWatchdog: Syncing health check requests for packages: {}
06-26 03:32:05.014   519   519 D ExplicitHealthCheckController: Getting health check supported packages
06-26 03:32:05.014   519  1411 I ExplicitHealthCheckController: Explicit health check supported packages [PackageConfig{com.google.android.networkstack, 86400000}]
06-26 03:32:05.014   519  1411 D PackageWatchdog: Received supported packages [PackageConfig{com.google.android.networkstack, 86400000}]
06-26 03:32:05.014   519  1411 D ExplicitHealthCheckController: Getting health check requested packages
06-26 03:32:05.015   519  1411 I ExplicitHealthCheckController: Explicit health check requested packages []
06-26 03:32:05.015   519  1411 I ExplicitHealthCheckController: No more health check requests, unbinding...
06-26 03:32:05.015   519  1411 I ExplicitHealthCheckController: Explicit health check service is unbound
06-26 03:32:05.021   519   615 I RescueParty: Starting to observe: [android, com.android.settings], updated namespace: activity_manager
06-26 03:32:05.206     0     0 I init    : ... started service 'exec 24 (/system/bin/lmkd --reinit)' has pid 8838
06-26 03:32:05.024   131   131 I lowmemorykiller: lmkd data connection established
06-26 03:32:05.024   519   548 I PackageWatchdog: Syncing state, reason: observing new packages
06-26 03:32:05.024   519   548 D PackageWatchdog: rescue-party-observer added the following packages to monitor [android, com.android.settings]
06-26 03:32:05.024   519   548 I PackageWatchdog: Syncing state, reason: updated observers
06-26 03:32:05.024   519   548 I PackageWatchdog: Not pruning observers, elapsed time: 0ms
06-26 03:32:05.024   519   548 I PackageWatchdog: Saving observer state to file
06-26 03:32:05.025   519   519 I PackageWatchdog: Syncing health check requests for packages: {}
06-26 03:32:05.025   519   519 I ExplicitHealthCheckController: Service not ready to get health check supported packages. Binding...
06-26 03:32:05.026   519   519 I ExplicitHealthCheckController: Explicit health check service is bound
06-26 03:32:05.027   519   519 I ExplicitHealthCheckController: Explicit health check service is connected ComponentInfo{com.google.android.ext.services/android.ext.services.watchdog.ExplicitHealthCheckServiceImpl}
06-26 03:32:05.027   519   519 I ExplicitHealthCheckController: Service initialized, syncing requests
06-26 03:32:05.027   519   519 I PackageWatchdog: Syncing health check requests for packages: {}
06-26 03:32:05.027   519   519 D ExplicitHealthCheckController: Getting health check supported packages
06-26 03:32:05.027   519  2215 I ExplicitHealthCheckController: Explicit health check supported packages [PackageConfig{com.google.android.networkstack, 86400000}]
06-26 03:32:05.027   519  2215 D PackageWatchdog: Received supported packages [PackageConfig{com.google.android.networkstack, 86400000}]
06-26 03:32:05.027   519  2215 D ExplicitHealthCheckController: Getting health check requested packages
06-26 03:32:05.027   519  2215 I ExplicitHealthCheckController: Explicit health check requested packages []
06-26 03:32:05.028   519  2215 I ExplicitHealthCheckController: No more health check requests, unbinding...
06-26 03:32:05.028   519  2215 I ExplicitHealthCheckController: Explicit health check service is unbound
06-26 03:32:05.031   519   519 I AutofillManagerService: Ignoring change on package_deny_list_for_unimportant_view
06-26 03:32:05.031   519   519 W FillRequestEventLogger: Shouldn't be logging AutofillFillRequestReported again for same event
06-26 03:32:05.031   519   519 W FillResponseEventLogger: Shouldn't be logging AutofillFillRequestReported again for same event
06-26 03:32:05.031   519   519 W PresentationStatsEventLogger: Shouldn't be logging AutofillPresentationEventReported again for same event
06-26 03:32:05.031   519   519 D AutofillSession: clearPendingIntentLocked
06-26 03:32:05.031   519   539 D AutofillUI: destroySaveUiUiThread(): already destroyed
06-26 03:32:05.031   519   539 D AutofillUI: destroySaveUiUiThread(): already destroyed
06-26 03:32:05.034   519   519 E AutofillSession: Error notifying client to finish session
06-26 03:32:05.034   519   519 E AutofillSession: android.os.DeadObjectException
06-26 03:32:05.034   519   519 E AutofillSession: 	at android.os.BinderProxy.transactNative(Native Method)
06-26 03:32:05.034   519   519 E AutofillSession: 	at android.os.BinderProxy.transact(BinderProxy.java:584)
06-26 03:32:05.034   519   519 E AutofillSession: 	at android.view.autofill.IAutoFillManagerClient$Stub$Proxy.setSessionFinished(IAutoFillManagerClient.java:701)
06-26 03:32:05.034   519   519 E AutofillSession: 	at com.android.server.autofill.Session.forceRemoveFromServiceLocked(Session.java:6018)
06-26 03:32:05.034   519   519 E AutofillSession: 	at com.android.server.autofill.Session.forceRemoveFromServiceLocked(Session.java:5994)
06-26 03:32:05.034   519   519 E AutofillSession: 	at com.android.server.autofill.AutofillManagerServiceImpl.forceRemoveAllSessionsLocked(AutofillManagerServiceImpl.java:1195)
06-26 03:32:05.034   519   519 E AutofillSession: 	at com.android.server.autofill.AutofillManagerServiceImpl.updateLocked(AutofillManagerServiceImpl.java:232)
06-26 03:32:05.034   519   519 E AutofillSession: 	at com.android.server.infra.AbstractMasterSystemService.updateCachedServiceListLocked(AbstractMasterSystemService.java:705)
06-26 03:32:05.034   519   519 E AutofillSession: 	at com.android.server.infra.AbstractMasterSystemService.updateCachedServiceLocked(AbstractMasterSystemService.java:652)
06-26 03:32:05.034   519   519 E AutofillSession: 	at com.android.server.autofill.AutofillManagerService.updateCachedServices(AutofillManagerService.java:715)
06-26 03:32:05.034   519   519 E AutofillSession: 	at com.android.server.autofill.AutofillManagerService.onDeviceConfigChange(AutofillManagerService.java:359)
06-26 03:32:05.034   519   519 E AutofillSession: 	at com.android.server.autofill.AutofillManagerService.lambda$new$0(AutofillManagerService.java:242)
06-26 03:32:05.034   519   519 E AutofillSession: 	at com.android.server.autofill.AutofillManagerService.$r8$lambda$rXedAI_uPsNE0nWrOcJm-3-nni8(AutofillManagerService.java:0)
06-26 03:32:05.034   519   519 E AutofillSession: 	at com.android.server.autofill.AutofillManagerService$$ExternalSyntheticLambda0.onPropertiesChanged(R8$$SyntheticClass:0)
06-26 03:32:05.034   519   519 E AutofillSession: 	at android.provider.DeviceConfig.lambda$handleChange$0(DeviceConfig.java:1466)
06-26 03:32:05.034   519   519 E AutofillSession: 	at android.provider.DeviceConfig$$ExternalSyntheticLambda0.run(Unknown Source:4)
06-26 03:32:05.034   519   519 E AutofillSession: 	at android.os.Handler.handleCallback(Handler.java:958)
06-26 03:32:05.034   519   519 E AutofillSession: 	at android.os.Handler.dispatchMessage(Handler.java:99)
06-26 03:32:05.034   519   519 E AutofillSession: 	at android.os.Looper.loopOnce(Looper.java:205)
06-26 03:32:05.034   519   519 E AutofillSession: 	at android.os.Looper.loop(Looper.java:294)
06-26 03:32:05.034   519   519 E AutofillSession: 	at com.android.server.SystemServer.run(SystemServer.java:970)
06-26 03:32:05.034   519   519 E AutofillSession: 	at com.android.server.SystemServer.main(SystemServer.java:664)
06-26 03:32:05.034   519   519 E AutofillSession: 	at java.lang.reflect.Method.invoke(Native Method)
06-26 03:32:05.034   519   519 E AutofillSession: 	at com.android.internal.os.RuntimeInit$MethodAndArgsCaller.run(RuntimeInit.java:552)
06-26 03:32:05.034   519   519 E AutofillSession: 	at com.android.internal.os.ZygoteInit.main(ZygoteInit.java:949)
06-26 03:32:05.035   519   519 D AutofillManagerServiceImpl: Set component for user 0 as ComponentInfo{com.google.android.gms/com.google.android.gms.autofill.service.AutofillService} and info as ServiceInfo{41e0abc com.google.android.gms.autofill.service.AutofillService}
06-26 03:32:05.035   519   519 I AutofillManagerService: Ignoring change on trigger_fill_request_on_filtered_important_views
06-26 03:32:05.035   519   519 I AutofillManagerService: Ignoring change on package_and_activity_allowlist_for_triggering_fill_request
06-26 03:32:05.035   519   519 I AutofillManagerService: Ignoring change on multiline_filter_enabled
06-26 03:32:05.035   519   519 I AutofillManagerService: Ignoring change on augmented_autofill_mode
06-26 03:32:05.035   519   519 I AutofillManagerService: Ignoring change on autofill_dialog_hints
06-26 03:32:05.035   519   519 I AutofillManagerService: Ignoring change on include_all_views_in_assist_structure
06-26 03:32:05.035   519   519 I AutofillManagerService: Ignoring change on should_enable_autofill_on_all_view_types
06-26 03:32:05.035   519   519 I AutofillManagerService: Ignoring change on autofill_save_dialog_landscape_body_height_max_percent
06-26 03:32:05.035   519   519 I AutofillManagerService: Ignoring change on non_autofillable_ime_action_ids
06-26 03:32:05.035   519   519 I AutofillManagerService: Ignoring change on autofill_save_dialog_portrait_body_height_max_percent
06-26 03:32:05.035   519   519 I AutofillManagerService: Ignoring change on include_all_autofill_type_not_none_views_in_assist_structure
06-26 03:32:05.035   519   519 I AutofillManagerService: Ignoring change on trigger_fill_request_on_unimportant_view
06-26 03:32:05.035   519   519 I AutofillManagerService: Ignoring change on autofill_dialog_enabled
06-26 03:32:05.035  1508  1508 V InlineSuggestionRenderService: handleDestroySuggestionViews called for 0:1174897946
06-26 03:32:05.036   519   519 W ServiceConnector.Impl: mayInterruptIfRunning not supported - ignoring
06-26 03:32:05.036  1584  3064 I AiAiAutofill: Disconnected AiAiAugmentedAutofillService.
06-26 03:32:05.036  1584  1584 D AugmentedAutofillService: handleOnConnected(): debug=true, verbose=false
06-26 03:32:05.037  8509  8721 D Maestro : Requesting view hierarchy
06-26 03:32:05.037  1584  3064 I AiAiAutofill: Connected AiAiAugmentedAutofillService.
06-26 03:32:05.037  8509  8721 W QueryController: Could not detect idle state.
06-26 03:32:05.037  8509  8721 W QueryController: Could not detect idle state.
06-26 03:32:05.054  8509  8721 I Maestro : Skipping invisible child: android.view.accessibility.AccessibilityNodeInfo@38156; boundsInParent: Rect(0, 0 - 0, 19); boundsInScreen: Rect(31, 66 - 31, 80); boundsInWindow: Rect(31, 66 - 31, 80); packageName: com.google.android.apps.nexuslauncher; className: android.widget.TextView; text: null; error: null; maxTextLength: -1; stateDescription: null; contentDescription: null; tooltipText: null; containerTitle: null; viewIdResName: com.google.android.apps.nexuslauncher:id/subtitle_text; uniqueId: null; checkable: false; checked: false; focusable: true; focused: false; selected: false; clickable: true; longClickable: false; contextClickable: false; enabled: true; password: false; scrollable: false; importantForAccessibility: true; visible: false; actions: [AccessibilityAction: ACTION_FOCUS - null, AccessibilityAction: ACTION_SELECT - null, AccessibilityAction: ACTION_CLEAR_SELECTION - null, AccessibilityAction: ACTION_CLICK - null, AccessibilityAction: ACTION_ACCESSIBILITY_FOCUS - null, AccessibilityAction: ACTION_SHOW_ON_SCREEN - null]; isTextSelectable: false
06-26 03:32:05.055   131   131 I lowmemorykiller: Using psi monitors for memory pressure detection
06-26 03:32:05.055   131   131 I lowmemorykiller: Properties reinitilized
06-26 03:32:05.055  8838  8838 I lowmemorykiller: lmkd updated properties successfully
06-26 03:32:05.055   131   131 I lowmemorykiller: lmkd data connection dropped
06-26 03:32:05.055   131   131 I lowmemorykiller: closing lmkd data connection
06-26 03:32:05.242     0     0 I init    : Service 'exec 24 (/system/bin/lmkd --reinit)' (pid 8838) exited with status 0 oneshot service took 0.050000 seconds in background
06-26 03:32:05.244     0     0 I init    : Sending signal 9 to service 'exec 24 (/system/bin/lmkd --reinit)' (pid 8838) process group...
06-26 03:32:05.246     0     0 I libprocessgroup: Successfully killed process cgroup uid 0 pid 8838 in 0ms
06-26 03:32:05.063  8509  8721 D Maestro : View hierarchy received in 26 ms
06-26 03:32:05.075   519   615 I RescueParty: Starting to observe: [com.google.android.as, com.google.android.as.oss], updated namespace: device_personalization_services
06-26 03:32:05.075   519   548 I PackageWatchdog: Syncing state, reason: observing new packages
06-26 03:32:05.075   519   548 D PackageWatchdog: rescue-party-observer added the following packages to monitor [com.google.android.as, com.google.android.as.oss]
06-26 03:32:05.075   519   548 I PackageWatchdog: Syncing state, reason: updated observers
06-26 03:32:05.075   519   548 I PackageWatchdog: Not pruning observers, elapsed time: 0ms
06-26 03:32:05.075   519   548 I PackageWatchdog: Saving observer state to file
06-26 03:32:05.078   519   519 I PackageWatchdog: Syncing health check requests for packages: {}
06-26 03:32:05.078   519   519 I ExplicitHealthCheckController: Service not ready to get health check supported packages. Binding...
06-26 03:32:05.079   519   519 I ExplicitHealthCheckController: Explicit health check service is bound
06-26 03:32:05.080   519   519 I ExplicitHealthCheckController: Explicit health check service is connected ComponentInfo{com.google.android.ext.services/android.ext.services.watchdog.ExplicitHealthCheckServiceImpl}
06-26 03:32:05.080   519   519 I ExplicitHealthCheckController: Service initialized, syncing requests
06-26 03:32:05.081   519   519 I PackageWatchdog: Syncing health check requests for packages: {}
06-26 03:32:05.081   519   519 D ExplicitHealthCheckController: Getting health check supported packages
06-26 03:32:05.081   519  1411 I ExplicitHealthCheckController: Explicit health check supported packages [PackageConfig{com.google.android.networkstack, 86400000}]
06-26 03:32:05.081   519  1411 D PackageWatchdog: Received supported packages [PackageConfig{com.google.android.networkstack, 86400000}]
06-26 03:32:05.081   519  1411 D ExplicitHealthCheckController: Getting health check requested packages
06-26 03:32:05.082   519  1411 I ExplicitHealthCheckController: Explicit health check requested packages []
06-26 03:32:05.082   519  1411 I ExplicitHealthCheckController: No more health check requests, unbinding...
06-26 03:32:05.082   519  1411 I ExplicitHealthCheckController: Explicit health check service is unbound
06-26 03:32:05.087   519   615 I RescueParty: Starting to observe: [android, com.android.systemui], updated namespace: app_compat
06-26 03:32:05.089   519   548 I PackageWatchdog: Syncing state, reason: observing new packages
06-26 03:32:05.089   519   548 D PackageWatchdog: rescue-party-observer added the following packages to monitor [android, com.android.systemui]
06-26 03:32:05.090   519   548 I PackageWatchdog: Syncing state, reason: updated observers
06-26 03:32:05.090   519   548 I PackageWatchdog: Not pruning observers, elapsed time: 0ms
06-26 03:32:05.090   835   835 D StatusBarIconController: ignoring old pipeline callbacks, because the new mobile icons are enabled
06-26 03:32:05.090   519   519 I PackageWatchdog: Syncing health check requests for packages: {}
06-26 03:32:05.090   519   519 I ExplicitHealthCheckController: Service not ready to get health check supported packages. Binding...
06-26 03:32:05.091   519   519 I ExplicitHealthCheckController: Explicit health check service is bound
06-26 03:32:05.091   519   519 I PackageWatchdog: Syncing health check requests for packages: {}
06-26 03:32:05.092   519   519 I ExplicitHealthCheckController: Service not ready to get health check supported packages. Binding...
06-26 03:32:05.092   519   519 I ExplicitHealthCheckController: Not binding to service, service already connecting
06-26 03:32:05.092   519   519 I ExplicitHealthCheckController: Explicit health check service is connected ComponentInfo{com.google.android.ext.services/android.ext.services.watchdog.ExplicitHealthCheckServiceImpl}
06-26 03:32:05.092   519   519 I ExplicitHealthCheckController: Service initialized, syncing requests
06-26 03:32:05.092   519   519 I PackageWatchdog: Syncing health check requests for packages: {}
06-26 03:32:05.092   519   519 D ExplicitHealthCheckController: Getting health check supported packages
06-26 03:32:05.092   519  2215 I ExplicitHealthCheckController: Explicit health check supported packages [PackageConfig{com.google.android.networkstack, 86400000}]
06-26 03:32:05.092   519  2215 D PackageWatchdog: Received supported packages [PackageConfig{com.google.android.networkstack, 86400000}]
06-26 03:32:05.092   519  2215 D ExplicitHealthCheckController: Getting health check requested packages
06-26 03:32:05.092   519  2215 I ExplicitHealthCheckController: Explicit health check requested packages []
06-26 03:32:05.093   519  2215 I ExplicitHealthCheckController: No more health check requests, unbinding...
06-26 03:32:05.093   519  2215 I ExplicitHealthCheckController: Explicit health check service is unbound
06-26 03:32:05.093   519   548 I PackageWatchdog: Saving observer state to file
06-26 03:32:05.104   519   615 I RescueParty: Starting to observe: [android], updated namespace: credential_manager
06-26 03:32:05.104   519   548 I PackageWatchdog: Syncing state, reason: observing new packages
06-26 03:32:05.104   519   548 D PackageWatchdog: rescue-party-observer added the following packages to monitor [android]
06-26 03:32:05.104   519   548 I PackageWatchdog: Syncing state, reason: updated observers
06-26 03:32:05.105   519   548 I PackageWatchdog: Saving observer state to file
06-26 03:32:05.105   519   519 I PackageWatchdog: Syncing health check requests for packages: {}
06-26 03:32:05.105   519   519 I ExplicitHealthCheckController: Service not ready to get health check supported packages. Binding...
06-26 03:32:05.106   519   519 I ExplicitHealthCheckController: Explicit health check service is bound
06-26 03:32:05.107   519   519 I PackageWatchdog: Syncing health check requests for packages: {}
06-26 03:32:05.107   519   519 I ExplicitHealthCheckController: Service not ready to get health check supported packages. Binding...
06-26 03:32:05.107   519   519 I ExplicitHealthCheckController: Not binding to service, service already connecting
06-26 03:32:05.107   519   519 I ExplicitHealthCheckController: Explicit health check service is connected ComponentInfo{com.google.android.ext.services/android.ext.services.watchdog.ExplicitHealthCheckServiceImpl}
06-26 03:32:05.107   519   519 I ExplicitHealthCheckController: Service initialized, syncing requests
06-26 03:32:05.107   519   519 I PackageWatchdog: Syncing health check requests for packages: {}
06-26 03:32:05.107   519   519 D ExplicitHealthCheckController: Getting health check supported packages
06-26 03:32:05.108   519  2219 I ExplicitHealthCheckController: Explicit health check supported packages [PackageConfig{com.google.android.networkstack, 86400000}]
06-26 03:32:05.108   519  2219 D PackageWatchdog: Received supported packages [PackageConfig{com.google.android.networkstack, 86400000}]
06-26 03:32:05.108   519  2219 D ExplicitHealthCheckController: Getting health check requested packages
06-26 03:32:05.108   519  2219 I ExplicitHealthCheckController: Explicit health check requested packages []
06-26 03:32:05.108   519  2219 I ExplicitHealthCheckController: No more health check requests, unbinding...
06-26 03:32:05.108   519  2219 I ExplicitHealthCheckController: Explicit health check service is unbound
06-26 03:32:05.111   519   615 I RescueParty: Starting to observe: [android], updated namespace: remote_key_provisioning_native
06-26 03:32:05.111   519   548 I PackageWatchdog: Syncing state, reason: observing new packages
06-26 03:32:05.112   519   548 D PackageWatchdog: rescue-party-observer added the following packages to monitor [android]
06-26 03:32:05.112   519   548 I PackageWatchdog: Syncing state, reason: updated observers
06-26 03:32:05.112   519   548 I PackageWatchdog: Not pruning observers, elapsed time: 0ms
06-26 03:32:05.112   519   548 I PackageWatchdog: Saving observer state to file
06-26 03:32:05.112   519   519 I PackageWatchdog: Syncing health check requests for packages: {}
06-26 03:32:05.112   519   519 I ExplicitHealthCheckController: Service not ready to get health check supported packages. Binding...
06-26 03:32:05.113   519   519 I ExplicitHealthCheckController: Explicit health check service is bound
06-26 03:32:05.115   519   615 I RescueParty: Starting to observe: [android, com.android.phone], updated namespace: telephony
06-26 03:32:05.115   519   548 I PackageWatchdog: Syncing state, reason: observing new packages
06-26 03:32:05.115   519   548 D PackageWatchdog: rescue-party-observer added the following packages to monitor [android, com.android.phone]
06-26 03:32:05.115   519   519 I PackageWatchdog: Syncing health check requests for packages: {}
06-26 03:32:05.115   519   519 I ExplicitHealthCheckController: Service not ready to get health check supported packages. Binding...
06-26 03:32:05.115   519   519 I ExplicitHealthCheckController: Not binding to service, service already connecting
06-26 03:32:05.115   519   519 I ExplicitHealthCheckController: Explicit health check service is connected ComponentInfo{com.google.android.ext.services/android.ext.services.watchdog.ExplicitHealthCheckServiceImpl}
06-26 03:32:05.115   519   519 I ExplicitHealthCheckController: Service initialized, syncing requests
06-26 03:32:05.116   519   519 I PackageWatchdog: Syncing health check requests for packages: {}
06-26 03:32:05.116   519   519 D ExplicitHealthCheckController: Getting health check supported packages
06-26 03:32:05.116   519  2215 I ExplicitHealthCheckController: Explicit health check supported packages [PackageConfig{com.google.android.networkstack, 86400000}]
06-26 03:32:05.116   519  2215 D PackageWatchdog: Received supported packages [PackageConfig{com.google.android.networkstack, 86400000}]
06-26 03:32:05.116   519  2215 D ExplicitHealthCheckController: Getting health check requested packages
06-26 03:32:05.116   519  2215 I ExplicitHealthCheckController: Explicit health check requested packages []
06-26 03:32:05.116   519  2215 I ExplicitHealthCheckController: No more health check requests, unbinding...
06-26 03:32:05.116   519  2215 I ExplicitHealthCheckController: Explicit health check service is unbound
06-26 03:32:05.117   519   548 I PackageWatchdog: Syncing state, reason: updated observers
06-26 03:32:05.117   519   519 I PackageWatchdog: Syncing health check requests for packages: {}
06-26 03:32:05.117   519   519 I ExplicitHealthCheckController: Service not ready to get health check supported packages. Binding...
06-26 03:32:05.118   519   519 I ExplicitHealthCheckController: Explicit health check service is bound
06-26 03:32:05.119   519   519 I ExplicitHealthCheckController: Explicit health check service is connected ComponentInfo{com.google.android.ext.services/android.ext.services.watchdog.ExplicitHealthCheckServiceImpl}
06-26 03:32:05.119   519   519 I ExplicitHealthCheckController: Service initialized, syncing requests
06-26 03:32:05.119   519   519 I PackageWatchdog: Syncing health check requests for packages: {}
06-26 03:32:05.119   519   519 D ExplicitHealthCheckController: Getting health check supported packages
06-26 03:32:05.119   519   548 I PackageWatchdog: Saving observer state to file
06-26 03:32:05.119   519  2215 I ExplicitHealthCheckController: Explicit health check supported packages [PackageConfig{com.google.android.networkstack, 86400000}]
06-26 03:32:05.120   519  2215 D PackageWatchdog: Received supported packages [PackageConfig{com.google.android.networkstack, 86400000}]
06-26 03:32:05.120   519  2215 D ExplicitHealthCheckController: Getting health check requested packages
06-26 03:32:05.120   519  2215 I ExplicitHealthCheckController: Explicit health check requested packages []
06-26 03:32:05.120   519  2215 I ExplicitHealthCheckController: No more health check requests, unbinding...
06-26 03:32:05.120   519  2215 I ExplicitHealthCheckController: Explicit health check service is unbound
06-26 03:32:05.129   519   615 I RescueParty: Starting to observe: [android], updated namespace: media_better_together
06-26 03:32:05.129   519   548 I PackageWatchdog: Syncing state, reason: observing new packages
06-26 03:32:05.129   519   548 D PackageWatchdog: rescue-party-observer added the following packages to monitor [android]
06-26 03:32:05.129   519   548 I PackageWatchdog: Syncing state, reason: updated observers
06-26 03:32:05.129   519   548 I PackageWatchdog: Not pruning observers, elapsed time: 0ms
06-26 03:32:05.129   519   548 I PackageWatchdog: Saving observer state to file
06-26 03:32:05.129   519   519 I PackageWatchdog: Syncing health check requests for packages: {}
06-26 03:32:05.129   519   519 I ExplicitHealthCheckController: Service not ready to get health check supported packages. Binding...
06-26 03:32:05.130   519   519 I ExplicitHealthCheckController: Explicit health check service is bound
06-26 03:32:05.130   519   519 I ExplicitHealthCheckController: Explicit health check service is connected ComponentInfo{com.google.android.ext.services/android.ext.services.watchdog.ExplicitHealthCheckServiceImpl}
06-26 03:32:05.131   519   519 I ExplicitHealthCheckController: Service initialized, syncing requests
06-26 03:32:05.131   519   519 I PackageWatchdog: Syncing health check requests for packages: {}
06-26 03:32:05.131   519   519 D ExplicitHealthCheckController: Getting health check supported packages
06-26 03:32:05.131   519  2215 I ExplicitHealthCheckController: Explicit health check supported packages [PackageConfig{com.google.android.networkstack, 86400000}]
06-26 03:32:05.131   519  2215 D PackageWatchdog: Received supported packages [PackageConfig{com.google.android.networkstack, 86400000}]
06-26 03:32:05.131   519  2215 D ExplicitHealthCheckController: Getting health check requested packages
06-26 03:32:05.131   519  2215 I ExplicitHealthCheckController: Explicit health check requested packages []
06-26 03:32:05.131   519  2215 I ExplicitHealthCheckController: No more health check requests, unbinding...
06-26 03:32:05.132   519  2215 I ExplicitHealthCheckController: Explicit health check service is unbound
06-26 03:32:05.133   519   615 I RescueParty: Starting to observe: [android], updated namespace: health_fitness
06-26 03:32:05.133   519   548 I PackageWatchdog: Syncing state, reason: observing new packages
06-26 03:32:05.134   519   548 D PackageWatchdog: rescue-party-observer added the following packages to monitor [android]
06-26 03:32:05.134   519   548 I PackageWatchdog: Syncing state, reason: updated observers
06-26 03:32:05.134   519   548 I PackageWatchdog: Not pruning observers, elapsed time: 0ms
06-26 03:32:05.134   519   548 I PackageWatchdog: Saving observer state to file
06-26 03:32:05.135   519   519 I PackageWatchdog: Syncing health check requests for packages: {}
06-26 03:32:05.135   519   519 I ExplicitHealthCheckController: Service not ready to get health check supported packages. Binding...
06-26 03:32:05.135   519   519 I ExplicitHealthCheckController: Explicit health check service is bound
06-26 03:32:05.136   519   519 I ExplicitHealthCheckController: Explicit health check service is connected ComponentInfo{com.google.android.ext.services/android.ext.services.watchdog.ExplicitHealthCheckServiceImpl}
06-26 03:32:05.136   519   519 I ExplicitHealthCheckController: Service initialized, syncing requests
06-26 03:32:05.136   519   519 I PackageWatchdog: Syncing health check requests for packages: {}
06-26 03:32:05.136   519   519 D ExplicitHealthCheckController: Getting health check supported packages
06-26 03:32:05.136   519  2215 I ExplicitHealthCheckController: Explicit health check supported packages [PackageConfig{com.google.android.networkstack, 86400000}]
06-26 03:32:05.137   519  2215 D PackageWatchdog: Received supported packages [PackageConfig{com.google.android.networkstack, 86400000}]
06-26 03:32:05.137   519  2215 D ExplicitHealthCheckController: Getting health check requested packages
06-26 03:32:05.137   519   615 I RescueParty: Starting to observe: [android], updated namespace: app_standby
06-26 03:32:05.137   519   548 I PackageWatchdog: Syncing state, reason: observing new packages
