06-26 03:32:05.137   519   548 D PackageWatchdog: rescue-party-observer added the following packages to monitor [android]
06-26 03:32:05.138   519   548 I PackageWatchdog: Syncing state, reason: updated observers
06-26 03:32:05.138   519   548 I PackageWatchdog: Saving observer state to file
06-26 03:32:05.138   519  2215 I ExplicitHealthCheckController: Explicit health check requested packages []
06-26 03:32:05.138   519  2215 I ExplicitHealthCheckController: No more health check requests, unbinding...
06-26 03:32:05.138   519   519 I PackageWatchdog: Syncing health check requests for packages: {}
06-26 03:32:05.138   519  2215 I ExplicitHealthCheckController: Explicit health check service is unbound
06-26 03:32:05.138   519   519 I ExplicitHealthCheckController: Service not ready to get health check supported packages. Binding...
06-26 03:32:05.139   519   602 D CompatibilityChangeReporter: Compat change id reported: 218533173; UID 10085; state: ENABLED
06-26 03:32:05.139   519   519 I ExplicitHealthCheckController: Explicit health check service is bound
06-26 03:32:05.140   519   602 D CompatibilityChangeReporter: Compat change id reported: 262645982; UID 10085; state: ENABLED
06-26 03:32:05.140   519   519 I PackageWatchdog: Syncing health check requests for packages: {}
06-26 03:32:05.140   519   519 I ExplicitHealthCheckController: Service not ready to get health check supported packages. Binding...
06-26 03:32:05.140   519   519 I ExplicitHealthCheckController: Not binding to service, service already connecting
06-26 03:32:05.140   519   519 I ExplicitHealthCheckController: Explicit health check service is connected ComponentInfo{com.google.android.ext.services/android.ext.services.watchdog.ExplicitHealthCheckServiceImpl}
06-26 03:32:05.141   519   519 I ExplicitHealthCheckController: Service initialized, syncing requests
06-26 03:32:05.141   519   519 I PackageWatchdog: Syncing health check requests for packages: {}
06-26 03:32:05.141   519   519 D ExplicitHealthCheckController: Getting health check supported packages
06-26 03:32:05.141   519  2219 I ExplicitHealthCheckController: Explicit health check supported packages [PackageConfig{com.google.android.networkstack, 86400000}]
06-26 03:32:05.141   519  2219 D PackageWatchdog: Received supported packages [PackageConfig{com.google.android.networkstack, 86400000}]
06-26 03:32:05.141   519  2219 D ExplicitHealthCheckController: Getting health check requested packages
06-26 03:32:05.141   519   602 D CompatibilityChangeReporter: Compat change id reported: 218533173; UID 10201; state: ENABLED
06-26 03:32:05.141   519  2219 I ExplicitHealthCheckController: Explicit health check requested packages []
06-26 03:32:05.141   519  2219 I ExplicitHealthCheckController: No more health check requests, unbinding...
06-26 03:32:05.141   519   602 D CompatibilityChangeReporter: Compat change id reported: 262645982; UID 10201; state: ENABLED
06-26 03:32:05.142   519  2219 I ExplicitHealthCheckController: Explicit health check service is unbound
06-26 03:32:05.142   519   602 D CompatibilityChangeReporter: Compat change id reported: 218533173; UID 10192; state: ENABLED
06-26 03:32:05.142   519   602 D CompatibilityChangeReporter: Compat change id reported: 262645982; UID 10192; state: ENABLED
06-26 03:32:05.143   519   615 I RescueParty: Starting to observe: [com.google.android.apps.nexuslauncher], updated namespace: launcher
06-26 03:32:05.144   519   548 I PackageWatchdog: Syncing state, reason: observing new packages
06-26 03:32:05.144   519   519 I PackageWatchdog: Syncing health check requests for packages: {}
06-26 03:32:05.144   519   519 I ExplicitHealthCheckController: Service not ready to get health check supported packages. Binding...
06-26 03:32:05.144   519   519 I ExplicitHealthCheckController: Explicit health check service is bound
06-26 03:32:05.145   519   519 I ExplicitHealthCheckController: Explicit health check service is connected ComponentInfo{com.google.android.ext.services/android.ext.services.watchdog.ExplicitHealthCheckServiceImpl}
06-26 03:32:05.145   519   519 I ExplicitHealthCheckController: Service initialized, syncing requests
06-26 03:32:05.145   519   519 I PackageWatchdog: Syncing health check requests for packages: {}
06-26 03:32:05.145   519   519 D ExplicitHealthCheckController: Getting health check supported packages
06-26 03:32:05.145   519  1411 I ExplicitHealthCheckController: Explicit health check supported packages [PackageConfig{com.google.android.networkstack, 86400000}]
06-26 03:32:05.145   519  1411 D PackageWatchdog: Received supported packages [PackageConfig{com.google.android.networkstack, 86400000}]
06-26 03:32:05.145   519  1411 D ExplicitHealthCheckController: Getting health check requested packages
06-26 03:32:05.145   519  1411 I ExplicitHealthCheckController: Explicit health check requested packages []
06-26 03:32:05.145   519  1411 I ExplicitHealthCheckController: No more health check requests, unbinding...
06-26 03:32:05.146   519  1411 I ExplicitHealthCheckController: Explicit health check service is unbound
06-26 03:32:05.146   519   548 D PackageWatchdog: rescue-party-observer added the following packages to monitor [com.google.android.apps.nexuslauncher]
06-26 03:32:05.146   519   548 I PackageWatchdog: Syncing state, reason: updated observers
06-26 03:32:05.146   519   519 I PackageWatchdog: Syncing health check requests for packages: {}
06-26 03:32:05.146   519   519 I ExplicitHealthCheckController: Service not ready to get health check supported packages. Binding...
06-26 03:32:05.147   519   519 I ExplicitHealthCheckController: Explicit health check service is bound
06-26 03:32:05.147   519   519 I ExplicitHealthCheckController: Explicit health check service is connected ComponentInfo{com.google.android.ext.services/android.ext.services.watchdog.ExplicitHealthCheckServiceImpl}
06-26 03:32:05.147   519   519 I ExplicitHealthCheckController: Service initialized, syncing requests
06-26 03:32:05.147   519   519 I PackageWatchdog: Syncing health check requests for packages: {}
06-26 03:32:05.147   519   519 D ExplicitHealthCheckController: Getting health check supported packages
06-26 03:32:05.147   519  1411 I ExplicitHealthCheckController: Explicit health check supported packages [PackageConfig{com.google.android.networkstack, 86400000}]
06-26 03:32:05.147   519  1411 D PackageWatchdog: Received supported packages [PackageConfig{com.google.android.networkstack, 86400000}]
06-26 03:32:05.147   519  1411 D ExplicitHealthCheckController: Getting health check requested packages
06-26 03:32:05.148   519  1411 I ExplicitHealthCheckController: Explicit health check requested packages []
06-26 03:32:05.148   519  1411 I ExplicitHealthCheckController: No more health check requests, unbinding...
06-26 03:32:05.148   519  1411 I ExplicitHealthCheckController: Explicit health check service is unbound
06-26 03:32:05.148   519   548 I PackageWatchdog: Saving observer state to file
06-26 03:32:05.155   519   615 I RescueParty: Starting to observe: [android], updated namespace: configuration
06-26 03:32:05.155   519   548 I PackageWatchdog: Syncing state, reason: observing new packages
06-26 03:32:05.156   519   548 D PackageWatchdog: rescue-party-observer added the following packages to monitor [android]
06-26 03:32:05.156   519   548 I PackageWatchdog: Syncing state, reason: updated observers
06-26 03:32:05.156   519   548 I PackageWatchdog: Saving observer state to file
06-26 03:32:05.158   519   519 I PackageWatchdog: Syncing health check requests for packages: {}
06-26 03:32:05.158   519   519 I ExplicitHealthCheckController: Service not ready to get health check supported packages. Binding...
06-26 03:32:05.159   519   519 I ExplicitHealthCheckController: Explicit health check service is bound
06-26 03:32:05.160   519   519 I PackageWatchdog: Syncing health check requests for packages: {}
06-26 03:32:05.160   519   519 I ExplicitHealthCheckController: Service not ready to get health check supported packages. Binding...
06-26 03:32:05.160   519   519 I ExplicitHealthCheckController: Not binding to service, service already connecting
06-26 03:32:05.160   519   519 I ExplicitHealthCheckController: Explicit health check service is connected ComponentInfo{com.google.android.ext.services/android.ext.services.watchdog.ExplicitHealthCheckServiceImpl}
06-26 03:32:05.160   519   519 I ExplicitHealthCheckController: Service initialized, syncing requests
06-26 03:32:05.161   519   519 I PackageWatchdog: Syncing health check requests for packages: {}
06-26 03:32:05.161   519   519 D ExplicitHealthCheckController: Getting health check supported packages
06-26 03:32:05.161   519  1411 I ExplicitHealthCheckController: Explicit health check supported packages [PackageConfig{com.google.android.networkstack, 86400000}]
06-26 03:32:05.161   519  1411 D PackageWatchdog: Received supported packages [PackageConfig{com.google.android.networkstack, 86400000}]
06-26 03:32:05.161   519  1411 D ExplicitHealthCheckController: Getting health check requested packages
06-26 03:32:05.161   519  1411 I ExplicitHealthCheckController: Explicit health check requested packages []
06-26 03:32:05.161   519  1411 I ExplicitHealthCheckController: No more health check requests, unbinding...
06-26 03:32:05.162   519  1411 I ExplicitHealthCheckController: Explicit health check service is unbound
06-26 03:32:05.165   519   615 I RescueParty: Starting to observe: [android], updated namespace: companion
06-26 03:32:05.165   519   548 I PackageWatchdog: Syncing state, reason: observing new packages
06-26 03:32:05.166   519   519 I PackageWatchdog: Syncing health check requests for packages: {}
06-26 03:32:05.166   519   519 I ExplicitHealthCheckController: Service not ready to get health check supported packages. Binding...
06-26 03:32:05.167   519   519 I ExplicitHealthCheckController: Explicit health check service is bound
06-26 03:32:05.168   519   519 I ExplicitHealthCheckController: Explicit health check service is connected ComponentInfo{com.google.android.ext.services/android.ext.services.watchdog.ExplicitHealthCheckServiceImpl}
06-26 03:32:05.168   519   519 I ExplicitHealthCheckController: Service initialized, syncing requests
06-26 03:32:05.168   519   519 I PackageWatchdog: Syncing health check requests for packages: {}
06-26 03:32:05.168   519   519 D ExplicitHealthCheckController: Getting health check supported packages
06-26 03:32:05.168   519  1411 I ExplicitHealthCheckController: Explicit health check supported packages [PackageConfig{com.google.android.networkstack, 86400000}]
06-26 03:32:05.168   519  1411 D PackageWatchdog: Received supported packages [PackageConfig{com.google.android.networkstack, 86400000}]
06-26 03:32:05.168   519  1411 D ExplicitHealthCheckController: Getting health check requested packages
06-26 03:32:05.168   519  1411 I ExplicitHealthCheckController: Explicit health check requested packages []
06-26 03:32:05.168   519  1411 I ExplicitHealthCheckController: No more health check requests, unbinding...
06-26 03:32:05.169   519  1411 I ExplicitHealthCheckController: Explicit health check service is unbound
06-26 03:32:05.169   519   548 D PackageWatchdog: rescue-party-observer added the following packages to monitor [android]
06-26 03:32:05.170   519  8829 E SettingsToPropertiesMapper: key=persist.device_config.configuration.AdbWritableFlags__adb_writable_flags_list value=adservices/disable_sdk_sandbox,adservices/enforce_broadcast_receiver_restrictions,adservices/fledge_ad_selection_enforce_foreground_status_custom_audience,adservices/fledge_custom_audience_max_count,adservices/fledge_custom_audience_max_num_ads,adservices/fledge_custom_audience_max_owner_count,adservices/fledge_custom_audience_per_app_max_count,adservices/fledge_js_isolate_enforce_max_heap_size,adservices/fledge_js_isolate_max_heap_size_bytes,adservices/sdk_request_permits_per_second,adservices/sdksandbox_customized_sdk_context_enabled,configuration/namespace_to_package_mapping,constrain_display_apis/always_constrain_display_apis,constrain_display_apis/never_constrain_display_apis,constrain_display_apis/never_constrain_display_apis_all_packages,device_policy_manager/disable_resources_updatability,flipendo/default_savings_mode_launch,flipendo/essential_apps,flipendo/flipendo_enabled_launch,flipendo/grayscale_enabled_launch,flipendo/lever_ble_scanning_enabled_launch,flipendo/lever_hotspot_enabled_launch,flipendo/lever_work_profile_enabled_launch,flipendo/resuspend_delay_minutes,namespace/key,namespace1/key1,namespace1/key2,namespace2/key1,namespace2/key2,package_manager_service/incfs_default_timeouts,package_manager_service/known_digesters_list,privacy/location_access_check_periodic_interval_millis,rollback/enable_rollback_timeout,rollback/watchdog_explicit_health_check_enabled,rollback/watchdog_request_timeout_millis,rollback/watchdog_trigger_failure_count,rollback/watchdog_trigger_failure_duration_millis,rollback_boot/rollback_lifetime_in_millis,systemui/nas_generate_actions,systemui/nas_generate_replies,systemui/nas_max_messages_to_extract,systemui/nas_max_suggestions,testspace/another,testspace/flagname,textclassifier/config_updater_model_enabled,textclassifier/key,textclassifier/key2,textclassifier/manifest_url_annotator_en,textclassifier/manifest_url_annotator_ru,textclassifier/model_download_backoff_delay_in_millis,textclassifier/model_download_manager_enabled,textclassifier/multi_language_support_enabled,textclassifier/testing_locale_list_override,textclassifier/textclassifier_service_package_override,window_manager/enable_default_rescind_bal_privileges_from_pending_intent_sender,wrong/nas_generate_replies, exceeds system property max length.
06-26 03:32:05.171   519   548 I PackageWatchdog: Syncing state, reason: updated observers
06-26 03:32:05.171   519   519 I PackageWatchdog: Syncing health check requests for packages: {}
06-26 03:32:05.171   519   519 I ExplicitHealthCheckController: Service not ready to get health check supported packages. Binding...
06-26 03:32:05.172   519   519 I ExplicitHealthCheckController: Explicit health check service is bound
06-26 03:32:05.172   519   519 I ExplicitHealthCheckController: Explicit health check service is connected ComponentInfo{com.google.android.ext.services/android.ext.services.watchdog.ExplicitHealthCheckServiceImpl}
06-26 03:32:05.173   519   519 I ExplicitHealthCheckController: Service initialized, syncing requests
06-26 03:32:05.173   519   519 I PackageWatchdog: Syncing health check requests for packages: {}
06-26 03:32:05.173   519   519 D ExplicitHealthCheckController: Getting health check supported packages
06-26 03:32:05.173   519  1411 I ExplicitHealthCheckController: Explicit health check supported packages [PackageConfig{com.google.android.networkstack, 86400000}]
06-26 03:32:05.173   519  1411 D PackageWatchdog: Received supported packages [PackageConfig{com.google.android.networkstack, 86400000}]
06-26 03:32:05.173   519  1411 D ExplicitHealthCheckController: Getting health check requested packages
06-26 03:32:05.173   519  1411 I ExplicitHealthCheckController: Explicit health check requested packages []
06-26 03:32:05.173   519  1411 I ExplicitHealthCheckController: No more health check requests, unbinding...
06-26 03:32:05.174   519  1411 I ExplicitHealthCheckController: Explicit health check service is unbound
06-26 03:32:05.174  8509  8721 D Maestro : Requesting view hierarchy
06-26 03:32:05.174  8509  8721 W QueryController: Could not detect idle state.
06-26 03:32:05.175  8509  8721 W QueryController: Could not detect idle state.
06-26 03:32:05.178   519   548 I PackageWatchdog: Saving observer state to file
06-26 03:32:05.181  8509  8721 I Maestro : Skipping invisible child: android.view.accessibility.AccessibilityNodeInfo@38156; boundsInParent: Rect(0, 0 - 0, 19); boundsInScreen: Rect(31, 66 - 31, 80); boundsInWindow: Rect(31, 66 - 31, 80); packageName: com.google.android.apps.nexuslauncher; className: android.widget.TextView; text: null; error: null; maxTextLength: -1; stateDescription: null; contentDescription: null; tooltipText: null; containerTitle: null; viewIdResName: com.google.android.apps.nexuslauncher:id/subtitle_text; uniqueId: null; checkable: false; checked: false; focusable: true; focused: false; selected: false; clickable: true; longClickable: false; contextClickable: false; enabled: true; password: false; scrollable: false; importantForAccessibility: true; visible: false; actions: [AccessibilityAction: ACTION_FOCUS - null, AccessibilityAction: ACTION_SELECT - null, AccessibilityAction: ACTION_CLEAR_SELECTION - null, AccessibilityAction: ACTION_CLICK - null, AccessibilityAction: ACTION_ACCESSIBILITY_FOCUS - null, AccessibilityAction: ACTION_SHOW_ON_SCREEN - null]; isTextSelectable: false
06-26 03:32:05.184   519   615 I RescueParty: Starting to observe: [android], updated namespace: package_manager_service
06-26 03:32:05.184   519   548 I PackageWatchdog: Syncing state, reason: observing new packages
06-26 03:32:05.184   519   548 D PackageWatchdog: rescue-party-observer added the following packages to monitor [android]
06-26 03:32:05.184   519   548 I PackageWatchdog: Syncing state, reason: updated observers
06-26 03:32:05.184   519   548 I PackageWatchdog: Saving observer state to file
06-26 03:32:05.185   519   519 I PackageWatchdog: Syncing health check requests for packages: {}
06-26 03:32:05.186   519   519 I ExplicitHealthCheckController: Service not ready to get health check supported packages. Binding...
06-26 03:32:05.187   519   519 I ExplicitHealthCheckController: Explicit health check service is bound
06-26 03:32:05.187   519   519 I ExplicitHealthCheckController: Explicit health check service is connected ComponentInfo{com.google.android.ext.services/android.ext.services.watchdog.ExplicitHealthCheckServiceImpl}
06-26 03:32:05.187   519   519 I ExplicitHealthCheckController: Service initialized, syncing requests
06-26 03:32:05.187   519   519 I PackageWatchdog: Syncing health check requests for packages: {}
06-26 03:32:05.187   519   519 D ExplicitHealthCheckController: Getting health check supported packages
06-26 03:32:05.188   519  2219 I ExplicitHealthCheckController: Explicit health check supported packages [PackageConfig{com.google.android.networkstack, 86400000}]
06-26 03:32:05.188   519  2219 D PackageWatchdog: Received supported packages [PackageConfig{com.google.android.networkstack, 86400000}]
06-26 03:32:05.188   519  2219 D ExplicitHealthCheckController: Getting health check requested packages
06-26 03:32:05.188   519  2219 I ExplicitHealthCheckController: Explicit health check requested packages []
06-26 03:32:05.188   519  2219 I ExplicitHealthCheckController: No more health check requests, unbinding...
06-26 03:32:05.188   519  2219 I ExplicitHealthCheckController: Explicit health check service is unbound
06-26 03:32:05.190   519   615 I RescueParty: Starting to observe: [android, com.google.android.permissioncontroller, com.android.settings, com.android.systemui], updated namespace: privacy
06-26 03:32:05.190   519   548 I PackageWatchdog: Syncing state, reason: observing new packages
06-26 03:32:05.190   519   548 D PackageWatchdog: rescue-party-observer added the following packages to monitor [android, com.google.android.permissioncontroller, com.android.settings, com.android.systemui]
06-26 03:32:05.190   519   548 I PackageWatchdog: Syncing state, reason: updated observers
06-26 03:32:05.190   519   548 I PackageWatchdog: Saving observer state to file
06-26 03:32:05.191   519   519 I PackageWatchdog: Syncing health check requests for packages: {}
06-26 03:32:05.191   519   519 I ExplicitHealthCheckController: Service not ready to get health check supported packages. Binding...
06-26 03:32:05.193   519   519 I ExplicitHealthCheckController: Explicit health check service is bound
06-26 03:32:05.194   519   519 I ExplicitHealthCheckController: Explicit health check service is connected ComponentInfo{com.google.android.ext.services/android.ext.services.watchdog.ExplicitHealthCheckServiceImpl}
06-26 03:32:05.194   519   519 I ExplicitHealthCheckController: Service initialized, syncing requests
06-26 03:32:05.195   519   615 I RescueParty: Starting to observe: [android, com.google.android.as, com.android.systemui], updated namespace: systemui
06-26 03:32:05.195   519   548 I PackageWatchdog: Syncing state, reason: observing new packages
06-26 03:32:05.195   519   548 D PackageWatchdog: rescue-party-observer added the following packages to monitor [android, com.google.android.as, com.android.systemui]
06-26 03:32:05.195   519   548 I PackageWatchdog: Syncing state, reason: updated observers
06-26 03:32:05.195   519   548 I PackageWatchdog: Not pruning observers, elapsed time: 0ms
06-26 03:32:05.196   519   548 I PackageWatchdog: Saving observer state to file
06-26 03:32:05.197   519   519 I PackageWatchdog: Syncing health check requests for packages: {}
06-26 03:32:05.197   519   519 D ExplicitHealthCheckController: Getting health check supported packages
06-26 03:32:05.197   519  2219 I ExplicitHealthCheckController: Explicit health check supported packages [PackageConfig{com.google.android.networkstack, 86400000}]
06-26 03:32:05.197   519  2219 D PackageWatchdog: Received supported packages [PackageConfig{com.google.android.networkstack, 86400000}]
06-26 03:32:05.197   519  2219 D ExplicitHealthCheckController: Getting health check requested packages
06-26 03:32:05.197   519  1411 I ExplicitHealthCheckController: Explicit health check requested packages []
06-26 03:32:05.197   519  1411 I ExplicitHealthCheckController: No more health check requests, unbinding...
06-26 03:32:05.198   519  1411 I ExplicitHealthCheckController: Explicit health check service is unbound
06-26 03:32:05.198   519   615 I RescueParty: Starting to observe: [android], updated namespace: media
06-26 03:32:05.199   519   548 I PackageWatchdog: Syncing state, reason: observing new packages
06-26 03:32:05.199   519   548 D PackageWatchdog: rescue-party-observer added the following packages to monitor [android]
06-26 03:32:05.199   519   548 I PackageWatchdog: Syncing state, reason: updated observers
06-26 03:32:05.199   519   548 I PackageWatchdog: Not pruning observers, elapsed time: 0ms
06-26 03:32:05.199   519   548 I PackageWatchdog: Saving observer state to file
06-26 03:32:05.200  1584  2307 I AiAiEcho: Settings changed for uri: content://settings/secure/show_qr_code_scanner_setting
06-26 03:32:05.200  1584  1774 I AiAiEcho: Predicting[0]: 
06-26 03:32:05.200  1584  1774 I AiAiEcho: EchoTargets: 
06-26 03:32:05.200  1584  1774 I AiAiEcho: Filtered by AiAi flag check: 
06-26 03:32:05.200  1584  1774 I AiAiEcho: Ranked targets strategy: SORT, count: 0, ranking metadata: 
06-26 03:32:05.200  1584  1774 I AiAiEcho: Predicting[0]: 
06-26 03:32:05.200  1584  1774 I AiAiEcho: EchoTargets: 
06-26 03:32:05.200  1584  1774 I AiAiEcho: Filtered by AiAi flag check: 
06-26 03:32:05.200  1584  1774 I AiAiEcho: Ranked targets strategy: SORT, count: 0, ranking metadata: 
06-26 03:32:05.201  1584  1774 I AiAiEcho: #postPredictionTargets: Sending updates to UISurface lockscreen with targets# 0 (types=[])
06-26 03:32:05.201   519   519 I PackageWatchdog: Syncing health check requests for packages: {}
06-26 03:32:05.201   519   519 I ExplicitHealthCheckController: Service not ready to get health check supported packages. Binding...
06-26 03:32:05.201  1584  1774 I AiAiEcho: #postPredictionTargets: Sending updates to UISurface home with targets# 0 (types=[])
06-26 03:32:05.202   519   519 I ExplicitHealthCheckController: Explicit health check service is bound
06-26 03:32:05.202   519   519 I ExplicitHealthCheckController: Explicit health check service is connected ComponentInfo{com.google.android.ext.services/android.ext.services.watchdog.ExplicitHealthCheckServiceImpl}
06-26 03:32:05.202   519   519 I ExplicitHealthCheckController: Service initialized, syncing requests
06-26 03:32:05.202   519   519 I PackageWatchdog: Syncing health check requests for packages: {}
06-26 03:32:05.202   519   519 D ExplicitHealthCheckController: Getting health check supported packages
06-26 03:32:05.205   519  1411 I ExplicitHealthCheckController: Explicit health check supported packages [PackageConfig{com.google.android.networkstack, 86400000}]
06-26 03:32:05.205   519  1411 D PackageWatchdog: Received supported packages [PackageConfig{com.google.android.networkstack, 86400000}]
06-26 03:32:05.205   519  1411 D ExplicitHealthCheckController: Getting health check requested packages
06-26 03:32:05.205   519  1411 I ExplicitHealthCheckController: Explicit health check requested packages []
06-26 03:32:05.205   519  1411 I ExplicitHealthCheckController: No more health check requests, unbinding...
06-26 03:32:05.206   519  1411 I ExplicitHealthCheckController: Explicit health check service is unbound
06-26 03:32:05.207  5696  8798 I bwir    : updateFromConfigurations using legacy put method [CONTEXT service_id=204 ]
06-26 03:32:05.208   835   835 W PageIndicator: Total number of pages invalid: 0. Assuming 1 page.
06-26 03:32:05.211   519   615 I RescueParty: Starting to observe: [android], updated namespace: alarm_manager
06-26 03:32:05.211   519   548 I PackageWatchdog: Syncing state, reason: observing new packages
06-26 03:32:05.211   519   548 D PackageWatchdog: rescue-party-observer added the following packages to monitor [android]
06-26 03:32:05.211   519   548 I PackageWatchdog: Syncing state, reason: updated observers
06-26 03:32:05.211   519   548 I PackageWatchdog: Not pruning observers, elapsed time: 0ms
06-26 03:32:05.211   519   548 I PackageWatchdog: Saving observer state to file
06-26 03:32:05.212   519   519 I PackageWatchdog: Syncing health check requests for packages: {}
06-26 03:32:05.212   519   519 I ExplicitHealthCheckController: Service not ready to get health check supported packages. Binding...
06-26 03:32:05.213   519   519 I ExplicitHealthCheckController: Explicit health check service is bound
06-26 03:32:05.213   519   519 I ExplicitHealthCheckController: Explicit health check service is connected ComponentInfo{com.google.android.ext.services/android.ext.services.watchdog.ExplicitHealthCheckServiceImpl}
06-26 03:32:05.213   519   519 I ExplicitHealthCheckController: Service initialized, syncing requests
06-26 03:32:05.214   519   519 I PackageWatchdog: Syncing health check requests for packages: {}
06-26 03:32:05.214   519   519 D ExplicitHealthCheckController: Getting health check supported packages
06-26 03:32:05.214   519  2219 I ExplicitHealthCheckController: Explicit health check supported packages [PackageConfig{com.google.android.networkstack, 86400000}]
06-26 03:32:05.214   519  2219 D PackageWatchdog: Received supported packages [PackageConfig{com.google.android.networkstack, 86400000}]
06-26 03:32:05.214   519  2219 D ExplicitHealthCheckController: Getting health check requested packages
06-26 03:32:05.214   519  2219 I ExplicitHealthCheckController: Explicit health check requested packages []
06-26 03:32:05.214   519  2219 I ExplicitHealthCheckController: No more health check requests, unbinding...
06-26 03:32:05.214   519  2219 I ExplicitHealthCheckController: Explicit health check service is unbound
06-26 03:32:05.219   519   615 I RescueParty: Starting to observe: [android, com.android.settings], updated namespace: app_hibernation
06-26 03:32:05.220   519   519 D AppHibernationService: App hibernation changed to enabled=true
06-26 03:32:05.220   519   548 I PackageWatchdog: Syncing state, reason: observing new packages
06-26 03:32:05.220   519   548 D PackageWatchdog: rescue-party-observer added the following packages to monitor [android, com.android.settings]
06-26 03:32:05.220   519   548 I PackageWatchdog: Syncing state, reason: updated observers
06-26 03:32:05.220   519   548 I PackageWatchdog: Not pruning observers, elapsed time: 0ms
06-26 03:32:05.220   519   548 I PackageWatchdog: Saving observer state to file
06-26 03:32:05.221   519   519 I PackageWatchdog: Syncing health check requests for packages: {}
06-26 03:32:05.221   519   519 I ExplicitHealthCheckController: Service not ready to get health check supported packages. Binding...
06-26 03:32:05.221   519   519 I ExplicitHealthCheckController: Explicit health check service is bound
06-26 03:32:05.222   519   519 I ExplicitHealthCheckController: Explicit health check service is connected ComponentInfo{com.google.android.ext.services/android.ext.services.watchdog.ExplicitHealthCheckServiceImpl}
06-26 03:32:05.222   519   519 I ExplicitHealthCheckController: Service initialized, syncing requests
06-26 03:32:05.222   519   519 I PackageWatchdog: Syncing health check requests for packages: {}
06-26 03:32:05.222   519   519 D ExplicitHealthCheckController: Getting health check supported packages
06-26 03:32:05.222  8509  8721 D Maestro : View hierarchy received in 48 ms
06-26 03:32:05.222   519  2219 I ExplicitHealthCheckController: Explicit health check supported packages [PackageConfig{com.google.android.networkstack, 86400000}]
06-26 03:32:05.222   519  2219 D PackageWatchdog: Received supported packages [PackageConfig{com.google.android.networkstack, 86400000}]
06-26 03:32:05.222   519  2219 D ExplicitHealthCheckController: Getting health check requested packages
06-26 03:32:05.222   519  2219 I ExplicitHealthCheckController: Explicit health check requested packages []
06-26 03:32:05.222   519  2219 I ExplicitHealthCheckController: No more health check requests, unbinding...
06-26 03:32:05.223   519  2219 I ExplicitHealthCheckController: Explicit health check service is unbound
06-26 03:32:05.229   519   615 I RescueParty: Starting to observe: [android, com.android.systemui], updated namespace: window_manager
06-26 03:32:05.229   519   548 I PackageWatchdog: Syncing state, reason: observing new packages
06-26 03:32:05.229   519   548 D PackageWatchdog: rescue-party-observer added the following packages to monitor [android, com.android.systemui]
06-26 03:32:05.229   519   548 I PackageWatchdog: Syncing state, reason: updated observers
06-26 03:32:05.229   519   548 I PackageWatchdog: Not pruning observers, elapsed time: 0ms
06-26 03:32:05.229   519   548 I PackageWatchdog: Saving observer state to file
06-26 03:32:05.230   519   519 I PackageWatchdog: Syncing health check requests for packages: {}
06-26 03:32:05.230   519   519 I ExplicitHealthCheckController: Service not ready to get health check supported packages. Binding...
06-26 03:32:05.230   519   519 I ExplicitHealthCheckController: Explicit health check service is bound
06-26 03:32:05.231   519   519 I ExplicitHealthCheckController: Explicit health check service is connected ComponentInfo{com.google.android.ext.services/android.ext.services.watchdog.ExplicitHealthCheckServiceImpl}
06-26 03:32:05.231   519   519 I ExplicitHealthCheckController: Service initialized, syncing requests
06-26 03:32:05.231   519   519 I PackageWatchdog: Syncing health check requests for packages: {}
06-26 03:32:05.231   519   519 D ExplicitHealthCheckController: Getting health check supported packages
06-26 03:32:05.231   519  2219 I ExplicitHealthCheckController: Explicit health check supported packages [PackageConfig{com.google.android.networkstack, 86400000}]
06-26 03:32:05.231   519  2219 D PackageWatchdog: Received supported packages [PackageConfig{com.google.android.networkstack, 86400000}]
06-26 03:32:05.231   519  2219 D ExplicitHealthCheckController: Getting health check requested packages
06-26 03:32:05.231   519  2219 I ExplicitHealthCheckController: Explicit health check requested packages []
06-26 03:32:05.232   519  2219 I ExplicitHealthCheckController: No more health check requests, unbinding...
06-26 03:32:05.232   519  2219 I ExplicitHealthCheckController: Explicit health check service is unbound
06-26 03:32:05.244   519   615 I RescueParty: Starting to observe: [android, com.google.android.bluetooth], updated namespace: bluetooth
06-26 03:32:05.244   519   519 D BluetoothDeviceConfigChangeTracker: shouldRestartWhenPropertiesUpdated: INIT_gd_hal_snoop_logger_filtering='true',scan_timeout_millis='300000',location_denylist_name='',audio_policy_hf_enabled='true',INIT_gd_hal_snoop_logger_socket='true',location_denylist_advertising_data='⊈0016AAFE40/00FFFFFFF0,⊆0016AAFE/00FFFFFF,⊆00FF4C0002/00FFFFFFFF',le_audio_enabled_by_default='false',location_denylist_mac='',audio_policy_ag_enabled='true'
06-26 03:32:05.244   519   548 I PackageWatchdog: Syncing state, reason: observing new packages
06-26 03:32:05.244   519   548 D PackageWatchdog: rescue-party-observer added the following packages to monitor [android, com.google.android.bluetooth]
06-26 03:32:05.244   519   548 I PackageWatchdog: Syncing state, reason: updated observers
06-26 03:32:05.244   519   548 I PackageWatchdog: Not pruning observers, elapsed time: 0ms
06-26 03:32:05.244   519   548 I PackageWatchdog: Saving observer state to file
06-26 03:32:05.244   519   519 D BluetoothDeviceConfigListener: All properties unchanged, skipping restart
06-26 03:32:05.245   519   519 I PackageWatchdog: Syncing health check requests for packages: {}
06-26 03:32:05.245   519   519 I ExplicitHealthCheckController: Service not ready to get health check supported packages. Binding...
06-26 03:32:05.246   519   519 I ExplicitHealthCheckController: Explicit health check service is bound
06-26 03:32:05.247   519   519 I ExplicitHealthCheckController: Explicit health check service is connected ComponentInfo{com.google.android.ext.services/android.ext.services.watchdog.ExplicitHealthCheckServiceImpl}
06-26 03:32:05.247   519   519 I ExplicitHealthCheckController: Service initialized, syncing requests
06-26 03:32:05.247   519   519 I PackageWatchdog: Syncing health check requests for packages: {}
06-26 03:32:05.247   519   519 D ExplicitHealthCheckController: Getting health check supported packages
06-26 03:32:05.247   519  2219 I ExplicitHealthCheckController: Explicit health check supported packages [PackageConfig{com.google.android.networkstack, 86400000}]
06-26 03:32:05.247   519  2219 D PackageWatchdog: Received supported packages [PackageConfig{com.google.android.networkstack, 86400000}]
06-26 03:32:05.247   519  2219 D ExplicitHealthCheckController: Getting health check requested packages
06-26 03:32:05.247   519  2219 I ExplicitHealthCheckController: Explicit health check requested packages []
06-26 03:32:05.247   519  2219 I ExplicitHealthCheckController: No more health check requests, unbinding...
06-26 03:32:05.247   519  2219 I ExplicitHealthCheckController: Explicit health check service is unbound
06-26 03:32:05.250   519   615 I RescueParty: Starting to observe: [android, com.google.android.apps.nexuslauncher, com.android.systemui], updated namespace: latency_tracker
06-26 03:32:05.250   519   548 I PackageWatchdog: Syncing state, reason: observing new packages
06-26 03:32:05.250   519   548 D PackageWatchdog: rescue-party-observer added the following packages to monitor [android, com.google.android.apps.nexuslauncher, com.android.systemui]
06-26 03:32:05.250   519   548 I PackageWatchdog: Syncing state, reason: updated observers
06-26 03:32:05.250   519   548 I PackageWatchdog: Not pruning observers, elapsed time: 0ms
06-26 03:32:05.250   519   548 I PackageWatchdog: Saving observer state to file
06-26 03:32:05.251   519   519 I PackageWatchdog: Syncing health check requests for packages: {}
06-26 03:32:05.251   519   519 I ExplicitHealthCheckController: Service not ready to get health check supported packages. Binding...
06-26 03:32:05.251   519   519 I ExplicitHealthCheckController: Explicit health check service is bound
06-26 03:32:05.252   519   519 I ExplicitHealthCheckController: Explicit health check service is connected ComponentInfo{com.google.android.ext.services/android.ext.services.watchdog.ExplicitHealthCheckServiceImpl}
06-26 03:32:05.252   519   519 I ExplicitHealthCheckController: Service initialized, syncing requests
06-26 03:32:05.252   519   519 I PackageWatchdog: Syncing health check requests for packages: {}
06-26 03:32:05.252   519   519 D ExplicitHealthCheckController: Getting health check supported packages
06-26 03:32:05.252   519  1411 I ExplicitHealthCheckController: Explicit health check supported packages [PackageConfig{com.google.android.networkstack, 86400000}]
06-26 03:32:05.252   519  1411 D PackageWatchdog: Received supported packages [PackageConfig{com.google.android.networkstack, 86400000}]
06-26 03:32:05.252   519  1411 D ExplicitHealthCheckController: Getting health check requested packages
06-26 03:32:05.252   519  1411 I ExplicitHealthCheckController: Explicit health check requested packages []
06-26 03:32:05.252   519  1411 I ExplicitHealthCheckController: No more health check requests, unbinding...
06-26 03:32:05.252   519  1411 I ExplicitHealthCheckController: Explicit health check service is unbound
06-26 03:32:05.253   519   615 I RescueParty: Starting to observe: [android], updated namespace: battery_saver
06-26 03:32:05.253   519   548 I PackageWatchdog: Syncing state, reason: observing new packages
06-26 03:32:05.253   519   548 D PackageWatchdog: rescue-party-observer added the following packages to monitor [android]
06-26 03:32:05.253   519   548 I PackageWatchdog: Syncing state, reason: updated observers
06-26 03:32:05.253   519   548 I PackageWatchdog: Not pruning observers, elapsed time: 0ms
06-26 03:32:05.253   519   548 I PackageWatchdog: Saving observer state to file
06-26 03:32:05.254   519   519 I PackageWatchdog: Syncing health check requests for packages: {}
06-26 03:32:05.254   519   519 I ExplicitHealthCheckController: Service not ready to get health check supported packages. Binding...
06-26 03:32:05.255   519   519 I ExplicitHealthCheckController: Explicit health check service is bound
06-26 03:32:05.255   519   519 E DeviceConfig: Parsing int failed for location_mode
06-26 03:32:05.255   519   615 I RescueParty: Starting to observe: [android], updated namespace: constrain_display_apis
06-26 03:32:05.255   519   548 I PackageWatchdog: Syncing state, reason: observing new packages
06-26 03:32:05.255   519   548 D PackageWatchdog: rescue-party-observer added the following packages to monitor [android]
06-26 03:32:05.255   519   548 I PackageWatchdog: Syncing state, reason: updated observers
06-26 03:32:05.255   519   548 I PackageWatchdog: Not pruning observers, elapsed time: 0ms
06-26 03:32:05.255   519   519 I ExplicitHealthCheckController: Explicit health check service is connected ComponentInfo{com.google.android.ext.services/android.ext.services.watchdog.ExplicitHealthCheckServiceImpl}
06-26 03:32:05.255   519   519 I ExplicitHealthCheckController: Service initialized, syncing requests
06-26 03:32:05.256   519   548 I PackageWatchdog: Saving observer state to file
06-26 03:32:05.256   519   519 I PackageWatchdog: Syncing health check requests for packages: {}
06-26 03:32:05.256   519   519 D ExplicitHealthCheckController: Getting health check supported packages
06-26 03:32:05.256   519  2219 I ExplicitHealthCheckController: Explicit health check supported packages [PackageConfig{com.google.android.networkstack, 86400000}]
06-26 03:32:05.256   519  2219 D PackageWatchdog: Received supported packages [PackageConfig{com.google.android.networkstack, 86400000}]
06-26 03:32:05.256   519  2219 D ExplicitHealthCheckController: Getting health check requested packages
06-26 03:32:05.257   519  2219 I ExplicitHealthCheckController: Explicit health check requested packages []
06-26 03:32:05.257   519  2219 I ExplicitHealthCheckController: No more health check requests, unbinding...
06-26 03:32:05.257   519  2219 I ExplicitHealthCheckController: Explicit health check service is unbound
06-26 03:32:05.258   519   615 I RescueParty: Starting to observe: [android], updated namespace: backup_and_restore
06-26 03:32:05.258   519   548 I PackageWatchdog: Syncing state, reason: observing new packages
06-26 03:32:05.258   519   548 D PackageWatchdog: rescue-party-observer added the following packages to monitor [android]
06-26 03:32:05.258   519   548 I PackageWatchdog: Syncing state, reason: updated observers
06-26 03:32:05.258   519   548 I PackageWatchdog: Not pruning observers, elapsed time: 0ms
06-26 03:32:05.258   519   548 I PackageWatchdog: Saving observer state to file
06-26 03:32:05.259   519   519 I PackageWatchdog: Syncing health check requests for packages: {}
06-26 03:32:05.259   519   519 I ExplicitHealthCheckController: Service not ready to get health check supported packages. Binding...
06-26 03:32:05.260   519   519 I ExplicitHealthCheckController: Explicit health check service is bound
06-26 03:32:05.260   519   519 I PackageWatchdog: Syncing health check requests for packages: {}
06-26 03:32:05.260   519   519 I ExplicitHealthCheckController: Service not ready to get health check supported packages. Binding...
06-26 03:32:05.260   519   519 I ExplicitHealthCheckController: Not binding to service, service already connecting
06-26 03:32:05.260   519   519 I ExplicitHealthCheckController: Explicit health check service is connected ComponentInfo{com.google.android.ext.services/android.ext.services.watchdog.ExplicitHealthCheckServiceImpl}
06-26 03:32:05.260   519   519 I ExplicitHealthCheckController: Service initialized, syncing requests
06-26 03:32:05.260   519   519 I PackageWatchdog: Syncing health check requests for packages: {}
06-26 03:32:05.260   519   519 D ExplicitHealthCheckController: Getting health check supported packages
06-26 03:32:05.260   519  1411 I ExplicitHealthCheckController: Explicit health check supported packages [PackageConfig{com.google.android.networkstack, 86400000}]
06-26 03:32:05.260   519  1411 D PackageWatchdog: Received supported packages [PackageConfig{com.google.android.networkstack, 86400000}]
06-26 03:32:05.260   519  1411 D ExplicitHealthCheckController: Getting health check requested packages
06-26 03:32:05.260   519  1411 I ExplicitHealthCheckController: Explicit health check requested packages []
06-26 03:32:05.260   519  1411 I ExplicitHealthCheckController: No more health check requests, unbinding...
06-26 03:32:05.260   519  1411 I ExplicitHealthCheckController: Explicit health check service is unbound
06-26 03:32:05.262   519   615 I RescueParty: Starting to observe: [android], updated namespace: nnapi_native
06-26 03:32:05.262   519   548 I PackageWatchdog: Syncing state, reason: observing new packages
06-26 03:32:05.262   519   548 D PackageWatchdog: rescue-party-observer added the following packages to monitor [android]
06-26 03:32:05.262   519   548 I PackageWatchdog: Syncing state, reason: updated observers
06-26 03:32:05.262   519   548 I PackageWatchdog: Not pruning observers, elapsed time: 0ms
06-26 03:32:05.262   519   548 I PackageWatchdog: Saving observer state to file
06-26 03:32:05.264   519   519 I PackageWatchdog: Syncing health check requests for packages: {}
06-26 03:32:05.264   519   519 I ExplicitHealthCheckController: Service not ready to get health check supported packages. Binding...
06-26 03:32:05.264   519   519 I ExplicitHealthCheckController: Explicit health check service is bound
06-26 03:32:05.265   519   519 I ExplicitHealthCheckController: Explicit health check service is connected ComponentInfo{com.google.android.ext.services/android.ext.services.watchdog.ExplicitHealthCheckServiceImpl}
06-26 03:32:05.265   519   519 I ExplicitHealthCheckController: Service initialized, syncing requests
06-26 03:32:05.265   519   519 I PackageWatchdog: Syncing health check requests for packages: {}
06-26 03:32:05.265   519   519 D ExplicitHealthCheckController: Getting health check supported packages
06-26 03:32:05.265   519   592 I ExplicitHealthCheckController: Explicit health check supported packages [PackageConfig{com.google.android.networkstack, 86400000}]
06-26 03:32:05.265   519   592 D PackageWatchdog: Received supported packages [PackageConfig{com.google.android.networkstack, 86400000}]
06-26 03:32:05.265   519   592 D ExplicitHealthCheckController: Getting health check requested packages
06-26 03:32:05.265   519   592 I ExplicitHealthCheckController: Explicit health check requested packages []
06-26 03:32:05.265   519   592 I ExplicitHealthCheckController: No more health check requests, unbinding...
06-26 03:32:05.266   519   592 I ExplicitHealthCheckController: Explicit health check service is unbound
06-26 03:32:05.268   519   615 I RescueParty: Starting to observe: [android, com.google.android.networkstack], updated namespace: tethering
06-26 03:32:05.268   519   548 I PackageWatchdog: Syncing state, reason: observing new packages
06-26 03:32:05.268   519   548 D PackageWatchdog: rescue-party-observer added the following packages to monitor [android, com.google.android.networkstack]
06-26 03:32:05.268   519   548 I PackageWatchdog: Syncing state, reason: updated observers
06-26 03:32:05.268   519   548 I PackageWatchdog: Not pruning observers, elapsed time: 0ms
06-26 03:32:05.268   519   548 I PackageWatchdog: Saving observer state to file
06-26 03:32:05.270   519   519 I PackageWatchdog: Syncing health check requests for packages: {}
06-26 03:32:05.270   519   519 I ExplicitHealthCheckController: Service not ready to get health check supported packages. Binding...
06-26 03:32:05.271   519   519 I ExplicitHealthCheckController: Explicit health check service is bound
06-26 03:32:05.271   519   519 I ExplicitHealthCheckController: Explicit health check service is connected ComponentInfo{com.google.android.ext.services/android.ext.services.watchdog.ExplicitHealthCheckServiceImpl}
06-26 03:32:05.272   519   519 I ExplicitHealthCheckController: Service initialized, syncing requests
06-26 03:32:05.272   519   519 I PackageWatchdog: Syncing health check requests for packages: {}
06-26 03:32:05.272   519   519 D ExplicitHealthCheckController: Getting health check supported packages
06-26 03:32:05.272   519  1926 I ExplicitHealthCheckController: Explicit health check supported packages [PackageConfig{com.google.android.networkstack, 86400000}]
06-26 03:32:05.272   519  1926 D PackageWatchdog: Received supported packages [PackageConfig{com.google.android.networkstack, 86400000}]
06-26 03:32:05.272   519  1926 D ExplicitHealthCheckController: Getting health check requested packages
06-26 03:32:05.272   519  1926 I ExplicitHealthCheckController: Explicit health check requested packages []
06-26 03:32:05.272   519  1926 I ExplicitHealthCheckController: No more health check requests, unbinding...
06-26 03:32:05.272   519  1926 I ExplicitHealthCheckController: Explicit health check service is unbound
06-26 03:32:05.276  8509  8721 D Maestro : Requesting view hierarchy
06-26 03:32:05.277  8509  8721 W QueryController: Could not detect idle state.
06-26 03:32:05.277  8509  8721 W QueryController: Could not detect idle state.
06-26 03:32:05.281   519   615 I RescueParty: Starting to observe: [android], updated namespace: location
06-26 03:32:05.282   519   548 I PackageWatchdog: Syncing state, reason: observing new packages
06-26 03:32:05.282   519   548 D PackageWatchdog: rescue-party-observer added the following packages to monitor [android]
06-26 03:32:05.282   519   548 I PackageWatchdog: Syncing state, reason: updated observers
06-26 03:32:05.282   519   548 I PackageWatchdog: Not pruning observers, elapsed time: 0ms
06-26 03:32:05.282   519   548 I PackageWatchdog: Saving observer state to file
06-26 03:32:05.285   519   519 I PackageWatchdog: Syncing health check requests for packages: {}
06-26 03:32:05.285   519   519 I ExplicitHealthCheckController: Service not ready to get health check supported packages. Binding...
06-26 03:32:05.286   519   519 I ExplicitHealthCheckController: Explicit health check service is bound
06-26 03:32:05.286   519   519 I ExplicitHealthCheckController: Explicit health check service is connected ComponentInfo{com.google.android.ext.services/android.ext.services.watchdog.ExplicitHealthCheckServiceImpl}
06-26 03:32:05.286   519   519 I ExplicitHealthCheckController: Service initialized, syncing requests
06-26 03:32:05.286   519   519 I PackageWatchdog: Syncing health check requests for packages: {}
06-26 03:32:05.287   519   519 D ExplicitHealthCheckController: Getting health check supported packages
06-26 03:32:05.287   519   592 I ExplicitHealthCheckController: Explicit health check supported packages [PackageConfig{com.google.android.networkstack, 86400000}]
06-26 03:32:05.287   519   592 D PackageWatchdog: Received supported packages [PackageConfig{com.google.android.networkstack, 86400000}]
06-26 03:32:05.287   519   592 D ExplicitHealthCheckController: Getting health check requested packages
06-26 03:32:05.287   519  1926 I ExplicitHealthCheckController: Explicit health check requested packages []
06-26 03:32:05.287   519  1926 I ExplicitHealthCheckController: No more health check requests, unbinding...
