06-26 03:32:02.329   519  1632 W AppSearchIcing: icing-search-engine.cc:283: Error: 5, Message: Document (com.google.android.googlequicksearchbox$OneSearchZeroStateGoogleSuggestions/default, zp) not found.
06-26 03:32:02.330  1091  1091 D TaplTarget: sendStateEventToTest: 0
06-26 03:32:02.330  1091  2186 D OneSearchSuggestProvider: Created the binder channel successfully for end point service =com.google.android.apps.search.googleapp.search.suggest.plugins.onesearch.server.OneSearchSuggestService , mChannel=z1{delegate=s1{logId=45, target=directaddress:///AndroidComponentAddress%5BIntent%20%7B%20act=grpc.io.action.BIND%20cmp=com.google.android.googlequicksearchbox/com.google.android.apps.search.googleapp.search.suggest.plugins.onesearch.server.OneSearchSuggestService%20%7D%5D}} , mOneSearchConnection=X1.T@e79dc17
06-26 03:32:02.331  1091  1131 I ImeTracker: com.google.android.apps.nexuslauncher:e1833b3a: onRequestHide at ORIGIN_CLIENT_HIDE_SOFT_INPUT reason HIDE_SOFT_INPUT
06-26 03:32:02.331  1091  1131 I ImeTracker: com.google.android.apps.nexuslauncher:e1833b3a: onFailed at PHASE_CLIENT_VIEW_SERVED
06-26 03:32:02.332   519   535 D OomAdjuster: Not killing cached processes
06-26 03:32:02.332   519   535 W ProcessStats: Tracking association SourceState{41a5b48 com.google.android.googlequicksearchbox:search/10132 BTop #15177} whose proc state 2 is better than process ProcessState{782aa35 com.google.android.googlequicksearchbox:interactor/10132 pkg=com.google.android.googlequicksearchbox} proc state 4 (184 skipped)
06-26 03:32:02.333  1808  1808 I A       : Created gRPC endpoint to "search" for service class com.google.android.apps.search.googleapp.search.suggest.plugins.onesearch.server.OneSearchSuggestService
06-26 03:32:02.334  3796  4220 D BtGatt.ScanManager: uid 10131 isForeground true scanMode -1
06-26 03:32:02.334  3796  4220 D BtGatt.ScanManager: uid 10131 isForeground true scanMode -1
06-26 03:32:02.334  3796  4220 D BtGatt.ScanManager: uid 10131 isForeground true scanMode 1
06-26 03:32:02.351   835   866 V ShellRecents: [39943068] RecentsController.finishInner: toHome=false userLeave=false willFinishToHome=false state=0
06-26 03:32:02.351   835   866 V ShellRecents:   returning to app
06-26 03:32:02.351   835   866 V ShellRecents: [39943068] RecentsController.cleanup
06-26 03:32:02.351   835   866 V WindowManagerShell: Transition animation finished (aborted=false), notifying core (#23)android.os.BinderProxy@dd359a5@0
06-26 03:32:02.355   519   538 V WindowManager: Finish Transition #23: created at 06-26 03:32:02.158 collect-started=0.088ms started=0.107ms ready=1.148ms sent=164.247ms finished=194.48ms
06-26 03:32:02.355   835   866 V WindowManagerShell: Track 0 became idle
06-26 03:32:02.355   835   866 V WindowManagerShell: All active transition animations finished
06-26 03:32:02.357  1808  1808 I A       : onApplyWindowInsets: systemWindowInsets=Insets{left=0, top=24, right=0, bottom=0}
06-26 03:32:02.357  1808  1808 I A       : onApplyWindowInsets: systemWindowInsets=Insets{left=0, top=24, right=0, bottom=0}
06-26 03:32:02.360  3796  4220 D BtGatt.ScanManager: uid 10131 isForeground true scanMode -1
06-26 03:32:02.360  3796  4220 D BtGatt.ScanManager: uid 10131 isForeground true scanMode -1
06-26 03:32:02.360  3796  4220 D BtGatt.ScanManager: uid 10131 isForeground true scanMode 1
06-26 03:32:02.363   396   487 D AudioFlinger: mixer(0x70c8df1ef930) throttle end: throttle time(33)
06-26 03:32:02.374  1808  3056 I A       : Using proto config with mendel
06-26 03:32:02.374  1091  1091 D SearchTargetUtil:  query= size=15
06-26 03:32:02.374  1091  1091 D SearchTargetUtil: layoutType=short_icon_row resultType=131072 packageName=com.google.android.googlequicksearchbox extras=Bundle{suggestion_type=33,suggest_truncate_start=false,is_answer=false,is_entity=false,is_personal=false,suggest_raw_text=lakers knicks mavs suns trade,group_id=web119375,response_id=b7459814-da4d-4eb5-b18a-83a9c8280cbf,support_query_builder=false,} searchAction=lakers knicks mavs suns trade searchActionExtras=Bundle{learn_more_url=https://support.google.com/websearch/answer/106230?hl=106230,suggestion_action_text=Report this,should_start_for_result=true,allow_pinning=true,skip_logging_in_target_handler=false,suggestion_action_rpc=2,}ParentID: null targetID: b3fe985f-7cec-4f31-a28d-f3607549dc71
06-26 03:32:02.374  1091  1091 D SearchTargetUtil: layoutType=short_icon_row resultType=131072 packageName=com.google.android.googlequicksearchbox extras=Bundle{suggestion_type=33,suggest_truncate_start=false,is_answer=false,is_entity=false,is_personal=false,suggest_raw_text=crofton cookware,group_id=web119375,response_id=b7459814-da4d-4eb5-b18a-83a9c8280cbf,support_query_builder=false,} searchAction=crofton cookware searchActionExtras=Bundle{learn_more_url=https://support.google.com/websearch/answer/106230?hl=106230,suggestion_action_text=Report this,should_start_for_result=true,allow_pinning=true,skip_logging_in_target_handler=false,suggestion_action_rpc=2,}ParentID: null targetID: 1f5366a3-260a-454a-b6d5-0da496746631
06-26 03:32:02.375  1091  1091 D SearchTargetUtil: layoutType=extra_tall_icon_row resultType=131072 packageName=com.google.android.googlequicksearchbox extras=Bundle{bitmap_url=data:image/jpeg;base64,/9j/4AAQSkZJRgABAQAAAQABAAD/2wCEAAkGBwgHBgkIBwgKCgkLDRYPDQwMDRsUFRAWIB0iIiAdHx8kKDQsJCYxJx8fLT0tMTU3Ojo6Iys/RD84QzQ5OjcBCgoKDQwNGg8PGjclHyU3Nzc3Nzc3Nzc3Nzc3Nzc3Nzc3Nzc3Nzc3Nzc3Nzc3Nzc3Nzc3Nzc3Nzc3Nzc3Nzc3N//AABEIADAAMAMBIgACEQEDEQH/xAAbAAACAgMBAAAAAAAAAAAAAAAEBQIGAQMHAP/EADEQAAIBAgUCBAUCBwAAAAAAAAECAwQRAAUSITETQSJRYYEGFDJxkRUjFkJEocHh8f/EABkBAAIDAQAAAAAAAAAAAAAAAAQFAQIDAP/EACARAAICAgIDAQEAAAAAAAAAAAERAAIDEgQhEzHwYUH/2gAMAwEAAhEDEQA/AHPRdPqQj7jE0UEbEH7HD6rCTZcYlIZzp1C/1AEEj3AIwhmScT3WDWEcspG2rwMN/fb8YYbuKfGo8y2ehgjF6e8o31EXPtjbXTwSJ+yQst7gjbCMSVIvekN/D/Nzcb/jjEy8qpqliC+LTsSbc78egPv6Yog3NGUow/UjpCuu3f1xthkgkQlLahvvyMInNRLErCAEAhwQ1w254sOLAb+uCI1d0u8ZQ+RxKBkOw9w9Y+2JmkeQAC4sQePLBqQqiF3IVVF2Y7ADzOKnU/EtbDmebJrpRTUAAPit2uWue3Ittx6jAvI5BxpBwvj8Xy+yo+SidGsshVd/DpG3/MYly4yEs8rG4t9IFtiP8n84z8H5r/EOSRZgVVWYlWUG9mHOGtW0VLD1Z2CpqVQT3LEAD8kYtTLtXYhSL4dbajuKo6QxavFcHhbWAx5osbaHNaasrXotDxThA8d7FJkIvqRhswwY8O52xpXILBiZ3xGpRg+fLKlCrx6TErEzI4urjSbKw7gtpH+sVSqyibNKv52roUXMJ4+jNHAdSTJfTqdeA4W573sBi5ZxIJMtYQRLP+8qsG4SzDxEdwLdsK6Cb5OX5eqdpyq9f5i2g6yNIULfcWJ3vz5YXZSLXYPUc4KnxAa9h/ffkh8B5XFldZmVLSPel8DInZWsCwG/AuBvvcH3I+LBV1mU1S0y0qSQP/UG6LY31EgbG24FubeuM5LPSfrUtXC+3Tkd9ZI1FjfSo4vewt5AY9KYqiozKWronUTqD02jbpvZSAXLKLW8j37kY6l+hUf2Vz4HY2ISAMq1VHNJNlOY5nUrBVUSs5EKHTIraQFA7A2tub887Y6L0yYwSbnucc8+GBDV1y02aUjNXdPUktRD1YyQSNJ8NlG3IG1r4vUGYaqnpTgwkbOhW6g+YcbfcH+3cl1x20EDsDkrvb3P/9k=,suggestion_type=33,suggest_truncate_start=false,is_answer=false,is_entity=true,is_personal=false,suggest_raw_text=gilmore girls netflix,group_id=web119375,response_id=b7459814-da4d-4eb5-b18a-83a9c8280cbf,support_query_builder=false,} searchAction=gilmore girls netflix searchActionExtras=Bundle{learn_more_url=https://support.google.com/websearch/answer/106230?hl=106230,suggestion_action_text=Report this,should_start_for_result=true,allow_pinning=true,skip_logging_in_target_handler=false,suggestion_action_rpc=2,}ParentID: null targetID: 9ca46b9b-4bb9-44f0-81a9-015c35bc19be
06-26 03:32:02.375  1091  1091 D SearchTargetUtil: layoutType=short_icon_row resultType=131072 packageName=com.google.android.googlequicksearchbox extras=Bundle{suggestion_type=33,suggest_truncate_start=false,is_answer=false,is_entity=false,is_personal=false,suggest_raw_text=vinted,group_id=web119375,response_id=b7459814-da4d-4eb5-b18a-83a9c8280cbf,support_query_builder=false,} searchAction=vinted searchActionExtras=Bundle{learn_more_url=https://support.google.com/websearch/answer/106230?hl=106230,suggestion_action_text=Report this,should_start_for_result=true,allow_pinning=true,skip_logging_in_target_handler=false,suggestion_action_rpc=2,}ParentID: null targetID: d37ac300-6bd9-4e28-b73f-1a25173c6723
06-26 03:32:02.375  1091  1091 D SearchTargetUtil: layoutType=short_icon_row resultType=131072 packageName=com.google.android.googlequicksearchbox extras=Bundle{suggestion_type=33,suggest_truncate_start=false,is_answer=false,is_entity=false,is_personal=false,suggest_raw_text=ebola cases france,group_id=web119375,response_id=b7459814-da4d-4eb5-b18a-83a9c8280cbf,support_query_builder=false,} searchAction=ebola cases france searchActionExtras=Bundle{learn_more_url=https://support.google.com/websearch/answer/106230?hl=106230,suggestion_action_text=Report this,should_start_for_result=true,allow_pinning=true,skip_logging_in_target_handler=false,suggestion_action_rpc=2,}ParentID: null targetID: f0e6379b-92aa-49aa-9568-da56b44913b3
06-26 03:32:02.375  1808  3056 W A       : Queue length for executor EventBus is now 11. Perhaps some tasks are too long, or the pool is too small.
06-26 03:32:02.376  1091  1091 D SearchTargetUtil: layoutType=short_icon_row resultType=131072 packageName=com.google.android.googlequicksearchbox extras=Bundle{suggestion_type=33,suggest_truncate_start=false,is_answer=false,is_entity=false,is_personal=false,suggest_raw_text=gta vi pre orders,group_id=web119375,response_id=b7459814-da4d-4eb5-b18a-83a9c8280cbf,support_query_builder=false,} searchAction=gta vi pre orders searchActionExtras=Bundle{learn_more_url=https://support.google.com/websearch/answer/106230?hl=106230,suggestion_action_text=Report this,should_start_for_result=true,allow_pinning=true,skip_logging_in_target_handler=false,suggestion_action_rpc=2,}ParentID: null targetID: 91385c56-6c8b-4976-9b8c-aec5ba885d30
06-26 03:32:02.376  1091  1091 D SearchTargetUtil: layoutType=short_icon_row resultType=131072 packageName=com.google.android.googlequicksearchbox extras=Bundle{suggestion_type=33,suggest_truncate_start=false,is_answer=false,is_entity=false,is_personal=false,suggest_raw_text=dairy queen new blizzard flavors,group_id=web119375,response_id=b7459814-da4d-4eb5-b18a-83a9c8280cbf,support_query_builder=false,} searchAction=dairy queen new blizzard flavors searchActionExtras=Bundle{learn_more_url=https://support.google.com/websearch/answer/106230?hl=106230,suggestion_action_text=Report this,should_start_for_result=true,allow_pinning=true,skip_logging_in_target_handler=false,suggestion_action_rpc=2,}ParentID: null targetID: 51dad54d-6928-48b6-955d-f8f4c7f87ba8
06-26 03:32:02.376  1091  1091 D SearchTargetUtil: layoutType=short_icon_row resultType=131072 packageName=com.google.android.googlequicksearchbox extras=Bundle{suggestion_type=33,suggest_truncate_start=false,is_answer=false,is_entity=false,is_personal=false,suggest_raw_text=euclid telescope milky way image,group_id=web119375,response_id=b7459814-da4d-4eb5-b18a-83a9c8280cbf,support_query_builder=false,} searchAction=euclid telescope milky way image searchActionExtras=Bundle{learn_more_url=https://support.google.com/websearch/answer/106230?hl=106230,suggestion_action_text=Report this,should_start_for_result=true,allow_pinning=true,skip_logging_in_target_handler=false,suggestion_action_rpc=2,}ParentID: null targetID: b579b7d0-2346-4a61-a343-ddbf4bba3bb2
06-26 03:32:02.376  1091  1091 D SearchTargetUtil: layoutType=extra_tall_icon_row resultType=131072 packageName=com.google.android.googlequicksearchbox extras=Bundle{bitmap_url=,suggestion_type=33,suggest_truncate_start=false,is_answer=false,is_entity=true,is_personal=false,suggest_raw_text=fifa world cup soccer,group_id=web119375,response_id=b7459814-da4d-4eb5-b18a-83a9c8280cbf,support_query_builder=false,} searchAction=FIFA World Cup searchActionExtras=Bundle{learn_more_url=https://support.google.com/websearch/answer/106230?hl=106230,suggestion_action_text=Report this,should_start_for_result=true,allow_pinning=true,skip_logging_in_target_handler=false,suggestion_action_rpc=2,}ParentID: null targetID: cb9fcf38-64cb-422b-88d5-cbdda8f750f8
06-26 03:32:02.376  1091  1091 D SearchTargetUtil: layoutType=short_icon_row resultType=131072 packageName=com.google.android.googlequicksearchbox extras=Bundle{suggestion_type=33,suggest_truncate_start=false,is_answer=false,is_entity=false,is_personal=false,suggest_raw_text=nbc autumn tv premiere dates,group_id=web119375,response_id=b7459814-da4d-4eb5-b18a-83a9c8280cbf,support_query_builder=false,} searchAction=nbc autumn tv premiere dates searchActionExtras=Bundle{learn_more_url=https://support.google.com/websearch/answer/106230?hl=106230,suggestion_action_text=Report this,should_start_for_result=true,allow_pinning=true,skip_logging_in_target_handler=false,suggestion_action_rpc=2,}ParentID: null targetID: 9a32051f-4b61-47ba-8225-6f2a0daaa2ed
06-26 03:32:02.376  1091  1091 D SearchTargetUtil: layoutType=short_icon_row resultType=131072 packageName=com.google.android.googlequicksearchbox extras=Bundle{suggestion_type=33,suggest_truncate_start=false,is_answer=false,is_entity=false,is_personal=false,suggest_raw_text=ibuypower rtx 5070 amazon deal,group_id=web119375,response_id=b7459814-da4d-4eb5-b18a-83a9c8280cbf,support_query_builder=false,} searchAction=ibuypower rtx 5070 amazon deal searchActionExtras=Bundle{learn_more_url=https://support.google.com/websearch/answer/106230?hl=106230,suggestion_action_text=Report this,should_start_for_result=true,allow_pinning=true,skip_logging_in_target_handler=false,suggestion_action_rpc=2,}ParentID: null targetID: 65c67dbe-a212-4abc-bd5c-87eef9379f87
06-26 03:32:02.377  1091  1091 D SearchTargetUtil: layoutType=short_icon_row resultType=131072 packageName=com.google.android.googlequicksearchbox extras=Bundle{suggestion_type=33,suggest_truncate_start=false,is_answer=false,is_entity=false,is_personal=false,suggest_raw_text=heaven hill old fitzgerald 17,group_id=web119375,response_id=b7459814-da4d-4eb5-b18a-83a9c8280cbf,support_query_builder=false,} searchAction=heaven hill old fitzgerald 17 searchActionExtras=Bundle{learn_more_url=https://support.google.com/websearch/answer/106230?hl=106230,suggestion_action_text=Report this,should_start_for_result=true,allow_pinning=true,skip_logging_in_target_handler=false,suggestion_action_rpc=2,}ParentID: null targetID: 7297f286-2a19-4876-8faf-dc7d1fff3901
06-26 03:32:02.378  1091  1091 D SearchTargetUtil: layoutType=short_icon_row resultType=131072 packageName=com.google.android.googlequicksearchbox extras=Bundle{suggestion_type=33,suggest_truncate_start=false,is_answer=false,is_entity=false,is_personal=false,suggest_raw_text=green bay flash flooding,group_id=web119375,response_id=b7459814-da4d-4eb5-b18a-83a9c8280cbf,support_query_builder=false,} searchAction=green bay flash flooding searchActionExtras=Bundle{learn_more_url=https://support.google.com/websearch/answer/106230?hl=106230,suggestion_action_text=Report this,should_start_for_result=true,allow_pinning=true,skip_logging_in_target_handler=false,suggestion_action_rpc=2,}ParentID: null targetID: 6f319009-53c2-432a-860c-0a2f5cfb0731
06-26 03:32:02.378  1091  1091 D SearchTargetUtil: layoutType=short_icon_row resultType=131072 packageName=com.google.android.googlequicksearchbox extras=Bundle{suggestion_type=33,suggest_truncate_start=false,is_answer=false,is_entity=false,is_personal=false,suggest_raw_text=venezuela earthquakes,group_id=web119375,response_id=b7459814-da4d-4eb5-b18a-83a9c8280cbf,support_query_builder=false,} searchAction=venezuela earthquakes searchActionExtras=Bundle{learn_more_url=https://support.google.com/websearch/answer/106230?hl=106230,suggestion_action_text=Report this,should_start_for_result=true,allow_pinning=true,skip_logging_in_target_handler=false,suggestion_action_rpc=2,}ParentID: null targetID: db94db34-0ebc-4663-be26-05bd4c332b04
06-26 03:32:02.383  1091  1091 D SearchTargetUtil: layoutType=short_icon_row resultType=131072 packageName=com.google.android.googlequicksearchbox extras=Bundle{suggestion_type=33,suggest_truncate_start=false,is_answer=false,is_entity=false,is_personal=false,suggest_raw_text=today wordle hints,group_id=web119375,response_id=b7459814-da4d-4eb5-b18a-83a9c8280cbf,support_query_builder=false,} searchAction=today wordle hints searchActionExtras=Bundle{learn_more_url=https://support.google.com/websearch/answer/106230?hl=106230,suggestion_action_text=Report this,should_start_for_result=true,allow_pinning=true,skip_logging_in_target_handler=false,suggestion_action_rpc=2,}ParentID: null targetID: 330e2b4d-68c4-44fc-9bf9-d99cd7e4cc61
06-26 03:32:02.400  1091  1131 I ImeTracker: com.google.android.apps.nexuslauncher:af36ffba: onRequestHide at ORIGIN_CLIENT_HIDE_SOFT_INPUT reason HIDE_SOFT_INPUT
06-26 03:32:02.402  1091  1131 I ImeTracker: com.google.android.apps.nexuslauncher:af36ffba: onFailed at PHASE_CLIENT_VIEW_SERVED
06-26 03:32:02.407  1091  2186 D OneSearchSuggestProvider: Shut down the binder channel
06-26 03:32:02.407  1091  1711 I IPCThreadState: oneway function results for code 2 on binder at 0x70224e4afa50 will be dropped but finished with status UNKNOWN_TRANSACTION
06-26 03:32:02.411  1808  3056 I A       : Using proto config with mendel
06-26 03:32:02.431  1808  3109 I PBSessionCacheImpl: Deleted sessionId[7953450536499632] from persistence.
06-26 03:32:02.437  8659  8659 E unknown:SurfaceMountingManager: Unhandled SoftException
06-26 03:32:02.437  8659  8659 E unknown:SurfaceMountingManager: java.lang.IllegalStateException: addViewAt: cannot insert view [302] into parent [304]: View already has a parent: [322]  Parent: ReactViewGroup View: SvgView
06-26 03:32:02.437  8659  8659 E unknown:SurfaceMountingManager: 	at com.facebook.react.fabric.mounting.SurfaceMountingManager.addViewAt(SurfaceMountingManager.kt:307)
06-26 03:32:02.437  8659  8659 E unknown:SurfaceMountingManager: 	at com.facebook.react.fabric.mounting.mountitems.IntBufferBatchMountItem.execute(IntBufferBatchMountItem.kt:122)
06-26 03:32:02.437  8659  8659 E unknown:SurfaceMountingManager: 	at com.facebook.react.fabric.mounting.MountItemDispatcher.executeOrEnqueue(MountItemDispatcher.kt:340)
06-26 03:32:02.437  8659  8659 E unknown:SurfaceMountingManager: 	at com.facebook.react.fabric.mounting.MountItemDispatcher.dispatchMountItems(MountItemDispatcher.kt:246)
06-26 03:32:02.437  8659  8659 E unknown:SurfaceMountingManager: 	at com.facebook.react.fabric.mounting.MountItemDispatcher.tryDispatchMountItems(MountItemDispatcher.kt:93)
06-26 03:32:02.437  8659  8659 E unknown:SurfaceMountingManager: 	at com.facebook.react.fabric.FabricUIManager$DispatchUIFrameCallback.doFrameGuarded(FabricUIManager.java:1528)
06-26 03:32:02.437  8659  8659 E unknown:SurfaceMountingManager: 	at com.facebook.react.uimanager.GuardedFrameCallback.doFrame(GuardedFrameCallback.kt:42)
06-26 03:32:02.437  8659  8659 E unknown:SurfaceMountingManager: 	at com.facebook.react.modules.core.ReactChoreographer.frameCallback$lambda$1(ReactChoreographer.kt:59)
06-26 03:32:02.437  8659  8659 E unknown:SurfaceMountingManager: 	at com.facebook.react.modules.core.ReactChoreographer.$r8$lambda$nSkFhrr5T7rop_XKwzlLov4NLLw(Unknown Source:0)
06-26 03:32:02.437  8659  8659 E unknown:SurfaceMountingManager: 	at com.facebook.react.modules.core.ReactChoreographer$$ExternalSyntheticLambda0.doFrame(D8$$SyntheticClass:0)
06-26 03:32:02.437  8659  8659 E unknown:SurfaceMountingManager: 	at android.view.Choreographer$CallbackRecord.run(Choreographer.java:1337)
06-26 03:32:02.437  8659  8659 E unknown:SurfaceMountingManager: 	at android.view.Choreographer$CallbackRecord.run(Choreographer.java:1348)
06-26 03:32:02.437  8659  8659 E unknown:SurfaceMountingManager: 	at android.view.Choreographer.doCallbacks(Choreographer.java:952)
06-26 03:32:02.437  8659  8659 E unknown:SurfaceMountingManager: 	at android.view.Choreographer.doFrame(Choreographer.java:878)
06-26 03:32:02.437  8659  8659 E unknown:SurfaceMountingManager: 	at android.view.Choreographer$FrameDisplayEventReceiver.run(Choreographer.java:1322)
06-26 03:32:02.437  8659  8659 E unknown:SurfaceMountingManager: 	at android.os.Handler.handleCallback(Handler.java:958)
06-26 03:32:02.437  8659  8659 E unknown:SurfaceMountingManager: 	at android.os.Handler.dispatchMessage(Handler.java:99)
06-26 03:32:02.437  8659  8659 E unknown:SurfaceMountingManager: 	at android.os.Looper.loopOnce(Looper.java:205)
06-26 03:32:02.437  8659  8659 E unknown:SurfaceMountingManager: 	at android.os.Looper.loop(Looper.java:294)
06-26 03:32:02.437  8659  8659 E unknown:SurfaceMountingManager: 	at android.app.ActivityThread.main(ActivityThread.java:8177)
06-26 03:32:02.437  8659  8659 E unknown:SurfaceMountingManager: 	at java.lang.reflect.Method.invoke(Native Method)
06-26 03:32:02.437  8659  8659 E unknown:SurfaceMountingManager: 	at com.android.internal.os.RuntimeInit$MethodAndArgsCaller.run(RuntimeInit.java:552)
06-26 03:32:02.437  8659  8659 E unknown:SurfaceMountingManager: 	at com.android.internal.os.ZygoteInit.main(ZygoteInit.java:971)
06-26 03:32:02.437  8659  8659 E unknown:MountItemDispatcher: dispatchMountItems: caught exception, displaying mount state
06-26 03:32:02.437  8659  8659 E unknown:MountItemDispatcher: java.lang.IllegalStateException: addViewAt: failed to insert view [302] into parent [304] at index 0
06-26 03:32:02.437  8659  8659 E unknown:MountItemDispatcher: 	at com.facebook.react.fabric.mounting.SurfaceMountingManager.addViewAt(SurfaceMountingManager.kt:336)
06-26 03:32:02.437  8659  8659 E unknown:MountItemDispatcher: 	at com.facebook.react.fabric.mounting.mountitems.IntBufferBatchMountItem.execute(IntBufferBatchMountItem.kt:122)
06-26 03:32:02.437  8659  8659 E unknown:MountItemDispatcher: 	at com.facebook.react.fabric.mounting.MountItemDispatcher.executeOrEnqueue(MountItemDispatcher.kt:340)
06-26 03:32:02.437  8659  8659 E unknown:MountItemDispatcher: 	at com.facebook.react.fabric.mounting.MountItemDispatcher.dispatchMountItems(MountItemDispatcher.kt:246)
06-26 03:32:02.437  8659  8659 E unknown:MountItemDispatcher: 	at com.facebook.react.fabric.mounting.MountItemDispatcher.tryDispatchMountItems(MountItemDispatcher.kt:93)
06-26 03:32:02.437  8659  8659 E unknown:MountItemDispatcher: 	at com.facebook.react.fabric.FabricUIManager$DispatchUIFrameCallback.doFrameGuarded(FabricUIManager.java:1528)
06-26 03:32:02.437  8659  8659 E unknown:MountItemDispatcher: 	at com.facebook.react.uimanager.GuardedFrameCallback.doFrame(GuardedFrameCallback.kt:42)
06-26 03:32:02.437  8659  8659 E unknown:MountItemDispatcher: 	at com.facebook.react.modules.core.ReactChoreographer.frameCallback$lambda$1(ReactChoreographer.kt:59)
06-26 03:32:02.437  8659  8659 E unknown:MountItemDispatcher: 	at com.facebook.react.modules.core.ReactChoreographer.$r8$lambda$nSkFhrr5T7rop_XKwzlLov4NLLw(Unknown Source:0)
06-26 03:32:02.437  8659  8659 E unknown:MountItemDispatcher: 	at com.facebook.react.modules.core.ReactChoreographer$$ExternalSyntheticLambda0.doFrame(D8$$SyntheticClass:0)
06-26 03:32:02.437  8659  8659 E unknown:MountItemDispatcher: 	at android.view.Choreographer$CallbackRecord.run(Choreographer.java:1337)
06-26 03:32:02.437  8659  8659 E unknown:MountItemDispatcher: 	at android.view.Choreographer$CallbackRecord.run(Choreographer.java:1348)
06-26 03:32:02.437  8659  8659 E unknown:MountItemDispatcher: 	at android.view.Choreographer.doCallbacks(Choreographer.java:952)
06-26 03:32:02.437  8659  8659 E unknown:MountItemDispatcher: 	at android.view.Choreographer.doFrame(Choreographer.java:878)
06-26 03:32:02.437  8659  8659 E unknown:MountItemDispatcher: 	at android.view.Choreographer$FrameDisplayEventReceiver.run(Choreographer.java:1322)
06-26 03:32:02.437  8659  8659 E unknown:MountItemDispatcher: 	at android.os.Handler.handleCallback(Handler.java:958)
06-26 03:32:02.437  8659  8659 E unknown:MountItemDispatcher: 	at android.os.Handler.dispatchMessage(Handler.java:99)
06-26 03:32:02.437  8659  8659 E unknown:MountItemDispatcher: 	at android.os.Looper.loopOnce(Looper.java:205)
06-26 03:32:02.437  8659  8659 E unknown:MountItemDispatcher: 	at android.os.Looper.loop(Looper.java:294)
06-26 03:32:02.437  8659  8659 E unknown:MountItemDispatcher: 	at android.app.ActivityThread.main(ActivityThread.java:8177)
06-26 03:32:02.437  8659  8659 E unknown:MountItemDispatcher: 	at java.lang.reflect.Method.invoke(Native Method)
06-26 03:32:02.437  8659  8659 E unknown:MountItemDispatcher: 	at com.android.internal.os.RuntimeInit$MethodAndArgsCaller.run(RuntimeInit.java:552)
06-26 03:32:02.437  8659  8659 E unknown:MountItemDispatcher: 	at com.android.internal.os.ZygoteInit.main(ZygoteInit.java:971)
06-26 03:32:02.437  8659  8659 E unknown:MountItemDispatcher: Caused by: java.lang.IllegalStateException: The specified child already has a parent. You must call removeView() on the child's parent first.
06-26 03:32:02.437  8659  8659 E unknown:MountItemDispatcher: 	at android.view.ViewGroup.addViewInner(ViewGroup.java:5275)
06-26 03:32:02.437  8659  8659 E unknown:MountItemDispatcher: 	at android.view.ViewGroup.addView(ViewGroup.java:5104)
06-26 03:32:02.437  8659  8659 E unknown:MountItemDispatcher: 	at android.view.ViewGroup.addView(ViewGroup.java:5044)
06-26 03:32:02.437  8659  8659 E unknown:MountItemDispatcher: 	at com.facebook.react.views.view.ReactClippingViewManager.addView(ReactClippingViewManager.kt:36)
06-26 03:32:02.437  8659  8659 E unknown:MountItemDispatcher: 	at com.facebook.react.views.view.ReactClippingViewManager.addView(ReactClippingViewManager.kt:20)
06-26 03:32:02.437  8659  8659 E unknown:MountItemDispatcher: 	at com.facebook.react.fabric.mounting.SurfaceMountingManager.addViewAt(SurfaceMountingManager.kt:333)
06-26 03:32:02.437  8659  8659 E unknown:MountItemDispatcher: 	... 22 more
06-26 03:32:02.437  8659  8659 E unknown:MountItemDispatcher: dispatchMountItems: mountItem: next mountItem triggered exception!
06-26 03:32:02.439  8659  8659 E unknown:MountItemDispatcher: dispatchMountItems: mountItem: IntBufferBatchMountItem [surface:1]:
06-26 03:32:02.439  8659  8659 E unknown:MountItemDispatcher: dispatchMountItems: mountItem: INSERT [664]->[666] @0
06-26 03:32:02.439  8659  8659 E unknown:MountItemDispatcher: dispatchMountItems: mountItem: INSERT [666]->[292] @1
06-26 03:32:02.439  8659  8659 E unknown:MountItemDispatcher: dispatchMountItems: mountItem: REMOVE [312]->[314] @0
06-26 03:32:02.439  8659  8659 E unknown:MountItemDispatcher: dispatchMountItems: mountItem: REMOVE [314]->[322] @1
06-26 03:32:02.439  8659  8659 E unknown:MountItemDispatcher: dispatchMountItems: mountItem: REMOVE [302]->[322] @0
06-26 03:32:02.439  8659  8659 E unknown:MountItemDispatcher: dispatchMountItems: mountItem: CREATE [304] - layoutable:1 - RCTView
06-26 03:32:02.439  8659  8659 E unknown:MountItemDispatcher: dispatchMountItems: mountItem: INSERT [304]->[322] @0
06-26 03:32:02.439  8659  8659 E unknown:MountItemDispatcher: dispatchMountItems: mountItem: INSERT [302]->[304] @0
06-26 03:32:02.439  8659  8659 E unknown:MountItemDispatcher: dispatchMountItems: mountItem: INSERT [312]->[322] @1
06-26 03:32:02.439  8659  8659 E unknown:MountItemDispatcher: dispatchMountItems: mountItem: REMOVE [342]->[352] @1
06-26 03:32:02.439  8659  8659 E unknown:MountItemDispatcher: dispatchMountItems: mountItem: REMOVE [332]->[334] @0
06-26 03:32:02.439  8659  8659 E unknown:MountItemDispatcher: dispatchMountItems: mountItem: REMOVE [334]->[352] @0
06-26 03:32:02.439  8659  8659 E unknown:MountItemDispatcher: dispatchMountItems: mountItem: CREATE [344] - layoutable:1 - RCTView
06-26 03:32:02.439  8659  8659 E unknown:MountItemDispatcher: dispatchMountItems: mountItem: INSERT [332]->[352] @0
06-26 03:32:02.439  8659  8659 E unknown:MountItemDispatcher: dispatchMountItems: mountItem: INSERT [344]->[352] @1
06-26 03:32:02.439  8659  8659 E unknown:MountItemDispatcher: dispatchMountItems: mountItem: INSERT [342]->[344] @0
06-26 03:32:02.439  8659  8659 E unknown:MountItemDispatcher: dispatchMountItems: mountItem: REMOVE [504]->[506] @0
06-26 03:32:02.439  8659  8659 E unknown:MountItemDispatcher: dispatchMountItems: mountItem: REMOVE [506]->[508] @0
06-26 03:32:02.439  8659  8659 E unknown:MountItemDispatcher: dispatchMountItems: mountItem: REMOVE [528]->[530] @0
06-26 03:32:02.439  8659  8659 E unknown:MountItemDispatcher: dispatchMountItems: mountItem: REMOVE [234]->[236] @1
06-26 03:32:02.439  8659  8659 E unknown:MountItemDispatcher: dispatchMountItems: mountItem: REMOVE [232]->[236] @0
06-26 03:32:02.439  8659  8659 E unknown:MountItemDispatcher: dispatchMountItems: mountItem: REMOVE [236]->[238] @0
06-26 03:32:02.439  8659  8659 E unknown:MountItemDispatcher: dispatchMountItems: mountItem: REMOVE [238]->[240] @1
06-26 03:32:02.439  8659  8659 E unknown:MountItemDispatcher: dispatchMountItems: mountItem: REMOVE [230]->[240] @0
06-26 03:32:02.439  8659  8659 E unknown:MountItemDispatcher: dispatchMountItems: mountItem: REMOVE [568]->[570] @9
06-26 03:32:02.439  8659  8659 E unknown:MountItemDispatcher: dispatchMountItems: mountItem: REMOVE [566]->[570] @8
06-26 03:32:02.439  8659  8659 E unknown:MountItemDispatcher: dispatchMountItems: mountItem: REMOVE [564]->[570] @7
06-26 03:32:02.439  8659  8659 E unknown:MountItemDispatcher: dispatchMountItems: mountItem: REMOVE [562]->[570] @6
06-26 03:32:02.439  8659  8659 E unknown:MountItemDispatcher: dispatchMountItems: mountItem: REMOVE [560]->[570] @5
06-26 03:32:02.439  8659  8659 E unknown:MountItemDispatcher: dispatchMountItems: mountItem: REMOVE [558]->[570] @4
06-26 03:32:02.439  8659  8659 E unknown:MountItemDispatcher: dispatchMountItems: mountItem: REMOVE [556]->[570] @3
06-26 03:32:02.439  8659  8659 E unknown:MountItemDispatcher: dispatchMountItems: mountItem: REMOVE [554]->[570] @2
06-26 03:32:02.439  8659  8659 E unknown:MountItemDispatcher: dispatchMountItems: mountItem: REMOVE [552]->[570] @1
06-26 03:32:02.439  8659  8659 E unknown:MountItemDispatcher: dispatchMountItems: mountItem: REMOVE [550]->[570] @0
06-26 03:32:02.439  8659  8659 E unknown:MountItemDispatcher: dispatchMountItems: mountItem: REMOVE [570]->[572] @0
06-26 03:32:02.439  8659  8659 E unknown:MountItemDispatcher: dispatchMountItems: mountItem: REMOVE [592]->[600] @6
06-26 03:32:02.439  8659  8659 E unknown:MountItemDispatcher: dispatchMountItems: mountItem: REMOVE [594]->[600] @5
06-26 03:32:02.439  8659  8659 E unknown:MountItemDispatcher: dispatchMountItems: mountItem: REMOVE [586]->[600] @4
06-26 03:32:02.439  8659  8659 E unknown:MountItemDispatcher: dispatchMountItems: mountItem: REMOVE [582]->[600] @3
06-26 03:32:02.439  8659  8659 E unknown:MountItemDispatcher: dispatchMountItems: mountItem: REMOVE [578]->[600] @2
06-26 03:32:02.439  8659  8659 E unknown:MountItemDispatcher: dispatchMountItems: mountItem: REMOVE [572]->[600] @1
06-26 03:32:02.439  8659  8659 E unknown:MountItemDispatcher: dispatchMountItems: mountItem: REMOVE [574]->[600] @0
06-26 03:32:02.439  8659  8659 E unknown:MountItemDispatcher: dispatchMountItems: mountItem: REMOVE [622]->[624] @9
06-26 03:32:02.439  8659  8659 E unknown:MountItemDispatcher: dispatchMountItems: mountItem: REMOVE [620]->[624] @8
06-26 03:32:02.439  8659  8659 E unknown:MountItemDispatcher: dispatchMountItems: mountItem: REMOVE [618]->[624] @7
06-26 03:32:02.439  8659  8659 E unknown:MountItemDispatcher: dispatchMountItems: mountItem: REMOVE [616]->[624] @6
06-26 03:32:02.439  8659  8659 E unknown:MountItemDispatcher: dispatchMountItems: mountItem: REMOVE [614]->[624] @5
06-26 03:32:02.439  8659  8659 E unknown:MountItemDispatcher: dispatchMountItems: mountItem: REMOVE [612]->[624] @4
06-26 03:32:02.439  8659  8659 E unknown:MountItemDispatcher: dispatchMountItems: mountItem: REMOVE [610]->[624] @3
06-26 03:32:02.439  8659  8659 E unknown:MountItemDispatcher: dispatchMountItems: mountItem: REMOVE [608]->[624] @2
06-26 03:32:02.439  8659  8659 E unknown:MountItemDispatcher: dispatchMountItems: mountItem: REMOVE [606]->[624] @1
06-26 03:32:02.439  8659  8659 E unknown:MountItemDispatcher: dispatchMountItems: mountItem: REMOVE [604]->[624] @0
06-26 03:32:02.439  8659  8659 E unknown:MountItemDispatcher: dispatchMountItems: mountItem: REMOVE [624]->[626] @0
06-26 03:32:02.439  8659  8659 E unknown:MountItemDispatcher: dispatchMountItems: mountItem: REMOVE [646]->[654] @6
06-26 03:32:02.439  8659  8659 E unknown:MountItemDispatcher: dispatchMountItems: mountItem: REMOVE [648]->[654] @5
06-26 03:32:02.439  8659  8659 E unknown:MountItemDispatcher: dispatchMountItems: mountItem: REMOVE [640]->[654] @4
06-26 03:32:02.439  8659  8659 E unknown:MountItemDispatcher: dispatchMountItems: mountItem: REMOVE [636]->[654] @3
06-26 03:32:02.439  8659  8659 E unknown:MountItemDispatcher: dispatchMountItems: mountItem: REMOVE [632]->[654] @2
06-26 03:32:02.439  8659  8659 E unknown:MountItemDispatcher: dispatchMountItems: mountItem: REMOVE [626]->[654] @1
06-26 03:32:02.439  8659  8659 E unknown:MountItemDispatcher: dispatchMountItems: mountItem: REMOVE [628]->[654] @0
06-26 03:32:02.439  8659  8659 E unknown:MountItemDispatcher: dispatchMountItems: mountItem: REMOVE [654]->[658] @1
06-26 03:32:02.439  8659  8659 E unknown:MountItemDispatcher: dispatchMountItems: mountItem: REMOVE [600]->[658] @0
06-26 03:32:02.439  8659  8659 E unknown:MountItemDispatcher: dispatchMountItems: mountItem: REMOVE [658]->[660] @0
06-26 03:32:02.439  8659  8659 E unknown:MountItemDispatcher: dispatchMountItems: mountItem: REMOVE [260]->[262] @0
06-26 03:32:02.439  8659  8659 E unknown:MountItemDispatcher: dispatchMountItems: mountItem: REMOVE [536]->[538] @1
06-26 03:32:02.439  8659  8659 E unknown:MountItemDispatcher: dispatchMountItems: mountItem: REMOVE [534]->[538] @0
06-26 03:32:02.439  8659  8659 E unknown:MountItemDispatcher: dispatchMountItems: mountItem: REMOVE [538]->[540] @0
06-26 03:32:02.439  8659  8659 E unknown:MountItemDispatcher: dispatchMountItems: mountItem: REMOVE [546]->[280] @14
06-26 03:32:02.439  8659  8659 E unknown:MountItemDispatcher: dispatchMountItems: mountItem: REMOVE [540]->[280] @13
06-26 03:32:02.439  8659  8659 E unknown:MountItemDispatcher: dispatchMountItems: mountItem: REMOVE [266]->[280] @12
06-26 03:32:02.439  8659  8659 E unknown:MountItemDispatcher: dispatchMountItems: mountItem: REMOVE [262]->[280] @11
06-26 03:32:02.439  8659  8659 E unknown:MountItemDispatcher: dispatchMountItems: mountItem: REMOVE [660]->[280] @10
06-26 03:32:02.439  8659  8659 E unknown:MountItemDispatcher: dispatchMountItems: mountItem: REMOVE [246]->[280] @9
06-26 03:32:02.439  8659  8659 E unknown:MountItemDispatcher: dispatchMountItems: mountItem: REMOVE [240]->[280] @8
06-26 03:32:02.439  8659  8659 E unknown:MountItemDispatcher: dispatchMountItems: mountItem: REMOVE [226]->[280] @7
06-26 03:32:02.439  8659  8659 E unknown:MountItemDispatcher: dispatchMountItems: mountItem: REMOVE [222]->[280] @6
06-26 03:32:02.439  8659  8659 E unknown:MountItemDispatcher: dispatchMountItems: mountItem: REMOVE [242]->[280] @5
06-26 03:32:02.439  8659  8659 E unknown:MountItemDispatcher: dispatchMountItems: mountItem: REMOVE [530]->[280] @4
06-26 03:32:02.439  8659  8659 E unknown:MountItemDispatcher: dispatchMountItems: mountItem: REMOVE [520]->[280] @3
06-26 03:32:02.439  8659  8659 E unknown:MountItemDispatcher: dispatchMountItems: mountItem: REMOVE [516]->[280] @2
06-26 03:32:02.439  8659  8659 E unknown:MountItemDispatcher: dispatchMountItems: mountItem: REMOVE [508]->[280] @1
06-26 03:32:02.439  8659  8659 E unknown:MountItemDispatcher: dispatchMountItems: mountItem: REMOVE [532]->[280] @0
06-26 03:32:02.439  8659  8659 E unknown:MountItemDispatcher: dispatchMountItems: mountItem: REMOVE [280]->[282] @0
06-26 03:32:02.439  8659  8659 E unknown:MountItemDispatcher: dispatchMountItems: mountItem: REMOVE [282]->[284] @0
06-26 03:32:02.439  8659  8659 E unknown:MountItemDispatcher: dispatchMountItems: mountItem: REMOVE [284]->[288] @0
06-26 03:32:02.439  8659  8659 E unknown:MountItemDispatcher: dispatchMountItems: mountItem: REMOVE [288]->[290] @0
06-26 03:32:02.439  8659  8659 E unknown:MountItemDispatcher: dispatchMountItems: mountItem: REMOVE [664]->[666] @0
06-26 03:32:02.439  8659  8659 E unknown:MountItemDispatcher: dispatchMountItems: mountItem: REMOVE [666]->[292] @1
06-26 03:32:02.439  8659  8659 E unknown:MountItemDispatcher: dispatchMountItems: mountItem: REMOVE [290]->[292] @0
06-26 03:32:02.440  8659  8659 E unknown:MountItemDispatcher: dispatchMountItems: mountItem: REMOVE [298]->[300] @1
06-26 03:32:02.440  8659  8659 E unknown:MountItemDispatcher: dispatchMountItems: mountItem: REMOVE [296]->[300] @0
06-26 03:32:02.440  8659  8659 E unknown:MountItemDispatcher: dispatchMountItems: mountItem: REMOVE [300]->[302] @0
06-26 03:32:02.440  8659  8659 E unknown:MountItemDispatcher: dispatchMountItems: mountItem: REMOVE [302]->[304] @0
06-26 03:32:02.440  8659  8659 E unknown:MountItemDispatcher: dispatchMountItems: mountItem: REMOVE [308]->[310] @1
06-26 03:32:02.440  8659  8659 E unknown:MountItemDispatcher: dispatchMountItems: mountItem: REMOVE [306]->[310] @0
06-26 03:32:02.440  8659  8659 E unknown:MountItemDispatcher: dispatchMountItems: mountItem: REMOVE [310]->[312] @0
06-26 03:32:02.440  1808  3056 W SearchServiceCore: Abort, client detached.
06-26 03:32:02.440  8659  8659 E unknown:MountItemDispatcher: dispatchMountItems: mountItem: REMOVE [320]->[322] @2
06-26 03:32:02.440  8659  8659 E unknown:MountItemDispatcher: dispatchMountItems: mountItem: REMOVE [312]->[322] @1
06-26 03:32:02.440  8659  8659 E unknown:MountItemDispatcher: dispatchMountItems: mountItem: REMOVE [304]->[322] @0
06-26 03:32:02.440  8659  8659 E unknown:MountItemDispatcher: dispatchMountItems: mountItem: REMOVE [328]->[330] @1
06-26 03:32:02.440  8659  8659 E unknown:MountItemDispatcher: dispatchMountItems: mountItem: REMOVE [326]->[330] @0
06-26 03:32:02.440  8659  8659 E unknown:MountItemDispatcher: dispatchMountItems: mountItem: REMOVE [330]->[332] @0
06-26 03:32:02.440  8659  8659 E unknown:MountItemDispatcher: dispatchMountItems: mountItem: REMOVE [338]->[340] @1
06-26 03:32:02.440  8659  8659 E unknown:MountItemDispatcher: dispatchMountItems: mountItem: REMOVE [336]->[340] @0
06-26 03:32:02.440  8659  8659 E unknown:MountItemDispatcher: dispatchMountItems: mountItem: REMOVE [340]->[342] @0
06-26 03:32:02.440  8659  8659 E unknown:MountItemDispatcher: dispatchMountItems: mountItem: REMOVE [342]->[344] @0
06-26 03:32:02.440  8659  8659 E unknown:MountItemDispatcher: dispatchMountItems: mountItem: REMOVE [350]->[352] @2
06-26 03:32:02.440  8659  8659 E unknown:MountItemDispatcher: dispatchMountItems: mountItem: REMOVE [344]->[352] @1
06-26 03:32:02.440  8659  8659 E unknown:MountItemDispatcher: dispatchMountItems: mountItem: REMOVE [332]->[352] @0
06-26 03:32:02.440  8659  8659 E unknown:MountItemDispatcher: dispatchMountItems: mountItem: REMOVE [364]->[366] @4
06-26 03:32:02.440  8659  8659 E unknown:MountItemDispatcher: dispatchMountItems: mountItem: REMOVE [362]->[366] @3
06-26 03:32:02.440  8659  8659 E unknown:MountItemDispatcher: dispatchMountItems: mountItem: REMOVE [360]->[366] @2
06-26 03:32:02.440  8659  8659 E unknown:MountItemDispatcher: dispatchMountItems: mountItem: REMOVE [358]->[366] @1
06-26 03:32:02.440  8659  8659 E unknown:MountItemDispatcher: dispatchMountItems: mountItem: REMOVE [356]->[366] @0
06-26 03:32:02.440  8659  8659 E unknown:MountItemDispatcher: dispatchMountItems: mountItem: REMOVE [366]->[368] @0
06-26 03:32:02.440  8659  8659 E unknown:MountItemDispatcher: dispatchMountItems: mountItem: REMOVE [368]->[370] @0
06-26 03:32:02.440  8659  8659 E unknown:MountItemDispatcher: dispatchMountItems: mountItem: REMOVE [380]->[382] @4
06-26 03:32:02.440  8659  8659 E unknown:MountItemDispatcher: dispatchMountItems: mountItem: REMOVE [378]->[382] @3
06-26 03:32:02.440  8659  8659 E unknown:MountItemDispatcher: dispatchMountItems: mountItem: REMOVE [376]->[382] @2
06-26 03:32:02.440  8659  8659 E unknown:MountItemDispatcher: dispatchMountItems: mountItem: REMOVE [374]->[382] @1
06-26 03:32:02.440  8659  8659 E unknown:MountItemDispatcher: dispatchMountItems: mountItem: REMOVE [372]->[382] @0
06-26 03:32:02.440  8659  8659 E unknown:MountItemDispatcher: dispatchMountItems: mountItem: REMOVE [382]->[384] @0
06-26 03:32:02.440  8659  8659 E unknown:MountItemDispatcher: dispatchMountItems: mountItem: REMOVE [392]->[394] @2
06-26 03:32:02.440  8659  8659 E unknown:MountItemDispatcher: dispatchMountItems: mountItem: REMOVE [384]->[394] @1
06-26 03:32:02.440  8659  8659 E unknown:MountItemDispatcher: dispatchMountItems: mountItem: REMOVE [370]->[394] @0
06-26 03:32:02.440  8659  8659 E unknown:MountItemDispatcher: dispatchMountItems: mountItem: REMOVE [404]->[406] @3
06-26 03:32:02.440  8659  8659 E unknown:MountItemDispatcher: dispatchMountItems: mountItem: REMOVE [402]->[406] @2
06-26 03:32:02.440  8659  8659 E unknown:MountItemDispatcher: dispatchMountItems: mountItem: REMOVE [400]->[406] @1
06-26 03:32:02.440  8659  8659 E unknown:MountItemDispatcher: dispatchMountItems: mountItem: REMOVE [398]->[406] @0
06-26 03:32:02.440  8659  8659 E unknown:MountItemDispatcher: dispatchMountItems: mountItem: REMOVE [406]->[408] @0
06-26 03:32:02.440  8659  8659 E unknown:MountItemDispatcher: dispatchMountItems: mountItem: REMOVE [408]->[410] @0
06-26 03:32:02.440  8659  8659 E unknown:MountItemDispatcher: dispatchMountItems: mountItem: REMOVE [418]->[420] @3
06-26 03:32:02.440  8659  8659 E unknown:MountItemDispatcher: dispatchMountItems: mountItem: REMOVE [416]->[420] @2
06-26 03:32:02.440  8659  8659 E unknown:MountItemDispatcher: dispatchMountItems: mountItem: REMOVE [414]->[420] @1
06-26 03:32:02.440  8659  8659 E unknown:MountItemDispatcher: dispatchMountItems: mountItem: REMOVE [412]->[420] @0
06-26 03:32:02.440  8659  8659 E unknown:MountItemDispatcher: dispatchMountItems: mountItem: REMOVE [420]->[422] @0
06-26 03:32:02.440  8659  8659 E unknown:MountItemDispatcher: dispatchMountItems: mountItem: REMOVE [430]->[432] @2
06-26 03:32:02.440  8659  8659 E unknown:MountItemDispatcher: dispatchMountItems: mountItem: REMOVE [422]->[432] @1
06-26 03:32:02.440  8659  8659 E unknown:MountItemDispatcher: dispatchMountItems: mountItem: REMOVE [410]->[432] @0
06-26 03:32:02.440  8659  8659 E unknown:MountItemDispatcher: dispatchMountItems: mountItem: REMOVE [436]->[438] @0
06-26 03:32:02.440  8659  8659 E unknown:MountItemDispatcher: dispatchMountItems: mountItem: REMOVE [438]->[440] @0
06-26 03:32:02.440  8659  8659 E unknown:MountItemDispatcher: dispatchMountItems: mountItem: REMOVE [440]->[442] @0
06-26 03:32:02.440  8659  8659 E unknown:MountItemDispatcher: dispatchMountItems: mountItem: REMOVE [444]->[446] @0
06-26 03:32:02.440  8659  8659 E unknown:MountItemDispatcher: dispatchMountItems: mountItem: REMOVE [446]->[448] @0
06-26 03:32:02.440  8659  8659 E unknown:MountItemDispatcher: dispatchMountItems: mountItem: REMOVE [456]->[458] @2
06-26 03:32:02.440  8659  8659 E unknown:MountItemDispatcher: dispatchMountItems: mountItem: REMOVE [448]->[458] @1
06-26 03:32:02.440  8659  8659 E unknown:MountItemDispatcher: dispatchMountItems: mountItem: REMOVE [442]->[458] @0
06-26 03:32:02.440  8659  8659 E unknown:MountItemDispatcher: dispatchMountItems: mountItem: REMOVE [464]->[466] @1
06-26 03:32:02.440  8659  8659 E unknown:MountItemDispatcher: dispatchMountItems: mountItem: REMOVE [462]->[466] @0
06-26 03:32:02.440  8659  8659 E unknown:MountItemDispatcher: dispatchMountItems: mountItem: REMOVE [466]->[468] @0
06-26 03:32:02.440  8659  8659 E unknown:MountItemDispatcher: dispatchMountItems: mountItem: REMOVE [468]->[470] @0
06-26 03:32:02.440  8659  8659 E unknown:MountItemDispatcher: dispatchMountItems: mountItem: REMOVE [474]->[476] @1
06-26 03:32:02.440  8659  8659 E unknown:MountItemDispatcher: dispatchMountItems: mountItem: REMOVE [472]->[476] @0
06-26 03:32:02.440  8659  8659 E unknown:MountItemDispatcher: dispatchMountItems: mountItem: REMOVE [476]->[478] @0
06-26 03:32:02.440  8659  8659 E unknown:MountItemDispatcher: dispatchMountItems: mountItem: REMOVE [486]->[488] @2
06-26 03:32:02.440  8659  8659 E unknown:MountItemDispatcher: dispatchMountItems: mountItem: REMOVE [478]->[488] @1
06-26 03:32:02.440  8659  8659 E unknown:MountItemDispatcher: dispatchMountItems: mountItem: REMOVE [470]->[488] @0
06-26 03:32:02.440  8659  8659 E unknown:MountItemDispatcher: dispatchMountItems: mountItem: REMOVE [488]->[494] @6
06-26 03:32:02.440  8659  8659 E unknown:MountItemDispatcher: dispatchMountItems: mountItem: REMOVE [458]->[494] @5
06-26 03:32:02.440  8659  8659 E unknown:MountItemDispatcher: dispatchMountItems: mountItem: REMOVE [432]->[494] @4
06-26 03:32:02.440  8659  8659 E unknown:MountItemDispatcher: dispatchMountItems: mountItem: REMOVE [394]->[494] @3
06-26 03:32:02.440  8659  8659 E unknown:MountItemDispatcher: dispatchMountItems: mountItem: REMOVE [352]->[494] @2
06-26 03:32:02.440  8659  8659 E unknown:MountItemDispatcher: dispatchMountItems: mountItem: REMOVE [322]->[494] @1
06-26 03:32:02.440  8659  8659 E unknown:MountItemDispatcher: dispatchMountItems: mountItem: REMOVE [294]->[494] @0
06-26 03:32:02.440  8659  8659 E unknown:MountItemDispatcher: dispatchMountItems: mountItem: REMOVE [494]->[498] @1
06-26 03:32:02.440  8659  8659 E unknown:MountItemDispatcher: dispatchMountItems: mountItem: REMOVE [292]->[498] @0
06-26 03:32:02.440  8659  8659 E unknown:MountItemDispatcher: dispatchMountItems: mountItem: REMOVE [500]->[502] @1
06-26 03:32:02.440  8659  8659 E unknown:MountItemDispatcher: dispatchMountItems: mountItem: REMOVE [498]->[502] @0
06-26 03:32:02.440  8659  8659 E unknown:MountItemDispatcher: dispatchMountItems: mountItem: REMOVE [502]->[110] @1
06-26 03:32:02.440  8659  8659 E unknown:MountItemDispatcher: dispatchMountItems: mountItem: INSERT [668]->[770] @0
06-26 03:32:02.440  8659  8659 E unknown:MountItemDispatcher: dispatchMountItems: mountItem: INSERT [692]->[770] @1
06-26 03:32:02.440  8659  8659 E unknown:MountItemDispatcher: dispatchMountItems: mountItem: INSERT [670]->[770] @2
06-26 03:32:02.440  8659  8659 E unknown:MountItemDispatcher: dispatchMountItems: mountItem: INSERT [672]->[770] @3
06-26 03:32:02.440  8659  8659 E unknown:MountItemDispatcher: dispatchMountItems: mountItem: INSERT [674]->[770] @4
06-26 03:32:02.440  8659  8659 E unknown:MountItemDispatcher: dispatchMountItems: mountItem: INSERT [678]->[770] @5
06-26 03:32:02.440  8659  8659 E unknown:MountItemDispatcher: dispatchMountItems: mountItem: INSERT [680]->[770] @6
06-26 03:32:02.440  8659  8659 E unknown:MountItemDispatcher: dispatchMountItems: mountItem: INSERT [686]->[770] @7
06-26 03:32:02.440  8659  8659 E unknown:MountItemDispatcher: dispatchMountItems: mountItem: INSERT [688]->[770] @8
06-26 03:32:02.440  8659  8659 E unknown:MountItemDispatcher: dispatchMountItems: mountItem: INSERT [716]->[770] @9
06-26 03:32:02.440  8659  8659 E unknown:MountItemDispatcher: dispatchMountItems: mountItem: INSERT [694]->[770] @10
06-26 03:32:02.440  8659  8659 E unknown:MountItemDispatcher: dispatchMountItems: mountItem: INSERT [696]->[770] @11
06-26 03:32:02.440  8659  8659 E unknown:MountItemDispatcher: dispatchMountItems: mountItem: INSERT [698]->[770] @12
06-26 03:32:02.440  8659  8659 E unknown:MountItemDispatcher: dispatchMountItems: mountItem: INSERT [702]->[770] @13
06-26 03:32:02.440  8659  8659 E unknown:MountItemDispatcher: dispatchMountItems: mountItem: INSERT [704]->[770] @14
06-26 03:32:02.440  8659  8659 E unknown:MountItemDispatcher: dispatchMountItems: mountItem: INSERT [710]->[770] @15
06-26 03:32:02.440  8659  8659 E unknown:MountItemDispatcher: dispatchMountItems: mountItem: INSERT [712]->[770] @16
06-26 03:32:02.440  8659  8659 E unknown:MountItemDispatcher: dispatchMountItems: mountItem: INSERT [740]->[770] @17
06-26 03:32:02.440  8659  8659 E unknown:MountItemDispatcher: dispatchMountItems: mountItem: INSERT [718]->[770] @18
06-26 03:32:02.440  8659  8659 E unknown:MountItemDispatcher: dispatchMountItems: mountItem: INSERT [720]->[770] @19
06-26 03:32:02.440  8659  8659 E unknown:MountItemDispatcher: dispatchMountItems: mountItem: INSERT [722]->[770] @20
06-26 03:32:02.440  8659  8659 E unknown:MountItemDispatcher: dispatchMountItems: mountItem: INSERT [726]->[770] @21
06-26 03:32:02.440  8659  8659 E unknown:MountItemDispatcher: dispatchMountItems: mountItem: INSERT [728]->[770] @22
06-26 03:32:02.440  8659  8659 E unknown:MountItemDispatcher: dispatchMountItems: mountItem: INSERT [734]->[770] @23
06-26 03:32:02.440  8659  8659 E unknown:MountItemDispatcher: dispatchMountItems: mountItem: INSERT [736]->[770] @24
06-26 03:32:02.440  8659  8659 E unknown:MountItemDispatcher: dispatchMountItems: mountItem: INSERT [764]->[770] @25
06-26 03:32:02.440  8659  8659 E unknown:MountItemDispatcher: dispatchMountItems: mountItem: INSERT [742]->[770] @26
06-26 03:32:02.440  8659  8659 E unknown:MountItemDispatcher: dispatchMountItems: mountItem: INSERT [744]->[770] @27
06-26 03:32:02.440  8659  8659 E unknown:MountItemDispatcher: dispatchMountItems: mountItem: INSERT [746]->[770] @28
06-26 03:32:02.440  8659  8659 E unknown:MountItemDispatcher: dispatchMountItems: mountItem: INSERT [750]->[770] @29
06-26 03:32:02.440  8659  8659 E unknown:MountItemDispatcher: dispatchMountItems: mountItem: INSERT [752]->[770] @30
06-26 03:32:02.440  8659  8659 E unknown:MountItemDispatcher: dispatchMountItems: mountItem: INSERT [758]->[770] @31
06-26 03:32:02.440  8659  8659 E unknown:MountItemDispatcher: dispatchMountItems: mountItem: INSERT [760]->[770] @32
06-26 03:32:02.440  8659  8659 E unknown:MountItemDispatcher: dispatchMountItems: mountItem: INSERT [770]->[772] @0
06-26 03:32:02.440  8659  8659 E unknown:MountItemDispatcher: dispatchMountItems: mountItem: INSERT [772]->[776] @0
06-26 03:32:02.440  8659  8659 E unknown:MountItemDispatcher: dispatchMountItems: mountItem: INSERT [774]->[776] @1
06-26 03:32:02.440  8659  8659 E unknown:MountItemDispatcher: dispatchMountItems: mountItem: INSERT [776]->[778] @0
06-26 03:32:02.440  8659  8659 E unknown:MountItemDispatcher: dispatchMountItems: mountItem: INSERT [778]->[782] @0
