--------- beginning of main
06-23 15:47:34.013  7394  7468 I Maestro : Skipping invisible child: android.view.accessibility.AccessibilityNodeInfo@1868d; boundsInParent: Rect(0, 0 - 128, 22); boundsInScreen: Rect(181, 445 - 309, 467); boundsInWindow: Rect(181, 445 - 309, 467); packageName: com.hanapkalinga.mobile; className: android.view.View; text: null; error: null; maxTextLength: -1; stateDescription: null; contentDescription: Create an account; tooltipText: null; containerTitle: null; viewIdResName: null; uniqueId: null; checkable: false; checked: false; focusable: true; focused: false; selected: false; clickable: true; longClickable: false; contextClickable: false; enabled: true; password: false; scrollable: false; importantForAccessibility: true; visible: false; actions: [AccessibilityAction: ACTION_FOCUS - null, AccessibilityAction: ACTION_SELECT - null, AccessibilityAction: ACTION_CLEAR_SELECTION - null, AccessibilityAction: ACTION_CLICK - null, AccessibilityAction: ACTION_ACCESSIBILITY_FOCUS - null, AccessibilityAction: ACTION_SHOW_ON_SCREEN - null]; isTextSelectable: false
06-23 15:47:34.058  7394  7468 I Maestro : Skipping invisible child: android.view.accessibility.AccessibilityNodeInfo@13b75; boundsInParent: Rect(0, 0 - 320, 0); boundsInScreen: Rect(0, 640 - 320, 640); boundsInWindow: Rect(0, 640 - 320, 640); packageName: com.google.android.inputmethod.latin; className: android.widget.FrameLayout; text: null; error: null; maxTextLength: -1; stateDescription: null; contentDescription: null; tooltipText: null; containerTitle: null; viewIdResName: com.google.android.inputmethod.latin:id/0_resource_name_obfuscated; uniqueId: null; checkable: false; checked: false; focusable: false; focused: false; selected: false; clickable: false; longClickable: false; contextClickable: false; enabled: true; password: false; scrollable: false; importantForAccessibility: false; visible: false; actions: [AccessibilityAction: ACTION_SELECT - null, AccessibilityAction: ACTION_CLEAR_SELECTION - null, AccessibilityAction: ACTION_ACCESSIBILITY_FOCUS - null, AccessibilityAction: ACTION_SHOW_ON_SCREEN - null]; isTextSelectable: false
06-23 15:47:34.059  7394  7468 I Maestro : Skipping invisible child: android.view.accessibility.AccessibilityNodeInfo@13f36; boundsInParent: Rect(0, 0 - 320, 0); boundsInScreen: Rect(0, 640 - 320, 640); boundsInWindow: Rect(0, 640 - 320, 640); packageName: com.google.android.inputmethod.latin; className: android.view.View; text: null; error: null; maxTextLength: -1; stateDescription: null; contentDescription: null; tooltipText: null; containerTitle: null; viewIdResName: com.google.android.inputmethod.latin:id/0_resource_name_obfuscated; uniqueId: null; checkable: false; checked: false; focusable: false; focused: false; selected: false; clickable: true; longClickable: false; contextClickable: false; enabled: true; password: false; scrollable: false; importantForAccessibility: true; visible: false; actions: [AccessibilityAction: ACTION_SELECT - null, AccessibilityAction: ACTION_CLEAR_SELECTION - null, AccessibilityAction: ACTION_CLICK - null, AccessibilityAction: ACTION_ACCESSIBILITY_FOCUS - null, AccessibilityAction: ACTION_SHOW_ON_SCREEN - null]; isTextSelectable: false
06-23 15:47:34.059  7394  7468 I Maestro : Skipping invisible child: android.view.accessibility.AccessibilityNodeInfo@9288; boundsInParent: Rect(0, 0 - 320, 0); boundsInScreen: Rect(0, 640 - 320, 640); boundsInWindow: Rect(0, 640 - 320, 640); packageName: com.google.android.inputmethod.latin; className: android.widget.FrameLayout; text: null; error: null; maxTextLength: -1; stateDescription: null; contentDescription: null; tooltipText: null; containerTitle: null; viewIdResName: null; uniqueId: null; checkable: false; checked: false; focusable: false; focused: false; selected: false; clickable: false; longClickable: false; contextClickable: false; enabled: true; password: false; scrollable: false; importantForAccessibility: false; visible: false; actions: [AccessibilityAction: ACTION_SELECT - null, AccessibilityAction: ACTION_CLEAR_SELECTION - null, AccessibilityAction: ACTION_ACCESSIBILITY_FOCUS - null, AccessibilityAction: ACTION_SHOW_ON_SCREEN - null]; isTextSelectable: false
06-23 15:47:34.059  7394  7468 D Maestro : View hierarchy received in 63 ms
06-23 15:47:34.200  7394  7468 D Maestro : Requesting view hierarchy
06-23 15:47:34.201  7394  7468 W QueryController: Could not detect idle state.
06-23 15:47:34.201  7394  7468 W QueryController: Could not detect idle state.
06-23 15:47:34.214  7394  7468 I Maestro : Skipping invisible child: android.view.accessibility.AccessibilityNodeInfo@128b4; boundsInParent: Rect(0, 0 - 320, 0); boundsInScreen: Rect(0, 0 - 320, 0); boundsInWindow: Rect(0, 0 - 320, 0); packageName: com.hanapkalinga.mobile; className: android.widget.LinearLayout; text: null; error: null; maxTextLength: -1; stateDescription: null; contentDescription: null; tooltipText: null; containerTitle: null; viewIdResName: null; uniqueId: null; checkable: false; checked: false; focusable: false; focused: false; selected: false; clickable: false; longClickable: false; contextClickable: false; enabled: true; password: false; scrollable: false; importantForAccessibility: false; visible: false; actions: [AccessibilityAction: ACTION_SELECT - null, AccessibilityAction: ACTION_CLEAR_SELECTION - null, AccessibilityAction: ACTION_ACCESSIBILITY_FOCUS - null, AccessibilityAction: ACTION_SHOW_ON_SCREEN - null]; isTextSelectable: false
06-23 15:47:34.214  7394  7468 I Maestro : Skipping invisible child: android.view.accessibility.AccessibilityNodeInfo@124f3; boundsInParent: Rect(0, 0 - 320, 0); boundsInScreen: Rect(0, 0 - 320, 0); boundsInWindow: Rect(0, 0 - 320, 0); packageName: com.hanapkalinga.mobile; className: android.view.ViewGroup; text: null; error: null; maxTextLength: -1; stateDescription: null; contentDescription: null; tooltipText: null; containerTitle: null; viewIdResName: null; uniqueId: null; checkable: false; checked: false; focusable: false; focused: false; selected: false; clickable: false; longClickable: false; contextClickable: false; enabled: true; password: false; scrollable: false; importantForAccessibility: false; visible: false; actions: [AccessibilityAction: ACTION_SELECT - null, AccessibilityAction: ACTION_CLEAR_SELECTION - null, AccessibilityAction: ACTION_ACCESSIBILITY_FOCUS - null, AccessibilityAction: ACTION_SHOW_ON_SCREEN - null]; isTextSelectable: false
06-23 15:47:34.214  7394  7468 I Maestro : Skipping invisible child: android.view.accessibility.AccessibilityNodeInfo@191d0; boundsInParent: Rect(0, 0 - 320, 0); boundsInScreen: Rect(0, 0 - 320, 0); boundsInWindow: Rect(0, 0 - 320, 0); packageName: com.hanapkalinga.mobile; className: android.widget.LinearLayout; text: null; error: null; maxTextLength: -1; stateDescription: null; contentDescription: null; tooltipText: null; containerTitle: null; viewIdResName: null; uniqueId: null; checkable: false; checked: false; focusable: false; focused: false; selected: false; clickable: false; longClickable: false; contextClickable: false; enabled: true; password: false; scrollable: false; importantForAccessibility: false; visible: false; actions: [AccessibilityAction: ACTION_SELECT - null, AccessibilityAction: ACTION_CLEAR_SELECTION - null, AccessibilityAction: ACTION_ACCESSIBILITY_FOCUS - null, AccessibilityAction: ACTION_SHOW_ON_SCREEN - null]; isTextSelectable: false
06-23 15:47:34.215  7394  7468 I Maestro : Skipping invisible child: android.view.accessibility.AccessibilityNodeInfo@18e0f; boundsInParent: Rect(0, 0 - 320, 0); boundsInScreen: Rect(0, 0 - 320, 0); boundsInWindow: Rect(0, 0 - 320, 0); packageName: com.hanapkalinga.mobile; className: android.view.ViewGroup; text: null; error: null; maxTextLength: -1; stateDescription: null; contentDescription: null; tooltipText: null; containerTitle: null; viewIdResName: null; uniqueId: null; checkable: false; checked: false; focusable: false; focused: false; selected: false; clickable: false; longClickable: false; contextClickable: false; enabled: true; password: false; scrollable: false; importantForAccessibility: false; visible: false; actions: [AccessibilityAction: ACTION_SELECT - null, AccessibilityAction: ACTION_CLEAR_SELECTION - null, AccessibilityAction: ACTION_ACCESSIBILITY_FOCUS - null, AccessibilityAction: ACTION_SHOW_ON_SCREEN - null]; isTextSelectable: false
06-23 15:47:34.219  7394  7468 I Maestro : Skipping invisible child: android.view.accessibility.AccessibilityNodeInfo@182cc; boundsInParent: Rect(0, 0 - 169, 22); boundsInScreen: Rect(11, 445 - 180, 467); boundsInWindow: Rect(11, 445 - 180, 467); packageName: com.hanapkalinga.mobile; className: android.widget.TextView; text: Don't have an account? ; error: null; maxTextLength: -1; stateDescription: null; contentDescription: null; tooltipText: null; containerTitle: null; viewIdResName: null; uniqueId: null; checkable: false; checked: false; focusable: false; focused: false; selected: false; clickable: false; longClickable: false; contextClickable: false; enabled: true; password: false; scrollable: false; importantForAccessibility: true; visible: false; actions: [AccessibilityAction: ACTION_SELECT - null, AccessibilityAction: ACTION_CLEAR_SELECTION - null, AccessibilityAction: ACTION_ACCESSIBILITY_FOCUS - null, AccessibilityAction: ACTION_NEXT_AT_MOVEMENT_GRANULARITY - null, AccessibilityAction: ACTION_PREVIOUS_AT_MOVEMENT_GRANULARITY - null, AccessibilityAction: ACTION_SET_SELECTION - null, AccessibilityAction: ACTION_SHOW_ON_SCREEN - null]; isTextSelectable: false
06-23 15:47:34.219  7394  7468 I Maestro : Skipping invisible child: android.view.accessibility.AccessibilityNodeInfo@1868d; boundsInParent: Rect(0, 0 - 128, 22); boundsInScreen: Rect(181, 445 - 309, 467); boundsInWindow: Rect(181, 445 - 309, 467); packageName: com.hanapkalinga.mobile; className: android.view.View; text: null; error: null; maxTextLength: -1; stateDescription: null; contentDescription: Create an account; tooltipText: null; containerTitle: null; viewIdResName: null; uniqueId: null; checkable: false; checked: false; focusable: true; focused: false; selected: false; clickable: true; longClickable: false; contextClickable: false; enabled: true; password: false; scrollable: false; importantForAccessibility: true; visible: false; actions: [AccessibilityAction: ACTION_FOCUS - null, AccessibilityAction: ACTION_SELECT - null, AccessibilityAction: ACTION_CLEAR_SELECTION - null, AccessibilityAction: ACTION_CLICK - null, AccessibilityAction: ACTION_ACCESSIBILITY_FOCUS - null, AccessibilityAction: ACTION_SHOW_ON_SCREEN - null]; isTextSelectable: false
06-23 15:47:34.259  7394  7468 I Maestro : Skipping invisible child: android.view.accessibility.AccessibilityNodeInfo@13b75; boundsInParent: Rect(0, 0 - 320, 0); boundsInScreen: Rect(0, 640 - 320, 640); boundsInWindow: Rect(0, 640 - 320, 640); packageName: com.google.android.inputmethod.latin; className: android.widget.FrameLayout; text: null; error: null; maxTextLength: -1; stateDescription: null; contentDescription: null; tooltipText: null; containerTitle: null; viewIdResName: com.google.android.inputmethod.latin:id/0_resource_name_obfuscated; uniqueId: null; checkable: false; checked: false; focusable: false; focused: false; selected: false; clickable: false; longClickable: false; contextClickable: false; enabled: true; password: false; scrollable: false; importantForAccessibility: false; visible: false; actions: [AccessibilityAction: ACTION_SELECT - null, AccessibilityAction: ACTION_CLEAR_SELECTION - null, AccessibilityAction: ACTION_ACCESSIBILITY_FOCUS - null, AccessibilityAction: ACTION_SHOW_ON_SCREEN - null]; isTextSelectable: false
06-23 15:47:34.260  7394  7468 I Maestro : Skipping invisible child: android.view.accessibility.AccessibilityNodeInfo@13f36; boundsInParent: Rect(0, 0 - 320, 0); boundsInScreen: Rect(0, 640 - 320, 640); boundsInWindow: Rect(0, 640 - 320, 640); packageName: com.google.android.inputmethod.latin; className: android.view.View; text: null; error: null; maxTextLength: -1; stateDescription: null; contentDescription: null; tooltipText: null; containerTitle: null; viewIdResName: com.google.android.inputmethod.latin:id/0_resource_name_obfuscated; uniqueId: null; checkable: false; checked: false; focusable: false; focused: false; selected: false; clickable: true; longClickable: false; contextClickable: false; enabled: true; password: false; scrollable: false; importantForAccessibility: true; visible: false; actions: [AccessibilityAction: ACTION_SELECT - null, AccessibilityAction: ACTION_CLEAR_SELECTION - null, AccessibilityAction: ACTION_CLICK - null, AccessibilityAction: ACTION_ACCESSIBILITY_FOCUS - null, AccessibilityAction: ACTION_SHOW_ON_SCREEN - null]; isTextSelectable: false
06-23 15:47:34.261  7394  7468 I Maestro : Skipping invisible child: android.view.accessibility.AccessibilityNodeInfo@9288; boundsInParent: Rect(0, 0 - 320, 0); boundsInScreen: Rect(0, 640 - 320, 640); boundsInWindow: Rect(0, 640 - 320, 640); packageName: com.google.android.inputmethod.latin; className: android.widget.FrameLayout; text: null; error: null; maxTextLength: -1; stateDescription: null; contentDescription: null; tooltipText: null; containerTitle: null; viewIdResName: null; uniqueId: null; checkable: false; checked: false; focusable: false; focused: false; selected: false; clickable: false; longClickable: false; contextClickable: false; enabled: true; password: false; scrollable: false; importantForAccessibility: false; visible: false; actions: [AccessibilityAction: ACTION_SELECT - null, AccessibilityAction: ACTION_CLEAR_SELECTION - null, AccessibilityAction: ACTION_ACCESSIBILITY_FOCUS - null, AccessibilityAction: ACTION_SHOW_ON_SCREEN - null]; isTextSelectable: false
06-23 15:47:34.261  7394  7468 D Maestro : View hierarchy received in 61 ms
--------- beginning of system
06-23 15:47:34.313   521  2020 D WindowManager: captureDisplay
06-23 15:47:34.363   337   369 I netd    : tetherGetStats() -> {[]} <1.30ms>
06-23 15:47:34.366   337   369 I netd    : bandwidthSetGlobalAlert(2097152) <0.08ms>
06-23 15:47:34.577  7563  7583 D EGL_emulation: app_time_stats: avg=500.72ms min=499.77ms max=502.57ms count=3
06-23 15:47:35.093   521   550 I ActivityManager: Force stopping dev.mobile.maestro appid=10199 user=-1: deletePackageX
06-23 15:47:35.093   521   550 E libprocessgroup: No such cgroup attribute: /sys/fs/cgroup/uid_4294877495/cgroup.freeze
06-23 15:47:35.094   521   550 W libprocessgroup: Failed to apply Frozen process profile: No such file or directory
06-23 15:47:35.094   521   550 I ActivityManager: Killing 7394:dev.mobile.maestro/u0a199 (adj 0): stop dev.mobile.maestro due to deletePackageX
06-23 15:47:35.094   521   550 W ActivityManager: Crash of app dev.mobile.maestro running instrumentation ComponentInfo{dev.mobile.maestro.test/androidx.test.runner.AndroidJUnitRunner}
06-23 15:47:35.097   521   550 I ActivityManager: Force stopping dev.mobile.maestro appid=10199 user=0: finished inst
06-23 15:47:35.099   521   541 D DisplayManagerService: Drop pending events for gone uid 10199
06-23 15:47:35.102   521   550 D OomAdjuster: Not killing cached processes
06-23 15:47:35.104  7382  7382 I app_process: System.exit called, status: 0
06-23 15:47:35.104  7382  7382 I AndroidRuntime: VM exiting with result code 0.
--------- beginning of kernel
06-23 15:47:35.310     0     0 I init    : Untracked pid 7382 exited with status 0
06-23 15:47:35.311     0     0 I init    : Untracked pid 7382 did not have an associated service entry and will not be reaped
06-23 15:47:35.324     0     0 I binder_alloc: 7394: binder_alloc_buf, no vma
06-23 15:47:35.325     0     0 I binder  : cannot allocate buffer: vma cleared, target dead or dying
06-23 15:47:35.325     0     0 I binder  : 521:2553 transaction async to 7394:0 failed 876251/29189/-3, size 192-0 line 3406
06-23 15:47:35.134   521  2553 E IPCThreadState: Binder transaction failure: 876251/29189/-3
06-23 15:47:35.144   338   338 I Zygote  : Process 7394 exited due to signal 9 (Killed)
06-23 15:47:35.152   521  2553 W WindowMagnificationMgr: requestConnection duplicated request: connect=false, mConnectionState=DISCONNECTED
06-23 15:47:35.152   521   550 E libprocessgroup: No such cgroup attribute: /sys/fs/cgroup/uid_4294877495/cgroup.freeze
06-23 15:47:35.152   521   550 W libprocessgroup: Failed to apply Unfrozen process profile: No such file or directory
06-23 15:47:35.152   521  2553 V UiAutomationManager: UiAutomation service owner died
06-23 15:47:35.155   521  2118 V ActivityManager: Got obituary of 7394:dev.mobile.maestro
06-23 15:47:35.158   521   550 E IPCThreadState: Binder transaction failure: 876268/29189/-22
06-23 15:47:35.158   521   550 W ActivityManager: Error shutting down UiAutomationConnection
06-23 15:47:35.159   521   521 D BatterySaverPolicy: accessibility changed to false, updating policy.
06-23 15:47:35.346     0     0 I binder  : 550:521 cannot find target node
06-23 15:47:35.347     0     0 I binder  : 521:550 transaction async to 0:0 failed 876268/29189/-22, size 88-0 line 3210
06-23 15:47:35.161  1775  2190 I A       : NGA enabled in interactor.
06-23 15:47:35.161  1775  2190 I A       : Nga state changed to NgaStateDetails{state=ENABLED, isSpecialExperience=false}
06-23 15:47:35.163  1640  2564 I AiAiEcho: Settings changed for uri: content://settings/secure/accessibility_enabled
06-23 15:47:35.165  1647  4953 I A       : Initializing all components
06-23 15:47:35.165  1640  1882 I AiAiEcho: Predicting[0]: 
06-23 15:47:35.165  1640  1882 I AiAiEcho: EchoTargets: 
06-23 15:47:35.165  1640  1882 I AiAiEcho: Filtered by AiAi flag check: 
06-23 15:47:35.165  1640  1882 I AiAiEcho: Ranked targets strategy: SORT, count: 0, ranking metadata: 
06-23 15:47:35.165  1640  1882 I AiAiEcho: Predicting[0]: 
06-23 15:47:35.165  1640  1882 I AiAiEcho: EchoTargets: 
06-23 15:47:35.165  1640  1882 I AiAiEcho: Filtered by AiAi flag check: 
06-23 15:47:35.165  1640  1882 I AiAiEcho: Ranked targets strategy: SORT, count: 0, ranking metadata: 
06-23 15:47:35.166  1647  2275 I A       : onIsEnabledChanged, isEnabled: false
06-23 15:47:35.166  1647  2275 W A       : Disposing empty manager. Did you forgot to subscribe observables?
06-23 15:47:35.166  1647  2275 W A       : Disposing empty manager. Did you forgot to subscribe observables?
06-23 15:47:35.166  1647  2275 W A       : Disposing empty manager. Did you forgot to subscribe observables?
06-23 15:47:35.166  1647  2275 W A       : Disposing empty manager. Did you forgot to subscribe observables?
06-23 15:47:35.166  1647  4953 I A       : APA or Classic session decision: SessionDecision(sessionVariance=CLASSIC, platformVariance=CLASSIC, justification=CURRENT_PLATFORM_VARIANCE).
06-23 15:47:35.166  1647  2275 W A       : Disposing empty manager. Did you forgot to subscribe observables?
06-23 15:47:35.166  1647  2275 W A       : Disposing empty manager. Did you forgot to subscribe observables?
06-23 15:47:35.166  1647  2275 W A       : Disposing empty manager. Did you forgot to subscribe observables?
06-23 15:47:35.166  1647  4953 I A       : [Memory] eligibility: StashEligibility{6}
06-23 15:47:35.166  1647  2275 W A       : Disposing empty manager. Did you forgot to subscribe observables?
06-23 15:47:35.166  1647  2275 W A       : Disposing empty manager. Did you forgot to subscribe observables?
06-23 15:47:35.166  1647  2275 W A       : Disposing empty manager. Did you forgot to subscribe observables?
06-23 15:47:35.166  1647  2275 I A       : onOpaVisibilityChanged: false
06-23 15:47:35.166  1647  2275 W A       : Disposing empty manager. Did you forgot to subscribe observables?
06-23 15:47:35.166  1647  2275 W A       : Disposing empty manager. Did you forgot to subscribe observables?
06-23 15:47:35.166  1647  2275 W A       : Disposing empty manager. Did you forgot to subscribe observables?
06-23 15:47:35.166  1647  2275 W A       : Disposing empty manager. Did you forgot to subscribe observables?
06-23 15:47:35.166  1647  2275 W A       : Disposing empty manager. Did you forgot to subscribe observables?
06-23 15:47:35.166  1647  2275 W A       : Disposing empty manager. Did you forgot to subscribe observables?
06-23 15:47:35.166  1647  2275 I A       : Setting session to type: NO_SESSION
06-23 15:47:35.166  1647  2275 W A       : Disposing empty manager. Did you forgot to subscribe observables?
06-23 15:47:35.166  1647  2275 W A       : Disposing empty manager. Did you forgot to subscribe observables?
06-23 15:47:35.166  1647  2275 W A       : Disposing empty manager. Did you forgot to subscribe observables?
06-23 15:47:35.166  1647  2275 W A       : Disposing empty manager. Did you forgot to subscribe observables?
06-23 15:47:35.166  1647  2275 W A       : Disposing empty manager. Did you forgot to subscribe observables?
06-23 15:47:35.166  1647  2275 W A       : Disposing empty manager. Did you forgot to subscribe observables?
06-23 15:47:35.166  1647  2275 W A       : Disposing empty manager. Did you forgot to subscribe observables?
06-23 15:47:35.166  1647  2275 W A       : Disposing empty manager. Did you forgot to subscribe observables?
06-23 15:47:35.166  1647  2275 I A       : setNavBarVisible: GestureNavBarVisible{navbarVisible=true}
06-23 15:47:35.166  1647  2275 W A       : Disposing empty manager. Did you forgot to subscribe observables?
06-23 15:47:35.166  1647  2275 W A       : Disposing empty manager. Did you forgot to subscribe observables?
06-23 15:47:35.166  1647  2275 W A       : Disposing empty manager. Did you forgot to subscribe observables?
06-23 15:47:35.166  1647  2275 W A       : Disposing empty manager. Did you forgot to subscribe observables?
06-23 15:47:35.167  1647  2275 W A       : Disposing empty manager. Did you forgot to subscribe observables?
06-23 15:47:35.167  1647  2275 W A       : Disposing empty manager. Did you forgot to subscribe observables?
06-23 15:47:35.167  1647  2275 I A       : onDisabled. Registered: false
06-23 15:47:35.169  1640  1882 I AiAiEcho: #postPredictionTargets: Sending updates to UISurface lockscreen with targets# 0 (types=[])
06-23 15:47:35.169  1640  1882 I AiAiEcho: #postPredictionTargets: Sending updates to UISurface home with targets# 0 (types=[])
06-23 15:47:35.170   837   837 W PageIndicator: Total number of pages invalid: 0. Assuming 1 page.
06-23 15:47:35.171  1647  2275 I A       : State changed: IDLE => IDLE by NGA_STATE_CHANGED and N/A with Optional.empty
06-23 15:47:35.171  1647  2275 I A       : Recognizer choice: (recognizer_type: 1, recognizer_mode: 1, choice_reason: 4)
06-23 15:47:35.171  1647  2275 I A       : onActiveStateChangeEvent: IDLE => IDLE
06-23 15:47:35.172  1647  2275 I A       : #onActiveStateChangeEvent, newState: IDLE, previousState: IDLE.
06-23 15:47:35.376     0     0 I logd    : start watching /data/system/packages.list ...
06-23 15:47:35.377     0     0 I logd    : ReadPackageList, total packages: 201
06-23 15:47:35.185   521  2118 D CompatibilityChangeReporter: Compat change id reported: 197654537; UID 10192; state: ENABLED
06-23 15:47:35.185   521   574 D PackageManager: Instant App installer not found with android.intent.action.INSTALL_INSTANT_APP_PACKAGE
06-23 15:47:35.185   521   574 D PackageManager: Clear ephemeral installer activity
06-23 15:47:35.188   521  3319 E TaskPersister: File error accessing recents directory (directory doesn't exist?).
06-23 15:47:35.190  1647  2275 I NgaEntryPointEventSendr: setupConnection
06-23 15:47:35.192  1647  2329 I A       : Initialize
06-23 15:47:35.192  1647  2329 I A       : stopListening(NGA_PAUSED_UNKNOWN_REASON, NGA_CREATE), idleOverride=NOT_LISTENING
06-23 15:47:35.194   521  2022 W ProcessStats: Tracking association SourceState{d0763ae com.google.android.googlequicksearchbox:interactor/10132 BFgs #14810} whose proc state 4 is better than process ProcessState{4115ead com.google.android.googlequicksearchbox:search/10132 pkg=com.google.android.googlequicksearchbox} proc state 6 (53 skipped)
06-23 15:47:35.195  1775  1775 I A       : Creating pss binder().
06-23 15:47:35.195  1647  2275 I NgaEntryPointEventSendr: State changed: Disconnected => Connecting
06-23 15:47:35.196  1647  2275 I NgaEntryPointEventSendr: onServiceConnected
06-23 15:47:35.196  1775  3725 I A       : Calling beginBinderSession().
06-23 15:47:35.196  1647  2329 I A       : on opa visibility changed false
06-23 15:47:35.196  1647  2329 I A       : on opa visibility changed false
06-23 15:47:35.199  1775  3725 I A       : beginBinderSession(): calling binder
06-23 15:47:35.199  1647  2275 I NgaEntryPointEventSendr: State changed: Connecting => Ready
06-23 15:47:35.202  1647  2329 I A       : Successfully initialized all components
06-23 15:47:35.207  1775  2238 W CorpusConfigHelper: Invalid input from icing corpus JSON flag.
06-23 15:47:35.207  1775  2238 W CorpusConfigHelper: android.util.MalformedJsonException: Use JsonReader.setLenient(true) to accept malformed JSON at line 123 column 2
06-23 15:47:35.207  1775  2238 W CorpusConfigHelper: 	at android.util.JsonReader.syntaxError(JsonReader.java:1162)
06-23 15:47:35.207  1775  2238 W CorpusConfigHelper: 	at android.util.JsonReader.checkLenient(JsonReader.java:840)
06-23 15:47:35.207  1775  2238 W CorpusConfigHelper: 	at android.util.JsonReader.nextInArray(JsonReader.java:615)
06-23 15:47:35.207  1775  2238 W CorpusConfigHelper: 	at android.util.JsonReader.peek(JsonReader.java:345)
06-23 15:47:35.207  1775  2238 W CorpusConfigHelper: 	at android.util.JsonReader.hasNext(JsonReader.java:321)
06-23 15:47:35.207  1775  2238 W CorpusConfigHelper: 	at com.google.android.apps.gsa.searchbox.c.b.b.k.c(PG:7)
06-23 15:47:35.207  1775  2238 W CorpusConfigHelper: 	at com.google.android.apps.gsa.searchbox.c.b.b.k.<init>(PG:5)
06-23 15:47:35.207  1775  2238 W CorpusConfigHelper: 	at com.google.android.apps.gsa.staticplugins.searchboxroot.features.n.a.c.<init>(PG:16)
06-23 15:47:35.207  1775  2238 W CorpusConfigHelper: 	at com.google.android.apps.gsa.staticplugins.searchboxroot.b.a(PG:14)
06-23 15:47:35.207  1775  2238 W CorpusConfigHelper: 	at com.google.android.apps.gsa.staticplugins.searchboxroot.x.<init>(PG:7)
06-23 15:47:35.207  1775  2238 W CorpusConfigHelper: 	at com.google.android.apps.gsa.binaries.velvet.app.akd.b(PG:15)
06-23 15:47:35.207  1775  2238 W CorpusConfigHelper: 	at dagger.a.e.b(PG:1)
06-23 15:47:35.207  1775  2238 W CorpusConfigHelper: 	at com.google.android.apps.gsa.staticplugins.searchboxroot.a.a.a(PG:3)
06-23 15:47:35.207  1775  2238 W CorpusConfigHelper: 	at com.google.android.apps.gsa.binaries.velvet.app.ok.f(Unknown Source:2541)
06-23 15:47:35.207  1775  2238 W CorpusConfigHelper: 	at com.google.android.apps.gsa.binaries.velvet.app.ok.b(PG:1)
06-23 15:47:35.207  1775  2238 W CorpusConfigHelper: 	at com.google.android.apps.gsa.search.core.service.g.a.c.a(PG:2)
06-23 15:47:35.207  1775  2238 W CorpusConfigHelper: 	at com.google.android.libraries.gsa.k.a.f.a(PG:2)
06-23 15:47:35.207  1775  2238 W CorpusConfigHelper: 	at com.google.common.util.concurrent.dx.a(PG:1)
06-23 15:47:35.207  1775  2238 W CorpusConfigHelper: 	at com.google.common.util.concurrent.cv.run(PG:4)
06-23 15:47:35.207  1775  2238 W CorpusConfigHelper: 	at com.google.common.util.concurrent.dz.run(PG:1)
06-23 15:47:35.207  1775  2238 W CorpusConfigHelper: 	at com.google.android.libraries.i.ae.run(PG:1)
06-23 15:47:35.207  1775  2238 W CorpusConfigHelper: 	at java.util.concurrent.ThreadPoolExecutor.runWorker(ThreadPoolExecutor.java:1145)
06-23 15:47:35.207  1775  2238 W CorpusConfigHelper: 	at java.util.concurrent.ThreadPoolExecutor$Worker.run(ThreadPoolExecutor.java:644)
06-23 15:47:35.207  1775  2238 W CorpusConfigHelper: 	at com.google.android.libraries.i.k.run(PG:2)
06-23 15:47:35.207  1775  2238 W CorpusConfigHelper: 	at com.google.android.libraries.i.p.run(PG:4)
06-23 15:47:35.207  1775  2238 W CorpusConfigHelper: 	at java.lang.Thread.run(Thread.java:1012)
06-23 15:47:35.210   521  2118 W ActivityManager: Unable to start service Intent { cmp=com.google.android.apps.tachyon/.clientapi.ClientApiService } U=0: not found
06-23 15:47:35.211  1775  2571 W A       : UiCallbackStub-onGenericEvent[ServiceEvent = 60] task was not run. Callback from Service received after client was disposed.
06-23 15:47:35.211  1775  2571 W A       : UiCallbackStub-onGenericEvent[ServiceEvent = 60] task was not run. Callback from Service received after client was disposed.
06-23 15:47:35.211  1775  2571 W A       : UiCallbackStub-onGenericEvent[ServiceEvent = 42] task was not run. Callback from Service received after client was disposed.
06-23 15:47:35.212  1647  2329 I NgaEntryPointEventSendr: State changed: Ready => Disconnected (onOpaDisconnected)
06-23 15:47:35.217  1775  2571 W A       : UiCallbackStub-onGenericEvent[ServiceEvent = 67] task was not run. Callback from Service received after client was disposed.
06-23 15:47:35.219  5712  5828 I Icing   : IndexChimeraService.getServiceInterface callingPackage=com.google.android.googlequicksearchbox componentName=null serviceId=36
06-23 15:47:35.220   521   574 I ActivityManager: Force stopping dev.mobile.maestro appid=10199 user=0: pkg removed
06-23 15:47:35.220  1775  2571 W A       : UiCallbackStub-onGenericEvent[ServiceEvent = 60] task was not run. Callback from Service received after client was disposed.
06-23 15:47:35.221  1775  2455 I PBSessionCacheImpl: Deleted sessionId[7808314786610622] from persistence.
06-23 15:47:35.223  1775  2571 W SearchServiceCore: Abort, client detached.
06-23 15:47:35.225  1775  2571 I MicroDetectionState: Should stop hotword detection immediately - true
06-23 15:47:35.225  1775  2571 I A       : Using proto config with mendel
06-23 15:47:35.226  1775  2571 I A       : Using proto config with mendel
06-23 15:47:35.239  4177  4177 V MediaPlayerList: mPackageChangedBroadcastReceiver: action: android.intent.action.PACKAGE_REMOVED
06-23 15:47:35.239  4177  4177 V MediaPlayerList: mPackageChangedBroadcastReceiver: action: android.intent.action.PACKAGE_REMOVED
06-23 15:47:35.240  1050  1050 D CarrierSvcBindHelper: onPackageRemoved: dev.mobile.maestro
06-23 15:47:35.250  1050  1050 D CarrierSvcBindHelper: No carrier app for: 0
06-23 15:47:35.251  5712  5712 D BoundBrokerSvc: onBind: Intent { act=com.google.android.gms.feedback.internal.IFeedbackService dat=chimera-action:/... cmp=com.google.android.gms/.chimera.GmsBoundBrokerService }
06-23 15:47:35.251  5712  5712 D BoundBrokerSvc: Loading bound service for intent: Intent { act=com.google.android.gms.feedback.internal.IFeedbackService dat=chimera-action:/... cmp=com.google.android.gms/.chimera.GmsBoundBrokerService }
06-23 15:47:35.252  1666  1666 W MediaProvider: WorkProfileOwnerApps cache is empty
06-23 15:47:35.254   521   550 D ActivityManager: sync unfroze 2737 com.android.chrome for 3
06-23 15:47:35.270  1666  2215 I MediaProvider: Begin Intent { act=android.intent.action.PACKAGE_FULLY_REMOVED dat=package: flg=0x5000010 cmp=com.google.android.providers.media.module/com.android.providers.media.MediaService (has extras) }
06-23 15:47:35.271  1666  2215 D MediaProvider: Deleted 0 Android/media items belonging to dev.mobile.maestro on /data/user/0/com.google.android.providers.media.module/databases/external.db
06-23 15:47:35.273   837   837 D ControlsListingControllerImpl: ServiceConfig reloaded, count: 0
06-23 15:47:35.274   521   550 D ActivityManager: sync unfroze 2944 com.google.android.documentsui for 3
06-23 15:47:35.282  1666  2215 D MediaGrants: Removed 0 media_grants for 0 user for dev.mobile.maestro. Reason: Package orphaned
06-23 15:47:35.283  1666  2215 I MediaProvider: End Intent { act=android.intent.action.PACKAGE_FULLY_REMOVED dat=package: flg=0x5000010 cmp=com.google.android.providers.media.module/com.android.providers.media.MediaService (has extras) }
06-23 15:47:35.289   521  2553 D CompatibilityChangeReporter: Compat change id reported: 161252188; UID 10192; state: DISABLED
06-23 15:47:35.291  5712  6996 I Icing   : Usage reports ok 1, Failed Usage reports 0, indexed 0, rejected 0
06-23 15:47:35.296   521   632 V StorageManagerService: Package dev.mobile.maestro does not have legacy storage
06-23 15:47:35.299   521   757 W WifiService: Couldn't get PackageInfo for package:dev.mobile.maestro
06-23 15:47:35.299   521   757 D WifiService: Remove settings for package:dev.mobile.maestro
06-23 15:47:35.299   521   757 D WifiConfigManager: Remove all networks for app ApplicationInfo{d674b92 dev.mobile.maestro}
06-23 15:47:35.299   521   770 E AppOps  : attributionTag VCN not declared in manifest of android
06-23 15:47:35.300   521   606 I RollbackManager: broadcast=ACTION_PACKAGE_FULLY_REMOVED pkg=dev.mobile.maestro
06-23 15:47:35.302   521   623 I InputReader: Reconfiguring input devices, changes=KEYBOARD_LAYOUTS
06-23 15:47:35.311   837   916 D StylusManager: Stylus InputDevice changed: 13 virtio_input_multi_touch_10
06-23 15:47:35.313   521   757 D WifiConfigStore: Writing to stores completed in 13 ms.
06-23 15:47:35.313   521   757 I PasspointManager: No app ops listener found for dev.mobile.maestro
06-23 15:47:35.313   837   916 D StylusManager: Stylus InputDevice changed: 12 virtio_input_multi_touch_9
06-23 15:47:35.326   521   757 W WifiService: Couldn't get PackageInfo for package:dev.mobile.maestro
06-23 15:47:35.326   521   757 D WifiService: Remove settings for package:dev.mobile.maestro
06-23 15:47:35.326   521   757 D WifiConfigManager: Remove all networks for app ApplicationInfo{2502a54 dev.mobile.maestro}
06-23 15:47:35.327   837   916 D StylusManager: Stylus InputDevice changed: 5 virtio_input_multi_touch_2
06-23 15:47:35.327   521   549 W WindowMagnificationMgr: requestConnection duplicated request: connect=false, mConnectionState=DISCONNECTED
06-23 15:47:35.329   837   916 D StylusManager: Stylus InputDevice changed: 11 virtio_input_multi_touch_8
06-23 15:47:35.330   521   757 D WifiConfigStore: Writing to stores completed in 2 ms.
06-23 15:47:35.330   521   757 I PasspointManager: No app ops listener found for dev.mobile.maestro
06-23 15:47:35.537     0     0 I logd    : start watching /data/system/packages.list ...
06-23 15:47:35.538     0     0 I logd    : ReadPackageList, total packages: 200
06-23 15:47:35.349   521   574 D PackageManager: Instant App installer not found with android.intent.action.INSTALL_INSTANT_APP_PACKAGE
06-23 15:47:35.349   521   574 D PackageManager: Clear ephemeral installer activity
06-23 15:47:35.349   521   550 D ActivityManager: sync unfroze 838 com.google.android.permissioncontroller for 3
06-23 15:47:35.350   521   550 I ActivityManager: Force stopping dev.mobile.maestro.test appid=10200 user=-1: deletePackageX
06-23 15:47:35.350   521   550 E libprocessgroup: No such cgroup attribute: /sys/fs/cgroup/uid_4294877496/cgroup.freeze
06-23 15:47:35.350   521   550 W libprocessgroup: Failed to apply Frozen process profile: No such file or directory
06-23 15:47:35.351   521   550 E libprocessgroup: No such cgroup attribute: /sys/fs/cgroup/uid_4294877496/cgroup.freeze
06-23 15:47:35.351   521   550 W libprocessgroup: Failed to apply Unfrozen process profile: No such file or directory
06-23 15:47:35.353   521  3319 E TaskPersister: File error accessing recents directory (directory doesn't exist?).
06-23 15:47:35.354   521   521 D ActivityManager: sync unfroze 1944 com.android.keychain for 10
06-23 15:47:35.354   521   521 D ActivityManager: sync unfroze 1052 com.android.settings for 10
06-23 15:47:35.354   521   521 D ActivityManager: sync unfroze 3564 com.android.dynsystem:dynsystem for 10
06-23 15:47:35.354   521   521 D ActivityManager: sync unfroze 3522 com.android.dynsystem for 10
06-23 15:47:35.355   521   521 D ActivityManager: sync unfroze 2222 com.android.localtransport for 10
06-23 15:47:35.356   837   916 D StylusManager: Stylus InputDevice changed: 7 virtio_input_multi_touch_4
06-23 15:47:35.363   837   916 D StylusManager: Stylus InputDevice changed: 9 virtio_input_multi_touch_6
06-23 15:47:35.365   521   612 I RoleService: Granting default roles...
06-23 15:47:35.365   837   916 D StylusManager: Stylus InputDevice changed: 8 virtio_input_multi_touch_5
06-23 15:47:35.367   521   574 I ActivityManager: Force stopping dev.mobile.maestro.test appid=10200 user=0: pkg removed
06-23 15:47:35.367   521   574 E libprocessgroup: No such cgroup attribute: /sys/fs/cgroup/uid_10200/cgroup.freeze
06-23 15:47:35.367   521   574 W libprocessgroup: Failed to apply Frozen process profile: No such file or directory
06-23 15:47:35.368   521   574 E libprocessgroup: No such cgroup attribute: /sys/fs/cgroup/uid_10200/cgroup.freeze
06-23 15:47:35.368   521   574 W libprocessgroup: Failed to apply Unfrozen process profile: No such file or directory
06-23 15:47:35.373   521  2553 D SafetySourceDataValidator: No cert check requested for package com.google.android.permissioncontroller
06-23 15:47:35.375   521   521 I Telecom : CarModeTracker: Package dev.mobile.maestro is not tracked.: SSH.oR@AYA🔒
06-23 15:47:35.375   521   521 I Telecom : InCallController: updateCarModeForConnections: car mode apps: : SSH.oR@AYA🔒
06-23 15:47:35.375   521   521 I Telecom : InCallController: update carmode current:UserHandle{0} parent:null: SSH.oR@AYA🔒
06-23 15:47:35.380   837   916 D StylusManager: Stylus InputDevice changed: 10 virtio_input_multi_touch_7
06-23 15:47:35.389   838   838 D PersistedStoragePackageUninstalledReceiver: Received android.intent.action.PACKAGE_FULLY_REMOVED for dev.mobile.maestro for u0
06-23 15:47:35.391  1050  1050 D CarrierSvcBindHelper: onPackageRemoved: dev.mobile.maestro.test
06-23 15:47:35.392  4177  4177 V MediaPlayerList: mPackageChangedBroadcastReceiver: action: android.intent.action.PACKAGE_REMOVED
06-23 15:47:35.392  1050  1050 D CarrierSvcBindHelper: No carrier app for: 0
06-23 15:47:35.392  4177  4177 V MediaPlayerList: mPackageChangedBroadcastReceiver: action: android.intent.action.PACKAGE_REMOVED
06-23 15:47:35.397  5712  5712 D BoundBrokerSvc: onBind: Intent { act=com.google.android.gms.common.BIND_SHARED_PREFS pkg=com.google.android.gms }
06-23 15:47:35.397  5712  5712 D BoundBrokerSvc: Loading bound service for intent: Intent { act=com.google.android.gms.common.BIND_SHARED_PREFS pkg=com.google.android.gms }
06-23 15:47:35.409  5712  5712 D BoundBrokerSvc: onUnbind: Intent { act=com.google.android.gms.common.BIND_SHARED_PREFS pkg=com.google.android.gms }
06-23 15:47:35.422   837   916 D StylusManager: Stylus InputDevice changed: 6 virtio_input_multi_touch_3
06-23 15:47:35.433   837   916 D StylusManager: Stylus InputDevice changed: 14 virtio_input_multi_touch_11
06-23 15:47:35.434   838  7712 E RoleControllerServiceImpl: Default/fallback role holder package doesn't qualify for the role, package: com.google.android.gms.supervision, role: android.app.role.SYSTEM_SUPERVISION
06-23 15:47:35.435   837   916 D StylusManager: Stylus InputDevice changed: 4 virtio_input_multi_touch_1
06-23 15:47:35.438   838  7712 I Role    : com.google.android.gms not qualified for android.app.role.SYSTEM_CALL_STREAMING due to missing RequiredComponent{mIntentFilterData=IntentFilterData{mAction='android.telecom.CallStreamingService', mCategories='[]', mDataScheme='null', mDataType='null'}, mMinTargetSdkVersion=1, mFlags='0', mPermission='android.permission.BIND_CALL_STREAMING_SERVICE', mQueryFlags=0, mMetaData=[]}
06-23 15:47:35.438   838  7712 E RoleControllerServiceImpl: Default/fallback role holder package doesn't qualify for the role, package: com.google.android.gms, role: android.app.role.SYSTEM_CALL_STREAMING
06-23 15:47:35.439  5712  5826 I Icing   : IndexChimeraService.getServiceInterface callingPackage=com.google.android.gms componentName=null serviceId=30
06-23 15:47:35.440   838  7712 W Role    : Default holder doesn't have required signing certificate: com.google.android.apps.work.clouddpc:23962F4B43B9857638EA66F4D419518EAE282491ACDA4B94707BD59003C45E58
06-23 15:47:35.445  1640  2564 I AiAiEcho: Settings changed for uri: content://settings/secure/accessibility_enabled
06-23 15:47:35.445  1640  1882 I AiAiEcho: Predicting[0]: 
06-23 15:47:35.445  1640  1882 I AiAiEcho: EchoTargets: 
06-23 15:47:35.445  1640  1882 I AiAiEcho: Filtered by AiAi flag check: 
06-23 15:47:35.445  1640  1882 I AiAiEcho: Ranked targets strategy: SORT, count: 0, ranking metadata: 
06-23 15:47:35.446  1640  1882 I AiAiEcho: Predicting[0]: 
06-23 15:47:35.446  1640  1882 I AiAiEcho: EchoTargets: 
06-23 15:47:35.446  1640  1882 I AiAiEcho: Filtered by AiAi flag check: 
06-23 15:47:35.446  1640  1882 I AiAiEcho: Ranked targets strategy: SORT, count: 0, ranking metadata: 
06-23 15:47:35.446  1640  1882 I AiAiEcho: #postPredictionTargets: Sending updates to UISurface lockscreen with targets# 0 (types=[])
06-23 15:47:35.447  1640  1882 I AiAiEcho: #postPredictionTargets: Sending updates to UISurface home with targets# 0 (types=[])
06-23 15:47:35.447   837   837 W PageIndicator: Total number of pages invalid: 0. Assuming 1 page.
06-23 15:47:35.449   521   521 I ConditionProviders: Disallowing condition provider dev.mobile.maestro (userSet: true)
06-23 15:47:35.455  5712  7715 I BlockstoreStorage: Clearing all the Blockstore Data for package dev.mobile.maestro [CONTEXT service_id=258 ]
06-23 15:47:35.456  5712  7715 I BlockstoreStorage: Clearing all the Blockstore Data for 1 packages [CONTEXT service_id=258 ]
06-23 15:47:35.458   521   550 D ActivityManager: sync unfroze 2094 android.process.media for 3
06-23 15:47:35.463  5671  7718 I ProximityAuth: [RecentAppsMediator] Package removed: (user=UserHandle{0}) dev.mobile.maestro
06-23 15:47:35.467   398  4592 D AF::TrackHandle: OpPlayAudio: track:55 usage:13 not muted
06-23 15:47:35.468   398  4592 D AF::TrackHandle: OpPlayAudio: track:55 usage:13 not muted
06-23 15:47:35.468   398  4592 D AF::TrackHandle: OpPlayAudio: track:55 usage:13 not muted
06-23 15:47:35.468   398  4592 D AF::TrackHandle: OpPlayAudio: track:55 usage:13 not muted
06-23 15:47:35.468   398  4592 D AF::TrackHandle: OpPlayAudio: track:55 usage:13 not muted
06-23 15:47:35.469   398  4592 D AF::TrackHandle: OpPlayAudio: track:55 usage:13 not muted
06-23 15:47:35.469   398  4592 D AF::TrackHandle: OpPlayAudio: track:55 usage:13 not muted
06-23 15:47:35.469   398  4592 D AF::TrackHandle: OpPlayAudio: track:55 usage:13 not muted
06-23 15:47:35.469   398  4592 D AF::TrackHandle: OpPlayAudio: track:55 usage:13 not muted
06-23 15:47:35.469   398  4592 D AF::TrackHandle: OpPlayAudio: track:55 usage:13 not muted
06-23 15:47:35.469   398  4592 D AF::TrackHandle: OpPlayAudio: track:55 usage:13 not muted
06-23 15:47:35.470   398  4592 D AF::TrackHandle: OpPlayAudio: track:55 usage:13 not muted
06-23 15:47:35.470   398  4592 D AF::TrackHandle: OpPlayAudio: track:55 usage:13 not muted
06-23 15:47:35.470   398  4592 D AF::TrackHandle: OpPlayAudio: track:55 usage:13 not muted
06-23 15:47:35.470   398  4592 D AF::TrackHandle: OpPlayAudio: track:55 usage:13 not muted
06-23 15:47:35.470   398  4592 D AF::TrackHandle: OpPlayAudio: track:55 usage:13 not muted
06-23 15:47:35.477  5712  6788 I ContentMaintenance: Internal cache bytes used: 0; limit: 100000000; download size: 0
06-23 15:47:35.496  5712  7711 W SQLiteLog: (28) double-quoted string literal: "dev.mobile.maestro"
06-23 15:47:35.501  1666  1666 W MediaProvider: WorkProfileOwnerApps cache is empty
06-23 15:47:35.502  5712  6996 I Icing   : Usage reports ok 0, Failed Usage reports 0, indexed 0, rejected 0
06-23 15:47:35.504  1666  2215 I MediaProvider: Begin Intent { act=android.intent.action.PACKAGE_FULLY_REMOVED dat=package: flg=0x5000010 cmp=com.google.android.providers.media.module/com.android.providers.media.MediaService (has extras) }
06-23 15:47:35.507  5712  6996 I Icing   : doRemovePackageData dev.mobile.maestro
06-23 15:47:35.508  5671  7727 I Fitness : FitCleanupIntentOperation received Intent android.intent.action.PACKAGE_REMOVED [CONTEXT service_id=17 ]
06-23 15:47:35.510   521   521 I ConditionProviders: Disallowing condition provider dev.mobile.maestro.test (userSet: true)
06-23 15:47:35.510   521   770 E AppOps  : attributionTag VCN not declared in manifest of android
06-23 15:47:35.506  1666  2215 D MediaProvider: Deleted 0 Android/media items belonging to dev.mobile.maestro.test on /data/user/0/com.google.android.providers.media.module/databases/external.db
06-23 15:47:35.513   521   757 W WifiService: Couldn't get PackageInfo for package:dev.mobile.maestro.test
06-23 15:47:35.513   521   757 D WifiService: Remove settings for package:dev.mobile.maestro.test
06-23 15:47:35.513   521   757 D WifiConfigManager: Remove all networks for app ApplicationInfo{5f5010e dev.mobile.maestro.test}
06-23 15:47:35.514   837   837 D ControlsListingControllerImpl: ServiceConfig reloaded, count: 0
06-23 15:47:35.515   398  1778 D AF::TrackHandle: OpPlayAudio: track:55 usage:13 not muted
06-23 15:47:35.515   398  1778 D AF::TrackHandle: OpPlayAudio: track:55 usage:13 not muted
06-23 15:47:35.517   521   757 D WifiConfigStore: Writing to stores completed in 3 ms.
06-23 15:47:35.517   521   757 I PasspointManager: No app ops listener found for dev.mobile.maestro.test
06-23 15:47:35.519   398  1778 D AF::TrackHandle: OpPlayAudio: track:55 usage:13 not muted
06-23 15:47:35.519   398  1778 D AF::TrackHandle: OpPlayAudio: track:55 usage:13 not muted
06-23 15:47:35.519   398  1778 D AF::TrackHandle: OpPlayAudio: track:55 usage:13 not muted
06-23 15:47:35.519   398  1778 D AF::TrackHandle: OpPlayAudio: track:55 usage:13 not muted
06-23 15:47:35.519   398  1778 D AF::TrackHandle: OpPlayAudio: track:55 usage:13 not muted
06-23 15:47:35.519   398  1778 D AF::TrackHandle: OpPlayAudio: track:55 usage:13 not muted
06-23 15:47:35.520   398  1778 D AF::TrackHandle: OpPlayAudio: track:55 usage:13 not muted
06-23 15:47:35.520   398  1778 D AF::TrackHandle: OpPlayAudio: track:55 usage:13 not muted
06-23 15:47:35.520   398  1778 D AF::TrackHandle: OpPlayAudio: track:55 usage:13 not muted
06-23 15:47:35.520   398  1778 D AF::TrackHandle: OpPlayAudio: track:55 usage:13 not muted
06-23 15:47:35.520   398  1778 D AF::TrackHandle: OpPlayAudio: track:55 usage:13 not muted
06-23 15:47:35.520   398  1778 D AF::TrackHandle: OpPlayAudio: track:55 usage:13 not muted
06-23 15:47:35.521   398  1778 D AF::TrackHandle: OpPlayAudio: track:55 usage:13 not muted
06-23 15:47:35.521   521   632 V StorageManagerService: Package dev.mobile.maestro.test does not have legacy storage
06-23 15:47:35.521   521   521 I Telecom : CarModeTracker: Package dev.mobile.maestro.test is not tracked.: SSH.oR@AYM🔒
06-23 15:47:35.522   521   521 I Telecom : InCallController: updateCarModeForConnections: car mode apps: : SSH.oR@AYM🔒
06-23 15:47:35.522   521   521 I Telecom : InCallController: update carmode current:UserHandle{0} parent:null: SSH.oR@AYM🔒
06-23 15:47:35.522   521   606 I RollbackManager: broadcast=ACTION_PACKAGE_FULLY_REMOVED pkg=dev.mobile.maestro.test
06-23 15:47:35.522   398  1778 D AF::TrackHandle: OpPlayAudio: track:55 usage:13 not muted
06-23 15:47:35.523   521   623 I InputReader: Reconfiguring input devices, changes=KEYBOARD_LAYOUTS
06-23 15:47:35.525   521   757 W WifiService: Couldn't get PackageInfo for package:dev.mobile.maestro.test
06-23 15:47:35.525   521   757 D WifiService: Remove settings for package:dev.mobile.maestro.test
06-23 15:47:35.525   521   757 D WifiConfigManager: Remove all networks for app ApplicationInfo{736fa1f dev.mobile.maestro.test}
06-23 15:47:35.529   521   757 D WifiConfigStore: Writing to stores completed in 3 ms.
06-23 15:47:35.529   521   757 I PasspointManager: No app ops listener found for dev.mobile.maestro.test
06-23 15:47:35.531   837   916 D StylusManager: Stylus InputDevice changed: 13 virtio_input_multi_touch_10
06-23 15:47:35.538   521  1593 D SafetySourceDataValidator: No cert check requested for package com.google.android.permissioncontroller
06-23 15:47:35.540  5712  6788 I RealtimeCacheCleanup: Beginning Realtime garbage collection.
06-23 15:47:35.541  5712  6788 I RealtimeCacheCleanup: Finished Realtime garbage collection.
06-23 15:47:35.547   521  1102 E AtomicFile: Failed to rename /data/system/cachequota.xml.new to /data/system/cachequota.xml
06-23 15:47:35.553   837   916 D StylusManager: Stylus InputDevice changed: 12 virtio_input_multi_touch_9
06-23 15:47:35.553   337   369 I netd    : tetherGetStats() -> {[]} <0.37ms>
06-23 15:47:35.554   837   916 D StylusManager: Stylus InputDevice changed: 5 virtio_input_multi_touch_2
06-23 15:47:35.555   837   916 D StylusManager: Stylus InputDevice changed: 11 virtio_input_multi_touch_8
06-23 15:47:35.557   837   916 D StylusManager: Stylus InputDevice changed: 7 virtio_input_multi_touch_4
06-23 15:47:35.557   837   916 D StylusManager: Stylus InputDevice changed: 9 virtio_input_multi_touch_6
06-23 15:47:35.558   837   916 D StylusManager: Stylus InputDevice changed: 8 virtio_input_multi_touch_5
06-23 15:47:35.563  1666  2215 D MediaGrants: Removed 0 media_grants for 0 user for dev.mobile.maestro.test. Reason: Package orphaned
06-23 15:47:35.563  1666  2215 I MediaProvider: End Intent { act=android.intent.action.PACKAGE_FULLY_REMOVED dat=package: flg=0x5000010 cmp=com.google.android.providers.media.module/com.android.providers.media.MediaService (has extras) }
06-23 15:47:35.566   521   530 I system_server: Background concurrent copying GC freed 253324(11MB) AllocSpace objects, 32(1024KB) LOS objects, 40% free, 35MB/59MB, paused 53us,40us total 377.857ms
06-23 15:47:35.568   838   838 D PersistedStoragePackageUninstalledReceiver: Received android.intent.action.PACKAGE_FULLY_REMOVED for dev.mobile.maestro.test for u0
06-23 15:47:35.568   837   916 D StylusManager: Stylus InputDevice changed: 10 virtio_input_multi_touch_7
06-23 15:47:35.568   837   916 D StylusManager: Stylus InputDevice changed: 6 virtio_input_multi_touch_3
