06-23 15:47:35.569   837   916 D StylusManager: Stylus InputDevice changed: 14 virtio_input_multi_touch_11
06-23 15:47:35.569   837   916 D StylusManager: Stylus InputDevice changed: 4 virtio_input_multi_touch_1
06-23 15:47:35.578  5712  5712 D BoundBrokerSvc: onBind: Intent { act=com.google.android.gms.common.BIND_SHARED_PREFS pkg=com.google.android.gms }
06-23 15:47:35.578  5712  5712 D BoundBrokerSvc: Loading bound service for intent: Intent { act=com.google.android.gms.common.BIND_SHARED_PREFS pkg=com.google.android.gms }
06-23 15:47:35.580  5712  5828 I Icing   : IndexChimeraService.getServiceInterface callingPackage=com.google.android.gms componentName=AppsCorpus serviceId=36
06-23 15:47:35.583  1112  1112 D Launcher.Model: package removed received dev.mobile.maestro
06-23 15:47:35.583  1112  1149 D PackageUpdatedTask: Removing app icondev.mobile.maestro
06-23 15:47:35.583  1640  1640 I AiAiEcho: AppFetcherImplV2 onPackageRemoved dev.mobile.maestro.
06-23 15:47:35.595  1112  1149 D ModelWriter: removing items from db . Reason: [removed because the corresponding package or component is removed. mOp=3 removedPackages=[dev.mobile.maestro] removedComponents=[]]
06-23 15:47:35.600  5712  5712 D BoundBrokerSvc: onUnbind: Intent { act=com.google.android.gms.common.BIND_SHARED_PREFS pkg=com.google.android.gms }
06-23 15:47:35.608  1640  2089 I AiAiEcho: EchoSearch: WidgetFetcherImpl is initialized with [28] widgets [reason=package removed for userId: 0]
06-23 15:47:35.608   337   369 I netd    : tetherGetStats() -> {[]} <0.33ms>
06-23 15:47:35.611  5671  7719 I ProximityAuth: [RecentAppsMediator] Package removed: (user=UserHandle{0}) dev.mobile.maestro.test
06-23 15:47:35.616   337   369 I netd    : bandwidthRemoveInterfaceQuota(eth0) <0.39ms>
06-23 15:47:35.617   337   369 I netd    : bandwidthSetInterfaceQuota(eth0, 9223372036854775807) <0.30ms>
06-23 15:47:35.626  5712  7714 I BlockstoreStorage: Clearing all the Blockstore Data for package dev.mobile.maestro.test [CONTEXT service_id=258 ]
06-23 15:47:35.627  5671  7716 I Fitness : FitCleanupIntentOperation received Intent android.intent.action.PACKAGE_REMOVED [CONTEXT service_id=17 ]
06-23 15:47:35.631  5712  7714 I BlockstoreStorage: Clearing all the Blockstore Data for 1 packages [CONTEXT service_id=258 ]
06-23 15:47:35.638  1640  1882 I AiAiEcho: [pnb-agg] Reload pnb aggregation on events deleted
06-23 15:47:35.638  1640  1882 I AiAiEcho: [pnb-agg] pnb aggregation disabled.
06-23 15:47:35.639  5712  6996 I Icing   : Usage reports ok 0, Failed Usage reports 0, indexed 0, rejected 0
06-23 15:47:35.641  5712  6996 I Icing   : doRemovePackageData dev.mobile.maestro.test
06-23 15:47:35.647  5712  7652 W SQLiteLog: (28) double-quoted string literal: "dev.mobile.maestro.test"
06-23 15:47:35.652   521   549 W WindowMagnificationMgr: requestConnection duplicated request: connect=false, mConnectionState=DISCONNECTED
06-23 15:47:35.663  1112  1112 D Launcher.Model: package removed received dev.mobile.maestro.test
06-23 15:47:35.664  1112  1149 D PackageUpdatedTask: Removing app icondev.mobile.maestro.test
06-23 15:47:35.664  1640  1640 I AiAiEcho: AppFetcherImplV2 onPackageRemoved dev.mobile.maestro.test.
06-23 15:47:35.668  1112  1149 D ModelWriter: removing items from db . Reason: [removed because the corresponding package or component is removed. mOp=3 removedPackages=[dev.mobile.maestro.test] removedComponents=[]]
06-23 15:47:35.672  1640  2089 I AiAiEcho: EchoSearch: WidgetFetcherImpl is initialized with [28] widgets [reason=package removed for userId: 0]
06-23 15:47:35.677  1640  1882 I AiAiEcho: [pnb-agg] Reload pnb aggregation on events deleted
06-23 15:47:35.677  1640  1882 I AiAiEcho: [pnb-agg] pnb aggregation disabled.
06-23 15:47:35.681  5712  7729 I Icing   : Indexing com.google.android.gms-apps from com.google.android.gms
06-23 15:47:35.682  5712  7729 I Icing   : Indexing done com.google.android.gms-apps
06-23 15:47:35.683  5712  7729 I Icing   : Indexing com.google.android.gms-apps from com.google.android.gms
06-23 15:47:35.683  5712  7729 I Icing   : Indexing done com.google.android.gms-apps
06-23 15:47:35.699  1564  1624 W AppInfoHelper: <DWB> Application not found: dev.mobile.maestro.test
06-23 15:47:35.699  1564  1624 W AppInfoHelper: android.content.pm.PackageManager$NameNotFoundException: dev.mobile.maestro.test
06-23 15:47:35.699  1564  1624 W AppInfoHelper: 	at android.app.ApplicationPackageManager.getApplicationInfoAsUser(ApplicationPackageManager.java:507)
06-23 15:47:35.699  1564  1624 W AppInfoHelper: 	at android.app.ApplicationPackageManager.getApplicationInfo(ApplicationPackageManager.java:490)
06-23 15:47:35.699  1564  1624 W AppInfoHelper: 	at android.app.ApplicationPackageManager.getApplicationInfo(ApplicationPackageManager.java:484)
06-23 15:47:35.699  1564  1624 W AppInfoHelper: 	at czo.e(PG:2)
06-23 15:47:35.699  1564  1624 W AppInfoHelper: 	at czo.f(PG:7)
06-23 15:47:35.699  1564  1624 W AppInfoHelper: 	at crm.f(PG:14)
06-23 15:47:35.699  1564  1624 W AppInfoHelper: 	at cdm.apply(PG:74)
06-23 15:47:35.699  1564  1624 W AppInfoHelper: 	at j$.util.stream.i.accept(SourceFile:27)
06-23 15:47:35.699  1564  1624 W AppInfoHelper: 	at j$.util.stream.P0.accept(SourceFile:3)
06-23 15:47:35.699  1564  1624 W AppInfoHelper: 	at j$.util.a.forEachRemaining(SourceFile:20)
06-23 15:47:35.699  1564  1624 W AppInfoHelper: 	at j$.util.stream.c.v(SourceFile:21)
06-23 15:47:35.699  1564  1624 W AppInfoHelper: 	at j$.util.stream.c.C(SourceFile:8)
06-23 15:47:35.699  1564  1624 W AppInfoHelper: 	at j$.util.stream.I0.e(SourceFile:1)
06-23 15:47:35.699  1564  1624 W AppInfoHelper: 	at j$.util.stream.c.F(SourceFile:35)
06-23 15:47:35.699  1564  1624 W AppInfoHelper: 	at j$.util.stream.g1.collect(SourceFile:83)
06-23 15:47:35.699  1564  1624 W AppInfoHelper: 	at bsv.a(PG:14)
06-23 15:47:35.699  1564  1624 W AppInfoHelper: 	at jza.a(PG:30)
06-23 15:47:35.699  1564  1624 W AppInfoHelper: 	at jza.a(PG:42)
06-23 15:47:35.699  1564  1624 W AppInfoHelper: 	at lne.a(PG:1)
06-23 15:47:35.699  1564  1624 W AppInfoHelper: 	at lmk.run(PG:4)
06-23 15:47:35.699  1564  1624 W AppInfoHelper: 	at lng.run(PG:1)
06-23 15:47:35.699  1564  1624 W AppInfoHelper: 	at llo.run(PG:3)
06-23 15:47:35.699  1564  1624 W AppInfoHelper: 	at idn.run(PG:5)
06-23 15:47:35.699  1564  1624 W AppInfoHelper: 	at java.util.concurrent.ThreadPoolExecutor.runWorker(ThreadPoolExecutor.java:1145)
06-23 15:47:35.699  1564  1624 W AppInfoHelper: 	at java.util.concurrent.ThreadPoolExecutor$Worker.run(ThreadPoolExecutor.java:644)
06-23 15:47:35.699  1564  1624 W AppInfoHelper: 	at huo.run(PG:51)
06-23 15:47:35.699  1564  1624 W AppInfoHelper: 	at java.lang.Thread.run(Thread.java:1012)
06-23 15:47:35.699  1564  1624 W AppInfoHelper: 	at idx.run(PG:5)
06-23 15:47:35.735  1647  1647 I GsaVoiceInteractionSrv: O received Intent { act=android.intent.action.PACKAGE_REMOVED dat=package: flg=0x4000010 (has extras) }
06-23 15:47:35.752  1647  1647 I GsaVoiceInteractionSrv: O received Intent { act=android.intent.action.PACKAGE_REMOVED dat=package: flg=0x4000010 (has extras) }
06-23 15:47:35.763  1775  2571 W SearchServiceCore: Abort, client detached.
06-23 15:47:35.811  7747  7747 W BpBinder: Linking to death on android.gui.ISurfaceComposer but there are no threads (yet?) listening to incoming transactions. See ProcessState::startThreadPool and ProcessState::setThreadPoolMaxThreadCount. Generally you should setup the binder threadpool before other initialization steps.
06-23 15:47:35.811  7747  7747 W ProcessState: Extra binder thread started, but 0 threads requested. Do not use *startThreadPool when zero threads are requested.
06-23 15:47:35.818   136   136 I hwservicemanager: getTransport: Cannot find entry android.hardware.graphics.mapper@4.0::IMapper/default in either framework or device VINTF manifest.
06-23 15:47:35.818  7747  7748 I Gralloc4: mapper 4.x is not supported
06-23 15:47:36.010     0     0 I servicemanager: Could not find android.hardware.graphics.allocator.IAllocator/default in the VINTF manifest.
06-23 15:47:35.863   837   837 D TileServices: Couldn't find tile for ComponentInfo{com.google.android.apps.wellbeing/com.google.android.apps.wellbeing.focusmode.quicksettings.FocusModeTileService}(0)
06-23 15:47:35.883   837   837 D TileServices: Couldn't find tile for ComponentInfo{com.google.android.apps.wellbeing/com.google.android.apps.wellbeing.focusmode.quicksettings.FocusModeTileService}(0)
06-23 15:47:35.959  7749  7749 D AndroidRuntime: >>>>>> START com.android.internal.os.RuntimeInit uid 2000 <<<<<<
06-23 15:47:35.963  7749  7749 I AndroidRuntime: Using default boot image
06-23 15:47:35.963  7749  7749 I AndroidRuntime: Leaving lock profiling enabled
06-23 15:47:35.965  7749  7749 I app_process: Core platform API reporting enabled, enforcing=false
06-23 15:47:35.966  7749  7749 I app_process: Using CollectorTypeCC GC.
06-23 15:47:36.074  7563  7583 D EGL_emulation: app_time_stats: avg=499.12ms min=497.20ms max=500.76ms count=3
06-23 15:47:36.086  7749  7749 D nativeloader: InitDefaultPublicLibraries for_preload=1: libandroid.so:libaaudio.so:libamidi.so:libbinder_ndk.so:libc.so:libcamera2ndk.so:libdl.so:libEGL.so:libGLESv1_CM.so:libGLESv2.so:libGLESv3.so:libicu.so:libicui18n.so:libicuuc.so:libjnigraphics.so:liblog.so:libmediandk.so:libm.so:libnativehelper.so:libnativewindow.so:libOpenMAXAL.so:libOpenSLES.so:libRS.so:libstdc++.so:libsync.so:libvulkan.so:libwebviewchromium_plat_support.so:libz.so
06-23 15:47:36.098  7749  7749 D app_process: Time zone APEX ICU file found: /apex/com.android.tzdata/etc/icu/icu_tzdata.dat
06-23 15:47:36.098  7749  7749 D app_process: I18n APEX ICU file found: /apex/com.android.i18n/etc/icu/icudt72l.dat
06-23 15:47:36.102  7749  7749 W app_process: Unexpected CPU variant for x86: x86_64.
06-23 15:47:36.102  7749  7749 W app_process: Known variants: atom, sandybridge, silvermont, goldmont, goldmont-plus, tremont, kabylake, default
06-23 15:47:36.104  7749  7749 W app_process: ClassLoaderContext shared library size mismatch. Expected=2, found=0 (PCL[]{PCL[/system/framework/android.test.base.jar*836642756]#PCL[/system/framework/android.test.mock.jar*3186112116]} | PCL[])
06-23 15:47:36.106  7749  7749 W app_process: ClassLoaderContext classpath size mismatch. expected=0, found=1 (PCL[]{PCL[/system/framework/android.test.runner.jar*4168958247]{PCL[/system/framework/android.test.base.jar*836642756]#PCL[/system/framework/android.test.mock.jar*3186112116]}#PCL[/system/framework/android.test.base.jar*836642756]} | PCL[/system/framework/android.test.runner.jar*4168958247])
06-23 15:47:36.120  7749  7749 W libc    : Access denied finding property "ro.product.name_for_attestation"
06-23 15:47:36.120  7749  7749 W libc    : Access denied finding property "ro.product.brand_for_attestation"
06-23 15:47:36.120  7749  7749 W libc    : Access denied finding property "ro.product.model_for_attestation"
06-23 15:47:36.122  7749  7749 D AndroidRuntime: Calling main entry com.android.commands.uiautomator.Launcher
06-23 15:47:36.125  7749  7749 D UiAutomationConnection: Created on user UserHandle{0}
06-23 15:47:36.125  7749  7749 I UiAutomation: Initialized for user 0 on display 0
06-23 15:47:36.125  7749  7749 W UiAutomation: Created with deprecatead constructor, assumes DEFAULT_DISPLAY
06-23 15:47:36.118  7749  7749 W main    : type=1400 audit(0.0:82): avc:  denied  { read } for  name="u:object_r:build_attestation_prop:s0" dev="tmpfs" ino=86 scontext=u:r:shell:s0 tcontext=u:object_r:build_attestation_prop:s0 tclass=file permissive=0
06-23 15:47:36.127   521  2553 D AccessibilityManagerService: changeCurrentUserForTestAutomationIfNeededLocked(0): ignoring because device doesn't support visible background users
06-23 15:47:36.127   521  2553 I UiAutomationManager: Registering UiTestAutomationService (id=com.android.server.accessibility/UiAutomation) when called by user 0
06-23 15:47:36.129   521  2553 W WindowMagnificationMgr: requestConnection duplicated request: connect=false, mConnectionState=DISCONNECTED
06-23 15:47:36.129  1640  2564 I AiAiEcho: Settings changed for uri: content://settings/secure/accessibility_enabled
06-23 15:47:36.130  1640  1882 I AiAiEcho: Predicting[0]: 
06-23 15:47:36.130  1640  1882 I AiAiEcho: EchoTargets: 
06-23 15:47:36.130  1640  1882 I AiAiEcho: Filtered by AiAi flag check: 
06-23 15:47:36.130  1640  1882 I AiAiEcho: Ranked targets strategy: SORT, count: 0, ranking metadata: 
06-23 15:47:36.130  1640  1882 I AiAiEcho: Predicting[0]: 
06-23 15:47:36.130  1640  1882 I AiAiEcho: EchoTargets: 
06-23 15:47:36.130  1640  1882 I AiAiEcho: Filtered by AiAi flag check: 
06-23 15:47:36.130  1640  1882 I AiAiEcho: Ranked targets strategy: SORT, count: 0, ranking metadata: 
06-23 15:47:36.118  7749  7749 W main    : type=1400 audit(0.0:83): avc:  denied  { read } for  name="u:object_r:build_attestation_prop:s0" dev="tmpfs" ino=86 scontext=u:r:shell:s0 tcontext=u:object_r:build_attestation_prop:s0 tclass=file permissive=0
06-23 15:47:36.118  7749  7749 W main    : type=1400 audit(0.0:84): avc:  denied  { read } for  name="u:object_r:build_attestation_prop:s0" dev="tmpfs" ino=86 scontext=u:r:shell:s0 tcontext=u:object_r:build_attestation_prop:s0 tclass=file permissive=0
06-23 15:47:36.136  1640  1882 I AiAiEcho: #postPredictionTargets: Sending updates to UISurface lockscreen with targets# 0 (types=[])
06-23 15:47:36.136  1775  2191 I A       : NGA disabled since it's running Panthera and at least one a11y feature is on.
06-23 15:47:36.136  1775  2191 I A       : Nga state changed to NgaStateDetails{state=DISABLED, isSpecialExperience=false}
06-23 15:47:36.136  1640  1882 I AiAiEcho: #postPredictionTargets: Sending updates to UISurface home with targets# 0 (types=[])
06-23 15:47:36.138  1647  2275 I A       : Unsubscribed to apa or classic variant change.
06-23 15:47:36.138   837   837 W PageIndicator: Total number of pages invalid: 0. Assuming 1 page.
06-23 15:47:36.138  1647  1717 I A       : APA or Classic session decision: SessionDecision(sessionVariance=CLASSIC, platformVariance=CLASSIC, justification=CURRENT_PLATFORM_VARIANCE).
06-23 15:47:36.139  7749  7763 V UiAutomation: Init UiAutomation@44e4f06[id=8, displayId=0, flags=0]
06-23 15:47:36.141   521   521 D BatterySaverPolicy: accessibility changed to true, updating policy.
06-23 15:47:36.141  1647  1717 I A       : [Memory] eligibility: StashEligibility{4}
06-23 15:47:36.142   521  1102 W WindowMagnificationMgr: requestConnection duplicated request: connect=false, mConnectionState=DISCONNECTED
06-23 15:47:36.143  1640  2663 I AiAiEcho: Settings changed for uri: content://settings/secure/accessibility_enabled
06-23 15:47:36.143  1640  1882 I AiAiEcho: Predicting[0]: 
06-23 15:47:36.143  1640  1882 I AiAiEcho: EchoTargets: 
06-23 15:47:36.143  1640  1882 I AiAiEcho: Filtered by AiAi flag check: 
06-23 15:47:36.144  1640  1882 I AiAiEcho: Ranked targets strategy: SORT, count: 0, ranking metadata: 
06-23 15:47:36.144  1640  1882 I AiAiEcho: Predicting[0]: 
06-23 15:47:36.144  1640  1882 I AiAiEcho: EchoTargets: 
06-23 15:47:36.144  1640  1882 I AiAiEcho: Filtered by AiAi flag check: 
06-23 15:47:36.144  1640  1882 I AiAiEcho: Ranked targets strategy: SORT, count: 0, ranking metadata: 
06-23 15:47:36.144  1640  1882 I AiAiEcho: #postPredictionTargets: Sending updates to UISurface lockscreen with targets# 0 (types=[])
06-23 15:47:36.144  1640  1882 I AiAiEcho: #postPredictionTargets: Sending updates to UISurface home with targets# 0 (types=[])
06-23 15:47:36.145   837   837 W PageIndicator: Total number of pages invalid: 0. Assuming 1 page.
06-23 15:47:36.147   521  1102 D SafetySourceDataValidator: No cert check requested for package com.google.android.permissioncontroller
06-23 15:47:36.393  7480  7482 I AidlLazyServiceRegistrar: Process has 0 (of 1 available) client(s) in use after notification artd has clients: 0
06-23 15:47:36.393  7480  7482 I AidlLazyServiceRegistrar: Trying to shut down the service. No clients in use for any service in process.
06-23 15:47:36.585     0     0 I servicemanager: Notifying artd they don't (previously: do) have clients when we now have no record of a client
06-23 15:47:36.587     0     0 I servicemanager: Unregistering artd
06-23 15:47:36.588     0     0 I BpBinder: onLastStrongRef automatically unlinking death recipients:
06-23 15:47:36.396  7480  7482 I AidlLazyServiceRegistrar: Unregistered all clients and exiting
06-23 15:47:36.591     0     0 I init    : Service 'artd' (pid 7480) exited with status 0 oneshot service took 43.664001 seconds in background
06-23 15:47:36.593     0     0 I init    : Sending signal 9 to service 'artd' (pid 7480) process group...
06-23 15:47:36.594     0     0 I libprocessgroup: Successfully killed process cgroup uid 1082 pid 7480 in 0ms
06-23 15:47:37.074  7563  7583 D EGL_emulation: app_time_stats: avg=500.05ms min=499.63ms max=500.47ms count=2
06-23 15:47:37.147  7749  7749 I AccessibilityNodeInfoDumper: Skipping invisible child: android.view.accessibility.AccessibilityNodeInfo@128bc; boundsInParent: Rect(0, 0 - 320, 0); boundsInScreen: Rect(0, 0 - 320, 0); boundsInWindow: Rect(0, 0 - 320, 0); packageName: com.hanapkalinga.mobile; className: android.widget.LinearLayout; text: null; error: null; maxTextLength: -1; stateDescription: null; contentDescription: null; tooltipText: null; containerTitle: null; viewIdResName: null; uniqueId: null; checkable: false; checked: false; focusable: false; focused: false; selected: false; clickable: false; longClickable: false; contextClickable: false; enabled: true; password: false; scrollable: false; importantForAccessibility: false; visible: false; actions: [AccessibilityAction: ACTION_SELECT - null, AccessibilityAction: ACTION_CLEAR_SELECTION - null, AccessibilityAction: ACTION_ACCESSIBILITY_FOCUS - null, AccessibilityAction: ACTION_SHOW_ON_SCREEN - null]; isTextSelectable: false
06-23 15:47:37.147  7749  7749 I AccessibilityNodeInfoDumper: Skipping invisible child: android.view.accessibility.AccessibilityNodeInfo@124fb; boundsInParent: Rect(0, 0 - 320, 0); boundsInScreen: Rect(0, 0 - 320, 0); boundsInWindow: Rect(0, 0 - 320, 0); packageName: com.hanapkalinga.mobile; className: android.view.ViewGroup; text: null; error: null; maxTextLength: -1; stateDescription: null; contentDescription: null; tooltipText: null; containerTitle: null; viewIdResName: null; uniqueId: null; checkable: false; checked: false; focusable: false; focused: false; selected: false; clickable: false; longClickable: false; contextClickable: false; enabled: true; password: false; scrollable: false; importantForAccessibility: false; visible: false; actions: [AccessibilityAction: ACTION_SELECT - null, AccessibilityAction: ACTION_CLEAR_SELECTION - null, AccessibilityAction: ACTION_ACCESSIBILITY_FOCUS - null, AccessibilityAction: ACTION_SHOW_ON_SCREEN - null]; isTextSelectable: false
06-23 15:47:37.147  7749  7749 I AccessibilityNodeInfoDumper: Skipping invisible child: android.view.accessibility.AccessibilityNodeInfo@191d8; boundsInParent: Rect(0, 0 - 320, 0); boundsInScreen: Rect(0, 0 - 320, 0); boundsInWindow: Rect(0, 0 - 320, 0); packageName: com.hanapkalinga.mobile; className: android.widget.LinearLayout; text: null; error: null; maxTextLength: -1; stateDescription: null; contentDescription: null; tooltipText: null; containerTitle: null; viewIdResName: null; uniqueId: null; checkable: false; checked: false; focusable: false; focused: false; selected: false; clickable: false; longClickable: false; contextClickable: false; enabled: true; password: false; scrollable: false; importantForAccessibility: false; visible: false; actions: [AccessibilityAction: ACTION_SELECT - null, AccessibilityAction: ACTION_CLEAR_SELECTION - null, AccessibilityAction: ACTION_ACCESSIBILITY_FOCUS - null, AccessibilityAction: ACTION_SHOW_ON_SCREEN - null]; isTextSelectable: false
06-23 15:47:37.148  7749  7749 I AccessibilityNodeInfoDumper: Skipping invisible child: android.view.accessibility.AccessibilityNodeInfo@18e17; boundsInParent: Rect(0, 0 - 320, 0); boundsInScreen: Rect(0, 0 - 320, 0); boundsInWindow: Rect(0, 0 - 320, 0); packageName: com.hanapkalinga.mobile; className: android.view.ViewGroup; text: null; error: null; maxTextLength: -1; stateDescription: null; contentDescription: null; tooltipText: null; containerTitle: null; viewIdResName: null; uniqueId: null; checkable: false; checked: false; focusable: false; focused: false; selected: false; clickable: false; longClickable: false; contextClickable: false; enabled: true; password: false; scrollable: false; importantForAccessibility: false; visible: false; actions: [AccessibilityAction: ACTION_SELECT - null, AccessibilityAction: ACTION_CLEAR_SELECTION - null, AccessibilityAction: ACTION_ACCESSIBILITY_FOCUS - null, AccessibilityAction: ACTION_SHOW_ON_SCREEN - null]; isTextSelectable: false
06-23 15:47:37.156  7749  7749 W AccessibilityNodeInfoDumper: Fetch time: 12ms
06-23 15:47:37.157   521  2553 W WindowMagnificationMgr: requestConnection duplicated request: connect=false, mConnectionState=DISCONNECTED
06-23 15:47:37.157   521  2553 D AccessibilityManagerService: restoreCurrentUserForTestAutomationIfNeededLocked(): ignoring because device doesn't support visible background users
06-23 15:47:37.158  1640  2663 I AiAiEcho: Settings changed for uri: content://settings/secure/accessibility_enabled
06-23 15:47:37.158  1640  1882 I AiAiEcho: Predicting[0]: 
06-23 15:47:37.158  1640  1882 I AiAiEcho: EchoTargets: 
06-23 15:47:37.158  1640  1882 I AiAiEcho: Filtered by AiAi flag check: 
06-23 15:47:37.158  1640  1882 I AiAiEcho: Ranked targets strategy: SORT, count: 0, ranking metadata: 
06-23 15:47:37.159  1640  1882 I AiAiEcho: Predicting[0]: 
06-23 15:47:37.159  1640  1882 I AiAiEcho: EchoTargets: 
06-23 15:47:37.159  1640  1882 I AiAiEcho: Filtered by AiAi flag check: 
06-23 15:47:37.159  1640  1882 I AiAiEcho: Ranked targets strategy: SORT, count: 0, ranking metadata: 
06-23 15:47:37.161   521   521 D BatterySaverPolicy: accessibility changed to false, updating policy.
06-23 15:47:37.161  1775  2190 I A       : NGA enabled in interactor.
06-23 15:47:37.162  1775  2190 I A       : Nga state changed to NgaStateDetails{state=ENABLED, isSpecialExperience=false}
06-23 15:47:37.162  1640  1882 I AiAiEcho: #postPredictionTargets: Sending updates to UISurface lockscreen with targets# 0 (types=[])
06-23 15:47:37.162  1640  1882 I AiAiEcho: #postPredictionTargets: Sending updates to UISurface home with targets# 0 (types=[])
06-23 15:47:37.164  1647  4990 I A       : Initializing all components
06-23 15:47:37.164  1647  4990 I A       : APA or Classic session decision: SessionDecision(sessionVariance=CLASSIC, platformVariance=CLASSIC, justification=CURRENT_PLATFORM_VARIANCE).
06-23 15:47:37.164  1647  4990 I A       : [Memory] eligibility: StashEligibility{6}
06-23 15:47:37.165  1647  2275 I A       : onIsEnabledChanged, isEnabled: false
06-23 15:47:37.165  1647  2275 W A       : Disposing empty manager. Did you forgot to subscribe observables?
06-23 15:47:37.165   837   837 W PageIndicator: Total number of pages invalid: 0. Assuming 1 page.
06-23 15:47:37.165  1647  2275 W A       : Disposing empty manager. Did you forgot to subscribe observables?
06-23 15:47:37.166  1647  2329 I A       : on opa visibility changed false
06-23 15:47:37.166  1647  2275 W A       : Disposing empty manager. Did you forgot to subscribe observables?
06-23 15:47:37.166  1647  2275 W A       : Disposing empty manager. Did you forgot to subscribe observables?
06-23 15:47:37.166  1647  2329 I A       : on opa visibility changed false
06-23 15:47:37.166  1647  2275 W A       : Disposing empty manager. Did you forgot to subscribe observables?
06-23 15:47:37.166  1647  2275 W A       : Disposing empty manager. Did you forgot to subscribe observables?
06-23 15:47:37.167  1647  2275 W A       : Disposing empty manager. Did you forgot to subscribe observables?
06-23 15:47:37.167  1647  2275 W A       : Disposing empty manager. Did you forgot to subscribe observables?
06-23 15:47:37.167  1647  2275 W A       : Disposing empty manager. Did you forgot to subscribe observables?
06-23 15:47:37.167  1647  2275 W A       : Disposing empty manager. Did you forgot to subscribe observables?
06-23 15:47:37.167  1647  2275 I A       : onOpaVisibilityChanged: false
06-23 15:47:37.167  1647  2275 W A       : Disposing empty manager. Did you forgot to subscribe observables?
06-23 15:47:37.167  1647  2275 W A       : Disposing empty manager. Did you forgot to subscribe observables?
06-23 15:47:37.167  1647  2275 W A       : Disposing empty manager. Did you forgot to subscribe observables?
06-23 15:47:37.167  1647  2275 W A       : Disposing empty manager. Did you forgot to subscribe observables?
06-23 15:47:37.167  1647  2275 W A       : Disposing empty manager. Did you forgot to subscribe observables?
06-23 15:47:37.167  1647  2275 W A       : Disposing empty manager. Did you forgot to subscribe observables?
06-23 15:47:37.167  1647  2275 I A       : Setting session to type: NO_SESSION
06-23 15:47:37.167  1647  2275 W A       : Disposing empty manager. Did you forgot to subscribe observables?
06-23 15:47:37.168  1647  2275 W A       : Disposing empty manager. Did you forgot to subscribe observables?
06-23 15:47:37.168  1647  2275 W A       : Disposing empty manager. Did you forgot to subscribe observables?
06-23 15:47:37.168  1647  2275 W A       : Disposing empty manager. Did you forgot to subscribe observables?
06-23 15:47:37.168  1647  2275 W A       : Disposing empty manager. Did you forgot to subscribe observables?
06-23 15:47:37.168  1647  2275 W A       : Disposing empty manager. Did you forgot to subscribe observables?
06-23 15:47:37.168  1647  2275 W A       : Disposing empty manager. Did you forgot to subscribe observables?
06-23 15:47:37.168  1647  2275 W A       : Disposing empty manager. Did you forgot to subscribe observables?
06-23 15:47:37.168  1647  2275 I A       : setNavBarVisible: GestureNavBarVisible{navbarVisible=true}
06-23 15:47:37.168  1647  2275 W A       : Disposing empty manager. Did you forgot to subscribe observables?
06-23 15:47:37.168  1647  2275 W A       : Disposing empty manager. Did you forgot to subscribe observables?
06-23 15:47:37.168  1647  2275 W A       : Disposing empty manager. Did you forgot to subscribe observables?
06-23 15:47:37.168  1647  2275 W A       : Disposing empty manager. Did you forgot to subscribe observables?
06-23 15:47:37.168  1647  2275 W A       : Disposing empty manager. Did you forgot to subscribe observables?
06-23 15:47:37.168  1647  2275 W A       : Disposing empty manager. Did you forgot to subscribe observables?
06-23 15:47:37.168  1647  2275 I A       : onDisabled. Registered: false
06-23 15:47:37.169  7749  7749 D AndroidRuntime: Shutting down VM
06-23 15:47:37.169  1647  2329 I A       : State changed: IDLE => IDLE by NGA_STATE_CHANGED and N/A with Optional.empty
06-23 15:47:37.169  1647  2329 I A       : Recognizer choice: (recognizer_type: 1, recognizer_mode: 1, choice_reason: 4)
06-23 15:47:37.170  1647  2329 I A       : onActiveStateChangeEvent: IDLE => IDLE
06-23 15:47:37.170  1647  2329 I A       : #onActiveStateChangeEvent, newState: IDLE, previousState: IDLE.
06-23 15:47:37.172  1647  2329 I A       : stopListening(NGA_PAUSED_UNKNOWN_REASON, NGA_CREATE), idleOverride=NOT_LISTENING
06-23 15:47:37.176  1647  2329 I NgaEntryPointEventSendr: setupConnection
06-23 15:47:37.176  1647  2275 I A       : Initialize
06-23 15:47:37.180  1647  2329 I NgaEntryPointEventSendr: State changed: Disconnected => Connecting
06-23 15:47:37.180  1775  1775 I A       : Creating pss binder().
06-23 15:47:37.183  1647  2329 I NgaEntryPointEventSendr: onServiceConnected
06-23 15:47:37.183  1775  3725 I A       : Calling beginBinderSession().
06-23 15:47:37.183  1775  3725 I A       : beginBinderSession(): calling binder
06-23 15:47:37.184  1647  2329 I NgaEntryPointEventSendr: State changed: Connecting => Ready
06-23 15:47:37.186   521   537 W ActivityManager: Unable to start service Intent { cmp=com.google.android.apps.tachyon/.clientapi.ClientApiService } U=0: not found
06-23 15:47:37.188  1647  2275 I A       : Successfully initialized all components
06-23 15:47:37.197  1647  2329 I NgaEntryPointEventSendr: State changed: Ready => Disconnected (onOpaDisconnected)
06-23 15:47:37.198  1775  2455 I PBSessionCacheImpl: Deleted sessionId[7808314786610625] from persistence.
06-23 15:47:37.198  1775  2571 W A       : UiCallbackStub-onGenericEvent[ServiceEvent = 60] task was not run. Callback from Service received after client was disposed.
06-23 15:47:37.199  1775  2571 W SearchServiceCore: Abort, client detached.
