06-23 15:50:06.210  5712  9010 W SQLiteLog: (28) double-quoted string literal: "dev.mobile.maestro"
06-23 15:50:06.211  5671  9023 I Fitness : FitCleanupIntentOperation received Intent android.intent.action.PACKAGE_REMOVED [CONTEXT service_id=17 ]
06-23 15:50:06.217  5712  9012 W SQLiteLog: (28) double-quoted string literal: "dev.mobile.maestro.test"
06-23 15:50:06.220  1112  1112 D Launcher.Model: package removed received dev.mobile.maestro.test
06-23 15:50:06.221  1640  1640 I AiAiEcho: AppFetcherImplV2 onPackageRemoved dev.mobile.maestro.test.
06-23 15:50:06.222  1640  1882 I AiAiEcho: [pnb-agg] Reload pnb aggregation on events deleted
06-23 15:50:06.222  1640  1882 I AiAiEcho: [pnb-agg] pnb aggregation disabled.
06-23 15:50:06.223  1112  1149 D PackageUpdatedTask: Removing app icondev.mobile.maestro.test
06-23 15:50:06.226  1112  1149 D ModelWriter: removing items from db . Reason: [removed because the corresponding package or component is removed. mOp=3 removedPackages=[dev.mobile.maestro.test] removedComponents=[]]
06-23 15:50:06.234  1640  2089 I AiAiEcho: EchoSearch: WidgetFetcherImpl is initialized with [28] widgets [reason=package removed for userId: 0]
06-23 15:50:06.239  5712  8159 I Icing   : Usage reports ok 0, Failed Usage reports 0, indexed 0, rejected 0
06-23 15:50:06.239  5712  8159 I Icing   : doRemovePackageData dev.mobile.maestro.test
06-23 15:50:06.241  1640  2089 I AiAiEcho: EchoSearch: WidgetFetcherImpl is initialized with [28] widgets [reason=package removed for userId: 0]
06-23 15:50:06.261  5712  8159 I Icing   : Indexing com.google.android.gms-apps from com.google.android.gms
06-23 15:50:06.264  5712  8159 I Icing   : Indexing done com.google.android.gms-apps
06-23 15:50:06.266  5712  8159 I Icing   : Indexing com.google.android.gms-apps from com.google.android.gms
06-23 15:50:06.267  5712  8159 I Icing   : Indexing done com.google.android.gms-apps
06-23 15:50:06.314  1647  1647 I GsaVoiceInteractionSrv: O received Intent { act=android.intent.action.PACKAGE_REMOVED dat=package: flg=0x4000010 (has extras) }
06-23 15:50:06.319  1647  1647 I GsaVoiceInteractionSrv: O received Intent { act=android.intent.action.PACKAGE_REMOVED dat=package: flg=0x4000010 (has extras) }
06-23 15:50:06.326  1775  2571 W SearchServiceCore: Abort, client detached.
06-23 15:50:06.416   837   837 D TileServices: Couldn't find tile for ComponentInfo{com.google.android.apps.wellbeing/com.google.android.apps.wellbeing.focusmode.quicksettings.FocusModeTileService}(0)
06-23 15:50:06.433   837   837 D TileServices: Couldn't find tile for ComponentInfo{com.google.android.apps.wellbeing/com.google.android.apps.wellbeing.focusmode.quicksettings.FocusModeTileService}(0)
06-23 15:50:06.481  9034  9034 W BpBinder: Linking to death on android.gui.ISurfaceComposer but there are no threads (yet?) listening to incoming transactions. See ProcessState::startThreadPool and ProcessState::setThreadPoolMaxThreadCount. Generally you should setup the binder threadpool before other initialization steps.
06-23 15:50:06.481  9034  9034 W ProcessState: Extra binder thread started, but 0 threads requested. Do not use *startThreadPool when zero threads are requested.
06-23 15:50:06.490   136   136 I hwservicemanager: getTransport: Cannot find entry android.hardware.graphics.mapper@4.0::IMapper/default in either framework or device VINTF manifest.
06-23 15:50:06.491  9034  9035 I Gralloc4: mapper 4.x is not supported
06-23 15:50:06.680     0     0 I servicemanager: Could not find android.hardware.graphics.allocator.IAllocator/default in the VINTF manifest.
06-23 15:50:06.624  8862  8882 D EGL_emulation: app_time_stats: avg=499.93ms min=499.70ms max=500.16ms count=2
06-23 15:50:06.651  9036  9036 D AndroidRuntime: >>>>>> START com.android.internal.os.RuntimeInit uid 2000 <<<<<<
06-23 15:50:06.655  9036  9036 I AndroidRuntime: Using default boot image
06-23 15:50:06.656  9036  9036 I AndroidRuntime: Leaving lock profiling enabled
06-23 15:50:06.657  9036  9036 I app_process: Core platform API reporting enabled, enforcing=false
06-23 15:50:06.657  9036  9036 I app_process: Using CollectorTypeCC GC.
06-23 15:50:06.762  9036  9036 D nativeloader: InitDefaultPublicLibraries for_preload=1: libandroid.so:libaaudio.so:libamidi.so:libbinder_ndk.so:libc.so:libcamera2ndk.so:libdl.so:libEGL.so:libGLESv1_CM.so:libGLESv2.so:libGLESv3.so:libicu.so:libicui18n.so:libicuuc.so:libjnigraphics.so:liblog.so:libmediandk.so:libm.so:libnativehelper.so:libnativewindow.so:libOpenMAXAL.so:libOpenSLES.so:libRS.so:libstdc++.so:libsync.so:libvulkan.so:libwebviewchromium_plat_support.so:libz.so
06-23 15:50:06.771  9036  9036 D app_process: Time zone APEX ICU file found: /apex/com.android.tzdata/etc/icu/icu_tzdata.dat
06-23 15:50:06.771  9036  9036 D app_process: I18n APEX ICU file found: /apex/com.android.i18n/etc/icu/icudt72l.dat
06-23 15:50:06.776  9036  9036 W app_process: Unexpected CPU variant for x86: x86_64.
06-23 15:50:06.776  9036  9036 W app_process: Known variants: atom, sandybridge, silvermont, goldmont, goldmont-plus, tremont, kabylake, default
06-23 15:50:06.779  9036  9036 W app_process: ClassLoaderContext shared library size mismatch. Expected=2, found=0 (PCL[]{PCL[/system/framework/android.test.base.jar*836642756]#PCL[/system/framework/android.test.mock.jar*3186112116]} | PCL[])
06-23 15:50:06.780  9036  9036 W app_process: ClassLoaderContext classpath size mismatch. expected=0, found=1 (PCL[]{PCL[/system/framework/android.test.runner.jar*4168958247]{PCL[/system/framework/android.test.base.jar*836642756]#PCL[/system/framework/android.test.mock.jar*3186112116]}#PCL[/system/framework/android.test.base.jar*836642756]} | PCL[/system/framework/android.test.runner.jar*4168958247])
06-23 15:50:06.795  9036  9036 W libc    : Access denied finding property "ro.product.name_for_attestation"
06-23 15:50:06.795  9036  9036 W libc    : Access denied finding property "ro.product.brand_for_attestation"
06-23 15:50:06.795  9036  9036 W libc    : Access denied finding property "ro.product.model_for_attestation"
06-23 15:50:06.796  9036  9036 D AndroidRuntime: Calling main entry com.android.commands.uiautomator.Launcher
06-23 15:50:06.798  9036  9036 D UiAutomationConnection: Created on user UserHandle{0}
06-23 15:50:06.798  9036  9036 I UiAutomation: Initialized for user 0 on display 0
06-23 15:50:06.798  9036  9036 W UiAutomation: Created with deprecatead constructor, assumes DEFAULT_DISPLAY
06-23 15:50:06.790  9036  9036 W main    : type=1400 audit(0.0:107): avc:  denied  { read } for  name="u:object_r:build_attestation_prop:s0" dev="tmpfs" ino=86 scontext=u:r:shell:s0 tcontext=u:object_r:build_attestation_prop:s0 tclass=file permissive=0
06-23 15:50:06.802   521  2549 D AccessibilityManagerService: changeCurrentUserForTestAutomationIfNeededLocked(0): ignoring because device doesn't support visible background users
06-23 15:50:06.802   521  2549 I UiAutomationManager: Registering UiTestAutomationService (id=com.android.server.accessibility/UiAutomation) when called by user 0
06-23 15:50:06.790  9036  9036 W main    : type=1400 audit(0.0:108): avc:  denied  { read } for  name="u:object_r:build_attestation_prop:s0" dev="tmpfs" ino=86 scontext=u:r:shell:s0 tcontext=u:object_r:build_attestation_prop:s0 tclass=file permissive=0
06-23 15:50:06.804   521  2549 W WindowMagnificationMgr: requestConnection duplicated request: connect=false, mConnectionState=DISCONNECTED
06-23 15:50:06.805   521   521 D BatterySaverPolicy: accessibility changed to true, updating policy.
06-23 15:50:06.790  9036  9036 W main    : type=1400 audit(0.0:109): avc:  denied  { read } for  name="u:object_r:build_attestation_prop:s0" dev="tmpfs" ino=86 scontext=u:r:shell:s0 tcontext=u:object_r:build_attestation_prop:s0 tclass=file permissive=0
06-23 15:50:06.806  1640  2564 I AiAiEcho: Settings changed for uri: content://settings/secure/accessibility_enabled
06-23 15:50:06.807  1640  1882 I AiAiEcho: Predicting[0]: 
06-23 15:50:06.807  1640  1882 I AiAiEcho: EchoTargets: 
06-23 15:50:06.807  1640  1882 I AiAiEcho: Filtered by AiAi flag check: 
06-23 15:50:06.807  1640  1882 I AiAiEcho: Ranked targets strategy: SORT, count: 0, ranking metadata: 
06-23 15:50:06.807  1640  1882 I AiAiEcho: Predicting[0]: 
06-23 15:50:06.807  1640  1882 I AiAiEcho: EchoTargets: 
06-23 15:50:06.807  1640  1882 I AiAiEcho: Filtered by AiAi flag check: 
06-23 15:50:06.807  1640  1882 I AiAiEcho: Ranked targets strategy: SORT, count: 0, ranking metadata: 
06-23 15:50:06.807  1640  1882 I AiAiEcho: #postPredictionTargets: Sending updates to UISurface lockscreen with targets# 0 (types=[])
06-23 15:50:06.808  1640  1882 I AiAiEcho: #postPredictionTargets: Sending updates to UISurface home with targets# 0 (types=[])
06-23 15:50:06.810  9036  9049 V UiAutomation: Init UiAutomation@23762f5[id=14, displayId=0, flags=0]
06-23 15:50:06.811   837   837 W PageIndicator: Total number of pages invalid: 0. Assuming 1 page.
06-23 15:50:06.812  1775  2190 I A       : NGA disabled since it's running Panthera and at least one a11y feature is on.
06-23 15:50:06.812  1775  2190 I A       : Nga state changed to NgaStateDetails{state=DISABLED, isSpecialExperience=false}
06-23 15:50:06.814  1647  1708 I A       : APA or Classic session decision: SessionDecision(sessionVariance=CLASSIC, platformVariance=CLASSIC, justification=CURRENT_PLATFORM_VARIANCE).
06-23 15:50:06.814  1647  1708 I A       : [Memory] eligibility: StashEligibility{4}
06-23 15:50:06.814  1647  2275 I A       : Unsubscribed to apa or classic variant change.
06-23 15:50:06.816  1640  2564 I AiAiEcho: Settings changed for uri: content://settings/secure/accessibility_enabled
06-23 15:50:06.817  1640  1882 I AiAiEcho: Predicting[0]: 
06-23 15:50:06.817  1640  1882 I AiAiEcho: EchoTargets: 
06-23 15:50:06.817  1640  1882 I AiAiEcho: Filtered by AiAi flag check: 
06-23 15:50:06.817  1640  1882 I AiAiEcho: Ranked targets strategy: SORT, count: 0, ranking metadata: 
06-23 15:50:06.817  1640  1882 I AiAiEcho: Predicting[0]: 
06-23 15:50:06.817  1640  1882 I AiAiEcho: EchoTargets: 
06-23 15:50:06.817  1640  1882 I AiAiEcho: Filtered by AiAi flag check: 
06-23 15:50:06.817  1640  1882 I AiAiEcho: Ranked targets strategy: SORT, count: 0, ranking metadata: 
06-23 15:50:06.817   521  2549 W WindowMagnificationMgr: requestConnection duplicated request: connect=false, mConnectionState=DISCONNECTED
06-23 15:50:06.818  1640  1882 I AiAiEcho: #postPredictionTargets: Sending updates to UISurface lockscreen with targets# 0 (types=[])
06-23 15:50:06.818   837   837 W PageIndicator: Total number of pages invalid: 0. Assuming 1 page.
06-23 15:50:06.819  1640  1882 I AiAiEcho: #postPredictionTargets: Sending updates to UISurface home with targets# 0 (types=[])
06-23 15:50:06.819   521  2549 D SafetySourceDataValidator: No cert check requested for package com.google.android.permissioncontroller
06-23 15:50:06.884   521   612 I RoleService: Granting default roles...
06-23 15:50:06.892   838  8990 E RoleControllerServiceImpl: Default/fallback role holder package doesn't qualify for the role, package: com.google.android.gms.supervision, role: android.app.role.SYSTEM_SUPERVISION
06-23 15:50:06.893   838  8990 I Role    : com.google.android.gms not qualified for android.app.role.SYSTEM_CALL_STREAMING due to missing RequiredComponent{mIntentFilterData=IntentFilterData{mAction='android.telecom.CallStreamingService', mCategories='[]', mDataScheme='null', mDataType='null'}, mMinTargetSdkVersion=1, mFlags='0', mPermission='android.permission.BIND_CALL_STREAMING_SERVICE', mQueryFlags=0, mMetaData=[]}
06-23 15:50:06.893   838  8990 E RoleControllerServiceImpl: Default/fallback role holder package doesn't qualify for the role, package: com.google.android.gms, role: android.app.role.SYSTEM_CALL_STREAMING
06-23 15:50:06.894   838  8990 W Role    : Default holder doesn't have required signing certificate: com.google.android.apps.work.clouddpc:23962F4B43B9857638EA66F4D419518EAE282491ACDA4B94707BD59003C45E58
06-23 15:50:07.624  8862  8882 D EGL_emulation: app_time_stats: avg=499.96ms min=499.76ms max=500.17ms count=2
06-23 15:50:07.817  9036  9036 I AccessibilityNodeInfoDumper: Skipping invisible child: android.view.accessibility.AccessibilityNodeInfo@128f0; boundsInParent: Rect(0, 0 - 320, 0); boundsInScreen: Rect(0, 0 - 320, 0); boundsInWindow: Rect(0, 0 - 320, 0); packageName: com.hanapkalinga.mobile; className: android.widget.LinearLayout; text: null; error: null; maxTextLength: -1; stateDescription: null; contentDescription: null; tooltipText: null; containerTitle: null; viewIdResName: null; uniqueId: null; checkable: false; checked: false; focusable: false; focused: false; selected: false; clickable: false; longClickable: false; contextClickable: false; enabled: true; password: false; scrollable: false; importantForAccessibility: false; visible: false; actions: [AccessibilityAction: ACTION_SELECT - null, AccessibilityAction: ACTION_CLEAR_SELECTION - null, AccessibilityAction: ACTION_ACCESSIBILITY_FOCUS - null, AccessibilityAction: ACTION_SHOW_ON_SCREEN - null]; isTextSelectable: false
06-23 15:50:07.817  9036  9036 I AccessibilityNodeInfoDumper: Skipping invisible child: android.view.accessibility.AccessibilityNodeInfo@1252f; boundsInParent: Rect(0, 0 - 320, 0); boundsInScreen: Rect(0, 0 - 320, 0); boundsInWindow: Rect(0, 0 - 320, 0); packageName: com.hanapkalinga.mobile; className: android.view.ViewGroup; text: null; error: null; maxTextLength: -1; stateDescription: null; contentDescription: null; tooltipText: null; containerTitle: null; viewIdResName: null; uniqueId: null; checkable: false; checked: false; focusable: false; focused: false; selected: false; clickable: false; longClickable: false; contextClickable: false; enabled: true; password: false; scrollable: false; importantForAccessibility: false; visible: false; actions: [AccessibilityAction: ACTION_SELECT - null, AccessibilityAction: ACTION_CLEAR_SELECTION - null, AccessibilityAction: ACTION_ACCESSIBILITY_FOCUS - null, AccessibilityAction: ACTION_SHOW_ON_SCREEN - null]; isTextSelectable: false
06-23 15:50:07.818  9036  9036 I AccessibilityNodeInfoDumper: Skipping invisible child: android.view.accessibility.AccessibilityNodeInfo@1920c; boundsInParent: Rect(0, 0 - 320, 0); boundsInScreen: Rect(0, 0 - 320, 0); boundsInWindow: Rect(0, 0 - 320, 0); packageName: com.hanapkalinga.mobile; className: android.widget.LinearLayout; text: null; error: null; maxTextLength: -1; stateDescription: null; contentDescription: null; tooltipText: null; containerTitle: null; viewIdResName: null; uniqueId: null; checkable: false; checked: false; focusable: false; focused: false; selected: false; clickable: false; longClickable: false; contextClickable: false; enabled: true; password: false; scrollable: false; importantForAccessibility: false; visible: false; actions: [AccessibilityAction: ACTION_SELECT - null, AccessibilityAction: ACTION_CLEAR_SELECTION - null, AccessibilityAction: ACTION_ACCESSIBILITY_FOCUS - null, AccessibilityAction: ACTION_SHOW_ON_SCREEN - null]; isTextSelectable: false
06-23 15:50:07.818  9036  9036 I AccessibilityNodeInfoDumper: Skipping invisible child: android.view.accessibility.AccessibilityNodeInfo@18e4b; boundsInParent: Rect(0, 0 - 320, 0); boundsInScreen: Rect(0, 0 - 320, 0); boundsInWindow: Rect(0, 0 - 320, 0); packageName: com.hanapkalinga.mobile; className: android.view.ViewGroup; text: null; error: null; maxTextLength: -1; stateDescription: null; contentDescription: null; tooltipText: null; containerTitle: null; viewIdResName: null; uniqueId: null; checkable: false; checked: false; focusable: false; focused: false; selected: false; clickable: false; longClickable: false; contextClickable: false; enabled: true; password: false; scrollable: false; importantForAccessibility: false; visible: false; actions: [AccessibilityAction: ACTION_SELECT - null, AccessibilityAction: ACTION_CLEAR_SELECTION - null, AccessibilityAction: ACTION_ACCESSIBILITY_FOCUS - null, AccessibilityAction: ACTION_SHOW_ON_SCREEN - null]; isTextSelectable: false
06-23 15:50:07.821  9036  9036 W AccessibilityNodeInfoDumper: Fetch time: 7ms
06-23 15:50:07.823   521   885 W WindowMagnificationMgr: requestConnection duplicated request: connect=false, mConnectionState=DISCONNECTED
06-23 15:50:07.823   521   885 D AccessibilityManagerService: restoreCurrentUserForTestAutomationIfNeededLocked(): ignoring because device doesn't support visible background users
06-23 15:50:07.823  1640  2564 I AiAiEcho: Settings changed for uri: content://settings/secure/accessibility_enabled
06-23 15:50:07.825  1640  1882 I AiAiEcho: Predicting[0]: 
06-23 15:50:07.825  1640  1882 I AiAiEcho: EchoTargets: 
06-23 15:50:07.825  1640  1882 I AiAiEcho: Filtered by AiAi flag check: 
06-23 15:50:07.826  9036  9036 D AndroidRuntime: Shutting down VM
06-23 15:50:07.828  1640  1882 I AiAiEcho: Ranked targets strategy: SORT, count: 0, ranking metadata: 
06-23 15:50:07.829  1640  1882 I AiAiEcho: Predicting[0]: 
06-23 15:50:07.829  1640  1882 I AiAiEcho: EchoTargets: 
06-23 15:50:07.829  1640  1882 I AiAiEcho: Filtered by AiAi flag check: 
06-23 15:50:07.829  1640  1882 I AiAiEcho: Ranked targets strategy: SORT, count: 0, ranking metadata: 
06-23 15:50:07.829  1640  1882 I AiAiEcho: #postPredictionTargets: Sending updates to UISurface lockscreen with targets# 0 (types=[])
06-23 15:50:07.829  1640  1882 I AiAiEcho: #postPredictionTargets: Sending updates to UISurface home with targets# 0 (types=[])
06-23 15:50:07.830   837   837 W PageIndicator: Total number of pages invalid: 0. Assuming 1 page.
06-23 15:50:07.830   521   521 D BatterySaverPolicy: accessibility changed to false, updating policy.
06-23 15:50:07.831  1775  2188 I A       : NGA enabled in interactor.
06-23 15:50:07.831  1775  2188 I A       : Nga state changed to NgaStateDetails{state=ENABLED, isSpecialExperience=false}
06-23 15:50:07.833  1647  1708 I A       : Initializing all components
06-23 15:50:07.833  1647  1708 I A       : APA or Classic session decision: SessionDecision(sessionVariance=CLASSIC, platformVariance=CLASSIC, justification=CURRENT_PLATFORM_VARIANCE).
06-23 15:50:07.833  1647  2275 I A       : onIsEnabledChanged, isEnabled: false
06-23 15:50:07.833  1647  2329 I A       : State changed: IDLE => IDLE by NGA_STATE_CHANGED and N/A with Optional.empty
06-23 15:50:07.834  1647  2275 W A       : Disposing empty manager. Did you forgot to subscribe observables?
06-23 15:50:07.834  1647  2275 W A       : Disposing empty manager. Did you forgot to subscribe observables?
06-23 15:50:07.834  1647  2275 W A       : Disposing empty manager. Did you forgot to subscribe observables?
06-23 15:50:07.834  1647  2275 W A       : Disposing empty manager. Did you forgot to subscribe observables?
06-23 15:50:07.834  1647  2275 W A       : Disposing empty manager. Did you forgot to subscribe observables?
06-23 15:50:07.834  1647  2329 I A       : Recognizer choice: (recognizer_type: 1, recognizer_mode: 1, choice_reason: 4)
06-23 15:50:07.835  1647  2329 I A       : onActiveStateChangeEvent: IDLE => IDLE
06-23 15:50:07.835  1647  2329 I A       : #onActiveStateChangeEvent, newState: IDLE, previousState: IDLE.
06-23 15:50:07.835  1647  2275 W A       : Disposing empty manager. Did you forgot to subscribe observables?
06-23 15:50:07.835  1647  2275 W A       : Disposing empty manager. Did you forgot to subscribe observables?
06-23 15:50:07.835  1647  2275 W A       : Disposing empty manager. Did you forgot to subscribe observables?
06-23 15:50:07.835  1647  1708 I A       : [Memory] eligibility: StashEligibility{6}
06-23 15:50:07.835  1647  2275 W A       : Disposing empty manager. Did you forgot to subscribe observables?
06-23 15:50:07.835  1647  2275 W A       : Disposing empty manager. Did you forgot to subscribe observables?
06-23 15:50:07.835  1647  2275 I A       : onOpaVisibilityChanged: false
06-23 15:50:07.835  1647  2275 W A       : Disposing empty manager. Did you forgot to subscribe observables?
06-23 15:50:07.835  1647  2275 W A       : Disposing empty manager. Did you forgot to subscribe observables?
06-23 15:50:07.835  1647  2275 W A       : Disposing empty manager. Did you forgot to subscribe observables?
06-23 15:50:07.836  1647  2275 W A       : Disposing empty manager. Did you forgot to subscribe observables?
06-23 15:50:07.836  1647  2275 W A       : Disposing empty manager. Did you forgot to subscribe observables?
06-23 15:50:07.836  1647  2275 W A       : Disposing empty manager. Did you forgot to subscribe observables?
06-23 15:50:07.836  1647  2275 I A       : Setting session to type: NO_SESSION
06-23 15:50:07.836  1647  2275 W A       : Disposing empty manager. Did you forgot to subscribe observables?
06-23 15:50:07.836  1647  2275 W A       : Disposing empty manager. Did you forgot to subscribe observables?
06-23 15:50:07.836  1647  2275 W A       : Disposing empty manager. Did you forgot to subscribe observables?
06-23 15:50:07.836  1647  2275 W A       : Disposing empty manager. Did you forgot to subscribe observables?
06-23 15:50:07.836  1647  2275 W A       : Disposing empty manager. Did you forgot to subscribe observables?
06-23 15:50:07.836  1647  2275 W A       : Disposing empty manager. Did you forgot to subscribe observables?
06-23 15:50:07.836  1647  2275 W A       : Disposing empty manager. Did you forgot to subscribe observables?
06-23 15:50:07.836  1647  2275 W A       : Disposing empty manager. Did you forgot to subscribe observables?
06-23 15:50:07.836  1647  2275 I A       : setNavBarVisible: GestureNavBarVisible{navbarVisible=true}
06-23 15:50:07.836  1647  2275 W A       : Disposing empty manager. Did you forgot to subscribe observables?
06-23 15:50:07.836  1647  2275 W A       : Disposing empty manager. Did you forgot to subscribe observables?
06-23 15:50:07.836  1647  2275 W A       : Disposing empty manager. Did you forgot to subscribe observables?
06-23 15:50:07.836  1647  2275 W A       : Disposing empty manager. Did you forgot to subscribe observables?
06-23 15:50:07.837  1647  2275 W A       : Disposing empty manager. Did you forgot to subscribe observables?
06-23 15:50:07.837  1647  2275 W A       : Disposing empty manager. Did you forgot to subscribe observables?
06-23 15:50:07.837  1647  2275 I A       : onDisabled. Registered: false
06-23 15:50:07.838  1647  2275 I A       : stopListening(NGA_PAUSED_UNKNOWN_REASON, NGA_CREATE), idleOverride=NOT_LISTENING
06-23 15:50:07.844  1647  2275 I NgaEntryPointEventSendr: setupConnection
06-23 15:50:07.845  1647  2329 I A       : Initialize
06-23 15:50:07.847  1647  2329 I A       : on opa visibility changed false
06-23 15:50:07.848  1647  2329 I A       : on opa visibility changed false
06-23 15:50:07.850  1775  1775 I A       : Creating pss binder().
06-23 15:50:07.852  1647  2329 I A       : Successfully initialized all components
06-23 15:50:07.852  1647  2275 I NgaEntryPointEventSendr: State changed: Disconnected => Connecting
06-23 15:50:07.852  1647  2275 I NgaEntryPointEventSendr: onServiceConnected
06-23 15:50:07.852  1775  2258 I A       : Calling beginBinderSession().
06-23 15:50:07.853  1775  2258 I A       : beginBinderSession(): calling binder
06-23 15:50:07.853  1647  2275 I NgaEntryPointEventSendr: State changed: Connecting => Ready
06-23 15:50:07.860   521  2459 W ActivityManager: Unable to start service Intent { cmp=com.google.android.apps.tachyon/.clientapi.ClientApiService } U=0: not found
06-23 15:50:07.862  1647  1647 V ClearcutMetricXmitter: Transmission is done.
06-23 15:50:07.866  1647  2275 I NgaEntryPointEventSendr: State changed: Ready => Disconnected (onOpaDisconnected)
06-23 15:50:07.867  1775  2571 I PBSessionCacheImpl: Deleted sessionId[7808314786610669] from persistence.
06-23 15:50:07.867  1775  2571 W A       : UiCallbackStub-onGenericEvent[ServiceEvent = 60] task was not run. Callback from Service received after client was disposed.
06-23 15:50:07.869  1775  2571 W SearchServiceCore: Abort, client detached.
06-23 15:50:08.625  8862  8882 D EGL_emulation: app_time_stats: avg=500.04ms min=499.94ms max=500.14ms count=2
06-23 15:50:08.648   837   837 D StatusBarIconController: ignoring old pipeline callback because the new wifi icon is enabled
