06-26 03:29:09.242  1704  6455 V t       : Is http uri, downloading (uri: https://dl.google.com/assistant/nga/1/c11ffd9ddd4f0c6433a5cb07a437812b735fa547.mddz)
06-26 03:29:09.245  1704  2570 D t       : Starting download: https://dl.google.com/assistant/nga/1/1658155c551c182a9c9cbdff0bc6cd4293920bc3.mddz
06-26 03:29:09.245  1704  2570 V t       : Is http uri, downloading (uri: https://dl.google.com/assistant/nga/1/1658155c551c182a9c9cbdff0bc6cd4293920bc3.mddz)
06-26 03:29:09.277  1704  6455 E MDD     : DownloadProgressMonitor: Can't find file group for uri: android://com.google.android.googlequicksearchbox/files/datadownload/shared/public/datadownloadfile_1782444470583_5e9da2701f510020f2592c1e5b468922569445d7
06-26 03:29:09.297  1704  2570 E MDD     : DownloadProgressMonitor: Can't find file group for uri: android://com.google.android.googlequicksearchbox/files/datadownload/shared/public/datadownloadfile_1782444470584_b56351a773b9354cf1ebcacf86f309b6489173ac
06-26 03:29:09.306  5898  6445 W QueryController: Could not detect idle state.
06-26 03:29:09.307  5898  6445 D Maestro : Requesting view hierarchy
06-26 03:29:09.307  5898  6445 W QueryController: Could not detect idle state.
06-26 03:29:09.308  5898  6445 W QueryController: Could not detect idle state.
06-26 03:29:09.333  5898  6445 I Maestro : Skipping invisible child: android.view.accessibility.AccessibilityNodeInfo@1c26b; boundsInParent: Rect(0, 0 - 320, 0); boundsInScreen: Rect(0, 0 - 320, 0); boundsInWindow: Rect(0, 0 - 320, 0); packageName: com.hanapkalinga.mobile; className: android.widget.LinearLayout; text: null; error: null; maxTextLength: -1; stateDescription: null; contentDescription: null; tooltipText: null; containerTitle: null; viewIdResName: null; uniqueId: null; checkable: false; checked: false; focusable: false; focused: false; selected: false; clickable: false; longClickable: false; contextClickable: false; enabled: true; password: false; scrollable: false; importantForAccessibility: false; visible: false; actions: [AccessibilityAction: ACTION_SELECT - null, AccessibilityAction: ACTION_CLEAR_SELECTION - null, AccessibilityAction: ACTION_ACCESSIBILITY_FOCUS - null, AccessibilityAction: ACTION_SHOW_ON_SCREEN - null]; isTextSelectable: false
06-26 03:29:09.333  5898  6445 I Maestro : Skipping invisible child: android.view.accessibility.AccessibilityNodeInfo@1beaa; boundsInParent: Rect(0, 0 - 320, 0); boundsInScreen: Rect(0, 0 - 320, 0); boundsInWindow: Rect(0, 0 - 320, 0); packageName: com.hanapkalinga.mobile; className: android.view.ViewGroup; text: null; error: null; maxTextLength: -1; stateDescription: null; contentDescription: null; tooltipText: null; containerTitle: null; viewIdResName: null; uniqueId: null; checkable: false; checked: false; focusable: false; focused: false; selected: false; clickable: false; longClickable: false; contextClickable: false; enabled: true; password: false; scrollable: false; importantForAccessibility: false; visible: false; actions: [AccessibilityAction: ACTION_SELECT - null, AccessibilityAction: ACTION_CLEAR_SELECTION - null, AccessibilityAction: ACTION_ACCESSIBILITY_FOCUS - null, AccessibilityAction: ACTION_SHOW_ON_SCREEN - null]; isTextSelectable: false
06-26 03:29:09.334  5898  6445 I Maestro : Skipping invisible child: android.view.accessibility.AccessibilityNodeInfo@6c280; boundsInParent: Rect(0, 0 - 320, 0); boundsInScreen: Rect(0, 0 - 320, 0); boundsInWindow: Rect(0, 0 - 320, 0); packageName: com.hanapkalinga.mobile; className: android.widget.LinearLayout; text: null; error: null; maxTextLength: -1; stateDescription: null; contentDescription: null; tooltipText: null; containerTitle: null; viewIdResName: null; uniqueId: null; checkable: false; checked: false; focusable: false; focused: false; selected: false; clickable: false; longClickable: false; contextClickable: false; enabled: true; password: false; scrollable: false; importantForAccessibility: false; visible: false; actions: [AccessibilityAction: ACTION_SELECT - null, AccessibilityAction: ACTION_CLEAR_SELECTION - null, AccessibilityAction: ACTION_ACCESSIBILITY_FOCUS - null, AccessibilityAction: ACTION_SHOW_ON_SCREEN - null]; isTextSelectable: false
06-26 03:29:09.335  5898  6445 I Maestro : Skipping invisible child: android.view.accessibility.AccessibilityNodeInfo@6bebf; boundsInParent: Rect(0, 0 - 320, 0); boundsInScreen: Rect(0, 0 - 320, 0); boundsInWindow: Rect(0, 0 - 320, 0); packageName: com.hanapkalinga.mobile; className: android.view.ViewGroup; text: null; error: null; maxTextLength: -1; stateDescription: null; contentDescription: null; tooltipText: null; containerTitle: null; viewIdResName: null; uniqueId: null; checkable: false; checked: false; focusable: false; focused: false; selected: false; clickable: false; longClickable: false; contextClickable: false; enabled: true; password: false; scrollable: false; importantForAccessibility: false; visible: false; actions: [AccessibilityAction: ACTION_SELECT - null, AccessibilityAction: ACTION_CLEAR_SELECTION - null, AccessibilityAction: ACTION_ACCESSIBILITY_FOCUS - null, AccessibilityAction: ACTION_SHOW_ON_SCREEN - null]; isTextSelectable: false
06-26 03:29:09.343  5898  6445 I Maestro : Skipping invisible child: android.view.accessibility.AccessibilityNodeInfo@5f409; boundsInParent: Rect(0, 0 - 10, 0); boundsInScreen: Rect(281, 81 - 290, 81); boundsInWindow: Rect(281, 81 - 290, 81); packageName: com.hanapkalinga.mobile; className: com.horcrux.svg.PathView; text: null; error: null; maxTextLength: -1; stateDescription: null; contentDescription: null; tooltipText: null; containerTitle: null; viewIdResName: null; uniqueId: null; checkable: false; checked: false; focusable: false; focused: false; selected: false; clickable: false; longClickable: false; contextClickable: false; enabled: true; password: false; scrollable: false; importantForAccessibility: false; visible: false; actions: [AccessibilityAction: ACTION_SELECT - null, AccessibilityAction: ACTION_CLEAR_SELECTION - null, AccessibilityAction: ACTION_ACCESSIBILITY_FOCUS - null, AccessibilityAction: ACTION_SHOW_ON_SCREEN - null]; isTextSelectable: false
06-26 03:29:09.343  1704  3231 D t       : Starting download: https://www.gstatic.com/federated_assistant/policy_config_federated_hotword-v610555528.binarypb
06-26 03:29:09.343  1704  3231 V t       : Is http uri, downloading (uri: https://www.gstatic.com/federated_assistant/policy_config_federated_hotword-v610555528.binarypb)
06-26 03:29:09.348  1704  3231 E MDD     : DownloadProgressMonitor: Can't find file group for uri: android://com.google.android.googlequicksearchbox/files/datadownload/shared/public/datadownloadfile_1782444470580
06-26 03:29:09.358  5898  6445 I Maestro : Skipping invisible child: android.view.accessibility.AccessibilityNodeInfo@6469f; boundsInParent: Rect(0, 0 - 1, 2); boundsInScreen: Rect(264, 123 - 264, 125); boundsInWindow: Rect(264, 123 - 264, 125); packageName: com.hanapkalinga.mobile; className: com.horcrux.svg.PathView; text: null; error: null; maxTextLength: -1; stateDescription: null; contentDescription: null; tooltipText: null; containerTitle: null; viewIdResName: null; uniqueId: null; checkable: false; checked: false; focusable: false; focused: false; selected: false; clickable: false; longClickable: false; contextClickable: false; enabled: true; password: false; scrollable: false; importantForAccessibility: false; visible: false; actions: [AccessibilityAction: ACTION_SELECT - null, AccessibilityAction: ACTION_CLEAR_SELECTION - null, AccessibilityAction: ACTION_ACCESSIBILITY_FOCUS - null, AccessibilityAction: ACTION_SHOW_ON_SCREEN - null]; isTextSelectable: false
06-26 03:29:09.358  1704  6453 E SingleDataFileGroupPop: Failed to add file group 
06-26 03:29:09.358  1704  6453 E PhFileGroupPop: Failed to add file group 
06-26 03:29:09.359  1704  6453 E PhFileGroupPop: Failed to add file group 
06-26 03:29:09.359  1704  6453 E PhFileGroupPop: Failed to add file group 
06-26 03:29:09.359  1704  6453 E PhFileGroupPop: Failed to add file group 
06-26 03:29:09.359  1704  6453 E PhFileGroupPop: Failed to add file group 
06-26 03:29:09.359  1704  6453 E d       : RuntimeException while executing runnable cb{com.google.apps.tiktok.tracing.ej@2db3856} with executor MoreExecutors.directExecutor()
06-26 03:29:09.359  1704  6453 E d       : java.lang.NullPointerException: Attempt to read from field 'java.lang.String com.google.android.libraries.mdi.download.ae.b' on a null object reference in method 'void com.google.android.libraries.mdi.download.h.bq.gH(java.lang.Object)'
06-26 03:29:09.359  1704  6453 E d       : 	at com.google.android.libraries.mdi.download.h.bq.gH(PG:2)
06-26 03:29:09.359  1704  6453 E d       : 	at com.google.apps.tiktok.tracing.ej.gH(PG:2)
06-26 03:29:09.359  1704  6453 E d       : 	at com.google.common.util.concurrent.cb.run(PG:7)
06-26 03:29:09.359  1704  6453 E d       : 	at com.google.common.util.concurrent.bf.execute(PG:1)
06-26 03:29:09.359  1704  6453 E d       : 	at com.google.common.util.concurrent.d.i(PG:1)
06-26 03:29:09.359  1704  6453 E d       : 	at com.google.common.util.concurrent.d.iq(PG:5)
06-26 03:29:09.359  1704  6453 E d       : 	at com.google.common.util.concurrent.ci.t(PG:1)
06-26 03:29:09.359  1704  6453 E d       : 	at com.google.android.libraries.mdi.download.h.bu.b(PG:26)
06-26 03:29:09.359  1704  6453 E d       : 	at com.google.android.libraries.mdi.download.gs.p(PG:3)
06-26 03:29:09.359  1704  6453 E d       : 	at com.google.android.libraries.mdi.download.gf.apply(Unknown Source:4)
06-26 03:29:09.359  1704  6453 E d       : 	at com.google.apps.tiktok.tracing.eo.apply(PG:2)
06-26 03:29:09.359  1704  6453 E d       : 	at com.google.common.util.concurrent.h.e(PG:2)
06-26 03:29:09.359  1704  6453 E d       : 	at com.google.common.util.concurrent.j.run(PG:9)
06-26 03:29:09.359  1704  6453 E d       : 	at com.google.common.util.concurrent.do.run(PG:4)
06-26 03:29:09.359  1704  6453 E d       : 	at com.google.android.libraries.i.ae.run(PG:1)
06-26 03:29:09.359  1704  6453 E d       : 	at java.util.concurrent.ThreadPoolExecutor.runWorker(ThreadPoolExecutor.java:1145)
06-26 03:29:09.359  1704  6453 E d       : 	at java.util.concurrent.ThreadPoolExecutor$Worker.run(ThreadPoolExecutor.java:644)
06-26 03:29:09.359  1704  6453 E d       : 	at com.google.android.libraries.i.i.run(PG:2)
06-26 03:29:09.359  1704  6453 E d       : 	at com.google.android.libraries.i.p.run(PG:4)
06-26 03:29:09.359  1704  6453 E d       : 	at java.lang.Thread.run(Thread.java:1012)
06-26 03:29:09.359  1704  6453 E PhFileGroupPop: Failed to add file group 
06-26 03:29:09.359  1704  6453 E PhFileGroupPop: Failed to add file group 
06-26 03:29:09.359  1704  6453 E PhFileGroupPop: Failed to add file group 
06-26 03:29:09.359  5898  6445 I Maestro : Skipping invisible child: android.view.accessibility.AccessibilityNodeInfo@642de; boundsInParent: Rect(0, 0 - 1, 2); boundsInScreen: Rect(268, 123 - 268, 125); boundsInWindow: Rect(268, 123 - 268, 125); packageName: com.hanapkalinga.mobile; className: com.horcrux.svg.PathView; text: null; error: null; maxTextLength: -1; stateDescription: null; contentDescription: null; tooltipText: null; containerTitle: null; viewIdResName: null; uniqueId: null; checkable: false; checked: false; focusable: false; focused: false; selected: false; clickable: false; longClickable: false; contextClickable: false; enabled: true; password: false; scrollable: false; importantForAccessibility: false; visible: false; actions: [AccessibilityAction: ACTION_SELECT - null, AccessibilityAction: ACTION_CLEAR_SELECTION - null, AccessibilityAction: ACTION_ACCESSIBILITY_FOCUS - null, AccessibilityAction: ACTION_SHOW_ON_SCREEN - null]; isTextSelectable: false
06-26 03:29:09.360  1704  6453 I A       : Download file group for language pack: en-US
06-26 03:29:09.360  1704  6453 W A       : Locale en-US is not compatible, please check manifest exists
06-26 03:29:09.360  1704  6453 I A       : Using proto config with mendel
06-26 03:29:09.360  1704  6452 I A       : Starting new batch; batchId=2 corpus=1014
06-26 03:29:09.360  1704  6454 I A       : Joining existing batch; batchId=2 corpus=1015
06-26 03:29:09.360  1704  3231 I A       : Joining existing batch; batchId=2 corpus=1004
06-26 03:29:09.360  1704  6455 I A       : Joining existing batch; batchId=2 corpus=1008
06-26 03:29:09.360  1704  6453 I A       : Using proto config with mendel
06-26 03:29:09.361  1704  6453 I A       : Using proto config with mendel
06-26 03:29:09.361  1704  6453 I A       : Merging legacy hotword config map with new proto.
06-26 03:29:09.361  1704  6453 I A       : Adding from config to map. Locale: cmn-Hant-TW modelPrefix: x_google Location:4e7cae00daee30ec565c34e3aa67a51f isSpeakerIdSupported: true
06-26 03:29:09.361  1704  6453 I A       : Adding from config to map. Locale: id-ID modelPrefix: x_google Location:cfffcc1a4c1c084c003c8eb27f73d770 isSpeakerIdSupported: true
06-26 03:29:09.361  1704  6453 I A       : Adding from config to map. Locale: ko-KR modelPrefix: x_google Location:0b132163a2eb2c1194b202067475724b isSpeakerIdSupported: true
06-26 03:29:09.361  1704  6453 I A       : Skipping. Expected model: 2 Found: 1
06-26 03:29:09.361  1704  6453 I A       : Adding from config to map. Locale: zh-TW modelPrefix: x_google Location:4e7cae00daee30ec565c34e3aa67a51f isSpeakerIdSupported: true
06-26 03:29:09.361  1704  6453 I HotwordModelPopulator: #updateHotwordFileGroup group name: hotword_model_en-US_okhey, raw locale: en-US, locale: en-US
06-26 03:29:09.361  1704  6453 I A       : Using proto config with mendel
06-26 03:29:09.362  1704  6453 I A       : Using proto config with mendel
06-26 03:29:09.362  1704  6453 I A       : Merging legacy hotword config map with new proto.
06-26 03:29:09.362  1704  6453 I A       : Adding from config to map. Locale: cmn-Hant-TW modelPrefix: x_google Location:4e7cae00daee30ec565c34e3aa67a51f isSpeakerIdSupported: true
06-26 03:29:09.362  1704  6453 I A       : Adding from config to map. Locale: id-ID modelPrefix: x_google Location:cfffcc1a4c1c084c003c8eb27f73d770 isSpeakerIdSupported: true
06-26 03:29:09.362  1704  6453 I A       : Adding from config to map. Locale: ko-KR modelPrefix: x_google Location:0b132163a2eb2c1194b202067475724b isSpeakerIdSupported: true
06-26 03:29:09.362  1704  6453 I A       : Skipping. Expected model: 2 Found: 1
06-26 03:29:09.362  1704  6453 I A       : Adding from config to map. Locale: zh-TW modelPrefix: x_google Location:4e7cae00daee30ec565c34e3aa67a51f isSpeakerIdSupported: true
06-26 03:29:09.362  1704  6453 I HotwordModelPopulator: #updateHotwordFileGroup group name: hotword_model_en-US_okhey, raw locale: en-US, locale: en-US
06-26 03:29:09.363  1704  6453 I A       : Using proto config with mendel
06-26 03:29:09.363  1704  6453 I A       : Merging legacy hotword config map with new proto.
06-26 03:29:09.363  1704  6453 I A       : Adding from config to map. Locale: cmn-Hant-TW modelPrefix: x_google Location:4e7cae00daee30ec565c34e3aa67a51f isSpeakerIdSupported: true
06-26 03:29:09.363  1704  6453 I A       : Adding from config to map. Locale: id-ID modelPrefix: x_google Location:cfffcc1a4c1c084c003c8eb27f73d770 isSpeakerIdSupported: true
06-26 03:29:09.363  1704  6453 I A       : Adding from config to map. Locale: ko-KR modelPrefix: x_google Location:0b132163a2eb2c1194b202067475724b isSpeakerIdSupported: true
06-26 03:29:09.363  1704  6453 I A       : Skipping. Expected model: 2 Found: 1
06-26 03:29:09.363  1704  6453 I A       : Adding from config to map. Locale: zh-TW modelPrefix: x_google Location:4e7cae00daee30ec565c34e3aa67a51f isSpeakerIdSupported: true
06-26 03:29:09.363  1704  6453 I HotwordModelPopulator: #updateHotwordFileGroup group name: hotword_model_en-US_okhey, raw locale: en-US, locale: en-US
06-26 03:29:09.364  1704  6453 D PhFileGroupPop: Added file groups assistant_appintegration_appactions_config
06-26 03:29:09.364  1704  6453 D PhFileGroupPop: Added file groups fedass_policy_config_group
06-26 03:29:09.364  1704  6453 D PhFileGroupPop: Added file groups tapas_cortex
06-26 03:29:09.366  5898  6445 I Maestro : Skipping invisible child: android.view.accessibility.AccessibilityNodeInfo@65964; boundsInParent: Rect(0, 0 - 92, 34); boundsInScreen: Rect(342, 113 - 320, 147); boundsInWindow: Rect(342, 113 - 320, 147); packageName: com.hanapkalinga.mobile; className: android.widget.Button; text: null; error: null; maxTextLength: -1; stateDescription: null; contentDescription: Families tab; tooltipText: null; containerTitle: null; viewIdResName: tab_families; uniqueId: null; checkable: false; checked: false; focusable: true; focused: false; selected: false; clickable: true; longClickable: false; contextClickable: false; enabled: true; password: false; scrollable: false; importantForAccessibility: true; visible: false; actions: [AccessibilityAction: ACTION_FOCUS - null, AccessibilityAction: ACTION_SELECT - null, AccessibilityAction: ACTION_CLEAR_SELECTION - null, AccessibilityAction: ACTION_CLICK - null, AccessibilityAction: ACTION_ACCESSIBILITY_FOCUS - null, AccessibilityAction: ACTION_NEXT_AT_MOVEMENT_GRANULARITY - null, AccessibilityAction: ACTION_PREVIOUS_AT_MOVEMENT_GRANULARITY - null, AccessibilityAction: ACTION_SET_SELECTION - null, AccessibilityAction: ACTION_SHOW_ON_SCREEN - null]; isTextSelectable: false
06-26 03:29:09.366  1704  2349 I MicroModelsUtil: #getHotwordModelFromMobstore [mobstoreUri: android://com.google.android.googlequicksearchbox/files/datadownload/shared/public/datadownloadfile_1782444470577]
06-26 03:29:09.366  5898  6445 I Maestro : Skipping invisible child: android.view.accessibility.AccessibilityNodeInfo@6776c; boundsInParent: Rect(0, 0 - 97, 34); boundsInScreen: Rect(442, 113 - 320, 147); boundsInWindow: Rect(442, 113 - 320, 147); packageName: com.hanapkalinga.mobile; className: android.widget.Button; text: null; error: null; maxTextLength: -1; stateDescription: null; contentDescription: Bookings tab; tooltipText: null; containerTitle: null; viewIdResName: tab_bookings; uniqueId: null; checkable: false; checked: false; focusable: true; focused: false; selected: false; clickable: true; longClickable: false; contextClickable: false; enabled: true; password: false; scrollable: false; importantForAccessibility: true; visible: false; actions: [AccessibilityAction: ACTION_FOCUS - null, AccessibilityAction: ACTION_SELECT - null, AccessibilityAction: ACTION_CLEAR_SELECTION - null, AccessibilityAction: ACTION_CLICK - null, AccessibilityAction: ACTION_ACCESSIBILITY_FOCUS - null, AccessibilityAction: ACTION_NEXT_AT_MOVEMENT_GRANULARITY - null, AccessibilityAction: ACTION_PREVIOUS_AT_MOVEMENT_GRANULARITY - null, AccessibilityAction: ACTION_SET_SELECTION - null, AccessibilityAction: ACTION_SHOW_ON_SCREEN - null]; isTextSelectable: false
06-26 03:29:09.367  5898  6445 I Maestro : Skipping invisible child: android.view.accessibility.AccessibilityNodeInfo@6abfa; boundsInParent: Rect(0, 0 - 89, 34); boundsInScreen: Rect(547, 113 - 320, 147); boundsInWindow: Rect(547, 113 - 320, 147); packageName: com.hanapkalinga.mobile; className: android.widget.Button; text: null; error: null; maxTextLength: -1; stateDescription: null; contentDescription: Reports tab; tooltipText: null; containerTitle: null; viewIdResName: tab_reports; uniqueId: null; checkable: false; checked: false; focusable: true; focused: false; selected: false; clickable: true; longClickable: false; contextClickable: false; enabled: true; password: false; scrollable: false; importantForAccessibility: true; visible: false; actions: [AccessibilityAction: ACTION_FOCUS - null, AccessibilityAction: ACTION_SELECT - null, AccessibilityAction: ACTION_CLEAR_SELECTION - null, AccessibilityAction: ACTION_CLICK - null, AccessibilityAction: ACTION_ACCESSIBILITY_FOCUS - null, AccessibilityAction: ACTION_NEXT_AT_MOVEMENT_GRANULARITY - null, AccessibilityAction: ACTION_PREVIOUS_AT_MOVEMENT_GRANULARITY - null, AccessibilityAction: ACTION_SET_SELECTION - null, AccessibilityAction: ACTION_SHOW_ON_SCREEN - null]; isTextSelectable: false
06-26 03:29:09.367  1704  2349 I HotwordModelPopulator: Updated file group for locale 'hotword_model_en-US_okhey' from location: https://www.gstatic.com/android-search/hotword/x_google/975058821313279e27b2c3f04de0beef/hotword.data. Download already finished.
06-26 03:29:09.368  1704  2328 I MicroModelsUtil: #getHotwordModelFromMobstore [mobstoreUri: android://com.google.android.googlequicksearchbox/files/datadownload/shared/public/datadownloadfile_1782444470577]
06-26 03:29:09.369  1704  2354 I MicroModelsUtil: #getHotwordModelFromMobstore [mobstoreUri: android://com.google.android.googlequicksearchbox/files/datadownload/shared/public/datadownloadfile_1782444470577]
06-26 03:29:09.369  1704  2354 I HotwordModelPopulator: Updated file group for locale 'hotword_model_en-US_okhey' from location: https://www.gstatic.com/android-search/hotword/x_google/975058821313279e27b2c3f04de0beef/hotword.data. Download already finished.
06-26 03:29:09.369  1704  2328 I HotwordModelPopulator: Updated file group for locale 'hotword_model_en-US_okhey' from location: https://www.gstatic.com/android-search/hotword/x_google/975058821313279e27b2c3f04de0beef/hotword.data. Download already finished.
06-26 03:29:09.375  6343  6367 D EGL_emulation: app_time_stats: avg=18.17ms min=11.23ms max=54.11ms count=55
06-26 03:29:09.400  1704  6453 E SingleDataFileGroupPop: Failed to add file group 
06-26 03:29:09.400  1704  6453 E PhFileGroupPop: Failed to add file group 
06-26 03:29:09.400  1704  6453 E PhFileGroupPop: Failed to add file group 
06-26 03:29:09.401  1704  6453 E PhFileGroupPop: Failed to add file group 
06-26 03:29:09.401  1704  6453 E PhFileGroupPop: Failed to add file group 
06-26 03:29:09.401  1704  6453 E PhFileGroupPop: Failed to add file group 
06-26 03:29:09.401  1704  6453 E d       : RuntimeException while executing runnable cb{com.google.apps.tiktok.tracing.ej@ab19deb} with executor MoreExecutors.directExecutor()
06-26 03:29:09.401  1704  6453 E d       : java.lang.NullPointerException: Attempt to read from field 'java.lang.String com.google.android.libraries.mdi.download.ae.b' on a null object reference in method 'void com.google.android.libraries.mdi.download.h.bq.gH(java.lang.Object)'
06-26 03:29:09.401  1704  6453 E d       : 	at com.google.android.libraries.mdi.download.h.bq.gH(PG:2)
06-26 03:29:09.401  1704  6453 E d       : 	at com.google.apps.tiktok.tracing.ej.gH(PG:2)
06-26 03:29:09.401  1704  6453 E d       : 	at com.google.common.util.concurrent.cb.run(PG:7)
06-26 03:29:09.401  1704  6453 E d       : 	at com.google.common.util.concurrent.bf.execute(PG:1)
06-26 03:29:09.401  1704  6453 E d       : 	at com.google.common.util.concurrent.d.i(PG:1)
06-26 03:29:09.401  1704  6453 E d       : 	at com.google.common.util.concurrent.d.iq(PG:5)
06-26 03:29:09.401  1704  6453 E d       : 	at com.google.common.util.concurrent.ci.t(PG:1)
06-26 03:29:09.401  1704  6453 E d       : 	at com.google.android.libraries.mdi.download.h.bu.b(PG:26)
06-26 03:29:09.401  1704  6453 E d       : 	at com.google.android.libraries.mdi.download.gs.p(PG:3)
06-26 03:29:09.401  1704  6453 E d       : 	at com.google.android.libraries.mdi.download.gf.apply(Unknown Source:4)
06-26 03:29:09.401  1704  6453 E d       : 	at com.google.apps.tiktok.tracing.eo.apply(PG:2)
06-26 03:29:09.401  1704  6453 E d       : 	at com.google.common.util.concurrent.h.e(PG:2)
06-26 03:29:09.401  1704  6453 E d       : 	at com.google.common.util.concurrent.j.run(PG:9)
06-26 03:29:09.401  1704  6453 E d       : 	at com.google.common.util.concurrent.do.run(PG:4)
06-26 03:29:09.401  1704  6453 E d       : 	at com.google.android.libraries.i.ae.run(PG:1)
06-26 03:29:09.401  1704  6453 E d       : 	at java.util.concurrent.ThreadPoolExecutor.runWorker(ThreadPoolExecutor.java:1145)
06-26 03:29:09.401  1704  6453 E d       : 	at java.util.concurrent.ThreadPoolExecutor$Worker.run(ThreadPoolExecutor.java:644)
06-26 03:29:09.401  1704  6453 E d       : 	at com.google.android.libraries.i.i.run(PG:2)
06-26 03:29:09.401  1704  6453 E d       : 	at com.google.android.libraries.i.p.run(PG:4)
06-26 03:29:09.401  1704  6453 E d       : 	at java.lang.Thread.run(Thread.java:1012)
06-26 03:29:09.401  1704  6453 E PhFileGroupPop: Failed to add file group 
06-26 03:29:09.401  1704  6453 E PhFileGroupPop: Failed to add file group 
06-26 03:29:09.401  1704  6453 E PhFileGroupPop: Failed to add file group 
06-26 03:29:09.401  1704  6453 I A       : Download file group for language pack: en-US
06-26 03:29:09.401  1704  6453 W A       : Locale en-US is not compatible, please check manifest exists
06-26 03:29:09.401  1704  6454 I A       : Joining existing batch; batchId=2 corpus=1015
06-26 03:29:09.401  1704  6453 I A       : Using proto config with mendel
06-26 03:29:09.401  1704  3231 I A       : Joining existing batch; batchId=2 corpus=1014
06-26 03:29:09.401  1704  6453 I A       : Using proto config with mendel
06-26 03:29:09.401  1704  6453 I A       : Using proto config with mendel
06-26 03:29:09.402  1704  6453 I A       : Merging legacy hotword config map with new proto.
06-26 03:29:09.402  1704  6453 I A       : Adding from config to map. Locale: cmn-Hant-TW modelPrefix: x_google Location:4e7cae00daee30ec565c34e3aa67a51f isSpeakerIdSupported: true
06-26 03:29:09.402  1704  6453 I A       : Adding from config to map. Locale: id-ID modelPrefix: x_google Location:cfffcc1a4c1c084c003c8eb27f73d770 isSpeakerIdSupported: true
06-26 03:29:09.402  1704  6453 I A       : Adding from config to map. Locale: ko-KR modelPrefix: x_google Location:0b132163a2eb2c1194b202067475724b isSpeakerIdSupported: true
06-26 03:29:09.402  1704  6453 I A       : Skipping. Expected model: 2 Found: 1
06-26 03:29:09.402  1704  6453 I A       : Adding from config to map. Locale: zh-TW modelPrefix: x_google Location:4e7cae00daee30ec565c34e3aa67a51f isSpeakerIdSupported: true
06-26 03:29:09.402  1704  6453 I HotwordModelPopulator: #updateHotwordFileGroup group name: hotword_model_en-US_okhey, raw locale: en-US, locale: en-US
06-26 03:29:09.402  1704  6453 I A       : Using proto config with mendel
06-26 03:29:09.402  1704  6453 I A       : Using proto config with mendel
06-26 03:29:09.402  1704  6453 I A       : Merging legacy hotword config map with new proto.
06-26 03:29:09.402  1704  6453 I A       : Adding from config to map. Locale: cmn-Hant-TW modelPrefix: x_google Location:4e7cae00daee30ec565c34e3aa67a51f isSpeakerIdSupported: true
06-26 03:29:09.402  1704  6453 I A       : Adding from config to map. Locale: id-ID modelPrefix: x_google Location:cfffcc1a4c1c084c003c8eb27f73d770 isSpeakerIdSupported: true
06-26 03:29:09.402  1704  6453 I A       : Adding from config to map. Locale: ko-KR modelPrefix: x_google Location:0b132163a2eb2c1194b202067475724b isSpeakerIdSupported: true
06-26 03:29:09.402  1704  6453 I A       : Skipping. Expected model: 2 Found: 1
06-26 03:29:09.402  1704  6453 I A       : Adding from config to map. Locale: zh-TW modelPrefix: x_google Location:4e7cae00daee30ec565c34e3aa67a51f isSpeakerIdSupported: true
06-26 03:29:09.402  1704  6453 I HotwordModelPopulator: #updateHotwordFileGroup group name: hotword_model_en-US_okhey, raw locale: en-US, locale: en-US
06-26 03:29:09.402  1704  6453 I A       : Using proto config with mendel
06-26 03:29:09.402  1704  6453 I A       : Merging legacy hotword config map with new proto.
06-26 03:29:09.402  1704  6453 I A       : Adding from config to map. Locale: cmn-Hant-TW modelPrefix: x_google Location:4e7cae00daee30ec565c34e3aa67a51f isSpeakerIdSupported: true
06-26 03:29:09.402  1704  6453 I A       : Adding from config to map. Locale: id-ID modelPrefix: x_google Location:cfffcc1a4c1c084c003c8eb27f73d770 isSpeakerIdSupported: true
06-26 03:29:09.402  1704  6453 I A       : Adding from config to map. Locale: ko-KR modelPrefix: x_google Location:0b132163a2eb2c1194b202067475724b isSpeakerIdSupported: true
06-26 03:29:09.402  1704  6453 I A       : Skipping. Expected model: 2 Found: 1
06-26 03:29:09.402  1704  6453 I A       : Adding from config to map. Locale: zh-TW modelPrefix: x_google Location:4e7cae00daee30ec565c34e3aa67a51f isSpeakerIdSupported: true
06-26 03:29:09.406  1704  2570 I A       : Joining existing batch; batchId=2 corpus=1004
06-26 03:29:09.407  1704  6455 I A       : Joining existing batch; batchId=2 corpus=1008
06-26 03:29:09.408  1704  6453 I HotwordModelPopulator: #updateHotwordFileGroup group name: hotword_model_en-US_okhey, raw locale: en-US, locale: en-US
06-26 03:29:09.408  1704  6453 D PhFileGroupPop: Added file groups assistant_appintegration_appactions_config
06-26 03:29:09.408  1704  6453 D PhFileGroupPop: Added file groups fedass_policy_config_group
06-26 03:29:09.408  1704  6453 D PhFileGroupPop: Added file groups tapas_cortex
06-26 03:29:09.410  1704  2349 I MicroModelsUtil: #getHotwordModelFromMobstore [mobstoreUri: android://com.google.android.googlequicksearchbox/files/datadownload/shared/public/datadownloadfile_1782444470577]
06-26 03:29:09.410  1704  2349 I HotwordModelPopulator: Updated file group for locale 'hotword_model_en-US_okhey' from location: https://www.gstatic.com/android-search/hotword/x_google/975058821313279e27b2c3f04de0beef/hotword.data. Download already finished.
06-26 03:29:09.410  1704  2349 I MicroModelsUtil: #getHotwordModelFromMobstore [mobstoreUri: android://com.google.android.googlequicksearchbox/files/datadownload/shared/public/datadownloadfile_1782444470577]
06-26 03:29:09.411  1704  2349 I HotwordModelPopulator: Updated file group for locale 'hotword_model_en-US_okhey' from location: https://www.gstatic.com/android-search/hotword/x_google/975058821313279e27b2c3f04de0beef/hotword.data. Download already finished.
06-26 03:29:09.411  1704  2349 I MicroModelsUtil: #getHotwordModelFromMobstore [mobstoreUri: android://com.google.android.googlequicksearchbox/files/datadownload/shared/public/datadownloadfile_1782444470577]
06-26 03:29:09.411  1704  2349 I HotwordModelPopulator: Updated file group for locale 'hotword_model_en-US_okhey' from location: https://www.gstatic.com/android-search/hotword/x_google/975058821313279e27b2c3f04de0beef/hotword.data. Download already finished.
06-26 03:29:09.426  5898  6445 D Maestro : View hierarchy received in 119 ms
06-26 03:29:09.934   519   912 D OomAdjuster: Not killing cached processes
06-26 03:29:10.208  5898  6445 W QueryController: Could not detect idle state.
06-26 03:29:10.208  5898  6445 D Maestro : Requesting view hierarchy
06-26 03:29:10.209  5898  6445 W QueryController: Could not detect idle state.
06-26 03:29:10.209  5898  6445 W QueryController: Could not detect idle state.
06-26 03:29:10.214  5898  6445 I Maestro : Skipping invisible child: android.view.accessibility.AccessibilityNodeInfo@1c26b; boundsInParent: Rect(0, 0 - 320, 0); boundsInScreen: Rect(0, 0 - 320, 0); boundsInWindow: Rect(0, 0 - 320, 0); packageName: com.hanapkalinga.mobile; className: android.widget.LinearLayout; text: null; error: null; maxTextLength: -1; stateDescription: null; contentDescription: null; tooltipText: null; containerTitle: null; viewIdResName: null; uniqueId: null; checkable: false; checked: false; focusable: false; focused: false; selected: false; clickable: false; longClickable: false; contextClickable: false; enabled: true; password: false; scrollable: false; importantForAccessibility: false; visible: false; actions: [AccessibilityAction: ACTION_SELECT - null, AccessibilityAction: ACTION_CLEAR_SELECTION - null, AccessibilityAction: ACTION_ACCESSIBILITY_FOCUS - null, AccessibilityAction: ACTION_SHOW_ON_SCREEN - null]; isTextSelectable: false
06-26 03:29:10.214  5898  6445 I Maestro : Skipping invisible child: android.view.accessibility.AccessibilityNodeInfo@1beaa; boundsInParent: Rect(0, 0 - 320, 0); boundsInScreen: Rect(0, 0 - 320, 0); boundsInWindow: Rect(0, 0 - 320, 0); packageName: com.hanapkalinga.mobile; className: android.view.ViewGroup; text: null; error: null; maxTextLength: -1; stateDescription: null; contentDescription: null; tooltipText: null; containerTitle: null; viewIdResName: null; uniqueId: null; checkable: false; checked: false; focusable: false; focused: false; selected: false; clickable: false; longClickable: false; contextClickable: false; enabled: true; password: false; scrollable: false; importantForAccessibility: false; visible: false; actions: [AccessibilityAction: ACTION_SELECT - null, AccessibilityAction: ACTION_CLEAR_SELECTION - null, AccessibilityAction: ACTION_ACCESSIBILITY_FOCUS - null, AccessibilityAction: ACTION_SHOW_ON_SCREEN - null]; isTextSelectable: false
06-26 03:29:10.215  5898  6445 I Maestro : Skipping invisible child: android.view.accessibility.AccessibilityNodeInfo@6c280; boundsInParent: Rect(0, 0 - 320, 0); boundsInScreen: Rect(0, 0 - 320, 0); boundsInWindow: Rect(0, 0 - 320, 0); packageName: com.hanapkalinga.mobile; className: android.widget.LinearLayout; text: null; error: null; maxTextLength: -1; stateDescription: null; contentDescription: null; tooltipText: null; containerTitle: null; viewIdResName: null; uniqueId: null; checkable: false; checked: false; focusable: false; focused: false; selected: false; clickable: false; longClickable: false; contextClickable: false; enabled: true; password: false; scrollable: false; importantForAccessibility: false; visible: false; actions: [AccessibilityAction: ACTION_SELECT - null, AccessibilityAction: ACTION_CLEAR_SELECTION - null, AccessibilityAction: ACTION_ACCESSIBILITY_FOCUS - null, AccessibilityAction: ACTION_SHOW_ON_SCREEN - null]; isTextSelectable: false
06-26 03:29:10.215  5898  6445 I Maestro : Skipping invisible child: android.view.accessibility.AccessibilityNodeInfo@6bebf; boundsInParent: Rect(0, 0 - 320, 0); boundsInScreen: Rect(0, 0 - 320, 0); boundsInWindow: Rect(0, 0 - 320, 0); packageName: com.hanapkalinga.mobile; className: android.view.ViewGroup; text: null; error: null; maxTextLength: -1; stateDescription: null; contentDescription: null; tooltipText: null; containerTitle: null; viewIdResName: null; uniqueId: null; checkable: false; checked: false; focusable: false; focused: false; selected: false; clickable: false; longClickable: false; contextClickable: false; enabled: true; password: false; scrollable: false; importantForAccessibility: false; visible: false; actions: [AccessibilityAction: ACTION_SELECT - null, AccessibilityAction: ACTION_CLEAR_SELECTION - null, AccessibilityAction: ACTION_ACCESSIBILITY_FOCUS - null, AccessibilityAction: ACTION_SHOW_ON_SCREEN - null]; isTextSelectable: false
06-26 03:29:10.217  5898  6445 I Maestro : Skipping invisible child: android.view.accessibility.AccessibilityNodeInfo@5f409; boundsInParent: Rect(0, 0 - 10, 0); boundsInScreen: Rect(281, 81 - 290, 81); boundsInWindow: Rect(281, 81 - 290, 81); packageName: com.hanapkalinga.mobile; className: com.horcrux.svg.PathView; text: null; error: null; maxTextLength: -1; stateDescription: null; contentDescription: null; tooltipText: null; containerTitle: null; viewIdResName: null; uniqueId: null; checkable: false; checked: false; focusable: false; focused: false; selected: false; clickable: false; longClickable: false; contextClickable: false; enabled: true; password: false; scrollable: false; importantForAccessibility: false; visible: false; actions: [AccessibilityAction: ACTION_SELECT - null, AccessibilityAction: ACTION_CLEAR_SELECTION - null, AccessibilityAction: ACTION_ACCESSIBILITY_FOCUS - null, AccessibilityAction: ACTION_SHOW_ON_SCREEN - null]; isTextSelectable: false
06-26 03:29:10.228  5898  6445 I Maestro : Skipping invisible child: android.view.accessibility.AccessibilityNodeInfo@6469f; boundsInParent: Rect(0, 0 - 1, 2); boundsInScreen: Rect(264, 123 - 264, 125); boundsInWindow: Rect(264, 123 - 264, 125); packageName: com.hanapkalinga.mobile; className: com.horcrux.svg.PathView; text: null; error: null; maxTextLength: -1; stateDescription: null; contentDescription: null; tooltipText: null; containerTitle: null; viewIdResName: null; uniqueId: null; checkable: false; checked: false; focusable: false; focused: false; selected: false; clickable: false; longClickable: false; contextClickable: false; enabled: true; password: false; scrollable: false; importantForAccessibility: false; visible: false; actions: [AccessibilityAction: ACTION_SELECT - null, AccessibilityAction: ACTION_CLEAR_SELECTION - null, AccessibilityAction: ACTION_ACCESSIBILITY_FOCUS - null, AccessibilityAction: ACTION_SHOW_ON_SCREEN - null]; isTextSelectable: false
06-26 03:29:10.228  5898  6445 I Maestro : Skipping invisible child: android.view.accessibility.AccessibilityNodeInfo@642de; boundsInParent: Rect(0, 0 - 1, 2); boundsInScreen: Rect(268, 123 - 268, 125); boundsInWindow: Rect(268, 123 - 268, 125); packageName: com.hanapkalinga.mobile; className: com.horcrux.svg.PathView; text: null; error: null; maxTextLength: -1; stateDescription: null; contentDescription: null; tooltipText: null; containerTitle: null; viewIdResName: null; uniqueId: null; checkable: false; checked: false; focusable: false; focused: false; selected: false; clickable: false; longClickable: false; contextClickable: false; enabled: true; password: false; scrollable: false; importantForAccessibility: false; visible: false; actions: [AccessibilityAction: ACTION_SELECT - null, AccessibilityAction: ACTION_CLEAR_SELECTION - null, AccessibilityAction: ACTION_ACCESSIBILITY_FOCUS - null, AccessibilityAction: ACTION_SHOW_ON_SCREEN - null]; isTextSelectable: false
06-26 03:29:10.230  5898  6445 I Maestro : Skipping invisible child: android.view.accessibility.AccessibilityNodeInfo@65964; boundsInParent: Rect(0, 0 - 92, 34); boundsInScreen: Rect(342, 113 - 320, 147); boundsInWindow: Rect(342, 113 - 320, 147); packageName: com.hanapkalinga.mobile; className: android.widget.Button; text: null; error: null; maxTextLength: -1; stateDescription: null; contentDescription: Families tab; tooltipText: null; containerTitle: null; viewIdResName: tab_families; uniqueId: null; checkable: false; checked: false; focusable: true; focused: false; selected: false; clickable: true; longClickable: false; contextClickable: false; enabled: true; password: false; scrollable: false; importantForAccessibility: true; visible: false; actions: [AccessibilityAction: ACTION_FOCUS - null, AccessibilityAction: ACTION_SELECT - null, AccessibilityAction: ACTION_CLEAR_SELECTION - null, AccessibilityAction: ACTION_CLICK - null, AccessibilityAction: ACTION_ACCESSIBILITY_FOCUS - null, AccessibilityAction: ACTION_NEXT_AT_MOVEMENT_GRANULARITY - null, AccessibilityAction: ACTION_PREVIOUS_AT_MOVEMENT_GRANULARITY - null, AccessibilityAction: ACTION_SET_SELECTION - null, AccessibilityAction: ACTION_SHOW_ON_SCREEN - null]; isTextSelectable: false
06-26 03:29:10.230  5898  6445 I Maestro : Skipping invisible child: android.view.accessibility.AccessibilityNodeInfo@6776c; boundsInParent: Rect(0, 0 - 97, 34); boundsInScreen: Rect(442, 113 - 320, 147); boundsInWindow: Rect(442, 113 - 320, 147); packageName: com.hanapkalinga.mobile; className: android.widget.Button; text: null; error: null; maxTextLength: -1; stateDescription: null; contentDescription: Bookings tab; tooltipText: null; containerTitle: null; viewIdResName: tab_bookings; uniqueId: null; checkable: false; checked: false; focusable: true; focused: false; selected: false; clickable: true; longClickable: false; contextClickable: false; enabled: true; password: false; scrollable: false; importantForAccessibility: true; visible: false; actions: [AccessibilityAction: ACTION_FOCUS - null, AccessibilityAction: ACTION_SELECT - null, AccessibilityAction: ACTION_CLEAR_SELECTION - null, AccessibilityAction: ACTION_CLICK - null, AccessibilityAction: ACTION_ACCESSIBILITY_FOCUS - null, AccessibilityAction: ACTION_NEXT_AT_MOVEMENT_GRANULARITY - null, AccessibilityAction: ACTION_PREVIOUS_AT_MOVEMENT_GRANULARITY - null, AccessibilityAction: ACTION_SET_SELECTION - null, AccessibilityAction: ACTION_SHOW_ON_SCREEN - null]; isTextSelectable: false
06-26 03:29:10.230  5898  6445 I Maestro : Skipping invisible child: android.view.accessibility.AccessibilityNodeInfo@6abfa; boundsInParent: Rect(0, 0 - 89, 34); boundsInScreen: Rect(547, 113 - 320, 147); boundsInWindow: Rect(547, 113 - 320, 147); packageName: com.hanapkalinga.mobile; className: android.widget.Button; text: null; error: null; maxTextLength: -1; stateDescription: null; contentDescription: Reports tab; tooltipText: null; containerTitle: null; viewIdResName: tab_reports; uniqueId: null; checkable: false; checked: false; focusable: true; focused: false; selected: false; clickable: true; longClickable: false; contextClickable: false; enabled: true; password: false; scrollable: false; importantForAccessibility: true; visible: false; actions: [AccessibilityAction: ACTION_FOCUS - null, AccessibilityAction: ACTION_SELECT - null, AccessibilityAction: ACTION_CLEAR_SELECTION - null, AccessibilityAction: ACTION_CLICK - null, AccessibilityAction: ACTION_ACCESSIBILITY_FOCUS - null, AccessibilityAction: ACTION_NEXT_AT_MOVEMENT_GRANULARITY - null, AccessibilityAction: ACTION_PREVIOUS_AT_MOVEMENT_GRANULARITY - null, AccessibilityAction: ACTION_SET_SELECTION - null, AccessibilityAction: ACTION_SHOW_ON_SCREEN - null]; isTextSelectable: false
06-26 03:29:10.251  5898  6445 D Maestro : View hierarchy received in 43 ms
06-26 03:29:10.332   335   365 I netd    : tetherGetStats() -> {[]} <0.35ms>
06-26 03:29:10.335   335   365 I netd    : bandwidthSetGlobalAlert(2097152) <0.07ms>
06-26 03:29:10.364  1704  6453 I A       : Scheduled one-off task for batch; batchId=2 taskId=-1000009 corpora=[1004,1008,1014,1015]
06-26 03:29:10.364  1704  6453 I A       : Pending callbacks: 1
06-26 03:29:10.390  6343  6367 D EGL_emulation: app_time_stats: avg=16.60ms min=12.86ms max=20.72ms count=61
06-26 03:29:10.875  5898  6445 W QueryController: Could not detect idle state.
06-26 03:29:10.875  5898  6445 D Maestro : Requesting view hierarchy
06-26 03:29:10.876  5898  6445 W QueryController: Could not detect idle state.
06-26 03:29:10.876  5898  6445 W QueryController: Could not detect idle state.
06-26 03:29:10.882  5898  6445 I Maestro : Skipping invisible child: android.view.accessibility.AccessibilityNodeInfo@1c26b; boundsInParent: Rect(0, 0 - 320, 0); boundsInScreen: Rect(0, 0 - 320, 0); boundsInWindow: Rect(0, 0 - 320, 0); packageName: com.hanapkalinga.mobile; className: android.widget.LinearLayout; text: null; error: null; maxTextLength: -1; stateDescription: null; contentDescription: null; tooltipText: null; containerTitle: null; viewIdResName: null; uniqueId: null; checkable: false; checked: false; focusable: false; focused: false; selected: false; clickable: false; longClickable: false; contextClickable: false; enabled: true; password: false; scrollable: false; importantForAccessibility: false; visible: false; actions: [AccessibilityAction: ACTION_SELECT - null, AccessibilityAction: ACTION_CLEAR_SELECTION - null, AccessibilityAction: ACTION_ACCESSIBILITY_FOCUS - null, AccessibilityAction: ACTION_SHOW_ON_SCREEN - null]; isTextSelectable: false
06-26 03:29:10.882  5898  6445 I Maestro : Skipping invisible child: android.view.accessibility.AccessibilityNodeInfo@1beaa; boundsInParent: Rect(0, 0 - 320, 0); boundsInScreen: Rect(0, 0 - 320, 0); boundsInWindow: Rect(0, 0 - 320, 0); packageName: com.hanapkalinga.mobile; className: android.view.ViewGroup; text: null; error: null; maxTextLength: -1; stateDescription: null; contentDescription: null; tooltipText: null; containerTitle: null; viewIdResName: null; uniqueId: null; checkable: false; checked: false; focusable: false; focused: false; selected: false; clickable: false; longClickable: false; contextClickable: false; enabled: true; password: false; scrollable: false; importantForAccessibility: false; visible: false; actions: [AccessibilityAction: ACTION_SELECT - null, AccessibilityAction: ACTION_CLEAR_SELECTION - null, AccessibilityAction: ACTION_ACCESSIBILITY_FOCUS - null, AccessibilityAction: ACTION_SHOW_ON_SCREEN - null]; isTextSelectable: false
06-26 03:29:10.883  5898  6445 I Maestro : Skipping invisible child: android.view.accessibility.AccessibilityNodeInfo@6c280; boundsInParent: Rect(0, 0 - 320, 0); boundsInScreen: Rect(0, 0 - 320, 0); boundsInWindow: Rect(0, 0 - 320, 0); packageName: com.hanapkalinga.mobile; className: android.widget.LinearLayout; text: null; error: null; maxTextLength: -1; stateDescription: null; contentDescription: null; tooltipText: null; containerTitle: null; viewIdResName: null; uniqueId: null; checkable: false; checked: false; focusable: false; focused: false; selected: false; clickable: false; longClickable: false; contextClickable: false; enabled: true; password: false; scrollable: false; importantForAccessibility: false; visible: false; actions: [AccessibilityAction: ACTION_SELECT - null, AccessibilityAction: ACTION_CLEAR_SELECTION - null, AccessibilityAction: ACTION_ACCESSIBILITY_FOCUS - null, AccessibilityAction: ACTION_SHOW_ON_SCREEN - null]; isTextSelectable: false
06-26 03:29:10.883  5898  6445 I Maestro : Skipping invisible child: android.view.accessibility.AccessibilityNodeInfo@6bebf; boundsInParent: Rect(0, 0 - 320, 0); boundsInScreen: Rect(0, 0 - 320, 0); boundsInWindow: Rect(0, 0 - 320, 0); packageName: com.hanapkalinga.mobile; className: android.view.ViewGroup; text: null; error: null; maxTextLength: -1; stateDescription: null; contentDescription: null; tooltipText: null; containerTitle: null; viewIdResName: null; uniqueId: null; checkable: false; checked: false; focusable: false; focused: false; selected: false; clickable: false; longClickable: false; contextClickable: false; enabled: true; password: false; scrollable: false; importantForAccessibility: false; visible: false; actions: [AccessibilityAction: ACTION_SELECT - null, AccessibilityAction: ACTION_CLEAR_SELECTION - null, AccessibilityAction: ACTION_ACCESSIBILITY_FOCUS - null, AccessibilityAction: ACTION_SHOW_ON_SCREEN - null]; isTextSelectable: false
06-26 03:29:10.890  5898  6445 I Maestro : Skipping invisible child: android.view.accessibility.AccessibilityNodeInfo@5f409; boundsInParent: Rect(0, 0 - 10, 0); boundsInScreen: Rect(281, 81 - 290, 81); boundsInWindow: Rect(281, 81 - 290, 81); packageName: com.hanapkalinga.mobile; className: com.horcrux.svg.PathView; text: null; error: null; maxTextLength: -1; stateDescription: null; contentDescription: null; tooltipText: null; containerTitle: null; viewIdResName: null; uniqueId: null; checkable: false; checked: false; focusable: false; focused: false; selected: false; clickable: false; longClickable: false; contextClickable: false; enabled: true; password: false; scrollable: false; importantForAccessibility: false; visible: false; actions: [AccessibilityAction: ACTION_SELECT - null, AccessibilityAction: ACTION_CLEAR_SELECTION - null, AccessibilityAction: ACTION_ACCESSIBILITY_FOCUS - null, AccessibilityAction: ACTION_SHOW_ON_SCREEN - null]; isTextSelectable: false
06-26 03:29:10.899  5898  6445 I Maestro : Skipping invisible child: android.view.accessibility.AccessibilityNodeInfo@6469f; boundsInParent: Rect(0, 0 - 1, 2); boundsInScreen: Rect(264, 123 - 264, 125); boundsInWindow: Rect(264, 123 - 264, 125); packageName: com.hanapkalinga.mobile; className: com.horcrux.svg.PathView; text: null; error: null; maxTextLength: -1; stateDescription: null; contentDescription: null; tooltipText: null; containerTitle: null; viewIdResName: null; uniqueId: null; checkable: false; checked: false; focusable: false; focused: false; selected: false; clickable: false; longClickable: false; contextClickable: false; enabled: true; password: false; scrollable: false; importantForAccessibility: false; visible: false; actions: [AccessibilityAction: ACTION_SELECT - null, AccessibilityAction: ACTION_CLEAR_SELECTION - null, AccessibilityAction: ACTION_ACCESSIBILITY_FOCUS - null, AccessibilityAction: ACTION_SHOW_ON_SCREEN - null]; isTextSelectable: false
06-26 03:29:10.900  5898  6445 I Maestro : Skipping invisible child: android.view.accessibility.AccessibilityNodeInfo@642de; boundsInParent: Rect(0, 0 - 1, 2); boundsInScreen: Rect(268, 123 - 268, 125); boundsInWindow: Rect(268, 123 - 268, 125); packageName: com.hanapkalinga.mobile; className: com.horcrux.svg.PathView; text: null; error: null; maxTextLength: -1; stateDescription: null; contentDescription: null; tooltipText: null; containerTitle: null; viewIdResName: null; uniqueId: null; checkable: false; checked: false; focusable: false; focused: false; selected: false; clickable: false; longClickable: false; contextClickable: false; enabled: true; password: false; scrollable: false; importantForAccessibility: false; visible: false; actions: [AccessibilityAction: ACTION_SELECT - null, AccessibilityAction: ACTION_CLEAR_SELECTION - null, AccessibilityAction: ACTION_ACCESSIBILITY_FOCUS - null, AccessibilityAction: ACTION_SHOW_ON_SCREEN - null]; isTextSelectable: false
