--------- beginning of main
06-26 03:36:27.045  8883  8913 I ReactNativeJS: [TurnstileWebView] WebView HTML loaded, hostname: example.com
06-26 03:36:27.045  8883  8913 I ReactNativeJS: [TurnstileWebView] Turnstile script tag appended to DOM
06-26 03:36:28.052  8883  8913 I ReactNativeJS: [TurnstileWebView] Turnstile script loaded successfully
06-26 03:36:28.053  8883  8913 I ReactNativeJS: [TurnstileWebView] turnstile global available, rendering widget
06-26 03:36:28.058  8883  8913 I ReactNativeJS: [TurnstileWebView] turnstile.render() called
06-26 03:36:29.690  8883  8913 I ReactNativeJS: [TurnstileWebView] Turnstile success, token length: 21
--------- beginning of main
06-26 03:36:26.450  8356  8882 W UiDevice: Skipping wait as package ${APP_ID} does not match current window com.hanapkalinga.mobile.
06-26 03:36:26.455  8356  8882 W QueryController: Could not detect idle state.
06-26 03:36:26.456  8356  8882 W QueryController: Could not detect idle state.
06-26 03:36:26.458  8356  8882 W UiDevice: Skipping wait as package ${APP_ID} does not match current window com.hanapkalinga.mobile.
06-26 03:36:26.464  8356  8882 W QueryController: Could not detect idle state.
06-26 03:36:26.465  8356  8882 W QueryController: Could not detect idle state.
06-26 03:36:26.467  8356  8882 W UiDevice: Skipping wait as package ${APP_ID} does not match current window com.hanapkalinga.mobile.
06-26 03:36:26.472  8356  8882 W QueryController: Could not detect idle state.
06-26 03:36:26.472  8356  8882 W QueryController: Could not detect idle state.
06-26 03:36:26.475  8356  8882 W UiDevice: Skipping wait as package ${APP_ID} does not match current window com.hanapkalinga.mobile.
06-26 03:36:26.479  8356  8882 W QueryController: Could not detect idle state.
06-26 03:36:26.480  8356  8882 W QueryController: Could not detect idle state.
06-26 03:36:26.482  8356  8882 W UiDevice: Skipping wait as package ${APP_ID} does not match current window com.hanapkalinga.mobile.
06-26 03:36:26.487  8356  8882 W QueryController: Could not detect idle state.
06-26 03:36:26.488  8356  8882 W QueryController: Could not detect idle state.
06-26 03:36:26.490  8356  8882 W UiDevice: Skipping wait as package ${APP_ID} does not match current window com.hanapkalinga.mobile.
06-26 03:36:26.495  8356  8882 W QueryController: Could not detect idle state.
06-26 03:36:26.496  8356  8882 W QueryController: Could not detect idle state.
06-26 03:36:26.498  8356  8882 W UiDevice: Skipping wait as package ${APP_ID} does not match current window com.hanapkalinga.mobile.
06-26 03:36:26.543  8356  8882 W QueryController: Could not detect idle state.
06-26 03:36:26.546  8356  8882 W QueryController: Could not detect idle state.
06-26 03:36:26.550  8356  8882 W UiDevice: Skipping wait as package ${APP_ID} does not match current window com.hanapkalinga.mobile.
06-26 03:36:26.561  8356  8882 D Maestro : Requesting view hierarchy
06-26 03:36:26.562  8356  8882 W QueryController: Could not detect idle state.
06-26 03:36:26.563  8356  8882 W QueryController: Could not detect idle state.
06-26 03:36:26.582  8356  8882 I Maestro : Skipping invisible child: android.view.accessibility.AccessibilityNodeInfo@106eb; boundsInParent: Rect(0, 0 - 320, 0); boundsInScreen: Rect(0, 0 - 320, 0); boundsInWindow: Rect(0, 0 - 320, 0); packageName: com.hanapkalinga.mobile; className: android.widget.LinearLayout; text: null; error: null; maxTextLength: -1; stateDescription: null; contentDescription: null; tooltipText: null; containerTitle: null; viewIdResName: null; uniqueId: null; checkable: false; checked: false; focusable: false; focused: false; selected: false; clickable: false; longClickable: false; contextClickable: false; enabled: true; password: false; scrollable: false; importantForAccessibility: false; visible: false; actions: [AccessibilityAction: ACTION_SELECT - null, AccessibilityAction: ACTION_CLEAR_SELECTION - null, AccessibilityAction: ACTION_ACCESSIBILITY_FOCUS - null, AccessibilityAction: ACTION_SHOW_ON_SCREEN - null]; isTextSelectable: false
06-26 03:36:26.582  8356  8882 I Maestro : Skipping invisible child: android.view.accessibility.AccessibilityNodeInfo@1032a; boundsInParent: Rect(0, 0 - 320, 0); boundsInScreen: Rect(0, 0 - 320, 0); boundsInWindow: Rect(0, 0 - 320, 0); packageName: com.hanapkalinga.mobile; className: android.view.ViewGroup; text: null; error: null; maxTextLength: -1; stateDescription: null; contentDescription: null; tooltipText: null; containerTitle: null; viewIdResName: null; uniqueId: null; checkable: false; checked: false; focusable: false; focused: false; selected: false; clickable: false; longClickable: false; contextClickable: false; enabled: true; password: false; scrollable: false; importantForAccessibility: false; visible: false; actions: [AccessibilityAction: ACTION_SELECT - null, AccessibilityAction: ACTION_CLEAR_SELECTION - null, AccessibilityAction: ACTION_ACCESSIBILITY_FOCUS - null, AccessibilityAction: ACTION_SHOW_ON_SCREEN - null]; isTextSelectable: false
06-26 03:36:26.587  8356  8882 D Maestro : View hierarchy received in 26 ms
06-26 03:36:26.657  1098  1098 D TaplEvents: TIS / TouchInteractionService.onInputEvent: MotionEvent { action=ACTION_DOWN, actionButton=0, id[0]=0, x[0]=253.0, y[0]=475.0, toolType[0]=TOOL_TYPE_FINGER, buttonState=0, classification=NONE, metaState=0, flags=0x0, edgeFlags=0x0, pointerCount=1, historySize=0, eventTime=596126, downTime=596126, deviceId=-1, source=0x1002, displayId=0, eventId=-477478698 }
06-26 03:36:26.689  8883  8906 D EGL_emulation: app_time_stats: avg=1640.28ms min=1.34ms max=7715.55ms count=5
06-26 03:36:26.761  1098  1098 D TaplEvents: TIS / TouchInteractionService.onInputEvent: MotionEvent { action=ACTION_UP, actionButton=0, id[0]=0, x[0]=253.0, y[0]=475.0, toolType[0]=TOOL_TYPE_FINGER, buttonState=0, classification=NONE, metaState=0, flags=0x0, edgeFlags=0x0, pointerCount=1, historySize=0, eventTime=596241, downTime=596126, deviceId=-1, source=0x1002, displayId=0, eventId=-307689327 }
06-26 03:36:26.778   396  8800 D audioserver: FGS Logger Transaction failed
06-26 03:36:26.778   396  8800 D audioserver: -129
--------- beginning of system
06-26 03:36:26.814   519  1819 D CompatibilityChangeReporter: Compat change id reported: 161145287; UID 10192; state: ENABLED
06-26 03:36:26.815   519  1819 D CompatibilityChangeReporter: Compat change id reported: 135634846; UID 99003; state: DISABLED
06-26 03:36:26.815   519   548 D CompatibilityChangeReporter: Compat change id reported: 143937733; UID 10192; state: ENABLED
06-26 03:36:26.819  8883  8883 D CompatibilityChangeReporter: Compat change id reported: 183155436; UID 10192; state: ENABLED
06-26 03:36:26.821   997   997 D Zygote  : Forked child process 8967
06-26 03:36:26.824  8967  8967 I ocessService0:0: Using CollectorTypeCC GC.
06-26 03:36:26.825  8967  8967 W ocessService0:0: Unexpected CPU variant for x86: x86_64.
06-26 03:36:26.825  8967  8967 W ocessService0:0: Known variants: atom, sandybridge, silvermont, goldmont, goldmont-plus, tremont, kabylake, default
06-26 03:36:26.825   396   502 D AudioFlinger: mixer(0x778b5f821930) throttle end: throttle time(32)
06-26 03:36:26.827  8883  8883 D AutofillManager: Fill dialog is enabled:false, hints=[password, passwordAuto, creditCardNumber, creditCardSecurityCode, creditCardExpirationDate]
06-26 03:36:26.827  8967  8967 E ocessService0:0: Not starting debugger since process cannot load the jdwp agent.
06-26 03:36:26.830  8883  8966 W chromium: [WARNING:dns_config_service_android.cc(115)] Failed to read DnsConfig.
06-26 03:36:26.834  3948  4238 D BtGatt.ScanManager: uid 10131 isForeground true scanMode -1
06-26 03:36:26.834  3948  4238 D BtGatt.ScanManager: uid 10131 isForeground true scanMode -1
06-26 03:36:26.837   519   548 I ActivityManager: Start proc 8967:com.google.android.webview:sandboxed_process0:org.chromium.content.app.SandboxedProcessService0:0/u0i3 for  {com.hanapkalinga.mobile/org.chromium.content.app.SandboxedProcessService0:0}
06-26 03:36:26.846  8967  8967 D CompatibilityChangeReporter: Compat change id reported: 171979766; UID 99003; state: ENABLED
06-26 03:36:26.846  8967  8967 D CompatibilityChangeReporter: Compat change id reported: 242716250; UID 99003; state: ENABLED
06-26 03:36:26.849  8967  8967 I LoadedApk: No resource references to update in package com.google.android.trichromelibrary
06-26 03:36:26.850  8967  8967 I cr_WebViewApkApp: Launched version=113.0.5672.136 minSdkVersion=29 isBundle=false processName=com.google.android.webview:sandboxed_process0:org.chromium.content.app.SandboxedProcessService0:0
06-26 03:36:26.851   519  1819 I ActivityManager: Flag disabled. Ignoring finishAttachApplication from uid: 99003. pid: 8967
06-26 03:36:26.861  8967  8967 W SystemServiceRegistry: No service published for: virtualdevice
06-26 03:36:26.861  8967  8967 I cr_ChildProcessService: Creating new ChildProcessService pid=8967
06-26 03:36:26.862  8883  8883 D CompatibilityChangeReporter: Compat change id reported: 214741472; UID 10192; state: ENABLED
06-26 03:36:26.864  8883  8883 D CompatibilityChangeReporter: Compat change id reported: 171228096; UID 10192; state: ENABLED
06-26 03:36:26.879  8883  8983 W cr_media: BLUETOOTH_CONNECT permission is missing.
06-26 03:36:26.879  8883  8983 W cr_media: registerBluetoothIntentsIfNeeded: Requires BLUETOOTH permission
06-26 03:36:26.888  8967  8995 I cr_LibraryLoader: Successfully loaded native library
06-26 03:36:26.888  8967  8995 I cr_CachingUmaRecorder: Flushed 2 samples from 2 histograms.
06-26 03:36:26.890  8967  8995 W SystemServiceRegistry: No service published for: uimode
06-26 03:36:26.926  8883  8883 D CompatibilityChangeReporter: Compat change id reported: 193247900; UID 10192; state: ENABLED
06-26 03:36:26.932  5968  6927 I FontLog : Received query name=Google Sans&weight=700&besteffort=false, URI content://com.google.android.gms.fonts [CONTEXT service_id=132 ]
06-26 03:36:26.933  5968  6927 I FontLog : Query [name=Google Sans&weight=700&besteffort=false] resolved to {Google Sans, wdth 100.0, wght 700, ital 0.0, bestEffort false} [CONTEXT service_id=132 ]
06-26 03:36:26.934  5968  6927 I FontLog : Fetch {Google Sans, wdth 100.0, wght 700, ital 0.0, bestEffort false} end status Status{statusCode=SUCCESS, resolution=null} [CONTEXT service_id=132 ]
06-26 03:36:26.938   396   502 D audioserver: FGS Logger Transaction failed
06-26 03:36:26.938   396   502 D audioserver: -129
06-26 03:36:26.944  5968  6927 I FontLog : Pulling font file for id = 23, cache size = 6 [CONTEXT service_id=132 ]
06-26 03:36:26.947  5968  6927 I FontLog : Received query name=Noto Color Emoji Compat&weight=400&besteffort=false, URI content://com.google.android.gms.fonts [CONTEXT service_id=132 ]
06-26 03:36:26.947  5968  6927 I FontLog : Query [name=Noto Color Emoji Compat&weight=400&besteffort=false] resolved to {Noto Color Emoji Compat, wdth 100.0, wght 400, ital 0.0, bestEffort false} [CONTEXT service_id=132 ]
06-26 03:36:26.948  5968  6927 I FontLog : Fetch {Noto Color Emoji Compat, wdth 100.0, wght 400, ital 0.0, bestEffort false} end status Status{statusCode=SUCCESS, resolution=null} [CONTEXT service_id=132 ]
06-26 03:36:26.949  5968  6927 I FontLog : Pulling font file for id = 24, cache size = 4 [CONTEXT service_id=132 ]
06-26 03:36:26.950  5968  6927 I FontLog : Received query name=Google Sans&weight=400&besteffort=false, URI content://com.google.android.gms.fonts [CONTEXT service_id=132 ]
06-26 03:36:26.953  5968  6927 I FontLog : Query [name=Google Sans&weight=400&besteffort=false] resolved to {Google Sans, wdth 100.0, wght 400, ital 0.0, bestEffort false} [CONTEXT service_id=132 ]
06-26 03:36:26.953  5968  6927 I FontLog : Font PFD returned from cache for {Google Sans, wdth 100.0, wght 400, ital 0.0, bestEffort false} [CONTEXT service_id=132 ]
06-26 03:36:26.954  5968  6927 I FontLog : Fetch {Google Sans, wdth 100.0, wght 400, ital 0.0, bestEffort false} end status Status{statusCode=SUCCESS, resolution=null} [CONTEXT service_id=132 ]
06-26 03:36:26.954  5968  6927 I FontLog : Pulling font file for id = 25, cache size = 4 [CONTEXT service_id=132 ]
06-26 03:36:26.956  5968  6927 I FontLog : Received query name=Google Sans&weight=500&besteffort=false, URI content://com.google.android.gms.fonts [CONTEXT service_id=132 ]
06-26 03:36:26.956  5968  6927 I FontLog : Query [name=Google Sans&weight=500&besteffort=false] resolved to {Google Sans, wdth 100.0, wght 500, ital 0.0, bestEffort false} [CONTEXT service_id=132 ]
06-26 03:36:26.957  5968  6927 I FontLog : Font PFD returned from cache for {Google Sans, wdth 100.0, wght 500, ital 0.0, bestEffort false} [CONTEXT service_id=132 ]
06-26 03:36:26.957  5968  6927 I FontLog : Fetch {Google Sans, wdth 100.0, wght 500, ital 0.0, bestEffort false} end status Status{statusCode=SUCCESS, resolution=null} [CONTEXT service_id=132 ]
06-26 03:36:26.977  8883  8883 D AutofillManager: notifyViewEnteredForFillDialog:1073741824
06-26 03:36:26.977  8883  8883 D AutofillManager: notifyViewEnteredForFillDialog:1073741825
06-26 03:36:26.977  8883  8883 D AutofillManager: Triggering pre-emptive request for fill dialog.
06-26 03:36:26.978   519  1819 W FillRequestEventLogger: Couldn't find packageName: com.google.android.inputmethod.latin
06-26 03:36:26.979   335  9013 I resolv  : GetAddrInfoHandler::run: {100 100 100 983140 10192 0}
06-26 03:36:26.980   335  9015 I resolv  : res_nmkquery: (QUERY, IN, A)
06-26 03:36:26.980   519   519 D AutofillInlineSuggestionsRequestSession: onCreateInlineSuggestionsRequestLocked called: 0@1694510740
06-26 03:36:26.980   335  9014 I resolv  : res_nmkquery: (QUERY, IN, AAAA)
06-26 03:36:26.980   519  1819 D AutofillInlineSuggestionsRequestSession: onInlineSuggestionsSessionInvalidated() called.
06-26 03:36:26.984  5968  6732 I FontLog : Pulling font file for id = 26, cache size = 5 [CONTEXT service_id=132 ]
06-26 03:36:26.985   519  1819 D AutofillInlineSuggestionsRequestSession: onInlineSuggestionsRequest() received: InlineSuggestionsRequest { maxSuggestionCount = 9, inlinePresentationSpecs = [InlinePresentationSpec { minSize = 42x38, maxSize = 240x38, style = Bundle[mParcelledData.dataSize=2816] }, InlinePresentationSpec { minSize = 42x38, maxSize = 240x38, style = Bundle[mParcelledData.dataSize=2816] }, InlinePresentationSpec { minSize = 42x38, maxSize = 240x38, style = Bundle[mParcelledData.dataSize=2816] }, InlinePresentationSpec { minSize = 42x38, maxSize = 240x38, style = Bundle[mParcelledData.dataSize=2816] }, InlinePresentationSpec { minSize = 42x38, maxSize = 240x38, style = Bundle[mParcelledData.dataSize=2816] }, InlinePresentationSpec { minSize = 42x38, maxSize = 240x38, style = Bundle[mParcelledData.dataSize=2816] }, InlinePresentationSpec { minSize = 42x38, maxSize = 240x38, style = Bundle[mParcelledData.dataSize=2816] }, InlinePresentationSpec { minSize = 42x38, maxSize = 240x38, style = Bundle[mParcelledData.dataSize=2816] }, InlinePresentationSpec { minSize = 42x38, maxSize = 240x38, style = Bundle[mParcelledData.dataSize=2816] }], hostPackageName = com.google.android.inputmethod.latin, supportedLocales = [en_US], extras = Bundle[EMPTY_PARCEL], hostInputToken = android.os.BinderProxy@131d973, hostDisplayId = 0, inlineTooltipPresentationSpec = null }
06-26 03:36:27.004   335  9015 I resolv  : res_nsend: used send_dg 75 terrno: 0
06-26 03:36:27.004   335  9015 I resolv  : doQuery: rcode=0, ancount=2, return value=75
06-26 03:36:27.004   335  9014 I resolv  : res_nsend: used send_dg 99 terrno: 0
06-26 03:36:27.004   335  9014 I resolv  : doQuery: rcode=0, ancount=2, return value=99
06-26 03:36:27.045  8883  8913 I ReactNativeJS: [TurnstileWebView] WebView HTML loaded, hostname: example.com
06-26 03:36:27.045  8883  8913 I ReactNativeJS: [TurnstileWebView] Turnstile script tag appended to DOM
06-26 03:36:27.046  8883  8883 D CompatibilityChangeReporter: Compat change id reported: 163400105; UID 10192; state: ENABLED
06-26 03:36:27.047  8883  8883 I AssistStructure: Flattened final assist data: 2592 bytes, containing 1 windows, 14 views
06-26 03:36:27.047   519  1819 D AutofillSession: createPendingIntent for request 11
06-26 03:36:27.047   519  1819 D ContentCapturePerUserService: Notified activity assist data for activity: Token{6ba5cfb ActivityRecord{62c80f5 u0 com.hanapkalinga.mobile/.MainActivity t13}} without a session Id
06-26 03:36:27.056  5968  5968 W AutofillChimeraService: Pending fill request while another request in the same session was triggered. [CONTEXT service_id=177 ]
06-26 03:36:27.058   519   519 W FillRequestEventLogger: Shouldn't be logging AutofillFillRequestReported again for same event
06-26 03:36:27.058   519   519 W FillResponseEventLogger: Shouldn't be logging AutofillFillRequestReported again for same event
06-26 03:36:27.058   519   519 D AutofillSession: clearPendingIntentLocked
06-26 03:36:27.058   519   519 D AutofillInlineSuggestionsRequestSession: onInlineSuggestionsResponseLocked called for:0@1694510740
06-26 03:36:27.058   519   537 D AutofillUI: destroySaveUiUiThread(): already destroyed
06-26 03:36:27.059  1556  1556 V InlineSuggestionRenderService: handleDestroySuggestionViews called for 0:1694510740
--------- beginning of kernel
06-26 03:36:27.586     0     0 I logd    : start watching /data/system/packages.list ...
06-26 03:36:27.587     0     0 I logd    : ReadPackageList, total packages: 202
06-26 03:36:27.407   519  2716 D CompatibilityChangeReporter: Compat change id reported: 261072174; UID 10192; state: ENABLED
06-26 03:36:27.583  8356  8882 W QueryController: Could not detect idle state.
06-26 03:36:27.584  8356  8882 D Maestro : Requesting view hierarchy
06-26 03:36:27.585  8356  8882 W QueryController: Could not detect idle state.
06-26 03:36:27.585  8356  8882 W QueryController: Could not detect idle state.
06-26 03:36:27.596   519  2716 D CompatibilityChangeReporter: Compat change id reported: 161145287; UID 10192; state: ENABLED
06-26 03:36:27.627  8356  8882 I Maestro : Skipping invisible child: android.view.accessibility.AccessibilityNodeInfo@128b4; boundsInParent: Rect(0, 0 - 320, 0); boundsInScreen: Rect(0, 0 - 320, 0); boundsInWindow: Rect(0, 0 - 320, 0); packageName: com.hanapkalinga.mobile; className: android.widget.LinearLayout; text: null; error: null; maxTextLength: -1; stateDescription: null; contentDescription: null; tooltipText: null; containerTitle: null; viewIdResName: null; uniqueId: null; checkable: false; checked: false; focusable: false; focused: false; selected: false; clickable: false; longClickable: false; contextClickable: false; enabled: true; password: false; scrollable: false; importantForAccessibility: false; visible: false; actions: [AccessibilityAction: ACTION_SELECT - null, AccessibilityAction: ACTION_CLEAR_SELECTION - null, AccessibilityAction: ACTION_ACCESSIBILITY_FOCUS - null, AccessibilityAction: ACTION_SHOW_ON_SCREEN - null]; isTextSelectable: false
06-26 03:36:27.627  8356  8882 I Maestro : Skipping invisible child: android.view.accessibility.AccessibilityNodeInfo@124f3; boundsInParent: Rect(0, 0 - 320, 0); boundsInScreen: Rect(0, 0 - 320, 0); boundsInWindow: Rect(0, 0 - 320, 0); packageName: com.hanapkalinga.mobile; className: android.view.ViewGroup; text: null; error: null; maxTextLength: -1; stateDescription: null; contentDescription: null; tooltipText: null; containerTitle: null; viewIdResName: null; uniqueId: null; checkable: false; checked: false; focusable: false; focused: false; selected: false; clickable: false; longClickable: false; contextClickable: false; enabled: true; password: false; scrollable: false; importantForAccessibility: false; visible: false; actions: [AccessibilityAction: ACTION_SELECT - null, AccessibilityAction: ACTION_CLEAR_SELECTION - null, AccessibilityAction: ACTION_ACCESSIBILITY_FOCUS - null, AccessibilityAction: ACTION_SHOW_ON_SCREEN - null]; isTextSelectable: false
06-26 03:36:27.628  8356  8882 I Maestro : Skipping invisible child: android.view.accessibility.AccessibilityNodeInfo@1a495; boundsInParent: Rect(0, 0 - 320, 0); boundsInScreen: Rect(0, 0 - 320, 0); boundsInWindow: Rect(0, 0 - 320, 0); packageName: com.hanapkalinga.mobile; className: android.widget.LinearLayout; text: null; error: null; maxTextLength: -1; stateDescription: null; contentDescription: null; tooltipText: null; containerTitle: null; viewIdResName: null; uniqueId: null; checkable: false; checked: false; focusable: false; focused: false; selected: false; clickable: false; longClickable: false; contextClickable: false; enabled: true; password: false; scrollable: false; importantForAccessibility: false; visible: false; actions: [AccessibilityAction: ACTION_SELECT - null, AccessibilityAction: ACTION_CLEAR_SELECTION - null, AccessibilityAction: ACTION_ACCESSIBILITY_FOCUS - null, AccessibilityAction: ACTION_SHOW_ON_SCREEN - null]; isTextSelectable: false
06-26 03:36:27.629  8356  8882 I Maestro : Skipping invisible child: android.view.accessibility.AccessibilityNodeInfo@1a0d4; boundsInParent: Rect(0, 0 - 320, 0); boundsInScreen: Rect(0, 0 - 320, 0); boundsInWindow: Rect(0, 0 - 320, 0); packageName: com.hanapkalinga.mobile; className: android.view.ViewGroup; text: null; error: null; maxTextLength: -1; stateDescription: null; contentDescription: null; tooltipText: null; containerTitle: null; viewIdResName: null; uniqueId: null; checkable: false; checked: false; focusable: false; focused: false; selected: false; clickable: false; longClickable: false; contextClickable: false; enabled: true; password: false; scrollable: false; importantForAccessibility: false; visible: false; actions: [AccessibilityAction: ACTION_SELECT - null, AccessibilityAction: ACTION_CLEAR_SELECTION - null, AccessibilityAction: ACTION_ACCESSIBILITY_FOCUS - null, AccessibilityAction: ACTION_SHOW_ON_SCREEN - null]; isTextSelectable: false
06-26 03:36:27.632  8356  8882 I Maestro : Skipping invisible child: android.view.accessibility.AccessibilityNodeInfo@182cc; boundsInParent: Rect(0, 0 - 1, 1); boundsInScreen: Rect(20, 348 - 21, 349); boundsInWindow: Rect(20, 348 - 21, 349); packageName: com.hanapkalinga.mobile; className: android.view.ViewGroup; text: null; error: null; maxTextLength: -1; stateDescription: null; contentDescription: null; tooltipText: null; containerTitle: null; viewIdResName: login_captcha_ready; uniqueId: null; checkable: false; checked: false; focusable: false; focused: false; selected: false; clickable: false; longClickable: false; contextClickable: false; enabled: true; password: false; scrollable: false; importantForAccessibility: true; visible: false; actions: [AccessibilityAction: ACTION_SELECT - null, AccessibilityAction: ACTION_CLEAR_SELECTION - null, AccessibilityAction: ACTION_ACCESSIBILITY_FOCUS - null, AccessibilityAction: ACTION_SHOW_ON_SCREEN - null]; isTextSelectable: false
06-26 03:36:27.634  8356  8882 D Maestro : View hierarchy received in 50 ms
06-26 03:36:28.052  8883  8913 I ReactNativeJS: [TurnstileWebView] Turnstile script loaded successfully
06-26 03:36:28.053  8883  8913 I ReactNativeJS: [TurnstileWebView] turnstile global available, rendering widget
06-26 03:36:28.054  8883  8892 W System  : A resource failed to call release. 
06-26 03:36:28.058  8883  8913 I ReactNativeJS: [TurnstileWebView] turnstile.render() called
06-26 03:36:28.089  8883  8906 D EGL_emulation: app_time_stats: avg=104.50ms min=2.22ms max=480.76ms count=13
06-26 03:36:28.141   335  9016 I resolv  : GetAddrInfoHandler::run: {100 100 100 983140 10192 0}
06-26 03:36:28.142   335  9018 I resolv  : res_nmkquery: (QUERY, IN, A)
06-26 03:36:28.142   335  9017 I resolv  : res_nmkquery: (QUERY, IN, AAAA)
06-26 03:36:28.628   335  9018 I resolv  : res_nsend: used send_dg 61 terrno: 0
06-26 03:36:28.628   335  9017 I resolv  : res_nsend: used send_dg 85 terrno: 0
06-26 03:36:28.629   335  9018 I resolv  : doQuery: rcode=0, ancount=2, return value=61
06-26 03:36:28.629   335  9017 I resolv  : doQuery: rcode=0, ancount=2, return value=85
06-26 03:36:28.640  8356  8882 W QueryController: Could not detect idle state.
06-26 03:36:28.641  8356  8882 D Maestro : Requesting view hierarchy
06-26 03:36:28.642  8356  8882 W QueryController: Could not detect idle state.
06-26 03:36:28.642  8356  8882 W QueryController: Could not detect idle state.
06-26 03:36:29.049  8883  8883 I Choreographer: Skipped 49 frames!  The application may be doing too much work on its main thread.
06-26 03:36:29.186  8883  8894 I OpenGLRenderer: Davey! duration=866ms; Flags=0, FrameTimelineVsyncId=106210, IntendedVsync=597667944726, Vsync=597667944726, InputEventId=0, HandleInputStart=597668110466, AnimationStart=597668111068, PerformTraversalsStart=597668504722, DrawStart=597668613576, FrameDeadline=597701278058, FrameInterval=597668107682, FrameStartTime=16666666, SyncQueued=597669910786, SyncStart=597670109437, IssueDrawCommandsStart=597670141387, SwapBuffers=598525558219, FrameCompleted=598534738153, DequeueBufferDuration=3055, QueueBufferDuration=145051, GpuCompleted=598534738153, SwapBuffersCompleted=598526349476, DisplayPresentTime=0, CommandSubmissionCompleted=598525558219, 
06-26 03:36:29.188  8883  8906 D EGL_emulation: app_time_stats: avg=366.19ms min=83.66ms max=871.52ms count=3
06-26 03:36:29.246  8356  8882 I Maestro : Skipping invisible child: android.view.accessibility.AccessibilityNodeInfo@128b4; boundsInParent: Rect(0, 0 - 320, 0); boundsInScreen: Rect(0, 0 - 320, 0); boundsInWindow: Rect(0, 0 - 320, 0); packageName: com.hanapkalinga.mobile; className: android.widget.LinearLayout; text: null; error: null; maxTextLength: -1; stateDescription: null; contentDescription: null; tooltipText: null; containerTitle: null; viewIdResName: null; uniqueId: null; checkable: false; checked: false; focusable: false; focused: false; selected: false; clickable: false; longClickable: false; contextClickable: false; enabled: true; password: false; scrollable: false; importantForAccessibility: false; visible: false; actions: [AccessibilityAction: ACTION_SELECT - null, AccessibilityAction: ACTION_CLEAR_SELECTION - null, AccessibilityAction: ACTION_ACCESSIBILITY_FOCUS - null, AccessibilityAction: ACTION_SHOW_ON_SCREEN - null]; isTextSelectable: false
06-26 03:36:29.246  8356  8882 I Maestro : Skipping invisible child: android.view.accessibility.AccessibilityNodeInfo@124f3; boundsInParent: Rect(0, 0 - 320, 0); boundsInScreen: Rect(0, 0 - 320, 0); boundsInWindow: Rect(0, 0 - 320, 0); packageName: com.hanapkalinga.mobile; className: android.view.ViewGroup; text: null; error: null; maxTextLength: -1; stateDescription: null; contentDescription: null; tooltipText: null; containerTitle: null; viewIdResName: null; uniqueId: null; checkable: false; checked: false; focusable: false; focused: false; selected: false; clickable: false; longClickable: false; contextClickable: false; enabled: true; password: false; scrollable: false; importantForAccessibility: false; visible: false; actions: [AccessibilityAction: ACTION_SELECT - null, AccessibilityAction: ACTION_CLEAR_SELECTION - null, AccessibilityAction: ACTION_ACCESSIBILITY_FOCUS - null, AccessibilityAction: ACTION_SHOW_ON_SCREEN - null]; isTextSelectable: false
06-26 03:36:29.273  8356  8882 I Maestro : Skipping invisible child: android.view.accessibility.AccessibilityNodeInfo@1a495; boundsInParent: Rect(0, 0 - 320, 0); boundsInScreen: Rect(0, 0 - 320, 0); boundsInWindow: Rect(0, 0 - 320, 0); packageName: com.hanapkalinga.mobile; className: android.widget.LinearLayout; text: null; error: null; maxTextLength: -1; stateDescription: null; contentDescription: null; tooltipText: null; containerTitle: null; viewIdResName: null; uniqueId: null; checkable: false; checked: false; focusable: false; focused: false; selected: false; clickable: false; longClickable: false; contextClickable: false; enabled: true; password: false; scrollable: false; importantForAccessibility: false; visible: false; actions: [AccessibilityAction: ACTION_SELECT - null, AccessibilityAction: ACTION_CLEAR_SELECTION - null, AccessibilityAction: ACTION_ACCESSIBILITY_FOCUS - null, AccessibilityAction: ACTION_SHOW_ON_SCREEN - null]; isTextSelectable: false
06-26 03:36:29.312  8356  8882 I Maestro : Skipping invisible child: android.view.accessibility.AccessibilityNodeInfo@1a0d4; boundsInParent: Rect(0, 0 - 320, 0); boundsInScreen: Rect(0, 0 - 320, 0); boundsInWindow: Rect(0, 0 - 320, 0); packageName: com.hanapkalinga.mobile; className: android.view.ViewGroup; text: null; error: null; maxTextLength: -1; stateDescription: null; contentDescription: null; tooltipText: null; containerTitle: null; viewIdResName: null; uniqueId: null; checkable: false; checked: false; focusable: false; focused: false; selected: false; clickable: false; longClickable: false; contextClickable: false; enabled: true; password: false; scrollable: false; importantForAccessibility: false; visible: false; actions: [AccessibilityAction: ACTION_SELECT - null, AccessibilityAction: ACTION_CLEAR_SELECTION - null, AccessibilityAction: ACTION_ACCESSIBILITY_FOCUS - null, AccessibilityAction: ACTION_SHOW_ON_SCREEN - null]; isTextSelectable: false
06-26 03:36:29.316  8356  8882 I Maestro : Skipping invisible child: android.view.accessibility.AccessibilityNodeInfo@182cc; boundsInParent: Rect(0, 0 - 1, 1); boundsInScreen: Rect(20, 348 - 21, 349); boundsInWindow: Rect(20, 348 - 21, 349); packageName: com.hanapkalinga.mobile; className: android.view.ViewGroup; text: null; error: null; maxTextLength: -1; stateDescription: null; contentDescription: null; tooltipText: null; containerTitle: null; viewIdResName: login_captcha_ready; uniqueId: null; checkable: false; checked: false; focusable: false; focused: false; selected: false; clickable: false; longClickable: false; contextClickable: false; enabled: true; password: false; scrollable: false; importantForAccessibility: true; visible: false; actions: [AccessibilityAction: ACTION_SELECT - null, AccessibilityAction: ACTION_CLEAR_SELECTION - null, AccessibilityAction: ACTION_ACCESSIBILITY_FOCUS - null, AccessibilityAction: ACTION_SHOW_ON_SCREEN - null]; isTextSelectable: false
06-26 03:36:29.507  8356  8882 D Maestro : View hierarchy received in 866 ms
06-26 03:36:29.690  8883  8913 I ReactNativeJS: [TurnstileWebView] Turnstile success, token length: 21
06-26 03:36:29.820   341  6484 D android.hardware.audio@7.1-impl.ranchu: threadLoop: entering standby, frames: 2227136
06-26 03:36:30.251  8883  8906 D EGL_emulation: app_time_stats: avg=17.34ms min=2.52ms max=239.23ms count=36
06-26 03:36:30.374  8356  8882 W QueryController: Could not detect idle state.
06-26 03:36:30.374  8356  8882 D Maestro : Requesting view hierarchy
06-26 03:36:30.374  8356  8882 W QueryController: Could not detect idle state.
06-26 03:36:30.375  8356  8882 W QueryController: Could not detect idle state.
06-26 03:36:30.415  8356  8882 I Maestro : Skipping invisible child: android.view.accessibility.AccessibilityNodeInfo@128b4; boundsInParent: Rect(0, 0 - 320, 0); boundsInScreen: Rect(0, 0 - 320, 0); boundsInWindow: Rect(0, 0 - 320, 0); packageName: com.hanapkalinga.mobile; className: android.widget.LinearLayout; text: null; error: null; maxTextLength: -1; stateDescription: null; contentDescription: null; tooltipText: null; containerTitle: null; viewIdResName: null; uniqueId: null; checkable: false; checked: false; focusable: false; focused: false; selected: false; clickable: false; longClickable: false; contextClickable: false; enabled: true; password: false; scrollable: false; importantForAccessibility: false; visible: false; actions: [AccessibilityAction: ACTION_SELECT - null, AccessibilityAction: ACTION_CLEAR_SELECTION - null, AccessibilityAction: ACTION_ACCESSIBILITY_FOCUS - null, AccessibilityAction: ACTION_SHOW_ON_SCREEN - null]; isTextSelectable: false
06-26 03:36:30.416  8356  8882 I Maestro : Skipping invisible child: android.view.accessibility.AccessibilityNodeInfo@124f3; boundsInParent: Rect(0, 0 - 320, 0); boundsInScreen: Rect(0, 0 - 320, 0); boundsInWindow: Rect(0, 0 - 320, 0); packageName: com.hanapkalinga.mobile; className: android.view.ViewGroup; text: null; error: null; maxTextLength: -1; stateDescription: null; contentDescription: null; tooltipText: null; containerTitle: null; viewIdResName: null; uniqueId: null; checkable: false; checked: false; focusable: false; focused: false; selected: false; clickable: false; longClickable: false; contextClickable: false; enabled: true; password: false; scrollable: false; importantForAccessibility: false; visible: false; actions: [AccessibilityAction: ACTION_SELECT - null, AccessibilityAction: ACTION_CLEAR_SELECTION - null, AccessibilityAction: ACTION_ACCESSIBILITY_FOCUS - null, AccessibilityAction: ACTION_SHOW_ON_SCREEN - null]; isTextSelectable: false
06-26 03:36:30.416  8356  8882 I Maestro : Skipping invisible child: android.view.accessibility.AccessibilityNodeInfo@1a495; boundsInParent: Rect(0, 0 - 320, 0); boundsInScreen: Rect(0, 0 - 320, 0); boundsInWindow: Rect(0, 0 - 320, 0); packageName: com.hanapkalinga.mobile; className: android.widget.LinearLayout; text: null; error: null; maxTextLength: -1; stateDescription: null; contentDescription: null; tooltipText: null; containerTitle: null; viewIdResName: null; uniqueId: null; checkable: false; checked: false; focusable: false; focused: false; selected: false; clickable: false; longClickable: false; contextClickable: false; enabled: true; password: false; scrollable: false; importantForAccessibility: false; visible: false; actions: [AccessibilityAction: ACTION_SELECT - null, AccessibilityAction: ACTION_CLEAR_SELECTION - null, AccessibilityAction: ACTION_ACCESSIBILITY_FOCUS - null, AccessibilityAction: ACTION_SHOW_ON_SCREEN - null]; isTextSelectable: false
06-26 03:36:30.417  8356  8882 I Maestro : Skipping invisible child: android.view.accessibility.AccessibilityNodeInfo@1a0d4; boundsInParent: Rect(0, 0 - 320, 0); boundsInScreen: Rect(0, 0 - 320, 0); boundsInWindow: Rect(0, 0 - 320, 0); packageName: com.hanapkalinga.mobile; className: android.view.ViewGroup; text: null; error: null; maxTextLength: -1; stateDescription: null; contentDescription: null; tooltipText: null; containerTitle: null; viewIdResName: null; uniqueId: null; checkable: false; checked: false; focusable: false; focused: false; selected: false; clickable: false; longClickable: false; contextClickable: false; enabled: true; password: false; scrollable: false; importantForAccessibility: false; visible: false; actions: [AccessibilityAction: ACTION_SELECT - null, AccessibilityAction: ACTION_CLEAR_SELECTION - null, AccessibilityAction: ACTION_ACCESSIBILITY_FOCUS - null, AccessibilityAction: ACTION_SHOW_ON_SCREEN - null]; isTextSelectable: false
06-26 03:36:30.692  8356  8882 D Maestro : View hierarchy received in 318 ms
06-26 03:36:30.953  8356  8882 D Maestro : Requesting view hierarchy
06-26 03:36:30.954  8356  8882 W QueryController: Could not detect idle state.
06-26 03:36:30.954  8356  8882 W QueryController: Could not detect idle state.
06-26 03:36:30.970  8356  8882 I Maestro : Skipping invisible child: android.view.accessibility.AccessibilityNodeInfo@128b4; boundsInParent: Rect(0, 0 - 320, 0); boundsInScreen: Rect(0, 0 - 320, 0); boundsInWindow: Rect(0, 0 - 320, 0); packageName: com.hanapkalinga.mobile; className: android.widget.LinearLayout; text: null; error: null; maxTextLength: -1; stateDescription: null; contentDescription: null; tooltipText: null; containerTitle: null; viewIdResName: null; uniqueId: null; checkable: false; checked: false; focusable: false; focused: false; selected: false; clickable: false; longClickable: false; contextClickable: false; enabled: true; password: false; scrollable: false; importantForAccessibility: false; visible: false; actions: [AccessibilityAction: ACTION_SELECT - null, AccessibilityAction: ACTION_CLEAR_SELECTION - null, AccessibilityAction: ACTION_ACCESSIBILITY_FOCUS - null, AccessibilityAction: ACTION_SHOW_ON_SCREEN - null]; isTextSelectable: false
06-26 03:36:30.971  8356  8882 I Maestro : Skipping invisible child: android.view.accessibility.AccessibilityNodeInfo@124f3; boundsInParent: Rect(0, 0 - 320, 0); boundsInScreen: Rect(0, 0 - 320, 0); boundsInWindow: Rect(0, 0 - 320, 0); packageName: com.hanapkalinga.mobile; className: android.view.ViewGroup; text: null; error: null; maxTextLength: -1; stateDescription: null; contentDescription: null; tooltipText: null; containerTitle: null; viewIdResName: null; uniqueId: null; checkable: false; checked: false; focusable: false; focused: false; selected: false; clickable: false; longClickable: false; contextClickable: false; enabled: true; password: false; scrollable: false; importantForAccessibility: false; visible: false; actions: [AccessibilityAction: ACTION_SELECT - null, AccessibilityAction: ACTION_CLEAR_SELECTION - null, AccessibilityAction: ACTION_ACCESSIBILITY_FOCUS - null, AccessibilityAction: ACTION_SHOW_ON_SCREEN - null]; isTextSelectable: false
06-26 03:36:30.971  8356  8882 I Maestro : Skipping invisible child: android.view.accessibility.AccessibilityNodeInfo@1a495; boundsInParent: Rect(0, 0 - 320, 0); boundsInScreen: Rect(0, 0 - 320, 0); boundsInWindow: Rect(0, 0 - 320, 0); packageName: com.hanapkalinga.mobile; className: android.widget.LinearLayout; text: null; error: null; maxTextLength: -1; stateDescription: null; contentDescription: null; tooltipText: null; containerTitle: null; viewIdResName: null; uniqueId: null; checkable: false; checked: false; focusable: false; focused: false; selected: false; clickable: false; longClickable: false; contextClickable: false; enabled: true; password: false; scrollable: false; importantForAccessibility: false; visible: false; actions: [AccessibilityAction: ACTION_SELECT - null, AccessibilityAction: ACTION_CLEAR_SELECTION - null, AccessibilityAction: ACTION_ACCESSIBILITY_FOCUS - null, AccessibilityAction: ACTION_SHOW_ON_SCREEN - null]; isTextSelectable: false
06-26 03:36:30.972  8356  8882 I Maestro : Skipping invisible child: android.view.accessibility.AccessibilityNodeInfo@1a0d4; boundsInParent: Rect(0, 0 - 320, 0); boundsInScreen: Rect(0, 0 - 320, 0); boundsInWindow: Rect(0, 0 - 320, 0); packageName: com.hanapkalinga.mobile; className: android.view.ViewGroup; text: null; error: null; maxTextLength: -1; stateDescription: null; contentDescription: null; tooltipText: null; containerTitle: null; viewIdResName: null; uniqueId: null; checkable: false; checked: false; focusable: false; focused: false; selected: false; clickable: false; longClickable: false; contextClickable: false; enabled: true; password: false; scrollable: false; importantForAccessibility: false; visible: false; actions: [AccessibilityAction: ACTION_SELECT - null, AccessibilityAction: ACTION_CLEAR_SELECTION - null, AccessibilityAction: ACTION_ACCESSIBILITY_FOCUS - null, AccessibilityAction: ACTION_SHOW_ON_SCREEN - null]; isTextSelectable: false
06-26 03:36:30.989  8356  8882 D Maestro : View hierarchy received in 36 ms
06-26 03:36:31.081  8356  8960 D Maestro : Requesting view hierarchy
06-26 03:36:31.082  8356  8960 W QueryController: Could not detect idle state.
06-26 03:36:31.082  8356  8960 W QueryController: Could not detect idle state.
06-26 03:36:31.103  8356  8960 I Maestro : Skipping invisible child: android.view.accessibility.AccessibilityNodeInfo@128b4; boundsInParent: Rect(0, 0 - 320, 0); boundsInScreen: Rect(0, 0 - 320, 0); boundsInWindow: Rect(0, 0 - 320, 0); packageName: com.hanapkalinga.mobile; className: android.widget.LinearLayout; text: null; error: null; maxTextLength: -1; stateDescription: null; contentDescription: null; tooltipText: null; containerTitle: null; viewIdResName: null; uniqueId: null; checkable: false; checked: false; focusable: false; focused: false; selected: false; clickable: false; longClickable: false; contextClickable: false; enabled: true; password: false; scrollable: false; importantForAccessibility: false; visible: false; actions: [AccessibilityAction: ACTION_SELECT - null, AccessibilityAction: ACTION_CLEAR_SELECTION - null, AccessibilityAction: ACTION_ACCESSIBILITY_FOCUS - null, AccessibilityAction: ACTION_SHOW_ON_SCREEN - null]; isTextSelectable: false
06-26 03:36:31.104  8356  8960 I Maestro : Skipping invisible child: android.view.accessibility.AccessibilityNodeInfo@124f3; boundsInParent: Rect(0, 0 - 320, 0); boundsInScreen: Rect(0, 0 - 320, 0); boundsInWindow: Rect(0, 0 - 320, 0); packageName: com.hanapkalinga.mobile; className: android.view.ViewGroup; text: null; error: null; maxTextLength: -1; stateDescription: null; contentDescription: null; tooltipText: null; containerTitle: null; viewIdResName: null; uniqueId: null; checkable: false; checked: false; focusable: false; focused: false; selected: false; clickable: false; longClickable: false; contextClickable: false; enabled: true; password: false; scrollable: false; importantForAccessibility: false; visible: false; actions: [AccessibilityAction: ACTION_SELECT - null, AccessibilityAction: ACTION_CLEAR_SELECTION - null, AccessibilityAction: ACTION_ACCESSIBILITY_FOCUS - null, AccessibilityAction: ACTION_SHOW_ON_SCREEN - null]; isTextSelectable: false
06-26 03:36:31.105  8356  8960 I Maestro : Skipping invisible child: android.view.accessibility.AccessibilityNodeInfo@1a495; boundsInParent: Rect(0, 0 - 320, 0); boundsInScreen: Rect(0, 0 - 320, 0); boundsInWindow: Rect(0, 0 - 320, 0); packageName: com.hanapkalinga.mobile; className: android.widget.LinearLayout; text: null; error: null; maxTextLength: -1; stateDescription: null; contentDescription: null; tooltipText: null; containerTitle: null; viewIdResName: null; uniqueId: null; checkable: false; checked: false; focusable: false; focused: false; selected: false; clickable: false; longClickable: false; contextClickable: false; enabled: true; password: false; scrollable: false; importantForAccessibility: false; visible: false; actions: [AccessibilityAction: ACTION_SELECT - null, AccessibilityAction: ACTION_CLEAR_SELECTION - null, AccessibilityAction: ACTION_ACCESSIBILITY_FOCUS - null, AccessibilityAction: ACTION_SHOW_ON_SCREEN - null]; isTextSelectable: false
06-26 03:36:31.105  8356  8960 I Maestro : Skipping invisible child: android.view.accessibility.AccessibilityNodeInfo@1a0d4; boundsInParent: Rect(0, 0 - 320, 0); boundsInScreen: Rect(0, 0 - 320, 0); boundsInWindow: Rect(0, 0 - 320, 0); packageName: com.hanapkalinga.mobile; className: android.view.ViewGroup; text: null; error: null; maxTextLength: -1; stateDescription: null; contentDescription: null; tooltipText: null; containerTitle: null; viewIdResName: null; uniqueId: null; checkable: false; checked: false; focusable: false; focused: false; selected: false; clickable: false; longClickable: false; contextClickable: false; enabled: true; password: false; scrollable: false; importantForAccessibility: false; visible: false; actions: [AccessibilityAction: ACTION_SELECT - null, AccessibilityAction: ACTION_CLEAR_SELECTION - null, AccessibilityAction: ACTION_ACCESSIBILITY_FOCUS - null, AccessibilityAction: ACTION_SHOW_ON_SCREEN - null]; isTextSelectable: false
06-26 03:36:31.126  8356  8960 D Maestro : View hierarchy received in 45 ms
06-26 03:36:31.177  8356  8960 W QueryController: Could not detect idle state.
06-26 03:36:31.179  8356  8960 W QueryController: Could not detect idle state.
06-26 03:36:31.181  8356  8960 W UiDevice: Skipping wait as package ${APP_ID} does not match current window com.hanapkalinga.mobile.
06-26 03:36:31.186  8356  8960 W QueryController: Could not detect idle state.
06-26 03:36:31.189  8356  8960 W QueryController: Could not detect idle state.
06-26 03:36:31.193  8356  8960 W UiDevice: Skipping wait as package ${APP_ID} does not match current window com.hanapkalinga.mobile.
06-26 03:36:31.198  8356  8960 W QueryController: Could not detect idle state.
06-26 03:36:31.199  8356  8960 W QueryController: Could not detect idle state.
06-26 03:36:31.202  8356  8960 W UiDevice: Skipping wait as package ${APP_ID} does not match current window com.hanapkalinga.mobile.
06-26 03:36:31.207  8356  8960 W QueryController: Could not detect idle state.
06-26 03:36:31.210  8356  8960 W QueryController: Could not detect idle state.
06-26 03:36:31.215  8356  8960 W UiDevice: Skipping wait as package ${APP_ID} does not match current window com.hanapkalinga.mobile.
06-26 03:36:31.221  8356  8960 W QueryController: Could not detect idle state.
06-26 03:36:31.223  8356  8960 W QueryController: Could not detect idle state.
06-26 03:36:31.227  8356  8960 W UiDevice: Skipping wait as package ${APP_ID} does not match current window com.hanapkalinga.mobile.
06-26 03:36:31.232  8356  8960 W QueryController: Could not detect idle state.
06-26 03:36:31.233  8356  8960 W QueryController: Could not detect idle state.
06-26 03:36:31.235  8356  8960 W UiDevice: Skipping wait as package ${APP_ID} does not match current window com.hanapkalinga.mobile.
06-26 03:36:31.283  8356  8960 W QueryController: Could not detect idle state.
06-26 03:36:31.284  8356  8960 W QueryController: Could not detect idle state.
06-26 03:36:31.286  8356  8960 W UiDevice: Skipping wait as package ${APP_ID} does not match current window com.hanapkalinga.mobile.
06-26 03:36:31.291  8356  8960 W QueryController: Could not detect idle state.
06-26 03:36:31.292  8356  8960 W QueryController: Could not detect idle state.
06-26 03:36:31.295  8356  8960 W UiDevice: Skipping wait as package ${APP_ID} does not match current window com.hanapkalinga.mobile.
06-26 03:36:31.299  8356  8960 W QueryController: Could not detect idle state.
06-26 03:36:31.300  8356  8960 W QueryController: Could not detect idle state.
06-26 03:36:31.303  8356  8960 W UiDevice: Skipping wait as package ${APP_ID} does not match current window com.hanapkalinga.mobile.
06-26 03:36:31.308  8356  8960 W QueryController: Could not detect idle state.
06-26 03:36:31.309  8356  8960 W QueryController: Could not detect idle state.
06-26 03:36:31.311  8356  8960 W UiDevice: Skipping wait as package ${APP_ID} does not match current window com.hanapkalinga.mobile.
06-26 03:36:31.356  8356  8960 W QueryController: Could not detect idle state.
06-26 03:36:31.357  8356  8960 W QueryController: Could not detect idle state.
06-26 03:36:31.359  8356  8960 W UiDevice: Skipping wait as package ${APP_ID} does not match current window com.hanapkalinga.mobile.
06-26 03:36:31.363  8356  8960 W QueryController: Could not detect idle state.
06-26 03:36:31.366  8356  8960 W QueryController: Could not detect idle state.
06-26 03:36:31.371  8356  8960 W UiDevice: Skipping wait as package ${APP_ID} does not match current window com.hanapkalinga.mobile.
06-26 03:36:31.377  8356  8960 W QueryController: Could not detect idle state.
06-26 03:36:31.378  8356  8960 W QueryController: Could not detect idle state.
06-26 03:36:31.380  8356  8960 W UiDevice: Skipping wait as package ${APP_ID} does not match current window com.hanapkalinga.mobile.
06-26 03:36:31.385  8356  8960 W QueryController: Could not detect idle state.
06-26 03:36:31.386  8356  8960 W QueryController: Could not detect idle state.
06-26 03:36:31.390  8356  8960 W UiDevice: Skipping wait as package ${APP_ID} does not match current window com.hanapkalinga.mobile.
06-26 03:36:31.395  8356  8960 W QueryController: Could not detect idle state.
06-26 03:36:31.396  8356  8960 W QueryController: Could not detect idle state.
06-26 03:36:31.397  8356  8960 W UiDevice: Skipping wait as package ${APP_ID} does not match current window com.hanapkalinga.mobile.
06-26 03:36:31.402  8356  8960 W QueryController: Could not detect idle state.
06-26 03:36:31.403  8356  8960 W QueryController: Could not detect idle state.
06-26 03:36:31.406  8356  8960 W UiDevice: Skipping wait as package ${APP_ID} does not match current window com.hanapkalinga.mobile.
06-26 03:36:31.411  8356  8960 W QueryController: Could not detect idle state.
06-26 03:36:31.415  8356  8960 W QueryController: Could not detect idle state.
06-26 03:36:31.419  8356  8960 W UiDevice: Skipping wait as package ${APP_ID} does not match current window com.hanapkalinga.mobile.
06-26 03:36:31.425  8356  8960 W QueryController: Could not detect idle state.
06-26 03:36:31.425  8356  8960 W QueryController: Could not detect idle state.
06-26 03:36:31.427  8356  8960 W UiDevice: Skipping wait as package ${APP_ID} does not match current window com.hanapkalinga.mobile.
06-26 03:36:31.432  8356  8960 W QueryController: Could not detect idle state.
06-26 03:36:31.433  8356  8960 W QueryController: Could not detect idle state.
06-26 03:36:31.435  8356  8960 W UiDevice: Skipping wait as package ${APP_ID} does not match current window com.hanapkalinga.mobile.
06-26 03:36:31.481  8356  8960 W QueryController: Could not detect idle state.
06-26 03:36:31.482  8356  8960 W QueryController: Could not detect idle state.
06-26 03:36:31.484  8356  8960 W UiDevice: Skipping wait as package ${APP_ID} does not match current window com.hanapkalinga.mobile.
06-26 03:36:31.489  8356  8960 W QueryController: Could not detect idle state.
06-26 03:36:31.491  8356  8960 W QueryController: Could not detect idle state.
06-26 03:36:31.496  8356  8960 W UiDevice: Skipping wait as package ${APP_ID} does not match current window com.hanapkalinga.mobile.
06-26 03:36:31.501  8356  8960 W QueryController: Could not detect idle state.
06-26 03:36:31.502  8356  8960 W QueryController: Could not detect idle state.
06-26 03:36:31.504  8356  8960 W UiDevice: Skipping wait as package ${APP_ID} does not match current window com.hanapkalinga.mobile.
06-26 03:36:31.508  8356  8960 W QueryController: Could not detect idle state.
06-26 03:36:31.510  8356  8960 W QueryController: Could not detect idle state.
06-26 03:36:31.513  8356  8960 W UiDevice: Skipping wait as package ${APP_ID} does not match current window com.hanapkalinga.mobile.
06-26 03:36:31.518  8356  8960 W QueryController: Could not detect idle state.
