--------- beginning of main
06-26 03:29:06.963   521   758 D WifiConfigManager: Remove all networks for app ApplicationInfo{3f83b47 dev.mobile.maestro.test}
06-26 03:29:06.966  1665  2294 D MediaProvider: Deleted 0 Android/media items belonging to dev.mobile.maestro on /data/user/0/com.google.android.providers.media.module/databases/external.db
06-26 03:29:06.968   836   918 D StylusManager: Stylus InputDevice changed: 14 virtio_input_multi_touch_11
06-26 03:29:06.973  1669  2008 I AiAiEcho: [pnb-agg] Reload pnb aggregation on events deleted
06-26 03:29:06.973  1669  2008 I AiAiEcho: [pnb-agg] pnb aggregation disabled.
06-26 03:29:06.979  1665  2294 D MediaGrants: Removed 0 media_grants for 0 user for dev.mobile.maestro. Reason: Package orphaned
06-26 03:29:06.980  1665  2294 I MediaProvider: End Intent { act=android.intent.action.PACKAGE_FULLY_REMOVED dat=package: flg=0x5000010 cmp=com.google.android.providers.media.module/com.android.providers.media.MediaService (has extras) }
06-26 03:29:06.984   521   758 D WifiConfigStore: Writing to stores completed in 20 ms.
06-26 03:29:06.984   521   758 I PasspointManager: No app ops listener found for dev.mobile.maestro.test
06-26 03:29:06.986  1665  2294 I MediaProvider: Begin Intent { act=android.intent.action.PACKAGE_FULLY_REMOVED dat=package: flg=0x5000010 cmp=com.google.android.providers.media.module/com.android.providers.media.MediaService (has extras) }
06-26 03:29:06.987  1669  2179 I AiAiEcho: EchoSearch: WidgetFetcherImpl is initialized with [28] widgets [reason=package removed for userId: 0]
06-26 03:29:06.990   521   924 I RemoteProvisionSysSvc: Fetching key 10131 for client 86224608
06-26 03:29:06.990   521   924 I RegistrationProxy: getKeyAsync operation started with callback 180507754
06-26 03:29:06.991  3515  3566 I RkpdRegistrationBinder: Key requested for : android.hardware.security.keymint.IRemotelyProvisionedComponent/default, clientUid: 1017, keyId: 10131, callback: 7672902
06-26 03:29:06.992  3515  3566 I RkpdRegistrationBinder: Key successfully assigned to client
06-26 03:29:06.994   521   925 D SafetySourceDataValidator: No cert check requested for package com.google.android.permissioncontroller
06-26 03:29:06.995   521   521 I RemoteProvisionSysSvc: Successfully fetched key for client 86224608
06-26 03:29:06.997  1665  2294 D MediaProvider: Deleted 0 Android/media items belonging to dev.mobile.maestro.test on /data/user/0/com.google.android.providers.media.module/databases/external.db
06-26 03:29:07.001   332   364 I netd    : tetherGetStats() -> {[]} <0.51ms>
06-26 03:29:07.014  6048  6781 I NamespaceManager: Package com.android.refreshratecontrol name not found! Using module version.
06-26 03:29:07.016  6048  6781 I NamespaceManager: Package com.google.oslo name not found! Using module version.
06-26 03:29:07.017   836   918 D StylusManager: Stylus InputDevice changed: 12 virtio_input_multi_touch_9
06-26 03:29:07.017  6048  6781 I NamespaceManager: Package com.android.media name not found! Using module version.
06-26 03:29:07.018   836   918 D StylusManager: Stylus InputDevice changed: 10 virtio_input_multi_touch_7
06-26 03:29:07.018   836   918 D StylusManager: Stylus InputDevice changed: 8 virtio_input_multi_touch_5
06-26 03:29:07.019   836   918 D StylusManager: Stylus InputDevice changed: 7 virtio_input_multi_touch_4
06-26 03:29:07.019   836   918 D StylusManager: Stylus InputDevice changed: 6 virtio_input_multi_touch_3
06-26 03:29:07.019   836   918 D StylusManager: Stylus InputDevice changed: 4 virtio_input_multi_touch_1
06-26 03:29:07.020   836   918 D StylusManager: Stylus InputDevice changed: 9 virtio_input_multi_touch_6
06-26 03:29:07.020   836   918 D StylusManager: Stylus InputDevice changed: 13 virtio_input_multi_touch_10
06-26 03:29:07.020   836   918 D StylusManager: Stylus InputDevice changed: 5 virtio_input_multi_touch_2
06-26 03:29:07.020   836   918 D StylusManager: Stylus InputDevice changed: 11 virtio_input_multi_touch_8
06-26 03:29:07.021  1665  2294 D MediaGrants: Removed 0 media_grants for 0 user for dev.mobile.maestro.test. Reason: Package orphaned
06-26 03:29:07.026  1665  2294 I MediaProvider: End Intent { act=android.intent.action.PACKAGE_FULLY_REMOVED dat=package: flg=0x5000010 cmp=com.google.android.providers.media.module/com.android.providers.media.MediaService (has extras) }
06-26 03:29:07.032  1667  1667 I GsaVoiceInteractionSrv: O received Intent { act=android.intent.action.PACKAGE_REMOVED dat=package: flg=0x4000010 (has extras) }
06-26 03:29:07.036  1667  1667 I GsaVoiceInteractionSrv: O received Intent { act=android.intent.action.PACKAGE_REMOVED dat=package: flg=0x4000010 (has extras) }
06-26 03:29:07.044   850   850 D PersistedStoragePackageUninstalledReceiver: Received android.intent.action.PACKAGE_FULLY_REMOVED for dev.mobile.maestro for u0
06-26 03:29:07.049  2970  3010 W libc    : Access denied finding property "persist.adb.tls_server.enable"
06-26 03:29:07.050  2970  3010 W libc    : Access denied finding property "service.adb.tls.port"
06-26 03:29:07.046  2970  2970 W binder:2970_2: type=1400 audit(0.0:56): avc:  denied  { read } for  name="u:object_r:system_adbd_prop:s0" dev="tmpfs" ino=292 scontext=u:r:gmscore_app:s0:c512,c768 tcontext=u:object_r:system_adbd_prop:s0 tclass=file permissive=0 app=com.google.android.gms
06-26 03:29:07.046  2970  2970 W binder:2970_2: type=1400 audit(0.0:57): avc:  denied  { read } for  name="u:object_r:adbd_prop:s0" dev="tmpfs" ino=60 scontext=u:r:gmscore_app:s0:c512,c768 tcontext=u:object_r:adbd_prop:s0 tclass=file permissive=0 app=com.google.android.gms
06-26 03:29:07.071  1789  2304 W SearchServiceCore: Abort, client detached.
06-26 03:29:07.072  1789  2304 W SearchServiceCore: Abort, client detached.
06-26 03:29:07.072  1789  2304 W SearchServiceCore: Abort, client detached.
06-26 03:29:07.072  1789  2304 W SearchServiceCore: Abort, client detached.
06-26 03:29:07.073  1789  2304 W SearchServiceCore: Abort, client detached.
06-26 03:29:07.073  1789  2304 W SearchServiceCore: Abort, client detached.
06-26 03:29:07.073  1789  2304 W SearchServiceCore: Abort, client detached.
06-26 03:29:07.077  6094  6747 W ModuleInitIntentOp: Dropping unexpected action com.google.android.gms.phenotype.COMMITTED
06-26 03:29:07.077  6094  7019 W ModuleInitIntentOp: Dropping unexpected action com.google.android.gms.phenotype.COMMITTED
06-26 03:29:07.077  6094  7019 W ModuleInitIntentOp: Dropping unexpected action com.google.android.gms.phenotype.COMMITTED
06-26 03:29:07.077  6094  7019 V Backup  : [PhenotypeConfigIO] Phenotype broadcast received for different package
06-26 03:29:07.078  6094  6739 I MdiSyncModule: flag handling is skipping irrelevant intent.
06-26 03:29:07.079  6094  6739 I MlBenchmarkInstaller: Intent: com.google.android.gms.phenotype.COMMITTED [CONTEXT service_id=340 ]
06-26 03:29:07.079  6094  6739 I MlBenchmarkInstaller: COMMITTED Extra package name: com.google.android.gms.wearable [CONTEXT service_id=340 ]
06-26 03:29:07.082  6094  6747 W ModuleInitIntentOp: Dropping unexpected action com.google.android.gms.phenotype.COMMITTED
06-26 03:29:07.082  6094  7019 I SyncIntentOperation: Handling the intent: Intent { act=com.google.android.gms.phenotype.COMMITTED flg=0x10 pkg=com.google.android.gms cmp=com.google.android.gms/.chimera.GmsIntentOperationService (has extras) }. [CONTEXT service_id=80 ]
06-26 03:29:07.082  6094  7019 I LocationHistory: [IntentOperation] Handling action com.google.android.gms.phenotype.COMMITTED [CONTEXT service_id=314 ]
06-26 03:29:07.083  6094  6747 I GmsSyncPolicyEngine: Periodic sync 1 disabled by policy, cancelled.
06-26 03:29:07.084  6094  6747 I GmsSyncPolicyEngine: Periodic sync 2 disabled by policy, cancelled.
06-26 03:29:07.087  6048  6781 I NamespaceManager: Package com.android.media.swcodec name not found! Using module version.
06-26 03:29:07.088  6094  6747 I GmsSyncPolicyEngine: Periodic sync 3 disabled by policy, cancelled.
06-26 03:29:07.092  6048  6781 I NamespaceManager: Package com.android.neuralnetworks name not found! Using module version.
06-26 03:29:07.093   521  2420 D SafetySourceDataValidator: No cert check requested for package com.google.android.permissioncontroller
06-26 03:29:07.094  6094  6743 I BlockstoreStorage: Clearing all the Blockstore Data for package dev.mobile.maestro [CONTEXT service_id=258 ]
06-26 03:29:07.094  6094  6743 I BlockstoreStorage: Clearing all the Blockstore Data for 1 packages [CONTEXT service_id=258 ]
06-26 03:29:07.095  6048  6781 I NamespaceManager: Package com.android.media name not found! Using module version.
06-26 03:29:07.098  6048  6729 I ProximityAuth: [RecentAppsMediator] Package removed: (user=UserHandle{0}) dev.mobile.maestro
06-26 03:29:07.100  6048  6781 I NamespaceManager: Package 1 name not found! Using module version.
06-26 03:29:07.103  6048  6781 I NamespaceManager: Package rkpd name not found! Using module version.
06-26 03:29:07.108  6048  6781 I NamespaceManager: Package android.companion name not found! Using module version.
06-26 03:29:07.108  6094  6094 D BoundBrokerSvc: onUnbind: Intent { act=com.google.android.gms.common.BIND_SHARED_PREFS pkg=com.google.android.gms }
06-26 03:29:07.111  6094  6148 E WorkSourceUtil: Could not find package: dev.mobile.maestro
06-26 03:29:07.112  6048  6781 I NamespaceManager: Package com.google.android.aicore name not found! Using module version.
06-26 03:29:07.113  6048  6781 I NamespaceManager: Package com.google.android.audioproxy name not found! Using module version.
06-26 03:29:07.116  6048  6781 I NamespaceManager: Package com.google.android.apps.pixel.psi name not found! Using module version.
06-26 03:29:07.119  6048  6781 I NamespaceManager: Package com.google.android.apps.safetycore name not found! Using module version.
06-26 03:29:07.120  6048  6781 I NamespaceManager: Package com.google.android.crashrecovery name not found! Using module version.
06-26 03:29:07.123  6048  6781 I NamespaceManager: Package com.google.android.profiling name not found! Using module version.
06-26 03:29:07.124  6048  6781 I NamespaceManager: Package com.google.android.bt name not found! Using module version.
06-26 03:29:07.124  6048  6781 I NamespaceManager: Package com.google.android.nfcservices name not found! Using module version.
06-26 03:29:07.125  6048  6781 I NamespaceManager: Package com.google.android.webapp name not found! Using module version.
06-26 03:29:07.126  6048  6781 I NamespaceManager: Package com.google.android.telephonycore name not found! Using module version.
06-26 03:29:07.128  6048  6781 I NamespaceManager: Package com.google.android.uprobestats name not found! Using module version.
06-26 03:29:07.132   850   850 D PersistedStoragePackageUninstalledReceiver: Received android.intent.action.PACKAGE_FULLY_REMOVED for dev.mobile.maestro.test for u0
06-26 03:29:07.144   521  2055 E AtomicFile: Failed to rename /data/system/cachequota.xml.new to /data/system/cachequota.xml
06-26 03:29:07.149  6048  6781 W PhenotypeConfigurationU: Update for unknown DeviceConfig package com.google.android.gms.ocr [CONTEXT service_id=204 ]
06-26 03:29:07.149  6048  6781 W PhenotypeConfigurationU: bwix: No package exists for config package: com.google.android.gms.ocr
06-26 03:29:07.149  6048  6781 W PhenotypeConfigurationU: 	at com.google.android.gms.platformconfigurator.PhenotypeConfigurationUpdateListener.b(:com.google.android.gms@231818047@23.18.18 (190800-535401451):6)
06-26 03:29:07.149  6048  6781 W PhenotypeConfigurationU: 	at com.google.android.gms.platformconfigurator.PhenotypeConfigurationUpdateListener.a(:com.google.android.gms@231818047@23.18.18 (190800-535401451):4)
06-26 03:29:07.149  6048  6781 W PhenotypeConfigurationU: 	at com.google.android.gms.platformconfigurator.PhenotypeConfigurationUpdateListener.onHandleIntent(:com.google.android.gms@231818047@23.18.18 (190800-535401451):21)
06-26 03:29:07.149  6048  6781 W PhenotypeConfigurationU: 	at com.google.android.chimera.IntentOperation.onHandleIntent(:com.google.android.gms@231818047@23.18.18 (190800-535401451):2)
06-26 03:29:07.149  6048  6781 W PhenotypeConfigurationU: 	at zhv.onHandleIntent(:com.google.android.gms@231818047@23.18.18 (190800-535401451):4)
06-26 03:29:07.149  6048  6781 W PhenotypeConfigurationU: 	at hjm.run(:com.google.android.gms@231818047@23.18.18 (190800-535401451):3)
06-26 03:29:07.149  6048  6781 W PhenotypeConfigurationU: 	at hjl.run(:com.google.android.gms@231818047@23.18.18 (190800-535401451):11)
06-26 03:29:07.149  6048  6781 W PhenotypeConfigurationU: 	at dfhf.run(:com.google.android.gms@231818047@23.18.18 (190800-535401451):2)
06-26 03:29:07.149  6048  6781 W PhenotypeConfigurationU: 	at java.util.concurrent.ThreadPoolExecutor.runWorker(ThreadPoolExecutor.java:1145)
06-26 03:29:07.149  6048  6781 W PhenotypeConfigurationU: 	at java.util.concurrent.ThreadPoolExecutor$Worker.run(ThreadPoolExecutor.java:644)
06-26 03:29:07.149  6048  6781 W PhenotypeConfigurationU: 	at java.lang.Thread.run(Thread.java:1012)
06-26 03:29:07.162  6048  6780 I PTCommittedOperation: Receive new configuration for com.google.android.gms.wearable
06-26 03:29:07.170  6094  6094 D BoundBrokerSvc: onBind: Intent { act=com.google.android.gms.common.BIND_SHARED_PREFS pkg=com.google.android.gms }
06-26 03:29:07.170  6094  6094 D BoundBrokerSvc: Loading bound service for intent: Intent { act=com.google.android.gms.common.BIND_SHARED_PREFS pkg=com.google.android.gms }
06-26 03:29:07.180  6048  6780 I Fitness : FitCleanupIntentOperation received Intent android.intent.action.PACKAGE_REMOVED [CONTEXT service_id=17 ]
06-26 03:29:07.208  6048  6729 I ProximityAuth: [RecentAppsMediator] Package removed: (user=UserHandle{0}) dev.mobile.maestro.test
06-26 03:29:07.212  6048  6729 I Fitness : FitCleanupIntentOperation received Intent android.intent.action.PACKAGE_REMOVED [CONTEXT service_id=17 ]
06-26 03:29:07.225  6094  7020 W DynamiteModule: Local module descriptor class for com.google.android.gms.vision.dynamite.ocr not found.
06-26 03:29:07.225  6094  7020 W ProviderHelper: Unknown dynamite feature vision.dynamite.ocr
06-26 03:29:07.226  6094  7020 I DynamiteModule: Considering local module com.google.android.gms.vision.dynamite.ocr:0 and remote module com.google.android.gms.vision.dynamite.ocr:0
06-26 03:29:07.226  6094  7020 W ProviderHelper: Ignoring optional dynamite feature vision.ocr
06-26 03:29:07.226  6094  7020 W DynamiteModule: Local module descriptor class for com.google.android.gms.vision.ocr not found.
06-26 03:29:07.226  6094  7020 I DynamiteModule: Considering local module com.google.android.gms.vision.ocr:0 and remote module com.google.android.gms.vision.ocr:0
06-26 03:29:07.226  6094  7020 W Vision  : Error loading optional module com.google.android.gms.vision.ocr: ahbb: No acceptable module com.google.android.gms.vision.ocr found. Local version is 0 and remote version is 0.
06-26 03:29:07.227  6094  7020 W TextNativeHandle: Native handle not yet available. Reverting to no-op handle.
06-26 03:29:07.227  6094  7020 W DynamiteModule: Local module descriptor class for com.google.android.gms.vision.dynamite.ocr not found.
06-26 03:29:07.228  6094  7020 W ProviderHelper: Unknown dynamite feature vision.dynamite.ocr
06-26 03:29:07.228  6094  7020 I DynamiteModule: Considering local module com.google.android.gms.vision.dynamite.ocr:0 and remote module com.google.android.gms.vision.dynamite.ocr:0
06-26 03:29:07.228  6094  7020 W ProviderHelper: Ignoring optional dynamite feature vision.ocr
06-26 03:29:07.228  6094  7020 W DynamiteModule: Local module descriptor class for com.google.android.gms.vision.ocr not found.
06-26 03:29:07.228  6094  7020 I DynamiteModule: Considering local module com.google.android.gms.vision.ocr:0 and remote module com.google.android.gms.vision.ocr:0
06-26 03:29:07.228  6094  7020 W Vision  : Error loading optional module com.google.android.gms.vision.ocr: ahbb: No acceptable module com.google.android.gms.vision.ocr found. Local version is 0 and remote version is 0.
06-26 03:29:07.228  6094  7020 I OcrModelUpStIntentOp: Downloading text recognizer
06-26 03:29:07.237   521   765 D ConnectivityService: NetReassign [no changes] [c 0] [a 0] [i 1]
06-26 03:29:07.244  6094  6745 W DriveInitializer: Awaiting to be initialized
06-26 03:29:07.255  6094  6094 D BoundBrokerSvc: onUnbind: Intent { act=com.google.android.gms.common.BIND_SHARED_PREFS pkg=com.google.android.gms }
06-26 03:29:07.255  5904  5948 D EGL_emulation: app_time_stats: avg=498.92ms min=490.69ms max=506.89ms count=3
06-26 03:29:07.257  6094  7130 I Icing   : doRemovePackageData dev.mobile.maestro
06-26 03:29:07.273  6094  7021 I ChimeraConfigurator: Starting update, reason: 4 urgentFeatures: vision.ocr:-1
06-26 03:29:07.292  6094  7021 I ChimeraConfigurator: Detected pending changes for urgent request: [vision.ocr]. Pending module sets: container:2318189190800+mlkit.ocr.common,tflite_dynamite:2605805025100800+tflite_dynamite,vision_ocr:2316024025100000+vision.ocr
06-26 03:29:07.327  6094  6758 W SQLiteLog: (28) double-quoted string literal: "dev.mobile.maestro"
06-26 03:29:07.333  6094  7130 I Icing   : Indexing com.google.android.gms-apps from com.google.android.gms
06-26 03:29:07.347   850   856 I ssioncontroller: Background young concurrent copying GC freed 122281(6753KB) AllocSpace objects, 11(220KB) LOS objects, 44% free, 8434KB/14MB, paused 31us,9us total 260.506ms
06-26 03:29:07.361  6048  6315 W NetworkScheduler: The extras of the task (com.google.android.gms.ocr.service.ModelCleanUpTaskService:type_[4]) are not valid to be persisted so that the task is not persisted [CONTEXT service_id=218 ]
06-26 03:29:07.361  6048  6315 W NetworkScheduler: java.lang.IllegalArgumentException: Only the following extra parameter types are supported: Integer, Long, Double, String, Boolean, and nested Bundles with the same restrictions.
06-26 03:29:07.361  6048  6315 W NetworkScheduler: 	at awaz.e(:com.google.android.gms@231818047@23.18.18 (190800-535401451):10)
06-26 03:29:07.361  6048  6315 W NetworkScheduler: 	at byui.f(:com.google.android.gms@231818047@23.18.18 (190800-535401451):44)
06-26 03:29:07.361  6048  6315 W NetworkScheduler: 	at bytb.n(:com.google.android.gms@231818047@23.18.18 (190800-535401451):3)
06-26 03:29:07.361  6048  6315 W NetworkScheduler: 	at bytb.u(:com.google.android.gms@231818047@23.18.18 (190800-535401451):20)
06-26 03:29:07.361  6048  6315 W NetworkScheduler: 	at bytb.h(:com.google.android.gms@231818047@23.18.18 (190800-535401451):3)
06-26 03:29:07.361  6048  6315 W NetworkScheduler: 	at byot.run(:com.google.android.gms@231818047@23.18.18 (190800-535401451):9)
06-26 03:29:07.361  6048  6315 W NetworkScheduler: 	at aced.c(:com.google.android.gms@231818047@23.18.18 (190800-535401451):6)
06-26 03:29:07.361  6048  6315 W NetworkScheduler: 	at aced.run(:com.google.android.gms@231818047@23.18.18 (190800-535401451):8)
06-26 03:29:07.361  6048  6315 W NetworkScheduler: 	at java.util.concurrent.ThreadPoolExecutor.runWorker(ThreadPoolExecutor.java:1145)
06-26 03:29:07.361  6048  6315 W NetworkScheduler: 	at java.util.concurrent.ThreadPoolExecutor$Worker.run(ThreadPoolExecutor.java:644)
06-26 03:29:07.361  6048  6315 W NetworkScheduler: 	at acjn.run(:com.google.android.gms@231818047@23.18.18 (190800-535401451):0)
06-26 03:29:07.361  6048  6315 W NetworkScheduler: 	at java.lang.Thread.run(Thread.java:1012)
06-26 03:29:07.373  6094  7021 I GmsDebugLogger: [73] 1801
06-26 03:29:07.375  6094  7021 W ZappDownloader: No successful module downloads for requested features [vision.ocr].
06-26 03:29:07.375  6094  7021 I GmsDebugLogger: [30] [VisionOcrDynamite.integ:231602402100000],[TfliteDynamiteDynamite.integ:260580502100800],[MlkitOcrCommon.optional:231818100800]
06-26 03:29:07.385  6094  7021 W ChimeraConfigService: Retry attempt was throttled. [CONTEXT service_id=264 ]
06-26 03:29:07.386  6094  7021 I GmsDebugLogger: [83] 1 [vision.ocr]
06-26 03:29:07.391  6094  6754 W Vision  : Request for optional module download of ocr failed. Request again.
06-26 03:29:07.391  6094  6754 W Vision  : Would have logged:
06-26 03:29:07.391  6094  6754 W Vision  : # dsae@37884fe7
06-26 03:29:07.392  6094  6754 I Vision  : Schedule retrying download ocr at 158825 with backoff 10 seconds
06-26 03:29:07.395  7126  7126 W BpBinder: Linking to death on android.gui.ISurfaceComposer but there are no threads (yet?) listening to incoming transactions. See ProcessState::startThreadPool and ProcessState::setThreadPoolMaxThreadCount. Generally you should setup the binder threadpool before other initialization steps.
06-26 03:29:07.396  7126  7126 W ProcessState: Extra binder thread started, but 0 threads requested. Do not use *startThreadPool when zero threads are requested.
06-26 03:29:07.408  6094  7130 I Icing   : Indexing done com.google.android.gms-apps
06-26 03:29:07.415  6094  6148 E MDD     : FileGroupManager: Trying to add expired group enpromo-state-config.
06-26 03:29:07.418   134   134 I hwservicemanager: getTransport: Cannot find entry android.hardware.graphics.mapper@4.0::IMapper/default in either framework or device VINTF manifest.
06-26 03:29:07.418  7126  7138 I Gralloc4: mapper 4.x is not supported
--------- beginning of kernel
06-26 03:29:07.582     0     0 I servicemanager: Could not find android.hardware.graphics.allocator.IAllocator/default in the VINTF manifest.
06-26 03:29:07.422  2970  3010 W SystemServiceRegistry: No service published for: persistent_data_block
--------- beginning of system
06-26 03:29:07.426   521   550 W WindowMagnificationMgr: requestConnection duplicated request: connect=false, mConnectionState=DISCONNECTED
06-26 03:29:07.445   521   550 D OomAdjuster: Not killing cached processes
06-26 03:29:07.482  6094  6103 I gle.android.gms: Background young concurrent copying GC freed 229229(9892KB) AllocSpace objects, 45(1600KB) LOS objects, 31% free, 17MB/25MB, paused 53us,49us total 325.314ms
06-26 03:29:07.483  6094  6148 W MDD     : MDDManager class cqfz
06-26 03:29:07.484  6094  6094 D BoundBrokerSvc: onUnbind: Intent { act=com.google.android.gms.constellation.service.START pkg=com.google.android.gms }
06-26 03:29:07.498  1669  1669 I AiAiEcho: AppFetcherImplV2 onPackageRemoved dev.mobile.maestro.test.
06-26 03:29:07.507  1669  2008 I AiAiEcho: [pnb-agg] Reload pnb aggregation on events deleted
06-26 03:29:07.507  1669  2008 I AiAiEcho: [pnb-agg] pnb aggregation disabled.
06-26 03:29:07.511  1104  1104 D Launcher.Model: package removed received dev.mobile.maestro.test
06-26 03:29:07.512  1104  1137 D PackageUpdatedTask: Removing app icondev.mobile.maestro.test
06-26 03:29:07.544  6094  6745 I BlockstoreStorage: Clearing all the Blockstore Data for package dev.mobile.maestro.test [CONTEXT service_id=258 ]
06-26 03:29:07.544  6094  6745 I BlockstoreStorage: Clearing all the Blockstore Data for 1 packages [CONTEXT service_id=258 ]
06-26 03:29:07.556  6094  6747 W SQLiteLog: (28) double-quoted string literal: "dev.mobile.maestro.test"
06-26 03:29:07.558  6094  6198 E WorkSourceUtil: Could not find package: dev.mobile.maestro.test
06-26 03:29:07.568  1104  1137 D ModelWriter: removing items from db . Reason: [removed because the corresponding package or component is removed. mOp=3 removedPackages=[dev.mobile.maestro.test] removedComponents=[]]
06-26 03:29:07.575  6094  7144 I Icing   : doRemovePackageData dev.mobile.maestro.test
06-26 03:29:07.578  1669  2179 I AiAiEcho: EchoSearch: WidgetFetcherImpl is initialized with [28] widgets [reason=package removed for userId: 0]
06-26 03:29:07.604  6094  7130 I ContentMaintenance: Internal cache bytes used: 0; limit: 100000000; download size: 0
06-26 03:29:07.608  6094  6152 I PinnedContentDownloader: Finished downloading pinned content.
06-26 03:29:07.616  7141  7141 D AndroidRuntime: >>>>>> START com.android.internal.os.RuntimeInit uid 2000 <<<<<<
06-26 03:29:07.622  6094  7144 I Icing   : Indexing com.google.android.gms-apps from com.google.android.gms
06-26 03:29:07.622  7141  7141 I AndroidRuntime: Using default boot image
06-26 03:29:07.622  7141  7141 I AndroidRuntime: Leaving lock profiling enabled
06-26 03:29:07.623  6094  7130 I RealtimeCacheCleanup: Beginning Realtime garbage collection.
06-26 03:29:07.627  7141  7141 I app_process: Core platform API reporting enabled, enforcing=false
06-26 03:29:07.627  7141  7141 I app_process: Using CollectorTypeCC GC.
06-26 03:29:07.633  6094  7130 I RealtimeCacheCleanup: Finished Realtime garbage collection.
06-26 03:29:07.661  6094  7144 I Icing   : Indexing done com.google.android.gms-apps
06-26 03:29:07.715  6048  6673 I NamespaceManager: Package com.android.refreshratecontrol name not found! Using module version.
06-26 03:29:07.715  6048  6673 I NamespaceManager: Package com.google.oslo name not found! Using module version.
06-26 03:29:07.716  6048  6673 I NamespaceManager: Package com.android.media name not found! Using module version.
06-26 03:29:07.716  6048  6673 I NamespaceManager: Package com.android.media.swcodec name not found! Using module version.
06-26 03:29:07.717  6048  6673 I NamespaceManager: Package com.android.neuralnetworks name not found! Using module version.
06-26 03:29:07.717  6048  6673 I NamespaceManager: Package com.android.media name not found! Using module version.
06-26 03:29:07.718  6048  6673 I NamespaceManager: Package 1 name not found! Using module version.
06-26 03:29:07.718  6048  6673 I NamespaceManager: Package rkpd name not found! Using module version.
06-26 03:29:07.718  6048  6673 I NamespaceManager: Package android.companion name not found! Using module version.
06-26 03:29:07.719  6048  6673 I NamespaceManager: Package com.google.android.aicore name not found! Using module version.
06-26 03:29:07.719  6048  6673 I NamespaceManager: Package com.google.android.audioproxy name not found! Using module version.
06-26 03:29:07.720  6048  6673 I NamespaceManager: Package com.google.android.apps.pixel.psi name not found! Using module version.
06-26 03:29:07.720  6048  6673 I NamespaceManager: Package com.google.android.apps.safetycore name not found! Using module version.
06-26 03:29:07.721  6048  6673 I NamespaceManager: Package com.google.android.crashrecovery name not found! Using module version.
06-26 03:29:07.721  6048  6673 I NamespaceManager: Package com.google.android.profiling name not found! Using module version.
06-26 03:29:07.721  6048  6673 I NamespaceManager: Package com.google.android.bt name not found! Using module version.
06-26 03:29:07.721  6048  6673 I NamespaceManager: Package com.google.android.nfcservices name not found! Using module version.
06-26 03:29:07.721  6048  6673 I NamespaceManager: Package com.google.android.webapp name not found! Using module version.
06-26 03:29:07.721  6048  6673 I NamespaceManager: Package com.google.android.telephonycore name not found! Using module version.
06-26 03:29:07.721  6048  6673 I NamespaceManager: Package com.google.android.uprobestats name not found! Using module version.
06-26 03:29:07.722  6048  6673 W PhenotypeConfigurationU: Update for unknown DeviceConfig package com.google.android.gms.pay [CONTEXT service_id=204 ]
06-26 03:29:07.722  6048  6673 W PhenotypeConfigurationU: bwix: No package exists for config package: com.google.android.gms.pay
06-26 03:29:07.722  6048  6673 W PhenotypeConfigurationU: 	at com.google.android.gms.platformconfigurator.PhenotypeConfigurationUpdateListener.b(:com.google.android.gms@231818047@23.18.18 (190800-535401451):6)
06-26 03:29:07.722  6048  6673 W PhenotypeConfigurationU: 	at com.google.android.gms.platformconfigurator.PhenotypeConfigurationUpdateListener.a(:com.google.android.gms@231818047@23.18.18 (190800-535401451):4)
06-26 03:29:07.722  6048  6673 W PhenotypeConfigurationU: 	at com.google.android.gms.platformconfigurator.PhenotypeConfigurationUpdateListener.onHandleIntent(:com.google.android.gms@231818047@23.18.18 (190800-535401451):21)
06-26 03:29:07.722  6048  6673 W PhenotypeConfigurationU: 	at com.google.android.chimera.IntentOperation.onHandleIntent(:com.google.android.gms@231818047@23.18.18 (190800-535401451):2)
06-26 03:29:07.722  6048  6673 W PhenotypeConfigurationU: 	at zhv.onHandleIntent(:com.google.android.gms@231818047@23.18.18 (190800-535401451):4)
06-26 03:29:07.722  6048  6673 W PhenotypeConfigurationU: 	at hjm.run(:com.google.android.gms@231818047@23.18.18 (190800-535401451):3)
06-26 03:29:07.722  6048  6673 W PhenotypeConfigurationU: 	at hjl.run(:com.google.android.gms@231818047@23.18.18 (190800-535401451):11)
06-26 03:29:07.722  6048  6673 W PhenotypeConfigurationU: 	at dfhf.run(:com.google.android.gms@231818047@23.18.18 (190800-535401451):2)
06-26 03:29:07.722  6048  6673 W PhenotypeConfigurationU: 	at java.util.concurrent.ThreadPoolExecutor.runWorker(ThreadPoolExecutor.java:1145)
06-26 03:29:07.722  6048  6673 W PhenotypeConfigurationU: 	at java.util.concurrent.ThreadPoolExecutor$Worker.run(ThreadPoolExecutor.java:644)
06-26 03:29:07.722  6048  6673 W PhenotypeConfigurationU: 	at java.lang.Thread.run(Thread.java:1012)
06-26 03:29:07.733  6094  6747 I Pay     : A Phenotype flag has been updated. [CONTEXT service_id=198 ]
06-26 03:29:07.733  6094  6747 I Pay     : Requested check of feature migrations. [CONTEXT service_id=198 ]
06-26 03:29:07.759  7141  7141 D nativeloader: InitDefaultPublicLibraries for_preload=1: libandroid.so:libaaudio.so:libamidi.so:libbinder_ndk.so:libc.so:libcamera2ndk.so:libdl.so:libEGL.so:libGLESv1_CM.so:libGLESv2.so:libGLESv3.so:libicu.so:libicui18n.so:libicuuc.so:libjnigraphics.so:liblog.so:libmediandk.so:libm.so:libnativehelper.so:libnativewindow.so:libOpenMAXAL.so:libOpenSLES.so:libRS.so:libstdc++.so:libsync.so:libvulkan.so:libwebviewchromium_plat_support.so:libz.so
06-26 03:29:07.779  1669  1711 I ogle.android.as: Background young concurrent copying GC freed 130373(5648KB) AllocSpace objects, 2(104KB) LOS objects, 41% free, 8065KB/13MB, paused 2.510ms,12us total 187.304ms
06-26 03:29:07.787  7141  7141 D app_process: Time zone APEX ICU file found: /apex/com.android.tzdata/etc/icu/icu_tzdata.dat
06-26 03:29:07.787  7141  7141 D app_process: I18n APEX ICU file found: /apex/com.android.i18n/etc/icu/icudt72l.dat
06-26 03:29:07.801  6048  6764 I NamespaceManager: Package com.android.refreshratecontrol name not found! Using module version.
06-26 03:29:07.801  6048  6764 I NamespaceManager: Package com.google.oslo name not found! Using module version.
06-26 03:29:07.802  6048  6764 I NamespaceManager: Package com.android.media name not found! Using module version.
06-26 03:29:07.802  6048  6764 I NamespaceManager: Package com.android.media.swcodec name not found! Using module version.
06-26 03:29:07.802  6048  6764 I NamespaceManager: Package com.android.neuralnetworks name not found! Using module version.
06-26 03:29:07.803  6048  6764 I NamespaceManager: Package com.android.media name not found! Using module version.
06-26 03:29:07.803  7141  7141 W app_process: Unexpected CPU variant for x86: x86_64.
06-26 03:29:07.803  7141  7141 W app_process: Known variants: atom, sandybridge, silvermont, goldmont, goldmont-plus, tremont, kabylake, default
06-26 03:29:07.804  6048  6764 I NamespaceManager: Package 1 name not found! Using module version.
06-26 03:29:07.805  6048  6764 I NamespaceManager: Package rkpd name not found! Using module version.
06-26 03:29:07.805  6048  6764 I NamespaceManager: Package android.companion name not found! Using module version.
06-26 03:29:07.806  6048  6764 I NamespaceManager: Package com.google.android.aicore name not found! Using module version.
06-26 03:29:07.806  6048  6764 I NamespaceManager: Package com.google.android.audioproxy name not found! Using module version.
06-26 03:29:07.806  6048  6764 I NamespaceManager: Package com.google.android.apps.pixel.psi name not found! Using module version.
06-26 03:29:07.807  6048  6764 I NamespaceManager: Package com.google.android.apps.safetycore name not found! Using module version.
06-26 03:29:07.807  7141  7141 W app_process: ClassLoaderContext shared library size mismatch. Expected=2, found=0 (PCL[]{PCL[/system/framework/android.test.base.jar*836642756]#PCL[/system/framework/android.test.mock.jar*3186112116]} | PCL[])
06-26 03:29:07.807  6048  6764 I NamespaceManager: Package com.google.android.crashrecovery name not found! Using module version.
06-26 03:29:07.807  6048  6764 I NamespaceManager: Package com.google.android.profiling name not found! Using module version.
06-26 03:29:07.808  6048  6764 I NamespaceManager: Package com.google.android.bt name not found! Using module version.
06-26 03:29:07.808  6048  6764 I NamespaceManager: Package com.google.android.nfcservices name not found! Using module version.
06-26 03:29:07.808  6048  6764 I NamespaceManager: Package com.google.android.webapp name not found! Using module version.
06-26 03:29:07.808  6048  6764 I NamespaceManager: Package com.google.android.telephonycore name not found! Using module version.
06-26 03:29:07.809  6048  6764 I NamespaceManager: Package com.google.android.uprobestats name not found! Using module version.
06-26 03:29:07.810  7141  7141 W app_process: ClassLoaderContext classpath size mismatch. expected=0, found=1 (PCL[]{PCL[/system/framework/android.test.runner.jar*4168958247]{PCL[/system/framework/android.test.base.jar*836642756]#PCL[/system/framework/android.test.mock.jar*3186112116]}#PCL[/system/framework/android.test.base.jar*836642756]} | PCL[/system/framework/android.test.runner.jar*4168958247])
06-26 03:29:07.812  6048  6764 W PhenotypeConfigurationU: Update for unknown DeviceConfig package com.google.android.gms.thunderbird [CONTEXT service_id=204 ]
06-26 03:29:07.812  6048  6764 W PhenotypeConfigurationU: bwix: No package exists for config package: com.google.android.gms.thunderbird
06-26 03:29:07.812  6048  6764 W PhenotypeConfigurationU: 	at com.google.android.gms.platformconfigurator.PhenotypeConfigurationUpdateListener.b(:com.google.android.gms@231818047@23.18.18 (190800-535401451):6)
06-26 03:29:07.812  6048  6764 W PhenotypeConfigurationU: 	at com.google.android.gms.platformconfigurator.PhenotypeConfigurationUpdateListener.a(:com.google.android.gms@231818047@23.18.18 (190800-535401451):4)
06-26 03:29:07.812  6048  6764 W PhenotypeConfigurationU: 	at com.google.android.gms.platformconfigurator.PhenotypeConfigurationUpdateListener.onHandleIntent(:com.google.android.gms@231818047@23.18.18 (190800-535401451):21)
06-26 03:29:07.812  6048  6764 W PhenotypeConfigurationU: 	at com.google.android.chimera.IntentOperation.onHandleIntent(:com.google.android.gms@231818047@23.18.18 (190800-535401451):2)
06-26 03:29:07.812  6048  6764 W PhenotypeConfigurationU: 	at zhv.onHandleIntent(:com.google.android.gms@231818047@23.18.18 (190800-535401451):4)
06-26 03:29:07.812  6048  6764 W PhenotypeConfigurationU: 	at hjm.run(:com.google.android.gms@231818047@23.18.18 (190800-535401451):3)
06-26 03:29:07.812  6048  6764 W PhenotypeConfigurationU: 	at hjl.run(:com.google.android.gms@231818047@23.18.18 (190800-535401451):11)
06-26 03:29:07.812  6048  6764 W PhenotypeConfigurationU: 	at dfhf.run(:com.google.android.gms@231818047@23.18.18 (190800-535401451):2)
06-26 03:29:07.812  6048  6764 W PhenotypeConfigurationU: 	at java.util.concurrent.ThreadPoolExecutor.runWorker(ThreadPoolExecutor.java:1145)
06-26 03:29:07.812  6048  6764 W PhenotypeConfigurationU: 	at java.util.concurrent.ThreadPoolExecutor$Worker.run(ThreadPoolExecutor.java:644)
06-26 03:29:07.812  6048  6764 W PhenotypeConfigurationU: 	at java.lang.Thread.run(Thread.java:1012)
06-26 03:29:07.838  7141  7141 W main    : type=1400 audit(0.0:58): avc:  denied  { read } for  name="u:object_r:build_attestation_prop:s0" dev="tmpfs" ino=86 scontext=u:r:shell:s0 tcontext=u:object_r:build_attestation_prop:s0 tclass=file permissive=0
06-26 03:29:07.845  7141  7141 W libc    : Access denied finding property "ro.product.name_for_attestation"
06-26 03:29:07.848  7141  7141 W libc    : Access denied finding property "ro.product.brand_for_attestation"
06-26 03:29:07.849  7141  7141 W libc    : Access denied finding property "ro.product.model_for_attestation"
06-26 03:29:07.849  7141  7141 D AndroidRuntime: Calling main entry com.android.commands.uiautomator.Launcher
06-26 03:29:07.842  7141  7141 W main    : type=1400 audit(0.0:59): avc:  denied  { read } for  name="u:object_r:build_attestation_prop:s0" dev="tmpfs" ino=86 scontext=u:r:shell:s0 tcontext=u:object_r:build_attestation_prop:s0 tclass=file permissive=0
06-26 03:29:07.857  7141  7141 D UiAutomationConnection: Created on user UserHandle{0}
06-26 03:29:07.857  7141  7141 I UiAutomation: Initialized for user 0 on display 0
06-26 03:29:07.857  7141  7141 W UiAutomation: Created with deprecatead constructor, assumes DEFAULT_DISPLAY
06-26 03:29:07.858   332  7159 I resolv  : GetAddrInfoHandler::run: {100 786532 100 983140 10131 0}
06-26 03:29:07.846  7141  7141 W main    : type=1400 audit(0.0:60): avc:  denied  { read } for  name="u:object_r:build_attestation_prop:s0" dev="tmpfs" ino=86 scontext=u:r:shell:s0 tcontext=u:object_r:build_attestation_prop:s0 tclass=file permissive=0
06-26 03:29:07.858  2970  3010 D TrafficStats: tagSocket(113) with statsTag=0x1809, statsUid=-1
06-26 03:29:07.859  2970  3010 D TrafficStats: tagSocket(113) with statsTag=0x1809, statsUid=-1
06-26 03:29:07.860  2970  3010 D TrafficStats: tagSocket(113) with statsTag=0x1809, statsUid=-1
06-26 03:29:07.862   521   600 D AccessibilityManagerService: changeCurrentUserForTestAutomationIfNeededLocked(0): ignoring because device doesn't support visible background users
06-26 03:29:07.862   521   600 I UiAutomationManager: Registering UiTestAutomationService (id=com.android.server.accessibility/UiAutomation) when called by user 0
06-26 03:29:07.864   521   600 W WindowMagnificationMgr: requestConnection duplicated request: connect=false, mConnectionState=DISCONNECTED
06-26 03:29:07.866  1669  1721 I AiAiEcho: Settings changed for uri: content://settings/secure/accessibility_enabled
06-26 03:29:07.866  1669  2008 I AiAiEcho: Predicting[0]: 
06-26 03:29:07.866  1669  2008 I AiAiEcho: EchoTargets: 
06-26 03:29:07.866  1669  2008 I AiAiEcho: Filtered by AiAi flag check: 
06-26 03:29:07.866  7141  7160 V UiAutomation: Init UiAutomation@8f59252[id=3, displayId=0, flags=0]
06-26 03:29:07.866  1669  2008 I AiAiEcho: Ranked targets strategy: SORT, count: 0, ranking metadata: 
06-26 03:29:07.866  1669  2008 I AiAiEcho: Predicting[0]: 
06-26 03:29:07.866  1669  2008 I AiAiEcho: EchoTargets: 
06-26 03:29:07.866  1669  2008 I AiAiEcho: Filtered by AiAi flag check: 
06-26 03:29:07.866  1669  2008 I AiAiEcho: Ranked targets strategy: SORT, count: 0, ranking metadata: 
06-26 03:29:07.866  1669  2008 I AiAiEcho: #postPredictionTargets: Sending updates to UISurface home with targets# 0 (types=[])
06-26 03:29:07.867  1669  2008 I AiAiEcho: #postPredictionTargets: Sending updates to UISurface lockscreen with targets# 0 (types=[])
06-26 03:29:07.867   836   836 W PageIndicator: Total number of pages invalid: 0. Assuming 1 page.
06-26 03:29:07.871   521  2043 W WindowMagnificationMgr: requestConnection duplicated request: connect=false, mConnectionState=DISCONNECTED
06-26 03:29:07.874  1789  2163 I A       : NGA disabled since it's running Panthera and at least one a11y feature is on.
06-26 03:29:07.874  1789  2163 I A       : Nga state changed to NgaStateDetails{state=DISABLED, isSpecialExperience=false}
06-26 03:29:07.876  1667  1738 I A       : APA or Classic session decision: SessionDecision(sessionVariance=CLASSIC, platformVariance=CLASSIC, justification=CURRENT_PLATFORM_VARIANCE).
06-26 03:29:07.877  1667  1738 I A       : [Memory] eligibility: StashEligibility{4}
06-26 03:29:07.878  1667  2054 I A       : Unsubscribed to apa or classic variant change.
06-26 03:29:07.894  1669  1721 I AiAiEcho: Settings changed for uri: content://settings/secure/accessibility_enabled
06-26 03:29:07.894  1669  2008 I AiAiEcho: Predicting[0]: 
06-26 03:29:07.894  1669  2008 I AiAiEcho: EchoTargets: 
06-26 03:29:07.894  1669  2008 I AiAiEcho: Filtered by AiAi flag check: 
06-26 03:29:07.894  1669  2008 I AiAiEcho: Ranked targets strategy: SORT, count: 0, ranking metadata: 
06-26 03:29:07.894  1669  2008 I AiAiEcho: Predicting[0]: 
06-26 03:29:07.894  1669  2008 I AiAiEcho: EchoTargets: 
06-26 03:29:07.894  1669  2008 I AiAiEcho: Filtered by AiAi flag check: 
06-26 03:29:07.894  1669  2008 I AiAiEcho: Ranked targets strategy: SORT, count: 0, ranking metadata: 
06-26 03:29:07.894  1669  2008 I AiAiEcho: #postPredictionTargets: Sending updates to UISurface home with targets# 0 (types=[])
06-26 03:29:07.895  1669  2008 I AiAiEcho: #postPredictionTargets: Sending updates to UISurface lockscreen with targets# 0 (types=[])
06-26 03:29:07.896   836   836 W PageIndicator: Total number of pages invalid: 0. Assuming 1 page.
06-26 03:29:07.905   521  2412 D SafetySourceDataValidator: No cert check requested for package com.google.android.permissioncontroller
06-26 03:29:07.906   521   521 D BatterySaverPolicy: accessibility changed to true, updating policy.
06-26 03:29:07.911  6048  6788 I NetworkScheduler.Stats: Task com.google.android.gms/com.google.android.gms.pay.gcmtask.PayGcmTaskService started execution. cause:7 exec_start_elapsed_seconds: 159 [CONTEXT service_id=218 ]
06-26 03:29:07.917  6094  7144 W Pay     : Active account was null, notification task will be cancelled. [CONTEXT service_id=198 ]
06-26 03:29:07.918  6094  7144 E Pay     : [Migration operation] Active tapandpay account not found! [CONTEXT service_id=198 ]
06-26 03:29:07.919  6094  7144 I Pay     : Migration flag not enabled. [CONTEXT service_id=198 ]
06-26 03:29:07.929  6094  7144 I Pay     : Migration already completed. [CONTEXT service_id=198 ]
06-26 03:29:07.934  6094  7144 I Pay     : Migration already completed. [CONTEXT service_id=198 ]
06-26 03:29:07.941  6094  7144 I Pay     : Migration flag not enabled. [CONTEXT service_id=198 ]
06-26 03:29:07.943  6094  7144 I Pay     : Migration flag not enabled. [CONTEXT service_id=198 ]
06-26 03:29:07.943  6094  7144 I Pay     : Migration flag not enabled. [CONTEXT service_id=198 ]
06-26 03:29:07.944  6094  7144 I Pay     : Migration flag not enabled. [CONTEXT service_id=198 ]
06-26 03:29:07.949  6094  7144 I Pay     : [SeTosMigration] walletJpEligibility is not enabled [CONTEXT service_id=198 ]
06-26 03:29:07.958  6094  7144 I Pay     : Wallet install state NOT_INSTALLED [CONTEXT service_id=198 ]
06-26 03:29:07.960  6094  7144 I Pay     : Migration flag not enabled. [CONTEXT service_id=198 ]
06-26 03:29:07.963  6048  6315 I NetworkScheduler.Stats: Task com.google.android.gms/com.google.android.gms.pay.gcmtask.PayGcmTaskService finished executing. cause:7 result: 1 elapsed_millis: 94 uptime_millis: 94 exec_start_elapsed_seconds: 159 [CONTEXT service_id=218 ]
06-26 03:29:07.972  4213  7046 E BugleRcsEngine: [120] brfg.a: DroidGuardLogger: Could not create DroidGuard token creation event
06-26 03:29:07.973  4213  7046 I BugleRcsEngine: [120] brfq.d: (PEv2-SM-Bugle-83770252): RequestWithImsiState: event Send config request [38bf8d27-f6be-4441-b94d-912d4f9a8fb3]
06-26 03:29:07.973  4213  7046 I BugleRcsEngine: [120] brfq.d: (PEv2-SM-Bugle-83770252): InProgressState: event Send config request [38bf8d27-f6be-4441-b94d-912d4f9a8fb3]
06-26 03:29:07.973  4213  7046 W BugleRcsEngine: [120] bpxc.w: Unable to send diagnostic log
06-26 03:29:07.977  4213  7161 W BugleRcsEngine: [121] bpxc.w: Unable to send diagnostic log
06-26 03:29:07.982   332  7162 I resolv  : GetAddrInfoHandler::run: {100 786532 100 983140 10130 0}
06-26 03:29:07.984   332  7164 I resolv  : res_nmkquery: (QUERY, IN, A)
06-26 03:29:07.984   332  7164 I resolv  : resolv_cache_lookup: FOUND IN CACHE entry=0x76b1cd82b7b0
06-26 03:29:07.984   332  7164 I resolv  : doQuery: rcode=0, ancount=1, return value=64
06-26 03:29:07.985  6048  6764 I NamespaceManager: Package com.android.refreshratecontrol name not found! Using module version.
06-26 03:29:07.986   332  7163 I resolv  : res_nmkquery: (QUERY, IN, AAAA)
06-26 03:29:07.986  6048  6764 I NamespaceManager: Package com.google.oslo name not found! Using module version.
06-26 03:29:07.987  6048  6764 I NamespaceManager: Package com.android.media name not found! Using module version.
06-26 03:29:07.987  6048  6764 I NamespaceManager: Package com.android.media.swcodec name not found! Using module version.
06-26 03:29:07.987  6048  6764 I NamespaceManager: Package com.android.neuralnetworks name not found! Using module version.
06-26 03:29:07.987  6048  6764 I NamespaceManager: Package com.android.media name not found! Using module version.
06-26 03:29:07.987  6048  6764 I NamespaceManager: Package 1 name not found! Using module version.
06-26 03:29:07.987  6048  6764 I NamespaceManager: Package rkpd name not found! Using module version.
06-26 03:29:07.987   332  7163 I resolv  : resolv_cache_lookup: FOUND IN CACHE entry=0x76b1cd82a1d0
06-26 03:29:07.989  6048  6764 I NamespaceManager: Package android.companion name not found! Using module version.
06-26 03:29:07.989   332  7163 I resolv  : doQuery: rcode=0, ancount=1, return value=76
06-26 03:29:07.989  6048  6764 I NamespaceManager: Package com.google.android.aicore name not found! Using module version.
06-26 03:29:07.989  6048  6764 I NamespaceManager: Package com.google.android.audioproxy name not found! Using module version.
06-26 03:29:07.989  6048  6764 I NamespaceManager: Package com.google.android.apps.pixel.psi name not found! Using module version.
06-26 03:29:07.989  4213  7161 D TrafficStats: tagSocket(127) with statsTag=0x1075, statsUid=-1
06-26 03:29:07.989  6048  6764 I NamespaceManager: Package com.google.android.apps.safetycore name not found! Using module version.
06-26 03:29:07.989  6048  6764 I NamespaceManager: Package com.google.android.crashrecovery name not found! Using module version.
06-26 03:29:07.989  6048  6764 I NamespaceManager: Package com.google.android.profiling name not found! Using module version.
06-26 03:29:07.989  6048  6764 I NamespaceManager: Package com.google.android.bt name not found! Using module version.
06-26 03:29:07.989  6048  6764 I NamespaceManager: Package com.google.android.nfcservices name not found! Using module version.
06-26 03:29:07.989  6048  6764 I NamespaceManager: Package com.google.android.webapp name not found! Using module version.
06-26 03:29:07.990  6048  6764 I NamespaceManager: Package com.google.android.telephonycore name not found! Using module version.
06-26 03:29:07.990  6048  6764 I NamespaceManager: Package com.google.android.uprobestats name not found! Using module version.
06-26 03:29:07.990  6048  6764 W PhenotypeConfigurationU: Update for unknown DeviceConfig package com.google.android.gms [CONTEXT service_id=204 ]
06-26 03:29:07.990  6048  6764 W PhenotypeConfigurationU: bwix: No package exists for config package: com.google.android.gms
06-26 03:29:07.990  6048  6764 W PhenotypeConfigurationU: 	at com.google.android.gms.platformconfigurator.PhenotypeConfigurationUpdateListener.b(:com.google.android.gms@231818047@23.18.18 (190800-535401451):6)
06-26 03:29:07.990  6048  6764 W PhenotypeConfigurationU: 	at com.google.android.gms.platformconfigurator.PhenotypeConfigurationUpdateListener.a(:com.google.android.gms@231818047@23.18.18 (190800-535401451):4)
06-26 03:29:07.990  6048  6764 W PhenotypeConfigurationU: 	at com.google.android.gms.platformconfigurator.PhenotypeConfigurationUpdateListener.onHandleIntent(:com.google.android.gms@231818047@23.18.18 (190800-535401451):21)
06-26 03:29:07.990  6048  6764 W PhenotypeConfigurationU: 	at com.google.android.chimera.IntentOperation.onHandleIntent(:com.google.android.gms@231818047@23.18.18 (190800-535401451):2)
06-26 03:29:07.990  6048  6764 W PhenotypeConfigurationU: 	at zhv.onHandleIntent(:com.google.android.gms@231818047@23.18.18 (190800-535401451):4)
06-26 03:29:07.990  6048  6764 W PhenotypeConfigurationU: 	at hjm.run(:com.google.android.gms@231818047@23.18.18 (190800-535401451):3)
06-26 03:29:07.990  6048  6764 W PhenotypeConfigurationU: 	at hjl.run(:com.google.android.gms@231818047@23.18.18 (190800-535401451):11)
06-26 03:29:07.990  6048  6764 W PhenotypeConfigurationU: 	at dfhf.run(:com.google.android.gms@231818047@23.18.18 (190800-535401451):2)
06-26 03:29:07.990  6048  6764 W PhenotypeConfigurationU: 	at java.util.concurrent.ThreadPoolExecutor.runWorker(ThreadPoolExecutor.java:1145)
06-26 03:29:07.990  6048  6764 W PhenotypeConfigurationU: 	at java.util.concurrent.ThreadPoolExecutor$Worker.run(ThreadPoolExecutor.java:644)
06-26 03:29:07.990  6048  6764 W PhenotypeConfigurationU: 	at java.lang.Thread.run(Thread.java:1012)
06-26 03:29:07.993  6048  6685 I NamespaceManager: Package com.android.refreshratecontrol name not found! Using module version.
06-26 03:29:07.993  6048  6685 I NamespaceManager: Package com.google.oslo name not found! Using module version.
06-26 03:29:07.994  6048  6685 I NamespaceManager: Package com.android.media name not found! Using module version.
06-26 03:29:07.994  6048  6685 I NamespaceManager: Package com.android.media.swcodec name not found! Using module version.
06-26 03:29:07.994  6048  6685 I NamespaceManager: Package com.android.neuralnetworks name not found! Using module version.
06-26 03:29:07.994  6048  6685 I NamespaceManager: Package com.android.media name not found! Using module version.
06-26 03:29:07.994  6048  6685 I NamespaceManager: Package 1 name not found! Using module version.
06-26 03:29:07.994  6048  6685 I NamespaceManager: Package rkpd name not found! Using module version.
06-26 03:29:07.994  6048  6685 I NamespaceManager: Package android.companion name not found! Using module version.
06-26 03:29:07.995  6048  6673 I PTCommittedOperation: Receive new configuration for com.google.android.gms
06-26 03:29:07.995  6048  6673 I PTCommittedOperation: Running Fixer Framework for com.google.android.gms
