06-24 07:49:10.135  5529  5598 I Maestro : Skipping invisible child: android.view.accessibility.AccessibilityNodeInfo@13f00; boundsInParent: Rect(0, 0 - 320, 0); boundsInScreen: Rect(0, 640 - 320, 640); boundsInWindow: Rect(0, 640 - 320, 640); packageName: com.google.android.inputmethod.latin; className: android.view.View; text: null; error: null; maxTextLength: -1; stateDescription: null; contentDescription: null; tooltipText: null; containerTitle: null; viewIdResName: com.google.android.inputmethod.latin:id/0_resource_name_obfuscated; uniqueId: null; checkable: false; checked: false; focusable: false; focused: false; selected: false; clickable: true; longClickable: false; contextClickable: false; enabled: true; password: false; scrollable: false; importantForAccessibility: true; visible: false; actions: [AccessibilityAction: ACTION_SELECT - null, AccessibilityAction: ACTION_CLEAR_SELECTION - null, AccessibilityAction: ACTION_CLICK - null, AccessibilityAction: ACTION_ACCESSIBILITY_FOCUS - null, AccessibilityAction: ACTION_SHOW_ON_SCREEN - null]; isTextSelectable: false
06-24 07:49:10.138  5529  5598 I Maestro : Skipping invisible child: android.view.accessibility.AccessibilityNodeInfo@d5e4; boundsInParent: Rect(0, 0 - 320, 0); boundsInScreen: Rect(0, 640 - 320, 640); boundsInWindow: Rect(0, 640 - 320, 640); packageName: com.google.android.inputmethod.latin; className: android.widget.FrameLayout; text: null; error: null; maxTextLength: -1; stateDescription: null; contentDescription: null; tooltipText: null; containerTitle: null; viewIdResName: null; uniqueId: null; checkable: false; checked: false; focusable: false; focused: false; selected: false; clickable: false; longClickable: false; contextClickable: false; enabled: true; password: false; scrollable: false; importantForAccessibility: false; visible: false; actions: [AccessibilityAction: ACTION_SELECT - null, AccessibilityAction: ACTION_CLEAR_SELECTION - null, AccessibilityAction: ACTION_ACCESSIBILITY_FOCUS - null, AccessibilityAction: ACTION_SHOW_ON_SCREEN - null]; isTextSelectable: false
06-24 07:49:10.138  5529  5598 D Maestro : View hierarchy received in 96 ms
06-24 07:49:10.187  5738  5766 D EGL_emulation: app_time_stats: avg=500.23ms min=499.83ms max=500.77ms count=3
06-24 07:49:10.219  1747  2909 E MDD     : DownloadProgressMonitor: Can't find file group for uri: android://com.google.android.googlequicksearchbox/files/datadownload/shared/public/datadownloadfile_1782287272665_a64a3f98d26fa7e7180cd6d29bf44fced216fc32
06-24 07:49:10.237  5529  5598 D Maestro : Requesting view hierarchy
06-24 07:49:10.237  5529  5598 W QueryController: Could not detect idle state.
06-24 07:49:10.238  5529  5598 W QueryController: Could not detect idle state.
06-24 07:49:10.243  1747  2722 E MDD     : DownloadProgressMonitor: Can't find file group for uri: android://com.google.android.googlequicksearchbox/files/datadownload/shared/public/datadownloadfile_1782287272664_1d48ae4b292cd15bc945ae5ddedb9565d268f7e2
06-24 07:49:10.247  1747  2813 D t       : Starting download: https://dl.google.com/assistant/nga/1/c11ffd9ddd4f0c6433a5cb07a437812b735fa547.mddz
06-24 07:49:10.247  1747  2813 V t       : Is http uri, downloading (uri: https://dl.google.com/assistant/nga/1/c11ffd9ddd4f0c6433a5cb07a437812b735fa547.mddz)
06-24 07:49:10.252  5529  5598 I Maestro : Skipping invisible child: android.view.accessibility.AccessibilityNodeInfo@12882; boundsInParent: Rect(0, 0 - 320, 0); boundsInScreen: Rect(0, 0 - 320, 0); boundsInWindow: Rect(0, 0 - 320, 0); packageName: com.hanapkalinga.mobile; className: android.widget.LinearLayout; text: null; error: null; maxTextLength: -1; stateDescription: null; contentDescription: null; tooltipText: null; containerTitle: null; viewIdResName: null; uniqueId: null; checkable: false; checked: false; focusable: false; focused: false; selected: false; clickable: false; longClickable: false; contextClickable: false; enabled: true; password: false; scrollable: false; importantForAccessibility: false; visible: false; actions: [AccessibilityAction: ACTION_SELECT - null, AccessibilityAction: ACTION_CLEAR_SELECTION - null, AccessibilityAction: ACTION_ACCESSIBILITY_FOCUS - null, AccessibilityAction: ACTION_SHOW_ON_SCREEN - null]; isTextSelectable: false
06-24 07:49:10.253  5529  5598 I Maestro : Skipping invisible child: android.view.accessibility.AccessibilityNodeInfo@124c1; boundsInParent: Rect(0, 0 - 320, 0); boundsInScreen: Rect(0, 0 - 320, 0); boundsInWindow: Rect(0, 0 - 320, 0); packageName: com.hanapkalinga.mobile; className: android.view.ViewGroup; text: null; error: null; maxTextLength: -1; stateDescription: null; contentDescription: null; tooltipText: null; containerTitle: null; viewIdResName: null; uniqueId: null; checkable: false; checked: false; focusable: false; focused: false; selected: false; clickable: false; longClickable: false; contextClickable: false; enabled: true; password: false; scrollable: false; importantForAccessibility: false; visible: false; actions: [AccessibilityAction: ACTION_SELECT - null, AccessibilityAction: ACTION_CLEAR_SELECTION - null, AccessibilityAction: ACTION_ACCESSIBILITY_FOCUS - null, AccessibilityAction: ACTION_SHOW_ON_SCREEN - null]; isTextSelectable: false
06-24 07:49:10.254  5529  5598 I Maestro : Skipping invisible child: android.view.accessibility.AccessibilityNodeInfo@1f6f9; boundsInParent: Rect(0, 0 - 320, 0); boundsInScreen: Rect(0, 0 - 320, 0); boundsInWindow: Rect(0, 0 - 320, 0); packageName: com.hanapkalinga.mobile; className: android.widget.LinearLayout; text: null; error: null; maxTextLength: -1; stateDescription: null; contentDescription: null; tooltipText: null; containerTitle: null; viewIdResName: null; uniqueId: null; checkable: false; checked: false; focusable: false; focused: false; selected: false; clickable: false; longClickable: false; contextClickable: false; enabled: true; password: false; scrollable: false; importantForAccessibility: false; visible: false; actions: [AccessibilityAction: ACTION_SELECT - null, AccessibilityAction: ACTION_CLEAR_SELECTION - null, AccessibilityAction: ACTION_ACCESSIBILITY_FOCUS - null, AccessibilityAction: ACTION_SHOW_ON_SCREEN - null]; isTextSelectable: false
06-24 07:49:10.255  5529  5598 I Maestro : Skipping invisible child: android.view.accessibility.AccessibilityNodeInfo@1f338; boundsInParent: Rect(0, 0 - 320, 0); boundsInScreen: Rect(0, 0 - 320, 0); boundsInWindow: Rect(0, 0 - 320, 0); packageName: com.hanapkalinga.mobile; className: android.view.ViewGroup; text: null; error: null; maxTextLength: -1; stateDescription: null; contentDescription: null; tooltipText: null; containerTitle: null; viewIdResName: null; uniqueId: null; checkable: false; checked: false; focusable: false; focused: false; selected: false; clickable: false; longClickable: false; contextClickable: false; enabled: true; password: false; scrollable: false; importantForAccessibility: false; visible: false; actions: [AccessibilityAction: ACTION_SELECT - null, AccessibilityAction: ACTION_CLEAR_SELECTION - null, AccessibilityAction: ACTION_ACCESSIBILITY_FOCUS - null, AccessibilityAction: ACTION_SHOW_ON_SCREEN - null]; isTextSelectable: false
06-24 07:49:10.263  5529  5598 I Maestro : Skipping invisible child: android.view.accessibility.AccessibilityNodeInfo@1e073; boundsInParent: Rect(0, 0 - 1, 1); boundsInScreen: Rect(24, 234 - 25, 235); boundsInWindow: Rect(24, 234 - 25, 235); packageName: com.hanapkalinga.mobile; className: android.view.ViewGroup; text: null; error: null; maxTextLength: -1; stateDescription: null; contentDescription: null; tooltipText: null; containerTitle: null; viewIdResName: forgotPassword_captcha_ready; uniqueId: null; checkable: false; checked: false; focusable: false; focused: false; selected: false; clickable: false; longClickable: false; contextClickable: false; enabled: true; password: false; scrollable: false; importantForAccessibility: true; visible: false; actions: [AccessibilityAction: ACTION_SELECT - null, AccessibilityAction: ACTION_CLEAR_SELECTION - null, AccessibilityAction: ACTION_ACCESSIBILITY_FOCUS - null, AccessibilityAction: ACTION_SHOW_ON_SCREEN - null]; isTextSelectable: false
06-24 07:49:10.398  1747  2813 E MDD     : DownloadProgressMonitor: Can't find file group for uri: android://com.google.android.googlequicksearchbox/files/datadownload/shared/public/datadownloadfile_1782287272666_5e9da2701f510020f2592c1e5b468922569445d7
06-24 07:49:10.408  1747  2909 D t       : Starting download: https://dl.google.com/assistant/nga/1/1658155c551c182a9c9cbdff0bc6cd4293920bc3.mddz
06-24 07:49:10.408  1747  2909 V t       : Is http uri, downloading (uri: https://dl.google.com/assistant/nga/1/1658155c551c182a9c9cbdff0bc6cd4293920bc3.mddz)
06-24 07:49:10.436  1747  2722 D t       : Starting download: https://www.gstatic.com/federated_assistant/policy_config_federated_hotword-v610555528.binarypb
06-24 07:49:10.436  1747  2722 V t       : Is http uri, downloading (uri: https://www.gstatic.com/federated_assistant/policy_config_federated_hotword-v610555528.binarypb)
06-24 07:49:10.445  5529  5598 I Maestro : Skipping invisible child: android.view.accessibility.AccessibilityNodeInfo@13b3f; boundsInParent: Rect(0, 0 - 320, 0); boundsInScreen: Rect(0, 640 - 320, 640); boundsInWindow: Rect(0, 640 - 320, 640); packageName: com.google.android.inputmethod.latin; className: android.widget.FrameLayout; text: null; error: null; maxTextLength: -1; stateDescription: null; contentDescription: null; tooltipText: null; containerTitle: null; viewIdResName: com.google.android.inputmethod.latin:id/0_resource_name_obfuscated; uniqueId: null; checkable: false; checked: false; focusable: false; focused: false; selected: false; clickable: false; longClickable: false; contextClickable: false; enabled: true; password: false; scrollable: false; importantForAccessibility: false; visible: false; actions: [AccessibilityAction: ACTION_SELECT - null, AccessibilityAction: ACTION_CLEAR_SELECTION - null, AccessibilityAction: ACTION_ACCESSIBILITY_FOCUS - null, AccessibilityAction: ACTION_SHOW_ON_SCREEN - null]; isTextSelectable: false
06-24 07:49:10.446  5529  5598 I Maestro : Skipping invisible child: android.view.accessibility.AccessibilityNodeInfo@13f00; boundsInParent: Rect(0, 0 - 320, 0); boundsInScreen: Rect(0, 640 - 320, 640); boundsInWindow: Rect(0, 640 - 320, 640); packageName: com.google.android.inputmethod.latin; className: android.view.View; text: null; error: null; maxTextLength: -1; stateDescription: null; contentDescription: null; tooltipText: null; containerTitle: null; viewIdResName: com.google.android.inputmethod.latin:id/0_resource_name_obfuscated; uniqueId: null; checkable: false; checked: false; focusable: false; focused: false; selected: false; clickable: true; longClickable: false; contextClickable: false; enabled: true; password: false; scrollable: false; importantForAccessibility: true; visible: false; actions: [AccessibilityAction: ACTION_SELECT - null, AccessibilityAction: ACTION_CLEAR_SELECTION - null, AccessibilityAction: ACTION_CLICK - null, AccessibilityAction: ACTION_ACCESSIBILITY_FOCUS - null, AccessibilityAction: ACTION_SHOW_ON_SCREEN - null]; isTextSelectable: false
06-24 07:49:10.448  5529  5598 I Maestro : Skipping invisible child: android.view.accessibility.AccessibilityNodeInfo@d5e4; boundsInParent: Rect(0, 0 - 320, 0); boundsInScreen: Rect(0, 640 - 320, 640); boundsInWindow: Rect(0, 640 - 320, 640); packageName: com.google.android.inputmethod.latin; className: android.widget.FrameLayout; text: null; error: null; maxTextLength: -1; stateDescription: null; contentDescription: null; tooltipText: null; containerTitle: null; viewIdResName: null; uniqueId: null; checkable: false; checked: false; focusable: false; focused: false; selected: false; clickable: false; longClickable: false; contextClickable: false; enabled: true; password: false; scrollable: false; importantForAccessibility: false; visible: false; actions: [AccessibilityAction: ACTION_SELECT - null, AccessibilityAction: ACTION_CLEAR_SELECTION - null, AccessibilityAction: ACTION_ACCESSIBILITY_FOCUS - null, AccessibilityAction: ACTION_SHOW_ON_SCREEN - null]; isTextSelectable: false
06-24 07:49:10.448  5529  5598 D Maestro : View hierarchy received in 211 ms
06-24 07:49:10.458  1747  2722 E MDD     : DownloadProgressMonitor: Can't find file group for uri: android://com.google.android.googlequicksearchbox/files/datadownload/shared/public/datadownloadfile_1782287272663
06-24 07:49:10.464  1747  2901 E SingleDataFileGroupPop: Failed to add file group 
06-24 07:49:10.464  1747  2901 E PhFileGroupPop: Failed to add file group 
06-24 07:49:10.464  1747  2901 E PhFileGroupPop: Failed to add file group 
06-24 07:49:10.464  1747  2901 E PhFileGroupPop: Failed to add file group 
06-24 07:49:10.464  1747  2901 E PhFileGroupPop: Failed to add file group 
06-24 07:49:10.465  1747  2901 E PhFileGroupPop: Failed to add file group 
06-24 07:49:10.465  1747  2901 E d       : RuntimeException while executing runnable cb{com.google.apps.tiktok.tracing.ej@8300771} with executor MoreExecutors.directExecutor()
06-24 07:49:10.465  1747  2901 E d       : java.lang.NullPointerException: Attempt to read from field 'java.lang.String com.google.android.libraries.mdi.download.ae.b' on a null object reference in method 'void com.google.android.libraries.mdi.download.h.bq.gH(java.lang.Object)'
06-24 07:49:10.465  1747  2901 E d       : 	at com.google.android.libraries.mdi.download.h.bq.gH(PG:2)
06-24 07:49:10.465  1747  2901 E d       : 	at com.google.apps.tiktok.tracing.ej.gH(PG:2)
06-24 07:49:10.465  1747  2901 E d       : 	at com.google.common.util.concurrent.cb.run(PG:7)
06-24 07:49:10.465  1747  2901 E d       : 	at com.google.common.util.concurrent.bf.execute(PG:1)
06-24 07:49:10.465  1747  2901 E d       : 	at com.google.common.util.concurrent.d.i(PG:1)
06-24 07:49:10.465  1747  2901 E d       : 	at com.google.common.util.concurrent.d.iq(PG:5)
06-24 07:49:10.465  1747  2901 E d       : 	at com.google.common.util.concurrent.ci.t(PG:1)
06-24 07:49:10.465  1747  2901 E d       : 	at com.google.android.libraries.mdi.download.h.bu.b(PG:26)
06-24 07:49:10.465  1747  2901 E d       : 	at com.google.android.libraries.mdi.download.gs.p(PG:3)
06-24 07:49:10.465  1747  2901 E d       : 	at com.google.android.libraries.mdi.download.gf.apply(Unknown Source:4)
06-24 07:49:10.465  1747  2901 E d       : 	at com.google.apps.tiktok.tracing.eo.apply(PG:2)
06-24 07:49:10.465  1747  2901 E d       : 	at com.google.common.util.concurrent.h.e(PG:2)
06-24 07:49:10.465  1747  2901 E d       : 	at com.google.common.util.concurrent.j.run(PG:9)
06-24 07:49:10.465  1747  2901 E d       : 	at com.google.common.util.concurrent.do.run(PG:4)
06-24 07:49:10.465  1747  2901 E d       : 	at com.google.android.libraries.i.ae.run(PG:1)
06-24 07:49:10.465  1747  2901 E d       : 	at java.util.concurrent.ThreadPoolExecutor.runWorker(ThreadPoolExecutor.java:1145)
06-24 07:49:10.465  1747  2901 E d       : 	at java.util.concurrent.ThreadPoolExecutor$Worker.run(ThreadPoolExecutor.java:644)
06-24 07:49:10.465  1747  2901 E d       : 	at com.google.android.libraries.i.i.run(PG:2)
06-24 07:49:10.465  1747  2901 E d       : 	at com.google.android.libraries.i.p.run(PG:4)
06-24 07:49:10.465  1747  2901 E d       : 	at java.lang.Thread.run(Thread.java:1012)
06-24 07:49:10.465  1747  2901 E PhFileGroupPop: Failed to add file group 
06-24 07:49:10.465  1747  2901 E PhFileGroupPop: Failed to add file group 
06-24 07:49:10.465  1747  2901 E PhFileGroupPop: Failed to add file group 
06-24 07:49:10.465  1747  2901 I A       : Download file group for language pack: en-US
06-24 07:49:10.465  1747  2901 W A       : Locale en-US is not compatible, please check manifest exists
06-24 07:49:10.465  1747  2901 I A       : Using proto config with mendel
06-24 07:49:10.465  1747  2901 I A       : Using proto config with mendel
06-24 07:49:10.466  1747  2813 I A       : Starting new batch; batchId=2 corpus=1008
06-24 07:49:10.466  1747  2906 I A       : Joining existing batch; batchId=2 corpus=1014
06-24 07:49:10.466  1747  2901 I A       : Using proto config with mendel
06-24 07:49:10.466  1747  2464 I A       : Joining existing batch; batchId=2 corpus=1015
06-24 07:49:10.466  1747  2901 I A       : Merging legacy hotword config map with new proto.
06-24 07:49:10.466  1747  2722 I A       : Joining existing batch; batchId=2 corpus=1004
06-24 07:49:10.466  1747  2901 I A       : Adding from config to map. Locale: cmn-Hant-TW modelPrefix: x_google Location:4e7cae00daee30ec565c34e3aa67a51f isSpeakerIdSupported: true
06-24 07:49:10.466  1747  2901 I A       : Adding from config to map. Locale: id-ID modelPrefix: x_google Location:cfffcc1a4c1c084c003c8eb27f73d770 isSpeakerIdSupported: true
06-24 07:49:10.466  1747  2901 I A       : Adding from config to map. Locale: ko-KR modelPrefix: x_google Location:0b132163a2eb2c1194b202067475724b isSpeakerIdSupported: true
06-24 07:49:10.466  1747  2901 I A       : Skipping. Expected model: 2 Found: 1
06-24 07:49:10.466  1747  2901 I A       : Adding from config to map. Locale: zh-TW modelPrefix: x_google Location:4e7cae00daee30ec565c34e3aa67a51f isSpeakerIdSupported: true
06-24 07:49:10.466  1747  2901 I HotwordModelPopulator: #updateHotwordFileGroup group name: hotword_model_en-US_okhey, raw locale: en-US, locale: en-US
06-24 07:49:10.466  1747  2901 I A       : Using proto config with mendel
06-24 07:49:10.466  1747  2901 I A       : Using proto config with mendel
06-24 07:49:10.466  1747  2901 I A       : Merging legacy hotword config map with new proto.
06-24 07:49:10.467  1747  2901 I A       : Adding from config to map. Locale: cmn-Hant-TW modelPrefix: x_google Location:4e7cae00daee30ec565c34e3aa67a51f isSpeakerIdSupported: true
06-24 07:49:10.467  1747  2901 I A       : Adding from config to map. Locale: id-ID modelPrefix: x_google Location:cfffcc1a4c1c084c003c8eb27f73d770 isSpeakerIdSupported: true
06-24 07:49:10.467  1747  2901 I A       : Adding from config to map. Locale: ko-KR modelPrefix: x_google Location:0b132163a2eb2c1194b202067475724b isSpeakerIdSupported: true
06-24 07:49:10.467  1747  2901 I A       : Skipping. Expected model: 2 Found: 1
06-24 07:49:10.467  1747  2901 I A       : Adding from config to map. Locale: zh-TW modelPrefix: x_google Location:4e7cae00daee30ec565c34e3aa67a51f isSpeakerIdSupported: true
06-24 07:49:10.467  1747  2901 I HotwordModelPopulator: #updateHotwordFileGroup group name: hotword_model_en-US_okhey, raw locale: en-US, locale: en-US
06-24 07:49:10.467  1747  2901 I A       : Using proto config with mendel
06-24 07:49:10.467  1747  2901 I A       : Merging legacy hotword config map with new proto.
06-24 07:49:10.467  1747  2901 I A       : Adding from config to map. Locale: cmn-Hant-TW modelPrefix: x_google Location:4e7cae00daee30ec565c34e3aa67a51f isSpeakerIdSupported: true
06-24 07:49:10.467  1747  2901 I A       : Adding from config to map. Locale: id-ID modelPrefix: x_google Location:cfffcc1a4c1c084c003c8eb27f73d770 isSpeakerIdSupported: true
06-24 07:49:10.467  1747  2901 I A       : Adding from config to map. Locale: ko-KR modelPrefix: x_google Location:0b132163a2eb2c1194b202067475724b isSpeakerIdSupported: true
06-24 07:49:10.467  1747  2901 I A       : Skipping. Expected model: 2 Found: 1
06-24 07:49:10.467  1747  2901 I A       : Adding from config to map. Locale: zh-TW modelPrefix: x_google Location:4e7cae00daee30ec565c34e3aa67a51f isSpeakerIdSupported: true
06-24 07:49:10.467  1747  2901 I HotwordModelPopulator: #updateHotwordFileGroup group name: hotword_model_en-US_okhey, raw locale: en-US, locale: en-US
06-24 07:49:10.468  1747  2901 D PhFileGroupPop: Added file groups assistant_appintegration_appactions_config
06-24 07:49:10.468  1747  2901 D PhFileGroupPop: Added file groups fedass_policy_config_group
06-24 07:49:10.468  1747  2901 D PhFileGroupPop: Added file groups tapas_cortex
06-24 07:49:10.469  1747  2501 I MicroModelsUtil: #getHotwordModelFromMobstore [mobstoreUri: android://com.google.android.googlequicksearchbox/files/datadownload/shared/public/datadownloadfile_1782287272660]
06-24 07:49:10.470  1747  2553 I MicroModelsUtil: #getHotwordModelFromMobstore [mobstoreUri: android://com.google.android.googlequicksearchbox/files/datadownload/shared/public/datadownloadfile_1782287272660]
06-24 07:49:10.470  1747  2535 I MicroModelsUtil: #getHotwordModelFromMobstore [mobstoreUri: android://com.google.android.googlequicksearchbox/files/datadownload/shared/public/datadownloadfile_1782287272660]
06-24 07:49:10.470  1747  2535 I HotwordModelPopulator: Updated file group for locale 'hotword_model_en-US_okhey' from location: https://www.gstatic.com/android-search/hotword/x_google/975058821313279e27b2c3f04de0beef/hotword.data. Download already finished.
06-24 07:49:10.471  1747  2553 I HotwordModelPopulator: Updated file group for locale 'hotword_model_en-US_okhey' from location: https://www.gstatic.com/android-search/hotword/x_google/975058821313279e27b2c3f04de0beef/hotword.data. Download already finished.
06-24 07:49:10.471  1747  2501 I HotwordModelPopulator: Updated file group for locale 'hotword_model_en-US_okhey' from location: https://www.gstatic.com/android-search/hotword/x_google/975058821313279e27b2c3f04de0beef/hotword.data. Download already finished.
06-24 07:49:10.492  1747  2909 E MDD     : DownloadProgressMonitor: Can't find file group for uri: android://com.google.android.googlequicksearchbox/files/datadownload/shared/public/datadownloadfile_1782287272667_b56351a773b9354cf1ebcacf86f309b6489173ac
06-24 07:49:10.555  5529  5598 D Maestro : Requesting view hierarchy
06-24 07:49:10.556  5529  5598 W QueryController: Could not detect idle state.
06-24 07:49:10.556  5529  5598 W QueryController: Could not detect idle state.
06-24 07:49:10.569  5529  5598 I Maestro : Skipping invisible child: android.view.accessibility.AccessibilityNodeInfo@12882; boundsInParent: Rect(0, 0 - 320, 0); boundsInScreen: Rect(0, 0 - 320, 0); boundsInWindow: Rect(0, 0 - 320, 0); packageName: com.hanapkalinga.mobile; className: android.widget.LinearLayout; text: null; error: null; maxTextLength: -1; stateDescription: null; contentDescription: null; tooltipText: null; containerTitle: null; viewIdResName: null; uniqueId: null; checkable: false; checked: false; focusable: false; focused: false; selected: false; clickable: false; longClickable: false; contextClickable: false; enabled: true; password: false; scrollable: false; importantForAccessibility: false; visible: false; actions: [AccessibilityAction: ACTION_SELECT - null, AccessibilityAction: ACTION_CLEAR_SELECTION - null, AccessibilityAction: ACTION_ACCESSIBILITY_FOCUS - null, AccessibilityAction: ACTION_SHOW_ON_SCREEN - null]; isTextSelectable: false
06-24 07:49:10.570  5529  5598 I Maestro : Skipping invisible child: android.view.accessibility.AccessibilityNodeInfo@124c1; boundsInParent: Rect(0, 0 - 320, 0); boundsInScreen: Rect(0, 0 - 320, 0); boundsInWindow: Rect(0, 0 - 320, 0); packageName: com.hanapkalinga.mobile; className: android.view.ViewGroup; text: null; error: null; maxTextLength: -1; stateDescription: null; contentDescription: null; tooltipText: null; containerTitle: null; viewIdResName: null; uniqueId: null; checkable: false; checked: false; focusable: false; focused: false; selected: false; clickable: false; longClickable: false; contextClickable: false; enabled: true; password: false; scrollable: false; importantForAccessibility: false; visible: false; actions: [AccessibilityAction: ACTION_SELECT - null, AccessibilityAction: ACTION_CLEAR_SELECTION - null, AccessibilityAction: ACTION_ACCESSIBILITY_FOCUS - null, AccessibilityAction: ACTION_SHOW_ON_SCREEN - null]; isTextSelectable: false
06-24 07:49:10.571  5529  5598 I Maestro : Skipping invisible child: android.view.accessibility.AccessibilityNodeInfo@1f6f9; boundsInParent: Rect(0, 0 - 320, 0); boundsInScreen: Rect(0, 0 - 320, 0); boundsInWindow: Rect(0, 0 - 320, 0); packageName: com.hanapkalinga.mobile; className: android.widget.LinearLayout; text: null; error: null; maxTextLength: -1; stateDescription: null; contentDescription: null; tooltipText: null; containerTitle: null; viewIdResName: null; uniqueId: null; checkable: false; checked: false; focusable: false; focused: false; selected: false; clickable: false; longClickable: false; contextClickable: false; enabled: true; password: false; scrollable: false; importantForAccessibility: false; visible: false; actions: [AccessibilityAction: ACTION_SELECT - null, AccessibilityAction: ACTION_CLEAR_SELECTION - null, AccessibilityAction: ACTION_ACCESSIBILITY_FOCUS - null, AccessibilityAction: ACTION_SHOW_ON_SCREEN - null]; isTextSelectable: false
06-24 07:49:10.571  5529  5598 I Maestro : Skipping invisible child: android.view.accessibility.AccessibilityNodeInfo@1f338; boundsInParent: Rect(0, 0 - 320, 0); boundsInScreen: Rect(0, 0 - 320, 0); boundsInWindow: Rect(0, 0 - 320, 0); packageName: com.hanapkalinga.mobile; className: android.view.ViewGroup; text: null; error: null; maxTextLength: -1; stateDescription: null; contentDescription: null; tooltipText: null; containerTitle: null; viewIdResName: null; uniqueId: null; checkable: false; checked: false; focusable: false; focused: false; selected: false; clickable: false; longClickable: false; contextClickable: false; enabled: true; password: false; scrollable: false; importantForAccessibility: false; visible: false; actions: [AccessibilityAction: ACTION_SELECT - null, AccessibilityAction: ACTION_CLEAR_SELECTION - null, AccessibilityAction: ACTION_ACCESSIBILITY_FOCUS - null, AccessibilityAction: ACTION_SHOW_ON_SCREEN - null]; isTextSelectable: false
06-24 07:49:10.588  5529  5598 I Maestro : Skipping invisible child: android.view.accessibility.AccessibilityNodeInfo@1e073; boundsInParent: Rect(0, 0 - 1, 1); boundsInScreen: Rect(24, 234 - 25, 235); boundsInWindow: Rect(24, 234 - 25, 235); packageName: com.hanapkalinga.mobile; className: android.view.ViewGroup; text: null; error: null; maxTextLength: -1; stateDescription: null; contentDescription: null; tooltipText: null; containerTitle: null; viewIdResName: forgotPassword_captcha_ready; uniqueId: null; checkable: false; checked: false; focusable: false; focused: false; selected: false; clickable: false; longClickable: false; contextClickable: false; enabled: true; password: false; scrollable: false; importantForAccessibility: true; visible: false; actions: [AccessibilityAction: ACTION_SELECT - null, AccessibilityAction: ACTION_CLEAR_SELECTION - null, AccessibilityAction: ACTION_ACCESSIBILITY_FOCUS - null, AccessibilityAction: ACTION_SHOW_ON_SCREEN - null]; isTextSelectable: false
06-24 07:49:10.617  1747  2901 E SingleDataFileGroupPop: Failed to add file group 
06-24 07:49:10.617  1747  2901 E PhFileGroupPop: Failed to add file group 
06-24 07:49:10.617  1747  2901 E PhFileGroupPop: Failed to add file group 
06-24 07:49:10.618  1747  2901 E PhFileGroupPop: Failed to add file group 
06-24 07:49:10.618  1747  2901 E PhFileGroupPop: Failed to add file group 
06-24 07:49:10.618  1747  2901 E PhFileGroupPop: Failed to add file group 
06-24 07:49:10.618  1747  2901 E d       : RuntimeException while executing runnable cb{com.google.apps.tiktok.tracing.ej@ebacaeb} with executor MoreExecutors.directExecutor()
06-24 07:49:10.618  1747  2901 E d       : java.lang.NullPointerException: Attempt to read from field 'java.lang.String com.google.android.libraries.mdi.download.ae.b' on a null object reference in method 'void com.google.android.libraries.mdi.download.h.bq.gH(java.lang.Object)'
06-24 07:49:10.618  1747  2901 E d       : 	at com.google.android.libraries.mdi.download.h.bq.gH(PG:2)
06-24 07:49:10.618  1747  2901 E d       : 	at com.google.apps.tiktok.tracing.ej.gH(PG:2)
06-24 07:49:10.618  1747  2901 E d       : 	at com.google.common.util.concurrent.cb.run(PG:7)
06-24 07:49:10.618  1747  2901 E d       : 	at com.google.common.util.concurrent.bf.execute(PG:1)
06-24 07:49:10.618  1747  2901 E d       : 	at com.google.common.util.concurrent.d.i(PG:1)
06-24 07:49:10.618  1747  2901 E d       : 	at com.google.common.util.concurrent.d.iq(PG:5)
06-24 07:49:10.618  1747  2901 E d       : 	at com.google.common.util.concurrent.ci.t(PG:1)
06-24 07:49:10.618  1747  2901 E d       : 	at com.google.android.libraries.mdi.download.h.bu.b(PG:26)
06-24 07:49:10.618  1747  2901 E d       : 	at com.google.android.libraries.mdi.download.gs.p(PG:3)
06-24 07:49:10.618  1747  2901 E d       : 	at com.google.android.libraries.mdi.download.gf.apply(Unknown Source:4)
06-24 07:49:10.618  1747  2901 E d       : 	at com.google.apps.tiktok.tracing.eo.apply(PG:2)
06-24 07:49:10.618  1747  2901 E d       : 	at com.google.common.util.concurrent.h.e(PG:2)
06-24 07:49:10.618  1747  2901 E d       : 	at com.google.common.util.concurrent.j.run(PG:9)
06-24 07:49:10.618  1747  2901 E d       : 	at com.google.common.util.concurrent.do.run(PG:4)
06-24 07:49:10.618  1747  2901 E d       : 	at com.google.android.libraries.i.ae.run(PG:1)
06-24 07:49:10.618  1747  2901 E d       : 	at java.util.concurrent.ThreadPoolExecutor.runWorker(ThreadPoolExecutor.java:1145)
06-24 07:49:10.618  1747  2901 E d       : 	at java.util.concurrent.ThreadPoolExecutor$Worker.run(ThreadPoolExecutor.java:644)
06-24 07:49:10.618  1747  2901 E d       : 	at com.google.android.libraries.i.i.run(PG:2)
06-24 07:49:10.618  1747  2901 E d       : 	at com.google.android.libraries.i.p.run(PG:4)
06-24 07:49:10.618  1747  2901 E d       : 	at java.lang.Thread.run(Thread.java:1012)
06-24 07:49:10.618  1747  2901 E PhFileGroupPop: Failed to add file group 
06-24 07:49:10.618  1747  2901 E PhFileGroupPop: Failed to add file group 
06-24 07:49:10.618  1747  2901 E PhFileGroupPop: Failed to add file group 
06-24 07:49:10.618  1747  2901 I A       : Download file group for language pack: en-US
06-24 07:49:10.618  1747  2901 W A       : Locale en-US is not compatible, please check manifest exists
06-24 07:49:10.619  1747  2901 I A       : Using proto config with mendel
06-24 07:49:10.619  1747  2901 I A       : Using proto config with mendel
06-24 07:49:10.619  1747  2901 I A       : Using proto config with mendel
06-24 07:49:10.619  1747  2901 I A       : Merging legacy hotword config map with new proto.
06-24 07:49:10.619  1747  2901 I A       : Adding from config to map. Locale: cmn-Hant-TW modelPrefix: x_google Location:4e7cae00daee30ec565c34e3aa67a51f isSpeakerIdSupported: true
06-24 07:49:10.619  1747  2901 I A       : Adding from config to map. Locale: id-ID modelPrefix: x_google Location:cfffcc1a4c1c084c003c8eb27f73d770 isSpeakerIdSupported: true
06-24 07:49:10.619  1747  2901 I A       : Adding from config to map. Locale: ko-KR modelPrefix: x_google Location:0b132163a2eb2c1194b202067475724b isSpeakerIdSupported: true
06-24 07:49:10.619  1747  2901 I A       : Skipping. Expected model: 2 Found: 1
06-24 07:49:10.619  1747  2901 I A       : Adding from config to map. Locale: zh-TW modelPrefix: x_google Location:4e7cae00daee30ec565c34e3aa67a51f isSpeakerIdSupported: true
06-24 07:49:10.619  1747  2901 I HotwordModelPopulator: #updateHotwordFileGroup group name: hotword_model_en-US_okhey, raw locale: en-US, locale: en-US
06-24 07:49:10.619  1747  2901 I A       : Using proto config with mendel
06-24 07:49:10.619  1747  2722 I A       : Joining existing batch; batchId=2 corpus=1008
06-24 07:49:10.619  1747  2464 I A       : Joining existing batch; batchId=2 corpus=1014
06-24 07:49:10.619  1747  2906 I A       : Joining existing batch; batchId=2 corpus=1015
06-24 07:49:10.619  1747  2901 I A       : Using proto config with mendel
06-24 07:49:10.619  1747  2901 I A       : Merging legacy hotword config map with new proto.
06-24 07:49:10.619  1747  2901 I A       : Adding from config to map. Locale: cmn-Hant-TW modelPrefix: x_google Location:4e7cae00daee30ec565c34e3aa67a51f isSpeakerIdSupported: true
06-24 07:49:10.619  1747  2901 I A       : Adding from config to map. Locale: id-ID modelPrefix: x_google Location:cfffcc1a4c1c084c003c8eb27f73d770 isSpeakerIdSupported: true
06-24 07:49:10.619  1747  2901 I A       : Adding from config to map. Locale: ko-KR modelPrefix: x_google Location:0b132163a2eb2c1194b202067475724b isSpeakerIdSupported: true
06-24 07:49:10.619  1747  2901 I A       : Skipping. Expected model: 2 Found: 1
06-24 07:49:10.619  1747  2901 I A       : Adding from config to map. Locale: zh-TW modelPrefix: x_google Location:4e7cae00daee30ec565c34e3aa67a51f isSpeakerIdSupported: true
06-24 07:49:10.620  1747  2901 I HotwordModelPopulator: #updateHotwordFileGroup group name: hotword_model_en-US_okhey, raw locale: en-US, locale: en-US
06-24 07:49:10.620  1747  2909 I A       : Joining existing batch; batchId=2 corpus=1004
06-24 07:49:10.621  1747  2901 I A       : Using proto config with mendel
06-24 07:49:10.622  1747  2901 I A       : Merging legacy hotword config map with new proto.
06-24 07:49:10.623  1747  2901 I A       : Adding from config to map. Locale: cmn-Hant-TW modelPrefix: x_google Location:4e7cae00daee30ec565c34e3aa67a51f isSpeakerIdSupported: true
06-24 07:49:10.623  1747  2901 I A       : Adding from config to map. Locale: id-ID modelPrefix: x_google Location:cfffcc1a4c1c084c003c8eb27f73d770 isSpeakerIdSupported: true
06-24 07:49:10.623  1747  2901 I A       : Adding from config to map. Locale: ko-KR modelPrefix: x_google Location:0b132163a2eb2c1194b202067475724b isSpeakerIdSupported: true
06-24 07:49:10.623  1747  2901 I A       : Skipping. Expected model: 2 Found: 1
06-24 07:49:10.623  1747  2901 I A       : Adding from config to map. Locale: zh-TW modelPrefix: x_google Location:4e7cae00daee30ec565c34e3aa67a51f isSpeakerIdSupported: true
06-24 07:49:10.623  1747  2901 I HotwordModelPopulator: #updateHotwordFileGroup group name: hotword_model_en-US_okhey, raw locale: en-US, locale: en-US
06-24 07:49:10.623  1747  2901 D PhFileGroupPop: Added file groups assistant_appintegration_appactions_config
06-24 07:49:10.624  1747  2901 D PhFileGroupPop: Added file groups fedass_policy_config_group
06-24 07:49:10.625  1747  2901 D PhFileGroupPop: Added file groups tapas_cortex
06-24 07:49:10.628  1747  2535 I MicroModelsUtil: #getHotwordModelFromMobstore [mobstoreUri: android://com.google.android.googlequicksearchbox/files/datadownload/shared/public/datadownloadfile_1782287272660]
06-24 07:49:10.628  1747  2535 I HotwordModelPopulator: Updated file group for locale 'hotword_model_en-US_okhey' from location: https://www.gstatic.com/android-search/hotword/x_google/975058821313279e27b2c3f04de0beef/hotword.data. Download already finished.
06-24 07:49:10.628  1747  2553 I MicroModelsUtil: #getHotwordModelFromMobstore [mobstoreUri: android://com.google.android.googlequicksearchbox/files/datadownload/shared/public/datadownloadfile_1782287272660]
06-24 07:49:10.628  1747  2535 I MicroModelsUtil: #getHotwordModelFromMobstore [mobstoreUri: android://com.google.android.googlequicksearchbox/files/datadownload/shared/public/datadownloadfile_1782287272660]
06-24 07:49:10.629  1747  2553 I HotwordModelPopulator: Updated file group for locale 'hotword_model_en-US_okhey' from location: https://www.gstatic.com/android-search/hotword/x_google/975058821313279e27b2c3f04de0beef/hotword.data. Download already finished.
06-24 07:49:10.635  1747  2535 I HotwordModelPopulator: Updated file group for locale 'hotword_model_en-US_okhey' from location: https://www.gstatic.com/android-search/hotword/x_google/975058821313279e27b2c3f04de0beef/hotword.data. Download already finished.
06-24 07:49:10.658   838   838 D StatusBarIconController: ignoring old pipeline callbacks, because the new mobile icons are enabled
06-24 07:49:10.665  5529  5598 I Maestro : Skipping invisible child: android.view.accessibility.AccessibilityNodeInfo@13b3f; boundsInParent: Rect(0, 0 - 320, 0); boundsInScreen: Rect(0, 640 - 320, 640); boundsInWindow: Rect(0, 640 - 320, 640); packageName: com.google.android.inputmethod.latin; className: android.widget.FrameLayout; text: null; error: null; maxTextLength: -1; stateDescription: null; contentDescription: null; tooltipText: null; containerTitle: null; viewIdResName: com.google.android.inputmethod.latin:id/0_resource_name_obfuscated; uniqueId: null; checkable: false; checked: false; focusable: false; focused: false; selected: false; clickable: false; longClickable: false; contextClickable: false; enabled: true; password: false; scrollable: false; importantForAccessibility: false; visible: false; actions: [AccessibilityAction: ACTION_SELECT - null, AccessibilityAction: ACTION_CLEAR_SELECTION - null, AccessibilityAction: ACTION_ACCESSIBILITY_FOCUS - null, AccessibilityAction: ACTION_SHOW_ON_SCREEN - null]; isTextSelectable: false
06-24 07:49:10.666  5529  5598 I Maestro : Skipping invisible child: android.view.accessibility.AccessibilityNodeInfo@13f00; boundsInParent: Rect(0, 0 - 320, 0); boundsInScreen: Rect(0, 640 - 320, 640); boundsInWindow: Rect(0, 640 - 320, 640); packageName: com.google.android.inputmethod.latin; className: android.view.View; text: null; error: null; maxTextLength: -1; stateDescription: null; contentDescription: null; tooltipText: null; containerTitle: null; viewIdResName: com.google.android.inputmethod.latin:id/0_resource_name_obfuscated; uniqueId: null; checkable: false; checked: false; focusable: false; focused: false; selected: false; clickable: true; longClickable: false; contextClickable: false; enabled: true; password: false; scrollable: false; importantForAccessibility: true; visible: false; actions: [AccessibilityAction: ACTION_SELECT - null, AccessibilityAction: ACTION_CLEAR_SELECTION - null, AccessibilityAction: ACTION_CLICK - null, AccessibilityAction: ACTION_ACCESSIBILITY_FOCUS - null, AccessibilityAction: ACTION_SHOW_ON_SCREEN - null]; isTextSelectable: false
06-24 07:49:10.667  5529  5598 I Maestro : Skipping invisible child: android.view.accessibility.AccessibilityNodeInfo@d5e4; boundsInParent: Rect(0, 0 - 320, 0); boundsInScreen: Rect(0, 640 - 320, 640); boundsInWindow: Rect(0, 640 - 320, 640); packageName: com.google.android.inputmethod.latin; className: android.widget.FrameLayout; text: null; error: null; maxTextLength: -1; stateDescription: null; contentDescription: null; tooltipText: null; containerTitle: null; viewIdResName: null; uniqueId: null; checkable: false; checked: false; focusable: false; focused: false; selected: false; clickable: false; longClickable: false; contextClickable: false; enabled: true; password: false; scrollable: false; importantForAccessibility: false; visible: false; actions: [AccessibilityAction: ACTION_SELECT - null, AccessibilityAction: ACTION_CLEAR_SELECTION - null, AccessibilityAction: ACTION_ACCESSIBILITY_FOCUS - null, AccessibilityAction: ACTION_SHOW_ON_SCREEN - null]; isTextSelectable: false
06-24 07:49:10.667  5529  5598 D Maestro : View hierarchy received in 112 ms
06-24 07:49:10.691  5529  5598 D Maestro : Requesting view hierarchy
06-24 07:49:10.691  5529  5598 W QueryController: Could not detect idle state.
06-24 07:49:10.692  5529  5598 W QueryController: Could not detect idle state.
06-24 07:49:10.700  5529  5598 I Maestro : Skipping invisible child: android.view.accessibility.AccessibilityNodeInfo@12882; boundsInParent: Rect(0, 0 - 320, 0); boundsInScreen: Rect(0, 0 - 320, 0); boundsInWindow: Rect(0, 0 - 320, 0); packageName: com.hanapkalinga.mobile; className: android.widget.LinearLayout; text: null; error: null; maxTextLength: -1; stateDescription: null; contentDescription: null; tooltipText: null; containerTitle: null; viewIdResName: null; uniqueId: null; checkable: false; checked: false; focusable: false; focused: false; selected: false; clickable: false; longClickable: false; contextClickable: false; enabled: true; password: false; scrollable: false; importantForAccessibility: false; visible: false; actions: [AccessibilityAction: ACTION_SELECT - null, AccessibilityAction: ACTION_CLEAR_SELECTION - null, AccessibilityAction: ACTION_ACCESSIBILITY_FOCUS - null, AccessibilityAction: ACTION_SHOW_ON_SCREEN - null]; isTextSelectable: false
06-24 07:49:10.705  5529  5598 I Maestro : Skipping invisible child: android.view.accessibility.AccessibilityNodeInfo@124c1; boundsInParent: Rect(0, 0 - 320, 0); boundsInScreen: Rect(0, 0 - 320, 0); boundsInWindow: Rect(0, 0 - 320, 0); packageName: com.hanapkalinga.mobile; className: android.view.ViewGroup; text: null; error: null; maxTextLength: -1; stateDescription: null; contentDescription: null; tooltipText: null; containerTitle: null; viewIdResName: null; uniqueId: null; checkable: false; checked: false; focusable: false; focused: false; selected: false; clickable: false; longClickable: false; contextClickable: false; enabled: true; password: false; scrollable: false; importantForAccessibility: false; visible: false; actions: [AccessibilityAction: ACTION_SELECT - null, AccessibilityAction: ACTION_CLEAR_SELECTION - null, AccessibilityAction: ACTION_ACCESSIBILITY_FOCUS - null, AccessibilityAction: ACTION_SHOW_ON_SCREEN - null]; isTextSelectable: false
06-24 07:49:10.706  5529  5598 I Maestro : Skipping invisible child: android.view.accessibility.AccessibilityNodeInfo@1f6f9; boundsInParent: Rect(0, 0 - 320, 0); boundsInScreen: Rect(0, 0 - 320, 0); boundsInWindow: Rect(0, 0 - 320, 0); packageName: com.hanapkalinga.mobile; className: android.widget.LinearLayout; text: null; error: null; maxTextLength: -1; stateDescription: null; contentDescription: null; tooltipText: null; containerTitle: null; viewIdResName: null; uniqueId: null; checkable: false; checked: false; focusable: false; focused: false; selected: false; clickable: false; longClickable: false; contextClickable: false; enabled: true; password: false; scrollable: false; importantForAccessibility: false; visible: false; actions: [AccessibilityAction: ACTION_SELECT - null, AccessibilityAction: ACTION_CLEAR_SELECTION - null, AccessibilityAction: ACTION_ACCESSIBILITY_FOCUS - null, AccessibilityAction: ACTION_SHOW_ON_SCREEN - null]; isTextSelectable: false
06-24 07:49:10.706  5529  5598 I Maestro : Skipping invisible child: android.view.accessibility.AccessibilityNodeInfo@1f338; boundsInParent: Rect(0, 0 - 320, 0); boundsInScreen: Rect(0, 0 - 320, 0); boundsInWindow: Rect(0, 0 - 320, 0); packageName: com.hanapkalinga.mobile; className: android.view.ViewGroup; text: null; error: null; maxTextLength: -1; stateDescription: null; contentDescription: null; tooltipText: null; containerTitle: null; viewIdResName: null; uniqueId: null; checkable: false; checked: false; focusable: false; focused: false; selected: false; clickable: false; longClickable: false; contextClickable: false; enabled: true; password: false; scrollable: false; importantForAccessibility: false; visible: false; actions: [AccessibilityAction: ACTION_SELECT - null, AccessibilityAction: ACTION_CLEAR_SELECTION - null, AccessibilityAction: ACTION_ACCESSIBILITY_FOCUS - null, AccessibilityAction: ACTION_SHOW_ON_SCREEN - null]; isTextSelectable: false
06-24 07:49:10.710  5529  5598 I Maestro : Skipping invisible child: android.view.accessibility.AccessibilityNodeInfo@1e073; boundsInParent: Rect(0, 0 - 1, 1); boundsInScreen: Rect(24, 234 - 25, 235); boundsInWindow: Rect(24, 234 - 25, 235); packageName: com.hanapkalinga.mobile; className: android.view.ViewGroup; text: null; error: null; maxTextLength: -1; stateDescription: null; contentDescription: null; tooltipText: null; containerTitle: null; viewIdResName: forgotPassword_captcha_ready; uniqueId: null; checkable: false; checked: false; focusable: false; focused: false; selected: false; clickable: false; longClickable: false; contextClickable: false; enabled: true; password: false; scrollable: false; importantForAccessibility: true; visible: false; actions: [AccessibilityAction: ACTION_SELECT - null, AccessibilityAction: ACTION_CLEAR_SELECTION - null, AccessibilityAction: ACTION_ACCESSIBILITY_FOCUS - null, AccessibilityAction: ACTION_SHOW_ON_SCREEN - null]; isTextSelectable: false
06-24 07:49:10.715   337   371 I netd    : tetherGetStats() -> {[]} <0.26ms>
06-24 07:49:10.717   337   371 I netd    : bandwidthSetGlobalAlert(2097152) <0.08ms>
06-24 07:49:10.719   337   371 I netd    : bandwidthRemoveInterfaceQuota(eth0) <0.42ms>
06-24 07:49:10.719   337   371 I netd    : bandwidthSetInterfaceQuota(eth0, 9223372036854775807) <0.29ms>
06-24 07:49:10.780  5529  5598 I Maestro : Skipping invisible child: android.view.accessibility.AccessibilityNodeInfo@13b3f; boundsInParent: Rect(0, 0 - 320, 0); boundsInScreen: Rect(0, 640 - 320, 640); boundsInWindow: Rect(0, 640 - 320, 640); packageName: com.google.android.inputmethod.latin; className: android.widget.FrameLayout; text: null; error: null; maxTextLength: -1; stateDescription: null; contentDescription: null; tooltipText: null; containerTitle: null; viewIdResName: com.google.android.inputmethod.latin:id/0_resource_name_obfuscated; uniqueId: null; checkable: false; checked: false; focusable: false; focused: false; selected: false; clickable: false; longClickable: false; contextClickable: false; enabled: true; password: false; scrollable: false; importantForAccessibility: false; visible: false; actions: [AccessibilityAction: ACTION_SELECT - null, AccessibilityAction: ACTION_CLEAR_SELECTION - null, AccessibilityAction: ACTION_ACCESSIBILITY_FOCUS - null, AccessibilityAction: ACTION_SHOW_ON_SCREEN - null]; isTextSelectable: false
06-24 07:49:10.781  5529  5598 I Maestro : Skipping invisible child: android.view.accessibility.AccessibilityNodeInfo@13f00; boundsInParent: Rect(0, 0 - 320, 0); boundsInScreen: Rect(0, 640 - 320, 640); boundsInWindow: Rect(0, 640 - 320, 640); packageName: com.google.android.inputmethod.latin; className: android.view.View; text: null; error: null; maxTextLength: -1; stateDescription: null; contentDescription: null; tooltipText: null; containerTitle: null; viewIdResName: com.google.android.inputmethod.latin:id/0_resource_name_obfuscated; uniqueId: null; checkable: false; checked: false; focusable: false; focused: false; selected: false; clickable: true; longClickable: false; contextClickable: false; enabled: true; password: false; scrollable: false; importantForAccessibility: true; visible: false; actions: [AccessibilityAction: ACTION_SELECT - null, AccessibilityAction: ACTION_CLEAR_SELECTION - null, AccessibilityAction: ACTION_CLICK - null, AccessibilityAction: ACTION_ACCESSIBILITY_FOCUS - null, AccessibilityAction: ACTION_SHOW_ON_SCREEN - null]; isTextSelectable: false
06-24 07:49:10.781  5529  5598 I Maestro : Skipping invisible child: android.view.accessibility.AccessibilityNodeInfo@d5e4; boundsInParent: Rect(0, 0 - 320, 0); boundsInScreen: Rect(0, 640 - 320, 640); boundsInWindow: Rect(0, 640 - 320, 640); packageName: com.google.android.inputmethod.latin; className: android.widget.FrameLayout; text: null; error: null; maxTextLength: -1; stateDescription: null; contentDescription: null; tooltipText: null; containerTitle: null; viewIdResName: null; uniqueId: null; checkable: false; checked: false; focusable: false; focused: false; selected: false; clickable: false; longClickable: false; contextClickable: false; enabled: true; password: false; scrollable: false; importantForAccessibility: false; visible: false; actions: [AccessibilityAction: ACTION_SELECT - null, AccessibilityAction: ACTION_CLEAR_SELECTION - null, AccessibilityAction: ACTION_ACCESSIBILITY_FOCUS - null, AccessibilityAction: ACTION_SHOW_ON_SCREEN - null]; isTextSelectable: false
06-24 07:49:10.782  5529  5598 D Maestro : View hierarchy received in 91 ms
06-24 07:49:10.882  1056  1056 D CarrierSvcBindHelper: onPackageModified: com.google.android.contacts
06-24 07:49:10.884  1056  1056 D CarrierSvcBindHelper: No carrier app for: 0
06-24 07:49:10.884   524   626 I InputReader: Reconfiguring input devices, changes=KEYBOARD_LAYOUTS
06-24 07:49:10.885  4285  4285 V MediaPlayerList: mPackageChangedBroadcastReceiver: action: android.intent.action.PACKAGE_CHANGED
06-24 07:49:10.885  4285  4285 V MediaPlayerList: mPackageChangedBroadcastReceiver: action: android.intent.action.PACKAGE_CHANGED
06-24 07:49:10.887   838   901 D StylusManager: Stylus InputDevice changed: 13 virtio_input_multi_touch_10
06-24 07:49:10.887   838   901 D StylusManager: Stylus InputDevice changed: 12 virtio_input_multi_touch_9
06-24 07:49:10.888   838   901 D StylusManager: Stylus InputDevice changed: 10 virtio_input_multi_touch_7
06-24 07:49:10.888   838   901 D StylusManager: Stylus InputDevice changed: 9 virtio_input_multi_touch_6
06-24 07:49:10.892   839   864 I PermissionControllerServiceImpl: Updating user sensitive for uid 10153
06-24 07:49:10.900   838   838 D ControlsListingControllerImpl: ServiceConfig reloaded, count: 0
06-24 07:49:10.902   838   901 D StylusManager: Stylus InputDevice changed: 6 virtio_input_multi_touch_3
06-24 07:49:10.905  5529  5598 D Maestro : Requesting view hierarchy
06-24 07:49:10.906  5529  5598 W QueryController: Could not detect idle state.
06-24 07:49:10.907  5529  5598 W QueryController: Could not detect idle state.
06-24 07:49:10.907  1056  1357 D ImsResolver: maybeAddedImsService, packageName: com.google.android.contacts
06-24 07:49:10.909   838   901 D StylusManager: Stylus InputDevice changed: 11 virtio_input_multi_touch_8
06-24 07:49:10.909   838   901 D StylusManager: Stylus InputDevice changed: 8 virtio_input_multi_touch_5
06-24 07:49:10.909   838   901 D StylusManager: Stylus InputDevice changed: 7 virtio_input_multi_touch_4
06-24 07:49:10.913   838   901 D StylusManager: Stylus InputDevice changed: 5 virtio_input_multi_touch_2
06-24 07:49:10.914   838   901 D StylusManager: Stylus InputDevice changed: 14 virtio_input_multi_touch_11
06-24 07:49:10.915   838   901 D StylusManager: Stylus InputDevice changed: 4 virtio_input_multi_touch_1
