06-25 14:40:21.428  5808  6173 I Maestro : Skipping invisible child: android.view.accessibility.AccessibilityNodeInfo@2b66c; boundsInParent: Rect(0, 0 - 31, 28); boundsInScreen: Rect(278, 582 - 309, 610); boundsInWindow: Rect(278, 582 - 309, 610); packageName: com.hanapkalinga.mobile; className: android.view.ViewGroup; text: null; error: null; maxTextLength: -1; stateDescription: null; contentDescription: null; tooltipText: null; containerTitle: null; viewIdResName: null; uniqueId: null; checkable: false; checked: false; focusable: false; focused: false; selected: false; clickable: false; longClickable: false; contextClickable: false; enabled: true; password: false; scrollable: false; importantForAccessibility: false; visible: false; actions: [AccessibilityAction: ACTION_SELECT - null, AccessibilityAction: ACTION_CLEAR_SELECTION - null, AccessibilityAction: ACTION_ACCESSIBILITY_FOCUS - null, AccessibilityAction: ACTION_SHOW_ON_SCREEN - null]; isTextSelectable: false
06-25 14:40:21.431  2820  6904 W libc    : Access denied finding property "persist.adb.tls_server.enable"
06-25 14:40:21.431  2820  6904 W libc    : Access denied finding property "service.adb.tls.port"
06-25 14:40:21.419  2820  2820 W IntentService[D: type=1400 audit(0.0:58): avc:  denied  { read } for  name="u:object_r:system_adbd_prop:s0" dev="tmpfs" ino=292 scontext=u:r:gmscore_app:s0:c512,c768 tcontext=u:object_r:system_adbd_prop:s0 tclass=file permissive=0 app=com.google.android.gms
06-25 14:40:21.432   520  1951 D PackageManager: Instant App installer not found with android.intent.action.INSTALL_INSTANT_APP_PACKAGE
06-25 14:40:21.432   520  1951 D PackageManager: Clear ephemeral installer activity
06-25 14:40:21.433   520  1951 D PackageManager: Instant App installer not found with android.intent.action.INSTALL_INSTANT_APP_PACKAGE
06-25 14:40:21.433   520  1951 D PackageManager: Clear ephemeral installer activity
06-25 14:40:21.434   520  1951 D PackageManager: Instant App installer not found with android.intent.action.INSTALL_INSTANT_APP_PACKAGE
06-25 14:40:21.434   520  1951 D PackageManager: Clear ephemeral installer activity
06-25 14:40:21.427  2820  2820 W IntentService[D: type=1400 audit(0.0:59): avc:  denied  { read } for  name="u:object_r:adbd_prop:s0" dev="tmpfs" ino=60 scontext=u:r:gmscore_app:s0:c512,c768 tcontext=u:object_r:adbd_prop:s0 tclass=file permissive=0 app=com.google.android.gms
06-25 14:40:21.446   520  1951 D PackageManager: Instant App installer not found with android.intent.action.INSTALL_INSTANT_APP_PACKAGE
06-25 14:40:21.446   520  1951 D PackageManager: Clear ephemeral installer activity
06-25 14:40:21.448  5808  6173 D Maestro : View hierarchy received in 257 ms
06-25 14:40:21.465  5498  6897 I SystemUpdate: [Execution,InstallationEventIntentOperation] Handling event of type 1.
06-25 14:40:21.466  5498  6910 I ChimeraConfigurator: Detected pending changes for urgent request: [tflite_dynamite]. Pending module sets: container:2318189190800,tflite_dynamite:2605805025100800+tflite_dynamite
06-25 14:40:21.469  5498  6910 I GmsDebugLogger: [73] 1801
06-25 14:40:21.470  5498  6910 W ZappDownloader: No successful module downloads for requested features [tflite_dynamite].
06-25 14:40:21.470  5498  6910 I GmsDebugLogger: [30] [TfliteDynamiteDynamite.integ:260580502100800]
06-25 14:40:21.471  5498  6910 W ChimeraConfigService: Retry attempt was throttled. [CONTEXT service_id=264 ]
06-25 14:40:21.471  5498  6910 I GmsDebugLogger: [83] 1 [tflite_dynamite]
06-25 14:40:21.472  5498  6910 I ChimeraConfigurator: Starting update, reason: 4 urgentFeatures: vision.ocr:-1
06-25 14:40:21.474   520   912 D PackageManager: Instant App installer not found with android.intent.action.INSTALL_INSTANT_APP_PACKAGE
06-25 14:40:21.474   520   912 D PackageManager: Clear ephemeral installer activity
06-25 14:40:21.482  5498  6910 I ChimeraConfigurator: Detected pending changes for urgent request: [vision.ocr]. Pending module sets: container:2318189190800+mlkit.ocr.common,tflite_dynamite:2605805025100800+tflite_dynamite,vision_ocr:2316024025100000+vision.ocr
06-25 14:40:21.484  5498  6910 I GmsDebugLogger: [73] 1801
06-25 14:40:21.485  5498  6910 W ZappDownloader: No successful module downloads for requested features [vision.ocr].
06-25 14:40:21.485  5498  6910 I GmsDebugLogger: [30] [VisionOcrDynamite.integ:231602402100000],[TfliteDynamiteDynamite.integ:260580502100800],[MlkitOcrCommon.optional:231818100800]
06-25 14:40:21.486  5498  6910 W ChimeraConfigService: Retry attempt was throttled. [CONTEXT service_id=264 ]
06-25 14:40:21.486  5498  6910 I GmsDebugLogger: [83] 1 [vision.ocr]
06-25 14:40:21.488  5498  5596 W Vision  : Request for optional module download of ocr failed. Request again.
06-25 14:40:21.489  5498  5596 W Vision  : Would have logged:
06-25 14:40:21.489  5498  5596 W Vision  : # dsae@44f943d5
06-25 14:40:21.489  5498  5596 I Vision  : Schedule retrying download ocr at 152444 with backoff 10 seconds
06-25 14:40:21.492  5498  6907 I SystemUpdate: [Execution,InstallationIntentOperation] Received intent: Intent { act=com.google.android.gms.update.INSTALL_UPDATE cat=[targeted_intent_op_prefix:.update.execution.InstallationIntentOperation] cmp=com.google.android.gms/.chimera.GmsIntentOperationService }.
06-25 14:40:21.494  5498  6907 I SystemUpdate: [Execution,ExecutionManager] Action finished-execution executed for 0.00 seconds.
06-25 14:40:21.503  5498  6893 I Wear_Controller: Wearable module requires a companion app to be installed.
06-25 14:40:21.503  5498  6893 I Wear_Controller: onStartup - Wear is not available on this device.
06-25 14:40:21.514  5808  6173 D Maestro : Requesting view hierarchy
06-25 14:40:21.515  5808  6173 W QueryController: Could not detect idle state.
06-25 14:40:21.516  5808  6173 W QueryController: Could not detect idle state.
06-25 14:40:21.530  5808  6173 I Maestro : Skipping invisible child: android.view.accessibility.AccessibilityNodeInfo@2dfb7; boundsInParent: Rect(0, 0 - 320, 0); boundsInScreen: Rect(0, 0 - 320, 0); boundsInWindow: Rect(0, 0 - 320, 0); packageName: com.hanapkalinga.mobile; className: android.widget.LinearLayout; text: null; error: null; maxTextLength: -1; stateDescription: null; contentDescription: null; tooltipText: null; containerTitle: null; viewIdResName: null; uniqueId: null; checkable: false; checked: false; focusable: false; focused: false; selected: false; clickable: false; longClickable: false; contextClickable: false; enabled: true; password: false; scrollable: false; importantForAccessibility: false; visible: false; actions: [AccessibilityAction: ACTION_SELECT - null, AccessibilityAction: ACTION_CLEAR_SELECTION - null, AccessibilityAction: ACTION_ACCESSIBILITY_FOCUS - null, AccessibilityAction: ACTION_SHOW_ON_SCREEN - null]; isTextSelectable: false
06-25 14:40:21.530  5808  6173 I Maestro : Skipping invisible child: android.view.accessibility.AccessibilityNodeInfo@2dbf6; boundsInParent: Rect(0, 0 - 320, 0); boundsInScreen: Rect(0, 0 - 320, 0); boundsInWindow: Rect(0, 0 - 320, 0); packageName: com.hanapkalinga.mobile; className: android.view.ViewGroup; text: null; error: null; maxTextLength: -1; stateDescription: null; contentDescription: null; tooltipText: null; containerTitle: null; viewIdResName: null; uniqueId: null; checkable: false; checked: false; focusable: false; focused: false; selected: false; clickable: false; longClickable: false; contextClickable: false; enabled: true; password: false; scrollable: false; importantForAccessibility: false; visible: false; actions: [AccessibilityAction: ACTION_SELECT - null, AccessibilityAction: ACTION_CLEAR_SELECTION - null, AccessibilityAction: ACTION_ACCESSIBILITY_FOCUS - null, AccessibilityAction: ACTION_SHOW_ON_SCREEN - null]; isTextSelectable: false
06-25 14:40:21.533  5808  6173 I Maestro : Skipping invisible child: android.view.accessibility.AccessibilityNodeInfo@31445; boundsInParent: Rect(0, 0 - 12, 0); boundsInScreen: Rect(134, 344 - 145, 344); boundsInWindow: Rect(134, 344 - 145, 344); packageName: com.hanapkalinga.mobile; className: com.horcrux.svg.PathView; text: null; error: null; maxTextLength: -1; stateDescription: null; contentDescription: null; tooltipText: null; containerTitle: null; viewIdResName: null; uniqueId: null; checkable: false; checked: false; focusable: false; focused: false; selected: false; clickable: false; longClickable: false; contextClickable: false; enabled: true; password: false; scrollable: false; importantForAccessibility: false; visible: false; actions: [AccessibilityAction: ACTION_SELECT - null, AccessibilityAction: ACTION_CLEAR_SELECTION - null, AccessibilityAction: ACTION_ACCESSIBILITY_FOCUS - null, AccessibilityAction: ACTION_SHOW_ON_SCREEN - null]; isTextSelectable: false
06-25 14:40:21.538  5808  6173 I Maestro : Skipping invisible child: android.view.accessibility.AccessibilityNodeInfo@38122; boundsInParent: Rect(0, 0 - 1, 4); boundsInScreen: Rect(65, 495 - 65, 499); boundsInWindow: Rect(65, 495 - 65, 499); packageName: com.hanapkalinga.mobile; className: com.horcrux.svg.PathView; text: null; error: null; maxTextLength: -1; stateDescription: null; contentDescription: null; tooltipText: null; containerTitle: null; viewIdResName: null; uniqueId: null; checkable: false; checked: false; focusable: false; focused: false; selected: false; clickable: false; longClickable: false; contextClickable: false; enabled: true; password: false; scrollable: false; importantForAccessibility: false; visible: false; actions: [AccessibilityAction: ACTION_SELECT - null, AccessibilityAction: ACTION_CLEAR_SELECTION - null, AccessibilityAction: ACTION_ACCESSIBILITY_FOCUS - null, AccessibilityAction: ACTION_SHOW_ON_SCREEN - null]; isTextSelectable: false
06-25 14:40:21.538  5808  6173 I Maestro : Skipping invisible child: android.view.accessibility.AccessibilityNodeInfo@384e3; boundsInParent: Rect(0, 0 - 1, 4); boundsInScreen: Rect(72, 495 - 72, 499); boundsInWindow: Rect(72, 495 - 72, 499); packageName: com.hanapkalinga.mobile; className: com.horcrux.svg.PathView; text: null; error: null; maxTextLength: -1; stateDescription: null; contentDescription: null; tooltipText: null; containerTitle: null; viewIdResName: null; uniqueId: null; checkable: false; checked: false; focusable: false; focused: false; selected: false; clickable: false; longClickable: false; contextClickable: false; enabled: true; password: false; scrollable: false; importantForAccessibility: false; visible: false; actions: [AccessibilityAction: ACTION_SELECT - null, AccessibilityAction: ACTION_CLEAR_SELECTION - null, AccessibilityAction: ACTION_ACCESSIBILITY_FOCUS - null, AccessibilityAction: ACTION_SHOW_ON_SCREEN - null]; isTextSelectable: false
06-25 14:40:21.539  5808  6173 I Maestro : Skipping invisible child: android.view.accessibility.AccessibilityNodeInfo@38c65; boundsInParent: Rect(0, 0 - 16, 1); boundsInScreen: Rect(61, 502 - 76, 502); boundsInWindow: Rect(61, 502 - 76, 502); packageName: com.hanapkalinga.mobile; className: com.horcrux.svg.PathView; text: null; error: null; maxTextLength: -1; stateDescription: null; contentDescription: null; tooltipText: null; containerTitle: null; viewIdResName: null; uniqueId: null; checkable: false; checked: false; focusable: false; focused: false; selected: false; clickable: false; longClickable: false; contextClickable: false; enabled: true; password: false; scrollable: false; importantForAccessibility: false; visible: false; actions: [AccessibilityAction: ACTION_SELECT - null, AccessibilityAction: ACTION_CLEAR_SELECTION - null, AccessibilityAction: ACTION_ACCESSIBILITY_FOCUS - null, AccessibilityAction: ACTION_SHOW_ON_SCREEN - null]; isTextSelectable: false
06-25 14:40:21.539  5808  6173 I Maestro : Skipping invisible child: android.view.accessibility.AccessibilityNodeInfo@39026; boundsInParent: Rect(0, 0 - 1, 1); boundsInScreen: Rect(65, 505 - 66, 505); boundsInWindow: Rect(65, 505 - 66, 505); packageName: com.hanapkalinga.mobile; className: com.horcrux.svg.PathView; text: null; error: null; maxTextLength: -1; stateDescription: null; contentDescription: null; tooltipText: null; containerTitle: null; viewIdResName: null; uniqueId: null; checkable: false; checked: false; focusable: false; focused: false; selected: false; clickable: false; longClickable: false; contextClickable: false; enabled: true; password: false; scrollable: false; importantForAccessibility: false; visible: false; actions: [AccessibilityAction: ACTION_SELECT - null, AccessibilityAction: ACTION_CLEAR_SELECTION - null, AccessibilityAction: ACTION_ACCESSIBILITY_FOCUS - null, AccessibilityAction: ACTION_SHOW_ON_SCREEN - null]; isTextSelectable: false
06-25 14:40:21.539  5808  6173 I Maestro : Skipping invisible child: android.view.accessibility.AccessibilityNodeInfo@393e7; boundsInParent: Rect(0, 0 - 1, 1); boundsInScreen: Rect(69, 505 - 70, 505); boundsInWindow: Rect(69, 505 - 70, 505); packageName: com.hanapkalinga.mobile; className: com.horcrux.svg.PathView; text: null; error: null; maxTextLength: -1; stateDescription: null; contentDescription: null; tooltipText: null; containerTitle: null; viewIdResName: null; uniqueId: null; checkable: false; checked: false; focusable: false; focused: false; selected: false; clickable: false; longClickable: false; contextClickable: false; enabled: true; password: false; scrollable: false; importantForAccessibility: false; visible: false; actions: [AccessibilityAction: ACTION_SELECT - null, AccessibilityAction: ACTION_CLEAR_SELECTION - null, AccessibilityAction: ACTION_ACCESSIBILITY_FOCUS - null, AccessibilityAction: ACTION_SHOW_ON_SCREEN - null]; isTextSelectable: false
06-25 14:40:21.539  5808  6173 I Maestro : Skipping invisible child: android.view.accessibility.AccessibilityNodeInfo@397a8; boundsInParent: Rect(0, 0 - 1, 1); boundsInScreen: Rect(72, 505 - 73, 505); boundsInWindow: Rect(72, 505 - 73, 505); packageName: com.hanapkalinga.mobile; className: com.horcrux.svg.PathView; text: null; error: null; maxTextLength: -1; stateDescription: null; contentDescription: null; tooltipText: null; containerTitle: null; viewIdResName: null; uniqueId: null; checkable: false; checked: false; focusable: false; focused: false; selected: false; clickable: false; longClickable: false; contextClickable: false; enabled: true; password: false; scrollable: false; importantForAccessibility: false; visible: false; actions: [AccessibilityAction: ACTION_SELECT - null, AccessibilityAction: ACTION_CLEAR_SELECTION - null, AccessibilityAction: ACTION_ACCESSIBILITY_FOCUS - null, AccessibilityAction: ACTION_SHOW_ON_SCREEN - null]; isTextSelectable: false
06-25 14:40:21.539  5808  6173 I Maestro : Skipping invisible child: android.view.accessibility.AccessibilityNodeInfo@3a2eb; boundsInParent: Rect(0, 0 - 1, 0); boundsInScreen: Rect(72, 509 - 73, 509); boundsInWindow: Rect(72, 509 - 73, 509); packageName: com.hanapkalinga.mobile; className: com.horcrux.svg.PathView; text: null; error: null; maxTextLength: -1; stateDescription: null; contentDescription: null; tooltipText: null; containerTitle: null; viewIdResName: null; uniqueId: null; checkable: false; checked: false; focusable: false; focused: false; selected: false; clickable: false; longClickable: false; contextClickable: false; enabled: true; password: false; scrollable: false; importantForAccessibility: false; visible: false; actions: [AccessibilityAction: ACTION_SELECT - null, AccessibilityAction: ACTION_CLEAR_SELECTION - null, AccessibilityAction: ACTION_ACCESSIBILITY_FOCUS - null, AccessibilityAction: ACTION_SHOW_ON_SCREEN - null]; isTextSelectable: false
06-25 14:40:21.539  5808  6173 I Maestro : Skipping invisible child: android.view.accessibility.AccessibilityNodeInfo@39f2a; boundsInParent: Rect(0, 0 - 1, 0); boundsInScreen: Rect(69, 509 - 70, 509); boundsInWindow: Rect(69, 509 - 70, 509); packageName: com.hanapkalinga.mobile; className: com.horcrux.svg.PathView; text: null; error: null; maxTextLength: -1; stateDescription: null; contentDescription: null; tooltipText: null; containerTitle: null; viewIdResName: null; uniqueId: null; checkable: false; checked: false; focusable: false; focused: false; selected: false; clickable: false; longClickable: false; contextClickable: false; enabled: true; password: false; scrollable: false; importantForAccessibility: false; visible: false; actions: [AccessibilityAction: ACTION_SELECT - null, AccessibilityAction: ACTION_CLEAR_SELECTION - null, AccessibilityAction: ACTION_ACCESSIBILITY_FOCUS - null, AccessibilityAction: ACTION_SHOW_ON_SCREEN - null]; isTextSelectable: false
06-25 14:40:21.540  5808  6173 I Maestro : Skipping invisible child: android.view.accessibility.AccessibilityNodeInfo@39b69; boundsInParent: Rect(0, 0 - 1, 0); boundsInScreen: Rect(65, 509 - 66, 509); boundsInWindow: Rect(65, 509 - 66, 509); packageName: com.hanapkalinga.mobile; className: com.horcrux.svg.PathView; text: null; error: null; maxTextLength: -1; stateDescription: null; contentDescription: null; tooltipText: null; containerTitle: null; viewIdResName: null; uniqueId: null; checkable: false; checked: false; focusable: false; focused: false; selected: false; clickable: false; longClickable: false; contextClickable: false; enabled: true; password: false; scrollable: false; importantForAccessibility: false; visible: false; actions: [AccessibilityAction: ACTION_SELECT - null, AccessibilityAction: ACTION_CLEAR_SELECTION - null, AccessibilityAction: ACTION_ACCESSIBILITY_FOCUS - null, AccessibilityAction: ACTION_SHOW_ON_SCREEN - null]; isTextSelectable: false
06-25 14:40:21.543  5808  6173 I Maestro : Skipping invisible child: android.view.accessibility.AccessibilityNodeInfo@3bd32; boundsInParent: Rect(0, 0 - 40, 40); boundsInScreen: Rect(49, 604 - 89, 576); boundsInWindow: Rect(49, 604 - 89, 576); packageName: com.hanapkalinga.mobile; className: android.view.ViewGroup; text: null; error: null; maxTextLength: -1; stateDescription: null; contentDescription: null; tooltipText: null; containerTitle: null; viewIdResName: null; uniqueId: null; checkable: false; checked: false; focusable: false; focused: false; selected: false; clickable: false; longClickable: false; contextClickable: false; enabled: true; password: false; scrollable: false; importantForAccessibility: false; visible: false; actions: [AccessibilityAction: ACTION_SELECT - null, AccessibilityAction: ACTION_CLEAR_SELECTION - null, AccessibilityAction: ACTION_ACCESSIBILITY_FOCUS - null, AccessibilityAction: ACTION_SHOW_ON_SCREEN - null]; isTextSelectable: false
06-25 14:40:21.546  5808  6173 I Maestro : Skipping invisible child: android.view.accessibility.AccessibilityNodeInfo@3edff; boundsInParent: Rect(0, 0 - 94, 22); boundsInScreen: Rect(101, 585 - 195, 576); boundsInWindow: Rect(101, 585 - 195, 576); packageName: com.hanapkalinga.mobile; className: android.widget.TextView; text: E2E Nurse User; error: null; maxTextLength: -1; stateDescription: null; contentDescription: null; tooltipText: null; containerTitle: null; viewIdResName: null; uniqueId: null; checkable: false; checked: false; focusable: false; focused: false; selected: false; clickable: false; longClickable: false; contextClickable: false; enabled: true; password: false; scrollable: false; importantForAccessibility: true; visible: false; actions: [AccessibilityAction: ACTION_SELECT - null, AccessibilityAction: ACTION_CLEAR_SELECTION - null, AccessibilityAction: ACTION_ACCESSIBILITY_FOCUS - null, AccessibilityAction: ACTION_NEXT_AT_MOVEMENT_GRANULARITY - null, AccessibilityAction: ACTION_PREVIOUS_AT_MOVEMENT_GRANULARITY - null, AccessibilityAction: ACTION_SET_SELECTION - null, AccessibilityAction: ACTION_SHOW_ON_SCREEN - null]; isTextSelectable: false
06-25 14:40:21.549  5808  6173 I Maestro : Skipping invisible child: android.view.accessibility.AccessibilityNodeInfo@3c0f3; boundsInParent: Rect(0, 0 - 20, 20); boundsInScreen: Rect(59, 614 - 79, 576); boundsInWindow: Rect(59, 614 - 79, 576); packageName: com.hanapkalinga.mobile; className: com.horcrux.svg.SvgView; text: null; error: null; maxTextLength: -1; stateDescription: null; contentDescription: null; tooltipText: null; containerTitle: null; viewIdResName: null; uniqueId: null; checkable: false; checked: false; focusable: false; focused: false; selected: false; clickable: false; longClickable: false; contextClickable: false; enabled: true; password: false; scrollable: false; importantForAccessibility: false; visible: false; actions: [AccessibilityAction: ACTION_SELECT - null, AccessibilityAction: ACTION_CLEAR_SELECTION - null, AccessibilityAction: ACTION_ACCESSIBILITY_FOCUS - null, AccessibilityAction: ACTION_SHOW_ON_SCREEN - null]; isTextSelectable: false
06-25 14:40:21.550  5808  6173 I Maestro : Skipping invisible child: android.view.accessibility.AccessibilityNodeInfo@3f1c0; boundsInParent: Rect(0, 0 - 94, 19); boundsInScreen: Rect(101, 609 - 195, 576); boundsInWindow: Rect(101, 609 - 195, 576); packageName: com.hanapkalinga.mobile; className: android.widget.TextView; text: Fri, Jun 26; error: null; maxTextLength: -1; stateDescription: null; contentDescription: null; tooltipText: null; containerTitle: null; viewIdResName: null; uniqueId: null; checkable: false; checked: false; focusable: false; focused: false; selected: false; clickable: false; longClickable: false; contextClickable: false; enabled: true; password: false; scrollable: false; importantForAccessibility: true; visible: false; actions: [AccessibilityAction: ACTION_SELECT - null, AccessibilityAction: ACTION_CLEAR_SELECTION - null, AccessibilityAction: ACTION_ACCESSIBILITY_FOCUS - null, AccessibilityAction: ACTION_NEXT_AT_MOVEMENT_GRANULARITY - null, AccessibilityAction: ACTION_PREVIOUS_AT_MOVEMENT_GRANULARITY - null, AccessibilityAction: ACTION_SET_SELECTION - null, AccessibilityAction: ACTION_SHOW_ON_SCREEN - null]; isTextSelectable: false
06-25 14:40:21.551  5808  6173 I Maestro : Skipping invisible child: android.view.accessibility.AccessibilityNodeInfo@3f581; boundsInParent: Rect(0, 0 - 94, 33); boundsInScreen: Rect(101, 630 - 195, 576); boundsInWindow: Rect(101, 630 - 195, 576); packageName: com.hanapkalinga.mobile; className: android.widget.TextView; text: Morning (6AM-2PM); error: null; maxTextLength: -1; stateDescription: null; contentDescription: null; tooltipText: null; containerTitle: null; viewIdResName: null; uniqueId: null; checkable: false; checked: false; focusable: false; focused: false; selected: false; clickable: false; longClickable: false; contextClickable: false; enabled: true; password: false; scrollable: false; importantForAccessibility: true; visible: false; actions: [AccessibilityAction: ACTION_SELECT - null, AccessibilityAction: ACTION_CLEAR_SELECTION - null, AccessibilityAction: ACTION_ACCESSIBILITY_FOCUS - null, AccessibilityAction: ACTION_NEXT_AT_MOVEMENT_GRANULARITY - null, AccessibilityAction: ACTION_PREVIOUS_AT_MOVEMENT_GRANULARITY - null, AccessibilityAction: ACTION_SET_SELECTION - null, AccessibilityAction: ACTION_SHOW_ON_SCREEN - null]; isTextSelectable: false
06-25 14:40:21.552  5808  6173 I Maestro : Skipping invisible child: android.view.accessibility.AccessibilityNodeInfo@3f942; boundsInParent: Rect(0, 0 - 64, 21); boundsInScreen: Rect(207, 614 - 271, 576); boundsInWindow: Rect(207, 614 - 271, 576); packageName: com.hanapkalinga.mobile; className: android.view.ViewGroup; text: null; error: null; maxTextLength: -1; stateDescription: null; contentDescription: null; tooltipText: null; containerTitle: null; viewIdResName: null; uniqueId: null; checkable: false; checked: false; focusable: false; focused: false; selected: false; clickable: false; longClickable: false; contextClickable: false; enabled: true; password: false; scrollable: false; importantForAccessibility: false; visible: false; actions: [AccessibilityAction: ACTION_SELECT - null, AccessibilityAction: ACTION_CLEAR_SELECTION - null, AccessibilityAction: ACTION_ACCESSIBILITY_FOCUS - null, AccessibilityAction: ACTION_SHOW_ON_SCREEN - null]; isTextSelectable: false
06-25 14:40:21.553  5808  6173 I Maestro : Skipping invisible child: android.view.accessibility.AccessibilityNodeInfo@3fd03; boundsInParent: Rect(0, 0 - 44, 17); boundsInScreen: Rect(217, 616 - 261, 576); boundsInWindow: Rect(217, 616 - 261, 576); packageName: com.hanapkalinga.mobile; className: android.widget.TextView; text: pending; error: null; maxTextLength: -1; stateDescription: null; contentDescription: null; tooltipText: null; containerTitle: null; viewIdResName: null; uniqueId: null; checkable: false; checked: false; focusable: false; focused: false; selected: false; clickable: false; longClickable: false; contextClickable: false; enabled: true; password: false; scrollable: false; importantForAccessibility: true; visible: false; actions: [AccessibilityAction: ACTION_SELECT - null, AccessibilityAction: ACTION_CLEAR_SELECTION - null, AccessibilityAction: ACTION_ACCESSIBILITY_FOCUS - null, AccessibilityAction: ACTION_NEXT_AT_MOVEMENT_GRANULARITY - null, AccessibilityAction: ACTION_PREVIOUS_AT_MOVEMENT_GRANULARITY - null, AccessibilityAction: ACTION_SET_SELECTION - null, AccessibilityAction: ACTION_SHOW_ON_SCREEN - null]; isTextSelectable: false
06-25 14:40:21.553  5808  6173 I Maestro : Skipping invisible child: android.view.accessibility.AccessibilityNodeInfo@3270a; boundsInParent: Rect(0, 0 - 288, 48); boundsInScreen: Rect(16, 700 - 304, 576); boundsInWindow: Rect(16, 700 - 304, 576); packageName: com.hanapkalinga.mobile; className: android.widget.Button; text: null; error: null; maxTextLength: -1; stateDescription: null; contentDescription: Request a booking; tooltipText: null; containerTitle: null; viewIdResName: familyDashboard_button_requestBooking; uniqueId: null; checkable: false; checked: false; focusable: true; focused: false; selected: false; clickable: true; longClickable: false; contextClickable: false; enabled: true; password: false; scrollable: false; importantForAccessibility: true; visible: false; actions: [AccessibilityAction: ACTION_FOCUS - null, AccessibilityAction: ACTION_SELECT - null, AccessibilityAction: ACTION_CLEAR_SELECTION - null, AccessibilityAction: ACTION_CLICK - null, AccessibilityAction: ACTION_ACCESSIBILITY_FOCUS - null, AccessibilityAction: ACTION_SHOW_ON_SCREEN - null]; isTextSelectable: false
06-25 14:40:21.553  5808  6173 I Maestro : Skipping invisible child: android.view.accessibility.AccessibilityNodeInfo@32e8c; boundsInParent: Rect(0, 0 - 288, 25); boundsInScreen: Rect(16, 764 - 304, 576); boundsInWindow: Rect(16, 764 - 304, 576); packageName: com.hanapkalinga.mobile; className: android.widget.TextView; text: Notifications; error: null; maxTextLength: -1; stateDescription: null; contentDescription: null; tooltipText: null; containerTitle: null; viewIdResName: null; uniqueId: null; checkable: false; checked: false; focusable: false; focused: false; selected: false; clickable: false; longClickable: false; contextClickable: false; enabled: true; password: false; scrollable: false; importantForAccessibility: true; visible: false; actions: [AccessibilityAction: ACTION_SELECT - null, AccessibilityAction: ACTION_CLEAR_SELECTION - null, AccessibilityAction: ACTION_ACCESSIBILITY_FOCUS - null, AccessibilityAction: ACTION_NEXT_AT_MOVEMENT_GRANULARITY - null, AccessibilityAction: ACTION_PREVIOUS_AT_MOVEMENT_GRANULARITY - null, AccessibilityAction: ACTION_SET_SELECTION - null, AccessibilityAction: ACTION_SHOW_ON_SCREEN - null]; isTextSelectable: false
06-25 14:40:21.553  5808  6173 I Maestro : Skipping invisible child: android.view.accessibility.AccessibilityNodeInfo@357d7; boundsInParent: Rect(0, 0 - 40, 40); boundsInScreen: Rect(140, 833 - 180, 576); boundsInWindow: Rect(140, 833 - 180, 576); packageName: com.hanapkalinga.mobile; className: com.horcrux.svg.SvgView; text: null; error: null; maxTextLength: -1; stateDescription: null; contentDescription: null; tooltipText: null; containerTitle: null; viewIdResName: null; uniqueId: null; checkable: false; checked: false; focusable: false; focused: false; selected: false; clickable: false; longClickable: false; contextClickable: false; enabled: true; password: false; scrollable: false; importantForAccessibility: false; visible: false; actions: [AccessibilityAction: ACTION_SELECT - null, AccessibilityAction: ACTION_CLEAR_SELECTION - null, AccessibilityAction: ACTION_ACCESSIBILITY_FOCUS - null, AccessibilityAction: ACTION_SHOW_ON_SCREEN - null]; isTextSelectable: false
06-25 14:40:21.554  5808  6173 I Maestro : Skipping invisible child: android.view.accessibility.AccessibilityNodeInfo@366db; boundsInParent: Rect(0, 0 - 159, 25); boundsInScreen: Rect(80, 897 - 239, 576); boundsInWindow: Rect(80, 897 - 239, 576); packageName: com.hanapkalinga.mobile; className: android.widget.TextView; text: No notifications yet.; error: null; maxTextLength: -1; stateDescription: null; contentDescription: null; tooltipText: null; containerTitle: null; viewIdResName: null; uniqueId: null; checkable: false; checked: false; focusable: false; focused: false; selected: false; clickable: false; longClickable: false; contextClickable: false; enabled: true; password: false; scrollable: false; importantForAccessibility: true; visible: false; actions: [AccessibilityAction: ACTION_SELECT - null, AccessibilityAction: ACTION_CLEAR_SELECTION - null, AccessibilityAction: ACTION_ACCESSIBILITY_FOCUS - null, AccessibilityAction: ACTION_NEXT_AT_MOVEMENT_GRANULARITY - null, AccessibilityAction: ACTION_PREVIOUS_AT_MOVEMENT_GRANULARITY - null, AccessibilityAction: ACTION_SET_SELECTION - null, AccessibilityAction: ACTION_SHOW_ON_SCREEN - null]; isTextSelectable: false
06-25 14:40:21.558  5808  6173 I Maestro : Skipping invisible child: android.view.accessibility.AccessibilityNodeInfo@1d8f1; boundsInParent: Rect(0, 0 - 31, 28); boundsInScreen: Rect(11, 582 - 42, 610); boundsInWindow: Rect(11, 582 - 42, 610); packageName: com.hanapkalinga.mobile; className: android.view.ViewGroup; text: null; error: null; maxTextLength: -1; stateDescription: null; contentDescription: null; tooltipText: null; containerTitle: null; viewIdResName: null; uniqueId: null; checkable: false; checked: false; focusable: false; focused: false; selected: false; clickable: false; longClickable: false; contextClickable: false; enabled: true; password: false; scrollable: false; importantForAccessibility: false; visible: false; actions: [AccessibilityAction: ACTION_SELECT - null, AccessibilityAction: ACTION_CLEAR_SELECTION - null, AccessibilityAction: ACTION_ACCESSIBILITY_FOCUS - null, AccessibilityAction: ACTION_SHOW_ON_SCREEN - null]; isTextSelectable: false
06-25 14:40:21.564  5808  6173 I Maestro : Skipping invisible child: android.view.accessibility.AccessibilityNodeInfo@1f338; boundsInParent: Rect(0, 0 - 31, 28); boundsInScreen: Rect(64, 582 - 95, 610); boundsInWindow: Rect(64, 582 - 95, 610); packageName: com.hanapkalinga.mobile; className: android.view.ViewGroup; text: null; error: null; maxTextLength: -1; stateDescription: null; contentDescription: null; tooltipText: null; containerTitle: null; viewIdResName: null; uniqueId: null; checkable: false; checked: false; focusable: false; focused: false; selected: false; clickable: false; longClickable: false; contextClickable: false; enabled: true; password: false; scrollable: false; importantForAccessibility: false; visible: false; actions: [AccessibilityAction: ACTION_SELECT - null, AccessibilityAction: ACTION_CLEAR_SELECTION - null, AccessibilityAction: ACTION_ACCESSIBILITY_FOCUS - null, AccessibilityAction: ACTION_SHOW_ON_SCREEN - null]; isTextSelectable: false
06-25 14:40:21.570  5808  6173 I Maestro : Skipping invisible child: android.view.accessibility.AccessibilityNodeInfo@21c83; boundsInParent: Rect(0, 0 - 31, 28); boundsInScreen: Rect(118, 582 - 149, 610); boundsInWindow: Rect(118, 582 - 149, 610); packageName: com.hanapkalinga.mobile; className: android.view.ViewGroup; text: null; error: null; maxTextLength: -1; stateDescription: null; contentDescription: null; tooltipText: null; containerTitle: null; viewIdResName: null; uniqueId: null; checkable: false; checked: false; focusable: false; focused: false; selected: false; clickable: false; longClickable: false; contextClickable: false; enabled: true; password: false; scrollable: false; importantForAccessibility: false; visible: false; actions: [AccessibilityAction: ACTION_SELECT - null, AccessibilityAction: ACTION_CLEAR_SELECTION - null, AccessibilityAction: ACTION_ACCESSIBILITY_FOCUS - null, AccessibilityAction: ACTION_SHOW_ON_SCREEN - null]; isTextSelectable: false
06-25 14:40:21.571  5808  6173 I Maestro : Skipping invisible child: android.view.accessibility.AccessibilityNodeInfo@2498f; boundsInParent: Rect(0, 0 - 3, 1); boundsInScreen: Rect(130, 593 - 132, 593); boundsInWindow: Rect(130, 593 - 132, 593); packageName: com.hanapkalinga.mobile; className: com.horcrux.svg.PathView; text: null; error: null; maxTextLength: -1; stateDescription: null; contentDescription: null; tooltipText: null; containerTitle: null; viewIdResName: null; uniqueId: null; checkable: false; checked: false; focusable: false; focused: false; selected: false; clickable: false; longClickable: false; contextClickable: false; enabled: true; password: false; scrollable: false; importantForAccessibility: false; visible: false; actions: [AccessibilityAction: ACTION_SELECT - null, AccessibilityAction: ACTION_CLEAR_SELECTION - null, AccessibilityAction: ACTION_ACCESSIBILITY_FOCUS - null, AccessibilityAction: ACTION_SHOW_ON_SCREEN - null]; isTextSelectable: false
06-25 14:40:21.571  5808  6173 I Maestro : Skipping invisible child: android.view.accessibility.AccessibilityNodeInfo@24d50; boundsInParent: Rect(0, 0 - 8, 1); boundsInScreen: Rect(130, 596 - 138, 596); boundsInWindow: Rect(130, 596 - 138, 596); packageName: com.hanapkalinga.mobile; className: com.horcrux.svg.PathView; text: null; error: null; maxTextLength: -1; stateDescription: null; contentDescription: null; tooltipText: null; containerTitle: null; viewIdResName: null; uniqueId: null; checkable: false; checked: false; focusable: false; focused: false; selected: false; clickable: false; longClickable: false; contextClickable: false; enabled: true; password: false; scrollable: false; importantForAccessibility: false; visible: false; actions: [AccessibilityAction: ACTION_SELECT - null, AccessibilityAction: ACTION_CLEAR_SELECTION - null, AccessibilityAction: ACTION_ACCESSIBILITY_FOCUS - null, AccessibilityAction: ACTION_SHOW_ON_SCREEN - null]; isTextSelectable: false
06-25 14:40:21.572  5808  6173 I Maestro : Skipping invisible child: android.view.accessibility.AccessibilityNodeInfo@25111; boundsInParent: Rect(0, 0 - 8, 1); boundsInScreen: Rect(130, 600 - 138, 600); boundsInWindow: Rect(130, 600 - 138, 600); packageName: com.hanapkalinga.mobile; className: com.horcrux.svg.PathView; text: null; error: null; maxTextLength: -1; stateDescription: null; contentDescription: null; tooltipText: null; containerTitle: null; viewIdResName: null; uniqueId: null; checkable: false; checked: false; focusable: false; focused: false; selected: false; clickable: false; longClickable: false; contextClickable: false; enabled: true; password: false; scrollable: false; importantForAccessibility: false; visible: false; actions: [AccessibilityAction: ACTION_SELECT - null, AccessibilityAction: ACTION_CLEAR_SELECTION - null, AccessibilityAction: ACTION_ACCESSIBILITY_FOCUS - null, AccessibilityAction: ACTION_SHOW_ON_SCREEN - null]; isTextSelectable: false
06-25 14:40:21.575  5808  6173 I Maestro : Skipping invisible child: android.view.accessibility.AccessibilityNodeInfo@25c54; boundsInParent: Rect(0, 0 - 31, 28); boundsInScreen: Rect(171, 582 - 202, 610); boundsInWindow: Rect(171, 582 - 202, 610); packageName: com.hanapkalinga.mobile; className: android.view.ViewGroup; text: null; error: null; maxTextLength: -1; stateDescription: null; contentDescription: null; tooltipText: null; containerTitle: null; viewIdResName: null; uniqueId: null; checkable: false; checked: false; focusable: false; focused: false; selected: false; clickable: false; longClickable: false; contextClickable: false; enabled: true; password: false; scrollable: false; importantForAccessibility: false; visible: false; actions: [AccessibilityAction: ACTION_SELECT - null, AccessibilityAction: ACTION_CLEAR_SELECTION - null, AccessibilityAction: ACTION_ACCESSIBILITY_FOCUS - null, AccessibilityAction: ACTION_SHOW_ON_SCREEN - null]; isTextSelectable: false
06-25 14:40:21.577  5808  6173 I Maestro : Skipping invisible child: android.view.accessibility.AccessibilityNodeInfo@27e1d; boundsInParent: Rect(0, 0 - 1, 5); boundsInScreen: Rect(183, 586 - 183, 590); boundsInWindow: Rect(183, 586 - 183, 590); packageName: com.hanapkalinga.mobile; className: com.horcrux.svg.PathView; text: null; error: null; maxTextLength: -1; stateDescription: null; contentDescription: null; tooltipText: null; containerTitle: null; viewIdResName: null; uniqueId: null; checkable: false; checked: false; focusable: false; focused: false; selected: false; clickable: false; longClickable: false; contextClickable: false; enabled: true; password: false; scrollable: false; importantForAccessibility: false; visible: false; actions: [AccessibilityAction: ACTION_SELECT - null, AccessibilityAction: ACTION_CLEAR_SELECTION - null, AccessibilityAction: ACTION_ACCESSIBILITY_FOCUS - null, AccessibilityAction: ACTION_SHOW_ON_SCREEN - null]; isTextSelectable: false
06-25 14:40:21.578  5808  6173 I Maestro : Skipping invisible child: android.view.accessibility.AccessibilityNodeInfo@281de; boundsInParent: Rect(0, 0 - 1, 5); boundsInScreen: Rect(190, 586 - 190, 590); boundsInWindow: Rect(190, 586 - 190, 590); packageName: com.hanapkalinga.mobile; className: com.horcrux.svg.PathView; text: null; error: null; maxTextLength: -1; stateDescription: null; contentDescription: null; tooltipText: null; containerTitle: null; viewIdResName: null; uniqueId: null; checkable: false; checked: false; focusable: false; focused: false; selected: false; clickable: false; longClickable: false; contextClickable: false; enabled: true; password: false; scrollable: false; importantForAccessibility: false; visible: false; actions: [AccessibilityAction: ACTION_SELECT - null, AccessibilityAction: ACTION_CLEAR_SELECTION - null, AccessibilityAction: ACTION_ACCESSIBILITY_FOCUS - null, AccessibilityAction: ACTION_SHOW_ON_SCREEN - null]; isTextSelectable: false
06-25 14:40:21.581  1051  1051 D CarrierSvcBindHelper: onPackageModified: com.google.android.gms
06-25 14:40:21.582  1051  1051 D CarrierSvcBindHelper: No carrier app for: 0
06-25 14:40:21.583  3913  3913 V MediaPlayerList: mPackageChangedBroadcastReceiver: action: android.intent.action.PACKAGE_CHANGED
06-25 14:40:21.584  3913  3913 V MediaPlayerList: mPackageChangedBroadcastReceiver: action: android.intent.action.PACKAGE_CHANGED
06-25 14:40:21.584  5808  6173 I Maestro : Skipping invisible child: android.view.accessibility.AccessibilityNodeInfo@28960; boundsInParent: Rect(0, 0 - 18, 1); boundsInScreen: Rect(178, 594 - 195, 594); boundsInWindow: Rect(178, 594 - 195, 594); packageName: com.hanapkalinga.mobile; className: com.horcrux.svg.PathView; text: null; error: null; maxTextLength: -1; stateDescription: null; contentDescription: null; tooltipText: null; containerTitle: null; viewIdResName: null; uniqueId: null; checkable: false; checked: false; focusable: false; focused: false; selected: false; clickable: false; longClickable: false; contextClickable: false; enabled: true; password: false; scrollable: false; importantForAccessibility: false; visible: false; actions: [AccessibilityAction: ACTION_SELECT - null, AccessibilityAction: ACTION_CLEAR_SELECTION - null, AccessibilityAction: ACTION_ACCESSIBILITY_FOCUS - null, AccessibilityAction: ACTION_SHOW_ON_SCREEN - null]; isTextSelectable: false
06-25 14:40:21.587   520   625 I InputReader: Reconfiguring input devices, changes=KEYBOARD_LAYOUTS
06-25 14:40:21.587   520   613 I RoleService: Granting default roles...
06-25 14:40:21.598   835   835 D ControlsListingControllerImpl: ServiceConfig reloaded, count: 0
06-25 14:40:21.604   835   898 D StylusManager: Stylus InputDevice changed: 14 virtio_input_multi_touch_11
06-25 14:40:21.604   840  4142 I PermissionControllerServiceImpl: Updating user sensitive for uid 10131
06-25 14:40:21.612  5808  6173 I Maestro : Skipping invisible child: android.view.accessibility.AccessibilityNodeInfo@294a3; boundsInParent: Rect(0, 0 - 31, 28); boundsInScreen: Rect(224, 582 - 255, 610); boundsInWindow: Rect(224, 582 - 255, 610); packageName: com.hanapkalinga.mobile; className: android.view.ViewGroup; text: null; error: null; maxTextLength: -1; stateDescription: null; contentDescription: null; tooltipText: null; containerTitle: null; viewIdResName: null; uniqueId: null; checkable: false; checked: false; focusable: false; focused: false; selected: false; clickable: false; longClickable: false; contextClickable: false; enabled: true; password: false; scrollable: false; importantForAccessibility: false; visible: false; actions: [AccessibilityAction: ACTION_SELECT - null, AccessibilityAction: ACTION_CLEAR_SELECTION - null, AccessibilityAction: ACTION_ACCESSIBILITY_FOCUS - null, AccessibilityAction: ACTION_SHOW_ON_SCREEN - null]; isTextSelectable: false
06-25 14:40:21.619   835   898 D StylusManager: Stylus InputDevice changed: 13 virtio_input_multi_touch_10
06-25 14:40:21.620   520   550 I CredManSysServiceImpl: CredentialManagerServiceImpl constructed for: com.google.android.gms/.auth.api.credentials.credman.service.PasswordAndPasskeyService
06-25 14:40:21.620   520   550 I CredManSysServiceImpl: newServiceInfoLocked, mInfo null, com.google.android.gms/com.google.android.gms.auth.api.credentials.credman.service.PasswordAndPasskeyService
06-25 14:40:21.622  5418  6902 I NetworkScheduler.Stats: Task com.google.android.gms/com.google.android.gms.pay.gcmtask.PayGcmTaskService finished executing. cause:7 result: 1 elapsed_millis: 228 uptime_millis: 228 exec_start_elapsed_seconds: 152 [CONTEXT service_id=218 ]
06-25 14:40:21.627  5498  5635 E WakeLock: DG:service ** IS FORCE-RELEASED ON TIMEOUT **
06-25 14:40:21.641  1692  1692 I AiAiEcho: AppFetcherImpl onPackageChanged com.google.android.gms.
06-25 14:40:21.641  5498  6893 E WorkSourceUtil: Could not find package: com.google.android.gms.westworld
06-25 14:40:21.643  1692  3439 I AiAiEcho: AppIndexer Package:[com.google.android.gms] UserProfile:[0] Enabled:[true].
06-25 14:40:21.643  1692  3439 I AiAiEcho: AppFetcherImplV2 updateApps package:[com.google.android.gms], userId:[0], reason:[package is updated.].
06-25 14:40:21.648   835   898 D StylusManager: Stylus InputDevice changed: 8 virtio_input_multi_touch_5
06-25 14:40:21.648   835   898 D StylusManager: Stylus InputDevice changed: 7 virtio_input_multi_touch_4
06-25 14:40:21.648   835   898 D StylusManager: Stylus InputDevice changed: 6 virtio_input_multi_touch_3
06-25 14:40:21.648   835   898 D StylusManager: Stylus InputDevice changed: 10 virtio_input_multi_touch_7
06-25 14:40:21.648   835   898 D StylusManager: Stylus InputDevice changed: 5 virtio_input_multi_touch_2
06-25 14:40:21.660   835   898 D StylusManager: Stylus InputDevice changed: 9 virtio_input_multi_touch_6
06-25 14:40:21.663  5808  6173 I Maestro : Skipping invisible child: android.view.accessibility.AccessibilityNodeInfo@2b66c; boundsInParent: Rect(0, 0 - 31, 28); boundsInScreen: Rect(278, 582 - 309, 610); boundsInWindow: Rect(278, 582 - 309, 610); packageName: com.hanapkalinga.mobile; className: android.view.ViewGroup; text: null; error: null; maxTextLength: -1; stateDescription: null; contentDescription: null; tooltipText: null; containerTitle: null; viewIdResName: null; uniqueId: null; checkable: false; checked: false; focusable: false; focused: false; selected: false; clickable: false; longClickable: false; contextClickable: false; enabled: true; password: false; scrollable: false; importantForAccessibility: false; visible: false; actions: [AccessibilityAction: ACTION_SELECT - null, AccessibilityAction: ACTION_CLEAR_SELECTION - null, AccessibilityAction: ACTION_ACCESSIBILITY_FOCUS - null, AccessibilityAction: ACTION_SHOW_ON_SCREEN - null]; isTextSelectable: false
06-25 14:40:21.663   835   898 D StylusManager: Stylus InputDevice changed: 4 virtio_input_multi_touch_1
06-25 14:40:21.664   835   898 D StylusManager: Stylus InputDevice changed: 11 virtio_input_multi_touch_8
06-25 14:40:21.664   835   898 D StylusManager: Stylus InputDevice changed: 12 virtio_input_multi_touch_9
06-25 14:40:21.666  1051  1364 D ImsResolver: maybeAddedImsService, packageName: com.google.android.gms
06-25 14:40:21.675   840  6938 E RoleControllerServiceImpl: Default/fallback role holder package doesn't qualify for the role, package: com.google.android.gms.supervision, role: android.app.role.SYSTEM_SUPERVISION
06-25 14:40:21.677   520  2353 D PackageManager: Instant App installer not found with android.intent.action.INSTALL_INSTANT_APP_PACKAGE
06-25 14:40:21.677   520  2353 D PackageManager: Clear ephemeral installer activity
06-25 14:40:21.678   520  2353 D PackageManager: Instant App installer not found with android.intent.action.INSTALL_INSTANT_APP_PACKAGE
06-25 14:40:21.678   520  2353 D PackageManager: Clear ephemeral installer activity
06-25 14:40:21.680   520  2353 D PackageManager: Instant App installer not found with android.intent.action.INSTALL_INSTANT_APP_PACKAGE
06-25 14:40:21.680   520  2353 D PackageManager: Clear ephemeral installer activity
06-25 14:40:21.683  5498  6893 I NewModuleComplete: Received com.google.android.chimera.IntentOperation.NEW_MODULE(com.google.android.gms.chimera.GmsIntentOperationService,2,true)
06-25 14:40:21.685  5498  5596 I NewModuleHelper: Received com.google.android.chimera.container.NEW_MODULE_FINALIZE(2/0): com.google.android.gms.chimera.GmsIntentOperationService,2,true
06-25 14:40:21.685  5498  5596 I NewModuleHelper: Completed all new module init intents for all processes.
06-25 14:40:21.685   840  6938 I Role    : com.google.android.gms not qualified for android.app.role.SYSTEM_CALL_STREAMING due to missing RequiredComponent{mIntentFilterData=IntentFilterData{mAction='android.telecom.CallStreamingService', mCategories='[]', mDataScheme='null', mDataType='null'}, mMinTargetSdkVersion=1, mFlags='0', mPermission='android.permission.BIND_CALL_STREAMING_SERVICE', mQueryFlags=0, mMetaData=[]}
06-25 14:40:21.685   840  6938 E RoleControllerServiceImpl: Default/fallback role holder package doesn't qualify for the role, package: com.google.android.gms, role: android.app.role.SYSTEM_CALL_STREAMING
06-25 14:40:21.687  5808  6173 D Maestro : View hierarchy received in 173 ms
06-25 14:40:21.687   840  6938 W Role    : Default holder doesn't have required signing certificate: com.google.android.apps.work.clouddpc:23962F4B43B9857638EA66F4D419518EAE282491ACDA4B94707BD59003C45E58
06-25 14:40:21.688   520  2353 D PackageManager: Instant App installer not found with android.intent.action.INSTALL_INSTANT_APP_PACKAGE
06-25 14:40:21.688   520  2353 D PackageManager: Clear ephemeral installer activity
06-25 14:40:21.690   520  1963 D PackageManager: Instant App installer not found with android.intent.action.INSTALL_INSTANT_APP_PACKAGE
06-25 14:40:21.690   520  1963 D PackageManager: Clear ephemeral installer activity
06-25 14:40:21.691  5418  6903 I GCoreUlr: WorldUpdater received intent Intent { act=com.google.android.location.reporting.ACTION_UPDATE_WORLD cmp=com.google.android.gms/com.google.android.location.reporting.service.DispatchingService (has extras) } with receiverAction init
06-25 14:40:21.695  5418  6906 W ChimeraUtils: Module com.google.android.gms.location__nonwearable missing resource location_module_display_name(0)
06-25 14:40:21.697  5498  5717 I ChimeraConfigurator: Starting update, reason: 1 urgentFeatures: 
06-25 14:40:21.699  5418  6903 I GCoreUlr: WorldUpdater:init: Ensuring that reporting is stopped because of reasons: (no Google accounts)
06-25 14:40:21.703  5418  6903 I GCoreUlr: Unbound from all signal providers.
06-25 14:40:21.713  5418  5418 I GCoreUlr: Unbound from all signal providers.
06-25 14:40:21.713  5418  5418 I GCoreUlr: Stopping handler for UlrDispSvcFast
06-25 14:40:21.728  5498  5717 I GmsDebugLogger: [77] [VisionOcrDynamite.integ:231602402100000]
06-25 14:40:21.729  5498  5717 I GmsDebugLogger: [77] [TfliteDynamiteDynamite.integ:260580502100800]
06-25 14:40:21.729  5498  5717 I GmsDebugLogger: [77] [MapsCoreDynamite.integ:231112103100800]
06-25 14:40:21.730  5498  5717 I GmsDebugLogger: [73] 1801
06-25 14:40:21.733  5498  5717 W ZappDownloader: No successful module downloads for requested features [].
06-25 14:40:21.734  5498  5717 I GmsDebugLogger: [30] [VisionOcrDynamite.integ:231602402100000],[VisionBarcode.optional:231818100800],[TfliteDynamiteDynamite.integ:260580502100800],[MlkitOcrCommon.optional:231818100800],[MapsCoreDynamite.integ:231112103100800],[MlkitBarcodeUi.optional:231818100000]
06-25 14:40:21.746  5498  5717 I ChimeraConfigService: Scheduling checkin for one-off execution between [3300,43201] seconds from now (1782398421746) [CONTEXT service_id=264 ]
06-25 14:40:21.750  5498  5717 I ChimeraConfigService: Scheduling checkin every 43201 seconds, with flex of 21600 seconds [CONTEXT service_id=264 ]
06-25 14:40:21.788  5808  6173 D Maestro : Requesting view hierarchy
06-25 14:40:21.788  5808  6173 W QueryController: Could not detect idle state.
06-25 14:40:21.788  5808  6173 W QueryController: Could not detect idle state.
