06-25 14:40:21.202  5808  6173 I Maestro : Skipping invisible child: android.view.accessibility.AccessibilityNodeInfo@2dfb7; boundsInParent: Rect(0, 0 - 320, 0); boundsInScreen: Rect(0, 0 - 320, 0); boundsInWindow: Rect(0, 0 - 320, 0); packageName: com.hanapkalinga.mobile; className: android.widget.LinearLayout; text: null; error: null; maxTextLength: -1; stateDescription: null; contentDescription: null; tooltipText: null; containerTitle: null; viewIdResName: null; uniqueId: null; checkable: false; checked: false; focusable: false; focused: false; selected: false; clickable: false; longClickable: false; contextClickable: false; enabled: true; password: false; scrollable: false; importantForAccessibility: false; visible: false; actions: [AccessibilityAction: ACTION_SELECT - null, AccessibilityAction: ACTION_CLEAR_SELECTION - null, AccessibilityAction: ACTION_ACCESSIBILITY_FOCUS - null, AccessibilityAction: ACTION_SHOW_ON_SCREEN - null]; isTextSelectable: false
06-25 14:40:21.202  5808  6173 I Maestro : Skipping invisible child: android.view.accessibility.AccessibilityNodeInfo@2dbf6; boundsInParent: Rect(0, 0 - 320, 0); boundsInScreen: Rect(0, 0 - 320, 0); boundsInWindow: Rect(0, 0 - 320, 0); packageName: com.hanapkalinga.mobile; className: android.view.ViewGroup; text: null; error: null; maxTextLength: -1; stateDescription: null; contentDescription: null; tooltipText: null; containerTitle: null; viewIdResName: null; uniqueId: null; checkable: false; checked: false; focusable: false; focused: false; selected: false; clickable: false; longClickable: false; contextClickable: false; enabled: true; password: false; scrollable: false; importantForAccessibility: false; visible: false; actions: [AccessibilityAction: ACTION_SELECT - null, AccessibilityAction: ACTION_CLEAR_SELECTION - null, AccessibilityAction: ACTION_ACCESSIBILITY_FOCUS - null, AccessibilityAction: ACTION_SHOW_ON_SCREEN - null]; isTextSelectable: false
06-25 14:40:21.204  5808  6173 I Maestro : Skipping invisible child: android.view.accessibility.AccessibilityNodeInfo@31445; boundsInParent: Rect(0, 0 - 12, 0); boundsInScreen: Rect(134, 344 - 145, 344); boundsInWindow: Rect(134, 344 - 145, 344); packageName: com.hanapkalinga.mobile; className: com.horcrux.svg.PathView; text: null; error: null; maxTextLength: -1; stateDescription: null; contentDescription: null; tooltipText: null; containerTitle: null; viewIdResName: null; uniqueId: null; checkable: false; checked: false; focusable: false; focused: false; selected: false; clickable: false; longClickable: false; contextClickable: false; enabled: true; password: false; scrollable: false; importantForAccessibility: false; visible: false; actions: [AccessibilityAction: ACTION_SELECT - null, AccessibilityAction: ACTION_CLEAR_SELECTION - null, AccessibilityAction: ACTION_ACCESSIBILITY_FOCUS - null, AccessibilityAction: ACTION_SHOW_ON_SCREEN - null]; isTextSelectable: false
06-25 14:40:21.208   520   534 D PackageManager: Instant App installer not found with android.intent.action.INSTALL_INSTANT_APP_PACKAGE
06-25 14:40:21.208   520   534 D PackageManager: Clear ephemeral installer activity
06-25 14:40:21.209  5498  6910 I ChimeraConfigurator: Detected pending changes for urgent request: [mlkit.barcode.ui]. Pending module sets: container:2318189190800+mlkit.barcode.ui+vision.barcode,tflite_dynamite:2605805025100800+tflite_dynamite
06-25 14:40:21.212   520   534 D PackageManager: Instant App installer not found with android.intent.action.INSTALL_INSTANT_APP_PACKAGE
06-25 14:40:21.212   520   534 D PackageManager: Clear ephemeral installer activity
06-25 14:40:21.212   520  2676 D PackageManager: Instant App installer not found with android.intent.action.INSTALL_INSTANT_APP_PACKAGE
06-25 14:40:21.212   520  2676 D PackageManager: Clear ephemeral installer activity
06-25 14:40:21.212   520   534 D PackageManager: Instant App installer not found with android.intent.action.INSTALL_INSTANT_APP_PACKAGE
06-25 14:40:21.212   520   534 D PackageManager: Clear ephemeral installer activity
06-25 14:40:21.212   520  2676 D PackageManager: Instant App installer not found with android.intent.action.INSTALL_INSTANT_APP_PACKAGE
06-25 14:40:21.212   520  2676 D PackageManager: Clear ephemeral installer activity
06-25 14:40:21.213   520   534 D PackageManager: Instant App installer not found with android.intent.action.INSTALL_INSTANT_APP_PACKAGE
06-25 14:40:21.213   520   534 D PackageManager: Clear ephemeral installer activity
06-25 14:40:21.216  5498  5596 V SmartDevice: [ModuleInitializer] ModuleInitializer got intent Intent { act=com.google.android.chimera.IntentOperation.NEW_MODULE (has extras) } with flag 12
06-25 14:40:21.216  5498  5596 W ChimeraUtils: Module com.google.android.gms.smartdevice missing resource null(0)
06-25 14:40:21.223  5808  6173 I Maestro : Skipping invisible child: android.view.accessibility.AccessibilityNodeInfo@38122; boundsInParent: Rect(0, 0 - 1, 4); boundsInScreen: Rect(65, 495 - 65, 499); boundsInWindow: Rect(65, 495 - 65, 499); packageName: com.hanapkalinga.mobile; className: com.horcrux.svg.PathView; text: null; error: null; maxTextLength: -1; stateDescription: null; contentDescription: null; tooltipText: null; containerTitle: null; viewIdResName: null; uniqueId: null; checkable: false; checked: false; focusable: false; focused: false; selected: false; clickable: false; longClickable: false; contextClickable: false; enabled: true; password: false; scrollable: false; importantForAccessibility: false; visible: false; actions: [AccessibilityAction: ACTION_SELECT - null, AccessibilityAction: ACTION_CLEAR_SELECTION - null, AccessibilityAction: ACTION_ACCESSIBILITY_FOCUS - null, AccessibilityAction: ACTION_SHOW_ON_SCREEN - null]; isTextSelectable: false
06-25 14:40:21.224  5498  5596 D SmartDevice: [ModuleInitializer] Module init - scheduling buffered logs cleanup task
06-25 14:40:21.226  5498  5596 I SmartDevice: [CleanBufferedLogsService] Periodic task upload_buffered_logs_periodic scheduled!
06-25 14:40:21.232  5498  5596 I AppLinksModuleInit: onInitRuntimeState [CONTEXT service_id=244 ]
06-25 14:40:21.233  5808  6173 I Maestro : Skipping invisible child: android.view.accessibility.AccessibilityNodeInfo@384e3; boundsInParent: Rect(0, 0 - 1, 4); boundsInScreen: Rect(72, 495 - 72, 499); boundsInWindow: Rect(72, 495 - 72, 499); packageName: com.hanapkalinga.mobile; className: com.horcrux.svg.PathView; text: null; error: null; maxTextLength: -1; stateDescription: null; contentDescription: null; tooltipText: null; containerTitle: null; viewIdResName: null; uniqueId: null; checkable: false; checked: false; focusable: false; focused: false; selected: false; clickable: false; longClickable: false; contextClickable: false; enabled: true; password: false; scrollable: false; importantForAccessibility: false; visible: false; actions: [AccessibilityAction: ACTION_SELECT - null, AccessibilityAction: ACTION_CLEAR_SELECTION - null, AccessibilityAction: ACTION_ACCESSIBILITY_FOCUS - null, AccessibilityAction: ACTION_SHOW_ON_SCREEN - null]; isTextSelectable: false
06-25 14:40:21.233  5498  6910 I GmsDebugLogger: [73] 1801
06-25 14:40:21.236  5808  6173 I Maestro : Skipping invisible child: android.view.accessibility.AccessibilityNodeInfo@38c65; boundsInParent: Rect(0, 0 - 16, 1); boundsInScreen: Rect(61, 502 - 76, 502); boundsInWindow: Rect(61, 502 - 76, 502); packageName: com.hanapkalinga.mobile; className: com.horcrux.svg.PathView; text: null; error: null; maxTextLength: -1; stateDescription: null; contentDescription: null; tooltipText: null; containerTitle: null; viewIdResName: null; uniqueId: null; checkable: false; checked: false; focusable: false; focused: false; selected: false; clickable: false; longClickable: false; contextClickable: false; enabled: true; password: false; scrollable: false; importantForAccessibility: false; visible: false; actions: [AccessibilityAction: ACTION_SELECT - null, AccessibilityAction: ACTION_CLEAR_SELECTION - null, AccessibilityAction: ACTION_ACCESSIBILITY_FOCUS - null, AccessibilityAction: ACTION_SHOW_ON_SCREEN - null]; isTextSelectable: false
06-25 14:40:21.239  5498  6910 W ZappDownloader: No successful module downloads for requested features [mlkit.barcode.ui].
06-25 14:40:21.242  5498  6910 I GmsDebugLogger: [30] [VisionBarcode.optional:231818100800],[TfliteDynamiteDynamite.integ:260580502100800],[MlkitBarcodeUi.optional:231818100000]
06-25 14:40:21.244  5498  5596 I AppLinksModuleInit: verifying requested domain links post-boot [CONTEXT service_id=244 ]
06-25 14:40:21.247  5808  6173 I Maestro : Skipping invisible child: android.view.accessibility.AccessibilityNodeInfo@39026; boundsInParent: Rect(0, 0 - 1, 1); boundsInScreen: Rect(65, 505 - 66, 505); boundsInWindow: Rect(65, 505 - 66, 505); packageName: com.hanapkalinga.mobile; className: com.horcrux.svg.PathView; text: null; error: null; maxTextLength: -1; stateDescription: null; contentDescription: null; tooltipText: null; containerTitle: null; viewIdResName: null; uniqueId: null; checkable: false; checked: false; focusable: false; focused: false; selected: false; clickable: false; longClickable: false; contextClickable: false; enabled: true; password: false; scrollable: false; importantForAccessibility: false; visible: false; actions: [AccessibilityAction: ACTION_SELECT - null, AccessibilityAction: ACTION_CLEAR_SELECTION - null, AccessibilityAction: ACTION_ACCESSIBILITY_FOCUS - null, AccessibilityAction: ACTION_SHOW_ON_SCREEN - null]; isTextSelectable: false
06-25 14:40:21.250  5498  6910 W ChimeraConfigService: Retry attempt was throttled. [CONTEXT service_id=264 ]
06-25 14:40:21.250  5498  6910 I GmsDebugLogger: [83] 1 [mlkit.barcode.ui]
06-25 14:40:21.256  5498  5596 I AppLinksRequestHandler: Processing 0 input requests [CONTEXT service_id=244 ]
06-25 14:40:21.256  5498  5596 I AppLinksModuleInit: Rerunning all WIP verifications [CONTEXT service_id=244 ]
06-25 14:40:21.263  5808  6173 I Maestro : Skipping invisible child: android.view.accessibility.AccessibilityNodeInfo@393e7; boundsInParent: Rect(0, 0 - 1, 1); boundsInScreen: Rect(69, 505 - 70, 505); boundsInWindow: Rect(69, 505 - 70, 505); packageName: com.hanapkalinga.mobile; className: com.horcrux.svg.PathView; text: null; error: null; maxTextLength: -1; stateDescription: null; contentDescription: null; tooltipText: null; containerTitle: null; viewIdResName: null; uniqueId: null; checkable: false; checked: false; focusable: false; focused: false; selected: false; clickable: false; longClickable: false; contextClickable: false; enabled: true; password: false; scrollable: false; importantForAccessibility: false; visible: false; actions: [AccessibilityAction: ACTION_SELECT - null, AccessibilityAction: ACTION_CLEAR_SELECTION - null, AccessibilityAction: ACTION_ACCESSIBILITY_FOCUS - null, AccessibilityAction: ACTION_SHOW_ON_SCREEN - null]; isTextSelectable: false
06-25 14:40:21.272  5498  5596 I AppLinksRequestHandler: Processing 0 WIP requests. [CONTEXT service_id=244 ]
06-25 14:40:21.272  5498  5596 I AppLinksModuleInit: Scheduling regular retry verifications. [CONTEXT service_id=244 ]
06-25 14:40:21.273  5498  5596 I AppLinksVerRegularRetry: Retries scheduled. [CONTEXT service_id=244 ]
06-25 14:40:21.274  5498  6645 I Pay     : Migration already completed. [CONTEXT service_id=198 ]
06-25 14:40:21.275  5498  6645 I Pay     : Migration flag not enabled. [CONTEXT service_id=198 ]
06-25 14:40:21.275  5498  6645 I Pay     : Migration flag not enabled. [CONTEXT service_id=198 ]
06-25 14:40:21.275  5498  6645 I Pay     : Migration flag not enabled. [CONTEXT service_id=198 ]
06-25 14:40:21.275  5498  6645 I Pay     : Migration flag not enabled. [CONTEXT service_id=198 ]
06-25 14:40:21.278  5808  6173 I Maestro : Skipping invisible child: android.view.accessibility.AccessibilityNodeInfo@397a8; boundsInParent: Rect(0, 0 - 1, 1); boundsInScreen: Rect(72, 505 - 73, 505); boundsInWindow: Rect(72, 505 - 73, 505); packageName: com.hanapkalinga.mobile; className: com.horcrux.svg.PathView; text: null; error: null; maxTextLength: -1; stateDescription: null; contentDescription: null; tooltipText: null; containerTitle: null; viewIdResName: null; uniqueId: null; checkable: false; checked: false; focusable: false; focused: false; selected: false; clickable: false; longClickable: false; contextClickable: false; enabled: true; password: false; scrollable: false; importantForAccessibility: false; visible: false; actions: [AccessibilityAction: ACTION_SELECT - null, AccessibilityAction: ACTION_CLEAR_SELECTION - null, AccessibilityAction: ACTION_ACCESSIBILITY_FOCUS - null, AccessibilityAction: ACTION_SHOW_ON_SCREEN - null]; isTextSelectable: false
06-25 14:40:21.285  5498  6645 I Pay     : [SeTosMigration] walletJpEligibility is not enabled [CONTEXT service_id=198 ]
06-25 14:40:21.286  5498  6645 I Pay     : Wallet install state NOT_INSTALLED [CONTEXT service_id=198 ]
06-25 14:40:21.286  5498  6645 I Pay     : Migration flag not enabled. [CONTEXT service_id=198 ]
06-25 14:40:21.290  5808  6173 I Maestro : Skipping invisible child: android.view.accessibility.AccessibilityNodeInfo@3a2eb; boundsInParent: Rect(0, 0 - 1, 0); boundsInScreen: Rect(72, 509 - 73, 509); boundsInWindow: Rect(72, 509 - 73, 509); packageName: com.hanapkalinga.mobile; className: com.horcrux.svg.PathView; text: null; error: null; maxTextLength: -1; stateDescription: null; contentDescription: null; tooltipText: null; containerTitle: null; viewIdResName: null; uniqueId: null; checkable: false; checked: false; focusable: false; focused: false; selected: false; clickable: false; longClickable: false; contextClickable: false; enabled: true; password: false; scrollable: false; importantForAccessibility: false; visible: false; actions: [AccessibilityAction: ACTION_SELECT - null, AccessibilityAction: ACTION_CLEAR_SELECTION - null, AccessibilityAction: ACTION_ACCESSIBILITY_FOCUS - null, AccessibilityAction: ACTION_SHOW_ON_SCREEN - null]; isTextSelectable: false
06-25 14:40:21.295  5808  6173 I Maestro : Skipping invisible child: android.view.accessibility.AccessibilityNodeInfo@39f2a; boundsInParent: Rect(0, 0 - 1, 0); boundsInScreen: Rect(69, 509 - 70, 509); boundsInWindow: Rect(69, 509 - 70, 509); packageName: com.hanapkalinga.mobile; className: com.horcrux.svg.PathView; text: null; error: null; maxTextLength: -1; stateDescription: null; contentDescription: null; tooltipText: null; containerTitle: null; viewIdResName: null; uniqueId: null; checkable: false; checked: false; focusable: false; focused: false; selected: false; clickable: false; longClickable: false; contextClickable: false; enabled: true; password: false; scrollable: false; importantForAccessibility: false; visible: false; actions: [AccessibilityAction: ACTION_SELECT - null, AccessibilityAction: ACTION_CLEAR_SELECTION - null, AccessibilityAction: ACTION_ACCESSIBILITY_FOCUS - null, AccessibilityAction: ACTION_SHOW_ON_SCREEN - null]; isTextSelectable: false
06-25 14:40:21.296  5808  6173 I Maestro : Skipping invisible child: android.view.accessibility.AccessibilityNodeInfo@39b69; boundsInParent: Rect(0, 0 - 1, 0); boundsInScreen: Rect(65, 509 - 66, 509); boundsInWindow: Rect(65, 509 - 66, 509); packageName: com.hanapkalinga.mobile; className: com.horcrux.svg.PathView; text: null; error: null; maxTextLength: -1; stateDescription: null; contentDescription: null; tooltipText: null; containerTitle: null; viewIdResName: null; uniqueId: null; checkable: false; checked: false; focusable: false; focused: false; selected: false; clickable: false; longClickable: false; contextClickable: false; enabled: true; password: false; scrollable: false; importantForAccessibility: false; visible: false; actions: [AccessibilityAction: ACTION_SELECT - null, AccessibilityAction: ACTION_CLEAR_SELECTION - null, AccessibilityAction: ACTION_ACCESSIBILITY_FOCUS - null, AccessibilityAction: ACTION_SHOW_ON_SCREEN - null]; isTextSelectable: false
06-25 14:40:21.307  5808  6173 I Maestro : Skipping invisible child: android.view.accessibility.AccessibilityNodeInfo@3bd32; boundsInParent: Rect(0, 0 - 40, 40); boundsInScreen: Rect(49, 604 - 89, 576); boundsInWindow: Rect(49, 604 - 89, 576); packageName: com.hanapkalinga.mobile; className: android.view.ViewGroup; text: null; error: null; maxTextLength: -1; stateDescription: null; contentDescription: null; tooltipText: null; containerTitle: null; viewIdResName: null; uniqueId: null; checkable: false; checked: false; focusable: false; focused: false; selected: false; clickable: false; longClickable: false; contextClickable: false; enabled: true; password: false; scrollable: false; importantForAccessibility: false; visible: false; actions: [AccessibilityAction: ACTION_SELECT - null, AccessibilityAction: ACTION_CLEAR_SELECTION - null, AccessibilityAction: ACTION_ACCESSIBILITY_FOCUS - null, AccessibilityAction: ACTION_SHOW_ON_SCREEN - null]; isTextSelectable: false
06-25 14:40:21.308  5808  6173 I Maestro : Skipping invisible child: android.view.accessibility.AccessibilityNodeInfo@3edff; boundsInParent: Rect(0, 0 - 94, 22); boundsInScreen: Rect(101, 585 - 195, 576); boundsInWindow: Rect(101, 585 - 195, 576); packageName: com.hanapkalinga.mobile; className: android.widget.TextView; text: E2E Nurse User; error: null; maxTextLength: -1; stateDescription: null; contentDescription: null; tooltipText: null; containerTitle: null; viewIdResName: null; uniqueId: null; checkable: false; checked: false; focusable: false; focused: false; selected: false; clickable: false; longClickable: false; contextClickable: false; enabled: true; password: false; scrollable: false; importantForAccessibility: true; visible: false; actions: [AccessibilityAction: ACTION_SELECT - null, AccessibilityAction: ACTION_CLEAR_SELECTION - null, AccessibilityAction: ACTION_ACCESSIBILITY_FOCUS - null, AccessibilityAction: ACTION_NEXT_AT_MOVEMENT_GRANULARITY - null, AccessibilityAction: ACTION_PREVIOUS_AT_MOVEMENT_GRANULARITY - null, AccessibilityAction: ACTION_SET_SELECTION - null, AccessibilityAction: ACTION_SHOW_ON_SCREEN - null]; isTextSelectable: false
06-25 14:40:21.315  5418  6902 I NetworkScheduler.Stats: Task com.google.android.gms/com.google.android.gms.pay.gcmtask.PayGcmTaskService started execution. cause:7 exec_start_elapsed_seconds: 152 [CONTEXT service_id=218 ]
06-25 14:40:21.315  5808  6173 I Maestro : Skipping invisible child: android.view.accessibility.AccessibilityNodeInfo@3c0f3; boundsInParent: Rect(0, 0 - 20, 20); boundsInScreen: Rect(59, 614 - 79, 576); boundsInWindow: Rect(59, 614 - 79, 576); packageName: com.hanapkalinga.mobile; className: com.horcrux.svg.SvgView; text: null; error: null; maxTextLength: -1; stateDescription: null; contentDescription: null; tooltipText: null; containerTitle: null; viewIdResName: null; uniqueId: null; checkable: false; checked: false; focusable: false; focused: false; selected: false; clickable: false; longClickable: false; contextClickable: false; enabled: true; password: false; scrollable: false; importantForAccessibility: false; visible: false; actions: [AccessibilityAction: ACTION_SELECT - null, AccessibilityAction: ACTION_CLEAR_SELECTION - null, AccessibilityAction: ACTION_ACCESSIBILITY_FOCUS - null, AccessibilityAction: ACTION_SHOW_ON_SCREEN - null]; isTextSelectable: false
06-25 14:40:21.316  5808  6173 I Maestro : Skipping invisible child: android.view.accessibility.AccessibilityNodeInfo@3f1c0; boundsInParent: Rect(0, 0 - 94, 19); boundsInScreen: Rect(101, 609 - 195, 576); boundsInWindow: Rect(101, 609 - 195, 576); packageName: com.hanapkalinga.mobile; className: android.widget.TextView; text: Fri, Jun 26; error: null; maxTextLength: -1; stateDescription: null; contentDescription: null; tooltipText: null; containerTitle: null; viewIdResName: null; uniqueId: null; checkable: false; checked: false; focusable: false; focused: false; selected: false; clickable: false; longClickable: false; contextClickable: false; enabled: true; password: false; scrollable: false; importantForAccessibility: true; visible: false; actions: [AccessibilityAction: ACTION_SELECT - null, AccessibilityAction: ACTION_CLEAR_SELECTION - null, AccessibilityAction: ACTION_ACCESSIBILITY_FOCUS - null, AccessibilityAction: ACTION_NEXT_AT_MOVEMENT_GRANULARITY - null, AccessibilityAction: ACTION_PREVIOUS_AT_MOVEMENT_GRANULARITY - null, AccessibilityAction: ACTION_SET_SELECTION - null, AccessibilityAction: ACTION_SHOW_ON_SCREEN - null]; isTextSelectable: false
06-25 14:40:21.320  5808  6173 I Maestro : Skipping invisible child: android.view.accessibility.AccessibilityNodeInfo@3f581; boundsInParent: Rect(0, 0 - 94, 33); boundsInScreen: Rect(101, 630 - 195, 576); boundsInWindow: Rect(101, 630 - 195, 576); packageName: com.hanapkalinga.mobile; className: android.widget.TextView; text: Morning (6AM-2PM); error: null; maxTextLength: -1; stateDescription: null; contentDescription: null; tooltipText: null; containerTitle: null; viewIdResName: null; uniqueId: null; checkable: false; checked: false; focusable: false; focused: false; selected: false; clickable: false; longClickable: false; contextClickable: false; enabled: true; password: false; scrollable: false; importantForAccessibility: true; visible: false; actions: [AccessibilityAction: ACTION_SELECT - null, AccessibilityAction: ACTION_CLEAR_SELECTION - null, AccessibilityAction: ACTION_ACCESSIBILITY_FOCUS - null, AccessibilityAction: ACTION_NEXT_AT_MOVEMENT_GRANULARITY - null, AccessibilityAction: ACTION_PREVIOUS_AT_MOVEMENT_GRANULARITY - null, AccessibilityAction: ACTION_SET_SELECTION - null, AccessibilityAction: ACTION_SHOW_ON_SCREEN - null]; isTextSelectable: false
06-25 14:40:21.322  5808  6173 I Maestro : Skipping invisible child: android.view.accessibility.AccessibilityNodeInfo@3f942; boundsInParent: Rect(0, 0 - 64, 21); boundsInScreen: Rect(207, 614 - 271, 576); boundsInWindow: Rect(207, 614 - 271, 576); packageName: com.hanapkalinga.mobile; className: android.view.ViewGroup; text: null; error: null; maxTextLength: -1; stateDescription: null; contentDescription: null; tooltipText: null; containerTitle: null; viewIdResName: null; uniqueId: null; checkable: false; checked: false; focusable: false; focused: false; selected: false; clickable: false; longClickable: false; contextClickable: false; enabled: true; password: false; scrollable: false; importantForAccessibility: false; visible: false; actions: [AccessibilityAction: ACTION_SELECT - null, AccessibilityAction: ACTION_CLEAR_SELECTION - null, AccessibilityAction: ACTION_ACCESSIBILITY_FOCUS - null, AccessibilityAction: ACTION_SHOW_ON_SCREEN - null]; isTextSelectable: false
06-25 14:40:21.330  5808  6173 I Maestro : Skipping invisible child: android.view.accessibility.AccessibilityNodeInfo@3fd03; boundsInParent: Rect(0, 0 - 44, 17); boundsInScreen: Rect(217, 616 - 261, 576); boundsInWindow: Rect(217, 616 - 261, 576); packageName: com.hanapkalinga.mobile; className: android.widget.TextView; text: pending; error: null; maxTextLength: -1; stateDescription: null; contentDescription: null; tooltipText: null; containerTitle: null; viewIdResName: null; uniqueId: null; checkable: false; checked: false; focusable: false; focused: false; selected: false; clickable: false; longClickable: false; contextClickable: false; enabled: true; password: false; scrollable: false; importantForAccessibility: true; visible: false; actions: [AccessibilityAction: ACTION_SELECT - null, AccessibilityAction: ACTION_CLEAR_SELECTION - null, AccessibilityAction: ACTION_ACCESSIBILITY_FOCUS - null, AccessibilityAction: ACTION_NEXT_AT_MOVEMENT_GRANULARITY - null, AccessibilityAction: ACTION_PREVIOUS_AT_MOVEMENT_GRANULARITY - null, AccessibilityAction: ACTION_SET_SELECTION - null, AccessibilityAction: ACTION_SHOW_ON_SCREEN - null]; isTextSelectable: false
06-25 14:40:21.330  5808  6173 I Maestro : Skipping invisible child: android.view.accessibility.AccessibilityNodeInfo@3270a; boundsInParent: Rect(0, 0 - 288, 48); boundsInScreen: Rect(16, 700 - 304, 576); boundsInWindow: Rect(16, 700 - 304, 576); packageName: com.hanapkalinga.mobile; className: android.widget.Button; text: null; error: null; maxTextLength: -1; stateDescription: null; contentDescription: Request a booking; tooltipText: null; containerTitle: null; viewIdResName: familyDashboard_button_requestBooking; uniqueId: null; checkable: false; checked: false; focusable: true; focused: false; selected: false; clickable: true; longClickable: false; contextClickable: false; enabled: true; password: false; scrollable: false; importantForAccessibility: true; visible: false; actions: [AccessibilityAction: ACTION_FOCUS - null, AccessibilityAction: ACTION_SELECT - null, AccessibilityAction: ACTION_CLEAR_SELECTION - null, AccessibilityAction: ACTION_CLICK - null, AccessibilityAction: ACTION_ACCESSIBILITY_FOCUS - null, AccessibilityAction: ACTION_SHOW_ON_SCREEN - null]; isTextSelectable: false
06-25 14:40:21.330  5808  6173 I Maestro : Skipping invisible child: android.view.accessibility.AccessibilityNodeInfo@32e8c; boundsInParent: Rect(0, 0 - 288, 25); boundsInScreen: Rect(16, 764 - 304, 576); boundsInWindow: Rect(16, 764 - 304, 576); packageName: com.hanapkalinga.mobile; className: android.widget.TextView; text: Notifications; error: null; maxTextLength: -1; stateDescription: null; contentDescription: null; tooltipText: null; containerTitle: null; viewIdResName: null; uniqueId: null; checkable: false; checked: false; focusable: false; focused: false; selected: false; clickable: false; longClickable: false; contextClickable: false; enabled: true; password: false; scrollable: false; importantForAccessibility: true; visible: false; actions: [AccessibilityAction: ACTION_SELECT - null, AccessibilityAction: ACTION_CLEAR_SELECTION - null, AccessibilityAction: ACTION_ACCESSIBILITY_FOCUS - null, AccessibilityAction: ACTION_NEXT_AT_MOVEMENT_GRANULARITY - null, AccessibilityAction: ACTION_PREVIOUS_AT_MOVEMENT_GRANULARITY - null, AccessibilityAction: ACTION_SET_SELECTION - null, AccessibilityAction: ACTION_SHOW_ON_SCREEN - null]; isTextSelectable: false
06-25 14:40:21.330  5808  6173 I Maestro : Skipping invisible child: android.view.accessibility.AccessibilityNodeInfo@357d7; boundsInParent: Rect(0, 0 - 40, 40); boundsInScreen: Rect(140, 833 - 180, 576); boundsInWindow: Rect(140, 833 - 180, 576); packageName: com.hanapkalinga.mobile; className: com.horcrux.svg.SvgView; text: null; error: null; maxTextLength: -1; stateDescription: null; contentDescription: null; tooltipText: null; containerTitle: null; viewIdResName: null; uniqueId: null; checkable: false; checked: false; focusable: false; focused: false; selected: false; clickable: false; longClickable: false; contextClickable: false; enabled: true; password: false; scrollable: false; importantForAccessibility: false; visible: false; actions: [AccessibilityAction: ACTION_SELECT - null, AccessibilityAction: ACTION_CLEAR_SELECTION - null, AccessibilityAction: ACTION_ACCESSIBILITY_FOCUS - null, AccessibilityAction: ACTION_SHOW_ON_SCREEN - null]; isTextSelectable: false
06-25 14:40:21.331  5808  6173 I Maestro : Skipping invisible child: android.view.accessibility.AccessibilityNodeInfo@366db; boundsInParent: Rect(0, 0 - 159, 25); boundsInScreen: Rect(80, 897 - 239, 576); boundsInWindow: Rect(80, 897 - 239, 576); packageName: com.hanapkalinga.mobile; className: android.widget.TextView; text: No notifications yet.; error: null; maxTextLength: -1; stateDescription: null; contentDescription: null; tooltipText: null; containerTitle: null; viewIdResName: null; uniqueId: null; checkable: false; checked: false; focusable: false; focused: false; selected: false; clickable: false; longClickable: false; contextClickable: false; enabled: true; password: false; scrollable: false; importantForAccessibility: true; visible: false; actions: [AccessibilityAction: ACTION_SELECT - null, AccessibilityAction: ACTION_CLEAR_SELECTION - null, AccessibilityAction: ACTION_ACCESSIBILITY_FOCUS - null, AccessibilityAction: ACTION_NEXT_AT_MOVEMENT_GRANULARITY - null, AccessibilityAction: ACTION_PREVIOUS_AT_MOVEMENT_GRANULARITY - null, AccessibilityAction: ACTION_SET_SELECTION - null, AccessibilityAction: ACTION_SHOW_ON_SCREEN - null]; isTextSelectable: false
06-25 14:40:21.336  5418  6898 I SemanticLocation: [MDD] ModelBundleMetadata: File not found [CONTEXT service_id=173 ]
06-25 14:40:21.336  5418  6898 I SemanticLocation: java.io.FileNotFoundException: /data/user/0/com.google.android.gms/files/model_bundle_metadata.pb: open failed: ENOENT (No such file or directory)
06-25 14:40:21.336  5418  6898 I SemanticLocation: 	at libcore.io.IoBridge.open(IoBridge.java:574)
06-25 14:40:21.336  5418  6898 I SemanticLocation: 	at java.io.FileInputStream.<init>(FileInputStream.java:160)
06-25 14:40:21.336  5418  6898 I SemanticLocation: 	at android.app.ContextImpl.openFileInput(ContextImpl.java:745)
06-25 14:40:21.336  5418  6898 I SemanticLocation: 	at android.content.ContextWrapper.openFileInput(ContextWrapper.java:249)
06-25 14:40:21.336  5418  6898 I SemanticLocation: 	at android.content.ContextWrapper.openFileInput(ContextWrapper.java:249)
06-25 14:40:21.336  5418  6898 I SemanticLocation: 	at android.content.ContextWrapper.openFileInput(ContextWrapper.java:249)
06-25 14:40:21.336  5418  6898 I SemanticLocation: 	at bzxt.h(:com.google.android.gms@231818047@23.18.18 (190800-535401451):1)
06-25 14:40:21.336  5418  6898 I SemanticLocation: 	at bzxd.c(:com.google.android.gms@231818047@23.18.18 (190800-535401451):9)
06-25 14:40:21.336  5418  6898 I SemanticLocation: 	at bzxd.<init>(:com.google.android.gms@231818047@23.18.18 (190800-535401451):0)
06-25 14:40:21.336  5418  6898 I SemanticLocation: 	at cadn.j(:com.google.android.gms@231818047@23.18.18 (190800-535401451):0)
06-25 14:40:21.336  5418  6898 I SemanticLocation: 	at cadn.h(:com.google.android.gms@231818047@23.18.18 (190800-535401451):36)
06-25 14:40:21.336  5418  6898 I SemanticLocation: 	at cadn.b(:com.google.android.gms@231818047@23.18.18 (190800-535401451):0)
06-25 14:40:21.336  5418  6898 I SemanticLocation: 	at com.google.android.gms.semanticlocation.service.SemanticLocationChimeraService.k(:com.google.android.gms@231818047@23.18.18 (190800-535401451):9)
06-25 14:40:21.336  5418  6898 I SemanticLocation: 	at com.google.android.gms.semanticlocation.service.SemanticLocationChimeraService.h(:com.google.android.gms@231818047@23.18.18 (190800-535401451):17)
06-25 14:40:21.336  5418  6898 I SemanticLocation: 	at cacs.run(:com.google.android.gms@231818047@23.18.18 (190800-535401451):68)
06-25 14:40:21.336  5418  6898 I SemanticLocation: 	at java.util.concurrent.Executors$RunnableAdapter.call(Executors.java:487)
06-25 14:40:21.336  5418  6898 I SemanticLocation: 	at java.util.concurrent.FutureTask.run(FutureTask.java:264)
06-25 14:40:21.336  5418  6898 I SemanticLocation: 	at aced.c(:com.google.android.gms@231818047@23.18.18 (190800-535401451):6)
06-25 14:40:21.336  5418  6898 I SemanticLocation: 	at aced.run(:com.google.android.gms@231818047@23.18.18 (190800-535401451):7)
06-25 14:40:21.336  5418  6898 I SemanticLocation: 	at java.util.concurrent.ThreadPoolExecutor.runWorker(ThreadPoolExecutor.java:1145)
06-25 14:40:21.336  5418  6898 I SemanticLocation: 	at java.util.concurrent.ThreadPoolExecutor$Worker.run(ThreadPoolExecutor.java:644)
06-25 14:40:21.336  5418  6898 I SemanticLocation: 	at acjn.run(:com.google.android.gms@231818047@23.18.18 (190800-535401451):0)
06-25 14:40:21.336  5418  6898 I SemanticLocation: 	at java.lang.Thread.run(Thread.java:1012)
06-25 14:40:21.336  5418  6898 I SemanticLocation: Caused by: android.system.ErrnoException: open failed: ENOENT (No such file or directory)
06-25 14:40:21.336  5418  6898 I SemanticLocation: 	at libcore.io.Linux.open(Native Method)
06-25 14:40:21.336  5418  6898 I SemanticLocation: 	at libcore.io.ForwardingOs.open(ForwardingOs.java:563)
06-25 14:40:21.336  5418  6898 I SemanticLocation: 	at libcore.io.BlockGuardOs.open(BlockGuardOs.java:274)
06-25 14:40:21.336  5418  6898 I SemanticLocation: 	at libcore.io.ForwardingOs.open(ForwardingOs.java:563)
06-25 14:40:21.336  5418  6898 I SemanticLocation: 	at android.app.ActivityThread$AndroidOs.open(ActivityThread.java:8063)
06-25 14:40:21.336  5418  6898 I SemanticLocation: 	at libcore.io.IoBridge.open(IoBridge.java:560)
06-25 14:40:21.336  5418  6898 I SemanticLocation: 	... 22 more
06-25 14:40:21.340  5808  6173 I Maestro : Skipping invisible child: android.view.accessibility.AccessibilityNodeInfo@1d8f1; boundsInParent: Rect(0, 0 - 31, 28); boundsInScreen: Rect(11, 582 - 42, 610); boundsInWindow: Rect(11, 582 - 42, 610); packageName: com.hanapkalinga.mobile; className: android.view.ViewGroup; text: null; error: null; maxTextLength: -1; stateDescription: null; contentDescription: null; tooltipText: null; containerTitle: null; viewIdResName: null; uniqueId: null; checkable: false; checked: false; focusable: false; focused: false; selected: false; clickable: false; longClickable: false; contextClickable: false; enabled: true; password: false; scrollable: false; importantForAccessibility: false; visible: false; actions: [AccessibilityAction: ACTION_SELECT - null, AccessibilityAction: ACTION_CLEAR_SELECTION - null, AccessibilityAction: ACTION_ACCESSIBILITY_FOCUS - null, AccessibilityAction: ACTION_SHOW_ON_SCREEN - null]; isTextSelectable: false
06-25 14:40:21.356  5808  6173 I Maestro : Skipping invisible child: android.view.accessibility.AccessibilityNodeInfo@1f338; boundsInParent: Rect(0, 0 - 31, 28); boundsInScreen: Rect(64, 582 - 95, 610); boundsInWindow: Rect(64, 582 - 95, 610); packageName: com.hanapkalinga.mobile; className: android.view.ViewGroup; text: null; error: null; maxTextLength: -1; stateDescription: null; contentDescription: null; tooltipText: null; containerTitle: null; viewIdResName: null; uniqueId: null; checkable: false; checked: false; focusable: false; focused: false; selected: false; clickable: false; longClickable: false; contextClickable: false; enabled: true; password: false; scrollable: false; importantForAccessibility: false; visible: false; actions: [AccessibilityAction: ACTION_SELECT - null, AccessibilityAction: ACTION_CLEAR_SELECTION - null, AccessibilityAction: ACTION_ACCESSIBILITY_FOCUS - null, AccessibilityAction: ACTION_SHOW_ON_SCREEN - null]; isTextSelectable: false
06-25 14:40:21.370  5808  6173 I Maestro : Skipping invisible child: android.view.accessibility.AccessibilityNodeInfo@21c83; boundsInParent: Rect(0, 0 - 31, 28); boundsInScreen: Rect(118, 582 - 149, 610); boundsInWindow: Rect(118, 582 - 149, 610); packageName: com.hanapkalinga.mobile; className: android.view.ViewGroup; text: null; error: null; maxTextLength: -1; stateDescription: null; contentDescription: null; tooltipText: null; containerTitle: null; viewIdResName: null; uniqueId: null; checkable: false; checked: false; focusable: false; focused: false; selected: false; clickable: false; longClickable: false; contextClickable: false; enabled: true; password: false; scrollable: false; importantForAccessibility: false; visible: false; actions: [AccessibilityAction: ACTION_SELECT - null, AccessibilityAction: ACTION_CLEAR_SELECTION - null, AccessibilityAction: ACTION_ACCESSIBILITY_FOCUS - null, AccessibilityAction: ACTION_SHOW_ON_SCREEN - null]; isTextSelectable: false
06-25 14:40:21.370  5808  6173 I Maestro : Skipping invisible child: android.view.accessibility.AccessibilityNodeInfo@2498f; boundsInParent: Rect(0, 0 - 3, 1); boundsInScreen: Rect(130, 593 - 132, 593); boundsInWindow: Rect(130, 593 - 132, 593); packageName: com.hanapkalinga.mobile; className: com.horcrux.svg.PathView; text: null; error: null; maxTextLength: -1; stateDescription: null; contentDescription: null; tooltipText: null; containerTitle: null; viewIdResName: null; uniqueId: null; checkable: false; checked: false; focusable: false; focused: false; selected: false; clickable: false; longClickable: false; contextClickable: false; enabled: true; password: false; scrollable: false; importantForAccessibility: false; visible: false; actions: [AccessibilityAction: ACTION_SELECT - null, AccessibilityAction: ACTION_CLEAR_SELECTION - null, AccessibilityAction: ACTION_ACCESSIBILITY_FOCUS - null, AccessibilityAction: ACTION_SHOW_ON_SCREEN - null]; isTextSelectable: false
06-25 14:40:21.370  5808  6173 I Maestro : Skipping invisible child: android.view.accessibility.AccessibilityNodeInfo@24d50; boundsInParent: Rect(0, 0 - 8, 1); boundsInScreen: Rect(130, 596 - 138, 596); boundsInWindow: Rect(130, 596 - 138, 596); packageName: com.hanapkalinga.mobile; className: com.horcrux.svg.PathView; text: null; error: null; maxTextLength: -1; stateDescription: null; contentDescription: null; tooltipText: null; containerTitle: null; viewIdResName: null; uniqueId: null; checkable: false; checked: false; focusable: false; focused: false; selected: false; clickable: false; longClickable: false; contextClickable: false; enabled: true; password: false; scrollable: false; importantForAccessibility: false; visible: false; actions: [AccessibilityAction: ACTION_SELECT - null, AccessibilityAction: ACTION_CLEAR_SELECTION - null, AccessibilityAction: ACTION_ACCESSIBILITY_FOCUS - null, AccessibilityAction: ACTION_SHOW_ON_SCREEN - null]; isTextSelectable: false
06-25 14:40:21.371  5808  6173 I Maestro : Skipping invisible child: android.view.accessibility.AccessibilityNodeInfo@25111; boundsInParent: Rect(0, 0 - 8, 1); boundsInScreen: Rect(130, 600 - 138, 600); boundsInWindow: Rect(130, 600 - 138, 600); packageName: com.hanapkalinga.mobile; className: com.horcrux.svg.PathView; text: null; error: null; maxTextLength: -1; stateDescription: null; contentDescription: null; tooltipText: null; containerTitle: null; viewIdResName: null; uniqueId: null; checkable: false; checked: false; focusable: false; focused: false; selected: false; clickable: false; longClickable: false; contextClickable: false; enabled: true; password: false; scrollable: false; importantForAccessibility: false; visible: false; actions: [AccessibilityAction: ACTION_SELECT - null, AccessibilityAction: ACTION_CLEAR_SELECTION - null, AccessibilityAction: ACTION_ACCESSIBILITY_FOCUS - null, AccessibilityAction: ACTION_SHOW_ON_SCREEN - null]; isTextSelectable: false
06-25 14:40:21.378  5808  6173 I Maestro : Skipping invisible child: android.view.accessibility.AccessibilityNodeInfo@25c54; boundsInParent: Rect(0, 0 - 31, 28); boundsInScreen: Rect(171, 582 - 202, 610); boundsInWindow: Rect(171, 582 - 202, 610); packageName: com.hanapkalinga.mobile; className: android.view.ViewGroup; text: null; error: null; maxTextLength: -1; stateDescription: null; contentDescription: null; tooltipText: null; containerTitle: null; viewIdResName: null; uniqueId: null; checkable: false; checked: false; focusable: false; focused: false; selected: false; clickable: false; longClickable: false; contextClickable: false; enabled: true; password: false; scrollable: false; importantForAccessibility: false; visible: false; actions: [AccessibilityAction: ACTION_SELECT - null, AccessibilityAction: ACTION_CLEAR_SELECTION - null, AccessibilityAction: ACTION_ACCESSIBILITY_FOCUS - null, AccessibilityAction: ACTION_SHOW_ON_SCREEN - null]; isTextSelectable: false
06-25 14:40:21.382  5498  6893 I TelephonySpamInit: onModuleUpdated TelephonySpam module initialized [CONTEXT service_id=150 ]
06-25 14:40:21.382  5498  6893 I SpamListSync: scheduleSyncTasks [CONTEXT service_id=150 ]
06-25 14:40:21.382  5498  6893 I SpamListSync: schedulePeriodicTask [CONTEXT service_id=150 ]
06-25 14:40:21.383  5498  6893 I SpamListSync: scheduleOneTimeTask [CONTEXT service_id=150 ]
06-25 14:40:21.384  5498  5596 I ThreadNetworkModuleInit: Initializing runtime states: 12 [CONTEXT service_id=305 ]
06-25 14:40:21.384  5498  5596 I ThreadNetworkModuleInit: Enabled component com.google.android.gms.threadnetwork.ui.ShareCredentialsActivity [CONTEXT service_id=305 ]
06-25 14:40:21.385  5498  5596 I ThreadBrSynchronizer: Scheduled periodic Border Router sync task: PeriodicBrSync [CONTEXT service_id=305 ]
06-25 14:40:21.385  5808  6173 I Maestro : Skipping invisible child: android.view.accessibility.AccessibilityNodeInfo@27e1d; boundsInParent: Rect(0, 0 - 1, 5); boundsInScreen: Rect(183, 586 - 183, 590); boundsInWindow: Rect(183, 586 - 183, 590); packageName: com.hanapkalinga.mobile; className: com.horcrux.svg.PathView; text: null; error: null; maxTextLength: -1; stateDescription: null; contentDescription: null; tooltipText: null; containerTitle: null; viewIdResName: null; uniqueId: null; checkable: false; checked: false; focusable: false; focused: false; selected: false; clickable: false; longClickable: false; contextClickable: false; enabled: true; password: false; scrollable: false; importantForAccessibility: false; visible: false; actions: [AccessibilityAction: ACTION_SELECT - null, AccessibilityAction: ACTION_CLEAR_SELECTION - null, AccessibilityAction: ACTION_ACCESSIBILITY_FOCUS - null, AccessibilityAction: ACTION_SHOW_ON_SCREEN - null]; isTextSelectable: false
06-25 14:40:21.385  5808  6173 I Maestro : Skipping invisible child: android.view.accessibility.AccessibilityNodeInfo@281de; boundsInParent: Rect(0, 0 - 1, 5); boundsInScreen: Rect(190, 586 - 190, 590); boundsInWindow: Rect(190, 586 - 190, 590); packageName: com.hanapkalinga.mobile; className: com.horcrux.svg.PathView; text: null; error: null; maxTextLength: -1; stateDescription: null; contentDescription: null; tooltipText: null; containerTitle: null; viewIdResName: null; uniqueId: null; checkable: false; checked: false; focusable: false; focused: false; selected: false; clickable: false; longClickable: false; contextClickable: false; enabled: true; password: false; scrollable: false; importantForAccessibility: false; visible: false; actions: [AccessibilityAction: ACTION_SELECT - null, AccessibilityAction: ACTION_CLEAR_SELECTION - null, AccessibilityAction: ACTION_ACCESSIBILITY_FOCUS - null, AccessibilityAction: ACTION_SHOW_ON_SCREEN - null]; isTextSelectable: false
06-25 14:40:21.385  5808  6173 I Maestro : Skipping invisible child: android.view.accessibility.AccessibilityNodeInfo@28960; boundsInParent: Rect(0, 0 - 18, 1); boundsInScreen: Rect(178, 594 - 195, 594); boundsInWindow: Rect(178, 594 - 195, 594); packageName: com.hanapkalinga.mobile; className: com.horcrux.svg.PathView; text: null; error: null; maxTextLength: -1; stateDescription: null; contentDescription: null; tooltipText: null; containerTitle: null; viewIdResName: null; uniqueId: null; checkable: false; checked: false; focusable: false; focused: false; selected: false; clickable: false; longClickable: false; contextClickable: false; enabled: true; password: false; scrollable: false; importantForAccessibility: false; visible: false; actions: [AccessibilityAction: ACTION_SELECT - null, AccessibilityAction: ACTION_CLEAR_SELECTION - null, AccessibilityAction: ACTION_ACCESSIBILITY_FOCUS - null, AccessibilityAction: ACTION_SHOW_ON_SCREEN - null]; isTextSelectable: false
06-25 14:40:21.386  5498  5596 I TrustedTime: Skip initializing when trusted time feature disabled. [CONTEXT service_id=326 ]
06-25 14:40:21.392  5498  5596 W ActiveUnlock: Tried to set empty triggers [CONTEXT service_id=327 ]
06-25 14:40:21.392  5498  5596 W ChimeraUtils: Module com.google.android.gms.activeunlock_primary missing resource null(0)
06-25 14:40:21.395  5418  6898 I SemanticLocation: [MDD] ModelBundleMetadata: File not found [CONTEXT service_id=173 ]
06-25 14:40:21.395  5418  6898 I SemanticLocation: java.io.FileNotFoundException: /data/user/0/com.google.android.gms/files/model_bundle_metadata.pb: open failed: ENOENT (No such file or directory)
06-25 14:40:21.395  5418  6898 I SemanticLocation: 	at libcore.io.IoBridge.open(IoBridge.java:574)
06-25 14:40:21.395  5418  6898 I SemanticLocation: 	at java.io.FileInputStream.<init>(FileInputStream.java:160)
06-25 14:40:21.395  5418  6898 I SemanticLocation: 	at android.app.ContextImpl.openFileInput(ContextImpl.java:745)
06-25 14:40:21.395  5418  6898 I SemanticLocation: 	at android.content.ContextWrapper.openFileInput(ContextWrapper.java:249)
06-25 14:40:21.395  5418  6898 I SemanticLocation: 	at android.content.ContextWrapper.openFileInput(ContextWrapper.java:249)
06-25 14:40:21.395  5418  6898 I SemanticLocation: 	at android.content.ContextWrapper.openFileInput(ContextWrapper.java:249)
06-25 14:40:21.395  5418  6898 I SemanticLocation: 	at bzxt.h(:com.google.android.gms@231818047@23.18.18 (190800-535401451):1)
06-25 14:40:21.395  5418  6898 I SemanticLocation: 	at bzxd.c(:com.google.android.gms@231818047@23.18.18 (190800-535401451):9)
06-25 14:40:21.395  5418  6898 I SemanticLocation: 	at cadb.run(:com.google.android.gms@231818047@23.18.18 (190800-535401451):0)
06-25 14:40:21.395  5418  6898 I SemanticLocation: 	at aced.c(:com.google.android.gms@231818047@23.18.18 (190800-535401451):6)
06-25 14:40:21.395  5418  6898 I SemanticLocation: 	at aced.run(:com.google.android.gms@231818047@23.18.18 (190800-535401451):8)
06-25 14:40:21.395  5418  6898 I SemanticLocation: 	at java.util.concurrent.ThreadPoolExecutor.runWorker(ThreadPoolExecutor.java:1145)
06-25 14:40:21.395  5418  6898 I SemanticLocation: 	at java.util.concurrent.ThreadPoolExecutor$Worker.run(ThreadPoolExecutor.java:644)
06-25 14:40:21.395  5418  6898 I SemanticLocation: 	at acjn.run(:com.google.android.gms@231818047@23.18.18 (190800-535401451):0)
06-25 14:40:21.395  5418  6898 I SemanticLocation: 	at java.lang.Thread.run(Thread.java:1012)
06-25 14:40:21.395  5418  6898 I SemanticLocation: Caused by: android.system.ErrnoException: open failed: ENOENT (No such file or directory)
06-25 14:40:21.395  5418  6898 I SemanticLocation: 	at libcore.io.Linux.open(Native Method)
06-25 14:40:21.395  5418  6898 I SemanticLocation: 	at libcore.io.ForwardingOs.open(ForwardingOs.java:563)
06-25 14:40:21.395  5418  6898 I SemanticLocation: 	at libcore.io.BlockGuardOs.open(BlockGuardOs.java:274)
06-25 14:40:21.395  5418  6898 I SemanticLocation: 	at libcore.io.ForwardingOs.open(ForwardingOs.java:563)
06-25 14:40:21.395  5418  6898 I SemanticLocation: 	at android.app.ActivityThread$AndroidOs.open(ActivityThread.java:8063)
06-25 14:40:21.395  5418  6898 I SemanticLocation: 	at libcore.io.IoBridge.open(IoBridge.java:560)
06-25 14:40:21.395  5418  6898 I SemanticLocation: 	... 14 more
06-25 14:40:21.404  5808  6173 I Maestro : Skipping invisible child: android.view.accessibility.AccessibilityNodeInfo@294a3; boundsInParent: Rect(0, 0 - 31, 28); boundsInScreen: Rect(224, 582 - 255, 610); boundsInWindow: Rect(224, 582 - 255, 610); packageName: com.hanapkalinga.mobile; className: android.view.ViewGroup; text: null; error: null; maxTextLength: -1; stateDescription: null; contentDescription: null; tooltipText: null; containerTitle: null; viewIdResName: null; uniqueId: null; checkable: false; checked: false; focusable: false; focused: false; selected: false; clickable: false; longClickable: false; contextClickable: false; enabled: true; password: false; scrollable: false; importantForAccessibility: false; visible: false; actions: [AccessibilityAction: ACTION_SELECT - null, AccessibilityAction: ACTION_CLEAR_SELECTION - null, AccessibilityAction: ACTION_ACCESSIBILITY_FOCUS - null, AccessibilityAction: ACTION_SHOW_ON_SCREEN - null]; isTextSelectable: false
06-25 14:40:21.405  5418  6902 I NetworkScheduler.Stats: Task com.google.android.gms/com.google.android.gms.pay.gcmtask.PayGcmTaskService started execution. cause:7 exec_start_elapsed_seconds: 152 [CONTEXT service_id=218 ]
06-25 14:40:21.406   336   361 I netd    : tetherGetStats() -> {[]} <0.23ms>
06-25 14:40:21.407  5498  6910 I ChimeraConfigurator: Starting update, reason: 4 urgentFeatures: tflite_dynamite:-1
06-25 14:40:21.409  5498  6893 I SnapshotHandler: Unable to retrieve flag snapshot for com.google.android.gms.trustlet_place, using defaults.
06-25 14:40:21.409   520  2485 D PackageManager: Instant App installer not found with android.intent.action.INSTALL_INSTANT_APP_PACKAGE
06-25 14:40:21.409   520  2485 D PackageManager: Clear ephemeral installer activity
06-25 14:40:21.411  5418  6902 I NetworkScheduler.Stats: Task com.google.android.gms/com.google.android.gms.pay.gcmtask.PayGcmTaskService finished executing. cause:7 result: 2 elapsed_millis: 133 uptime_millis: 133 exec_start_elapsed_seconds: 152 [CONTEXT service_id=218 ]
06-25 14:40:21.412   336   361 I netd    : bandwidthSetGlobalAlert(2097152) <0.08ms>
06-25 14:40:21.415   336   361 I netd    : bandwidthRemoveInterfaceQuota(eth0) <0.40ms>
06-25 14:40:21.416   336   361 I netd    : bandwidthSetInterfaceQuota(eth0, 9223372036854775807) <0.27ms>
06-25 14:40:21.417   520  2485 D PackageManager: Instant App installer not found with android.intent.action.INSTALL_INSTANT_APP_PACKAGE
06-25 14:40:21.417   520  2485 D PackageManager: Clear ephemeral installer activity
06-25 14:40:21.422   520  2485 D PackageManager: Instant App installer not found with android.intent.action.INSTALL_INSTANT_APP_PACKAGE
06-25 14:40:21.422   520  2485 D PackageManager: Clear ephemeral installer activity
06-25 14:40:21.422   520  2485 D PackageManager: Instant App installer not found with android.intent.action.INSTALL_INSTANT_APP_PACKAGE
06-25 14:40:21.422   520  2485 D PackageManager: Clear ephemeral installer activity
06-25 14:40:21.422   520  2485 D PackageManager: Instant App installer not found with android.intent.action.INSTALL_INSTANT_APP_PACKAGE
06-25 14:40:21.422   520  2485 D PackageManager: Clear ephemeral installer activity
06-25 14:40:21.427  5498  6911 I SystemUpdate: [Installation,ReceiverIntentOperation] Received intent: Intent { act=com.google.android.gms.update.BASE_MODULE_INIT cat=[targeted_intent_op_prefix:.update.control.ReceiverIntentOperation] cmp=com.google.android.gms/.chimera.GmsIntentOperationService }.
