06-24 07:49:12.028  5717  5783 I Maestro : Skipping invisible child: android.view.accessibility.AccessibilityNodeInfo@124c1; boundsInParent: Rect(0, 0 - 320, 0); boundsInScreen: Rect(0, 0 - 320, 0); boundsInWindow: Rect(0, 0 - 320, 0); packageName: com.hanapkalinga.mobile; className: android.view.ViewGroup; text: null; error: null; maxTextLength: -1; stateDescription: null; contentDescription: null; tooltipText: null; containerTitle: null; viewIdResName: null; uniqueId: null; checkable: false; checked: false; focusable: false; focused: false; selected: false; clickable: false; longClickable: false; contextClickable: false; enabled: true; password: false; scrollable: false; importantForAccessibility: false; visible: false; actions: [AccessibilityAction: ACTION_SELECT - null, AccessibilityAction: ACTION_CLEAR_SELECTION - null, AccessibilityAction: ACTION_ACCESSIBILITY_FOCUS - null, AccessibilityAction: ACTION_SHOW_ON_SCREEN - null]; isTextSelectable: false
06-24 07:49:12.029  5717  5783 I Maestro : Skipping invisible child: android.view.accessibility.AccessibilityNodeInfo@1a463; boundsInParent: Rect(0, 0 - 320, 0); boundsInScreen: Rect(0, 0 - 320, 0); boundsInWindow: Rect(0, 0 - 320, 0); packageName: com.hanapkalinga.mobile; className: android.widget.LinearLayout; text: null; error: null; maxTextLength: -1; stateDescription: null; contentDescription: null; tooltipText: null; containerTitle: null; viewIdResName: null; uniqueId: null; checkable: false; checked: false; focusable: false; focused: false; selected: false; clickable: false; longClickable: false; contextClickable: false; enabled: true; password: false; scrollable: false; importantForAccessibility: false; visible: false; actions: [AccessibilityAction: ACTION_SELECT - null, AccessibilityAction: ACTION_CLEAR_SELECTION - null, AccessibilityAction: ACTION_ACCESSIBILITY_FOCUS - null, AccessibilityAction: ACTION_SHOW_ON_SCREEN - null]; isTextSelectable: false
06-24 07:49:12.030  5717  5783 I Maestro : Skipping invisible child: android.view.accessibility.AccessibilityNodeInfo@1a0a2; boundsInParent: Rect(0, 0 - 320, 0); boundsInScreen: Rect(0, 0 - 320, 0); boundsInWindow: Rect(0, 0 - 320, 0); packageName: com.hanapkalinga.mobile; className: android.view.ViewGroup; text: null; error: null; maxTextLength: -1; stateDescription: null; contentDescription: null; tooltipText: null; containerTitle: null; viewIdResName: null; uniqueId: null; checkable: false; checked: false; focusable: false; focused: false; selected: false; clickable: false; longClickable: false; contextClickable: false; enabled: true; password: false; scrollable: false; importantForAccessibility: false; visible: false; actions: [AccessibilityAction: ACTION_SELECT - null, AccessibilityAction: ACTION_CLEAR_SELECTION - null, AccessibilityAction: ACTION_ACCESSIBILITY_FOCUS - null, AccessibilityAction: ACTION_SHOW_ON_SCREEN - null]; isTextSelectable: false
06-24 07:49:12.042  5320  6445 W NetworkScheduler: The extras of the task (com.google.android.gms.ocr.service.ModelCleanUpTaskService:type_[4]) are not valid to be persisted so that the task is not persisted [CONTEXT service_id=218 ]
06-24 07:49:12.042  5320  6445 W NetworkScheduler: java.lang.IllegalArgumentException: Only the following extra parameter types are supported: Integer, Long, Double, String, Boolean, and nested Bundles with the same restrictions.
06-24 07:49:12.042  5320  6445 W NetworkScheduler: 	at awaz.e(:com.google.android.gms@231818047@23.18.18 (190800-535401451):10)
06-24 07:49:12.042  5320  6445 W NetworkScheduler: 	at byui.f(:com.google.android.gms@231818047@23.18.18 (190800-535401451):44)
06-24 07:49:12.042  5320  6445 W NetworkScheduler: 	at bytb.n(:com.google.android.gms@231818047@23.18.18 (190800-535401451):3)
06-24 07:49:12.042  5320  6445 W NetworkScheduler: 	at bytb.u(:com.google.android.gms@231818047@23.18.18 (190800-535401451):20)
06-24 07:49:12.042  5320  6445 W NetworkScheduler: 	at bytb.h(:com.google.android.gms@231818047@23.18.18 (190800-535401451):3)
06-24 07:49:12.042  5320  6445 W NetworkScheduler: 	at byot.run(:com.google.android.gms@231818047@23.18.18 (190800-535401451):9)
06-24 07:49:12.042  5320  6445 W NetworkScheduler: 	at aced.c(:com.google.android.gms@231818047@23.18.18 (190800-535401451):6)
06-24 07:49:12.042  5320  6445 W NetworkScheduler: 	at aced.run(:com.google.android.gms@231818047@23.18.18 (190800-535401451):8)
06-24 07:49:12.042  5320  6445 W NetworkScheduler: 	at java.util.concurrent.ThreadPoolExecutor.runWorker(ThreadPoolExecutor.java:1145)
06-24 07:49:12.042  5320  6445 W NetworkScheduler: 	at java.util.concurrent.ThreadPoolExecutor$Worker.run(ThreadPoolExecutor.java:644)
06-24 07:49:12.042  5320  6445 W NetworkScheduler: 	at acjn.run(:com.google.android.gms@231818047@23.18.18 (190800-535401451):0)
06-24 07:49:12.042  5320  6445 W NetworkScheduler: 	at java.lang.Thread.run(Thread.java:1012)
06-24 07:49:12.053  1054  1054 D CarrierSvcBindHelper: onPackageModified: com.google.android.gms
06-24 07:49:12.056   524   628 I InputReader: Reconfiguring input devices, changes=KEYBOARD_LAYOUTS
06-24 07:49:12.057   840  4018 I PermissionControllerServiceImpl: Updating user sensitive for uid 10131
06-24 07:49:12.059   838   904 D StylusManager: Stylus InputDevice changed: 13 virtio_input_multi_touch_10
06-24 07:49:12.060   838   904 D StylusManager: Stylus InputDevice changed: 12 virtio_input_multi_touch_9
06-24 07:49:12.060  1054  1054 D CarrierSvcBindHelper: No carrier app for: 0
06-24 07:49:12.063   838   904 D StylusManager: Stylus InputDevice changed: 6 virtio_input_multi_touch_3
06-24 07:49:12.064  4131  4131 V MediaPlayerList: mPackageChangedBroadcastReceiver: action: android.intent.action.PACKAGE_CHANGED
06-24 07:49:12.064  4131  4131 V MediaPlayerList: mPackageChangedBroadcastReceiver: action: android.intent.action.PACKAGE_CHANGED
06-24 07:49:12.068  1054  1349 D ImsResolver: maybeAddedImsService, packageName: com.google.android.gms
06-24 07:49:12.070  5400  5611 E WakeLock: DG:service ** IS FORCE-RELEASED ON TIMEOUT **
06-24 07:49:12.074  5905  5925 D EGL_emulation: app_time_stats: avg=499.84ms min=496.22ms max=503.22ms count=3
06-24 07:49:12.076   524   615 I RoleService: Granting default roles...
06-24 07:49:12.079   838   838 D ControlsListingControllerImpl: ServiceConfig reloaded, count: 0
06-24 07:49:12.084  5400  6424 I SystemUpdate: [Execution,InstallationEventIntentOperation] Handling event of type 1.
06-24 07:49:12.086  5400  6424 I ChimeraConfigurator: Starting update, reason: 4 urgentFeatures: tflite_dynamite:-1
06-24 07:49:12.086  5717  5783 I Maestro : Skipping invisible child: android.view.accessibility.AccessibilityNodeInfo@1829a; boundsInParent: Rect(0, 0 - 1, 1); boundsInScreen: Rect(20, 348 - 21, 349); boundsInWindow: Rect(20, 348 - 21, 349); packageName: com.hanapkalinga.mobile; className: android.view.ViewGroup; text: null; error: null; maxTextLength: -1; stateDescription: null; contentDescription: null; tooltipText: null; containerTitle: null; viewIdResName: login_captcha_ready; uniqueId: null; checkable: false; checked: false; focusable: false; focused: false; selected: false; clickable: false; longClickable: false; contextClickable: false; enabled: true; password: false; scrollable: false; importantForAccessibility: true; visible: false; actions: [AccessibilityAction: ACTION_SELECT - null, AccessibilityAction: ACTION_CLEAR_SELECTION - null, AccessibilityAction: ACTION_ACCESSIBILITY_FOCUS - null, AccessibilityAction: ACTION_SHOW_ON_SCREEN - null]; isTextSelectable: false
06-24 07:49:12.089  5400  6420 I SystemUpdate: [Execution,InstallationIntentOperation] Received intent: Intent { act=com.google.android.gms.update.INSTALL_UPDATE cat=[targeted_intent_op_prefix:.update.execution.InstallationIntentOperation] cmp=com.google.android.gms/.chimera.GmsIntentOperationService }.
06-24 07:49:12.089  5400  6420 I SystemUpdate: [Execution,ExecutionManager] Action finished-execution executed for 0.00 seconds.
06-24 07:49:12.106   838   904 D StylusManager: Stylus InputDevice changed: 14 virtio_input_multi_touch_11
06-24 07:49:12.107   838   904 D StylusManager: Stylus InputDevice changed: 7 virtio_input_multi_touch_4
06-24 07:49:12.114  5400  6424 I ChimeraConfigurator: Detected pending changes for urgent request: [tflite_dynamite]. Pending module sets: container:2318189190800,tflite_dynamite:2605805025100800+tflite_dynamite
06-24 07:49:12.121  5717  5783 D Maestro : View hierarchy received in 105 ms
06-24 07:49:12.130   838   904 D StylusManager: Stylus InputDevice changed: 10 virtio_input_multi_touch_7
06-24 07:49:12.131   838   904 D StylusManager: Stylus InputDevice changed: 8 virtio_input_multi_touch_5
06-24 07:49:12.134  5400  6424 I GmsDebugLogger: [73] 1801
06-24 07:49:12.134   838   904 D StylusManager: Stylus InputDevice changed: 5 virtio_input_multi_touch_2
06-24 07:49:12.136   524   552 I CredManSysServiceImpl: CredentialManagerServiceImpl constructed for: com.google.android.gms/.auth.api.credentials.credman.service.PasswordAndPasskeyService
06-24 07:49:12.136   524   552 I CredManSysServiceImpl: newServiceInfoLocked, mInfo null, com.google.android.gms/com.google.android.gms.auth.api.credentials.credman.service.PasswordAndPasskeyService
06-24 07:49:12.139  5400  6424 W ZappDownloader: No successful module downloads for requested features [tflite_dynamite].
06-24 07:49:12.139  5400  6424 I GmsDebugLogger: [30] [TfliteDynamiteDynamite.integ:260580502100800]
06-24 07:49:12.141   840  6502 E RoleControllerServiceImpl: Default/fallback role holder package doesn't qualify for the role, package: com.google.android.gms.supervision, role: android.app.role.SYSTEM_SUPERVISION
06-24 07:49:12.142  1666  1666 I AiAiEcho: AppFetcherImpl onPackageChanged com.google.android.gms.
06-24 07:49:12.143  1666  3306 I AiAiEcho: AppIndexer Package:[com.google.android.gms] UserProfile:[0] Enabled:[true].
06-24 07:49:12.143  1666  3306 I AiAiEcho: AppFetcherImplV2 updateApps package:[com.google.android.gms], userId:[0], reason:[package is updated.].
06-24 07:49:12.146   840  6502 I Role    : com.google.android.gms not qualified for android.app.role.SYSTEM_CALL_STREAMING due to missing RequiredComponent{mIntentFilterData=IntentFilterData{mAction='android.telecom.CallStreamingService', mCategories='[]', mDataScheme='null', mDataType='null'}, mMinTargetSdkVersion=1, mFlags='0', mPermission='android.permission.BIND_CALL_STREAMING_SERVICE', mQueryFlags=0, mMetaData=[]}
06-24 07:49:12.146   840  6502 E RoleControllerServiceImpl: Default/fallback role holder package doesn't qualify for the role, package: com.google.android.gms, role: android.app.role.SYSTEM_CALL_STREAMING
06-24 07:49:12.146   840  6502 W Role    : Default holder doesn't have required signing certificate: com.google.android.apps.work.clouddpc:23962F4B43B9857638EA66F4D419518EAE282491ACDA4B94707BD59003C45E58
06-24 07:49:12.159   838   904 D StylusManager: Stylus InputDevice changed: 9 virtio_input_multi_touch_6
06-24 07:49:12.160   838   904 D StylusManager: Stylus InputDevice changed: 4 virtio_input_multi_touch_1
06-24 07:49:12.163   838   904 D StylusManager: Stylus InputDevice changed: 11 virtio_input_multi_touch_8
06-24 07:49:12.169  5400  6424 W ChimeraConfigService: Retry attempt was throttled. [CONTEXT service_id=264 ]
06-24 07:49:12.169  5400  6424 I GmsDebugLogger: [83] 1 [tflite_dynamite]
06-24 07:49:12.172  5400  6424 I ChimeraConfigurator: Starting update, reason: 4 urgentFeatures: vision.ocr:-1
06-24 07:49:12.185  5400  6424 I ChimeraConfigurator: Detected pending changes for urgent request: [vision.ocr]. Pending module sets: container:2318189190800+mlkit.ocr.common,tflite_dynamite:2605805025100800+tflite_dynamite,vision_ocr:2316024025100000+vision.ocr
06-24 07:49:12.195  5400  6424 I GmsDebugLogger: [73] 1801
06-24 07:49:12.197  5400  6424 W ZappDownloader: No successful module downloads for requested features [vision.ocr].
06-24 07:49:12.198  5400  6424 I GmsDebugLogger: [30] [VisionOcrDynamite.integ:231602402100000],[TfliteDynamiteDynamite.integ:260580502100800],[MlkitOcrCommon.optional:231818100800]
06-24 07:49:12.201  5400  6424 W ChimeraConfigService: Retry attempt was throttled. [CONTEXT service_id=264 ]
06-24 07:49:12.205  5400  6424 I GmsDebugLogger: [83] 1 [vision.ocr]
06-24 07:49:12.208  5400  6421 W Vision  : Request for optional module download of ocr failed. Request again.
06-24 07:49:12.208  5400  6421 W Vision  : Would have logged:
06-24 07:49:12.208  5400  6421 W Vision  : # dsae@44f943d5
06-24 07:49:12.208  5400  6421 I Vision  : Schedule retrying download ocr at 164892 with backoff 10 seconds
06-24 07:49:12.213  5400  6411 E WorkSourceUtil: Could not find package: com.google.android.gms.westworld
06-24 07:49:12.228   524   597 D PackageManager: Instant App installer not found with android.intent.action.INSTALL_INSTANT_APP_PACKAGE
06-24 07:49:12.228   524   597 D PackageManager: Clear ephemeral installer activity
06-24 07:49:12.229   524   597 D PackageManager: Instant App installer not found with android.intent.action.INSTALL_INSTANT_APP_PACKAGE
06-24 07:49:12.229   524   597 D PackageManager: Clear ephemeral installer activity
06-24 07:49:12.231  5320  5362 I GCoreUlr: WorldUpdater received intent Intent { act=com.google.android.location.reporting.ACTION_UPDATE_WORLD cmp=com.google.android.gms/com.google.android.location.reporting.service.DispatchingService (has extras) } with receiverAction init
06-24 07:49:12.232  5717  5977 D Maestro : Requesting view hierarchy
06-24 07:49:12.233  5320  6429 W ChimeraUtils: Module com.google.android.gms.location__nonwearable missing resource location_module_display_name(0)
06-24 07:49:12.234  5717  5977 W QueryController: Could not detect idle state.
06-24 07:49:12.234  5717  5977 W QueryController: Could not detect idle state.
06-24 07:49:12.236   524  2411 D PackageManager: Instant App installer not found with android.intent.action.INSTALL_INSTANT_APP_PACKAGE
06-24 07:49:12.236   524  2411 D PackageManager: Clear ephemeral installer activity
06-24 07:49:12.237   524   597 D PackageManager: Instant App installer not found with android.intent.action.INSTALL_INSTANT_APP_PACKAGE
06-24 07:49:12.237   524   597 D PackageManager: Clear ephemeral installer activity
06-24 07:49:12.239  5320  5362 I GCoreUlr: WorldUpdater:init: Ensuring that reporting is stopped because of reasons: (no Google accounts)
06-24 07:49:12.242   524   897 D PackageManager: Instant App installer not found with android.intent.action.INSTALL_INSTANT_APP_PACKAGE
06-24 07:49:12.242   524   897 D PackageManager: Clear ephemeral installer activity
06-24 07:49:12.243  5400  6421 I NewModuleComplete: Received com.google.android.chimera.IntentOperation.NEW_MODULE(com.google.android.gms.chimera.GmsIntentOperationService,2,true)
06-24 07:49:12.245  5717  5977 I Maestro : Skipping invisible child: android.view.accessibility.AccessibilityNodeInfo@12882; boundsInParent: Rect(0, 0 - 320, 0); boundsInScreen: Rect(0, 0 - 320, 0); boundsInWindow: Rect(0, 0 - 320, 0); packageName: com.hanapkalinga.mobile; className: android.widget.LinearLayout; text: null; error: null; maxTextLength: -1; stateDescription: null; contentDescription: null; tooltipText: null; containerTitle: null; viewIdResName: null; uniqueId: null; checkable: false; checked: false; focusable: false; focused: false; selected: false; clickable: false; longClickable: false; contextClickable: false; enabled: true; password: false; scrollable: false; importantForAccessibility: false; visible: false; actions: [AccessibilityAction: ACTION_SELECT - null, AccessibilityAction: ACTION_CLEAR_SELECTION - null, AccessibilityAction: ACTION_ACCESSIBILITY_FOCUS - null, AccessibilityAction: ACTION_SHOW_ON_SCREEN - null]; isTextSelectable: false
06-24 07:49:12.245  5400  6424 I NewModuleHelper: Received com.google.android.chimera.container.NEW_MODULE_FINALIZE(2/0): com.google.android.gms.chimera.GmsIntentOperationService,2,true
06-24 07:49:12.245  5717  5977 I Maestro : Skipping invisible child: android.view.accessibility.AccessibilityNodeInfo@124c1; boundsInParent: Rect(0, 0 - 320, 0); boundsInScreen: Rect(0, 0 - 320, 0); boundsInWindow: Rect(0, 0 - 320, 0); packageName: com.hanapkalinga.mobile; className: android.view.ViewGroup; text: null; error: null; maxTextLength: -1; stateDescription: null; contentDescription: null; tooltipText: null; containerTitle: null; viewIdResName: null; uniqueId: null; checkable: false; checked: false; focusable: false; focused: false; selected: false; clickable: false; longClickable: false; contextClickable: false; enabled: true; password: false; scrollable: false; importantForAccessibility: false; visible: false; actions: [AccessibilityAction: ACTION_SELECT - null, AccessibilityAction: ACTION_CLEAR_SELECTION - null, AccessibilityAction: ACTION_ACCESSIBILITY_FOCUS - null, AccessibilityAction: ACTION_SHOW_ON_SCREEN - null]; isTextSelectable: false
06-24 07:49:12.245  5400  6424 I NewModuleHelper: Completed all new module init intents for all processes.
06-24 07:49:12.245  5717  5977 I Maestro : Skipping invisible child: android.view.accessibility.AccessibilityNodeInfo@1a463; boundsInParent: Rect(0, 0 - 320, 0); boundsInScreen: Rect(0, 0 - 320, 0); boundsInWindow: Rect(0, 0 - 320, 0); packageName: com.hanapkalinga.mobile; className: android.widget.LinearLayout; text: null; error: null; maxTextLength: -1; stateDescription: null; contentDescription: null; tooltipText: null; containerTitle: null; viewIdResName: null; uniqueId: null; checkable: false; checked: false; focusable: false; focused: false; selected: false; clickable: false; longClickable: false; contextClickable: false; enabled: true; password: false; scrollable: false; importantForAccessibility: false; visible: false; actions: [AccessibilityAction: ACTION_SELECT - null, AccessibilityAction: ACTION_CLEAR_SELECTION - null, AccessibilityAction: ACTION_ACCESSIBILITY_FOCUS - null, AccessibilityAction: ACTION_SHOW_ON_SCREEN - null]; isTextSelectable: false
06-24 07:49:12.246  5717  5977 I Maestro : Skipping invisible child: android.view.accessibility.AccessibilityNodeInfo@1a0a2; boundsInParent: Rect(0, 0 - 320, 0); boundsInScreen: Rect(0, 0 - 320, 0); boundsInWindow: Rect(0, 0 - 320, 0); packageName: com.hanapkalinga.mobile; className: android.view.ViewGroup; text: null; error: null; maxTextLength: -1; stateDescription: null; contentDescription: null; tooltipText: null; containerTitle: null; viewIdResName: null; uniqueId: null; checkable: false; checked: false; focusable: false; focused: false; selected: false; clickable: false; longClickable: false; contextClickable: false; enabled: true; password: false; scrollable: false; importantForAccessibility: false; visible: false; actions: [AccessibilityAction: ACTION_SELECT - null, AccessibilityAction: ACTION_CLEAR_SELECTION - null, AccessibilityAction: ACTION_ACCESSIBILITY_FOCUS - null, AccessibilityAction: ACTION_SHOW_ON_SCREEN - null]; isTextSelectable: false
06-24 07:49:12.248  5717  5977 I Maestro : Skipping invisible child: android.view.accessibility.AccessibilityNodeInfo@1829a; boundsInParent: Rect(0, 0 - 1, 1); boundsInScreen: Rect(20, 348 - 21, 349); boundsInWindow: Rect(20, 348 - 21, 349); packageName: com.hanapkalinga.mobile; className: android.view.ViewGroup; text: null; error: null; maxTextLength: -1; stateDescription: null; contentDescription: null; tooltipText: null; containerTitle: null; viewIdResName: login_captcha_ready; uniqueId: null; checkable: false; checked: false; focusable: false; focused: false; selected: false; clickable: false; longClickable: false; contextClickable: false; enabled: true; password: false; scrollable: false; importantForAccessibility: true; visible: false; actions: [AccessibilityAction: ACTION_SELECT - null, AccessibilityAction: ACTION_CLEAR_SELECTION - null, AccessibilityAction: ACTION_ACCESSIBILITY_FOCUS - null, AccessibilityAction: ACTION_SHOW_ON_SCREEN - null]; isTextSelectable: false
06-24 07:49:12.256  5320  5362 I GCoreUlr: Unbound from all signal providers.
06-24 07:49:12.261  5320  5320 I GCoreUlr: Unbound from all signal providers.
06-24 07:49:12.261  5320  5320 I GCoreUlr: Stopping handler for UlrDispSvcFast
06-24 07:49:12.277  5717  5977 D Maestro : View hierarchy received in 45 ms
06-24 07:49:12.341  5717  5977 D Maestro : Requesting view hierarchy
06-24 07:49:12.343  5717  5977 W QueryController: Could not detect idle state.
06-24 07:49:12.344  5717  5977 W QueryController: Could not detect idle state.
06-24 07:49:12.353  5717  5977 I Maestro : Skipping invisible child: android.view.accessibility.AccessibilityNodeInfo@12882; boundsInParent: Rect(0, 0 - 320, 0); boundsInScreen: Rect(0, 0 - 320, 0); boundsInWindow: Rect(0, 0 - 320, 0); packageName: com.hanapkalinga.mobile; className: android.widget.LinearLayout; text: null; error: null; maxTextLength: -1; stateDescription: null; contentDescription: null; tooltipText: null; containerTitle: null; viewIdResName: null; uniqueId: null; checkable: false; checked: false; focusable: false; focused: false; selected: false; clickable: false; longClickable: false; contextClickable: false; enabled: true; password: false; scrollable: false; importantForAccessibility: false; visible: false; actions: [AccessibilityAction: ACTION_SELECT - null, AccessibilityAction: ACTION_CLEAR_SELECTION - null, AccessibilityAction: ACTION_ACCESSIBILITY_FOCUS - null, AccessibilityAction: ACTION_SHOW_ON_SCREEN - null]; isTextSelectable: false
06-24 07:49:12.354  5717  5977 I Maestro : Skipping invisible child: android.view.accessibility.AccessibilityNodeInfo@124c1; boundsInParent: Rect(0, 0 - 320, 0); boundsInScreen: Rect(0, 0 - 320, 0); boundsInWindow: Rect(0, 0 - 320, 0); packageName: com.hanapkalinga.mobile; className: android.view.ViewGroup; text: null; error: null; maxTextLength: -1; stateDescription: null; contentDescription: null; tooltipText: null; containerTitle: null; viewIdResName: null; uniqueId: null; checkable: false; checked: false; focusable: false; focused: false; selected: false; clickable: false; longClickable: false; contextClickable: false; enabled: true; password: false; scrollable: false; importantForAccessibility: false; visible: false; actions: [AccessibilityAction: ACTION_SELECT - null, AccessibilityAction: ACTION_CLEAR_SELECTION - null, AccessibilityAction: ACTION_ACCESSIBILITY_FOCUS - null, AccessibilityAction: ACTION_SHOW_ON_SCREEN - null]; isTextSelectable: false
06-24 07:49:12.354  5717  5977 I Maestro : Skipping invisible child: android.view.accessibility.AccessibilityNodeInfo@1a463; boundsInParent: Rect(0, 0 - 320, 0); boundsInScreen: Rect(0, 0 - 320, 0); boundsInWindow: Rect(0, 0 - 320, 0); packageName: com.hanapkalinga.mobile; className: android.widget.LinearLayout; text: null; error: null; maxTextLength: -1; stateDescription: null; contentDescription: null; tooltipText: null; containerTitle: null; viewIdResName: null; uniqueId: null; checkable: false; checked: false; focusable: false; focused: false; selected: false; clickable: false; longClickable: false; contextClickable: false; enabled: true; password: false; scrollable: false; importantForAccessibility: false; visible: false; actions: [AccessibilityAction: ACTION_SELECT - null, AccessibilityAction: ACTION_CLEAR_SELECTION - null, AccessibilityAction: ACTION_ACCESSIBILITY_FOCUS - null, AccessibilityAction: ACTION_SHOW_ON_SCREEN - null]; isTextSelectable: false
06-24 07:49:12.355  5717  5977 I Maestro : Skipping invisible child: android.view.accessibility.AccessibilityNodeInfo@1a0a2; boundsInParent: Rect(0, 0 - 320, 0); boundsInScreen: Rect(0, 0 - 320, 0); boundsInWindow: Rect(0, 0 - 320, 0); packageName: com.hanapkalinga.mobile; className: android.view.ViewGroup; text: null; error: null; maxTextLength: -1; stateDescription: null; contentDescription: null; tooltipText: null; containerTitle: null; viewIdResName: null; uniqueId: null; checkable: false; checked: false; focusable: false; focused: false; selected: false; clickable: false; longClickable: false; contextClickable: false; enabled: true; password: false; scrollable: false; importantForAccessibility: false; visible: false; actions: [AccessibilityAction: ACTION_SELECT - null, AccessibilityAction: ACTION_CLEAR_SELECTION - null, AccessibilityAction: ACTION_ACCESSIBILITY_FOCUS - null, AccessibilityAction: ACTION_SHOW_ON_SCREEN - null]; isTextSelectable: false
06-24 07:49:12.358  5717  5977 I Maestro : Skipping invisible child: android.view.accessibility.AccessibilityNodeInfo@1829a; boundsInParent: Rect(0, 0 - 1, 1); boundsInScreen: Rect(20, 348 - 21, 349); boundsInWindow: Rect(20, 348 - 21, 349); packageName: com.hanapkalinga.mobile; className: android.view.ViewGroup; text: null; error: null; maxTextLength: -1; stateDescription: null; contentDescription: null; tooltipText: null; containerTitle: null; viewIdResName: login_captcha_ready; uniqueId: null; checkable: false; checked: false; focusable: false; focused: false; selected: false; clickable: false; longClickable: false; contextClickable: false; enabled: true; password: false; scrollable: false; importantForAccessibility: true; visible: false; actions: [AccessibilityAction: ACTION_SELECT - null, AccessibilityAction: ACTION_CLEAR_SELECTION - null, AccessibilityAction: ACTION_ACCESSIBILITY_FOCUS - null, AccessibilityAction: ACTION_SHOW_ON_SCREEN - null]; isTextSelectable: false
06-24 07:49:12.384  5717  5977 D Maestro : View hierarchy received in 43 ms
06-24 07:49:12.445  5717  5977 D Maestro : Requesting view hierarchy
06-24 07:49:12.445  5717  5977 W QueryController: Could not detect idle state.
06-24 07:49:12.446  5717  5977 W QueryController: Could not detect idle state.
06-24 07:49:12.453  5717  5977 I Maestro : Skipping invisible child: android.view.accessibility.AccessibilityNodeInfo@12882; boundsInParent: Rect(0, 0 - 320, 0); boundsInScreen: Rect(0, 0 - 320, 0); boundsInWindow: Rect(0, 0 - 320, 0); packageName: com.hanapkalinga.mobile; className: android.widget.LinearLayout; text: null; error: null; maxTextLength: -1; stateDescription: null; contentDescription: null; tooltipText: null; containerTitle: null; viewIdResName: null; uniqueId: null; checkable: false; checked: false; focusable: false; focused: false; selected: false; clickable: false; longClickable: false; contextClickable: false; enabled: true; password: false; scrollable: false; importantForAccessibility: false; visible: false; actions: [AccessibilityAction: ACTION_SELECT - null, AccessibilityAction: ACTION_CLEAR_SELECTION - null, AccessibilityAction: ACTION_ACCESSIBILITY_FOCUS - null, AccessibilityAction: ACTION_SHOW_ON_SCREEN - null]; isTextSelectable: false
06-24 07:49:12.454  5717  5977 I Maestro : Skipping invisible child: android.view.accessibility.AccessibilityNodeInfo@124c1; boundsInParent: Rect(0, 0 - 320, 0); boundsInScreen: Rect(0, 0 - 320, 0); boundsInWindow: Rect(0, 0 - 320, 0); packageName: com.hanapkalinga.mobile; className: android.view.ViewGroup; text: null; error: null; maxTextLength: -1; stateDescription: null; contentDescription: null; tooltipText: null; containerTitle: null; viewIdResName: null; uniqueId: null; checkable: false; checked: false; focusable: false; focused: false; selected: false; clickable: false; longClickable: false; contextClickable: false; enabled: true; password: false; scrollable: false; importantForAccessibility: false; visible: false; actions: [AccessibilityAction: ACTION_SELECT - null, AccessibilityAction: ACTION_CLEAR_SELECTION - null, AccessibilityAction: ACTION_ACCESSIBILITY_FOCUS - null, AccessibilityAction: ACTION_SHOW_ON_SCREEN - null]; isTextSelectable: false
06-24 07:49:12.455  5717  5977 I Maestro : Skipping invisible child: android.view.accessibility.AccessibilityNodeInfo@1a463; boundsInParent: Rect(0, 0 - 320, 0); boundsInScreen: Rect(0, 0 - 320, 0); boundsInWindow: Rect(0, 0 - 320, 0); packageName: com.hanapkalinga.mobile; className: android.widget.LinearLayout; text: null; error: null; maxTextLength: -1; stateDescription: null; contentDescription: null; tooltipText: null; containerTitle: null; viewIdResName: null; uniqueId: null; checkable: false; checked: false; focusable: false; focused: false; selected: false; clickable: false; longClickable: false; contextClickable: false; enabled: true; password: false; scrollable: false; importantForAccessibility: false; visible: false; actions: [AccessibilityAction: ACTION_SELECT - null, AccessibilityAction: ACTION_CLEAR_SELECTION - null, AccessibilityAction: ACTION_ACCESSIBILITY_FOCUS - null, AccessibilityAction: ACTION_SHOW_ON_SCREEN - null]; isTextSelectable: false
06-24 07:49:12.456  5717  5977 I Maestro : Skipping invisible child: android.view.accessibility.AccessibilityNodeInfo@1a0a2; boundsInParent: Rect(0, 0 - 320, 0); boundsInScreen: Rect(0, 0 - 320, 0); boundsInWindow: Rect(0, 0 - 320, 0); packageName: com.hanapkalinga.mobile; className: android.view.ViewGroup; text: null; error: null; maxTextLength: -1; stateDescription: null; contentDescription: null; tooltipText: null; containerTitle: null; viewIdResName: null; uniqueId: null; checkable: false; checked: false; focusable: false; focused: false; selected: false; clickable: false; longClickable: false; contextClickable: false; enabled: true; password: false; scrollable: false; importantForAccessibility: false; visible: false; actions: [AccessibilityAction: ACTION_SELECT - null, AccessibilityAction: ACTION_CLEAR_SELECTION - null, AccessibilityAction: ACTION_ACCESSIBILITY_FOCUS - null, AccessibilityAction: ACTION_SHOW_ON_SCREEN - null]; isTextSelectable: false
06-24 07:49:12.462  5320  6445 I NetworkScheduler.Stats: Task com.google.android.gms/com.google.android.gms.icing.proxy.IcingInternalCorporaUpdateService started execution. cause:7 exec_start_elapsed_seconds: 164 [CONTEXT service_id=218 ]
06-24 07:49:12.463  5717  5977 I Maestro : Skipping invisible child: android.view.accessibility.AccessibilityNodeInfo@1829a; boundsInParent: Rect(0, 0 - 1, 1); boundsInScreen: Rect(20, 348 - 21, 349); boundsInWindow: Rect(20, 348 - 21, 349); packageName: com.hanapkalinga.mobile; className: android.view.ViewGroup; text: null; error: null; maxTextLength: -1; stateDescription: null; contentDescription: null; tooltipText: null; containerTitle: null; viewIdResName: login_captcha_ready; uniqueId: null; checkable: false; checked: false; focusable: false; focused: false; selected: false; clickable: false; longClickable: false; contextClickable: false; enabled: true; password: false; scrollable: false; importantForAccessibility: true; visible: false; actions: [AccessibilityAction: ACTION_SELECT - null, AccessibilityAction: ACTION_CLEAR_SELECTION - null, AccessibilityAction: ACTION_ACCESSIBILITY_FOCUS - null, AccessibilityAction: ACTION_SHOW_ON_SCREEN - null]; isTextSelectable: false
06-24 07:49:12.470  5320  6445 I NetworkScheduler.Stats: Task com.google.android.gms/com.google.android.gms.pay.gcmtask.PayGcmTaskService started execution. cause:7 exec_start_elapsed_seconds: 164 [CONTEXT service_id=218 ]
06-24 07:49:12.477  5320  6445 I NetworkScheduler.Stats: Task com.google.android.gms/com.google.android.gms.icing.proxy.IcingInternalCorporaUpdateService finished executing. cause:7 result: 1 elapsed_millis: 57 uptime_millis: 57 exec_start_elapsed_seconds: 164 [CONTEXT service_id=218 ]
06-24 07:49:12.482  5717  5977 D Maestro : View hierarchy received in 37 ms
06-24 07:49:12.488  5320  6445 I NetworkScheduler.Stats: Task com.google.android.gms/com.google.android.gms.pay.gcmtask.PayGcmTaskService finished executing. cause:7 result: 1 elapsed_millis: 42 uptime_millis: 42 exec_start_elapsed_seconds: 164 [CONTEXT service_id=218 ]
06-24 07:49:12.502  5320  6445 I NetworkScheduler.Stats: Task com.google.android.gms/com.google.android.gms.pay.gcmtask.PayGcmTaskService started execution. cause:5 exec_start_elapsed_seconds: 165 [CONTEXT service_id=218 ]
06-24 07:49:12.502  5320  6445 I NetworkScheduler.Stats: Task com.google.android.gms/com.google.android.gms.pay.gcmtask.PayGcmTaskService finished executing. cause:5 result: 1 elapsed_millis: 6 uptime_millis: 6 exec_start_elapsed_seconds: 165 [CONTEXT service_id=218 ]
06-24 07:49:12.513  5400  5443 W Pay     : Active account was null, notification task will be cancelled. [CONTEXT service_id=198 ]
06-24 07:49:12.514  5400  5443 W Pay     : No account found on the task or the device. Notification task will not be rescheduled. [CONTEXT service_id=198 ]
06-24 07:49:12.514  5320  6445 I NetworkScheduler.Stats: Task com.google.android.gms/com.google.android.gms.pay.gcmtask.PayGcmTaskService started execution. cause:5 exec_start_elapsed_seconds: 165 [CONTEXT service_id=218 ]
06-24 07:49:12.524  5320  5362 I NetworkScheduler.Stats: Task com.google.android.gms/com.google.android.gms.pay.gcmtask.PayGcmTaskService started execution. cause:5 exec_start_elapsed_seconds: 165 [CONTEXT service_id=218 ]
06-24 07:49:12.525  5400  5597 W Pay     : Active account was null, notification task will be cancelled. [CONTEXT service_id=198 ]
06-24 07:49:12.525  5400  5597 E Pay     : [Migration operation] Active tapandpay account not found! [CONTEXT service_id=198 ]
06-24 07:49:12.526  5400  5597 I Pay     : Migration flag not enabled. [CONTEXT service_id=198 ]
06-24 07:49:12.526  5320  5362 I NetworkScheduler.Stats: Task com.google.android.gms/com.google.android.gms.pay.gcmtask.PayGcmTaskService finished executing. cause:5 result: 2 elapsed_millis: 20 uptime_millis: 20 exec_start_elapsed_seconds: 165 [CONTEXT service_id=218 ]
06-24 07:49:12.529  5400  5597 I Pay     : Migration already completed. [CONTEXT service_id=198 ]
06-24 07:49:12.530  5400  5597 I Pay     : Migration already completed. [CONTEXT service_id=198 ]
06-24 07:49:12.530  5400  5597 I Pay     : Migration flag not enabled. [CONTEXT service_id=198 ]
06-24 07:49:12.530  5400  5597 I Pay     : Migration flag not enabled. [CONTEXT service_id=198 ]
06-24 07:49:12.530  5400  5597 I Pay     : Migration flag not enabled. [CONTEXT service_id=198 ]
06-24 07:49:12.530  5400  5597 I Pay     : Migration flag not enabled. [CONTEXT service_id=198 ]
06-24 07:49:12.531  5400  5597 I Pay     : [SeTosMigration] walletJpEligibility is not enabled [CONTEXT service_id=198 ]
06-24 07:49:12.531  5400  5597 I Pay     : Wallet install state NOT_INSTALLED [CONTEXT service_id=198 ]
06-24 07:49:12.532  5400  5597 I Pay     : Migration flag not enabled. [CONTEXT service_id=198 ]
06-24 07:49:12.543  5320  6445 I NetworkScheduler.Stats: Task com.google.android.gms/com.google.android.gms.pay.gcmtask.PayGcmTaskService started execution. cause:5 exec_start_elapsed_seconds: 165 [CONTEXT service_id=218 ]
06-24 07:49:12.545  5320  6445 I NetworkScheduler.Stats: Task com.google.android.gms/com.google.android.gms.pay.gcmtask.PayGcmTaskService finished executing. cause:5 result: 1 elapsed_millis: 24 uptime_millis: 24 exec_start_elapsed_seconds: 165 [CONTEXT service_id=218 ]
06-24 07:49:12.547  4799  4917 I Bugle   : BroadcastReceiverAsyncWorkTracker: Acknowledging broadcast of bdxy@53873e3
06-24 07:49:12.548  5400  5415 I PeopleGalProvider: Gal directories started.
06-24 07:49:12.548  5400  5415 I PeopleGalProvider: Method 1 completed.
06-24 07:49:12.549  5400  5415 I PeopleGalProvider: Method 1 finished successfully.
06-24 07:49:12.556  5320  6445 I NetworkScheduler.Stats: Task com.google.android.gms/com.google.android.gms.pay.gcmtask.PayGcmTaskService finished executing. cause:5 result: 1 elapsed_millis: 6 uptime_millis: 6 exec_start_elapsed_seconds: 165 [CONTEXT service_id=218 ]
06-24 07:49:12.560  5320  6431 I Fitness : OnPackageChangedOperation got intent: Intent { act=android.intent.action.PACKAGE_CHANGED dat=package: flg=0x45000010 pkg=com.google.android.gms cmp=com.google.android.gms/.chimera.PersistentIntentOperationService (has extras) } [CONTEXT service_id=17 ]
06-24 07:49:12.569  5400  5443 I Icing   : updateResources: need to parse arkh{com.google.android.gms}
06-24 07:49:12.572  5320  6429 I Fitness : FitCleanupIntentOperation received Intent android.intent.action.PACKAGE_CHANGED [CONTEXT service_id=17 ]
06-24 07:49:12.577  5320  5523 W ChimeraUtils: Module com.google.android.gms.nearby_en missing resource null(0)
06-24 07:49:12.586  5320  5523 W ChimeraUtils: Module com.google.android.gms.nearby_en missing resource null(0)
06-24 07:49:12.586  5717  5977 D Maestro : Requesting view hierarchy
06-24 07:49:12.587  5717  5977 W QueryController: Could not detect idle state.
06-24 07:49:12.587  5717  5977 W QueryController: Could not detect idle state.
06-24 07:49:12.603  5717  5977 I Maestro : Skipping invisible child: android.view.accessibility.AccessibilityNodeInfo@12882; boundsInParent: Rect(0, 0 - 320, 0); boundsInScreen: Rect(0, 0 - 320, 0); boundsInWindow: Rect(0, 0 - 320, 0); packageName: com.hanapkalinga.mobile; className: android.widget.LinearLayout; text: null; error: null; maxTextLength: -1; stateDescription: null; contentDescription: null; tooltipText: null; containerTitle: null; viewIdResName: null; uniqueId: null; checkable: false; checked: false; focusable: false; focused: false; selected: false; clickable: false; longClickable: false; contextClickable: false; enabled: true; password: false; scrollable: false; importantForAccessibility: false; visible: false; actions: [AccessibilityAction: ACTION_SELECT - null, AccessibilityAction: ACTION_CLEAR_SELECTION - null, AccessibilityAction: ACTION_ACCESSIBILITY_FOCUS - null, AccessibilityAction: ACTION_SHOW_ON_SCREEN - null]; isTextSelectable: false
06-24 07:49:12.606  5717  5977 I Maestro : Skipping invisible child: android.view.accessibility.AccessibilityNodeInfo@124c1; boundsInParent: Rect(0, 0 - 320, 0); boundsInScreen: Rect(0, 0 - 320, 0); boundsInWindow: Rect(0, 0 - 320, 0); packageName: com.hanapkalinga.mobile; className: android.view.ViewGroup; text: null; error: null; maxTextLength: -1; stateDescription: null; contentDescription: null; tooltipText: null; containerTitle: null; viewIdResName: null; uniqueId: null; checkable: false; checked: false; focusable: false; focused: false; selected: false; clickable: false; longClickable: false; contextClickable: false; enabled: true; password: false; scrollable: false; importantForAccessibility: false; visible: false; actions: [AccessibilityAction: ACTION_SELECT - null, AccessibilityAction: ACTION_CLEAR_SELECTION - null, AccessibilityAction: ACTION_ACCESSIBILITY_FOCUS - null, AccessibilityAction: ACTION_SHOW_ON_SCREEN - null]; isTextSelectable: false
06-24 07:49:12.606  5717  5977 I Maestro : Skipping invisible child: android.view.accessibility.AccessibilityNodeInfo@1a463; boundsInParent: Rect(0, 0 - 320, 0); boundsInScreen: Rect(0, 0 - 320, 0); boundsInWindow: Rect(0, 0 - 320, 0); packageName: com.hanapkalinga.mobile; className: android.widget.LinearLayout; text: null; error: null; maxTextLength: -1; stateDescription: null; contentDescription: null; tooltipText: null; containerTitle: null; viewIdResName: null; uniqueId: null; checkable: false; checked: false; focusable: false; focused: false; selected: false; clickable: false; longClickable: false; contextClickable: false; enabled: true; password: false; scrollable: false; importantForAccessibility: false; visible: false; actions: [AccessibilityAction: ACTION_SELECT - null, AccessibilityAction: ACTION_CLEAR_SELECTION - null, AccessibilityAction: ACTION_ACCESSIBILITY_FOCUS - null, AccessibilityAction: ACTION_SHOW_ON_SCREEN - null]; isTextSelectable: false
06-24 07:49:12.607  5717  5977 I Maestro : Skipping invisible child: android.view.accessibility.AccessibilityNodeInfo@1a0a2; boundsInParent: Rect(0, 0 - 320, 0); boundsInScreen: Rect(0, 0 - 320, 0); boundsInWindow: Rect(0, 0 - 320, 0); packageName: com.hanapkalinga.mobile; className: android.view.ViewGroup; text: null; error: null; maxTextLength: -1; stateDescription: null; contentDescription: null; tooltipText: null; containerTitle: null; viewIdResName: null; uniqueId: null; checkable: false; checked: false; focusable: false; focused: false; selected: false; clickable: false; longClickable: false; contextClickable: false; enabled: true; password: false; scrollable: false; importantForAccessibility: false; visible: false; actions: [AccessibilityAction: ACTION_SELECT - null, AccessibilityAction: ACTION_CLEAR_SELECTION - null, AccessibilityAction: ACTION_ACCESSIBILITY_FOCUS - null, AccessibilityAction: ACTION_SHOW_ON_SCREEN - null]; isTextSelectable: false
06-24 07:49:12.610  5400  5443 I Icing   : Indexing com.google.android.gms-apps from com.google.android.gms
06-24 07:49:12.610  5717  5977 I Maestro : Skipping invisible child: android.view.accessibility.AccessibilityNodeInfo@1829a; boundsInParent: Rect(0, 0 - 1, 1); boundsInScreen: Rect(20, 348 - 21, 349); boundsInWindow: Rect(20, 348 - 21, 349); packageName: com.hanapkalinga.mobile; className: android.view.ViewGroup; text: null; error: null; maxTextLength: -1; stateDescription: null; contentDescription: null; tooltipText: null; containerTitle: null; viewIdResName: login_captcha_ready; uniqueId: null; checkable: false; checked: false; focusable: false; focused: false; selected: false; clickable: false; longClickable: false; contextClickable: false; enabled: true; password: false; scrollable: false; importantForAccessibility: true; visible: false; actions: [AccessibilityAction: ACTION_SELECT - null, AccessibilityAction: ACTION_CLEAR_SELECTION - null, AccessibilityAction: ACTION_ACCESSIBILITY_FOCUS - null, AccessibilityAction: ACTION_SHOW_ON_SCREEN - null]; isTextSelectable: false
06-24 07:49:12.613  5400  5443 I Icing   : Indexing done com.google.android.gms-apps
06-24 07:49:12.616  5400  6505 I Pay     : Device does not support HCE. [CONTEXT service_id=198 ]
06-24 07:49:12.616  5320  5362 I NetworkScheduler.Stats: Task com.google.android.gms/com.google.android.gms.pay.gcmtask.PayGcmTaskService started execution. cause:5 exec_start_elapsed_seconds: 165 [CONTEXT service_id=218 ]
06-24 07:49:12.616  5320  5362 I NetworkScheduler.Stats: Task com.google.android.gms/com.google.android.gms.pay.gcmtask.PayGcmTaskService started execution. cause:5 exec_start_elapsed_seconds: 165 [CONTEXT service_id=218 ]
06-24 07:49:12.619  5320  5362 I NetworkScheduler.Stats: Task com.google.android.gms/com.google.android.gms.pay.gcmtask.PayGcmTaskService finished executing. cause:5 result: 1 elapsed_millis: 16 uptime_millis: 16 exec_start_elapsed_seconds: 165 [CONTEXT service_id=218 ]
06-24 07:49:12.625  5320  5362 I NetworkScheduler.Stats: Task com.google.android.gms/com.google.android.gms.pay.gcmtask.PayGcmTaskService finished executing. cause:5 result: 2 elapsed_millis: 46 uptime_millis: 46 exec_start_elapsed_seconds: 165 [CONTEXT service_id=218 ]
06-24 07:49:12.634  5717  5977 D Maestro : View hierarchy received in 48 ms
06-24 07:49:12.643  5320  5362 I NetworkScheduler.Stats: Task com.google.android.gms/com.google.android.gms.udc.service.UdcContextInitService started execution. cause:5 exec_start_elapsed_seconds: 165 [CONTEXT service_id=218 ]
06-24 07:49:12.650  5320  6445 I NetworkScheduler.Stats: Task com.google.android.gms/com.google.android.gms.udc.service.UdcContextInitService finished executing. cause:5 result: 1 elapsed_millis: 17 uptime_millis: 17 exec_start_elapsed_seconds: 165 [CONTEXT service_id=218 ]
06-24 07:49:12.653   524  2411 W JobScheduler: Job didn't exist in JobStore: db96052 #u0a156/7 com.google.android.contacts/com.google.android.apps.contacts.shortcut.ShortcutJobService
06-24 07:49:12.732  5717  5977 D Maestro : Requesting view hierarchy
06-24 07:49:12.733  5717  5977 W QueryController: Could not detect idle state.
06-24 07:49:12.733  5717  5977 W QueryController: Could not detect idle state.
06-24 07:49:12.738  5717  5977 I Maestro : Skipping invisible child: android.view.accessibility.AccessibilityNodeInfo@12882; boundsInParent: Rect(0, 0 - 320, 0); boundsInScreen: Rect(0, 0 - 320, 0); boundsInWindow: Rect(0, 0 - 320, 0); packageName: com.hanapkalinga.mobile; className: android.widget.LinearLayout; text: null; error: null; maxTextLength: -1; stateDescription: null; contentDescription: null; tooltipText: null; containerTitle: null; viewIdResName: null; uniqueId: null; checkable: false; checked: false; focusable: false; focused: false; selected: false; clickable: false; longClickable: false; contextClickable: false; enabled: true; password: false; scrollable: false; importantForAccessibility: false; visible: false; actions: [AccessibilityAction: ACTION_SELECT - null, AccessibilityAction: ACTION_CLEAR_SELECTION - null, AccessibilityAction: ACTION_ACCESSIBILITY_FOCUS - null, AccessibilityAction: ACTION_SHOW_ON_SCREEN - null]; isTextSelectable: false
06-24 07:49:12.739  5717  5977 I Maestro : Skipping invisible child: android.view.accessibility.AccessibilityNodeInfo@124c1; boundsInParent: Rect(0, 0 - 320, 0); boundsInScreen: Rect(0, 0 - 320, 0); boundsInWindow: Rect(0, 0 - 320, 0); packageName: com.hanapkalinga.mobile; className: android.view.ViewGroup; text: null; error: null; maxTextLength: -1; stateDescription: null; contentDescription: null; tooltipText: null; containerTitle: null; viewIdResName: null; uniqueId: null; checkable: false; checked: false; focusable: false; focused: false; selected: false; clickable: false; longClickable: false; contextClickable: false; enabled: true; password: false; scrollable: false; importantForAccessibility: false; visible: false; actions: [AccessibilityAction: ACTION_SELECT - null, AccessibilityAction: ACTION_CLEAR_SELECTION - null, AccessibilityAction: ACTION_ACCESSIBILITY_FOCUS - null, AccessibilityAction: ACTION_SHOW_ON_SCREEN - null]; isTextSelectable: false
06-24 07:49:12.739  5717  5977 I Maestro : Skipping invisible child: android.view.accessibility.AccessibilityNodeInfo@1a463; boundsInParent: Rect(0, 0 - 320, 0); boundsInScreen: Rect(0, 0 - 320, 0); boundsInWindow: Rect(0, 0 - 320, 0); packageName: com.hanapkalinga.mobile; className: android.widget.LinearLayout; text: null; error: null; maxTextLength: -1; stateDescription: null; contentDescription: null; tooltipText: null; containerTitle: null; viewIdResName: null; uniqueId: null; checkable: false; checked: false; focusable: false; focused: false; selected: false; clickable: false; longClickable: false; contextClickable: false; enabled: true; password: false; scrollable: false; importantForAccessibility: false; visible: false; actions: [AccessibilityAction: ACTION_SELECT - null, AccessibilityAction: ACTION_CLEAR_SELECTION - null, AccessibilityAction: ACTION_ACCESSIBILITY_FOCUS - null, AccessibilityAction: ACTION_SHOW_ON_SCREEN - null]; isTextSelectable: false
06-24 07:49:12.739  5717  5977 I Maestro : Skipping invisible child: android.view.accessibility.AccessibilityNodeInfo@1a0a2; boundsInParent: Rect(0, 0 - 320, 0); boundsInScreen: Rect(0, 0 - 320, 0); boundsInWindow: Rect(0, 0 - 320, 0); packageName: com.hanapkalinga.mobile; className: android.view.ViewGroup; text: null; error: null; maxTextLength: -1; stateDescription: null; contentDescription: null; tooltipText: null; containerTitle: null; viewIdResName: null; uniqueId: null; checkable: false; checked: false; focusable: false; focused: false; selected: false; clickable: false; longClickable: false; contextClickable: false; enabled: true; password: false; scrollable: false; importantForAccessibility: false; visible: false; actions: [AccessibilityAction: ACTION_SELECT - null, AccessibilityAction: ACTION_CLEAR_SELECTION - null, AccessibilityAction: ACTION_ACCESSIBILITY_FOCUS - null, AccessibilityAction: ACTION_SHOW_ON_SCREEN - null]; isTextSelectable: false
06-24 07:49:12.744  5717  5977 I Maestro : Skipping invisible child: android.view.accessibility.AccessibilityNodeInfo@1829a; boundsInParent: Rect(0, 0 - 1, 1); boundsInScreen: Rect(20, 348 - 21, 349); boundsInWindow: Rect(20, 348 - 21, 349); packageName: com.hanapkalinga.mobile; className: android.view.ViewGroup; text: null; error: null; maxTextLength: -1; stateDescription: null; contentDescription: null; tooltipText: null; containerTitle: null; viewIdResName: login_captcha_ready; uniqueId: null; checkable: false; checked: false; focusable: false; focused: false; selected: false; clickable: false; longClickable: false; contextClickable: false; enabled: true; password: false; scrollable: false; importantForAccessibility: true; visible: false; actions: [AccessibilityAction: ACTION_SELECT - null, AccessibilityAction: ACTION_CLEAR_SELECTION - null, AccessibilityAction: ACTION_ACCESSIBILITY_FOCUS - null, AccessibilityAction: ACTION_SHOW_ON_SCREEN - null]; isTextSelectable: false
06-24 07:49:12.759  5717  5977 D Maestro : View hierarchy received in 27 ms
06-24 07:49:12.853  5717  5977 D Maestro : Requesting view hierarchy
06-24 07:49:12.853  5717  5977 W QueryController: Could not detect idle state.
06-24 07:49:12.854  5717  5977 W QueryController: Could not detect idle state.
06-24 07:49:12.859  5717  5977 I Maestro : Skipping invisible child: android.view.accessibility.AccessibilityNodeInfo@12882; boundsInParent: Rect(0, 0 - 320, 0); boundsInScreen: Rect(0, 0 - 320, 0); boundsInWindow: Rect(0, 0 - 320, 0); packageName: com.hanapkalinga.mobile; className: android.widget.LinearLayout; text: null; error: null; maxTextLength: -1; stateDescription: null; contentDescription: null; tooltipText: null; containerTitle: null; viewIdResName: null; uniqueId: null; checkable: false; checked: false; focusable: false; focused: false; selected: false; clickable: false; longClickable: false; contextClickable: false; enabled: true; password: false; scrollable: false; importantForAccessibility: false; visible: false; actions: [AccessibilityAction: ACTION_SELECT - null, AccessibilityAction: ACTION_CLEAR_SELECTION - null, AccessibilityAction: ACTION_ACCESSIBILITY_FOCUS - null, AccessibilityAction: ACTION_SHOW_ON_SCREEN - null]; isTextSelectable: false
