06-24 07:50:11.537  6733  6804 I Maestro : Skipping invisible child: android.view.accessibility.AccessibilityNodeInfo@1a478; boundsInParent: Rect(0, 0 - 320, 0); boundsInScreen: Rect(0, 0 - 320, 0); boundsInWindow: Rect(0, 0 - 320, 0); packageName: com.hanapkalinga.mobile; className: android.widget.LinearLayout; text: null; error: null; maxTextLength: -1; stateDescription: null; contentDescription: null; tooltipText: null; containerTitle: null; viewIdResName: null; uniqueId: null; checkable: false; checked: false; focusable: false; focused: false; selected: false; clickable: false; longClickable: false; contextClickable: false; enabled: true; password: false; scrollable: false; importantForAccessibility: false; visible: false; actions: [AccessibilityAction: ACTION_SELECT - null, AccessibilityAction: ACTION_CLEAR_SELECTION - null, AccessibilityAction: ACTION_ACCESSIBILITY_FOCUS - null, AccessibilityAction: ACTION_SHOW_ON_SCREEN - null]; isTextSelectable: false
06-24 07:50:11.538  6733  6804 I Maestro : Skipping invisible child: android.view.accessibility.AccessibilityNodeInfo@1a0b7; boundsInParent: Rect(0, 0 - 320, 0); boundsInScreen: Rect(0, 0 - 320, 0); boundsInWindow: Rect(0, 0 - 320, 0); packageName: com.hanapkalinga.mobile; className: android.view.ViewGroup; text: null; error: null; maxTextLength: -1; stateDescription: null; contentDescription: null; tooltipText: null; containerTitle: null; viewIdResName: null; uniqueId: null; checkable: false; checked: false; focusable: false; focused: false; selected: false; clickable: false; longClickable: false; contextClickable: false; enabled: true; password: false; scrollable: false; importantForAccessibility: false; visible: false; actions: [AccessibilityAction: ACTION_SELECT - null, AccessibilityAction: ACTION_CLEAR_SELECTION - null, AccessibilityAction: ACTION_ACCESSIBILITY_FOCUS - null, AccessibilityAction: ACTION_SHOW_ON_SCREEN - null]; isTextSelectable: false
06-24 07:50:11.540  6733  6804 I Maestro : Skipping invisible child: android.view.accessibility.AccessibilityNodeInfo@182af; boundsInParent: Rect(0, 0 - 1, 1); boundsInScreen: Rect(20, 348 - 21, 349); boundsInWindow: Rect(20, 348 - 21, 349); packageName: com.hanapkalinga.mobile; className: android.view.ViewGroup; text: null; error: null; maxTextLength: -1; stateDescription: null; contentDescription: null; tooltipText: null; containerTitle: null; viewIdResName: login_captcha_ready; uniqueId: null; checkable: false; checked: false; focusable: false; focused: false; selected: false; clickable: false; longClickable: false; contextClickable: false; enabled: true; password: false; scrollable: false; importantForAccessibility: true; visible: false; actions: [AccessibilityAction: ACTION_SELECT - null, AccessibilityAction: ACTION_CLEAR_SELECTION - null, AccessibilityAction: ACTION_ACCESSIBILITY_FOCUS - null, AccessibilityAction: ACTION_SHOW_ON_SCREEN - null]; isTextSelectable: false
06-24 07:50:11.550  6733  6804 D Maestro : View hierarchy received in 32 ms
06-24 07:50:11.646  6733  6804 D Maestro : Requesting view hierarchy
06-24 07:50:11.647  6733  6804 W QueryController: Could not detect idle state.
06-24 07:50:11.647  6733  6804 W QueryController: Could not detect idle state.
06-24 07:50:11.663  6733  6804 I Maestro : Skipping invisible child: android.view.accessibility.AccessibilityNodeInfo@12897; boundsInParent: Rect(0, 0 - 320, 0); boundsInScreen: Rect(0, 0 - 320, 0); boundsInWindow: Rect(0, 0 - 320, 0); packageName: com.hanapkalinga.mobile; className: android.widget.LinearLayout; text: null; error: null; maxTextLength: -1; stateDescription: null; contentDescription: null; tooltipText: null; containerTitle: null; viewIdResName: null; uniqueId: null; checkable: false; checked: false; focusable: false; focused: false; selected: false; clickable: false; longClickable: false; contextClickable: false; enabled: true; password: false; scrollable: false; importantForAccessibility: false; visible: false; actions: [AccessibilityAction: ACTION_SELECT - null, AccessibilityAction: ACTION_CLEAR_SELECTION - null, AccessibilityAction: ACTION_ACCESSIBILITY_FOCUS - null, AccessibilityAction: ACTION_SHOW_ON_SCREEN - null]; isTextSelectable: false
06-24 07:50:11.664  6733  6804 I Maestro : Skipping invisible child: android.view.accessibility.AccessibilityNodeInfo@124d6; boundsInParent: Rect(0, 0 - 320, 0); boundsInScreen: Rect(0, 0 - 320, 0); boundsInWindow: Rect(0, 0 - 320, 0); packageName: com.hanapkalinga.mobile; className: android.view.ViewGroup; text: null; error: null; maxTextLength: -1; stateDescription: null; contentDescription: null; tooltipText: null; containerTitle: null; viewIdResName: null; uniqueId: null; checkable: false; checked: false; focusable: false; focused: false; selected: false; clickable: false; longClickable: false; contextClickable: false; enabled: true; password: false; scrollable: false; importantForAccessibility: false; visible: false; actions: [AccessibilityAction: ACTION_SELECT - null, AccessibilityAction: ACTION_CLEAR_SELECTION - null, AccessibilityAction: ACTION_ACCESSIBILITY_FOCUS - null, AccessibilityAction: ACTION_SHOW_ON_SCREEN - null]; isTextSelectable: false
06-24 07:50:11.664  6733  6804 I Maestro : Skipping invisible child: android.view.accessibility.AccessibilityNodeInfo@1a478; boundsInParent: Rect(0, 0 - 320, 0); boundsInScreen: Rect(0, 0 - 320, 0); boundsInWindow: Rect(0, 0 - 320, 0); packageName: com.hanapkalinga.mobile; className: android.widget.LinearLayout; text: null; error: null; maxTextLength: -1; stateDescription: null; contentDescription: null; tooltipText: null; containerTitle: null; viewIdResName: null; uniqueId: null; checkable: false; checked: false; focusable: false; focused: false; selected: false; clickable: false; longClickable: false; contextClickable: false; enabled: true; password: false; scrollable: false; importantForAccessibility: false; visible: false; actions: [AccessibilityAction: ACTION_SELECT - null, AccessibilityAction: ACTION_CLEAR_SELECTION - null, AccessibilityAction: ACTION_ACCESSIBILITY_FOCUS - null, AccessibilityAction: ACTION_SHOW_ON_SCREEN - null]; isTextSelectable: false
06-24 07:50:11.665  6733  6804 I Maestro : Skipping invisible child: android.view.accessibility.AccessibilityNodeInfo@1a0b7; boundsInParent: Rect(0, 0 - 320, 0); boundsInScreen: Rect(0, 0 - 320, 0); boundsInWindow: Rect(0, 0 - 320, 0); packageName: com.hanapkalinga.mobile; className: android.view.ViewGroup; text: null; error: null; maxTextLength: -1; stateDescription: null; contentDescription: null; tooltipText: null; containerTitle: null; viewIdResName: null; uniqueId: null; checkable: false; checked: false; focusable: false; focused: false; selected: false; clickable: false; longClickable: false; contextClickable: false; enabled: true; password: false; scrollable: false; importantForAccessibility: false; visible: false; actions: [AccessibilityAction: ACTION_SELECT - null, AccessibilityAction: ACTION_CLEAR_SELECTION - null, AccessibilityAction: ACTION_ACCESSIBILITY_FOCUS - null, AccessibilityAction: ACTION_SHOW_ON_SCREEN - null]; isTextSelectable: false
06-24 07:50:11.669  6733  6804 I Maestro : Skipping invisible child: android.view.accessibility.AccessibilityNodeInfo@182af; boundsInParent: Rect(0, 0 - 1, 1); boundsInScreen: Rect(20, 348 - 21, 349); boundsInWindow: Rect(20, 348 - 21, 349); packageName: com.hanapkalinga.mobile; className: android.view.ViewGroup; text: null; error: null; maxTextLength: -1; stateDescription: null; contentDescription: null; tooltipText: null; containerTitle: null; viewIdResName: login_captcha_ready; uniqueId: null; checkable: false; checked: false; focusable: false; focused: false; selected: false; clickable: false; longClickable: false; contextClickable: false; enabled: true; password: false; scrollable: false; importantForAccessibility: true; visible: false; actions: [AccessibilityAction: ACTION_SELECT - null, AccessibilityAction: ACTION_CLEAR_SELECTION - null, AccessibilityAction: ACTION_ACCESSIBILITY_FOCUS - null, AccessibilityAction: ACTION_SHOW_ON_SCREEN - null]; isTextSelectable: false
06-24 07:50:11.681  6733  6804 D Maestro : View hierarchy received in 35 ms
06-24 07:50:11.779  6733  6804 D Maestro : Requesting view hierarchy
06-24 07:50:11.779  6733  6804 W QueryController: Could not detect idle state.
06-24 07:50:11.780  6733  6804 W QueryController: Could not detect idle state.
06-24 07:50:11.792  6733  6804 I Maestro : Skipping invisible child: android.view.accessibility.AccessibilityNodeInfo@12897; boundsInParent: Rect(0, 0 - 320, 0); boundsInScreen: Rect(0, 0 - 320, 0); boundsInWindow: Rect(0, 0 - 320, 0); packageName: com.hanapkalinga.mobile; className: android.widget.LinearLayout; text: null; error: null; maxTextLength: -1; stateDescription: null; contentDescription: null; tooltipText: null; containerTitle: null; viewIdResName: null; uniqueId: null; checkable: false; checked: false; focusable: false; focused: false; selected: false; clickable: false; longClickable: false; contextClickable: false; enabled: true; password: false; scrollable: false; importantForAccessibility: false; visible: false; actions: [AccessibilityAction: ACTION_SELECT - null, AccessibilityAction: ACTION_CLEAR_SELECTION - null, AccessibilityAction: ACTION_ACCESSIBILITY_FOCUS - null, AccessibilityAction: ACTION_SHOW_ON_SCREEN - null]; isTextSelectable: false
06-24 07:50:11.793  6733  6804 I Maestro : Skipping invisible child: android.view.accessibility.AccessibilityNodeInfo@124d6; boundsInParent: Rect(0, 0 - 320, 0); boundsInScreen: Rect(0, 0 - 320, 0); boundsInWindow: Rect(0, 0 - 320, 0); packageName: com.hanapkalinga.mobile; className: android.view.ViewGroup; text: null; error: null; maxTextLength: -1; stateDescription: null; contentDescription: null; tooltipText: null; containerTitle: null; viewIdResName: null; uniqueId: null; checkable: false; checked: false; focusable: false; focused: false; selected: false; clickable: false; longClickable: false; contextClickable: false; enabled: true; password: false; scrollable: false; importantForAccessibility: false; visible: false; actions: [AccessibilityAction: ACTION_SELECT - null, AccessibilityAction: ACTION_CLEAR_SELECTION - null, AccessibilityAction: ACTION_ACCESSIBILITY_FOCUS - null, AccessibilityAction: ACTION_SHOW_ON_SCREEN - null]; isTextSelectable: false
06-24 07:50:11.793  6733  6804 I Maestro : Skipping invisible child: android.view.accessibility.AccessibilityNodeInfo@1a478; boundsInParent: Rect(0, 0 - 320, 0); boundsInScreen: Rect(0, 0 - 320, 0); boundsInWindow: Rect(0, 0 - 320, 0); packageName: com.hanapkalinga.mobile; className: android.widget.LinearLayout; text: null; error: null; maxTextLength: -1; stateDescription: null; contentDescription: null; tooltipText: null; containerTitle: null; viewIdResName: null; uniqueId: null; checkable: false; checked: false; focusable: false; focused: false; selected: false; clickable: false; longClickable: false; contextClickable: false; enabled: true; password: false; scrollable: false; importantForAccessibility: false; visible: false; actions: [AccessibilityAction: ACTION_SELECT - null, AccessibilityAction: ACTION_CLEAR_SELECTION - null, AccessibilityAction: ACTION_ACCESSIBILITY_FOCUS - null, AccessibilityAction: ACTION_SHOW_ON_SCREEN - null]; isTextSelectable: false
06-24 07:50:11.794  6733  6804 I Maestro : Skipping invisible child: android.view.accessibility.AccessibilityNodeInfo@1a0b7; boundsInParent: Rect(0, 0 - 320, 0); boundsInScreen: Rect(0, 0 - 320, 0); boundsInWindow: Rect(0, 0 - 320, 0); packageName: com.hanapkalinga.mobile; className: android.view.ViewGroup; text: null; error: null; maxTextLength: -1; stateDescription: null; contentDescription: null; tooltipText: null; containerTitle: null; viewIdResName: null; uniqueId: null; checkable: false; checked: false; focusable: false; focused: false; selected: false; clickable: false; longClickable: false; contextClickable: false; enabled: true; password: false; scrollable: false; importantForAccessibility: false; visible: false; actions: [AccessibilityAction: ACTION_SELECT - null, AccessibilityAction: ACTION_CLEAR_SELECTION - null, AccessibilityAction: ACTION_ACCESSIBILITY_FOCUS - null, AccessibilityAction: ACTION_SHOW_ON_SCREEN - null]; isTextSelectable: false
06-24 07:50:11.798  6733  6804 I Maestro : Skipping invisible child: android.view.accessibility.AccessibilityNodeInfo@182af; boundsInParent: Rect(0, 0 - 1, 1); boundsInScreen: Rect(20, 348 - 21, 349); boundsInWindow: Rect(20, 348 - 21, 349); packageName: com.hanapkalinga.mobile; className: android.view.ViewGroup; text: null; error: null; maxTextLength: -1; stateDescription: null; contentDescription: null; tooltipText: null; containerTitle: null; viewIdResName: login_captcha_ready; uniqueId: null; checkable: false; checked: false; focusable: false; focused: false; selected: false; clickable: false; longClickable: false; contextClickable: false; enabled: true; password: false; scrollable: false; importantForAccessibility: true; visible: false; actions: [AccessibilityAction: ACTION_SELECT - null, AccessibilityAction: ACTION_CLEAR_SELECTION - null, AccessibilityAction: ACTION_ACCESSIBILITY_FOCUS - null, AccessibilityAction: ACTION_SHOW_ON_SCREEN - null]; isTextSelectable: false
06-24 07:50:11.817  6733  6804 D Maestro : View hierarchy received in 38 ms
06-24 07:50:11.828  5320  7076 I NetworkScheduler.Stats: Task com.google.android.gms/com.google.android.gms.droidguard.DroidGuardGcmTaskService started execution. cause:7 exec_start_elapsed_seconds: 224 [CONTEXT service_id=218 ]
06-24 07:50:11.857   524  2102 D ActivityManager: sync unfroze 2968 com.google.android.gms.unstable for 6
06-24 07:50:11.862  5320  5362 I NetworkScheduler.Stats: Task com.google.android.gms/com.google.android.gms.droidguard.DroidGuardGcmTaskService finished executing. cause:7 result: 1 elapsed_millis: 40 uptime_millis: 40 exec_start_elapsed_seconds: 224 [CONTEXT service_id=218 ]
06-24 07:50:11.868  2968  3558 I GMS_MM_Logger: Memory Metric Logging not allowed. Stopping.
06-24 07:50:11.883  5320  6445 I NetworkScheduler.Stats: Task com.google.android.gms/com.google.android.gms.auth.account.be.legacy.AuthCronService started execution. cause:5 exec_start_elapsed_seconds: 224 [CONTEXT service_id=218 ]
06-24 07:50:11.883   336  7079 I resolv  : GetAddrInfoHandler::run: {100 786532 100 983140 10131 0}
06-24 07:50:11.885   336  7081 I resolv  : res_nmkquery: (QUERY, IN, A)
06-24 07:50:11.886  6733  6804 D Maestro : Requesting view hierarchy
06-24 07:50:11.886  6733  6804 W QueryController: Could not detect idle state.
06-24 07:50:11.887  6733  6804 W QueryController: Could not detect idle state.
06-24 07:50:11.888   336  7080 I resolv  : res_nmkquery: (QUERY, IN, AAAA)
06-24 07:50:11.888   336  7080 I resolv  : resolv_cache_lookup: FOUND IN CACHE entry=0x76d58b6b40b0
06-24 07:50:11.888   336  7080 I resolv  : doQuery: rcode=0, ancount=4, return value=148
06-24 07:50:11.899  5320  7076 I NetworkScheduler.Stats: Task com.google.android.gms/com.google.android.gms.tapandpay.gcmtask.TapAndPayGcmTaskService started execution. cause:5 exec_start_elapsed_seconds: 224 [CONTEXT service_id=218 ]
06-24 07:50:11.906  5320  7076 I NetworkScheduler.Stats: Task com.google.android.gms/com.google.android.gms.tapandpay.gcmtask.TapAndPayGcmTaskService finished executing. cause:5 result: 1 elapsed_millis: 13 uptime_millis: 13 exec_start_elapsed_seconds: 224 [CONTEXT service_id=218 ]
06-24 07:50:11.915  6733  6804 I Maestro : Skipping invisible child: android.view.accessibility.AccessibilityNodeInfo@12897; boundsInParent: Rect(0, 0 - 320, 0); boundsInScreen: Rect(0, 0 - 320, 0); boundsInWindow: Rect(0, 0 - 320, 0); packageName: com.hanapkalinga.mobile; className: android.widget.LinearLayout; text: null; error: null; maxTextLength: -1; stateDescription: null; contentDescription: null; tooltipText: null; containerTitle: null; viewIdResName: null; uniqueId: null; checkable: false; checked: false; focusable: false; focused: false; selected: false; clickable: false; longClickable: false; contextClickable: false; enabled: true; password: false; scrollable: false; importantForAccessibility: false; visible: false; actions: [AccessibilityAction: ACTION_SELECT - null, AccessibilityAction: ACTION_CLEAR_SELECTION - null, AccessibilityAction: ACTION_ACCESSIBILITY_FOCUS - null, AccessibilityAction: ACTION_SHOW_ON_SCREEN - null]; isTextSelectable: false
06-24 07:50:11.916  6733  6804 I Maestro : Skipping invisible child: android.view.accessibility.AccessibilityNodeInfo@124d6; boundsInParent: Rect(0, 0 - 320, 0); boundsInScreen: Rect(0, 0 - 320, 0); boundsInWindow: Rect(0, 0 - 320, 0); packageName: com.hanapkalinga.mobile; className: android.view.ViewGroup; text: null; error: null; maxTextLength: -1; stateDescription: null; contentDescription: null; tooltipText: null; containerTitle: null; viewIdResName: null; uniqueId: null; checkable: false; checked: false; focusable: false; focused: false; selected: false; clickable: false; longClickable: false; contextClickable: false; enabled: true; password: false; scrollable: false; importantForAccessibility: false; visible: false; actions: [AccessibilityAction: ACTION_SELECT - null, AccessibilityAction: ACTION_CLEAR_SELECTION - null, AccessibilityAction: ACTION_ACCESSIBILITY_FOCUS - null, AccessibilityAction: ACTION_SHOW_ON_SCREEN - null]; isTextSelectable: false
06-24 07:50:11.916  6733  6804 I Maestro : Skipping invisible child: android.view.accessibility.AccessibilityNodeInfo@1a478; boundsInParent: Rect(0, 0 - 320, 0); boundsInScreen: Rect(0, 0 - 320, 0); boundsInWindow: Rect(0, 0 - 320, 0); packageName: com.hanapkalinga.mobile; className: android.widget.LinearLayout; text: null; error: null; maxTextLength: -1; stateDescription: null; contentDescription: null; tooltipText: null; containerTitle: null; viewIdResName: null; uniqueId: null; checkable: false; checked: false; focusable: false; focused: false; selected: false; clickable: false; longClickable: false; contextClickable: false; enabled: true; password: false; scrollable: false; importantForAccessibility: false; visible: false; actions: [AccessibilityAction: ACTION_SELECT - null, AccessibilityAction: ACTION_CLEAR_SELECTION - null, AccessibilityAction: ACTION_ACCESSIBILITY_FOCUS - null, AccessibilityAction: ACTION_SHOW_ON_SCREEN - null]; isTextSelectable: false
06-24 07:50:11.917  6733  6804 I Maestro : Skipping invisible child: android.view.accessibility.AccessibilityNodeInfo@1a0b7; boundsInParent: Rect(0, 0 - 320, 0); boundsInScreen: Rect(0, 0 - 320, 0); boundsInWindow: Rect(0, 0 - 320, 0); packageName: com.hanapkalinga.mobile; className: android.view.ViewGroup; text: null; error: null; maxTextLength: -1; stateDescription: null; contentDescription: null; tooltipText: null; containerTitle: null; viewIdResName: null; uniqueId: null; checkable: false; checked: false; focusable: false; focused: false; selected: false; clickable: false; longClickable: false; contextClickable: false; enabled: true; password: false; scrollable: false; importantForAccessibility: false; visible: false; actions: [AccessibilityAction: ACTION_SELECT - null, AccessibilityAction: ACTION_CLEAR_SELECTION - null, AccessibilityAction: ACTION_ACCESSIBILITY_FOCUS - null, AccessibilityAction: ACTION_SHOW_ON_SCREEN - null]; isTextSelectable: false
06-24 07:50:11.926  6733  6804 I Maestro : Skipping invisible child: android.view.accessibility.AccessibilityNodeInfo@182af; boundsInParent: Rect(0, 0 - 1, 1); boundsInScreen: Rect(20, 348 - 21, 349); boundsInWindow: Rect(20, 348 - 21, 349); packageName: com.hanapkalinga.mobile; className: android.view.ViewGroup; text: null; error: null; maxTextLength: -1; stateDescription: null; contentDescription: null; tooltipText: null; containerTitle: null; viewIdResName: login_captcha_ready; uniqueId: null; checkable: false; checked: false; focusable: false; focused: false; selected: false; clickable: false; longClickable: false; contextClickable: false; enabled: true; password: false; scrollable: false; importantForAccessibility: true; visible: false; actions: [AccessibilityAction: ACTION_SELECT - null, AccessibilityAction: ACTION_CLEAR_SELECTION - null, AccessibilityAction: ACTION_ACCESSIBILITY_FOCUS - null, AccessibilityAction: ACTION_SHOW_ON_SCREEN - null]; isTextSelectable: false
06-24 07:50:11.926  2968  7077 W libc    : Access denied finding property "persist.adb.tls_server.enable"
06-24 07:50:11.926  2968  7077 W libc    : Access denied finding property "service.adb.tls.port"
06-24 07:50:11.931   336  7083 I resolv  : GetAddrInfoHandler::run: {100 786532 100 983140 10131 0}
06-24 07:50:11.920  2968  2968 W binder:2968_8: type=1400 audit(0.0:71): avc:  denied  { read } for  name="u:object_r:system_adbd_prop:s0" dev="tmpfs" ino=292 scontext=u:r:gmscore_app:s0:c512,c768 tcontext=u:object_r:system_adbd_prop:s0 tclass=file permissive=0 app=com.google.android.gms
06-24 07:50:11.931  2968  7077 D TrafficStats: tagSocket(118) with statsTag=0x1809, statsUid=-1
06-24 07:50:11.920  2968  2968 W binder:2968_8: type=1400 audit(0.0:72): avc:  denied  { read } for  name="u:object_r:adbd_prop:s0" dev="tmpfs" ino=60 scontext=u:r:gmscore_app:s0:c512,c768 tcontext=u:object_r:adbd_prop:s0 tclass=file permissive=0 app=com.google.android.gms
06-24 07:50:11.941  5320  5523 W GmsUrlRequestImpl: Content-Type header is overwritten.
06-24 07:50:11.942   336  7084 I resolv  : GetAddrInfoHandler::run: {100 786532 100 983140 10131 0}
06-24 07:50:11.943   336  7086 I resolv  : res_nmkquery: (QUERY, IN, A)
06-24 07:50:11.943   336  7086 I resolv  : resolv_cache_lookup: FOUND IN CACHE entry=0x76d58b6b5610
06-24 07:50:11.943   336  7086 I resolv  : doQuery: rcode=0, ancount=4, return value=104
06-24 07:50:11.943   336  7085 I resolv  : res_nmkquery: (QUERY, IN, AAAA)
06-24 07:50:11.943   336  7085 I resolv  : resolv_cache_lookup: FOUND IN CACHE entry=0x76d58b6b4530
06-24 07:50:11.943   336  7085 I resolv  : doQuery: rcode=0, ancount=4, return value=152
06-24 07:50:11.944  6733  6804 D Maestro : View hierarchy received in 58 ms
06-24 07:50:11.946  5320  5697 D TrafficStats: tagSocket(81) with statsTag=0x401, statsUid=10131
06-24 07:50:11.985   336  7081 I resolv  : res_nsend: used send_dg 292 terrno: 0
06-24 07:50:11.985   336  7081 I resolv  : doQuery: rcode=0, ancount=16, return value=292
06-24 07:50:11.987  2968  3430 D TrafficStats: tagSocket(81) with statsTag=0x1803, statsUid=10131
06-24 07:50:12.004  6733  6804 D Maestro : Requesting view hierarchy
06-24 07:50:12.004  6733  6804 W QueryController: Could not detect idle state.
06-24 07:50:12.005  6733  6804 W QueryController: Could not detect idle state.
06-24 07:50:12.015  5320  5523 W GLSUser : [AppCertManager] Exception while requesting key: 
06-24 07:50:12.015  5320  5523 W GLSUser : java.util.concurrent.ExecutionException: avvw: Parse Proto Exception.
06-24 07:50:12.015  5320  5523 W GLSUser : 	at dlnv.s(:com.google.android.gms@231818047@23.18.18 (190800-535401451):3)
06-24 07:50:12.015  5320  5523 W GLSUser : 	at dlnv.get(:com.google.android.gms@231818047@23.18.18 (190800-535401451):7)
06-24 07:50:12.015  5320  5523 W GLSUser : 	at oub.b(:com.google.android.gms@231818047@23.18.18 (190800-535401451):78)
06-24 07:50:12.015  5320  5523 W GLSUser : 	at otz.b(:com.google.android.gms@231818047@23.18.18 (190800-535401451):4)
06-24 07:50:12.015  5320  5523 W GLSUser : 	at otu.a(:com.google.android.gms@231818047@23.18.18 (190800-535401451):0)
06-24 07:50:12.015  5320  5523 W GLSUser : 	at otx.a(:com.google.android.gms@231818047@23.18.18 (190800-535401451):6)
06-24 07:50:12.015  5320  5523 W GLSUser : 	at lzq.call(:com.google.android.gms@231818047@23.18.18 (190800-535401451):14)
06-24 07:50:12.015  5320  5523 W GLSUser : 	at java.util.concurrent.FutureTask.run(FutureTask.java:264)
06-24 07:50:12.015  5320  5523 W GLSUser : 	at aced.c(:com.google.android.gms@231818047@23.18.18 (190800-535401451):6)
06-24 07:50:12.015  5320  5523 W GLSUser : 	at aced.run(:com.google.android.gms@231818047@23.18.18 (190800-535401451):7)
06-24 07:50:12.015  5320  5523 W GLSUser : 	at java.util.concurrent.ThreadPoolExecutor.runWorker(ThreadPoolExecutor.java:1145)
06-24 07:50:12.015  5320  5523 W GLSUser : 	at java.util.concurrent.ThreadPoolExecutor$Worker.run(ThreadPoolExecutor.java:644)
06-24 07:50:12.015  5320  5523 W GLSUser : 	at acjn.run(:com.google.android.gms@231818047@23.18.18 (190800-535401451):0)
06-24 07:50:12.015  5320  5523 W GLSUser : 	at java.lang.Thread.run(Thread.java:1012)
06-24 07:50:12.015  5320  5523 W GLSUser : Caused by: avvw: Parse Proto Exception.
06-24 07:50:12.015  5320  5523 W GLSUser : 	at avwn.f(:com.google.android.gms@231818047@23.18.18 (190800-535401451):5)
06-24 07:50:12.015  5320  5523 W GLSUser : 	at avxk.onSucceeded(:com.google.android.gms@231818047@23.18.18 (190800-535401451):0)
06-24 07:50:12.015  5320  5523 W GLSUser : 	at jf.onSucceeded(:com.google.android.gms.dynamite_cronetdynamite@231818047@23.18.18 (190800-0):0)
06-24 07:50:12.015  5320  5523 W GLSUser : 	at ie.run(:com.google.android.gms.dynamite_cronetdynamite@231818047@23.18.18 (190800-0):4)
06-24 07:50:12.015  5320  5523 W GLSUser : 	... 6 more
06-24 07:50:12.015  5320  5523 W GLSUser : Caused by: dzfz: Protocol message contained an invalid tag (zero).
06-24 07:50:12.015  5320  5523 W GLSUser : 	at dzdb.k(:com.google.android.gms@231818047@23.18.18 (190800-535401451):13)
06-24 07:50:12.015  5320  5523 W GLSUser : 	at dzha.c(:com.google.android.gms@231818047@23.18.18 (190800-535401451):47)
06-24 07:50:12.015  5320  5523 W GLSUser : 	at dzha.h(:com.google.android.gms@231818047@23.18.18 (190800-535401451):45)
06-24 07:50:12.015  5320  5523 W GLSUser : 	at dzfd.A(:com.google.android.gms@231818047@23.18.18 (190800-535401451):2)
06-24 07:50:12.015  5320  5523 W GLSUser : 	at dzex.f(:com.google.android.gms@231818047@23.18.18 (190800-535401451):0)
06-24 07:50:12.015  5320  5523 W GLSUser : 	at dzcx.d(:com.google.android.gms@231818047@23.18.18 (190800-535401451):0)
06-24 07:50:12.015  5320  5523 W GLSUser : 	at dzcx.c(:com.google.android.gms@231818047@23.18.18 (190800-535401451):0)
06-24 07:50:12.015  5320  5523 W GLSUser : 	at dzcx.n(:com.google.android.gms@231818047@23.18.18 (190800-535401451):0)
06-24 07:50:12.015  5320  5523 W GLSUser : 	at avwn.h(:com.google.android.gms@231818047@23.18.18 (190800-535401451):7)
06-24 07:50:12.015  5320  5523 W GLSUser : 	at avwn.f(:com.google.android.gms@231818047@23.18.18 (190800-535401451):1)
06-24 07:50:12.015  5320  5523 W GLSUser : 	... 9 more
06-24 07:50:12.023  5320  7076 I NetworkScheduler.Stats: Task com.google.android.gms/com.google.android.gms.auth.account.be.legacy.AuthCronService finished executing. cause:5 result: 3 elapsed_millis: 146 uptime_millis: 146 exec_start_elapsed_seconds: 224 [CONTEXT service_id=218 ]
06-24 07:50:12.033  6733  6804 I Maestro : Skipping invisible child: android.view.accessibility.AccessibilityNodeInfo@12897; boundsInParent: Rect(0, 0 - 320, 0); boundsInScreen: Rect(0, 0 - 320, 0); boundsInWindow: Rect(0, 0 - 320, 0); packageName: com.hanapkalinga.mobile; className: android.widget.LinearLayout; text: null; error: null; maxTextLength: -1; stateDescription: null; contentDescription: null; tooltipText: null; containerTitle: null; viewIdResName: null; uniqueId: null; checkable: false; checked: false; focusable: false; focused: false; selected: false; clickable: false; longClickable: false; contextClickable: false; enabled: true; password: false; scrollable: false; importantForAccessibility: false; visible: false; actions: [AccessibilityAction: ACTION_SELECT - null, AccessibilityAction: ACTION_CLEAR_SELECTION - null, AccessibilityAction: ACTION_ACCESSIBILITY_FOCUS - null, AccessibilityAction: ACTION_SHOW_ON_SCREEN - null]; isTextSelectable: false
06-24 07:50:12.033  6733  6804 I Maestro : Skipping invisible child: android.view.accessibility.AccessibilityNodeInfo@124d6; boundsInParent: Rect(0, 0 - 320, 0); boundsInScreen: Rect(0, 0 - 320, 0); boundsInWindow: Rect(0, 0 - 320, 0); packageName: com.hanapkalinga.mobile; className: android.view.ViewGroup; text: null; error: null; maxTextLength: -1; stateDescription: null; contentDescription: null; tooltipText: null; containerTitle: null; viewIdResName: null; uniqueId: null; checkable: false; checked: false; focusable: false; focused: false; selected: false; clickable: false; longClickable: false; contextClickable: false; enabled: true; password: false; scrollable: false; importantForAccessibility: false; visible: false; actions: [AccessibilityAction: ACTION_SELECT - null, AccessibilityAction: ACTION_CLEAR_SELECTION - null, AccessibilityAction: ACTION_ACCESSIBILITY_FOCUS - null, AccessibilityAction: ACTION_SHOW_ON_SCREEN - null]; isTextSelectable: false
06-24 07:50:12.034  6733  6804 I Maestro : Skipping invisible child: android.view.accessibility.AccessibilityNodeInfo@1a478; boundsInParent: Rect(0, 0 - 320, 0); boundsInScreen: Rect(0, 0 - 320, 0); boundsInWindow: Rect(0, 0 - 320, 0); packageName: com.hanapkalinga.mobile; className: android.widget.LinearLayout; text: null; error: null; maxTextLength: -1; stateDescription: null; contentDescription: null; tooltipText: null; containerTitle: null; viewIdResName: null; uniqueId: null; checkable: false; checked: false; focusable: false; focused: false; selected: false; clickable: false; longClickable: false; contextClickable: false; enabled: true; password: false; scrollable: false; importantForAccessibility: false; visible: false; actions: [AccessibilityAction: ACTION_SELECT - null, AccessibilityAction: ACTION_CLEAR_SELECTION - null, AccessibilityAction: ACTION_ACCESSIBILITY_FOCUS - null, AccessibilityAction: ACTION_SHOW_ON_SCREEN - null]; isTextSelectable: false
06-24 07:50:12.034  6733  6804 I Maestro : Skipping invisible child: android.view.accessibility.AccessibilityNodeInfo@1a0b7; boundsInParent: Rect(0, 0 - 320, 0); boundsInScreen: Rect(0, 0 - 320, 0); boundsInWindow: Rect(0, 0 - 320, 0); packageName: com.hanapkalinga.mobile; className: android.view.ViewGroup; text: null; error: null; maxTextLength: -1; stateDescription: null; contentDescription: null; tooltipText: null; containerTitle: null; viewIdResName: null; uniqueId: null; checkable: false; checked: false; focusable: false; focused: false; selected: false; clickable: false; longClickable: false; contextClickable: false; enabled: true; password: false; scrollable: false; importantForAccessibility: false; visible: false; actions: [AccessibilityAction: ACTION_SELECT - null, AccessibilityAction: ACTION_CLEAR_SELECTION - null, AccessibilityAction: ACTION_ACCESSIBILITY_FOCUS - null, AccessibilityAction: ACTION_SHOW_ON_SCREEN - null]; isTextSelectable: false
06-24 07:50:12.036  6733  6804 I Maestro : Skipping invisible child: android.view.accessibility.AccessibilityNodeInfo@182af; boundsInParent: Rect(0, 0 - 1, 1); boundsInScreen: Rect(20, 348 - 21, 349); boundsInWindow: Rect(20, 348 - 21, 349); packageName: com.hanapkalinga.mobile; className: android.view.ViewGroup; text: null; error: null; maxTextLength: -1; stateDescription: null; contentDescription: null; tooltipText: null; containerTitle: null; viewIdResName: login_captcha_ready; uniqueId: null; checkable: false; checked: false; focusable: false; focused: false; selected: false; clickable: false; longClickable: false; contextClickable: false; enabled: true; password: false; scrollable: false; importantForAccessibility: true; visible: false; actions: [AccessibilityAction: ACTION_SELECT - null, AccessibilityAction: ACTION_CLEAR_SELECTION - null, AccessibilityAction: ACTION_ACCESSIBILITY_FOCUS - null, AccessibilityAction: ACTION_SHOW_ON_SCREEN - null]; isTextSelectable: false
06-24 07:50:12.040  5400  6620 I TelephonySpamChimeraSer: Running Telephony Spam Chimera Service [CONTEXT service_id=150 ]
06-24 07:50:12.040  5400  6620 I TelephonySpamChimeraSer: Cleaning SIP Header local table of old entries [CONTEXT service_id=150 ]
06-24 07:50:12.042  5320  5362 I NetworkScheduler.Stats: Task com.google.android.gms/com.google.android.gms.telephonyspam.sync.SpamListSyncTaskService started execution. cause:5 exec_start_elapsed_seconds: 224 [CONTEXT service_id=218 ]
06-24 07:50:12.044  5400  6620 I SpamListSync: Call spam module disabled. Skipping cleaning cache sip header table. [CONTEXT service_id=150 ]
06-24 07:50:12.044  5400  6620 I TelephonySpamChimeraSer: Syncing Call Spam List [CONTEXT service_id=150 ]
06-24 07:50:12.044  5400  6620 I SpamListSync: SpamListSyncChimeraService.syncSpamList called with tag: telephonyspam.SpamListSyncOneOffTask, extras: Bundle[{SpamList Type=0, Action=1.0}] [CONTEXT service_id=150 ]
06-24 07:50:12.046  5400  6620 I SpamListSync: Call spam module disabled. Skipping spam list syncing. [CONTEXT service_id=150 ]
06-24 07:50:12.061  5320  7076 I NetworkScheduler.Stats: Task com.google.android.gms/com.google.android.gms.telephonyspam.sync.SpamListSyncTaskService finished executing. cause:5 result: 1 elapsed_millis: 26 uptime_millis: 26 exec_start_elapsed_seconds: 224 [CONTEXT service_id=218 ]
06-24 07:50:12.062  6733  6804 D Maestro : View hierarchy received in 58 ms
06-24 07:50:12.125  6733  6804 D Maestro : Requesting view hierarchy
06-24 07:50:12.126  6733  6804 W QueryController: Could not detect idle state.
06-24 07:50:12.126  6733  6804 W QueryController: Could not detect idle state.
06-24 07:50:12.140  6733  6804 I Maestro : Skipping invisible child: android.view.accessibility.AccessibilityNodeInfo@12897; boundsInParent: Rect(0, 0 - 320, 0); boundsInScreen: Rect(0, 0 - 320, 0); boundsInWindow: Rect(0, 0 - 320, 0); packageName: com.hanapkalinga.mobile; className: android.widget.LinearLayout; text: null; error: null; maxTextLength: -1; stateDescription: null; contentDescription: null; tooltipText: null; containerTitle: null; viewIdResName: null; uniqueId: null; checkable: false; checked: false; focusable: false; focused: false; selected: false; clickable: false; longClickable: false; contextClickable: false; enabled: true; password: false; scrollable: false; importantForAccessibility: false; visible: false; actions: [AccessibilityAction: ACTION_SELECT - null, AccessibilityAction: ACTION_CLEAR_SELECTION - null, AccessibilityAction: ACTION_ACCESSIBILITY_FOCUS - null, AccessibilityAction: ACTION_SHOW_ON_SCREEN - null]; isTextSelectable: false
06-24 07:50:12.140  6733  6804 I Maestro : Skipping invisible child: android.view.accessibility.AccessibilityNodeInfo@124d6; boundsInParent: Rect(0, 0 - 320, 0); boundsInScreen: Rect(0, 0 - 320, 0); boundsInWindow: Rect(0, 0 - 320, 0); packageName: com.hanapkalinga.mobile; className: android.view.ViewGroup; text: null; error: null; maxTextLength: -1; stateDescription: null; contentDescription: null; tooltipText: null; containerTitle: null; viewIdResName: null; uniqueId: null; checkable: false; checked: false; focusable: false; focused: false; selected: false; clickable: false; longClickable: false; contextClickable: false; enabled: true; password: false; scrollable: false; importantForAccessibility: false; visible: false; actions: [AccessibilityAction: ACTION_SELECT - null, AccessibilityAction: ACTION_CLEAR_SELECTION - null, AccessibilityAction: ACTION_ACCESSIBILITY_FOCUS - null, AccessibilityAction: ACTION_SHOW_ON_SCREEN - null]; isTextSelectable: false
06-24 07:50:12.140  6733  6804 I Maestro : Skipping invisible child: android.view.accessibility.AccessibilityNodeInfo@1a478; boundsInParent: Rect(0, 0 - 320, 0); boundsInScreen: Rect(0, 0 - 320, 0); boundsInWindow: Rect(0, 0 - 320, 0); packageName: com.hanapkalinga.mobile; className: android.widget.LinearLayout; text: null; error: null; maxTextLength: -1; stateDescription: null; contentDescription: null; tooltipText: null; containerTitle: null; viewIdResName: null; uniqueId: null; checkable: false; checked: false; focusable: false; focused: false; selected: false; clickable: false; longClickable: false; contextClickable: false; enabled: true; password: false; scrollable: false; importantForAccessibility: false; visible: false; actions: [AccessibilityAction: ACTION_SELECT - null, AccessibilityAction: ACTION_CLEAR_SELECTION - null, AccessibilityAction: ACTION_ACCESSIBILITY_FOCUS - null, AccessibilityAction: ACTION_SHOW_ON_SCREEN - null]; isTextSelectable: false
06-24 07:50:12.141  6733  6804 I Maestro : Skipping invisible child: android.view.accessibility.AccessibilityNodeInfo@1a0b7; boundsInParent: Rect(0, 0 - 320, 0); boundsInScreen: Rect(0, 0 - 320, 0); boundsInWindow: Rect(0, 0 - 320, 0); packageName: com.hanapkalinga.mobile; className: android.view.ViewGroup; text: null; error: null; maxTextLength: -1; stateDescription: null; contentDescription: null; tooltipText: null; containerTitle: null; viewIdResName: null; uniqueId: null; checkable: false; checked: false; focusable: false; focused: false; selected: false; clickable: false; longClickable: false; contextClickable: false; enabled: true; password: false; scrollable: false; importantForAccessibility: false; visible: false; actions: [AccessibilityAction: ACTION_SELECT - null, AccessibilityAction: ACTION_CLEAR_SELECTION - null, AccessibilityAction: ACTION_ACCESSIBILITY_FOCUS - null, AccessibilityAction: ACTION_SHOW_ON_SCREEN - null]; isTextSelectable: false
06-24 07:50:12.144  6733  6804 I Maestro : Skipping invisible child: android.view.accessibility.AccessibilityNodeInfo@182af; boundsInParent: Rect(0, 0 - 1, 1); boundsInScreen: Rect(20, 348 - 21, 349); boundsInWindow: Rect(20, 348 - 21, 349); packageName: com.hanapkalinga.mobile; className: android.view.ViewGroup; text: null; error: null; maxTextLength: -1; stateDescription: null; contentDescription: null; tooltipText: null; containerTitle: null; viewIdResName: login_captcha_ready; uniqueId: null; checkable: false; checked: false; focusable: false; focused: false; selected: false; clickable: false; longClickable: false; contextClickable: false; enabled: true; password: false; scrollable: false; importantForAccessibility: true; visible: false; actions: [AccessibilityAction: ACTION_SELECT - null, AccessibilityAction: ACTION_CLEAR_SELECTION - null, AccessibilityAction: ACTION_ACCESSIBILITY_FOCUS - null, AccessibilityAction: ACTION_SHOW_ON_SCREEN - null]; isTextSelectable: false
06-24 07:50:12.156  6733  6804 D Maestro : View hierarchy received in 31 ms
06-24 07:50:12.158   524  2649 I RemoteProvisionSysSvc: getRegistration(android.hardware.security.keymint.IRemotelyProvisionedComponent/default)
06-24 07:50:12.160   524  2649 D ActivityManager: sync unfroze 3643 com.google.android.rkpdapp for 6
06-24 07:50:12.161   524   524 I RegistrationProxy: onServiceConnected: com.android.rkpdapp.service.RemoteProvisioningService
06-24 07:50:12.164   524  2649 I RegistrationProxy: IGetRegistrationCallback.onSuccess
06-24 07:50:12.165   524  2649 I RemoteProvisionSysSvc: Fetching key 10131 for client 98228451
06-24 07:50:12.165   524  2649 I RegistrationProxy: getKeyAsync operation started with callback 248885984
06-24 07:50:12.166  3643  3715 I RkpdRegistrationBinder: Key requested for : android.hardware.security.keymint.IRemotelyProvisionedComponent/default, clientUid: 1017, keyId: 10131, callback: 122569411
06-24 07:50:12.167  3643  3715 I RkpdRegistrationBinder: Key successfully assigned to client
--------- beginning of kernel
06-24 07:50:12.362     0     0 I servicemanager: Found android.hardware.security.keymint.IRemotelyProvisionedComponent/default in device VINTF manifest.
06-24 07:50:12.167   524   524 I RemoteProvisionSysSvc: Successfully fetched key for client 98228451
06-24 07:50:12.172   524  2649 D BiometricService: Sensor ID(4), oemStrength: 15, updatedStrength: 15, modality 8, state: 0, cookie: 0, sensorId 4, hasEnrollments: false cannot participate in Keystore operations
06-24 07:50:12.172   524  2649 D BiometricService: Sensor ID(0), oemStrength: 15, updatedStrength: 15, modality 2, state: 0, cookie: 0, sensorId 0, hasEnrollments: false cannot participate in Keystore operations
06-24 07:50:12.181  2968  7078 D TrafficStats: tagSocket(118) with statsTag=0x1809, statsUid=-1
06-24 07:50:12.182  2968  7078 D TrafficStats: tagSocket(118) with statsTag=0x1809, statsUid=-1
06-24 07:50:12.182  2968  7078 D TrafficStats: tagSocket(118) with statsTag=0x1809, statsUid=-1
06-24 07:50:12.252  6733  6804 D Maestro : Requesting view hierarchy
06-24 07:50:12.252  6733  6804 W QueryController: Could not detect idle state.
06-24 07:50:12.252  6733  6804 W QueryController: Could not detect idle state.
06-24 07:50:12.274  6733  6804 I Maestro : Skipping invisible child: android.view.accessibility.AccessibilityNodeInfo@12897; boundsInParent: Rect(0, 0 - 320, 0); boundsInScreen: Rect(0, 0 - 320, 0); boundsInWindow: Rect(0, 0 - 320, 0); packageName: com.hanapkalinga.mobile; className: android.widget.LinearLayout; text: null; error: null; maxTextLength: -1; stateDescription: null; contentDescription: null; tooltipText: null; containerTitle: null; viewIdResName: null; uniqueId: null; checkable: false; checked: false; focusable: false; focused: false; selected: false; clickable: false; longClickable: false; contextClickable: false; enabled: true; password: false; scrollable: false; importantForAccessibility: false; visible: false; actions: [AccessibilityAction: ACTION_SELECT - null, AccessibilityAction: ACTION_CLEAR_SELECTION - null, AccessibilityAction: ACTION_ACCESSIBILITY_FOCUS - null, AccessibilityAction: ACTION_SHOW_ON_SCREEN - null]; isTextSelectable: false
06-24 07:50:12.275  6733  6804 I Maestro : Skipping invisible child: android.view.accessibility.AccessibilityNodeInfo@124d6; boundsInParent: Rect(0, 0 - 320, 0); boundsInScreen: Rect(0, 0 - 320, 0); boundsInWindow: Rect(0, 0 - 320, 0); packageName: com.hanapkalinga.mobile; className: android.view.ViewGroup; text: null; error: null; maxTextLength: -1; stateDescription: null; contentDescription: null; tooltipText: null; containerTitle: null; viewIdResName: null; uniqueId: null; checkable: false; checked: false; focusable: false; focused: false; selected: false; clickable: false; longClickable: false; contextClickable: false; enabled: true; password: false; scrollable: false; importantForAccessibility: false; visible: false; actions: [AccessibilityAction: ACTION_SELECT - null, AccessibilityAction: ACTION_CLEAR_SELECTION - null, AccessibilityAction: ACTION_ACCESSIBILITY_FOCUS - null, AccessibilityAction: ACTION_SHOW_ON_SCREEN - null]; isTextSelectable: false
06-24 07:50:12.275  6733  6804 I Maestro : Skipping invisible child: android.view.accessibility.AccessibilityNodeInfo@1a478; boundsInParent: Rect(0, 0 - 320, 0); boundsInScreen: Rect(0, 0 - 320, 0); boundsInWindow: Rect(0, 0 - 320, 0); packageName: com.hanapkalinga.mobile; className: android.widget.LinearLayout; text: null; error: null; maxTextLength: -1; stateDescription: null; contentDescription: null; tooltipText: null; containerTitle: null; viewIdResName: null; uniqueId: null; checkable: false; checked: false; focusable: false; focused: false; selected: false; clickable: false; longClickable: false; contextClickable: false; enabled: true; password: false; scrollable: false; importantForAccessibility: false; visible: false; actions: [AccessibilityAction: ACTION_SELECT - null, AccessibilityAction: ACTION_CLEAR_SELECTION - null, AccessibilityAction: ACTION_ACCESSIBILITY_FOCUS - null, AccessibilityAction: ACTION_SHOW_ON_SCREEN - null]; isTextSelectable: false
06-24 07:50:12.276  6733  6804 I Maestro : Skipping invisible child: android.view.accessibility.AccessibilityNodeInfo@1a0b7; boundsInParent: Rect(0, 0 - 320, 0); boundsInScreen: Rect(0, 0 - 320, 0); boundsInWindow: Rect(0, 0 - 320, 0); packageName: com.hanapkalinga.mobile; className: android.view.ViewGroup; text: null; error: null; maxTextLength: -1; stateDescription: null; contentDescription: null; tooltipText: null; containerTitle: null; viewIdResName: null; uniqueId: null; checkable: false; checked: false; focusable: false; focused: false; selected: false; clickable: false; longClickable: false; contextClickable: false; enabled: true; password: false; scrollable: false; importantForAccessibility: false; visible: false; actions: [AccessibilityAction: ACTION_SELECT - null, AccessibilityAction: ACTION_CLEAR_SELECTION - null, AccessibilityAction: ACTION_ACCESSIBILITY_FOCUS - null, AccessibilityAction: ACTION_SHOW_ON_SCREEN - null]; isTextSelectable: false
06-24 07:50:12.278  6733  6804 I Maestro : Skipping invisible child: android.view.accessibility.AccessibilityNodeInfo@182af; boundsInParent: Rect(0, 0 - 1, 1); boundsInScreen: Rect(20, 348 - 21, 349); boundsInWindow: Rect(20, 348 - 21, 349); packageName: com.hanapkalinga.mobile; className: android.view.ViewGroup; text: null; error: null; maxTextLength: -1; stateDescription: null; contentDescription: null; tooltipText: null; containerTitle: null; viewIdResName: login_captcha_ready; uniqueId: null; checkable: false; checked: false; focusable: false; focused: false; selected: false; clickable: false; longClickable: false; contextClickable: false; enabled: true; password: false; scrollable: false; importantForAccessibility: true; visible: false; actions: [AccessibilityAction: ACTION_SELECT - null, AccessibilityAction: ACTION_CLEAR_SELECTION - null, AccessibilityAction: ACTION_ACCESSIBILITY_FOCUS - null, AccessibilityAction: ACTION_SHOW_ON_SCREEN - null]; isTextSelectable: false
06-24 07:50:12.297  6733  6804 D Maestro : View hierarchy received in 45 ms
06-24 07:50:12.329  2968  7078 W SystemServiceRegistry: No service published for: persistent_data_block
06-24 07:50:12.362  6733  6804 D Maestro : Requesting view hierarchy
06-24 07:50:12.363  6733  6804 W QueryController: Could not detect idle state.
06-24 07:50:12.363  6733  6804 W QueryController: Could not detect idle state.
06-24 07:50:12.379  6733  6804 I Maestro : Skipping invisible child: android.view.accessibility.AccessibilityNodeInfo@12897; boundsInParent: Rect(0, 0 - 320, 0); boundsInScreen: Rect(0, 0 - 320, 0); boundsInWindow: Rect(0, 0 - 320, 0); packageName: com.hanapkalinga.mobile; className: android.widget.LinearLayout; text: null; error: null; maxTextLength: -1; stateDescription: null; contentDescription: null; tooltipText: null; containerTitle: null; viewIdResName: null; uniqueId: null; checkable: false; checked: false; focusable: false; focused: false; selected: false; clickable: false; longClickable: false; contextClickable: false; enabled: true; password: false; scrollable: false; importantForAccessibility: false; visible: false; actions: [AccessibilityAction: ACTION_SELECT - null, AccessibilityAction: ACTION_CLEAR_SELECTION - null, AccessibilityAction: ACTION_ACCESSIBILITY_FOCUS - null, AccessibilityAction: ACTION_SHOW_ON_SCREEN - null]; isTextSelectable: false
06-24 07:50:12.379  6733  6804 I Maestro : Skipping invisible child: android.view.accessibility.AccessibilityNodeInfo@124d6; boundsInParent: Rect(0, 0 - 320, 0); boundsInScreen: Rect(0, 0 - 320, 0); boundsInWindow: Rect(0, 0 - 320, 0); packageName: com.hanapkalinga.mobile; className: android.view.ViewGroup; text: null; error: null; maxTextLength: -1; stateDescription: null; contentDescription: null; tooltipText: null; containerTitle: null; viewIdResName: null; uniqueId: null; checkable: false; checked: false; focusable: false; focused: false; selected: false; clickable: false; longClickable: false; contextClickable: false; enabled: true; password: false; scrollable: false; importantForAccessibility: false; visible: false; actions: [AccessibilityAction: ACTION_SELECT - null, AccessibilityAction: ACTION_CLEAR_SELECTION - null, AccessibilityAction: ACTION_ACCESSIBILITY_FOCUS - null, AccessibilityAction: ACTION_SHOW_ON_SCREEN - null]; isTextSelectable: false
06-24 07:50:12.380  6733  6804 I Maestro : Skipping invisible child: android.view.accessibility.AccessibilityNodeInfo@1a478; boundsInParent: Rect(0, 0 - 320, 0); boundsInScreen: Rect(0, 0 - 320, 0); boundsInWindow: Rect(0, 0 - 320, 0); packageName: com.hanapkalinga.mobile; className: android.widget.LinearLayout; text: null; error: null; maxTextLength: -1; stateDescription: null; contentDescription: null; tooltipText: null; containerTitle: null; viewIdResName: null; uniqueId: null; checkable: false; checked: false; focusable: false; focused: false; selected: false; clickable: false; longClickable: false; contextClickable: false; enabled: true; password: false; scrollable: false; importantForAccessibility: false; visible: false; actions: [AccessibilityAction: ACTION_SELECT - null, AccessibilityAction: ACTION_CLEAR_SELECTION - null, AccessibilityAction: ACTION_ACCESSIBILITY_FOCUS - null, AccessibilityAction: ACTION_SHOW_ON_SCREEN - null]; isTextSelectable: false
06-24 07:50:12.380  6733  6804 I Maestro : Skipping invisible child: android.view.accessibility.AccessibilityNodeInfo@1a0b7; boundsInParent: Rect(0, 0 - 320, 0); boundsInScreen: Rect(0, 0 - 320, 0); boundsInWindow: Rect(0, 0 - 320, 0); packageName: com.hanapkalinga.mobile; className: android.view.ViewGroup; text: null; error: null; maxTextLength: -1; stateDescription: null; contentDescription: null; tooltipText: null; containerTitle: null; viewIdResName: null; uniqueId: null; checkable: false; checked: false; focusable: false; focused: false; selected: false; clickable: false; longClickable: false; contextClickable: false; enabled: true; password: false; scrollable: false; importantForAccessibility: false; visible: false; actions: [AccessibilityAction: ACTION_SELECT - null, AccessibilityAction: ACTION_CLEAR_SELECTION - null, AccessibilityAction: ACTION_ACCESSIBILITY_FOCUS - null, AccessibilityAction: ACTION_SHOW_ON_SCREEN - null]; isTextSelectable: false
