06-25 11:59:54.391  5940  6258 I Maestro : Skipping invisible child: android.view.accessibility.AccessibilityNodeInfo@12882; boundsInParent: Rect(0, 0 - 320, 0); boundsInScreen: Rect(0, 0 - 320, 0); boundsInWindow: Rect(0, 0 - 320, 0); packageName: com.hanapkalinga.mobile; className: android.widget.LinearLayout; text: null; error: null; maxTextLength: -1; stateDescription: null; contentDescription: null; tooltipText: null; containerTitle: null; viewIdResName: null; uniqueId: null; checkable: false; checked: false; focusable: false; focused: false; selected: false; clickable: false; longClickable: false; contextClickable: false; enabled: true; password: false; scrollable: false; importantForAccessibility: false; visible: false; actions: [AccessibilityAction: ACTION_SELECT - null, AccessibilityAction: ACTION_CLEAR_SELECTION - null, AccessibilityAction: ACTION_ACCESSIBILITY_FOCUS - null, AccessibilityAction: ACTION_SHOW_ON_SCREEN - null]; isTextSelectable: false
06-25 11:59:54.392  5681  6579 W ActiveUnlock: Tried to set empty triggers [CONTEXT service_id=327 ]
06-25 11:59:54.392  5681  6579 W ChimeraUtils: Module com.google.android.gms.activeunlock_primary missing resource null(0)
06-25 11:59:54.393  5940  6258 I Maestro : Skipping invisible child: android.view.accessibility.AccessibilityNodeInfo@124c1; boundsInParent: Rect(0, 0 - 320, 0); boundsInScreen: Rect(0, 0 - 320, 0); boundsInWindow: Rect(0, 0 - 320, 0); packageName: com.hanapkalinga.mobile; className: android.view.ViewGroup; text: null; error: null; maxTextLength: -1; stateDescription: null; contentDescription: null; tooltipText: null; containerTitle: null; viewIdResName: null; uniqueId: null; checkable: false; checked: false; focusable: false; focused: false; selected: false; clickable: false; longClickable: false; contextClickable: false; enabled: true; password: false; scrollable: false; importantForAccessibility: false; visible: false; actions: [AccessibilityAction: ACTION_SELECT - null, AccessibilityAction: ACTION_CLEAR_SELECTION - null, AccessibilityAction: ACTION_ACCESSIBILITY_FOCUS - null, AccessibilityAction: ACTION_SHOW_ON_SCREEN - null]; isTextSelectable: false
06-25 11:59:54.395  5940  6258 I Maestro : Skipping invisible child: android.view.accessibility.AccessibilityNodeInfo@1919e; boundsInParent: Rect(0, 0 - 320, 0); boundsInScreen: Rect(0, 0 - 320, 0); boundsInWindow: Rect(0, 0 - 320, 0); packageName: com.hanapkalinga.mobile; className: android.widget.LinearLayout; text: null; error: null; maxTextLength: -1; stateDescription: null; contentDescription: null; tooltipText: null; containerTitle: null; viewIdResName: null; uniqueId: null; checkable: false; checked: false; focusable: false; focused: false; selected: false; clickable: false; longClickable: false; contextClickable: false; enabled: true; password: false; scrollable: false; importantForAccessibility: false; visible: false; actions: [AccessibilityAction: ACTION_SELECT - null, AccessibilityAction: ACTION_CLEAR_SELECTION - null, AccessibilityAction: ACTION_ACCESSIBILITY_FOCUS - null, AccessibilityAction: ACTION_SHOW_ON_SCREEN - null]; isTextSelectable: false
06-25 11:59:54.397  5940  6258 I Maestro : Skipping invisible child: android.view.accessibility.AccessibilityNodeInfo@18ddd; boundsInParent: Rect(0, 0 - 320, 0); boundsInScreen: Rect(0, 0 - 320, 0); boundsInWindow: Rect(0, 0 - 320, 0); packageName: com.hanapkalinga.mobile; className: android.view.ViewGroup; text: null; error: null; maxTextLength: -1; stateDescription: null; contentDescription: null; tooltipText: null; containerTitle: null; viewIdResName: null; uniqueId: null; checkable: false; checked: false; focusable: false; focused: false; selected: false; clickable: false; longClickable: false; contextClickable: false; enabled: true; password: false; scrollable: false; importantForAccessibility: false; visible: false; actions: [AccessibilityAction: ACTION_SELECT - null, AccessibilityAction: ACTION_CLEAR_SELECTION - null, AccessibilityAction: ACTION_ACCESSIBILITY_FOCUS - null, AccessibilityAction: ACTION_SHOW_ON_SCREEN - null]; isTextSelectable: false
06-25 11:59:54.398  5681  6579 I SnapshotHandler: Unable to retrieve flag snapshot for com.google.android.gms.trustlet_place, using defaults.
06-25 11:59:54.401   518  2723 D PackageManager: Instant App installer not found with android.intent.action.INSTALL_INSTANT_APP_PACKAGE
06-25 11:59:54.401   518  2723 D PackageManager: Clear ephemeral installer activity
06-25 11:59:54.403   518  2723 D PackageManager: Instant App installer not found with android.intent.action.INSTALL_INSTANT_APP_PACKAGE
06-25 11:59:54.403   518  2723 D PackageManager: Clear ephemeral installer activity
06-25 11:59:54.404   518  2723 D PackageManager: Instant App installer not found with android.intent.action.INSTALL_INSTANT_APP_PACKAGE
06-25 11:59:54.404   518  2723 D PackageManager: Clear ephemeral installer activity
06-25 11:59:54.405   518  2723 D PackageManager: Instant App installer not found with android.intent.action.INSTALL_INSTANT_APP_PACKAGE
06-25 11:59:54.405   518  2723 D PackageManager: Clear ephemeral installer activity
06-25 11:59:54.405   518  2723 D PackageManager: Instant App installer not found with android.intent.action.INSTALL_INSTANT_APP_PACKAGE
06-25 11:59:54.406   518  2723 D PackageManager: Clear ephemeral installer activity
06-25 11:59:54.410  5681  6587 I SystemUpdate: [Installation,ReceiverIntentOperation] Received intent: Intent { act=com.google.android.gms.update.BASE_MODULE_INIT cat=[targeted_intent_op_prefix:.update.control.ReceiverIntentOperation] cmp=com.google.android.gms/.chimera.GmsIntentOperationService }.
06-25 11:59:54.411   518  2220 D PackageManager: Instant App installer not found with android.intent.action.INSTALL_INSTANT_APP_PACKAGE
06-25 11:59:54.411   518  2220 D PackageManager: Clear ephemeral installer activity
06-25 11:59:54.412   518  2220 D PackageManager: Instant App installer not found with android.intent.action.INSTALL_INSTANT_APP_PACKAGE
06-25 11:59:54.412   518  2220 D PackageManager: Clear ephemeral installer activity
06-25 11:59:54.412   518  2220 D PackageManager: Instant App installer not found with android.intent.action.INSTALL_INSTANT_APP_PACKAGE
06-25 11:59:54.412   518  2220 D PackageManager: Clear ephemeral installer activity
06-25 11:59:54.413   518  2220 D PackageManager: Instant App installer not found with android.intent.action.INSTALL_INSTANT_APP_PACKAGE
06-25 11:59:54.414   518  2220 D PackageManager: Clear ephemeral installer activity
06-25 11:59:54.417   518  2220 D PackageManager: Instant App installer not found with android.intent.action.INSTALL_INSTANT_APP_PACKAGE
06-25 11:59:54.417   518  2220 D PackageManager: Clear ephemeral installer activity
06-25 11:59:54.426  5681  5766 I ChimeraConfigurator: Starting update, reason: 4 urgentFeatures: vision.ocr:-1
06-25 11:59:54.442  5681  5766 I ChimeraConfigurator: Detected pending changes for urgent request: [vision.ocr]. Pending module sets: container:2318189190800+mlkit.ocr.common,tflite_dynamite:2605805025100800+tflite_dynamite,vision_ocr:2316024025100000+vision.ocr
06-25 11:59:54.447  5681  6579 I SystemUpdate: [Execution,InstallationEventIntentOperation] Handling event of type 1.
06-25 11:59:54.449  5681  6614 I SystemUpdate: [Execution,InstallationIntentOperation] Received intent: Intent { act=com.google.android.gms.update.INSTALL_UPDATE cat=[targeted_intent_op_prefix:.update.execution.InstallationIntentOperation] cmp=com.google.android.gms/.chimera.GmsIntentOperationService }.
06-25 11:59:54.450  5681  6614 I SystemUpdate: [Execution,ExecutionManager] Action finished-execution executed for 0.00 seconds.
06-25 11:59:54.452  5681  5766 I GmsDebugLogger: [73] 1801
06-25 11:59:54.456  5681  5766 W ZappDownloader: No successful module downloads for requested features [vision.ocr].
06-25 11:59:54.459  5681  5766 I GmsDebugLogger: [30] [VisionOcrDynamite.integ:231602402100000],[TfliteDynamiteDynamite.integ:260580502100800],[MlkitOcrCommon.optional:231818100800]
06-25 11:59:54.464  5681  5766 W ChimeraConfigService: Retry attempt was throttled. [CONTEXT service_id=264 ]
06-25 11:59:54.465  5681  5766 I GmsDebugLogger: [83] 1 [vision.ocr]
06-25 11:59:54.480  5681  6569 I Wear_Controller: Wearable module requires a companion app to be installed.
06-25 11:59:54.480  5681  6569 I Wear_Controller: onStartup - Wear is not available on this device.
06-25 11:59:54.491  5681  6584 W Vision  : Request for optional module download of ocr failed. Request again.
06-25 11:59:54.491  5681  6584 W Vision  : Would have logged:
06-25 11:59:54.491  5681  6584 W Vision  : # dsae@44f943d5
06-25 11:59:54.492  5681  6584 I Vision  : Schedule retrying download ocr at 150509 with backoff 10 seconds
06-25 11:59:54.515  5940  6258 D Maestro : View hierarchy received in 184 ms
06-25 11:59:54.526   518   609 I RoleService: Granting default roles...
06-25 11:59:54.530  1042  1042 D CarrierSvcBindHelper: onPackageModified: com.google.android.gms
06-25 11:59:54.532  4263  4263 V MediaPlayerList: mPackageChangedBroadcastReceiver: action: android.intent.action.PACKAGE_CHANGED
06-25 11:59:54.532  4263  4263 V MediaPlayerList: mPackageChangedBroadcastReceiver: action: android.intent.action.PACKAGE_CHANGED
06-25 11:59:54.535   518   620 I InputReader: Reconfiguring input devices, changes=KEYBOARD_LAYOUTS
06-25 11:59:54.539  5587  6485 I NetworkScheduler.Stats: Task com.google.android.gms/com.google.android.gms.auth.account.be.legacy.AuthCronService started execution. cause:5 exec_start_elapsed_seconds: 149 [CONTEXT service_id=218 ]
06-25 11:59:54.540   835   898 D StylusManager: Stylus InputDevice changed: 14 virtio_input_multi_touch_11
06-25 11:59:54.540  1042  1042 D CarrierSvcBindHelper: No carrier app for: 0
06-25 11:59:54.541   835   898 D StylusManager: Stylus InputDevice changed: 12 virtio_input_multi_touch_9
06-25 11:59:54.541  5681  5812 E WakeLock: DG:service ** IS FORCE-RELEASED ON TIMEOUT **
06-25 11:59:54.546   835   898 D StylusManager: Stylus InputDevice changed: 11 virtio_input_multi_touch_8
06-25 11:59:54.548   840  3495 I PermissionControllerServiceImpl: Updating user sensitive for uid 10132
06-25 11:59:54.550  1042  1347 D ImsResolver: maybeAddedImsService, packageName: com.google.android.gms
06-25 11:59:54.568  5587  6582 I SemanticLocation: [MDD] ModelBundleMetadata: File not found [CONTEXT service_id=173 ]
06-25 11:59:54.568  5587  6582 I SemanticLocation: java.io.FileNotFoundException: /data/user/0/com.google.android.gms/files/model_bundle_metadata.pb: open failed: ENOENT (No such file or directory)
06-25 11:59:54.568  5587  6582 I SemanticLocation: 	at libcore.io.IoBridge.open(IoBridge.java:574)
06-25 11:59:54.568  5587  6582 I SemanticLocation: 	at java.io.FileInputStream.<init>(FileInputStream.java:160)
06-25 11:59:54.568  5587  6582 I SemanticLocation: 	at android.app.ContextImpl.openFileInput(ContextImpl.java:745)
06-25 11:59:54.568  5587  6582 I SemanticLocation: 	at android.content.ContextWrapper.openFileInput(ContextWrapper.java:249)
06-25 11:59:54.568  5587  6582 I SemanticLocation: 	at android.content.ContextWrapper.openFileInput(ContextWrapper.java:249)
06-25 11:59:54.568  5587  6582 I SemanticLocation: 	at android.content.ContextWrapper.openFileInput(ContextWrapper.java:249)
06-25 11:59:54.568  5587  6582 I SemanticLocation: 	at bzxt.h(:com.google.android.gms@231818047@23.18.18 (190800-535401451):1)
06-25 11:59:54.568  5587  6582 I SemanticLocation: 	at bzxd.c(:com.google.android.gms@231818047@23.18.18 (190800-535401451):9)
06-25 11:59:54.568  5587  6582 I SemanticLocation: 	at bzxd.<init>(:com.google.android.gms@231818047@23.18.18 (190800-535401451):0)
06-25 11:59:54.568  5587  6582 I SemanticLocation: 	at cadn.j(:com.google.android.gms@231818047@23.18.18 (190800-535401451):0)
06-25 11:59:54.568  5587  6582 I SemanticLocation: 	at cadn.h(:com.google.android.gms@231818047@23.18.18 (190800-535401451):36)
06-25 11:59:54.568  5587  6582 I SemanticLocation: 	at cadn.b(:com.google.android.gms@231818047@23.18.18 (190800-535401451):0)
06-25 11:59:54.568  5587  6582 I SemanticLocation: 	at com.google.android.gms.semanticlocation.service.SemanticLocationChimeraService.k(:com.google.android.gms@231818047@23.18.18 (190800-535401451):9)
06-25 11:59:54.568  5587  6582 I SemanticLocation: 	at com.google.android.gms.semanticlocation.service.SemanticLocationChimeraService.h(:com.google.android.gms@231818047@23.18.18 (190800-535401451):17)
06-25 11:59:54.568  5587  6582 I SemanticLocation: 	at cacs.run(:com.google.android.gms@231818047@23.18.18 (190800-535401451):68)
06-25 11:59:54.568  5587  6582 I SemanticLocation: 	at java.util.concurrent.Executors$RunnableAdapter.call(Executors.java:487)
06-25 11:59:54.568  5587  6582 I SemanticLocation: 	at java.util.concurrent.FutureTask.run(FutureTask.java:264)
06-25 11:59:54.568  5587  6582 I SemanticLocation: 	at aced.c(:com.google.android.gms@231818047@23.18.18 (190800-535401451):6)
06-25 11:59:54.568  5587  6582 I SemanticLocation: 	at aced.run(:com.google.android.gms@231818047@23.18.18 (190800-535401451):7)
06-25 11:59:54.568  5587  6582 I SemanticLocation: 	at java.util.concurrent.ThreadPoolExecutor.runWorker(ThreadPoolExecutor.java:1145)
06-25 11:59:54.568  5587  6582 I SemanticLocation: 	at java.util.concurrent.ThreadPoolExecutor$Worker.run(ThreadPoolExecutor.java:644)
06-25 11:59:54.568  5587  6582 I SemanticLocation: 	at acjn.run(:com.google.android.gms@231818047@23.18.18 (190800-535401451):0)
06-25 11:59:54.568  5587  6582 I SemanticLocation: 	at java.lang.Thread.run(Thread.java:1012)
06-25 11:59:54.568  5587  6582 I SemanticLocation: Caused by: android.system.ErrnoException: open failed: ENOENT (No such file or directory)
06-25 11:59:54.568  5587  6582 I SemanticLocation: 	at libcore.io.Linux.open(Native Method)
06-25 11:59:54.568  5587  6582 I SemanticLocation: 	at libcore.io.ForwardingOs.open(ForwardingOs.java:563)
06-25 11:59:54.568  5587  6582 I SemanticLocation: 	at libcore.io.BlockGuardOs.open(BlockGuardOs.java:274)
06-25 11:59:54.568  5587  6582 I SemanticLocation: 	at libcore.io.ForwardingOs.open(ForwardingOs.java:563)
06-25 11:59:54.568  5587  6582 I SemanticLocation: 	at android.app.ActivityThread$AndroidOs.open(ActivityThread.java:8063)
06-25 11:59:54.568  5587  6582 I SemanticLocation: 	at libcore.io.IoBridge.open(IoBridge.java:560)
06-25 11:59:54.568  5587  6582 I SemanticLocation: 	... 22 more
06-25 11:59:54.572   835   835 D ControlsListingControllerImpl: ServiceConfig reloaded, count: 0
06-25 11:59:54.572   835   898 D StylusManager: Stylus InputDevice changed: 10 virtio_input_multi_touch_7
06-25 11:59:54.573   835   898 D StylusManager: Stylus InputDevice changed: 8 virtio_input_multi_touch_5
06-25 11:59:54.573   835   898 D StylusManager: Stylus InputDevice changed: 6 virtio_input_multi_touch_3
06-25 11:59:54.576  3112  3161 W libc    : Access denied finding property "persist.adb.tls_server.enable"
06-25 11:59:54.576  3112  3161 W libc    : Access denied finding property "service.adb.tls.port"
06-25 11:59:54.575  3112  3112 W binder:3112_1: type=1400 audit(0.0:52): avc:  denied  { read } for  name="u:object_r:system_adbd_prop:s0" dev="tmpfs" ino=292 scontext=u:r:gmscore_app:s0:c512,c768 tcontext=u:object_r:system_adbd_prop:s0 tclass=file permissive=0 app=com.google.android.gms
06-25 11:59:54.584  5587  6485 I NetworkScheduler.Stats: Task com.google.android.gms/com.google.android.gms.clearcut.uploader.QosUploaderService started execution. cause:5 exec_start_elapsed_seconds: 149 [CONTEXT service_id=218 ]
06-25 11:59:54.575  3112  3112 W binder:3112_1: type=1400 audit(0.0:53): avc:  denied  { read } for  name="u:object_r:adbd_prop:s0" dev="tmpfs" ino=60 scontext=u:r:gmscore_app:s0:c512,c768 tcontext=u:object_r:adbd_prop:s0 tclass=file permissive=0 app=com.google.android.gms
06-25 11:59:54.590   840  6619 E RoleControllerServiceImpl: Default/fallback role holder package doesn't qualify for the role, package: com.google.android.gms.supervision, role: android.app.role.SYSTEM_SUPERVISION
06-25 11:59:54.591   835   898 D StylusManager: Stylus InputDevice changed: 5 virtio_input_multi_touch_2
06-25 11:59:54.593   835   898 D StylusManager: Stylus InputDevice changed: 13 virtio_input_multi_touch_10
06-25 11:59:54.593   835   898 D StylusManager: Stylus InputDevice changed: 9 virtio_input_multi_touch_6
06-25 11:59:54.593   835   898 D StylusManager: Stylus InputDevice changed: 4 virtio_input_multi_touch_1
06-25 11:59:54.596   835   898 D StylusManager: Stylus InputDevice changed: 7 virtio_input_multi_touch_4
06-25 11:59:54.597   840  6619 I Role    : com.google.android.gms not qualified for android.app.role.SYSTEM_CALL_STREAMING due to missing RequiredComponent{mIntentFilterData=IntentFilterData{mAction='android.telecom.CallStreamingService', mCategories='[]', mDataScheme='null', mDataType='null'}, mMinTargetSdkVersion=1, mFlags='0', mPermission='android.permission.BIND_CALL_STREAMING_SERVICE', mQueryFlags=0, mMetaData=[]}
06-25 11:59:54.597   840  6619 E RoleControllerServiceImpl: Default/fallback role holder package doesn't qualify for the role, package: com.google.android.gms, role: android.app.role.SYSTEM_CALL_STREAMING
06-25 11:59:54.598   840  6619 W Role    : Default holder doesn't have required signing certificate: com.google.android.apps.work.clouddpc:23962F4B43B9857638EA66F4D419518EAE282491ACDA4B94707BD59003C45E58
06-25 11:59:54.609  3112  6575 W SystemServiceRegistry: No service published for: persistent_data_block
06-25 11:59:54.619  3112  3161 W SystemServiceRegistry: No service published for: persistent_data_block
06-25 11:59:54.619  5681  6613 I ChimeraConfigurator: Starting update, reason: 4 urgentFeatures: tflite_dynamite:-1
06-25 11:59:54.623  5940  6258 D Maestro : Requesting view hierarchy
06-25 11:59:54.626  5940  6258 W QueryController: Could not detect idle state.
06-25 11:59:54.626  5940  6258 W QueryController: Could not detect idle state.
06-25 11:59:54.633  5681  6613 I ChimeraConfigurator: Detected pending changes for urgent request: [tflite_dynamite]. Pending module sets: container:2318189190800,tflite_dynamite:2605805025100800+tflite_dynamite
06-25 11:59:54.638  6140  6161 D EGL_emulation: app_time_stats: avg=499.84ms min=498.10ms max=501.59ms count=2
06-25 11:59:54.642   332  6620 I resolv  : GetAddrInfoHandler::run: {100 786532 100 983140 10132 0}
06-25 11:59:54.645  3112  6575 D TrafficStats: tagSocket(129) with statsTag=0x1809, statsUid=-1
06-25 11:59:54.646  3112  6575 D TrafficStats: tagSocket(129) with statsTag=0x1809, statsUid=-1
06-25 11:59:54.646  3112  6575 D TrafficStats: tagSocket(129) with statsTag=0x1809, statsUid=-1
06-25 11:59:54.726  5940  6258 I Maestro : Skipping invisible child: android.view.accessibility.AccessibilityNodeInfo@12882; boundsInParent: Rect(0, 0 - 320, 0); boundsInScreen: Rect(0, 0 - 320, 0); boundsInWindow: Rect(0, 0 - 320, 0); packageName: com.hanapkalinga.mobile; className: android.widget.LinearLayout; text: null; error: null; maxTextLength: -1; stateDescription: null; contentDescription: null; tooltipText: null; containerTitle: null; viewIdResName: null; uniqueId: null; checkable: false; checked: false; focusable: false; focused: false; selected: false; clickable: false; longClickable: false; contextClickable: false; enabled: true; password: false; scrollable: false; importantForAccessibility: false; visible: false; actions: [AccessibilityAction: ACTION_SELECT - null, AccessibilityAction: ACTION_CLEAR_SELECTION - null, AccessibilityAction: ACTION_ACCESSIBILITY_FOCUS - null, AccessibilityAction: ACTION_SHOW_ON_SCREEN - null]; isTextSelectable: false
06-25 11:59:54.726  5940  6258 I Maestro : Skipping invisible child: android.view.accessibility.AccessibilityNodeInfo@124c1; boundsInParent: Rect(0, 0 - 320, 0); boundsInScreen: Rect(0, 0 - 320, 0); boundsInWindow: Rect(0, 0 - 320, 0); packageName: com.hanapkalinga.mobile; className: android.view.ViewGroup; text: null; error: null; maxTextLength: -1; stateDescription: null; contentDescription: null; tooltipText: null; containerTitle: null; viewIdResName: null; uniqueId: null; checkable: false; checked: false; focusable: false; focused: false; selected: false; clickable: false; longClickable: false; contextClickable: false; enabled: true; password: false; scrollable: false; importantForAccessibility: false; visible: false; actions: [AccessibilityAction: ACTION_SELECT - null, AccessibilityAction: ACTION_CLEAR_SELECTION - null, AccessibilityAction: ACTION_ACCESSIBILITY_FOCUS - null, AccessibilityAction: ACTION_SHOW_ON_SCREEN - null]; isTextSelectable: false
06-25 11:59:54.726  5940  6258 I Maestro : Skipping invisible child: android.view.accessibility.AccessibilityNodeInfo@1919e; boundsInParent: Rect(0, 0 - 320, 0); boundsInScreen: Rect(0, 0 - 320, 0); boundsInWindow: Rect(0, 0 - 320, 0); packageName: com.hanapkalinga.mobile; className: android.widget.LinearLayout; text: null; error: null; maxTextLength: -1; stateDescription: null; contentDescription: null; tooltipText: null; containerTitle: null; viewIdResName: null; uniqueId: null; checkable: false; checked: false; focusable: false; focused: false; selected: false; clickable: false; longClickable: false; contextClickable: false; enabled: true; password: false; scrollable: false; importantForAccessibility: false; visible: false; actions: [AccessibilityAction: ACTION_SELECT - null, AccessibilityAction: ACTION_CLEAR_SELECTION - null, AccessibilityAction: ACTION_ACCESSIBILITY_FOCUS - null, AccessibilityAction: ACTION_SHOW_ON_SCREEN - null]; isTextSelectable: false
06-25 11:59:54.727  5940  6258 I Maestro : Skipping invisible child: android.view.accessibility.AccessibilityNodeInfo@18ddd; boundsInParent: Rect(0, 0 - 320, 0); boundsInScreen: Rect(0, 0 - 320, 0); boundsInWindow: Rect(0, 0 - 320, 0); packageName: com.hanapkalinga.mobile; className: android.view.ViewGroup; text: null; error: null; maxTextLength: -1; stateDescription: null; contentDescription: null; tooltipText: null; containerTitle: null; viewIdResName: null; uniqueId: null; checkable: false; checked: false; focusable: false; focused: false; selected: false; clickable: false; longClickable: false; contextClickable: false; enabled: true; password: false; scrollable: false; importantForAccessibility: false; visible: false; actions: [AccessibilityAction: ACTION_SELECT - null, AccessibilityAction: ACTION_CLEAR_SELECTION - null, AccessibilityAction: ACTION_ACCESSIBILITY_FOCUS - null, AccessibilityAction: ACTION_SHOW_ON_SCREEN - null]; isTextSelectable: false
06-25 11:59:54.733  5587  6485 W NetworkScheduler: The extras of the task (com.google.android.gms.ocr.service.ModelCleanUpTaskService:type_[4]) are not valid to be persisted so that the task is not persisted [CONTEXT service_id=218 ]
06-25 11:59:54.733  5587  6485 W NetworkScheduler: java.lang.IllegalArgumentException: Only the following extra parameter types are supported: Integer, Long, Double, String, Boolean, and nested Bundles with the same restrictions.
06-25 11:59:54.733  5587  6485 W NetworkScheduler: 	at awaz.e(:com.google.android.gms@231818047@23.18.18 (190800-535401451):10)
06-25 11:59:54.733  5587  6485 W NetworkScheduler: 	at byui.f(:com.google.android.gms@231818047@23.18.18 (190800-535401451):44)
06-25 11:59:54.733  5587  6485 W NetworkScheduler: 	at bytb.n(:com.google.android.gms@231818047@23.18.18 (190800-535401451):3)
06-25 11:59:54.733  5587  6485 W NetworkScheduler: 	at bytb.u(:com.google.android.gms@231818047@23.18.18 (190800-535401451):20)
06-25 11:59:54.733  5587  6485 W NetworkScheduler: 	at bytb.h(:com.google.android.gms@231818047@23.18.18 (190800-535401451):3)
06-25 11:59:54.733  5587  6485 W NetworkScheduler: 	at byot.run(:com.google.android.gms@231818047@23.18.18 (190800-535401451):9)
06-25 11:59:54.733  5587  6485 W NetworkScheduler: 	at aced.c(:com.google.android.gms@231818047@23.18.18 (190800-535401451):6)
06-25 11:59:54.733  5587  6485 W NetworkScheduler: 	at aced.run(:com.google.android.gms@231818047@23.18.18 (190800-535401451):8)
06-25 11:59:54.733  5587  6485 W NetworkScheduler: 	at java.util.concurrent.ThreadPoolExecutor.runWorker(ThreadPoolExecutor.java:1145)
06-25 11:59:54.733  5587  6485 W NetworkScheduler: 	at java.util.concurrent.ThreadPoolExecutor$Worker.run(ThreadPoolExecutor.java:644)
06-25 11:59:54.733  5587  6485 W NetworkScheduler: 	at acjn.run(:com.google.android.gms@231818047@23.18.18 (190800-535401451):0)
06-25 11:59:54.733  5587  6485 W NetworkScheduler: 	at java.lang.Thread.run(Thread.java:1012)
06-25 11:59:54.746  5681  6613 I GmsDebugLogger: [73] 1801
06-25 11:59:54.753  5681  6613 W ZappDownloader: No successful module downloads for requested features [tflite_dynamite].
06-25 11:59:54.753  5681  6613 I GmsDebugLogger: [30] [TfliteDynamiteDynamite.integ:260580502100800]
06-25 11:59:54.759  5681  6613 W ChimeraConfigService: Retry attempt was throttled. [CONTEXT service_id=264 ]
06-25 11:59:54.759  5681  6613 I GmsDebugLogger: [83] 1 [tflite_dynamite]
06-25 11:59:54.770  5940  6258 D Maestro : View hierarchy received in 147 ms
06-25 11:59:54.807  3112  3161 D TrafficStats: tagSocket(130) with statsTag=0x1809, statsUid=-1
06-25 11:59:54.815  3112  3161 D TrafficStats: tagSocket(130) with statsTag=0x1809, statsUid=-1
06-25 11:59:54.817  3112  3161 D TrafficStats: tagSocket(130) with statsTag=0x1809, statsUid=-1
06-25 11:59:54.817  5587  6582 I SemanticLocation: [MDD] ModelBundleMetadata: File not found [CONTEXT service_id=173 ]
06-25 11:59:54.817  5587  6582 I SemanticLocation: java.io.FileNotFoundException: /data/user/0/com.google.android.gms/files/model_bundle_metadata.pb: open failed: ENOENT (No such file or directory)
06-25 11:59:54.817  5587  6582 I SemanticLocation: 	at libcore.io.IoBridge.open(IoBridge.java:574)
06-25 11:59:54.817  5587  6582 I SemanticLocation: 	at java.io.FileInputStream.<init>(FileInputStream.java:160)
06-25 11:59:54.817  5587  6582 I SemanticLocation: 	at android.app.ContextImpl.openFileInput(ContextImpl.java:745)
06-25 11:59:54.817  5587  6582 I SemanticLocation: 	at android.content.ContextWrapper.openFileInput(ContextWrapper.java:249)
06-25 11:59:54.817  5587  6582 I SemanticLocation: 	at android.content.ContextWrapper.openFileInput(ContextWrapper.java:249)
06-25 11:59:54.817  5587  6582 I SemanticLocation: 	at android.content.ContextWrapper.openFileInput(ContextWrapper.java:249)
06-25 11:59:54.817  5587  6582 I SemanticLocation: 	at bzxt.h(:com.google.android.gms@231818047@23.18.18 (190800-535401451):1)
06-25 11:59:54.817  5587  6582 I SemanticLocation: 	at bzxd.c(:com.google.android.gms@231818047@23.18.18 (190800-535401451):9)
06-25 11:59:54.817  5587  6582 I SemanticLocation: 	at cadb.run(:com.google.android.gms@231818047@23.18.18 (190800-535401451):0)
06-25 11:59:54.817  5587  6582 I SemanticLocation: 	at aced.c(:com.google.android.gms@231818047@23.18.18 (190800-535401451):6)
06-25 11:59:54.817  5587  6582 I SemanticLocation: 	at aced.run(:com.google.android.gms@231818047@23.18.18 (190800-535401451):8)
06-25 11:59:54.817  5587  6582 I SemanticLocation: 	at java.util.concurrent.ThreadPoolExecutor.runWorker(ThreadPoolExecutor.java:1145)
06-25 11:59:54.817  5587  6582 I SemanticLocation: 	at java.util.concurrent.ThreadPoolExecutor$Worker.run(ThreadPoolExecutor.java:644)
06-25 11:59:54.817  5587  6582 I SemanticLocation: 	at acjn.run(:com.google.android.gms@231818047@23.18.18 (190800-535401451):0)
06-25 11:59:54.817  5587  6582 I SemanticLocation: 	at java.lang.Thread.run(Thread.java:1012)
06-25 11:59:54.817  5587  6582 I SemanticLocation: Caused by: android.system.ErrnoException: open failed: ENOENT (No such file or directory)
06-25 11:59:54.817  5587  6582 I SemanticLocation: 	at libcore.io.Linux.open(Native Method)
06-25 11:59:54.817  5587  6582 I SemanticLocation: 	at libcore.io.ForwardingOs.open(ForwardingOs.java:563)
06-25 11:59:54.817  5587  6582 I SemanticLocation: 	at libcore.io.BlockGuardOs.open(BlockGuardOs.java:274)
06-25 11:59:54.817  5587  6582 I SemanticLocation: 	at libcore.io.ForwardingOs.open(ForwardingOs.java:563)
06-25 11:59:54.817  5587  6582 I SemanticLocation: 	at android.app.ActivityThread$AndroidOs.open(ActivityThread.java:8063)
06-25 11:59:54.817  5587  6582 I SemanticLocation: 	at libcore.io.IoBridge.open(IoBridge.java:560)
06-25 11:59:54.817  5587  6582 I SemanticLocation: 	... 14 more
06-25 11:59:54.825  5940  6258 D Maestro : Requesting view hierarchy
06-25 11:59:54.852   518   546 I CredManSysServiceImpl: CredentialManagerServiceImpl constructed for: com.google.android.gms/.auth.api.credentials.credman.service.PasswordAndPasskeyService
06-25 11:59:54.855   518   546 I CredManSysServiceImpl: newServiceInfoLocked, mInfo null, com.google.android.gms/com.google.android.gms.auth.api.credentials.credman.service.PasswordAndPasskeyService
06-25 11:59:54.868  5681  5771 E WorkSourceUtil: Could not find package: com.google.android.gms.westworld
06-25 11:59:54.880  5940  6258 W QueryController: Could not detect idle state.
06-25 11:59:54.881  5940  6258 W QueryController: Could not detect idle state.
06-25 11:59:54.888  5940  6258 I Maestro : Skipping invisible child: android.view.accessibility.AccessibilityNodeInfo@12882; boundsInParent: Rect(0, 0 - 320, 0); boundsInScreen: Rect(0, 0 - 320, 0); boundsInWindow: Rect(0, 0 - 320, 0); packageName: com.hanapkalinga.mobile; className: android.widget.LinearLayout; text: null; error: null; maxTextLength: -1; stateDescription: null; contentDescription: null; tooltipText: null; containerTitle: null; viewIdResName: null; uniqueId: null; checkable: false; checked: false; focusable: false; focused: false; selected: false; clickable: false; longClickable: false; contextClickable: false; enabled: true; password: false; scrollable: false; importantForAccessibility: false; visible: false; actions: [AccessibilityAction: ACTION_SELECT - null, AccessibilityAction: ACTION_CLEAR_SELECTION - null, AccessibilityAction: ACTION_ACCESSIBILITY_FOCUS - null, AccessibilityAction: ACTION_SHOW_ON_SCREEN - null]; isTextSelectable: false
06-25 11:59:54.889  5940  6258 I Maestro : Skipping invisible child: android.view.accessibility.AccessibilityNodeInfo@124c1; boundsInParent: Rect(0, 0 - 320, 0); boundsInScreen: Rect(0, 0 - 320, 0); boundsInWindow: Rect(0, 0 - 320, 0); packageName: com.hanapkalinga.mobile; className: android.view.ViewGroup; text: null; error: null; maxTextLength: -1; stateDescription: null; contentDescription: null; tooltipText: null; containerTitle: null; viewIdResName: null; uniqueId: null; checkable: false; checked: false; focusable: false; focused: false; selected: false; clickable: false; longClickable: false; contextClickable: false; enabled: true; password: false; scrollable: false; importantForAccessibility: false; visible: false; actions: [AccessibilityAction: ACTION_SELECT - null, AccessibilityAction: ACTION_CLEAR_SELECTION - null, AccessibilityAction: ACTION_ACCESSIBILITY_FOCUS - null, AccessibilityAction: ACTION_SHOW_ON_SCREEN - null]; isTextSelectable: false
06-25 11:59:54.889  5940  6258 I Maestro : Skipping invisible child: android.view.accessibility.AccessibilityNodeInfo@1919e; boundsInParent: Rect(0, 0 - 320, 0); boundsInScreen: Rect(0, 0 - 320, 0); boundsInWindow: Rect(0, 0 - 320, 0); packageName: com.hanapkalinga.mobile; className: android.widget.LinearLayout; text: null; error: null; maxTextLength: -1; stateDescription: null; contentDescription: null; tooltipText: null; containerTitle: null; viewIdResName: null; uniqueId: null; checkable: false; checked: false; focusable: false; focused: false; selected: false; clickable: false; longClickable: false; contextClickable: false; enabled: true; password: false; scrollable: false; importantForAccessibility: false; visible: false; actions: [AccessibilityAction: ACTION_SELECT - null, AccessibilityAction: ACTION_CLEAR_SELECTION - null, AccessibilityAction: ACTION_ACCESSIBILITY_FOCUS - null, AccessibilityAction: ACTION_SHOW_ON_SCREEN - null]; isTextSelectable: false
06-25 11:59:54.890  5940  6258 I Maestro : Skipping invisible child: android.view.accessibility.AccessibilityNodeInfo@18ddd; boundsInParent: Rect(0, 0 - 320, 0); boundsInScreen: Rect(0, 0 - 320, 0); boundsInWindow: Rect(0, 0 - 320, 0); packageName: com.hanapkalinga.mobile; className: android.view.ViewGroup; text: null; error: null; maxTextLength: -1; stateDescription: null; contentDescription: null; tooltipText: null; containerTitle: null; viewIdResName: null; uniqueId: null; checkable: false; checked: false; focusable: false; focused: false; selected: false; clickable: false; longClickable: false; contextClickable: false; enabled: true; password: false; scrollable: false; importantForAccessibility: false; visible: false; actions: [AccessibilityAction: ACTION_SELECT - null, AccessibilityAction: ACTION_CLEAR_SELECTION - null, AccessibilityAction: ACTION_ACCESSIBILITY_FOCUS - null, AccessibilityAction: ACTION_SHOW_ON_SCREEN - null]; isTextSelectable: false
06-25 11:59:54.892   518   942 D PackageManager: Instant App installer not found with android.intent.action.INSTALL_INSTANT_APP_PACKAGE
06-25 11:59:54.892   518   942 D PackageManager: Clear ephemeral installer activity
06-25 11:59:54.892   518   942 D PackageManager: Instant App installer not found with android.intent.action.INSTALL_INSTANT_APP_PACKAGE
06-25 11:59:54.892   518   942 D PackageManager: Clear ephemeral installer activity
06-25 11:59:54.892   518   942 D PackageManager: Instant App installer not found with android.intent.action.INSTALL_INSTANT_APP_PACKAGE
06-25 11:59:54.892   518   942 D PackageManager: Clear ephemeral installer activity
06-25 11:59:54.893  5681  6613 I NewModuleComplete: Received com.google.android.chimera.IntentOperation.NEW_MODULE(com.google.android.gms.chimera.GmsIntentOperationService,2,true)
06-25 11:59:54.893   397   408 D PermissionCache: checking android.permission.DUMP for uid=10132 => granted (1621 us)
06-25 11:59:54.897  5681  6613 I NewModuleHelper: Received com.google.android.chimera.container.NEW_MODULE_FINALIZE(2/0): com.google.android.gms.chimera.GmsIntentOperationService,2,true
06-25 11:59:54.897  5681  6613 I NewModuleHelper: Completed all new module init intents for all processes.
06-25 11:59:54.927  1684  1684 I AiAiEcho: AppFetcherImpl onPackageChanged com.google.android.gms.
06-25 11:59:54.928  1684  3557 I AiAiEcho: AppIndexer Package:[com.google.android.gms] UserProfile:[0] Enabled:[true].
06-25 11:59:54.928  1684  3557 I AiAiEcho: AppFetcherImplV2 updateApps package:[com.google.android.gms], userId:[0], reason:[package is updated.].
06-25 11:59:54.937   518   821 D PackageManager: Instant App installer not found with android.intent.action.INSTALL_INSTANT_APP_PACKAGE
06-25 11:59:54.937   518   821 D PackageManager: Clear ephemeral installer activity
06-25 11:59:54.938   518   821 D PackageManager: Instant App installer not found with android.intent.action.INSTALL_INSTANT_APP_PACKAGE
06-25 11:59:54.938   518   821 D PackageManager: Clear ephemeral installer activity
06-25 11:59:54.939  5587  6573 W ChimeraUtils: Module com.google.android.gms.location__nonwearable missing resource location_module_display_name(0)
06-25 11:59:54.943   518  1687 W JobScheduler: Job didn't exist in JobStore: a82ac2b #u0a153/7 com.google.android.contacts/com.google.android.apps.contacts.shortcut.ShortcutJobService
06-25 11:59:54.946  5940  6258 D Maestro : View hierarchy received in 121 ms
06-25 11:59:54.952  5587  6485 I NetworkScheduler.Stats: Task com.google.android.gms/com.google.android.gms.clearcut.uploader.QosUploaderService finished executing. cause:5 result: 1 elapsed_millis: 112 uptime_millis: 112 exec_start_elapsed_seconds: 149 [CONTEXT service_id=218 ]
06-25 11:59:54.955  3112  3112 W IntentService[D: type=1400 audit(0.0:54): avc:  denied  { read } for  name="u:object_r:system_adbd_prop:s0" dev="tmpfs" ino=292 scontext=u:r:gmscore_app:s0:c512,c768 tcontext=u:object_r:system_adbd_prop:s0 tclass=file permissive=0 app=com.google.android.gms
06-25 11:59:54.963  3112  6575 W libc    : Access denied finding property "persist.adb.tls_server.enable"
06-25 11:59:54.968  3112  6575 W libc    : Access denied finding property "service.adb.tls.port"
06-25 11:59:54.963  3112  3112 W IntentService[D: type=1400 audit(0.0:55): avc:  denied  { read } for  name="u:object_r:adbd_prop:s0" dev="tmpfs" ino=60 scontext=u:r:gmscore_app:s0:c512,c768 tcontext=u:object_r:adbd_prop:s0 tclass=file permissive=0 app=com.google.android.gms
06-25 11:59:54.975  5587  5623 W GmsUrlRequestImpl: Content-Type header is overwritten.
06-25 11:59:54.979   332  6625 I resolv  : GetAddrInfoHandler::run: {100 786532 100 983140 10132 0}
06-25 11:59:54.979   332  6626 I resolv  : res_nmkquery: (QUERY, IN, AAAA)
06-25 11:59:54.979   332  6626 I resolv  : resolv_cache_lookup: FOUND IN CACHE entry=0x77090321fc50
06-25 11:59:54.979   332  6626 I resolv  : doQuery: rcode=0, ancount=4, return value=152
06-25 11:59:54.982   332  6627 I resolv  : res_nmkquery: (QUERY, IN, A)
06-25 11:59:54.982   332  6627 I resolv  : resolv_cache_lookup: FOUND IN CACHE entry=0x77090321c650
06-25 11:59:54.982   332  6627 I resolv  : doQuery: rcode=0, ancount=4, return value=104
06-25 11:59:54.982  5587  5874 D TrafficStats: tagSocket(283) with statsTag=0x401, statsUid=10132
06-25 11:59:54.995  5587  6611 I GCoreUlr: WorldUpdater received intent Intent { act=com.google.android.location.reporting.ACTION_UPDATE_WORLD cmp=com.google.android.gms/com.google.android.location.reporting.service.DispatchingService (has extras) } with receiverAction init
06-25 11:59:54.997   332   360 I netd    : tetherGetStats() -> {[]} <0.29ms>
06-25 11:59:55.006   332   360 I netd    : bandwidthSetGlobalAlert(2097152) <0.11ms>
06-25 11:59:55.008   332   360 I netd    : bandwidthRemoveInterfaceQuota(eth0) <0.40ms>
06-25 11:59:55.008   332   360 I netd    : bandwidthSetInterfaceQuota(eth0, 9223372036854775807) <0.32ms>
06-25 11:59:55.011  5940  6258 D Maestro : Requesting view hierarchy
06-25 11:59:55.011  5940  6258 W QueryController: Could not detect idle state.
06-25 11:59:55.013  5940  6258 W QueryController: Could not detect idle state.
06-25 11:59:55.028  5681  5914 I PeopleGalProvider: Gal directories started.
06-25 11:59:55.032  5681  5914 I PeopleGalProvider: Method 1 completed.
06-25 11:59:55.032  5681  5914 I PeopleGalProvider: Method 1 finished successfully.
06-25 11:59:55.055  5587  6611 I GCoreUlr: WorldUpdater:init: Ensuring that reporting is stopped because of reasons: (no Google accounts)
06-25 11:59:55.056  5587  6611 I GCoreUlr: Unbound from all signal providers.
06-25 11:59:55.059  5587  6611 I GCoreUlr: DispatchingService ignoring Intent { act=android.net.wifi.WIFI_STATE_CHANGED flg=0x44000010 (has extras) } because ULR inactive
06-25 11:59:55.061  5587  6573 I Fitness : OnPackageChangedOperation got intent: Intent { act=android.intent.action.PACKAGE_CHANGED dat=package: flg=0x45000010 pkg=com.google.android.gms cmp=com.google.android.gms/.chimera.PersistentIntentOperationService (has extras) } [CONTEXT service_id=17 ]
06-25 11:59:55.061  5940  6258 I Maestro : Skipping invisible child: android.view.accessibility.AccessibilityNodeInfo@12882; boundsInParent: Rect(0, 0 - 320, 0); boundsInScreen: Rect(0, 0 - 320, 0); boundsInWindow: Rect(0, 0 - 320, 0); packageName: com.hanapkalinga.mobile; className: android.widget.LinearLayout; text: null; error: null; maxTextLength: -1; stateDescription: null; contentDescription: null; tooltipText: null; containerTitle: null; viewIdResName: null; uniqueId: null; checkable: false; checked: false; focusable: false; focused: false; selected: false; clickable: false; longClickable: false; contextClickable: false; enabled: true; password: false; scrollable: false; importantForAccessibility: false; visible: false; actions: [AccessibilityAction: ACTION_SELECT - null, AccessibilityAction: ACTION_CLEAR_SELECTION - null, AccessibilityAction: ACTION_ACCESSIBILITY_FOCUS - null, AccessibilityAction: ACTION_SHOW_ON_SCREEN - null]; isTextSelectable: false
06-25 11:59:55.062  5940  6258 I Maestro : Skipping invisible child: android.view.accessibility.AccessibilityNodeInfo@124c1; boundsInParent: Rect(0, 0 - 320, 0); boundsInScreen: Rect(0, 0 - 320, 0); boundsInWindow: Rect(0, 0 - 320, 0); packageName: com.hanapkalinga.mobile; className: android.view.ViewGroup; text: null; error: null; maxTextLength: -1; stateDescription: null; contentDescription: null; tooltipText: null; containerTitle: null; viewIdResName: null; uniqueId: null; checkable: false; checked: false; focusable: false; focused: false; selected: false; clickable: false; longClickable: false; contextClickable: false; enabled: true; password: false; scrollable: false; importantForAccessibility: false; visible: false; actions: [AccessibilityAction: ACTION_SELECT - null, AccessibilityAction: ACTION_CLEAR_SELECTION - null, AccessibilityAction: ACTION_ACCESSIBILITY_FOCUS - null, AccessibilityAction: ACTION_SHOW_ON_SCREEN - null]; isTextSelectable: false
06-25 11:59:55.062  5587  6383 W ChimeraUtils: Module com.google.android.gms.nearby_en missing resource null(0)
06-25 11:59:55.062  5940  6258 I Maestro : Skipping invisible child: android.view.accessibility.AccessibilityNodeInfo@1919e; boundsInParent: Rect(0, 0 - 320, 0); boundsInScreen: Rect(0, 0 - 320, 0); boundsInWindow: Rect(0, 0 - 320, 0); packageName: com.hanapkalinga.mobile; className: android.widget.LinearLayout; text: null; error: null; maxTextLength: -1; stateDescription: null; contentDescription: null; tooltipText: null; containerTitle: null; viewIdResName: null; uniqueId: null; checkable: false; checked: false; focusable: false; focused: false; selected: false; clickable: false; longClickable: false; contextClickable: false; enabled: true; password: false; scrollable: false; importantForAccessibility: false; visible: false; actions: [AccessibilityAction: ACTION_SELECT - null, AccessibilityAction: ACTION_CLEAR_SELECTION - null, AccessibilityAction: ACTION_ACCESSIBILITY_FOCUS - null, AccessibilityAction: ACTION_SHOW_ON_SCREEN - null]; isTextSelectable: false
06-25 11:59:55.062  5940  6258 I Maestro : Skipping invisible child: android.view.accessibility.AccessibilityNodeInfo@18ddd; boundsInParent: Rect(0, 0 - 320, 0); boundsInScreen: Rect(0, 0 - 320, 0); boundsInWindow: Rect(0, 0 - 320, 0); packageName: com.hanapkalinga.mobile; className: android.view.ViewGroup; text: null; error: null; maxTextLength: -1; stateDescription: null; contentDescription: null; tooltipText: null; containerTitle: null; viewIdResName: null; uniqueId: null; checkable: false; checked: false; focusable: false; focused: false; selected: false; clickable: false; longClickable: false; contextClickable: false; enabled: true; password: false; scrollable: false; importantForAccessibility: false; visible: false; actions: [AccessibilityAction: ACTION_SELECT - null, AccessibilityAction: ACTION_CLEAR_SELECTION - null, AccessibilityAction: ACTION_ACCESSIBILITY_FOCUS - null, AccessibilityAction: ACTION_SHOW_ON_SCREEN - null]; isTextSelectable: false
06-25 11:59:55.076  5587  5623 W GLSUser : [AppCertManager] Exception while requesting key: 
06-25 11:59:55.076  5587  5623 W GLSUser : java.util.concurrent.ExecutionException: avvw: Parse Proto Exception.
06-25 11:59:55.076  5587  5623 W GLSUser : 	at dlnv.s(:com.google.android.gms@231818047@23.18.18 (190800-535401451):3)
06-25 11:59:55.076  5587  5623 W GLSUser : 	at dlnv.get(:com.google.android.gms@231818047@23.18.18 (190800-535401451):7)
06-25 11:59:55.076  5587  5623 W GLSUser : 	at oub.b(:com.google.android.gms@231818047@23.18.18 (190800-535401451):78)
06-25 11:59:55.076  5587  5623 W GLSUser : 	at otz.b(:com.google.android.gms@231818047@23.18.18 (190800-535401451):4)
06-25 11:59:55.076  5587  5623 W GLSUser : 	at otu.a(:com.google.android.gms@231818047@23.18.18 (190800-535401451):0)
06-25 11:59:55.076  5587  5623 W GLSUser : 	at otx.a(:com.google.android.gms@231818047@23.18.18 (190800-535401451):6)
06-25 11:59:55.076  5587  5623 W GLSUser : 	at lzq.call(:com.google.android.gms@231818047@23.18.18 (190800-535401451):14)
06-25 11:59:55.076  5587  5623 W GLSUser : 	at java.util.concurrent.FutureTask.run(FutureTask.java:264)
06-25 11:59:55.076  5587  5623 W GLSUser : 	at aced.c(:com.google.android.gms@231818047@23.18.18 (190800-535401451):6)
06-25 11:59:55.076  5587  5623 W GLSUser : 	at aced.run(:com.google.android.gms@231818047@23.18.18 (190800-535401451):7)
06-25 11:59:55.076  5587  5623 W GLSUser : 	at java.util.concurrent.ThreadPoolExecutor.runWorker(ThreadPoolExecutor.java:1145)
06-25 11:59:55.076  5587  5623 W GLSUser : 	at java.util.concurrent.ThreadPoolExecutor$Worker.run(ThreadPoolExecutor.java:644)
06-25 11:59:55.076  5587  5623 W GLSUser : 	at acjn.run(:com.google.android.gms@231818047@23.18.18 (190800-535401451):0)
06-25 11:59:55.076  5587  5623 W GLSUser : 	at java.lang.Thread.run(Thread.java:1012)
06-25 11:59:55.076  5587  5623 W GLSUser : Caused by: avvw: Parse Proto Exception.
06-25 11:59:55.076  5587  5623 W GLSUser : 	at avwn.f(:com.google.android.gms@231818047@23.18.18 (190800-535401451):5)
06-25 11:59:55.076  5587  5623 W GLSUser : 	at avxk.onSucceeded(:com.google.android.gms@231818047@23.18.18 (190800-535401451):0)
06-25 11:59:55.076  5587  5623 W GLSUser : 	at jf.onSucceeded(:com.google.android.gms.dynamite_cronetdynamite@231818047@23.18.18 (190800-0):0)
06-25 11:59:55.076  5587  5623 W GLSUser : 	at ie.run(:com.google.android.gms.dynamite_cronetdynamite@231818047@23.18.18 (190800-0):4)
06-25 11:59:55.076  5587  5623 W GLSUser : 	... 6 more
06-25 11:59:55.076  5587  5623 W GLSUser : Caused by: dzfz: Protocol message contained an invalid tag (zero).
06-25 11:59:55.076  5587  5623 W GLSUser : 	at dzdb.k(:com.google.android.gms@231818047@23.18.18 (190800-535401451):13)
06-25 11:59:55.076  5587  5623 W GLSUser : 	at dzha.c(:com.google.android.gms@231818047@23.18.18 (190800-535401451):47)
06-25 11:59:55.076  5587  5623 W GLSUser : 	at dzha.h(:com.google.android.gms@231818047@23.18.18 (190800-535401451):45)
06-25 11:59:55.076  5587  5623 W GLSUser : 	at dzfd.A(:com.google.android.gms@231818047@23.18.18 (190800-535401451):2)
06-25 11:59:55.076  5587  5623 W GLSUser : 	at dzex.f(:com.google.android.gms@231818047@23.18.18 (190800-535401451):0)
06-25 11:59:55.076  5587  5623 W GLSUser : 	at dzcx.d(:com.google.android.gms@231818047@23.18.18 (190800-535401451):0)
06-25 11:59:55.076  5587  5623 W GLSUser : 	at dzcx.c(:com.google.android.gms@231818047@23.18.18 (190800-535401451):0)
06-25 11:59:55.076  5587  5623 W GLSUser : 	at dzcx.n(:com.google.android.gms@231818047@23.18.18 (190800-535401451):0)
06-25 11:59:55.076  5587  5623 W GLSUser : 	at avwn.h(:com.google.android.gms@231818047@23.18.18 (190800-535401451):7)
06-25 11:59:55.076  5587  5623 W GLSUser : 	at avwn.f(:com.google.android.gms@231818047@23.18.18 (190800-535401451):1)
06-25 11:59:55.076  5587  5623 W GLSUser : 	... 9 more
06-25 11:59:55.078  5940  6258 D Maestro : View hierarchy received in 67 ms
06-25 11:59:55.088  5681  5794 I Icing   : updateResources: need to parse arkh{com.google.android.gms}
06-25 11:59:55.098  5681  5812 I Icing   : IndexChimeraService.getServiceInterface callingPackage=com.google.android.gms componentName=AppsCorpus serviceId=36
06-25 11:59:55.098  5587  6383 W ChimeraUtils: Module com.google.android.gms.nearby_en missing resource null(0)
06-25 11:59:55.108  5587  6628 I Fitness : FitCleanupIntentOperation received Intent android.intent.action.PACKAGE_CHANGED [CONTEXT service_id=17 ]
06-25 11:59:55.116  5587  5587 I GCoreUlr: Unbound from all signal providers.
06-25 11:59:55.117  5587  5587 I GCoreUlr: Stopping handler for UlrDispSvcFast
06-25 11:59:55.160  5681  5794 I Icing   : Usage reports ok 0, Failed Usage reports 0, indexed 0, rejected 0
06-25 11:59:55.161  5681  5794 I Icing   : Indexing com.google.android.gms-apps from com.google.android.gms
06-25 11:59:55.163  5681  5794 I Icing   : Indexing done com.google.android.gms-apps
06-25 11:59:55.174  5940  6258 D Maestro : Requesting view hierarchy
06-25 11:59:55.174  5940  6258 W QueryController: Could not detect idle state.
06-25 11:59:55.175  5940  6258 W QueryController: Could not detect idle state.
06-25 11:59:55.186  5940  6258 I Maestro : Skipping invisible child: android.view.accessibility.AccessibilityNodeInfo@12882; boundsInParent: Rect(0, 0 - 320, 0); boundsInScreen: Rect(0, 0 - 320, 0); boundsInWindow: Rect(0, 0 - 320, 0); packageName: com.hanapkalinga.mobile; className: android.widget.LinearLayout; text: null; error: null; maxTextLength: -1; stateDescription: null; contentDescription: null; tooltipText: null; containerTitle: null; viewIdResName: null; uniqueId: null; checkable: false; checked: false; focusable: false; focused: false; selected: false; clickable: false; longClickable: false; contextClickable: false; enabled: true; password: false; scrollable: false; importantForAccessibility: false; visible: false; actions: [AccessibilityAction: ACTION_SELECT - null, AccessibilityAction: ACTION_CLEAR_SELECTION - null, AccessibilityAction: ACTION_ACCESSIBILITY_FOCUS - null, AccessibilityAction: ACTION_SHOW_ON_SCREEN - null]; isTextSelectable: false
