06-25 11:59:53.281  5940  6258 I Maestro : Skipping invisible child: android.view.accessibility.AccessibilityNodeInfo@124c1; boundsInParent: Rect(0, 0 - 320, 0); boundsInScreen: Rect(0, 0 - 320, 0); boundsInWindow: Rect(0, 0 - 320, 0); packageName: com.hanapkalinga.mobile; className: android.view.ViewGroup; text: null; error: null; maxTextLength: -1; stateDescription: null; contentDescription: null; tooltipText: null; containerTitle: null; viewIdResName: null; uniqueId: null; checkable: false; checked: false; focusable: false; focused: false; selected: false; clickable: false; longClickable: false; contextClickable: false; enabled: true; password: false; scrollable: false; importantForAccessibility: false; visible: false; actions: [AccessibilityAction: ACTION_SELECT - null, AccessibilityAction: ACTION_CLEAR_SELECTION - null, AccessibilityAction: ACTION_ACCESSIBILITY_FOCUS - null, AccessibilityAction: ACTION_SHOW_ON_SCREEN - null]; isTextSelectable: false
06-25 11:59:53.282  5940  6258 I Maestro : Skipping invisible child: android.view.accessibility.AccessibilityNodeInfo@1919e; boundsInParent: Rect(0, 0 - 320, 0); boundsInScreen: Rect(0, 0 - 320, 0); boundsInWindow: Rect(0, 0 - 320, 0); packageName: com.hanapkalinga.mobile; className: android.widget.LinearLayout; text: null; error: null; maxTextLength: -1; stateDescription: null; contentDescription: null; tooltipText: null; containerTitle: null; viewIdResName: null; uniqueId: null; checkable: false; checked: false; focusable: false; focused: false; selected: false; clickable: false; longClickable: false; contextClickable: false; enabled: true; password: false; scrollable: false; importantForAccessibility: false; visible: false; actions: [AccessibilityAction: ACTION_SELECT - null, AccessibilityAction: ACTION_CLEAR_SELECTION - null, AccessibilityAction: ACTION_ACCESSIBILITY_FOCUS - null, AccessibilityAction: ACTION_SHOW_ON_SCREEN - null]; isTextSelectable: false
06-25 11:59:53.282  5940  6258 I Maestro : Skipping invisible child: android.view.accessibility.AccessibilityNodeInfo@18ddd; boundsInParent: Rect(0, 0 - 320, 0); boundsInScreen: Rect(0, 0 - 320, 0); boundsInWindow: Rect(0, 0 - 320, 0); packageName: com.hanapkalinga.mobile; className: android.view.ViewGroup; text: null; error: null; maxTextLength: -1; stateDescription: null; contentDescription: null; tooltipText: null; containerTitle: null; viewIdResName: null; uniqueId: null; checkable: false; checked: false; focusable: false; focused: false; selected: false; clickable: false; longClickable: false; contextClickable: false; enabled: true; password: false; scrollable: false; importantForAccessibility: false; visible: false; actions: [AccessibilityAction: ACTION_SELECT - null, AccessibilityAction: ACTION_CLEAR_SELECTION - null, AccessibilityAction: ACTION_ACCESSIBILITY_FOCUS - null, AccessibilityAction: ACTION_SHOW_ON_SCREEN - null]; isTextSelectable: false
06-25 11:59:53.287  5940  6258 D Maestro : View hierarchy received in 13 ms
06-25 11:59:53.378  5940  6258 D Maestro : Requesting view hierarchy
06-25 11:59:53.379  5940  6258 W QueryController: Could not detect idle state.
06-25 11:59:53.379  5940  6258 W QueryController: Could not detect idle state.
06-25 11:59:53.384  5940  6258 I Maestro : Skipping invisible child: android.view.accessibility.AccessibilityNodeInfo@12882; boundsInParent: Rect(0, 0 - 320, 0); boundsInScreen: Rect(0, 0 - 320, 0); boundsInWindow: Rect(0, 0 - 320, 0); packageName: com.hanapkalinga.mobile; className: android.widget.LinearLayout; text: null; error: null; maxTextLength: -1; stateDescription: null; contentDescription: null; tooltipText: null; containerTitle: null; viewIdResName: null; uniqueId: null; checkable: false; checked: false; focusable: false; focused: false; selected: false; clickable: false; longClickable: false; contextClickable: false; enabled: true; password: false; scrollable: false; importantForAccessibility: false; visible: false; actions: [AccessibilityAction: ACTION_SELECT - null, AccessibilityAction: ACTION_CLEAR_SELECTION - null, AccessibilityAction: ACTION_ACCESSIBILITY_FOCUS - null, AccessibilityAction: ACTION_SHOW_ON_SCREEN - null]; isTextSelectable: false
06-25 11:59:53.385  5940  6258 I Maestro : Skipping invisible child: android.view.accessibility.AccessibilityNodeInfo@124c1; boundsInParent: Rect(0, 0 - 320, 0); boundsInScreen: Rect(0, 0 - 320, 0); boundsInWindow: Rect(0, 0 - 320, 0); packageName: com.hanapkalinga.mobile; className: android.view.ViewGroup; text: null; error: null; maxTextLength: -1; stateDescription: null; contentDescription: null; tooltipText: null; containerTitle: null; viewIdResName: null; uniqueId: null; checkable: false; checked: false; focusable: false; focused: false; selected: false; clickable: false; longClickable: false; contextClickable: false; enabled: true; password: false; scrollable: false; importantForAccessibility: false; visible: false; actions: [AccessibilityAction: ACTION_SELECT - null, AccessibilityAction: ACTION_CLEAR_SELECTION - null, AccessibilityAction: ACTION_ACCESSIBILITY_FOCUS - null, AccessibilityAction: ACTION_SHOW_ON_SCREEN - null]; isTextSelectable: false
06-25 11:59:53.385  5940  6258 I Maestro : Skipping invisible child: android.view.accessibility.AccessibilityNodeInfo@1919e; boundsInParent: Rect(0, 0 - 320, 0); boundsInScreen: Rect(0, 0 - 320, 0); boundsInWindow: Rect(0, 0 - 320, 0); packageName: com.hanapkalinga.mobile; className: android.widget.LinearLayout; text: null; error: null; maxTextLength: -1; stateDescription: null; contentDescription: null; tooltipText: null; containerTitle: null; viewIdResName: null; uniqueId: null; checkable: false; checked: false; focusable: false; focused: false; selected: false; clickable: false; longClickable: false; contextClickable: false; enabled: true; password: false; scrollable: false; importantForAccessibility: false; visible: false; actions: [AccessibilityAction: ACTION_SELECT - null, AccessibilityAction: ACTION_CLEAR_SELECTION - null, AccessibilityAction: ACTION_ACCESSIBILITY_FOCUS - null, AccessibilityAction: ACTION_SHOW_ON_SCREEN - null]; isTextSelectable: false
06-25 11:59:53.385  5940  6258 I Maestro : Skipping invisible child: android.view.accessibility.AccessibilityNodeInfo@18ddd; boundsInParent: Rect(0, 0 - 320, 0); boundsInScreen: Rect(0, 0 - 320, 0); boundsInWindow: Rect(0, 0 - 320, 0); packageName: com.hanapkalinga.mobile; className: android.view.ViewGroup; text: null; error: null; maxTextLength: -1; stateDescription: null; contentDescription: null; tooltipText: null; containerTitle: null; viewIdResName: null; uniqueId: null; checkable: false; checked: false; focusable: false; focused: false; selected: false; clickable: false; longClickable: false; contextClickable: false; enabled: true; password: false; scrollable: false; importantForAccessibility: false; visible: false; actions: [AccessibilityAction: ACTION_SELECT - null, AccessibilityAction: ACTION_CLEAR_SELECTION - null, AccessibilityAction: ACTION_ACCESSIBILITY_FOCUS - null, AccessibilityAction: ACTION_SHOW_ON_SCREEN - null]; isTextSelectable: false
06-25 11:59:53.391  5940  6258 D Maestro : View hierarchy received in 13 ms
06-25 11:59:53.479  5940  6258 D Maestro : Requesting view hierarchy
06-25 11:59:53.480  5940  6258 W QueryController: Could not detect idle state.
06-25 11:59:53.480  5940  6258 W QueryController: Could not detect idle state.
06-25 11:59:53.484  5940  6258 I Maestro : Skipping invisible child: android.view.accessibility.AccessibilityNodeInfo@12882; boundsInParent: Rect(0, 0 - 320, 0); boundsInScreen: Rect(0, 0 - 320, 0); boundsInWindow: Rect(0, 0 - 320, 0); packageName: com.hanapkalinga.mobile; className: android.widget.LinearLayout; text: null; error: null; maxTextLength: -1; stateDescription: null; contentDescription: null; tooltipText: null; containerTitle: null; viewIdResName: null; uniqueId: null; checkable: false; checked: false; focusable: false; focused: false; selected: false; clickable: false; longClickable: false; contextClickable: false; enabled: true; password: false; scrollable: false; importantForAccessibility: false; visible: false; actions: [AccessibilityAction: ACTION_SELECT - null, AccessibilityAction: ACTION_CLEAR_SELECTION - null, AccessibilityAction: ACTION_ACCESSIBILITY_FOCUS - null, AccessibilityAction: ACTION_SHOW_ON_SCREEN - null]; isTextSelectable: false
06-25 11:59:53.484  5940  6258 I Maestro : Skipping invisible child: android.view.accessibility.AccessibilityNodeInfo@124c1; boundsInParent: Rect(0, 0 - 320, 0); boundsInScreen: Rect(0, 0 - 320, 0); boundsInWindow: Rect(0, 0 - 320, 0); packageName: com.hanapkalinga.mobile; className: android.view.ViewGroup; text: null; error: null; maxTextLength: -1; stateDescription: null; contentDescription: null; tooltipText: null; containerTitle: null; viewIdResName: null; uniqueId: null; checkable: false; checked: false; focusable: false; focused: false; selected: false; clickable: false; longClickable: false; contextClickable: false; enabled: true; password: false; scrollable: false; importantForAccessibility: false; visible: false; actions: [AccessibilityAction: ACTION_SELECT - null, AccessibilityAction: ACTION_CLEAR_SELECTION - null, AccessibilityAction: ACTION_ACCESSIBILITY_FOCUS - null, AccessibilityAction: ACTION_SHOW_ON_SCREEN - null]; isTextSelectable: false
06-25 11:59:53.485  5940  6258 I Maestro : Skipping invisible child: android.view.accessibility.AccessibilityNodeInfo@1919e; boundsInParent: Rect(0, 0 - 320, 0); boundsInScreen: Rect(0, 0 - 320, 0); boundsInWindow: Rect(0, 0 - 320, 0); packageName: com.hanapkalinga.mobile; className: android.widget.LinearLayout; text: null; error: null; maxTextLength: -1; stateDescription: null; contentDescription: null; tooltipText: null; containerTitle: null; viewIdResName: null; uniqueId: null; checkable: false; checked: false; focusable: false; focused: false; selected: false; clickable: false; longClickable: false; contextClickable: false; enabled: true; password: false; scrollable: false; importantForAccessibility: false; visible: false; actions: [AccessibilityAction: ACTION_SELECT - null, AccessibilityAction: ACTION_CLEAR_SELECTION - null, AccessibilityAction: ACTION_ACCESSIBILITY_FOCUS - null, AccessibilityAction: ACTION_SHOW_ON_SCREEN - null]; isTextSelectable: false
06-25 11:59:53.485  5940  6258 I Maestro : Skipping invisible child: android.view.accessibility.AccessibilityNodeInfo@18ddd; boundsInParent: Rect(0, 0 - 320, 0); boundsInScreen: Rect(0, 0 - 320, 0); boundsInWindow: Rect(0, 0 - 320, 0); packageName: com.hanapkalinga.mobile; className: android.view.ViewGroup; text: null; error: null; maxTextLength: -1; stateDescription: null; contentDescription: null; tooltipText: null; containerTitle: null; viewIdResName: null; uniqueId: null; checkable: false; checked: false; focusable: false; focused: false; selected: false; clickable: false; longClickable: false; contextClickable: false; enabled: true; password: false; scrollable: false; importantForAccessibility: false; visible: false; actions: [AccessibilityAction: ACTION_SELECT - null, AccessibilityAction: ACTION_CLEAR_SELECTION - null, AccessibilityAction: ACTION_ACCESSIBILITY_FOCUS - null, AccessibilityAction: ACTION_SHOW_ON_SCREEN - null]; isTextSelectable: false
06-25 11:59:53.493  5940  6258 D Maestro : View hierarchy received in 14 ms
06-25 11:59:53.512  5681  5766 W gle.android.gms: Long monitor contention with owner [com.google.android.gms.chimera.container.intentoperation.GmsIntentOperationChimeraService-Executor] processing com.google.android.gms.droidguard.DroidGuardModuleInitIntentOperation for action com.google.android.chimera.IntentOperation.NEW_MODULE (5771) at void hjm.run()(:com.google.android.gms@231818047@23.18.18 (190800-535401451):3) waiters=0 in void hjm.run() for 60.525s
06-25 11:59:53.513  5681  6261 W gle.android.gms: Long monitor contention with owner [com.google.android.gms.chimera.container.intentoperation.GmsIntentOperationChimeraService-Executor] processing com.google.android.gms.droidguard.DroidGuardModuleInitIntentOperation for action com.google.android.chimera.IntentOperation.NEW_MODULE (5771) at void hjm.run()(:com.google.android.gms@231818047@23.18.18 (190800-535401451):3) waiters=1 in void hjm.run() for 46.454s
06-25 11:59:53.515  5681  5771 I Dtdi    : [DtdiModuleInitIntentOperation] Cannot initialize Device Discovery. Flag is disabled. [CONTEXT service_id=312 ]
06-25 11:59:53.515  5681  5771 I Dtdi    : [DtdiModuleInitIntentOperation] Cannot initialize Spatial Orchestration. Flag is disabled. [CONTEXT service_id=312 ]
06-25 11:59:53.515  5681  5771 I Dtdi    : [DtdiModuleInitIntentOperation] Cannot initialize Media Transfer. Flag is disabled. [CONTEXT service_id=312 ]
06-25 11:59:53.516   332  6570 I resolv  : GetAddrInfoHandler::run: {100 786532 100 983140 10132 0}
06-25 11:59:53.516   332  6572 I resolv  : res_nmkquery: (QUERY, IN, A)
06-25 11:59:53.517   332  6572 I resolv  : resolv_cache_lookup: FOUND IN CACHE entry=0x770863212a30
06-25 11:59:53.517   332  6572 I resolv  : doQuery: rcode=0, ancount=11, return value=212
06-25 11:59:53.517   332  6571 I resolv  : res_nmkquery: (QUERY, IN, AAAA)
06-25 11:59:53.517   332  6571 I resolv  : resolv_cache_lookup: FOUND IN CACHE entry=0x770903220670
06-25 11:59:53.517   332  6571 I resolv  : doQuery: rcode=0, ancount=4, return value=148
06-25 11:59:53.517  5681  6261 D TrafficStats: tagSocket(118) with statsTag=0x30001803, statsUid=-1
06-25 11:59:53.517   332   361 E BpfHandler: Unsupported protocol: 1
06-25 11:59:53.517  5681  6261 I TrafficStats: tagSocketFd(118, 805312515, -1) failed with errno-93
06-25 11:59:53.519  5681  5771 I EnterpriseLoader: [ConditionsChecker] ZT config not present. [CONTEXT service_id=225 ]
06-25 11:59:53.520  5681  5771 I EsimModuleInit: onHandleIntent action: com.google.android.chimera.IntentOperation.NEW_MODULE [CONTEXT service_id=333 ]
--------- beginning of system
06-25 11:59:53.521   518  1763 D PackageManager: Instant App installer not found with android.intent.action.INSTALL_INSTANT_APP_PACKAGE
06-25 11:59:53.521   518  1763 D PackageManager: Clear ephemeral installer activity
06-25 11:59:53.521   518   889 D PackageManager: Instant App installer not found with android.intent.action.INSTALL_INSTANT_APP_PACKAGE
06-25 11:59:53.521   518   889 D PackageManager: Clear ephemeral installer activity
06-25 11:59:53.522   518  1763 D PackageManager: Instant App installer not found with android.intent.action.INSTALL_INSTANT_APP_PACKAGE
06-25 11:59:53.522   518  1763 D PackageManager: Clear ephemeral installer activity
06-25 11:59:53.522   518  1763 D PackageManager: Instant App installer not found with android.intent.action.INSTALL_INSTANT_APP_PACKAGE
06-25 11:59:53.522   518  1763 D PackageManager: Clear ephemeral installer activity
06-25 11:59:53.522   518  1763 D PackageManager: Instant App installer not found with android.intent.action.INSTALL_INSTANT_APP_PACKAGE
06-25 11:59:53.522   518  1763 D PackageManager: Clear ephemeral installer activity
06-25 11:59:53.523   518  1763 D PackageManager: Instant App installer not found with android.intent.action.INSTALL_INSTANT_APP_PACKAGE
06-25 11:59:53.523   518  1763 D PackageManager: Clear ephemeral installer activity
06-25 11:59:53.524  5681  5771 I Fido    : [FidoInitIntentOperation] Initializing Fido module, InitRuntimeState=12
06-25 11:59:53.525  5587  5587 I Fido    : [CableAuthenticatorChimeraService] Unregistering receiver.
06-25 11:59:53.525  5587  5587 I Fido    : [CableAuthenticatorChimeraService] Registering broadcast receiver.
06-25 11:59:53.526  5587  5587 I Fido    : [AuthenticatorChimeraService] Unregistered the broadcast receiver [CONTEXT service_id=287 ]
06-25 11:59:53.529   518  1763 D BiometricService: canAuthenticate: User=0, Caller=0, Authenticators=255
06-25 11:59:53.529   518  1763 D BiometricService/PreAuthInfo: Package: com.google.android.gms Sensor ID: 4 Modality: 8 Status: 7
06-25 11:59:53.530   518  1763 D BiometricService/PreAuthInfo: Package: com.google.android.gms Sensor ID: 0 Modality: 2 Status: 7
06-25 11:59:53.530   518  1763 D BiometricService/PreAuthInfo: getCanAuthenticateInternal Modality: 8 AuthenticatorStatus: 7
06-25 11:59:53.530   518  1763 D AuthService: canAuthenticate, userId: 0, callingUserId: 0, authenticators: 255, result: 11
06-25 11:59:53.535   518  1763 D PackageManager: Instant App installer not found with android.intent.action.INSTALL_INSTANT_APP_PACKAGE
06-25 11:59:53.535   518  1763 D PackageManager: Clear ephemeral installer activity
06-25 11:59:53.536   518  2723 D PackageManager: Instant App installer not found with android.intent.action.INSTALL_INSTANT_APP_PACKAGE
06-25 11:59:53.536   518  2723 D PackageManager: Clear ephemeral installer activity
06-25 11:59:53.538  5587  6485 I AlarmManager: setExactAndAllowWhileIdle [name: GCM_CONN_ALARM type: 2 triggerAtMillis: 169556]
06-25 11:59:53.540   518  1763 D PackageManager: Instant App installer not found with android.intent.action.INSTALL_INSTANT_APP_PACKAGE
06-25 11:59:53.540  5587  5617 I NetworkScheduler.Stats: Task com.google.android.gms/com.google.android.gms.droidguard.DroidGuardGcmTaskService started execution. cause:7 exec_start_elapsed_seconds: 149 [CONTEXT service_id=218 ]
06-25 11:59:53.540   518  1763 D PackageManager: Clear ephemeral installer activity
06-25 11:59:53.540   518  1763 D PackageManager: Instant App installer not found with android.intent.action.INSTALL_INSTANT_APP_PACKAGE
06-25 11:59:53.541   518  1763 D PackageManager: Clear ephemeral installer activity
06-25 11:59:53.541   518  1763 D PackageManager: Instant App installer not found with android.intent.action.INSTALL_INSTANT_APP_PACKAGE
06-25 11:59:53.542   518  1763 D PackageManager: Clear ephemeral installer activity
06-25 11:59:53.546   518  1763 D PackageManager: Instant App installer not found with android.intent.action.INSTALL_INSTANT_APP_PACKAGE
06-25 11:59:53.549   518  1763 D PackageManager: Clear ephemeral installer activity
06-25 11:59:53.552   518  1763 D PackageManager: Instant App installer not found with android.intent.action.INSTALL_INSTANT_APP_PACKAGE
06-25 11:59:53.552   518  1763 D PackageManager: Clear ephemeral installer activity
06-25 11:59:53.552  5940  6258 D Maestro : Requesting view hierarchy
06-25 11:59:53.553  5940  6258 W QueryController: Could not detect idle state.
06-25 11:59:53.555   518  1092 D PackageManager: Instant App installer not found with android.intent.action.INSTALL_INSTANT_APP_PACKAGE
06-25 11:59:53.555   518  1092 D PackageManager: Clear ephemeral installer activity
06-25 11:59:53.555   332  6576 I resolv  : GetAddrInfoHandler::run: {100 786532 100 983140 10132 0}
06-25 11:59:53.556   332  6577 I resolv  : res_nmkquery: (QUERY, IN, AAAA)
06-25 11:59:53.556   332  6577 I resolv  : resolv_cache_lookup: FOUND IN CACHE entry=0x770903220670
06-25 11:59:53.556   332  6577 I resolv  : doQuery: rcode=0, ancount=4, return value=148
06-25 11:59:53.556   518  1092 D PackageManager: Instant App installer not found with android.intent.action.INSTALL_INSTANT_APP_PACKAGE
06-25 11:59:53.556   518  1092 D PackageManager: Clear ephemeral installer activity
06-25 11:59:53.557   518  1092 D PackageManager: Instant App installer not found with android.intent.action.INSTALL_INSTANT_APP_PACKAGE
06-25 11:59:53.557  5940  6258 W QueryController: Could not detect idle state.
06-25 11:59:53.557   518  1092 D PackageManager: Clear ephemeral installer activity
06-25 11:59:53.558   518  1092 D PackageManager: Instant App installer not found with android.intent.action.INSTALL_INSTANT_APP_PACKAGE
06-25 11:59:53.558   518  1092 D PackageManager: Clear ephemeral installer activity
06-25 11:59:53.558   518  1092 D PackageManager: Instant App installer not found with android.intent.action.INSTALL_INSTANT_APP_PACKAGE
06-25 11:59:53.558   518  1092 D PackageManager: Clear ephemeral installer activity
06-25 11:59:53.560   518  1092 D PackageManager: Instant App installer not found with android.intent.action.INSTALL_INSTANT_APP_PACKAGE
06-25 11:59:53.560   332  6578 I resolv  : res_nmkquery: (QUERY, IN, A)
06-25 11:59:53.560   332  6578 I resolv  : resolv_cache_lookup: FOUND IN CACHE entry=0x770863212a30
06-25 11:59:53.560   332  6578 I resolv  : doQuery: rcode=0, ancount=11, return value=212
06-25 11:59:53.563   518  1092 D PackageManager: Clear ephemeral installer activity
06-25 11:59:53.564  5940  6258 I Maestro : Skipping invisible child: android.view.accessibility.AccessibilityNodeInfo@12882; boundsInParent: Rect(0, 0 - 320, 0); boundsInScreen: Rect(0, 0 - 320, 0); boundsInWindow: Rect(0, 0 - 320, 0); packageName: com.hanapkalinga.mobile; className: android.widget.LinearLayout; text: null; error: null; maxTextLength: -1; stateDescription: null; contentDescription: null; tooltipText: null; containerTitle: null; viewIdResName: null; uniqueId: null; checkable: false; checked: false; focusable: false; focused: false; selected: false; clickable: false; longClickable: false; contextClickable: false; enabled: true; password: false; scrollable: false; importantForAccessibility: false; visible: false; actions: [AccessibilityAction: ACTION_SELECT - null, AccessibilityAction: ACTION_CLEAR_SELECTION - null, AccessibilityAction: ACTION_ACCESSIBILITY_FOCUS - null, AccessibilityAction: ACTION_SHOW_ON_SCREEN - null]; isTextSelectable: false
06-25 11:59:53.564  5940  6258 I Maestro : Skipping invisible child: android.view.accessibility.AccessibilityNodeInfo@124c1; boundsInParent: Rect(0, 0 - 320, 0); boundsInScreen: Rect(0, 0 - 320, 0); boundsInWindow: Rect(0, 0 - 320, 0); packageName: com.hanapkalinga.mobile; className: android.view.ViewGroup; text: null; error: null; maxTextLength: -1; stateDescription: null; contentDescription: null; tooltipText: null; containerTitle: null; viewIdResName: null; uniqueId: null; checkable: false; checked: false; focusable: false; focused: false; selected: false; clickable: false; longClickable: false; contextClickable: false; enabled: true; password: false; scrollable: false; importantForAccessibility: false; visible: false; actions: [AccessibilityAction: ACTION_SELECT - null, AccessibilityAction: ACTION_CLEAR_SELECTION - null, AccessibilityAction: ACTION_ACCESSIBILITY_FOCUS - null, AccessibilityAction: ACTION_SHOW_ON_SCREEN - null]; isTextSelectable: false
06-25 11:59:53.565  5940  6258 I Maestro : Skipping invisible child: android.view.accessibility.AccessibilityNodeInfo@1919e; boundsInParent: Rect(0, 0 - 320, 0); boundsInScreen: Rect(0, 0 - 320, 0); boundsInWindow: Rect(0, 0 - 320, 0); packageName: com.hanapkalinga.mobile; className: android.widget.LinearLayout; text: null; error: null; maxTextLength: -1; stateDescription: null; contentDescription: null; tooltipText: null; containerTitle: null; viewIdResName: null; uniqueId: null; checkable: false; checked: false; focusable: false; focused: false; selected: false; clickable: false; longClickable: false; contextClickable: false; enabled: true; password: false; scrollable: false; importantForAccessibility: false; visible: false; actions: [AccessibilityAction: ACTION_SELECT - null, AccessibilityAction: ACTION_CLEAR_SELECTION - null, AccessibilityAction: ACTION_ACCESSIBILITY_FOCUS - null, AccessibilityAction: ACTION_SHOW_ON_SCREEN - null]; isTextSelectable: false
06-25 11:59:53.565  5940  6258 I Maestro : Skipping invisible child: android.view.accessibility.AccessibilityNodeInfo@18ddd; boundsInParent: Rect(0, 0 - 320, 0); boundsInScreen: Rect(0, 0 - 320, 0); boundsInWindow: Rect(0, 0 - 320, 0); packageName: com.hanapkalinga.mobile; className: android.view.ViewGroup; text: null; error: null; maxTextLength: -1; stateDescription: null; contentDescription: null; tooltipText: null; containerTitle: null; viewIdResName: null; uniqueId: null; checkable: false; checked: false; focusable: false; focused: false; selected: false; clickable: false; longClickable: false; contextClickable: false; enabled: true; password: false; scrollable: false; importantForAccessibility: false; visible: false; actions: [AccessibilityAction: ACTION_SELECT - null, AccessibilityAction: ACTION_CLEAR_SELECTION - null, AccessibilityAction: ACTION_ACCESSIBILITY_FOCUS - null, AccessibilityAction: ACTION_SHOW_ON_SCREEN - null]; isTextSelectable: false
06-25 11:59:53.565  5681  5771 W ChimeraUtils: Module com.google.android.gms.growth missing resource growth_module_display_name(0)
06-25 11:59:53.567  5681  5771 W ChimeraUtils: Module com.google.android.gms.growth missing resource growth_module_display_name(0)
06-25 11:59:53.567  3112  3456 D TrafficStats: tagSocket(114) with statsTag=0x1803, statsUid=10132
06-25 11:59:53.573  5940  6258 D Maestro : View hierarchy received in 21 ms
06-25 11:59:53.579   518  2723 W ProcessStats: Tracking association SourceState{1c8d0df com.google.android.gms/10132 BFgs #12768} whose proc state 4 is better than process ProcessState{d9f112c android.process.acore/10085 pkg=com.android.providers.contacts (sub)} proc state 13 (145 skipped)
06-25 11:59:53.583  5681  5766 I SnapshotHandler: Unable to retrieve flag snapshot for com.google.android.gms.inappreach#com.google.android.gms, using defaults.
06-25 11:59:53.595  5681  5812 I Icing   : MaintenanceDriver: Registering all GCM Tasks.
06-25 11:59:53.595   518  1092 D PackageManager: Instant App installer not found with android.intent.action.INSTALL_INSTANT_APP_PACKAGE
06-25 11:59:53.596   518  1092 D PackageManager: Clear ephemeral installer activity
06-25 11:59:53.602  5681  5766 I NewModuleOp: Enable component: com.google.android.gms.languageprofile.GcmReceiverService [CONTEXT service_id=167 ]
06-25 11:59:53.603   518  2701 D PackageManager: Instant App installer not found with android.intent.action.INSTALL_INSTANT_APP_PACKAGE
06-25 11:59:53.603   518  2701 D PackageManager: Clear ephemeral installer activity
06-25 11:59:53.604  5681  5766 I NewModuleOp: Enable component: com.google.android.gms.languageprofile.GcmTaskService [CONTEXT service_id=167 ]
06-25 11:59:53.604   518  1092 D PackageManager: Instant App installer not found with android.intent.action.INSTALL_INSTANT_APP_PACKAGE
06-25 11:59:53.604   518  1092 D PackageManager: Clear ephemeral installer activity
06-25 11:59:53.605   518  2723 D OomAdjuster: Not killing cached processes
06-25 11:59:53.606  5681  5766 I NewModuleOp: Schedule LanguageProfileGcmTaskChimeraService tasks. [CONTEXT service_id=167 ]
06-25 11:59:53.608  5681  5766 I LPGcmTaskChimeraService: Scheduling sync task. [CONTEXT service_id=167 ]
06-25 11:59:53.609  5681  5766 I GmsSyncPolicyEngine: Periodic sync 2 disabled by policy, cancelled.
06-25 11:59:53.610  5681  5766 I GmsSyncPolicyEngine: Periodic sync 6 disabled
06-25 11:59:53.638  6140  6161 D EGL_emulation: app_time_stats: avg=500.69ms min=500.06ms max=501.32ms count=2
06-25 11:59:53.643  5681  6579 I LSRModuleInit: New Geofences: [] [CONTEXT service_id=277 ]
06-25 11:59:53.643  5681  6579 I LSRModuleInit: Attempting to change container components state to enabled: true [CONTEXT service_id=277 ]
06-25 11:59:53.645   518  1092 D PackageManager: Instant App installer not found with android.intent.action.INSTALL_INSTANT_APP_PACKAGE
06-25 11:59:53.646   518  1092 D PackageManager: Clear ephemeral installer activity
06-25 11:59:53.649  5681  6579 I Google Maps Android API: Validating conditions for requesting maps_core feature. [CONTEXT service_id=71 ]
06-25 11:59:53.649  5681  6579 I Google Maps Android API: Is maps_core feature installed? 2 [CONTEXT service_id=71 ]
06-25 11:59:53.649  5681  6579 I Google Maps Android API: cutoffSize=2147483648, internalFreeBytes=4945858560
06-25 11:59:53.649  5681  6579 I Google Maps Android API: Eligible to request maps_core feature. [CONTEXT service_id=71 ]
06-25 11:59:53.658  5681  6579 I Google Maps Android API: maps_core feature request succeeded. [CONTEXT service_id=71 ]
06-25 11:59:53.658  5587  6485 I NetworkScheduler.Stats: Task com.google.android.gms/com.google.android.gms.droidguard.DroidGuardGcmTaskService finished executing. cause:7 result: 1 elapsed_millis: 95 uptime_millis: 95 exec_start_elapsed_seconds: 149 [CONTEXT service_id=218 ]
06-25 11:59:53.660  5681  6569 I ChimeraConfigurator: Starting update, reason: 4 urgentFeatures: maps_core:-1
06-25 11:59:53.663  5681  6579 I MdiSyncModule: initializing module...
06-25 11:59:53.664  5681  6579 I MdiSyncModule: module initialization completed
06-25 11:59:53.666  5681  6579 W MDM     : [231] aywf.d: Q+ devices does not need device admin.
06-25 11:59:53.669   518  2723 D PackageManager: Instant App installer not found with android.intent.action.INSTALL_INSTANT_APP_PACKAGE
06-25 11:59:53.669   518  2723 D PackageManager: Clear ephemeral installer activity
06-25 11:59:53.670   518  2723 D PackageManager: Instant App installer not found with android.intent.action.INSTALL_INSTANT_APP_PACKAGE
06-25 11:59:53.671   518  2723 D PackageManager: Clear ephemeral installer activity
06-25 11:59:53.672   518  2723 D PackageManager: Instant App installer not found with android.intent.action.INSTALL_INSTANT_APP_PACKAGE
06-25 11:59:53.672  5587  6573 I LSR     : Handling LSR module init in persistent process [CONTEXT service_id=277 ]
06-25 11:59:53.673  5587  6573 I LSR     : Refreshing periodic location reporting state [CONTEXT service_id=277 ]
06-25 11:59:53.673  5587  6582 I LSR     : No upload requests, reporting should be disabled [CONTEXT service_id=277 ]
06-25 11:59:53.674   518  2723 D PackageManager: Clear ephemeral installer activity
06-25 11:59:53.677  5681  5766 I MlBenchmarkInstaller: Intent: com.google.android.chimera.IntentOperation.NEW_MODULE [CONTEXT service_id=340 ]
06-25 11:59:53.680  5681  5766 I MlBenchmarkInstaller: onInitRuntimeState(), intent action=com.google.android.chimera.IntentOperation.NEW_MODULE [CONTEXT service_id=340 ]
06-25 11:59:53.681  5681  5766 I MlBenchmarkInstaller: Device sampled out, skipping. [CONTEXT service_id=340 ]
06-25 11:59:53.682  5587  6568 I LSR     : Reporting should be enabled: false [CONTEXT service_id=277 ]
06-25 11:59:53.683  5587  6568 I LSR     : Stopping periodic location reporting [CONTEXT service_id=277 ]
06-25 11:59:53.685  5587  6581 W MagicTether: [TetherListenerService] Invalid account list. [CONTEXT service_id=276 ]
06-25 11:59:53.685  5681  5681 I MlBenchmarkInstaller: Feature unrequest success = true [CONTEXT service_id=340 ]
06-25 11:59:53.689  5681  5766 W ChimeraUtils: Module com.google.android.gms.mobiledataplan missing resource null(0)
06-25 11:59:53.690   518   529 I system_server: Background young concurrent copying GC freed 431796(17MB) AllocSpace objects, 27(592KB) LOS objects, 34% free, 32MB/49MB, paused 24us,1.766ms total 147.718ms
06-25 11:59:53.692  5940  6258 D Maestro : Requesting view hierarchy
06-25 11:59:53.692  5587  5587 I MagicTether: [AutoDisconnectIntentOperation] Canceling task. [CONTEXT service_id=276 ]
06-25 11:59:53.693  5587  6582 I LockboxIntentOp: Completed task: true [CONTEXT service_id=26 ]
06-25 11:59:53.694  5587  6574 I MagicTether: [AutoDisconnectIntentOperation] Canceling task. [CONTEXT service_id=276 ]
06-25 11:59:53.698  5940  6258 W QueryController: Could not detect idle state.
06-25 11:59:53.699  5681  6569 I ChimeraConfigurator: Detected pending changes for urgent request: [maps_core]. Pending module sets: container:2318189190800+maps_core
06-25 11:59:53.700  5940  6258 W QueryController: Could not detect idle state.
06-25 11:59:53.709  5587  5623 W ChimeraUtils: Module com.google.android.gms.nearby_en missing resource null(0)
06-25 11:59:53.710  5681  5766 W libc    : Access denied finding property "ro.hardware.chipname"
06-25 11:59:53.711  5681  5766 W ChipsetHelper: Unknown chipset! [CONTEXT service_id=301 ]
06-25 11:59:53.712  5681  5766 I NnApiDriverManager: Registering application with chipset 'unknown' [CONTEXT service_id=301 ]
06-25 11:59:53.728  5587  6581 I LSR     : Cancelling periodic location reporting maintenance task [CONTEXT service_id=277 ]
06-25 11:59:53.732  5587  5623 W ChimeraUtils: Module com.google.android.gms.nearby_en missing resource null(0)
06-25 11:59:53.740  5681  6569 I GmsDebugLogger: [73] 1801
06-25 11:59:53.743  5681  5766 I NnApiDriverManager: Registering application with GPU 'Android Emulator OpenGL ES Translator (Google SwiftShader)' by 'Google (Google Inc.)' [CONTEXT service_id=301 ]
06-25 11:59:53.744  5940  6258 I Maestro : Skipping invisible child: android.view.accessibility.AccessibilityNodeInfo@12882; boundsInParent: Rect(0, 0 - 320, 0); boundsInScreen: Rect(0, 0 - 320, 0); boundsInWindow: Rect(0, 0 - 320, 0); packageName: com.hanapkalinga.mobile; className: android.widget.LinearLayout; text: null; error: null; maxTextLength: -1; stateDescription: null; contentDescription: null; tooltipText: null; containerTitle: null; viewIdResName: null; uniqueId: null; checkable: false; checked: false; focusable: false; focused: false; selected: false; clickable: false; longClickable: false; contextClickable: false; enabled: true; password: false; scrollable: false; importantForAccessibility: false; visible: false; actions: [AccessibilityAction: ACTION_SELECT - null, AccessibilityAction: ACTION_CLEAR_SELECTION - null, AccessibilityAction: ACTION_ACCESSIBILITY_FOCUS - null, AccessibilityAction: ACTION_SHOW_ON_SCREEN - null]; isTextSelectable: false
06-25 11:59:53.745  5681  6569 W ZappDownloader: No successful module downloads for requested features [maps_core].
06-25 11:59:53.745  5681  6569 I GmsDebugLogger: [30] [MapsCoreDynamite.integ:231112103100800]
06-25 11:59:53.746  5940  6258 I Maestro : Skipping invisible child: android.view.accessibility.AccessibilityNodeInfo@124c1; boundsInParent: Rect(0, 0 - 320, 0); boundsInScreen: Rect(0, 0 - 320, 0); boundsInWindow: Rect(0, 0 - 320, 0); packageName: com.hanapkalinga.mobile; className: android.view.ViewGroup; text: null; error: null; maxTextLength: -1; stateDescription: null; contentDescription: null; tooltipText: null; containerTitle: null; viewIdResName: null; uniqueId: null; checkable: false; checked: false; focusable: false; focused: false; selected: false; clickable: false; longClickable: false; contextClickable: false; enabled: true; password: false; scrollable: false; importantForAccessibility: false; visible: false; actions: [AccessibilityAction: ACTION_SELECT - null, AccessibilityAction: ACTION_CLEAR_SELECTION - null, AccessibilityAction: ACTION_ACCESSIBILITY_FOCUS - null, AccessibilityAction: ACTION_SHOW_ON_SCREEN - null]; isTextSelectable: false
06-25 11:59:53.747  5681  6569 W ChimeraConfigService: Retry attempt was throttled. [CONTEXT service_id=264 ]
06-25 11:59:53.747  5681  6569 I GmsDebugLogger: [83] 1 [maps_core]
06-25 11:59:53.749  5940  6258 I Maestro : Skipping invisible child: android.view.accessibility.AccessibilityNodeInfo@1919e; boundsInParent: Rect(0, 0 - 320, 0); boundsInScreen: Rect(0, 0 - 320, 0); boundsInWindow: Rect(0, 0 - 320, 0); packageName: com.hanapkalinga.mobile; className: android.widget.LinearLayout; text: null; error: null; maxTextLength: -1; stateDescription: null; contentDescription: null; tooltipText: null; containerTitle: null; viewIdResName: null; uniqueId: null; checkable: false; checked: false; focusable: false; focused: false; selected: false; clickable: false; longClickable: false; contextClickable: false; enabled: true; password: false; scrollable: false; importantForAccessibility: false; visible: false; actions: [AccessibilityAction: ACTION_SELECT - null, AccessibilityAction: ACTION_CLEAR_SELECTION - null, AccessibilityAction: ACTION_ACCESSIBILITY_FOCUS - null, AccessibilityAction: ACTION_SHOW_ON_SCREEN - null]; isTextSelectable: false
06-25 11:59:53.750  5940  6258 I Maestro : Skipping invisible child: android.view.accessibility.AccessibilityNodeInfo@18ddd; boundsInParent: Rect(0, 0 - 320, 0); boundsInScreen: Rect(0, 0 - 320, 0); boundsInWindow: Rect(0, 0 - 320, 0); packageName: com.hanapkalinga.mobile; className: android.view.ViewGroup; text: null; error: null; maxTextLength: -1; stateDescription: null; contentDescription: null; tooltipText: null; containerTitle: null; viewIdResName: null; uniqueId: null; checkable: false; checked: false; focusable: false; focused: false; selected: false; clickable: false; longClickable: false; contextClickable: false; enabled: true; password: false; scrollable: false; importantForAccessibility: false; visible: false; actions: [AccessibilityAction: ACTION_SELECT - null, AccessibilityAction: ACTION_CLEAR_SELECTION - null, AccessibilityAction: ACTION_ACCESSIBILITY_FOCUS - null, AccessibilityAction: ACTION_SHOW_ON_SCREEN - null]; isTextSelectable: false
06-25 11:59:53.758  1738  2209 W A       : Batch timed out; batchId=1 taskId=-1000006
06-25 11:59:53.762   518  2701 W JobScheduler: Job didn't exist in JobStore: e54094f #u0a131/-1000006 com.google.android.googlequicksearchbox/com.google.android.apps.gsa.tasks.BackgroundTasksJobService
06-25 11:59:53.765  5090  5348 W Bugle   : TextClassifierLibManagerImpl: Reclaiming memory at level: 40
06-25 11:59:53.774   518  1763 D PackageManager: Instant App installer not found with android.intent.action.INSTALL_INSTANT_APP_PACKAGE
06-25 11:59:53.775  3112  3161 W DG      : [flow devicekey] DroidGuardRunner.newVmProcessForFastSignalCollection(): Fast program not found [CONTEXT service_id=25 ]
06-25 11:59:53.776   518  1763 D PackageManager: Clear ephemeral installer activity
06-25 11:59:53.784   518  1763 D PackageManager: Instant App installer not found with android.intent.action.INSTALL_INSTANT_APP_PACKAGE
06-25 11:59:53.784   518  1763 D PackageManager: Clear ephemeral installer activity
06-25 11:59:53.785   518  1763 D PackageManager: Instant App installer not found with android.intent.action.INSTALL_INSTANT_APP_PACKAGE
06-25 11:59:53.785   518  1763 D PackageManager: Clear ephemeral installer activity
06-25 11:59:53.792  5681  5681 W MdmInitializer: SPOT API unavailable. [CONTEXT service_id=247 ]
06-25 11:59:53.792  5681  5681 W MdmInitializer: aare: None of the queried APIs are available. Spot.API: ConnectionResult{statusCode=API_UNAVAILABLE, resolution=null, message=null}
06-25 11:59:53.792  5681  5681 W MdmInitializer: 	at aasq.a(:com.google.android.gms@231818047@23.18.18 (190800-535401451):3)
06-25 11:59:53.792  5681  5681 W MdmInitializer: 	at aava.o(:com.google.android.gms@231818047@23.18.18 (190800-535401451):3)
06-25 11:59:53.792  5681  5681 W MdmInitializer: 	at aava.g(:com.google.android.gms@231818047@23.18.18 (190800-535401451):4)
06-25 11:59:53.792  5681  5681 W MdmInitializer: 	at aava.onConnectionFailed(:com.google.android.gms@231818047@23.18.18 (190800-535401451):0)
06-25 11:59:53.792  5681  5681 W MdmInitializer: 	at abnk.gU(:com.google.android.gms@231818047@23.18.18 (190800-535401451):0)
06-25 11:59:53.792  5681  5681 W MdmInitializer: 	at abmo.b(:com.google.android.gms@231818047@23.18.18 (190800-535401451):1)
06-25 11:59:53.792  5681  5681 W MdmInitializer: 	at abmf.a(:com.google.android.gms@231818047@23.18.18 (190800-535401451):7)
06-25 11:59:53.792  5681  5681 W MdmInitializer: 	at abmi.handleMessage(:com.google.android.gms@231818047@23.18.18 (190800-535401451):29)
06-25 11:59:53.792  5681  5681 W MdmInitializer: 	at android.os.Handler.dispatchMessage(Handler.java:106)
06-25 11:59:53.792  5681  5681 W MdmInitializer: 	at avye.ll(:com.google.android.gms@231818047@23.18.18 (190800-535401451):0)
06-25 11:59:53.792  5681  5681 W MdmInitializer: 	at avye.dispatchMessage(:com.google.android.gms@231818047@23.18.18 (190800-535401451):14)
06-25 11:59:53.792  5681  5681 W MdmInitializer: 	at android.os.Looper.loopOnce(Looper.java:205)
06-25 11:59:53.792  5681  5681 W MdmInitializer: 	at android.os.Looper.loop(Looper.java:294)
06-25 11:59:53.792  5681  5681 W MdmInitializer: 	at android.os.HandlerThread.run(HandlerThread.java:67)
06-25 11:59:53.795  5681  6569 W DynamiteModule: Local module descriptor class for com.google.android.gms.vision.dynamite.ocr not found.
06-25 11:59:53.795  5681  6569 W ProviderHelper: Unknown dynamite feature vision.dynamite.ocr
06-25 11:59:53.795  5681  6569 I DynamiteModule: Considering local module com.google.android.gms.vision.dynamite.ocr:0 and remote module com.google.android.gms.vision.dynamite.ocr:0
06-25 11:59:53.795  5681  6569 W ProviderHelper: Ignoring optional dynamite feature vision.ocr
06-25 11:59:53.796  5681  6569 W DynamiteModule: Local module descriptor class for com.google.android.gms.vision.ocr not found.
06-25 11:59:53.796  5681  6569 I DynamiteModule: Considering local module com.google.android.gms.vision.ocr:0 and remote module com.google.android.gms.vision.ocr:0
06-25 11:59:53.796  5681  6569 W Vision  : Error loading optional module com.google.android.gms.vision.ocr: ahbb: No acceptable module com.google.android.gms.vision.ocr found. Local version is 0 and remote version is 0.
06-25 11:59:53.798  5681  6569 W TextNativeHandle: Native handle not yet available. Reverting to no-op handle.
06-25 11:59:53.798  5681  6569 W DynamiteModule: Local module descriptor class for com.google.android.gms.vision.dynamite.ocr not found.
06-25 11:59:53.800  5681  6569 W ProviderHelper: Unknown dynamite feature vision.dynamite.ocr
06-25 11:59:53.800  5681  6569 I DynamiteModule: Considering local module com.google.android.gms.vision.dynamite.ocr:0 and remote module com.google.android.gms.vision.dynamite.ocr:0
06-25 11:59:53.800  5681  6569 W ProviderHelper: Ignoring optional dynamite feature vision.ocr
06-25 11:59:53.800  5681  6569 W DynamiteModule: Local module descriptor class for com.google.android.gms.vision.ocr not found.
06-25 11:59:53.800  5681  6569 I DynamiteModule: Considering local module com.google.android.gms.vision.ocr:0 and remote module com.google.android.gms.vision.ocr:0
06-25 11:59:53.800  5681  6569 W Vision  : Error loading optional module com.google.android.gms.vision.ocr: ahbb: No acceptable module com.google.android.gms.vision.ocr found. Local version is 0 and remote version is 0.
06-25 11:59:53.801  5681  6569 I OcrModelUpStIntentOp: Downloading text recognizer
06-25 11:59:53.820  1738  2209 I A       : NGA Sync: MDD Task: MDD.CHARGING.PERIODIC.TASK done.
06-25 11:59:53.820  1738  2209 I A       : NGA Sync: isNgaSyncEnabled: false; enableFileGroupPopulator: false; requiresMddAssets: false
06-25 11:59:53.820  1738  2152 I A       : Refresh account policy.
06-25 11:59:53.821  1738  2360 W SearchServiceCore: Abort, client detached.
06-25 11:59:53.821  1738  2360 W SearchServiceCore: Abort, client detached.
06-25 11:59:53.824  1738  2313 D t       : Starting download: https://www.gstatic.com/assistant/appintegration/models/1/662c5aa4617258c027708e2bb9323ead.binarypb
06-25 11:59:53.824  1738  2313 V t       : Is http uri, downloading (uri: https://www.gstatic.com/assistant/appintegration/models/1/662c5aa4617258c027708e2bb9323ead.binarypb)
06-25 11:59:53.827  5681  6584 W Pay     : Active account was null, notification task will be cancelled. [CONTEXT service_id=198 ]
06-25 11:59:53.827  5681  6584 W Pay     : [eMoney txn sync] exiting without init: active tapandpay account not found! [CONTEXT service_id=198 ]
06-25 11:59:53.827  5681  6584 I Pay     : Requested immediate check to see whether to show pay module downloading complete notification. [CONTEXT service_id=198 ]
06-25 11:59:53.827  1738  2331 D t       : Starting download: https://www.gstatic.com/assistant/appintegration/models/1/05a8f7c516a3ad6c26cc4161a3dd6ac6.binarypb
06-25 11:59:53.827  1738  2331 V t       : Is http uri, downloading (uri: https://www.gstatic.com/assistant/appintegration/models/1/05a8f7c516a3ad6c26cc4161a3dd6ac6.binarypb)
06-25 11:59:53.829  5681  6584 I Pay     : Requested check of feature migrations. [CONTEXT service_id=198 ]
06-25 11:59:53.831  1738  2313 E MDD     : DownloadProgressMonitor: Can't find file group for uri: android://com.google.android.googlequicksearchbox/files/datadownload/shared/public/datadownloadfile_1782388708206
06-25 11:59:53.832  5681  5681 D BoundBrokerSvc: onBind: Intent { act=com.google.android.gms.ocr.service.internal.START dat=chimera-action:/... cmp=com.google.android.gms/.chimera.GmsInternalApiService }
06-25 11:59:53.832  5681  5681 D BoundBrokerSvc: Loading bound service for intent: Intent { act=com.google.android.gms.ocr.service.internal.START dat=chimera-action:/... cmp=com.google.android.gms/.chimera.GmsInternalApiService }
06-25 11:59:53.832  1738  2331 E MDD     : DownloadProgressMonitor: Can't find file group for uri: android://com.google.android.googlequicksearchbox/files/datadownload/shared/public/datadownloadfile_1782388708207
06-25 11:59:53.839  1738  6393 D t       : Starting download: https://dl.google.com/assistant/nga/1/4bce3720332aff95260f75ee29bbe97bd379e868.mddz
06-25 11:59:53.839  1738  6393 V t       : Is http uri, downloading (uri: https://dl.google.com/assistant/nga/1/4bce3720332aff95260f75ee29bbe97bd379e868.mddz)
06-25 11:59:53.847  1738  2331 D t       : Starting download: https://dl.google.com/assistant/nga/1/17d453d07f334b7d810f8e6e05dbd6001dc45eea.mddz
06-25 11:59:53.847  1738  2331 V t       : Is http uri, downloading (uri: https://dl.google.com/assistant/nga/1/17d453d07f334b7d810f8e6e05dbd6001dc45eea.mddz)
06-25 11:59:53.862  5681  6579 I ChimeraConfigurator: Starting update, reason: 4 urgentFeatures: vision.ocr:-1
06-25 11:59:53.864  5940  6258 D Maestro : View hierarchy received in 172 ms
06-25 11:59:53.874  5681  6579 I ChimeraConfigurator: Detected pending changes for urgent request: [vision.ocr]. Pending module sets: container:2318189190800+mlkit.ocr.common,tflite_dynamite:2605805025100800+tflite_dynamite,vision_ocr:2316024025100000+vision.ocr
06-25 11:59:53.880  5681  6584 W Pay     : Active account was null, notification task will be cancelled. [CONTEXT service_id=198 ]
06-25 11:59:53.880  5681  6584 W Pay     : [eMoney card recovery task] exiting without init: active tapandpay account not found! [CONTEXT service_id=198 ]
06-25 11:59:53.883  5681  6584 W PeoplePU: getComponentEnabledSetting failed.
06-25 11:59:53.883  5681  6584 W PeoplePU: java.lang.IllegalArgumentException: Unknown component: ComponentInfo{com.google.android.syncadapters.contacts/com.google.android.syncadapters.contacts.ContactsSyncAdapterService}
06-25 11:59:53.883  5681  6584 W PeoplePU: 	at android.os.Parcel.createExceptionOrNull(Parcel.java:3061)
06-25 11:59:53.883  5681  6584 W PeoplePU: 	at android.os.Parcel.createException(Parcel.java:3041)
06-25 11:59:53.883  5681  6584 W PeoplePU: 	at android.os.Parcel.readException(Parcel.java:3024)
06-25 11:59:53.883  5681  6584 W PeoplePU: 	at android.os.Parcel.readException(Parcel.java:2966)
06-25 11:59:53.883  5681  6584 W PeoplePU: 	at android.content.pm.IPackageManager$Stub$Proxy.getComponentEnabledSetting(IPackageManager.java:6034)
06-25 11:59:53.883  5681  6584 W PeoplePU: 	at android.app.ApplicationPackageManager.getComponentEnabledSetting(ApplicationPackageManager.java:3097)
06-25 11:59:53.883  5681  6584 W PeoplePU: 	at bvox.b(:com.google.android.gms@231818047@23.18.18 (190800-535401451):1)
06-25 11:59:53.883  5681  6584 W PeoplePU: 	at bvgq.a(:com.google.android.gms@231818047@23.18.18 (190800-535401451):5)
06-25 11:59:53.883  5681  6584 W PeoplePU: 	at com.google.android.gms.people.api.init.PeopleModuleInitIntentOperation.b(:com.google.android.gms@231818047@23.18.18 (190800-535401451):9)
06-25 11:59:53.883  5681  6584 W PeoplePU: 	at zdm.onHandleIntent(:com.google.android.gms@231818047@23.18.18 (190800-535401451):7)
06-25 11:59:53.883  5681  6584 W PeoplePU: 	at com.google.android.chimera.IntentOperation.onHandleIntent(:com.google.android.gms@231818047@23.18.18 (190800-535401451):2)
06-25 11:59:53.883  5681  6584 W PeoplePU: 	at zhv.onHandleIntent(:com.google.android.gms@231818047@23.18.18 (190800-535401451):4)
06-25 11:59:53.883  5681  6584 W PeoplePU: 	at hjm.run(:com.google.android.gms@231818047@23.18.18 (190800-535401451):3)
06-25 11:59:53.883  5681  6584 W PeoplePU: 	at hjl.run(:com.google.android.gms@231818047@23.18.18 (190800-535401451):11)
06-25 11:59:53.883  5681  6584 W PeoplePU: 	at dfhf.run(:com.google.android.gms@231818047@23.18.18 (190800-535401451):2)
06-25 11:59:53.883  5681  6584 W PeoplePU: 	at java.util.concurrent.ThreadPoolExecutor.runWorker(ThreadPoolExecutor.java:1145)
06-25 11:59:53.883  5681  6584 W PeoplePU: 	at java.util.concurrent.ThreadPoolExecutor$Worker.run(ThreadPoolExecutor.java:644)
06-25 11:59:53.883  5681  6584 W PeoplePU: 	at java.lang.Thread.run(Thread.java:1012)
06-25 11:59:53.883  5681  6584 I FsaEntryPointSwitcher: setting component enabled=1 for com.google.android.gms.people.sync.focus.ContactsSyncAdapterService
06-25 11:59:53.885  5681  6584 I FsaEntryPointSwitcher: Setting component enabled succeeds.
06-25 11:59:53.885  5681  6584 W PeoplePU: getComponentEnabledSetting failed.
06-25 11:59:53.885  5681  6584 W PeoplePU: java.lang.IllegalArgumentException: Unknown component: ComponentInfo{com.google.android.syncadapters.contacts/com.google.android.syncadapters.contacts.ContactsSyncAdapterService}
06-25 11:59:53.885  5681  6584 W PeoplePU: 	at android.os.Parcel.createExceptionOrNull(Parcel.java:3061)
06-25 11:59:53.885  5681  6584 W PeoplePU: 	at android.os.Parcel.createException(Parcel.java:3041)
06-25 11:59:53.885  5681  6584 W PeoplePU: 	at android.os.Parcel.readException(Parcel.java:3024)
06-25 11:59:53.885  5681  6584 W PeoplePU: 	at android.os.Parcel.readException(Parcel.java:2966)
06-25 11:59:53.885  5681  6584 W PeoplePU: 	at android.content.pm.IPackageManager$Stub$Proxy.getComponentEnabledSetting(IPackageManager.java:6034)
06-25 11:59:53.885  5681  6584 W PeoplePU: 	at android.app.ApplicationPackageManager.getComponentEnabledSetting(ApplicationPackageManager.java:3097)
06-25 11:59:53.885  5681  6584 W PeoplePU: 	at bvox.b(:com.google.android.gms@231818047@23.18.18 (190800-535401451):1)
06-25 11:59:53.885  5681  6584 W PeoplePU: 	at bvgq.a(:com.google.android.gms@231818047@23.18.18 (190800-535401451):29)
