06-25 12:02:27.186   518   614 I RescueParty: Starting to observe: [android], updated namespace: surface_flinger_native_boot
06-25 12:02:27.187   518   518 I PackageWatchdog: Syncing health check requests for packages: {com.google.android.ext.services}
06-25 12:02:27.187   518   518 I ExplicitHealthCheckController: Service not ready to get health check supported packages. Binding...
06-25 12:02:27.187   518   546 I PackageWatchdog: Syncing state, reason: observing new packages
06-25 12:02:27.187   518   546 D PackageWatchdog: rescue-party-observer added the following packages to monitor [android]
06-25 12:02:27.187   518   546 I PackageWatchdog: Syncing state, reason: updated observers
06-25 12:02:27.187   518   546 I PackageWatchdog: Not pruning observers, elapsed time: 0ms
06-25 12:02:27.187   518   546 I PackageWatchdog: Saving observer state to file
06-25 12:02:27.187  1648  1977 I MediaApplication: PhotoPickerSettingsActivity is now disabled.
06-25 12:02:27.188   518   518 I ExplicitHealthCheckController: Explicit health check service is bound
06-25 12:02:27.189   518  7223 E SettingsToPropertiesMapper: key=persist.device_config.storage_native_boot.transcode_compat_manifest value=com.yelp.android,0,com.yy.biu,0,com.groupme.android,0,air.tv.douyu.android,0,com.baidu.mbaby,0,com.vlocker.locker,0,com.znxh.hyhuo,0,com.yixia.xiaokaxiu,0 exceeds system property max length.
06-25 12:02:27.189   518   518 I ExplicitHealthCheckController: Explicit health check service is connected ComponentInfo{com.google.android.ext.services/android.ext.services.watchdog.ExplicitHealthCheckServiceImpl}
06-25 12:02:27.189   518   518 I ExplicitHealthCheckController: Service initialized, syncing requests
06-25 12:02:27.189   518   518 I PackageWatchdog: Syncing health check requests for packages: {com.google.android.ext.services}
06-25 12:02:27.189   518   518 D ExplicitHealthCheckController: Getting health check supported packages
06-25 12:02:27.190   518   534 I ExplicitHealthCheckController: Explicit health check supported packages [PackageConfig{com.google.android.networkstack, 86400000}]
06-25 12:02:27.190   518   534 D PackageWatchdog: Received supported packages [PackageConfig{com.google.android.networkstack, 86400000}]
06-25 12:02:27.190   518   534 I PackageWatchdog: Updated health check state for package com.google.android.ext.services: INACTIVE -> PASSED
06-25 12:02:27.190   518   534 I PackageWatchdog: Syncing state, reason: updated health check supported packages [PackageConfig{com.google.android.networkstack, 86400000}]
06-25 12:02:27.190   518   534 D ExplicitHealthCheckController: Getting health check requested packages
06-25 12:02:27.190   518   518 I PackageWatchdog: Syncing health check requests for packages: {}
06-25 12:02:27.190   518   518 D ExplicitHealthCheckController: Getting health check supported packages
06-25 12:02:27.190   518   534 I ExplicitHealthCheckController: Explicit health check requested packages []
06-25 12:02:27.190   518   546 I PackageWatchdog: Saving observer state to file
06-25 12:02:27.190   518   942 I ExplicitHealthCheckController: Explicit health check supported packages [PackageConfig{com.google.android.networkstack, 86400000}]
06-25 12:02:27.190   518   534 I ExplicitHealthCheckController: No more health check requests, unbinding...
06-25 12:02:27.191   518   534 I ExplicitHealthCheckController: Explicit health check service is unbound
06-25 12:02:27.193   518   942 D PackageWatchdog: Received supported packages [PackageConfig{com.google.android.networkstack, 86400000}]
06-25 12:02:27.193   518   942 I ExplicitHealthCheckController: Service not ready to get health check requested packages. Binding...
06-25 12:02:27.194   518   614 I RescueParty: Starting to observe: [android], updated namespace: activity_manager_native_boot
06-25 12:02:27.195   518   518 I ExplicitHealthCheckController: Explicit health check service is connected ComponentInfo{com.google.android.ext.services/android.ext.services.watchdog.ExplicitHealthCheckServiceImpl}
06-25 12:02:27.195   518   942 I ExplicitHealthCheckController: Explicit health check service is bound
06-25 12:02:27.195   518   518 I ExplicitHealthCheckController: Service initialized, syncing requests
06-25 12:02:27.195   518   518 I PackageWatchdog: Syncing health check requests for packages: {}
06-25 12:02:27.195   518   518 D ExplicitHealthCheckController: Getting health check supported packages
06-25 12:02:27.196   518   942 I ExplicitHealthCheckController: Explicit health check supported packages [PackageConfig{com.google.android.networkstack, 86400000}]
06-25 12:02:27.196   518   942 D PackageWatchdog: Received supported packages [PackageConfig{com.google.android.networkstack, 86400000}]
06-25 12:02:27.196   518   942 D ExplicitHealthCheckController: Getting health check requested packages
06-25 12:02:27.196   518   942 I ExplicitHealthCheckController: Explicit health check requested packages []
06-25 12:02:27.196   518   942 I ExplicitHealthCheckController: No more health check requests, unbinding...
06-25 12:02:27.196   518   942 I ExplicitHealthCheckController: Explicit health check service is unbound
06-25 12:02:27.197   518   546 I PackageWatchdog: Syncing state, reason: observing new packages
06-25 12:02:27.197   518   518 I PackageWatchdog: Syncing health check requests for packages: {}
06-25 12:02:27.197   518   518 I ExplicitHealthCheckController: Service not ready to get health check supported packages. Binding...
06-25 12:02:27.199   518   518 I ExplicitHealthCheckController: Explicit health check service is bound
06-25 12:02:27.200   518   518 I ExplicitHealthCheckController: Explicit health check service is connected ComponentInfo{com.google.android.ext.services/android.ext.services.watchdog.ExplicitHealthCheckServiceImpl}
06-25 12:02:27.200   518   518 I ExplicitHealthCheckController: Service initialized, syncing requests
06-25 12:02:27.200   518   518 I PackageWatchdog: Syncing health check requests for packages: {}
06-25 12:02:27.201   518   518 D ExplicitHealthCheckController: Getting health check supported packages
06-25 12:02:27.201   518   942 I ExplicitHealthCheckController: Explicit health check supported packages [PackageConfig{com.google.android.networkstack, 86400000}]
06-25 12:02:27.201   518   942 D PackageWatchdog: Received supported packages [PackageConfig{com.google.android.networkstack, 86400000}]
06-25 12:02:27.201   518   942 D ExplicitHealthCheckController: Getting health check requested packages
06-25 12:02:27.202   518   942 I ExplicitHealthCheckController: Explicit health check requested packages []
06-25 12:02:27.202   518   942 I ExplicitHealthCheckController: No more health check requests, unbinding...
06-25 12:02:27.202   518   942 I ExplicitHealthCheckController: Explicit health check service is unbound
06-25 12:02:27.203   518   546 D PackageWatchdog: rescue-party-observer added the following packages to monitor [android]
06-25 12:02:27.203   518   546 I PackageWatchdog: Syncing state, reason: updated observers
06-25 12:02:27.203   518   518 I PackageWatchdog: Syncing health check requests for packages: {}
06-25 12:02:27.203   518   518 I ExplicitHealthCheckController: Service not ready to get health check supported packages. Binding...
06-25 12:02:27.206   518   518 I ExplicitHealthCheckController: Explicit health check service is bound
06-25 12:02:27.206   518   518 I ExplicitHealthCheckController: Explicit health check service is connected ComponentInfo{com.google.android.ext.services/android.ext.services.watchdog.ExplicitHealthCheckServiceImpl}
06-25 12:02:27.206   518   518 I ExplicitHealthCheckController: Service initialized, syncing requests
06-25 12:02:27.206   518   518 I PackageWatchdog: Syncing health check requests for packages: {}
06-25 12:02:27.206   518   518 D ExplicitHealthCheckController: Getting health check supported packages
06-25 12:02:27.206   518   942 I ExplicitHealthCheckController: Explicit health check supported packages [PackageConfig{com.google.android.networkstack, 86400000}]
06-25 12:02:27.206   518   942 D PackageWatchdog: Received supported packages [PackageConfig{com.google.android.networkstack, 86400000}]
06-25 12:02:27.206   518   942 D ExplicitHealthCheckController: Getting health check requested packages
06-25 12:02:27.206   518   942 I ExplicitHealthCheckController: Explicit health check requested packages []
06-25 12:02:27.206   518   942 I ExplicitHealthCheckController: No more health check requests, unbinding...
06-25 12:02:27.207   518   942 I ExplicitHealthCheckController: Explicit health check service is unbound
06-25 12:02:27.207   518   546 I PackageWatchdog: Saving observer state to file
06-25 12:02:27.210   518   614 I RescueParty: Starting to observe: [android], updated namespace: runtime_native_boot
06-25 12:02:27.210   518   546 I PackageWatchdog: Syncing state, reason: observing new packages
06-25 12:02:27.210   518   518 I PackageWatchdog: Syncing health check requests for packages: {}
06-25 12:02:27.210   518   518 I ExplicitHealthCheckController: Service not ready to get health check supported packages. Binding...
06-25 12:02:27.212  5587  7642 I bwir    : updateFromConfigurations using legacy put method [CONTEXT service_id=204 ]
06-25 12:02:27.213   518   518 I ExplicitHealthCheckController: Explicit health check service is bound
06-25 12:02:27.215   518   518 I ExplicitHealthCheckController: Explicit health check service is connected ComponentInfo{com.google.android.ext.services/android.ext.services.watchdog.ExplicitHealthCheckServiceImpl}
06-25 12:02:27.215   518   518 I ExplicitHealthCheckController: Service initialized, syncing requests
06-25 12:02:27.216   518   546 D PackageWatchdog: rescue-party-observer added the following packages to monitor [android]
06-25 12:02:27.216   518   546 I PackageWatchdog: Syncing state, reason: updated observers
06-25 12:02:27.216   518   546 I PackageWatchdog: Saving observer state to file
06-25 12:02:27.218   518   518 I PackageWatchdog: Syncing health check requests for packages: {}
06-25 12:02:27.218   518   518 D ExplicitHealthCheckController: Getting health check supported packages
06-25 12:02:27.219   518   942 I ExplicitHealthCheckController: Explicit health check supported packages [PackageConfig{com.google.android.networkstack, 86400000}]
06-25 12:02:27.219   518   942 D PackageWatchdog: Received supported packages [PackageConfig{com.google.android.networkstack, 86400000}]
06-25 12:02:27.219   518   942 D ExplicitHealthCheckController: Getting health check requested packages
06-25 12:02:27.219   518   534 I ExplicitHealthCheckController: Explicit health check requested packages []
06-25 12:02:27.219   518   534 I ExplicitHealthCheckController: No more health check requests, unbinding...
06-25 12:02:27.220   518   534 I ExplicitHealthCheckController: Explicit health check service is unbound
06-25 12:02:27.220  5587  7642 I NamespaceManager: Package com.android.refreshratecontrol name not found! Using module version.
06-25 12:02:27.221  5587  7642 I NamespaceManager: Package com.google.oslo name not found! Using module version.
06-25 12:02:27.221  5587  7642 I NamespaceManager: Package com.android.media name not found! Using module version.
06-25 12:02:27.221  5587  7642 I NamespaceManager: Package com.android.media.swcodec name not found! Using module version.
06-25 12:02:27.222  5587  7642 I NamespaceManager: Package com.android.neuralnetworks name not found! Using module version.
06-25 12:02:27.222  5587  7642 I NamespaceManager: Package com.android.media name not found! Using module version.
06-25 12:02:27.223  5587  7642 I NamespaceManager: Package 1 name not found! Using module version.
06-25 12:02:27.225  5587  7642 I NamespaceManager: Package rkpd name not found! Using module version.
06-25 12:02:27.225  5587  7642 I NamespaceManager: Package android.companion name not found! Using module version.
06-25 12:02:27.225  5587  7642 I NamespaceManager: Package com.google.android.aicore name not found! Using module version.
06-25 12:02:27.225  5587  7642 I NamespaceManager: Package com.google.android.audioproxy name not found! Using module version.
06-25 12:02:27.225  5587  7642 I NamespaceManager: Package com.google.android.apps.pixel.psi name not found! Using module version.
06-25 12:02:27.225  5587  7642 I NamespaceManager: Package com.google.android.apps.safetycore name not found! Using module version.
06-25 12:02:27.226  5587  7642 I NamespaceManager: Package com.google.android.crashrecovery name not found! Using module version.
06-25 12:02:27.226  5587  7642 I NamespaceManager: Package com.google.android.profiling name not found! Using module version.
06-25 12:02:27.226  5587  7642 I NamespaceManager: Package com.google.android.bt name not found! Using module version.
06-25 12:02:27.226  5587  7642 I NamespaceManager: Package com.google.android.nfcservices name not found! Using module version.
06-25 12:02:27.226  5587  7642 I NamespaceManager: Package com.google.android.webapp name not found! Using module version.
06-25 12:02:27.226  5587  7642 I NamespaceManager: Package com.google.android.telephonycore name not found! Using module version.
06-25 12:02:27.226  5587  7642 I NamespaceManager: Package com.google.android.uprobestats name not found! Using module version.
06-25 12:02:27.227  7389  7615 D Maestro : Requesting view hierarchy
06-25 12:02:27.227  7389  7615 W QueryController: Could not detect idle state.
06-25 12:02:27.228  7389  7615 W QueryController: Could not detect idle state.
06-25 12:02:27.234   518   614 I RescueParty: Starting to observe: [android], updated namespace: accessibility
06-25 12:02:27.234   518   546 I PackageWatchdog: Syncing state, reason: observing new packages
06-25 12:02:27.234   518   546 D PackageWatchdog: rescue-party-observer added the following packages to monitor [android]
06-25 12:02:27.234   518   546 I PackageWatchdog: Syncing state, reason: updated observers
06-25 12:02:27.234   518   546 I PackageWatchdog: Not pruning observers, elapsed time: 0ms
06-25 12:02:27.234   518   546 I PackageWatchdog: Saving observer state to file
06-25 12:02:27.235   518   518 I PackageWatchdog: Syncing health check requests for packages: {}
06-25 12:02:27.238   518   518 I ExplicitHealthCheckController: Service not ready to get health check supported packages. Binding...
06-25 12:02:27.239   518   518 I ExplicitHealthCheckController: Explicit health check service is bound
06-25 12:02:27.239   518   518 I ExplicitHealthCheckController: Explicit health check service is connected ComponentInfo{com.google.android.ext.services/android.ext.services.watchdog.ExplicitHealthCheckServiceImpl}
06-25 12:02:27.240   518   518 I ExplicitHealthCheckController: Service initialized, syncing requests
06-25 12:02:27.240   518   518 I PackageWatchdog: Syncing health check requests for packages: {}
06-25 12:02:27.240   518   518 D ExplicitHealthCheckController: Getting health check supported packages
06-25 12:02:27.241   518   942 I ExplicitHealthCheckController: Explicit health check supported packages [PackageConfig{com.google.android.networkstack, 86400000}]
06-25 12:02:27.241   518   942 D PackageWatchdog: Received supported packages [PackageConfig{com.google.android.networkstack, 86400000}]
06-25 12:02:27.241   518   942 D ExplicitHealthCheckController: Getting health check requested packages
06-25 12:02:27.243   518   534 I ExplicitHealthCheckController: Explicit health check requested packages []
06-25 12:02:27.243   518   534 I ExplicitHealthCheckController: No more health check requests, unbinding...
06-25 12:02:27.243   518   534 I ExplicitHealthCheckController: Explicit health check service is unbound
06-25 12:02:27.245   518   614 I RescueParty: Starting to observe: [android], updated namespace: netd_native
06-25 12:02:27.245   518   546 I PackageWatchdog: Syncing state, reason: observing new packages
06-25 12:02:27.245   518   546 D PackageWatchdog: rescue-party-observer added the following packages to monitor [android]
06-25 12:02:27.245   518   546 I PackageWatchdog: Syncing state, reason: updated observers
06-25 12:02:27.245   518   546 I PackageWatchdog: Not pruning observers, elapsed time: 0ms
06-25 12:02:27.245   518   546 I PackageWatchdog: Saving observer state to file
06-25 12:02:27.252   518   518 I PackageWatchdog: Syncing health check requests for packages: {}
06-25 12:02:27.252   518   518 I ExplicitHealthCheckController: Service not ready to get health check supported packages. Binding...
06-25 12:02:27.253   518   518 I ExplicitHealthCheckController: Explicit health check service is bound
06-25 12:02:27.256   518   518 I ExplicitHealthCheckController: Explicit health check service is connected ComponentInfo{com.google.android.ext.services/android.ext.services.watchdog.ExplicitHealthCheckServiceImpl}
06-25 12:02:27.256   518   518 I ExplicitHealthCheckController: Service initialized, syncing requests
06-25 12:02:27.256   518   518 I PackageWatchdog: Syncing health check requests for packages: {}
06-25 12:02:27.256   518   518 D ExplicitHealthCheckController: Getting health check supported packages
06-25 12:02:27.257   518   942 I ExplicitHealthCheckController: Explicit health check supported packages [PackageConfig{com.google.android.networkstack, 86400000}]
06-25 12:02:27.257   518   942 D PackageWatchdog: Received supported packages [PackageConfig{com.google.android.networkstack, 86400000}]
06-25 12:02:27.257   518   942 D ExplicitHealthCheckController: Getting health check requested packages
06-25 12:02:27.257   518   942 I ExplicitHealthCheckController: Explicit health check requested packages []
06-25 12:02:27.257   518   942 I ExplicitHealthCheckController: No more health check requests, unbinding...
06-25 12:02:27.257   518   942 I ExplicitHealthCheckController: Explicit health check service is unbound
06-25 12:02:27.260  7389  7615 I Maestro : Skipping invisible child: android.view.accessibility.AccessibilityNodeInfo@128a8; boundsInParent: Rect(0, 0 - 320, 0); boundsInScreen: Rect(0, 0 - 320, 0); boundsInWindow: Rect(0, 0 - 320, 0); packageName: com.hanapkalinga.mobile; className: android.widget.LinearLayout; text: null; error: null; maxTextLength: -1; stateDescription: null; contentDescription: null; tooltipText: null; containerTitle: null; viewIdResName: null; uniqueId: null; checkable: false; checked: false; focusable: false; focused: false; selected: false; clickable: false; longClickable: false; contextClickable: false; enabled: true; password: false; scrollable: false; importantForAccessibility: false; visible: false; actions: [AccessibilityAction: ACTION_SELECT - null, AccessibilityAction: ACTION_CLEAR_SELECTION - null, AccessibilityAction: ACTION_ACCESSIBILITY_FOCUS - null, AccessibilityAction: ACTION_SHOW_ON_SCREEN - null]; isTextSelectable: false
06-25 12:02:27.261  7389  7615 I Maestro : Skipping invisible child: android.view.accessibility.AccessibilityNodeInfo@124e7; boundsInParent: Rect(0, 0 - 320, 0); boundsInScreen: Rect(0, 0 - 320, 0); boundsInWindow: Rect(0, 0 - 320, 0); packageName: com.hanapkalinga.mobile; className: android.view.ViewGroup; text: null; error: null; maxTextLength: -1; stateDescription: null; contentDescription: null; tooltipText: null; containerTitle: null; viewIdResName: null; uniqueId: null; checkable: false; checked: false; focusable: false; focused: false; selected: false; clickable: false; longClickable: false; contextClickable: false; enabled: true; password: false; scrollable: false; importantForAccessibility: false; visible: false; actions: [AccessibilityAction: ACTION_SELECT - null, AccessibilityAction: ACTION_CLEAR_SELECTION - null, AccessibilityAction: ACTION_ACCESSIBILITY_FOCUS - null, AccessibilityAction: ACTION_SHOW_ON_SCREEN - null]; isTextSelectable: false
06-25 12:02:27.262  7389  7615 I Maestro : Skipping invisible child: android.view.accessibility.AccessibilityNodeInfo@191c4; boundsInParent: Rect(0, 0 - 320, 0); boundsInScreen: Rect(0, 0 - 320, 0); boundsInWindow: Rect(0, 0 - 320, 0); packageName: com.hanapkalinga.mobile; className: android.widget.LinearLayout; text: null; error: null; maxTextLength: -1; stateDescription: null; contentDescription: null; tooltipText: null; containerTitle: null; viewIdResName: null; uniqueId: null; checkable: false; checked: false; focusable: false; focused: false; selected: false; clickable: false; longClickable: false; contextClickable: false; enabled: true; password: false; scrollable: false; importantForAccessibility: false; visible: false; actions: [AccessibilityAction: ACTION_SELECT - null, AccessibilityAction: ACTION_CLEAR_SELECTION - null, AccessibilityAction: ACTION_ACCESSIBILITY_FOCUS - null, AccessibilityAction: ACTION_SHOW_ON_SCREEN - null]; isTextSelectable: false
06-25 12:02:27.262  7389  7615 I Maestro : Skipping invisible child: android.view.accessibility.AccessibilityNodeInfo@18e03; boundsInParent: Rect(0, 0 - 320, 0); boundsInScreen: Rect(0, 0 - 320, 0); boundsInWindow: Rect(0, 0 - 320, 0); packageName: com.hanapkalinga.mobile; className: android.view.ViewGroup; text: null; error: null; maxTextLength: -1; stateDescription: null; contentDescription: null; tooltipText: null; containerTitle: null; viewIdResName: null; uniqueId: null; checkable: false; checked: false; focusable: false; focused: false; selected: false; clickable: false; longClickable: false; contextClickable: false; enabled: true; password: false; scrollable: false; importantForAccessibility: false; visible: false; actions: [AccessibilityAction: ACTION_SELECT - null, AccessibilityAction: ACTION_CLEAR_SELECTION - null, AccessibilityAction: ACTION_ACCESSIBILITY_FOCUS - null, AccessibilityAction: ACTION_SHOW_ON_SCREEN - null]; isTextSelectable: false
06-25 12:02:27.267  7389  7615 D Maestro : View hierarchy received in 40 ms
06-25 12:02:27.280   518   614 I RescueParty: Starting to observe: [android], updated namespace: clipboard
06-25 12:02:27.280   518   546 I PackageWatchdog: Syncing state, reason: observing new packages
06-25 12:02:27.281   518   546 D PackageWatchdog: rescue-party-observer added the following packages to monitor [android]
06-25 12:02:27.281   518   546 I PackageWatchdog: Syncing state, reason: updated observers
06-25 12:02:27.281   518   546 I PackageWatchdog: Saving observer state to file
06-25 12:02:27.282   518   518 I PackageWatchdog: Syncing health check requests for packages: {}
06-25 12:02:27.282   518   518 I ExplicitHealthCheckController: Service not ready to get health check supported packages. Binding...
06-25 12:02:27.283   518   518 I ExplicitHealthCheckController: Explicit health check service is bound
06-25 12:02:27.283   518   518 I PackageWatchdog: Syncing health check requests for packages: {}
06-25 12:02:27.283   518   518 I ExplicitHealthCheckController: Service not ready to get health check supported packages. Binding...
06-25 12:02:27.283   518   518 I ExplicitHealthCheckController: Not binding to service, service already connecting
06-25 12:02:27.283   518   518 I ExplicitHealthCheckController: Explicit health check service is connected ComponentInfo{com.google.android.ext.services/android.ext.services.watchdog.ExplicitHealthCheckServiceImpl}
06-25 12:02:27.284   518   518 I ExplicitHealthCheckController: Service initialized, syncing requests
06-25 12:02:27.284   518   518 I PackageWatchdog: Syncing health check requests for packages: {}
06-25 12:02:27.284   518   518 D ExplicitHealthCheckController: Getting health check supported packages
06-25 12:02:27.284   518  2715 I ExplicitHealthCheckController: Explicit health check supported packages [PackageConfig{com.google.android.networkstack, 86400000}]
06-25 12:02:27.284   518  2715 D PackageWatchdog: Received supported packages [PackageConfig{com.google.android.networkstack, 86400000}]
06-25 12:02:27.284   518  2715 D ExplicitHealthCheckController: Getting health check requested packages
06-25 12:02:27.284   518  2715 I ExplicitHealthCheckController: Explicit health check requested packages []
06-25 12:02:27.284   518  2715 I ExplicitHealthCheckController: No more health check requests, unbinding...
06-25 12:02:27.285   518  2715 I ExplicitHealthCheckController: Explicit health check service is unbound
06-25 12:02:27.287   518   614 I RescueParty: Starting to observe: [android], updated namespace: nearby
06-25 12:02:27.287   518   546 I PackageWatchdog: Syncing state, reason: observing new packages
06-25 12:02:27.287   518   518 I PackageWatchdog: Syncing health check requests for packages: {}
06-25 12:02:27.287   518   518 I ExplicitHealthCheckController: Service not ready to get health check supported packages. Binding...
06-25 12:02:27.288   518   518 I ExplicitHealthCheckController: Explicit health check service is bound
06-25 12:02:27.289   518   518 I ExplicitHealthCheckController: Explicit health check service is connected ComponentInfo{com.google.android.ext.services/android.ext.services.watchdog.ExplicitHealthCheckServiceImpl}
06-25 12:02:27.289   518   518 I ExplicitHealthCheckController: Service initialized, syncing requests
06-25 12:02:27.289   518   518 I PackageWatchdog: Syncing health check requests for packages: {}
06-25 12:02:27.289   518   518 D ExplicitHealthCheckController: Getting health check supported packages
06-25 12:02:27.289   518  2715 I ExplicitHealthCheckController: Explicit health check supported packages [PackageConfig{com.google.android.networkstack, 86400000}]
06-25 12:02:27.289   518  2715 D PackageWatchdog: Received supported packages [PackageConfig{com.google.android.networkstack, 86400000}]
06-25 12:02:27.289   518  2715 D ExplicitHealthCheckController: Getting health check requested packages
06-25 12:02:27.289   518  2715 I ExplicitHealthCheckController: Explicit health check requested packages []
06-25 12:02:27.290   518  2715 I ExplicitHealthCheckController: No more health check requests, unbinding...
06-25 12:02:27.290   518  2715 I ExplicitHealthCheckController: Explicit health check service is unbound
06-25 12:02:27.290   518   546 D PackageWatchdog: rescue-party-observer added the following packages to monitor [android]
06-25 12:02:27.290   518   546 I PackageWatchdog: Syncing state, reason: updated observers
06-25 12:02:27.290   518   518 I PackageWatchdog: Syncing health check requests for packages: {}
06-25 12:02:27.290   518   518 I ExplicitHealthCheckController: Service not ready to get health check supported packages. Binding...
06-25 12:02:27.291   518   518 I ExplicitHealthCheckController: Explicit health check service is bound
06-25 12:02:27.291   518   518 I ExplicitHealthCheckController: Explicit health check service is connected ComponentInfo{com.google.android.ext.services/android.ext.services.watchdog.ExplicitHealthCheckServiceImpl}
06-25 12:02:27.291   518   518 I ExplicitHealthCheckController: Service initialized, syncing requests
06-25 12:02:27.291   518   518 I PackageWatchdog: Syncing health check requests for packages: {}
06-25 12:02:27.291   518   518 D ExplicitHealthCheckController: Getting health check supported packages
06-25 12:02:27.292   518  2715 I ExplicitHealthCheckController: Explicit health check supported packages [PackageConfig{com.google.android.networkstack, 86400000}]
06-25 12:02:27.292   518  2715 D PackageWatchdog: Received supported packages [PackageConfig{com.google.android.networkstack, 86400000}]
06-25 12:02:27.292   518  2715 D ExplicitHealthCheckController: Getting health check requested packages
06-25 12:02:27.292   518  2715 I ExplicitHealthCheckController: Explicit health check requested packages []
06-25 12:02:27.292   518  2715 I ExplicitHealthCheckController: No more health check requests, unbinding...
06-25 12:02:27.292   518  2715 I ExplicitHealthCheckController: Explicit health check service is unbound
06-25 12:02:27.293   518   546 I PackageWatchdog: Saving observer state to file
06-25 12:02:27.300   518   614 I RescueParty: Starting to observe: [android, com.google.android.networkstack], updated namespace: connectivity
06-25 12:02:27.301   518   546 I PackageWatchdog: Syncing state, reason: observing new packages
06-25 12:02:27.301   518   546 D PackageWatchdog: rescue-party-observer added the following packages to monitor [android, com.google.android.networkstack]
06-25 12:02:27.301   518   546 I PackageWatchdog: Syncing state, reason: updated observers
06-25 12:02:27.301   518   546 I PackageWatchdog: Not pruning observers, elapsed time: 0ms
06-25 12:02:27.303   518   518 I PackageWatchdog: Syncing health check requests for packages: {}
06-25 12:02:27.303   518   518 I ExplicitHealthCheckController: Service not ready to get health check supported packages. Binding...
06-25 12:02:27.304   518   518 I ExplicitHealthCheckController: Explicit health check service is bound
06-25 12:02:27.304   518   518 I PackageWatchdog: Syncing health check requests for packages: {}
06-25 12:02:27.304   518   518 I ExplicitHealthCheckController: Service not ready to get health check supported packages. Binding...
06-25 12:02:27.304   518   518 I ExplicitHealthCheckController: Not binding to service, service already connecting
06-25 12:02:27.304   518   518 I ExplicitHealthCheckController: Explicit health check service is connected ComponentInfo{com.google.android.ext.services/android.ext.services.watchdog.ExplicitHealthCheckServiceImpl}
06-25 12:02:27.304   518   518 I ExplicitHealthCheckController: Service initialized, syncing requests
06-25 12:02:27.305   518   518 I PackageWatchdog: Syncing health check requests for packages: {}
06-25 12:02:27.305   518   518 D ExplicitHealthCheckController: Getting health check supported packages
06-25 12:02:27.305   518  2715 I ExplicitHealthCheckController: Explicit health check supported packages [PackageConfig{com.google.android.networkstack, 86400000}]
06-25 12:02:27.305   518  2715 D PackageWatchdog: Received supported packages [PackageConfig{com.google.android.networkstack, 86400000}]
06-25 12:02:27.305   518  2715 D ExplicitHealthCheckController: Getting health check requested packages
06-25 12:02:27.305   518  2715 I ExplicitHealthCheckController: Explicit health check requested packages []
06-25 12:02:27.305   518  2715 I ExplicitHealthCheckController: No more health check requests, unbinding...
06-25 12:02:27.305   518  2715 I ExplicitHealthCheckController: Explicit health check service is unbound
06-25 12:02:27.305   518   546 I PackageWatchdog: Saving observer state to file
06-25 12:02:27.309   518   614 I RescueParty: Starting to observe: [com.google.android.permissioncontroller], updated namespace: permissions
06-25 12:02:27.309   518   546 I PackageWatchdog: Syncing state, reason: observing new packages
06-25 12:02:27.310   518   546 D PackageWatchdog: rescue-party-observer added the following packages to monitor [com.google.android.permissioncontroller]
06-25 12:02:27.310   518   546 I PackageWatchdog: Syncing state, reason: updated observers
06-25 12:02:27.310   518   546 I PackageWatchdog: Not pruning observers, elapsed time: 0ms
06-25 12:02:27.310   518   518 I PackageWatchdog: Syncing health check requests for packages: {}
06-25 12:02:27.310   518   518 I ExplicitHealthCheckController: Service not ready to get health check supported packages. Binding...
06-25 12:02:27.313   518   518 I ExplicitHealthCheckController: Explicit health check service is bound
06-25 12:02:27.313   518   518 I PackageWatchdog: Syncing health check requests for packages: {}
06-25 12:02:27.313   518   518 I ExplicitHealthCheckController: Service not ready to get health check supported packages. Binding...
06-25 12:02:27.313   518   518 I ExplicitHealthCheckController: Not binding to service, service already connecting
06-25 12:02:27.313   518   518 I ExplicitHealthCheckController: Explicit health check service is connected ComponentInfo{com.google.android.ext.services/android.ext.services.watchdog.ExplicitHealthCheckServiceImpl}
06-25 12:02:27.313   518   518 I ExplicitHealthCheckController: Service initialized, syncing requests
06-25 12:02:27.313   518   518 I PackageWatchdog: Syncing health check requests for packages: {}
06-25 12:02:27.313   518   518 D ExplicitHealthCheckController: Getting health check supported packages
06-25 12:02:27.313   518  2715 I ExplicitHealthCheckController: Explicit health check supported packages [PackageConfig{com.google.android.networkstack, 86400000}]
06-25 12:02:27.314   518  2715 D PackageWatchdog: Received supported packages [PackageConfig{com.google.android.networkstack, 86400000}]
06-25 12:02:27.314   518  2715 D ExplicitHealthCheckController: Getting health check requested packages
06-25 12:02:27.317   518   546 I PackageWatchdog: Saving observer state to file
06-25 12:02:27.320   518  2715 I ExplicitHealthCheckController: Explicit health check requested packages []
06-25 12:02:27.320   518  2715 I ExplicitHealthCheckController: No more health check requests, unbinding...
06-25 12:02:27.320   518  2715 I ExplicitHealthCheckController: Explicit health check service is unbound
06-25 12:02:27.329  7389  7615 D Maestro : Requesting view hierarchy
06-25 12:02:27.329  7389  7615 W QueryController: Could not detect idle state.
06-25 12:02:27.329  7389  7615 W QueryController: Could not detect idle state.
06-25 12:02:27.362  7389  7615 I Maestro : Skipping invisible child: android.view.accessibility.AccessibilityNodeInfo@128a8; boundsInParent: Rect(0, 0 - 320, 0); boundsInScreen: Rect(0, 0 - 320, 0); boundsInWindow: Rect(0, 0 - 320, 0); packageName: com.hanapkalinga.mobile; className: android.widget.LinearLayout; text: null; error: null; maxTextLength: -1; stateDescription: null; contentDescription: null; tooltipText: null; containerTitle: null; viewIdResName: null; uniqueId: null; checkable: false; checked: false; focusable: false; focused: false; selected: false; clickable: false; longClickable: false; contextClickable: false; enabled: true; password: false; scrollable: false; importantForAccessibility: false; visible: false; actions: [AccessibilityAction: ACTION_SELECT - null, AccessibilityAction: ACTION_CLEAR_SELECTION - null, AccessibilityAction: ACTION_ACCESSIBILITY_FOCUS - null, AccessibilityAction: ACTION_SHOW_ON_SCREEN - null]; isTextSelectable: false
06-25 12:02:27.362  7389  7615 I Maestro : Skipping invisible child: android.view.accessibility.AccessibilityNodeInfo@124e7; boundsInParent: Rect(0, 0 - 320, 0); boundsInScreen: Rect(0, 0 - 320, 0); boundsInWindow: Rect(0, 0 - 320, 0); packageName: com.hanapkalinga.mobile; className: android.view.ViewGroup; text: null; error: null; maxTextLength: -1; stateDescription: null; contentDescription: null; tooltipText: null; containerTitle: null; viewIdResName: null; uniqueId: null; checkable: false; checked: false; focusable: false; focused: false; selected: false; clickable: false; longClickable: false; contextClickable: false; enabled: true; password: false; scrollable: false; importantForAccessibility: false; visible: false; actions: [AccessibilityAction: ACTION_SELECT - null, AccessibilityAction: ACTION_CLEAR_SELECTION - null, AccessibilityAction: ACTION_ACCESSIBILITY_FOCUS - null, AccessibilityAction: ACTION_SHOW_ON_SCREEN - null]; isTextSelectable: false
06-25 12:02:27.362  7389  7615 I Maestro : Skipping invisible child: android.view.accessibility.AccessibilityNodeInfo@191c4; boundsInParent: Rect(0, 0 - 320, 0); boundsInScreen: Rect(0, 0 - 320, 0); boundsInWindow: Rect(0, 0 - 320, 0); packageName: com.hanapkalinga.mobile; className: android.widget.LinearLayout; text: null; error: null; maxTextLength: -1; stateDescription: null; contentDescription: null; tooltipText: null; containerTitle: null; viewIdResName: null; uniqueId: null; checkable: false; checked: false; focusable: false; focused: false; selected: false; clickable: false; longClickable: false; contextClickable: false; enabled: true; password: false; scrollable: false; importantForAccessibility: false; visible: false; actions: [AccessibilityAction: ACTION_SELECT - null, AccessibilityAction: ACTION_CLEAR_SELECTION - null, AccessibilityAction: ACTION_ACCESSIBILITY_FOCUS - null, AccessibilityAction: ACTION_SHOW_ON_SCREEN - null]; isTextSelectable: false
06-25 12:02:27.363  7389  7615 I Maestro : Skipping invisible child: android.view.accessibility.AccessibilityNodeInfo@18e03; boundsInParent: Rect(0, 0 - 320, 0); boundsInScreen: Rect(0, 0 - 320, 0); boundsInWindow: Rect(0, 0 - 320, 0); packageName: com.hanapkalinga.mobile; className: android.view.ViewGroup; text: null; error: null; maxTextLength: -1; stateDescription: null; contentDescription: null; tooltipText: null; containerTitle: null; viewIdResName: null; uniqueId: null; checkable: false; checked: false; focusable: false; focused: false; selected: false; clickable: false; longClickable: false; contextClickable: false; enabled: true; password: false; scrollable: false; importantForAccessibility: false; visible: false; actions: [AccessibilityAction: ACTION_SELECT - null, AccessibilityAction: ACTION_CLEAR_SELECTION - null, AccessibilityAction: ACTION_ACCESSIBILITY_FOCUS - null, AccessibilityAction: ACTION_SHOW_ON_SCREEN - null]; isTextSelectable: false
06-25 12:02:27.365  7389  7615 D Maestro : View hierarchy received in 36 ms
06-25 12:02:27.369   518   614 I RescueParty: Starting to observe: [android], updated namespace: wifi
06-25 12:02:27.369   518   546 I PackageWatchdog: Syncing state, reason: observing new packages
06-25 12:02:27.369   518   546 D PackageWatchdog: rescue-party-observer added the following packages to monitor [android]
06-25 12:02:27.369   518   546 I PackageWatchdog: Syncing state, reason: updated observers
06-25 12:02:27.370   518   546 I PackageWatchdog: Saving observer state to file
06-25 12:02:27.377   518   518 I PackageWatchdog: Syncing health check requests for packages: {}
06-25 12:02:27.378   518   518 I ExplicitHealthCheckController: Service not ready to get health check supported packages. Binding...
06-25 12:02:27.379   518   518 I ExplicitHealthCheckController: Explicit health check service is bound
06-25 12:02:27.379   518   518 I ExplicitHealthCheckController: Explicit health check service is connected ComponentInfo{com.google.android.ext.services/android.ext.services.watchdog.ExplicitHealthCheckServiceImpl}
06-25 12:02:27.379   518   518 I ExplicitHealthCheckController: Service initialized, syncing requests
06-25 12:02:27.379   518   518 I PackageWatchdog: Syncing health check requests for packages: {}
06-25 12:02:27.379   518   518 D ExplicitHealthCheckController: Getting health check supported packages
06-25 12:02:27.380   518  2309 I ExplicitHealthCheckController: Explicit health check supported packages [PackageConfig{com.google.android.networkstack, 86400000}]
06-25 12:02:27.380   518  2309 D PackageWatchdog: Received supported packages [PackageConfig{com.google.android.networkstack, 86400000}]
06-25 12:02:27.380   518  2309 D ExplicitHealthCheckController: Getting health check requested packages
06-25 12:02:27.380   518  2309 I ExplicitHealthCheckController: Explicit health check requested packages []
06-25 12:02:27.380   518  2309 I ExplicitHealthCheckController: No more health check requests, unbinding...
06-25 12:02:27.380   518  2309 I ExplicitHealthCheckController: Explicit health check service is unbound
06-25 12:02:27.386   518   614 I RescueParty: Starting to observe: [android], updated namespace: edgetpu_native
06-25 12:02:27.386   518   546 I PackageWatchdog: Syncing state, reason: observing new packages
06-25 12:02:27.387   518   546 D PackageWatchdog: rescue-party-observer added the following packages to monitor [android]
06-25 12:02:27.387   518   546 I PackageWatchdog: Syncing state, reason: updated observers
06-25 12:02:27.387   518   546 I PackageWatchdog: Saving observer state to file
06-25 12:02:27.387   518   518 I PackageWatchdog: Syncing health check requests for packages: {}
06-25 12:02:27.387   518   518 I ExplicitHealthCheckController: Service not ready to get health check supported packages. Binding...
06-25 12:02:27.388   518   518 I ExplicitHealthCheckController: Explicit health check service is bound
06-25 12:02:27.390   518   518 I PackageWatchdog: Syncing health check requests for packages: {}
06-25 12:02:27.390   518   518 I ExplicitHealthCheckController: Service not ready to get health check supported packages. Binding...
06-25 12:02:27.390   518   518 I ExplicitHealthCheckController: Not binding to service, service already connecting
06-25 12:02:27.390   518   518 I ExplicitHealthCheckController: Explicit health check service is connected ComponentInfo{com.google.android.ext.services/android.ext.services.watchdog.ExplicitHealthCheckServiceImpl}
06-25 12:02:27.390   518   518 I ExplicitHealthCheckController: Service initialized, syncing requests
06-25 12:02:27.390   518   518 I PackageWatchdog: Syncing health check requests for packages: {}
06-25 12:02:27.390   518   518 D ExplicitHealthCheckController: Getting health check supported packages
06-25 12:02:27.391   518  2715 I ExplicitHealthCheckController: Explicit health check supported packages [PackageConfig{com.google.android.networkstack, 86400000}]
06-25 12:02:27.391   518  2715 D PackageWatchdog: Received supported packages [PackageConfig{com.google.android.networkstack, 86400000}]
06-25 12:02:27.391   518  2715 D ExplicitHealthCheckController: Getting health check requested packages
06-25 12:02:27.391   518  2715 I ExplicitHealthCheckController: Explicit health check requested packages []
06-25 12:02:27.391   518  2715 I ExplicitHealthCheckController: No more health check requests, unbinding...
06-25 12:02:27.392   518  2715 I ExplicitHealthCheckController: Explicit health check service is unbound
06-25 12:02:27.393   518   614 I RescueParty: Starting to observe: [android], updated namespace: appsearch
06-25 12:02:27.393   518   546 I PackageWatchdog: Syncing state, reason: observing new packages
06-25 12:02:27.394   518   518 I PackageWatchdog: Syncing health check requests for packages: {}
06-25 12:02:27.394   518   518 I ExplicitHealthCheckController: Service not ready to get health check supported packages. Binding...
06-25 12:02:27.394   518   518 I ExplicitHealthCheckController: Explicit health check service is bound
06-25 12:02:27.395   518   518 I ExplicitHealthCheckController: Explicit health check service is connected ComponentInfo{com.google.android.ext.services/android.ext.services.watchdog.ExplicitHealthCheckServiceImpl}
06-25 12:02:27.395   518   518 I ExplicitHealthCheckController: Service initialized, syncing requests
06-25 12:02:27.395   518   518 I PackageWatchdog: Syncing health check requests for packages: {}
06-25 12:02:27.395   518   518 D ExplicitHealthCheckController: Getting health check supported packages
06-25 12:02:27.395   518  2309 I ExplicitHealthCheckController: Explicit health check supported packages [PackageConfig{com.google.android.networkstack, 86400000}]
06-25 12:02:27.396   518   546 D PackageWatchdog: rescue-party-observer added the following packages to monitor [android]
06-25 12:02:27.396   518   546 I PackageWatchdog: Syncing state, reason: updated observers
06-25 12:02:27.396   518   546 I PackageWatchdog: Saving observer state to file
06-25 12:02:27.396   518  2309 D PackageWatchdog: Received supported packages [PackageConfig{com.google.android.networkstack, 86400000}]
06-25 12:02:27.396   518  2309 D ExplicitHealthCheckController: Getting health check requested packages
06-25 12:02:27.396   518   518 I PackageWatchdog: Syncing health check requests for packages: {}
06-25 12:02:27.396   518   518 D ExplicitHealthCheckController: Getting health check supported packages
06-25 12:02:27.396   518  2309 I ExplicitHealthCheckController: Explicit health check requested packages []
06-25 12:02:27.396   518  2309 I ExplicitHealthCheckController: No more health check requests, unbinding...
06-25 12:02:27.396   518  2309 I ExplicitHealthCheckController: Explicit health check service is unbound
06-25 12:02:27.397   518   821 I ExplicitHealthCheckController: Explicit health check supported packages [PackageConfig{com.google.android.networkstack, 86400000}]
06-25 12:02:27.397   518   821 D PackageWatchdog: Received supported packages [PackageConfig{com.google.android.networkstack, 86400000}]
06-25 12:02:27.397   518   821 I ExplicitHealthCheckController: Service not ready to get health check requested packages. Binding...
06-25 12:02:27.397   518   821 I ExplicitHealthCheckController: Explicit health check service is bound
06-25 12:02:27.398   518   518 I ExplicitHealthCheckController: Explicit health check service is connected ComponentInfo{com.google.android.ext.services/android.ext.services.watchdog.ExplicitHealthCheckServiceImpl}
06-25 12:02:27.398   518   518 I ExplicitHealthCheckController: Service initialized, syncing requests
06-25 12:02:27.398   518   518 I PackageWatchdog: Syncing health check requests for packages: {}
06-25 12:02:27.398   518   518 D ExplicitHealthCheckController: Getting health check supported packages
06-25 12:02:27.398   518  2309 I ExplicitHealthCheckController: Explicit health check supported packages [PackageConfig{com.google.android.networkstack, 86400000}]
06-25 12:02:27.398   518  2309 D PackageWatchdog: Received supported packages [PackageConfig{com.google.android.networkstack, 86400000}]
06-25 12:02:27.398   518  2309 D ExplicitHealthCheckController: Getting health check requested packages
06-25 12:02:27.398   518  2309 I ExplicitHealthCheckController: Explicit health check requested packages []
06-25 12:02:27.398   518  2309 I ExplicitHealthCheckController: No more health check requests, unbinding...
06-25 12:02:27.398   518  2309 I ExplicitHealthCheckController: Explicit health check service is unbound
06-25 12:02:27.407   518   614 I RescueParty: Starting to observe: [com.google.android.apps.nexuslauncher, com.android.settings, com.android.systemui], updated namespace: interaction_jank_monitor
06-25 12:02:27.407   518   546 I PackageWatchdog: Syncing state, reason: observing new packages
06-25 12:02:27.407   518   546 D PackageWatchdog: rescue-party-observer added the following packages to monitor [com.google.android.apps.nexuslauncher, com.android.settings, com.android.systemui]
06-25 12:02:27.408   518   546 I PackageWatchdog: Syncing state, reason: updated observers
06-25 12:02:27.408   518   546 I PackageWatchdog: Not pruning observers, elapsed time: 0ms
06-25 12:02:27.408   518   546 I PackageWatchdog: Saving observer state to file
06-25 12:02:27.408   518   518 I PackageWatchdog: Syncing health check requests for packages: {}
06-25 12:02:27.408   518   518 I ExplicitHealthCheckController: Service not ready to get health check supported packages. Binding...
06-25 12:02:27.409   518   518 I ExplicitHealthCheckController: Explicit health check service is bound
06-25 12:02:27.411   518   518 I PackageWatchdog: Syncing health check requests for packages: {}
06-25 12:02:27.411   518   518 I ExplicitHealthCheckController: Service not ready to get health check supported packages. Binding...
06-25 12:02:27.411   518   518 I ExplicitHealthCheckController: Not binding to service, service already connecting
06-25 12:02:27.411   518   518 I ExplicitHealthCheckController: Explicit health check service is connected ComponentInfo{com.google.android.ext.services/android.ext.services.watchdog.ExplicitHealthCheckServiceImpl}
06-25 12:02:27.411   518   518 I ExplicitHealthCheckController: Service initialized, syncing requests
06-25 12:02:27.411   518   518 I PackageWatchdog: Syncing health check requests for packages: {}
06-25 12:02:27.411   518   518 D ExplicitHealthCheckController: Getting health check supported packages
06-25 12:02:27.411   518  2309 I ExplicitHealthCheckController: Explicit health check supported packages [PackageConfig{com.google.android.networkstack, 86400000}]
06-25 12:02:27.411   518  2309 D PackageWatchdog: Received supported packages [PackageConfig{com.google.android.networkstack, 86400000}]
06-25 12:02:27.412   518  2309 D ExplicitHealthCheckController: Getting health check requested packages
06-25 12:02:27.412   518   614 I RescueParty: Starting to observe: [android], updated namespace: wearable_sensing
06-25 12:02:27.412   518  2309 I ExplicitHealthCheckController: Explicit health check requested packages []
06-25 12:02:27.412   518  2309 I ExplicitHealthCheckController: No more health check requests, unbinding...
06-25 12:02:27.413   518  2309 I ExplicitHealthCheckController: Explicit health check service is unbound
06-25 12:02:27.413   518   546 I PackageWatchdog: Syncing state, reason: observing new packages
06-25 12:02:27.413   518   518 I PackageWatchdog: Syncing health check requests for packages: {}
06-25 12:02:27.413   518   518 I ExplicitHealthCheckController: Service not ready to get health check supported packages. Binding...
06-25 12:02:27.414   518   518 I ExplicitHealthCheckController: Explicit health check service is bound
06-25 12:02:27.414   518   518 I ExplicitHealthCheckController: Explicit health check service is connected ComponentInfo{com.google.android.ext.services/android.ext.services.watchdog.ExplicitHealthCheckServiceImpl}
06-25 12:02:27.414   518   518 I ExplicitHealthCheckController: Service initialized, syncing requests
06-25 12:02:27.414   518   518 I PackageWatchdog: Syncing health check requests for packages: {}
06-25 12:02:27.414   518   518 D ExplicitHealthCheckController: Getting health check supported packages
06-25 12:02:27.415   518  2309 I ExplicitHealthCheckController: Explicit health check supported packages [PackageConfig{com.google.android.networkstack, 86400000}]
06-25 12:02:27.415   518  2309 D PackageWatchdog: Received supported packages [PackageConfig{com.google.android.networkstack, 86400000}]
06-25 12:02:27.415   518  2309 D ExplicitHealthCheckController: Getting health check requested packages
