06-25 12:02:27.855   518   518 I ExplicitHealthCheckController: Service not ready to get health check supported packages. Binding...
06-25 12:02:27.855   518   518 I ExplicitHealthCheckController: Explicit health check service is bound
06-25 12:02:27.856   518   518 I ExplicitHealthCheckController: Explicit health check service is connected ComponentInfo{com.google.android.ext.services/android.ext.services.watchdog.ExplicitHealthCheckServiceImpl}
06-25 12:02:27.856   518   518 I ExplicitHealthCheckController: Service initialized, syncing requests
06-25 12:02:27.856   518   518 I PackageWatchdog: Syncing health check requests for packages: {}
06-25 12:02:27.856   518   518 D ExplicitHealthCheckController: Getting health check supported packages
06-25 12:02:27.857   518   534 I ExplicitHealthCheckController: Explicit health check supported packages [PackageConfig{com.google.android.networkstack, 86400000}]
06-25 12:02:27.857   518   534 D PackageWatchdog: Received supported packages [PackageConfig{com.google.android.networkstack, 86400000}]
06-25 12:02:27.857   518   534 D ExplicitHealthCheckController: Getting health check requested packages
06-25 12:02:27.858   518   534 I ExplicitHealthCheckController: Explicit health check requested packages []
06-25 12:02:27.858   518   534 I ExplicitHealthCheckController: No more health check requests, unbinding...
06-25 12:02:27.858   518   534 I ExplicitHealthCheckController: Explicit health check service is unbound
06-25 12:02:27.862   518   614 I RescueParty: Starting to observe: [android], updated namespace: backup_and_restore
06-25 12:02:27.862   518   546 I PackageWatchdog: Syncing state, reason: observing new packages
06-25 12:02:27.862   518   518 I PackageWatchdog: Syncing health check requests for packages: {}
06-25 12:02:27.863   518   518 I ExplicitHealthCheckController: Service not ready to get health check supported packages. Binding...
06-25 12:02:27.863   518   518 I ExplicitHealthCheckController: Explicit health check service is bound
06-25 12:02:27.863   518   546 D PackageWatchdog: rescue-party-observer added the following packages to monitor [android]
06-25 12:02:27.863   518   546 I PackageWatchdog: Syncing state, reason: updated observers
06-25 12:02:27.863   518   518 I PackageWatchdog: Syncing health check requests for packages: {}
06-25 12:02:27.863   518   518 I ExplicitHealthCheckController: Service not ready to get health check supported packages. Binding...
06-25 12:02:27.863   518   518 I ExplicitHealthCheckController: Not binding to service, service already connecting
06-25 12:02:27.863   518   546 I PackageWatchdog: Saving observer state to file
06-25 12:02:27.864   518   518 I ExplicitHealthCheckController: Explicit health check service is connected ComponentInfo{com.google.android.ext.services/android.ext.services.watchdog.ExplicitHealthCheckServiceImpl}
06-25 12:02:27.864   518   518 I ExplicitHealthCheckController: Service initialized, syncing requests
06-25 12:02:27.865   518   518 I PackageWatchdog: Syncing health check requests for packages: {}
06-25 12:02:27.865   518   518 D ExplicitHealthCheckController: Getting health check supported packages
06-25 12:02:27.865   518   534 I ExplicitHealthCheckController: Explicit health check supported packages [PackageConfig{com.google.android.networkstack, 86400000}]
06-25 12:02:27.865   518   534 D PackageWatchdog: Received supported packages [PackageConfig{com.google.android.networkstack, 86400000}]
06-25 12:02:27.865   518   534 D ExplicitHealthCheckController: Getting health check requested packages
06-25 12:02:27.865   518   534 I ExplicitHealthCheckController: Explicit health check requested packages []
06-25 12:02:27.865   518   534 I ExplicitHealthCheckController: No more health check requests, unbinding...
06-25 12:02:27.866   518   534 I ExplicitHealthCheckController: Explicit health check service is unbound
06-25 12:02:27.868   518   614 I RescueParty: Starting to observe: [android], updated namespace: nnapi_native
06-25 12:02:27.868   518   546 I PackageWatchdog: Syncing state, reason: observing new packages
06-25 12:02:27.868   518   518 I PackageWatchdog: Syncing health check requests for packages: {}
06-25 12:02:27.868   518   518 I ExplicitHealthCheckController: Service not ready to get health check supported packages. Binding...
06-25 12:02:27.869   518   518 I ExplicitHealthCheckController: Explicit health check service is bound
06-25 12:02:27.869   518   546 D PackageWatchdog: rescue-party-observer added the following packages to monitor [android]
06-25 12:02:27.869   518   546 I PackageWatchdog: Syncing state, reason: updated observers
06-25 12:02:27.869   518   546 I PackageWatchdog: Not pruning observers, elapsed time: 0ms
06-25 12:02:27.869   518   518 I PackageWatchdog: Syncing health check requests for packages: {}
06-25 12:02:27.869   518   518 I ExplicitHealthCheckController: Service not ready to get health check supported packages. Binding...
06-25 12:02:27.869   518   518 I ExplicitHealthCheckController: Not binding to service, service already connecting
06-25 12:02:27.869   518   546 I PackageWatchdog: Saving observer state to file
06-25 12:02:27.869   518   518 I ExplicitHealthCheckController: Explicit health check service is connected ComponentInfo{com.google.android.ext.services/android.ext.services.watchdog.ExplicitHealthCheckServiceImpl}
06-25 12:02:27.869   518   518 I ExplicitHealthCheckController: Service initialized, syncing requests
06-25 12:02:27.870   518   518 I PackageWatchdog: Syncing health check requests for packages: {}
06-25 12:02:27.870   518   518 D ExplicitHealthCheckController: Getting health check supported packages
06-25 12:02:27.870   518   534 I ExplicitHealthCheckController: Explicit health check supported packages [PackageConfig{com.google.android.networkstack, 86400000}]
06-25 12:02:27.870   518   534 D PackageWatchdog: Received supported packages [PackageConfig{com.google.android.networkstack, 86400000}]
06-25 12:02:27.870   518   534 D ExplicitHealthCheckController: Getting health check requested packages
06-25 12:02:27.870   518   534 I ExplicitHealthCheckController: Explicit health check requested packages []
06-25 12:02:27.870   518   534 I ExplicitHealthCheckController: No more health check requests, unbinding...
06-25 12:02:27.871   518   534 I ExplicitHealthCheckController: Explicit health check service is unbound
06-25 12:02:27.873   518   614 I RescueParty: Starting to observe: [android, com.google.android.networkstack], updated namespace: tethering
06-25 12:02:27.873   518   546 I PackageWatchdog: Syncing state, reason: observing new packages
06-25 12:02:27.873   518   518 I PackageWatchdog: Syncing health check requests for packages: {}
06-25 12:02:27.873   518   518 I ExplicitHealthCheckController: Service not ready to get health check supported packages. Binding...
06-25 12:02:27.874   518   518 I ExplicitHealthCheckController: Explicit health check service is bound
06-25 12:02:27.874   518   546 D PackageWatchdog: rescue-party-observer added the following packages to monitor [android, com.google.android.networkstack]
06-25 12:02:27.874   518   546 I PackageWatchdog: Syncing state, reason: updated observers
06-25 12:02:27.874   518   518 I PackageWatchdog: Syncing health check requests for packages: {}
06-25 12:02:27.874   518   518 I ExplicitHealthCheckController: Service not ready to get health check supported packages. Binding...
06-25 12:02:27.874   518   518 I ExplicitHealthCheckController: Not binding to service, service already connecting
06-25 12:02:27.874   518   546 I PackageWatchdog: Saving observer state to file
06-25 12:02:27.874   518   518 I ExplicitHealthCheckController: Explicit health check service is connected ComponentInfo{com.google.android.ext.services/android.ext.services.watchdog.ExplicitHealthCheckServiceImpl}
06-25 12:02:27.875   518   518 I ExplicitHealthCheckController: Service initialized, syncing requests
06-25 12:02:27.875   518   518 I PackageWatchdog: Syncing health check requests for packages: {}
06-25 12:02:27.875   518   518 D ExplicitHealthCheckController: Getting health check supported packages
06-25 12:02:27.875   518   534 I ExplicitHealthCheckController: Explicit health check supported packages [PackageConfig{com.google.android.networkstack, 86400000}]
06-25 12:02:27.875   518   534 D PackageWatchdog: Received supported packages [PackageConfig{com.google.android.networkstack, 86400000}]
06-25 12:02:27.875   518   534 D ExplicitHealthCheckController: Getting health check requested packages
06-25 12:02:27.875   518   534 I ExplicitHealthCheckController: Explicit health check requested packages []
06-25 12:02:27.876   518   534 I ExplicitHealthCheckController: No more health check requests, unbinding...
06-25 12:02:27.876   518   534 I ExplicitHealthCheckController: Explicit health check service is unbound
06-25 12:02:27.879   518   614 I RescueParty: Starting to observe: [android], updated namespace: location
06-25 12:02:27.880   518   546 I PackageWatchdog: Syncing state, reason: observing new packages
06-25 12:02:27.880   518   518 I PackageWatchdog: Syncing health check requests for packages: {}
06-25 12:02:27.880   518   518 I ExplicitHealthCheckController: Service not ready to get health check supported packages. Binding...
06-25 12:02:27.881   518   518 I ExplicitHealthCheckController: Explicit health check service is bound
06-25 12:02:27.881   518   546 D PackageWatchdog: rescue-party-observer added the following packages to monitor [android]
06-25 12:02:27.881   518   546 I PackageWatchdog: Syncing state, reason: updated observers
06-25 12:02:27.881   518   518 I PackageWatchdog: Syncing health check requests for packages: {}
06-25 12:02:27.881   518   518 I ExplicitHealthCheckController: Service not ready to get health check supported packages. Binding...
06-25 12:02:27.881   518   518 I ExplicitHealthCheckController: Not binding to service, service already connecting
06-25 12:02:27.881   518   546 I PackageWatchdog: Saving observer state to file
06-25 12:02:27.881   518   518 I ExplicitHealthCheckController: Explicit health check service is connected ComponentInfo{com.google.android.ext.services/android.ext.services.watchdog.ExplicitHealthCheckServiceImpl}
06-25 12:02:27.881   518   518 I ExplicitHealthCheckController: Service initialized, syncing requests
06-25 12:02:27.882   518   518 I PackageWatchdog: Syncing health check requests for packages: {}
06-25 12:02:27.882   518   518 D ExplicitHealthCheckController: Getting health check supported packages
06-25 12:02:27.882   518   591 I ExplicitHealthCheckController: Explicit health check supported packages [PackageConfig{com.google.android.networkstack, 86400000}]
06-25 12:02:27.882   518   591 D PackageWatchdog: Received supported packages [PackageConfig{com.google.android.networkstack, 86400000}]
06-25 12:02:27.882   518   591 D ExplicitHealthCheckController: Getting health check requested packages
06-25 12:02:27.882   518   591 I ExplicitHealthCheckController: Explicit health check requested packages []
06-25 12:02:27.882   518   591 I ExplicitHealthCheckController: No more health check requests, unbinding...
06-25 12:02:27.883   518   591 I ExplicitHealthCheckController: Explicit health check service is unbound
06-25 12:02:27.901  2727  3489 I DialerOmtpVvmCarrierConfigHelper: com.android.voicemail.impl.OmtpVvmCarrierConfigHelper.handleEvent:527 OmtpEvent:CONFIG_STATUS_SMS_TIME_OUT PhoneAccountHandle: [ComponentName: com.android.phone/com.android.services.telephony.TelephonyConnectionService subId: 1] [CONTEXT enable_persistent_logger=true ]
06-25 12:02:27.901  2727  2727 I DialerRetryPolicy: com.android.voicemail.impl.scheduling.RetryPolicy.onCompleted:118 discarding deferred status [CONTEXT enable_persistent_logger=true ]
06-25 12:02:27.902  2727  2727 I DialerTaskExecutor: com.android.voicemail.impl.scheduling.TaskExecutor.prepareStop:371 no more tasks, stopping service if no task are added in 5000 millis [CONTEXT enable_persistent_logger=true ]
06-25 12:02:27.903  2727  2727 I DialerLogcatLoggingBindings: com.android.dialer.logging.logcat.LogcatLoggingBindings.logImpression:41 Impression: VVM_AUTO_RETRY_ACTIVATION
06-25 12:02:27.903  2727  2727 I DialerTaskReceiver: com.android.voicemail.impl.scheduling.TaskReceiver.onReceive:68 task received [CONTEXT enable_persistent_logger=true ]
06-25 12:02:27.903  2727  2727 I DialerTaskReceiver: com.android.voicemail.impl.scheduling.TaskReceiver.onReceive:73 TaskExecutor already running [CONTEXT enable_persistent_logger=true ]
06-25 12:02:27.903  2727  2727 I DialerTasks: com.android.voicemail.impl.scheduling.Tasks.createTask:59 Task.createTask create task:com.android.voicemail.impl.ActivationTask [CONTEXT enable_persistent_logger=true ]
06-25 12:02:27.903  2727  2727 I DialerRetryPolicy: com.android.voicemail.impl.scheduling.RetryPolicy.onCreate:81 retry #4 for com.android.voicemail.impl.ActivationTask@7f3450d queued, executing in 5000 [CONTEXT enable_persistent_logger=true ]
06-25 12:02:27.904  2727  2727 I DialerTaskExecutor: com.android.voicemail.impl.scheduling.TaskExecutor.addTask:299 com.android.voicemail.impl.ActivationTask@7f3450d added [CONTEXT enable_persistent_logger=true ]
06-25 12:02:27.904  2727  2727 I DialerTaskExecutor: com.android.voicemail.impl.scheduling.TaskExecutor.runNextTask:345 minimal wait time:4999 [CONTEXT enable_persistent_logger=true ]
06-25 12:02:27.904  2727  2727 I DialerTaskExecutor: com.android.voicemail.impl.scheduling.TaskExecutor.sleep:355 sleep for 4999 millis [CONTEXT enable_persistent_logger=true ]
06-25 12:02:27.906  7389  7615 D Maestro : Requesting view hierarchy
06-25 12:02:27.907  7389  7615 W QueryController: Could not detect idle state.
06-25 12:02:27.907  7389  7615 W QueryController: Could not detect idle state.
06-25 12:02:27.916  7389  7615 I Maestro : Skipping invisible child: android.view.accessibility.AccessibilityNodeInfo@128a8; boundsInParent: Rect(0, 0 - 320, 0); boundsInScreen: Rect(0, 0 - 320, 0); boundsInWindow: Rect(0, 0 - 320, 0); packageName: com.hanapkalinga.mobile; className: android.widget.LinearLayout; text: null; error: null; maxTextLength: -1; stateDescription: null; contentDescription: null; tooltipText: null; containerTitle: null; viewIdResName: null; uniqueId: null; checkable: false; checked: false; focusable: false; focused: false; selected: false; clickable: false; longClickable: false; contextClickable: false; enabled: true; password: false; scrollable: false; importantForAccessibility: false; visible: false; actions: [AccessibilityAction: ACTION_SELECT - null, AccessibilityAction: ACTION_CLEAR_SELECTION - null, AccessibilityAction: ACTION_ACCESSIBILITY_FOCUS - null, AccessibilityAction: ACTION_SHOW_ON_SCREEN - null]; isTextSelectable: false
06-25 12:02:27.916  7389  7615 I Maestro : Skipping invisible child: android.view.accessibility.AccessibilityNodeInfo@124e7; boundsInParent: Rect(0, 0 - 320, 0); boundsInScreen: Rect(0, 0 - 320, 0); boundsInWindow: Rect(0, 0 - 320, 0); packageName: com.hanapkalinga.mobile; className: android.view.ViewGroup; text: null; error: null; maxTextLength: -1; stateDescription: null; contentDescription: null; tooltipText: null; containerTitle: null; viewIdResName: null; uniqueId: null; checkable: false; checked: false; focusable: false; focused: false; selected: false; clickable: false; longClickable: false; contextClickable: false; enabled: true; password: false; scrollable: false; importantForAccessibility: false; visible: false; actions: [AccessibilityAction: ACTION_SELECT - null, AccessibilityAction: ACTION_CLEAR_SELECTION - null, AccessibilityAction: ACTION_ACCESSIBILITY_FOCUS - null, AccessibilityAction: ACTION_SHOW_ON_SCREEN - null]; isTextSelectable: false
06-25 12:02:27.917  7389  7615 I Maestro : Skipping invisible child: android.view.accessibility.AccessibilityNodeInfo@191c4; boundsInParent: Rect(0, 0 - 320, 0); boundsInScreen: Rect(0, 0 - 320, 0); boundsInWindow: Rect(0, 0 - 320, 0); packageName: com.hanapkalinga.mobile; className: android.widget.LinearLayout; text: null; error: null; maxTextLength: -1; stateDescription: null; contentDescription: null; tooltipText: null; containerTitle: null; viewIdResName: null; uniqueId: null; checkable: false; checked: false; focusable: false; focused: false; selected: false; clickable: false; longClickable: false; contextClickable: false; enabled: true; password: false; scrollable: false; importantForAccessibility: false; visible: false; actions: [AccessibilityAction: ACTION_SELECT - null, AccessibilityAction: ACTION_CLEAR_SELECTION - null, AccessibilityAction: ACTION_ACCESSIBILITY_FOCUS - null, AccessibilityAction: ACTION_SHOW_ON_SCREEN - null]; isTextSelectable: false
06-25 12:02:27.917  7389  7615 I Maestro : Skipping invisible child: android.view.accessibility.AccessibilityNodeInfo@18e03; boundsInParent: Rect(0, 0 - 320, 0); boundsInScreen: Rect(0, 0 - 320, 0); boundsInWindow: Rect(0, 0 - 320, 0); packageName: com.hanapkalinga.mobile; className: android.view.ViewGroup; text: null; error: null; maxTextLength: -1; stateDescription: null; contentDescription: null; tooltipText: null; containerTitle: null; viewIdResName: null; uniqueId: null; checkable: false; checked: false; focusable: false; focused: false; selected: false; clickable: false; longClickable: false; contextClickable: false; enabled: true; password: false; scrollable: false; importantForAccessibility: false; visible: false; actions: [AccessibilityAction: ACTION_SELECT - null, AccessibilityAction: ACTION_CLEAR_SELECTION - null, AccessibilityAction: ACTION_ACCESSIBILITY_FOCUS - null, AccessibilityAction: ACTION_SHOW_ON_SCREEN - null]; isTextSelectable: false
06-25 12:02:27.918  7389  7615 D Maestro : View hierarchy received in 12 ms
06-25 12:02:27.971  7389  7615 D Maestro : Requesting view hierarchy
06-25 12:02:27.971  7389  7615 W QueryController: Could not detect idle state.
06-25 12:02:27.972  7389  7615 W QueryController: Could not detect idle state.
06-25 12:02:27.981  7389  7615 I Maestro : Skipping invisible child: android.view.accessibility.AccessibilityNodeInfo@128a8; boundsInParent: Rect(0, 0 - 320, 0); boundsInScreen: Rect(0, 0 - 320, 0); boundsInWindow: Rect(0, 0 - 320, 0); packageName: com.hanapkalinga.mobile; className: android.widget.LinearLayout; text: null; error: null; maxTextLength: -1; stateDescription: null; contentDescription: null; tooltipText: null; containerTitle: null; viewIdResName: null; uniqueId: null; checkable: false; checked: false; focusable: false; focused: false; selected: false; clickable: false; longClickable: false; contextClickable: false; enabled: true; password: false; scrollable: false; importantForAccessibility: false; visible: false; actions: [AccessibilityAction: ACTION_SELECT - null, AccessibilityAction: ACTION_CLEAR_SELECTION - null, AccessibilityAction: ACTION_ACCESSIBILITY_FOCUS - null, AccessibilityAction: ACTION_SHOW_ON_SCREEN - null]; isTextSelectable: false
06-25 12:02:27.981  7389  7615 I Maestro : Skipping invisible child: android.view.accessibility.AccessibilityNodeInfo@124e7; boundsInParent: Rect(0, 0 - 320, 0); boundsInScreen: Rect(0, 0 - 320, 0); boundsInWindow: Rect(0, 0 - 320, 0); packageName: com.hanapkalinga.mobile; className: android.view.ViewGroup; text: null; error: null; maxTextLength: -1; stateDescription: null; contentDescription: null; tooltipText: null; containerTitle: null; viewIdResName: null; uniqueId: null; checkable: false; checked: false; focusable: false; focused: false; selected: false; clickable: false; longClickable: false; contextClickable: false; enabled: true; password: false; scrollable: false; importantForAccessibility: false; visible: false; actions: [AccessibilityAction: ACTION_SELECT - null, AccessibilityAction: ACTION_CLEAR_SELECTION - null, AccessibilityAction: ACTION_ACCESSIBILITY_FOCUS - null, AccessibilityAction: ACTION_SHOW_ON_SCREEN - null]; isTextSelectable: false
06-25 12:02:27.981  7389  7615 I Maestro : Skipping invisible child: android.view.accessibility.AccessibilityNodeInfo@191c4; boundsInParent: Rect(0, 0 - 320, 0); boundsInScreen: Rect(0, 0 - 320, 0); boundsInWindow: Rect(0, 0 - 320, 0); packageName: com.hanapkalinga.mobile; className: android.widget.LinearLayout; text: null; error: null; maxTextLength: -1; stateDescription: null; contentDescription: null; tooltipText: null; containerTitle: null; viewIdResName: null; uniqueId: null; checkable: false; checked: false; focusable: false; focused: false; selected: false; clickable: false; longClickable: false; contextClickable: false; enabled: true; password: false; scrollable: false; importantForAccessibility: false; visible: false; actions: [AccessibilityAction: ACTION_SELECT - null, AccessibilityAction: ACTION_CLEAR_SELECTION - null, AccessibilityAction: ACTION_ACCESSIBILITY_FOCUS - null, AccessibilityAction: ACTION_SHOW_ON_SCREEN - null]; isTextSelectable: false
06-25 12:02:27.982  7389  7615 I Maestro : Skipping invisible child: android.view.accessibility.AccessibilityNodeInfo@18e03; boundsInParent: Rect(0, 0 - 320, 0); boundsInScreen: Rect(0, 0 - 320, 0); boundsInWindow: Rect(0, 0 - 320, 0); packageName: com.hanapkalinga.mobile; className: android.view.ViewGroup; text: null; error: null; maxTextLength: -1; stateDescription: null; contentDescription: null; tooltipText: null; containerTitle: null; viewIdResName: null; uniqueId: null; checkable: false; checked: false; focusable: false; focused: false; selected: false; clickable: false; longClickable: false; contextClickable: false; enabled: true; password: false; scrollable: false; importantForAccessibility: false; visible: false; actions: [AccessibilityAction: ACTION_SELECT - null, AccessibilityAction: ACTION_CLEAR_SELECTION - null, AccessibilityAction: ACTION_ACCESSIBILITY_FOCUS - null, AccessibilityAction: ACTION_SHOW_ON_SCREEN - null]; isTextSelectable: false
06-25 12:02:27.983  7389  7615 D Maestro : View hierarchy received in 12 ms
06-25 12:02:28.071  7389  7615 D Maestro : Requesting view hierarchy
06-25 12:02:28.071  7389  7615 W QueryController: Could not detect idle state.
06-25 12:02:28.071  7389  7615 W QueryController: Could not detect idle state.
06-25 12:02:28.084  7389  7615 I Maestro : Skipping invisible child: android.view.accessibility.AccessibilityNodeInfo@128a8; boundsInParent: Rect(0, 0 - 320, 0); boundsInScreen: Rect(0, 0 - 320, 0); boundsInWindow: Rect(0, 0 - 320, 0); packageName: com.hanapkalinga.mobile; className: android.widget.LinearLayout; text: null; error: null; maxTextLength: -1; stateDescription: null; contentDescription: null; tooltipText: null; containerTitle: null; viewIdResName: null; uniqueId: null; checkable: false; checked: false; focusable: false; focused: false; selected: false; clickable: false; longClickable: false; contextClickable: false; enabled: true; password: false; scrollable: false; importantForAccessibility: false; visible: false; actions: [AccessibilityAction: ACTION_SELECT - null, AccessibilityAction: ACTION_CLEAR_SELECTION - null, AccessibilityAction: ACTION_ACCESSIBILITY_FOCUS - null, AccessibilityAction: ACTION_SHOW_ON_SCREEN - null]; isTextSelectable: false
06-25 12:02:28.084  7389  7615 I Maestro : Skipping invisible child: android.view.accessibility.AccessibilityNodeInfo@124e7; boundsInParent: Rect(0, 0 - 320, 0); boundsInScreen: Rect(0, 0 - 320, 0); boundsInWindow: Rect(0, 0 - 320, 0); packageName: com.hanapkalinga.mobile; className: android.view.ViewGroup; text: null; error: null; maxTextLength: -1; stateDescription: null; contentDescription: null; tooltipText: null; containerTitle: null; viewIdResName: null; uniqueId: null; checkable: false; checked: false; focusable: false; focused: false; selected: false; clickable: false; longClickable: false; contextClickable: false; enabled: true; password: false; scrollable: false; importantForAccessibility: false; visible: false; actions: [AccessibilityAction: ACTION_SELECT - null, AccessibilityAction: ACTION_CLEAR_SELECTION - null, AccessibilityAction: ACTION_ACCESSIBILITY_FOCUS - null, AccessibilityAction: ACTION_SHOW_ON_SCREEN - null]; isTextSelectable: false
06-25 12:02:28.084  7389  7615 I Maestro : Skipping invisible child: android.view.accessibility.AccessibilityNodeInfo@191c4; boundsInParent: Rect(0, 0 - 320, 0); boundsInScreen: Rect(0, 0 - 320, 0); boundsInWindow: Rect(0, 0 - 320, 0); packageName: com.hanapkalinga.mobile; className: android.widget.LinearLayout; text: null; error: null; maxTextLength: -1; stateDescription: null; contentDescription: null; tooltipText: null; containerTitle: null; viewIdResName: null; uniqueId: null; checkable: false; checked: false; focusable: false; focused: false; selected: false; clickable: false; longClickable: false; contextClickable: false; enabled: true; password: false; scrollable: false; importantForAccessibility: false; visible: false; actions: [AccessibilityAction: ACTION_SELECT - null, AccessibilityAction: ACTION_CLEAR_SELECTION - null, AccessibilityAction: ACTION_ACCESSIBILITY_FOCUS - null, AccessibilityAction: ACTION_SHOW_ON_SCREEN - null]; isTextSelectable: false
06-25 12:02:28.085  7389  7615 I Maestro : Skipping invisible child: android.view.accessibility.AccessibilityNodeInfo@18e03; boundsInParent: Rect(0, 0 - 320, 0); boundsInScreen: Rect(0, 0 - 320, 0); boundsInWindow: Rect(0, 0 - 320, 0); packageName: com.hanapkalinga.mobile; className: android.view.ViewGroup; text: null; error: null; maxTextLength: -1; stateDescription: null; contentDescription: null; tooltipText: null; containerTitle: null; viewIdResName: null; uniqueId: null; checkable: false; checked: false; focusable: false; focused: false; selected: false; clickable: false; longClickable: false; contextClickable: false; enabled: true; password: false; scrollable: false; importantForAccessibility: false; visible: false; actions: [AccessibilityAction: ACTION_SELECT - null, AccessibilityAction: ACTION_CLEAR_SELECTION - null, AccessibilityAction: ACTION_ACCESSIBILITY_FOCUS - null, AccessibilityAction: ACTION_SHOW_ON_SCREEN - null]; isTextSelectable: false
06-25 12:02:28.086  7389  7615 D Maestro : View hierarchy received in 15 ms
06-25 12:02:28.100  1738  2209 I BistoDBWrapper: Close DB
06-25 12:02:28.174  7389  7615 D Maestro : Requesting view hierarchy
06-25 12:02:28.174  7389  7615 W QueryController: Could not detect idle state.
06-25 12:02:28.175  7389  7615 W QueryController: Could not detect idle state.
06-25 12:02:28.186  7389  7615 I Maestro : Skipping invisible child: android.view.accessibility.AccessibilityNodeInfo@128a8; boundsInParent: Rect(0, 0 - 320, 0); boundsInScreen: Rect(0, 0 - 320, 0); boundsInWindow: Rect(0, 0 - 320, 0); packageName: com.hanapkalinga.mobile; className: android.widget.LinearLayout; text: null; error: null; maxTextLength: -1; stateDescription: null; contentDescription: null; tooltipText: null; containerTitle: null; viewIdResName: null; uniqueId: null; checkable: false; checked: false; focusable: false; focused: false; selected: false; clickable: false; longClickable: false; contextClickable: false; enabled: true; password: false; scrollable: false; importantForAccessibility: false; visible: false; actions: [AccessibilityAction: ACTION_SELECT - null, AccessibilityAction: ACTION_CLEAR_SELECTION - null, AccessibilityAction: ACTION_ACCESSIBILITY_FOCUS - null, AccessibilityAction: ACTION_SHOW_ON_SCREEN - null]; isTextSelectable: false
06-25 12:02:28.186  7389  7615 I Maestro : Skipping invisible child: android.view.accessibility.AccessibilityNodeInfo@124e7; boundsInParent: Rect(0, 0 - 320, 0); boundsInScreen: Rect(0, 0 - 320, 0); boundsInWindow: Rect(0, 0 - 320, 0); packageName: com.hanapkalinga.mobile; className: android.view.ViewGroup; text: null; error: null; maxTextLength: -1; stateDescription: null; contentDescription: null; tooltipText: null; containerTitle: null; viewIdResName: null; uniqueId: null; checkable: false; checked: false; focusable: false; focused: false; selected: false; clickable: false; longClickable: false; contextClickable: false; enabled: true; password: false; scrollable: false; importantForAccessibility: false; visible: false; actions: [AccessibilityAction: ACTION_SELECT - null, AccessibilityAction: ACTION_CLEAR_SELECTION - null, AccessibilityAction: ACTION_ACCESSIBILITY_FOCUS - null, AccessibilityAction: ACTION_SHOW_ON_SCREEN - null]; isTextSelectable: false
06-25 12:02:28.186  7389  7615 I Maestro : Skipping invisible child: android.view.accessibility.AccessibilityNodeInfo@191c4; boundsInParent: Rect(0, 0 - 320, 0); boundsInScreen: Rect(0, 0 - 320, 0); boundsInWindow: Rect(0, 0 - 320, 0); packageName: com.hanapkalinga.mobile; className: android.widget.LinearLayout; text: null; error: null; maxTextLength: -1; stateDescription: null; contentDescription: null; tooltipText: null; containerTitle: null; viewIdResName: null; uniqueId: null; checkable: false; checked: false; focusable: false; focused: false; selected: false; clickable: false; longClickable: false; contextClickable: false; enabled: true; password: false; scrollable: false; importantForAccessibility: false; visible: false; actions: [AccessibilityAction: ACTION_SELECT - null, AccessibilityAction: ACTION_CLEAR_SELECTION - null, AccessibilityAction: ACTION_ACCESSIBILITY_FOCUS - null, AccessibilityAction: ACTION_SHOW_ON_SCREEN - null]; isTextSelectable: false
06-25 12:02:28.187  7389  7615 I Maestro : Skipping invisible child: android.view.accessibility.AccessibilityNodeInfo@18e03; boundsInParent: Rect(0, 0 - 320, 0); boundsInScreen: Rect(0, 0 - 320, 0); boundsInWindow: Rect(0, 0 - 320, 0); packageName: com.hanapkalinga.mobile; className: android.view.ViewGroup; text: null; error: null; maxTextLength: -1; stateDescription: null; contentDescription: null; tooltipText: null; containerTitle: null; viewIdResName: null; uniqueId: null; checkable: false; checked: false; focusable: false; focused: false; selected: false; clickable: false; longClickable: false; contextClickable: false; enabled: true; password: false; scrollable: false; importantForAccessibility: false; visible: false; actions: [AccessibilityAction: ACTION_SELECT - null, AccessibilityAction: ACTION_CLEAR_SELECTION - null, AccessibilityAction: ACTION_ACCESSIBILITY_FOCUS - null, AccessibilityAction: ACTION_SHOW_ON_SCREEN - null]; isTextSelectable: false
06-25 12:02:28.188  7389  7615 D Maestro : View hierarchy received in 14 ms
06-25 12:02:28.240  7389  7615 D Maestro : Requesting view hierarchy
06-25 12:02:28.240  7389  7615 W QueryController: Could not detect idle state.
06-25 12:02:28.241  7389  7615 W QueryController: Could not detect idle state.
06-25 12:02:28.250  7389  7615 I Maestro : Skipping invisible child: android.view.accessibility.AccessibilityNodeInfo@128a8; boundsInParent: Rect(0, 0 - 320, 0); boundsInScreen: Rect(0, 0 - 320, 0); boundsInWindow: Rect(0, 0 - 320, 0); packageName: com.hanapkalinga.mobile; className: android.widget.LinearLayout; text: null; error: null; maxTextLength: -1; stateDescription: null; contentDescription: null; tooltipText: null; containerTitle: null; viewIdResName: null; uniqueId: null; checkable: false; checked: false; focusable: false; focused: false; selected: false; clickable: false; longClickable: false; contextClickable: false; enabled: true; password: false; scrollable: false; importantForAccessibility: false; visible: false; actions: [AccessibilityAction: ACTION_SELECT - null, AccessibilityAction: ACTION_CLEAR_SELECTION - null, AccessibilityAction: ACTION_ACCESSIBILITY_FOCUS - null, AccessibilityAction: ACTION_SHOW_ON_SCREEN - null]; isTextSelectable: false
06-25 12:02:28.250  7389  7615 I Maestro : Skipping invisible child: android.view.accessibility.AccessibilityNodeInfo@124e7; boundsInParent: Rect(0, 0 - 320, 0); boundsInScreen: Rect(0, 0 - 320, 0); boundsInWindow: Rect(0, 0 - 320, 0); packageName: com.hanapkalinga.mobile; className: android.view.ViewGroup; text: null; error: null; maxTextLength: -1; stateDescription: null; contentDescription: null; tooltipText: null; containerTitle: null; viewIdResName: null; uniqueId: null; checkable: false; checked: false; focusable: false; focused: false; selected: false; clickable: false; longClickable: false; contextClickable: false; enabled: true; password: false; scrollable: false; importantForAccessibility: false; visible: false; actions: [AccessibilityAction: ACTION_SELECT - null, AccessibilityAction: ACTION_CLEAR_SELECTION - null, AccessibilityAction: ACTION_ACCESSIBILITY_FOCUS - null, AccessibilityAction: ACTION_SHOW_ON_SCREEN - null]; isTextSelectable: false
06-25 12:02:28.250  7389  7615 I Maestro : Skipping invisible child: android.view.accessibility.AccessibilityNodeInfo@191c4; boundsInParent: Rect(0, 0 - 320, 0); boundsInScreen: Rect(0, 0 - 320, 0); boundsInWindow: Rect(0, 0 - 320, 0); packageName: com.hanapkalinga.mobile; className: android.widget.LinearLayout; text: null; error: null; maxTextLength: -1; stateDescription: null; contentDescription: null; tooltipText: null; containerTitle: null; viewIdResName: null; uniqueId: null; checkable: false; checked: false; focusable: false; focused: false; selected: false; clickable: false; longClickable: false; contextClickable: false; enabled: true; password: false; scrollable: false; importantForAccessibility: false; visible: false; actions: [AccessibilityAction: ACTION_SELECT - null, AccessibilityAction: ACTION_CLEAR_SELECTION - null, AccessibilityAction: ACTION_ACCESSIBILITY_FOCUS - null, AccessibilityAction: ACTION_SHOW_ON_SCREEN - null]; isTextSelectable: false
06-25 12:02:28.250  7389  7615 I Maestro : Skipping invisible child: android.view.accessibility.AccessibilityNodeInfo@18e03; boundsInParent: Rect(0, 0 - 320, 0); boundsInScreen: Rect(0, 0 - 320, 0); boundsInWindow: Rect(0, 0 - 320, 0); packageName: com.hanapkalinga.mobile; className: android.view.ViewGroup; text: null; error: null; maxTextLength: -1; stateDescription: null; contentDescription: null; tooltipText: null; containerTitle: null; viewIdResName: null; uniqueId: null; checkable: false; checked: false; focusable: false; focused: false; selected: false; clickable: false; longClickable: false; contextClickable: false; enabled: true; password: false; scrollable: false; importantForAccessibility: false; visible: false; actions: [AccessibilityAction: ACTION_SELECT - null, AccessibilityAction: ACTION_CLEAR_SELECTION - null, AccessibilityAction: ACTION_ACCESSIBILITY_FOCUS - null, AccessibilityAction: ACTION_SHOW_ON_SCREEN - null]; isTextSelectable: false
06-25 12:02:28.254  7389  7615 D Maestro : View hierarchy received in 14 ms
06-25 12:02:28.342  7389  7615 D Maestro : Requesting view hierarchy
06-25 12:02:28.343  7389  7615 W QueryController: Could not detect idle state.
06-25 12:02:28.343  7389  7615 W QueryController: Could not detect idle state.
06-25 12:02:28.353  7389  7615 I Maestro : Skipping invisible child: android.view.accessibility.AccessibilityNodeInfo@128a8; boundsInParent: Rect(0, 0 - 320, 0); boundsInScreen: Rect(0, 0 - 320, 0); boundsInWindow: Rect(0, 0 - 320, 0); packageName: com.hanapkalinga.mobile; className: android.widget.LinearLayout; text: null; error: null; maxTextLength: -1; stateDescription: null; contentDescription: null; tooltipText: null; containerTitle: null; viewIdResName: null; uniqueId: null; checkable: false; checked: false; focusable: false; focused: false; selected: false; clickable: false; longClickable: false; contextClickable: false; enabled: true; password: false; scrollable: false; importantForAccessibility: false; visible: false; actions: [AccessibilityAction: ACTION_SELECT - null, AccessibilityAction: ACTION_CLEAR_SELECTION - null, AccessibilityAction: ACTION_ACCESSIBILITY_FOCUS - null, AccessibilityAction: ACTION_SHOW_ON_SCREEN - null]; isTextSelectable: false
06-25 12:02:28.353  7389  7615 I Maestro : Skipping invisible child: android.view.accessibility.AccessibilityNodeInfo@124e7; boundsInParent: Rect(0, 0 - 320, 0); boundsInScreen: Rect(0, 0 - 320, 0); boundsInWindow: Rect(0, 0 - 320, 0); packageName: com.hanapkalinga.mobile; className: android.view.ViewGroup; text: null; error: null; maxTextLength: -1; stateDescription: null; contentDescription: null; tooltipText: null; containerTitle: null; viewIdResName: null; uniqueId: null; checkable: false; checked: false; focusable: false; focused: false; selected: false; clickable: false; longClickable: false; contextClickable: false; enabled: true; password: false; scrollable: false; importantForAccessibility: false; visible: false; actions: [AccessibilityAction: ACTION_SELECT - null, AccessibilityAction: ACTION_CLEAR_SELECTION - null, AccessibilityAction: ACTION_ACCESSIBILITY_FOCUS - null, AccessibilityAction: ACTION_SHOW_ON_SCREEN - null]; isTextSelectable: false
06-25 12:02:28.353  7389  7615 I Maestro : Skipping invisible child: android.view.accessibility.AccessibilityNodeInfo@191c4; boundsInParent: Rect(0, 0 - 320, 0); boundsInScreen: Rect(0, 0 - 320, 0); boundsInWindow: Rect(0, 0 - 320, 0); packageName: com.hanapkalinga.mobile; className: android.widget.LinearLayout; text: null; error: null; maxTextLength: -1; stateDescription: null; contentDescription: null; tooltipText: null; containerTitle: null; viewIdResName: null; uniqueId: null; checkable: false; checked: false; focusable: false; focused: false; selected: false; clickable: false; longClickable: false; contextClickable: false; enabled: true; password: false; scrollable: false; importantForAccessibility: false; visible: false; actions: [AccessibilityAction: ACTION_SELECT - null, AccessibilityAction: ACTION_CLEAR_SELECTION - null, AccessibilityAction: ACTION_ACCESSIBILITY_FOCUS - null, AccessibilityAction: ACTION_SHOW_ON_SCREEN - null]; isTextSelectable: false
06-25 12:02:28.353  7389  7615 I Maestro : Skipping invisible child: android.view.accessibility.AccessibilityNodeInfo@18e03; boundsInParent: Rect(0, 0 - 320, 0); boundsInScreen: Rect(0, 0 - 320, 0); boundsInWindow: Rect(0, 0 - 320, 0); packageName: com.hanapkalinga.mobile; className: android.view.ViewGroup; text: null; error: null; maxTextLength: -1; stateDescription: null; contentDescription: null; tooltipText: null; containerTitle: null; viewIdResName: null; uniqueId: null; checkable: false; checked: false; focusable: false; focused: false; selected: false; clickable: false; longClickable: false; contextClickable: false; enabled: true; password: false; scrollable: false; importantForAccessibility: false; visible: false; actions: [AccessibilityAction: ACTION_SELECT - null, AccessibilityAction: ACTION_CLEAR_SELECTION - null, AccessibilityAction: ACTION_ACCESSIBILITY_FOCUS - null, AccessibilityAction: ACTION_SHOW_ON_SCREEN - null]; isTextSelectable: false
06-25 12:02:28.355  7389  7615 D Maestro : View hierarchy received in 13 ms
06-25 12:02:28.442  7389  7615 D Maestro : Requesting view hierarchy
06-25 12:02:28.442  7389  7615 W QueryController: Could not detect idle state.
06-25 12:02:28.443  7389  7615 W QueryController: Could not detect idle state.
06-25 12:02:28.453  7389  7615 I Maestro : Skipping invisible child: android.view.accessibility.AccessibilityNodeInfo@128a8; boundsInParent: Rect(0, 0 - 320, 0); boundsInScreen: Rect(0, 0 - 320, 0); boundsInWindow: Rect(0, 0 - 320, 0); packageName: com.hanapkalinga.mobile; className: android.widget.LinearLayout; text: null; error: null; maxTextLength: -1; stateDescription: null; contentDescription: null; tooltipText: null; containerTitle: null; viewIdResName: null; uniqueId: null; checkable: false; checked: false; focusable: false; focused: false; selected: false; clickable: false; longClickable: false; contextClickable: false; enabled: true; password: false; scrollable: false; importantForAccessibility: false; visible: false; actions: [AccessibilityAction: ACTION_SELECT - null, AccessibilityAction: ACTION_CLEAR_SELECTION - null, AccessibilityAction: ACTION_ACCESSIBILITY_FOCUS - null, AccessibilityAction: ACTION_SHOW_ON_SCREEN - null]; isTextSelectable: false
06-25 12:02:28.453  7389  7615 I Maestro : Skipping invisible child: android.view.accessibility.AccessibilityNodeInfo@124e7; boundsInParent: Rect(0, 0 - 320, 0); boundsInScreen: Rect(0, 0 - 320, 0); boundsInWindow: Rect(0, 0 - 320, 0); packageName: com.hanapkalinga.mobile; className: android.view.ViewGroup; text: null; error: null; maxTextLength: -1; stateDescription: null; contentDescription: null; tooltipText: null; containerTitle: null; viewIdResName: null; uniqueId: null; checkable: false; checked: false; focusable: false; focused: false; selected: false; clickable: false; longClickable: false; contextClickable: false; enabled: true; password: false; scrollable: false; importantForAccessibility: false; visible: false; actions: [AccessibilityAction: ACTION_SELECT - null, AccessibilityAction: ACTION_CLEAR_SELECTION - null, AccessibilityAction: ACTION_ACCESSIBILITY_FOCUS - null, AccessibilityAction: ACTION_SHOW_ON_SCREEN - null]; isTextSelectable: false
06-25 12:02:28.454  7389  7615 I Maestro : Skipping invisible child: android.view.accessibility.AccessibilityNodeInfo@191c4; boundsInParent: Rect(0, 0 - 320, 0); boundsInScreen: Rect(0, 0 - 320, 0); boundsInWindow: Rect(0, 0 - 320, 0); packageName: com.hanapkalinga.mobile; className: android.widget.LinearLayout; text: null; error: null; maxTextLength: -1; stateDescription: null; contentDescription: null; tooltipText: null; containerTitle: null; viewIdResName: null; uniqueId: null; checkable: false; checked: false; focusable: false; focused: false; selected: false; clickable: false; longClickable: false; contextClickable: false; enabled: true; password: false; scrollable: false; importantForAccessibility: false; visible: false; actions: [AccessibilityAction: ACTION_SELECT - null, AccessibilityAction: ACTION_CLEAR_SELECTION - null, AccessibilityAction: ACTION_ACCESSIBILITY_FOCUS - null, AccessibilityAction: ACTION_SHOW_ON_SCREEN - null]; isTextSelectable: false
06-25 12:02:28.454  7389  7615 I Maestro : Skipping invisible child: android.view.accessibility.AccessibilityNodeInfo@18e03; boundsInParent: Rect(0, 0 - 320, 0); boundsInScreen: Rect(0, 0 - 320, 0); boundsInWindow: Rect(0, 0 - 320, 0); packageName: com.hanapkalinga.mobile; className: android.view.ViewGroup; text: null; error: null; maxTextLength: -1; stateDescription: null; contentDescription: null; tooltipText: null; containerTitle: null; viewIdResName: null; uniqueId: null; checkable: false; checked: false; focusable: false; focused: false; selected: false; clickable: false; longClickable: false; contextClickable: false; enabled: true; password: false; scrollable: false; importantForAccessibility: false; visible: false; actions: [AccessibilityAction: ACTION_SELECT - null, AccessibilityAction: ACTION_CLEAR_SELECTION - null, AccessibilityAction: ACTION_ACCESSIBILITY_FOCUS - null, AccessibilityAction: ACTION_SHOW_ON_SCREEN - null]; isTextSelectable: false
06-25 12:02:28.455  7389  7615 D Maestro : View hierarchy received in 13 ms
06-25 12:02:28.463  7389  7615 D Maestro : Requesting view hierarchy
06-25 12:02:28.464  7389  7615 W QueryController: Could not detect idle state.
06-25 12:02:28.464  7389  7615 W QueryController: Could not detect idle state.
06-25 12:02:28.474  7389  7615 I Maestro : Skipping invisible child: android.view.accessibility.AccessibilityNodeInfo@128a8; boundsInParent: Rect(0, 0 - 320, 0); boundsInScreen: Rect(0, 0 - 320, 0); boundsInWindow: Rect(0, 0 - 320, 0); packageName: com.hanapkalinga.mobile; className: android.widget.LinearLayout; text: null; error: null; maxTextLength: -1; stateDescription: null; contentDescription: null; tooltipText: null; containerTitle: null; viewIdResName: null; uniqueId: null; checkable: false; checked: false; focusable: false; focused: false; selected: false; clickable: false; longClickable: false; contextClickable: false; enabled: true; password: false; scrollable: false; importantForAccessibility: false; visible: false; actions: [AccessibilityAction: ACTION_SELECT - null, AccessibilityAction: ACTION_CLEAR_SELECTION - null, AccessibilityAction: ACTION_ACCESSIBILITY_FOCUS - null, AccessibilityAction: ACTION_SHOW_ON_SCREEN - null]; isTextSelectable: false
06-25 12:02:28.475  7389  7615 I Maestro : Skipping invisible child: android.view.accessibility.AccessibilityNodeInfo@124e7; boundsInParent: Rect(0, 0 - 320, 0); boundsInScreen: Rect(0, 0 - 320, 0); boundsInWindow: Rect(0, 0 - 320, 0); packageName: com.hanapkalinga.mobile; className: android.view.ViewGroup; text: null; error: null; maxTextLength: -1; stateDescription: null; contentDescription: null; tooltipText: null; containerTitle: null; viewIdResName: null; uniqueId: null; checkable: false; checked: false; focusable: false; focused: false; selected: false; clickable: false; longClickable: false; contextClickable: false; enabled: true; password: false; scrollable: false; importantForAccessibility: false; visible: false; actions: [AccessibilityAction: ACTION_SELECT - null, AccessibilityAction: ACTION_CLEAR_SELECTION - null, AccessibilityAction: ACTION_ACCESSIBILITY_FOCUS - null, AccessibilityAction: ACTION_SHOW_ON_SCREEN - null]; isTextSelectable: false
06-25 12:02:28.475  7389  7615 I Maestro : Skipping invisible child: android.view.accessibility.AccessibilityNodeInfo@191c4; boundsInParent: Rect(0, 0 - 320, 0); boundsInScreen: Rect(0, 0 - 320, 0); boundsInWindow: Rect(0, 0 - 320, 0); packageName: com.hanapkalinga.mobile; className: android.widget.LinearLayout; text: null; error: null; maxTextLength: -1; stateDescription: null; contentDescription: null; tooltipText: null; containerTitle: null; viewIdResName: null; uniqueId: null; checkable: false; checked: false; focusable: false; focused: false; selected: false; clickable: false; longClickable: false; contextClickable: false; enabled: true; password: false; scrollable: false; importantForAccessibility: false; visible: false; actions: [AccessibilityAction: ACTION_SELECT - null, AccessibilityAction: ACTION_CLEAR_SELECTION - null, AccessibilityAction: ACTION_ACCESSIBILITY_FOCUS - null, AccessibilityAction: ACTION_SHOW_ON_SCREEN - null]; isTextSelectable: false
06-25 12:02:28.475  7389  7615 I Maestro : Skipping invisible child: android.view.accessibility.AccessibilityNodeInfo@18e03; boundsInParent: Rect(0, 0 - 320, 0); boundsInScreen: Rect(0, 0 - 320, 0); boundsInWindow: Rect(0, 0 - 320, 0); packageName: com.hanapkalinga.mobile; className: android.view.ViewGroup; text: null; error: null; maxTextLength: -1; stateDescription: null; contentDescription: null; tooltipText: null; containerTitle: null; viewIdResName: null; uniqueId: null; checkable: false; checked: false; focusable: false; focused: false; selected: false; clickable: false; longClickable: false; contextClickable: false; enabled: true; password: false; scrollable: false; importantForAccessibility: false; visible: false; actions: [AccessibilityAction: ACTION_SELECT - null, AccessibilityAction: ACTION_CLEAR_SELECTION - null, AccessibilityAction: ACTION_ACCESSIBILITY_FOCUS - null, AccessibilityAction: ACTION_SHOW_ON_SCREEN - null]; isTextSelectable: false
06-25 12:02:28.477  7389  7615 D Maestro : View hierarchy received in 14 ms
06-25 12:02:28.565  7389  7615 D Maestro : Requesting view hierarchy
06-25 12:02:28.565  7389  7615 W QueryController: Could not detect idle state.
06-25 12:02:28.565  7389  7615 W QueryController: Could not detect idle state.
06-25 12:02:28.573  7389  7615 I Maestro : Skipping invisible child: android.view.accessibility.AccessibilityNodeInfo@128a8; boundsInParent: Rect(0, 0 - 320, 0); boundsInScreen: Rect(0, 0 - 320, 0); boundsInWindow: Rect(0, 0 - 320, 0); packageName: com.hanapkalinga.mobile; className: android.widget.LinearLayout; text: null; error: null; maxTextLength: -1; stateDescription: null; contentDescription: null; tooltipText: null; containerTitle: null; viewIdResName: null; uniqueId: null; checkable: false; checked: false; focusable: false; focused: false; selected: false; clickable: false; longClickable: false; contextClickable: false; enabled: true; password: false; scrollable: false; importantForAccessibility: false; visible: false; actions: [AccessibilityAction: ACTION_SELECT - null, AccessibilityAction: ACTION_CLEAR_SELECTION - null, AccessibilityAction: ACTION_ACCESSIBILITY_FOCUS - null, AccessibilityAction: ACTION_SHOW_ON_SCREEN - null]; isTextSelectable: false
06-25 12:02:28.573  7389  7615 I Maestro : Skipping invisible child: android.view.accessibility.AccessibilityNodeInfo@124e7; boundsInParent: Rect(0, 0 - 320, 0); boundsInScreen: Rect(0, 0 - 320, 0); boundsInWindow: Rect(0, 0 - 320, 0); packageName: com.hanapkalinga.mobile; className: android.view.ViewGroup; text: null; error: null; maxTextLength: -1; stateDescription: null; contentDescription: null; tooltipText: null; containerTitle: null; viewIdResName: null; uniqueId: null; checkable: false; checked: false; focusable: false; focused: false; selected: false; clickable: false; longClickable: false; contextClickable: false; enabled: true; password: false; scrollable: false; importantForAccessibility: false; visible: false; actions: [AccessibilityAction: ACTION_SELECT - null, AccessibilityAction: ACTION_CLEAR_SELECTION - null, AccessibilityAction: ACTION_ACCESSIBILITY_FOCUS - null, AccessibilityAction: ACTION_SHOW_ON_SCREEN - null]; isTextSelectable: false
