06-25 12:02:27.415   518   546 D PackageWatchdog: rescue-party-observer added the following packages to monitor [android]
06-25 12:02:27.415   518  2309 I ExplicitHealthCheckController: Explicit health check requested packages []
06-25 12:02:27.415   518  2309 I ExplicitHealthCheckController: No more health check requests, unbinding...
06-25 12:02:27.415   518  2309 I ExplicitHealthCheckController: Explicit health check service is unbound
06-25 12:02:27.415   518   546 I PackageWatchdog: Syncing state, reason: updated observers
06-25 12:02:27.415   518   518 I PackageWatchdog: Syncing health check requests for packages: {}
06-25 12:02:27.415   518   518 I ExplicitHealthCheckController: Service not ready to get health check supported packages. Binding...
06-25 12:02:27.416   518   518 I ExplicitHealthCheckController: Explicit health check service is bound
06-25 12:02:27.416   518   546 I PackageWatchdog: Saving observer state to file
06-25 12:02:27.416   518   518 I ExplicitHealthCheckController: Explicit health check service is connected ComponentInfo{com.google.android.ext.services/android.ext.services.watchdog.ExplicitHealthCheckServiceImpl}
06-25 12:02:27.417   518   518 I ExplicitHealthCheckController: Service initialized, syncing requests
06-25 12:02:27.418   518   614 I RescueParty: Starting to observe: [android], updated namespace: runtime_native
06-25 12:02:27.418   518   518 I PackageWatchdog: Syncing health check requests for packages: {}
06-25 12:02:27.418   518   518 D ExplicitHealthCheckController: Getting health check supported packages
06-25 12:02:27.419   518   546 I PackageWatchdog: Syncing state, reason: observing new packages
06-25 12:02:27.419   518  2309 I ExplicitHealthCheckController: Explicit health check supported packages [PackageConfig{com.google.android.networkstack, 86400000}]
06-25 12:02:27.419   518  2309 D PackageWatchdog: Received supported packages [PackageConfig{com.google.android.networkstack, 86400000}]
06-25 12:02:27.419   518  2309 D ExplicitHealthCheckController: Getting health check requested packages
06-25 12:02:27.419   518   518 I PackageWatchdog: Syncing health check requests for packages: {}
06-25 12:02:27.419   518   518 D ExplicitHealthCheckController: Getting health check supported packages
06-25 12:02:27.420   518  2309 I ExplicitHealthCheckController: Explicit health check requested packages []
06-25 12:02:27.420   518  2309 I ExplicitHealthCheckController: No more health check requests, unbinding...
06-25 12:02:27.420   518   821 I ExplicitHealthCheckController: Explicit health check supported packages [PackageConfig{com.google.android.networkstack, 86400000}]
06-25 12:02:27.420   518   821 D PackageWatchdog: Received supported packages [PackageConfig{com.google.android.networkstack, 86400000}]
06-25 12:02:27.420   518  2309 I ExplicitHealthCheckController: Explicit health check service is unbound
06-25 12:02:27.420   518   821 I ExplicitHealthCheckController: Service not ready to get health check requested packages. Binding...
06-25 12:02:27.421   518   821 I ExplicitHealthCheckController: Explicit health check service is bound
06-25 12:02:27.421   518   546 D PackageWatchdog: rescue-party-observer added the following packages to monitor [android]
06-25 12:02:27.422   518   546 I PackageWatchdog: Syncing state, reason: updated observers
06-25 12:02:27.422   518   518 I ExplicitHealthCheckController: Explicit health check service is connected ComponentInfo{com.google.android.ext.services/android.ext.services.watchdog.ExplicitHealthCheckServiceImpl}
06-25 12:02:27.422   518   518 I ExplicitHealthCheckController: Service initialized, syncing requests
06-25 12:02:27.422   518   518 I PackageWatchdog: Syncing health check requests for packages: {}
06-25 12:02:27.422   518   518 D ExplicitHealthCheckController: Getting health check supported packages
06-25 12:02:27.423   518  2715 I ExplicitHealthCheckController: Explicit health check supported packages [PackageConfig{com.google.android.networkstack, 86400000}]
06-25 12:02:27.423   518  2715 D PackageWatchdog: Received supported packages [PackageConfig{com.google.android.networkstack, 86400000}]
06-25 12:02:27.423   518  2715 D ExplicitHealthCheckController: Getting health check requested packages
06-25 12:02:27.423   518  2715 I ExplicitHealthCheckController: Explicit health check requested packages []
06-25 12:02:27.423   518  2715 I ExplicitHealthCheckController: No more health check requests, unbinding...
06-25 12:02:27.423   518   546 I PackageWatchdog: Saving observer state to file
06-25 12:02:27.423   518  2715 I ExplicitHealthCheckController: Explicit health check service is unbound
06-25 12:02:27.449   518   614 I RescueParty: Starting to observe: [android], updated namespace: adservices
06-25 12:02:27.449   518   546 I PackageWatchdog: Syncing state, reason: observing new packages
06-25 12:02:27.449   518   546 D PackageWatchdog: rescue-party-observer added the following packages to monitor [android]
06-25 12:02:27.449   518   546 I PackageWatchdog: Syncing state, reason: updated observers
06-25 12:02:27.449   518   546 I PackageWatchdog: Not pruning observers, elapsed time: 0ms
06-25 12:02:27.449   518   546 I PackageWatchdog: Saving observer state to file
06-25 12:02:27.450   518   518 I PackageWatchdog: Syncing health check requests for packages: {}
06-25 12:02:27.450   518   518 I ExplicitHealthCheckController: Service not ready to get health check supported packages. Binding...
06-25 12:02:27.451   518   518 I ExplicitHealthCheckController: Explicit health check service is bound
06-25 12:02:27.451   518   518 I PackageWatchdog: Syncing health check requests for packages: {}
06-25 12:02:27.451   518   518 I ExplicitHealthCheckController: Service not ready to get health check supported packages. Binding...
06-25 12:02:27.451   518   518 I ExplicitHealthCheckController: Not binding to service, service already connecting
06-25 12:02:27.455   518   518 I ExplicitHealthCheckController: Explicit health check service is connected ComponentInfo{com.google.android.ext.services/android.ext.services.watchdog.ExplicitHealthCheckServiceImpl}
06-25 12:02:27.455   518   518 I ExplicitHealthCheckController: Service initialized, syncing requests
06-25 12:02:27.455   518   518 I PackageWatchdog: Syncing health check requests for packages: {}
06-25 12:02:27.455   518   518 D ExplicitHealthCheckController: Getting health check supported packages
06-25 12:02:27.456   518  2715 I ExplicitHealthCheckController: Explicit health check supported packages [PackageConfig{com.google.android.networkstack, 86400000}]
06-25 12:02:27.456   518  2715 D PackageWatchdog: Received supported packages [PackageConfig{com.google.android.networkstack, 86400000}]
06-25 12:02:27.456   518  2715 D ExplicitHealthCheckController: Getting health check requested packages
06-25 12:02:27.456   518  2715 I ExplicitHealthCheckController: Explicit health check requested packages []
06-25 12:02:27.456   518  2715 I ExplicitHealthCheckController: No more health check requests, unbinding...
06-25 12:02:27.457   518  2715 I ExplicitHealthCheckController: Explicit health check service is unbound
06-25 12:02:27.457  7389  7615 D Maestro : Requesting view hierarchy
06-25 12:02:27.457  7389  7615 W QueryController: Could not detect idle state.
06-25 12:02:27.457  7389  7615 W QueryController: Could not detect idle state.
06-25 12:02:27.465  7389  7615 I Maestro : Skipping invisible child: android.view.accessibility.AccessibilityNodeInfo@128a8; boundsInParent: Rect(0, 0 - 320, 0); boundsInScreen: Rect(0, 0 - 320, 0); boundsInWindow: Rect(0, 0 - 320, 0); packageName: com.hanapkalinga.mobile; className: android.widget.LinearLayout; text: null; error: null; maxTextLength: -1; stateDescription: null; contentDescription: null; tooltipText: null; containerTitle: null; viewIdResName: null; uniqueId: null; checkable: false; checked: false; focusable: false; focused: false; selected: false; clickable: false; longClickable: false; contextClickable: false; enabled: true; password: false; scrollable: false; importantForAccessibility: false; visible: false; actions: [AccessibilityAction: ACTION_SELECT - null, AccessibilityAction: ACTION_CLEAR_SELECTION - null, AccessibilityAction: ACTION_ACCESSIBILITY_FOCUS - null, AccessibilityAction: ACTION_SHOW_ON_SCREEN - null]; isTextSelectable: false
06-25 12:02:27.465  7389  7615 I Maestro : Skipping invisible child: android.view.accessibility.AccessibilityNodeInfo@124e7; boundsInParent: Rect(0, 0 - 320, 0); boundsInScreen: Rect(0, 0 - 320, 0); boundsInWindow: Rect(0, 0 - 320, 0); packageName: com.hanapkalinga.mobile; className: android.view.ViewGroup; text: null; error: null; maxTextLength: -1; stateDescription: null; contentDescription: null; tooltipText: null; containerTitle: null; viewIdResName: null; uniqueId: null; checkable: false; checked: false; focusable: false; focused: false; selected: false; clickable: false; longClickable: false; contextClickable: false; enabled: true; password: false; scrollable: false; importantForAccessibility: false; visible: false; actions: [AccessibilityAction: ACTION_SELECT - null, AccessibilityAction: ACTION_CLEAR_SELECTION - null, AccessibilityAction: ACTION_ACCESSIBILITY_FOCUS - null, AccessibilityAction: ACTION_SHOW_ON_SCREEN - null]; isTextSelectable: false
06-25 12:02:27.465  7389  7615 I Maestro : Skipping invisible child: android.view.accessibility.AccessibilityNodeInfo@191c4; boundsInParent: Rect(0, 0 - 320, 0); boundsInScreen: Rect(0, 0 - 320, 0); boundsInWindow: Rect(0, 0 - 320, 0); packageName: com.hanapkalinga.mobile; className: android.widget.LinearLayout; text: null; error: null; maxTextLength: -1; stateDescription: null; contentDescription: null; tooltipText: null; containerTitle: null; viewIdResName: null; uniqueId: null; checkable: false; checked: false; focusable: false; focused: false; selected: false; clickable: false; longClickable: false; contextClickable: false; enabled: true; password: false; scrollable: false; importantForAccessibility: false; visible: false; actions: [AccessibilityAction: ACTION_SELECT - null, AccessibilityAction: ACTION_CLEAR_SELECTION - null, AccessibilityAction: ACTION_ACCESSIBILITY_FOCUS - null, AccessibilityAction: ACTION_SHOW_ON_SCREEN - null]; isTextSelectable: false
06-25 12:02:27.466  7389  7615 I Maestro : Skipping invisible child: android.view.accessibility.AccessibilityNodeInfo@18e03; boundsInParent: Rect(0, 0 - 320, 0); boundsInScreen: Rect(0, 0 - 320, 0); boundsInWindow: Rect(0, 0 - 320, 0); packageName: com.hanapkalinga.mobile; className: android.view.ViewGroup; text: null; error: null; maxTextLength: -1; stateDescription: null; contentDescription: null; tooltipText: null; containerTitle: null; viewIdResName: null; uniqueId: null; checkable: false; checked: false; focusable: false; focused: false; selected: false; clickable: false; longClickable: false; contextClickable: false; enabled: true; password: false; scrollable: false; importantForAccessibility: false; visible: false; actions: [AccessibilityAction: ACTION_SELECT - null, AccessibilityAction: ACTION_CLEAR_SELECTION - null, AccessibilityAction: ACTION_ACCESSIBILITY_FOCUS - null, AccessibilityAction: ACTION_SHOW_ON_SCREEN - null]; isTextSelectable: false
06-25 12:02:27.472  7389  7615 D Maestro : View hierarchy received in 15 ms
06-25 12:02:27.478   518   614 I RescueParty: Starting to observe: [android], updated namespace: tare
06-25 12:02:27.478   518   546 I PackageWatchdog: Syncing state, reason: observing new packages
06-25 12:02:27.478   518   546 D PackageWatchdog: rescue-party-observer added the following packages to monitor [android]
06-25 12:02:27.478   518   546 I PackageWatchdog: Syncing state, reason: updated observers
06-25 12:02:27.478   518   546 I PackageWatchdog: Not pruning observers, elapsed time: 0ms
06-25 12:02:27.478   518   546 I PackageWatchdog: Saving observer state to file
06-25 12:02:27.479   518   518 I PackageWatchdog: Syncing health check requests for packages: {}
06-25 12:02:27.479   518   518 I ExplicitHealthCheckController: Service not ready to get health check supported packages. Binding...
06-25 12:02:27.482   518   518 I ExplicitHealthCheckController: Explicit health check service is bound
06-25 12:02:27.482   518   518 I ExplicitHealthCheckController: Explicit health check service is connected ComponentInfo{com.google.android.ext.services/android.ext.services.watchdog.ExplicitHealthCheckServiceImpl}
06-25 12:02:27.482   518   518 I ExplicitHealthCheckController: Service initialized, syncing requests
06-25 12:02:27.482   518   518 I PackageWatchdog: Syncing health check requests for packages: {}
06-25 12:02:27.482   518   518 D ExplicitHealthCheckController: Getting health check supported packages
06-25 12:02:27.482   518   591 I ExplicitHealthCheckController: Explicit health check supported packages [PackageConfig{com.google.android.networkstack, 86400000}]
06-25 12:02:27.482   518   591 D PackageWatchdog: Received supported packages [PackageConfig{com.google.android.networkstack, 86400000}]
06-25 12:02:27.482   518   591 D ExplicitHealthCheckController: Getting health check requested packages
06-25 12:02:27.483   518  2715 I ExplicitHealthCheckController: Explicit health check requested packages []
06-25 12:02:27.483   518  2715 I ExplicitHealthCheckController: No more health check requests, unbinding...
06-25 12:02:27.483   518  2715 I ExplicitHealthCheckController: Explicit health check service is unbound
06-25 12:02:27.489   518   614 I RescueParty: Starting to observe: [android], updated namespace: lmkd_native
06-25 12:02:27.490   518   546 I PackageWatchdog: Syncing state, reason: observing new packages
06-25 12:02:27.490   518   546 D PackageWatchdog: rescue-party-observer added the following packages to monitor [android]
06-25 12:02:27.490   518   546 I PackageWatchdog: Syncing state, reason: updated observers
06-25 12:02:27.490   518   546 I PackageWatchdog: Not pruning observers, elapsed time: 0ms
06-25 12:02:27.490   518   546 I PackageWatchdog: Saving observer state to file
06-25 12:02:27.490   518   518 I PackageWatchdog: Syncing health check requests for packages: {}
06-25 12:02:27.490   518   518 I ExplicitHealthCheckController: Service not ready to get health check supported packages. Binding...
06-25 12:02:27.491   518   518 I ExplicitHealthCheckController: Explicit health check service is bound
06-25 12:02:27.492   518   518 I ExplicitHealthCheckController: Explicit health check service is connected ComponentInfo{com.google.android.ext.services/android.ext.services.watchdog.ExplicitHealthCheckServiceImpl}
06-25 12:02:27.492   518   518 I ExplicitHealthCheckController: Service initialized, syncing requests
06-25 12:02:27.492   518   518 I PackageWatchdog: Syncing health check requests for packages: {}
06-25 12:02:27.492   518   518 D ExplicitHealthCheckController: Getting health check supported packages
06-25 12:02:27.493   518  2715 I ExplicitHealthCheckController: Explicit health check supported packages [PackageConfig{com.google.android.networkstack, 86400000}]
06-25 12:02:27.493   518  2715 D PackageWatchdog: Received supported packages [PackageConfig{com.google.android.networkstack, 86400000}]
06-25 12:02:27.493   518  2715 D ExplicitHealthCheckController: Getting health check requested packages
06-25 12:02:27.493   518  2715 I ExplicitHealthCheckController: Explicit health check requested packages []
--------- beginning of kernel
06-25 12:02:27.679     0     0 I init    : processing action (persist.device_config.lmkd_native.thrashing_limit_critical=*) from (/system/etc/init/lmkd.rc:44)
06-25 12:02:27.493   518  2715 I ExplicitHealthCheckController: No more health check requests, unbinding...
06-25 12:02:27.496   518  2715 I ExplicitHealthCheckController: Explicit health check service is unbound
06-25 12:02:27.681     0     0 I init    : processing action (lmkd.reinit=1) from (/system/etc/init/lmkd.rc:10)
06-25 12:02:27.684     0     0 I init    : starting service 'exec 24 (/system/bin/lmkd --reinit)'...
06-25 12:02:27.509   518   614 I RescueParty: Starting to observe: [android], updated namespace: display_manager
06-25 12:02:27.509   518   546 I PackageWatchdog: Syncing state, reason: observing new packages
06-25 12:02:27.509   518   546 D PackageWatchdog: rescue-party-observer added the following packages to monitor [android]
06-25 12:02:27.509   518   546 I PackageWatchdog: Syncing state, reason: updated observers
06-25 12:02:27.509   518   546 I PackageWatchdog: Not pruning observers, elapsed time: 0ms
06-25 12:02:27.509   518   546 I PackageWatchdog: Saving observer state to file
06-25 12:02:27.509   518   564 W BrightnessThrottler: DeviceConfig ThermalBrightnessThrottlingData is null
06-25 12:02:27.510   518   518 I PackageWatchdog: Syncing health check requests for packages: {}
06-25 12:02:27.510   518   518 I ExplicitHealthCheckController: Service not ready to get health check supported packages. Binding...
06-25 12:02:27.511   518   518 I ExplicitHealthCheckController: Explicit health check service is bound
06-25 12:02:27.511   518   518 I ExplicitHealthCheckController: Explicit health check service is connected ComponentInfo{com.google.android.ext.services/android.ext.services.watchdog.ExplicitHealthCheckServiceImpl}
06-25 12:02:27.511   518   518 I ExplicitHealthCheckController: Service initialized, syncing requests
06-25 12:02:27.512   518   518 I PackageWatchdog: Syncing health check requests for packages: {}
06-25 12:02:27.512   518   518 D ExplicitHealthCheckController: Getting health check supported packages
06-25 12:02:27.512   518  2715 I ExplicitHealthCheckController: Explicit health check supported packages [PackageConfig{com.google.android.networkstack, 86400000}]
06-25 12:02:27.512   518  2715 D PackageWatchdog: Received supported packages [PackageConfig{com.google.android.networkstack, 86400000}]
06-25 12:02:27.512   518  2715 D ExplicitHealthCheckController: Getting health check requested packages
06-25 12:02:27.512   518  2715 I ExplicitHealthCheckController: Explicit health check requested packages []
06-25 12:02:27.512   518  2715 I ExplicitHealthCheckController: No more health check requests, unbinding...
06-25 12:02:27.513   518  2715 I ExplicitHealthCheckController: Explicit health check service is unbound
06-25 12:02:27.519   518   614 I RescueParty: Starting to observe: [android, com.android.settings], updated namespace: activity_manager
06-25 12:02:27.519   518   546 I PackageWatchdog: Syncing state, reason: observing new packages
06-25 12:02:27.519   518   546 D PackageWatchdog: rescue-party-observer added the following packages to monitor [android, com.android.settings]
06-25 12:02:27.519   518   546 I PackageWatchdog: Syncing state, reason: updated observers
06-25 12:02:27.519   518   546 I PackageWatchdog: Not pruning observers, elapsed time: 0ms
06-25 12:02:27.519   518   546 I PackageWatchdog: Saving observer state to file
06-25 12:02:27.701     0     0 I init    : ... started service 'exec 24 (/system/bin/lmkd --reinit)' has pid 7651
06-25 12:02:27.524   518   518 I PackageWatchdog: Syncing health check requests for packages: {}
06-25 12:02:27.524   518   518 I ExplicitHealthCheckController: Service not ready to get health check supported packages. Binding...
06-25 12:02:27.524   132   132 I lowmemorykiller: lmkd data connection established
06-25 12:02:27.525   518   518 I ExplicitHealthCheckController: Explicit health check service is bound
06-25 12:02:27.526   518   518 I ExplicitHealthCheckController: Explicit health check service is connected ComponentInfo{com.google.android.ext.services/android.ext.services.watchdog.ExplicitHealthCheckServiceImpl}
06-25 12:02:27.526   518   518 I ExplicitHealthCheckController: Service initialized, syncing requests
06-25 12:02:27.526   518   518 I AutofillManagerService: Ignoring change on package_deny_list_for_unimportant_view
06-25 12:02:27.526   518   538 D AutofillUI: destroySaveUiUiThread(): already destroyed
06-25 12:02:27.527   518   518 D AutofillManagerServiceImpl: Set component for user 0 as ComponentInfo{com.google.android.gms/com.google.android.gms.autofill.service.AutofillService} and info as ServiceInfo{f751f4a com.google.android.gms.autofill.service.AutofillService}
06-25 12:02:27.527   518   518 I AutofillManagerService: Ignoring change on trigger_fill_request_on_filtered_important_views
06-25 12:02:27.527   518   518 I AutofillManagerService: Ignoring change on package_and_activity_allowlist_for_triggering_fill_request
06-25 12:02:27.527   518   518 I AutofillManagerService: Ignoring change on multiline_filter_enabled
06-25 12:02:27.527   518   518 I AutofillManagerService: Ignoring change on augmented_autofill_mode
06-25 12:02:27.527   518   518 I AutofillManagerService: Ignoring change on autofill_dialog_hints
06-25 12:02:27.527   518   518 I AutofillManagerService: Ignoring change on include_all_views_in_assist_structure
06-25 12:02:27.527   518   518 I AutofillManagerService: Ignoring change on should_enable_autofill_on_all_view_types
06-25 12:02:27.527   518   518 I AutofillManagerService: Ignoring change on autofill_save_dialog_landscape_body_height_max_percent
06-25 12:02:27.527   518   518 I AutofillManagerService: Ignoring change on non_autofillable_ime_action_ids
06-25 12:02:27.527   518   518 I AutofillManagerService: Ignoring change on autofill_save_dialog_portrait_body_height_max_percent
06-25 12:02:27.527   518   518 I AutofillManagerService: Ignoring change on include_all_autofill_type_not_none_views_in_assist_structure
06-25 12:02:27.528   518   518 I AutofillManagerService: Ignoring change on trigger_fill_request_on_unimportant_view
06-25 12:02:27.528   518   518 I AutofillManagerService: Ignoring change on autofill_dialog_enabled
06-25 12:02:27.528   518   518 I PackageWatchdog: Syncing health check requests for packages: {}
06-25 12:02:27.528   518   518 D ExplicitHealthCheckController: Getting health check supported packages
06-25 12:02:27.528   518   518 W ServiceConnector.Impl: mayInterruptIfRunning not supported - ignoring
06-25 12:02:27.528   518  2715 I ExplicitHealthCheckController: Explicit health check supported packages [PackageConfig{com.google.android.networkstack, 86400000}]
06-25 12:02:27.528   518  2715 D PackageWatchdog: Received supported packages [PackageConfig{com.google.android.networkstack, 86400000}]
06-25 12:02:27.528  1684  2640 I AiAiAutofill: Disconnected AiAiAugmentedAutofillService.
06-25 12:02:27.528   518  2715 D ExplicitHealthCheckController: Getting health check requested packages
06-25 12:02:27.529   518  2715 I ExplicitHealthCheckController: Explicit health check requested packages []
06-25 12:02:27.529   518  2715 I ExplicitHealthCheckController: No more health check requests, unbinding...
06-25 12:02:27.529  1684  1684 D AugmentedAutofillService: handleOnConnected(): debug=true, verbose=false
06-25 12:02:27.529   518  2715 I ExplicitHealthCheckController: Explicit health check service is unbound
06-25 12:02:27.530  1684  2640 I AiAiAutofill: Connected AiAiAugmentedAutofillService.
06-25 12:02:27.553   518   614 I RescueParty: Starting to observe: [com.google.android.as, com.google.android.as.oss], updated namespace: device_personalization_services
06-25 12:02:27.553   518   546 I PackageWatchdog: Syncing state, reason: observing new packages
06-25 12:02:27.554   518   546 D PackageWatchdog: rescue-party-observer added the following packages to monitor [com.google.android.as, com.google.android.as.oss]
06-25 12:02:27.554   518   546 I PackageWatchdog: Syncing state, reason: updated observers
06-25 12:02:27.554   518   546 I PackageWatchdog: Saving observer state to file
06-25 12:02:27.556   518   518 I PackageWatchdog: Syncing health check requests for packages: {}
06-25 12:02:27.556   518   518 I ExplicitHealthCheckController: Service not ready to get health check supported packages. Binding...
06-25 12:02:27.557   518   518 I ExplicitHealthCheckController: Explicit health check service is bound
06-25 12:02:27.558   518   518 I ExplicitHealthCheckController: Explicit health check service is connected ComponentInfo{com.google.android.ext.services/android.ext.services.watchdog.ExplicitHealthCheckServiceImpl}
06-25 12:02:27.558   518   518 I ExplicitHealthCheckController: Service initialized, syncing requests
06-25 12:02:27.558   518   518 I PackageWatchdog: Syncing health check requests for packages: {}
06-25 12:02:27.558   518   518 D ExplicitHealthCheckController: Getting health check supported packages
06-25 12:02:27.559   518  2715 I ExplicitHealthCheckController: Explicit health check supported packages [PackageConfig{com.google.android.networkstack, 86400000}]
06-25 12:02:27.559   518  2715 D PackageWatchdog: Received supported packages [PackageConfig{com.google.android.networkstack, 86400000}]
06-25 12:02:27.559   518  2715 D ExplicitHealthCheckController: Getting health check requested packages
06-25 12:02:27.561   518  2715 I ExplicitHealthCheckController: Explicit health check requested packages []
06-25 12:02:27.561   518  2715 I ExplicitHealthCheckController: No more health check requests, unbinding...
06-25 12:02:27.562   518  2715 I ExplicitHealthCheckController: Explicit health check service is unbound
06-25 12:02:27.563   132   132 I lowmemorykiller: Using psi monitors for memory pressure detection
06-25 12:02:27.563   132   132 I lowmemorykiller: Properties reinitilized
06-25 12:02:27.564  7651  7651 I lowmemorykiller: lmkd updated properties successfully
06-25 12:02:27.564   132   132 I lowmemorykiller: lmkd data connection dropped
06-25 12:02:27.564   132   132 I lowmemorykiller: closing lmkd data connection
06-25 12:02:27.565   518   614 I RescueParty: Starting to observe: [android, com.android.systemui], updated namespace: app_compat
06-25 12:02:27.565   518   546 I PackageWatchdog: Syncing state, reason: observing new packages
06-25 12:02:27.565   518   546 D PackageWatchdog: rescue-party-observer added the following packages to monitor [android, com.android.systemui]
06-25 12:02:27.565   518   546 I PackageWatchdog: Syncing state, reason: updated observers
06-25 12:02:27.565   518   546 I PackageWatchdog: Not pruning observers, elapsed time: 0ms
06-25 12:02:27.565   518   546 I PackageWatchdog: Saving observer state to file
06-25 12:02:27.750     0     0 I init    : Service 'exec 24 (/system/bin/lmkd --reinit)' (pid 7651) exited with status 0 oneshot service took 0.064000 seconds in background
06-25 12:02:27.752     0     0 I init    : Sending signal 9 to service 'exec 24 (/system/bin/lmkd --reinit)' (pid 7651) process group...
06-25 12:02:27.570   518   518 I PackageWatchdog: Syncing health check requests for packages: {}
06-25 12:02:27.570   518   518 I ExplicitHealthCheckController: Service not ready to get health check supported packages. Binding...
06-25 12:02:27.754     0     0 I libprocessgroup: Successfully killed process cgroup uid 0 pid 7651 in 0ms
06-25 12:02:27.572   518   518 I ExplicitHealthCheckController: Explicit health check service is bound
06-25 12:02:27.573   518   518 I ExplicitHealthCheckController: Explicit health check service is connected ComponentInfo{com.google.android.ext.services/android.ext.services.watchdog.ExplicitHealthCheckServiceImpl}
06-25 12:02:27.574  7389  7615 D Maestro : Requesting view hierarchy
06-25 12:02:27.574   518   518 I ExplicitHealthCheckController: Service initialized, syncing requests
06-25 12:02:27.574  7389  7615 W QueryController: Could not detect idle state.
06-25 12:02:27.576   518   518 I PackageWatchdog: Syncing health check requests for packages: {}
06-25 12:02:27.576   518   518 D ExplicitHealthCheckController: Getting health check supported packages
06-25 12:02:27.577  7389  7615 W QueryController: Could not detect idle state.
06-25 12:02:27.577   518  2309 I ExplicitHealthCheckController: Explicit health check supported packages [PackageConfig{com.google.android.networkstack, 86400000}]
06-25 12:02:27.577   518  2309 D PackageWatchdog: Received supported packages [PackageConfig{com.google.android.networkstack, 86400000}]
06-25 12:02:27.577   518  2309 D ExplicitHealthCheckController: Getting health check requested packages
06-25 12:02:27.577   518  2715 I ExplicitHealthCheckController: Explicit health check requested packages []
06-25 12:02:27.577   518  2715 I ExplicitHealthCheckController: No more health check requests, unbinding...
06-25 12:02:27.578   518  2715 I ExplicitHealthCheckController: Explicit health check service is unbound
06-25 12:02:27.590  7389  7615 I Maestro : Skipping invisible child: android.view.accessibility.AccessibilityNodeInfo@128a8; boundsInParent: Rect(0, 0 - 320, 0); boundsInScreen: Rect(0, 0 - 320, 0); boundsInWindow: Rect(0, 0 - 320, 0); packageName: com.hanapkalinga.mobile; className: android.widget.LinearLayout; text: null; error: null; maxTextLength: -1; stateDescription: null; contentDescription: null; tooltipText: null; containerTitle: null; viewIdResName: null; uniqueId: null; checkable: false; checked: false; focusable: false; focused: false; selected: false; clickable: false; longClickable: false; contextClickable: false; enabled: true; password: false; scrollable: false; importantForAccessibility: false; visible: false; actions: [AccessibilityAction: ACTION_SELECT - null, AccessibilityAction: ACTION_CLEAR_SELECTION - null, AccessibilityAction: ACTION_ACCESSIBILITY_FOCUS - null, AccessibilityAction: ACTION_SHOW_ON_SCREEN - null]; isTextSelectable: false
06-25 12:02:27.590  7389  7615 I Maestro : Skipping invisible child: android.view.accessibility.AccessibilityNodeInfo@124e7; boundsInParent: Rect(0, 0 - 320, 0); boundsInScreen: Rect(0, 0 - 320, 0); boundsInWindow: Rect(0, 0 - 320, 0); packageName: com.hanapkalinga.mobile; className: android.view.ViewGroup; text: null; error: null; maxTextLength: -1; stateDescription: null; contentDescription: null; tooltipText: null; containerTitle: null; viewIdResName: null; uniqueId: null; checkable: false; checked: false; focusable: false; focused: false; selected: false; clickable: false; longClickable: false; contextClickable: false; enabled: true; password: false; scrollable: false; importantForAccessibility: false; visible: false; actions: [AccessibilityAction: ACTION_SELECT - null, AccessibilityAction: ACTION_CLEAR_SELECTION - null, AccessibilityAction: ACTION_ACCESSIBILITY_FOCUS - null, AccessibilityAction: ACTION_SHOW_ON_SCREEN - null]; isTextSelectable: false
06-25 12:02:27.591  7389  7615 I Maestro : Skipping invisible child: android.view.accessibility.AccessibilityNodeInfo@191c4; boundsInParent: Rect(0, 0 - 320, 0); boundsInScreen: Rect(0, 0 - 320, 0); boundsInWindow: Rect(0, 0 - 320, 0); packageName: com.hanapkalinga.mobile; className: android.widget.LinearLayout; text: null; error: null; maxTextLength: -1; stateDescription: null; contentDescription: null; tooltipText: null; containerTitle: null; viewIdResName: null; uniqueId: null; checkable: false; checked: false; focusable: false; focused: false; selected: false; clickable: false; longClickable: false; contextClickable: false; enabled: true; password: false; scrollable: false; importantForAccessibility: false; visible: false; actions: [AccessibilityAction: ACTION_SELECT - null, AccessibilityAction: ACTION_CLEAR_SELECTION - null, AccessibilityAction: ACTION_ACCESSIBILITY_FOCUS - null, AccessibilityAction: ACTION_SHOW_ON_SCREEN - null]; isTextSelectable: false
06-25 12:02:27.591  7389  7615 I Maestro : Skipping invisible child: android.view.accessibility.AccessibilityNodeInfo@18e03; boundsInParent: Rect(0, 0 - 320, 0); boundsInScreen: Rect(0, 0 - 320, 0); boundsInWindow: Rect(0, 0 - 320, 0); packageName: com.hanapkalinga.mobile; className: android.view.ViewGroup; text: null; error: null; maxTextLength: -1; stateDescription: null; contentDescription: null; tooltipText: null; containerTitle: null; viewIdResName: null; uniqueId: null; checkable: false; checked: false; focusable: false; focused: false; selected: false; clickable: false; longClickable: false; contextClickable: false; enabled: true; password: false; scrollable: false; importantForAccessibility: false; visible: false; actions: [AccessibilityAction: ACTION_SELECT - null, AccessibilityAction: ACTION_CLEAR_SELECTION - null, AccessibilityAction: ACTION_ACCESSIBILITY_FOCUS - null, AccessibilityAction: ACTION_SHOW_ON_SCREEN - null]; isTextSelectable: false
06-25 12:02:27.593  7389  7615 D Maestro : View hierarchy received in 19 ms
06-25 12:02:27.603   518   614 I RescueParty: Starting to observe: [android], updated namespace: credential_manager
06-25 12:02:27.603   518   546 I PackageWatchdog: Syncing state, reason: observing new packages
06-25 12:02:27.604   518   546 D PackageWatchdog: rescue-party-observer added the following packages to monitor [android]
06-25 12:02:27.604   518   546 I PackageWatchdog: Syncing state, reason: updated observers
06-25 12:02:27.604   518   546 I PackageWatchdog: Not pruning observers, elapsed time: 0ms
06-25 12:02:27.604   518   518 I PackageWatchdog: Syncing health check requests for packages: {}
06-25 12:02:27.604   518   518 I ExplicitHealthCheckController: Service not ready to get health check supported packages. Binding...
06-25 12:02:27.605   518   518 I ExplicitHealthCheckController: Explicit health check service is bound
06-25 12:02:27.606   518   518 I ExplicitHealthCheckController: Explicit health check service is connected ComponentInfo{com.google.android.ext.services/android.ext.services.watchdog.ExplicitHealthCheckServiceImpl}
06-25 12:02:27.606   518   518 I ExplicitHealthCheckController: Service initialized, syncing requests
06-25 12:02:27.606   518   518 I PackageWatchdog: Syncing health check requests for packages: {}
06-25 12:02:27.606   518   518 D ExplicitHealthCheckController: Getting health check supported packages
06-25 12:02:27.606   518  2715 I ExplicitHealthCheckController: Explicit health check supported packages [PackageConfig{com.google.android.networkstack, 86400000}]
06-25 12:02:27.606   518  2715 D PackageWatchdog: Received supported packages [PackageConfig{com.google.android.networkstack, 86400000}]
06-25 12:02:27.606   518  2715 D ExplicitHealthCheckController: Getting health check requested packages
06-25 12:02:27.607   518  2715 I ExplicitHealthCheckController: Explicit health check requested packages []
06-25 12:02:27.607   518  2715 I ExplicitHealthCheckController: No more health check requests, unbinding...
06-25 12:02:27.607   518  2715 I ExplicitHealthCheckController: Explicit health check service is unbound
06-25 12:02:27.607   518   546 I PackageWatchdog: Saving observer state to file
06-25 12:02:27.610   518   614 I RescueParty: Starting to observe: [android], updated namespace: remote_key_provisioning_native
06-25 12:02:27.610   518   546 I PackageWatchdog: Syncing state, reason: observing new packages
06-25 12:02:27.611   518   546 D PackageWatchdog: rescue-party-observer added the following packages to monitor [android]
06-25 12:02:27.611   518   546 I PackageWatchdog: Syncing state, reason: updated observers
06-25 12:02:27.611   518   546 I PackageWatchdog: Saving observer state to file
06-25 12:02:27.613   518   614 I RescueParty: Starting to observe: [android, com.android.phone], updated namespace: telephony
06-25 12:02:27.613   518   546 I PackageWatchdog: Syncing state, reason: observing new packages
06-25 12:02:27.613   518   546 D PackageWatchdog: rescue-party-observer added the following packages to monitor [android, com.android.phone]
06-25 12:02:27.613   518   546 I PackageWatchdog: Syncing state, reason: updated observers
06-25 12:02:27.613   518   546 I PackageWatchdog: Not pruning observers, elapsed time: 0ms
06-25 12:02:27.613   518   546 I PackageWatchdog: Saving observer state to file
06-25 12:02:27.614   518   518 I PackageWatchdog: Syncing health check requests for packages: {}
06-25 12:02:27.615   518   518 I ExplicitHealthCheckController: Service not ready to get health check supported packages. Binding...
06-25 12:02:27.615   518   518 I ExplicitHealthCheckController: Explicit health check service is bound
06-25 12:02:27.616   518   518 I PackageWatchdog: Syncing health check requests for packages: {}
06-25 12:02:27.616   518   518 I ExplicitHealthCheckController: Service not ready to get health check supported packages. Binding...
06-25 12:02:27.616   518   518 I ExplicitHealthCheckController: Not binding to service, service already connecting
06-25 12:02:27.616   518   518 I ExplicitHealthCheckController: Explicit health check service is connected ComponentInfo{com.google.android.ext.services/android.ext.services.watchdog.ExplicitHealthCheckServiceImpl}
06-25 12:02:27.616   518   518 I ExplicitHealthCheckController: Service initialized, syncing requests
06-25 12:02:27.616   518   518 I PackageWatchdog: Syncing health check requests for packages: {}
06-25 12:02:27.616   518   518 D ExplicitHealthCheckController: Getting health check supported packages
06-25 12:02:27.616   518  2309 I ExplicitHealthCheckController: Explicit health check supported packages [PackageConfig{com.google.android.networkstack, 86400000}]
06-25 12:02:27.616   518  2309 D PackageWatchdog: Received supported packages [PackageConfig{com.google.android.networkstack, 86400000}]
06-25 12:02:27.616   518  2309 D ExplicitHealthCheckController: Getting health check requested packages
06-25 12:02:27.617   518  2309 I ExplicitHealthCheckController: Explicit health check requested packages []
06-25 12:02:27.617   518  2309 I ExplicitHealthCheckController: No more health check requests, unbinding...
06-25 12:02:27.617   518  2309 I ExplicitHealthCheckController: Explicit health check service is unbound
06-25 12:02:27.624   518   614 I RescueParty: Starting to observe: [android], updated namespace: media_better_together
06-25 12:02:27.625   518   546 I PackageWatchdog: Syncing state, reason: observing new packages
06-25 12:02:27.625   518   546 D PackageWatchdog: rescue-party-observer added the following packages to monitor [android]
06-25 12:02:27.625   518   546 I PackageWatchdog: Syncing state, reason: updated observers
06-25 12:02:27.625   518   546 I PackageWatchdog: Not pruning observers, elapsed time: 0ms
06-25 12:02:27.625   518   546 I PackageWatchdog: Saving observer state to file
06-25 12:02:27.625   518   518 I PackageWatchdog: Syncing health check requests for packages: {}
06-25 12:02:27.625   518   518 I ExplicitHealthCheckController: Service not ready to get health check supported packages. Binding...
06-25 12:02:27.626   518   518 I ExplicitHealthCheckController: Explicit health check service is bound
06-25 12:02:27.627   518   518 I PackageWatchdog: Syncing health check requests for packages: {}
06-25 12:02:27.627   518   518 I ExplicitHealthCheckController: Service not ready to get health check supported packages. Binding...
06-25 12:02:27.627   518   518 I ExplicitHealthCheckController: Not binding to service, service already connecting
06-25 12:02:27.627   518   518 I ExplicitHealthCheckController: Explicit health check service is connected ComponentInfo{com.google.android.ext.services/android.ext.services.watchdog.ExplicitHealthCheckServiceImpl}
06-25 12:02:27.627   518   518 I ExplicitHealthCheckController: Service initialized, syncing requests
06-25 12:02:27.627   518   518 I PackageWatchdog: Syncing health check requests for packages: {}
06-25 12:02:27.627   518   518 D ExplicitHealthCheckController: Getting health check supported packages
06-25 12:02:27.627   518  2715 I ExplicitHealthCheckController: Explicit health check supported packages [PackageConfig{com.google.android.networkstack, 86400000}]
06-25 12:02:27.627   518  2715 D PackageWatchdog: Received supported packages [PackageConfig{com.google.android.networkstack, 86400000}]
06-25 12:02:27.627   518  2715 D ExplicitHealthCheckController: Getting health check requested packages
06-25 12:02:27.627   518  2715 I ExplicitHealthCheckController: Explicit health check requested packages []
06-25 12:02:27.627   518  2715 I ExplicitHealthCheckController: No more health check requests, unbinding...
06-25 12:02:27.628   518  2715 I ExplicitHealthCheckController: Explicit health check service is unbound
06-25 12:02:27.628   518   614 I RescueParty: Starting to observe: [android], updated namespace: health_fitness
06-25 12:02:27.629   518   546 I PackageWatchdog: Syncing state, reason: observing new packages
06-25 12:02:27.629   518   518 I PackageWatchdog: Syncing health check requests for packages: {}
06-25 12:02:27.629   518   518 I ExplicitHealthCheckController: Service not ready to get health check supported packages. Binding...
06-25 12:02:27.629   518   518 I ExplicitHealthCheckController: Explicit health check service is bound
06-25 12:02:27.629   518   546 D PackageWatchdog: rescue-party-observer added the following packages to monitor [android]
06-25 12:02:27.629   518   546 I PackageWatchdog: Syncing state, reason: updated observers
06-25 12:02:27.629   518   546 I PackageWatchdog: Not pruning observers, elapsed time: 0ms
06-25 12:02:27.629   518   518 I PackageWatchdog: Syncing health check requests for packages: {}
06-25 12:02:27.629   518   518 I ExplicitHealthCheckController: Service not ready to get health check supported packages. Binding...
06-25 12:02:27.629   518   518 I ExplicitHealthCheckController: Not binding to service, service already connecting
06-25 12:02:27.630   518   546 I PackageWatchdog: Saving observer state to file
06-25 12:02:27.630   518   518 I ExplicitHealthCheckController: Explicit health check service is connected ComponentInfo{com.google.android.ext.services/android.ext.services.watchdog.ExplicitHealthCheckServiceImpl}
06-25 12:02:27.630   518   518 I ExplicitHealthCheckController: Service initialized, syncing requests
06-25 12:02:27.631   518   614 I RescueParty: Starting to observe: [android], updated namespace: app_standby
06-25 12:02:27.632   518   518 I PackageWatchdog: Syncing health check requests for packages: {}
06-25 12:02:27.632   518   518 D ExplicitHealthCheckController: Getting health check supported packages
06-25 12:02:27.632   518   546 I PackageWatchdog: Syncing state, reason: observing new packages
06-25 12:02:27.632   518   518 I PackageWatchdog: Syncing health check requests for packages: {}
06-25 12:02:27.632   518   518 D ExplicitHealthCheckController: Getting health check supported packages
06-25 12:02:27.632   518   546 D PackageWatchdog: rescue-party-observer added the following packages to monitor [android]
06-25 12:02:27.632   518   591 I ExplicitHealthCheckController: Explicit health check supported packages [PackageConfig{com.google.android.networkstack, 86400000}]
06-25 12:02:27.632   518   591 D PackageWatchdog: Received supported packages [PackageConfig{com.google.android.networkstack, 86400000}]
06-25 12:02:27.632   518   591 D ExplicitHealthCheckController: Getting health check requested packages
06-25 12:02:27.633   518   591 I ExplicitHealthCheckController: Explicit health check requested packages []
06-25 12:02:27.633   518   591 I ExplicitHealthCheckController: No more health check requests, unbinding...
06-25 12:02:27.633   518  2309 I ExplicitHealthCheckController: Explicit health check supported packages [PackageConfig{com.google.android.networkstack, 86400000}]
06-25 12:02:27.633   518  2309 D PackageWatchdog: Received supported packages [PackageConfig{com.google.android.networkstack, 86400000}]
06-25 12:02:27.633   518   591 I ExplicitHealthCheckController: Explicit health check service is unbound
06-25 12:02:27.633   518   546 I PackageWatchdog: Syncing state, reason: updated observers
06-25 12:02:27.633   518   518 I PackageWatchdog: Syncing health check requests for packages: {}
06-25 12:02:27.633   518   518 I ExplicitHealthCheckController: Service not ready to get health check supported packages. Binding...
06-25 12:02:27.634   518   518 I ExplicitHealthCheckController: Explicit health check service is bound
06-25 12:02:27.634   518   518 I ExplicitHealthCheckController: Explicit health check service is connected ComponentInfo{com.google.android.ext.services/android.ext.services.watchdog.ExplicitHealthCheckServiceImpl}
06-25 12:02:27.634   518  2309 I ExplicitHealthCheckController: Service not ready to get health check requested packages. Binding...
06-25 12:02:27.634   518  2309 I ExplicitHealthCheckController: Not binding to service, service already connecting
06-25 12:02:27.634   518   518 I ExplicitHealthCheckController: Service initialized, syncing requests
06-25 12:02:27.634   518   518 I PackageWatchdog: Syncing health check requests for packages: {}
06-25 12:02:27.634   518   518 D ExplicitHealthCheckController: Getting health check supported packages
06-25 12:02:27.634   518  2309 I ExplicitHealthCheckController: Explicit health check supported packages [PackageConfig{com.google.android.networkstack, 86400000}]
06-25 12:02:27.634   518  2309 D PackageWatchdog: Received supported packages [PackageConfig{com.google.android.networkstack, 86400000}]
06-25 12:02:27.634   518  2309 D ExplicitHealthCheckController: Getting health check requested packages
06-25 12:02:27.634   518  2309 I ExplicitHealthCheckController: Explicit health check requested packages []
06-25 12:02:27.634   518  2309 I ExplicitHealthCheckController: No more health check requests, unbinding...
06-25 12:02:27.635   518  2309 I ExplicitHealthCheckController: Explicit health check service is unbound
06-25 12:02:27.635   518   546 I PackageWatchdog: Saving observer state to file
06-25 12:02:27.635   518   601 D CompatibilityChangeReporter: Compat change id reported: 218533173; UID 10084; state: ENABLED
06-25 12:02:27.635   518   601 D CompatibilityChangeReporter: Compat change id reported: 262645982; UID 10084; state: ENABLED
06-25 12:02:27.636   518   601 D CompatibilityChangeReporter: Compat change id reported: 218533173; UID 10197; state: ENABLED
06-25 12:02:27.636   518   601 D CompatibilityChangeReporter: Compat change id reported: 262645982; UID 10197; state: ENABLED
06-25 12:02:27.636   518   601 D CompatibilityChangeReporter: Compat change id reported: 218533173; UID 10138; state: ENABLED
06-25 12:02:27.636   518   601 D CompatibilityChangeReporter: Compat change id reported: 262645982; UID 10138; state: ENABLED
06-25 12:02:27.636   518   601 D CompatibilityChangeReporter: Compat change id reported: 218533173; UID 10192; state: ENABLED
06-25 12:02:27.636   518   601 D CompatibilityChangeReporter: Compat change id reported: 262645982; UID 10192; state: ENABLED
06-25 12:02:27.637   518   601 D CompatibilityChangeReporter: Compat change id reported: 262645982; UID 10132; state: ENABLED
06-25 12:02:27.637   518   601 D CompatibilityChangeReporter: Compat change id reported: 218533173; UID 10183; state: ENABLED
06-25 12:02:27.638   518   601 D CompatibilityChangeReporter: Compat change id reported: 262645982; UID 10183; state: ENABLED
06-25 12:02:27.638   518   601 D CompatibilityChangeReporter: Compat change id reported: 218533173; UID 10116; state: ENABLED
06-25 12:02:27.638   518   601 D CompatibilityChangeReporter: Compat change id reported: 262645982; UID 10116; state: DISABLED
06-25 12:02:27.640   518   614 I RescueParty: Starting to observe: [com.google.android.apps.nexuslauncher], updated namespace: launcher
06-25 12:02:27.640   518   546 I PackageWatchdog: Syncing state, reason: observing new packages
06-25 12:02:27.640   518   518 I PackageWatchdog: Syncing health check requests for packages: {}
06-25 12:02:27.640   518   518 I ExplicitHealthCheckController: Service not ready to get health check supported packages. Binding...
06-25 12:02:27.641  1088  1088 I ActivityThread: Schedule relaunch activity: com.google.android.apps.nexuslauncher.NexusLauncherActivity
06-25 12:02:27.641   518   518 I ExplicitHealthCheckController: Explicit health check service is bound
06-25 12:02:27.642   518   518 I ExplicitHealthCheckController: Explicit health check service is connected ComponentInfo{com.google.android.ext.services/android.ext.services.watchdog.ExplicitHealthCheckServiceImpl}
06-25 12:02:27.642   518   518 I ExplicitHealthCheckController: Service initialized, syncing requests
06-25 12:02:27.642   518   518 I PackageWatchdog: Syncing health check requests for packages: {}
06-25 12:02:27.642   518   518 D ExplicitHealthCheckController: Getting health check supported packages
06-25 12:02:27.642   518   591 I ExplicitHealthCheckController: Explicit health check supported packages [PackageConfig{com.google.android.networkstack, 86400000}]
06-25 12:02:27.642   518   591 D PackageWatchdog: Received supported packages [PackageConfig{com.google.android.networkstack, 86400000}]
06-25 12:02:27.642   518   591 D ExplicitHealthCheckController: Getting health check requested packages
06-25 12:02:27.642   518   591 I ExplicitHealthCheckController: Explicit health check requested packages []
06-25 12:02:27.642   518   591 I ExplicitHealthCheckController: No more health check requests, unbinding...
06-25 12:02:27.642   518   591 I ExplicitHealthCheckController: Explicit health check service is unbound
06-25 12:02:27.643   518   546 D PackageWatchdog: rescue-party-observer added the following packages to monitor [com.google.android.apps.nexuslauncher]
06-25 12:02:27.643  1088  1088 D b/254119092: clearActivity
06-25 12:02:27.643  1088  1088 D b/254119092: mActivity and mContext agree taskbarIsPresent=false
06-25 12:02:27.643   518   546 I PackageWatchdog: Syncing state, reason: updated observers
06-25 12:02:27.645   518   518 I PackageWatchdog: Syncing health check requests for packages: {}
06-25 12:02:27.645   518   518 I ExplicitHealthCheckController: Service not ready to get health check supported packages. Binding...
06-25 12:02:27.646   518   518 I ExplicitHealthCheckController: Explicit health check service is bound
