06-25 12:03:33.016  7849  8072 I Maestro : Skipping invisible child: android.view.accessibility.AccessibilityNodeInfo@1688e; boundsInParent: Rect(0, 0 - 320, 0); boundsInScreen: Rect(0, 0 - 320, 0); boundsInWindow: Rect(0, 0 - 320, 0); packageName: com.hanapkalinga.mobile; className: android.view.ViewGroup; text: null; error: null; maxTextLength: -1; stateDescription: null; contentDescription: null; tooltipText: null; containerTitle: null; viewIdResName: null; uniqueId: null; checkable: false; checked: false; focusable: false; focused: false; selected: false; clickable: false; longClickable: false; contextClickable: false; enabled: true; password: false; scrollable: false; importantForAccessibility: false; visible: false; actions: [AccessibilityAction: ACTION_SELECT - null, AccessibilityAction: ACTION_CLEAR_SELECTION - null, AccessibilityAction: ACTION_ACCESSIBILITY_FOCUS - null, AccessibilityAction: ACTION_SHOW_ON_SCREEN - null]; isTextSelectable: false
06-25 12:03:33.022  7849  8072 D Maestro : View hierarchy received in 14 ms
06-25 12:03:33.110  7849  8072 D Maestro : Requesting view hierarchy
06-25 12:03:33.110  7849  8072 W QueryController: Could not detect idle state.
06-25 12:03:33.110  7849  8072 W QueryController: Could not detect idle state.
06-25 12:03:33.115  7849  8072 I Maestro : Skipping invisible child: android.view.accessibility.AccessibilityNodeInfo@10333; boundsInParent: Rect(0, 0 - 320, 0); boundsInScreen: Rect(0, 0 - 320, 0); boundsInWindow: Rect(0, 0 - 320, 0); packageName: com.hanapkalinga.mobile; className: android.widget.LinearLayout; text: null; error: null; maxTextLength: -1; stateDescription: null; contentDescription: null; tooltipText: null; containerTitle: null; viewIdResName: null; uniqueId: null; checkable: false; checked: false; focusable: false; focused: false; selected: false; clickable: false; longClickable: false; contextClickable: false; enabled: true; password: false; scrollable: false; importantForAccessibility: false; visible: false; actions: [AccessibilityAction: ACTION_SELECT - null, AccessibilityAction: ACTION_CLEAR_SELECTION - null, AccessibilityAction: ACTION_ACCESSIBILITY_FOCUS - null, AccessibilityAction: ACTION_SHOW_ON_SCREEN - null]; isTextSelectable: false
06-25 12:03:33.115  7849  8072 I Maestro : Skipping invisible child: android.view.accessibility.AccessibilityNodeInfo@ff72; boundsInParent: Rect(0, 0 - 320, 0); boundsInScreen: Rect(0, 0 - 320, 0); boundsInWindow: Rect(0, 0 - 320, 0); packageName: com.hanapkalinga.mobile; className: android.view.ViewGroup; text: null; error: null; maxTextLength: -1; stateDescription: null; contentDescription: null; tooltipText: null; containerTitle: null; viewIdResName: null; uniqueId: null; checkable: false; checked: false; focusable: false; focused: false; selected: false; clickable: false; longClickable: false; contextClickable: false; enabled: true; password: false; scrollable: false; importantForAccessibility: false; visible: false; actions: [AccessibilityAction: ACTION_SELECT - null, AccessibilityAction: ACTION_CLEAR_SELECTION - null, AccessibilityAction: ACTION_ACCESSIBILITY_FOCUS - null, AccessibilityAction: ACTION_SHOW_ON_SCREEN - null]; isTextSelectable: false
06-25 12:03:33.115  7849  8072 I Maestro : Skipping invisible child: android.view.accessibility.AccessibilityNodeInfo@16c4f; boundsInParent: Rect(0, 0 - 320, 0); boundsInScreen: Rect(0, 0 - 320, 0); boundsInWindow: Rect(0, 0 - 320, 0); packageName: com.hanapkalinga.mobile; className: android.widget.LinearLayout; text: null; error: null; maxTextLength: -1; stateDescription: null; contentDescription: null; tooltipText: null; containerTitle: null; viewIdResName: null; uniqueId: null; checkable: false; checked: false; focusable: false; focused: false; selected: false; clickable: false; longClickable: false; contextClickable: false; enabled: true; password: false; scrollable: false; importantForAccessibility: false; visible: false; actions: [AccessibilityAction: ACTION_SELECT - null, AccessibilityAction: ACTION_CLEAR_SELECTION - null, AccessibilityAction: ACTION_ACCESSIBILITY_FOCUS - null, AccessibilityAction: ACTION_SHOW_ON_SCREEN - null]; isTextSelectable: false
06-25 12:03:33.115  7849  8072 I Maestro : Skipping invisible child: android.view.accessibility.AccessibilityNodeInfo@1688e; boundsInParent: Rect(0, 0 - 320, 0); boundsInScreen: Rect(0, 0 - 320, 0); boundsInWindow: Rect(0, 0 - 320, 0); packageName: com.hanapkalinga.mobile; className: android.view.ViewGroup; text: null; error: null; maxTextLength: -1; stateDescription: null; contentDescription: null; tooltipText: null; containerTitle: null; viewIdResName: null; uniqueId: null; checkable: false; checked: false; focusable: false; focused: false; selected: false; clickable: false; longClickable: false; contextClickable: false; enabled: true; password: false; scrollable: false; importantForAccessibility: false; visible: false; actions: [AccessibilityAction: ACTION_SELECT - null, AccessibilityAction: ACTION_CLEAR_SELECTION - null, AccessibilityAction: ACTION_ACCESSIBILITY_FOCUS - null, AccessibilityAction: ACTION_SHOW_ON_SCREEN - null]; isTextSelectable: false
06-25 12:03:33.125  7849  8072 D Maestro : View hierarchy received in 15 ms
06-25 12:03:33.215  7849  8072 D Maestro : Requesting view hierarchy
06-25 12:03:33.215  7849  8072 W QueryController: Could not detect idle state.
06-25 12:03:33.216  7849  8072 W QueryController: Could not detect idle state.
06-25 12:03:33.222  7849  8072 I Maestro : Skipping invisible child: android.view.accessibility.AccessibilityNodeInfo@10333; boundsInParent: Rect(0, 0 - 320, 0); boundsInScreen: Rect(0, 0 - 320, 0); boundsInWindow: Rect(0, 0 - 320, 0); packageName: com.hanapkalinga.mobile; className: android.widget.LinearLayout; text: null; error: null; maxTextLength: -1; stateDescription: null; contentDescription: null; tooltipText: null; containerTitle: null; viewIdResName: null; uniqueId: null; checkable: false; checked: false; focusable: false; focused: false; selected: false; clickable: false; longClickable: false; contextClickable: false; enabled: true; password: false; scrollable: false; importantForAccessibility: false; visible: false; actions: [AccessibilityAction: ACTION_SELECT - null, AccessibilityAction: ACTION_CLEAR_SELECTION - null, AccessibilityAction: ACTION_ACCESSIBILITY_FOCUS - null, AccessibilityAction: ACTION_SHOW_ON_SCREEN - null]; isTextSelectable: false
06-25 12:03:33.222  7849  8072 I Maestro : Skipping invisible child: android.view.accessibility.AccessibilityNodeInfo@ff72; boundsInParent: Rect(0, 0 - 320, 0); boundsInScreen: Rect(0, 0 - 320, 0); boundsInWindow: Rect(0, 0 - 320, 0); packageName: com.hanapkalinga.mobile; className: android.view.ViewGroup; text: null; error: null; maxTextLength: -1; stateDescription: null; contentDescription: null; tooltipText: null; containerTitle: null; viewIdResName: null; uniqueId: null; checkable: false; checked: false; focusable: false; focused: false; selected: false; clickable: false; longClickable: false; contextClickable: false; enabled: true; password: false; scrollable: false; importantForAccessibility: false; visible: false; actions: [AccessibilityAction: ACTION_SELECT - null, AccessibilityAction: ACTION_CLEAR_SELECTION - null, AccessibilityAction: ACTION_ACCESSIBILITY_FOCUS - null, AccessibilityAction: ACTION_SHOW_ON_SCREEN - null]; isTextSelectable: false
06-25 12:03:33.222  7849  8072 I Maestro : Skipping invisible child: android.view.accessibility.AccessibilityNodeInfo@16c4f; boundsInParent: Rect(0, 0 - 320, 0); boundsInScreen: Rect(0, 0 - 320, 0); boundsInWindow: Rect(0, 0 - 320, 0); packageName: com.hanapkalinga.mobile; className: android.widget.LinearLayout; text: null; error: null; maxTextLength: -1; stateDescription: null; contentDescription: null; tooltipText: null; containerTitle: null; viewIdResName: null; uniqueId: null; checkable: false; checked: false; focusable: false; focused: false; selected: false; clickable: false; longClickable: false; contextClickable: false; enabled: true; password: false; scrollable: false; importantForAccessibility: false; visible: false; actions: [AccessibilityAction: ACTION_SELECT - null, AccessibilityAction: ACTION_CLEAR_SELECTION - null, AccessibilityAction: ACTION_ACCESSIBILITY_FOCUS - null, AccessibilityAction: ACTION_SHOW_ON_SCREEN - null]; isTextSelectable: false
06-25 12:03:33.223  7849  8072 I Maestro : Skipping invisible child: android.view.accessibility.AccessibilityNodeInfo@1688e; boundsInParent: Rect(0, 0 - 320, 0); boundsInScreen: Rect(0, 0 - 320, 0); boundsInWindow: Rect(0, 0 - 320, 0); packageName: com.hanapkalinga.mobile; className: android.view.ViewGroup; text: null; error: null; maxTextLength: -1; stateDescription: null; contentDescription: null; tooltipText: null; containerTitle: null; viewIdResName: null; uniqueId: null; checkable: false; checked: false; focusable: false; focused: false; selected: false; clickable: false; longClickable: false; contextClickable: false; enabled: true; password: false; scrollable: false; importantForAccessibility: false; visible: false; actions: [AccessibilityAction: ACTION_SELECT - null, AccessibilityAction: ACTION_CLEAR_SELECTION - null, AccessibilityAction: ACTION_ACCESSIBILITY_FOCUS - null, AccessibilityAction: ACTION_SHOW_ON_SCREEN - null]; isTextSelectable: false
06-25 12:03:33.231  7849  8072 D Maestro : View hierarchy received in 16 ms
06-25 12:03:33.283  7849  8072 D Maestro : Requesting view hierarchy
06-25 12:03:33.284  7849  8072 W QueryController: Could not detect idle state.
06-25 12:03:33.284  7849  8072 W QueryController: Could not detect idle state.
06-25 12:03:33.290  7849  8072 I Maestro : Skipping invisible child: android.view.accessibility.AccessibilityNodeInfo@10333; boundsInParent: Rect(0, 0 - 320, 0); boundsInScreen: Rect(0, 0 - 320, 0); boundsInWindow: Rect(0, 0 - 320, 0); packageName: com.hanapkalinga.mobile; className: android.widget.LinearLayout; text: null; error: null; maxTextLength: -1; stateDescription: null; contentDescription: null; tooltipText: null; containerTitle: null; viewIdResName: null; uniqueId: null; checkable: false; checked: false; focusable: false; focused: false; selected: false; clickable: false; longClickable: false; contextClickable: false; enabled: true; password: false; scrollable: false; importantForAccessibility: false; visible: false; actions: [AccessibilityAction: ACTION_SELECT - null, AccessibilityAction: ACTION_CLEAR_SELECTION - null, AccessibilityAction: ACTION_ACCESSIBILITY_FOCUS - null, AccessibilityAction: ACTION_SHOW_ON_SCREEN - null]; isTextSelectable: false
06-25 12:03:33.290  7849  8072 I Maestro : Skipping invisible child: android.view.accessibility.AccessibilityNodeInfo@ff72; boundsInParent: Rect(0, 0 - 320, 0); boundsInScreen: Rect(0, 0 - 320, 0); boundsInWindow: Rect(0, 0 - 320, 0); packageName: com.hanapkalinga.mobile; className: android.view.ViewGroup; text: null; error: null; maxTextLength: -1; stateDescription: null; contentDescription: null; tooltipText: null; containerTitle: null; viewIdResName: null; uniqueId: null; checkable: false; checked: false; focusable: false; focused: false; selected: false; clickable: false; longClickable: false; contextClickable: false; enabled: true; password: false; scrollable: false; importantForAccessibility: false; visible: false; actions: [AccessibilityAction: ACTION_SELECT - null, AccessibilityAction: ACTION_CLEAR_SELECTION - null, AccessibilityAction: ACTION_ACCESSIBILITY_FOCUS - null, AccessibilityAction: ACTION_SHOW_ON_SCREEN - null]; isTextSelectable: false
06-25 12:03:33.291  7849  8072 I Maestro : Skipping invisible child: android.view.accessibility.AccessibilityNodeInfo@16c4f; boundsInParent: Rect(0, 0 - 320, 0); boundsInScreen: Rect(0, 0 - 320, 0); boundsInWindow: Rect(0, 0 - 320, 0); packageName: com.hanapkalinga.mobile; className: android.widget.LinearLayout; text: null; error: null; maxTextLength: -1; stateDescription: null; contentDescription: null; tooltipText: null; containerTitle: null; viewIdResName: null; uniqueId: null; checkable: false; checked: false; focusable: false; focused: false; selected: false; clickable: false; longClickable: false; contextClickable: false; enabled: true; password: false; scrollable: false; importantForAccessibility: false; visible: false; actions: [AccessibilityAction: ACTION_SELECT - null, AccessibilityAction: ACTION_CLEAR_SELECTION - null, AccessibilityAction: ACTION_ACCESSIBILITY_FOCUS - null, AccessibilityAction: ACTION_SHOW_ON_SCREEN - null]; isTextSelectable: false
06-25 12:03:33.291  7849  8072 I Maestro : Skipping invisible child: android.view.accessibility.AccessibilityNodeInfo@1688e; boundsInParent: Rect(0, 0 - 320, 0); boundsInScreen: Rect(0, 0 - 320, 0); boundsInWindow: Rect(0, 0 - 320, 0); packageName: com.hanapkalinga.mobile; className: android.view.ViewGroup; text: null; error: null; maxTextLength: -1; stateDescription: null; contentDescription: null; tooltipText: null; containerTitle: null; viewIdResName: null; uniqueId: null; checkable: false; checked: false; focusable: false; focused: false; selected: false; clickable: false; longClickable: false; contextClickable: false; enabled: true; password: false; scrollable: false; importantForAccessibility: false; visible: false; actions: [AccessibilityAction: ACTION_SELECT - null, AccessibilityAction: ACTION_CLEAR_SELECTION - null, AccessibilityAction: ACTION_ACCESSIBILITY_FOCUS - null, AccessibilityAction: ACTION_SHOW_ON_SCREEN - null]; isTextSelectable: false
06-25 12:03:33.297  7849  8072 D Maestro : View hierarchy received in 14 ms
06-25 12:03:33.309  5587  7657 D TrafficStats: tagSocket(117) with statsTag=0x30000407, statsUid=-1
06-25 12:03:33.311  5587  7657 I AlarmManager: setExactAndAllowWhileIdle [name: GCM_HB_ALARM type: 2 triggerAtMillis: 929329]
--------- beginning of kernel
06-25 12:03:33.513     0     0 W healthd : battery l=100 v=5000 t=25.0 h=2 st=2 c=900000 fc=3000000 cc=10 chg=a
06-25 12:03:33.369  5587  8127 I AlarmManager: setExactAndAllowWhileIdle [name: GCM_HB_ALARM type: 2 triggerAtMillis: 929387]
06-25 12:03:33.371  5587  8127 I AlarmManager: setExactAndAllowWhileIdle [name: GCM_HB_ALARM type: 2 triggerAtMillis: 929389]
06-25 12:03:33.386  7849  8072 D Maestro : Requesting view hierarchy
06-25 12:03:33.387  7849  8072 W QueryController: Could not detect idle state.
06-25 12:03:33.387  7849  8072 W QueryController: Could not detect idle state.
06-25 12:03:33.391  7849  8072 I Maestro : Skipping invisible child: android.view.accessibility.AccessibilityNodeInfo@10333; boundsInParent: Rect(0, 0 - 320, 0); boundsInScreen: Rect(0, 0 - 320, 0); boundsInWindow: Rect(0, 0 - 320, 0); packageName: com.hanapkalinga.mobile; className: android.widget.LinearLayout; text: null; error: null; maxTextLength: -1; stateDescription: null; contentDescription: null; tooltipText: null; containerTitle: null; viewIdResName: null; uniqueId: null; checkable: false; checked: false; focusable: false; focused: false; selected: false; clickable: false; longClickable: false; contextClickable: false; enabled: true; password: false; scrollable: false; importantForAccessibility: false; visible: false; actions: [AccessibilityAction: ACTION_SELECT - null, AccessibilityAction: ACTION_CLEAR_SELECTION - null, AccessibilityAction: ACTION_ACCESSIBILITY_FOCUS - null, AccessibilityAction: ACTION_SHOW_ON_SCREEN - null]; isTextSelectable: false
06-25 12:03:33.391  7849  8072 I Maestro : Skipping invisible child: android.view.accessibility.AccessibilityNodeInfo@ff72; boundsInParent: Rect(0, 0 - 320, 0); boundsInScreen: Rect(0, 0 - 320, 0); boundsInWindow: Rect(0, 0 - 320, 0); packageName: com.hanapkalinga.mobile; className: android.view.ViewGroup; text: null; error: null; maxTextLength: -1; stateDescription: null; contentDescription: null; tooltipText: null; containerTitle: null; viewIdResName: null; uniqueId: null; checkable: false; checked: false; focusable: false; focused: false; selected: false; clickable: false; longClickable: false; contextClickable: false; enabled: true; password: false; scrollable: false; importantForAccessibility: false; visible: false; actions: [AccessibilityAction: ACTION_SELECT - null, AccessibilityAction: ACTION_CLEAR_SELECTION - null, AccessibilityAction: ACTION_ACCESSIBILITY_FOCUS - null, AccessibilityAction: ACTION_SHOW_ON_SCREEN - null]; isTextSelectable: false
06-25 12:03:33.392  7849  8072 I Maestro : Skipping invisible child: android.view.accessibility.AccessibilityNodeInfo@16c4f; boundsInParent: Rect(0, 0 - 320, 0); boundsInScreen: Rect(0, 0 - 320, 0); boundsInWindow: Rect(0, 0 - 320, 0); packageName: com.hanapkalinga.mobile; className: android.widget.LinearLayout; text: null; error: null; maxTextLength: -1; stateDescription: null; contentDescription: null; tooltipText: null; containerTitle: null; viewIdResName: null; uniqueId: null; checkable: false; checked: false; focusable: false; focused: false; selected: false; clickable: false; longClickable: false; contextClickable: false; enabled: true; password: false; scrollable: false; importantForAccessibility: false; visible: false; actions: [AccessibilityAction: ACTION_SELECT - null, AccessibilityAction: ACTION_CLEAR_SELECTION - null, AccessibilityAction: ACTION_ACCESSIBILITY_FOCUS - null, AccessibilityAction: ACTION_SHOW_ON_SCREEN - null]; isTextSelectable: false
06-25 12:03:33.392  7849  8072 I Maestro : Skipping invisible child: android.view.accessibility.AccessibilityNodeInfo@1688e; boundsInParent: Rect(0, 0 - 320, 0); boundsInScreen: Rect(0, 0 - 320, 0); boundsInWindow: Rect(0, 0 - 320, 0); packageName: com.hanapkalinga.mobile; className: android.view.ViewGroup; text: null; error: null; maxTextLength: -1; stateDescription: null; contentDescription: null; tooltipText: null; containerTitle: null; viewIdResName: null; uniqueId: null; checkable: false; checked: false; focusable: false; focused: false; selected: false; clickable: false; longClickable: false; contextClickable: false; enabled: true; password: false; scrollable: false; importantForAccessibility: false; visible: false; actions: [AccessibilityAction: ACTION_SELECT - null, AccessibilityAction: ACTION_CLEAR_SELECTION - null, AccessibilityAction: ACTION_ACCESSIBILITY_FOCUS - null, AccessibilityAction: ACTION_SHOW_ON_SCREEN - null]; isTextSelectable: false
06-25 12:03:33.402  7849  8072 D Maestro : View hierarchy received in 16 ms
06-25 12:03:33.490  7849  8072 D Maestro : Requesting view hierarchy
06-25 12:03:33.490  7849  8072 W QueryController: Could not detect idle state.
06-25 12:03:33.490  7849  8072 W QueryController: Could not detect idle state.
06-25 12:03:33.494  7849  8072 I Maestro : Skipping invisible child: android.view.accessibility.AccessibilityNodeInfo@10333; boundsInParent: Rect(0, 0 - 320, 0); boundsInScreen: Rect(0, 0 - 320, 0); boundsInWindow: Rect(0, 0 - 320, 0); packageName: com.hanapkalinga.mobile; className: android.widget.LinearLayout; text: null; error: null; maxTextLength: -1; stateDescription: null; contentDescription: null; tooltipText: null; containerTitle: null; viewIdResName: null; uniqueId: null; checkable: false; checked: false; focusable: false; focused: false; selected: false; clickable: false; longClickable: false; contextClickable: false; enabled: true; password: false; scrollable: false; importantForAccessibility: false; visible: false; actions: [AccessibilityAction: ACTION_SELECT - null, AccessibilityAction: ACTION_CLEAR_SELECTION - null, AccessibilityAction: ACTION_ACCESSIBILITY_FOCUS - null, AccessibilityAction: ACTION_SHOW_ON_SCREEN - null]; isTextSelectable: false
06-25 12:03:33.495  7849  8072 I Maestro : Skipping invisible child: android.view.accessibility.AccessibilityNodeInfo@ff72; boundsInParent: Rect(0, 0 - 320, 0); boundsInScreen: Rect(0, 0 - 320, 0); boundsInWindow: Rect(0, 0 - 320, 0); packageName: com.hanapkalinga.mobile; className: android.view.ViewGroup; text: null; error: null; maxTextLength: -1; stateDescription: null; contentDescription: null; tooltipText: null; containerTitle: null; viewIdResName: null; uniqueId: null; checkable: false; checked: false; focusable: false; focused: false; selected: false; clickable: false; longClickable: false; contextClickable: false; enabled: true; password: false; scrollable: false; importantForAccessibility: false; visible: false; actions: [AccessibilityAction: ACTION_SELECT - null, AccessibilityAction: ACTION_CLEAR_SELECTION - null, AccessibilityAction: ACTION_ACCESSIBILITY_FOCUS - null, AccessibilityAction: ACTION_SHOW_ON_SCREEN - null]; isTextSelectable: false
06-25 12:03:33.495  7849  8072 I Maestro : Skipping invisible child: android.view.accessibility.AccessibilityNodeInfo@16c4f; boundsInParent: Rect(0, 0 - 320, 0); boundsInScreen: Rect(0, 0 - 320, 0); boundsInWindow: Rect(0, 0 - 320, 0); packageName: com.hanapkalinga.mobile; className: android.widget.LinearLayout; text: null; error: null; maxTextLength: -1; stateDescription: null; contentDescription: null; tooltipText: null; containerTitle: null; viewIdResName: null; uniqueId: null; checkable: false; checked: false; focusable: false; focused: false; selected: false; clickable: false; longClickable: false; contextClickable: false; enabled: true; password: false; scrollable: false; importantForAccessibility: false; visible: false; actions: [AccessibilityAction: ACTION_SELECT - null, AccessibilityAction: ACTION_CLEAR_SELECTION - null, AccessibilityAction: ACTION_ACCESSIBILITY_FOCUS - null, AccessibilityAction: ACTION_SHOW_ON_SCREEN - null]; isTextSelectable: false
06-25 12:03:33.495  7849  8072 I Maestro : Skipping invisible child: android.view.accessibility.AccessibilityNodeInfo@1688e; boundsInParent: Rect(0, 0 - 320, 0); boundsInScreen: Rect(0, 0 - 320, 0); boundsInWindow: Rect(0, 0 - 320, 0); packageName: com.hanapkalinga.mobile; className: android.view.ViewGroup; text: null; error: null; maxTextLength: -1; stateDescription: null; contentDescription: null; tooltipText: null; containerTitle: null; viewIdResName: null; uniqueId: null; checkable: false; checked: false; focusable: false; focused: false; selected: false; clickable: false; longClickable: false; contextClickable: false; enabled: true; password: false; scrollable: false; importantForAccessibility: false; visible: false; actions: [AccessibilityAction: ACTION_SELECT - null, AccessibilityAction: ACTION_CLEAR_SELECTION - null, AccessibilityAction: ACTION_ACCESSIBILITY_FOCUS - null, AccessibilityAction: ACTION_SHOW_ON_SCREEN - null]; isTextSelectable: false
06-25 12:03:33.505  7849  8072 D Maestro : View hierarchy received in 15 ms
06-25 12:03:33.556  7849  8072 D Maestro : Requesting view hierarchy
06-25 12:03:33.556  7849  8072 W QueryController: Could not detect idle state.
06-25 12:03:33.557  7849  8072 W QueryController: Could not detect idle state.
06-25 12:03:33.562  7849  8072 I Maestro : Skipping invisible child: android.view.accessibility.AccessibilityNodeInfo@10333; boundsInParent: Rect(0, 0 - 320, 0); boundsInScreen: Rect(0, 0 - 320, 0); boundsInWindow: Rect(0, 0 - 320, 0); packageName: com.hanapkalinga.mobile; className: android.widget.LinearLayout; text: null; error: null; maxTextLength: -1; stateDescription: null; contentDescription: null; tooltipText: null; containerTitle: null; viewIdResName: null; uniqueId: null; checkable: false; checked: false; focusable: false; focused: false; selected: false; clickable: false; longClickable: false; contextClickable: false; enabled: true; password: false; scrollable: false; importantForAccessibility: false; visible: false; actions: [AccessibilityAction: ACTION_SELECT - null, AccessibilityAction: ACTION_CLEAR_SELECTION - null, AccessibilityAction: ACTION_ACCESSIBILITY_FOCUS - null, AccessibilityAction: ACTION_SHOW_ON_SCREEN - null]; isTextSelectable: false
06-25 12:03:33.562  7849  8072 I Maestro : Skipping invisible child: android.view.accessibility.AccessibilityNodeInfo@ff72; boundsInParent: Rect(0, 0 - 320, 0); boundsInScreen: Rect(0, 0 - 320, 0); boundsInWindow: Rect(0, 0 - 320, 0); packageName: com.hanapkalinga.mobile; className: android.view.ViewGroup; text: null; error: null; maxTextLength: -1; stateDescription: null; contentDescription: null; tooltipText: null; containerTitle: null; viewIdResName: null; uniqueId: null; checkable: false; checked: false; focusable: false; focused: false; selected: false; clickable: false; longClickable: false; contextClickable: false; enabled: true; password: false; scrollable: false; importantForAccessibility: false; visible: false; actions: [AccessibilityAction: ACTION_SELECT - null, AccessibilityAction: ACTION_CLEAR_SELECTION - null, AccessibilityAction: ACTION_ACCESSIBILITY_FOCUS - null, AccessibilityAction: ACTION_SHOW_ON_SCREEN - null]; isTextSelectable: false
06-25 12:03:33.563  7849  8072 I Maestro : Skipping invisible child: android.view.accessibility.AccessibilityNodeInfo@16c4f; boundsInParent: Rect(0, 0 - 320, 0); boundsInScreen: Rect(0, 0 - 320, 0); boundsInWindow: Rect(0, 0 - 320, 0); packageName: com.hanapkalinga.mobile; className: android.widget.LinearLayout; text: null; error: null; maxTextLength: -1; stateDescription: null; contentDescription: null; tooltipText: null; containerTitle: null; viewIdResName: null; uniqueId: null; checkable: false; checked: false; focusable: false; focused: false; selected: false; clickable: false; longClickable: false; contextClickable: false; enabled: true; password: false; scrollable: false; importantForAccessibility: false; visible: false; actions: [AccessibilityAction: ACTION_SELECT - null, AccessibilityAction: ACTION_CLEAR_SELECTION - null, AccessibilityAction: ACTION_ACCESSIBILITY_FOCUS - null, AccessibilityAction: ACTION_SHOW_ON_SCREEN - null]; isTextSelectable: false
06-25 12:03:33.563  7849  8072 I Maestro : Skipping invisible child: android.view.accessibility.AccessibilityNodeInfo@1688e; boundsInParent: Rect(0, 0 - 320, 0); boundsInScreen: Rect(0, 0 - 320, 0); boundsInWindow: Rect(0, 0 - 320, 0); packageName: com.hanapkalinga.mobile; className: android.view.ViewGroup; text: null; error: null; maxTextLength: -1; stateDescription: null; contentDescription: null; tooltipText: null; containerTitle: null; viewIdResName: null; uniqueId: null; checkable: false; checked: false; focusable: false; focused: false; selected: false; clickable: false; longClickable: false; contextClickable: false; enabled: true; password: false; scrollable: false; importantForAccessibility: false; visible: false; actions: [AccessibilityAction: ACTION_SELECT - null, AccessibilityAction: ACTION_CLEAR_SELECTION - null, AccessibilityAction: ACTION_ACCESSIBILITY_FOCUS - null, AccessibilityAction: ACTION_SHOW_ON_SCREEN - null]; isTextSelectable: false
06-25 12:03:33.573  7849  8072 D Maestro : View hierarchy received in 17 ms
06-25 12:03:33.664  7849  8072 D Maestro : Requesting view hierarchy
06-25 12:03:33.664  7849  8072 W QueryController: Could not detect idle state.
06-25 12:03:33.665  7849  8072 W QueryController: Could not detect idle state.
06-25 12:03:33.677  7849  8072 I Maestro : Skipping invisible child: android.view.accessibility.AccessibilityNodeInfo@10333; boundsInParent: Rect(0, 0 - 320, 0); boundsInScreen: Rect(0, 0 - 320, 0); boundsInWindow: Rect(0, 0 - 320, 0); packageName: com.hanapkalinga.mobile; className: android.widget.LinearLayout; text: null; error: null; maxTextLength: -1; stateDescription: null; contentDescription: null; tooltipText: null; containerTitle: null; viewIdResName: null; uniqueId: null; checkable: false; checked: false; focusable: false; focused: false; selected: false; clickable: false; longClickable: false; contextClickable: false; enabled: true; password: false; scrollable: false; importantForAccessibility: false; visible: false; actions: [AccessibilityAction: ACTION_SELECT - null, AccessibilityAction: ACTION_CLEAR_SELECTION - null, AccessibilityAction: ACTION_ACCESSIBILITY_FOCUS - null, AccessibilityAction: ACTION_SHOW_ON_SCREEN - null]; isTextSelectable: false
06-25 12:03:33.677  7849  8072 I Maestro : Skipping invisible child: android.view.accessibility.AccessibilityNodeInfo@ff72; boundsInParent: Rect(0, 0 - 320, 0); boundsInScreen: Rect(0, 0 - 320, 0); boundsInWindow: Rect(0, 0 - 320, 0); packageName: com.hanapkalinga.mobile; className: android.view.ViewGroup; text: null; error: null; maxTextLength: -1; stateDescription: null; contentDescription: null; tooltipText: null; containerTitle: null; viewIdResName: null; uniqueId: null; checkable: false; checked: false; focusable: false; focused: false; selected: false; clickable: false; longClickable: false; contextClickable: false; enabled: true; password: false; scrollable: false; importantForAccessibility: false; visible: false; actions: [AccessibilityAction: ACTION_SELECT - null, AccessibilityAction: ACTION_CLEAR_SELECTION - null, AccessibilityAction: ACTION_ACCESSIBILITY_FOCUS - null, AccessibilityAction: ACTION_SHOW_ON_SCREEN - null]; isTextSelectable: false
06-25 12:03:33.677  7849  8072 I Maestro : Skipping invisible child: android.view.accessibility.AccessibilityNodeInfo@16c4f; boundsInParent: Rect(0, 0 - 320, 0); boundsInScreen: Rect(0, 0 - 320, 0); boundsInWindow: Rect(0, 0 - 320, 0); packageName: com.hanapkalinga.mobile; className: android.widget.LinearLayout; text: null; error: null; maxTextLength: -1; stateDescription: null; contentDescription: null; tooltipText: null; containerTitle: null; viewIdResName: null; uniqueId: null; checkable: false; checked: false; focusable: false; focused: false; selected: false; clickable: false; longClickable: false; contextClickable: false; enabled: true; password: false; scrollable: false; importantForAccessibility: false; visible: false; actions: [AccessibilityAction: ACTION_SELECT - null, AccessibilityAction: ACTION_CLEAR_SELECTION - null, AccessibilityAction: ACTION_ACCESSIBILITY_FOCUS - null, AccessibilityAction: ACTION_SHOW_ON_SCREEN - null]; isTextSelectable: false
06-25 12:03:33.678  7849  8072 I Maestro : Skipping invisible child: android.view.accessibility.AccessibilityNodeInfo@1688e; boundsInParent: Rect(0, 0 - 320, 0); boundsInScreen: Rect(0, 0 - 320, 0); boundsInWindow: Rect(0, 0 - 320, 0); packageName: com.hanapkalinga.mobile; className: android.view.ViewGroup; text: null; error: null; maxTextLength: -1; stateDescription: null; contentDescription: null; tooltipText: null; containerTitle: null; viewIdResName: null; uniqueId: null; checkable: false; checked: false; focusable: false; focused: false; selected: false; clickable: false; longClickable: false; contextClickable: false; enabled: true; password: false; scrollable: false; importantForAccessibility: false; visible: false; actions: [AccessibilityAction: ACTION_SELECT - null, AccessibilityAction: ACTION_CLEAR_SELECTION - null, AccessibilityAction: ACTION_ACCESSIBILITY_FOCUS - null, AccessibilityAction: ACTION_SHOW_ON_SCREEN - null]; isTextSelectable: false
06-25 12:03:33.683  7849  8072 D Maestro : View hierarchy received in 19 ms
06-25 12:03:33.709   518   601 D ActivityManager: sync unfroze 5090 com.google.android.apps.messaging for 6
06-25 12:03:33.711  1738  1738 I BgTaskExecutorImpl: Starting EXCLUSIVE background task SEND_GSA_HOME_REQUEST.
06-25 12:03:33.716   518   942 D ActivityManager: sync unfroze 1788 android.process.acore for 7
06-25 12:03:33.717   518   942 W ProcessStats: Tracking association SourceState{1c8d0df com.google.android.gms/10132 BFgs #15375} whose proc state 4 is better than process ProcessState{d9f112c android.process.acore/10085 pkg=com.android.providers.contacts (sub)} proc state 6 (560 skipped)
06-25 12:03:33.724  1738  2154 E ApplicationPropertiesBu: Error when converting version: messages.android_20230529_03_RC01_alldpi.x86_64.phone
06-25 12:03:33.724  1738  2154 E ApplicationPropertiesBu: java.lang.NumberFormatException: For input string: "messages"
06-25 12:03:33.724  1738  2154 E ApplicationPropertiesBu: 	at java.lang.Long.parseLong(Long.java:751)
06-25 12:03:33.724  1738  2154 E ApplicationPropertiesBu: 	at java.lang.Long.parseLong(Long.java:876)
06-25 12:03:33.724  1738  2154 E ApplicationPropertiesBu: 	at com.google.android.apps.gsa.staticplugins.ad.h.c(PG:3)
06-25 12:03:33.724  1738  2154 E ApplicationPropertiesBu: 	at com.google.android.apps.gsa.staticplugins.ad.h.g(PG:3)
06-25 12:03:33.724  1738  2154 E ApplicationPropertiesBu: 	at com.google.android.apps.gsa.staticplugins.ad.h.d(PG:267)
06-25 12:03:33.724  1738  2154 E ApplicationPropertiesBu: 	at com.google.android.apps.gsa.staticplugins.ad.h.a(PG:38)
06-25 12:03:33.724  1738  2154 E ApplicationPropertiesBu: 	at com.google.android.apps.gsa.staticplugins.ad.p.a(PG:1)
06-25 12:03:33.724  1738  2154 E ApplicationPropertiesBu: 	at com.google.android.libraries.gsa.k.a.f.a(PG:2)
06-25 12:03:33.724  1738  2154 E ApplicationPropertiesBu: 	at com.google.common.util.concurrent.dx.a(PG:1)
06-25 12:03:33.724  1738  2154 E ApplicationPropertiesBu: 	at com.google.common.util.concurrent.cv.run(PG:4)
06-25 12:03:33.724  1738  2154 E ApplicationPropertiesBu: 	at com.google.common.util.concurrent.dz.run(PG:1)
06-25 12:03:33.724  1738  2154 E ApplicationPropertiesBu: 	at com.google.android.libraries.i.ae.run(PG:1)
06-25 12:03:33.724  1738  2154 E ApplicationPropertiesBu: 	at java.util.concurrent.ThreadPoolExecutor.runWorker(ThreadPoolExecutor.java:1145)
06-25 12:03:33.724  1738  2154 E ApplicationPropertiesBu: 	at java.util.concurrent.ThreadPoolExecutor$Worker.run(ThreadPoolExecutor.java:644)
06-25 12:03:33.724  1738  2154 E ApplicationPropertiesBu: 	at com.google.android.libraries.i.k.run(PG:2)
06-25 12:03:33.724  1738  2154 E ApplicationPropertiesBu: 	at com.google.android.libraries.i.p.run(PG:4)
06-25 12:03:33.724  1738  2154 E ApplicationPropertiesBu: 	at java.lang.Thread.run(Thread.java:1012)
06-25 12:03:33.727  5587  8127 I NetworkScheduler.Stats: Task com.google.android.gms/com.google.android.gms.tapandpay.gcmtask.TapAndPayGcmTaskService started execution. cause:4 exec_start_elapsed_seconds: 369 [CONTEXT service_id=218 ]
06-25 12:03:33.728  5587  8127 V NFC     : this device does not have NFC support
06-25 12:03:33.730  1738  2154 E ApplicationPropertiesBu: Date 2021-12-06T00:00:00Z is out of expected range.
06-25 12:03:33.730  1738  2154 E ApplicationPropertiesBu: Date 2022-02-15T00:00:00Z is out of expected range.
06-25 12:03:33.730  1738  2154 E ApplicationPropertiesBu: Date 2022-02-22T00:00:00Z is out of expected range.
06-25 12:03:33.731  5681  8129 I ChimeraConfigurator: Starting update, reason: 4 urgentFeatures: vision.ocr:-1
06-25 12:03:33.732  5587  8127 W TapAndPay: NfcAdapter is null while obtaining CardEmulation instance. [CONTEXT service_id=79 ]
06-25 12:03:33.732  5587  8127 W TapAndPay: java.lang.NullPointerException: NfcAdapter is null
06-25 12:03:33.732  5587  8127 W TapAndPay: 	at android.nfc.cardemulation.CardEmulation.getInstance(CardEmulation.java:152)
06-25 12:03:33.732  5587  8127 W TapAndPay: 	at cdoy.<init>(:com.google.android.gms@231818047@23.18.18 (190800-535401451):0)
06-25 12:03:33.732  5587  8127 W TapAndPay: 	at com.google.android.gms.tapandpay.hce.task.TapAndPayAidRegistrationTaskOperation.a(:com.google.android.gms@231818047@23.18.18 (190800-535401451):5)
06-25 12:03:33.732  5587  8127 W TapAndPay: 	at com.google.android.gms.tapandpay.gcmtask.TapAndPayGcmTaskChimeraService.a(:com.google.android.gms@231818047@23.18.18 (190800-535401451):4)
06-25 12:03:33.732  5587  8127 W TapAndPay: 	at avzs.call(:com.google.android.gms@231818047@23.18.18 (190800-535401451):4)
06-25 12:03:33.732  5587  8127 W TapAndPay: 	at java.util.concurrent.FutureTask.run(FutureTask.java:264)
06-25 12:03:33.732  5587  8127 W TapAndPay: 	at aced.c(:com.google.android.gms@231818047@23.18.18 (190800-535401451):6)
06-25 12:03:33.732  5587  8127 W TapAndPay: 	at aced.run(:com.google.android.gms@231818047@23.18.18 (190800-535401451):7)
06-25 12:03:33.732  5587  8127 W TapAndPay: 	at java.util.concurrent.ThreadPoolExecutor.runWorker(ThreadPoolExecutor.java:1145)
06-25 12:03:33.732  5587  8127 W TapAndPay: 	at java.util.concurrent.ThreadPoolExecutor$Worker.run(ThreadPoolExecutor.java:644)
06-25 12:03:33.732  5587  8127 W TapAndPay: 	at acjn.run(:com.google.android.gms@231818047@23.18.18 (190800-535401451):0)
06-25 12:03:33.732  5587  8127 W TapAndPay: 	at java.lang.Thread.run(Thread.java:1012)
06-25 12:03:33.732  1738  2154 W A       : Exception while fetching versionCode for package[com.google.android.apps.tv.dreamx].
06-25 12:03:33.732  1738  2154 W A       : android.content.pm.PackageManager$NameNotFoundException: com.google.android.apps.tv.dreamx
06-25 12:03:33.732  1738  2154 W A       : 	at android.app.ApplicationPackageManager.getPackageInfoAsUser(ApplicationPackageManager.java:256)
06-25 12:03:33.732  1738  2154 W A       : 	at android.app.ApplicationPackageManager.getPackageInfo(ApplicationPackageManager.java:216)
06-25 12:03:33.732  1738  2154 W A       : 	at android.app.ApplicationPackageManager.getPackageInfo(ApplicationPackageManager.java:210)
06-25 12:03:33.732  1738  2154 W A       : 	at com.google.android.apps.gsa.staticplugins.ad.h.d(PG:372)
06-25 12:03:33.732  1738  2154 W A       : 	at com.google.android.apps.gsa.staticplugins.ad.h.a(PG:38)
06-25 12:03:33.732  1738  2154 W A       : 	at com.google.android.apps.gsa.staticplugins.ad.p.a(PG:1)
06-25 12:03:33.732  1738  2154 W A       : 	at com.google.android.libraries.gsa.k.a.f.a(PG:2)
06-25 12:03:33.732  1738  2154 W A       : 	at com.google.common.util.concurrent.dx.a(PG:1)
06-25 12:03:33.732  1738  2154 W A       : 	at com.google.common.util.concurrent.cv.run(PG:4)
06-25 12:03:33.732  1738  2154 W A       : 	at com.google.common.util.concurrent.dz.run(PG:1)
06-25 12:03:33.732  1738  2154 W A       : 	at com.google.android.libraries.i.ae.run(PG:1)
06-25 12:03:33.732  1738  2154 W A       : 	at java.util.concurrent.ThreadPoolExecutor.runWorker(ThreadPoolExecutor.java:1145)
06-25 12:03:33.732  1738  2154 W A       : 	at java.util.concurrent.ThreadPoolExecutor$Worker.run(ThreadPoolExecutor.java:644)
06-25 12:03:33.732  1738  2154 W A       : 	at com.google.android.libraries.i.k.run(PG:2)
06-25 12:03:33.732  1738  2154 W A       : 	at com.google.android.libraries.i.p.run(PG:4)
06-25 12:03:33.732  1738  2154 W A       : 	at java.lang.Thread.run(Thread.java:1012)
06-25 12:03:33.732  1738  2154 W A       : Failed to fetch versionCode for package[com.google.android.apps.tv.dreamx].
06-25 12:03:33.732  1738  2154 W A       : Exception while fetching versionCode for package[com.google.android.apps.tv.launcherx].
06-25 12:03:33.732  1738  2154 W A       : android.content.pm.PackageManager$NameNotFoundException: com.google.android.apps.tv.launcherx
06-25 12:03:33.732  1738  2154 W A       : 	at android.app.ApplicationPackageManager.getPackageInfoAsUser(ApplicationPackageManager.java:256)
06-25 12:03:33.732  1738  2154 W A       : 	at android.app.ApplicationPackageManager.getPackageInfo(ApplicationPackageManager.java:216)
06-25 12:03:33.732  1738  2154 W A       : 	at android.app.ApplicationPackageManager.getPackageInfo(ApplicationPackageManager.java:210)
06-25 12:03:33.732  1738  2154 W A       : 	at com.google.android.apps.gsa.staticplugins.ad.h.d(PG:372)
06-25 12:03:33.732  1738  2154 W A       : 	at com.google.android.apps.gsa.staticplugins.ad.h.a(PG:38)
06-25 12:03:33.732  1738  2154 W A       : 	at com.google.android.apps.gsa.staticplugins.ad.p.a(PG:1)
06-25 12:03:33.732  1738  2154 W A       : 	at com.google.android.libraries.gsa.k.a.f.a(PG:2)
06-25 12:03:33.732  1738  2154 W A       : 	at com.google.common.util.concurrent.dx.a(PG:1)
06-25 12:03:33.732  1738  2154 W A       : 	at com.google.common.util.concurrent.cv.run(PG:4)
06-25 12:03:33.732  1738  2154 W A       : 	at com.google.common.util.concurrent.dz.run(PG:1)
06-25 12:03:33.732  1738  2154 W A       : 	at com.google.android.libraries.i.ae.run(PG:1)
06-25 12:03:33.732  1738  2154 W A       : 	at java.util.concurrent.ThreadPoolExecutor.runWorker(ThreadPoolExecutor.java:1145)
06-25 12:03:33.732  1738  2154 W A       : 	at java.util.concurrent.ThreadPoolExecutor$Worker.run(ThreadPoolExecutor.java:644)
06-25 12:03:33.732  1738  2154 W A       : 	at com.google.android.libraries.i.k.run(PG:2)
06-25 12:03:33.732  1738  2154 W A       : 	at com.google.android.libraries.i.p.run(PG:4)
06-25 12:03:33.732  1738  2154 W A       : 	at java.lang.Thread.run(Thread.java:1012)
06-25 12:03:33.732  1738  2154 W A       : Failed to fetch versionCode for package[com.google.android.apps.tv.launcherx].
06-25 12:03:33.739  1738  7644 I A       : getModuleProperties: device does not support SoundTrigger recognition
06-25 12:03:33.743  5090  8134 D MddListenableWorkerFactory: createWorker for class: com.google.android.apps.messaging.rcsprovisioning.RcsProvisioningListenableWorker
06-25 12:03:33.746  5090  5090 I BugleRcsWorker: [seqId=4][workId=58a43cbb-5cbb-45d2-b192-efe92b773129] RCS provisioning task has started
06-25 12:03:33.746  5681  5681 D BoundBrokerSvc: onBind: Intent { act=com.google.android.gms.languageprofile.service.START pkg=com.google.android.gms }
06-25 12:03:33.746  5681  5681 D BoundBrokerSvc: Loading bound service for intent: Intent { act=com.google.android.gms.languageprofile.service.START pkg=com.google.android.gms }
06-25 12:03:33.759  5587  5624 I NetworkScheduler.Stats: Task com.google.android.gms/com.google.android.gms.tapandpay.gcmtask.TapAndPayGcmTaskService finished executing. cause:4 result: 3 elapsed_millis: 73 uptime_millis: 73 exec_start_elapsed_seconds: 369 [CONTEXT service_id=218 ]
06-25 12:03:33.759  5681  8129 I ChimeraConfigurator: Detected pending changes for urgent request: [vision.ocr]. Pending module sets: container:2318189190800+mlkit.ocr.common,tflite_dynamite:2605805025100800+tflite_dynamite,vision_ocr:2316024025100000+vision.ocr
06-25 12:03:33.762   518   942 D ConnectivityService: requestNetwork for uid/pid:10130/5090 activeRequest: null callbackRequest: 162 [NetworkRequest [ REQUEST id=163, [ Capabilities: INTERNET&NOT_RESTRICTED&TRUSTED&NOT_VCN_MANAGED Uid: 10130 RequestorUid: 10130 RequestorPkg: com.google.android.apps.messaging UnderlyingNetworks: Null] ]] callback flags: 0 order: 2147483647
06-25 12:03:33.763  5090  8135 I BugleRcsWorker: [seqId=4][workId=58a43cbb-5cbb-45d2-b192-efe92b773129] Starting StateMachine, trigger is STATE_MACHINE_RETRY
06-25 12:03:33.763  5090  8135 I BugleRcsEngine: [156] brfq.d: (PEv2-SM-Bugle-117827842): start PEv2, trigger is STATE_MACHINE_RETRY, workerId is 58a43cbb-5cbb-45d2-b192-efe92b773129 [null]
06-25 12:03:33.763  5090  8135 I BugleRcsEngine: [156] broo.g: Created new RcsProvisioningProtoDataStorage for sim redacted-pii:sim_id[chars:20,last3:897]
06-25 12:03:33.765  5090  8135 I BugleRcsEngine: [156] brnl.h: No RCS Configuration was found in Bugle for simID: redacted-pii:sim_id[chars:20,last3:897]
06-25 12:03:33.766  5090  8135 I BugleRcsEngine: [156] brfq.d: (PEv2-SM-Bugle-117827842): start [null]
06-25 12:03:33.766   518   761 D ConnectivityService: NetReassign [163 : null → 100] [c 0] [a 0] [i 0]
06-25 12:03:33.767   518   754 D WifiNetworkFactory: got request NetworkRequest [ REQUEST id=163, [ Capabilities: INTERNET&NOT_RESTRICTED&TRUSTED&NOT_VCN_MANAGED Uid: 10130 RequestorUid: 10130 RequestorPkg: com.google.android.apps.messaging UnderlyingNetworks: Null] ]
06-25 12:03:33.767   518   754 D UntrustedWifiNetworkFactory: got request NetworkRequest [ REQUEST id=163, [ Capabilities: INTERNET&NOT_RESTRICTED&TRUSTED&NOT_VCN_MANAGED Uid: 10130 RequestorUid: 10130 RequestorPkg: com.google.android.apps.messaging UnderlyingNetworks: Null] ]
06-25 12:03:33.767   518   754 D OemPaidWifiNetworkFactory: got request NetworkRequest [ REQUEST id=163, [ Capabilities: INTERNET&NOT_RESTRICTED&TRUSTED&NOT_VCN_MANAGED Uid: 10130 RequestorUid: 10130 RequestorPkg: com.google.android.apps.messaging UnderlyingNetworks: Null] ]
06-25 12:03:33.767  5090  8142 I BugleRcsEngine: [158] brfq.d: (PEv2-SM-Bugle-117827842): Enter EnabledState [null]
06-25 12:03:33.767   518   754 D MultiInternetWifiNetworkFactory: got request NetworkRequest [ REQUEST id=163, [ Capabilities: INTERNET&NOT_RESTRICTED&TRUSTED&NOT_VCN_MANAGED Uid: 10130 RequestorUid: 10130 RequestorPkg: com.google.android.apps.messaging UnderlyingNetworks: Null] ]
06-25 12:03:33.769  5090  8142 W BugleRcsEngine: [158] bpxc.w: Unable to send diagnostic log
06-25 12:03:33.769  5681  8129 I GmsDebugLogger: [73] 1801
06-25 12:03:33.770  5090  8142 I BugleRcsEngine: [158] brds.c: Sending ProvisioningEvent to Bugle [Send Provisioning Session ID (18)], redacted-pii:[chars:65]
06-25 12:03:33.770  5090  8142 I BugleRcsEngine: [158] bsgz.b: EngineBroadcaster: Broadcasting provisioning intent com.google.android.ims.provisioning.engine.provisioningEventAction to Bugle with extras redacted-pii:[chars:223] from source PROVISIONING_EVENT
06-25 12:03:33.780  5090  8142 I BugleRcsEngine: [158] brfq.d: (PEv2-SM-Bugle-117827842): Start a new provisioning session [d794fc64-3994-43ab-9f53-19e1fe6775ad]
06-25 12:03:33.780  7849  8072 D Maestro : Requesting view hierarchy
06-25 12:03:33.781  5090  8142 I BugleRcsEngine: [158] brnl.e: No RCS Configuration was found in Bugle for simID: redacted-pii:sim_id[chars:20,last3:897]
06-25 12:03:33.781  5090  8142 I BugleRcsEngine: [158] brjv.b: RcsAvailabilityManager: Calculating Rcs Availability
06-25 12:03:33.781  7849  8072 W QueryController: Could not detect idle state.
06-25 12:03:33.782  7849  8072 W QueryController: Could not detect idle state.
06-25 12:03:33.783  5090  8139 I BugleRcsProvisioning: RcsProvisioningEventReceiver: Received ProvisioningEvent: Send Provisioning Session ID
06-25 12:03:33.783  5090  8142 I BugleRcsEngine: [158] brnl.C: Bugle is default SMS app: true
06-25 12:03:33.783  5090  8142 I BugleRcsEngine: [158] brjv.b: Bugle has minimum required RCS permissions: true
06-25 12:03:33.784  5090  8142 I BugleRcsEngine: [158] brnl.B: Rcs is enabled from user settings: true
06-25 12:03:33.784  5090  8142 I BugleRcsEngine: [158] brox.b: Using config server URL from bqas
06-25 12:03:33.784  5090  5351 I Bugle   : BroadcastReceiverAsyncWorkTracker: Acknowledging broadcast of com.google.android.apps.messaging.shared.receiver.RcsProvisioningEventReceiver@2b8ba67
06-25 12:03:33.784  5090  8142 I BugleRcsEngine: [158] brnl.e: No RCS Configuration was found in Bugle for simID: redacted-pii:sim_id[chars:20,last3:897]
06-25 12:03:33.784  5090  8142 I BugleRcsEngine: [158] brnl.h: No RCS Configuration was found in Bugle for simID: redacted-pii:sim_id[chars:20,last3:897]
06-25 12:03:33.784  5090  8142 I BugleRcsEngine: [158] brnl.e: No RCS Configuration was found in Bugle for simID: redacted-pii:sim_id[chars:20,last3:897]
06-25 12:03:33.786  5090  8142 I BugleRcsEngine: [158] brjv.b: Config state is not ACCEPTED, provisioning still in progress
06-25 12:03:33.787  5090  8142 I BugleRcsEngine: [158] brjv.b: RcsAvailabilityManager: Rcs Availability still CARRIER_SETUP_PENDING (Carrier RCS is not set up)
06-25 12:03:33.787  5090  8142 I BugleRcsEngine: [158] brnl.e: No RCS Configuration was found in Bugle for simID: redacted-pii:sim_id[chars:20,last3:897]
06-25 12:03:33.787  5090  8142 I BugleRcsEngine: [158] brfq.d: (PEv2-SM-Bugle-117827842): transitionViaMessage, srcState=EnabledState, destState = CheckPreconditionsState [d794fc64-3994-43ab-9f53-19e1fe6775ad]
06-25 12:03:33.787  5090  8142 I BugleRcsEngine: [158] brds.c: Sending ProvisioningEvent to Bugle [Update provisioning status (11)], redacted-pii:[chars:85]
06-25 12:03:33.787  5090  8142 I BugleRcsEngine: [158] bsgz.b: EngineBroadcaster: Broadcasting provisioning intent com.google.android.ims.provisioning.engine.provisioningEventAction to Bugle with extras redacted-pii:[chars:243] from source PROVISIONING_EVENT
06-25 12:03:33.788  5681  8129 W ZappDownloader: No successful module downloads for requested features [vision.ocr].
06-25 12:03:33.788  5681  8129 I GmsDebugLogger: [30] [VisionOcrDynamite.integ:231602402100000],[TfliteDynamiteDynamite.integ:260580502100800],[MlkitOcrCommon.optional:231818100800]
06-25 12:03:33.797  5090  8142 I BugleRcsEngine: [158] brfq.d: (PEv2-SM-Bugle-117827842): EnabledState: Transition to check preconditions [d794fc64-3994-43ab-9f53-19e1fe6775ad]
06-25 12:03:33.798  5090  8142 I BugleRcsEngine: [158] brfq.d: (PEv2-SM-Bugle-117827842): transitionTo: destState=CheckPreconditionsState [d794fc64-3994-43ab-9f53-19e1fe6775ad]
06-25 12:03:33.798  5090  8142 I BugleRcsEngine: [158] brfq.d: (PEv2-SM-Bugle-117827842): onTransitionRequested EnabledState [d794fc64-3994-43ab-9f53-19e1fe6775ad]
06-25 12:03:33.798  5090  8142 I BugleRcsEngine: [158] brfq.d: (PEv2-SM-Bugle-117827842): Enter CheckPreconditionsState [d794fc64-3994-43ab-9f53-19e1fe6775ad]
06-25 12:03:33.800  5681  8129 W ChimeraConfigService: Retry attempt was throttled. [CONTEXT service_id=264 ]
06-25 12:03:33.800  5681  8129 I GmsDebugLogger: [83] 1 [vision.ocr]
06-25 12:03:33.800  5090  8139 I BugleRcsProvisioning: RcsProvisioningEventReceiver: Received ProvisioningEvent: Update provisioning status
06-25 12:03:33.800  5090  8142 W BugleRcsEngine: [158] bpxc.w: Unable to send diagnostic log
06-25 12:03:33.801  5090  5361 I Bugle   : BroadcastReceiverAsyncWorkTracker: Acknowledging broadcast of com.google.android.apps.messaging.shared.receiver.RcsProvisioningEventReceiver@4367898
06-25 12:03:33.802  5090  8142 I BugleRcsEngine: [158] brfq.d: (PEv2-SM-Bugle-117827842): Battery optimization is not required. [d794fc64-3994-43ab-9f53-19e1fe6775ad]
06-25 12:03:33.802  5090  8142 I BugleRcsEngine: [158] brnl.e: No RCS Configuration was found in Bugle for simID: redacted-pii:sim_id[chars:20,last3:897]
06-25 12:03:33.802  5090  8142 I BugleRcsEngine: [158] brfq.d: (PEv2-SM-Bugle-117827842): transitionViaMessage, srcState=CheckPreconditionsState, destState = ReadyState [d794fc64-3994-43ab-9f53-19e1fe6775ad]
