06-24 02:59:30.684  5138  6164 I GmsDebugLogger: [30] [VisionOcrDynamite.integ:231602402100000],[TfliteDynamiteDynamite.integ:260580502100800],[MlkitOcrCommon.optional:231818100800]
06-24 02:59:30.693  5138  6164 W ChimeraConfigService: Retry attempt was throttled. [CONTEXT service_id=264 ]
06-24 02:59:30.693  5138  6164 I GmsDebugLogger: [83] 1 [vision.ocr]
06-24 02:59:30.695  5138  6161 W Vision  : Request for optional module download of ocr failed. Request again.
06-24 02:59:30.695  5138  6161 W Vision  : Would have logged:
06-24 02:59:30.695  5138  6161 W Vision  : # dsae@37884fe7
06-24 02:59:30.696  5138  6161 I Vision  : Schedule retrying download ocr at 183600 with backoff 20 seconds
06-24 02:59:30.777  1649  6119 W MediaProvider: isAppCloneUserPair for user 0: false
06-24 02:59:30.782  6275  6275 I AccessibilityNodeInfoDumper: Skipping invisible child: android.view.accessibility.AccessibilityNodeInfo@102fb; boundsInParent: Rect(0, 0 - 320, 0); boundsInScreen: Rect(0, 0 - 320, 0); boundsInWindow: Rect(0, 0 - 320, 0); packageName: com.hanapkalinga.mobile; className: android.widget.LinearLayout; text: null; error: null; maxTextLength: -1; stateDescription: null; contentDescription: null; tooltipText: null; containerTitle: null; viewIdResName: null; uniqueId: null; checkable: false; checked: false; focusable: false; focused: false; selected: false; clickable: false; longClickable: false; contextClickable: false; enabled: true; password: false; scrollable: false; importantForAccessibility: false; visible: false; actions: [AccessibilityAction: ACTION_SELECT - null, AccessibilityAction: ACTION_CLEAR_SELECTION - null, AccessibilityAction: ACTION_ACCESSIBILITY_FOCUS - null, AccessibilityAction: ACTION_SHOW_ON_SCREEN - null]; isTextSelectable: false
06-24 02:59:30.782  6275  6275 I AccessibilityNodeInfoDumper: Skipping invisible child: android.view.accessibility.AccessibilityNodeInfo@ff3a; boundsInParent: Rect(0, 0 - 320, 0); boundsInScreen: Rect(0, 0 - 320, 0); boundsInWindow: Rect(0, 0 - 320, 0); packageName: com.hanapkalinga.mobile; className: android.view.ViewGroup; text: null; error: null; maxTextLength: -1; stateDescription: null; contentDescription: null; tooltipText: null; containerTitle: null; viewIdResName: null; uniqueId: null; checkable: false; checked: false; focusable: false; focused: false; selected: false; clickable: false; longClickable: false; contextClickable: false; enabled: true; password: false; scrollable: false; importantForAccessibility: false; visible: false; actions: [AccessibilityAction: ACTION_SELECT - null, AccessibilityAction: ACTION_CLEAR_SELECTION - null, AccessibilityAction: ACTION_ACCESSIBILITY_FOCUS - null, AccessibilityAction: ACTION_SHOW_ON_SCREEN - null]; isTextSelectable: false
06-24 02:59:30.782  6275  6275 I AccessibilityNodeInfoDumper: Skipping invisible child: android.view.accessibility.AccessibilityNodeInfo@17edc; boundsInParent: Rect(0, 0 - 320, 0); boundsInScreen: Rect(0, 0 - 320, 0); boundsInWindow: Rect(0, 0 - 320, 0); packageName: com.hanapkalinga.mobile; className: android.widget.LinearLayout; text: null; error: null; maxTextLength: -1; stateDescription: null; contentDescription: null; tooltipText: null; containerTitle: null; viewIdResName: null; uniqueId: null; checkable: false; checked: false; focusable: false; focused: false; selected: false; clickable: false; longClickable: false; contextClickable: false; enabled: true; password: false; scrollable: false; importantForAccessibility: false; visible: false; actions: [AccessibilityAction: ACTION_SELECT - null, AccessibilityAction: ACTION_CLEAR_SELECTION - null, AccessibilityAction: ACTION_ACCESSIBILITY_FOCUS - null, AccessibilityAction: ACTION_SHOW_ON_SCREEN - null]; isTextSelectable: false
06-24 02:59:30.782  6275  6275 I AccessibilityNodeInfoDumper: Skipping invisible child: android.view.accessibility.AccessibilityNodeInfo@17b1b; boundsInParent: Rect(0, 0 - 320, 0); boundsInScreen: Rect(0, 0 - 320, 0); boundsInWindow: Rect(0, 0 - 320, 0); packageName: com.hanapkalinga.mobile; className: android.view.ViewGroup; text: null; error: null; maxTextLength: -1; stateDescription: null; contentDescription: null; tooltipText: null; containerTitle: null; viewIdResName: null; uniqueId: null; checkable: false; checked: false; focusable: false; focused: false; selected: false; clickable: false; longClickable: false; contextClickable: false; enabled: true; password: false; scrollable: false; importantForAccessibility: false; visible: false; actions: [AccessibilityAction: ACTION_SELECT - null, AccessibilityAction: ACTION_CLEAR_SELECTION - null, AccessibilityAction: ACTION_ACCESSIBILITY_FOCUS - null, AccessibilityAction: ACTION_SHOW_ON_SCREEN - null]; isTextSelectable: false
06-24 02:59:30.783  6275  6275 W AccessibilityNodeInfoDumper: Fetch time: 8ms
06-24 02:59:30.787   515  2530 W WindowMagnificationMgr: requestConnection duplicated request: connect=false, mConnectionState=DISCONNECTED
06-24 02:59:30.787  1643  1745 I AiAiEcho: Settings changed for uri: content://settings/secure/accessibility_enabled
06-24 02:59:30.788  1643  2083 I AiAiEcho: Predicting[0]: 
06-24 02:59:30.788  1643  2083 I AiAiEcho: EchoTargets: 
06-24 02:59:30.788  1643  2083 I AiAiEcho: Filtered by AiAi flag check: 
06-24 02:59:30.788  1643  2083 I AiAiEcho: Ranked targets strategy: SORT, count: 0, ranking metadata: 
06-24 02:59:30.788  1643  2083 I AiAiEcho: Predicting[0]: 
06-24 02:59:30.788  1643  2083 I AiAiEcho: EchoTargets: 
06-24 02:59:30.788  1643  2083 I AiAiEcho: Filtered by AiAi flag check: 
06-24 02:59:30.789  1643  2083 I AiAiEcho: Ranked targets strategy: SORT, count: 0, ranking metadata: 
06-24 02:59:30.789  1643  2083 I AiAiEcho: #postPredictionTargets: Sending updates to UISurface lockscreen with targets# 0 (types=[])
06-24 02:59:30.789   834   834 W PageIndicator: Total number of pages invalid: 0. Assuming 1 page.
06-24 02:59:30.789  1643  2083 I AiAiEcho: #postPredictionTargets: Sending updates to UISurface home with targets# 0 (types=[])
06-24 02:59:30.789   515  2530 D AccessibilityManagerService: restoreCurrentUserForTestAutomationIfNeededLocked(): ignoring because device doesn't support visible background users
06-24 02:59:30.792  1766  2112 I A       : NGA enabled in interactor.
06-24 02:59:30.792  1766  2112 I A       : Nga state changed to NgaStateDetails{state=ENABLED, isSpecialExperience=false}
06-24 02:59:30.798  1646  1720 I A       : Initializing all components
06-24 02:59:30.799  1646  2145 I A       : onIsEnabledChanged, isEnabled: false
06-24 02:59:30.799  1646  2145 W A       : Disposing empty manager. Did you forgot to subscribe observables?
06-24 02:59:30.799  1646  2145 W A       : Disposing empty manager. Did you forgot to subscribe observables?
06-24 02:59:30.799  1646  2145 W A       : Disposing empty manager. Did you forgot to subscribe observables?
06-24 02:59:30.800  1646  2145 W A       : Disposing empty manager. Did you forgot to subscribe observables?
06-24 02:59:30.801  1646  2145 W A       : Disposing empty manager. Did you forgot to subscribe observables?
06-24 02:59:30.801  1646  2145 W A       : Disposing empty manager. Did you forgot to subscribe observables?
06-24 02:59:30.802  1646  2145 W A       : Disposing empty manager. Did you forgot to subscribe observables?
06-24 02:59:30.802  1646  2145 W A       : Disposing empty manager. Did you forgot to subscribe observables?
06-24 02:59:30.802  1646  2145 W A       : Disposing empty manager. Did you forgot to subscribe observables?
06-24 02:59:30.802  1646  2145 W A       : Disposing empty manager. Did you forgot to subscribe observables?
06-24 02:59:30.802  1646  2145 I A       : onOpaVisibilityChanged: false
06-24 02:59:30.802  5052  5082 I NetworkScheduler.Stats: Task com.google.android.gms/com.google.android.gms.ipa.base.IpaGcmTaskService started execution. cause:9 exec_start_elapsed_seconds: 183 [CONTEXT service_id=218 ]
06-24 02:59:30.802  1646  2145 W A       : Disposing empty manager. Did you forgot to subscribe observables?
06-24 02:59:30.802  1646  2145 W A       : Disposing empty manager. Did you forgot to subscribe observables?
06-24 02:59:30.802  1646  2145 W A       : Disposing empty manager. Did you forgot to subscribe observables?
06-24 02:59:30.802  1646  2145 W A       : Disposing empty manager. Did you forgot to subscribe observables?
06-24 02:59:30.803  1646  1720 I A       : APA or Classic session decision: SessionDecision(sessionVariance=CLASSIC, platformVariance=CLASSIC, justification=CURRENT_PLATFORM_VARIANCE).
06-24 02:59:30.803  1646  1720 I A       : [Memory] eligibility: StashEligibility{6}
06-24 02:59:30.805   515   515 D BatterySaverPolicy: accessibility changed to false, updating policy.
06-24 02:59:30.805  1646  2122 I A       : Initialize
06-24 02:59:30.805  1646  2122 I A       : State changed: IDLE => IDLE by NGA_STATE_CHANGED and N/A with Optional.empty
06-24 02:59:30.806  1646  2122 I A       : Recognizer choice: (recognizer_type: 1, recognizer_mode: 1, choice_reason: 4)
06-24 02:59:30.806  1646  2145 W A       : Disposing empty manager. Did you forgot to subscribe observables?
06-24 02:59:30.806  1646  2145 W A       : Disposing empty manager. Did you forgot to subscribe observables?
06-24 02:59:30.806  1646  2145 I A       : Setting session to type: NO_SESSION
06-24 02:59:30.806  1646  2122 I A       : onActiveStateChangeEvent: IDLE => IDLE
06-24 02:59:30.807  6275  6275 D AndroidRuntime: Shutting down VM
06-24 02:59:30.809  1646  2145 W A       : Disposing empty manager. Did you forgot to subscribe observables?
06-24 02:59:30.809  1646  2145 W A       : Disposing empty manager. Did you forgot to subscribe observables?
06-24 02:59:30.809  1646  2145 W A       : Disposing empty manager. Did you forgot to subscribe observables?
06-24 02:59:30.809  1646  2145 W A       : Disposing empty manager. Did you forgot to subscribe observables?
06-24 02:59:30.809  1646  2145 W A       : Disposing empty manager. Did you forgot to subscribe observables?
06-24 02:59:30.810  1646  2145 W A       : Disposing empty manager. Did you forgot to subscribe observables?
06-24 02:59:30.810  1646  2145 W A       : Disposing empty manager. Did you forgot to subscribe observables?
06-24 02:59:30.810  1646  2145 W A       : Disposing empty manager. Did you forgot to subscribe observables?
06-24 02:59:30.810  1646  2145 I A       : setNavBarVisible: GestureNavBarVisible{navbarVisible=true}
06-24 02:59:30.810  1646  2145 W A       : Disposing empty manager. Did you forgot to subscribe observables?
06-24 02:59:30.810  1646  2145 W A       : Disposing empty manager. Did you forgot to subscribe observables?
06-24 02:59:30.810  1646  2145 W A       : Disposing empty manager. Did you forgot to subscribe observables?
06-24 02:59:30.810  1646  2145 W A       : Disposing empty manager. Did you forgot to subscribe observables?
06-24 02:59:30.810  1646  2145 W A       : Disposing empty manager. Did you forgot to subscribe observables?
06-24 02:59:30.810  1646  2145 W A       : Disposing empty manager. Did you forgot to subscribe observables?
06-24 02:59:30.810  1646  2145 I A       : onDisabled. Registered: false
06-24 02:59:30.811  1646  2145 I A       : stopListening(NGA_PAUSED_UNKNOWN_REASON, NGA_CREATE), idleOverride=NOT_LISTENING
06-24 02:59:30.811  1646  2145 I A       : on opa visibility changed false
06-24 02:59:30.811  1646  2145 I A       : on opa visibility changed false
06-24 02:59:30.813  1646  2122 I A       : #onActiveStateChangeEvent, newState: IDLE, previousState: IDLE.
06-24 02:59:30.816  1646  2122 I NgaEntryPointEventSendr: setupConnection
06-24 02:59:30.819  1766  1766 I A       : Creating pss binder().
06-24 02:59:30.820  1646  2122 I NgaEntryPointEventSendr: State changed: Disconnected => Connecting
06-24 02:59:30.821  5052  6240 I NetworkScheduler.Stats: Task com.google.android.gms/com.google.android.gms.ipa.base.IpaGcmTaskService finished executing. cause:9 result: 1 elapsed_millis: 26 uptime_millis: 26 exec_start_elapsed_seconds: 183 [CONTEXT service_id=218 ]
06-24 02:59:30.822  1646  2122 I NgaEntryPointEventSendr: onServiceConnected
06-24 02:59:30.823  1766  4908 I A       : Calling beginBinderSession().
06-24 02:59:30.823  1766  4908 I A       : beginBinderSession(): calling binder
06-24 02:59:30.823  1646  2145 I A       : Successfully initialized all components
06-24 02:59:30.827  1646  2122 I NgaEntryPointEventSendr: State changed: Connecting => Ready
06-24 02:59:30.830  1646  1646 V ClearcutMetricXmitter: Transmission is done.
06-24 02:59:30.832   515  1746 W ActivityManager: Unable to start service Intent { cmp=com.google.android.apps.tachyon/.clientapi.ClientApiService } U=0: not found
06-24 02:59:30.839  1766  2289 I PBSessionCacheImpl: Deleted sessionId[7768732408421573] from persistence.
06-24 02:59:30.840  1766  2218 W A       : UiCallbackStub-onGenericEvent[ServiceEvent = 60] task was not run. Callback from Service received after client was disposed.
06-24 02:59:30.842  1766  2218 W SearchServiceCore: Abort, client detached.
06-24 02:59:30.847  1646  2145 I NgaEntryPointEventSendr: State changed: Ready => Disconnected (onOpaDisconnected)
06-24 02:59:30.852  2798  3848 I DialerOmtpVvmCarrierConfigHelper: com.android.voicemail.impl.OmtpVvmCarrierConfigHelper.handleEvent:527 OmtpEvent:CONFIG_STATUS_SMS_TIME_OUT PhoneAccountHandle: [ComponentName: com.android.phone/com.android.services.telephony.TelephonyConnectionService subId: 1] [CONTEXT enable_persistent_logger=true ]
06-24 02:59:30.853  2798  2798 I DialerRetryPolicy: com.android.voicemail.impl.scheduling.RetryPolicy.onCompleted:118 discarding deferred status [CONTEXT enable_persistent_logger=true ]
06-24 02:59:30.854  2798  2798 I DialerTaskExecutor: com.android.voicemail.impl.scheduling.TaskExecutor.prepareStop:371 no more tasks, stopping service if no task are added in 5000 millis [CONTEXT enable_persistent_logger=true ]
06-24 02:59:30.854  2798  2798 I DialerLogcatLoggingBindings: com.android.dialer.logging.logcat.LogcatLoggingBindings.logImpression:41 Impression: VVM_AUTO_RETRY_ACTIVATION
06-24 02:59:30.854  2798  2798 I DialerTaskReceiver: com.android.voicemail.impl.scheduling.TaskReceiver.onReceive:68 task received [CONTEXT enable_persistent_logger=true ]
06-24 02:59:30.855  2798  2798 I DialerTaskReceiver: com.android.voicemail.impl.scheduling.TaskReceiver.onReceive:73 TaskExecutor already running [CONTEXT enable_persistent_logger=true ]
06-24 02:59:30.855  2798  2798 I DialerTasks: com.android.voicemail.impl.scheduling.Tasks.createTask:59 Task.createTask create task:com.android.voicemail.impl.ActivationTask [CONTEXT enable_persistent_logger=true ]
06-24 02:59:30.855  2798  2798 I DialerRetryPolicy: com.android.voicemail.impl.scheduling.RetryPolicy.onCreate:81 retry #2 for com.android.voicemail.impl.ActivationTask@3a1a19a queued, executing in 5000 [CONTEXT enable_persistent_logger=true ]
06-24 02:59:30.858  2798  2798 I DialerTaskExecutor: com.android.voicemail.impl.scheduling.TaskExecutor.addTask:299 com.android.voicemail.impl.ActivationTask@3a1a19a added [CONTEXT enable_persistent_logger=true ]
06-24 02:59:30.858  2798  2798 I DialerTaskExecutor: com.android.voicemail.impl.scheduling.TaskExecutor.runNextTask:345 minimal wait time:4998 [CONTEXT enable_persistent_logger=true ]
06-24 02:59:30.858  2798  2798 I DialerTaskExecutor: com.android.voicemail.impl.scheduling.TaskExecutor.sleep:355 sleep for 4998 millis [CONTEXT enable_persistent_logger=true ]
06-24 02:59:30.863  1766  1811 I earchbox:search: JIT allocated 62KB for compiled code of java.lang.Object com.google.android.apps.gsa.binaries.velvet.app.ael.b()
06-24 02:59:31.481  5525  5544 D EGL_emulation: app_time_stats: avg=499.53ms min=498.63ms max=500.07ms count=3
