06-24 03:02:02.706   834   880 D StylusManager: Stylus InputDevice changed: 9 virtio_input_multi_touch_6
06-24 03:02:02.708   834   880 D StylusManager: Stylus InputDevice changed: 14 virtio_input_multi_touch_11
06-24 03:02:02.708   834   880 D StylusManager: Stylus InputDevice changed: 8 virtio_input_multi_touch_5
06-24 03:02:02.708   834   880 D StylusManager: Stylus InputDevice changed: 12 virtio_input_multi_touch_9
06-24 03:02:02.709   834   880 D StylusManager: Stylus InputDevice changed: 4 virtio_input_multi_touch_1
06-24 03:02:02.712  5138  5138 D BoundBrokerSvc: onUnbind: Intent { act=com.google.android.gms.common.BIND_SHARED_PREFS pkg=com.google.android.gms }
06-24 03:02:02.713  5138  7277 I BlockstoreStorage: Clearing all the Blockstore Data for package dev.mobile.maestro.test [CONTEXT service_id=258 ]
06-24 03:02:02.713  5138  7277 I BlockstoreStorage: Clearing all the Blockstore Data for 1 packages [CONTEXT service_id=258 ]
06-24 03:02:02.716  5052  7283 I ProximityAuth: [RecentAppsMediator] Package removed: (user=UserHandle{0}) dev.mobile.maestro.test
06-24 03:02:02.721   334   365 I netd    : tetherGetStats() -> {[]} <0.25ms>
06-24 03:02:02.737  5052  7279 I Fitness : FitCleanupIntentOperation received Intent android.intent.action.PACKAGE_REMOVED [CONTEXT service_id=17 ]
06-24 03:02:02.740  5138  7228 W SQLiteLog: (28) double-quoted string literal: "dev.mobile.maestro.test"
06-24 03:02:02.749  5138  5171 I Icing   : doRemovePackageData dev.mobile.maestro.test
06-24 03:02:02.767  1098  1098 D Launcher.Model: package removed received dev.mobile.maestro.test
06-24 03:02:02.768  1643  1643 I AiAiEcho: AppFetcherImplV2 onPackageRemoved dev.mobile.maestro.test.
06-24 03:02:02.769  1098  1140 D PackageUpdatedTask: Removing app icondev.mobile.maestro.test
06-24 03:02:02.775  1098  1140 D ModelWriter: removing items from db . Reason: [removed because the corresponding package or component is removed. mOp=3 removedPackages=[dev.mobile.maestro.test] removedComponents=[]]
06-24 03:02:02.775  1643  2125 I AiAiEcho: EchoSearch: WidgetFetcherImpl is initialized with [28] widgets [reason=package removed for userId: 0]
06-24 03:02:02.776  1643  2083 I AiAiEcho: [pnb-agg] Reload pnb aggregation on events deleted
06-24 03:02:02.776  1643  2083 I AiAiEcho: [pnb-agg] pnb aggregation disabled.
06-24 03:02:02.792  5138  5171 I Icing   : Indexing com.google.android.gms-apps from com.google.android.gms
06-24 03:02:02.793  5138  5171 I Icing   : Indexing done com.google.android.gms-apps
06-24 03:02:02.797  1646  1646 I GsaVoiceInteractionSrv: O received Intent { act=android.intent.action.PACKAGE_REMOVED dat=package: flg=0x4000010 (has extras) }
06-24 03:02:02.800  1646  1646 I GsaVoiceInteractionSrv: O received Intent { act=android.intent.action.PACKAGE_REMOVED dat=package: flg=0x4000010 (has extras) }
06-24 03:02:02.815  1766  2218 W SearchServiceCore: Abort, client detached.
06-24 03:02:02.905  7320  7320 W BpBinder: Linking to death on android.gui.ISurfaceComposer but there are no threads (yet?) listening to incoming transactions. See ProcessState::startThreadPool and ProcessState::setThreadPoolMaxThreadCount. Generally you should setup the binder threadpool before other initialization steps.
06-24 03:02:02.906  7320  7320 W ProcessState: Extra binder thread started, but 0 threads requested. Do not use *startThreadPool when zero threads are requested.
06-24 03:02:02.914   834   834 D TileServices: Couldn't find tile for ComponentInfo{com.google.android.apps.wellbeing/com.google.android.apps.wellbeing.focusmode.quicksettings.FocusModeTileService}(0)
06-24 03:02:02.914   135   135 I hwservicemanager: getTransport: Cannot find entry android.hardware.graphics.mapper@4.0::IMapper/default in either framework or device VINTF manifest.
06-24 03:02:02.914  7320  7321 I Gralloc4: mapper 4.x is not supported
06-24 03:02:03.078     0     0 I servicemanager: Could not find android.hardware.graphics.allocator.IAllocator/default in the VINTF manifest.
06-24 03:02:02.947  6981  6981 I AidlLazyServiceRegistrar: Process has 0 (of 1 available) client(s) in use after notification artd has clients: 0
06-24 03:02:02.947  6981  6981 I AidlLazyServiceRegistrar: Trying to shut down the service. No clients in use for any service in process.
06-24 03:02:03.112     0     0 I servicemanager: Notifying artd they don't (previously: do) have clients when we now have no record of a client
06-24 03:02:03.114     0     0 I servicemanager: Unregistering artd
06-24 03:02:02.951  6981  6981 I AidlLazyServiceRegistrar: Unregistered all clients and exiting
06-24 03:02:03.115     0     0 I BpBinder: onLastStrongRef automatically unlinking death recipients:
06-24 03:02:03.118     0     0 I init    : Service 'artd' (pid 6981) exited with status 0 oneshot service took 66.178001 seconds in background
06-24 03:02:03.120     0     0 I init    : Sending signal 9 to service 'artd' (pid 6981) process group...
06-24 03:02:03.121     0     0 I libprocessgroup: Successfully killed process cgroup uid 1082 pid 6981 in 0ms
06-24 03:02:02.962   834   834 D TileServices: Couldn't find tile for ComponentInfo{com.google.android.apps.wellbeing/com.google.android.apps.wellbeing.focusmode.quicksettings.FocusModeTileService}(0)
06-24 03:02:03.066  7323  7323 D AndroidRuntime: >>>>>> START com.android.internal.os.RuntimeInit uid 2000 <<<<<<
06-24 03:02:03.070  7323  7323 I AndroidRuntime: Using default boot image
06-24 03:02:03.070  7323  7323 I AndroidRuntime: Leaving lock profiling enabled
06-24 03:02:03.072  7323  7323 I app_process: Core platform API reporting enabled, enforcing=false
06-24 03:02:03.072  7323  7323 I app_process: Using CollectorTypeCC GC.
06-24 03:02:03.166  7323  7323 D nativeloader: InitDefaultPublicLibraries for_preload=1: libandroid.so:libaaudio.so:libamidi.so:libbinder_ndk.so:libc.so:libcamera2ndk.so:libdl.so:libEGL.so:libGLESv1_CM.so:libGLESv2.so:libGLESv3.so:libicu.so:libicui18n.so:libicuuc.so:libjnigraphics.so:liblog.so:libmediandk.so:libm.so:libnativehelper.so:libnativewindow.so:libOpenMAXAL.so:libOpenSLES.so:libRS.so:libstdc++.so:libsync.so:libvulkan.so:libwebviewchromium_plat_support.so:libz.so
06-24 03:02:03.174  7323  7323 D app_process: Time zone APEX ICU file found: /apex/com.android.tzdata/etc/icu/icu_tzdata.dat
06-24 03:02:03.175  7323  7323 D app_process: I18n APEX ICU file found: /apex/com.android.i18n/etc/icu/icudt72l.dat
06-24 03:02:03.179  7323  7323 W app_process: Unexpected CPU variant for x86: x86_64.
06-24 03:02:03.179  7323  7323 W app_process: Known variants: atom, sandybridge, silvermont, goldmont, goldmont-plus, tremont, kabylake, default
06-24 03:02:03.182  7323  7323 W app_process: ClassLoaderContext shared library size mismatch. Expected=2, found=0 (PCL[]{PCL[/system/framework/android.test.base.jar*836642756]#PCL[/system/framework/android.test.mock.jar*3186112116]} | PCL[])
06-24 03:02:03.182  7323  7323 W app_process: ClassLoaderContext classpath size mismatch. expected=0, found=1 (PCL[]{PCL[/system/framework/android.test.runner.jar*4168958247]{PCL[/system/framework/android.test.base.jar*836642756]#PCL[/system/framework/android.test.mock.jar*3186112116]}#PCL[/system/framework/android.test.base.jar*836642756]} | PCL[/system/framework/android.test.runner.jar*4168958247])
06-24 03:02:03.196  7323  7323 W libc    : Access denied finding property "ro.product.name_for_attestation"
06-24 03:02:03.197  7323  7323 W libc    : Access denied finding property "ro.product.brand_for_attestation"
06-24 03:02:03.197  7323  7323 W libc    : Access denied finding property "ro.product.model_for_attestation"
06-24 03:02:03.198  7323  7323 D AndroidRuntime: Calling main entry com.android.commands.uiautomator.Launcher
06-24 03:02:03.200  7323  7323 D UiAutomationConnection: Created on user UserHandle{0}
06-24 03:02:03.200  7323  7323 I UiAutomation: Initialized for user 0 on display 0
06-24 03:02:03.200  7323  7323 W UiAutomation: Created with deprecatead constructor, assumes DEFAULT_DISPLAY
06-24 03:02:03.194  7323  7323 W main    : type=1400 audit(0.0:66): avc:  denied  { read } for  name="u:object_r:build_attestation_prop:s0" dev="tmpfs" ino=86 scontext=u:r:shell:s0 tcontext=u:object_r:build_attestation_prop:s0 tclass=file permissive=0
06-24 03:02:03.201   515  2064 D AccessibilityManagerService: changeCurrentUserForTestAutomationIfNeededLocked(0): ignoring because device doesn't support visible background users
06-24 03:02:03.201   515  2064 I UiAutomationManager: Registering UiTestAutomationService (id=com.android.server.accessibility/UiAutomation) when called by user 0
06-24 03:02:03.203   515  2064 W WindowMagnificationMgr: requestConnection duplicated request: connect=false, mConnectionState=DISCONNECTED
06-24 03:02:03.194  7323  7323 W main    : type=1400 audit(0.0:67): avc:  denied  { read } for  name="u:object_r:build_attestation_prop:s0" dev="tmpfs" ino=86 scontext=u:r:shell:s0 tcontext=u:object_r:build_attestation_prop:s0 tclass=file permissive=0
06-24 03:02:03.204  1643  6154 I AiAiEcho: Settings changed for uri: content://settings/secure/accessibility_enabled
06-24 03:02:03.204  1643  2083 I AiAiEcho: Predicting[0]: 
06-24 03:02:03.205  1643  2083 I AiAiEcho: EchoTargets: 
06-24 03:02:03.205  1643  2083 I AiAiEcho: Filtered by AiAi flag check: 
06-24 03:02:03.205  1643  2083 I AiAiEcho: Ranked targets strategy: SORT, count: 0, ranking metadata: 
06-24 03:02:03.205  1643  2083 I AiAiEcho: Predicting[0]: 
06-24 03:02:03.194  7323  7323 W main    : type=1400 audit(0.0:68): avc:  denied  { read } for  name="u:object_r:build_attestation_prop:s0" dev="tmpfs" ino=86 scontext=u:r:shell:s0 tcontext=u:object_r:build_attestation_prop:s0 tclass=file permissive=0
06-24 03:02:03.208  7323  7336 V UiAutomation: Init UiAutomation@44f2d3a[id=7, displayId=0, flags=0]
06-24 03:02:03.209  1643  2083 I AiAiEcho: EchoTargets: 
06-24 03:02:03.209  1643  2083 I AiAiEcho: Filtered by AiAi flag check: 
06-24 03:02:03.209  1643  2083 I AiAiEcho: Ranked targets strategy: SORT, count: 0, ranking metadata: 
06-24 03:02:03.209  1643  2083 I AiAiEcho: #postPredictionTargets: Sending updates to UISurface lockscreen with targets# 0 (types=[])
06-24 03:02:03.209  1643  2083 I AiAiEcho: #postPredictionTargets: Sending updates to UISurface home with targets# 0 (types=[])
06-24 03:02:03.209  1766  2102 I A       : NGA disabled since it's running Panthera and at least one a11y feature is on.
06-24 03:02:03.210  1766  2102 I A       : Nga state changed to NgaStateDetails{state=DISABLED, isSpecialExperience=false}
06-24 03:02:03.210   515   515 D BatterySaverPolicy: accessibility changed to true, updating policy.
06-24 03:02:03.215  1646  1719 I A       : APA or Classic session decision: SessionDecision(sessionVariance=CLASSIC, platformVariance=CLASSIC, justification=CURRENT_PLATFORM_VARIANCE).
06-24 03:02:03.215  1646  1719 I A       : [Memory] eligibility: StashEligibility{4}
06-24 03:02:03.215   834   834 W PageIndicator: Total number of pages invalid: 0. Assuming 1 page.
06-24 03:02:03.216   515   893 W WindowMagnificationMgr: requestConnection duplicated request: connect=false, mConnectionState=DISCONNECTED
06-24 03:02:03.217  1646  2122 I A       : Unsubscribed to apa or classic variant change.
06-24 03:02:03.219  7066  7084 D EGL_emulation: app_time_stats: avg=498.92ms min=492.67ms max=505.02ms count=3
06-24 03:02:03.220  1643  2808 I AiAiEcho: Settings changed for uri: content://settings/secure/accessibility_enabled
06-24 03:02:03.220  1643  2083 I AiAiEcho: Predicting[0]: 
06-24 03:02:03.220  1643  2083 I AiAiEcho: EchoTargets: 
06-24 03:02:03.220  1643  2083 I AiAiEcho: Filtered by AiAi flag check: 
06-24 03:02:03.220  1643  2083 I AiAiEcho: Ranked targets strategy: SORT, count: 0, ranking metadata: 
06-24 03:02:03.221  1643  2083 I AiAiEcho: Predicting[0]: 
06-24 03:02:03.221  1643  2083 I AiAiEcho: EchoTargets: 
06-24 03:02:03.221  1643  2083 I AiAiEcho: Filtered by AiAi flag check: 
06-24 03:02:03.221  1643  2083 I AiAiEcho: Ranked targets strategy: SORT, count: 0, ranking metadata: 
06-24 03:02:03.221  1643  2083 I AiAiEcho: #postPredictionTargets: Sending updates to UISurface lockscreen with targets# 0 (types=[])
06-24 03:02:03.221  1643  2083 I AiAiEcho: #postPredictionTargets: Sending updates to UISurface home with targets# 0 (types=[])
06-24 03:02:03.221   834   834 W PageIndicator: Total number of pages invalid: 0. Assuming 1 page.
06-24 03:02:03.223   515  1735 D SafetySourceDataValidator: No cert check requested for package com.google.android.permissioncontroller
06-24 03:02:03.361   515   610 I RoleService: Granting default roles...
06-24 03:02:03.373   836  7266 E RoleControllerServiceImpl: Default/fallback role holder package doesn't qualify for the role, package: com.google.android.gms.supervision, role: android.app.role.SYSTEM_SUPERVISION
06-24 03:02:03.374   836  7266 I Role    : com.google.android.gms not qualified for android.app.role.SYSTEM_CALL_STREAMING due to missing RequiredComponent{mIntentFilterData=IntentFilterData{mAction='android.telecom.CallStreamingService', mCategories='[]', mDataScheme='null', mDataType='null'}, mMinTargetSdkVersion=1, mFlags='0', mPermission='android.permission.BIND_CALL_STREAMING_SERVICE', mQueryFlags=0, mMetaData=[]}
06-24 03:02:03.374   836  7266 E RoleControllerServiceImpl: Default/fallback role holder package doesn't qualify for the role, package: com.google.android.gms, role: android.app.role.SYSTEM_CALL_STREAMING
06-24 03:02:03.375   836  7266 W Role    : Default holder doesn't have required signing certificate: com.google.android.apps.work.clouddpc:23962F4B43B9857638EA66F4D419518EAE282491ACDA4B94707BD59003C45E58
06-24 03:02:04.212  7323  7323 I AccessibilityNodeInfoDumper: Skipping invisible child: android.view.accessibility.AccessibilityNodeInfo@128ae; boundsInParent: Rect(0, 0 - 320, 0); boundsInScreen: Rect(0, 0 - 320, 0); boundsInWindow: Rect(0, 0 - 320, 0); packageName: com.hanapkalinga.mobile; className: android.widget.LinearLayout; text: null; error: null; maxTextLength: -1; stateDescription: null; contentDescription: null; tooltipText: null; containerTitle: null; viewIdResName: null; uniqueId: null; checkable: false; checked: false; focusable: false; focused: false; selected: false; clickable: false; longClickable: false; contextClickable: false; enabled: true; password: false; scrollable: false; importantForAccessibility: false; visible: false; actions: [AccessibilityAction: ACTION_SELECT - null, AccessibilityAction: ACTION_CLEAR_SELECTION - null, AccessibilityAction: ACTION_ACCESSIBILITY_FOCUS - null, AccessibilityAction: ACTION_SHOW_ON_SCREEN - null]; isTextSelectable: false
06-24 03:02:04.213  7323  7323 I AccessibilityNodeInfoDumper: Skipping invisible child: android.view.accessibility.AccessibilityNodeInfo@124ed; boundsInParent: Rect(0, 0 - 320, 0); boundsInScreen: Rect(0, 0 - 320, 0); boundsInWindow: Rect(0, 0 - 320, 0); packageName: com.hanapkalinga.mobile; className: android.view.ViewGroup; text: null; error: null; maxTextLength: -1; stateDescription: null; contentDescription: null; tooltipText: null; containerTitle: null; viewIdResName: null; uniqueId: null; checkable: false; checked: false; focusable: false; focused: false; selected: false; clickable: false; longClickable: false; contextClickable: false; enabled: true; password: false; scrollable: false; importantForAccessibility: false; visible: false; actions: [AccessibilityAction: ACTION_SELECT - null, AccessibilityAction: ACTION_CLEAR_SELECTION - null, AccessibilityAction: ACTION_ACCESSIBILITY_FOCUS - null, AccessibilityAction: ACTION_SHOW_ON_SCREEN - null]; isTextSelectable: false
06-24 03:02:04.213  7323  7323 I AccessibilityNodeInfoDumper: Skipping invisible child: android.view.accessibility.AccessibilityNodeInfo@1a48f; boundsInParent: Rect(0, 0 - 320, 0); boundsInScreen: Rect(0, 0 - 320, 0); boundsInWindow: Rect(0, 0 - 320, 0); packageName: com.hanapkalinga.mobile; className: android.widget.LinearLayout; text: null; error: null; maxTextLength: -1; stateDescription: null; contentDescription: null; tooltipText: null; containerTitle: null; viewIdResName: null; uniqueId: null; checkable: false; checked: false; focusable: false; focused: false; selected: false; clickable: false; longClickable: false; contextClickable: false; enabled: true; password: false; scrollable: false; importantForAccessibility: false; visible: false; actions: [AccessibilityAction: ACTION_SELECT - null, AccessibilityAction: ACTION_CLEAR_SELECTION - null, AccessibilityAction: ACTION_ACCESSIBILITY_FOCUS - null, AccessibilityAction: ACTION_SHOW_ON_SCREEN - null]; isTextSelectable: false
06-24 03:02:04.213  7323  7323 I AccessibilityNodeInfoDumper: Skipping invisible child: android.view.accessibility.AccessibilityNodeInfo@1a0ce; boundsInParent: Rect(0, 0 - 320, 0); boundsInScreen: Rect(0, 0 - 320, 0); boundsInWindow: Rect(0, 0 - 320, 0); packageName: com.hanapkalinga.mobile; className: android.view.ViewGroup; text: null; error: null; maxTextLength: -1; stateDescription: null; contentDescription: null; tooltipText: null; containerTitle: null; viewIdResName: null; uniqueId: null; checkable: false; checked: false; focusable: false; focused: false; selected: false; clickable: false; longClickable: false; contextClickable: false; enabled: true; password: false; scrollable: false; importantForAccessibility: false; visible: false; actions: [AccessibilityAction: ACTION_SELECT - null, AccessibilityAction: ACTION_CLEAR_SELECTION - null, AccessibilityAction: ACTION_ACCESSIBILITY_FOCUS - null, AccessibilityAction: ACTION_SHOW_ON_SCREEN - null]; isTextSelectable: false
06-24 03:02:04.230  7323  7323 W AccessibilityNodeInfoDumper: Fetch time: 20ms
06-24 03:02:04.231  7066  7084 D EGL_emulation: app_time_stats: avg=505.99ms min=500.49ms max=511.49ms count=2
06-24 03:02:04.231   515   916 W WindowMagnificationMgr: requestConnection duplicated request: connect=false, mConnectionState=DISCONNECTED
06-24 03:02:04.231   515   916 D AccessibilityManagerService: restoreCurrentUserForTestAutomationIfNeededLocked(): ignoring because device doesn't support visible background users
06-24 03:02:04.232  7323  7323 D AndroidRuntime: Shutting down VM
06-24 03:02:04.234  1643  2808 I AiAiEcho: Settings changed for uri: content://settings/secure/accessibility_enabled
06-24 03:02:04.235  1643  2083 I AiAiEcho: Predicting[0]: 
06-24 03:02:04.235  1643  2083 I AiAiEcho: EchoTargets: 
06-24 03:02:04.235  1643  2083 I AiAiEcho: Filtered by AiAi flag check: 
06-24 03:02:04.235  1643  2083 I AiAiEcho: Ranked targets strategy: SORT, count: 0, ranking metadata: 
06-24 03:02:04.236  1643  2083 I AiAiEcho: Predicting[0]: 
06-24 03:02:04.236  1643  2083 I AiAiEcho: EchoTargets: 
06-24 03:02:04.236  1643  2083 I AiAiEcho: Filtered by AiAi flag check: 
06-24 03:02:04.236  1643  2083 I AiAiEcho: Ranked targets strategy: SORT, count: 0, ranking metadata: 
06-24 03:02:04.237  1643  2083 I AiAiEcho: #postPredictionTargets: Sending updates to UISurface lockscreen with targets# 0 (types=[])
06-24 03:02:04.237   515   515 D BatterySaverPolicy: accessibility changed to false, updating policy.
06-24 03:02:04.237  1643  2083 I AiAiEcho: #postPredictionTargets: Sending updates to UISurface home with targets# 0 (types=[])
06-24 03:02:04.237   834   834 W PageIndicator: Total number of pages invalid: 0. Assuming 1 page.
06-24 03:02:04.238  1766  2120 I A       : NGA enabled in interactor.
06-24 03:02:04.238  1766  2120 I A       : Nga state changed to NgaStateDetails{state=ENABLED, isSpecialExperience=false}
06-24 03:02:04.240  1646  6292 I A       : Initializing all components
06-24 03:02:04.240  1646  6292 I A       : APA or Classic session decision: SessionDecision(sessionVariance=CLASSIC, platformVariance=CLASSIC, justification=CURRENT_PLATFORM_VARIANCE).
06-24 03:02:04.240  1646  6292 I A       : [Memory] eligibility: StashEligibility{6}
06-24 03:02:04.240  1646  2122 I A       : onIsEnabledChanged, isEnabled: false
06-24 03:02:04.240  1646  2122 W A       : Disposing empty manager. Did you forgot to subscribe observables?
06-24 03:02:04.241  1646  2122 W A       : Disposing empty manager. Did you forgot to subscribe observables?
06-24 03:02:04.241  1646  2122 W A       : Disposing empty manager. Did you forgot to subscribe observables?
06-24 03:02:04.241  1646  2122 W A       : Disposing empty manager. Did you forgot to subscribe observables?
06-24 03:02:04.241  1646  2122 W A       : Disposing empty manager. Did you forgot to subscribe observables?
06-24 03:02:04.241  1646  2122 W A       : Disposing empty manager. Did you forgot to subscribe observables?
06-24 03:02:04.241  1646  2122 W A       : Disposing empty manager. Did you forgot to subscribe observables?
06-24 03:02:04.241  1646  2122 W A       : Disposing empty manager. Did you forgot to subscribe observables?
06-24 03:02:04.241  1646  2122 W A       : Disposing empty manager. Did you forgot to subscribe observables?
06-24 03:02:04.241  1646  2122 W A       : Disposing empty manager. Did you forgot to subscribe observables?
06-24 03:02:04.241  1646  2122 I A       : onOpaVisibilityChanged: false
06-24 03:02:04.241  1646  2122 W A       : Disposing empty manager. Did you forgot to subscribe observables?
06-24 03:02:04.241  1646  2122 W A       : Disposing empty manager. Did you forgot to subscribe observables?
06-24 03:02:04.241  1646  2122 W A       : Disposing empty manager. Did you forgot to subscribe observables?
06-24 03:02:04.241  1646  2122 W A       : Disposing empty manager. Did you forgot to subscribe observables?
06-24 03:02:04.241  1646  2122 W A       : Disposing empty manager. Did you forgot to subscribe observables?
06-24 03:02:04.241  1646  2122 W A       : Disposing empty manager. Did you forgot to subscribe observables?
06-24 03:02:04.241  1646  2122 I A       : Setting session to type: NO_SESSION
06-24 03:02:04.241  1646  2122 W A       : Disposing empty manager. Did you forgot to subscribe observables?
06-24 03:02:04.241  1646  2122 W A       : Disposing empty manager. Did you forgot to subscribe observables?
06-24 03:02:04.241  1646  2122 W A       : Disposing empty manager. Did you forgot to subscribe observables?
06-24 03:02:04.241  1646  2122 W A       : Disposing empty manager. Did you forgot to subscribe observables?
06-24 03:02:04.241  1646  2122 W A       : Disposing empty manager. Did you forgot to subscribe observables?
06-24 03:02:04.241  1646  2122 W A       : Disposing empty manager. Did you forgot to subscribe observables?
06-24 03:02:04.241  1646  2122 W A       : Disposing empty manager. Did you forgot to subscribe observables?
06-24 03:02:04.241  1646  2122 W A       : Disposing empty manager. Did you forgot to subscribe observables?
06-24 03:02:04.241  1646  2122 I A       : setNavBarVisible: GestureNavBarVisible{navbarVisible=true}
06-24 03:02:04.241  1646  2122 W A       : Disposing empty manager. Did you forgot to subscribe observables?
06-24 03:02:04.241  1646  2122 W A       : Disposing empty manager. Did you forgot to subscribe observables?
06-24 03:02:04.241  1646  2122 W A       : Disposing empty manager. Did you forgot to subscribe observables?
06-24 03:02:04.241  1646  2122 W A       : Disposing empty manager. Did you forgot to subscribe observables?
06-24 03:02:04.241  1646  2122 W A       : Disposing empty manager. Did you forgot to subscribe observables?
06-24 03:02:04.241  1646  2122 W A       : Disposing empty manager. Did you forgot to subscribe observables?
06-24 03:02:04.241  1646  2122 I A       : onDisabled. Registered: false
06-24 03:02:04.242  1646  2122 I A       : State changed: IDLE => IDLE by NGA_STATE_CHANGED and N/A with Optional.empty
06-24 03:02:04.242  1646  2122 I A       : Recognizer choice: (recognizer_type: 1, recognizer_mode: 1, choice_reason: 4)
06-24 03:02:04.242  1646  2122 I A       : onActiveStateChangeEvent: IDLE => IDLE
06-24 03:02:04.242  1646  2122 I A       : #onActiveStateChangeEvent, newState: IDLE, previousState: IDLE.
06-24 03:02:04.243  1646  2122 I NgaEntryPointEventSendr: setupConnection
06-24 03:02:04.245  1646  2122 I NgaEntryPointEventSendr: State changed: Disconnected => Connecting
06-24 03:02:04.246  1646  2122 I A       : Initialize
06-24 03:02:04.247  1646  2122 I A       : on opa visibility changed false
06-24 03:02:04.247  1646  2122 I A       : on opa visibility changed false
06-24 03:02:04.247  1646  2122 I A       : stopListening(NGA_PAUSED_UNKNOWN_REASON, NGA_CREATE), idleOverride=NOT_LISTENING
06-24 03:02:04.250  1766  1766 I A       : Creating pss binder().
06-24 03:02:04.251  1646  2145 I NgaEntryPointEventSendr: onServiceConnected
06-24 03:02:04.251  1766  1842 I A       : Calling beginBinderSession().
06-24 03:02:04.252  1766  1842 I A       : beginBinderSession(): calling binder
06-24 03:02:04.252  1646  2122 I A       : Successfully initialized all components
06-24 03:02:04.253  1646  2145 I NgaEntryPointEventSendr: State changed: Connecting => Ready
06-24 03:02:04.255   515   893 W ActivityManager: Unable to start service Intent { cmp=com.google.android.apps.tachyon/.clientapi.ClientApiService } U=0: not found
06-24 03:02:04.261  1646  2145 I NgaEntryPointEventSendr: State changed: Ready => Disconnected (onOpaDisconnected)
06-24 03:02:04.264  1766  2707 I PBSessionCacheImpl: Deleted sessionId[7768732408421588] from persistence.
06-24 03:02:04.265  1766  2218 W A       : UiCallbackStub-onGenericEvent[ServiceEvent = 60] task was not run. Callback from Service received after client was disposed.
06-24 03:02:04.266  1766  2218 W SearchServiceCore: Abort, client detached.
06-24 03:02:04.269  1766  1811 I earchbox:search: JIT allocated 62KB for compiled code of java.lang.Object com.google.android.apps.gsa.binaries.velvet.app.ael.b()
