--------- beginning of main
06-24 03:02:01.300  6899  6967 W QueryController: Could not detect idle state.
06-24 03:02:01.300  6899  6967 W QueryController: Could not detect idle state.
06-24 03:02:01.307  6899  6967 I Maestro : Skipping invisible child: android.view.accessibility.AccessibilityNodeInfo@128aa; boundsInParent: Rect(0, 0 - 320, 0); boundsInScreen: Rect(0, 0 - 320, 0); boundsInWindow: Rect(0, 0 - 320, 0); packageName: com.hanapkalinga.mobile; className: android.widget.LinearLayout; text: null; error: null; maxTextLength: -1; stateDescription: null; contentDescription: null; tooltipText: null; containerTitle: null; viewIdResName: null; uniqueId: null; checkable: false; checked: false; focusable: false; focused: false; selected: false; clickable: false; longClickable: false; contextClickable: false; enabled: true; password: false; scrollable: false; importantForAccessibility: false; visible: false; actions: [AccessibilityAction: ACTION_SELECT - null, AccessibilityAction: ACTION_CLEAR_SELECTION - null, AccessibilityAction: ACTION_ACCESSIBILITY_FOCUS - null, AccessibilityAction: ACTION_SHOW_ON_SCREEN - null]; isTextSelectable: false
06-24 03:02:01.307  6899  6967 I Maestro : Skipping invisible child: android.view.accessibility.AccessibilityNodeInfo@124e9; boundsInParent: Rect(0, 0 - 320, 0); boundsInScreen: Rect(0, 0 - 320, 0); boundsInWindow: Rect(0, 0 - 320, 0); packageName: com.hanapkalinga.mobile; className: android.view.ViewGroup; text: null; error: null; maxTextLength: -1; stateDescription: null; contentDescription: null; tooltipText: null; containerTitle: null; viewIdResName: null; uniqueId: null; checkable: false; checked: false; focusable: false; focused: false; selected: false; clickable: false; longClickable: false; contextClickable: false; enabled: true; password: false; scrollable: false; importantForAccessibility: false; visible: false; actions: [AccessibilityAction: ACTION_SELECT - null, AccessibilityAction: ACTION_CLEAR_SELECTION - null, AccessibilityAction: ACTION_ACCESSIBILITY_FOCUS - null, AccessibilityAction: ACTION_SHOW_ON_SCREEN - null]; isTextSelectable: false
06-24 03:02:01.308  6899  6967 I Maestro : Skipping invisible child: android.view.accessibility.AccessibilityNodeInfo@1a48b; boundsInParent: Rect(0, 0 - 320, 0); boundsInScreen: Rect(0, 0 - 320, 0); boundsInWindow: Rect(0, 0 - 320, 0); packageName: com.hanapkalinga.mobile; className: android.widget.LinearLayout; text: null; error: null; maxTextLength: -1; stateDescription: null; contentDescription: null; tooltipText: null; containerTitle: null; viewIdResName: null; uniqueId: null; checkable: false; checked: false; focusable: false; focused: false; selected: false; clickable: false; longClickable: false; contextClickable: false; enabled: true; password: false; scrollable: false; importantForAccessibility: false; visible: false; actions: [AccessibilityAction: ACTION_SELECT - null, AccessibilityAction: ACTION_CLEAR_SELECTION - null, AccessibilityAction: ACTION_ACCESSIBILITY_FOCUS - null, AccessibilityAction: ACTION_SHOW_ON_SCREEN - null]; isTextSelectable: false
06-24 03:02:01.308  6899  6967 I Maestro : Skipping invisible child: android.view.accessibility.AccessibilityNodeInfo@1a0ca; boundsInParent: Rect(0, 0 - 320, 0); boundsInScreen: Rect(0, 0 - 320, 0); boundsInWindow: Rect(0, 0 - 320, 0); packageName: com.hanapkalinga.mobile; className: android.view.ViewGroup; text: null; error: null; maxTextLength: -1; stateDescription: null; contentDescription: null; tooltipText: null; containerTitle: null; viewIdResName: null; uniqueId: null; checkable: false; checked: false; focusable: false; focused: false; selected: false; clickable: false; longClickable: false; contextClickable: false; enabled: true; password: false; scrollable: false; importantForAccessibility: false; visible: false; actions: [AccessibilityAction: ACTION_SELECT - null, AccessibilityAction: ACTION_CLEAR_SELECTION - null, AccessibilityAction: ACTION_ACCESSIBILITY_FOCUS - null, AccessibilityAction: ACTION_SHOW_ON_SCREEN - null]; isTextSelectable: false
06-24 03:02:01.332  6899  6967 D Maestro : View hierarchy received in 33 ms
06-24 03:02:01.424  6899  6967 D Maestro : Requesting view hierarchy
06-24 03:02:01.425  6899  6967 W QueryController: Could not detect idle state.
06-24 03:02:01.425  6899  6967 W QueryController: Could not detect idle state.
06-24 03:02:01.432  6899  6967 I Maestro : Skipping invisible child: android.view.accessibility.AccessibilityNodeInfo@128aa; boundsInParent: Rect(0, 0 - 320, 0); boundsInScreen: Rect(0, 0 - 320, 0); boundsInWindow: Rect(0, 0 - 320, 0); packageName: com.hanapkalinga.mobile; className: android.widget.LinearLayout; text: null; error: null; maxTextLength: -1; stateDescription: null; contentDescription: null; tooltipText: null; containerTitle: null; viewIdResName: null; uniqueId: null; checkable: false; checked: false; focusable: false; focused: false; selected: false; clickable: false; longClickable: false; contextClickable: false; enabled: true; password: false; scrollable: false; importantForAccessibility: false; visible: false; actions: [AccessibilityAction: ACTION_SELECT - null, AccessibilityAction: ACTION_CLEAR_SELECTION - null, AccessibilityAction: ACTION_ACCESSIBILITY_FOCUS - null, AccessibilityAction: ACTION_SHOW_ON_SCREEN - null]; isTextSelectable: false
06-24 03:02:01.432  6899  6967 I Maestro : Skipping invisible child: android.view.accessibility.AccessibilityNodeInfo@124e9; boundsInParent: Rect(0, 0 - 320, 0); boundsInScreen: Rect(0, 0 - 320, 0); boundsInWindow: Rect(0, 0 - 320, 0); packageName: com.hanapkalinga.mobile; className: android.view.ViewGroup; text: null; error: null; maxTextLength: -1; stateDescription: null; contentDescription: null; tooltipText: null; containerTitle: null; viewIdResName: null; uniqueId: null; checkable: false; checked: false; focusable: false; focused: false; selected: false; clickable: false; longClickable: false; contextClickable: false; enabled: true; password: false; scrollable: false; importantForAccessibility: false; visible: false; actions: [AccessibilityAction: ACTION_SELECT - null, AccessibilityAction: ACTION_CLEAR_SELECTION - null, AccessibilityAction: ACTION_ACCESSIBILITY_FOCUS - null, AccessibilityAction: ACTION_SHOW_ON_SCREEN - null]; isTextSelectable: false
06-24 03:02:01.433  6899  6967 I Maestro : Skipping invisible child: android.view.accessibility.AccessibilityNodeInfo@1a48b; boundsInParent: Rect(0, 0 - 320, 0); boundsInScreen: Rect(0, 0 - 320, 0); boundsInWindow: Rect(0, 0 - 320, 0); packageName: com.hanapkalinga.mobile; className: android.widget.LinearLayout; text: null; error: null; maxTextLength: -1; stateDescription: null; contentDescription: null; tooltipText: null; containerTitle: null; viewIdResName: null; uniqueId: null; checkable: false; checked: false; focusable: false; focused: false; selected: false; clickable: false; longClickable: false; contextClickable: false; enabled: true; password: false; scrollable: false; importantForAccessibility: false; visible: false; actions: [AccessibilityAction: ACTION_SELECT - null, AccessibilityAction: ACTION_CLEAR_SELECTION - null, AccessibilityAction: ACTION_ACCESSIBILITY_FOCUS - null, AccessibilityAction: ACTION_SHOW_ON_SCREEN - null]; isTextSelectable: false
06-24 03:02:01.433  6899  6967 I Maestro : Skipping invisible child: android.view.accessibility.AccessibilityNodeInfo@1a0ca; boundsInParent: Rect(0, 0 - 320, 0); boundsInScreen: Rect(0, 0 - 320, 0); boundsInWindow: Rect(0, 0 - 320, 0); packageName: com.hanapkalinga.mobile; className: android.view.ViewGroup; text: null; error: null; maxTextLength: -1; stateDescription: null; contentDescription: null; tooltipText: null; containerTitle: null; viewIdResName: null; uniqueId: null; checkable: false; checked: false; focusable: false; focused: false; selected: false; clickable: false; longClickable: false; contextClickable: false; enabled: true; password: false; scrollable: false; importantForAccessibility: false; visible: false; actions: [AccessibilityAction: ACTION_SELECT - null, AccessibilityAction: ACTION_CLEAR_SELECTION - null, AccessibilityAction: ACTION_ACCESSIBILITY_FOCUS - null, AccessibilityAction: ACTION_SHOW_ON_SCREEN - null]; isTextSelectable: false
06-24 03:02:01.450  6899  6967 D Maestro : View hierarchy received in 26 ms
06-24 03:02:01.580  6899  6967 D Maestro : Requesting view hierarchy
06-24 03:02:01.581  6899  6967 W QueryController: Could not detect idle state.
06-24 03:02:01.581  6899  6967 W QueryController: Could not detect idle state.
06-24 03:02:01.589  6899  6967 I Maestro : Skipping invisible child: android.view.accessibility.AccessibilityNodeInfo@128aa; boundsInParent: Rect(0, 0 - 320, 0); boundsInScreen: Rect(0, 0 - 320, 0); boundsInWindow: Rect(0, 0 - 320, 0); packageName: com.hanapkalinga.mobile; className: android.widget.LinearLayout; text: null; error: null; maxTextLength: -1; stateDescription: null; contentDescription: null; tooltipText: null; containerTitle: null; viewIdResName: null; uniqueId: null; checkable: false; checked: false; focusable: false; focused: false; selected: false; clickable: false; longClickable: false; contextClickable: false; enabled: true; password: false; scrollable: false; importantForAccessibility: false; visible: false; actions: [AccessibilityAction: ACTION_SELECT - null, AccessibilityAction: ACTION_CLEAR_SELECTION - null, AccessibilityAction: ACTION_ACCESSIBILITY_FOCUS - null, AccessibilityAction: ACTION_SHOW_ON_SCREEN - null]; isTextSelectable: false
06-24 03:02:01.589  6899  6967 I Maestro : Skipping invisible child: android.view.accessibility.AccessibilityNodeInfo@124e9; boundsInParent: Rect(0, 0 - 320, 0); boundsInScreen: Rect(0, 0 - 320, 0); boundsInWindow: Rect(0, 0 - 320, 0); packageName: com.hanapkalinga.mobile; className: android.view.ViewGroup; text: null; error: null; maxTextLength: -1; stateDescription: null; contentDescription: null; tooltipText: null; containerTitle: null; viewIdResName: null; uniqueId: null; checkable: false; checked: false; focusable: false; focused: false; selected: false; clickable: false; longClickable: false; contextClickable: false; enabled: true; password: false; scrollable: false; importantForAccessibility: false; visible: false; actions: [AccessibilityAction: ACTION_SELECT - null, AccessibilityAction: ACTION_CLEAR_SELECTION - null, AccessibilityAction: ACTION_ACCESSIBILITY_FOCUS - null, AccessibilityAction: ACTION_SHOW_ON_SCREEN - null]; isTextSelectable: false
06-24 03:02:01.589  6899  6967 I Maestro : Skipping invisible child: android.view.accessibility.AccessibilityNodeInfo@1a48b; boundsInParent: Rect(0, 0 - 320, 0); boundsInScreen: Rect(0, 0 - 320, 0); boundsInWindow: Rect(0, 0 - 320, 0); packageName: com.hanapkalinga.mobile; className: android.widget.LinearLayout; text: null; error: null; maxTextLength: -1; stateDescription: null; contentDescription: null; tooltipText: null; containerTitle: null; viewIdResName: null; uniqueId: null; checkable: false; checked: false; focusable: false; focused: false; selected: false; clickable: false; longClickable: false; contextClickable: false; enabled: true; password: false; scrollable: false; importantForAccessibility: false; visible: false; actions: [AccessibilityAction: ACTION_SELECT - null, AccessibilityAction: ACTION_CLEAR_SELECTION - null, AccessibilityAction: ACTION_ACCESSIBILITY_FOCUS - null, AccessibilityAction: ACTION_SHOW_ON_SCREEN - null]; isTextSelectable: false
06-24 03:02:01.589  6899  6967 I Maestro : Skipping invisible child: android.view.accessibility.AccessibilityNodeInfo@1a0ca; boundsInParent: Rect(0, 0 - 320, 0); boundsInScreen: Rect(0, 0 - 320, 0); boundsInWindow: Rect(0, 0 - 320, 0); packageName: com.hanapkalinga.mobile; className: android.view.ViewGroup; text: null; error: null; maxTextLength: -1; stateDescription: null; contentDescription: null; tooltipText: null; containerTitle: null; viewIdResName: null; uniqueId: null; checkable: false; checked: false; focusable: false; focused: false; selected: false; clickable: false; longClickable: false; contextClickable: false; enabled: true; password: false; scrollable: false; importantForAccessibility: false; visible: false; actions: [AccessibilityAction: ACTION_SELECT - null, AccessibilityAction: ACTION_CLEAR_SELECTION - null, AccessibilityAction: ACTION_ACCESSIBILITY_FOCUS - null, AccessibilityAction: ACTION_SHOW_ON_SCREEN - null]; isTextSelectable: false
06-24 03:02:01.597  6899  6967 D Maestro : View hierarchy received in 17 ms
--------- beginning of system
06-24 03:02:01.650   515   529 D WindowManager: captureDisplay
06-24 03:02:01.722  7066  7084 D EGL_emulation: app_time_stats: avg=503.97ms min=500.91ms max=507.02ms count=2
06-24 03:02:01.782   334   365 I netd    : tetherGetStats() -> {[]} <7.75ms>
06-24 03:02:01.784   334   365 I netd    : bandwidthSetGlobalAlert(2097152) <0.12ms>
06-24 03:02:02.167   515   546 I ActivityManager: Force stopping dev.mobile.maestro appid=10197 user=-1: deletePackageX
06-24 03:02:02.167   515   546 E libprocessgroup: No such cgroup attribute: /sys/fs/cgroup/uid_4294877493/cgroup.freeze
06-24 03:02:02.167   515   546 W libprocessgroup: Failed to apply Frozen process profile: No such file or directory
06-24 03:02:02.167   515   546 I ActivityManager: Killing 6899:dev.mobile.maestro/u0a197 (adj 0): stop dev.mobile.maestro due to deletePackageX
06-24 03:02:02.168   515   546 W ActivityManager: Crash of app dev.mobile.maestro running instrumentation ComponentInfo{dev.mobile.maestro.test/androidx.test.runner.AndroidJUnitRunner}
06-24 03:02:02.170   515   536 D DisplayManagerService: Drop pending events for gone uid 10197
06-24 03:02:02.170   515   546 I ActivityManager: Force stopping dev.mobile.maestro appid=10197 user=0: finished inst
06-24 03:02:02.173   515   546 E libprocessgroup: No such cgroup attribute: /sys/fs/cgroup/uid_4294877493/cgroup.freeze
06-24 03:02:02.173   515   546 W libprocessgroup: Failed to apply Unfrozen process profile: No such file or directory
06-24 03:02:02.176  6887  6898 W Binder  : Caught a RuntimeException from the binder stub implementation.
06-24 03:02:02.176  6887  6898 W Binder  : java.lang.SecurityException: Calling from not trusted UID!
06-24 03:02:02.176  6887  6898 W Binder  : 	at android.app.UiAutomationConnection.throwIfCalledByNotTrustedUidLocked(UiAutomationConnection.java:646)
06-24 03:02:02.176  6887  6898 W Binder  : 	at android.app.UiAutomationConnection.shutdown(UiAutomationConnection.java:547)
06-24 03:02:02.176  6887  6898 W Binder  : 	at android.app.IUiAutomationConnection$Stub.onTransact(IUiAutomationConnection.java:402)
06-24 03:02:02.176  6887  6898 W Binder  : 	at android.os.Binder.execTransactInternal(Binder.java:1344)
06-24 03:02:02.176  6887  6898 W Binder  : 	at android.os.Binder.execTransact(Binder.java:1275)
06-24 03:02:02.193   515   894 V ActivityManager: Got obituary of 6899:dev.mobile.maestro
06-24 03:02:02.193  6887  6887 I app_process: System.exit called, status: 0
06-24 03:02:02.193  6887  6887 I AndroidRuntime: VM exiting with result code 0.
06-24 03:02:02.203   335   335 I Zygote  : Process 6899 exited due to signal 9 (Killed)
--------- beginning of kernel
06-24 03:02:02.370     0     0 I init    : Untracked pid 6887 exited with status 0
06-24 03:02:02.370     0     0 I init    : Untracked pid 6887 did not have an associated service entry and will not be reaped
06-24 03:02:02.387     0     0 I logd    : start watching /data/system/packages.list ...
06-24 03:02:02.389     0     0 I logd    : ReadPackageList, total packages: 201
06-24 03:02:02.225  1643  2808 I AiAiEcho: Settings changed for uri: content://settings/secure/accessibility_enabled
06-24 03:02:02.226  1643  2083 I AiAiEcho: Predicting[0]: 
06-24 03:02:02.226  1643  2083 I AiAiEcho: EchoTargets: 
06-24 03:02:02.226  1643  2083 I AiAiEcho: Filtered by AiAi flag check: 
06-24 03:02:02.226  1643  2083 I AiAiEcho: Ranked targets strategy: SORT, count: 0, ranking metadata: 
06-24 03:02:02.226   515  1921 W WindowMagnificationMgr: requestConnection duplicated request: connect=false, mConnectionState=DISCONNECTED
06-24 03:02:02.227  1643  2083 I AiAiEcho: Predicting[0]: 
06-24 03:02:02.227  1643  2083 I AiAiEcho: EchoTargets: 
06-24 03:02:02.227  1643  2083 I AiAiEcho: Filtered by AiAi flag check: 
06-24 03:02:02.227  1643  2083 I AiAiEcho: Ranked targets strategy: SORT, count: 0, ranking metadata: 
06-24 03:02:02.229   515  1921 W WindowMagnificationMgr: requestConnection duplicated request: connect=false, mConnectionState=DISCONNECTED
06-24 03:02:02.232  1643  2808 I AiAiEcho: Settings changed for uri: content://settings/secure/accessibility_enabled
06-24 03:02:02.233  1766  2120 I A       : NGA enabled in interactor.
06-24 03:02:02.233  1766  2120 I A       : Nga state changed to NgaStateDetails{state=ENABLED, isSpecialExperience=false}
06-24 03:02:02.236  1646  6292 I A       : Initializing all components
06-24 03:02:02.237  1646  6292 I A       : APA or Classic session decision: SessionDecision(sessionVariance=CLASSIC, platformVariance=CLASSIC, justification=CURRENT_PLATFORM_VARIANCE).
06-24 03:02:02.237  1646  6292 I A       : [Memory] eligibility: StashEligibility{6}
06-24 03:02:02.237  1646  2122 I A       : onIsEnabledChanged, isEnabled: false
06-24 03:02:02.237  1646  2122 W A       : Disposing empty manager. Did you forgot to subscribe observables?
06-24 03:02:02.237  1646  2122 W A       : Disposing empty manager. Did you forgot to subscribe observables?
06-24 03:02:02.237  1646  2122 W A       : Disposing empty manager. Did you forgot to subscribe observables?
06-24 03:02:02.237  1646  2122 W A       : Disposing empty manager. Did you forgot to subscribe observables?
06-24 03:02:02.237  1646  2122 W A       : Disposing empty manager. Did you forgot to subscribe observables?
06-24 03:02:02.238  1646  2122 W A       : Disposing empty manager. Did you forgot to subscribe observables?
06-24 03:02:02.238  1646  2122 W A       : Disposing empty manager. Did you forgot to subscribe observables?
06-24 03:02:02.238  1646  2122 W A       : Disposing empty manager. Did you forgot to subscribe observables?
06-24 03:02:02.238  1646  2122 W A       : Disposing empty manager. Did you forgot to subscribe observables?
06-24 03:02:02.238  1646  2122 W A       : Disposing empty manager. Did you forgot to subscribe observables?
06-24 03:02:02.238  1646  2122 I A       : onOpaVisibilityChanged: false
06-24 03:02:02.238  1646  2122 W A       : Disposing empty manager. Did you forgot to subscribe observables?
06-24 03:02:02.238  1646  2122 W A       : Disposing empty manager. Did you forgot to subscribe observables?
06-24 03:02:02.238  1646  2122 W A       : Disposing empty manager. Did you forgot to subscribe observables?
06-24 03:02:02.238  1646  2122 W A       : Disposing empty manager. Did you forgot to subscribe observables?
06-24 03:02:02.238  1646  2122 W A       : Disposing empty manager. Did you forgot to subscribe observables?
06-24 03:02:02.238  1646  2122 W A       : Disposing empty manager. Did you forgot to subscribe observables?
06-24 03:02:02.238  1646  2122 I A       : Setting session to type: NO_SESSION
06-24 03:02:02.238  1646  2122 W A       : Disposing empty manager. Did you forgot to subscribe observables?
06-24 03:02:02.238  1646  2122 W A       : Disposing empty manager. Did you forgot to subscribe observables?
06-24 03:02:02.238  1646  2122 W A       : Disposing empty manager. Did you forgot to subscribe observables?
06-24 03:02:02.238  1646  2122 W A       : Disposing empty manager. Did you forgot to subscribe observables?
06-24 03:02:02.238  1646  2122 W A       : Disposing empty manager. Did you forgot to subscribe observables?
06-24 03:02:02.238  1646  2122 W A       : Disposing empty manager. Did you forgot to subscribe observables?
06-24 03:02:02.238  1646  2122 W A       : Disposing empty manager. Did you forgot to subscribe observables?
06-24 03:02:02.238  1646  2122 W A       : Disposing empty manager. Did you forgot to subscribe observables?
06-24 03:02:02.238  1646  2122 I A       : setNavBarVisible: GestureNavBarVisible{navbarVisible=true}
06-24 03:02:02.238  1646  2122 W A       : Disposing empty manager. Did you forgot to subscribe observables?
06-24 03:02:02.238  1646  2122 W A       : Disposing empty manager. Did you forgot to subscribe observables?
06-24 03:02:02.238  1646  2122 W A       : Disposing empty manager. Did you forgot to subscribe observables?
06-24 03:02:02.238  1646  2122 W A       : Disposing empty manager. Did you forgot to subscribe observables?
06-24 03:02:02.238  1646  2122 W A       : Disposing empty manager. Did you forgot to subscribe observables?
06-24 03:02:02.238  1646  2122 W A       : Disposing empty manager. Did you forgot to subscribe observables?
06-24 03:02:02.238  1646  2122 I A       : onDisabled. Registered: false
06-24 03:02:02.239  1646  2122 I A       : on opa visibility changed false
06-24 03:02:02.239  1646  2122 I A       : on opa visibility changed false
06-24 03:02:02.241  1646  2145 I A       : State changed: IDLE => IDLE by NGA_STATE_CHANGED and N/A with Optional.empty
06-24 03:02:02.243  1646  2145 I A       : Recognizer choice: (recognizer_type: 1, recognizer_mode: 1, choice_reason: 4)
06-24 03:02:02.243  1646  2145 I A       : onActiveStateChangeEvent: IDLE => IDLE
06-24 03:02:02.243  1646  2145 I A       : #onActiveStateChangeEvent, newState: IDLE, previousState: IDLE.
06-24 03:02:02.244  1643  2083 I AiAiEcho: #postPredictionTargets: Sending updates to UISurface lockscreen with targets# 0 (types=[])
06-24 03:02:02.245   834   834 W PageIndicator: Total number of pages invalid: 0. Assuming 1 page.
06-24 03:02:02.246  1643  2083 I AiAiEcho: #postPredictionTargets: Sending updates to UISurface home with targets# 0 (types=[])
06-24 03:02:02.246  1643  2083 I AiAiEcho: Predicting[0]: 
06-24 03:02:02.246  1643  2083 I AiAiEcho: EchoTargets: 
06-24 03:02:02.246  1643  2083 I AiAiEcho: Filtered by AiAi flag check: 
06-24 03:02:02.246  1643  2083 I AiAiEcho: Ranked targets strategy: SORT, count: 0, ranking metadata: 
06-24 03:02:02.248  1643  2083 I AiAiEcho: Predicting[0]: 
06-24 03:02:02.248  1643  2083 I AiAiEcho: EchoTargets: 
06-24 03:02:02.248  1643  2083 I AiAiEcho: Filtered by AiAi flag check: 
06-24 03:02:02.248  1643  2083 I AiAiEcho: Ranked targets strategy: SORT, count: 0, ranking metadata: 
06-24 03:02:02.249  1643  2083 I AiAiEcho: #postPredictionTargets: Sending updates to UISurface lockscreen with targets# 0 (types=[])
06-24 03:02:02.250   834   834 W PageIndicator: Total number of pages invalid: 0. Assuming 1 page.
06-24 03:02:02.252   515   893 D CompatibilityChangeReporter: Compat change id reported: 197654537; UID 10192; state: ENABLED
06-24 03:02:02.253   515   515 D BatterySaverPolicy: accessibility changed to false, updating policy.
06-24 03:02:02.255  1646  2122 I NgaEntryPointEventSendr: setupConnection
06-24 03:02:02.255  1646  2145 I A       : Initialize
06-24 03:02:02.255   515   570 D PackageManager: Instant App installer not found with android.intent.action.INSTALL_INSTANT_APP_PACKAGE
06-24 03:02:02.255   515   570 D PackageManager: Clear ephemeral installer activity
06-24 03:02:02.257  1643  2083 I AiAiEcho: #postPredictionTargets: Sending updates to UISurface home with targets# 0 (types=[])
06-24 03:02:02.258   515  1817 W ProcessStats: Tracking association SourceState{c98d422 com.google.android.googlequicksearchbox:interactor/10131 BFgs #14552} whose proc state 4 is better than process ProcessState{280bdd8 com.google.android.googlequicksearchbox:search/10131 pkg=com.google.android.googlequicksearchbox} proc state 6 (88 skipped)
06-24 03:02:02.259  1766  1766 I A       : Creating pss binder().
06-24 03:02:02.260   515  3118 E TaskPersister: File error accessing recents directory (directory doesn't exist?).
06-24 03:02:02.261  1646  2122 I NgaEntryPointEventSendr: State changed: Disconnected => Connecting
06-24 03:02:02.261  1646  2122 I NgaEntryPointEventSendr: onServiceConnected
06-24 03:02:02.262  1766  1842 I A       : Calling beginBinderSession().
06-24 03:02:02.263  1646  2145 I A       : stopListening(NGA_PAUSED_UNKNOWN_REASON, NGA_CREATE), idleOverride=NOT_LISTENING
06-24 03:02:02.265   834   834 D StatusBarIconController: ignoring old pipeline callbacks, because the new mobile icons are enabled
06-24 03:02:02.266  1766  1842 I A       : beginBinderSession(): calling binder
06-24 03:02:02.266  1646  2122 I NgaEntryPointEventSendr: State changed: Connecting => Ready
06-24 03:02:02.269   515   570 I ActivityManager: Force stopping dev.mobile.maestro appid=10197 user=0: pkg removed
06-24 03:02:02.273  1766  2190 W CorpusConfigHelper: Invalid input from icing corpus JSON flag.
06-24 03:02:02.273  1766  2190 W CorpusConfigHelper: android.util.MalformedJsonException: Use JsonReader.setLenient(true) to accept malformed JSON at line 123 column 2
06-24 03:02:02.273  1766  2190 W CorpusConfigHelper: 	at android.util.JsonReader.syntaxError(JsonReader.java:1162)
06-24 03:02:02.273  1766  2190 W CorpusConfigHelper: 	at android.util.JsonReader.checkLenient(JsonReader.java:840)
06-24 03:02:02.273  1766  2190 W CorpusConfigHelper: 	at android.util.JsonReader.nextInArray(JsonReader.java:615)
06-24 03:02:02.273  1766  2190 W CorpusConfigHelper: 	at android.util.JsonReader.peek(JsonReader.java:345)
06-24 03:02:02.273  1766  2190 W CorpusConfigHelper: 	at android.util.JsonReader.hasNext(JsonReader.java:321)
06-24 03:02:02.273  1766  2190 W CorpusConfigHelper: 	at com.google.android.apps.gsa.searchbox.c.b.b.k.c(PG:7)
06-24 03:02:02.273  1766  2190 W CorpusConfigHelper: 	at com.google.android.apps.gsa.searchbox.c.b.b.k.<init>(PG:5)
06-24 03:02:02.273  1766  2190 W CorpusConfigHelper: 	at com.google.android.apps.gsa.staticplugins.searchboxroot.features.n.a.c.<init>(PG:16)
06-24 03:02:02.273  1766  2190 W CorpusConfigHelper: 	at com.google.android.apps.gsa.staticplugins.searchboxroot.b.a(PG:14)
06-24 03:02:02.273  1766  2190 W CorpusConfigHelper: 	at com.google.android.apps.gsa.staticplugins.searchboxroot.x.<init>(PG:7)
06-24 03:02:02.273  1766  2190 W CorpusConfigHelper: 	at com.google.android.apps.gsa.binaries.velvet.app.akd.b(PG:15)
06-24 03:02:02.273  1766  2190 W CorpusConfigHelper: 	at dagger.a.e.b(PG:1)
06-24 03:02:02.273  1766  2190 W CorpusConfigHelper: 	at com.google.android.apps.gsa.staticplugins.searchboxroot.a.a.a(PG:3)
06-24 03:02:02.273  1766  2190 W CorpusConfigHelper: 	at com.google.android.apps.gsa.binaries.velvet.app.ok.f(Unknown Source:2541)
06-24 03:02:02.273  1766  2190 W CorpusConfigHelper: 	at com.google.android.apps.gsa.binaries.velvet.app.ok.b(PG:1)
06-24 03:02:02.273  1766  2190 W CorpusConfigHelper: 	at com.google.android.apps.gsa.search.core.service.g.a.c.a(PG:2)
06-24 03:02:02.273  1766  2190 W CorpusConfigHelper: 	at com.google.android.libraries.gsa.k.a.f.a(PG:2)
06-24 03:02:02.273  1766  2190 W CorpusConfigHelper: 	at com.google.common.util.concurrent.dx.a(PG:1)
06-24 03:02:02.273  1766  2190 W CorpusConfigHelper: 	at com.google.common.util.concurrent.cv.run(PG:4)
06-24 03:02:02.273  1766  2190 W CorpusConfigHelper: 	at com.google.common.util.concurrent.dz.run(PG:1)
06-24 03:02:02.273  1766  2190 W CorpusConfigHelper: 	at com.google.android.libraries.i.ae.run(PG:1)
06-24 03:02:02.273  1766  2190 W CorpusConfigHelper: 	at java.util.concurrent.ThreadPoolExecutor.runWorker(ThreadPoolExecutor.java:1145)
06-24 03:02:02.273  1766  2190 W CorpusConfigHelper: 	at java.util.concurrent.ThreadPoolExecutor$Worker.run(ThreadPoolExecutor.java:644)
06-24 03:02:02.273  1766  2190 W CorpusConfigHelper: 	at com.google.android.libraries.i.k.run(PG:2)
06-24 03:02:02.273  1766  2190 W CorpusConfigHelper: 	at com.google.android.libraries.i.p.run(PG:4)
06-24 03:02:02.273  1766  2190 W CorpusConfigHelper: 	at java.lang.Thread.run(Thread.java:1012)
06-24 03:02:02.278  1766  1766 W A       : Queue length for executor EventBus is now 11. Perhaps some tasks are too long, or the pool is too small.
06-24 03:02:02.283  1766  2707 I PBSessionCacheImpl: Deleted sessionId[7768732408421585] from persistence.
06-24 03:02:02.297   515   529 W ActivityManager: Unable to start service Intent { cmp=com.google.android.apps.tachyon/.clientapi.ClientApiService } U=0: not found
06-24 03:02:02.297  1766  2218 W A       : UiCallbackStub-onGenericEvent[ServiceEvent = 60] task was not run. Callback from Service received after client was disposed.
06-24 03:02:02.298  1766  2218 W A       : UiCallbackStub-onGenericEvent[ServiceEvent = 60] task was not run. Callback from Service received after client was disposed.
06-24 03:02:02.298  1766  2218 W A       : UiCallbackStub-onGenericEvent[ServiceEvent = 42] task was not run. Callback from Service received after client was disposed.
06-24 03:02:02.300  1766  1835 W earchbox:search: Couldn't lock the profile file /data/misc/profiles/cur/0/com.google.android.googlequicksearchbox/primary.prof: Failed to lock file '/data/misc/profiles/cur/0/com.google.android.googlequicksearchbox/primary.prof': Try again
06-24 03:02:02.300  1766  1835 W earchbox:search: Could not forcefully load profile /data/misc/profiles/cur/0/com.google.android.googlequicksearchbox/primary.prof
06-24 03:02:02.304  1646  2122 I NgaEntryPointEventSendr: State changed: Ready => Disconnected (onOpaDisconnected)
06-24 03:02:02.309  1766  2218 W A       : UiCallbackStub-onGenericEvent[ServiceEvent = 67] task was not run. Callback from Service received after client was disposed.
06-24 03:02:02.310  1766  2218 W A       : UiCallbackStub-onGenericEvent[ServiceEvent = 60] task was not run. Callback from Service received after client was disposed.
06-24 03:02:02.313  1766  2218 W SearchServiceCore: Abort, client detached.
06-24 03:02:02.314  1766  2218 I MicroDetectionState: Should stop hotword detection immediately - true
06-24 03:02:02.314  1766  2218 I A       : Using proto config with mendel
06-24 03:02:02.314  1766  2218 I A       : Using proto config with mendel
06-24 03:02:02.325   515   757 W WifiService: Couldn't get PackageInfo for package:dev.mobile.maestro
06-24 03:02:02.325   515   757 D WifiService: Remove settings for package:dev.mobile.maestro
06-24 03:02:02.325   515   757 D WifiConfigManager: Remove all networks for app ApplicationInfo{329a1e3 dev.mobile.maestro}
06-24 03:02:02.326  1053  1053 D CarrierSvcBindHelper: onPackageRemoved: dev.mobile.maestro
06-24 03:02:02.326  1053  1053 D CarrierSvcBindHelper: No carrier app for: 0
06-24 03:02:02.329   515   770 E AppOps  : attributionTag VCN not declared in manifest of android
06-24 03:02:02.329   515   757 D WifiConfigStore: Writing to stores completed in 5 ms.
06-24 03:02:02.330   515   757 I PasspointManager: No app ops listener found for dev.mobile.maestro
06-24 03:02:02.332   515   632 V StorageManagerService: Package dev.mobile.maestro does not have legacy storage
06-24 03:02:02.335  4070  4070 V MediaPlayerList: mPackageChangedBroadcastReceiver: action: android.intent.action.PACKAGE_REMOVED
06-24 03:02:02.336  4070  4070 V MediaPlayerList: mPackageChangedBroadcastReceiver: action: android.intent.action.PACKAGE_REMOVED
06-24 03:02:02.339  1646  2145 I A       : Successfully initialized all components
06-24 03:02:02.340   515   515 D ActivityManager: sync unfroze 2085 com.android.keychain for 10
06-24 03:02:02.343   515   623 I InputReader: Reconfiguring input devices, changes=KEYBOARD_LAYOUTS
06-24 03:02:02.352   515   515 D ActivityManager: sync unfroze 1059 com.android.settings for 10
06-24 03:02:02.352   515   515 D ActivityManager: sync unfroze 3269 com.android.dynsystem:dynsystem for 10
06-24 03:02:02.353   515   515 D ActivityManager: sync unfroze 3223 com.android.dynsystem for 10
06-24 03:02:02.353   515   515 D ActivityManager: sync unfroze 2316 com.android.localtransport for 10
06-24 03:02:02.356   834   880 D StylusManager: Stylus InputDevice changed: 7 virtio_input_multi_touch_4
06-24 03:02:02.359   515   515 I Telecom : CarModeTracker: Package dev.mobile.maestro is not tracked.: SSH.oR@AXw🔒
06-24 03:02:02.360   515   515 I Telecom : InCallController: updateCarModeForConnections: car mode apps: : SSH.oR@AXw🔒
06-24 03:02:02.360   515   515 I Telecom : InCallController: update carmode current:UserHandle{0} parent:null: SSH.oR@AXw🔒
06-24 03:02:02.365   515   515 I ConditionProviders: Disallowing condition provider dev.mobile.maestro (userSet: true)
06-24 03:02:02.367   515   610 I RoleService: Granting default roles...
06-24 03:02:02.373   834   880 D StylusManager: Stylus InputDevice changed: 11 virtio_input_multi_touch_8
06-24 03:02:02.391   515   525 I system_server: Background concurrent copying GC freed 158875(8140KB) AllocSpace objects, 5(108KB) LOS objects, 45% free, 28MB/52MB, paused 39us,47us total 132.240ms
06-24 03:02:02.397   834   880 D StylusManager: Stylus InputDevice changed: 6 virtio_input_multi_touch_3
06-24 03:02:02.402   515   610 D ActivityManager: sync unfroze 836 com.google.android.permissioncontroller for 6
06-24 03:02:02.576     0     0 I logd    : start watching /data/system/packages.list ...
06-24 03:02:02.578     0     0 I logd    : ReadPackageList, total packages: 200
06-24 03:02:02.413   515   545 W WindowMagnificationMgr: requestConnection duplicated request: connect=false, mConnectionState=DISCONNECTED
06-24 03:02:02.416   515   546 I ActivityManager: Force stopping dev.mobile.maestro.test appid=10198 user=-1: deletePackageX
06-24 03:02:02.417   515   546 E libprocessgroup: No such cgroup attribute: /sys/fs/cgroup/uid_4294877494/cgroup.freeze
06-24 03:02:02.418   515   546 W libprocessgroup: Failed to apply Frozen process profile: No such file or directory
06-24 03:02:02.418   834   880 D StylusManager: Stylus InputDevice changed: 5 virtio_input_multi_touch_2
06-24 03:02:02.419   515   570 D PackageManager: Instant App installer not found with android.intent.action.INSTALL_INSTANT_APP_PACKAGE
06-24 03:02:02.419   515   570 D PackageManager: Clear ephemeral installer activity
06-24 03:02:02.420   515  3118 E TaskPersister: File error accessing recents directory (directory doesn't exist?).
06-24 03:02:02.426   515   546 E libprocessgroup: No such cgroup attribute: /sys/fs/cgroup/uid_4294877494/cgroup.freeze
06-24 03:02:02.426   515   546 W libprocessgroup: Failed to apply Unfrozen process profile: No such file or directory
06-24 03:02:02.428   834   880 D StylusManager: Stylus InputDevice changed: 13 virtio_input_multi_touch_10
06-24 03:02:02.429   834   880 D StylusManager: Stylus InputDevice changed: 10 virtio_input_multi_touch_7
06-24 03:02:02.430   834   880 D StylusManager: Stylus InputDevice changed: 9 virtio_input_multi_touch_6
06-24 03:02:02.430   834   880 D StylusManager: Stylus InputDevice changed: 14 virtio_input_multi_touch_11
06-24 03:02:02.431   395  6775 D AF::TrackHandle: OpPlayAudio: track:56 usage:13 not muted
06-24 03:02:02.431   395  6775 D AF::TrackHandle: OpPlayAudio: track:56 usage:13 not muted
06-24 03:02:02.431   395  6775 D AF::TrackHandle: OpPlayAudio: track:56 usage:13 not muted
06-24 03:02:02.431   395  6775 D AF::TrackHandle: OpPlayAudio: track:56 usage:13 not muted
06-24 03:02:02.433   395  6258 D AF::TrackHandle: OpPlayAudio: track:56 usage:13 not muted
06-24 03:02:02.435   395  6258 D AF::TrackHandle: OpPlayAudio: track:56 usage:13 not muted
06-24 03:02:02.435   395  6258 D AF::TrackHandle: OpPlayAudio: track:56 usage:13 not muted
06-24 03:02:02.435   395  6258 D AF::TrackHandle: OpPlayAudio: track:56 usage:13 not muted
06-24 03:02:02.436   395  6258 D AF::TrackHandle: OpPlayAudio: track:56 usage:13 not muted
06-24 03:02:02.436   395  6258 D AF::TrackHandle: OpPlayAudio: track:56 usage:13 not muted
06-24 03:02:02.437   395  6258 D AF::TrackHandle: OpPlayAudio: track:56 usage:13 not muted
06-24 03:02:02.437   395  6258 D AF::TrackHandle: OpPlayAudio: track:56 usage:13 not muted
06-24 03:02:02.437   395  6258 D AF::TrackHandle: OpPlayAudio: track:56 usage:13 not muted
06-24 03:02:02.438   395  6258 D AF::TrackHandle: OpPlayAudio: track:56 usage:13 not muted
06-24 03:02:02.438   395  6258 D AF::TrackHandle: OpPlayAudio: track:56 usage:13 not muted
06-24 03:02:02.438   395  6258 D AF::TrackHandle: OpPlayAudio: track:56 usage:13 not muted
06-24 03:02:02.440  1649  1649 W MediaProvider: WorkProfileOwnerApps cache is empty
06-24 03:02:02.442   515   546 D ActivityManager: sync unfroze 2592 com.android.chrome for 3
06-24 03:02:02.446   515   570 I ActivityManager: Force stopping dev.mobile.maestro.test appid=10198 user=0: pkg removed
06-24 03:02:02.446   515   570 E libprocessgroup: No such cgroup attribute: /sys/fs/cgroup/uid_10198/cgroup.freeze
06-24 03:02:02.446   515   570 W libprocessgroup: Failed to apply Frozen process profile: No such file or directory
06-24 03:02:02.451   515   570 E libprocessgroup: No such cgroup attribute: /sys/fs/cgroup/uid_10198/cgroup.freeze
06-24 03:02:02.451   515   570 W libprocessgroup: Failed to apply Unfrozen process profile: No such file or directory
06-24 03:02:02.460  1649  2283 I MediaProvider: Begin Intent { act=android.intent.action.PACKAGE_FULLY_REMOVED dat=package: flg=0x5000010 cmp=com.google.android.providers.media.module/com.android.providers.media.MediaService (has extras) }
06-24 03:02:02.464  1649  2283 D MediaProvider: Deleted 0 Android/media items belonging to dev.mobile.maestro on /data/user/0/com.google.android.providers.media.module/databases/external.db
06-24 03:02:02.470  1053  1053 D CarrierSvcBindHelper: onPackageRemoved: dev.mobile.maestro.test
06-24 03:02:02.471  1053  1053 D CarrierSvcBindHelper: No carrier app for: 0
06-24 03:02:02.477   836  7266 E RoleControllerServiceImpl: Default/fallback role holder package doesn't qualify for the role, package: com.google.android.gms.supervision, role: android.app.role.SYSTEM_SUPERVISION
06-24 03:02:02.481   515   546 D ActivityManager: sync unfroze 2497 com.google.android.documentsui for 3
06-24 03:02:02.486   836  7266 I Role    : com.google.android.gms not qualified for android.app.role.SYSTEM_CALL_STREAMING due to missing RequiredComponent{mIntentFilterData=IntentFilterData{mAction='android.telecom.CallStreamingService', mCategories='[]', mDataScheme='null', mDataType='null'}, mMinTargetSdkVersion=1, mFlags='0', mPermission='android.permission.BIND_CALL_STREAMING_SERVICE', mQueryFlags=0, mMetaData=[]}
06-24 03:02:02.486   836  7266 E RoleControllerServiceImpl: Default/fallback role holder package doesn't qualify for the role, package: com.google.android.gms, role: android.app.role.SYSTEM_CALL_STREAMING
06-24 03:02:02.492   836  7266 W Role    : Default holder doesn't have required signing certificate: com.google.android.apps.work.clouddpc:23962F4B43B9857638EA66F4D419518EAE282491ACDA4B94707BD59003C45E58
06-24 03:02:02.493  1649  2283 D MediaGrants: Removed 0 media_grants for 0 user for dev.mobile.maestro. Reason: Package orphaned
06-24 03:02:02.494   834   834 D ControlsListingControllerImpl: ServiceConfig reloaded, count: 0
06-24 03:02:02.514  5052  7224 I ProximityAuth: [RecentAppsMediator] Package removed: (user=UserHandle{0}) dev.mobile.maestro
06-24 03:02:02.517  4070  4070 V MediaPlayerList: mPackageChangedBroadcastReceiver: action: android.intent.action.PACKAGE_REMOVED
06-24 03:02:02.518  4070  4070 V MediaPlayerList: mPackageChangedBroadcastReceiver: action: android.intent.action.PACKAGE_REMOVED
06-24 03:02:02.518  5138  7228 I BlockstoreStorage: Clearing all the Blockstore Data for package dev.mobile.maestro [CONTEXT service_id=258 ]
06-24 03:02:02.519  5138  7228 I BlockstoreStorage: Clearing all the Blockstore Data for 1 packages [CONTEXT service_id=258 ]
06-24 03:02:02.521   515  2531 D SafetySourceDataValidator: No cert check requested for package com.google.android.permissioncontroller
06-24 03:02:02.522  5052  7223 I Fitness : FitCleanupIntentOperation received Intent android.intent.action.PACKAGE_REMOVED [CONTEXT service_id=17 ]
06-24 03:02:02.524  1649  2283 I MediaProvider: End Intent { act=android.intent.action.PACKAGE_FULLY_REMOVED dat=package: flg=0x5000010 cmp=com.google.android.providers.media.module/com.android.providers.media.MediaService (has extras) }
06-24 03:02:02.526  5138  5138 D BoundBrokerSvc: onBind: Intent { act=com.google.android.gms.common.BIND_SHARED_PREFS pkg=com.google.android.gms }
06-24 03:02:02.526  5138  5138 D BoundBrokerSvc: Loading bound service for intent: Intent { act=com.google.android.gms.common.BIND_SHARED_PREFS pkg=com.google.android.gms }
06-24 03:02:02.527  5138  6941 I ContentMaintenance: Internal cache bytes used: 0; limit: 100000000; download size: 0
06-24 03:02:02.535  5138  6941 I RealtimeCacheCleanup: Beginning Realtime garbage collection.
06-24 03:02:02.535  5138  6941 I RealtimeCacheCleanup: Finished Realtime garbage collection.
06-24 03:02:02.538   836   836 D PersistedStoragePackageUninstalledReceiver: Received android.intent.action.PACKAGE_FULLY_REMOVED for dev.mobile.maestro for u0
06-24 03:02:02.544   834   880 D StylusManager: Stylus InputDevice changed: 8 virtio_input_multi_touch_5
06-24 03:02:02.547   834   880 D StylusManager: Stylus InputDevice changed: 12 virtio_input_multi_touch_9
06-24 03:02:02.548  5138  5168 I Icing   : IndexChimeraService.getServiceInterface callingPackage=com.google.android.gms componentName=AppsCorpus serviceId=36
06-24 03:02:02.549   834   880 D StylusManager: Stylus InputDevice changed: 4 virtio_input_multi_touch_1
06-24 03:02:02.550  5138  5138 D BoundBrokerSvc: onUnbind: Intent { act=com.google.android.gms.common.BIND_SHARED_PREFS pkg=com.google.android.gms }
06-24 03:02:02.551  5138  6941 I Icing   : doRemovePackageData dev.mobile.maestro
06-24 03:02:02.557  5138  7226 W SQLiteLog: (28) double-quoted string literal: "dev.mobile.maestro"
06-24 03:02:02.587   515  2527 D CompatibilityChangeReporter: Compat change id reported: 161252188; UID 10192; state: DISABLED
06-24 03:02:02.596  5138  6941 I Icing   : Usage reports ok 1, Failed Usage reports 0, indexed 0, rejected 0
06-24 03:02:02.600   515   535 W Looper  : Slow delivery took 204ms android.fg h=android.os.Handler c=<recycled PooledLambda@bee5944> m=0
06-24 03:02:02.602  1098  1098 D Launcher.Model: package removed received dev.mobile.maestro
06-24 03:02:02.602  1098  1140 D PackageUpdatedTask: Removing app icondev.mobile.maestro
06-24 03:02:02.603  1643  1643 I AiAiEcho: AppFetcherImplV2 onPackageRemoved dev.mobile.maestro.
06-24 03:02:02.606  5138  6941 I Icing   : Indexing com.google.android.gms-apps from com.google.android.gms
06-24 03:02:02.610   515   525 I system_server: Background concurrent copying GC freed 146212(7397KB) AllocSpace objects, 15(436KB) LOS objects, 46% free, 27MB/51MB, paused 885us,57us total 189.746ms
06-24 03:02:02.610  5138  6941 I Icing   : Indexing done com.google.android.gms-apps
06-24 03:02:02.614  1643  2125 I AiAiEcho: EchoSearch: WidgetFetcherImpl is initialized with [28] widgets [reason=package removed for userId: 0]
06-24 03:02:02.619  1098  1140 D ModelWriter: removing items from db . Reason: [removed because the corresponding package or component is removed. mOp=3 removedPackages=[dev.mobile.maestro] removedComponents=[]]
06-24 03:02:02.622   515   604 I RollbackManager: broadcast=ACTION_PACKAGE_FULLY_REMOVED pkg=dev.mobile.maestro
06-24 03:02:02.627  1643  2083 I AiAiEcho: [pnb-agg] Reload pnb aggregation on events deleted
06-24 03:02:02.627  1643  2083 I AiAiEcho: [pnb-agg] pnb aggregation disabled.
06-24 03:02:02.629   515   757 W WifiService: Couldn't get PackageInfo for package:dev.mobile.maestro
06-24 03:02:02.629   515   757 D WifiService: Remove settings for package:dev.mobile.maestro
06-24 03:02:02.629   515   757 D WifiConfigManager: Remove all networks for app ApplicationInfo{a1831e5 dev.mobile.maestro}
06-24 03:02:02.632   515   757 D WifiConfigStore: Writing to stores completed in 3 ms.
06-24 03:02:02.633   515   757 I PasspointManager: No app ops listener found for dev.mobile.maestro
06-24 03:02:02.634   515   535 W Looper  : Drained
06-24 03:02:02.639   515   770 E AppOps  : attributionTag VCN not declared in manifest of android
06-24 03:02:02.640   515   757 W WifiService: Couldn't get PackageInfo for package:dev.mobile.maestro.test
06-24 03:02:02.640   515   757 D WifiService: Remove settings for package:dev.mobile.maestro.test
06-24 03:02:02.640   515   757 D WifiConfigManager: Remove all networks for app ApplicationInfo{a2b40e3 dev.mobile.maestro.test}
06-24 03:02:02.643   515   546 D ActivityManager: sync unfroze 1989 android.process.media for 3
06-24 03:02:02.644   515   757 D WifiConfigStore: Writing to stores completed in 3 ms.
06-24 03:02:02.644   515   757 I PasspointManager: No app ops listener found for dev.mobile.maestro.test
06-24 03:02:02.648   515   623 I InputReader: Reconfiguring input devices, changes=KEYBOARD_LAYOUTS
06-24 03:02:02.652   515   545 W WindowMagnificationMgr: requestConnection duplicated request: connect=false, mConnectionState=DISCONNECTED
06-24 03:02:02.653   515   632 V StorageManagerService: Package dev.mobile.maestro.test does not have legacy storage
06-24 03:02:02.654   515   604 I RollbackManager: broadcast=ACTION_PACKAGE_FULLY_REMOVED pkg=dev.mobile.maestro.test
06-24 03:02:02.654   515   757 W WifiService: Couldn't get PackageInfo for package:dev.mobile.maestro.test
06-24 03:02:02.654   515   757 D WifiService: Remove settings for package:dev.mobile.maestro.test
06-24 03:02:02.654   515   757 D WifiConfigManager: Remove all networks for app ApplicationInfo{4bc1e5c dev.mobile.maestro.test}
06-24 03:02:02.657  1649  1649 W MediaProvider: WorkProfileOwnerApps cache is empty
06-24 03:02:02.660   515   757 D WifiConfigStore: Writing to stores completed in 6 ms.
06-24 03:02:02.660   515   757 I PasspointManager: No app ops listener found for dev.mobile.maestro.test
06-24 03:02:02.666   515   515 I Telecom : CarModeTracker: Package dev.mobile.maestro.test is not tracked.: SSH.oR@AX8🔒
06-24 03:02:02.666   515   515 I Telecom : InCallController: updateCarModeForConnections: car mode apps: : SSH.oR@AX8🔒
06-24 03:02:02.666   515   515 I Telecom : InCallController: update carmode current:UserHandle{0} parent:null: SSH.oR@AX8🔒
06-24 03:02:02.669   334   365 I netd    : tetherGetStats() -> {[]} <0.30ms>
06-24 03:02:02.679   515   515 I ConditionProviders: Disallowing condition provider dev.mobile.maestro.test (userSet: true)
06-24 03:02:02.681   834   880 D StylusManager: Stylus InputDevice changed: 7 virtio_input_multi_touch_4
06-24 03:02:02.681   834   834 D ControlsListingControllerImpl: ServiceConfig reloaded, count: 0
06-24 03:02:02.682   834   880 D StylusManager: Stylus InputDevice changed: 11 virtio_input_multi_touch_8
06-24 03:02:02.684  1649  2283 I MediaProvider: Begin Intent { act=android.intent.action.PACKAGE_FULLY_REMOVED dat=package: flg=0x5000010 cmp=com.google.android.providers.media.module/com.android.providers.media.MediaService (has extras) }
06-24 03:02:02.684  1649  2283 D MediaProvider: Deleted 0 Android/media items belonging to dev.mobile.maestro.test on /data/user/0/com.google.android.providers.media.module/databases/external.db
06-24 03:02:02.685   834   880 D StylusManager: Stylus InputDevice changed: 6 virtio_input_multi_touch_3
06-24 03:02:02.688   834   880 D StylusManager: Stylus InputDevice changed: 5 virtio_input_multi_touch_2
06-24 03:02:02.689   395  6775 D AF::TrackHandle: OpPlayAudio: track:56 usage:13 not muted
06-24 03:02:02.690   395  6775 D AF::TrackHandle: OpPlayAudio: track:56 usage:13 not muted
06-24 03:02:02.690   395  6775 D AF::TrackHandle: OpPlayAudio: track:56 usage:13 not muted
06-24 03:02:02.690   395  6775 D AF::TrackHandle: OpPlayAudio: track:56 usage:13 not muted
06-24 03:02:02.690   395  6775 D AF::TrackHandle: OpPlayAudio: track:56 usage:13 not muted
06-24 03:02:02.690   395  6775 D AF::TrackHandle: OpPlayAudio: track:56 usage:13 not muted
06-24 03:02:02.691   395  6775 D AF::TrackHandle: OpPlayAudio: track:56 usage:13 not muted
06-24 03:02:02.692   395  6775 D AF::TrackHandle: OpPlayAudio: track:56 usage:13 not muted
06-24 03:02:02.692   395  6775 D AF::TrackHandle: OpPlayAudio: track:56 usage:13 not muted
06-24 03:02:02.693   395  6775 D AF::TrackHandle: OpPlayAudio: track:56 usage:13 not muted
06-24 03:02:02.693   395  6775 D AF::TrackHandle: OpPlayAudio: track:56 usage:13 not muted
06-24 03:02:02.693   515  1817 D SafetySourceDataValidator: No cert check requested for package com.google.android.permissioncontroller
06-24 03:02:02.693   395  6775 D AF::TrackHandle: OpPlayAudio: track:56 usage:13 not muted
06-24 03:02:02.694   395  6775 D AF::TrackHandle: OpPlayAudio: track:56 usage:13 not muted
06-24 03:02:02.694   395  6258 D AF::TrackHandle: OpPlayAudio: track:56 usage:13 not muted
06-24 03:02:02.694   395  6258 D AF::TrackHandle: OpPlayAudio: track:56 usage:13 not muted
06-24 03:02:02.694   395  6258 D AF::TrackHandle: OpPlayAudio: track:56 usage:13 not muted
06-24 03:02:02.699  5138  5138 D BoundBrokerSvc: onBind: Intent { act=com.google.android.gms.common.BIND_SHARED_PREFS pkg=com.google.android.gms }
06-24 03:02:02.699  5138  5138 D BoundBrokerSvc: Loading bound service for intent: Intent { act=com.google.android.gms.common.BIND_SHARED_PREFS pkg=com.google.android.gms }
06-24 03:02:02.699   836   836 D PersistedStoragePackageUninstalledReceiver: Received android.intent.action.PACKAGE_FULLY_REMOVED for dev.mobile.maestro.test for u0
06-24 03:02:02.701  1649  2283 D MediaGrants: Removed 0 media_grants for 0 user for dev.mobile.maestro.test. Reason: Package orphaned
06-24 03:02:02.701   834   880 D StylusManager: Stylus InputDevice changed: 13 virtio_input_multi_touch_10
06-24 03:02:02.701  1649  2283 I MediaProvider: End Intent { act=android.intent.action.PACKAGE_FULLY_REMOVED dat=package: flg=0x5000010 cmp=com.google.android.providers.media.module/com.android.providers.media.MediaService (has extras) }
06-24 03:02:02.703   834   880 D StylusManager: Stylus InputDevice changed: 10 virtio_input_multi_touch_7
