06-24 03:03:19.647  1098  1140 D PackageUpdatedTask: Removing app icondev.mobile.maestro.test
06-24 03:03:19.649  1643  1643 I AiAiEcho: AppFetcherImplV2 onPackageRemoved dev.mobile.maestro.test.
06-24 03:03:19.651  1098  1140 D ModelWriter: removing items from db . Reason: [removed because the corresponding package or component is removed. mOp=3 removedPackages=[dev.mobile.maestro.test] removedComponents=[]]
06-24 03:03:19.652   515   525 I system_server: Background concurrent copying GC freed 263087(12MB) AllocSpace objects, 26(928KB) LOS objects, 47% free, 26MB/50MB, paused 36us,28us total 202.309ms
06-24 03:03:19.656  5138  7456 I Icing   : Indexing com.google.android.gms-apps from com.google.android.gms
06-24 03:03:19.658   834   880 D StylusManager: Stylus InputDevice changed: 12 virtio_input_multi_touch_9
06-24 03:03:19.658  5138  5138 D BoundBrokerSvc: onUnbind: Intent { act=com.google.android.gms.wallet.service.BIND pkg=com.google.android.gms }
06-24 03:03:19.659   834   880 D StylusManager: Stylus InputDevice changed: 4 virtio_input_multi_touch_1
06-24 03:03:19.660  1643  2125 I AiAiEcho: EchoSearch: WidgetFetcherImpl is initialized with [28] widgets [reason=package removed for userId: 0]
06-24 03:03:19.662  5052  5052 D BoundBrokerSvc: onUnbind: Intent { act=com.google.android.gms.clearcut.bootcount.service.START pkg=com.google.android.gms }
06-24 03:03:19.668  5138  7456 I Icing   : Indexing done com.google.android.gms-apps
06-24 03:03:19.669  1643  2083 I AiAiEcho: [pnb-agg] Reload pnb aggregation on events deleted
06-24 03:03:19.669  1643  2083 I AiAiEcho: [pnb-agg] pnb aggregation disabled.
06-24 03:03:19.670  5138  7456 I Icing   : Indexing com.google.android.gms-apps from com.google.android.gms
06-24 03:03:19.670  5138  7456 I Icing   : Indexing done com.google.android.gms-apps
06-24 03:03:19.735   834   834 D TileServices: Couldn't find tile for ComponentInfo{com.google.android.apps.wellbeing/com.google.android.apps.wellbeing.focusmode.quicksettings.FocusModeTileService}(0)
06-24 03:03:19.740  1572  1641 W AppInfoHelper: <DWB> Application not found: dev.mobile.maestro.test
06-24 03:03:19.740  1572  1641 W AppInfoHelper: android.content.pm.PackageManager$NameNotFoundException: dev.mobile.maestro.test
06-24 03:03:19.740  1572  1641 W AppInfoHelper: 	at android.app.ApplicationPackageManager.getApplicationInfoAsUser(ApplicationPackageManager.java:507)
06-24 03:03:19.740  1572  1641 W AppInfoHelper: 	at android.app.ApplicationPackageManager.getApplicationInfo(ApplicationPackageManager.java:490)
06-24 03:03:19.740  1572  1641 W AppInfoHelper: 	at android.app.ApplicationPackageManager.getApplicationInfo(ApplicationPackageManager.java:484)
06-24 03:03:19.740  1572  1641 W AppInfoHelper: 	at czo.e(PG:2)
06-24 03:03:19.740  1572  1641 W AppInfoHelper: 	at czo.f(PG:7)
06-24 03:03:19.740  1572  1641 W AppInfoHelper: 	at crm.f(PG:14)
06-24 03:03:19.740  1572  1641 W AppInfoHelper: 	at cdm.apply(PG:74)
06-24 03:03:19.740  1572  1641 W AppInfoHelper: 	at j$.util.stream.i.accept(SourceFile:27)
06-24 03:03:19.740  1572  1641 W AppInfoHelper: 	at j$.util.stream.P0.accept(SourceFile:3)
06-24 03:03:19.740  1572  1641 W AppInfoHelper: 	at j$.util.a.forEachRemaining(SourceFile:20)
06-24 03:03:19.740  1572  1641 W AppInfoHelper: 	at j$.util.stream.c.v(SourceFile:21)
06-24 03:03:19.740  1572  1641 W AppInfoHelper: 	at j$.util.stream.c.C(SourceFile:8)
06-24 03:03:19.740  1572  1641 W AppInfoHelper: 	at j$.util.stream.I0.e(SourceFile:1)
06-24 03:03:19.740  1572  1641 W AppInfoHelper: 	at j$.util.stream.c.F(SourceFile:35)
06-24 03:03:19.740  1572  1641 W AppInfoHelper: 	at j$.util.stream.g1.collect(SourceFile:83)
06-24 03:03:19.740  1572  1641 W AppInfoHelper: 	at bsv.a(PG:14)
06-24 03:03:19.740  1572  1641 W AppInfoHelper: 	at jza.a(PG:30)
06-24 03:03:19.740  1572  1641 W AppInfoHelper: 	at jza.a(PG:42)
06-24 03:03:19.740  1572  1641 W AppInfoHelper: 	at lne.a(PG:1)
06-24 03:03:19.740  1572  1641 W AppInfoHelper: 	at lmk.run(PG:4)
06-24 03:03:19.740  1572  1641 W AppInfoHelper: 	at lng.run(PG:1)
06-24 03:03:19.740  1572  1641 W AppInfoHelper: 	at llo.run(PG:3)
06-24 03:03:19.740  1572  1641 W AppInfoHelper: 	at idn.run(PG:5)
06-24 03:03:19.740  1572  1641 W AppInfoHelper: 	at java.util.concurrent.ThreadPoolExecutor.runWorker(ThreadPoolExecutor.java:1145)
06-24 03:03:19.740  1572  1641 W AppInfoHelper: 	at java.util.concurrent.ThreadPoolExecutor$Worker.run(ThreadPoolExecutor.java:644)
06-24 03:03:19.740  1572  1641 W AppInfoHelper: 	at huo.run(PG:51)
06-24 03:03:19.740  1572  1641 W AppInfoHelper: 	at java.lang.Thread.run(Thread.java:1012)
06-24 03:03:19.740  1572  1641 W AppInfoHelper: 	at idx.run(PG:5)
06-24 03:03:19.768  1646  1646 I GsaVoiceInteractionSrv: O received Intent { act=android.intent.action.PACKAGE_REMOVED dat=package: flg=0x4000010 (has extras) }
06-24 03:03:19.770  1646  1646 I GsaVoiceInteractionSrv: O received Intent { act=android.intent.action.PACKAGE_REMOVED dat=package: flg=0x4000010 (has extras) }
06-24 03:03:19.780  1766  2218 W SearchServiceCore: Abort, client detached.
06-24 03:03:19.855   834   834 D TileServices: Couldn't find tile for ComponentInfo{com.google.android.apps.wellbeing/com.google.android.apps.wellbeing.focusmode.quicksettings.FocusModeTileService}(0)
06-24 03:03:19.934  7830  7830 W BpBinder: Linking to death on android.gui.ISurfaceComposer but there are no threads (yet?) listening to incoming transactions. See ProcessState::startThreadPool and ProcessState::setThreadPoolMaxThreadCount. Generally you should setup the binder threadpool before other initialization steps.
06-24 03:03:19.934  7830  7830 W ProcessState: Extra binder thread started, but 0 threads requested. Do not use *startThreadPool when zero threads are requested.
06-24 03:03:20.103     0     0 I servicemanager: Could not find android.hardware.graphics.allocator.IAllocator/default in the VINTF manifest.
06-24 03:03:19.941   135   135 I hwservicemanager: getTransport: Cannot find entry android.hardware.graphics.mapper@4.0::IMapper/default in either framework or device VINTF manifest.
06-24 03:03:19.941  7830  7831 I Gralloc4: mapper 4.x is not supported
06-24 03:03:20.059  7832  7832 D AndroidRuntime: >>>>>> START com.android.internal.os.RuntimeInit uid 2000 <<<<<<
06-24 03:03:20.062  7832  7832 I AndroidRuntime: Using default boot image
06-24 03:03:20.062  7832  7832 I AndroidRuntime: Leaving lock profiling enabled
06-24 03:03:20.064  7832  7832 I app_process: Core platform API reporting enabled, enforcing=false
06-24 03:03:20.064  7832  7832 I app_process: Using CollectorTypeCC GC.
06-24 03:03:20.158  7832  7832 D nativeloader: InitDefaultPublicLibraries for_preload=1: libandroid.so:libaaudio.so:libamidi.so:libbinder_ndk.so:libc.so:libcamera2ndk.so:libdl.so:libEGL.so:libGLESv1_CM.so:libGLESv2.so:libGLESv3.so:libicu.so:libicui18n.so:libicuuc.so:libjnigraphics.so:liblog.so:libmediandk.so:libm.so:libnativehelper.so:libnativewindow.so:libOpenMAXAL.so:libOpenSLES.so:libRS.so:libstdc++.so:libsync.so:libvulkan.so:libwebviewchromium_plat_support.so:libz.so
06-24 03:03:20.164  7568  7592 D EGL_emulation: app_time_stats: avg=499.15ms min=497.23ms max=500.20ms count=3
06-24 03:03:20.166  7832  7832 D app_process: Time zone APEX ICU file found: /apex/com.android.tzdata/etc/icu/icu_tzdata.dat
06-24 03:03:20.166  7832  7832 D app_process: I18n APEX ICU file found: /apex/com.android.i18n/etc/icu/icudt72l.dat
06-24 03:03:20.171  7832  7832 W app_process: Unexpected CPU variant for x86: x86_64.
06-24 03:03:20.171  7832  7832 W app_process: Known variants: atom, sandybridge, silvermont, goldmont, goldmont-plus, tremont, kabylake, default
06-24 03:03:20.173  7832  7832 W app_process: ClassLoaderContext shared library size mismatch. Expected=2, found=0 (PCL[]{PCL[/system/framework/android.test.base.jar*836642756]#PCL[/system/framework/android.test.mock.jar*3186112116]} | PCL[])
06-24 03:03:20.174  7832  7832 W app_process: ClassLoaderContext classpath size mismatch. expected=0, found=1 (PCL[]{PCL[/system/framework/android.test.runner.jar*4168958247]{PCL[/system/framework/android.test.base.jar*836642756]#PCL[/system/framework/android.test.mock.jar*3186112116]}#PCL[/system/framework/android.test.base.jar*836642756]} | PCL[/system/framework/android.test.runner.jar*4168958247])
06-24 03:03:20.188  7832  7832 W libc    : Access denied finding property "ro.product.name_for_attestation"
06-24 03:03:20.188  7832  7832 W libc    : Access denied finding property "ro.product.brand_for_attestation"
06-24 03:03:20.188  7832  7832 W libc    : Access denied finding property "ro.product.model_for_attestation"
06-24 03:03:20.189  7832  7832 D AndroidRuntime: Calling main entry com.android.commands.uiautomator.Launcher
06-24 03:03:20.191  7832  7832 D UiAutomationConnection: Created on user UserHandle{0}
06-24 03:03:20.191  7832  7832 I UiAutomation: Initialized for user 0 on display 0
06-24 03:03:20.191  7832  7832 W UiAutomation: Created with deprecatead constructor, assumes DEFAULT_DISPLAY
06-24 03:03:20.182  7832  7832 W main    : type=1400 audit(0.0:75): avc:  denied  { read } for  name="u:object_r:build_attestation_prop:s0" dev="tmpfs" ino=86 scontext=u:r:shell:s0 tcontext=u:object_r:build_attestation_prop:s0 tclass=file permissive=0
06-24 03:03:20.192   515   915 D AccessibilityManagerService: changeCurrentUserForTestAutomationIfNeededLocked(0): ignoring because device doesn't support visible background users
06-24 03:03:20.192   515   915 I UiAutomationManager: Registering UiTestAutomationService (id=com.android.server.accessibility/UiAutomation) when called by user 0
06-24 03:03:20.182  7832  7832 W main    : type=1400 audit(0.0:76): avc:  denied  { read } for  name="u:object_r:build_attestation_prop:s0" dev="tmpfs" ino=86 scontext=u:r:shell:s0 tcontext=u:object_r:build_attestation_prop:s0 tclass=file permissive=0
06-24 03:03:20.200   515   915 W WindowMagnificationMgr: requestConnection duplicated request: connect=false, mConnectionState=DISCONNECTED
06-24 03:03:20.182  7832  7832 W main    : type=1400 audit(0.0:77): avc:  denied  { read } for  name="u:object_r:build_attestation_prop:s0" dev="tmpfs" ino=86 scontext=u:r:shell:s0 tcontext=u:object_r:build_attestation_prop:s0 tclass=file permissive=0
06-24 03:03:20.201  7832  7846 V UiAutomation: Init UiAutomation@f379ecf[id=9, displayId=0, flags=0]
06-24 03:03:20.201  1643  2808 I AiAiEcho: Settings changed for uri: content://settings/secure/accessibility_enabled
06-24 03:03:20.202  1643  2083 I AiAiEcho: Predicting[0]: 
06-24 03:03:20.202  1643  2083 I AiAiEcho: EchoTargets: 
06-24 03:03:20.202  1643  2083 I AiAiEcho: Filtered by AiAi flag check: 
06-24 03:03:20.202  1643  2083 I AiAiEcho: Ranked targets strategy: SORT, count: 0, ranking metadata: 
06-24 03:03:20.202  1643  2083 I AiAiEcho: Predicting[0]: 
06-24 03:03:20.202  1643  2083 I AiAiEcho: EchoTargets: 
06-24 03:03:20.202  1643  2083 I AiAiEcho: Filtered by AiAi flag check: 
06-24 03:03:20.202  1643  2083 I AiAiEcho: Ranked targets strategy: SORT, count: 0, ranking metadata: 
06-24 03:03:20.203   515   515 D BatterySaverPolicy: accessibility changed to true, updating policy.
06-24 03:03:20.204  1643  2083 I AiAiEcho: #postPredictionTargets: Sending updates to UISurface lockscreen with targets# 0 (types=[])
06-24 03:03:20.205  1643  2083 I AiAiEcho: #postPredictionTargets: Sending updates to UISurface home with targets# 0 (types=[])
06-24 03:03:20.206  1766  2120 I A       : NGA disabled since it's running Panthera and at least one a11y feature is on.
06-24 03:03:20.206  1766  2120 I A       : Nga state changed to NgaStateDetails{state=DISABLED, isSpecialExperience=false}
06-24 03:03:20.207  1646  1736 I A       : APA or Classic session decision: SessionDecision(sessionVariance=CLASSIC, platformVariance=CLASSIC, justification=CURRENT_PLATFORM_VARIANCE).
06-24 03:03:20.207  1646  1736 I A       : [Memory] eligibility: StashEligibility{4}
06-24 03:03:20.209  1646  2145 I A       : Unsubscribed to apa or classic variant change.
06-24 03:03:20.210   515   915 W WindowMagnificationMgr: requestConnection duplicated request: connect=false, mConnectionState=DISCONNECTED
06-24 03:03:20.210  1643  6154 I AiAiEcho: Settings changed for uri: content://settings/secure/accessibility_enabled
06-24 03:03:20.210  1643  2083 I AiAiEcho: Predicting[0]: 
06-24 03:03:20.210  1643  2083 I AiAiEcho: EchoTargets: 
06-24 03:03:20.210  1643  2083 I AiAiEcho: Filtered by AiAi flag check: 
06-24 03:03:20.210  1643  2083 I AiAiEcho: Ranked targets strategy: SORT, count: 0, ranking metadata: 
06-24 03:03:20.210  1643  2083 I AiAiEcho: Predicting[0]: 
06-24 03:03:20.210  1643  2083 I AiAiEcho: EchoTargets: 
06-24 03:03:20.210  1643  2083 I AiAiEcho: Filtered by AiAi flag check: 
06-24 03:03:20.210  1643  2083 I AiAiEcho: Ranked targets strategy: SORT, count: 0, ranking metadata: 
06-24 03:03:20.211  1643  2083 I AiAiEcho: #postPredictionTargets: Sending updates to UISurface lockscreen with targets# 0 (types=[])
06-24 03:03:20.211  1643  2083 I AiAiEcho: #postPredictionTargets: Sending updates to UISurface home with targets# 0 (types=[])
06-24 03:03:20.211   834   834 W PageIndicator: Total number of pages invalid: 0. Assuming 1 page.
06-24 03:03:20.211   834   834 W PageIndicator: Total number of pages invalid: 0. Assuming 1 page.
06-24 03:03:20.216   515  2146 D SafetySourceDataValidator: No cert check requested for package com.google.android.permissioncontroller
06-24 03:03:20.297   515   610 I RoleService: Granting default roles...
06-24 03:03:20.305   836  7783 E RoleControllerServiceImpl: Default/fallback role holder package doesn't qualify for the role, package: com.google.android.gms.supervision, role: android.app.role.SYSTEM_SUPERVISION
06-24 03:03:20.306   836  7783 I Role    : com.google.android.gms not qualified for android.app.role.SYSTEM_CALL_STREAMING due to missing RequiredComponent{mIntentFilterData=IntentFilterData{mAction='android.telecom.CallStreamingService', mCategories='[]', mDataScheme='null', mDataType='null'}, mMinTargetSdkVersion=1, mFlags='0', mPermission='android.permission.BIND_CALL_STREAMING_SERVICE', mQueryFlags=0, mMetaData=[]}
06-24 03:03:20.306   836  7783 E RoleControllerServiceImpl: Default/fallback role holder package doesn't qualify for the role, package: com.google.android.gms, role: android.app.role.SYSTEM_CALL_STREAMING
06-24 03:03:20.307   836  7783 W Role    : Default holder doesn't have required signing certificate: com.google.android.apps.work.clouddpc:23962F4B43B9857638EA66F4D419518EAE282491ACDA4B94707BD59003C45E58
06-24 03:03:21.209  7832  7832 I AccessibilityNodeInfoDumper: Skipping invisible child: android.view.accessibility.AccessibilityNodeInfo@128c3; boundsInParent: Rect(0, 0 - 320, 0); boundsInScreen: Rect(0, 0 - 320, 0); boundsInWindow: Rect(0, 0 - 320, 0); packageName: com.hanapkalinga.mobile; className: android.widget.LinearLayout; text: null; error: null; maxTextLength: -1; stateDescription: null; contentDescription: null; tooltipText: null; containerTitle: null; viewIdResName: null; uniqueId: null; checkable: false; checked: false; focusable: false; focused: false; selected: false; clickable: false; longClickable: false; contextClickable: false; enabled: true; password: false; scrollable: false; importantForAccessibility: false; visible: false; actions: [AccessibilityAction: ACTION_SELECT - null, AccessibilityAction: ACTION_CLEAR_SELECTION - null, AccessibilityAction: ACTION_ACCESSIBILITY_FOCUS - null, AccessibilityAction: ACTION_SHOW_ON_SCREEN - null]; isTextSelectable: false
06-24 03:03:21.209  7832  7832 I AccessibilityNodeInfoDumper: Skipping invisible child: android.view.accessibility.AccessibilityNodeInfo@12502; boundsInParent: Rect(0, 0 - 320, 0); boundsInScreen: Rect(0, 0 - 320, 0); boundsInWindow: Rect(0, 0 - 320, 0); packageName: com.hanapkalinga.mobile; className: android.view.ViewGroup; text: null; error: null; maxTextLength: -1; stateDescription: null; contentDescription: null; tooltipText: null; containerTitle: null; viewIdResName: null; uniqueId: null; checkable: false; checked: false; focusable: false; focused: false; selected: false; clickable: false; longClickable: false; contextClickable: false; enabled: true; password: false; scrollable: false; importantForAccessibility: false; visible: false; actions: [AccessibilityAction: ACTION_SELECT - null, AccessibilityAction: ACTION_CLEAR_SELECTION - null, AccessibilityAction: ACTION_ACCESSIBILITY_FOCUS - null, AccessibilityAction: ACTION_SHOW_ON_SCREEN - null]; isTextSelectable: false
06-24 03:03:21.209  7832  7832 I AccessibilityNodeInfoDumper: Skipping invisible child: android.view.accessibility.AccessibilityNodeInfo@1a4a4; boundsInParent: Rect(0, 0 - 320, 0); boundsInScreen: Rect(0, 0 - 320, 0); boundsInWindow: Rect(0, 0 - 320, 0); packageName: com.hanapkalinga.mobile; className: android.widget.LinearLayout; text: null; error: null; maxTextLength: -1; stateDescription: null; contentDescription: null; tooltipText: null; containerTitle: null; viewIdResName: null; uniqueId: null; checkable: false; checked: false; focusable: false; focused: false; selected: false; clickable: false; longClickable: false; contextClickable: false; enabled: true; password: false; scrollable: false; importantForAccessibility: false; visible: false; actions: [AccessibilityAction: ACTION_SELECT - null, AccessibilityAction: ACTION_CLEAR_SELECTION - null, AccessibilityAction: ACTION_ACCESSIBILITY_FOCUS - null, AccessibilityAction: ACTION_SHOW_ON_SCREEN - null]; isTextSelectable: false
06-24 03:03:21.209  7832  7832 I AccessibilityNodeInfoDumper: Skipping invisible child: android.view.accessibility.AccessibilityNodeInfo@1a0e3; boundsInParent: Rect(0, 0 - 320, 0); boundsInScreen: Rect(0, 0 - 320, 0); boundsInWindow: Rect(0, 0 - 320, 0); packageName: com.hanapkalinga.mobile; className: android.view.ViewGroup; text: null; error: null; maxTextLength: -1; stateDescription: null; contentDescription: null; tooltipText: null; containerTitle: null; viewIdResName: null; uniqueId: null; checkable: false; checked: false; focusable: false; focused: false; selected: false; clickable: false; longClickable: false; contextClickable: false; enabled: true; password: false; scrollable: false; importantForAccessibility: false; visible: false; actions: [AccessibilityAction: ACTION_SELECT - null, AccessibilityAction: ACTION_CLEAR_SELECTION - null, AccessibilityAction: ACTION_ACCESSIBILITY_FOCUS - null, AccessibilityAction: ACTION_SHOW_ON_SCREEN - null]; isTextSelectable: false
06-24 03:03:21.214  7832  7832 W AccessibilityNodeInfoDumper: Fetch time: 7ms
06-24 03:03:21.215   515  2146 W WindowMagnificationMgr: requestConnection duplicated request: connect=false, mConnectionState=DISCONNECTED
06-24 03:03:21.215   515  2146 D AccessibilityManagerService: restoreCurrentUserForTestAutomationIfNeededLocked(): ignoring because device doesn't support visible background users
06-24 03:03:21.215  7832  7832 D AndroidRuntime: Shutting down VM
06-24 03:03:21.216  1643  6154 I AiAiEcho: Settings changed for uri: content://settings/secure/accessibility_enabled
06-24 03:03:21.217   515   515 D BatterySaverPolicy: accessibility changed to false, updating policy.
06-24 03:03:21.219  1643  2083 I AiAiEcho: Predicting[0]: 
06-24 03:03:21.219  1643  2083 I AiAiEcho: EchoTargets: 
06-24 03:03:21.219  1643  2083 I AiAiEcho: Filtered by AiAi flag check: 
06-24 03:03:21.219  1643  2083 I AiAiEcho: Ranked targets strategy: SORT, count: 0, ranking metadata: 
06-24 03:03:21.219  1766  2120 I A       : NGA enabled in interactor.
06-24 03:03:21.219  1766  2120 I A       : Nga state changed to NgaStateDetails{state=ENABLED, isSpecialExperience=false}
06-24 03:03:21.219  1643  2083 I AiAiEcho: Predicting[0]: 
06-24 03:03:21.219  1643  2083 I AiAiEcho: EchoTargets: 
06-24 03:03:21.219  1643  2083 I AiAiEcho: Filtered by AiAi flag check: 
06-24 03:03:21.219  1643  2083 I AiAiEcho: Ranked targets strategy: SORT, count: 0, ranking metadata: 
06-24 03:03:21.220  1643  2083 I AiAiEcho: #postPredictionTargets: Sending updates to UISurface lockscreen with targets# 0 (types=[])
06-24 03:03:21.220  1646  1682 I A       : Initializing all components
06-24 03:03:21.220  1646  1682 I A       : APA or Classic session decision: SessionDecision(sessionVariance=CLASSIC, platformVariance=CLASSIC, justification=CURRENT_PLATFORM_VARIANCE).
06-24 03:03:21.221  1646  2145 I A       : onIsEnabledChanged, isEnabled: false
06-24 03:03:21.221  1646  1682 I A       : [Memory] eligibility: StashEligibility{6}
06-24 03:03:21.221  1643  2083 I AiAiEcho: #postPredictionTargets: Sending updates to UISurface home with targets# 0 (types=[])
06-24 03:03:21.221  1646  2122 I A       : State changed: IDLE => IDLE by NGA_STATE_CHANGED and N/A with Optional.empty
06-24 03:03:21.221  1646  2122 I A       : Recognizer choice: (recognizer_type: 1, recognizer_mode: 1, choice_reason: 4)
06-24 03:03:21.222  1646  2122 I A       : onActiveStateChangeEvent: IDLE => IDLE
06-24 03:03:21.222  1646  2122 I A       : #onActiveStateChangeEvent, newState: IDLE, previousState: IDLE.
06-24 03:03:21.224  1646  2145 W A       : Disposing empty manager. Did you forgot to subscribe observables?
06-24 03:03:21.224  1646  2145 W A       : Disposing empty manager. Did you forgot to subscribe observables?
06-24 03:03:21.224  1646  2145 W A       : Disposing empty manager. Did you forgot to subscribe observables?
06-24 03:03:21.224  1646  2145 W A       : Disposing empty manager. Did you forgot to subscribe observables?
06-24 03:03:21.224  1646  2145 W A       : Disposing empty manager. Did you forgot to subscribe observables?
06-24 03:03:21.224  1646  2145 W A       : Disposing empty manager. Did you forgot to subscribe observables?
06-24 03:03:21.224  1646  2145 W A       : Disposing empty manager. Did you forgot to subscribe observables?
06-24 03:03:21.225  1646  2145 W A       : Disposing empty manager. Did you forgot to subscribe observables?
06-24 03:03:21.225  1646  2145 W A       : Disposing empty manager. Did you forgot to subscribe observables?
06-24 03:03:21.225  1646  2145 W A       : Disposing empty manager. Did you forgot to subscribe observables?
06-24 03:03:21.225  1646  2145 I A       : onOpaVisibilityChanged: false
06-24 03:03:21.225  1646  2145 W A       : Disposing empty manager. Did you forgot to subscribe observables?
06-24 03:03:21.225  1646  2145 W A       : Disposing empty manager. Did you forgot to subscribe observables?
06-24 03:03:21.225  1646  2145 W A       : Disposing empty manager. Did you forgot to subscribe observables?
06-24 03:03:21.225  1646  2145 W A       : Disposing empty manager. Did you forgot to subscribe observables?
06-24 03:03:21.225  1646  2145 W A       : Disposing empty manager. Did you forgot to subscribe observables?
06-24 03:03:21.225  1646  2145 W A       : Disposing empty manager. Did you forgot to subscribe observables?
06-24 03:03:21.225  1646  2145 I A       : Setting session to type: NO_SESSION
06-24 03:03:21.225  1646  2145 W A       : Disposing empty manager. Did you forgot to subscribe observables?
06-24 03:03:21.225  1646  2145 W A       : Disposing empty manager. Did you forgot to subscribe observables?
06-24 03:03:21.225  1646  2145 W A       : Disposing empty manager. Did you forgot to subscribe observables?
06-24 03:03:21.225  1646  2145 W A       : Disposing empty manager. Did you forgot to subscribe observables?
06-24 03:03:21.225  1646  2145 W A       : Disposing empty manager. Did you forgot to subscribe observables?
06-24 03:03:21.225  1646  2145 W A       : Disposing empty manager. Did you forgot to subscribe observables?
06-24 03:03:21.225  1646  2145 W A       : Disposing empty manager. Did you forgot to subscribe observables?
06-24 03:03:21.225  1646  2145 W A       : Disposing empty manager. Did you forgot to subscribe observables?
06-24 03:03:21.225  1646  2145 I A       : setNavBarVisible: GestureNavBarVisible{navbarVisible=true}
06-24 03:03:21.225  1646  2145 W A       : Disposing empty manager. Did you forgot to subscribe observables?
06-24 03:03:21.225  1646  2145 W A       : Disposing empty manager. Did you forgot to subscribe observables?
06-24 03:03:21.226  1646  2145 W A       : Disposing empty manager. Did you forgot to subscribe observables?
06-24 03:03:21.226  1646  2145 W A       : Disposing empty manager. Did you forgot to subscribe observables?
06-24 03:03:21.226  1646  2145 W A       : Disposing empty manager. Did you forgot to subscribe observables?
06-24 03:03:21.226  1646  2145 W A       : Disposing empty manager. Did you forgot to subscribe observables?
06-24 03:03:21.226  1646  2145 I A       : onDisabled. Registered: false
06-24 03:03:21.228   834   834 W PageIndicator: Total number of pages invalid: 0. Assuming 1 page.
06-24 03:03:21.231  1646  2122 I A       : on opa visibility changed false
06-24 03:03:21.232  1646  2122 I A       : on opa visibility changed false
06-24 03:03:21.233  1646  2122 I NgaEntryPointEventSendr: setupConnection
06-24 03:03:21.235  1766  1766 I A       : Creating pss binder().
06-24 03:03:21.236  1646  2122 I NgaEntryPointEventSendr: State changed: Disconnected => Connecting
06-24 03:03:21.236  1646  2122 I NgaEntryPointEventSendr: onServiceConnected
06-24 03:03:21.236  1766  4937 I A       : Calling beginBinderSession().
06-24 03:03:21.236  1766  4937 I A       : beginBinderSession(): calling binder
06-24 03:03:21.236  1646  2122 I NgaEntryPointEventSendr: State changed: Connecting => Ready
06-24 03:03:21.237  1646  2122 I A       : stopListening(NGA_PAUSED_UNKNOWN_REASON, NGA_CREATE), idleOverride=NOT_LISTENING
06-24 03:03:21.238  1646  2145 I A       : Initialize
06-24 03:03:21.238   515  2146 W ActivityManager: Unable to start service Intent { cmp=com.google.android.apps.tachyon/.clientapi.ClientApiService } U=0: not found
06-24 03:03:21.244  1766  2707 I PBSessionCacheImpl: Deleted sessionId[7768732408421613] from persistence.
06-24 03:03:21.244  1646  2122 I NgaEntryPointEventSendr: State changed: Ready => Disconnected (onOpaDisconnected)
06-24 03:03:21.245  1766  2218 W A       : UiCallbackStub-onGenericEvent[ServiceEvent = 60] task was not run. Callback from Service received after client was disposed.
06-24 03:03:21.247  1766  2218 W SearchServiceCore: Abort, client detached.
06-24 03:03:21.249  1646  2122 I A       : Successfully initialized all components
06-24 03:03:21.664  7568  7592 D EGL_emulation: app_time_stats: avg=499.89ms min=499.68ms max=500.23ms count=3
