06-24 03:04:36.467   834   834 W PageIndicator: Total number of pages invalid: 0. Assuming 1 page.
06-24 03:04:36.467   515  1746 D SafetySourceDataValidator: No cert check requested for package com.google.android.permissioncontroller
06-24 03:04:36.469  1766  2102 I A       : NGA disabled since it's running Panthera and at least one a11y feature is on.
06-24 03:04:36.469  1766  2102 I A       : Nga state changed to NgaStateDetails{state=DISABLED, isSpecialExperience=false}
06-24 03:04:36.470  1646  4704 I A       : APA or Classic session decision: SessionDecision(sessionVariance=CLASSIC, platformVariance=CLASSIC, justification=CURRENT_PLATFORM_VARIANCE).
06-24 03:04:36.470  1646  2122 I A       : Unsubscribed to apa or classic variant change.
06-24 03:04:36.470  1646  4704 I A       : [Memory] eligibility: StashEligibility{4}
06-24 03:04:36.530  8088  8108 D EGL_emulation: app_time_stats: avg=499.19ms min=498.72ms max=499.77ms count=3
06-24 03:04:36.646   515   610 I RoleService: Granting default roles...
06-24 03:04:36.659   836  8276 E RoleControllerServiceImpl: Default/fallback role holder package doesn't qualify for the role, package: com.google.android.gms.supervision, role: android.app.role.SYSTEM_SUPERVISION
06-24 03:04:36.660   836  8276 I Role    : com.google.android.gms not qualified for android.app.role.SYSTEM_CALL_STREAMING due to missing RequiredComponent{mIntentFilterData=IntentFilterData{mAction='android.telecom.CallStreamingService', mCategories='[]', mDataScheme='null', mDataType='null'}, mMinTargetSdkVersion=1, mFlags='0', mPermission='android.permission.BIND_CALL_STREAMING_SERVICE', mQueryFlags=0, mMetaData=[]}
06-24 03:04:36.660   836  8276 E RoleControllerServiceImpl: Default/fallback role holder package doesn't qualify for the role, package: com.google.android.gms, role: android.app.role.SYSTEM_CALL_STREAMING
06-24 03:04:36.661   836  8276 W Role    : Default holder doesn't have required signing certificate: com.google.android.apps.work.clouddpc:23962F4B43B9857638EA66F4D419518EAE282491ACDA4B94707BD59003C45E58
06-24 03:04:37.472  8337  8337 I AccessibilityNodeInfoDumper: Skipping invisible child: android.view.accessibility.AccessibilityNodeInfo@128d3; boundsInParent: Rect(0, 0 - 320, 0); boundsInScreen: Rect(0, 0 - 320, 0); boundsInWindow: Rect(0, 0 - 320, 0); packageName: com.hanapkalinga.mobile; className: android.widget.LinearLayout; text: null; error: null; maxTextLength: -1; stateDescription: null; contentDescription: null; tooltipText: null; containerTitle: null; viewIdResName: null; uniqueId: null; checkable: false; checked: false; focusable: false; focused: false; selected: false; clickable: false; longClickable: false; contextClickable: false; enabled: true; password: false; scrollable: false; importantForAccessibility: false; visible: false; actions: [AccessibilityAction: ACTION_SELECT - null, AccessibilityAction: ACTION_CLEAR_SELECTION - null, AccessibilityAction: ACTION_ACCESSIBILITY_FOCUS - null, AccessibilityAction: ACTION_SHOW_ON_SCREEN - null]; isTextSelectable: false
06-24 03:04:37.472  8337  8337 I AccessibilityNodeInfoDumper: Skipping invisible child: android.view.accessibility.AccessibilityNodeInfo@12512; boundsInParent: Rect(0, 0 - 320, 0); boundsInScreen: Rect(0, 0 - 320, 0); boundsInWindow: Rect(0, 0 - 320, 0); packageName: com.hanapkalinga.mobile; className: android.view.ViewGroup; text: null; error: null; maxTextLength: -1; stateDescription: null; contentDescription: null; tooltipText: null; containerTitle: null; viewIdResName: null; uniqueId: null; checkable: false; checked: false; focusable: false; focused: false; selected: false; clickable: false; longClickable: false; contextClickable: false; enabled: true; password: false; scrollable: false; importantForAccessibility: false; visible: false; actions: [AccessibilityAction: ACTION_SELECT - null, AccessibilityAction: ACTION_CLEAR_SELECTION - null, AccessibilityAction: ACTION_ACCESSIBILITY_FOCUS - null, AccessibilityAction: ACTION_SHOW_ON_SCREEN - null]; isTextSelectable: false
06-24 03:04:37.472  8337  8337 I AccessibilityNodeInfoDumper: Skipping invisible child: android.view.accessibility.AccessibilityNodeInfo@1a4b4; boundsInParent: Rect(0, 0 - 320, 0); boundsInScreen: Rect(0, 0 - 320, 0); boundsInWindow: Rect(0, 0 - 320, 0); packageName: com.hanapkalinga.mobile; className: android.widget.LinearLayout; text: null; error: null; maxTextLength: -1; stateDescription: null; contentDescription: null; tooltipText: null; containerTitle: null; viewIdResName: null; uniqueId: null; checkable: false; checked: false; focusable: false; focused: false; selected: false; clickable: false; longClickable: false; contextClickable: false; enabled: true; password: false; scrollable: false; importantForAccessibility: false; visible: false; actions: [AccessibilityAction: ACTION_SELECT - null, AccessibilityAction: ACTION_CLEAR_SELECTION - null, AccessibilityAction: ACTION_ACCESSIBILITY_FOCUS - null, AccessibilityAction: ACTION_SHOW_ON_SCREEN - null]; isTextSelectable: false
06-24 03:04:37.472  8337  8337 I AccessibilityNodeInfoDumper: Skipping invisible child: android.view.accessibility.AccessibilityNodeInfo@1a0f3; boundsInParent: Rect(0, 0 - 320, 0); boundsInScreen: Rect(0, 0 - 320, 0); boundsInWindow: Rect(0, 0 - 320, 0); packageName: com.hanapkalinga.mobile; className: android.view.ViewGroup; text: null; error: null; maxTextLength: -1; stateDescription: null; contentDescription: null; tooltipText: null; containerTitle: null; viewIdResName: null; uniqueId: null; checkable: false; checked: false; focusable: false; focused: false; selected: false; clickable: false; longClickable: false; contextClickable: false; enabled: true; password: false; scrollable: false; importantForAccessibility: false; visible: false; actions: [AccessibilityAction: ACTION_SELECT - null, AccessibilityAction: ACTION_CLEAR_SELECTION - null, AccessibilityAction: ACTION_ACCESSIBILITY_FOCUS - null, AccessibilityAction: ACTION_SHOW_ON_SCREEN - null]; isTextSelectable: false
06-24 03:04:37.473  8337  8337 W AccessibilityNodeInfoDumper: Fetch time: 5ms
06-24 03:04:37.474   515  2529 W WindowMagnificationMgr: requestConnection duplicated request: connect=false, mConnectionState=DISCONNECTED
06-24 03:04:37.474   515  2529 D AccessibilityManagerService: restoreCurrentUserForTestAutomationIfNeededLocked(): ignoring because device doesn't support visible background users
06-24 03:04:37.474  1643  3990 I AiAiEcho: Settings changed for uri: content://settings/secure/accessibility_enabled
06-24 03:04:37.475  1643  2083 I AiAiEcho: Predicting[0]: 
06-24 03:04:37.475  1643  2083 I AiAiEcho: EchoTargets: 
06-24 03:04:37.475  1643  2083 I AiAiEcho: Filtered by AiAi flag check: 
06-24 03:04:37.475  1643  2083 I AiAiEcho: Ranked targets strategy: SORT, count: 0, ranking metadata: 
06-24 03:04:37.475  1643  2083 I AiAiEcho: Predicting[0]: 
06-24 03:04:37.475  1643  2083 I AiAiEcho: EchoTargets: 
06-24 03:04:37.475  1643  2083 I AiAiEcho: Filtered by AiAi flag check: 
06-24 03:04:37.475  1643  2083 I AiAiEcho: Ranked targets strategy: SORT, count: 0, ranking metadata: 
06-24 03:04:37.475  1643  2083 I AiAiEcho: #postPredictionTargets: Sending updates to UISurface lockscreen with targets# 0 (types=[])
06-24 03:04:37.475  1643  2083 I AiAiEcho: #postPredictionTargets: Sending updates to UISurface home with targets# 0 (types=[])
06-24 03:04:37.476   834   834 W PageIndicator: Total number of pages invalid: 0. Assuming 1 page.
06-24 03:04:37.476  8337  8337 D AndroidRuntime: Shutting down VM
06-24 03:04:37.477   515   515 D BatterySaverPolicy: accessibility changed to false, updating policy.
06-24 03:04:37.481  1766  2120 I A       : NGA enabled in interactor.
06-24 03:04:37.481  1766  2120 I A       : Nga state changed to NgaStateDetails{state=ENABLED, isSpecialExperience=false}
06-24 03:04:37.483  1646  1736 I A       : Initializing all components
06-24 03:04:37.484  1646  1736 I A       : APA or Classic session decision: SessionDecision(sessionVariance=CLASSIC, platformVariance=CLASSIC, justification=CURRENT_PLATFORM_VARIANCE).
06-24 03:04:37.484  1646  1736 I A       : [Memory] eligibility: StashEligibility{6}
06-24 03:04:37.484  1646  2122 I A       : onIsEnabledChanged, isEnabled: false
06-24 03:04:37.484  1646  2122 W A       : Disposing empty manager. Did you forgot to subscribe observables?
06-24 03:04:37.484  1646  2122 W A       : Disposing empty manager. Did you forgot to subscribe observables?
06-24 03:04:37.484  1646  2122 W A       : Disposing empty manager. Did you forgot to subscribe observables?
06-24 03:04:37.484  1646  2122 W A       : Disposing empty manager. Did you forgot to subscribe observables?
06-24 03:04:37.484  1646  2122 W A       : Disposing empty manager. Did you forgot to subscribe observables?
06-24 03:04:37.484  1646  2122 W A       : Disposing empty manager. Did you forgot to subscribe observables?
06-24 03:04:37.485  1646  2145 I A       : State changed: IDLE => IDLE by NGA_STATE_CHANGED and N/A with Optional.empty
06-24 03:04:37.485  1646  2145 I A       : Recognizer choice: (recognizer_type: 1, recognizer_mode: 1, choice_reason: 4)
06-24 03:04:37.485  1646  2145 I A       : onActiveStateChangeEvent: IDLE => IDLE
06-24 03:04:37.485  1646  2145 I A       : #onActiveStateChangeEvent, newState: IDLE, previousState: IDLE.
06-24 03:04:37.485  1646  2122 W A       : Disposing empty manager. Did you forgot to subscribe observables?
06-24 03:04:37.485  1646  2122 W A       : Disposing empty manager. Did you forgot to subscribe observables?
06-24 03:04:37.485  1646  2122 W A       : Disposing empty manager. Did you forgot to subscribe observables?
06-24 03:04:37.486  1646  2122 W A       : Disposing empty manager. Did you forgot to subscribe observables?
06-24 03:04:37.486  1646  2122 I A       : onOpaVisibilityChanged: false
06-24 03:04:37.486  1646  2122 W A       : Disposing empty manager. Did you forgot to subscribe observables?
06-24 03:04:37.486  1646  2122 W A       : Disposing empty manager. Did you forgot to subscribe observables?
06-24 03:04:37.486  1646  2122 W A       : Disposing empty manager. Did you forgot to subscribe observables?
06-24 03:04:37.486  1646  2122 W A       : Disposing empty manager. Did you forgot to subscribe observables?
06-24 03:04:37.486  1646  2122 W A       : Disposing empty manager. Did you forgot to subscribe observables?
06-24 03:04:37.486  1646  2122 W A       : Disposing empty manager. Did you forgot to subscribe observables?
06-24 03:04:37.486  1646  2122 I A       : Setting session to type: NO_SESSION
06-24 03:04:37.486  1646  2122 W A       : Disposing empty manager. Did you forgot to subscribe observables?
06-24 03:04:37.486  1646  2122 W A       : Disposing empty manager. Did you forgot to subscribe observables?
06-24 03:04:37.486  1646  2122 W A       : Disposing empty manager. Did you forgot to subscribe observables?
06-24 03:04:37.486  1646  2122 W A       : Disposing empty manager. Did you forgot to subscribe observables?
06-24 03:04:37.486  1646  2122 W A       : Disposing empty manager. Did you forgot to subscribe observables?
06-24 03:04:37.486  1646  2122 W A       : Disposing empty manager. Did you forgot to subscribe observables?
06-24 03:04:37.486  1646  2122 W A       : Disposing empty manager. Did you forgot to subscribe observables?
06-24 03:04:37.486  1646  2122 W A       : Disposing empty manager. Did you forgot to subscribe observables?
06-24 03:04:37.486  1646  2122 I A       : setNavBarVisible: GestureNavBarVisible{navbarVisible=true}
06-24 03:04:37.486  1646  2122 W A       : Disposing empty manager. Did you forgot to subscribe observables?
06-24 03:04:37.486  1646  2122 W A       : Disposing empty manager. Did you forgot to subscribe observables?
06-24 03:04:37.486  1646  2122 W A       : Disposing empty manager. Did you forgot to subscribe observables?
06-24 03:04:37.486  1646  2122 W A       : Disposing empty manager. Did you forgot to subscribe observables?
06-24 03:04:37.486  1646  2122 W A       : Disposing empty manager. Did you forgot to subscribe observables?
06-24 03:04:37.486  1646  2122 W A       : Disposing empty manager. Did you forgot to subscribe observables?
06-24 03:04:37.486  1646  2122 I A       : onDisabled. Registered: false
06-24 03:04:37.487  1646  2145 I A       : on opa visibility changed false
06-24 03:04:37.487  1646  2145 I A       : on opa visibility changed false
06-24 03:04:37.490  1646  2145 I NgaEntryPointEventSendr: setupConnection
06-24 03:04:37.492  1766  1766 I A       : Creating pss binder().
06-24 03:04:37.653     0     0 W healthd : battery l=100 v=5000 t=25.0 h=2 st=2 c=900000 fc=3000000 cc=10 chg=a
06-24 03:04:37.492  1646  2145 I NgaEntryPointEventSendr: State changed: Disconnected => Connecting
06-24 03:04:37.493  1646  2145 I NgaEntryPointEventSendr: onServiceConnected
06-24 03:04:37.493  1766  1824 I A       : Calling beginBinderSession().
06-24 03:04:37.493  1766  1824 I A       : beginBinderSession(): calling binder
06-24 03:04:37.493  1646  2145 I NgaEntryPointEventSendr: State changed: Connecting => Ready
06-24 03:04:37.494  1646  2145 I A       : stopListening(NGA_PAUSED_UNKNOWN_REASON, NGA_CREATE), idleOverride=NOT_LISTENING
06-24 03:04:37.497   515   915 W ActivityManager: Unable to start service Intent { cmp=com.google.android.apps.tachyon/.clientapi.ClientApiService } U=0: not found
06-24 03:04:37.498  1646  2122 I A       : Initialize
06-24 03:04:37.505  1646  2122 I NgaEntryPointEventSendr: State changed: Ready => Disconnected (onOpaDisconnected)
06-24 03:04:37.505  1766  2666 I PBSessionCacheImpl: Deleted sessionId[7768732408421619] from persistence.
06-24 03:04:37.505  1766  2218 W A       : UiCallbackStub-onGenericEvent[ServiceEvent = 60] task was not run. Callback from Service received after client was disposed.
06-24 03:04:37.506  1646  2122 I A       : Successfully initialized all components
06-24 03:04:37.507  1766  2218 W SearchServiceCore: Abort, client detached.
06-24 03:04:37.531  8088  8108 D EGL_emulation: app_time_stats: avg=500.10ms min=500.04ms max=500.16ms count=2
06-24 03:04:37.947  8000  8002 I AidlLazyServiceRegistrar: Process has 0 (of 1 available) client(s) in use after notification artd has clients: 0
06-24 03:04:37.947  8000  8002 I AidlLazyServiceRegistrar: Trying to shut down the service. No clients in use for any service in process.
06-24 03:04:38.111     0     0 I servicemanager: Notifying artd they don't (previously: do) have clients when we now have no record of a client
06-24 03:04:38.114     0     0 I servicemanager: Unregistering artd
06-24 03:04:37.950  8000  8002 I AidlLazyServiceRegistrar: Unregistered all clients and exiting
06-24 03:04:38.115     0     0 I BpBinder: onLastStrongRef automatically unlinking death recipients:
06-24 03:04:38.117     0     0 I init    : Service 'artd' (pid 8000) exited with status 0 oneshot service took 67.860001 seconds in background
06-24 03:04:38.119     0     0 I init    : Sending signal 9 to service 'artd' (pid 8000) process group...
06-24 03:04:38.121     0     0 I libprocessgroup: Successfully killed process cgroup uid 1082 pid 8000 in 0ms
