06-24 07:04:23.951  1621  2118 W A       : Disposing empty manager. Did you forgot to subscribe observables?
06-24 07:04:23.951  1621  2118 W A       : Disposing empty manager. Did you forgot to subscribe observables?
06-24 07:04:23.951  1621  2118 W A       : Disposing empty manager. Did you forgot to subscribe observables?
06-24 07:04:23.951  1621  2118 W A       : Disposing empty manager. Did you forgot to subscribe observables?
06-24 07:04:23.951  1621  2118 W A       : Disposing empty manager. Did you forgot to subscribe observables?
06-24 07:04:23.951  1621  2118 W A       : Disposing empty manager. Did you forgot to subscribe observables?
06-24 07:04:23.951  1621  2118 I A       : onDisabled. Registered: false
06-24 07:04:23.952  1621  2134 I A       : onActiveStateChangeEvent: IDLE => IDLE
06-24 07:04:23.952  1621  2134 I A       : #onActiveStateChangeEvent, newState: IDLE, previousState: IDLE.
06-24 07:04:23.954  1621  2118 I A       : stopListening(NGA_PAUSED_UNKNOWN_REASON, NGA_CREATE), idleOverride=NOT_LISTENING
06-24 07:04:23.955  1621  2134 I A       : Initialize
06-24 07:04:23.956  1621  2118 I NgaEntryPointEventSendr: setupConnection
06-24 07:04:23.962  1762  1762 I A       : Creating pss binder().
06-24 07:04:23.962  1621  2118 I NgaEntryPointEventSendr: State changed: Disconnected => Connecting
06-24 07:04:23.966  1621  2134 I NgaEntryPointEventSendr: onServiceConnected
06-24 07:04:23.967  1762  2320 I A       : Calling beginBinderSession().
06-24 07:04:23.967  1762  2320 I A       : beginBinderSession(): calling binder
06-24 07:04:23.967  1621  2134 I NgaEntryPointEventSendr: State changed: Connecting => Ready
06-24 07:04:23.969  1621  2118 I A       : Successfully initialized all components
06-24 07:04:23.970   519  1703 W ActivityManager: Unable to start service Intent { cmp=com.google.android.apps.tachyon/.clientapi.ClientApiService } U=0: not found
06-24 07:04:23.985  5447  7075 I NetworkScheduler.Stats: Task com.google.android.gms/com.google.android.gms.ipa.base.IpaGcmTaskService started execution. cause:9 exec_start_elapsed_seconds: 162 [CONTEXT service_id=218 ]
06-24 07:04:23.989  5447  6953 I NetworkScheduler.Stats: Task com.google.android.gms/com.google.android.gms.ipa.base.IpaGcmTaskService finished executing. cause:9 result: 1 elapsed_millis: 11 uptime_millis: 11 exec_start_elapsed_seconds: 162 [CONTEXT service_id=218 ]
06-24 07:04:23.994  1621  2134 I NgaEntryPointEventSendr: State changed: Ready => Disconnected (onOpaDisconnected)
06-24 07:04:23.995  1762  2390 W A       : UiCallbackStub-onGenericEvent[ServiceEvent = 60] task was not run. Callback from Service received after client was disposed.
06-24 07:04:23.996  1762  2390 W SearchServiceCore: Abort, client detached.
06-24 07:04:23.997  1762  2390 W SearchServiceCore: Abort, client detached.
06-24 07:04:23.997  1762  2390 W SearchServiceCore: Abort, client detached.
06-24 07:04:23.997  1762  2390 W SearchServiceCore: Abort, client detached.
06-24 07:04:23.997  1762  2390 W SearchServiceCore: Abort, client detached.
06-24 07:04:23.998  1762  2388 I PBSessionCacheImpl: Deleted sessionId[7751140237086660] from persistence.
06-24 07:04:24.020  1621  1621 V ClearcutMetricXmitter: Transmission is done.
06-24 07:04:24.391  1762  6904 E MDD     : DownloadProgressMonitor: Can't find file group for uri: android://com.google.android.googlequicksearchbox/files/datadownload/shared/public/datadownloadfile_1782284562406_1d48ae4b292cd15bc945ae5ddedb9565d268f7e2
06-24 07:04:24.468  1762  2575 E MDD     : DownloadProgressMonitor: Can't find file group for uri: android://com.google.android.googlequicksearchbox/files/datadownload/shared/public/datadownloadfile_1782284562407_a64a3f98d26fa7e7180cd6d29bf44fced216fc32
06-24 07:04:24.470  1762  2605 D t       : Starting download: https://dl.google.com/assistant/nga/1/c11ffd9ddd4f0c6433a5cb07a437812b735fa547.mddz
06-24 07:04:24.470  1762  2605 V t       : Is http uri, downloading (uri: https://dl.google.com/assistant/nga/1/c11ffd9ddd4f0c6433a5cb07a437812b735fa547.mddz)
06-24 07:04:24.472  1762  6904 D t       : Starting download: https://dl.google.com/assistant/nga/1/1658155c551c182a9c9cbdff0bc6cd4293920bc3.mddz
06-24 07:04:24.472  1762  6904 V t       : Is http uri, downloading (uri: https://dl.google.com/assistant/nga/1/1658155c551c182a9c9cbdff0bc6cd4293920bc3.mddz)
06-24 07:04:24.498  1762  6904 E MDD     : DownloadProgressMonitor: Can't find file group for uri: android://com.google.android.googlequicksearchbox/files/datadownload/shared/public/datadownloadfile_1782284562409_b56351a773b9354cf1ebcacf86f309b6489173ac
06-24 07:04:24.520  1762  2605 E MDD     : DownloadProgressMonitor: Can't find file group for uri: android://com.google.android.googlequicksearchbox/files/datadownload/shared/public/datadownloadfile_1782284562408_5e9da2701f510020f2592c1e5b468922569445d7
06-24 07:04:24.523  1762  2575 D t       : Starting download: https://www.gstatic.com/federated_assistant/policy_config_federated_hotword-v610555528.binarypb
06-24 07:04:24.523  1762  2575 V t       : Is http uri, downloading (uri: https://www.gstatic.com/federated_assistant/policy_config_federated_hotword-v610555528.binarypb)
06-24 07:04:24.536  1762  2575 E MDD     : DownloadProgressMonitor: Can't find file group for uri: android://com.google.android.googlequicksearchbox/files/datadownload/shared/public/datadownloadfile_1782284562405
06-24 07:04:24.552  1762  6905 E SingleDataFileGroupPop: Failed to add file group 
06-24 07:04:24.552  1762  6905 E PhFileGroupPop: Failed to add file group 
06-24 07:04:24.552  1762  6905 E PhFileGroupPop: Failed to add file group 
06-24 07:04:24.552  1762  6905 E PhFileGroupPop: Failed to add file group 
06-24 07:04:24.552  1762  6905 E PhFileGroupPop: Failed to add file group 
06-24 07:04:24.552  1762  6905 E PhFileGroupPop: Failed to add file group 
06-24 07:04:24.552  1762  6905 E d       : RuntimeException while executing runnable cb{com.google.apps.tiktok.tracing.ej@91eb89c} with executor MoreExecutors.directExecutor()
06-24 07:04:24.552  1762  6905 E d       : java.lang.NullPointerException: Attempt to read from field 'java.lang.String com.google.android.libraries.mdi.download.ae.b' on a null object reference in method 'void com.google.android.libraries.mdi.download.h.bq.gH(java.lang.Object)'
06-24 07:04:24.552  1762  6905 E d       : 	at com.google.android.libraries.mdi.download.h.bq.gH(PG:2)
06-24 07:04:24.552  1762  6905 E d       : 	at com.google.apps.tiktok.tracing.ej.gH(PG:2)
06-24 07:04:24.552  1762  6905 E d       : 	at com.google.common.util.concurrent.cb.run(PG:7)
06-24 07:04:24.552  1762  6905 E d       : 	at com.google.common.util.concurrent.bf.execute(PG:1)
06-24 07:04:24.552  1762  6905 E d       : 	at com.google.common.util.concurrent.d.i(PG:1)
06-24 07:04:24.552  1762  6905 E d       : 	at com.google.common.util.concurrent.d.iq(PG:5)
06-24 07:04:24.552  1762  6905 E d       : 	at com.google.common.util.concurrent.ci.t(PG:1)
06-24 07:04:24.552  1762  6905 E d       : 	at com.google.android.libraries.mdi.download.h.bu.b(PG:26)
06-24 07:04:24.552  1762  6905 E d       : 	at com.google.android.libraries.mdi.download.gs.p(PG:3)
06-24 07:04:24.552  1762  6905 E d       : 	at com.google.android.libraries.mdi.download.gf.apply(Unknown Source:4)
06-24 07:04:24.552  1762  6905 E d       : 	at com.google.apps.tiktok.tracing.eo.apply(PG:2)
06-24 07:04:24.552  1762  6905 E d       : 	at com.google.common.util.concurrent.h.e(PG:2)
06-24 07:04:24.552  1762  6905 E d       : 	at com.google.common.util.concurrent.j.run(PG:9)
06-24 07:04:24.552  1762  6905 E d       : 	at com.google.common.util.concurrent.do.run(PG:4)
06-24 07:04:24.552  1762  6905 E d       : 	at com.google.android.libraries.i.ae.run(PG:1)
06-24 07:04:24.552  1762  6905 E d       : 	at java.util.concurrent.ThreadPoolExecutor.runWorker(ThreadPoolExecutor.java:1145)
06-24 07:04:24.552  1762  6905 E d       : 	at java.util.concurrent.ThreadPoolExecutor$Worker.run(ThreadPoolExecutor.java:644)
06-24 07:04:24.552  1762  6905 E d       : 	at com.google.android.libraries.i.i.run(PG:2)
06-24 07:04:24.552  1762  6905 E d       : 	at com.google.android.libraries.i.p.run(PG:4)
06-24 07:04:24.552  1762  6905 E d       : 	at java.lang.Thread.run(Thread.java:1012)
06-24 07:04:24.553  1762  6905 E PhFileGroupPop: Failed to add file group 
06-24 07:04:24.553  1762  6905 E PhFileGroupPop: Failed to add file group 
06-24 07:04:24.553  1762  6905 E PhFileGroupPop: Failed to add file group 
06-24 07:04:24.553  1762  6905 I A       : Download file group for language pack: en-US
06-24 07:04:24.553  1762  6905 W A       : Locale en-US is not compatible, please check manifest exists
06-24 07:04:24.554  1762  6905 I A       : Using proto config with mendel
06-24 07:04:24.554  1762  6905 I A       : Using proto config with mendel
06-24 07:04:24.554  1762  2605 I A       : Starting new batch; batchId=2 corpus=1008
06-24 07:04:24.554  1762  2577 I A       : Joining existing batch; batchId=2 corpus=1015
06-24 07:04:24.554  1762  2575 I A       : Joining existing batch; batchId=2 corpus=1004
06-24 07:04:24.554  1762  6905 I A       : Using proto config with mendel
06-24 07:04:24.554  1762  6905 I A       : Merging legacy hotword config map with new proto.
06-24 07:04:24.555  1762  6905 I A       : Adding from config to map. Locale: cmn-Hant-TW modelPrefix: x_google Location:4e7cae00daee30ec565c34e3aa67a51f isSpeakerIdSupported: true
06-24 07:04:24.555  1762  6905 I A       : Adding from config to map. Locale: id-ID modelPrefix: x_google Location:cfffcc1a4c1c084c003c8eb27f73d770 isSpeakerIdSupported: true
06-24 07:04:24.555  1762  6905 I A       : Adding from config to map. Locale: ko-KR modelPrefix: x_google Location:0b132163a2eb2c1194b202067475724b isSpeakerIdSupported: true
06-24 07:04:24.555  1762  6905 I A       : Skipping. Expected model: 2 Found: 1
06-24 07:04:24.555  1762  6905 I A       : Adding from config to map. Locale: zh-TW modelPrefix: x_google Location:4e7cae00daee30ec565c34e3aa67a51f isSpeakerIdSupported: true
06-24 07:04:24.555  1762  6905 I HotwordModelPopulator: #updateHotwordFileGroup group name: hotword_model_en-US_okhey, raw locale: en-US, locale: en-US
06-24 07:04:24.555  1762  6905 I A       : Using proto config with mendel
06-24 07:04:24.556  1762  6905 I A       : Using proto config with mendel
06-24 07:04:24.556  1762  6905 I A       : Merging legacy hotword config map with new proto.
06-24 07:04:24.556  1762  6904 I A       : Joining existing batch; batchId=2 corpus=1014
06-24 07:04:24.556  1762  6905 I A       : Adding from config to map. Locale: cmn-Hant-TW modelPrefix: x_google Location:4e7cae00daee30ec565c34e3aa67a51f isSpeakerIdSupported: true
06-24 07:04:24.557  1762  6905 I A       : Adding from config to map. Locale: id-ID modelPrefix: x_google Location:cfffcc1a4c1c084c003c8eb27f73d770 isSpeakerIdSupported: true
06-24 07:04:24.557  1762  6905 I A       : Adding from config to map. Locale: ko-KR modelPrefix: x_google Location:0b132163a2eb2c1194b202067475724b isSpeakerIdSupported: true
06-24 07:04:24.557  1762  6905 I A       : Skipping. Expected model: 2 Found: 1
06-24 07:04:24.557  1762  6905 I A       : Adding from config to map. Locale: zh-TW modelPrefix: x_google Location:4e7cae00daee30ec565c34e3aa67a51f isSpeakerIdSupported: true
06-24 07:04:24.557  1762  6905 I HotwordModelPopulator: #updateHotwordFileGroup group name: hotword_model_en-US_okhey, raw locale: en-US, locale: en-US
06-24 07:04:24.557  1762  6905 I A       : Using proto config with mendel
06-24 07:04:24.558  1762  6905 I A       : Merging legacy hotword config map with new proto.
06-24 07:04:24.558  1762  6905 I A       : Adding from config to map. Locale: cmn-Hant-TW modelPrefix: x_google Location:4e7cae00daee30ec565c34e3aa67a51f isSpeakerIdSupported: true
06-24 07:04:24.558  1762  6905 I A       : Adding from config to map. Locale: id-ID modelPrefix: x_google Location:cfffcc1a4c1c084c003c8eb27f73d770 isSpeakerIdSupported: true
06-24 07:04:24.558  1762  6905 I A       : Adding from config to map. Locale: ko-KR modelPrefix: x_google Location:0b132163a2eb2c1194b202067475724b isSpeakerIdSupported: true
06-24 07:04:24.558  1762  6905 I A       : Skipping. Expected model: 2 Found: 1
06-24 07:04:24.558  1762  6905 I A       : Adding from config to map. Locale: zh-TW modelPrefix: x_google Location:4e7cae00daee30ec565c34e3aa67a51f isSpeakerIdSupported: true
06-24 07:04:24.558  1762  6905 I HotwordModelPopulator: #updateHotwordFileGroup group name: hotword_model_en-US_okhey, raw locale: en-US, locale: en-US
06-24 07:04:24.560  1762  6905 D PhFileGroupPop: Added file groups assistant_appintegration_appactions_config
06-24 07:04:24.562  1762  6905 D PhFileGroupPop: Added file groups fedass_policy_config_group
06-24 07:04:24.562  1762  6905 E SingleDataFileGroupPop: Failed to add file group 
06-24 07:04:24.562  1762  6905 E PhFileGroupPop: Failed to add file group 
06-24 07:04:24.562  1762  6905 E PhFileGroupPop: Failed to add file group 
06-24 07:04:24.562  1762  6905 E PhFileGroupPop: Failed to add file group 
06-24 07:04:24.563  1762  6905 E PhFileGroupPop: Failed to add file group 
06-24 07:04:24.563  1762  6905 E PhFileGroupPop: Failed to add file group 
06-24 07:04:24.563  1762  6905 E d       : RuntimeException while executing runnable cb{com.google.apps.tiktok.tracing.ej@aacc288} with executor MoreExecutors.directExecutor()
06-24 07:04:24.563  1762  6905 E d       : java.lang.NullPointerException: Attempt to read from field 'java.lang.String com.google.android.libraries.mdi.download.ae.b' on a null object reference in method 'void com.google.android.libraries.mdi.download.h.bq.gH(java.lang.Object)'
06-24 07:04:24.563  1762  6905 E d       : 	at com.google.android.libraries.mdi.download.h.bq.gH(PG:2)
06-24 07:04:24.563  1762  6905 E d       : 	at com.google.apps.tiktok.tracing.ej.gH(PG:2)
06-24 07:04:24.563  1762  6905 E d       : 	at com.google.common.util.concurrent.cb.run(PG:7)
06-24 07:04:24.563  1762  6905 E d       : 	at com.google.common.util.concurrent.bf.execute(PG:1)
06-24 07:04:24.563  1762  6905 E d       : 	at com.google.common.util.concurrent.d.i(PG:1)
06-24 07:04:24.563  1762  6905 E d       : 	at com.google.common.util.concurrent.d.iq(PG:5)
06-24 07:04:24.563  1762  6905 E d       : 	at com.google.common.util.concurrent.ci.t(PG:1)
06-24 07:04:24.563  1762  6905 E d       : 	at com.google.android.libraries.mdi.download.h.bu.b(PG:26)
06-24 07:04:24.563  1762  6905 E d       : 	at com.google.android.libraries.mdi.download.gs.p(PG:3)
06-24 07:04:24.563  1762  6905 E d       : 	at com.google.android.libraries.mdi.download.gf.apply(Unknown Source:4)
06-24 07:04:24.563  1762  6905 E d       : 	at com.google.apps.tiktok.tracing.eo.apply(PG:2)
06-24 07:04:24.563  1762  6905 E d       : 	at com.google.common.util.concurrent.h.e(PG:2)
06-24 07:04:24.563  1762  6905 E d       : 	at com.google.common.util.concurrent.j.run(PG:9)
06-24 07:04:24.563  1762  6905 E d       : 	at com.google.common.util.concurrent.do.run(PG:4)
06-24 07:04:24.563  1762  6905 E d       : 	at com.google.android.libraries.i.ae.run(PG:1)
06-24 07:04:24.563  1762  6905 E d       : 	at java.util.concurrent.ThreadPoolExecutor.runWorker(ThreadPoolExecutor.java:1145)
06-24 07:04:24.563  1762  6905 E d       : 	at java.util.concurrent.ThreadPoolExecutor$Worker.run(ThreadPoolExecutor.java:644)
06-24 07:04:24.563  1762  6905 E d       : 	at com.google.android.libraries.i.i.run(PG:2)
06-24 07:04:24.563  1762  6905 E d       : 	at com.google.android.libraries.i.p.run(PG:4)
06-24 07:04:24.563  1762  6905 E d       : 	at java.lang.Thread.run(Thread.java:1012)
06-24 07:04:24.563  1762  6905 E PhFileGroupPop: Failed to add file group 
06-24 07:04:24.563  1762  6905 E PhFileGroupPop: Failed to add file group 
06-24 07:04:24.563  1762  6905 E PhFileGroupPop: Failed to add file group 
06-24 07:04:24.563  1762  6905 I A       : Download file group for language pack: en-US
06-24 07:04:24.563  1762  6905 W A       : Locale en-US is not compatible, please check manifest exists
06-24 07:04:24.563  1762  6905 I A       : Using proto config with mendel
06-24 07:04:24.563  1762  6905 I A       : Using proto config with mendel
06-24 07:04:24.564  1762  6904 I A       : Joining existing batch; batchId=2 corpus=1004
06-24 07:04:24.564  1762  6905 I A       : Using proto config with mendel
06-24 07:04:24.564  1762  6905 I A       : Merging legacy hotword config map with new proto.
06-24 07:04:24.564  1762  6905 I A       : Adding from config to map. Locale: cmn-Hant-TW modelPrefix: x_google Location:4e7cae00daee30ec565c34e3aa67a51f isSpeakerIdSupported: true
06-24 07:04:24.564  1762  6905 I A       : Adding from config to map. Locale: id-ID modelPrefix: x_google Location:cfffcc1a4c1c084c003c8eb27f73d770 isSpeakerIdSupported: true
06-24 07:04:24.564  1762  6905 I A       : Adding from config to map. Locale: ko-KR modelPrefix: x_google Location:0b132163a2eb2c1194b202067475724b isSpeakerIdSupported: true
06-24 07:04:24.564  1762  6905 I A       : Skipping. Expected model: 2 Found: 1
06-24 07:04:24.564  1762  6905 I A       : Adding from config to map. Locale: zh-TW modelPrefix: x_google Location:4e7cae00daee30ec565c34e3aa67a51f isSpeakerIdSupported: true
06-24 07:04:24.564  1762  6905 I HotwordModelPopulator: #updateHotwordFileGroup group name: hotword_model_en-US_okhey, raw locale: en-US, locale: en-US
06-24 07:04:24.564  1762  6905 I A       : Using proto config with mendel
06-24 07:04:24.564  1762  6905 I A       : Using proto config with mendel
06-24 07:04:24.564  1762  6905 I A       : Merging legacy hotword config map with new proto.
06-24 07:04:24.564  1762  6905 I A       : Adding from config to map. Locale: cmn-Hant-TW modelPrefix: x_google Location:4e7cae00daee30ec565c34e3aa67a51f isSpeakerIdSupported: true
06-24 07:04:24.564  1762  6905 I A       : Adding from config to map. Locale: id-ID modelPrefix: x_google Location:cfffcc1a4c1c084c003c8eb27f73d770 isSpeakerIdSupported: true
06-24 07:04:24.564  1762  6905 I A       : Adding from config to map. Locale: ko-KR modelPrefix: x_google Location:0b132163a2eb2c1194b202067475724b isSpeakerIdSupported: true
06-24 07:04:24.564  1762  6905 I A       : Skipping. Expected model: 2 Found: 1
06-24 07:04:24.564  1762  6905 I A       : Adding from config to map. Locale: zh-TW modelPrefix: x_google Location:4e7cae00daee30ec565c34e3aa67a51f isSpeakerIdSupported: true
06-24 07:04:24.565  1762  6905 I HotwordModelPopulator: #updateHotwordFileGroup group name: hotword_model_en-US_okhey, raw locale: en-US, locale: en-US
06-24 07:04:24.565  1762  6905 I A       : Using proto config with mendel
06-24 07:04:24.565  1762  6905 I A       : Merging legacy hotword config map with new proto.
06-24 07:04:24.565  1762  6905 I A       : Adding from config to map. Locale: cmn-Hant-TW modelPrefix: x_google Location:4e7cae00daee30ec565c34e3aa67a51f isSpeakerIdSupported: true
06-24 07:04:24.565  1762  6905 I A       : Adding from config to map. Locale: id-ID modelPrefix: x_google Location:cfffcc1a4c1c084c003c8eb27f73d770 isSpeakerIdSupported: true
06-24 07:04:24.565  1762  6905 I A       : Adding from config to map. Locale: ko-KR modelPrefix: x_google Location:0b132163a2eb2c1194b202067475724b isSpeakerIdSupported: true
06-24 07:04:24.565  1762  6905 I A       : Skipping. Expected model: 2 Found: 1
06-24 07:04:24.565  1762  6905 I A       : Adding from config to map. Locale: zh-TW modelPrefix: x_google Location:4e7cae00daee30ec565c34e3aa67a51f isSpeakerIdSupported: true
06-24 07:04:24.565  1762  6905 I HotwordModelPopulator: #updateHotwordFileGroup group name: hotword_model_en-US_okhey, raw locale: en-US, locale: en-US
06-24 07:04:24.565  1762  6905 D PhFileGroupPop: Added file groups tapas_cortex
06-24 07:04:24.566  1762  2575 I A       : Joining existing batch; batchId=2 corpus=1008
06-24 07:04:24.566  1762  2577 I A       : Joining existing batch; batchId=2 corpus=1014
06-24 07:04:24.566  1762  2605 I A       : Joining existing batch; batchId=2 corpus=1015
06-24 07:04:24.566  1762  6905 D PhFileGroupPop: Added file groups assistant_appintegration_appactions_config
06-24 07:04:24.566  1762  6905 D PhFileGroupPop: Added file groups fedass_policy_config_group
06-24 07:04:24.566  1762  6905 D PhFileGroupPop: Added file groups tapas_cortex
06-24 07:04:24.570  1762  2274 I MicroModelsUtil: #getHotwordModelFromMobstore [mobstoreUri: android://com.google.android.googlequicksearchbox/files/datadownload/shared/public/datadownloadfile_1782284562402]
06-24 07:04:24.571  1762  2246 I MicroModelsUtil: #getHotwordModelFromMobstore [mobstoreUri: android://com.google.android.googlequicksearchbox/files/datadownload/shared/public/datadownloadfile_1782284562402]
06-24 07:04:24.571  1762  2275 I MicroModelsUtil: #getHotwordModelFromMobstore [mobstoreUri: android://com.google.android.googlequicksearchbox/files/datadownload/shared/public/datadownloadfile_1782284562402]
06-24 07:04:24.571  1762  2275 I HotwordModelPopulator: Updated file group for locale 'hotword_model_en-US_okhey' from location: https://www.gstatic.com/android-search/hotword/x_google/975058821313279e27b2c3f04de0beef/hotword.data. Download already finished.
06-24 07:04:24.571  1762  2275 I MicroModelsUtil: #getHotwordModelFromMobstore [mobstoreUri: android://com.google.android.googlequicksearchbox/files/datadownload/shared/public/datadownloadfile_1782284562402]
06-24 07:04:24.572  1762  2275 I HotwordModelPopulator: Updated file group for locale 'hotword_model_en-US_okhey' from location: https://www.gstatic.com/android-search/hotword/x_google/975058821313279e27b2c3f04de0beef/hotword.data. Download already finished.
06-24 07:04:24.572  1762  2275 I MicroModelsUtil: #getHotwordModelFromMobstore [mobstoreUri: android://com.google.android.googlequicksearchbox/files/datadownload/shared/public/datadownloadfile_1782284562402]
06-24 07:04:24.572  1762  2275 I HotwordModelPopulator: Updated file group for locale 'hotword_model_en-US_okhey' from location: https://www.gstatic.com/android-search/hotword/x_google/975058821313279e27b2c3f04de0beef/hotword.data. Download already finished.
06-24 07:04:24.572  1762  2275 I MicroModelsUtil: #getHotwordModelFromMobstore [mobstoreUri: android://com.google.android.googlequicksearchbox/files/datadownload/shared/public/datadownloadfile_1782284562402]
06-24 07:04:24.572  1762  2275 I HotwordModelPopulator: Updated file group for locale 'hotword_model_en-US_okhey' from location: https://www.gstatic.com/android-search/hotword/x_google/975058821313279e27b2c3f04de0beef/hotword.data. Download already finished.
06-24 07:04:24.573  1762  2246 I HotwordModelPopulator: Updated file group for locale 'hotword_model_en-US_okhey' from location: https://www.gstatic.com/android-search/hotword/x_google/975058821313279e27b2c3f04de0beef/hotword.data. Download already finished.
06-24 07:04:24.573  1762  2274 I HotwordModelPopulator: Updated file group for locale 'hotword_model_en-US_okhey' from location: https://www.gstatic.com/android-search/hotword/x_google/975058821313279e27b2c3f04de0beef/hotword.data. Download already finished.
