--------- beginning of main
06-24 07:06:37.598  7770  7840 D Maestro : Requesting view hierarchy
06-24 07:06:37.599  7770  7840 W QueryController: Could not detect idle state.
06-24 07:06:37.599  7770  7840 W QueryController: Could not detect idle state.
06-24 07:06:37.604  7770  7840 I Maestro : Skipping invisible child: android.view.accessibility.AccessibilityNodeInfo@128a8; boundsInParent: Rect(0, 0 - 320, 0); boundsInScreen: Rect(0, 0 - 320, 0); boundsInWindow: Rect(0, 0 - 320, 0); packageName: com.hanapkalinga.mobile; className: android.widget.LinearLayout; text: null; error: null; maxTextLength: -1; stateDescription: null; contentDescription: null; tooltipText: null; containerTitle: null; viewIdResName: null; uniqueId: null; checkable: false; checked: false; focusable: false; focused: false; selected: false; clickable: false; longClickable: false; contextClickable: false; enabled: true; password: false; scrollable: false; importantForAccessibility: false; visible: false; actions: [AccessibilityAction: ACTION_SELECT - null, AccessibilityAction: ACTION_CLEAR_SELECTION - null, AccessibilityAction: ACTION_ACCESSIBILITY_FOCUS - null, AccessibilityAction: ACTION_SHOW_ON_SCREEN - null]; isTextSelectable: false
06-24 07:06:37.604  7770  7840 I Maestro : Skipping invisible child: android.view.accessibility.AccessibilityNodeInfo@124e7; boundsInParent: Rect(0, 0 - 320, 0); boundsInScreen: Rect(0, 0 - 320, 0); boundsInWindow: Rect(0, 0 - 320, 0); packageName: com.hanapkalinga.mobile; className: android.view.ViewGroup; text: null; error: null; maxTextLength: -1; stateDescription: null; contentDescription: null; tooltipText: null; containerTitle: null; viewIdResName: null; uniqueId: null; checkable: false; checked: false; focusable: false; focused: false; selected: false; clickable: false; longClickable: false; contextClickable: false; enabled: true; password: false; scrollable: false; importantForAccessibility: false; visible: false; actions: [AccessibilityAction: ACTION_SELECT - null, AccessibilityAction: ACTION_CLEAR_SELECTION - null, AccessibilityAction: ACTION_ACCESSIBILITY_FOCUS - null, AccessibilityAction: ACTION_SHOW_ON_SCREEN - null]; isTextSelectable: false
06-24 07:06:37.605  7770  7840 I Maestro : Skipping invisible child: android.view.accessibility.AccessibilityNodeInfo@1a489; boundsInParent: Rect(0, 0 - 320, 0); boundsInScreen: Rect(0, 0 - 320, 0); boundsInWindow: Rect(0, 0 - 320, 0); packageName: com.hanapkalinga.mobile; className: android.widget.LinearLayout; text: null; error: null; maxTextLength: -1; stateDescription: null; contentDescription: null; tooltipText: null; containerTitle: null; viewIdResName: null; uniqueId: null; checkable: false; checked: false; focusable: false; focused: false; selected: false; clickable: false; longClickable: false; contextClickable: false; enabled: true; password: false; scrollable: false; importantForAccessibility: false; visible: false; actions: [AccessibilityAction: ACTION_SELECT - null, AccessibilityAction: ACTION_CLEAR_SELECTION - null, AccessibilityAction: ACTION_ACCESSIBILITY_FOCUS - null, AccessibilityAction: ACTION_SHOW_ON_SCREEN - null]; isTextSelectable: false
06-24 07:06:37.605  7770  7840 I Maestro : Skipping invisible child: android.view.accessibility.AccessibilityNodeInfo@1a0c8; boundsInParent: Rect(0, 0 - 320, 0); boundsInScreen: Rect(0, 0 - 320, 0); boundsInWindow: Rect(0, 0 - 320, 0); packageName: com.hanapkalinga.mobile; className: android.view.ViewGroup; text: null; error: null; maxTextLength: -1; stateDescription: null; contentDescription: null; tooltipText: null; containerTitle: null; viewIdResName: null; uniqueId: null; checkable: false; checked: false; focusable: false; focused: false; selected: false; clickable: false; longClickable: false; contextClickable: false; enabled: true; password: false; scrollable: false; importantForAccessibility: false; visible: false; actions: [AccessibilityAction: ACTION_SELECT - null, AccessibilityAction: ACTION_CLEAR_SELECTION - null, AccessibilityAction: ACTION_ACCESSIBILITY_FOCUS - null, AccessibilityAction: ACTION_SHOW_ON_SCREEN - null]; isTextSelectable: false
06-24 07:06:37.611  7770  7840 I Maestro : Skipping invisible child: android.view.accessibility.AccessibilityNodeInfo@182c0; boundsInParent: Rect(0, 0 - 1, 1); boundsInScreen: Rect(20, 348 - 21, 349); boundsInWindow: Rect(20, 348 - 21, 349); packageName: com.hanapkalinga.mobile; className: android.view.ViewGroup; text: null; error: null; maxTextLength: -1; stateDescription: null; contentDescription: null; tooltipText: null; containerTitle: null; viewIdResName: login_captcha_ready; uniqueId: null; checkable: false; checked: false; focusable: false; focused: false; selected: false; clickable: false; longClickable: false; contextClickable: false; enabled: true; password: false; scrollable: false; importantForAccessibility: true; visible: false; actions: [AccessibilityAction: ACTION_SELECT - null, AccessibilityAction: ACTION_CLEAR_SELECTION - null, AccessibilityAction: ACTION_ACCESSIBILITY_FOCUS - null, AccessibilityAction: ACTION_SHOW_ON_SCREEN - null]; isTextSelectable: false
06-24 07:06:37.623  7770  7840 D Maestro : View hierarchy received in 25 ms
06-24 07:06:37.676  7770  7840 D Maestro : Requesting view hierarchy
06-24 07:06:37.676  7770  7840 W QueryController: Could not detect idle state.
06-24 07:06:37.676  7770  7840 W QueryController: Could not detect idle state.
06-24 07:06:37.682  7770  7840 I Maestro : Skipping invisible child: android.view.accessibility.AccessibilityNodeInfo@128a8; boundsInParent: Rect(0, 0 - 320, 0); boundsInScreen: Rect(0, 0 - 320, 0); boundsInWindow: Rect(0, 0 - 320, 0); packageName: com.hanapkalinga.mobile; className: android.widget.LinearLayout; text: null; error: null; maxTextLength: -1; stateDescription: null; contentDescription: null; tooltipText: null; containerTitle: null; viewIdResName: null; uniqueId: null; checkable: false; checked: false; focusable: false; focused: false; selected: false; clickable: false; longClickable: false; contextClickable: false; enabled: true; password: false; scrollable: false; importantForAccessibility: false; visible: false; actions: [AccessibilityAction: ACTION_SELECT - null, AccessibilityAction: ACTION_CLEAR_SELECTION - null, AccessibilityAction: ACTION_ACCESSIBILITY_FOCUS - null, AccessibilityAction: ACTION_SHOW_ON_SCREEN - null]; isTextSelectable: false
06-24 07:06:37.682  7770  7840 I Maestro : Skipping invisible child: android.view.accessibility.AccessibilityNodeInfo@124e7; boundsInParent: Rect(0, 0 - 320, 0); boundsInScreen: Rect(0, 0 - 320, 0); boundsInWindow: Rect(0, 0 - 320, 0); packageName: com.hanapkalinga.mobile; className: android.view.ViewGroup; text: null; error: null; maxTextLength: -1; stateDescription: null; contentDescription: null; tooltipText: null; containerTitle: null; viewIdResName: null; uniqueId: null; checkable: false; checked: false; focusable: false; focused: false; selected: false; clickable: false; longClickable: false; contextClickable: false; enabled: true; password: false; scrollable: false; importantForAccessibility: false; visible: false; actions: [AccessibilityAction: ACTION_SELECT - null, AccessibilityAction: ACTION_CLEAR_SELECTION - null, AccessibilityAction: ACTION_ACCESSIBILITY_FOCUS - null, AccessibilityAction: ACTION_SHOW_ON_SCREEN - null]; isTextSelectable: false
06-24 07:06:37.682  7770  7840 I Maestro : Skipping invisible child: android.view.accessibility.AccessibilityNodeInfo@1a489; boundsInParent: Rect(0, 0 - 320, 0); boundsInScreen: Rect(0, 0 - 320, 0); boundsInWindow: Rect(0, 0 - 320, 0); packageName: com.hanapkalinga.mobile; className: android.widget.LinearLayout; text: null; error: null; maxTextLength: -1; stateDescription: null; contentDescription: null; tooltipText: null; containerTitle: null; viewIdResName: null; uniqueId: null; checkable: false; checked: false; focusable: false; focused: false; selected: false; clickable: false; longClickable: false; contextClickable: false; enabled: true; password: false; scrollable: false; importantForAccessibility: false; visible: false; actions: [AccessibilityAction: ACTION_SELECT - null, AccessibilityAction: ACTION_CLEAR_SELECTION - null, AccessibilityAction: ACTION_ACCESSIBILITY_FOCUS - null, AccessibilityAction: ACTION_SHOW_ON_SCREEN - null]; isTextSelectable: false
06-24 07:06:37.682  7770  7840 I Maestro : Skipping invisible child: android.view.accessibility.AccessibilityNodeInfo@1a0c8; boundsInParent: Rect(0, 0 - 320, 0); boundsInScreen: Rect(0, 0 - 320, 0); boundsInWindow: Rect(0, 0 - 320, 0); packageName: com.hanapkalinga.mobile; className: android.view.ViewGroup; text: null; error: null; maxTextLength: -1; stateDescription: null; contentDescription: null; tooltipText: null; containerTitle: null; viewIdResName: null; uniqueId: null; checkable: false; checked: false; focusable: false; focused: false; selected: false; clickable: false; longClickable: false; contextClickable: false; enabled: true; password: false; scrollable: false; importantForAccessibility: false; visible: false; actions: [AccessibilityAction: ACTION_SELECT - null, AccessibilityAction: ACTION_CLEAR_SELECTION - null, AccessibilityAction: ACTION_ACCESSIBILITY_FOCUS - null, AccessibilityAction: ACTION_SHOW_ON_SCREEN - null]; isTextSelectable: false
06-24 07:06:37.683  7770  7840 I Maestro : Skipping invisible child: android.view.accessibility.AccessibilityNodeInfo@182c0; boundsInParent: Rect(0, 0 - 1, 1); boundsInScreen: Rect(20, 348 - 21, 349); boundsInWindow: Rect(20, 348 - 21, 349); packageName: com.hanapkalinga.mobile; className: android.view.ViewGroup; text: null; error: null; maxTextLength: -1; stateDescription: null; contentDescription: null; tooltipText: null; containerTitle: null; viewIdResName: login_captcha_ready; uniqueId: null; checkable: false; checked: false; focusable: false; focused: false; selected: false; clickable: false; longClickable: false; contextClickable: false; enabled: true; password: false; scrollable: false; importantForAccessibility: true; visible: false; actions: [AccessibilityAction: ACTION_SELECT - null, AccessibilityAction: ACTION_CLEAR_SELECTION - null, AccessibilityAction: ACTION_ACCESSIBILITY_FOCUS - null, AccessibilityAction: ACTION_SHOW_ON_SCREEN - null]; isTextSelectable: false
06-24 07:06:37.693  7770  7840 D Maestro : View hierarchy received in 17 ms
--------- beginning of system
06-24 07:06:37.782   519   937 D WindowManager: captureDisplay
06-24 07:06:38.112  7941  7960 D EGL_emulation: app_time_stats: avg=501.26ms min=499.90ms max=502.61ms count=2
06-24 07:06:38.264   519   548 I ActivityManager: Force stopping dev.mobile.maestro appid=10197 user=-1: deletePackageX
06-24 07:06:38.265   519   548 E libprocessgroup: No such cgroup attribute: /sys/fs/cgroup/uid_4294877493/cgroup.freeze
06-24 07:06:38.265   519   548 W libprocessgroup: Failed to apply Frozen process profile: No such file or directory
06-24 07:06:38.266   519   539 D DisplayManagerService: Drop pending events for gone uid 10197
06-24 07:06:38.267   519   548 I ActivityManager: Killing 7770:dev.mobile.maestro/u0a197 (adj 0): stop dev.mobile.maestro due to deletePackageX
06-24 07:06:38.268   519   548 W ActivityManager: Crash of app dev.mobile.maestro running instrumentation ComponentInfo{dev.mobile.maestro.test/androidx.test.runner.AndroidJUnitRunner}
06-24 07:06:38.268   519   548 I ActivityManager: Force stopping dev.mobile.maestro appid=10197 user=0: finished inst
06-24 07:06:38.268   519   548 D OomAdjuster: Not killing cached processes
06-24 07:06:38.271   519   548 E libprocessgroup: No such cgroup attribute: /sys/fs/cgroup/uid_4294877493/cgroup.freeze
06-24 07:06:38.271   519   548 W libprocessgroup: Failed to apply Unfrozen process profile: No such file or directory
06-24 07:06:38.272  7758  7768 W Binder  : Caught a RuntimeException from the binder stub implementation.
06-24 07:06:38.272  7758  7768 W Binder  : java.lang.SecurityException: Calling from not trusted UID!
06-24 07:06:38.272  7758  7768 W Binder  : 	at android.app.UiAutomationConnection.throwIfCalledByNotTrustedUidLocked(UiAutomationConnection.java:646)
06-24 07:06:38.272  7758  7768 W Binder  : 	at android.app.UiAutomationConnection.shutdown(UiAutomationConnection.java:547)
06-24 07:06:38.272  7758  7768 W Binder  : 	at android.app.IUiAutomationConnection$Stub.onTransact(IUiAutomationConnection.java:402)
06-24 07:06:38.272  7758  7768 W Binder  : 	at android.os.Binder.execTransactInternal(Binder.java:1344)
06-24 07:06:38.272  7758  7768 W Binder  : 	at android.os.Binder.execTransact(Binder.java:1275)
--------- beginning of kernel
06-24 07:06:38.453     0     0 I servicemanager: Since 'artd' could not be found, trying to start it as a lazy AIDL service. (if it's not configured to be a lazy service, it may be stuck starting or still starting).
06-24 07:06:38.468     0     0 I init    : starting service 'artd'...
06-24 07:06:38.287  7758  7758 I app_process: System.exit called, status: 0
06-24 07:06:38.287  7758  7758 I AndroidRuntime: VM exiting with result code 0.
06-24 07:06:38.297   519  3242 V ActivityManager: Got obituary of 7770:dev.mobile.maestro
06-24 07:06:38.302   337   337 I Zygote  : Process 7770 exited due to signal 9 (Killed)
06-24 07:06:38.488     0     0 I init    : ... started service 'artd' has pid 8124
06-24 07:06:38.488     0     0 I init    : Control message: Processed ctl.interface_start for 'aidl/artd' from pid: 135 (/system/bin/servicemanager)
06-24 07:06:38.490     0     0 I init    : Untracked pid 7758 exited with status 0
06-24 07:06:38.309  1613  2168 I AiAiEcho: Settings changed for uri: content://settings/secure/accessibility_enabled
06-24 07:06:38.492     0     0 I init    : Untracked pid 7758 did not have an associated service entry and will not be reaped
06-24 07:06:38.310  1613  1950 I AiAiEcho: Predicting[0]: 
06-24 07:06:38.310  1613  1950 I AiAiEcho: EchoTargets: 
06-24 07:06:38.310  1613  1950 I AiAiEcho: Filtered by AiAi flag check: 
06-24 07:06:38.310  1613  1950 I AiAiEcho: Ranked targets strategy: SORT, count: 0, ranking metadata: 
06-24 07:06:38.311  1613  1950 I AiAiEcho: Predicting[0]: 
06-24 07:06:38.311   519  2225 W WindowMagnificationMgr: requestConnection duplicated request: connect=false, mConnectionState=DISCONNECTED
06-24 07:06:38.311  1613  1950 I AiAiEcho: EchoTargets: 
06-24 07:06:38.311  1613  1950 I AiAiEcho: Filtered by AiAi flag check: 
06-24 07:06:38.311  1613  1950 I AiAiEcho: Ranked targets strategy: SORT, count: 0, ranking metadata: 
06-24 07:06:38.311   519  2225 V UiAutomationManager: UiAutomation service owner died
06-24 07:06:38.311  8124  8124 I artd    : Starting artd
06-24 07:06:38.312  8124  8124 I AidlLazyServiceRegistrar: Registering service artd
06-24 07:06:38.312  1613  1950 I AiAiEcho: #postPredictionTargets: Sending updates to UISurface lockscreen with targets# 0 (types=[])
06-24 07:06:38.312  1613  1950 I AiAiEcho: #postPredictionTargets: Sending updates to UISurface home with targets# 0 (types=[])
06-24 07:06:38.312   519  2850 W WindowMagnificationMgr: requestConnection duplicated request: connect=false, mConnectionState=DISCONNECTED
06-24 07:06:38.313   827   827 W PageIndicator: Total number of pages invalid: 0. Assuming 1 page.
06-24 07:06:38.313   519  2850 W WindowMagnificationMgr: requestConnection duplicated request: connect=false, mConnectionState=DISCONNECTED
06-24 07:06:38.318  1613  2310 I AiAiEcho: Settings changed for uri: content://settings/secure/accessibility_enabled
06-24 07:06:38.498     0     0 I BpBinder: onLastStrongRef automatically unlinking death recipients:
06-24 07:06:38.501     0     0 I servicemanager: Notifying artd they do (previously: don't) have clients when service is guaranteed to be in use
06-24 07:06:38.318  1762  2246 I A       : NGA enabled in interactor.
06-24 07:06:38.318  1762  2246 I A       : Nga state changed to NgaStateDetails{state=ENABLED, isSpecialExperience=false}
06-24 07:06:38.319   519   519 D BatterySaverPolicy: accessibility changed to false, updating policy.
06-24 07:06:38.320  1621  1675 I A       : Initializing all components
06-24 07:06:38.321  1621  1675 I A       : APA or Classic session decision: SessionDecision(sessionVariance=CLASSIC, platformVariance=CLASSIC, justification=CURRENT_PLATFORM_VARIANCE).
06-24 07:06:38.322  1621  1675 I A       : [Memory] eligibility: StashEligibility{6}
06-24 07:06:38.322  1621  2118 I A       : State changed: IDLE => IDLE by NGA_STATE_CHANGED and N/A with Optional.empty
06-24 07:06:38.322  1621  2118 I A       : Recognizer choice: (recognizer_type: 1, recognizer_mode: 1, choice_reason: 4)
06-24 07:06:38.323  1621  2118 I A       : onActiveStateChangeEvent: IDLE => IDLE
06-24 07:06:38.323  1621  2118 I A       : #onActiveStateChangeEvent, newState: IDLE, previousState: IDLE.
06-24 07:06:38.324  8124  8125 I AidlLazyServiceRegistrar: Process has 1 (of 1 available) client(s) in use after notification artd has clients: 1
06-24 07:06:38.324  1621  2134 I A       : onIsEnabledChanged, isEnabled: false
06-24 07:06:38.325  1621  2134 W A       : Disposing empty manager. Did you forgot to subscribe observables?
06-24 07:06:38.325  1621  2134 W A       : Disposing empty manager. Did you forgot to subscribe observables?
06-24 07:06:38.325  1621  2134 W A       : Disposing empty manager. Did you forgot to subscribe observables?
06-24 07:06:38.325  1621  2134 W A       : Disposing empty manager. Did you forgot to subscribe observables?
06-24 07:06:38.325  1621  2134 W A       : Disposing empty manager. Did you forgot to subscribe observables?
06-24 07:06:38.325  1621  2134 W A       : Disposing empty manager. Did you forgot to subscribe observables?
06-24 07:06:38.325  1621  2134 W A       : Disposing empty manager. Did you forgot to subscribe observables?
06-24 07:06:38.326  1621  2134 W A       : Disposing empty manager. Did you forgot to subscribe observables?
06-24 07:06:38.326  1621  2134 W A       : Disposing empty manager. Did you forgot to subscribe observables?
06-24 07:06:38.326  1621  2134 W A       : Disposing empty manager. Did you forgot to subscribe observables?
06-24 07:06:38.326  1621  2134 I A       : onOpaVisibilityChanged: false
06-24 07:06:38.326  1621  2134 W A       : Disposing empty manager. Did you forgot to subscribe observables?
06-24 07:06:38.326  1621  2134 W A       : Disposing empty manager. Did you forgot to subscribe observables?
06-24 07:06:38.326  1621  2134 W A       : Disposing empty manager. Did you forgot to subscribe observables?
06-24 07:06:38.326  1621  2134 W A       : Disposing empty manager. Did you forgot to subscribe observables?
06-24 07:06:38.326  1621  2134 W A       : Disposing empty manager. Did you forgot to subscribe observables?
06-24 07:06:38.326  1621  2134 W A       : Disposing empty manager. Did you forgot to subscribe observables?
06-24 07:06:38.326  1621  2134 I A       : Setting session to type: NO_SESSION
06-24 07:06:38.326  1621  2134 W A       : Disposing empty manager. Did you forgot to subscribe observables?
06-24 07:06:38.327  1621  2134 W A       : Disposing empty manager. Did you forgot to subscribe observables?
06-24 07:06:38.327  1621  2134 W A       : Disposing empty manager. Did you forgot to subscribe observables?
06-24 07:06:38.327  1621  2134 W A       : Disposing empty manager. Did you forgot to subscribe observables?
06-24 07:06:38.327  1613  1950 I AiAiEcho: Predicting[0]: 
06-24 07:06:38.327  1621  2134 W A       : Disposing empty manager. Did you forgot to subscribe observables?
06-24 07:06:38.327  1621  2134 W A       : Disposing empty manager. Did you forgot to subscribe observables?
06-24 07:06:38.327  1621  2134 W A       : Disposing empty manager. Did you forgot to subscribe observables?
06-24 07:06:38.327  1621  2134 W A       : Disposing empty manager. Did you forgot to subscribe observables?
06-24 07:06:38.327  1621  2134 I A       : setNavBarVisible: GestureNavBarVisible{navbarVisible=true}
06-24 07:06:38.327  1613  1950 I AiAiEcho: EchoTargets: 
06-24 07:06:38.327  1613  1950 I AiAiEcho: Filtered by AiAi flag check: 
06-24 07:06:38.327  1621  2134 W A       : Disposing empty manager. Did you forgot to subscribe observables?
06-24 07:06:38.327  1613  1950 I AiAiEcho: Ranked targets strategy: SORT, count: 0, ranking metadata: 
06-24 07:06:38.327  1621  2134 W A       : Disposing empty manager. Did you forgot to subscribe observables?
06-24 07:06:38.327  1621  2134 W A       : Disposing empty manager. Did you forgot to subscribe observables?
06-24 07:06:38.327  1621  2134 W A       : Disposing empty manager. Did you forgot to subscribe observables?
06-24 07:06:38.327  1613  1950 I AiAiEcho: Predicting[0]: 
06-24 07:06:38.327  1621  2134 W A       : Disposing empty manager. Did you forgot to subscribe observables?
06-24 07:06:38.327  1621  2134 W A       : Disposing empty manager. Did you forgot to subscribe observables?
06-24 07:06:38.327  1621  2134 I A       : onDisabled. Registered: false
06-24 07:06:38.328  1613  1950 I AiAiEcho: EchoTargets: 
06-24 07:06:38.328  1613  1950 I AiAiEcho: Filtered by AiAi flag check: 
06-24 07:06:38.328  1613  1950 I AiAiEcho: Ranked targets strategy: SORT, count: 0, ranking metadata: 
06-24 07:06:38.328  1613  1950 I AiAiEcho: #postPredictionTargets: Sending updates to UISurface lockscreen with targets# 0 (types=[])
06-24 07:06:38.329  1613  1950 I AiAiEcho: #postPredictionTargets: Sending updates to UISurface home with targets# 0 (types=[])
06-24 07:06:38.329   827   827 W PageIndicator: Total number of pages invalid: 0. Assuming 1 page.
06-24 07:06:38.347   519  1091 D CompatibilityChangeReporter: Compat change id reported: 197654537; UID 10192; state: ENABLED
06-24 07:06:38.529     0     0 I logd    : start watching /data/system/packages.list ...
06-24 07:06:38.531     0     0 I logd    : ReadPackageList, total packages: 201
06-24 07:06:38.351  1621  2118 I A       : stopListening(NGA_PAUSED_UNKNOWN_REASON, NGA_CREATE), idleOverride=NOT_LISTENING
06-24 07:06:38.351  1621  2118 I A       : on opa visibility changed false
06-24 07:06:38.351  1621  2118 I A       : on opa visibility changed false
06-24 07:06:38.352  1621  2134 I A       : Initialize
06-24 07:06:38.352  1621  2134 I NgaEntryPointEventSendr: setupConnection
06-24 07:06:38.356   519  1091 W ProcessStats: Tracking association SourceState{97b9a6e com.google.android.googlequicksearchbox:interactor/10131 BFgs #13407} whose proc state 4 is better than process ProcessState{eb228f6 com.google.android.googlequicksearchbox:search/10131 pkg=com.google.android.googlequicksearchbox} proc state 6 (59 skipped)
06-24 07:06:38.357  1762  1762 I A       : Creating pss binder().
06-24 07:06:38.359  1621  2134 I NgaEntryPointEventSendr: State changed: Disconnected => Connecting
06-24 07:06:38.359  1621  2134 I NgaEntryPointEventSendr: onServiceConnected
06-24 07:06:38.360  1762  2320 I A       : Calling beginBinderSession().
06-24 07:06:38.361  1762  2320 I A       : beginBinderSession(): calling binder
06-24 07:06:38.361  1621  2134 I NgaEntryPointEventSendr: State changed: Connecting => Ready
06-24 07:06:38.365   519   571 D PackageManager: Instant App installer not found with android.intent.action.INSTALL_INSTANT_APP_PACKAGE
06-24 07:06:38.365   519   571 D PackageManager: Clear ephemeral installer activity
06-24 07:06:38.365   519  3093 E TaskPersister: File error accessing recents directory (directory doesn't exist?).
06-24 07:06:38.370   519   571 I ActivityManager: Force stopping dev.mobile.maestro appid=10197 user=0: pkg removed
06-24 07:06:38.377  1762  2314 W CorpusConfigHelper: Invalid input from icing corpus JSON flag.
06-24 07:06:38.377  1762  2314 W CorpusConfigHelper: android.util.MalformedJsonException: Use JsonReader.setLenient(true) to accept malformed JSON at line 123 column 2
06-24 07:06:38.377  1762  2314 W CorpusConfigHelper: 	at android.util.JsonReader.syntaxError(JsonReader.java:1162)
06-24 07:06:38.377  1762  2314 W CorpusConfigHelper: 	at android.util.JsonReader.checkLenient(JsonReader.java:840)
06-24 07:06:38.377  1762  2314 W CorpusConfigHelper: 	at android.util.JsonReader.nextInArray(JsonReader.java:615)
06-24 07:06:38.377  1762  2314 W CorpusConfigHelper: 	at android.util.JsonReader.peek(JsonReader.java:345)
06-24 07:06:38.377  1762  2314 W CorpusConfigHelper: 	at android.util.JsonReader.hasNext(JsonReader.java:321)
06-24 07:06:38.377  1762  2314 W CorpusConfigHelper: 	at com.google.android.apps.gsa.searchbox.c.b.b.k.c(PG:7)
06-24 07:06:38.377  1762  2314 W CorpusConfigHelper: 	at com.google.android.apps.gsa.searchbox.c.b.b.k.<init>(PG:5)
06-24 07:06:38.377  1762  2314 W CorpusConfigHelper: 	at com.google.android.apps.gsa.staticplugins.searchboxroot.features.n.a.c.<init>(PG:16)
06-24 07:06:38.377  1762  2314 W CorpusConfigHelper: 	at com.google.android.apps.gsa.staticplugins.searchboxroot.b.a(PG:14)
06-24 07:06:38.377  1762  2314 W CorpusConfigHelper: 	at com.google.android.apps.gsa.staticplugins.searchboxroot.x.<init>(PG:7)
06-24 07:06:38.377  1762  2314 W CorpusConfigHelper: 	at com.google.android.apps.gsa.binaries.velvet.app.akd.b(PG:15)
06-24 07:06:38.377  1762  2314 W CorpusConfigHelper: 	at dagger.a.e.b(PG:1)
06-24 07:06:38.377  1762  2314 W CorpusConfigHelper: 	at com.google.android.apps.gsa.staticplugins.searchboxroot.a.a.a(PG:3)
06-24 07:06:38.377  1762  2314 W CorpusConfigHelper: 	at com.google.android.apps.gsa.binaries.velvet.app.ok.f(Unknown Source:2541)
06-24 07:06:38.377  1762  2314 W CorpusConfigHelper: 	at com.google.android.apps.gsa.binaries.velvet.app.ok.b(PG:1)
06-24 07:06:38.377  1762  2314 W CorpusConfigHelper: 	at com.google.android.apps.gsa.search.core.service.g.a.c.a(PG:2)
06-24 07:06:38.377  1762  2314 W CorpusConfigHelper: 	at com.google.android.libraries.gsa.k.a.f.a(PG:2)
06-24 07:06:38.377  1762  2314 W CorpusConfigHelper: 	at com.google.android.apps.gsa.shared.logger.f.a.a.l.h(PG:2)
06-24 07:06:38.377  1762  2314 W CorpusConfigHelper: 	at com.google.android.apps.gsa.shared.logger.f.a.a.h.a(Unknown Source:4)
06-24 07:06:38.377  1762  2314 W CorpusConfigHelper: 	at com.google.common.util.concurrent.dx.a(PG:1)
06-24 07:06:38.377  1762  2314 W CorpusConfigHelper: 	at com.google.common.util.concurrent.cv.run(PG:4)
06-24 07:06:38.377  1762  2314 W CorpusConfigHelper: 	at com.google.common.util.concurrent.dz.run(PG:1)
06-24 07:06:38.377  1762  2314 W CorpusConfigHelper: 	at com.google.android.libraries.i.ae.run(PG:1)
06-24 07:06:38.377  1762  2314 W CorpusConfigHelper: 	at java.util.concurrent.ThreadPoolExecutor.runWorker(ThreadPoolExecutor.java:1145)
06-24 07:06:38.377  1762  2314 W CorpusConfigHelper: 	at java.util.concurrent.ThreadPoolExecutor$Worker.run(ThreadPoolExecutor.java:644)
06-24 07:06:38.377  1762  2314 W CorpusConfigHelper: 	at com.google.android.libraries.i.k.run(PG:2)
06-24 07:06:38.377  1762  2314 W CorpusConfigHelper: 	at com.google.android.libraries.i.p.run(PG:4)
06-24 07:06:38.377  1762  2314 W CorpusConfigHelper: 	at java.lang.Thread.run(Thread.java:1012)
06-24 07:06:38.397   519  1091 W ActivityManager: Unable to start service Intent { cmp=com.google.android.apps.tachyon/.clientapi.ClientApiService } U=0: not found
06-24 07:06:38.398   519  3242 D ActivityManager: sync unfroze 5497 com.google.android.gms for 6
06-24 07:06:38.399  1762  2390 W A       : UiCallbackStub-onGenericEvent[ServiceEvent = 60] task was not run. Callback from Service received after client was disposed.
06-24 07:06:38.400  1762  2390 W A       : UiCallbackStub-onGenericEvent[ServiceEvent = 60] task was not run. Callback from Service received after client was disposed.
06-24 07:06:38.400  1762  2390 W A       : UiCallbackStub-onGenericEvent[ServiceEvent = 42] task was not run. Callback from Service received after client was disposed.
06-24 07:06:38.402  1621  2134 I NgaEntryPointEventSendr: State changed: Ready => Disconnected (onOpaDisconnected)
06-24 07:06:38.403  1762  4076 I PBSessionCacheImpl: Deleted sessionId[7751140237086677] from persistence.
06-24 07:06:38.407   519   749 W WifiService: Couldn't get PackageInfo for package:dev.mobile.maestro
06-24 07:06:38.407   519   749 D WifiService: Remove settings for package:dev.mobile.maestro
06-24 07:06:38.407   519   749 D WifiConfigManager: Remove all networks for app ApplicationInfo{bc574fb dev.mobile.maestro}
06-24 07:06:38.410   519   749 D WifiConfigStore: Writing to stores completed in 2 ms.
06-24 07:06:38.410   519   749 I PasspointManager: No app ops listener found for dev.mobile.maestro
06-24 07:06:38.411   519   762 E AppOps  : attributionTag VCN not declared in manifest of android
06-24 07:06:38.411  1762  2390 W A       : UiCallbackStub-onGenericEvent[ServiceEvent = 67] task was not run. Callback from Service received after client was disposed.
06-24 07:06:38.412  1762  2390 W A       : UiCallbackStub-onGenericEvent[ServiceEvent = 60] task was not run. Callback from Service received after client was disposed.
06-24 07:06:38.413  1762  2390 W A       : Queue length for executor EventBus is now 11. Perhaps some tasks are too long, or the pool is too small.
06-24 07:06:38.414  1762  2390 W SearchServiceCore: Abort, client detached.
06-24 07:06:38.414  1762  2390 I MicroDetectionState: Should stop hotword detection immediately - true
06-24 07:06:38.415  1762  2390 I A       : Using proto config with mendel
06-24 07:06:38.415  1762  2390 I A       : Using proto config with mendel
06-24 07:06:38.418   519   620 I InputReader: Reconfiguring input devices, changes=KEYBOARD_LAYOUTS
06-24 07:06:38.418  1041  1041 D CarrierSvcBindHelper: onPackageRemoved: dev.mobile.maestro
06-24 07:06:38.418  1041  1041 D CarrierSvcBindHelper: No carrier app for: 0
06-24 07:06:38.424   519   628 V StorageManagerService: Package dev.mobile.maestro does not have legacy storage
06-24 07:06:38.425   827   895 D StylusManager: Stylus InputDevice changed: 14 virtio_input_multi_touch_11
06-24 07:06:38.426   827   895 D StylusManager: Stylus InputDevice changed: 8 virtio_input_multi_touch_5
06-24 07:06:38.426   827   895 D StylusManager: Stylus InputDevice changed: 13 virtio_input_multi_touch_10
06-24 07:06:38.426   827   895 D StylusManager: Stylus InputDevice changed: 11 virtio_input_multi_touch_8
06-24 07:06:38.426   827   895 D StylusManager: Stylus InputDevice changed: 9 virtio_input_multi_touch_6
06-24 07:06:38.426   827   895 D StylusManager: Stylus InputDevice changed: 12 virtio_input_multi_touch_9
06-24 07:06:38.428   827   895 D StylusManager: Stylus InputDevice changed: 7 virtio_input_multi_touch_4
06-24 07:06:38.428   827   895 D StylusManager: Stylus InputDevice changed: 6 virtio_input_multi_touch_3
06-24 07:06:38.429   827   895 D StylusManager: Stylus InputDevice changed: 4 virtio_input_multi_touch_1
06-24 07:06:38.429   827   895 D StylusManager: Stylus InputDevice changed: 10 virtio_input_multi_touch_7
06-24 07:06:38.430   827   895 D StylusManager: Stylus InputDevice changed: 5 virtio_input_multi_touch_2
06-24 07:06:38.434   519   519 D ActivityManager: sync unfroze 1864 com.android.keychain for 10
06-24 07:06:38.434   519   519 D ActivityManager: sync unfroze 4870 com.google.android.settings.intelligence for 10
06-24 07:06:38.435   519   519 D ActivityManager: sync unfroze 5823 com.android.settings for 10
06-24 07:06:38.435   519   519 D ActivityManager: sync unfroze 3508 com.android.dynsystem:dynsystem for 10
06-24 07:06:38.435   519   519 D ActivityManager: sync unfroze 3449 com.android.dynsystem for 10
06-24 07:06:38.436   519   519 D ActivityManager: sync unfroze 2454 com.android.localtransport for 10
06-24 07:06:38.441  3940  3940 V MediaPlayerList: mPackageChangedBroadcastReceiver: action: android.intent.action.PACKAGE_REMOVED
06-24 07:06:38.441  3940  3940 V MediaPlayerList: mPackageChangedBroadcastReceiver: action: android.intent.action.PACKAGE_REMOVED
06-24 07:06:38.448  1621  2134 I A       : Successfully initialized all components
06-24 07:06:38.452   519   519 I Telecom : CarModeTracker: Package dev.mobile.maestro is not tracked.: SSH.oR@AXA🔒
06-24 07:06:38.453   519   519 I Telecom : InCallController: updateCarModeForConnections: car mode apps: : SSH.oR@AXA🔒
06-24 07:06:38.453   519   519 I Telecom : InCallController: update carmode current:UserHandle{0} parent:null: SSH.oR@AXA🔒
06-24 07:06:38.453   519   519 I ConditionProviders: Disallowing condition provider dev.mobile.maestro (userSet: true)
06-24 07:06:38.454  5497  5599 I Icing   : IndexChimeraService.getServiceInterface callingPackage=com.google.android.googlequicksearchbox componentName=null serviceId=36
06-24 07:06:38.456   519   548 I ActivityManager: Force stopping dev.mobile.maestro.test appid=10198 user=-1: deletePackageX
06-24 07:06:38.456   519   548 E libprocessgroup: No such cgroup attribute: /sys/fs/cgroup/uid_4294877494/cgroup.freeze
06-24 07:06:38.456   519   548 W libprocessgroup: Failed to apply Frozen process profile: No such file or directory
06-24 07:06:38.457   519   609 I RoleService: Granting default roles...
06-24 07:06:38.460   519   548 E libprocessgroup: No such cgroup attribute: /sys/fs/cgroup/uid_4294877494/cgroup.freeze
06-24 07:06:38.460   519   548 W libprocessgroup: Failed to apply Unfrozen process profile: No such file or directory
06-24 07:06:38.461  1631  1631 W MediaProvider: WorkProfileOwnerApps cache is empty
06-24 07:06:38.462   519   603 I RollbackManager: broadcast=ACTION_PACKAGE_FULLY_REMOVED pkg=dev.mobile.maestro
06-24 07:06:38.462   519   749 W WifiService: Couldn't get PackageInfo for package:dev.mobile.maestro
06-24 07:06:38.462   519   749 D WifiService: Remove settings for package:dev.mobile.maestro
06-24 07:06:38.463   519   749 D WifiConfigManager: Remove all networks for app ApplicationInfo{a17fa7a dev.mobile.maestro}
06-24 07:06:38.468   519   749 D WifiConfigStore: Writing to stores completed in 2 ms.
06-24 07:06:38.468   519   749 I PasspointManager: No app ops listener found for dev.mobile.maestro
06-24 07:06:38.468   519   548 D ActivityManager: sync unfroze 2789 com.android.chrome for 3
06-24 07:06:38.677     0     0 I logd    : start watching /data/system/packages.list ...
06-24 07:06:38.678     0     0 I logd    : ReadPackageList, total packages: 200
06-24 07:06:38.496   519   547 W WindowMagnificationMgr: requestConnection duplicated request: connect=false, mConnectionState=DISCONNECTED
06-24 07:06:38.499   519   571 D PackageManager: Instant App installer not found with android.intent.action.INSTALL_INSTANT_APP_PACKAGE
06-24 07:06:38.499   519   571 D PackageManager: Clear ephemeral installer activity
06-24 07:06:38.504   519  3093 E TaskPersister: File error accessing recents directory (directory doesn't exist?).
06-24 07:06:38.505   397  1418 D AF::TrackHandle: OpPlayAudio: track:55 usage:13 not muted
06-24 07:06:38.508   397  1418 D AF::TrackHandle: OpPlayAudio: track:55 usage:13 not muted
06-24 07:06:38.511   397  1418 D AF::TrackHandle: OpPlayAudio: track:55 usage:13 not muted
06-24 07:06:38.511   397  1418 D AF::TrackHandle: OpPlayAudio: track:55 usage:13 not muted
06-24 07:06:38.511   397  1418 D AF::TrackHandle: OpPlayAudio: track:55 usage:13 not muted
06-24 07:06:38.511   397  1418 D AF::TrackHandle: OpPlayAudio: track:55 usage:13 not muted
06-24 07:06:38.511   397  1418 D AF::TrackHandle: OpPlayAudio: track:55 usage:13 not muted
06-24 07:06:38.511   397  1418 D AF::TrackHandle: OpPlayAudio: track:55 usage:13 not muted
06-24 07:06:38.512   397  1418 D AF::TrackHandle: OpPlayAudio: track:55 usage:13 not muted
06-24 07:06:38.512   397  1418 D AF::TrackHandle: OpPlayAudio: track:55 usage:13 not muted
06-24 07:06:38.512   397  1418 D AF::TrackHandle: OpPlayAudio: track:55 usage:13 not muted
06-24 07:06:38.512   397  1418 D AF::TrackHandle: OpPlayAudio: track:55 usage:13 not muted
06-24 07:06:38.512   397  1418 D AF::TrackHandle: OpPlayAudio: track:55 usage:13 not muted
06-24 07:06:38.512   397  1418 D AF::TrackHandle: OpPlayAudio: track:55 usage:13 not muted
06-24 07:06:38.512   397  1418 D AF::TrackHandle: OpPlayAudio: track:55 usage:13 not muted
06-24 07:06:38.512   397  1418 D AF::TrackHandle: OpPlayAudio: track:55 usage:13 not muted
06-24 07:06:38.516   519   609 D ActivityManager: sync unfroze 828 com.google.android.permissioncontroller for 6
06-24 07:06:38.517   519  3184 D CompatibilityChangeReporter: Compat change id reported: 161252188; UID 10192; state: DISABLED
06-24 07:06:38.526  5497  7790 I Icing   : Usage reports ok 1, Failed Usage reports 0, indexed 0, rejected 0
06-24 07:06:38.531  5497  5497 D BoundBrokerSvc: onBind: Intent { act=com.google.android.gms.feedback.internal.IFeedbackService dat=chimera-action:/... cmp=com.google.android.gms/.chimera.GmsBoundBrokerService }
06-24 07:06:38.531  5497  5497 D BoundBrokerSvc: Loading bound service for intent: Intent { act=com.google.android.gms.feedback.internal.IFeedbackService dat=chimera-action:/... cmp=com.google.android.gms/.chimera.GmsBoundBrokerService }
06-24 07:06:38.538  1631  2306 I MediaProvider: Begin Intent { act=android.intent.action.PACKAGE_FULLY_REMOVED dat=package: flg=0x5000010 cmp=com.google.android.providers.media.module/com.android.providers.media.MediaService (has extras) }
06-24 07:06:38.538  1631  2306 D MediaProvider: Deleted 0 Android/media items belonging to dev.mobile.maestro on /data/user/0/com.google.android.providers.media.module/databases/external.db
06-24 07:06:38.539  1631  2306 D MediaGrants: Removed 0 media_grants for 0 user for dev.mobile.maestro. Reason: Package orphaned
06-24 07:06:38.539  1631  2306 I MediaProvider: End Intent { act=android.intent.action.PACKAGE_FULLY_REMOVED dat=package: flg=0x5000010 cmp=com.google.android.providers.media.module/com.android.providers.media.MediaService (has extras) }
06-24 07:06:38.539   519   571 I ActivityManager: Force stopping dev.mobile.maestro.test appid=10198 user=0: pkg removed
06-24 07:06:38.539   519   571 E libprocessgroup: No such cgroup attribute: /sys/fs/cgroup/uid_10198/cgroup.freeze
06-24 07:06:38.539   519   571 W libprocessgroup: Failed to apply Frozen process profile: No such file or directory
06-24 07:06:38.539   519   571 E libprocessgroup: No such cgroup attribute: /sys/fs/cgroup/uid_10198/cgroup.freeze
06-24 07:06:38.539   519   571 W libprocessgroup: Failed to apply Unfrozen process profile: No such file or directory
06-24 07:06:38.543   336   364 I netd    : tetherGetStats() -> {[]} <0.34ms>
06-24 07:06:38.568   827   827 D ControlsListingControllerImpl: ServiceConfig reloaded, count: 0
06-24 07:06:38.576   519   762 E AppOps  : attributionTag VCN not declared in manifest of android
06-24 07:06:38.577   519   749 W WifiService: Couldn't get PackageInfo for package:dev.mobile.maestro.test
06-24 07:06:38.577   519   749 D WifiService: Remove settings for package:dev.mobile.maestro.test
06-24 07:06:38.577   519   749 D WifiConfigManager: Remove all networks for app ApplicationInfo{198f7fd dev.mobile.maestro.test}
06-24 07:06:38.581  1041  1041 D CarrierSvcBindHelper: onPackageRemoved: dev.mobile.maestro.test
06-24 07:06:38.581   519   749 D WifiConfigStore: Writing to stores completed in 5 ms.
06-24 07:06:38.582   519   749 I PasspointManager: No app ops listener found for dev.mobile.maestro.test
06-24 07:06:38.582  1041  1041 D CarrierSvcBindHelper: No carrier app for: 0
06-24 07:06:38.596   519   628 V StorageManagerService: Package dev.mobile.maestro.test does not have legacy storage
06-24 07:06:38.597   519   620 I InputReader: Reconfiguring input devices, changes=KEYBOARD_LAYOUTS
06-24 07:06:38.597   519   603 I RollbackManager: broadcast=ACTION_PACKAGE_FULLY_REMOVED pkg=dev.mobile.maestro.test
06-24 07:06:38.607   336   364 I netd    : tetherGetStats() -> {[]} <0.39ms>
06-24 07:06:38.609   827   895 D StylusManager: Stylus InputDevice changed: 14 virtio_input_multi_touch_11
06-24 07:06:38.610   827   895 D StylusManager: Stylus InputDevice changed: 8 virtio_input_multi_touch_5
06-24 07:06:38.610   827   895 D StylusManager: Stylus InputDevice changed: 13 virtio_input_multi_touch_10
06-24 07:06:38.610   827   895 D StylusManager: Stylus InputDevice changed: 11 virtio_input_multi_touch_8
06-24 07:06:38.611   519   749 W WifiService: Couldn't get PackageInfo for package:dev.mobile.maestro.test
06-24 07:06:38.611   519   749 D WifiService: Remove settings for package:dev.mobile.maestro.test
06-24 07:06:38.611   519   749 D WifiConfigManager: Remove all networks for app ApplicationInfo{77e7947 dev.mobile.maestro.test}
06-24 07:06:38.611   827   895 D StylusManager: Stylus InputDevice changed: 9 virtio_input_multi_touch_6
06-24 07:06:38.613   828  8151 E RoleControllerServiceImpl: Default/fallback role holder package doesn't qualify for the role, package: com.google.android.gms.supervision, role: android.app.role.SYSTEM_SUPERVISION
06-24 07:06:38.613   519   519 I Telecom : CarModeTracker: Package dev.mobile.maestro.test is not tracked.: SSH.oR@AXM🔒
06-24 07:06:38.613   519   519 I Telecom : InCallController: updateCarModeForConnections: car mode apps: : SSH.oR@AXM🔒
06-24 07:06:38.613   519   519 I Telecom : InCallController: update carmode current:UserHandle{0} parent:null: SSH.oR@AXM🔒
06-24 07:06:38.615   336   364 I netd    : bandwidthSetGlobalAlert(2097152) <0.10ms>
06-24 07:06:38.619   828  8151 I Role    : com.google.android.gms not qualified for android.app.role.SYSTEM_CALL_STREAMING due to missing RequiredComponent{mIntentFilterData=IntentFilterData{mAction='android.telecom.CallStreamingService', mCategories='[]', mDataScheme='null', mDataType='null'}, mMinTargetSdkVersion=1, mFlags='0', mPermission='android.permission.BIND_CALL_STREAMING_SERVICE', mQueryFlags=0, mMetaData=[]}
06-24 07:06:38.619   828  8151 E RoleControllerServiceImpl: Default/fallback role holder package doesn't qualify for the role, package: com.google.android.gms, role: android.app.role.SYSTEM_CALL_STREAMING
06-24 07:06:38.620   519   530 I system_server: Background concurrent copying GC freed 331785(14MB) AllocSpace objects, 32(1028KB) LOS objects, 41% free, 33MB/57MB, paused 84us,99us total 248.164ms
06-24 07:06:38.623   828  8151 W Role    : Default holder doesn't have required signing certificate: com.google.android.apps.work.clouddpc:23962F4B43B9857638EA66F4D419518EAE282491ACDA4B94707BD59003C45E58
06-24 07:06:38.627   519   749 D WifiConfigStore: Writing to stores completed in 8 ms.
06-24 07:06:38.627   519   749 I PasspointManager: No app ops listener found for dev.mobile.maestro.test
06-24 07:06:38.629   827   895 D StylusManager: Stylus InputDevice changed: 12 virtio_input_multi_touch_9
06-24 07:06:38.631   827   895 D StylusManager: Stylus InputDevice changed: 7 virtio_input_multi_touch_4
06-24 07:06:38.632   827   895 D StylusManager: Stylus InputDevice changed: 6 virtio_input_multi_touch_3
06-24 07:06:38.632   827   895 D StylusManager: Stylus InputDevice changed: 4 virtio_input_multi_touch_1
06-24 07:06:38.633   827   895 D StylusManager: Stylus InputDevice changed: 10 virtio_input_multi_touch_7
06-24 07:06:38.635   519   548 D ActivityManager: sync unfroze 2301 com.google.android.documentsui for 3
06-24 07:06:38.647   519   519 I ConditionProviders: Disallowing condition provider dev.mobile.maestro.test (userSet: true)
06-24 07:06:38.650   519   548 D ActivityManager: sync unfroze 2010 android.process.media for 3
06-24 07:06:38.655   827   895 D StylusManager: Stylus InputDevice changed: 5 virtio_input_multi_touch_2
06-24 07:06:38.656  3940  3940 V MediaPlayerList: mPackageChangedBroadcastReceiver: action: android.intent.action.PACKAGE_REMOVED
06-24 07:06:38.656  1631  1631 W MediaProvider: WorkProfileOwnerApps cache is empty
06-24 07:06:38.656  3940  3940 V MediaPlayerList: mPackageChangedBroadcastReceiver: action: android.intent.action.PACKAGE_REMOVED
06-24 07:06:38.664   827   827 D ControlsListingControllerImpl: ServiceConfig reloaded, count: 0
06-24 07:06:38.665  1631  2306 I MediaProvider: Begin Intent { act=android.intent.action.PACKAGE_FULLY_REMOVED dat=package: flg=0x5000010 cmp=com.google.android.providers.media.module/com.android.providers.media.MediaService (has extras) }
06-24 07:06:38.665  1631  2306 D MediaProvider: Deleted 0 Android/media items belonging to dev.mobile.maestro.test on /data/user/0/com.google.android.providers.media.module/databases/external.db
06-24 07:06:38.668   397   990 D AF::TrackHandle: OpPlayAudio: track:55 usage:13 not muted
06-24 07:06:38.668   397   990 D AF::TrackHandle: OpPlayAudio: track:55 usage:13 not muted
06-24 07:06:38.668   397   990 D AF::TrackHandle: OpPlayAudio: track:55 usage:13 not muted
06-24 07:06:38.669   397   990 D AF::TrackHandle: OpPlayAudio: track:55 usage:13 not muted
06-24 07:06:38.669   397   990 D AF::TrackHandle: OpPlayAudio: track:55 usage:13 not muted
06-24 07:06:38.669   397   990 D AF::TrackHandle: OpPlayAudio: track:55 usage:13 not muted
06-24 07:06:38.669   397   990 D AF::TrackHandle: OpPlayAudio: track:55 usage:13 not muted
06-24 07:06:38.670   397   990 D AF::TrackHandle: OpPlayAudio: track:55 usage:13 not muted
06-24 07:06:38.671   397   990 D AF::TrackHandle: OpPlayAudio: track:55 usage:13 not muted
06-24 07:06:38.672  1631  2306 D MediaGrants: Removed 0 media_grants for 0 user for dev.mobile.maestro.test. Reason: Package orphaned
06-24 07:06:38.672  1631  2306 I MediaProvider: End Intent { act=android.intent.action.PACKAGE_FULLY_REMOVED dat=package: flg=0x5000010 cmp=com.google.android.providers.media.module/com.android.providers.media.MediaService (has extras) }
06-24 07:06:38.674   336   364 I netd    : tetherGetStats() -> {[]} <0.34ms>
06-24 07:06:38.675   397   990 D AF::TrackHandle: OpPlayAudio: track:55 usage:13 not muted
06-24 07:06:38.675   397   990 D AF::TrackHandle: OpPlayAudio: track:55 usage:13 not muted
06-24 07:06:38.676   397   990 D AF::TrackHandle: OpPlayAudio: track:55 usage:13 not muted
06-24 07:06:38.676   397   990 D AF::TrackHandle: OpPlayAudio: track:55 usage:13 not muted
06-24 07:06:38.676   397   990 D AF::TrackHandle: OpPlayAudio: track:55 usage:13 not muted
06-24 07:06:38.677  1085  1085 D Launcher.Model: package removed received dev.mobile.maestro
06-24 07:06:38.677  1085  1124 D PackageUpdatedTask: Removing app icondev.mobile.maestro
06-24 07:06:38.684  1613  1613 I AiAiEcho: AppFetcherImplV2 onPackageRemoved dev.mobile.maestro.
06-24 07:06:38.693  1085  1124 D ModelWriter: removing items from db . Reason: [removed because the corresponding package or component is removed. mOp=3 removedPackages=[dev.mobile.maestro] removedComponents=[]]
06-24 07:06:38.694  1613  1950 I AiAiEcho: [pnb-agg] Reload pnb aggregation on events deleted
06-24 07:06:38.698   397   990 D AF::TrackHandle: OpPlayAudio: track:55 usage:13 not muted
06-24 07:06:38.699  5497  5599 I Icing   : IndexChimeraService.getServiceInterface callingPackage=com.google.android.gms componentName=null serviceId=30
06-24 07:06:38.699  1613  1950 I AiAiEcho: [pnb-agg] pnb aggregation disabled.
06-24 07:06:38.699   397   990 D AF::TrackHandle: OpPlayAudio: track:55 usage:13 not muted
06-24 07:06:38.703  1613  2006 I AiAiEcho: EchoSearch: WidgetFetcherImpl is initialized with [28] widgets [reason=package removed for userId: 0]
06-24 07:06:38.704   519   547 W WindowMagnificationMgr: requestConnection duplicated request: connect=false, mConnectionState=DISCONNECTED
06-24 07:06:38.710  1085  1085 D Launcher.Model: package removed received dev.mobile.maestro.test
06-24 07:06:38.711  1085  1124 D PackageUpdatedTask: Removing app icondev.mobile.maestro.test
06-24 07:06:38.714   827   827 D TileServices: Couldn't find tile for ComponentInfo{com.google.android.apps.wellbeing/com.google.android.apps.wellbeing.focusmode.quicksettings.FocusModeTileService}(0)
06-24 07:06:38.720  1613  1613 I AiAiEcho: AppFetcherImplV2 onPackageRemoved dev.mobile.maestro.test.
06-24 07:06:38.727  1085  1124 D ModelWriter: removing items from db . Reason: [removed because the corresponding package or component is removed. mOp=3 removedPackages=[dev.mobile.maestro.test] removedComponents=[]]
06-24 07:06:38.747  5497  5497 D BoundBrokerSvc: onBind: Intent { act=com.google.android.gms.common.BIND_SHARED_PREFS pkg=com.google.android.gms }
06-24 07:06:38.747  1613  2006 I AiAiEcho: EchoSearch: WidgetFetcherImpl is initialized with [28] widgets [reason=package removed for userId: 0]
06-24 07:06:38.748  5497  5497 D BoundBrokerSvc: Loading bound service for intent: Intent { act=com.google.android.gms.common.BIND_SHARED_PREFS pkg=com.google.android.gms }
06-24 07:06:38.753   827   827 D TileServices: Couldn't find tile for ComponentInfo{com.google.android.apps.wellbeing/com.google.android.apps.wellbeing.focusmode.quicksettings.FocusModeTileService}(0)
06-24 07:06:38.755  5447  8179 I ProximityAuth: [RecentAppsMediator] Package removed: (user=UserHandle{0}) dev.mobile.maestro
06-24 07:06:38.758   519  3112 D SafetySourceDataValidator: No cert check requested for package com.google.android.permissioncontroller
06-24 07:06:38.759  5497  5497 D BoundBrokerSvc: onUnbind: Intent { act=com.google.android.gms.common.BIND_SHARED_PREFS pkg=com.google.android.gms }
06-24 07:06:38.761  5497  5497 D BoundBrokerSvc: onBind: Intent { act=com.google.android.gms.common.BIND_SHARED_PREFS pkg=com.google.android.gms }
06-24 07:06:38.763  5497  5497 D BoundBrokerSvc: Loading bound service for intent: Intent { act=com.google.android.gms.common.BIND_SHARED_PREFS pkg=com.google.android.gms }
06-24 07:06:38.766  5497  7790 I Icing   : Usage reports ok 0, Failed Usage reports 0, indexed 0, rejected 0
06-24 07:06:38.770  5497  8176 I BlockstoreStorage: Clearing all the Blockstore Data for package dev.mobile.maestro [CONTEXT service_id=258 ]
06-24 07:06:38.770  5497  8176 I BlockstoreStorage: Clearing all the Blockstore Data for 1 packages [CONTEXT service_id=258 ]
06-24 07:06:38.771  5447  8174 I Fitness : FitCleanupIntentOperation received Intent android.intent.action.PACKAGE_REMOVED [CONTEXT service_id=17 ]
