06-24 07:07:45.686   827   827 D TileServices: Couldn't find tile for ComponentInfo{com.google.android.apps.wellbeing/com.google.android.apps.wellbeing.focusmode.quicksettings.FocusModeTileService}(0)
06-24 07:07:45.696   827   827 D TileServices: Couldn't find tile for ComponentInfo{com.google.android.apps.wellbeing/com.google.android.apps.wellbeing.focusmode.quicksettings.FocusModeTileService}(0)
06-24 07:07:45.763  8762  8762 W BpBinder: Linking to death on android.gui.ISurfaceComposer but there are no threads (yet?) listening to incoming transactions. See ProcessState::startThreadPool and ProcessState::setThreadPoolMaxThreadCount. Generally you should setup the binder threadpool before other initialization steps.
06-24 07:07:45.764  8762  8762 W ProcessState: Extra binder thread started, but 0 threads requested. Do not use *startThreadPool when zero threads are requested.
06-24 07:07:45.769   136   136 I hwservicemanager: getTransport: Cannot find entry android.hardware.graphics.mapper@4.0::IMapper/default in either framework or device VINTF manifest.
06-24 07:07:45.769  8762  8763 I Gralloc4: mapper 4.x is not supported
06-24 07:07:45.952     0     0 I servicemanager: Could not find android.hardware.graphics.allocator.IAllocator/default in the VINTF manifest.
06-24 07:07:45.890  8764  8764 D AndroidRuntime: >>>>>> START com.android.internal.os.RuntimeInit uid 2000 <<<<<<
06-24 07:07:45.893  8764  8764 I AndroidRuntime: Using default boot image
06-24 07:07:45.893  8764  8764 I AndroidRuntime: Leaving lock profiling enabled
06-24 07:07:45.894  8764  8764 I app_process: Core platform API reporting enabled, enforcing=false
06-24 07:07:45.895  8764  8764 I app_process: Using CollectorTypeCC GC.
06-24 07:07:45.973  8764  8764 D nativeloader: InitDefaultPublicLibraries for_preload=1: libandroid.so:libaaudio.so:libamidi.so:libbinder_ndk.so:libc.so:libcamera2ndk.so:libdl.so:libEGL.so:libGLESv1_CM.so:libGLESv2.so:libGLESv3.so:libicu.so:libicui18n.so:libicuuc.so:libjnigraphics.so:liblog.so:libmediandk.so:libm.so:libnativehelper.so:libnativewindow.so:libOpenMAXAL.so:libOpenSLES.so:libRS.so:libstdc++.so:libsync.so:libvulkan.so:libwebviewchromium_plat_support.so:libz.so
06-24 07:07:45.980  8764  8764 D app_process: Time zone APEX ICU file found: /apex/com.android.tzdata/etc/icu/icu_tzdata.dat
06-24 07:07:45.981  8764  8764 D app_process: I18n APEX ICU file found: /apex/com.android.i18n/etc/icu/icudt72l.dat
06-24 07:07:45.986  8764  8764 W app_process: Unexpected CPU variant for x86: x86_64.
06-24 07:07:45.986  8764  8764 W app_process: Known variants: atom, sandybridge, silvermont, goldmont, goldmont-plus, tremont, kabylake, default
06-24 07:07:45.994  8764  8764 W app_process: ClassLoaderContext shared library size mismatch. Expected=2, found=0 (PCL[]{PCL[/system/framework/android.test.base.jar*836642756]#PCL[/system/framework/android.test.mock.jar*3186112116]} | PCL[])
06-24 07:07:45.996  8764  8764 W app_process: ClassLoaderContext classpath size mismatch. expected=0, found=1 (PCL[]{PCL[/system/framework/android.test.runner.jar*4168958247]{PCL[/system/framework/android.test.base.jar*836642756]#PCL[/system/framework/android.test.mock.jar*3186112116]}#PCL[/system/framework/android.test.base.jar*836642756]} | PCL[/system/framework/android.test.runner.jar*4168958247])
06-24 07:07:46.013  8764  8764 W libc    : Access denied finding property "ro.product.name_for_attestation"
06-24 07:07:46.013  8764  8764 W libc    : Access denied finding property "ro.product.brand_for_attestation"
06-24 07:07:46.013  8764  8764 W libc    : Access denied finding property "ro.product.model_for_attestation"
06-24 07:07:46.014  8764  8764 D AndroidRuntime: Calling main entry com.android.commands.uiautomator.Launcher
06-24 07:07:46.015  8764  8764 D UiAutomationConnection: Created on user UserHandle{0}
06-24 07:07:46.015  8764  8764 I UiAutomation: Initialized for user 0 on display 0
06-24 07:07:46.015  8764  8764 W UiAutomation: Created with deprecatead constructor, assumes DEFAULT_DISPLAY
06-24 07:07:46.008  8764  8764 W main    : type=1400 audit(0.0:89): avc:  denied  { read } for  name="u:object_r:build_attestation_prop:s0" dev="tmpfs" ino=86 scontext=u:r:shell:s0 tcontext=u:object_r:build_attestation_prop:s0 tclass=file permissive=0
06-24 07:07:46.016   519  3055 D AccessibilityManagerService: changeCurrentUserForTestAutomationIfNeededLocked(0): ignoring because device doesn't support visible background users
06-24 07:07:46.017   519  3055 I UiAutomationManager: Registering UiTestAutomationService (id=com.android.server.accessibility/UiAutomation) when called by user 0
06-24 07:07:46.018   519  3055 W WindowMagnificationMgr: requestConnection duplicated request: connect=false, mConnectionState=DISCONNECTED
06-24 07:07:46.019   519   519 D BatterySaverPolicy: accessibility changed to true, updating policy.
06-24 07:07:46.020  1613  3555 I AiAiEcho: Settings changed for uri: content://settings/secure/accessibility_enabled
06-24 07:07:46.021  1613  1950 I AiAiEcho: Predicting[0]: 
06-24 07:07:46.021  1613  1950 I AiAiEcho: EchoTargets: 
06-24 07:07:46.021  1613  1950 I AiAiEcho: Filtered by AiAi flag check: 
06-24 07:07:46.021  1613  1950 I AiAiEcho: Ranked targets strategy: SORT, count: 0, ranking metadata: 
06-24 07:07:46.021  1613  1950 I AiAiEcho: Predicting[0]: 
06-24 07:07:46.021  1613  1950 I AiAiEcho: EchoTargets: 
06-24 07:07:46.021  1613  1950 I AiAiEcho: Filtered by AiAi flag check: 
06-24 07:07:46.021  1613  1950 I AiAiEcho: Ranked targets strategy: SORT, count: 0, ranking metadata: 
06-24 07:07:46.022  1613  1950 I AiAiEcho: #postPredictionTargets: Sending updates to UISurface lockscreen with targets# 0 (types=[])
06-24 07:07:46.022  1613  1950 I AiAiEcho: #postPredictionTargets: Sending updates to UISurface home with targets# 0 (types=[])
06-24 07:07:46.022   519  3335 W WindowMagnificationMgr: requestConnection duplicated request: connect=false, mConnectionState=DISCONNECTED
06-24 07:07:46.023  1613  1679 I AiAiEcho: Settings changed for uri: content://settings/secure/accessibility_enabled
06-24 07:07:46.023  8764  8778 V UiAutomation: Init UiAutomation@30afcf9[id=9, displayId=0, flags=0]
06-24 07:07:46.008  8764  8764 W main    : type=1400 audit(0.0:90): avc:  denied  { read } for  name="u:object_r:build_attestation_prop:s0" dev="tmpfs" ino=86 scontext=u:r:shell:s0 tcontext=u:object_r:build_attestation_prop:s0 tclass=file permissive=0
06-24 07:07:46.008  8764  8764 W main    : type=1400 audit(0.0:91): avc:  denied  { read } for  name="u:object_r:build_attestation_prop:s0" dev="tmpfs" ino=86 scontext=u:r:shell:s0 tcontext=u:object_r:build_attestation_prop:s0 tclass=file permissive=0
06-24 07:07:46.029   827   827 W PageIndicator: Total number of pages invalid: 0. Assuming 1 page.
06-24 07:07:46.030  1613  1950 I AiAiEcho: Predicting[0]: 
06-24 07:07:46.030  1613  1950 I AiAiEcho: EchoTargets: 
06-24 07:07:46.030  1613  1950 I AiAiEcho: Filtered by AiAi flag check: 
06-24 07:07:46.030  1613  1950 I AiAiEcho: Ranked targets strategy: SORT, count: 0, ranking metadata: 
06-24 07:07:46.030  1613  1950 I AiAiEcho: Predicting[0]: 
06-24 07:07:46.030  1613  1950 I AiAiEcho: EchoTargets: 
06-24 07:07:46.030  1613  1950 I AiAiEcho: Filtered by AiAi flag check: 
06-24 07:07:46.030  1613  1950 I AiAiEcho: Ranked targets strategy: SORT, count: 0, ranking metadata: 
06-24 07:07:46.030  1613  1950 I AiAiEcho: #postPredictionTargets: Sending updates to UISurface lockscreen with targets# 0 (types=[])
06-24 07:07:46.030  1613  1950 I AiAiEcho: #postPredictionTargets: Sending updates to UISurface home with targets# 0 (types=[])
06-24 07:07:46.030   827   827 W PageIndicator: Total number of pages invalid: 0. Assuming 1 page.
06-24 07:07:46.031   519   591 D SafetySourceDataValidator: No cert check requested for package com.google.android.permissioncontroller
06-24 07:07:46.032  1762  2275 I A       : NGA disabled since it's running Panthera and at least one a11y feature is on.
06-24 07:07:46.032  1762  2275 I A       : Nga state changed to NgaStateDetails{state=DISABLED, isSpecialExperience=false}
06-24 07:07:46.033  1621  4585 I A       : APA or Classic session decision: SessionDecision(sessionVariance=CLASSIC, platformVariance=CLASSIC, justification=CURRENT_PLATFORM_VARIANCE).
06-24 07:07:46.033  1621  4585 I A       : [Memory] eligibility: StashEligibility{4}
06-24 07:07:46.033  1621  2134 I A       : Unsubscribed to apa or classic variant change.
06-24 07:07:46.158   519   609 I RoleService: Granting default roles...
06-24 07:07:46.164   828  8704 E RoleControllerServiceImpl: Default/fallback role holder package doesn't qualify for the role, package: com.google.android.gms.supervision, role: android.app.role.SYSTEM_SUPERVISION
06-24 07:07:46.165   828  8704 I Role    : com.google.android.gms not qualified for android.app.role.SYSTEM_CALL_STREAMING due to missing RequiredComponent{mIntentFilterData=IntentFilterData{mAction='android.telecom.CallStreamingService', mCategories='[]', mDataScheme='null', mDataType='null'}, mMinTargetSdkVersion=1, mFlags='0', mPermission='android.permission.BIND_CALL_STREAMING_SERVICE', mQueryFlags=0, mMetaData=[]}
06-24 07:07:46.165   828  8704 E RoleControllerServiceImpl: Default/fallback role holder package doesn't qualify for the role, package: com.google.android.gms, role: android.app.role.SYSTEM_CALL_STREAMING
06-24 07:07:46.165   828  8704 W Role    : Default holder doesn't have required signing certificate: com.google.android.apps.work.clouddpc:23962F4B43B9857638EA66F4D419518EAE282491ACDA4B94707BD59003C45E58
06-24 07:07:46.826   814   814 I wpa_supplicant: wlan0: CTRL-EVENT-BEACON-LOSS 
06-24 07:07:46.993  8455  8475 D EGL_emulation: app_time_stats: avg=499.69ms min=499.09ms max=500.63ms count=3
06-24 07:07:47.028  8764  8764 I AccessibilityNodeInfoDumper: Skipping invisible child: android.view.accessibility.AccessibilityNodeInfo@128be; boundsInParent: Rect(0, 0 - 320, 0); boundsInScreen: Rect(0, 0 - 320, 0); boundsInWindow: Rect(0, 0 - 320, 0); packageName: com.hanapkalinga.mobile; className: android.widget.LinearLayout; text: null; error: null; maxTextLength: -1; stateDescription: null; contentDescription: null; tooltipText: null; containerTitle: null; viewIdResName: null; uniqueId: null; checkable: false; checked: false; focusable: false; focused: false; selected: false; clickable: false; longClickable: false; contextClickable: false; enabled: true; password: false; scrollable: false; importantForAccessibility: false; visible: false; actions: [AccessibilityAction: ACTION_SELECT - null, AccessibilityAction: ACTION_CLEAR_SELECTION - null, AccessibilityAction: ACTION_ACCESSIBILITY_FOCUS - null, AccessibilityAction: ACTION_SHOW_ON_SCREEN - null]; isTextSelectable: false
06-24 07:07:47.028  8764  8764 I AccessibilityNodeInfoDumper: Skipping invisible child: android.view.accessibility.AccessibilityNodeInfo@124fd; boundsInParent: Rect(0, 0 - 320, 0); boundsInScreen: Rect(0, 0 - 320, 0); boundsInWindow: Rect(0, 0 - 320, 0); packageName: com.hanapkalinga.mobile; className: android.view.ViewGroup; text: null; error: null; maxTextLength: -1; stateDescription: null; contentDescription: null; tooltipText: null; containerTitle: null; viewIdResName: null; uniqueId: null; checkable: false; checked: false; focusable: false; focused: false; selected: false; clickable: false; longClickable: false; contextClickable: false; enabled: true; password: false; scrollable: false; importantForAccessibility: false; visible: false; actions: [AccessibilityAction: ACTION_SELECT - null, AccessibilityAction: ACTION_CLEAR_SELECTION - null, AccessibilityAction: ACTION_ACCESSIBILITY_FOCUS - null, AccessibilityAction: ACTION_SHOW_ON_SCREEN - null]; isTextSelectable: false
06-24 07:07:47.028  8764  8764 I AccessibilityNodeInfoDumper: Skipping invisible child: android.view.accessibility.AccessibilityNodeInfo@1a49f; boundsInParent: Rect(0, 0 - 320, 0); boundsInScreen: Rect(0, 0 - 320, 0); boundsInWindow: Rect(0, 0 - 320, 0); packageName: com.hanapkalinga.mobile; className: android.widget.LinearLayout; text: null; error: null; maxTextLength: -1; stateDescription: null; contentDescription: null; tooltipText: null; containerTitle: null; viewIdResName: null; uniqueId: null; checkable: false; checked: false; focusable: false; focused: false; selected: false; clickable: false; longClickable: false; contextClickable: false; enabled: true; password: false; scrollable: false; importantForAccessibility: false; visible: false; actions: [AccessibilityAction: ACTION_SELECT - null, AccessibilityAction: ACTION_CLEAR_SELECTION - null, AccessibilityAction: ACTION_ACCESSIBILITY_FOCUS - null, AccessibilityAction: ACTION_SHOW_ON_SCREEN - null]; isTextSelectable: false
06-24 07:07:47.028  8764  8764 I AccessibilityNodeInfoDumper: Skipping invisible child: android.view.accessibility.AccessibilityNodeInfo@1a0de; boundsInParent: Rect(0, 0 - 320, 0); boundsInScreen: Rect(0, 0 - 320, 0); boundsInWindow: Rect(0, 0 - 320, 0); packageName: com.hanapkalinga.mobile; className: android.view.ViewGroup; text: null; error: null; maxTextLength: -1; stateDescription: null; contentDescription: null; tooltipText: null; containerTitle: null; viewIdResName: null; uniqueId: null; checkable: false; checked: false; focusable: false; focused: false; selected: false; clickable: false; longClickable: false; contextClickable: false; enabled: true; password: false; scrollable: false; importantForAccessibility: false; visible: false; actions: [AccessibilityAction: ACTION_SELECT - null, AccessibilityAction: ACTION_CLEAR_SELECTION - null, AccessibilityAction: ACTION_ACCESSIBILITY_FOCUS - null, AccessibilityAction: ACTION_SHOW_ON_SCREEN - null]; isTextSelectable: false
06-24 07:07:47.029  8764  8764 I AccessibilityNodeInfoDumper: Skipping invisible child: android.view.accessibility.AccessibilityNodeInfo@182d6; boundsInParent: Rect(0, 0 - 1, 1); boundsInScreen: Rect(20, 293 - 21, 294); boundsInWindow: Rect(20, 293 - 21, 294); packageName: com.hanapkalinga.mobile; className: android.view.ViewGroup; text: null; error: null; maxTextLength: -1; stateDescription: null; contentDescription: null; tooltipText: null; containerTitle: null; viewIdResName: login_captcha_ready; uniqueId: null; checkable: false; checked: false; focusable: false; focused: false; selected: false; clickable: false; longClickable: false; contextClickable: false; enabled: true; password: false; scrollable: false; importantForAccessibility: true; visible: false; actions: [AccessibilityAction: ACTION_SELECT - null, AccessibilityAction: ACTION_CLEAR_SELECTION - null, AccessibilityAction: ACTION_ACCESSIBILITY_FOCUS - null, AccessibilityAction: ACTION_SHOW_ON_SCREEN - null]; isTextSelectable: false
06-24 07:07:47.032  8764  8764 W AccessibilityNodeInfoDumper: Fetch time: 7ms
06-24 07:07:47.034   519   591 W WindowMagnificationMgr: requestConnection duplicated request: connect=false, mConnectionState=DISCONNECTED
06-24 07:07:47.034   519   591 D AccessibilityManagerService: restoreCurrentUserForTestAutomationIfNeededLocked(): ignoring because device doesn't support visible background users
06-24 07:07:47.035  8764  8764 D AndroidRuntime: Shutting down VM
06-24 07:07:47.036   519   519 D BatterySaverPolicy: accessibility changed to false, updating policy.
06-24 07:07:47.037  1762  2246 I A       : NGA enabled in interactor.
06-24 07:07:47.037  1762  2246 I A       : Nga state changed to NgaStateDetails{state=ENABLED, isSpecialExperience=false}
06-24 07:07:47.040  1621  3992 I A       : Initializing all components
06-24 07:07:47.040  1621  3992 I A       : APA or Classic session decision: SessionDecision(sessionVariance=CLASSIC, platformVariance=CLASSIC, justification=CURRENT_PLATFORM_VARIANCE).
06-24 07:07:47.041  1621  3992 I A       : [Memory] eligibility: StashEligibility{6}
06-24 07:07:47.041  1613  3555 I AiAiEcho: Settings changed for uri: content://settings/secure/accessibility_enabled
06-24 07:07:47.042  1613  1950 I AiAiEcho: Predicting[0]: 
06-24 07:07:47.045  1613  1950 I AiAiEcho: EchoTargets: 
06-24 07:07:47.045  1613  1950 I AiAiEcho: Filtered by AiAi flag check: 
06-24 07:07:47.045  1613  1950 I AiAiEcho: Ranked targets strategy: SORT, count: 0, ranking metadata: 
06-24 07:07:47.045  1613  1950 I AiAiEcho: Predicting[0]: 
06-24 07:07:47.045  1613  1950 I AiAiEcho: EchoTargets: 
06-24 07:07:47.045  1613  1950 I AiAiEcho: Filtered by AiAi flag check: 
06-24 07:07:47.045  1613  1950 I AiAiEcho: Ranked targets strategy: SORT, count: 0, ranking metadata: 
06-24 07:07:47.045  1621  2134 I A       : onIsEnabledChanged, isEnabled: false
06-24 07:07:47.045  1621  2134 W A       : Disposing empty manager. Did you forgot to subscribe observables?
06-24 07:07:47.045  1621  2134 W A       : Disposing empty manager. Did you forgot to subscribe observables?
06-24 07:07:47.046  1621  2134 W A       : Disposing empty manager. Did you forgot to subscribe observables?
06-24 07:07:47.046  1621  2134 W A       : Disposing empty manager. Did you forgot to subscribe observables?
06-24 07:07:47.046  1621  2134 W A       : Disposing empty manager. Did you forgot to subscribe observables?
06-24 07:07:47.046  1621  2134 W A       : Disposing empty manager. Did you forgot to subscribe observables?
06-24 07:07:47.046  1621  2134 W A       : Disposing empty manager. Did you forgot to subscribe observables?
06-24 07:07:47.046  1621  2134 W A       : Disposing empty manager. Did you forgot to subscribe observables?
06-24 07:07:47.046  1621  2134 W A       : Disposing empty manager. Did you forgot to subscribe observables?
06-24 07:07:47.046  1621  2134 W A       : Disposing empty manager. Did you forgot to subscribe observables?
06-24 07:07:47.046  1621  2134 I A       : onOpaVisibilityChanged: false
06-24 07:07:47.046  1621  2134 W A       : Disposing empty manager. Did you forgot to subscribe observables?
06-24 07:07:47.046  1621  2134 W A       : Disposing empty manager. Did you forgot to subscribe observables?
06-24 07:07:47.046  1621  2134 W A       : Disposing empty manager. Did you forgot to subscribe observables?
06-24 07:07:47.046  1621  2134 W A       : Disposing empty manager. Did you forgot to subscribe observables?
06-24 07:07:47.046  1621  2134 W A       : Disposing empty manager. Did you forgot to subscribe observables?
06-24 07:07:47.046  1621  2134 W A       : Disposing empty manager. Did you forgot to subscribe observables?
06-24 07:07:47.046  1621  2134 I A       : Setting session to type: NO_SESSION
06-24 07:07:47.046  1621  2134 W A       : Disposing empty manager. Did you forgot to subscribe observables?
06-24 07:07:47.046  1621  2134 W A       : Disposing empty manager. Did you forgot to subscribe observables?
06-24 07:07:47.046  1621  2134 W A       : Disposing empty manager. Did you forgot to subscribe observables?
06-24 07:07:47.046  1621  2134 W A       : Disposing empty manager. Did you forgot to subscribe observables?
06-24 07:07:47.046  1621  2134 W A       : Disposing empty manager. Did you forgot to subscribe observables?
06-24 07:07:47.046  1621  2134 W A       : Disposing empty manager. Did you forgot to subscribe observables?
06-24 07:07:47.046  1621  2134 W A       : Disposing empty manager. Did you forgot to subscribe observables?
06-24 07:07:47.046  1621  2134 W A       : Disposing empty manager. Did you forgot to subscribe observables?
06-24 07:07:47.046  1621  2134 I A       : setNavBarVisible: GestureNavBarVisible{navbarVisible=true}
06-24 07:07:47.046  1621  2134 W A       : Disposing empty manager. Did you forgot to subscribe observables?
06-24 07:07:47.046  1621  2134 W A       : Disposing empty manager. Did you forgot to subscribe observables?
06-24 07:07:47.046  1621  2134 W A       : Disposing empty manager. Did you forgot to subscribe observables?
06-24 07:07:47.046  1621  2134 W A       : Disposing empty manager. Did you forgot to subscribe observables?
06-24 07:07:47.046  1621  2134 W A       : Disposing empty manager. Did you forgot to subscribe observables?
06-24 07:07:47.046  1621  2134 W A       : Disposing empty manager. Did you forgot to subscribe observables?
06-24 07:07:47.046  1621  2134 I A       : onDisabled. Registered: false
06-24 07:07:47.047  1621  2118 I A       : State changed: IDLE => IDLE by NGA_STATE_CHANGED and N/A with Optional.empty
06-24 07:07:47.047  1621  2118 I A       : Recognizer choice: (recognizer_type: 1, recognizer_mode: 1, choice_reason: 4)
06-24 07:07:47.048  1613  1950 I AiAiEcho: #postPredictionTargets: Sending updates to UISurface lockscreen with targets# 0 (types=[])
06-24 07:07:47.048  1621  2118 I A       : onActiveStateChangeEvent: IDLE => IDLE
06-24 07:07:47.048  1621  2118 I A       : #onActiveStateChangeEvent, newState: IDLE, previousState: IDLE.
06-24 07:07:47.048  1621  2134 I NgaEntryPointEventSendr: setupConnection
06-24 07:07:47.049   827   827 W PageIndicator: Total number of pages invalid: 0. Assuming 1 page.
06-24 07:07:47.050  1613  1950 I AiAiEcho: #postPredictionTargets: Sending updates to UISurface home with targets# 0 (types=[])
06-24 07:07:47.051  1762  1762 I A       : Creating pss binder().
06-24 07:07:47.052  1621  2134 I NgaEntryPointEventSendr: State changed: Disconnected => Connecting
06-24 07:07:47.052  1621  2134 I NgaEntryPointEventSendr: onServiceConnected
06-24 07:07:47.052  1762  2670 I A       : Calling beginBinderSession().
06-24 07:07:47.052  1621  2118 I A       : Initialize
06-24 07:07:47.053  1762  2670 I A       : beginBinderSession(): calling binder
06-24 07:07:47.053  1621  2118 I A       : on opa visibility changed false
06-24 07:07:47.053  1621  2118 I A       : on opa visibility changed false
06-24 07:07:47.053  1621  2118 I A       : stopListening(NGA_PAUSED_UNKNOWN_REASON, NGA_CREATE), idleOverride=NOT_LISTENING
06-24 07:07:47.053  1621  2134 I NgaEntryPointEventSendr: State changed: Connecting => Ready
06-24 07:07:47.056   519  2216 W ActivityManager: Unable to start service Intent { cmp=com.google.android.apps.tachyon/.clientapi.ClientApiService } U=0: not found
06-24 07:07:47.060  1621  2134 I A       : Successfully initialized all components
06-24 07:07:47.064  1762  2390 W A       : UiCallbackStub-onGenericEvent[ServiceEvent = 60] task was not run. Callback from Service received after client was disposed.
06-24 07:07:47.064  1762  4076 I PBSessionCacheImpl: Deleted sessionId[7751140237086690] from persistence.
06-24 07:07:47.065  1621  2134 I NgaEntryPointEventSendr: State changed: Ready => Disconnected (onOpaDisconnected)
06-24 07:07:47.065  1762  2390 W SearchServiceCore: Abort, client detached.
06-24 07:07:47.411  8670  8677 I AidlLazyServiceRegistrar: Process has 0 (of 1 available) client(s) in use after notification artd has clients: 0
06-24 07:07:47.411  8670  8677 I AidlLazyServiceRegistrar: Trying to shut down the service. No clients in use for any service in process.
06-24 07:07:47.413  8670  8677 I AidlLazyServiceRegistrar: Unregistered all clients and exiting
06-24 07:07:47.594     0     0 I servicemanager: Notifying artd they don't (previously: do) have clients when we now have no record of a client
06-24 07:07:47.596     0     0 I servicemanager: Unregistering artd
06-24 07:07:47.597     0     0 I BpBinder: onLastStrongRef automatically unlinking death recipients:
06-24 07:07:47.600     0     0 I init    : Service 'artd' (pid 8670) exited with status 0 oneshot service took 2.439000 seconds in background
06-24 07:07:47.601     0     0 I init    : Sending signal 9 to service 'artd' (pid 8670) process group...
06-24 07:07:47.603     0     0 I libprocessgroup: Successfully killed process cgroup uid 1082 pid 8670 in 0ms
