06-24 07:08:50.138  9435  9435 W app_process: ClassLoaderContext classpath size mismatch. expected=0, found=1 (PCL[]{PCL[/system/framework/android.test.runner.jar*4168958247]{PCL[/system/framework/android.test.base.jar*836642756]#PCL[/system/framework/android.test.mock.jar*3186112116]}#PCL[/system/framework/android.test.base.jar*836642756]} | PCL[/system/framework/android.test.runner.jar*4168958247])
06-24 07:08:50.150  9435  9435 W libc    : Access denied finding property "ro.product.name_for_attestation"
06-24 07:08:50.150  9435  9435 W libc    : Access denied finding property "ro.product.brand_for_attestation"
06-24 07:08:50.150  9435  9435 W libc    : Access denied finding property "ro.product.model_for_attestation"
06-24 07:08:50.150  9435  9435 D AndroidRuntime: Calling main entry com.android.commands.uiautomator.Launcher
06-24 07:08:50.152  9435  9435 D UiAutomationConnection: Created on user UserHandle{0}
06-24 07:08:50.152  9435  9435 I UiAutomation: Initialized for user 0 on display 0
06-24 07:08:50.152  9435  9435 W UiAutomation: Created with deprecatead constructor, assumes DEFAULT_DISPLAY
06-24 07:08:50.144  9435  9435 W main    : type=1400 audit(0.0:98): avc:  denied  { read } for  name="u:object_r:build_attestation_prop:s0" dev="tmpfs" ino=86 scontext=u:r:shell:s0 tcontext=u:object_r:build_attestation_prop:s0 tclass=file permissive=0
06-24 07:08:50.153   519  1224 D AccessibilityManagerService: changeCurrentUserForTestAutomationIfNeededLocked(0): ignoring because device doesn't support visible background users
06-24 07:08:50.153   519  1224 I UiAutomationManager: Registering UiTestAutomationService (id=com.android.server.accessibility/UiAutomation) when called by user 0
06-24 07:08:50.154   519  1224 W WindowMagnificationMgr: requestConnection duplicated request: connect=false, mConnectionState=DISCONNECTED
06-24 07:08:50.155   519   519 D BatterySaverPolicy: accessibility changed to true, updating policy.
06-24 07:08:50.156  1613  2476 I AiAiEcho: Settings changed for uri: content://settings/secure/accessibility_enabled
06-24 07:08:50.157  1613  1950 I AiAiEcho: Predicting[0]: 
06-24 07:08:50.157  1613  1950 I AiAiEcho: EchoTargets: 
06-24 07:08:50.157  1613  1950 I AiAiEcho: Filtered by AiAi flag check: 
06-24 07:08:50.157  1613  1950 I AiAiEcho: Ranked targets strategy: SORT, count: 0, ranking metadata: 
06-24 07:08:50.157  1613  1950 I AiAiEcho: Predicting[0]: 
06-24 07:08:50.157  1613  1950 I AiAiEcho: EchoTargets: 
06-24 07:08:50.157  1613  1950 I AiAiEcho: Filtered by AiAi flag check: 
06-24 07:08:50.157  1613  1950 I AiAiEcho: Ranked targets strategy: SORT, count: 0, ranking metadata: 
06-24 07:08:50.144  9435  9435 W main    : type=1400 audit(0.0:99): avc:  denied  { read } for  name="u:object_r:build_attestation_prop:s0" dev="tmpfs" ino=86 scontext=u:r:shell:s0 tcontext=u:object_r:build_attestation_prop:s0 tclass=file permissive=0
06-24 07:08:50.162  1613  1950 I AiAiEcho: #postPredictionTargets: Sending updates to UISurface lockscreen with targets# 0 (types=[])
06-24 07:08:50.163  1613  1950 I AiAiEcho: #postPredictionTargets: Sending updates to UISurface home with targets# 0 (types=[])
06-24 07:08:50.144  9435  9435 W main    : type=1400 audit(0.0:100): avc:  denied  { read } for  name="u:object_r:build_attestation_prop:s0" dev="tmpfs" ino=86 scontext=u:r:shell:s0 tcontext=u:object_r:build_attestation_prop:s0 tclass=file permissive=0
06-24 07:08:50.163  9435  9449 V UiAutomation: Init UiAutomation@f403c69[id=11, displayId=0, flags=0]
06-24 07:08:50.164   519  1677 W WindowMagnificationMgr: requestConnection duplicated request: connect=false, mConnectionState=DISCONNECTED
06-24 07:08:50.165  1613  2476 I AiAiEcho: Settings changed for uri: content://settings/secure/accessibility_enabled
06-24 07:08:50.165  1613  1950 I AiAiEcho: Predicting[0]: 
06-24 07:08:50.165  1613  1950 I AiAiEcho: EchoTargets: 
06-24 07:08:50.165  1613  1950 I AiAiEcho: Filtered by AiAi flag check: 
06-24 07:08:50.166  1613  1950 I AiAiEcho: Ranked targets strategy: SORT, count: 0, ranking metadata: 
06-24 07:08:50.166  1613  1950 I AiAiEcho: Predicting[0]: 
06-24 07:08:50.166  1613  1950 I AiAiEcho: EchoTargets: 
06-24 07:08:50.166  1613  1950 I AiAiEcho: Filtered by AiAi flag check: 
06-24 07:08:50.166  1613  1950 I AiAiEcho: Ranked targets strategy: SORT, count: 0, ranking metadata: 
06-24 07:08:50.166  1762  2275 I A       : NGA disabled since it's running Panthera and at least one a11y feature is on.
06-24 07:08:50.166  1762  2275 I A       : Nga state changed to NgaStateDetails{state=DISABLED, isSpecialExperience=false}
06-24 07:08:50.166  1613  1950 I AiAiEcho: #postPredictionTargets: Sending updates to UISurface lockscreen with targets# 0 (types=[])
06-24 07:08:50.166  1613  1950 I AiAiEcho: #postPredictionTargets: Sending updates to UISurface home with targets# 0 (types=[])
06-24 07:08:50.166   827   827 W PageIndicator: Total number of pages invalid: 0. Assuming 1 page.
06-24 07:08:50.166   827   827 W PageIndicator: Total number of pages invalid: 0. Assuming 1 page.
06-24 07:08:50.168  1621  1681 I A       : APA or Classic session decision: SessionDecision(sessionVariance=CLASSIC, platformVariance=CLASSIC, justification=CURRENT_PLATFORM_VARIANCE).
06-24 07:08:50.168  1621  1681 I A       : [Memory] eligibility: StashEligibility{4}
06-24 07:08:50.168   519  2215 D SafetySourceDataValidator: No cert check requested for package com.google.android.permissioncontroller
06-24 07:08:50.168  1621  2134 I A       : Unsubscribed to apa or classic variant change.
06-24 07:08:50.301   519   609 I RoleService: Granting default roles...
06-24 07:08:50.307   828  9393 E RoleControllerServiceImpl: Default/fallback role holder package doesn't qualify for the role, package: com.google.android.gms.supervision, role: android.app.role.SYSTEM_SUPERVISION
06-24 07:08:50.308   828  9393 I Role    : com.google.android.gms not qualified for android.app.role.SYSTEM_CALL_STREAMING due to missing RequiredComponent{mIntentFilterData=IntentFilterData{mAction='android.telecom.CallStreamingService', mCategories='[]', mDataScheme='null', mDataType='null'}, mMinTargetSdkVersion=1, mFlags='0', mPermission='android.permission.BIND_CALL_STREAMING_SERVICE', mQueryFlags=0, mMetaData=[]}
06-24 07:08:50.308   828  9393 E RoleControllerServiceImpl: Default/fallback role holder package doesn't qualify for the role, package: com.google.android.gms, role: android.app.role.SYSTEM_CALL_STREAMING
06-24 07:08:50.308   828  9393 W Role    : Default holder doesn't have required signing certificate: com.google.android.apps.work.clouddpc:23962F4B43B9857638EA66F4D419518EAE282491ACDA4B94707BD59003C45E58
06-24 07:08:50.342  9167  9188 D EGL_emulation: app_time_stats: avg=498.54ms min=495.58ms max=500.26ms count=3
06-24 07:08:50.826   814   814 I wpa_supplicant: wlan0: CTRL-EVENT-BEACON-LOSS 
06-24 07:08:51.328     0     0 W healthd : battery l=100 v=5000 t=25.0 h=2 st=2 c=900000 fc=3000000 cc=10 chg=a
06-24 07:08:51.160  9435  9435 I AccessibilityNodeInfoDumper: Skipping invisible child: android.view.accessibility.AccessibilityNodeInfo@128d1; boundsInParent: Rect(0, 0 - 320, 0); boundsInScreen: Rect(0, 0 - 320, 0); boundsInWindow: Rect(0, 0 - 320, 0); packageName: com.hanapkalinga.mobile; className: android.widget.LinearLayout; text: null; error: null; maxTextLength: -1; stateDescription: null; contentDescription: null; tooltipText: null; containerTitle: null; viewIdResName: null; uniqueId: null; checkable: false; checked: false; focusable: false; focused: false; selected: false; clickable: false; longClickable: false; contextClickable: false; enabled: true; password: false; scrollable: false; importantForAccessibility: false; visible: false; actions: [AccessibilityAction: ACTION_SELECT - null, AccessibilityAction: ACTION_CLEAR_SELECTION - null, AccessibilityAction: ACTION_ACCESSIBILITY_FOCUS - null, AccessibilityAction: ACTION_SHOW_ON_SCREEN - null]; isTextSelectable: false
06-24 07:08:51.160  9435  9435 I AccessibilityNodeInfoDumper: Skipping invisible child: android.view.accessibility.AccessibilityNodeInfo@12510; boundsInParent: Rect(0, 0 - 320, 0); boundsInScreen: Rect(0, 0 - 320, 0); boundsInWindow: Rect(0, 0 - 320, 0); packageName: com.hanapkalinga.mobile; className: android.view.ViewGroup; text: null; error: null; maxTextLength: -1; stateDescription: null; contentDescription: null; tooltipText: null; containerTitle: null; viewIdResName: null; uniqueId: null; checkable: false; checked: false; focusable: false; focused: false; selected: false; clickable: false; longClickable: false; contextClickable: false; enabled: true; password: false; scrollable: false; importantForAccessibility: false; visible: false; actions: [AccessibilityAction: ACTION_SELECT - null, AccessibilityAction: ACTION_CLEAR_SELECTION - null, AccessibilityAction: ACTION_ACCESSIBILITY_FOCUS - null, AccessibilityAction: ACTION_SHOW_ON_SCREEN - null]; isTextSelectable: false
06-24 07:08:51.160  9435  9435 I AccessibilityNodeInfoDumper: Skipping invisible child: android.view.accessibility.AccessibilityNodeInfo@17f28; boundsInParent: Rect(0, 0 - 320, 0); boundsInScreen: Rect(0, 0 - 320, 0); boundsInWindow: Rect(0, 0 - 320, 0); packageName: com.hanapkalinga.mobile; className: android.widget.LinearLayout; text: null; error: null; maxTextLength: -1; stateDescription: null; contentDescription: null; tooltipText: null; containerTitle: null; viewIdResName: null; uniqueId: null; checkable: false; checked: false; focusable: false; focused: false; selected: false; clickable: false; longClickable: false; contextClickable: false; enabled: true; password: false; scrollable: false; importantForAccessibility: false; visible: false; actions: [AccessibilityAction: ACTION_SELECT - null, AccessibilityAction: ACTION_CLEAR_SELECTION - null, AccessibilityAction: ACTION_ACCESSIBILITY_FOCUS - null, AccessibilityAction: ACTION_SHOW_ON_SCREEN - null]; isTextSelectable: false
06-24 07:08:51.161  9435  9435 I AccessibilityNodeInfoDumper: Skipping invisible child: android.view.accessibility.AccessibilityNodeInfo@17b67; boundsInParent: Rect(0, 0 - 320, 0); boundsInScreen: Rect(0, 0 - 320, 0); boundsInWindow: Rect(0, 0 - 320, 0); packageName: com.hanapkalinga.mobile; className: android.view.ViewGroup; text: null; error: null; maxTextLength: -1; stateDescription: null; contentDescription: null; tooltipText: null; containerTitle: null; viewIdResName: null; uniqueId: null; checkable: false; checked: false; focusable: false; focused: false; selected: false; clickable: false; longClickable: false; contextClickable: false; enabled: true; password: false; scrollable: false; importantForAccessibility: false; visible: false; actions: [AccessibilityAction: ACTION_SELECT - null, AccessibilityAction: ACTION_CLEAR_SELECTION - null, AccessibilityAction: ACTION_ACCESSIBILITY_FOCUS - null, AccessibilityAction: ACTION_SHOW_ON_SCREEN - null]; isTextSelectable: false
06-24 07:08:51.163  9435  9435 I AccessibilityNodeInfoDumper: Skipping invisible child: android.view.accessibility.AccessibilityNodeInfo@164e1; boundsInParent: Rect(0, 0 - 1, 1); boundsInScreen: Rect(24, 217 - 25, 218); boundsInWindow: Rect(24, 217 - 25, 218); packageName: com.hanapkalinga.mobile; className: android.view.ViewGroup; text: null; error: null; maxTextLength: -1; stateDescription: null; contentDescription: null; tooltipText: null; containerTitle: null; viewIdResName: register_captcha_ready; uniqueId: null; checkable: false; checked: false; focusable: false; focused: false; selected: false; clickable: false; longClickable: false; contextClickable: false; enabled: true; password: false; scrollable: false; importantForAccessibility: true; visible: false; actions: [AccessibilityAction: ACTION_SELECT - null, AccessibilityAction: ACTION_CLEAR_SELECTION - null, AccessibilityAction: ACTION_ACCESSIBILITY_FOCUS - null, AccessibilityAction: ACTION_SHOW_ON_SCREEN - null]; isTextSelectable: false
06-24 07:08:51.164  9435  9435 W AccessibilityNodeInfoDumper: Fetch time: 5ms
06-24 07:08:51.165  1613  2476 I AiAiEcho: Settings changed for uri: content://settings/secure/accessibility_enabled
06-24 07:08:51.165   519  1677 W WindowMagnificationMgr: requestConnection duplicated request: connect=false, mConnectionState=DISCONNECTED
06-24 07:08:51.165   519  1677 D AccessibilityManagerService: restoreCurrentUserForTestAutomationIfNeededLocked(): ignoring because device doesn't support visible background users
06-24 07:08:51.166  1613  1950 I AiAiEcho: Predicting[0]: 
06-24 07:08:51.166  1613  1950 I AiAiEcho: EchoTargets: 
06-24 07:08:51.166  1613  1950 I AiAiEcho: Filtered by AiAi flag check: 
06-24 07:08:51.166  1613  1950 I AiAiEcho: Ranked targets strategy: SORT, count: 0, ranking metadata: 
06-24 07:08:51.166  1613  1950 I AiAiEcho: Predicting[0]: 
06-24 07:08:51.166  1613  1950 I AiAiEcho: EchoTargets: 
06-24 07:08:51.166  1613  1950 I AiAiEcho: Filtered by AiAi flag check: 
06-24 07:08:51.166  1613  1950 I AiAiEcho: Ranked targets strategy: SORT, count: 0, ranking metadata: 
06-24 07:08:51.166   519   519 D BatterySaverPolicy: accessibility changed to false, updating policy.
06-24 07:08:51.167  1762  2273 I A       : NGA enabled in interactor.
06-24 07:08:51.167  1762  2273 I A       : Nga state changed to NgaStateDetails{state=ENABLED, isSpecialExperience=false}
06-24 07:08:51.168  9435  9435 D AndroidRuntime: Shutting down VM
06-24 07:08:51.169  1613  1950 I AiAiEcho: #postPredictionTargets: Sending updates to UISurface lockscreen with targets# 0 (types=[])
06-24 07:08:51.169  1613  1950 I AiAiEcho: #postPredictionTargets: Sending updates to UISurface home with targets# 0 (types=[])
06-24 07:08:51.170  1621  7166 I A       : Initializing all components
06-24 07:08:51.170  1621  7166 I A       : APA or Classic session decision: SessionDecision(sessionVariance=CLASSIC, platformVariance=CLASSIC, justification=CURRENT_PLATFORM_VARIANCE).
06-24 07:08:51.170  1621  7166 I A       : [Memory] eligibility: StashEligibility{6}
06-24 07:08:51.171   827   827 W PageIndicator: Total number of pages invalid: 0. Assuming 1 page.
06-24 07:08:51.172  1621  2134 I A       : onIsEnabledChanged, isEnabled: false
06-24 07:08:51.172  1621  2134 W A       : Disposing empty manager. Did you forgot to subscribe observables?
06-24 07:08:51.173  1621  2134 W A       : Disposing empty manager. Did you forgot to subscribe observables?
06-24 07:08:51.173  1621  2134 W A       : Disposing empty manager. Did you forgot to subscribe observables?
06-24 07:08:51.174  1621  2134 W A       : Disposing empty manager. Did you forgot to subscribe observables?
06-24 07:08:51.174  1621  2134 W A       : Disposing empty manager. Did you forgot to subscribe observables?
06-24 07:08:51.174  1621  2134 W A       : Disposing empty manager. Did you forgot to subscribe observables?
06-24 07:08:51.174  1621  2134 W A       : Disposing empty manager. Did you forgot to subscribe observables?
06-24 07:08:51.174  1621  2134 W A       : Disposing empty manager. Did you forgot to subscribe observables?
06-24 07:08:51.174  1621  2134 W A       : Disposing empty manager. Did you forgot to subscribe observables?
06-24 07:08:51.174  1621  2134 W A       : Disposing empty manager. Did you forgot to subscribe observables?
06-24 07:08:51.174  1621  2134 I A       : onOpaVisibilityChanged: false
06-24 07:08:51.174  1621  2134 W A       : Disposing empty manager. Did you forgot to subscribe observables?
06-24 07:08:51.174  1621  2134 W A       : Disposing empty manager. Did you forgot to subscribe observables?
06-24 07:08:51.174  1621  2134 W A       : Disposing empty manager. Did you forgot to subscribe observables?
06-24 07:08:51.174  1621  2134 W A       : Disposing empty manager. Did you forgot to subscribe observables?
06-24 07:08:51.174  1621  2134 W A       : Disposing empty manager. Did you forgot to subscribe observables?
06-24 07:08:51.174  1621  2134 W A       : Disposing empty manager. Did you forgot to subscribe observables?
06-24 07:08:51.174  1621  2134 I A       : Setting session to type: NO_SESSION
06-24 07:08:51.174  1621  2134 W A       : Disposing empty manager. Did you forgot to subscribe observables?
06-24 07:08:51.174  1621  2134 W A       : Disposing empty manager. Did you forgot to subscribe observables?
06-24 07:08:51.174  1621  2134 W A       : Disposing empty manager. Did you forgot to subscribe observables?
06-24 07:08:51.174  1621  2134 W A       : Disposing empty manager. Did you forgot to subscribe observables?
06-24 07:08:51.174  1621  2134 W A       : Disposing empty manager. Did you forgot to subscribe observables?
06-24 07:08:51.174  1621  2134 W A       : Disposing empty manager. Did you forgot to subscribe observables?
06-24 07:08:51.174  1621  2134 W A       : Disposing empty manager. Did you forgot to subscribe observables?
06-24 07:08:51.174  1621  2134 W A       : Disposing empty manager. Did you forgot to subscribe observables?
06-24 07:08:51.175  1621  2134 I A       : setNavBarVisible: GestureNavBarVisible{navbarVisible=true}
06-24 07:08:51.175  1621  2134 W A       : Disposing empty manager. Did you forgot to subscribe observables?
06-24 07:08:51.175  1621  2134 W A       : Disposing empty manager. Did you forgot to subscribe observables?
06-24 07:08:51.175  1621  2134 W A       : Disposing empty manager. Did you forgot to subscribe observables?
06-24 07:08:51.175  1621  2134 W A       : Disposing empty manager. Did you forgot to subscribe observables?
06-24 07:08:51.175  1621  2134 W A       : Disposing empty manager. Did you forgot to subscribe observables?
06-24 07:08:51.175  1621  2134 W A       : Disposing empty manager. Did you forgot to subscribe observables?
06-24 07:08:51.175  1621  2134 I A       : onDisabled. Registered: false
06-24 07:08:51.175  1621  2134 I A       : State changed: IDLE => IDLE by NGA_STATE_CHANGED and N/A with Optional.empty
06-24 07:08:51.175  1621  2134 I A       : Recognizer choice: (recognizer_type: 1, recognizer_mode: 1, choice_reason: 4)
06-24 07:08:51.176  1621  2134 I A       : onActiveStateChangeEvent: IDLE => IDLE
06-24 07:08:51.176  1621  2134 I A       : #onActiveStateChangeEvent, newState: IDLE, previousState: IDLE.
06-24 07:08:51.179  1621  2118 I A       : on opa visibility changed false
06-24 07:08:51.179  1621  2118 I A       : on opa visibility changed false
06-24 07:08:51.181  1621  2134 I NgaEntryPointEventSendr: setupConnection
06-24 07:08:51.181  1621  2118 I A       : Initialize
06-24 07:08:51.181  1621  2118 I A       : stopListening(NGA_PAUSED_UNKNOWN_REASON, NGA_CREATE), idleOverride=NOT_LISTENING
06-24 07:08:51.183  1762  1762 I A       : Creating pss binder().
06-24 07:08:51.184  1621  2134 I NgaEntryPointEventSendr: State changed: Disconnected => Connecting
06-24 07:08:51.184  1621  2134 I NgaEntryPointEventSendr: onServiceConnected
06-24 07:08:51.184  1762  2670 I A       : Calling beginBinderSession().
06-24 07:08:51.185  1762  2670 I A       : beginBinderSession(): calling binder
06-24 07:08:51.185  1621  2134 I NgaEntryPointEventSendr: State changed: Connecting => Ready
06-24 07:08:51.186  1621  2118 I A       : Successfully initialized all components
06-24 07:08:51.187   519  3242 W ActivityManager: Unable to start service Intent { cmp=com.google.android.apps.tachyon/.clientapi.ClientApiService } U=0: not found
06-24 07:08:51.193  1762  2390 W A       : UiCallbackStub-onGenericEvent[ServiceEvent = 60] task was not run. Callback from Service received after client was disposed.
06-24 07:08:51.194  1762  2388 I PBSessionCacheImpl: Deleted sessionId[7751140237086716] from persistence.
06-24 07:08:51.194  1621  2118 I NgaEntryPointEventSendr: State changed: Ready => Disconnected (onOpaDisconnected)
06-24 07:08:51.195  1762  2390 W SearchServiceCore: Abort, client detached.
06-24 07:08:51.343  9167  9188 D EGL_emulation: app_time_stats: avg=500.26ms min=499.49ms max=501.03ms count=2
06-24 07:08:51.979   827   827 D StatusBarIconController: ignoring old pipeline callbacks, because the new mobile icons are enabled
