06-25 12:00:24.331  4615  6037 E gs.intelligence: No package ID ff found for resource ID 0xffffffff.
06-25 12:00:24.331  4615  6037 E gs.intelligence: No package ID ff found for resource ID 0xffffffff.
06-25 12:00:24.331  4615  6037 E gs.intelligence: No package ID ff found for resource ID 0xffffffff.
06-25 12:00:24.331  4615  6037 E gs.intelligence: No package ID ff found for resource ID 0xffffffff.
06-25 12:00:24.331  4615  6037 E gs.intelligence: No package ID ff found for resource ID 0xffffffff.
06-25 12:00:24.331  4615  6037 E gs.intelligence: No package ID ff found for resource ID 0xffffffff.
06-25 12:00:24.331  4615  6037 E gs.intelligence: No package ID ff found for resource ID 0xffffffff.
06-25 12:00:24.331  4615  6037 E gs.intelligence: No package ID ff found for resource ID 0xffffffff.
06-25 12:00:24.331  4615  6037 E gs.intelligence: No package ID ff found for resource ID 0xffffffff.
06-25 12:00:24.332  4615  6037 E gs.intelligence: No package ID ff found for resource ID 0xffffffff.
06-25 12:00:24.332  4615  6037 E gs.intelligence: No package ID ff found for resource ID 0xffffffff.
06-25 12:00:24.332  4615  6037 E gs.intelligence: No package ID ff found for resource ID 0xffffffff.
06-25 12:00:24.332  4615  6037 E gs.intelligence: No package ID ff found for resource ID 0xffffffff.
06-25 12:00:24.333  4615  6037 E gs.intelligence: No package ID ff found for resource ID 0xffffffff.
06-25 12:00:24.333  4615  6037 E gs.intelligence: No package ID ff found for resource ID 0xffffffff.
06-25 12:00:24.333  4615  6037 E gs.intelligence: No package ID ff found for resource ID 0xffffffff.
06-25 12:00:24.333  4615  6037 E gs.intelligence: No package ID ff found for resource ID 0xffffffff.
06-25 12:00:24.333  4615  6037 E gs.intelligence: No package ID ff found for resource ID 0xffffffff.
06-25 12:00:24.333  4615  6037 E gs.intelligence: No package ID ff found for resource ID 0xffffffff.
06-25 12:00:24.333  4615  6037 E gs.intelligence: No package ID ff found for resource ID 0xffffffff.
06-25 12:00:24.333  4615  6037 E gs.intelligence: No package ID ff found for resource ID 0xffffffff.
06-25 12:00:24.333  4615  6037 E gs.intelligence: No package ID ff found for resource ID 0xffffffff.
06-25 12:00:24.333  4615  6037 W IndexDataConverter: Skipping index for null-key item IndexData.Builder {title: null,package: com.google.android.apps.messaging}
06-25 12:00:24.334  4615  6037 E gs.intelligence: No package ID ff found for resource ID 0xffffffff.
06-25 12:00:24.334  4615  6037 E gs.intelligence: No package ID ff found for resource ID 0xffffffff.
06-25 12:00:24.334  4615  6037 E gs.intelligence: No package ID ff found for resource ID 0xffffffff.
06-25 12:00:24.334  4615  6037 E gs.intelligence: No package ID ff found for resource ID 0xffffffff.
06-25 12:00:24.334  4615  6037 E gs.intelligence: No package ID ff found for resource ID 0xffffffff.
06-25 12:00:24.334  4615  6037 E gs.intelligence: No package ID ff found for resource ID 0xffffffff.
06-25 12:00:24.334  4615  6037 E gs.intelligence: No package ID ff found for resource ID 0xffffffff.
06-25 12:00:24.334  4615  6037 E gs.intelligence: No package ID ff found for resource ID 0xffffffff.
06-25 12:00:24.334  4615  6037 E gs.intelligence: No package ID ff found for resource ID 0xffffffff.
06-25 12:00:24.334  4615  6037 E gs.intelligence: No package ID ff found for resource ID 0xffffffff.
06-25 12:00:24.334  4615  6037 E gs.intelligence: No package ID ff found for resource ID 0xffffffff.
06-25 12:00:24.334  4615  6037 E gs.intelligence: No package ID ff found for resource ID 0xffffffff.
06-25 12:00:24.334  4615  6037 E gs.intelligence: No package ID ff found for resource ID 0xffffffff.
06-25 12:00:24.334  4615  6037 E gs.intelligence: No package ID ff found for resource ID 0xffffffff.
06-25 12:00:24.334  4615  6037 E gs.intelligence: No package ID ff found for resource ID 0xffffffff.
06-25 12:00:24.334  4615  6037 E gs.intelligence: No package ID ff found for resource ID 0xffffffff.
06-25 12:00:24.334  4615  6037 E gs.intelligence: No package ID ff found for resource ID 0xffffffff.
06-25 12:00:24.334  4615  6037 E gs.intelligence: No package ID ff found for resource ID 0xffffffff.
06-25 12:00:24.334  4615  6037 E gs.intelligence: No package ID ff found for resource ID 0xffffffff.
06-25 12:00:24.334  4615  6037 E gs.intelligence: No package ID ff found for resource ID 0xffffffff.
06-25 12:00:24.334  4615  6037 E gs.intelligence: No package ID ff found for resource ID 0xffffffff.
06-25 12:00:24.334  4615  6037 E gs.intelligence: No package ID ff found for resource ID 0xffffffff.
06-25 12:00:24.334  4615  6037 E gs.intelligence: No package ID ff found for resource ID 0xffffffff.
06-25 12:00:24.334  4615  6037 E gs.intelligence: No package ID ff found for resource ID 0xffffffff.
06-25 12:00:24.334  4615  6037 E gs.intelligence: No package ID ff found for resource ID 0xffffffff.
06-25 12:00:24.334  4615  6037 E gs.intelligence: No package ID ff found for resource ID 0xffffffff.
06-25 12:00:24.334  4615  6037 E gs.intelligence: No package ID ff found for resource ID 0xffffffff.
06-25 12:00:24.334  4615  6037 E gs.intelligence: No package ID ff found for resource ID 0xffffffff.
06-25 12:00:24.334  4615  6037 E gs.intelligence: No package ID ff found for resource ID 0xffffffff.
06-25 12:00:24.334  4615  6037 E gs.intelligence: No package ID ff found for resource ID 0xffffffff.
06-25 12:00:24.334  4615  6037 E gs.intelligence: No package ID ff found for resource ID 0xffffffff.
06-25 12:00:24.334  4615  6037 E gs.intelligence: No package ID ff found for resource ID 0xffffffff.
06-25 12:00:24.335  4615  6037 E gs.intelligence: No package ID ff found for resource ID 0xffffffff.
06-25 12:00:24.335  4615  6037 E gs.intelligence: No package ID ff found for resource ID 0xffffffff.
06-25 12:00:24.335  4615  6037 E gs.intelligence: No package ID ff found for resource ID 0xffffffff.
06-25 12:00:24.335  4615  6037 E gs.intelligence: No package ID ff found for resource ID 0xffffffff.
06-25 12:00:24.335  4615  6037 E gs.intelligence: No package ID ff found for resource ID 0xffffffff.
06-25 12:00:24.335  4995  6018 I Fitness : OnPackageChangedOperation got intent: Intent { act=android.intent.action.PACKAGE_CHANGED dat=package: flg=0x45000010 pkg=com.google.android.gms cmp=com.google.android.gms/.chimera.PersistentIntentOperationService (has extras) } [CONTEXT service_id=17 ]
06-25 12:00:24.335  4615  6037 E gs.intelligence: No package ID ff found for resource ID 0xffffffff.
06-25 12:00:24.335  4615  6037 E gs.intelligence: No package ID ff found for resource ID 0xffffffff.
06-25 12:00:24.335  4615  6037 E gs.intelligence: No package ID ff found for resource ID 0xffffffff.
06-25 12:00:24.336  4615  6037 E gs.intelligence: No package ID ff found for resource ID 0xffffffff.
06-25 12:00:24.336  4615  6037 E gs.intelligence: No package ID ff found for resource ID 0xffffffff.
06-25 12:00:24.336  4615  6037 E gs.intelligence: No package ID ff found for resource ID 0xffffffff.
06-25 12:00:24.336  4615  6037 E gs.intelligence: No package ID ff found for resource ID 0xffffffff.
06-25 12:00:24.336  4615  6037 E gs.intelligence: No package ID ff found for resource ID 0xffffffff.
06-25 12:00:24.336  4615  6037 E gs.intelligence: No package ID ff found for resource ID 0xffffffff.
06-25 12:00:24.336  4615  6037 E gs.intelligence: No package ID ff found for resource ID 0xffffffff.
06-25 12:00:24.336  4615  6037 E gs.intelligence: No package ID ff found for resource ID 0xffffffff.
06-25 12:00:24.336  4615  6037 E gs.intelligence: No package ID ff found for resource ID 0xffffffff.
06-25 12:00:24.336  4615  6037 E gs.intelligence: No package ID ff found for resource ID 0xffffffff.
06-25 12:00:24.336  4615  6037 E gs.intelligence: No package ID ff found for resource ID 0xffffffff.
06-25 12:00:24.337  4615  6037 E gs.intelligence: No package ID ff found for resource ID 0xffffffff.
06-25 12:00:24.337  4615  6037 E gs.intelligence: No package ID ff found for resource ID 0xffffffff.
06-25 12:00:24.337  4615  6037 E gs.intelligence: No package ID ff found for resource ID 0xffffffff.
06-25 12:00:24.337  4615  6037 E gs.intelligence: No package ID ff found for resource ID 0xffffffff.
06-25 12:00:24.337  4615  6037 E gs.intelligence: No package ID ff found for resource ID 0xffffffff.
06-25 12:00:24.337  4615  6037 E gs.intelligence: No package ID ff found for resource ID 0xffffffff.
06-25 12:00:24.337  4615  6037 E gs.intelligence: No package ID ff found for resource ID 0xffffffff.
06-25 12:00:24.337  4615  6037 E gs.intelligence: No package ID ff found for resource ID 0xffffffff.
06-25 12:00:24.337  4615  6037 E gs.intelligence: No package ID ff found for resource ID 0xffffffff.
06-25 12:00:24.337  4615  6037 E gs.intelligence: No package ID ff found for resource ID 0xffffffff.
06-25 12:00:24.337  4615  6037 E gs.intelligence: No package ID ff found for resource ID 0xffffffff.
06-25 12:00:24.337  4615  6037 E gs.intelligence: No package ID ff found for resource ID 0xffffffff.
06-25 12:00:24.342  4615  6037 E gs.intelligence: No package ID ff found for resource ID 0xffffffff.
06-25 12:00:24.342  4615  6037 E gs.intelligence: No package ID ff found for resource ID 0xffffffff.
06-25 12:00:24.342  4615  6037 E gs.intelligence: No package ID ff found for resource ID 0xffffffff.
06-25 12:00:24.342  4615  6037 E gs.intelligence: No package ID ff found for resource ID 0xffffffff.
06-25 12:00:24.342  4615  6037 E gs.intelligence: No package ID ff found for resource ID 0xffffffff.
06-25 12:00:24.342  4615  6037 E gs.intelligence: No package ID ff found for resource ID 0xffffffff.
06-25 12:00:24.342  4615  6037 E gs.intelligence: No package ID ff found for resource ID 0xffffffff.
06-25 12:00:24.342  4615  6037 E gs.intelligence: No package ID ff found for resource ID 0xffffffff.
06-25 12:00:24.342  4615  6037 E gs.intelligence: No package ID ff found for resource ID 0xffffffff.
06-25 12:00:24.343  4615  6037 E gs.intelligence: No package ID ff found for resource ID 0xffffffff.
06-25 12:00:24.343  4615  6037 E gs.intelligence: No package ID ff found for resource ID 0xffffffff.
06-25 12:00:24.343  4615  6037 E gs.intelligence: No package ID ff found for resource ID 0xffffffff.
06-25 12:00:24.343  4615  6037 E gs.intelligence: No package ID ff found for resource ID 0xffffffff.
06-25 12:00:24.343  4615  6037 E gs.intelligence: No package ID ff found for resource ID 0xffffffff.
06-25 12:00:24.343  4615  6037 E gs.intelligence: No package ID ff found for resource ID 0xffffffff.
06-25 12:00:24.343  4615  6037 E gs.intelligence: No package ID ff found for resource ID 0xffffffff.
06-25 12:00:24.343  4615  6037 E gs.intelligence: No package ID ff found for resource ID 0xffffffff.
06-25 12:00:24.343  4615  6037 E gs.intelligence: No package ID ff found for resource ID 0xffffffff.
06-25 12:00:24.343  4615  6037 E gs.intelligence: No package ID ff found for resource ID 0xffffffff.
06-25 12:00:24.343  4615  6037 E gs.intelligence: No package ID ff found for resource ID 0xffffffff.
06-25 12:00:24.343  4615  6037 E gs.intelligence: No package ID ff found for resource ID 0xffffffff.
06-25 12:00:24.343  4615  6037 E gs.intelligence: No package ID ff found for resource ID 0xffffffff.
06-25 12:00:24.343  4615  6037 E gs.intelligence: No package ID ff found for resource ID 0xffffffff.
06-25 12:00:24.343  4615  6037 E gs.intelligence: No package ID ff found for resource ID 0xffffffff.
06-25 12:00:24.343  4615  6037 E gs.intelligence: No package ID ff found for resource ID 0xffffffff.
06-25 12:00:24.343  4615  6037 E gs.intelligence: No package ID ff found for resource ID 0xffffffff.
06-25 12:00:24.343  4615  6037 E gs.intelligence: No package ID ff found for resource ID 0xffffffff.
06-25 12:00:24.343  4615  6037 E gs.intelligence: No package ID ff found for resource ID 0xffffffff.
06-25 12:00:24.343  4615  6037 E gs.intelligence: No package ID ff found for resource ID 0xffffffff.
06-25 12:00:24.343  4615  6037 E gs.intelligence: No package ID ff found for resource ID 0xffffffff.
06-25 12:00:24.343  4615  6037 E gs.intelligence: No package ID ff found for resource ID 0xffffffff.
06-25 12:00:24.343  4615  6037 E gs.intelligence: No package ID ff found for resource ID 0xffffffff.
06-25 12:00:24.343  4615  6037 E gs.intelligence: No package ID ff found for resource ID 0xffffffff.
06-25 12:00:24.343  4615  6037 E gs.intelligence: No package ID ff found for resource ID 0xffffffff.
06-25 12:00:24.344  4615  6037 E gs.intelligence: No package ID ff found for resource ID 0xffffffff.
06-25 12:00:24.344  4615  6037 E gs.intelligence: No package ID ff found for resource ID 0xffffffff.
06-25 12:00:24.344  4615  6037 E gs.intelligence: No package ID ff found for resource ID 0xffffffff.
06-25 12:00:24.344  4615  6037 E gs.intelligence: No package ID ff found for resource ID 0xffffffff.
06-25 12:00:24.344  4615  6037 E gs.intelligence: No package ID ff found for resource ID 0xffffffff.
06-25 12:00:24.344  4615  6037 E gs.intelligence: No package ID ff found for resource ID 0xffffffff.
06-25 12:00:24.344  4615  6037 E gs.intelligence: No package ID ff found for resource ID 0xffffffff.
06-25 12:00:24.344  4615  6037 E gs.intelligence: No package ID ff found for resource ID 0xffffffff.
06-25 12:00:24.344  4615  6037 E gs.intelligence: No package ID ff found for resource ID 0xffffffff.
06-25 12:00:24.349  4995  6075 I Fitness : FitCleanupIntentOperation received Intent android.intent.action.PACKAGE_CHANGED [CONTEXT service_id=17 ]
06-25 12:00:24.353  5621  5640 D EGL_emulation: app_time_stats: avg=500.02ms min=497.81ms max=502.22ms count=2
06-25 12:00:24.354  4615  6037 E gs.intelligence: No package ID ff found for resource ID 0xffffffff.
06-25 12:00:24.354  4615  6037 E gs.intelligence: No package ID ff found for resource ID 0xffffffff.
06-25 12:00:24.354  4615  6037 E gs.intelligence: No package ID ff found for resource ID 0xffffffff.
06-25 12:00:24.354  4615  6037 E gs.intelligence: No package ID ff found for resource ID 0xffffffff.
06-25 12:00:24.354  4615  6037 E gs.intelligence: No package ID ff found for resource ID 0xffffffff.
06-25 12:00:24.354  4615  6037 E gs.intelligence: No package ID ff found for resource ID 0xffffffff.
06-25 12:00:24.354  4615  6037 E gs.intelligence: No package ID ff found for resource ID 0xffffffff.
06-25 12:00:24.354  4615  6037 E gs.intelligence: No package ID ff found for resource ID 0xffffffff.
06-25 12:00:24.354  4615  6037 E gs.intelligence: No package ID ff found for resource ID 0xffffffff.
06-25 12:00:24.354  4615  6037 E gs.intelligence: No package ID ff found for resource ID 0xffffffff.
06-25 12:00:24.355  4615  6037 E gs.intelligence: No package ID ff found for resource ID 0xffffffff.
06-25 12:00:24.355  4615  6037 E gs.intelligence: No package ID ff found for resource ID 0xffffffff.
06-25 12:00:24.355  4615  6037 E gs.intelligence: No package ID ff found for resource ID 0xffffffff.
06-25 12:00:24.355  4615  6037 E gs.intelligence: No package ID ff found for resource ID 0xffffffff.
06-25 12:00:24.355  4615  6037 E gs.intelligence: No package ID ff found for resource ID 0xffffffff.
06-25 12:00:24.355  4615  6037 E gs.intelligence: No package ID ff found for resource ID 0xffffffff.
06-25 12:00:24.355  4615  6037 E gs.intelligence: No package ID ff found for resource ID 0xffffffff.
06-25 12:00:24.355  4615  6037 E gs.intelligence: No package ID ff found for resource ID 0xffffffff.
06-25 12:00:24.355  4615  6037 E gs.intelligence: No package ID ff found for resource ID 0xffffffff.
06-25 12:00:24.355  4615  6037 E gs.intelligence: No package ID ff found for resource ID 0xffffffff.
06-25 12:00:24.355  4615  6037 E gs.intelligence: No package ID ff found for resource ID 0xffffffff.
06-25 12:00:24.355  4615  6037 E gs.intelligence: No package ID ff found for resource ID 0xffffffff.
06-25 12:00:24.356  4615  6037 E gs.intelligence: No package ID ff found for resource ID 0xffffffff.
06-25 12:00:24.356  4615  6037 E gs.intelligence: No package ID ff found for resource ID 0xffffffff.
06-25 12:00:24.356  4615  6037 E gs.intelligence: No package ID ff found for resource ID 0xffffffff.
06-25 12:00:24.356  4615  6037 E gs.intelligence: No package ID ff found for resource ID 0xffffffff.
06-25 12:00:24.356  4615  6037 E gs.intelligence: No package ID ff found for resource ID 0xffffffff.
06-25 12:00:24.356  4615  6037 E gs.intelligence: No package ID ff found for resource ID 0xffffffff.
06-25 12:00:24.356  4615  6037 E gs.intelligence: No package ID ff found for resource ID 0xffffffff.
06-25 12:00:24.356  4615  6037 E gs.intelligence: No package ID ff found for resource ID 0xffffffff.
06-25 12:00:24.356  4995  5045 W ChimeraUtils: Module com.google.android.gms.nearby_en missing resource null(0)
06-25 12:00:24.356  4615  6037 E gs.intelligence: No package ID ff found for resource ID 0xffffffff.
06-25 12:00:24.356  4615  6037 E gs.intelligence: No package ID ff found for resource ID 0xffffffff.
06-25 12:00:24.357  4615  6037 E gs.intelligence: No package ID ff found for resource ID 0xffffffff.
06-25 12:00:24.357  4615  6037 E gs.intelligence: No package ID ff found for resource ID 0xffffffff.
06-25 12:00:24.357  4615  6037 E gs.intelligence: No package ID ff found for resource ID 0xffffffff.
06-25 12:00:24.357  4615  6037 E gs.intelligence: No package ID ff found for resource ID 0xffffffff.
06-25 12:00:24.357  4615  6037 E gs.intelligence: No package ID ff found for resource ID 0xffffffff.
06-25 12:00:24.357  4615  6037 E gs.intelligence: No package ID ff found for resource ID 0xffffffff.
06-25 12:00:24.357  4615  6037 E gs.intelligence: No package ID ff found for resource ID 0xffffffff.
06-25 12:00:24.357  4615  6037 E gs.intelligence: No package ID ff found for resource ID 0xffffffff.
06-25 12:00:24.357  4615  6037 E gs.intelligence: No package ID ff found for resource ID 0xffffffff.
06-25 12:00:24.357  4615  6037 E gs.intelligence: No package ID ff found for resource ID 0xffffffff.
06-25 12:00:24.357  4615  6037 E gs.intelligence: No package ID ff found for resource ID 0xffffffff.
06-25 12:00:24.357  4615  6037 E gs.intelligence: No package ID ff found for resource ID 0xffffffff.
06-25 12:00:24.357  4615  6037 E gs.intelligence: No package ID ff found for resource ID 0xffffffff.
06-25 12:00:24.357  4615  6037 E gs.intelligence: No package ID ff found for resource ID 0xffffffff.
06-25 12:00:24.358  4615  6037 W IndexDataConverter: Skipping index for null-key item IndexData.Builder {title: null,package: com.google.android.apps.messaging}
06-25 12:00:24.358  4615  6037 E gs.intelligence: No package ID ff found for resource ID 0xffffffff.
06-25 12:00:24.358  4615  6037 E gs.intelligence: No package ID ff found for resource ID 0xffffffff.
06-25 12:00:24.358  4615  6037 E gs.intelligence: No package ID ff found for resource ID 0xffffffff.
06-25 12:00:24.358  4615  6037 E gs.intelligence: No package ID ff found for resource ID 0xffffffff.
06-25 12:00:24.358  4615  6037 E gs.intelligence: No package ID ff found for resource ID 0xffffffff.
06-25 12:00:24.358  4615  6037 E gs.intelligence: No package ID ff found for resource ID 0xffffffff.
06-25 12:00:24.358  4615  6037 E gs.intelligence: No package ID ff found for resource ID 0xffffffff.
06-25 12:00:24.359  4615  6037 W IndexDataConverter: Skipping index for null-key item IndexData.Builder {title: null,package: com.google.android.apps.messaging}
06-25 12:00:24.363  4615  6037 E gs.intelligence: No package ID ff found for resource ID 0xffffffff.
06-25 12:00:24.363  4615  6037 E gs.intelligence: No package ID ff found for resource ID 0xffffffff.
06-25 12:00:24.363  4615  6037 E gs.intelligence: No package ID ff found for resource ID 0xffffffff.
06-25 12:00:24.363  4615  6037 E gs.intelligence: No package ID ff found for resource ID 0xffffffff.
06-25 12:00:24.363  4615  6037 E gs.intelligence: No package ID ff found for resource ID 0xffffffff.
06-25 12:00:24.363  4615  6037 E gs.intelligence: No package ID ff found for resource ID 0xffffffff.
06-25 12:00:24.363  4615  6037 E gs.intelligence: No package ID ff found for resource ID 0xffffffff.
06-25 12:00:24.363  4615  6037 W IndexDataConverter: Skipping index for null-key item IndexData.Builder {title: null,package: com.google.android.apps.messaging}
06-25 12:00:24.365  4995  6075 I Fitness : OnPackageChangedOperation got intent: Intent { act=android.intent.action.PACKAGE_CHANGED dat=package: flg=0x45000010 pkg=com.google.android.gms cmp=com.google.android.gms/.chimera.PersistentIntentOperationService (has extras) } [CONTEXT service_id=17 ]
06-25 12:00:24.371  4995  6115 I Fitness : FitCleanupIntentOperation received Intent android.intent.action.PACKAGE_CHANGED [CONTEXT service_id=17 ]
06-25 12:00:24.382  4615  6037 W IndexDataConverter: Cannot build sitemap pair for incomplete names dxw@2575f428  Digital Wellbeing & parental controls
06-25 12:00:24.382  4615  6037 W IndexDataConverter: Cannot build sitemap pair for incomplete names dxw@a5d82892  Google
06-25 12:00:24.382  4615  6037 W IndexDataConverter: Cannot build sitemap pair for incomplete names dxw@3d4c8308  Gesture Navigation Sensitivity
06-25 12:00:24.420  4995  5045 W ChimeraUtils: Module com.google.android.gms.nearby_en missing resource null(0)
06-25 12:00:24.459  5444  5700 D Maestro : View hierarchy received in 241 ms
06-25 12:00:24.486  5444  5700 D Maestro : Requesting view hierarchy
06-25 12:00:24.491  5444  5700 W QueryController: Could not detect idle state.
06-25 12:00:24.495  5444  5700 W QueryController: Could not detect idle state.
06-25 12:00:24.511  5444  5700 I Maestro : Skipping invisible child: android.view.accessibility.AccessibilityNodeInfo@12882; boundsInParent: Rect(0, 0 - 320, 0); boundsInScreen: Rect(0, 0 - 320, 0); boundsInWindow: Rect(0, 0 - 320, 0); packageName: com.hanapkalinga.mobile; className: android.widget.LinearLayout; text: null; error: null; maxTextLength: -1; stateDescription: null; contentDescription: null; tooltipText: null; containerTitle: null; viewIdResName: null; uniqueId: null; checkable: false; checked: false; focusable: false; focused: false; selected: false; clickable: false; longClickable: false; contextClickable: false; enabled: true; password: false; scrollable: false; importantForAccessibility: false; visible: false; actions: [AccessibilityAction: ACTION_SELECT - null, AccessibilityAction: ACTION_CLEAR_SELECTION - null, AccessibilityAction: ACTION_ACCESSIBILITY_FOCUS - null, AccessibilityAction: ACTION_SHOW_ON_SCREEN - null]; isTextSelectable: false
06-25 12:00:24.512  5444  5700 I Maestro : Skipping invisible child: android.view.accessibility.AccessibilityNodeInfo@124c1; boundsInParent: Rect(0, 0 - 320, 0); boundsInScreen: Rect(0, 0 - 320, 0); boundsInWindow: Rect(0, 0 - 320, 0); packageName: com.hanapkalinga.mobile; className: android.view.ViewGroup; text: null; error: null; maxTextLength: -1; stateDescription: null; contentDescription: null; tooltipText: null; containerTitle: null; viewIdResName: null; uniqueId: null; checkable: false; checked: false; focusable: false; focused: false; selected: false; clickable: false; longClickable: false; contextClickable: false; enabled: true; password: false; scrollable: false; importantForAccessibility: false; visible: false; actions: [AccessibilityAction: ACTION_SELECT - null, AccessibilityAction: ACTION_CLEAR_SELECTION - null, AccessibilityAction: ACTION_ACCESSIBILITY_FOCUS - null, AccessibilityAction: ACTION_SHOW_ON_SCREEN - null]; isTextSelectable: false
06-25 12:00:24.512  5444  5700 I Maestro : Skipping invisible child: android.view.accessibility.AccessibilityNodeInfo@1919e; boundsInParent: Rect(0, 0 - 320, 0); boundsInScreen: Rect(0, 0 - 320, 0); boundsInWindow: Rect(0, 0 - 320, 0); packageName: com.hanapkalinga.mobile; className: android.widget.LinearLayout; text: null; error: null; maxTextLength: -1; stateDescription: null; contentDescription: null; tooltipText: null; containerTitle: null; viewIdResName: null; uniqueId: null; checkable: false; checked: false; focusable: false; focused: false; selected: false; clickable: false; longClickable: false; contextClickable: false; enabled: true; password: false; scrollable: false; importantForAccessibility: false; visible: false; actions: [AccessibilityAction: ACTION_SELECT - null, AccessibilityAction: ACTION_CLEAR_SELECTION - null, AccessibilityAction: ACTION_ACCESSIBILITY_FOCUS - null, AccessibilityAction: ACTION_SHOW_ON_SCREEN - null]; isTextSelectable: false
06-25 12:00:24.512  5444  5700 I Maestro : Skipping invisible child: android.view.accessibility.AccessibilityNodeInfo@18ddd; boundsInParent: Rect(0, 0 - 320, 0); boundsInScreen: Rect(0, 0 - 320, 0); boundsInWindow: Rect(0, 0 - 320, 0); packageName: com.hanapkalinga.mobile; className: android.view.ViewGroup; text: null; error: null; maxTextLength: -1; stateDescription: null; contentDescription: null; tooltipText: null; containerTitle: null; viewIdResName: null; uniqueId: null; checkable: false; checked: false; focusable: false; focused: false; selected: false; clickable: false; longClickable: false; contextClickable: false; enabled: true; password: false; scrollable: false; importantForAccessibility: false; visible: false; actions: [AccessibilityAction: ACTION_SELECT - null, AccessibilityAction: ACTION_CLEAR_SELECTION - null, AccessibilityAction: ACTION_ACCESSIBILITY_FOCUS - null, AccessibilityAction: ACTION_SHOW_ON_SCREEN - null]; isTextSelectable: false
06-25 12:00:24.519  5048  5988 I Icing   : Indexing com.google.android.gms-internal.3p:MobileApplication from com.google.android.gms
06-25 12:00:24.548  5444  5700 D Maestro : View hierarchy received in 62 ms
06-25 12:00:24.567  4995  5187 W ChimeraUtils: Module com.google.android.gms.nearby_en missing resource null(0)
06-25 12:00:24.568  4995  5187 W ChimeraUtils: Module com.google.android.gms.nearby_en missing resource null(0)
06-25 12:00:24.617  5444  5700 D Maestro : Requesting view hierarchy
06-25 12:00:24.617  5444  5700 W QueryController: Could not detect idle state.
06-25 12:00:24.618  5444  5700 W QueryController: Could not detect idle state.
06-25 12:00:24.632  5048  5988 I Icing   : Indexing done com.google.android.gms-internal.3p:MobileApplication
06-25 12:00:24.635  5048  5988 I Icing   : Indexing com.google.android.gms-apps from com.google.android.gms
06-25 12:00:24.640  5048  5507 I Icing   : Indexing done com.google.android.gms-apps
06-25 12:00:24.640  5048  5507 I Icing   : Indexing com.google.android.gms-internal.3p:MobileApplication from com.google.android.gms
06-25 12:00:24.641  5048  5507 I Icing   : Indexing done com.google.android.gms-internal.3p:MobileApplication
06-25 12:00:24.646  5444  5700 I Maestro : Skipping invisible child: android.view.accessibility.AccessibilityNodeInfo@12882; boundsInParent: Rect(0, 0 - 320, 0); boundsInScreen: Rect(0, 0 - 320, 0); boundsInWindow: Rect(0, 0 - 320, 0); packageName: com.hanapkalinga.mobile; className: android.widget.LinearLayout; text: null; error: null; maxTextLength: -1; stateDescription: null; contentDescription: null; tooltipText: null; containerTitle: null; viewIdResName: null; uniqueId: null; checkable: false; checked: false; focusable: false; focused: false; selected: false; clickable: false; longClickable: false; contextClickable: false; enabled: true; password: false; scrollable: false; importantForAccessibility: false; visible: false; actions: [AccessibilityAction: ACTION_SELECT - null, AccessibilityAction: ACTION_CLEAR_SELECTION - null, AccessibilityAction: ACTION_ACCESSIBILITY_FOCUS - null, AccessibilityAction: ACTION_SHOW_ON_SCREEN - null]; isTextSelectable: false
06-25 12:00:24.647  5444  5700 I Maestro : Skipping invisible child: android.view.accessibility.AccessibilityNodeInfo@124c1; boundsInParent: Rect(0, 0 - 320, 0); boundsInScreen: Rect(0, 0 - 320, 0); boundsInWindow: Rect(0, 0 - 320, 0); packageName: com.hanapkalinga.mobile; className: android.view.ViewGroup; text: null; error: null; maxTextLength: -1; stateDescription: null; contentDescription: null; tooltipText: null; containerTitle: null; viewIdResName: null; uniqueId: null; checkable: false; checked: false; focusable: false; focused: false; selected: false; clickable: false; longClickable: false; contextClickable: false; enabled: true; password: false; scrollable: false; importantForAccessibility: false; visible: false; actions: [AccessibilityAction: ACTION_SELECT - null, AccessibilityAction: ACTION_CLEAR_SELECTION - null, AccessibilityAction: ACTION_ACCESSIBILITY_FOCUS - null, AccessibilityAction: ACTION_SHOW_ON_SCREEN - null]; isTextSelectable: false
06-25 12:00:24.647  5444  5700 I Maestro : Skipping invisible child: android.view.accessibility.AccessibilityNodeInfo@1919e; boundsInParent: Rect(0, 0 - 320, 0); boundsInScreen: Rect(0, 0 - 320, 0); boundsInWindow: Rect(0, 0 - 320, 0); packageName: com.hanapkalinga.mobile; className: android.widget.LinearLayout; text: null; error: null; maxTextLength: -1; stateDescription: null; contentDescription: null; tooltipText: null; containerTitle: null; viewIdResName: null; uniqueId: null; checkable: false; checked: false; focusable: false; focused: false; selected: false; clickable: false; longClickable: false; contextClickable: false; enabled: true; password: false; scrollable: false; importantForAccessibility: false; visible: false; actions: [AccessibilityAction: ACTION_SELECT - null, AccessibilityAction: ACTION_CLEAR_SELECTION - null, AccessibilityAction: ACTION_ACCESSIBILITY_FOCUS - null, AccessibilityAction: ACTION_SHOW_ON_SCREEN - null]; isTextSelectable: false
06-25 12:00:24.647  5444  5700 I Maestro : Skipping invisible child: android.view.accessibility.AccessibilityNodeInfo@18ddd; boundsInParent: Rect(0, 0 - 320, 0); boundsInScreen: Rect(0, 0 - 320, 0); boundsInWindow: Rect(0, 0 - 320, 0); packageName: com.hanapkalinga.mobile; className: android.view.ViewGroup; text: null; error: null; maxTextLength: -1; stateDescription: null; contentDescription: null; tooltipText: null; containerTitle: null; viewIdResName: null; uniqueId: null; checkable: false; checked: false; focusable: false; focused: false; selected: false; clickable: false; longClickable: false; contextClickable: false; enabled: true; password: false; scrollable: false; importantForAccessibility: false; visible: false; actions: [AccessibilityAction: ACTION_SELECT - null, AccessibilityAction: ACTION_CLEAR_SELECTION - null, AccessibilityAction: ACTION_ACCESSIBILITY_FOCUS - null, AccessibilityAction: ACTION_SHOW_ON_SCREEN - null]; isTextSelectable: false
06-25 12:00:24.669  5444  5700 D Maestro : View hierarchy received in 52 ms
06-25 12:00:24.681  4615  6037 W AppSearchIndex: schedule indexing, force = true
06-25 12:00:24.721  5444  5700 D Maestro : Requesting view hierarchy
06-25 12:00:24.722  5444  5700 W QueryController: Could not detect idle state.
06-25 12:00:24.722  5444  5700 W QueryController: Could not detect idle state.
06-25 12:00:24.727  5444  5700 I Maestro : Skipping invisible child: android.view.accessibility.AccessibilityNodeInfo@12882; boundsInParent: Rect(0, 0 - 320, 0); boundsInScreen: Rect(0, 0 - 320, 0); boundsInWindow: Rect(0, 0 - 320, 0); packageName: com.hanapkalinga.mobile; className: android.widget.LinearLayout; text: null; error: null; maxTextLength: -1; stateDescription: null; contentDescription: null; tooltipText: null; containerTitle: null; viewIdResName: null; uniqueId: null; checkable: false; checked: false; focusable: false; focused: false; selected: false; clickable: false; longClickable: false; contextClickable: false; enabled: true; password: false; scrollable: false; importantForAccessibility: false; visible: false; actions: [AccessibilityAction: ACTION_SELECT - null, AccessibilityAction: ACTION_CLEAR_SELECTION - null, AccessibilityAction: ACTION_ACCESSIBILITY_FOCUS - null, AccessibilityAction: ACTION_SHOW_ON_SCREEN - null]; isTextSelectable: false
06-25 12:00:24.727  5444  5700 I Maestro : Skipping invisible child: android.view.accessibility.AccessibilityNodeInfo@124c1; boundsInParent: Rect(0, 0 - 320, 0); boundsInScreen: Rect(0, 0 - 320, 0); boundsInWindow: Rect(0, 0 - 320, 0); packageName: com.hanapkalinga.mobile; className: android.view.ViewGroup; text: null; error: null; maxTextLength: -1; stateDescription: null; contentDescription: null; tooltipText: null; containerTitle: null; viewIdResName: null; uniqueId: null; checkable: false; checked: false; focusable: false; focused: false; selected: false; clickable: false; longClickable: false; contextClickable: false; enabled: true; password: false; scrollable: false; importantForAccessibility: false; visible: false; actions: [AccessibilityAction: ACTION_SELECT - null, AccessibilityAction: ACTION_CLEAR_SELECTION - null, AccessibilityAction: ACTION_ACCESSIBILITY_FOCUS - null, AccessibilityAction: ACTION_SHOW_ON_SCREEN - null]; isTextSelectable: false
06-25 12:00:24.728  5444  5700 I Maestro : Skipping invisible child: android.view.accessibility.AccessibilityNodeInfo@1919e; boundsInParent: Rect(0, 0 - 320, 0); boundsInScreen: Rect(0, 0 - 320, 0); boundsInWindow: Rect(0, 0 - 320, 0); packageName: com.hanapkalinga.mobile; className: android.widget.LinearLayout; text: null; error: null; maxTextLength: -1; stateDescription: null; contentDescription: null; tooltipText: null; containerTitle: null; viewIdResName: null; uniqueId: null; checkable: false; checked: false; focusable: false; focused: false; selected: false; clickable: false; longClickable: false; contextClickable: false; enabled: true; password: false; scrollable: false; importantForAccessibility: false; visible: false; actions: [AccessibilityAction: ACTION_SELECT - null, AccessibilityAction: ACTION_CLEAR_SELECTION - null, AccessibilityAction: ACTION_ACCESSIBILITY_FOCUS - null, AccessibilityAction: ACTION_SHOW_ON_SCREEN - null]; isTextSelectable: false
06-25 12:00:24.728  5444  5700 I Maestro : Skipping invisible child: android.view.accessibility.AccessibilityNodeInfo@18ddd; boundsInParent: Rect(0, 0 - 320, 0); boundsInScreen: Rect(0, 0 - 320, 0); boundsInWindow: Rect(0, 0 - 320, 0); packageName: com.hanapkalinga.mobile; className: android.view.ViewGroup; text: null; error: null; maxTextLength: -1; stateDescription: null; contentDescription: null; tooltipText: null; containerTitle: null; viewIdResName: null; uniqueId: null; checkable: false; checked: false; focusable: false; focused: false; selected: false; clickable: false; longClickable: false; contextClickable: false; enabled: true; password: false; scrollable: false; importantForAccessibility: false; visible: false; actions: [AccessibilityAction: ACTION_SELECT - null, AccessibilityAction: ACTION_CLEAR_SELECTION - null, AccessibilityAction: ACTION_ACCESSIBILITY_FOCUS - null, AccessibilityAction: ACTION_SHOW_ON_SCREEN - null]; isTextSelectable: false
06-25 12:00:24.745  5444  5700 D Maestro : View hierarchy received in 24 ms
06-25 12:00:24.796  5444  5700 D Maestro : Requesting view hierarchy
06-25 12:00:24.797  5444  5700 W QueryController: Could not detect idle state.
06-25 12:00:24.798  5444  5700 W QueryController: Could not detect idle state.
06-25 12:00:24.804  5444  5700 I Maestro : Skipping invisible child: android.view.accessibility.AccessibilityNodeInfo@12882; boundsInParent: Rect(0, 0 - 320, 0); boundsInScreen: Rect(0, 0 - 320, 0); boundsInWindow: Rect(0, 0 - 320, 0); packageName: com.hanapkalinga.mobile; className: android.widget.LinearLayout; text: null; error: null; maxTextLength: -1; stateDescription: null; contentDescription: null; tooltipText: null; containerTitle: null; viewIdResName: null; uniqueId: null; checkable: false; checked: false; focusable: false; focused: false; selected: false; clickable: false; longClickable: false; contextClickable: false; enabled: true; password: false; scrollable: false; importantForAccessibility: false; visible: false; actions: [AccessibilityAction: ACTION_SELECT - null, AccessibilityAction: ACTION_CLEAR_SELECTION - null, AccessibilityAction: ACTION_ACCESSIBILITY_FOCUS - null, AccessibilityAction: ACTION_SHOW_ON_SCREEN - null]; isTextSelectable: false
06-25 12:00:24.804  5444  5700 I Maestro : Skipping invisible child: android.view.accessibility.AccessibilityNodeInfo@124c1; boundsInParent: Rect(0, 0 - 320, 0); boundsInScreen: Rect(0, 0 - 320, 0); boundsInWindow: Rect(0, 0 - 320, 0); packageName: com.hanapkalinga.mobile; className: android.view.ViewGroup; text: null; error: null; maxTextLength: -1; stateDescription: null; contentDescription: null; tooltipText: null; containerTitle: null; viewIdResName: null; uniqueId: null; checkable: false; checked: false; focusable: false; focused: false; selected: false; clickable: false; longClickable: false; contextClickable: false; enabled: true; password: false; scrollable: false; importantForAccessibility: false; visible: false; actions: [AccessibilityAction: ACTION_SELECT - null, AccessibilityAction: ACTION_CLEAR_SELECTION - null, AccessibilityAction: ACTION_ACCESSIBILITY_FOCUS - null, AccessibilityAction: ACTION_SHOW_ON_SCREEN - null]; isTextSelectable: false
06-25 12:00:24.805  5444  5700 I Maestro : Skipping invisible child: android.view.accessibility.AccessibilityNodeInfo@1919e; boundsInParent: Rect(0, 0 - 320, 0); boundsInScreen: Rect(0, 0 - 320, 0); boundsInWindow: Rect(0, 0 - 320, 0); packageName: com.hanapkalinga.mobile; className: android.widget.LinearLayout; text: null; error: null; maxTextLength: -1; stateDescription: null; contentDescription: null; tooltipText: null; containerTitle: null; viewIdResName: null; uniqueId: null; checkable: false; checked: false; focusable: false; focused: false; selected: false; clickable: false; longClickable: false; contextClickable: false; enabled: true; password: false; scrollable: false; importantForAccessibility: false; visible: false; actions: [AccessibilityAction: ACTION_SELECT - null, AccessibilityAction: ACTION_CLEAR_SELECTION - null, AccessibilityAction: ACTION_ACCESSIBILITY_FOCUS - null, AccessibilityAction: ACTION_SHOW_ON_SCREEN - null]; isTextSelectable: false
06-25 12:00:24.805  5444  5700 I Maestro : Skipping invisible child: android.view.accessibility.AccessibilityNodeInfo@18ddd; boundsInParent: Rect(0, 0 - 320, 0); boundsInScreen: Rect(0, 0 - 320, 0); boundsInWindow: Rect(0, 0 - 320, 0); packageName: com.hanapkalinga.mobile; className: android.view.ViewGroup; text: null; error: null; maxTextLength: -1; stateDescription: null; contentDescription: null; tooltipText: null; containerTitle: null; viewIdResName: null; uniqueId: null; checkable: false; checked: false; focusable: false; focused: false; selected: false; clickable: false; longClickable: false; contextClickable: false; enabled: true; password: false; scrollable: false; importantForAccessibility: false; visible: false; actions: [AccessibilityAction: ACTION_SELECT - null, AccessibilityAction: ACTION_CLEAR_SELECTION - null, AccessibilityAction: ACTION_ACCESSIBILITY_FOCUS - null, AccessibilityAction: ACTION_SHOW_ON_SCREEN - null]; isTextSelectable: false
06-25 12:00:24.824  5444  5700 D Maestro : View hierarchy received in 28 ms
06-25 12:00:24.933   835   835 D StatusBarIconController: ignoring old pipeline callbacks, because the new mobile icons are enabled
06-25 12:00:24.962  5444  5700 D Maestro : Requesting view hierarchy
06-25 12:00:24.963  5444  5700 W QueryController: Could not detect idle state.
06-25 12:00:24.963  5444  5700 W QueryController: Could not detect idle state.
06-25 12:00:24.969  5444  5700 I Maestro : Skipping invisible child: android.view.accessibility.AccessibilityNodeInfo@12882; boundsInParent: Rect(0, 0 - 320, 0); boundsInScreen: Rect(0, 0 - 320, 0); boundsInWindow: Rect(0, 0 - 320, 0); packageName: com.hanapkalinga.mobile; className: android.widget.LinearLayout; text: null; error: null; maxTextLength: -1; stateDescription: null; contentDescription: null; tooltipText: null; containerTitle: null; viewIdResName: null; uniqueId: null; checkable: false; checked: false; focusable: false; focused: false; selected: false; clickable: false; longClickable: false; contextClickable: false; enabled: true; password: false; scrollable: false; importantForAccessibility: false; visible: false; actions: [AccessibilityAction: ACTION_SELECT - null, AccessibilityAction: ACTION_CLEAR_SELECTION - null, AccessibilityAction: ACTION_ACCESSIBILITY_FOCUS - null, AccessibilityAction: ACTION_SHOW_ON_SCREEN - null]; isTextSelectable: false
06-25 12:00:24.969  5444  5700 I Maestro : Skipping invisible child: android.view.accessibility.AccessibilityNodeInfo@124c1; boundsInParent: Rect(0, 0 - 320, 0); boundsInScreen: Rect(0, 0 - 320, 0); boundsInWindow: Rect(0, 0 - 320, 0); packageName: com.hanapkalinga.mobile; className: android.view.ViewGroup; text: null; error: null; maxTextLength: -1; stateDescription: null; contentDescription: null; tooltipText: null; containerTitle: null; viewIdResName: null; uniqueId: null; checkable: false; checked: false; focusable: false; focused: false; selected: false; clickable: false; longClickable: false; contextClickable: false; enabled: true; password: false; scrollable: false; importantForAccessibility: false; visible: false; actions: [AccessibilityAction: ACTION_SELECT - null, AccessibilityAction: ACTION_CLEAR_SELECTION - null, AccessibilityAction: ACTION_ACCESSIBILITY_FOCUS - null, AccessibilityAction: ACTION_SHOW_ON_SCREEN - null]; isTextSelectable: false
06-25 12:00:24.970  5444  5700 I Maestro : Skipping invisible child: android.view.accessibility.AccessibilityNodeInfo@1919e; boundsInParent: Rect(0, 0 - 320, 0); boundsInScreen: Rect(0, 0 - 320, 0); boundsInWindow: Rect(0, 0 - 320, 0); packageName: com.hanapkalinga.mobile; className: android.widget.LinearLayout; text: null; error: null; maxTextLength: -1; stateDescription: null; contentDescription: null; tooltipText: null; containerTitle: null; viewIdResName: null; uniqueId: null; checkable: false; checked: false; focusable: false; focused: false; selected: false; clickable: false; longClickable: false; contextClickable: false; enabled: true; password: false; scrollable: false; importantForAccessibility: false; visible: false; actions: [AccessibilityAction: ACTION_SELECT - null, AccessibilityAction: ACTION_CLEAR_SELECTION - null, AccessibilityAction: ACTION_ACCESSIBILITY_FOCUS - null, AccessibilityAction: ACTION_SHOW_ON_SCREEN - null]; isTextSelectable: false
06-25 12:00:24.970  5444  5700 I Maestro : Skipping invisible child: android.view.accessibility.AccessibilityNodeInfo@18ddd; boundsInParent: Rect(0, 0 - 320, 0); boundsInScreen: Rect(0, 0 - 320, 0); boundsInWindow: Rect(0, 0 - 320, 0); packageName: com.hanapkalinga.mobile; className: android.view.ViewGroup; text: null; error: null; maxTextLength: -1; stateDescription: null; contentDescription: null; tooltipText: null; containerTitle: null; viewIdResName: null; uniqueId: null; checkable: false; checked: false; focusable: false; focused: false; selected: false; clickable: false; longClickable: false; contextClickable: false; enabled: true; password: false; scrollable: false; importantForAccessibility: false; visible: false; actions: [AccessibilityAction: ACTION_SELECT - null, AccessibilityAction: ACTION_CLEAR_SELECTION - null, AccessibilityAction: ACTION_ACCESSIBILITY_FOCUS - null, AccessibilityAction: ACTION_SHOW_ON_SCREEN - null]; isTextSelectable: false
06-25 12:00:24.984  5444  5700 D Maestro : View hierarchy received in 22 ms
06-25 12:00:25.035  5444  5501 D Maestro : Requesting view hierarchy
06-25 12:00:25.035  5444  5501 W QueryController: Could not detect idle state.
06-25 12:00:25.036  5444  5501 W QueryController: Could not detect idle state.
06-25 12:00:25.040  1702  2421 W A       : [Download] response code: 400
06-25 12:00:25.046  5444  5501 I Maestro : Skipping invisible child: android.view.accessibility.AccessibilityNodeInfo@12882; boundsInParent: Rect(0, 0 - 320, 0); boundsInScreen: Rect(0, 0 - 320, 0); boundsInWindow: Rect(0, 0 - 320, 0); packageName: com.hanapkalinga.mobile; className: android.widget.LinearLayout; text: null; error: null; maxTextLength: -1; stateDescription: null; contentDescription: null; tooltipText: null; containerTitle: null; viewIdResName: null; uniqueId: null; checkable: false; checked: false; focusable: false; focused: false; selected: false; clickable: false; longClickable: false; contextClickable: false; enabled: true; password: false; scrollable: false; importantForAccessibility: false; visible: false; actions: [AccessibilityAction: ACTION_SELECT - null, AccessibilityAction: ACTION_CLEAR_SELECTION - null, AccessibilityAction: ACTION_ACCESSIBILITY_FOCUS - null, AccessibilityAction: ACTION_SHOW_ON_SCREEN - null]; isTextSelectable: false
06-25 12:00:25.046  5444  5501 I Maestro : Skipping invisible child: android.view.accessibility.AccessibilityNodeInfo@124c1; boundsInParent: Rect(0, 0 - 320, 0); boundsInScreen: Rect(0, 0 - 320, 0); boundsInWindow: Rect(0, 0 - 320, 0); packageName: com.hanapkalinga.mobile; className: android.view.ViewGroup; text: null; error: null; maxTextLength: -1; stateDescription: null; contentDescription: null; tooltipText: null; containerTitle: null; viewIdResName: null; uniqueId: null; checkable: false; checked: false; focusable: false; focused: false; selected: false; clickable: false; longClickable: false; contextClickable: false; enabled: true; password: false; scrollable: false; importantForAccessibility: false; visible: false; actions: [AccessibilityAction: ACTION_SELECT - null, AccessibilityAction: ACTION_CLEAR_SELECTION - null, AccessibilityAction: ACTION_ACCESSIBILITY_FOCUS - null, AccessibilityAction: ACTION_SHOW_ON_SCREEN - null]; isTextSelectable: false
06-25 12:00:25.047  5444  5501 I Maestro : Skipping invisible child: android.view.accessibility.AccessibilityNodeInfo@1919e; boundsInParent: Rect(0, 0 - 320, 0); boundsInScreen: Rect(0, 0 - 320, 0); boundsInWindow: Rect(0, 0 - 320, 0); packageName: com.hanapkalinga.mobile; className: android.widget.LinearLayout; text: null; error: null; maxTextLength: -1; stateDescription: null; contentDescription: null; tooltipText: null; containerTitle: null; viewIdResName: null; uniqueId: null; checkable: false; checked: false; focusable: false; focused: false; selected: false; clickable: false; longClickable: false; contextClickable: false; enabled: true; password: false; scrollable: false; importantForAccessibility: false; visible: false; actions: [AccessibilityAction: ACTION_SELECT - null, AccessibilityAction: ACTION_CLEAR_SELECTION - null, AccessibilityAction: ACTION_ACCESSIBILITY_FOCUS - null, AccessibilityAction: ACTION_SHOW_ON_SCREEN - null]; isTextSelectable: false
06-25 12:00:25.047  5444  5501 I Maestro : Skipping invisible child: android.view.accessibility.AccessibilityNodeInfo@18ddd; boundsInParent: Rect(0, 0 - 320, 0); boundsInScreen: Rect(0, 0 - 320, 0); boundsInWindow: Rect(0, 0 - 320, 0); packageName: com.hanapkalinga.mobile; className: android.view.ViewGroup; text: null; error: null; maxTextLength: -1; stateDescription: null; contentDescription: null; tooltipText: null; containerTitle: null; viewIdResName: null; uniqueId: null; checkable: false; checked: false; focusable: false; focused: false; selected: false; clickable: false; longClickable: false; contextClickable: false; enabled: true; password: false; scrollable: false; importantForAccessibility: false; visible: false; actions: [AccessibilityAction: ACTION_SELECT - null, AccessibilityAction: ACTION_CLEAR_SELECTION - null, AccessibilityAction: ACTION_ACCESSIBILITY_FOCUS - null, AccessibilityAction: ACTION_SHOW_ON_SCREEN - null]; isTextSelectable: false
06-25 12:00:25.057  5444  5501 D Maestro : View hierarchy received in 22 ms
06-25 12:00:25.111  5444  5501 D Maestro : Requesting view hierarchy
06-25 12:00:25.111  5444  5501 W QueryController: Could not detect idle state.
06-25 12:00:25.112  5444  5501 W QueryController: Could not detect idle state.
06-25 12:00:25.118  5444  5501 I Maestro : Skipping invisible child: android.view.accessibility.AccessibilityNodeInfo@12882; boundsInParent: Rect(0, 0 - 320, 0); boundsInScreen: Rect(0, 0 - 320, 0); boundsInWindow: Rect(0, 0 - 320, 0); packageName: com.hanapkalinga.mobile; className: android.widget.LinearLayout; text: null; error: null; maxTextLength: -1; stateDescription: null; contentDescription: null; tooltipText: null; containerTitle: null; viewIdResName: null; uniqueId: null; checkable: false; checked: false; focusable: false; focused: false; selected: false; clickable: false; longClickable: false; contextClickable: false; enabled: true; password: false; scrollable: false; importantForAccessibility: false; visible: false; actions: [AccessibilityAction: ACTION_SELECT - null, AccessibilityAction: ACTION_CLEAR_SELECTION - null, AccessibilityAction: ACTION_ACCESSIBILITY_FOCUS - null, AccessibilityAction: ACTION_SHOW_ON_SCREEN - null]; isTextSelectable: false
06-25 12:00:25.119  5444  5501 I Maestro : Skipping invisible child: android.view.accessibility.AccessibilityNodeInfo@124c1; boundsInParent: Rect(0, 0 - 320, 0); boundsInScreen: Rect(0, 0 - 320, 0); boundsInWindow: Rect(0, 0 - 320, 0); packageName: com.hanapkalinga.mobile; className: android.view.ViewGroup; text: null; error: null; maxTextLength: -1; stateDescription: null; contentDescription: null; tooltipText: null; containerTitle: null; viewIdResName: null; uniqueId: null; checkable: false; checked: false; focusable: false; focused: false; selected: false; clickable: false; longClickable: false; contextClickable: false; enabled: true; password: false; scrollable: false; importantForAccessibility: false; visible: false; actions: [AccessibilityAction: ACTION_SELECT - null, AccessibilityAction: ACTION_CLEAR_SELECTION - null, AccessibilityAction: ACTION_ACCESSIBILITY_FOCUS - null, AccessibilityAction: ACTION_SHOW_ON_SCREEN - null]; isTextSelectable: false
