06-25 12:00:28.695  5444  5501 I Maestro : Skipping invisible child: android.view.accessibility.AccessibilityNodeInfo@18ddd; boundsInParent: Rect(0, 0 - 320, 0); boundsInScreen: Rect(0, 0 - 320, 0); boundsInWindow: Rect(0, 0 - 320, 0); packageName: com.hanapkalinga.mobile; className: android.view.ViewGroup; text: null; error: null; maxTextLength: -1; stateDescription: null; contentDescription: null; tooltipText: null; containerTitle: null; viewIdResName: null; uniqueId: null; checkable: false; checked: false; focusable: false; focused: false; selected: false; clickable: false; longClickable: false; contextClickable: false; enabled: true; password: false; scrollable: false; importantForAccessibility: false; visible: false; actions: [AccessibilityAction: ACTION_SELECT - null, AccessibilityAction: ACTION_CLEAR_SELECTION - null, AccessibilityAction: ACTION_ACCESSIBILITY_FOCUS - null, AccessibilityAction: ACTION_SHOW_ON_SCREEN - null]; isTextSelectable: false
06-25 12:00:28.703  5444  5501 D Maestro : View hierarchy received in 16 ms
06-25 12:00:28.727   333   365 I netd    : setProcSysNet(4, 2, wlan0, retrans_time_ms, 750) <0.08ms>
06-25 12:00:28.728   333   365 I netd    : setProcSysNet(4, 2, wlan0, ucast_solicit, 10) <0.03ms>
06-25 12:00:28.728   333   365 I netd    : setProcSysNet(6, 2, wlan0, retrans_time_ms, 750) <0.06ms>
06-25 12:00:28.728   333   365 I netd    : setProcSysNet(6, 2, wlan0, ucast_solicit, 10) <0.02ms>
06-25 12:00:28.756  5444  5501 D Maestro : Requesting view hierarchy
06-25 12:00:28.757  5444  5501 W QueryController: Could not detect idle state.
06-25 12:00:28.757  5444  5501 W QueryController: Could not detect idle state.
06-25 12:00:28.762  5444  5501 I Maestro : Skipping invisible child: android.view.accessibility.AccessibilityNodeInfo@12882; boundsInParent: Rect(0, 0 - 320, 0); boundsInScreen: Rect(0, 0 - 320, 0); boundsInWindow: Rect(0, 0 - 320, 0); packageName: com.hanapkalinga.mobile; className: android.widget.LinearLayout; text: null; error: null; maxTextLength: -1; stateDescription: null; contentDescription: null; tooltipText: null; containerTitle: null; viewIdResName: null; uniqueId: null; checkable: false; checked: false; focusable: false; focused: false; selected: false; clickable: false; longClickable: false; contextClickable: false; enabled: true; password: false; scrollable: false; importantForAccessibility: false; visible: false; actions: [AccessibilityAction: ACTION_SELECT - null, AccessibilityAction: ACTION_CLEAR_SELECTION - null, AccessibilityAction: ACTION_ACCESSIBILITY_FOCUS - null, AccessibilityAction: ACTION_SHOW_ON_SCREEN - null]; isTextSelectable: false
06-25 12:00:28.762  5444  5501 I Maestro : Skipping invisible child: android.view.accessibility.AccessibilityNodeInfo@124c1; boundsInParent: Rect(0, 0 - 320, 0); boundsInScreen: Rect(0, 0 - 320, 0); boundsInWindow: Rect(0, 0 - 320, 0); packageName: com.hanapkalinga.mobile; className: android.view.ViewGroup; text: null; error: null; maxTextLength: -1; stateDescription: null; contentDescription: null; tooltipText: null; containerTitle: null; viewIdResName: null; uniqueId: null; checkable: false; checked: false; focusable: false; focused: false; selected: false; clickable: false; longClickable: false; contextClickable: false; enabled: true; password: false; scrollable: false; importantForAccessibility: false; visible: false; actions: [AccessibilityAction: ACTION_SELECT - null, AccessibilityAction: ACTION_CLEAR_SELECTION - null, AccessibilityAction: ACTION_ACCESSIBILITY_FOCUS - null, AccessibilityAction: ACTION_SHOW_ON_SCREEN - null]; isTextSelectable: false
06-25 12:00:28.763  5444  5501 I Maestro : Skipping invisible child: android.view.accessibility.AccessibilityNodeInfo@1919e; boundsInParent: Rect(0, 0 - 320, 0); boundsInScreen: Rect(0, 0 - 320, 0); boundsInWindow: Rect(0, 0 - 320, 0); packageName: com.hanapkalinga.mobile; className: android.widget.LinearLayout; text: null; error: null; maxTextLength: -1; stateDescription: null; contentDescription: null; tooltipText: null; containerTitle: null; viewIdResName: null; uniqueId: null; checkable: false; checked: false; focusable: false; focused: false; selected: false; clickable: false; longClickable: false; contextClickable: false; enabled: true; password: false; scrollable: false; importantForAccessibility: false; visible: false; actions: [AccessibilityAction: ACTION_SELECT - null, AccessibilityAction: ACTION_CLEAR_SELECTION - null, AccessibilityAction: ACTION_ACCESSIBILITY_FOCUS - null, AccessibilityAction: ACTION_SHOW_ON_SCREEN - null]; isTextSelectable: false
06-25 12:00:28.763  5444  5501 I Maestro : Skipping invisible child: android.view.accessibility.AccessibilityNodeInfo@18ddd; boundsInParent: Rect(0, 0 - 320, 0); boundsInScreen: Rect(0, 0 - 320, 0); boundsInWindow: Rect(0, 0 - 320, 0); packageName: com.hanapkalinga.mobile; className: android.view.ViewGroup; text: null; error: null; maxTextLength: -1; stateDescription: null; contentDescription: null; tooltipText: null; containerTitle: null; viewIdResName: null; uniqueId: null; checkable: false; checked: false; focusable: false; focused: false; selected: false; clickable: false; longClickable: false; contextClickable: false; enabled: true; password: false; scrollable: false; importantForAccessibility: false; visible: false; actions: [AccessibilityAction: ACTION_SELECT - null, AccessibilityAction: ACTION_CLEAR_SELECTION - null, AccessibilityAction: ACTION_ACCESSIBILITY_FOCUS - null, AccessibilityAction: ACTION_SHOW_ON_SCREEN - null]; isTextSelectable: false
06-25 12:00:28.777  5444  5501 D Maestro : View hierarchy received in 21 ms
06-25 12:00:28.851  5621  5640 D EGL_emulation: app_time_stats: avg=499.39ms min=498.20ms max=500.81ms count=3
06-25 12:00:28.867  5444  5501 D Maestro : Requesting view hierarchy
06-25 12:00:28.867  5444  5501 W QueryController: Could not detect idle state.
06-25 12:00:28.868  5444  5501 W QueryController: Could not detect idle state.
06-25 12:00:28.874  5444  5501 I Maestro : Skipping invisible child: android.view.accessibility.AccessibilityNodeInfo@12882; boundsInParent: Rect(0, 0 - 320, 0); boundsInScreen: Rect(0, 0 - 320, 0); boundsInWindow: Rect(0, 0 - 320, 0); packageName: com.hanapkalinga.mobile; className: android.widget.LinearLayout; text: null; error: null; maxTextLength: -1; stateDescription: null; contentDescription: null; tooltipText: null; containerTitle: null; viewIdResName: null; uniqueId: null; checkable: false; checked: false; focusable: false; focused: false; selected: false; clickable: false; longClickable: false; contextClickable: false; enabled: true; password: false; scrollable: false; importantForAccessibility: false; visible: false; actions: [AccessibilityAction: ACTION_SELECT - null, AccessibilityAction: ACTION_CLEAR_SELECTION - null, AccessibilityAction: ACTION_ACCESSIBILITY_FOCUS - null, AccessibilityAction: ACTION_SHOW_ON_SCREEN - null]; isTextSelectable: false
06-25 12:00:28.874  5444  5501 I Maestro : Skipping invisible child: android.view.accessibility.AccessibilityNodeInfo@124c1; boundsInParent: Rect(0, 0 - 320, 0); boundsInScreen: Rect(0, 0 - 320, 0); boundsInWindow: Rect(0, 0 - 320, 0); packageName: com.hanapkalinga.mobile; className: android.view.ViewGroup; text: null; error: null; maxTextLength: -1; stateDescription: null; contentDescription: null; tooltipText: null; containerTitle: null; viewIdResName: null; uniqueId: null; checkable: false; checked: false; focusable: false; focused: false; selected: false; clickable: false; longClickable: false; contextClickable: false; enabled: true; password: false; scrollable: false; importantForAccessibility: false; visible: false; actions: [AccessibilityAction: ACTION_SELECT - null, AccessibilityAction: ACTION_CLEAR_SELECTION - null, AccessibilityAction: ACTION_ACCESSIBILITY_FOCUS - null, AccessibilityAction: ACTION_SHOW_ON_SCREEN - null]; isTextSelectable: false
06-25 12:00:28.875  5444  5501 I Maestro : Skipping invisible child: android.view.accessibility.AccessibilityNodeInfo@1919e; boundsInParent: Rect(0, 0 - 320, 0); boundsInScreen: Rect(0, 0 - 320, 0); boundsInWindow: Rect(0, 0 - 320, 0); packageName: com.hanapkalinga.mobile; className: android.widget.LinearLayout; text: null; error: null; maxTextLength: -1; stateDescription: null; contentDescription: null; tooltipText: null; containerTitle: null; viewIdResName: null; uniqueId: null; checkable: false; checked: false; focusable: false; focused: false; selected: false; clickable: false; longClickable: false; contextClickable: false; enabled: true; password: false; scrollable: false; importantForAccessibility: false; visible: false; actions: [AccessibilityAction: ACTION_SELECT - null, AccessibilityAction: ACTION_CLEAR_SELECTION - null, AccessibilityAction: ACTION_ACCESSIBILITY_FOCUS - null, AccessibilityAction: ACTION_SHOW_ON_SCREEN - null]; isTextSelectable: false
06-25 12:00:28.875  5444  5501 I Maestro : Skipping invisible child: android.view.accessibility.AccessibilityNodeInfo@18ddd; boundsInParent: Rect(0, 0 - 320, 0); boundsInScreen: Rect(0, 0 - 320, 0); boundsInWindow: Rect(0, 0 - 320, 0); packageName: com.hanapkalinga.mobile; className: android.view.ViewGroup; text: null; error: null; maxTextLength: -1; stateDescription: null; contentDescription: null; tooltipText: null; containerTitle: null; viewIdResName: null; uniqueId: null; checkable: false; checked: false; focusable: false; focused: false; selected: false; clickable: false; longClickable: false; contextClickable: false; enabled: true; password: false; scrollable: false; importantForAccessibility: false; visible: false; actions: [AccessibilityAction: ACTION_SELECT - null, AccessibilityAction: ACTION_CLEAR_SELECTION - null, AccessibilityAction: ACTION_ACCESSIBILITY_FOCUS - null, AccessibilityAction: ACTION_SHOW_ON_SCREEN - null]; isTextSelectable: false
06-25 12:00:28.896  5444  5501 D Maestro : View hierarchy received in 29 ms
06-25 12:00:28.991  5444  5501 D Maestro : Requesting view hierarchy
06-25 12:00:28.991  5444  5501 W QueryController: Could not detect idle state.
06-25 12:00:28.992  5444  5501 W QueryController: Could not detect idle state.
06-25 12:00:29.008  5444  5501 I Maestro : Skipping invisible child: android.view.accessibility.AccessibilityNodeInfo@12882; boundsInParent: Rect(0, 0 - 320, 0); boundsInScreen: Rect(0, 0 - 320, 0); boundsInWindow: Rect(0, 0 - 320, 0); packageName: com.hanapkalinga.mobile; className: android.widget.LinearLayout; text: null; error: null; maxTextLength: -1; stateDescription: null; contentDescription: null; tooltipText: null; containerTitle: null; viewIdResName: null; uniqueId: null; checkable: false; checked: false; focusable: false; focused: false; selected: false; clickable: false; longClickable: false; contextClickable: false; enabled: true; password: false; scrollable: false; importantForAccessibility: false; visible: false; actions: [AccessibilityAction: ACTION_SELECT - null, AccessibilityAction: ACTION_CLEAR_SELECTION - null, AccessibilityAction: ACTION_ACCESSIBILITY_FOCUS - null, AccessibilityAction: ACTION_SHOW_ON_SCREEN - null]; isTextSelectable: false
06-25 12:00:29.009  5444  5501 I Maestro : Skipping invisible child: android.view.accessibility.AccessibilityNodeInfo@124c1; boundsInParent: Rect(0, 0 - 320, 0); boundsInScreen: Rect(0, 0 - 320, 0); boundsInWindow: Rect(0, 0 - 320, 0); packageName: com.hanapkalinga.mobile; className: android.view.ViewGroup; text: null; error: null; maxTextLength: -1; stateDescription: null; contentDescription: null; tooltipText: null; containerTitle: null; viewIdResName: null; uniqueId: null; checkable: false; checked: false; focusable: false; focused: false; selected: false; clickable: false; longClickable: false; contextClickable: false; enabled: true; password: false; scrollable: false; importantForAccessibility: false; visible: false; actions: [AccessibilityAction: ACTION_SELECT - null, AccessibilityAction: ACTION_CLEAR_SELECTION - null, AccessibilityAction: ACTION_ACCESSIBILITY_FOCUS - null, AccessibilityAction: ACTION_SHOW_ON_SCREEN - null]; isTextSelectable: false
06-25 12:00:29.010  5444  5501 I Maestro : Skipping invisible child: android.view.accessibility.AccessibilityNodeInfo@1919e; boundsInParent: Rect(0, 0 - 320, 0); boundsInScreen: Rect(0, 0 - 320, 0); boundsInWindow: Rect(0, 0 - 320, 0); packageName: com.hanapkalinga.mobile; className: android.widget.LinearLayout; text: null; error: null; maxTextLength: -1; stateDescription: null; contentDescription: null; tooltipText: null; containerTitle: null; viewIdResName: null; uniqueId: null; checkable: false; checked: false; focusable: false; focused: false; selected: false; clickable: false; longClickable: false; contextClickable: false; enabled: true; password: false; scrollable: false; importantForAccessibility: false; visible: false; actions: [AccessibilityAction: ACTION_SELECT - null, AccessibilityAction: ACTION_CLEAR_SELECTION - null, AccessibilityAction: ACTION_ACCESSIBILITY_FOCUS - null, AccessibilityAction: ACTION_SHOW_ON_SCREEN - null]; isTextSelectable: false
06-25 12:00:29.011  5444  5501 I Maestro : Skipping invisible child: android.view.accessibility.AccessibilityNodeInfo@18ddd; boundsInParent: Rect(0, 0 - 320, 0); boundsInScreen: Rect(0, 0 - 320, 0); boundsInWindow: Rect(0, 0 - 320, 0); packageName: com.hanapkalinga.mobile; className: android.view.ViewGroup; text: null; error: null; maxTextLength: -1; stateDescription: null; contentDescription: null; tooltipText: null; containerTitle: null; viewIdResName: null; uniqueId: null; checkable: false; checked: false; focusable: false; focused: false; selected: false; clickable: false; longClickable: false; contextClickable: false; enabled: true; password: false; scrollable: false; importantForAccessibility: false; visible: false; actions: [AccessibilityAction: ACTION_SELECT - null, AccessibilityAction: ACTION_CLEAR_SELECTION - null, AccessibilityAction: ACTION_ACCESSIBILITY_FOCUS - null, AccessibilityAction: ACTION_SHOW_ON_SCREEN - null]; isTextSelectable: false
06-25 12:00:29.049  5444  5501 D Maestro : View hierarchy received in 58 ms
06-25 12:00:29.107  5444  5501 D Maestro : Requesting view hierarchy
06-25 12:00:29.107  5444  5501 W QueryController: Could not detect idle state.
06-25 12:00:29.108  5444  5501 W QueryController: Could not detect idle state.
06-25 12:00:29.114  5444  5501 I Maestro : Skipping invisible child: android.view.accessibility.AccessibilityNodeInfo@12882; boundsInParent: Rect(0, 0 - 320, 0); boundsInScreen: Rect(0, 0 - 320, 0); boundsInWindow: Rect(0, 0 - 320, 0); packageName: com.hanapkalinga.mobile; className: android.widget.LinearLayout; text: null; error: null; maxTextLength: -1; stateDescription: null; contentDescription: null; tooltipText: null; containerTitle: null; viewIdResName: null; uniqueId: null; checkable: false; checked: false; focusable: false; focused: false; selected: false; clickable: false; longClickable: false; contextClickable: false; enabled: true; password: false; scrollable: false; importantForAccessibility: false; visible: false; actions: [AccessibilityAction: ACTION_SELECT - null, AccessibilityAction: ACTION_CLEAR_SELECTION - null, AccessibilityAction: ACTION_ACCESSIBILITY_FOCUS - null, AccessibilityAction: ACTION_SHOW_ON_SCREEN - null]; isTextSelectable: false
06-25 12:00:29.115  5444  5501 I Maestro : Skipping invisible child: android.view.accessibility.AccessibilityNodeInfo@124c1; boundsInParent: Rect(0, 0 - 320, 0); boundsInScreen: Rect(0, 0 - 320, 0); boundsInWindow: Rect(0, 0 - 320, 0); packageName: com.hanapkalinga.mobile; className: android.view.ViewGroup; text: null; error: null; maxTextLength: -1; stateDescription: null; contentDescription: null; tooltipText: null; containerTitle: null; viewIdResName: null; uniqueId: null; checkable: false; checked: false; focusable: false; focused: false; selected: false; clickable: false; longClickable: false; contextClickable: false; enabled: true; password: false; scrollable: false; importantForAccessibility: false; visible: false; actions: [AccessibilityAction: ACTION_SELECT - null, AccessibilityAction: ACTION_CLEAR_SELECTION - null, AccessibilityAction: ACTION_ACCESSIBILITY_FOCUS - null, AccessibilityAction: ACTION_SHOW_ON_SCREEN - null]; isTextSelectable: false
06-25 12:00:29.116  5444  5501 I Maestro : Skipping invisible child: android.view.accessibility.AccessibilityNodeInfo@1919e; boundsInParent: Rect(0, 0 - 320, 0); boundsInScreen: Rect(0, 0 - 320, 0); boundsInWindow: Rect(0, 0 - 320, 0); packageName: com.hanapkalinga.mobile; className: android.widget.LinearLayout; text: null; error: null; maxTextLength: -1; stateDescription: null; contentDescription: null; tooltipText: null; containerTitle: null; viewIdResName: null; uniqueId: null; checkable: false; checked: false; focusable: false; focused: false; selected: false; clickable: false; longClickable: false; contextClickable: false; enabled: true; password: false; scrollable: false; importantForAccessibility: false; visible: false; actions: [AccessibilityAction: ACTION_SELECT - null, AccessibilityAction: ACTION_CLEAR_SELECTION - null, AccessibilityAction: ACTION_ACCESSIBILITY_FOCUS - null, AccessibilityAction: ACTION_SHOW_ON_SCREEN - null]; isTextSelectable: false
06-25 12:00:29.116  5444  5501 I Maestro : Skipping invisible child: android.view.accessibility.AccessibilityNodeInfo@18ddd; boundsInParent: Rect(0, 0 - 320, 0); boundsInScreen: Rect(0, 0 - 320, 0); boundsInWindow: Rect(0, 0 - 320, 0); packageName: com.hanapkalinga.mobile; className: android.view.ViewGroup; text: null; error: null; maxTextLength: -1; stateDescription: null; contentDescription: null; tooltipText: null; containerTitle: null; viewIdResName: null; uniqueId: null; checkable: false; checked: false; focusable: false; focused: false; selected: false; clickable: false; longClickable: false; contextClickable: false; enabled: true; password: false; scrollable: false; importantForAccessibility: false; visible: false; actions: [AccessibilityAction: ACTION_SELECT - null, AccessibilityAction: ACTION_CLEAR_SELECTION - null, AccessibilityAction: ACTION_ACCESSIBILITY_FOCUS - null, AccessibilityAction: ACTION_SHOW_ON_SCREEN - null]; isTextSelectable: false
06-25 12:00:29.129  5444  5501 D Maestro : View hierarchy received in 22 ms
06-25 12:00:29.217  6148  6409 I Bugle   : BroadcastReceiverAsyncWorkTracker: Acknowledging broadcast of com.google.android.apps.messaging.shared.experiments.receiver.BuglePhenotypeBroadcastReceiver@f4e8a27
06-25 12:00:29.221  5444  5501 D Maestro : Requesting view hierarchy
06-25 12:00:29.221  5444  5501 W QueryController: Could not detect idle state.
06-25 12:00:29.222  5444  5501 W QueryController: Could not detect idle state.
06-25 12:00:29.228  4995  6016 I HeterodyneSyncScheduler: Scheduling adaptive one off task with window [14400, 604800] in seconds [CONTEXT service_id=51 ]
06-25 12:00:29.231  5444  5501 I Maestro : Skipping invisible child: android.view.accessibility.AccessibilityNodeInfo@12882; boundsInParent: Rect(0, 0 - 320, 0); boundsInScreen: Rect(0, 0 - 320, 0); boundsInWindow: Rect(0, 0 - 320, 0); packageName: com.hanapkalinga.mobile; className: android.widget.LinearLayout; text: null; error: null; maxTextLength: -1; stateDescription: null; contentDescription: null; tooltipText: null; containerTitle: null; viewIdResName: null; uniqueId: null; checkable: false; checked: false; focusable: false; focused: false; selected: false; clickable: false; longClickable: false; contextClickable: false; enabled: true; password: false; scrollable: false; importantForAccessibility: false; visible: false; actions: [AccessibilityAction: ACTION_SELECT - null, AccessibilityAction: ACTION_CLEAR_SELECTION - null, AccessibilityAction: ACTION_ACCESSIBILITY_FOCUS - null, AccessibilityAction: ACTION_SHOW_ON_SCREEN - null]; isTextSelectable: false
06-25 12:00:29.232  5444  5501 I Maestro : Skipping invisible child: android.view.accessibility.AccessibilityNodeInfo@124c1; boundsInParent: Rect(0, 0 - 320, 0); boundsInScreen: Rect(0, 0 - 320, 0); boundsInWindow: Rect(0, 0 - 320, 0); packageName: com.hanapkalinga.mobile; className: android.view.ViewGroup; text: null; error: null; maxTextLength: -1; stateDescription: null; contentDescription: null; tooltipText: null; containerTitle: null; viewIdResName: null; uniqueId: null; checkable: false; checked: false; focusable: false; focused: false; selected: false; clickable: false; longClickable: false; contextClickable: false; enabled: true; password: false; scrollable: false; importantForAccessibility: false; visible: false; actions: [AccessibilityAction: ACTION_SELECT - null, AccessibilityAction: ACTION_CLEAR_SELECTION - null, AccessibilityAction: ACTION_ACCESSIBILITY_FOCUS - null, AccessibilityAction: ACTION_SHOW_ON_SCREEN - null]; isTextSelectable: false
06-25 12:00:29.232  5444  5501 I Maestro : Skipping invisible child: android.view.accessibility.AccessibilityNodeInfo@1919e; boundsInParent: Rect(0, 0 - 320, 0); boundsInScreen: Rect(0, 0 - 320, 0); boundsInWindow: Rect(0, 0 - 320, 0); packageName: com.hanapkalinga.mobile; className: android.widget.LinearLayout; text: null; error: null; maxTextLength: -1; stateDescription: null; contentDescription: null; tooltipText: null; containerTitle: null; viewIdResName: null; uniqueId: null; checkable: false; checked: false; focusable: false; focused: false; selected: false; clickable: false; longClickable: false; contextClickable: false; enabled: true; password: false; scrollable: false; importantForAccessibility: false; visible: false; actions: [AccessibilityAction: ACTION_SELECT - null, AccessibilityAction: ACTION_CLEAR_SELECTION - null, AccessibilityAction: ACTION_ACCESSIBILITY_FOCUS - null, AccessibilityAction: ACTION_SHOW_ON_SCREEN - null]; isTextSelectable: false
06-25 12:00:29.233  5444  5501 I Maestro : Skipping invisible child: android.view.accessibility.AccessibilityNodeInfo@18ddd; boundsInParent: Rect(0, 0 - 320, 0); boundsInScreen: Rect(0, 0 - 320, 0); boundsInWindow: Rect(0, 0 - 320, 0); packageName: com.hanapkalinga.mobile; className: android.view.ViewGroup; text: null; error: null; maxTextLength: -1; stateDescription: null; contentDescription: null; tooltipText: null; containerTitle: null; viewIdResName: null; uniqueId: null; checkable: false; checked: false; focusable: false; focused: false; selected: false; clickable: false; longClickable: false; contextClickable: false; enabled: true; password: false; scrollable: false; importantForAccessibility: false; visible: false; actions: [AccessibilityAction: ACTION_SELECT - null, AccessibilityAction: ACTION_CLEAR_SELECTION - null, AccessibilityAction: ACTION_ACCESSIBILITY_FOCUS - null, AccessibilityAction: ACTION_SHOW_ON_SCREEN - null]; isTextSelectable: false
06-25 12:00:29.244  5444  5501 D Maestro : View hierarchy received in 23 ms
06-25 12:00:29.251  6148  6395 I PhenotypeBackgroundRecv: Successfully updated snapshot for com.google.android.libraries.mobileconfiguration#com.google.android.apps.messaging
06-25 12:00:29.254  6148  6394 I Bugle   : BroadcastReceiverAsyncWorkTracker: Acknowledging broadcast of com.google.android.apps.messaging.shared.experiments.receiver.BuglePhenotypeBroadcastReceiver@913babe
06-25 12:00:29.254  6148  6148 I PhenotypeBackgroundRecv: Skipping com.google.lighter.android#com.google.android.apps.messaging which doesn't use ProcessStable flags.
06-25 12:00:29.256  6148  6394 I Bugle   : BroadcastReceiverAsyncWorkTracker: Acknowledging broadcast of com.google.android.apps.messaging.shared.experiments.receiver.BuglePhenotypeBroadcastReceiver@de0b835
06-25 12:00:29.256  6148  6148 I PhenotypeBackgroundRecv: Skipping com.google.android.apps.messaging.auto#com.google.android.apps.messaging which doesn't use ProcessStable flags.
06-25 12:00:29.275  6148  6407 W TimedProcessReaper: Scheduling killing of process to refresh configuration
06-25 12:00:29.277  6148  6409 I BuglePhenotype: onReceive for bugle package [CONTEXT package_name="com.google.android.apps.messaging#com.google.android.apps.messaging" ]
06-25 12:00:29.277  6148  6394 I Bugle   : BroadcastReceiverAsyncWorkTracker: Acknowledging broadcast of com.google.android.apps.messaging.shared.experiments.receiver.BuglePhenotypeBroadcastReceiver@8c9f370
06-25 12:00:29.278  6148  6148 I PhenotypeBackgroundRecv: Skipping com.google.android.apps.messaging#com.google.android.apps.messaging which doesn't use ProcessStable flags.
06-25 12:00:29.290   516  2032 W ProcessStats: Tracking association SourceState{a98df56 com.google.android.gms.persistent/10132 BFgs #12394} whose proc state 4 is better than process ProcessState{510463e com.google.android.gms/10132 pkg=com.google.android.gms} proc state 9 (9950 skipped)
06-25 12:00:29.290  4995  6016 I NetworkScheduler.Stats: Task com.google.android.gms/com.google.android.gms.phenotype.service.sync.PhenotypeConfigurator finished executing. cause:4 result: 1 elapsed_millis: 1370 uptime_millis: 1370 exec_start_elapsed_seconds: 168 [CONTEXT service_id=218 ]
06-25 12:00:29.305  4995  5187 W BpBinder: Large outgoing transaction of 403936 bytes, interface descriptor , code 4
06-25 12:00:29.336  6148  6407 I BugleRcsProvisioning: BugleSystemBindingManager: onBuglePhenotypeFlagChanged
06-25 12:00:29.336  6148  6407 I BugleTransport: onBuglePhenotypeFlagChanged: kicking off updateActiveTransport
06-25 12:00:29.338  6148  6393 I BugleTransport: isChatAvailable: RcsAvailability is DISABLED_SIM_ABSENT (RCS is disabled due to SIM absent)
06-25 12:00:29.340  6148  6374 I BugleRcsEngine: [47] bptz.run: SystemBindingManager: SystemBinding enabled: true
06-25 12:00:29.340  6148  6374 I BugleRcsEngine: [47] bpua.b: System Binding updated
06-25 12:00:29.340  6148  6406 W BugleAction: Null config in BugleSharedPrefs
06-25 12:00:29.340  6148  6406 W BugleAction: Failed to get msisdn from Bugle
06-25 12:00:29.340  6148  6406 W BugleAction: Failed to get msisdn from RcsProfileService
06-25 12:00:29.340  6148  6406 W BugleAction: cksi: Jibe SDK Service not available. Is the Jibe SDK service running? Did you call connect() and wait for the notification before calling an API function?
06-25 12:00:29.340  6148  6406 W BugleAction: 	at cksa.b(PG:2)
06-25 12:00:29.340  6148  6406 W BugleAction: 	at com.google.android.rcs.client.profile.RcsProfileService.g(PG:1)
06-25 12:00:29.340  6148  6406 W BugleAction: 	at com.google.android.rcs.client.profile.RcsProfileService.getMsisdn(PG:3)
06-25 12:00:29.340  6148  6406 W BugleAction: 	at awsw.aj(PG:17)
06-25 12:00:29.340  6148  6406 W BugleAction: 	at awsw.z(PG:2)
06-25 12:00:29.340  6148  6406 W BugleAction: 	at aule.k(PG:1)
06-25 12:00:29.340  6148  6406 W BugleAction: 	at aulc.call(Unknown Source:2)
06-25 12:00:29.340  6148  6406 W BugleAction: 	at cnsg.a(PG:1)
06-25 12:00:29.340  6148  6406 W BugleAction: 	at cnpm.a(PG:3)
06-25 12:00:29.340  6148  6406 W BugleAction: 	at ctfv.a(PG:1)
06-25 12:00:29.340  6148  6406 W BugleAction: 	at ctet.run(PG:4)
06-25 12:00:29.340  6148  6406 W BugleAction: 	at ctfx.run(PG:1)
06-25 12:00:29.340  6148  6406 W BugleAction: 	at bxfd.run(PG:1)
06-25 12:00:29.340  6148  6406 W BugleAction: 	at java.util.concurrent.ThreadPoolExecutor.runWorker(ThreadPoolExecutor.java:1145)
06-25 12:00:29.340  6148  6406 W BugleAction: 	at java.util.concurrent.ThreadPoolExecutor$Worker.run(ThreadPoolExecutor.java:644)
06-25 12:00:29.340  6148  6406 W BugleAction: 	at bxef.run(PG:2)
06-25 12:00:29.340  6148  6406 W BugleAction: 	at java.lang.Thread.run(Thread.java:1012)
06-25 12:00:29.340  6148  6406 W BugleAction: 	at bxfj.run(PG:5)
06-25 12:00:29.341  6148  6406 W SubscriptionMetadataUti: Bugle: SubscriptionMetadataUtils get: unexpected subId = -2, replacing with -1
06-25 12:00:29.341  6148  6406 W SubscriptionMetadataUti: cpwb: FULL
06-25 12:00:29.341  6148  6406 W SubscriptionMetadataUti: 	at bdsy.h(PG:6)
06-25 12:00:29.341  6148  6406 W SubscriptionMetadataUti: 	at bdvp.a(PG:1)
06-25 12:00:29.341  6148  6406 W SubscriptionMetadataUti: 	at bgit.<init>(PG:1)
06-25 12:00:29.341  6148  6406 W SubscriptionMetadataUti: 	at bgiu.a(PG:1)
06-25 12:00:29.341  6148  6406 W SubscriptionMetadataUti: 	at awsw.ai(PG:3)
06-25 12:00:29.341  6148  6406 W SubscriptionMetadataUti: 	at awsw.aj(PG:25)
06-25 12:00:29.341  6148  6406 W SubscriptionMetadataUti: 	at awsw.z(PG:2)
06-25 12:00:29.341  6148  6406 W SubscriptionMetadataUti: 	at aule.k(PG:1)
06-25 12:00:29.341  6148  6406 W SubscriptionMetadataUti: 	at aulc.call(Unknown Source:2)
06-25 12:00:29.341  6148  6406 W SubscriptionMetadataUti: 	at cnsg.a(PG:1)
06-25 12:00:29.341  6148  6406 W SubscriptionMetadataUti: 	at cnpm.a(PG:3)
06-25 12:00:29.341  6148  6406 W SubscriptionMetadataUti: 	at ctfv.a(PG:1)
06-25 12:00:29.341  6148  6406 W SubscriptionMetadataUti: 	at ctet.run(PG:4)
06-25 12:00:29.341  6148  6406 W SubscriptionMetadataUti: 	at ctfx.run(PG:1)
06-25 12:00:29.341  6148  6406 W SubscriptionMetadataUti: 	at bxfd.run(PG:1)
06-25 12:00:29.341  6148  6406 W SubscriptionMetadataUti: 	at java.util.concurrent.ThreadPoolExecutor.runWorker(ThreadPoolExecutor.java:1145)
06-25 12:00:29.341  6148  6406 W SubscriptionMetadataUti: 	at java.util.concurrent.ThreadPoolExecutor$Worker.run(ThreadPoolExecutor.java:644)
06-25 12:00:29.341  6148  6406 W SubscriptionMetadataUti: 	at bxef.run(PG:2)
06-25 12:00:29.341  6148  6406 W SubscriptionMetadataUti: 	at java.lang.Thread.run(Thread.java:1012)
06-25 12:00:29.341  6148  6406 W SubscriptionMetadataUti: 	at bxfj.run(PG:5)
06-25 12:00:29.341  6148  6406 W SubscriptionMetadataUti: Bugle: SubscriptionMetadataUtils get: unexpected subId = -2, replacing with -1
06-25 12:00:29.341  6148  6406 W SubscriptionMetadataUti: cpwb: FULL
06-25 12:00:29.341  6148  6406 W SubscriptionMetadataUti: 	at bdsy.h(PG:6)
06-25 12:00:29.341  6148  6406 W SubscriptionMetadataUti: 	at bgit.<init>(PG:2)
06-25 12:00:29.341  6148  6406 W SubscriptionMetadataUti: 	at bgiu.a(PG:1)
06-25 12:00:29.341  6148  6406 W SubscriptionMetadataUti: 	at awsw.ai(PG:3)
06-25 12:00:29.341  6148  6406 W SubscriptionMetadataUti: 	at awsw.aj(PG:25)
06-25 12:00:29.341  6148  6406 W SubscriptionMetadataUti: 	at awsw.z(PG:2)
06-25 12:00:29.341  6148  6406 W SubscriptionMetadataUti: 	at aule.k(PG:1)
06-25 12:00:29.341  6148  6406 W SubscriptionMetadataUti: 	at aulc.call(Unknown Source:2)
06-25 12:00:29.341  6148  6406 W SubscriptionMetadataUti: 	at cnsg.a(PG:1)
06-25 12:00:29.341  6148  6406 W SubscriptionMetadataUti: 	at cnpm.a(PG:3)
06-25 12:00:29.341  6148  6406 W SubscriptionMetadataUti: 	at ctfv.a(PG:1)
06-25 12:00:29.341  6148  6406 W SubscriptionMetadataUti: 	at ctet.run(PG:4)
06-25 12:00:29.341  6148  6406 W SubscriptionMetadataUti: 	at ctfx.run(PG:1)
06-25 12:00:29.341  6148  6406 W SubscriptionMetadataUti: 	at bxfd.run(PG:1)
06-25 12:00:29.341  6148  6406 W SubscriptionMetadataUti: 	at java.util.concurrent.ThreadPoolExecutor.runWorker(ThreadPoolExecutor.java:1145)
06-25 12:00:29.341  6148  6406 W SubscriptionMetadataUti: 	at java.util.concurrent.ThreadPoolExecutor$Worker.run(ThreadPoolExecutor.java:644)
06-25 12:00:29.341  6148  6406 W SubscriptionMetadataUti: 	at bxef.run(PG:2)
06-25 12:00:29.341  6148  6406 W SubscriptionMetadataUti: 	at java.lang.Thread.run(Thread.java:1012)
06-25 12:00:29.341  6148  6406 W SubscriptionMetadataUti: 	at bxfj.run(PG:5)
06-25 12:00:29.341  6148  6405 I BugleRcsEngine: [64] brnl.h: RCS Configuration storage in Bugle is disabled by p/h flag, using ProvisioningEngineStateCacheUtil.getProvisioningConfigurationForGivenSimIfExist()
06-25 12:00:29.343  6148  6406 W SubscriptionMetadataUti: Bugle: SubscriptionMetadataUtils get: unexpected subId = -2, replacing with -1
06-25 12:00:29.343  6148  6406 W SubscriptionMetadataUti: cpwb: FULL
06-25 12:00:29.343  6148  6406 W SubscriptionMetadataUti: 	at bdsy.h(PG:6)
06-25 12:00:29.343  6148  6406 W SubscriptionMetadataUti: 	at awsw.ai(PG:18)
06-25 12:00:29.343  6148  6406 W SubscriptionMetadataUti: 	at awsw.aj(PG:25)
06-25 12:00:29.343  6148  6406 W SubscriptionMetadataUti: 	at awsw.z(PG:2)
06-25 12:00:29.343  6148  6406 W SubscriptionMetadataUti: 	at aule.k(PG:1)
06-25 12:00:29.343  6148  6406 W SubscriptionMetadataUti: 	at aulc.call(Unknown Source:2)
06-25 12:00:29.343  6148  6406 W SubscriptionMetadataUti: 	at cnsg.a(PG:1)
06-25 12:00:29.343  6148  6406 W SubscriptionMetadataUti: 	at cnpm.a(PG:3)
06-25 12:00:29.343  6148  6406 W SubscriptionMetadataUti: 	at ctfv.a(PG:1)
06-25 12:00:29.343  6148  6406 W SubscriptionMetadataUti: 	at ctet.run(PG:4)
06-25 12:00:29.343  6148  6406 W SubscriptionMetadataUti: 	at ctfx.run(PG:1)
06-25 12:00:29.343  6148  6406 W SubscriptionMetadataUti: 	at bxfd.run(PG:1)
06-25 12:00:29.343  6148  6406 W SubscriptionMetadataUti: 	at java.util.concurrent.ThreadPoolExecutor.runWorker(ThreadPoolExecutor.java:1145)
06-25 12:00:29.343  6148  6406 W SubscriptionMetadataUti: 	at java.util.concurrent.ThreadPoolExecutor$Worker.run(ThreadPoolExecutor.java:644)
06-25 12:00:29.343  6148  6406 W SubscriptionMetadataUti: 	at bxef.run(PG:2)
06-25 12:00:29.343  6148  6406 W SubscriptionMetadataUti: 	at java.lang.Thread.run(Thread.java:1012)
06-25 12:00:29.343  6148  6406 W SubscriptionMetadataUti: 	at bxfj.run(PG:5)
06-25 12:00:29.343  6148  6406 I Bugle   : SubscriptionUtilsAsOfLMR1: getActiveSubscriptionInfo(): empty sub info for subscription{id:-1}
06-25 12:00:29.343  6148  6406 I Bugle   : SubscriptionUtilsAsOfLMR1: getActiveSubscriptionInfo(): empty sub info for subscription{id:-1}
06-25 12:00:29.343  6148  6406 W Bugle   : SubscriptionUtilsAsOfLMR1: getSelfRawNumber: subInfo is null for subscription{id:-1}
06-25 12:00:29.344  5444  5501 D Maestro : Requesting view hierarchy
06-25 12:00:29.345  5444  5501 W QueryController: Could not detect idle state.
06-25 12:00:29.345  5444  5501 W QueryController: Could not detect idle state.
06-25 12:00:29.348  6148  6406 W BugleAction: No default number, returning empty msisdn
06-25 12:00:29.355  6148  6405 I BugleTransport: updateActiveTransport: refreshing chat transport
06-25 12:00:29.355  6148  6405 I BugleTransport: RCS Configuration is empty. Enabled transport is Dual Reg [CONTEXT ratelimit_period="5 SECONDS" skipped=1 ]
06-25 12:00:29.355  6148  6405 I BugleTransport: refreshChatTransport: isChatAvailable: false, enabledTransport: 1, configuration: <empty>
06-25 12:00:29.357  6446  6486 I BugleRcsEngine: [56] ProvisioningEventReceiver.d: Received Provisioning Event: [Bugle information (100)]
06-25 12:00:29.358  6446  6486 I BugleRcsEngine: [56] ProvisioningEventReceiver.d: JibeService is running, passing event to provisioning engine.
06-25 12:00:29.359  6148  6406 I RcsClientLib: Connecting RcsEngineLifecycleService
06-25 12:00:29.359  6148  6406 W RcsClientLib: No CS.apk RCS service found. Is RCS running in Bugle?
06-25 12:00:29.360  6148  6406 I RcsClientLib: shouldUseCarrierServicesJibeService: false, CarrierServices rcs service found: false
06-25 12:00:29.360  5444  5501 I Maestro : Skipping invisible child: android.view.accessibility.AccessibilityNodeInfo@12882; boundsInParent: Rect(0, 0 - 320, 0); boundsInScreen: Rect(0, 0 - 320, 0); boundsInWindow: Rect(0, 0 - 320, 0); packageName: com.hanapkalinga.mobile; className: android.widget.LinearLayout; text: null; error: null; maxTextLength: -1; stateDescription: null; contentDescription: null; tooltipText: null; containerTitle: null; viewIdResName: null; uniqueId: null; checkable: false; checked: false; focusable: false; focused: false; selected: false; clickable: false; longClickable: false; contextClickable: false; enabled: true; password: false; scrollable: false; importantForAccessibility: false; visible: false; actions: [AccessibilityAction: ACTION_SELECT - null, AccessibilityAction: ACTION_CLEAR_SELECTION - null, AccessibilityAction: ACTION_ACCESSIBILITY_FOCUS - null, AccessibilityAction: ACTION_SHOW_ON_SCREEN - null]; isTextSelectable: false
06-25 12:00:29.360  5444  5501 I Maestro : Skipping invisible child: android.view.accessibility.AccessibilityNodeInfo@124c1; boundsInParent: Rect(0, 0 - 320, 0); boundsInScreen: Rect(0, 0 - 320, 0); boundsInWindow: Rect(0, 0 - 320, 0); packageName: com.hanapkalinga.mobile; className: android.view.ViewGroup; text: null; error: null; maxTextLength: -1; stateDescription: null; contentDescription: null; tooltipText: null; containerTitle: null; viewIdResName: null; uniqueId: null; checkable: false; checked: false; focusable: false; focused: false; selected: false; clickable: false; longClickable: false; contextClickable: false; enabled: true; password: false; scrollable: false; importantForAccessibility: false; visible: false; actions: [AccessibilityAction: ACTION_SELECT - null, AccessibilityAction: ACTION_CLEAR_SELECTION - null, AccessibilityAction: ACTION_ACCESSIBILITY_FOCUS - null, AccessibilityAction: ACTION_SHOW_ON_SCREEN - null]; isTextSelectable: false
06-25 12:00:29.361  5444  5501 I Maestro : Skipping invisible child: android.view.accessibility.AccessibilityNodeInfo@1919e; boundsInParent: Rect(0, 0 - 320, 0); boundsInScreen: Rect(0, 0 - 320, 0); boundsInWindow: Rect(0, 0 - 320, 0); packageName: com.hanapkalinga.mobile; className: android.widget.LinearLayout; text: null; error: null; maxTextLength: -1; stateDescription: null; contentDescription: null; tooltipText: null; containerTitle: null; viewIdResName: null; uniqueId: null; checkable: false; checked: false; focusable: false; focused: false; selected: false; clickable: false; longClickable: false; contextClickable: false; enabled: true; password: false; scrollable: false; importantForAccessibility: false; visible: false; actions: [AccessibilityAction: ACTION_SELECT - null, AccessibilityAction: ACTION_CLEAR_SELECTION - null, AccessibilityAction: ACTION_ACCESSIBILITY_FOCUS - null, AccessibilityAction: ACTION_SHOW_ON_SCREEN - null]; isTextSelectable: false
06-25 12:00:29.361  5444  5501 I Maestro : Skipping invisible child: android.view.accessibility.AccessibilityNodeInfo@18ddd; boundsInParent: Rect(0, 0 - 320, 0); boundsInScreen: Rect(0, 0 - 320, 0); boundsInWindow: Rect(0, 0 - 320, 0); packageName: com.hanapkalinga.mobile; className: android.view.ViewGroup; text: null; error: null; maxTextLength: -1; stateDescription: null; contentDescription: null; tooltipText: null; containerTitle: null; viewIdResName: null; uniqueId: null; checkable: false; checked: false; focusable: false; focused: false; selected: false; clickable: false; longClickable: false; contextClickable: false; enabled: true; password: false; scrollable: false; importantForAccessibility: false; visible: false; actions: [AccessibilityAction: ACTION_SELECT - null, AccessibilityAction: ACTION_CLEAR_SELECTION - null, AccessibilityAction: ACTION_ACCESSIBILITY_FOCUS - null, AccessibilityAction: ACTION_SHOW_ON_SCREEN - null]; isTextSelectable: false
06-25 12:00:29.362  6148  6407 I RcsClientLib: com.google.android.rcs.client.lifecycle.RcsEngineLifecycleService connected
06-25 12:00:29.362  6446  6543 I BugleRcsEngine: [77] RcsEngineImpl.triggerStopRcsStack: RcsEngineImpl[DUAL_REG]:[b406085e-99be]: triggerStopRcsStack for msisdn:redacted-pii:phone_number[chars:0,last2:]
06-25 12:00:29.362  6446  6510 I BugleRcsEngine: [70] brqh.handleMessage: RcsEngineImpl[DUAL_REG]:[b406085e-99be]>Handler: handleMessage processing message:[STOP_RCS_STACK] with [non-null]:RcsEngineImpl reference
06-25 12:00:29.363  6446  6510 I BugleRcsEngine: [70] brqh.handleMessage: RcsEngineImpl[DUAL_REG]:[b406085e-99be]>Handler: RCS engine STOP RCS stack
06-25 12:00:29.363  6446  6510 W BugleRcsEngine: [70] RcsEngineImpl.e: RcsEngineImpl[DUAL_REG]:[b406085e-99be]: imsModule is null, shutdown not required
06-25 12:00:29.363  6446  6510 I BugleRcsEngine: [70] RcsEngineImpl.stopRcsStackInternal: RcsEngineImpl[DUAL_REG]:[b406085e-99be]: skipping imsModule.stop
06-25 12:00:29.363  6446  6510 I BugleRcsEngine: [70] brqh.handleMessage: RcsEngineImpl[DUAL_REG]:[b406085e-99be]>Handler: handleMessage processing message:[NOTIFY_UPTIME_IGNORE_STATE_CHANGED] with [non-null]:RcsEngineImpl reference
06-25 12:00:29.363  6148  6394 I RcsClientLib: Disconnecting RcsEngineLifecycleService
06-25 12:00:29.364  6446  6510 I BugleRcsEngine: [70] brnl.h: RCS Configuration storage in Bugle is disabled by p/h flag, using ProvisioningEngineStateCacheUtil.getProvisioningConfigurationForGivenSimIfExist()
06-25 12:00:29.372  5444  5501 D Maestro : View hierarchy received in 28 ms
06-25 12:00:29.425  5444  5501 D Maestro : Requesting view hierarchy
06-25 12:00:29.425  5444  5501 W QueryController: Could not detect idle state.
06-25 12:00:29.425  5444  5501 W QueryController: Could not detect idle state.
06-25 12:00:29.432  5444  5501 I Maestro : Skipping invisible child: android.view.accessibility.AccessibilityNodeInfo@12882; boundsInParent: Rect(0, 0 - 320, 0); boundsInScreen: Rect(0, 0 - 320, 0); boundsInWindow: Rect(0, 0 - 320, 0); packageName: com.hanapkalinga.mobile; className: android.widget.LinearLayout; text: null; error: null; maxTextLength: -1; stateDescription: null; contentDescription: null; tooltipText: null; containerTitle: null; viewIdResName: null; uniqueId: null; checkable: false; checked: false; focusable: false; focused: false; selected: false; clickable: false; longClickable: false; contextClickable: false; enabled: true; password: false; scrollable: false; importantForAccessibility: false; visible: false; actions: [AccessibilityAction: ACTION_SELECT - null, AccessibilityAction: ACTION_CLEAR_SELECTION - null, AccessibilityAction: ACTION_ACCESSIBILITY_FOCUS - null, AccessibilityAction: ACTION_SHOW_ON_SCREEN - null]; isTextSelectable: false
06-25 12:00:29.432  5444  5501 I Maestro : Skipping invisible child: android.view.accessibility.AccessibilityNodeInfo@124c1; boundsInParent: Rect(0, 0 - 320, 0); boundsInScreen: Rect(0, 0 - 320, 0); boundsInWindow: Rect(0, 0 - 320, 0); packageName: com.hanapkalinga.mobile; className: android.view.ViewGroup; text: null; error: null; maxTextLength: -1; stateDescription: null; contentDescription: null; tooltipText: null; containerTitle: null; viewIdResName: null; uniqueId: null; checkable: false; checked: false; focusable: false; focused: false; selected: false; clickable: false; longClickable: false; contextClickable: false; enabled: true; password: false; scrollable: false; importantForAccessibility: false; visible: false; actions: [AccessibilityAction: ACTION_SELECT - null, AccessibilityAction: ACTION_CLEAR_SELECTION - null, AccessibilityAction: ACTION_ACCESSIBILITY_FOCUS - null, AccessibilityAction: ACTION_SHOW_ON_SCREEN - null]; isTextSelectable: false
06-25 12:00:29.432  5444  5501 I Maestro : Skipping invisible child: android.view.accessibility.AccessibilityNodeInfo@1919e; boundsInParent: Rect(0, 0 - 320, 0); boundsInScreen: Rect(0, 0 - 320, 0); boundsInWindow: Rect(0, 0 - 320, 0); packageName: com.hanapkalinga.mobile; className: android.widget.LinearLayout; text: null; error: null; maxTextLength: -1; stateDescription: null; contentDescription: null; tooltipText: null; containerTitle: null; viewIdResName: null; uniqueId: null; checkable: false; checked: false; focusable: false; focused: false; selected: false; clickable: false; longClickable: false; contextClickable: false; enabled: true; password: false; scrollable: false; importantForAccessibility: false; visible: false; actions: [AccessibilityAction: ACTION_SELECT - null, AccessibilityAction: ACTION_CLEAR_SELECTION - null, AccessibilityAction: ACTION_ACCESSIBILITY_FOCUS - null, AccessibilityAction: ACTION_SHOW_ON_SCREEN - null]; isTextSelectable: false
06-25 12:00:29.433  5444  5501 I Maestro : Skipping invisible child: android.view.accessibility.AccessibilityNodeInfo@18ddd; boundsInParent: Rect(0, 0 - 320, 0); boundsInScreen: Rect(0, 0 - 320, 0); boundsInWindow: Rect(0, 0 - 320, 0); packageName: com.hanapkalinga.mobile; className: android.view.ViewGroup; text: null; error: null; maxTextLength: -1; stateDescription: null; contentDescription: null; tooltipText: null; containerTitle: null; viewIdResName: null; uniqueId: null; checkable: false; checked: false; focusable: false; focused: false; selected: false; clickable: false; longClickable: false; contextClickable: false; enabled: true; password: false; scrollable: false; importantForAccessibility: false; visible: false; actions: [AccessibilityAction: ACTION_SELECT - null, AccessibilityAction: ACTION_CLEAR_SELECTION - null, AccessibilityAction: ACTION_ACCESSIBILITY_FOCUS - null, AccessibilityAction: ACTION_SHOW_ON_SCREEN - null]; isTextSelectable: false
06-25 12:00:29.443  5444  5501 D Maestro : View hierarchy received in 18 ms
06-25 12:00:29.536  5444  5501 D Maestro : Requesting view hierarchy
06-25 12:00:29.537  5444  5501 W QueryController: Could not detect idle state.
06-25 12:00:29.537  5444  5501 W QueryController: Could not detect idle state.
06-25 12:00:29.545  5444  5501 I Maestro : Skipping invisible child: android.view.accessibility.AccessibilityNodeInfo@12882; boundsInParent: Rect(0, 0 - 320, 0); boundsInScreen: Rect(0, 0 - 320, 0); boundsInWindow: Rect(0, 0 - 320, 0); packageName: com.hanapkalinga.mobile; className: android.widget.LinearLayout; text: null; error: null; maxTextLength: -1; stateDescription: null; contentDescription: null; tooltipText: null; containerTitle: null; viewIdResName: null; uniqueId: null; checkable: false; checked: false; focusable: false; focused: false; selected: false; clickable: false; longClickable: false; contextClickable: false; enabled: true; password: false; scrollable: false; importantForAccessibility: false; visible: false; actions: [AccessibilityAction: ACTION_SELECT - null, AccessibilityAction: ACTION_CLEAR_SELECTION - null, AccessibilityAction: ACTION_ACCESSIBILITY_FOCUS - null, AccessibilityAction: ACTION_SHOW_ON_SCREEN - null]; isTextSelectable: false
06-25 12:00:29.545  5444  5501 I Maestro : Skipping invisible child: android.view.accessibility.AccessibilityNodeInfo@124c1; boundsInParent: Rect(0, 0 - 320, 0); boundsInScreen: Rect(0, 0 - 320, 0); boundsInWindow: Rect(0, 0 - 320, 0); packageName: com.hanapkalinga.mobile; className: android.view.ViewGroup; text: null; error: null; maxTextLength: -1; stateDescription: null; contentDescription: null; tooltipText: null; containerTitle: null; viewIdResName: null; uniqueId: null; checkable: false; checked: false; focusable: false; focused: false; selected: false; clickable: false; longClickable: false; contextClickable: false; enabled: true; password: false; scrollable: false; importantForAccessibility: false; visible: false; actions: [AccessibilityAction: ACTION_SELECT - null, AccessibilityAction: ACTION_CLEAR_SELECTION - null, AccessibilityAction: ACTION_ACCESSIBILITY_FOCUS - null, AccessibilityAction: ACTION_SHOW_ON_SCREEN - null]; isTextSelectable: false
06-25 12:00:29.546  5444  5501 I Maestro : Skipping invisible child: android.view.accessibility.AccessibilityNodeInfo@1919e; boundsInParent: Rect(0, 0 - 320, 0); boundsInScreen: Rect(0, 0 - 320, 0); boundsInWindow: Rect(0, 0 - 320, 0); packageName: com.hanapkalinga.mobile; className: android.widget.LinearLayout; text: null; error: null; maxTextLength: -1; stateDescription: null; contentDescription: null; tooltipText: null; containerTitle: null; viewIdResName: null; uniqueId: null; checkable: false; checked: false; focusable: false; focused: false; selected: false; clickable: false; longClickable: false; contextClickable: false; enabled: true; password: false; scrollable: false; importantForAccessibility: false; visible: false; actions: [AccessibilityAction: ACTION_SELECT - null, AccessibilityAction: ACTION_CLEAR_SELECTION - null, AccessibilityAction: ACTION_ACCESSIBILITY_FOCUS - null, AccessibilityAction: ACTION_SHOW_ON_SCREEN - null]; isTextSelectable: false
06-25 12:00:29.546  5444  5501 I Maestro : Skipping invisible child: android.view.accessibility.AccessibilityNodeInfo@18ddd; boundsInParent: Rect(0, 0 - 320, 0); boundsInScreen: Rect(0, 0 - 320, 0); boundsInWindow: Rect(0, 0 - 320, 0); packageName: com.hanapkalinga.mobile; className: android.view.ViewGroup; text: null; error: null; maxTextLength: -1; stateDescription: null; contentDescription: null; tooltipText: null; containerTitle: null; viewIdResName: null; uniqueId: null; checkable: false; checked: false; focusable: false; focused: false; selected: false; clickable: false; longClickable: false; contextClickable: false; enabled: true; password: false; scrollable: false; importantForAccessibility: false; visible: false; actions: [AccessibilityAction: ACTION_SELECT - null, AccessibilityAction: ACTION_CLEAR_SELECTION - null, AccessibilityAction: ACTION_ACCESSIBILITY_FOCUS - null, AccessibilityAction: ACTION_SHOW_ON_SCREEN - null]; isTextSelectable: false
06-25 12:00:29.557  5444  5501 D Maestro : View hierarchy received in 21 ms
06-25 12:00:29.652  5444  5700 D Maestro : Requesting view hierarchy
06-25 12:00:29.653  5444  5700 W QueryController: Could not detect idle state.
06-25 12:00:29.653  5444  5700 W QueryController: Could not detect idle state.
06-25 12:00:29.658  5444  5700 I Maestro : Skipping invisible child: android.view.accessibility.AccessibilityNodeInfo@12882; boundsInParent: Rect(0, 0 - 320, 0); boundsInScreen: Rect(0, 0 - 320, 0); boundsInWindow: Rect(0, 0 - 320, 0); packageName: com.hanapkalinga.mobile; className: android.widget.LinearLayout; text: null; error: null; maxTextLength: -1; stateDescription: null; contentDescription: null; tooltipText: null; containerTitle: null; viewIdResName: null; uniqueId: null; checkable: false; checked: false; focusable: false; focused: false; selected: false; clickable: false; longClickable: false; contextClickable: false; enabled: true; password: false; scrollable: false; importantForAccessibility: false; visible: false; actions: [AccessibilityAction: ACTION_SELECT - null, AccessibilityAction: ACTION_CLEAR_SELECTION - null, AccessibilityAction: ACTION_ACCESSIBILITY_FOCUS - null, AccessibilityAction: ACTION_SHOW_ON_SCREEN - null]; isTextSelectable: false
