--------- beginning of system
06-25 12:02:46.047   516   516 I ExplicitHealthCheckController: Not binding to service, service already connecting
06-25 12:02:46.047   516   516 I ExplicitHealthCheckController: Explicit health check service is connected ComponentInfo{com.google.android.ext.services/android.ext.services.watchdog.ExplicitHealthCheckServiceImpl}
06-25 12:02:46.048   516   516 I ExplicitHealthCheckController: Service initialized, syncing requests
06-25 12:02:46.048   516   516 I PackageWatchdog: Syncing health check requests for packages: {}
06-25 12:02:46.048   516   516 D ExplicitHealthCheckController: Getting health check supported packages
06-25 12:02:46.049   516  1746 I ExplicitHealthCheckController: Explicit health check supported packages [PackageConfig{com.google.android.networkstack, 86400000}]
06-25 12:02:46.049   516  1746 D PackageWatchdog: Received supported packages [PackageConfig{com.google.android.networkstack, 86400000}]
06-25 12:02:46.049   516  1746 D ExplicitHealthCheckController: Getting health check requested packages
06-25 12:02:46.053   516  2211 I ExplicitHealthCheckController: Explicit health check requested packages []
06-25 12:02:46.053   516  2211 I ExplicitHealthCheckController: No more health check requests, unbinding...
06-25 12:02:46.053   516  2211 I ExplicitHealthCheckController: Explicit health check service is unbound
06-25 12:02:46.055   516   544 I PackageWatchdog: Saving observer state to file
--------- beginning of main
06-25 12:02:46.059  7381  7456 D Maestro : View hierarchy received in 91 ms
06-25 12:02:46.072   516   613 I RescueParty: Starting to observe: [android], updated namespace: alarm_manager
06-25 12:02:46.072   516   544 I PackageWatchdog: Syncing state, reason: observing new packages
06-25 12:02:46.072   516   544 D PackageWatchdog: rescue-party-observer added the following packages to monitor [android]
06-25 12:02:46.072   516   544 I PackageWatchdog: Syncing state, reason: updated observers
06-25 12:02:46.072   516   544 I PackageWatchdog: Saving observer state to file
06-25 12:02:46.074   516   516 I PackageWatchdog: Syncing health check requests for packages: {}
06-25 12:02:46.074   516   516 I ExplicitHealthCheckController: Service not ready to get health check supported packages. Binding...
06-25 12:02:46.075   516   516 I ExplicitHealthCheckController: Explicit health check service is bound
06-25 12:02:46.076   516   516 I ExplicitHealthCheckController: Explicit health check service is connected ComponentInfo{com.google.android.ext.services/android.ext.services.watchdog.ExplicitHealthCheckServiceImpl}
06-25 12:02:46.076   516   516 I ExplicitHealthCheckController: Service initialized, syncing requests
06-25 12:02:46.076   516   516 I PackageWatchdog: Syncing health check requests for packages: {}
06-25 12:02:46.076   516   516 D ExplicitHealthCheckController: Getting health check supported packages
06-25 12:02:46.076   516  2211 I ExplicitHealthCheckController: Explicit health check supported packages [PackageConfig{com.google.android.networkstack, 86400000}]
06-25 12:02:46.076   516  2211 D PackageWatchdog: Received supported packages [PackageConfig{com.google.android.networkstack, 86400000}]
06-25 12:02:46.077   516  2211 D ExplicitHealthCheckController: Getting health check requested packages
06-25 12:02:46.077   516  2211 I ExplicitHealthCheckController: Explicit health check requested packages []
06-25 12:02:46.077   516  2211 I ExplicitHealthCheckController: No more health check requests, unbinding...
06-25 12:02:46.077   516  2211 I ExplicitHealthCheckController: Explicit health check service is unbound
06-25 12:02:46.083   516   613 I RescueParty: Starting to observe: [android, com.android.settings], updated namespace: app_hibernation
06-25 12:02:46.083   516   544 I PackageWatchdog: Syncing state, reason: observing new packages
06-25 12:02:46.084   516   544 D PackageWatchdog: rescue-party-observer added the following packages to monitor [android, com.android.settings]
06-25 12:02:46.084   516   544 I PackageWatchdog: Syncing state, reason: updated observers
06-25 12:02:46.084   516   544 I PackageWatchdog: Not pruning observers, elapsed time: 0ms
06-25 12:02:46.084   516   544 I PackageWatchdog: Saving observer state to file
06-25 12:02:46.085   516   516 I PackageWatchdog: Syncing health check requests for packages: {}
06-25 12:02:46.085   516   516 I ExplicitHealthCheckController: Service not ready to get health check supported packages. Binding...
06-25 12:02:46.086   516   516 I ExplicitHealthCheckController: Explicit health check service is bound
06-25 12:02:46.086   516   516 D AppHibernationService: App hibernation changed to enabled=true
06-25 12:02:46.087   516   516 I ExplicitHealthCheckController: Explicit health check service is connected ComponentInfo{com.google.android.ext.services/android.ext.services.watchdog.ExplicitHealthCheckServiceImpl}
06-25 12:02:46.087   516   516 I ExplicitHealthCheckController: Service initialized, syncing requests
06-25 12:02:46.087   516   516 I PackageWatchdog: Syncing health check requests for packages: {}
06-25 12:02:46.087   516   516 D ExplicitHealthCheckController: Getting health check supported packages
06-25 12:02:46.087   516  1746 I ExplicitHealthCheckController: Explicit health check supported packages [PackageConfig{com.google.android.networkstack, 86400000}]
06-25 12:02:46.087   516  1746 D PackageWatchdog: Received supported packages [PackageConfig{com.google.android.networkstack, 86400000}]
06-25 12:02:46.087   516  1746 D ExplicitHealthCheckController: Getting health check requested packages
06-25 12:02:46.088   516  2211 I ExplicitHealthCheckController: Explicit health check requested packages []
06-25 12:02:46.088   516  2211 I ExplicitHealthCheckController: No more health check requests, unbinding...
06-25 12:02:46.088   516  2211 I ExplicitHealthCheckController: Explicit health check service is unbound
06-25 12:02:46.094   516   613 I RescueParty: Starting to observe: [android, com.android.systemui], updated namespace: window_manager
06-25 12:02:46.094   516   544 I PackageWatchdog: Syncing state, reason: observing new packages
06-25 12:02:46.094   516   544 D PackageWatchdog: rescue-party-observer added the following packages to monitor [android, com.android.systemui]
06-25 12:02:46.094   516   544 I PackageWatchdog: Syncing state, reason: updated observers
06-25 12:02:46.094   516   544 I PackageWatchdog: Not pruning observers, elapsed time: 0ms
06-25 12:02:46.094   516   544 I PackageWatchdog: Saving observer state to file
06-25 12:02:46.096   516   516 I PackageWatchdog: Syncing health check requests for packages: {}
06-25 12:02:46.096   516   516 I ExplicitHealthCheckController: Service not ready to get health check supported packages. Binding...
06-25 12:02:46.097   516   516 I ExplicitHealthCheckController: Explicit health check service is bound
06-25 12:02:46.098   516   516 I ExplicitHealthCheckController: Explicit health check service is connected ComponentInfo{com.google.android.ext.services/android.ext.services.watchdog.ExplicitHealthCheckServiceImpl}
06-25 12:02:46.098   516   516 I ExplicitHealthCheckController: Service initialized, syncing requests
06-25 12:02:46.098   516   516 I PackageWatchdog: Syncing health check requests for packages: {}
06-25 12:02:46.098   516   516 D ExplicitHealthCheckController: Getting health check supported packages
06-25 12:02:46.098   516  1746 I ExplicitHealthCheckController: Explicit health check supported packages [PackageConfig{com.google.android.networkstack, 86400000}]
06-25 12:02:46.098   516  1746 D PackageWatchdog: Received supported packages [PackageConfig{com.google.android.networkstack, 86400000}]
06-25 12:02:46.098   516  1746 D ExplicitHealthCheckController: Getting health check requested packages
06-25 12:02:46.099   516  1746 I ExplicitHealthCheckController: Explicit health check requested packages []
06-25 12:02:46.099   516  1746 I ExplicitHealthCheckController: No more health check requests, unbinding...
06-25 12:02:46.099   516  1746 I ExplicitHealthCheckController: Explicit health check service is unbound
06-25 12:02:46.116  7381  7456 D Maestro : Requesting view hierarchy
06-25 12:02:46.117  7381  7456 W QueryController: Could not detect idle state.
06-25 12:02:46.117  7381  7456 W QueryController: Could not detect idle state.
06-25 12:02:46.130  7381  7456 I Maestro : Skipping invisible child: android.view.accessibility.AccessibilityNodeInfo@128a8; boundsInParent: Rect(0, 0 - 320, 0); boundsInScreen: Rect(0, 0 - 320, 0); boundsInWindow: Rect(0, 0 - 320, 0); packageName: com.hanapkalinga.mobile; className: android.widget.LinearLayout; text: null; error: null; maxTextLength: -1; stateDescription: null; contentDescription: null; tooltipText: null; containerTitle: null; viewIdResName: null; uniqueId: null; checkable: false; checked: false; focusable: false; focused: false; selected: false; clickable: false; longClickable: false; contextClickable: false; enabled: true; password: false; scrollable: false; importantForAccessibility: false; visible: false; actions: [AccessibilityAction: ACTION_SELECT - null, AccessibilityAction: ACTION_CLEAR_SELECTION - null, AccessibilityAction: ACTION_ACCESSIBILITY_FOCUS - null, AccessibilityAction: ACTION_SHOW_ON_SCREEN - null]; isTextSelectable: false
06-25 12:02:46.131  7381  7456 I Maestro : Skipping invisible child: android.view.accessibility.AccessibilityNodeInfo@124e7; boundsInParent: Rect(0, 0 - 320, 0); boundsInScreen: Rect(0, 0 - 320, 0); boundsInWindow: Rect(0, 0 - 320, 0); packageName: com.hanapkalinga.mobile; className: android.view.ViewGroup; text: null; error: null; maxTextLength: -1; stateDescription: null; contentDescription: null; tooltipText: null; containerTitle: null; viewIdResName: null; uniqueId: null; checkable: false; checked: false; focusable: false; focused: false; selected: false; clickable: false; longClickable: false; contextClickable: false; enabled: true; password: false; scrollable: false; importantForAccessibility: false; visible: false; actions: [AccessibilityAction: ACTION_SELECT - null, AccessibilityAction: ACTION_CLEAR_SELECTION - null, AccessibilityAction: ACTION_ACCESSIBILITY_FOCUS - null, AccessibilityAction: ACTION_SHOW_ON_SCREEN - null]; isTextSelectable: false
06-25 12:02:46.131  7381  7456 I Maestro : Skipping invisible child: android.view.accessibility.AccessibilityNodeInfo@191c4; boundsInParent: Rect(0, 0 - 320, 0); boundsInScreen: Rect(0, 0 - 320, 0); boundsInWindow: Rect(0, 0 - 320, 0); packageName: com.hanapkalinga.mobile; className: android.widget.LinearLayout; text: null; error: null; maxTextLength: -1; stateDescription: null; contentDescription: null; tooltipText: null; containerTitle: null; viewIdResName: null; uniqueId: null; checkable: false; checked: false; focusable: false; focused: false; selected: false; clickable: false; longClickable: false; contextClickable: false; enabled: true; password: false; scrollable: false; importantForAccessibility: false; visible: false; actions: [AccessibilityAction: ACTION_SELECT - null, AccessibilityAction: ACTION_CLEAR_SELECTION - null, AccessibilityAction: ACTION_ACCESSIBILITY_FOCUS - null, AccessibilityAction: ACTION_SHOW_ON_SCREEN - null]; isTextSelectable: false
06-25 12:02:46.132  7381  7456 I Maestro : Skipping invisible child: android.view.accessibility.AccessibilityNodeInfo@18e03; boundsInParent: Rect(0, 0 - 320, 0); boundsInScreen: Rect(0, 0 - 320, 0); boundsInWindow: Rect(0, 0 - 320, 0); packageName: com.hanapkalinga.mobile; className: android.view.ViewGroup; text: null; error: null; maxTextLength: -1; stateDescription: null; contentDescription: null; tooltipText: null; containerTitle: null; viewIdResName: null; uniqueId: null; checkable: false; checked: false; focusable: false; focused: false; selected: false; clickable: false; longClickable: false; contextClickable: false; enabled: true; password: false; scrollable: false; importantForAccessibility: false; visible: false; actions: [AccessibilityAction: ACTION_SELECT - null, AccessibilityAction: ACTION_CLEAR_SELECTION - null, AccessibilityAction: ACTION_ACCESSIBILITY_FOCUS - null, AccessibilityAction: ACTION_SHOW_ON_SCREEN - null]; isTextSelectable: false
06-25 12:02:46.142   516   613 I RescueParty: Starting to observe: [android, com.google.android.bluetooth], updated namespace: bluetooth
06-25 12:02:46.142   516   544 I PackageWatchdog: Syncing state, reason: observing new packages
06-25 12:02:46.142   516   544 D PackageWatchdog: rescue-party-observer added the following packages to monitor [android, com.google.android.bluetooth]
06-25 12:02:46.143   516   516 I PackageWatchdog: Syncing health check requests for packages: {}
06-25 12:02:46.143   516   516 I ExplicitHealthCheckController: Service not ready to get health check supported packages. Binding...
06-25 12:02:46.143   516   516 I ExplicitHealthCheckController: Explicit health check service is bound
06-25 12:02:46.145   516   544 I PackageWatchdog: Syncing state, reason: updated observers
06-25 12:02:46.145   516   544 I PackageWatchdog: Saving observer state to file
06-25 12:02:46.146   516   516 D BluetoothDeviceConfigChangeTracker: shouldRestartWhenPropertiesUpdated: INIT_gd_hal_snoop_logger_filtering='true',scan_timeout_millis='300000',location_denylist_name='',audio_policy_hf_enabled='true',INIT_gd_hal_snoop_logger_socket='true',location_denylist_advertising_data='⊈0016AAFE40/00FFFFFFF0,⊆0016AAFE/00FFFFFF,⊆00FF4C0002/00FFFFFFFF',le_audio_enabled_by_default='false',location_denylist_mac='',audio_policy_ag_enabled='true'
06-25 12:02:46.148   516   516 D BluetoothDeviceConfigListener: All properties unchanged, skipping restart
06-25 12:02:46.148   516   516 I ExplicitHealthCheckController: Explicit health check service is connected ComponentInfo{com.google.android.ext.services/android.ext.services.watchdog.ExplicitHealthCheckServiceImpl}
06-25 12:02:46.149   516   516 I ExplicitHealthCheckController: Service initialized, syncing requests
06-25 12:02:46.150   516   516 I PackageWatchdog: Syncing health check requests for packages: {}
06-25 12:02:46.150   516   516 D ExplicitHealthCheckController: Getting health check supported packages
06-25 12:02:46.151   516   593 I ExplicitHealthCheckController: Explicit health check supported packages [PackageConfig{com.google.android.networkstack, 86400000}]
06-25 12:02:46.151   516   593 D PackageWatchdog: Received supported packages [PackageConfig{com.google.android.networkstack, 86400000}]
06-25 12:02:46.151   516   593 D ExplicitHealthCheckController: Getting health check requested packages
06-25 12:02:46.151   516   593 I ExplicitHealthCheckController: Explicit health check requested packages []
06-25 12:02:46.151   516   593 I ExplicitHealthCheckController: No more health check requests, unbinding...
06-25 12:02:46.152   516   593 I ExplicitHealthCheckController: Explicit health check service is unbound
06-25 12:02:46.158  7381  7456 D Maestro : View hierarchy received in 42 ms
06-25 12:02:46.161   516   613 I RescueParty: Starting to observe: [android, com.google.android.apps.nexuslauncher, com.android.systemui], updated namespace: latency_tracker
06-25 12:02:46.162   516   544 I PackageWatchdog: Syncing state, reason: observing new packages
06-25 12:02:46.162   516   544 D PackageWatchdog: rescue-party-observer added the following packages to monitor [android, com.google.android.apps.nexuslauncher, com.android.systemui]
06-25 12:02:46.162   516   544 I PackageWatchdog: Syncing state, reason: updated observers
06-25 12:02:46.162   516   544 I PackageWatchdog: Not pruning observers, elapsed time: 0ms
06-25 12:02:46.162   516   516 I PackageWatchdog: Syncing health check requests for packages: {}
06-25 12:02:46.162   516   516 I ExplicitHealthCheckController: Service not ready to get health check supported packages. Binding...
06-25 12:02:46.163   516   516 I ExplicitHealthCheckController: Explicit health check service is bound
06-25 12:02:46.163   516   516 I PackageWatchdog: Syncing health check requests for packages: {}
06-25 12:02:46.165   516   516 I ExplicitHealthCheckController: Service not ready to get health check supported packages. Binding...
06-25 12:02:46.165   516   516 I ExplicitHealthCheckController: Not binding to service, service already connecting
06-25 12:02:46.165   516   516 I ExplicitHealthCheckController: Explicit health check service is connected ComponentInfo{com.google.android.ext.services/android.ext.services.watchdog.ExplicitHealthCheckServiceImpl}
06-25 12:02:46.165   516   516 I ExplicitHealthCheckController: Service initialized, syncing requests
06-25 12:02:46.165   516   516 I PackageWatchdog: Syncing health check requests for packages: {}
06-25 12:02:46.165   516   516 D ExplicitHealthCheckController: Getting health check supported packages
06-25 12:02:46.166   516   544 I PackageWatchdog: Saving observer state to file
06-25 12:02:46.166   516   593 I ExplicitHealthCheckController: Explicit health check supported packages [PackageConfig{com.google.android.networkstack, 86400000}]
06-25 12:02:46.169   516   613 I RescueParty: Starting to observe: [android], updated namespace: battery_saver
06-25 12:02:46.170   516   516 E DeviceConfig: Parsing int failed for location_mode
06-25 12:02:46.171   516   593 D PackageWatchdog: Received supported packages [PackageConfig{com.google.android.networkstack, 86400000}]
06-25 12:02:46.171   516   593 D ExplicitHealthCheckController: Getting health check requested packages
06-25 12:02:46.171   516   593 I ExplicitHealthCheckController: Explicit health check requested packages []
06-25 12:02:46.171   516   593 I ExplicitHealthCheckController: No more health check requests, unbinding...
06-25 12:02:46.172   516   593 I ExplicitHealthCheckController: Explicit health check service is unbound
06-25 12:02:46.173   516   544 I PackageWatchdog: Syncing state, reason: observing new packages
06-25 12:02:46.173   516   516 I PackageWatchdog: Syncing health check requests for packages: {}
06-25 12:02:46.173   516   516 I ExplicitHealthCheckController: Service not ready to get health check supported packages. Binding...
06-25 12:02:46.174   516   613 I RescueParty: Starting to observe: [android], updated namespace: constrain_display_apis
06-25 12:02:46.174   516   544 D PackageWatchdog: rescue-party-observer added the following packages to monitor [android]
06-25 12:02:46.174   516   544 I PackageWatchdog: Syncing state, reason: updated observers
06-25 12:02:46.175   516   544 I PackageWatchdog: Saving observer state to file
06-25 12:02:46.175   516   516 I ExplicitHealthCheckController: Explicit health check service is bound
06-25 12:02:46.176   516   544 I PackageWatchdog: Syncing state, reason: observing new packages
06-25 12:02:46.176   516   544 D PackageWatchdog: rescue-party-observer added the following packages to monitor [android]
06-25 12:02:46.176   516   544 I PackageWatchdog: Syncing state, reason: updated observers
06-25 12:02:46.176   516   516 I PackageWatchdog: Syncing health check requests for packages: {}
06-25 12:02:46.177   516   516 I ExplicitHealthCheckController: Service not ready to get health check supported packages. Binding...
06-25 12:02:46.177   516   516 I ExplicitHealthCheckController: Not binding to service, service already connecting
06-25 12:02:46.177   516   516 I ExplicitHealthCheckController: Explicit health check service is connected ComponentInfo{com.google.android.ext.services/android.ext.services.watchdog.ExplicitHealthCheckServiceImpl}
06-25 12:02:46.177   516   516 I ExplicitHealthCheckController: Service initialized, syncing requests
06-25 12:02:46.177   516   516 I PackageWatchdog: Syncing health check requests for packages: {}
06-25 12:02:46.177   516   516 D ExplicitHealthCheckController: Getting health check supported packages
06-25 12:02:46.178   516   544 I PackageWatchdog: Saving observer state to file
06-25 12:02:46.178   516   593 I ExplicitHealthCheckController: Explicit health check supported packages [PackageConfig{com.google.android.networkstack, 86400000}]
06-25 12:02:46.179   516   593 D PackageWatchdog: Received supported packages [PackageConfig{com.google.android.networkstack, 86400000}]
06-25 12:02:46.179   516   593 D ExplicitHealthCheckController: Getting health check requested packages
06-25 12:02:46.179   516   593 I ExplicitHealthCheckController: Explicit health check requested packages []
06-25 12:02:46.179   516   593 I ExplicitHealthCheckController: No more health check requests, unbinding...
06-25 12:02:46.180   516   593 I ExplicitHealthCheckController: Explicit health check service is unbound
06-25 12:02:46.181   516   613 I RescueParty: Starting to observe: [android], updated namespace: backup_and_restore
06-25 12:02:46.181   516   544 I PackageWatchdog: Syncing state, reason: observing new packages
06-25 12:02:46.181   516   544 D PackageWatchdog: rescue-party-observer added the following packages to monitor [android]
06-25 12:02:46.181   516   544 I PackageWatchdog: Syncing state, reason: updated observers
06-25 12:02:46.181   516   544 I PackageWatchdog: Not pruning observers, elapsed time: 0ms
06-25 12:02:46.181   516   544 I PackageWatchdog: Saving observer state to file
06-25 12:02:46.183   516   516 I PackageWatchdog: Syncing health check requests for packages: {}
06-25 12:02:46.183   516   516 I ExplicitHealthCheckController: Service not ready to get health check supported packages. Binding...
06-25 12:02:46.184   516   516 I ExplicitHealthCheckController: Explicit health check service is bound
06-25 12:02:46.184   516   516 I ExplicitHealthCheckController: Explicit health check service is connected ComponentInfo{com.google.android.ext.services/android.ext.services.watchdog.ExplicitHealthCheckServiceImpl}
06-25 12:02:46.184   516   516 I ExplicitHealthCheckController: Service initialized, syncing requests
06-25 12:02:46.185   516   516 I PackageWatchdog: Syncing health check requests for packages: {}
06-25 12:02:46.185   516   516 D ExplicitHealthCheckController: Getting health check supported packages
06-25 12:02:46.185   516   593 I ExplicitHealthCheckController: Explicit health check supported packages [PackageConfig{com.google.android.networkstack, 86400000}]
06-25 12:02:46.185   516   593 D PackageWatchdog: Received supported packages [PackageConfig{com.google.android.networkstack, 86400000}]
06-25 12:02:46.185   516   593 D ExplicitHealthCheckController: Getting health check requested packages
06-25 12:02:46.185   516   593 I ExplicitHealthCheckController: Explicit health check requested packages []
06-25 12:02:46.185   516   593 I ExplicitHealthCheckController: No more health check requests, unbinding...
06-25 12:02:46.185   516   593 I ExplicitHealthCheckController: Explicit health check service is unbound
06-25 12:02:46.187   516   613 I RescueParty: Starting to observe: [android], updated namespace: nnapi_native
06-25 12:02:46.187   516   544 I PackageWatchdog: Syncing state, reason: observing new packages
06-25 12:02:46.187   516   544 D PackageWatchdog: rescue-party-observer added the following packages to monitor [android]
06-25 12:02:46.187   516   544 I PackageWatchdog: Syncing state, reason: updated observers
06-25 12:02:46.187   516   544 I PackageWatchdog: Not pruning observers, elapsed time: 0ms
06-25 12:02:46.187   516   544 I PackageWatchdog: Saving observer state to file
06-25 12:02:46.189   516   516 I PackageWatchdog: Syncing health check requests for packages: {}
06-25 12:02:46.189   516   516 I ExplicitHealthCheckController: Service not ready to get health check supported packages. Binding...
06-25 12:02:46.190   516   516 I ExplicitHealthCheckController: Explicit health check service is bound
06-25 12:02:46.191   516   516 I ExplicitHealthCheckController: Explicit health check service is connected ComponentInfo{com.google.android.ext.services/android.ext.services.watchdog.ExplicitHealthCheckServiceImpl}
06-25 12:02:46.191   516   516 I ExplicitHealthCheckController: Service initialized, syncing requests
06-25 12:02:46.191   516   516 I PackageWatchdog: Syncing health check requests for packages: {}
06-25 12:02:46.192   516   516 D ExplicitHealthCheckController: Getting health check supported packages
06-25 12:02:46.192   516   593 I ExplicitHealthCheckController: Explicit health check supported packages [PackageConfig{com.google.android.networkstack, 86400000}]
06-25 12:02:46.192   516   593 D PackageWatchdog: Received supported packages [PackageConfig{com.google.android.networkstack, 86400000}]
06-25 12:02:46.192   516   593 D ExplicitHealthCheckController: Getting health check requested packages
06-25 12:02:46.193   516   593 I ExplicitHealthCheckController: Explicit health check requested packages []
06-25 12:02:46.193   516   593 I ExplicitHealthCheckController: No more health check requests, unbinding...
06-25 12:02:46.193   516   593 I ExplicitHealthCheckController: Explicit health check service is unbound
06-25 12:02:46.195   516   613 I RescueParty: Starting to observe: [android, com.google.android.networkstack], updated namespace: tethering
06-25 12:02:46.195   516   544 I PackageWatchdog: Syncing state, reason: observing new packages
06-25 12:02:46.195   516   544 D PackageWatchdog: rescue-party-observer added the following packages to monitor [android, com.google.android.networkstack]
06-25 12:02:46.195   516   544 I PackageWatchdog: Syncing state, reason: updated observers
06-25 12:02:46.195   516   544 I PackageWatchdog: Not pruning observers, elapsed time: 0ms
06-25 12:02:46.195   516   544 I PackageWatchdog: Saving observer state to file
06-25 12:02:46.195   516   516 I PackageWatchdog: Syncing health check requests for packages: {}
06-25 12:02:46.195   516   516 I ExplicitHealthCheckController: Service not ready to get health check supported packages. Binding...
06-25 12:02:46.196   516   516 I ExplicitHealthCheckController: Explicit health check service is bound
06-25 12:02:46.197   516   516 I ExplicitHealthCheckController: Explicit health check service is connected ComponentInfo{com.google.android.ext.services/android.ext.services.watchdog.ExplicitHealthCheckServiceImpl}
06-25 12:02:46.197   516   516 I ExplicitHealthCheckController: Service initialized, syncing requests
06-25 12:02:46.197   516   516 I PackageWatchdog: Syncing health check requests for packages: {}
06-25 12:02:46.197   516   516 D ExplicitHealthCheckController: Getting health check supported packages
06-25 12:02:46.198   516   593 I ExplicitHealthCheckController: Explicit health check supported packages [PackageConfig{com.google.android.networkstack, 86400000}]
06-25 12:02:46.198   516   593 D PackageWatchdog: Received supported packages [PackageConfig{com.google.android.networkstack, 86400000}]
06-25 12:02:46.198   516   593 D ExplicitHealthCheckController: Getting health check requested packages
06-25 12:02:46.198   516   593 I ExplicitHealthCheckController: Explicit health check requested packages []
06-25 12:02:46.198   516   593 I ExplicitHealthCheckController: No more health check requests, unbinding...
06-25 12:02:46.199   516   593 I ExplicitHealthCheckController: Explicit health check service is unbound
06-25 12:02:46.206   516   613 I RescueParty: Starting to observe: [android], updated namespace: location
06-25 12:02:46.207   516   544 I PackageWatchdog: Syncing state, reason: observing new packages
06-25 12:02:46.207   516   544 D PackageWatchdog: rescue-party-observer added the following packages to monitor [android]
06-25 12:02:46.207   516   544 I PackageWatchdog: Syncing state, reason: updated observers
06-25 12:02:46.207   516   544 I PackageWatchdog: Not pruning observers, elapsed time: 0ms
06-25 12:02:46.207   516   544 I PackageWatchdog: Saving observer state to file
06-25 12:02:46.210   516   516 I PackageWatchdog: Syncing health check requests for packages: {}
06-25 12:02:46.210   516   516 I ExplicitHealthCheckController: Service not ready to get health check supported packages. Binding...
06-25 12:02:46.211   516   516 I ExplicitHealthCheckController: Explicit health check service is bound
06-25 12:02:46.211   516   516 I ExplicitHealthCheckController: Explicit health check service is connected ComponentInfo{com.google.android.ext.services/android.ext.services.watchdog.ExplicitHealthCheckServiceImpl}
06-25 12:02:46.211   516   516 I ExplicitHealthCheckController: Service initialized, syncing requests
06-25 12:02:46.211   516   516 I PackageWatchdog: Syncing health check requests for packages: {}
06-25 12:02:46.212   516   516 D ExplicitHealthCheckController: Getting health check supported packages
06-25 12:02:46.212   516   593 I ExplicitHealthCheckController: Explicit health check supported packages [PackageConfig{com.google.android.networkstack, 86400000}]
06-25 12:02:46.212   516   593 D PackageWatchdog: Received supported packages [PackageConfig{com.google.android.networkstack, 86400000}]
06-25 12:02:46.213   516   593 D ExplicitHealthCheckController: Getting health check requested packages
06-25 12:02:46.214   516   593 I ExplicitHealthCheckController: Explicit health check requested packages []
06-25 12:02:46.214   516   593 I ExplicitHealthCheckController: No more health check requests, unbinding...
06-25 12:02:46.215   516   593 I ExplicitHealthCheckController: Explicit health check service is unbound
06-25 12:02:46.219  7381  7456 D Maestro : Requesting view hierarchy
06-25 12:02:46.219  7381  7456 W QueryController: Could not detect idle state.
06-25 12:02:46.220  7381  7456 W QueryController: Could not detect idle state.
06-25 12:02:46.230  7381  7456 I Maestro : Skipping invisible child: android.view.accessibility.AccessibilityNodeInfo@128a8; boundsInParent: Rect(0, 0 - 320, 0); boundsInScreen: Rect(0, 0 - 320, 0); boundsInWindow: Rect(0, 0 - 320, 0); packageName: com.hanapkalinga.mobile; className: android.widget.LinearLayout; text: null; error: null; maxTextLength: -1; stateDescription: null; contentDescription: null; tooltipText: null; containerTitle: null; viewIdResName: null; uniqueId: null; checkable: false; checked: false; focusable: false; focused: false; selected: false; clickable: false; longClickable: false; contextClickable: false; enabled: true; password: false; scrollable: false; importantForAccessibility: false; visible: false; actions: [AccessibilityAction: ACTION_SELECT - null, AccessibilityAction: ACTION_CLEAR_SELECTION - null, AccessibilityAction: ACTION_ACCESSIBILITY_FOCUS - null, AccessibilityAction: ACTION_SHOW_ON_SCREEN - null]; isTextSelectable: false
06-25 12:02:46.230  7381  7456 I Maestro : Skipping invisible child: android.view.accessibility.AccessibilityNodeInfo@124e7; boundsInParent: Rect(0, 0 - 320, 0); boundsInScreen: Rect(0, 0 - 320, 0); boundsInWindow: Rect(0, 0 - 320, 0); packageName: com.hanapkalinga.mobile; className: android.view.ViewGroup; text: null; error: null; maxTextLength: -1; stateDescription: null; contentDescription: null; tooltipText: null; containerTitle: null; viewIdResName: null; uniqueId: null; checkable: false; checked: false; focusable: false; focused: false; selected: false; clickable: false; longClickable: false; contextClickable: false; enabled: true; password: false; scrollable: false; importantForAccessibility: false; visible: false; actions: [AccessibilityAction: ACTION_SELECT - null, AccessibilityAction: ACTION_CLEAR_SELECTION - null, AccessibilityAction: ACTION_ACCESSIBILITY_FOCUS - null, AccessibilityAction: ACTION_SHOW_ON_SCREEN - null]; isTextSelectable: false
06-25 12:02:46.231  7381  7456 I Maestro : Skipping invisible child: android.view.accessibility.AccessibilityNodeInfo@191c4; boundsInParent: Rect(0, 0 - 320, 0); boundsInScreen: Rect(0, 0 - 320, 0); boundsInWindow: Rect(0, 0 - 320, 0); packageName: com.hanapkalinga.mobile; className: android.widget.LinearLayout; text: null; error: null; maxTextLength: -1; stateDescription: null; contentDescription: null; tooltipText: null; containerTitle: null; viewIdResName: null; uniqueId: null; checkable: false; checked: false; focusable: false; focused: false; selected: false; clickable: false; longClickable: false; contextClickable: false; enabled: true; password: false; scrollable: false; importantForAccessibility: false; visible: false; actions: [AccessibilityAction: ACTION_SELECT - null, AccessibilityAction: ACTION_CLEAR_SELECTION - null, AccessibilityAction: ACTION_ACCESSIBILITY_FOCUS - null, AccessibilityAction: ACTION_SHOW_ON_SCREEN - null]; isTextSelectable: false
06-25 12:02:46.231  7381  7456 I Maestro : Skipping invisible child: android.view.accessibility.AccessibilityNodeInfo@18e03; boundsInParent: Rect(0, 0 - 320, 0); boundsInScreen: Rect(0, 0 - 320, 0); boundsInWindow: Rect(0, 0 - 320, 0); packageName: com.hanapkalinga.mobile; className: android.view.ViewGroup; text: null; error: null; maxTextLength: -1; stateDescription: null; contentDescription: null; tooltipText: null; containerTitle: null; viewIdResName: null; uniqueId: null; checkable: false; checked: false; focusable: false; focused: false; selected: false; clickable: false; longClickable: false; contextClickable: false; enabled: true; password: false; scrollable: false; importantForAccessibility: false; visible: false; actions: [AccessibilityAction: ACTION_SELECT - null, AccessibilityAction: ACTION_CLEAR_SELECTION - null, AccessibilityAction: ACTION_ACCESSIBILITY_FOCUS - null, AccessibilityAction: ACTION_SHOW_ON_SCREEN - null]; isTextSelectable: false
06-25 12:02:46.240  7381  7456 D Maestro : View hierarchy received in 21 ms
06-25 12:02:46.294  7381  7456 D Maestro : Requesting view hierarchy
06-25 12:02:46.295  7381  7456 W QueryController: Could not detect idle state.
06-25 12:02:46.295  7381  7456 W QueryController: Could not detect idle state.
06-25 12:02:46.302  7381  7456 I Maestro : Skipping invisible child: android.view.accessibility.AccessibilityNodeInfo@128a8; boundsInParent: Rect(0, 0 - 320, 0); boundsInScreen: Rect(0, 0 - 320, 0); boundsInWindow: Rect(0, 0 - 320, 0); packageName: com.hanapkalinga.mobile; className: android.widget.LinearLayout; text: null; error: null; maxTextLength: -1; stateDescription: null; contentDescription: null; tooltipText: null; containerTitle: null; viewIdResName: null; uniqueId: null; checkable: false; checked: false; focusable: false; focused: false; selected: false; clickable: false; longClickable: false; contextClickable: false; enabled: true; password: false; scrollable: false; importantForAccessibility: false; visible: false; actions: [AccessibilityAction: ACTION_SELECT - null, AccessibilityAction: ACTION_CLEAR_SELECTION - null, AccessibilityAction: ACTION_ACCESSIBILITY_FOCUS - null, AccessibilityAction: ACTION_SHOW_ON_SCREEN - null]; isTextSelectable: false
06-25 12:02:46.303  7381  7456 I Maestro : Skipping invisible child: android.view.accessibility.AccessibilityNodeInfo@124e7; boundsInParent: Rect(0, 0 - 320, 0); boundsInScreen: Rect(0, 0 - 320, 0); boundsInWindow: Rect(0, 0 - 320, 0); packageName: com.hanapkalinga.mobile; className: android.view.ViewGroup; text: null; error: null; maxTextLength: -1; stateDescription: null; contentDescription: null; tooltipText: null; containerTitle: null; viewIdResName: null; uniqueId: null; checkable: false; checked: false; focusable: false; focused: false; selected: false; clickable: false; longClickable: false; contextClickable: false; enabled: true; password: false; scrollable: false; importantForAccessibility: false; visible: false; actions: [AccessibilityAction: ACTION_SELECT - null, AccessibilityAction: ACTION_CLEAR_SELECTION - null, AccessibilityAction: ACTION_ACCESSIBILITY_FOCUS - null, AccessibilityAction: ACTION_SHOW_ON_SCREEN - null]; isTextSelectable: false
06-25 12:02:46.303  7381  7456 I Maestro : Skipping invisible child: android.view.accessibility.AccessibilityNodeInfo@191c4; boundsInParent: Rect(0, 0 - 320, 0); boundsInScreen: Rect(0, 0 - 320, 0); boundsInWindow: Rect(0, 0 - 320, 0); packageName: com.hanapkalinga.mobile; className: android.widget.LinearLayout; text: null; error: null; maxTextLength: -1; stateDescription: null; contentDescription: null; tooltipText: null; containerTitle: null; viewIdResName: null; uniqueId: null; checkable: false; checked: false; focusable: false; focused: false; selected: false; clickable: false; longClickable: false; contextClickable: false; enabled: true; password: false; scrollable: false; importantForAccessibility: false; visible: false; actions: [AccessibilityAction: ACTION_SELECT - null, AccessibilityAction: ACTION_CLEAR_SELECTION - null, AccessibilityAction: ACTION_ACCESSIBILITY_FOCUS - null, AccessibilityAction: ACTION_SHOW_ON_SCREEN - null]; isTextSelectable: false
06-25 12:02:46.303  7381  7456 I Maestro : Skipping invisible child: android.view.accessibility.AccessibilityNodeInfo@18e03; boundsInParent: Rect(0, 0 - 320, 0); boundsInScreen: Rect(0, 0 - 320, 0); boundsInWindow: Rect(0, 0 - 320, 0); packageName: com.hanapkalinga.mobile; className: android.view.ViewGroup; text: null; error: null; maxTextLength: -1; stateDescription: null; contentDescription: null; tooltipText: null; containerTitle: null; viewIdResName: null; uniqueId: null; checkable: false; checked: false; focusable: false; focused: false; selected: false; clickable: false; longClickable: false; contextClickable: false; enabled: true; password: false; scrollable: false; importantForAccessibility: false; visible: false; actions: [AccessibilityAction: ACTION_SELECT - null, AccessibilityAction: ACTION_CLEAR_SELECTION - null, AccessibilityAction: ACTION_ACCESSIBILITY_FOCUS - null, AccessibilityAction: ACTION_SHOW_ON_SCREEN - null]; isTextSelectable: false
06-25 12:02:46.313  7381  7456 D Maestro : View hierarchy received in 19 ms
06-25 12:02:46.447  7381  7456 D Maestro : Requesting view hierarchy
06-25 12:02:46.448  7381  7456 W QueryController: Could not detect idle state.
06-25 12:02:46.448  7381  7456 W QueryController: Could not detect idle state.
06-25 12:02:46.454   820   820 I wpa_supplicant: wlan0: CTRL-EVENT-BEACON-LOSS 
06-25 12:02:46.456  7381  7456 I Maestro : Skipping invisible child: android.view.accessibility.AccessibilityNodeInfo@128a8; boundsInParent: Rect(0, 0 - 320, 0); boundsInScreen: Rect(0, 0 - 320, 0); boundsInWindow: Rect(0, 0 - 320, 0); packageName: com.hanapkalinga.mobile; className: android.widget.LinearLayout; text: null; error: null; maxTextLength: -1; stateDescription: null; contentDescription: null; tooltipText: null; containerTitle: null; viewIdResName: null; uniqueId: null; checkable: false; checked: false; focusable: false; focused: false; selected: false; clickable: false; longClickable: false; contextClickable: false; enabled: true; password: false; scrollable: false; importantForAccessibility: false; visible: false; actions: [AccessibilityAction: ACTION_SELECT - null, AccessibilityAction: ACTION_CLEAR_SELECTION - null, AccessibilityAction: ACTION_ACCESSIBILITY_FOCUS - null, AccessibilityAction: ACTION_SHOW_ON_SCREEN - null]; isTextSelectable: false
06-25 12:02:46.456  7381  7456 I Maestro : Skipping invisible child: android.view.accessibility.AccessibilityNodeInfo@124e7; boundsInParent: Rect(0, 0 - 320, 0); boundsInScreen: Rect(0, 0 - 320, 0); boundsInWindow: Rect(0, 0 - 320, 0); packageName: com.hanapkalinga.mobile; className: android.view.ViewGroup; text: null; error: null; maxTextLength: -1; stateDescription: null; contentDescription: null; tooltipText: null; containerTitle: null; viewIdResName: null; uniqueId: null; checkable: false; checked: false; focusable: false; focused: false; selected: false; clickable: false; longClickable: false; contextClickable: false; enabled: true; password: false; scrollable: false; importantForAccessibility: false; visible: false; actions: [AccessibilityAction: ACTION_SELECT - null, AccessibilityAction: ACTION_CLEAR_SELECTION - null, AccessibilityAction: ACTION_ACCESSIBILITY_FOCUS - null, AccessibilityAction: ACTION_SHOW_ON_SCREEN - null]; isTextSelectable: false
06-25 12:02:46.457  7381  7456 I Maestro : Skipping invisible child: android.view.accessibility.AccessibilityNodeInfo@191c4; boundsInParent: Rect(0, 0 - 320, 0); boundsInScreen: Rect(0, 0 - 320, 0); boundsInWindow: Rect(0, 0 - 320, 0); packageName: com.hanapkalinga.mobile; className: android.widget.LinearLayout; text: null; error: null; maxTextLength: -1; stateDescription: null; contentDescription: null; tooltipText: null; containerTitle: null; viewIdResName: null; uniqueId: null; checkable: false; checked: false; focusable: false; focused: false; selected: false; clickable: false; longClickable: false; contextClickable: false; enabled: true; password: false; scrollable: false; importantForAccessibility: false; visible: false; actions: [AccessibilityAction: ACTION_SELECT - null, AccessibilityAction: ACTION_CLEAR_SELECTION - null, AccessibilityAction: ACTION_ACCESSIBILITY_FOCUS - null, AccessibilityAction: ACTION_SHOW_ON_SCREEN - null]; isTextSelectable: false
06-25 12:02:46.457  7381  7456 I Maestro : Skipping invisible child: android.view.accessibility.AccessibilityNodeInfo@18e03; boundsInParent: Rect(0, 0 - 320, 0); boundsInScreen: Rect(0, 0 - 320, 0); boundsInWindow: Rect(0, 0 - 320, 0); packageName: com.hanapkalinga.mobile; className: android.view.ViewGroup; text: null; error: null; maxTextLength: -1; stateDescription: null; contentDescription: null; tooltipText: null; containerTitle: null; viewIdResName: null; uniqueId: null; checkable: false; checked: false; focusable: false; focused: false; selected: false; clickable: false; longClickable: false; contextClickable: false; enabled: true; password: false; scrollable: false; importantForAccessibility: false; visible: false; actions: [AccessibilityAction: ACTION_SELECT - null, AccessibilityAction: ACTION_CLEAR_SELECTION - null, AccessibilityAction: ACTION_ACCESSIBILITY_FOCUS - null, AccessibilityAction: ACTION_SHOW_ON_SCREEN - null]; isTextSelectable: false
06-25 12:02:46.475  7381  7456 D Maestro : View hierarchy received in 28 ms
06-25 12:02:46.568  7381  7456 D Maestro : Requesting view hierarchy
06-25 12:02:46.569  7381  7456 W QueryController: Could not detect idle state.
06-25 12:02:46.569  7381  7456 W QueryController: Could not detect idle state.
06-25 12:02:46.578  7381  7456 I Maestro : Skipping invisible child: android.view.accessibility.AccessibilityNodeInfo@128a8; boundsInParent: Rect(0, 0 - 320, 0); boundsInScreen: Rect(0, 0 - 320, 0); boundsInWindow: Rect(0, 0 - 320, 0); packageName: com.hanapkalinga.mobile; className: android.widget.LinearLayout; text: null; error: null; maxTextLength: -1; stateDescription: null; contentDescription: null; tooltipText: null; containerTitle: null; viewIdResName: null; uniqueId: null; checkable: false; checked: false; focusable: false; focused: false; selected: false; clickable: false; longClickable: false; contextClickable: false; enabled: true; password: false; scrollable: false; importantForAccessibility: false; visible: false; actions: [AccessibilityAction: ACTION_SELECT - null, AccessibilityAction: ACTION_CLEAR_SELECTION - null, AccessibilityAction: ACTION_ACCESSIBILITY_FOCUS - null, AccessibilityAction: ACTION_SHOW_ON_SCREEN - null]; isTextSelectable: false
06-25 12:02:46.579  7381  7456 I Maestro : Skipping invisible child: android.view.accessibility.AccessibilityNodeInfo@124e7; boundsInParent: Rect(0, 0 - 320, 0); boundsInScreen: Rect(0, 0 - 320, 0); boundsInWindow: Rect(0, 0 - 320, 0); packageName: com.hanapkalinga.mobile; className: android.view.ViewGroup; text: null; error: null; maxTextLength: -1; stateDescription: null; contentDescription: null; tooltipText: null; containerTitle: null; viewIdResName: null; uniqueId: null; checkable: false; checked: false; focusable: false; focused: false; selected: false; clickable: false; longClickable: false; contextClickable: false; enabled: true; password: false; scrollable: false; importantForAccessibility: false; visible: false; actions: [AccessibilityAction: ACTION_SELECT - null, AccessibilityAction: ACTION_CLEAR_SELECTION - null, AccessibilityAction: ACTION_ACCESSIBILITY_FOCUS - null, AccessibilityAction: ACTION_SHOW_ON_SCREEN - null]; isTextSelectable: false
06-25 12:02:46.580  7381  7456 I Maestro : Skipping invisible child: android.view.accessibility.AccessibilityNodeInfo@191c4; boundsInParent: Rect(0, 0 - 320, 0); boundsInScreen: Rect(0, 0 - 320, 0); boundsInWindow: Rect(0, 0 - 320, 0); packageName: com.hanapkalinga.mobile; className: android.widget.LinearLayout; text: null; error: null; maxTextLength: -1; stateDescription: null; contentDescription: null; tooltipText: null; containerTitle: null; viewIdResName: null; uniqueId: null; checkable: false; checked: false; focusable: false; focused: false; selected: false; clickable: false; longClickable: false; contextClickable: false; enabled: true; password: false; scrollable: false; importantForAccessibility: false; visible: false; actions: [AccessibilityAction: ACTION_SELECT - null, AccessibilityAction: ACTION_CLEAR_SELECTION - null, AccessibilityAction: ACTION_ACCESSIBILITY_FOCUS - null, AccessibilityAction: ACTION_SHOW_ON_SCREEN - null]; isTextSelectable: false
06-25 12:02:46.580  7381  7456 I Maestro : Skipping invisible child: android.view.accessibility.AccessibilityNodeInfo@18e03; boundsInParent: Rect(0, 0 - 320, 0); boundsInScreen: Rect(0, 0 - 320, 0); boundsInWindow: Rect(0, 0 - 320, 0); packageName: com.hanapkalinga.mobile; className: android.view.ViewGroup; text: null; error: null; maxTextLength: -1; stateDescription: null; contentDescription: null; tooltipText: null; containerTitle: null; viewIdResName: null; uniqueId: null; checkable: false; checked: false; focusable: false; focused: false; selected: false; clickable: false; longClickable: false; contextClickable: false; enabled: true; password: false; scrollable: false; importantForAccessibility: false; visible: false; actions: [AccessibilityAction: ACTION_SELECT - null, AccessibilityAction: ACTION_CLEAR_SELECTION - null, AccessibilityAction: ACTION_ACCESSIBILITY_FOCUS - null, AccessibilityAction: ACTION_SHOW_ON_SCREEN - null]; isTextSelectable: false
06-25 12:02:46.592  7381  7456 D Maestro : View hierarchy received in 24 ms
06-25 12:02:46.645  7381  7456 D Maestro : Requesting view hierarchy
06-25 12:02:46.645  7381  7456 W QueryController: Could not detect idle state.
06-25 12:02:46.645  7381  7456 W QueryController: Could not detect idle state.
06-25 12:02:46.651  7381  7456 I Maestro : Skipping invisible child: android.view.accessibility.AccessibilityNodeInfo@128a8; boundsInParent: Rect(0, 0 - 320, 0); boundsInScreen: Rect(0, 0 - 320, 0); boundsInWindow: Rect(0, 0 - 320, 0); packageName: com.hanapkalinga.mobile; className: android.widget.LinearLayout; text: null; error: null; maxTextLength: -1; stateDescription: null; contentDescription: null; tooltipText: null; containerTitle: null; viewIdResName: null; uniqueId: null; checkable: false; checked: false; focusable: false; focused: false; selected: false; clickable: false; longClickable: false; contextClickable: false; enabled: true; password: false; scrollable: false; importantForAccessibility: false; visible: false; actions: [AccessibilityAction: ACTION_SELECT - null, AccessibilityAction: ACTION_CLEAR_SELECTION - null, AccessibilityAction: ACTION_ACCESSIBILITY_FOCUS - null, AccessibilityAction: ACTION_SHOW_ON_SCREEN - null]; isTextSelectable: false
06-25 12:02:46.651  7381  7456 I Maestro : Skipping invisible child: android.view.accessibility.AccessibilityNodeInfo@124e7; boundsInParent: Rect(0, 0 - 320, 0); boundsInScreen: Rect(0, 0 - 320, 0); boundsInWindow: Rect(0, 0 - 320, 0); packageName: com.hanapkalinga.mobile; className: android.view.ViewGroup; text: null; error: null; maxTextLength: -1; stateDescription: null; contentDescription: null; tooltipText: null; containerTitle: null; viewIdResName: null; uniqueId: null; checkable: false; checked: false; focusable: false; focused: false; selected: false; clickable: false; longClickable: false; contextClickable: false; enabled: true; password: false; scrollable: false; importantForAccessibility: false; visible: false; actions: [AccessibilityAction: ACTION_SELECT - null, AccessibilityAction: ACTION_CLEAR_SELECTION - null, AccessibilityAction: ACTION_ACCESSIBILITY_FOCUS - null, AccessibilityAction: ACTION_SHOW_ON_SCREEN - null]; isTextSelectable: false
06-25 12:02:46.651  7381  7456 I Maestro : Skipping invisible child: android.view.accessibility.AccessibilityNodeInfo@191c4; boundsInParent: Rect(0, 0 - 320, 0); boundsInScreen: Rect(0, 0 - 320, 0); boundsInWindow: Rect(0, 0 - 320, 0); packageName: com.hanapkalinga.mobile; className: android.widget.LinearLayout; text: null; error: null; maxTextLength: -1; stateDescription: null; contentDescription: null; tooltipText: null; containerTitle: null; viewIdResName: null; uniqueId: null; checkable: false; checked: false; focusable: false; focused: false; selected: false; clickable: false; longClickable: false; contextClickable: false; enabled: true; password: false; scrollable: false; importantForAccessibility: false; visible: false; actions: [AccessibilityAction: ACTION_SELECT - null, AccessibilityAction: ACTION_CLEAR_SELECTION - null, AccessibilityAction: ACTION_ACCESSIBILITY_FOCUS - null, AccessibilityAction: ACTION_SHOW_ON_SCREEN - null]; isTextSelectable: false
