06-24 03:00:30.943   835  6831 I Role    : com.google.android.gms not qualified for android.app.role.SYSTEM_CALL_STREAMING due to missing RequiredComponent{mIntentFilterData=IntentFilterData{mAction='android.telecom.CallStreamingService', mCategories='[]', mDataScheme='null', mDataType='null'}, mMinTargetSdkVersion=1, mFlags='0', mPermission='android.permission.BIND_CALL_STREAMING_SERVICE', mQueryFlags=0, mMetaData=[]}
06-24 03:00:30.943   835  6831 E RoleControllerServiceImpl: Default/fallback role holder package doesn't qualify for the role, package: com.google.android.gms, role: android.app.role.SYSTEM_CALL_STREAMING
06-24 03:00:30.944   835  6831 W Role    : Default holder doesn't have required signing certificate: com.google.android.apps.work.clouddpc:23962F4B43B9857638EA66F4D419518EAE282491ACDA4B94707BD59003C45E58
06-24 03:00:30.946  6890  6890 W app_process: Unexpected CPU variant for x86: x86_64.
06-24 03:00:30.946  6890  6890 W app_process: Known variants: atom, sandybridge, silvermont, goldmont, goldmont-plus, tremont, kabylake, default
06-24 03:00:30.949  6890  6890 W app_process: ClassLoaderContext shared library size mismatch. Expected=2, found=0 (PCL[]{PCL[/system/framework/android.test.base.jar*836642756]#PCL[/system/framework/android.test.mock.jar*3186112116]} | PCL[])
06-24 03:00:30.950  6890  6890 W app_process: ClassLoaderContext classpath size mismatch. expected=0, found=1 (PCL[]{PCL[/system/framework/android.test.runner.jar*4168958247]{PCL[/system/framework/android.test.base.jar*836642756]#PCL[/system/framework/android.test.mock.jar*3186112116]}#PCL[/system/framework/android.test.base.jar*836642756]} | PCL[/system/framework/android.test.runner.jar*4168958247])
06-24 03:00:30.970  6890  6890 W main    : type=1400 audit(0.0:61): avc:  denied  { read } for  name="u:object_r:build_attestation_prop:s0" dev="tmpfs" ino=86 scontext=u:r:shell:s0 tcontext=u:object_r:build_attestation_prop:s0 tclass=file permissive=0
06-24 03:00:30.978  6890  6890 W libc    : Access denied finding property "ro.product.name_for_attestation"
06-24 03:00:30.978  6890  6890 W libc    : Access denied finding property "ro.product.brand_for_attestation"
06-24 03:00:30.978  6890  6890 W libc    : Access denied finding property "ro.product.model_for_attestation"
06-24 03:00:30.980  6890  6890 D AndroidRuntime: Calling main entry com.android.commands.uiautomator.Launcher
06-24 03:00:30.974  6890  6890 W main    : type=1400 audit(0.0:62): avc:  denied  { read } for  name="u:object_r:build_attestation_prop:s0" dev="tmpfs" ino=86 scontext=u:r:shell:s0 tcontext=u:object_r:build_attestation_prop:s0 tclass=file permissive=0
06-24 03:00:30.984  6890  6890 D UiAutomationConnection: Created on user UserHandle{0}
06-24 03:00:30.984  6890  6890 I UiAutomation: Initialized for user 0 on display 0
06-24 03:00:30.984  6890  6890 W UiAutomation: Created with deprecatead constructor, assumes DEFAULT_DISPLAY
06-24 03:00:30.986   520  1909 D AccessibilityManagerService: changeCurrentUserForTestAutomationIfNeededLocked(0): ignoring because device doesn't support visible background users
06-24 03:00:30.986   520  1909 I UiAutomationManager: Registering UiTestAutomationService (id=com.android.server.accessibility/UiAutomation) when called by user 0
06-24 03:00:30.988   520  1909 W WindowMagnificationMgr: requestConnection duplicated request: connect=false, mConnectionState=DISCONNECTED
06-24 03:00:30.989  1597  3293 I AiAiEcho: Settings changed for uri: content://settings/secure/accessibility_enabled
06-24 03:00:30.974  6890  6890 W main    : type=1400 audit(0.0:63): avc:  denied  { read } for  name="u:object_r:build_attestation_prop:s0" dev="tmpfs" ino=86 scontext=u:r:shell:s0 tcontext=u:object_r:build_attestation_prop:s0 tclass=file permissive=0
06-24 03:00:30.989  1597  1762 I AiAiEcho: Predicting[0]: 
06-24 03:00:30.990  1597  1762 I AiAiEcho: EchoTargets: 
06-24 03:00:30.990  1597  1762 I AiAiEcho: Filtered by AiAi flag check: 
06-24 03:00:30.990  1597  1762 I AiAiEcho: Ranked targets strategy: SORT, count: 0, ranking metadata: 
06-24 03:00:30.990  1597  1762 I AiAiEcho: #postPredictionTargets: Sending updates to UISurface lockscreen with targets# 0 (types=[])
06-24 03:00:30.990  1597  1762 I AiAiEcho: Predicting[0]: 
06-24 03:00:30.993   833   833 W PageIndicator: Total number of pages invalid: 0. Assuming 1 page.
06-24 03:00:30.993  1597  1762 I AiAiEcho: EchoTargets: 
06-24 03:00:30.993  1597  1762 I AiAiEcho: Filtered by AiAi flag check: 
06-24 03:00:30.993  1597  1762 I AiAiEcho: Ranked targets strategy: SORT, count: 0, ranking metadata: 
06-24 03:00:30.994  1597  1762 I AiAiEcho: #postPredictionTargets: Sending updates to UISurface home with targets# 0 (types=[])
06-24 03:00:30.995  1702  2386 I A       : NGA disabled since it's running Panthera and at least one a11y feature is on.
06-24 03:00:30.995  1702  2386 I A       : Nga state changed to NgaStateDetails{state=DISABLED, isSpecialExperience=false}
06-24 03:00:30.996  1641  5139 I A       : APA or Classic session decision: SessionDecision(sessionVariance=CLASSIC, platformVariance=CLASSIC, justification=CURRENT_PLATFORM_VARIANCE).
06-24 03:00:30.996  1641  5139 I A       : [Memory] eligibility: StashEligibility{4}
06-24 03:00:30.997  6890  6903 V UiAutomation: Init UiAutomation@f3d1515[id=5, displayId=0, flags=0]
06-24 03:00:31.000  1641  2226 I A       : Unsubscribed to apa or classic variant change.
06-24 03:00:31.002   520  1909 W WindowMagnificationMgr: requestConnection duplicated request: connect=false, mConnectionState=DISCONNECTED
06-24 03:00:31.003  1597  3333 I AiAiEcho: Settings changed for uri: content://settings/secure/accessibility_enabled
06-24 03:00:31.003  1597  1762 I AiAiEcho: Predicting[0]: 
06-24 03:00:31.003  1597  1762 I AiAiEcho: EchoTargets: 
06-24 03:00:31.003  1597  1762 I AiAiEcho: Filtered by AiAi flag check: 
06-24 03:00:31.004  1597  1762 I AiAiEcho: Ranked targets strategy: SORT, count: 0, ranking metadata: 
06-24 03:00:31.004  1597  1762 I AiAiEcho: Predicting[0]: 
06-24 03:00:31.004  1597  1762 I AiAiEcho: EchoTargets: 
06-24 03:00:31.004  1597  1762 I AiAiEcho: Filtered by AiAi flag check: 
06-24 03:00:31.004  1597  1762 I AiAiEcho: Ranked targets strategy: SORT, count: 0, ranking metadata: 
06-24 03:00:31.004  1597  1762 I AiAiEcho: #postPredictionTargets: Sending updates to UISurface lockscreen with targets# 0 (types=[])
06-24 03:00:31.004  1597  1762 I AiAiEcho: #postPredictionTargets: Sending updates to UISurface home with targets# 0 (types=[])
06-24 03:00:31.005   833   833 W PageIndicator: Total number of pages invalid: 0. Assuming 1 page.
06-24 03:00:31.006   520   520 D BatterySaverPolicy: accessibility changed to true, updating policy.
06-24 03:00:31.010   520  2259 D SafetySourceDataValidator: No cert check requested for package com.google.android.permissioncontroller
06-24 03:00:31.143  6611  6631 D EGL_emulation: app_time_stats: avg=497.59ms min=493.44ms max=499.81ms count=3
06-24 03:00:31.250   520   609 D ActivityManager: freezing 5994 com.google.android.gms.ui
06-24 03:00:32.006  6890  6890 I AccessibilityNodeInfoDumper: Skipping invisible child: android.view.accessibility.AccessibilityNodeInfo@12898; boundsInParent: Rect(0, 0 - 320, 0); boundsInScreen: Rect(0, 0 - 320, 0); boundsInWindow: Rect(0, 0 - 320, 0); packageName: com.hanapkalinga.mobile; className: android.widget.LinearLayout; text: null; error: null; maxTextLength: -1; stateDescription: null; contentDescription: null; tooltipText: null; containerTitle: null; viewIdResName: null; uniqueId: null; checkable: false; checked: false; focusable: false; focused: false; selected: false; clickable: false; longClickable: false; contextClickable: false; enabled: true; password: false; scrollable: false; importantForAccessibility: false; visible: false; actions: [AccessibilityAction: ACTION_SELECT - null, AccessibilityAction: ACTION_CLEAR_SELECTION - null, AccessibilityAction: ACTION_ACCESSIBILITY_FOCUS - null, AccessibilityAction: ACTION_SHOW_ON_SCREEN - null]; isTextSelectable: false
06-24 03:00:32.006  6890  6890 I AccessibilityNodeInfoDumper: Skipping invisible child: android.view.accessibility.AccessibilityNodeInfo@124d7; boundsInParent: Rect(0, 0 - 320, 0); boundsInScreen: Rect(0, 0 - 320, 0); boundsInWindow: Rect(0, 0 - 320, 0); packageName: com.hanapkalinga.mobile; className: android.view.ViewGroup; text: null; error: null; maxTextLength: -1; stateDescription: null; contentDescription: null; tooltipText: null; containerTitle: null; viewIdResName: null; uniqueId: null; checkable: false; checked: false; focusable: false; focused: false; selected: false; clickable: false; longClickable: false; contextClickable: false; enabled: true; password: false; scrollable: false; importantForAccessibility: false; visible: false; actions: [AccessibilityAction: ACTION_SELECT - null, AccessibilityAction: ACTION_CLEAR_SELECTION - null, AccessibilityAction: ACTION_ACCESSIBILITY_FOCUS - null, AccessibilityAction: ACTION_SHOW_ON_SCREEN - null]; isTextSelectable: false
06-24 03:00:32.007  6890  6890 I AccessibilityNodeInfoDumper: Skipping invisible child: android.view.accessibility.AccessibilityNodeInfo@1a479; boundsInParent: Rect(0, 0 - 320, 0); boundsInScreen: Rect(0, 0 - 320, 0); boundsInWindow: Rect(0, 0 - 320, 0); packageName: com.hanapkalinga.mobile; className: android.widget.LinearLayout; text: null; error: null; maxTextLength: -1; stateDescription: null; contentDescription: null; tooltipText: null; containerTitle: null; viewIdResName: null; uniqueId: null; checkable: false; checked: false; focusable: false; focused: false; selected: false; clickable: false; longClickable: false; contextClickable: false; enabled: true; password: false; scrollable: false; importantForAccessibility: false; visible: false; actions: [AccessibilityAction: ACTION_SELECT - null, AccessibilityAction: ACTION_CLEAR_SELECTION - null, AccessibilityAction: ACTION_ACCESSIBILITY_FOCUS - null, AccessibilityAction: ACTION_SHOW_ON_SCREEN - null]; isTextSelectable: false
06-24 03:00:32.007  6890  6890 I AccessibilityNodeInfoDumper: Skipping invisible child: android.view.accessibility.AccessibilityNodeInfo@1a0b8; boundsInParent: Rect(0, 0 - 320, 0); boundsInScreen: Rect(0, 0 - 320, 0); boundsInWindow: Rect(0, 0 - 320, 0); packageName: com.hanapkalinga.mobile; className: android.view.ViewGroup; text: null; error: null; maxTextLength: -1; stateDescription: null; contentDescription: null; tooltipText: null; containerTitle: null; viewIdResName: null; uniqueId: null; checkable: false; checked: false; focusable: false; focused: false; selected: false; clickable: false; longClickable: false; contextClickable: false; enabled: true; password: false; scrollable: false; importantForAccessibility: false; visible: false; actions: [AccessibilityAction: ACTION_SELECT - null, AccessibilityAction: ACTION_CLEAR_SELECTION - null, AccessibilityAction: ACTION_ACCESSIBILITY_FOCUS - null, AccessibilityAction: ACTION_SHOW_ON_SCREEN - null]; isTextSelectable: false
06-24 03:00:32.010  6890  6890 W AccessibilityNodeInfoDumper: Fetch time: 6ms
06-24 03:00:32.011   520   534 W WindowMagnificationMgr: requestConnection duplicated request: connect=false, mConnectionState=DISCONNECTED
06-24 03:00:32.011   520   534 D AccessibilityManagerService: restoreCurrentUserForTestAutomationIfNeededLocked(): ignoring because device doesn't support visible background users
06-24 03:00:32.012   520   520 D BatterySaverPolicy: accessibility changed to false, updating policy.
06-24 03:00:32.013  1597  3333 I AiAiEcho: Settings changed for uri: content://settings/secure/accessibility_enabled
06-24 03:00:32.014  1597  1762 I AiAiEcho: Predicting[0]: 
06-24 03:00:32.014  1597  1762 I AiAiEcho: EchoTargets: 
06-24 03:00:32.014  1597  1762 I AiAiEcho: Filtered by AiAi flag check: 
06-24 03:00:32.014  1597  1762 I AiAiEcho: Ranked targets strategy: SORT, count: 0, ranking metadata: 
06-24 03:00:32.014  1597  1762 I AiAiEcho: Predicting[0]: 
06-24 03:00:32.014  1597  1762 I AiAiEcho: EchoTargets: 
06-24 03:00:32.014  1597  1762 I AiAiEcho: Filtered by AiAi flag check: 
06-24 03:00:32.014  1597  1762 I AiAiEcho: Ranked targets strategy: SORT, count: 0, ranking metadata: 
06-24 03:00:32.014  1702  2378 I A       : NGA enabled in interactor.
06-24 03:00:32.014  1597  1762 I AiAiEcho: #postPredictionTargets: Sending updates to UISurface lockscreen with targets# 0 (types=[])
06-24 03:00:32.015  1702  2378 I A       : Nga state changed to NgaStateDetails{state=ENABLED, isSpecialExperience=false}
06-24 03:00:32.015  1597  1762 I AiAiEcho: #postPredictionTargets: Sending updates to UISurface home with targets# 0 (types=[])
06-24 03:00:32.015   833   833 W PageIndicator: Total number of pages invalid: 0. Assuming 1 page.
06-24 03:00:32.016  1641  4958 I A       : Initializing all components
06-24 03:00:32.017  1641  4958 I A       : APA or Classic session decision: SessionDecision(sessionVariance=CLASSIC, platformVariance=CLASSIC, justification=CURRENT_PLATFORM_VARIANCE).
06-24 03:00:32.017  1641  4958 I A       : [Memory] eligibility: StashEligibility{6}
06-24 03:00:32.017  1641  2226 I A       : onIsEnabledChanged, isEnabled: false
06-24 03:00:32.017  1641  2226 W A       : Disposing empty manager. Did you forgot to subscribe observables?
06-24 03:00:32.018  1641  2226 W A       : Disposing empty manager. Did you forgot to subscribe observables?
06-24 03:00:32.018  1641  2226 W A       : Disposing empty manager. Did you forgot to subscribe observables?
06-24 03:00:32.018  1641  2226 W A       : Disposing empty manager. Did you forgot to subscribe observables?
06-24 03:00:32.018  1641  2226 W A       : Disposing empty manager. Did you forgot to subscribe observables?
06-24 03:00:32.018  1641  2226 W A       : Disposing empty manager. Did you forgot to subscribe observables?
06-24 03:00:32.018  1641  2226 W A       : Disposing empty manager. Did you forgot to subscribe observables?
06-24 03:00:32.018  1641  2226 W A       : Disposing empty manager. Did you forgot to subscribe observables?
06-24 03:00:32.018  1641  2226 W A       : Disposing empty manager. Did you forgot to subscribe observables?
06-24 03:00:32.018  1641  2226 W A       : Disposing empty manager. Did you forgot to subscribe observables?
06-24 03:00:32.018  1641  2226 I A       : onOpaVisibilityChanged: false
06-24 03:00:32.018  1641  2226 W A       : Disposing empty manager. Did you forgot to subscribe observables?
06-24 03:00:32.018  1641  2226 W A       : Disposing empty manager. Did you forgot to subscribe observables?
06-24 03:00:32.019  1641  2226 W A       : Disposing empty manager. Did you forgot to subscribe observables?
06-24 03:00:32.019  6890  6890 D AndroidRuntime: Shutting down VM
06-24 03:00:32.019  1641  2226 W A       : Disposing empty manager. Did you forgot to subscribe observables?
06-24 03:00:32.019  1641  2226 W A       : Disposing empty manager. Did you forgot to subscribe observables?
06-24 03:00:32.019  1641  2226 W A       : Disposing empty manager. Did you forgot to subscribe observables?
06-24 03:00:32.019  1641  2226 I A       : Setting session to type: NO_SESSION
06-24 03:00:32.019  1641  2226 W A       : Disposing empty manager. Did you forgot to subscribe observables?
06-24 03:00:32.019  1641  2226 W A       : Disposing empty manager. Did you forgot to subscribe observables?
06-24 03:00:32.019  1641  2226 W A       : Disposing empty manager. Did you forgot to subscribe observables?
06-24 03:00:32.019  1641  2226 W A       : Disposing empty manager. Did you forgot to subscribe observables?
06-24 03:00:32.019  1641  2226 W A       : Disposing empty manager. Did you forgot to subscribe observables?
06-24 03:00:32.019  1641  2226 W A       : Disposing empty manager. Did you forgot to subscribe observables?
06-24 03:00:32.019  1641  2226 W A       : Disposing empty manager. Did you forgot to subscribe observables?
06-24 03:00:32.019  1641  2226 W A       : Disposing empty manager. Did you forgot to subscribe observables?
06-24 03:00:32.019  1641  2226 I A       : setNavBarVisible: GestureNavBarVisible{navbarVisible=true}
06-24 03:00:32.019  1641  2226 W A       : Disposing empty manager. Did you forgot to subscribe observables?
06-24 03:00:32.019  1641  2226 W A       : Disposing empty manager. Did you forgot to subscribe observables?
06-24 03:00:32.019  1641  2226 W A       : Disposing empty manager. Did you forgot to subscribe observables?
06-24 03:00:32.019  1641  2226 W A       : Disposing empty manager. Did you forgot to subscribe observables?
06-24 03:00:32.019  1641  2226 W A       : Disposing empty manager. Did you forgot to subscribe observables?
06-24 03:00:32.019  1641  2226 W A       : Disposing empty manager. Did you forgot to subscribe observables?
06-24 03:00:32.019  1641  2226 I A       : onDisabled. Registered: false
06-24 03:00:32.020  1641  2204 I A       : State changed: IDLE => IDLE by NGA_STATE_CHANGED and N/A with Optional.empty
06-24 03:00:32.020  1641  2204 I A       : Recognizer choice: (recognizer_type: 1, recognizer_mode: 1, choice_reason: 4)
06-24 03:00:32.020  1641  2204 I A       : onActiveStateChangeEvent: IDLE => IDLE
06-24 03:00:32.020  1641  2204 I A       : #onActiveStateChangeEvent, newState: IDLE, previousState: IDLE.
06-24 03:00:32.022  1641  2204 I A       : on opa visibility changed false
06-24 03:00:32.022  1641  2204 I A       : on opa visibility changed false
06-24 03:00:32.022  1641  2204 I A       : stopListening(NGA_PAUSED_UNKNOWN_REASON, NGA_CREATE), idleOverride=NOT_LISTENING
06-24 03:00:32.027  1641  2226 I A       : Initialize
06-24 03:00:32.028  1641  2204 I NgaEntryPointEventSendr: setupConnection
06-24 03:00:32.030   833   833 D StatusBarIconController: ignoring old pipeline callback because the new wifi icon is enabled
06-24 03:00:32.033  1702  1702 I A       : Creating pss binder().
06-24 03:00:32.033  1641  2204 I NgaEntryPointEventSendr: State changed: Disconnected => Connecting
06-24 03:00:32.034  1641  2204 I NgaEntryPointEventSendr: onServiceConnected
06-24 03:00:32.034  1702  2854 I A       : Calling beginBinderSession().
06-24 03:00:32.034  1702  2854 I A       : beginBinderSession(): calling binder
06-24 03:00:32.036  1641  2204 I NgaEntryPointEventSendr: State changed: Connecting => Ready
06-24 03:00:32.038   520  1416 W ActivityManager: Unable to start service Intent { cmp=com.google.android.apps.tachyon/.clientapi.ClientApiService } U=0: not found
06-24 03:00:32.040  1641  2226 I A       : Successfully initialized all components
06-24 03:00:32.049  1702  2429 W A       : UiCallbackStub-onGenericEvent[ServiceEvent = 60] task was not run. Callback from Service received after client was disposed.
06-24 03:00:32.051  1641  2204 I NgaEntryPointEventSendr: State changed: Ready => Disconnected (onOpaDisconnected)
06-24 03:00:32.051  1702  2813 I PBSessionCacheImpl: Deleted sessionId[7487257431692992] from persistence.
06-24 03:00:32.054  1702  2429 W SearchServiceCore: Abort, client detached.
06-24 03:00:32.643  6611  6631 D EGL_emulation: app_time_stats: avg=499.59ms min=498.76ms max=500.03ms count=3
