06-24 03:02:48.827  7917  7917 D AndroidRuntime: >>>>>> START com.android.internal.os.RuntimeInit uid 2000 <<<<<<
06-24 03:02:48.831  7917  7917 I AndroidRuntime: Using default boot image
06-24 03:02:48.831  7917  7917 I AndroidRuntime: Leaving lock profiling enabled
06-24 03:02:48.833  7917  7917 I app_process: Core platform API reporting enabled, enforcing=false
06-24 03:02:48.834  7917  7917 I app_process: Using CollectorTypeCC GC.
06-24 03:02:48.913  7917  7917 D nativeloader: InitDefaultPublicLibraries for_preload=1: libandroid.so:libaaudio.so:libamidi.so:libbinder_ndk.so:libc.so:libcamera2ndk.so:libdl.so:libEGL.so:libGLESv1_CM.so:libGLESv2.so:libGLESv3.so:libicu.so:libicui18n.so:libicuuc.so:libjnigraphics.so:liblog.so:libmediandk.so:libm.so:libnativehelper.so:libnativewindow.so:libOpenMAXAL.so:libOpenSLES.so:libRS.so:libstdc++.so:libsync.so:libvulkan.so:libwebviewchromium_plat_support.so:libz.so
06-24 03:02:48.922  7917  7917 D app_process: Time zone APEX ICU file found: /apex/com.android.tzdata/etc/icu/icu_tzdata.dat
06-24 03:02:48.922  7917  7917 D app_process: I18n APEX ICU file found: /apex/com.android.i18n/etc/icu/icudt72l.dat
06-24 03:02:48.927  7917  7917 W app_process: Unexpected CPU variant for x86: x86_64.
06-24 03:02:48.927  7917  7917 W app_process: Known variants: atom, sandybridge, silvermont, goldmont, goldmont-plus, tremont, kabylake, default
06-24 03:02:48.930  7917  7917 W app_process: ClassLoaderContext shared library size mismatch. Expected=2, found=0 (PCL[]{PCL[/system/framework/android.test.base.jar*836642756]#PCL[/system/framework/android.test.mock.jar*3186112116]} | PCL[])
06-24 03:02:48.930  7917  7917 W app_process: ClassLoaderContext classpath size mismatch. expected=0, found=1 (PCL[]{PCL[/system/framework/android.test.runner.jar*4168958247]{PCL[/system/framework/android.test.base.jar*836642756]#PCL[/system/framework/android.test.mock.jar*3186112116]}#PCL[/system/framework/android.test.base.jar*836642756]} | PCL[/system/framework/android.test.runner.jar*4168958247])
06-24 03:02:48.943  7917  7917 W libc    : Access denied finding property "ro.product.name_for_attestation"
06-24 03:02:48.944  7917  7917 W libc    : Access denied finding property "ro.product.brand_for_attestation"
06-24 03:02:48.944  7917  7917 W libc    : Access denied finding property "ro.product.model_for_attestation"
06-24 03:02:48.945  7917  7917 D AndroidRuntime: Calling main entry com.android.commands.uiautomator.Launcher
06-24 03:02:48.948  7917  7917 D UiAutomationConnection: Created on user UserHandle{0}
06-24 03:02:48.948  7917  7917 I UiAutomation: Initialized for user 0 on display 0
06-24 03:02:48.948  7917  7917 W UiAutomation: Created with deprecatead constructor, assumes DEFAULT_DISPLAY
06-24 03:02:48.938  7917  7917 W main    : type=1400 audit(0.0:77): avc:  denied  { read } for  name="u:object_r:build_attestation_prop:s0" dev="tmpfs" ino=86 scontext=u:r:shell:s0 tcontext=u:object_r:build_attestation_prop:s0 tclass=file permissive=0
06-24 03:02:48.949   520  2256 D AccessibilityManagerService: changeCurrentUserForTestAutomationIfNeededLocked(0): ignoring because device doesn't support visible background users
06-24 03:02:48.949   520  2256 I UiAutomationManager: Registering UiTestAutomationService (id=com.android.server.accessibility/UiAutomation) when called by user 0
06-24 03:02:48.951   520  2256 W WindowMagnificationMgr: requestConnection duplicated request: connect=false, mConnectionState=DISCONNECTED
06-24 03:02:48.953  1597  1619 I AiAiEcho: Settings changed for uri: content://settings/secure/accessibility_enabled
06-24 03:02:48.954   520   520 D BatterySaverPolicy: accessibility changed to true, updating policy.
06-24 03:02:48.954  1597  1762 I AiAiEcho: Predicting[0]: 
06-24 03:02:48.954  1597  1762 I AiAiEcho: EchoTargets: 
06-24 03:02:48.954  1597  1762 I AiAiEcho: Filtered by AiAi flag check: 
06-24 03:02:48.954  1597  1762 I AiAiEcho: Ranked targets strategy: SORT, count: 0, ranking metadata: 
06-24 03:02:48.954  1597  1762 I AiAiEcho: Predicting[0]: 
06-24 03:02:48.954  1597  1762 I AiAiEcho: EchoTargets: 
06-24 03:02:48.954  1597  1762 I AiAiEcho: Filtered by AiAi flag check: 
06-24 03:02:48.954  1597  1762 I AiAiEcho: Ranked targets strategy: SORT, count: 0, ranking metadata: 
06-24 03:02:48.955  1702  2378 I A       : NGA disabled since it's running Panthera and at least one a11y feature is on.
06-24 03:02:48.955  1597  1762 I AiAiEcho: #postPredictionTargets: Sending updates to UISurface lockscreen with targets# 0 (types=[])
06-24 03:02:48.955  1702  2378 I A       : Nga state changed to NgaStateDetails{state=DISABLED, isSpecialExperience=false}
06-24 03:02:48.955  1597  1762 I AiAiEcho: #postPredictionTargets: Sending updates to UISurface home with targets# 0 (types=[])
06-24 03:02:48.942  7917  7917 W main    : type=1400 audit(0.0:78): avc:  denied  { read } for  name="u:object_r:build_attestation_prop:s0" dev="tmpfs" ino=86 scontext=u:r:shell:s0 tcontext=u:object_r:build_attestation_prop:s0 tclass=file permissive=0
06-24 03:02:48.956   833   833 W PageIndicator: Total number of pages invalid: 0. Assuming 1 page.
06-24 03:02:48.942  7917  7917 W main    : type=1400 audit(0.0:79): avc:  denied  { read } for  name="u:object_r:build_attestation_prop:s0" dev="tmpfs" ino=86 scontext=u:r:shell:s0 tcontext=u:object_r:build_attestation_prop:s0 tclass=file permissive=0
06-24 03:02:48.962  7917  7930 V UiAutomation: Init UiAutomation@ae451af[id=9, displayId=0, flags=0]
06-24 03:02:48.963  1641  2226 I A       : Unsubscribed to apa or classic variant change.
06-24 03:02:48.966   520  1780 W WindowMagnificationMgr: requestConnection duplicated request: connect=false, mConnectionState=DISCONNECTED
06-24 03:02:48.967  1597  1619 I AiAiEcho: Settings changed for uri: content://settings/secure/accessibility_enabled
06-24 03:02:48.967  1597  1762 I AiAiEcho: Predicting[0]: 
06-24 03:02:48.967  1597  1762 I AiAiEcho: EchoTargets: 
06-24 03:02:48.967  1597  1762 I AiAiEcho: Filtered by AiAi flag check: 
06-24 03:02:48.968  1597  1762 I AiAiEcho: Ranked targets strategy: SORT, count: 0, ranking metadata: 
06-24 03:02:48.968  1597  1762 I AiAiEcho: Predicting[0]: 
06-24 03:02:48.968  1597  1762 I AiAiEcho: EchoTargets: 
06-24 03:02:48.968  1597  1762 I AiAiEcho: Filtered by AiAi flag check: 
06-24 03:02:48.968  1641  1662 I A       : APA or Classic session decision: SessionDecision(sessionVariance=CLASSIC, platformVariance=CLASSIC, justification=CURRENT_PLATFORM_VARIANCE).
06-24 03:02:48.968  1597  1762 I AiAiEcho: Ranked targets strategy: SORT, count: 0, ranking metadata: 
06-24 03:02:48.968  1641  1662 I A       : [Memory] eligibility: StashEligibility{4}
06-24 03:02:48.968  1597  1762 I AiAiEcho: #postPredictionTargets: Sending updates to UISurface lockscreen with targets# 0 (types=[])
06-24 03:02:48.968  1597  1762 I AiAiEcho: #postPredictionTargets: Sending updates to UISurface home with targets# 0 (types=[])
06-24 03:02:48.969   833   833 W PageIndicator: Total number of pages invalid: 0. Assuming 1 page.
06-24 03:02:48.971   520  1780 D SafetySourceDataValidator: No cert check requested for package com.google.android.permissioncontroller
06-24 03:02:49.156   520   610 I RoleService: Granting default roles...
06-24 03:02:49.163   835  7872 E RoleControllerServiceImpl: Default/fallback role holder package doesn't qualify for the role, package: com.google.android.gms.supervision, role: android.app.role.SYSTEM_SUPERVISION
06-24 03:02:49.165   835  7872 I Role    : com.google.android.gms not qualified for android.app.role.SYSTEM_CALL_STREAMING due to missing RequiredComponent{mIntentFilterData=IntentFilterData{mAction='android.telecom.CallStreamingService', mCategories='[]', mDataScheme='null', mDataType='null'}, mMinTargetSdkVersion=1, mFlags='0', mPermission='android.permission.BIND_CALL_STREAMING_SERVICE', mQueryFlags=0, mMetaData=[]}
06-24 03:02:49.165   835  7872 E RoleControllerServiceImpl: Default/fallback role holder package doesn't qualify for the role, package: com.google.android.gms, role: android.app.role.SYSTEM_CALL_STREAMING
06-24 03:02:49.165   835  7872 W Role    : Default holder doesn't have required signing certificate: com.google.android.apps.work.clouddpc:23962F4B43B9857638EA66F4D419518EAE282491ACDA4B94707BD59003C45E58
06-24 03:02:49.339  5222  6867 I ContentMaintenance: Internal cache bytes used: 0; limit: 100000000; download size: 0
06-24 03:02:49.341  5222  6867 I RealtimeCacheCleanup: Beginning Realtime garbage collection.
06-24 03:02:49.341  5222  6867 I RealtimeCacheCleanup: Finished Realtime garbage collection.
06-24 03:02:49.360  7669  7687 D EGL_emulation: app_time_stats: avg=499.25ms min=498.72ms max=499.55ms count=3
06-24 03:02:49.967  7917  7917 I AccessibilityNodeInfoDumper: Skipping invisible child: android.view.accessibility.AccessibilityNodeInfo@128bf; boundsInParent: Rect(0, 0 - 320, 0); boundsInScreen: Rect(0, 0 - 320, 0); boundsInWindow: Rect(0, 0 - 320, 0); packageName: com.hanapkalinga.mobile; className: android.widget.LinearLayout; text: null; error: null; maxTextLength: -1; stateDescription: null; contentDescription: null; tooltipText: null; containerTitle: null; viewIdResName: null; uniqueId: null; checkable: false; checked: false; focusable: false; focused: false; selected: false; clickable: false; longClickable: false; contextClickable: false; enabled: true; password: false; scrollable: false; importantForAccessibility: false; visible: false; actions: [AccessibilityAction: ACTION_SELECT - null, AccessibilityAction: ACTION_CLEAR_SELECTION - null, AccessibilityAction: ACTION_ACCESSIBILITY_FOCUS - null, AccessibilityAction: ACTION_SHOW_ON_SCREEN - null]; isTextSelectable: false
06-24 03:02:49.967  7917  7917 I AccessibilityNodeInfoDumper: Skipping invisible child: android.view.accessibility.AccessibilityNodeInfo@124fe; boundsInParent: Rect(0, 0 - 320, 0); boundsInScreen: Rect(0, 0 - 320, 0); boundsInWindow: Rect(0, 0 - 320, 0); packageName: com.hanapkalinga.mobile; className: android.view.ViewGroup; text: null; error: null; maxTextLength: -1; stateDescription: null; contentDescription: null; tooltipText: null; containerTitle: null; viewIdResName: null; uniqueId: null; checkable: false; checked: false; focusable: false; focused: false; selected: false; clickable: false; longClickable: false; contextClickable: false; enabled: true; password: false; scrollable: false; importantForAccessibility: false; visible: false; actions: [AccessibilityAction: ACTION_SELECT - null, AccessibilityAction: ACTION_CLEAR_SELECTION - null, AccessibilityAction: ACTION_ACCESSIBILITY_FOCUS - null, AccessibilityAction: ACTION_SHOW_ON_SCREEN - null]; isTextSelectable: false
06-24 03:02:49.967  7917  7917 I AccessibilityNodeInfoDumper: Skipping invisible child: android.view.accessibility.AccessibilityNodeInfo@1a4a0; boundsInParent: Rect(0, 0 - 320, 0); boundsInScreen: Rect(0, 0 - 320, 0); boundsInWindow: Rect(0, 0 - 320, 0); packageName: com.hanapkalinga.mobile; className: android.widget.LinearLayout; text: null; error: null; maxTextLength: -1; stateDescription: null; contentDescription: null; tooltipText: null; containerTitle: null; viewIdResName: null; uniqueId: null; checkable: false; checked: false; focusable: false; focused: false; selected: false; clickable: false; longClickable: false; contextClickable: false; enabled: true; password: false; scrollable: false; importantForAccessibility: false; visible: false; actions: [AccessibilityAction: ACTION_SELECT - null, AccessibilityAction: ACTION_CLEAR_SELECTION - null, AccessibilityAction: ACTION_ACCESSIBILITY_FOCUS - null, AccessibilityAction: ACTION_SHOW_ON_SCREEN - null]; isTextSelectable: false
06-24 03:02:49.967  7917  7917 I AccessibilityNodeInfoDumper: Skipping invisible child: android.view.accessibility.AccessibilityNodeInfo@1a0df; boundsInParent: Rect(0, 0 - 320, 0); boundsInScreen: Rect(0, 0 - 320, 0); boundsInWindow: Rect(0, 0 - 320, 0); packageName: com.hanapkalinga.mobile; className: android.view.ViewGroup; text: null; error: null; maxTextLength: -1; stateDescription: null; contentDescription: null; tooltipText: null; containerTitle: null; viewIdResName: null; uniqueId: null; checkable: false; checked: false; focusable: false; focused: false; selected: false; clickable: false; longClickable: false; contextClickable: false; enabled: true; password: false; scrollable: false; importantForAccessibility: false; visible: false; actions: [AccessibilityAction: ACTION_SELECT - null, AccessibilityAction: ACTION_CLEAR_SELECTION - null, AccessibilityAction: ACTION_ACCESSIBILITY_FOCUS - null, AccessibilityAction: ACTION_SHOW_ON_SCREEN - null]; isTextSelectable: false
06-24 03:02:49.969  7917  7917 W AccessibilityNodeInfoDumper: Fetch time: 6ms
06-24 03:02:49.970   520  2257 W WindowMagnificationMgr: requestConnection duplicated request: connect=false, mConnectionState=DISCONNECTED
06-24 03:02:49.970   520  2257 D AccessibilityManagerService: restoreCurrentUserForTestAutomationIfNeededLocked(): ignoring because device doesn't support visible background users
06-24 03:02:49.970  1597  1619 I AiAiEcho: Settings changed for uri: content://settings/secure/accessibility_enabled
06-24 03:02:49.971  7917  7917 D AndroidRuntime: Shutting down VM
06-24 03:02:49.972   520   520 D BatterySaverPolicy: accessibility changed to false, updating policy.
06-24 03:02:49.973  1597  1762 I AiAiEcho: Predicting[0]: 
06-24 03:02:49.973  1597  1762 I AiAiEcho: EchoTargets: 
06-24 03:02:49.973  1597  1762 I AiAiEcho: Filtered by AiAi flag check: 
06-24 03:02:49.973  1597  1762 I AiAiEcho: Ranked targets strategy: SORT, count: 0, ranking metadata: 
06-24 03:02:49.973  1597  1762 I AiAiEcho: Predicting[0]: 
06-24 03:02:49.973  1597  1762 I AiAiEcho: EchoTargets: 
06-24 03:02:49.973  1597  1762 I AiAiEcho: Filtered by AiAi flag check: 
06-24 03:02:49.973  1702  2378 I A       : NGA enabled in interactor.
06-24 03:02:49.973  1597  1762 I AiAiEcho: Ranked targets strategy: SORT, count: 0, ranking metadata: 
06-24 03:02:49.973  1702  2378 I A       : Nga state changed to NgaStateDetails{state=ENABLED, isSpecialExperience=false}
06-24 03:02:49.973  1597  1762 I AiAiEcho: #postPredictionTargets: Sending updates to UISurface lockscreen with targets# 0 (types=[])
06-24 03:02:49.974  1597  1762 I AiAiEcho: #postPredictionTargets: Sending updates to UISurface home with targets# 0 (types=[])
06-24 03:02:49.974   833   833 W PageIndicator: Total number of pages invalid: 0. Assuming 1 page.
06-24 03:02:49.977  1641  1662 I A       : Initializing all components
06-24 03:02:49.977  1641  1662 I A       : APA or Classic session decision: SessionDecision(sessionVariance=CLASSIC, platformVariance=CLASSIC, justification=CURRENT_PLATFORM_VARIANCE).
06-24 03:02:49.977  1641  1662 I A       : [Memory] eligibility: StashEligibility{6}
06-24 03:02:49.978  1641  2204 I A       : onIsEnabledChanged, isEnabled: false
06-24 03:02:49.978  1641  2204 W A       : Disposing empty manager. Did you forgot to subscribe observables?
06-24 03:02:49.978  1641  2204 W A       : Disposing empty manager. Did you forgot to subscribe observables?
06-24 03:02:49.978  1641  2204 W A       : Disposing empty manager. Did you forgot to subscribe observables?
06-24 03:02:49.978  1641  2204 W A       : Disposing empty manager. Did you forgot to subscribe observables?
06-24 03:02:49.978  1641  2204 W A       : Disposing empty manager. Did you forgot to subscribe observables?
06-24 03:02:49.978  1641  2226 I A       : State changed: IDLE => IDLE by NGA_STATE_CHANGED and N/A with Optional.empty
06-24 03:02:49.978  1641  2204 W A       : Disposing empty manager. Did you forgot to subscribe observables?
06-24 03:02:49.978  1641  2204 W A       : Disposing empty manager. Did you forgot to subscribe observables?
06-24 03:02:49.978  1641  2204 W A       : Disposing empty manager. Did you forgot to subscribe observables?
06-24 03:02:49.978  1641  2204 W A       : Disposing empty manager. Did you forgot to subscribe observables?
06-24 03:02:49.978  1641  2204 W A       : Disposing empty manager. Did you forgot to subscribe observables?
06-24 03:02:49.978  1641  2204 I A       : onOpaVisibilityChanged: false
06-24 03:02:49.978  1641  2204 W A       : Disposing empty manager. Did you forgot to subscribe observables?
06-24 03:02:49.978  1641  2204 W A       : Disposing empty manager. Did you forgot to subscribe observables?
06-24 03:02:49.978  1641  2204 W A       : Disposing empty manager. Did you forgot to subscribe observables?
06-24 03:02:49.978  1641  2204 W A       : Disposing empty manager. Did you forgot to subscribe observables?
06-24 03:02:49.978  1641  2204 W A       : Disposing empty manager. Did you forgot to subscribe observables?
06-24 03:02:49.978  1641  2204 W A       : Disposing empty manager. Did you forgot to subscribe observables?
06-24 03:02:49.978  1641  2226 I A       : Recognizer choice: (recognizer_type: 1, recognizer_mode: 1, choice_reason: 4)
06-24 03:02:49.978  1641  2204 I A       : Setting session to type: NO_SESSION
06-24 03:02:49.978  1641  2204 W A       : Disposing empty manager. Did you forgot to subscribe observables?
06-24 03:02:49.978  1641  2204 W A       : Disposing empty manager. Did you forgot to subscribe observables?
06-24 03:02:49.979  1641  2204 W A       : Disposing empty manager. Did you forgot to subscribe observables?
06-24 03:02:49.979  1641  2204 W A       : Disposing empty manager. Did you forgot to subscribe observables?
06-24 03:02:49.979  1641  2204 W A       : Disposing empty manager. Did you forgot to subscribe observables?
06-24 03:02:49.979  1641  2204 W A       : Disposing empty manager. Did you forgot to subscribe observables?
06-24 03:02:49.979  1641  2204 W A       : Disposing empty manager. Did you forgot to subscribe observables?
06-24 03:02:49.979  1641  2204 W A       : Disposing empty manager. Did you forgot to subscribe observables?
06-24 03:02:49.979  1641  2204 I A       : setNavBarVisible: GestureNavBarVisible{navbarVisible=true}
06-24 03:02:49.979  1641  2204 W A       : Disposing empty manager. Did you forgot to subscribe observables?
06-24 03:02:49.979  1641  2204 W A       : Disposing empty manager. Did you forgot to subscribe observables?
06-24 03:02:49.979  1641  2204 W A       : Disposing empty manager. Did you forgot to subscribe observables?
06-24 03:02:49.979  1641  2204 W A       : Disposing empty manager. Did you forgot to subscribe observables?
06-24 03:02:49.979  1641  2204 W A       : Disposing empty manager. Did you forgot to subscribe observables?
06-24 03:02:49.979  1641  2204 W A       : Disposing empty manager. Did you forgot to subscribe observables?
06-24 03:02:49.979  1641  2226 I A       : onActiveStateChangeEvent: IDLE => IDLE
06-24 03:02:49.979  1641  2204 I A       : onDisabled. Registered: false
06-24 03:02:49.979  1641  2226 I A       : #onActiveStateChangeEvent, newState: IDLE, previousState: IDLE.
06-24 03:02:49.983  1641  2226 I A       : stopListening(NGA_PAUSED_UNKNOWN_REASON, NGA_CREATE), idleOverride=NOT_LISTENING
06-24 03:02:49.983  1641  2226 I A       : on opa visibility changed false
06-24 03:02:49.983  1641  2226 I A       : on opa visibility changed false
06-24 03:02:49.983  1641  2204 I A       : Initialize
06-24 03:02:49.984  1641  2226 I NgaEntryPointEventSendr: setupConnection
06-24 03:02:49.986  1641  2226 I NgaEntryPointEventSendr: State changed: Disconnected => Connecting
06-24 03:02:49.986  1702  1702 I A       : Creating pss binder().
06-24 03:02:49.990  1641  2226 I A       : Successfully initialized all components
06-24 03:02:49.995  1641  2226 I NgaEntryPointEventSendr: onServiceConnected
06-24 03:02:49.995  1702  1743 I A       : Calling beginBinderSession().
06-24 03:02:49.995  1702  1743 I A       : beginBinderSession(): calling binder
06-24 03:02:49.996  1641  2226 I NgaEntryPointEventSendr: State changed: Connecting => Ready
06-24 03:02:49.998   520  2222 W BatteryExternalStatsWorker: error reading Bluetooth stats: 11
06-24 03:02:49.998   520  2222 W ActivityManager: Unable to start service Intent { cmp=com.google.android.apps.tachyon/.clientapi.ClientApiService } U=0: not found
06-24 03:02:50.010  1702  2429 W A       : UiCallbackStub-onGenericEvent[ServiceEvent = 60] task was not run. Callback from Service received after client was disposed.
06-24 03:02:50.011  1702  2398 I PBSessionCacheImpl: Deleted sessionId[7487257431693014] from persistence.
06-24 03:02:50.012  1641  2226 I NgaEntryPointEventSendr: State changed: Ready => Disconnected (onOpaDisconnected)
06-24 03:02:50.013  1702  2429 W SearchServiceCore: Abort, client detached.
06-24 03:02:50.014  1641  1641 V ClearcutMetricXmitter: Transmission is done.
06-24 03:02:50.216   833   833 D StatusBarIconController: ignoring old pipeline callback because the new wifi icon is enabled
06-24 03:02:50.355  7838  7840 I AidlLazyServiceRegistrar: Process has 0 (of 1 available) client(s) in use after notification artd has clients: 0
06-24 03:02:50.355  7838  7840 I AidlLazyServiceRegistrar: Trying to shut down the service. No clients in use for any service in process.
06-24 03:02:50.555     0     0 I servicemanager: Notifying artd they don't (previously: do) have clients when we now have no record of a client
06-24 03:02:50.557     0     0 I servicemanager: Unregistering artd
06-24 03:02:50.358  7838  7840 I AidlLazyServiceRegistrar: Unregistered all clients and exiting
06-24 03:02:50.360  7669  7687 D EGL_emulation: app_time_stats: avg=500.24ms min=500.14ms max=500.34ms count=2
06-24 03:02:50.558     0     0 I BpBinder: onLastStrongRef automatically unlinking death recipients:
06-24 03:02:50.561     0     0 I init    : Service 'artd' (pid 7838) exited with status 0 oneshot service took 2.436000 seconds in background
06-24 03:02:50.563     0     0 I init    : Sending signal 9 to service 'artd' (pid 7838) process group...
06-24 03:02:50.564     0     0 I libprocessgroup: Successfully killed process cgroup uid 1082 pid 7838 in 0ms
