--------- beginning of main
06-24 03:02:47.244  7477  7546 I Maestro : Skipping invisible child: android.view.accessibility.AccessibilityNodeInfo@128bb; boundsInParent: Rect(0, 0 - 320, 0); boundsInScreen: Rect(0, 0 - 320, 0); boundsInWindow: Rect(0, 0 - 320, 0); packageName: com.hanapkalinga.mobile; className: android.widget.LinearLayout; text: null; error: null; maxTextLength: -1; stateDescription: null; contentDescription: null; tooltipText: null; containerTitle: null; viewIdResName: null; uniqueId: null; checkable: false; checked: false; focusable: false; focused: false; selected: false; clickable: false; longClickable: false; contextClickable: false; enabled: true; password: false; scrollable: false; importantForAccessibility: false; visible: false; actions: [AccessibilityAction: ACTION_SELECT - null, AccessibilityAction: ACTION_CLEAR_SELECTION - null, AccessibilityAction: ACTION_ACCESSIBILITY_FOCUS - null, AccessibilityAction: ACTION_SHOW_ON_SCREEN - null]; isTextSelectable: false
06-24 03:02:47.244  7477  7546 I Maestro : Skipping invisible child: android.view.accessibility.AccessibilityNodeInfo@124fa; boundsInParent: Rect(0, 0 - 320, 0); boundsInScreen: Rect(0, 0 - 320, 0); boundsInWindow: Rect(0, 0 - 320, 0); packageName: com.hanapkalinga.mobile; className: android.view.ViewGroup; text: null; error: null; maxTextLength: -1; stateDescription: null; contentDescription: null; tooltipText: null; containerTitle: null; viewIdResName: null; uniqueId: null; checkable: false; checked: false; focusable: false; focused: false; selected: false; clickable: false; longClickable: false; contextClickable: false; enabled: true; password: false; scrollable: false; importantForAccessibility: false; visible: false; actions: [AccessibilityAction: ACTION_SELECT - null, AccessibilityAction: ACTION_CLEAR_SELECTION - null, AccessibilityAction: ACTION_ACCESSIBILITY_FOCUS - null, AccessibilityAction: ACTION_SHOW_ON_SCREEN - null]; isTextSelectable: false
06-24 03:02:47.245  7477  7546 I Maestro : Skipping invisible child: android.view.accessibility.AccessibilityNodeInfo@1a49c; boundsInParent: Rect(0, 0 - 320, 0); boundsInScreen: Rect(0, 0 - 320, 0); boundsInWindow: Rect(0, 0 - 320, 0); packageName: com.hanapkalinga.mobile; className: android.widget.LinearLayout; text: null; error: null; maxTextLength: -1; stateDescription: null; contentDescription: null; tooltipText: null; containerTitle: null; viewIdResName: null; uniqueId: null; checkable: false; checked: false; focusable: false; focused: false; selected: false; clickable: false; longClickable: false; contextClickable: false; enabled: true; password: false; scrollable: false; importantForAccessibility: false; visible: false; actions: [AccessibilityAction: ACTION_SELECT - null, AccessibilityAction: ACTION_CLEAR_SELECTION - null, AccessibilityAction: ACTION_ACCESSIBILITY_FOCUS - null, AccessibilityAction: ACTION_SHOW_ON_SCREEN - null]; isTextSelectable: false
06-24 03:02:47.245  7477  7546 I Maestro : Skipping invisible child: android.view.accessibility.AccessibilityNodeInfo@1a0db; boundsInParent: Rect(0, 0 - 320, 0); boundsInScreen: Rect(0, 0 - 320, 0); boundsInWindow: Rect(0, 0 - 320, 0); packageName: com.hanapkalinga.mobile; className: android.view.ViewGroup; text: null; error: null; maxTextLength: -1; stateDescription: null; contentDescription: null; tooltipText: null; containerTitle: null; viewIdResName: null; uniqueId: null; checkable: false; checked: false; focusable: false; focused: false; selected: false; clickable: false; longClickable: false; contextClickable: false; enabled: true; password: false; scrollable: false; importantForAccessibility: false; visible: false; actions: [AccessibilityAction: ACTION_SELECT - null, AccessibilityAction: ACTION_CLEAR_SELECTION - null, AccessibilityAction: ACTION_ACCESSIBILITY_FOCUS - null, AccessibilityAction: ACTION_SHOW_ON_SCREEN - null]; isTextSelectable: false
06-24 03:02:47.252  7477  7546 D Maestro : View hierarchy received in 16 ms
06-24 03:02:47.306  7477  7546 D Maestro : Requesting view hierarchy
06-24 03:02:47.307  7477  7546 W QueryController: Could not detect idle state.
06-24 03:02:47.307  7477  7546 W QueryController: Could not detect idle state.
06-24 03:02:47.314  7477  7546 I Maestro : Skipping invisible child: android.view.accessibility.AccessibilityNodeInfo@128bb; boundsInParent: Rect(0, 0 - 320, 0); boundsInScreen: Rect(0, 0 - 320, 0); boundsInWindow: Rect(0, 0 - 320, 0); packageName: com.hanapkalinga.mobile; className: android.widget.LinearLayout; text: null; error: null; maxTextLength: -1; stateDescription: null; contentDescription: null; tooltipText: null; containerTitle: null; viewIdResName: null; uniqueId: null; checkable: false; checked: false; focusable: false; focused: false; selected: false; clickable: false; longClickable: false; contextClickable: false; enabled: true; password: false; scrollable: false; importantForAccessibility: false; visible: false; actions: [AccessibilityAction: ACTION_SELECT - null, AccessibilityAction: ACTION_CLEAR_SELECTION - null, AccessibilityAction: ACTION_ACCESSIBILITY_FOCUS - null, AccessibilityAction: ACTION_SHOW_ON_SCREEN - null]; isTextSelectable: false
06-24 03:02:47.314  7477  7546 I Maestro : Skipping invisible child: android.view.accessibility.AccessibilityNodeInfo@124fa; boundsInParent: Rect(0, 0 - 320, 0); boundsInScreen: Rect(0, 0 - 320, 0); boundsInWindow: Rect(0, 0 - 320, 0); packageName: com.hanapkalinga.mobile; className: android.view.ViewGroup; text: null; error: null; maxTextLength: -1; stateDescription: null; contentDescription: null; tooltipText: null; containerTitle: null; viewIdResName: null; uniqueId: null; checkable: false; checked: false; focusable: false; focused: false; selected: false; clickable: false; longClickable: false; contextClickable: false; enabled: true; password: false; scrollable: false; importantForAccessibility: false; visible: false; actions: [AccessibilityAction: ACTION_SELECT - null, AccessibilityAction: ACTION_CLEAR_SELECTION - null, AccessibilityAction: ACTION_ACCESSIBILITY_FOCUS - null, AccessibilityAction: ACTION_SHOW_ON_SCREEN - null]; isTextSelectable: false
06-24 03:02:47.315  7477  7546 I Maestro : Skipping invisible child: android.view.accessibility.AccessibilityNodeInfo@1a49c; boundsInParent: Rect(0, 0 - 320, 0); boundsInScreen: Rect(0, 0 - 320, 0); boundsInWindow: Rect(0, 0 - 320, 0); packageName: com.hanapkalinga.mobile; className: android.widget.LinearLayout; text: null; error: null; maxTextLength: -1; stateDescription: null; contentDescription: null; tooltipText: null; containerTitle: null; viewIdResName: null; uniqueId: null; checkable: false; checked: false; focusable: false; focused: false; selected: false; clickable: false; longClickable: false; contextClickable: false; enabled: true; password: false; scrollable: false; importantForAccessibility: false; visible: false; actions: [AccessibilityAction: ACTION_SELECT - null, AccessibilityAction: ACTION_CLEAR_SELECTION - null, AccessibilityAction: ACTION_ACCESSIBILITY_FOCUS - null, AccessibilityAction: ACTION_SHOW_ON_SCREEN - null]; isTextSelectable: false
06-24 03:02:47.315  7477  7546 I Maestro : Skipping invisible child: android.view.accessibility.AccessibilityNodeInfo@1a0db; boundsInParent: Rect(0, 0 - 320, 0); boundsInScreen: Rect(0, 0 - 320, 0); boundsInWindow: Rect(0, 0 - 320, 0); packageName: com.hanapkalinga.mobile; className: android.view.ViewGroup; text: null; error: null; maxTextLength: -1; stateDescription: null; contentDescription: null; tooltipText: null; containerTitle: null; viewIdResName: null; uniqueId: null; checkable: false; checked: false; focusable: false; focused: false; selected: false; clickable: false; longClickable: false; contextClickable: false; enabled: true; password: false; scrollable: false; importantForAccessibility: false; visible: false; actions: [AccessibilityAction: ACTION_SELECT - null, AccessibilityAction: ACTION_CLEAR_SELECTION - null, AccessibilityAction: ACTION_ACCESSIBILITY_FOCUS - null, AccessibilityAction: ACTION_SHOW_ON_SCREEN - null]; isTextSelectable: false
06-24 03:02:47.322  7477  7546 D Maestro : View hierarchy received in 16 ms
--------- beginning of system
06-24 03:02:47.413   520   928 D WindowManager: captureDisplay
06-24 03:02:47.861  7669  7687 D EGL_emulation: app_time_stats: avg=500.53ms min=499.78ms max=501.87ms count=3
06-24 03:02:47.903   520   549 I ActivityManager: Force stopping dev.mobile.maestro appid=10199 user=-1: deletePackageX
06-24 03:02:47.903   520   549 E libprocessgroup: No such cgroup attribute: /sys/fs/cgroup/uid_4294877495/cgroup.freeze
06-24 03:02:47.903   520   549 W libprocessgroup: Failed to apply Frozen process profile: No such file or directory
06-24 03:02:47.904   520   549 I ActivityManager: Killing 7477:dev.mobile.maestro/u0a199 (adj 0): stop dev.mobile.maestro due to deletePackageX
06-24 03:02:47.904   520   549 W ActivityManager: Crash of app dev.mobile.maestro running instrumentation ComponentInfo{dev.mobile.maestro.test/androidx.test.runner.AndroidJUnitRunner}
06-24 03:02:47.905   520   549 I ActivityManager: Force stopping dev.mobile.maestro appid=10199 user=0: finished inst
06-24 03:02:47.907   520   549 E libprocessgroup: No such cgroup attribute: /sys/fs/cgroup/uid_4294877495/cgroup.freeze
06-24 03:02:47.907   520   549 W libprocessgroup: Failed to apply Unfrozen process profile: No such file or directory
06-24 03:02:47.908  7465  7476 W Binder  : Caught a RuntimeException from the binder stub implementation.
06-24 03:02:47.908  7465  7476 W Binder  : java.lang.SecurityException: Calling from not trusted UID!
06-24 03:02:47.908  7465  7476 W Binder  : 	at android.app.UiAutomationConnection.throwIfCalledByNotTrustedUidLocked(UiAutomationConnection.java:646)
06-24 03:02:47.908  7465  7476 W Binder  : 	at android.app.UiAutomationConnection.shutdown(UiAutomationConnection.java:547)
06-24 03:02:47.908  7465  7476 W Binder  : 	at android.app.IUiAutomationConnection$Stub.onTransact(IUiAutomationConnection.java:402)
06-24 03:02:47.908  7465  7476 W Binder  : 	at android.os.Binder.execTransactInternal(Binder.java:1344)
06-24 03:02:47.908  7465  7476 W Binder  : 	at android.os.Binder.execTransact(Binder.java:1275)
06-24 03:02:47.912   520   540 D DisplayManagerService: Drop pending events for gone uid 10199
--------- beginning of kernel
06-24 03:02:48.117     0     0 I servicemanager: Since 'artd' could not be found, trying to start it as a lazy AIDL service. (if it's not configured to be a lazy service, it may be stuck starting or still starting).
06-24 03:02:48.122     0     0 I init    : starting service 'artd'...
06-24 03:02:47.928  7465  7465 I app_process: System.exit called, status: 0
06-24 03:02:47.928  7465  7465 I AndroidRuntime: VM exiting with result code 0.
06-24 03:02:47.940   520  1734 V ActivityManager: Got obituary of 7477:dev.mobile.maestro
06-24 03:02:47.942  1597  3293 I AiAiEcho: Settings changed for uri: content://settings/secure/accessibility_enabled
06-24 03:02:47.942  1597  1762 I AiAiEcho: Predicting[0]: 
06-24 03:02:47.942  1597  1762 I AiAiEcho: EchoTargets: 
06-24 03:02:47.942  1597  1762 I AiAiEcho: Filtered by AiAi flag check: 
06-24 03:02:47.942  1597  1762 I AiAiEcho: Ranked targets strategy: SORT, count: 0, ranking metadata: 
06-24 03:02:47.943  1597  1762 I AiAiEcho: Predicting[0]: 
06-24 03:02:47.943  1597  1762 I AiAiEcho: EchoTargets: 
06-24 03:02:47.943  1597  1762 I AiAiEcho: Filtered by AiAi flag check: 
06-24 03:02:47.943  1597  1762 I AiAiEcho: Ranked targets strategy: SORT, count: 0, ranking metadata: 
06-24 03:02:47.945  1597  1762 I AiAiEcho: #postPredictionTargets: Sending updates to UISurface lockscreen with targets# 0 (types=[])
06-24 03:02:48.142     0     0 I init    : ... started service 'artd' has pid 7838
06-24 03:02:48.144     0     0 I init    : Control message: Processed ctl.interface_start for 'aidl/artd' from pid: 134 (/system/bin/servicemanager)
06-24 03:02:48.149     0     0 I init    : Untracked pid 7465 exited with status 0
06-24 03:02:48.150     0     0 I init    : Untracked pid 7465 did not have an associated service entry and will not be reaped
06-24 03:02:47.952   833   833 W PageIndicator: Total number of pages invalid: 0. Assuming 1 page.
06-24 03:02:47.955  1597  1762 I AiAiEcho: #postPredictionTargets: Sending updates to UISurface home with targets# 0 (types=[])
06-24 03:02:47.956   520  1734 W WindowMagnificationMgr: requestConnection duplicated request: connect=false, mConnectionState=DISCONNECTED
06-24 03:02:47.957   520  1734 W WindowMagnificationMgr: requestConnection duplicated request: connect=false, mConnectionState=DISCONNECTED
06-24 03:02:47.961  1702  2381 I A       : NGA enabled in interactor.
06-24 03:02:47.961  1702  2381 I A       : Nga state changed to NgaStateDetails{state=ENABLED, isSpecialExperience=false}
06-24 03:02:47.961  1597  3293 I AiAiEcho: Settings changed for uri: content://settings/secure/accessibility_enabled
06-24 03:02:47.961   520   520 D BatterySaverPolicy: accessibility changed to false, updating policy.
06-24 03:02:47.962  1641  1662 I A       : Initializing all components
06-24 03:02:47.962  1597  1762 I AiAiEcho: Predicting[0]: 
06-24 03:02:47.962  1597  1762 I AiAiEcho: EchoTargets: 
06-24 03:02:47.962  1597  1762 I AiAiEcho: Filtered by AiAi flag check: 
06-24 03:02:47.962  1641  1662 I A       : APA or Classic session decision: SessionDecision(sessionVariance=CLASSIC, platformVariance=CLASSIC, justification=CURRENT_PLATFORM_VARIANCE).
06-24 03:02:47.962  1597  1762 I AiAiEcho: Ranked targets strategy: SORT, count: 0, ranking metadata: 
06-24 03:02:47.962  1641  1662 I A       : [Memory] eligibility: StashEligibility{6}
06-24 03:02:47.962  1597  1762 I AiAiEcho: Predicting[0]: 
06-24 03:02:47.962  1597  1762 I AiAiEcho: EchoTargets: 
06-24 03:02:47.962  1597  1762 I AiAiEcho: Filtered by AiAi flag check: 
06-24 03:02:47.962  1597  1762 I AiAiEcho: Ranked targets strategy: SORT, count: 0, ranking metadata: 
06-24 03:02:47.962  1641  2204 I A       : onIsEnabledChanged, isEnabled: false
06-24 03:02:47.962  1641  2204 W A       : Disposing empty manager. Did you forgot to subscribe observables?
06-24 03:02:47.962  1641  2204 W A       : Disposing empty manager. Did you forgot to subscribe observables?
06-24 03:02:47.962  1641  2204 W A       : Disposing empty manager. Did you forgot to subscribe observables?
06-24 03:02:47.962  1641  2204 W A       : Disposing empty manager. Did you forgot to subscribe observables?
06-24 03:02:47.962  1641  2204 W A       : Disposing empty manager. Did you forgot to subscribe observables?
06-24 03:02:47.962  1641  2204 W A       : Disposing empty manager. Did you forgot to subscribe observables?
06-24 03:02:47.962  1641  2204 W A       : Disposing empty manager. Did you forgot to subscribe observables?
06-24 03:02:47.962  1641  2204 W A       : Disposing empty manager. Did you forgot to subscribe observables?
06-24 03:02:47.962  1641  2204 W A       : Disposing empty manager. Did you forgot to subscribe observables?
06-24 03:02:47.962  1641  2204 W A       : Disposing empty manager. Did you forgot to subscribe observables?
06-24 03:02:47.962  1641  2204 I A       : onOpaVisibilityChanged: false
06-24 03:02:47.963  1641  2204 W A       : Disposing empty manager. Did you forgot to subscribe observables?
06-24 03:02:47.963  1641  2204 W A       : Disposing empty manager. Did you forgot to subscribe observables?
06-24 03:02:47.963  1641  2204 W A       : Disposing empty manager. Did you forgot to subscribe observables?
06-24 03:02:47.963  1641  2204 W A       : Disposing empty manager. Did you forgot to subscribe observables?
06-24 03:02:47.963  1641  2204 W A       : Disposing empty manager. Did you forgot to subscribe observables?
06-24 03:02:47.963  1641  2204 W A       : Disposing empty manager. Did you forgot to subscribe observables?
06-24 03:02:47.963  1641  2204 I A       : Setting session to type: NO_SESSION
06-24 03:02:47.963  1641  2226 I A       : State changed: IDLE => IDLE by NGA_STATE_CHANGED and N/A with Optional.empty
06-24 03:02:47.963  1641  2204 W A       : Disposing empty manager. Did you forgot to subscribe observables?
06-24 03:02:47.963  1641  2204 W A       : Disposing empty manager. Did you forgot to subscribe observables?
06-24 03:02:47.963  1641  2204 W A       : Disposing empty manager. Did you forgot to subscribe observables?
06-24 03:02:47.963  1641  2204 W A       : Disposing empty manager. Did you forgot to subscribe observables?
06-24 03:02:47.963  1641  2204 W A       : Disposing empty manager. Did you forgot to subscribe observables?
06-24 03:02:47.963  1641  2204 W A       : Disposing empty manager. Did you forgot to subscribe observables?
06-24 03:02:47.963  1641  2204 W A       : Disposing empty manager. Did you forgot to subscribe observables?
06-24 03:02:47.963  1641  2226 I A       : Recognizer choice: (recognizer_type: 1, recognizer_mode: 1, choice_reason: 4)
06-24 03:02:47.963  1641  2204 W A       : Disposing empty manager. Did you forgot to subscribe observables?
06-24 03:02:47.963  1641  2204 I A       : setNavBarVisible: GestureNavBarVisible{navbarVisible=true}
06-24 03:02:47.963  1641  2204 W A       : Disposing empty manager. Did you forgot to subscribe observables?
06-24 03:02:47.963  1641  2204 W A       : Disposing empty manager. Did you forgot to subscribe observables?
06-24 03:02:47.963  1641  2204 W A       : Disposing empty manager. Did you forgot to subscribe observables?
06-24 03:02:47.963  1641  2204 W A       : Disposing empty manager. Did you forgot to subscribe observables?
06-24 03:02:47.963  1641  2204 W A       : Disposing empty manager. Did you forgot to subscribe observables?
06-24 03:02:47.963  1641  2204 W A       : Disposing empty manager. Did you forgot to subscribe observables?
06-24 03:02:47.963  1641  2204 I A       : onDisabled. Registered: false
06-24 03:02:47.963  1641  2226 I A       : onActiveStateChangeEvent: IDLE => IDLE
06-24 03:02:47.963  1641  2226 I A       : #onActiveStateChangeEvent, newState: IDLE, previousState: IDLE.
06-24 03:02:47.964   520   593 D CompatibilityChangeReporter: Compat change id reported: 197654537; UID 10192; state: ENABLED
06-24 03:02:47.965  1641  2226 I NgaEntryPointEventSendr: setupConnection
06-24 03:02:47.967   520   593 W ProcessStats: Tracking association SourceState{da8e878 com.google.android.googlequicksearchbox:search/10132 BFgs #14057} whose proc state 4 is better than process ProcessState{4d1bb53 com.google.process.gservices/10131 pkg=com.google.android.gsf} proc state 13 (62 skipped)
06-24 03:02:47.967  1597  1762 I AiAiEcho: #postPredictionTargets: Sending updates to UISurface lockscreen with targets# 0 (types=[])
06-24 03:02:47.968   833   833 W PageIndicator: Total number of pages invalid: 0. Assuming 1 page.
06-24 03:02:47.968  1702  1702 I A       : Creating pss binder().
06-24 03:02:47.969  1641  2226 I NgaEntryPointEventSendr: State changed: Disconnected => Connecting
06-24 03:02:47.970  1641  2226 I A       : stopListening(NGA_PAUSED_UNKNOWN_REASON, NGA_CREATE), idleOverride=NOT_LISTENING
06-24 03:02:47.970  1597  1762 I AiAiEcho: #postPredictionTargets: Sending updates to UISurface home with targets# 0 (types=[])
06-24 03:02:47.970   337   337 I Zygote  : Process 7477 exited due to signal 9 (Killed)
06-24 03:02:48.181     0     0 I BpBinder: onLastStrongRef automatically unlinking death recipients:
06-24 03:02:48.184     0     0 I servicemanager: Notifying artd they do (previously: don't) have clients when service is guaranteed to be in use
06-24 03:02:47.973  7838  7838 I artd    : Starting artd
06-24 03:02:47.973  7838  7838 I AidlLazyServiceRegistrar: Registering service artd
06-24 03:02:47.974  1641  2226 I NgaEntryPointEventSendr: onServiceConnected
06-24 03:02:47.975  1702  5134 I A       : Calling beginBinderSession().
06-24 03:02:47.980  1641  2204 I A       : Initialize
06-24 03:02:47.984  7838  7838 I AidlLazyServiceRegistrar: Process has 1 (of 1 available) client(s) in use after notification artd has clients: 1
06-24 03:02:47.986  1702  5134 I A       : beginBinderSession(): calling binder
06-24 03:02:47.987  1641  2226 I NgaEntryPointEventSendr: State changed: Connecting => Ready
06-24 03:02:47.988  1641  2204 I A       : on opa visibility changed false
06-24 03:02:47.989  1641  2204 I A       : on opa visibility changed false
06-24 03:02:48.009  1641  2204 I A       : Successfully initialized all components
06-24 03:02:48.223     0     0 I logd    : start watching /data/system/packages.list ...
06-24 03:02:48.225     0     0 I logd    : ReadPackageList, total packages: 201
06-24 03:02:48.025   520   593 W ActivityManager: Unable to start service Intent { cmp=com.google.android.apps.tachyon/.clientapi.ClientApiService } U=0: not found
06-24 03:02:48.027   520   573 D PackageManager: Instant App installer not found with android.intent.action.INSTALL_INSTANT_APP_PACKAGE
06-24 03:02:48.027   520   573 D PackageManager: Clear ephemeral installer activity
06-24 03:02:48.030   520  2864 E TaskPersister: File error accessing recents directory (directory doesn't exist?).
06-24 03:02:48.040  1702  2429 W A       : UiCallbackStub-onGenericEvent[ServiceEvent = 241] task was not run. Callback from Service received after client was disposed.
06-24 03:02:48.040  1702  2429 W A       : UiCallbackStub-onGenericEvent[ServiceEvent = 241] task was not run. Callback from Service received after client was disposed.
06-24 03:02:48.041  1641  2204 I NgaEntryPointEventSendr: State changed: Ready => Disconnected (onOpaDisconnected)
06-24 03:02:48.043  1702  2429 W A       : UiCallbackStub-onGenericEvent[ServiceEvent = 60] task was not run. Callback from Service received after client was disposed.
06-24 03:02:48.043  1702  2813 I PBSessionCacheImpl: Deleted sessionId[7487257431693011] from persistence.
06-24 03:02:48.045  1702  2429 W SearchServiceCore: Abort, client detached.
06-24 03:02:48.047   520   573 I ActivityManager: Force stopping dev.mobile.maestro appid=10199 user=0: pkg removed
06-24 03:02:48.053   336   369 I netd    : tetherGetStats() -> {[]} <0.34ms>
06-24 03:02:48.055   336   369 I netd    : bandwidthSetGlobalAlert(2097152) <0.11ms>
06-24 03:02:48.091  1048  1048 D CarrierSvcBindHelper: onPackageRemoved: dev.mobile.maestro
06-24 03:02:48.091  4255  4255 V MediaPlayerList: mPackageChangedBroadcastReceiver: action: android.intent.action.PACKAGE_REMOVED
06-24 03:02:48.091  4255  4255 V MediaPlayerList: mPackageChangedBroadcastReceiver: action: android.intent.action.PACKAGE_REMOVED
06-24 03:02:48.091  1048  1048 D CarrierSvcBindHelper: No carrier app for: 0
06-24 03:02:48.097   520   549 D ActivityManager: sync unfroze 2589 com.android.chrome for 3
06-24 03:02:48.104  1632  1632 W MediaProvider: WorkProfileOwnerApps cache is empty
06-24 03:02:48.109   520   549 D ActivityManager: sync unfroze 835 com.google.android.permissioncontroller for 3
06-24 03:02:48.130   520   757 W WifiService: Couldn't get PackageInfo for package:dev.mobile.maestro
06-24 03:02:48.131   520   757 D WifiService: Remove settings for package:dev.mobile.maestro
06-24 03:02:48.131   520   757 D WifiConfigManager: Remove all networks for app ApplicationInfo{97b5f07 dev.mobile.maestro}
06-24 03:02:48.132   520   770 E AppOps  : attributionTag VCN not declared in manifest of android
06-24 03:02:48.134   520   757 D WifiConfigStore: Writing to stores completed in 2 ms.
06-24 03:02:48.134   520   757 I PasspointManager: No app ops listener found for dev.mobile.maestro
06-24 03:02:48.135   520  2222 D SafetySourceDataValidator: No cert check requested for package com.google.android.permissioncontroller
06-24 03:02:48.138   520   621 I InputReader: Reconfiguring input devices, changes=KEYBOARD_LAYOUTS
06-24 03:02:48.141   520   548 W WindowMagnificationMgr: requestConnection duplicated request: connect=false, mConnectionState=DISCONNECTED
06-24 03:02:48.143   520   631 V StorageManagerService: Package dev.mobile.maestro does not have legacy storage
06-24 03:02:48.144   520   604 I RollbackManager: broadcast=ACTION_PACKAGE_FULLY_REMOVED pkg=dev.mobile.maestro
06-24 03:02:48.144   520   520 D ActivityManager: sync unfroze 1992 com.android.keychain for 10
06-24 03:02:48.145   520   757 W WifiService: Couldn't get PackageInfo for package:dev.mobile.maestro
06-24 03:02:48.145   520   757 D WifiService: Remove settings for package:dev.mobile.maestro
06-24 03:02:48.145   520   757 D WifiConfigManager: Remove all networks for app ApplicationInfo{548c4d0 dev.mobile.maestro}
06-24 03:02:48.146   520   520 D ActivityManager: sync unfroze 1050 com.android.settings for 10
06-24 03:02:48.148   520   520 D ActivityManager: sync unfroze 3546 com.android.dynsystem:dynsystem for 10
06-24 03:02:48.149   520   520 D ActivityManager: sync unfroze 3488 com.android.dynsystem for 10
06-24 03:02:48.149   520   520 D ActivityManager: sync unfroze 2383 com.android.localtransport for 10
06-24 03:02:48.150   833   877 D StylusManager: Stylus InputDevice changed: 12 virtio_input_multi_touch_9
06-24 03:02:48.152   520   757 D WifiConfigStore: Writing to stores completed in 6 ms.
06-24 03:02:48.152   520   757 I PasspointManager: No app ops listener found for dev.mobile.maestro
06-24 03:02:48.155   520   549 I ActivityManager: Force stopping dev.mobile.maestro.test appid=10200 user=-1: deletePackageX
06-24 03:02:48.155   520   549 E libprocessgroup: No such cgroup attribute: /sys/fs/cgroup/uid_4294877496/cgroup.freeze
06-24 03:02:48.155   520   549 W libprocessgroup: Failed to apply Frozen process profile: No such file or directory
06-24 03:02:48.156   520   549 E libprocessgroup: No such cgroup attribute: /sys/fs/cgroup/uid_4294877496/cgroup.freeze
06-24 03:02:48.156   520   549 W libprocessgroup: Failed to apply Unfrozen process profile: No such file or directory
06-24 03:02:48.388     0     0 I logd    : start watching /data/system/packages.list ...
06-24 03:02:48.390     0     0 I logd    : ReadPackageList, total packages: 200
06-24 03:02:48.197   520   573 D PackageManager: Instant App installer not found with android.intent.action.INSTALL_INSTANT_APP_PACKAGE
06-24 03:02:48.197   520   573 D PackageManager: Clear ephemeral installer activity
06-24 03:02:48.199   520  2864 E TaskPersister: File error accessing recents directory (directory doesn't exist?).
06-24 03:02:48.200   520   520 I Telecom : CarModeTracker: Package dev.mobile.maestro is not tracked.: SSH.oR@AQc🔒
06-24 03:02:48.201   520   520 I Telecom : InCallController: updateCarModeForConnections: car mode apps: : SSH.oR@AQc🔒
06-24 03:02:48.201   520   520 I Telecom : InCallController: update carmode current:UserHandle{0} parent:null: SSH.oR@AQc🔒
06-24 03:02:48.202  1632  2635 I MediaProvider: Begin Intent { act=android.intent.action.PACKAGE_FULLY_REMOVED dat=package: flg=0x5000010 cmp=com.google.android.providers.media.module/com.android.providers.media.MediaService (has extras) }
06-24 03:02:48.204   833   877 D StylusManager: Stylus InputDevice changed: 11 virtio_input_multi_touch_8
06-24 03:02:48.204  1632  2635 D MediaProvider: Deleted 0 Android/media items belonging to dev.mobile.maestro on /data/user/0/com.google.android.providers.media.module/databases/external.db
06-24 03:02:48.205   520   610 I RoleService: Granting default roles...
06-24 03:02:48.209   833   833 D ControlsListingControllerImpl: ServiceConfig reloaded, count: 0
06-24 03:02:48.210   520   549 D ActivityManager: sync unfroze 2452 com.google.android.documentsui for 3
06-24 03:02:48.211   520   520 I ConditionProviders: Disallowing condition provider dev.mobile.maestro (userSet: true)
06-24 03:02:48.217   835   835 D PersistedStoragePackageUninstalledReceiver: Received android.intent.action.PACKAGE_FULLY_REMOVED for dev.mobile.maestro for u0
06-24 03:02:48.220  1632  2635 D MediaGrants: Removed 0 media_grants for 0 user for dev.mobile.maestro. Reason: Package orphaned
06-24 03:02:48.221   520   573 I ActivityManager: Force stopping dev.mobile.maestro.test appid=10200 user=0: pkg removed
06-24 03:02:48.221   520   573 E libprocessgroup: No such cgroup attribute: /sys/fs/cgroup/uid_10200/cgroup.freeze
06-24 03:02:48.221   520   573 W libprocessgroup: Failed to apply Frozen process profile: No such file or directory
06-24 03:02:48.222   520   573 E libprocessgroup: No such cgroup attribute: /sys/fs/cgroup/uid_10200/cgroup.freeze
06-24 03:02:48.222   520   573 W libprocessgroup: Failed to apply Unfrozen process profile: No such file or directory
06-24 03:02:48.225   833   877 D StylusManager: Stylus InputDevice changed: 10 virtio_input_multi_touch_7
06-24 03:02:48.227   833   877 D StylusManager: Stylus InputDevice changed: 7 virtio_input_multi_touch_4
06-24 03:02:48.228   833   877 D StylusManager: Stylus InputDevice changed: 8 virtio_input_multi_touch_5
06-24 03:02:48.228   833   877 D StylusManager: Stylus InputDevice changed: 5 virtio_input_multi_touch_2
06-24 03:02:48.228   833   877 D StylusManager: Stylus InputDevice changed: 13 virtio_input_multi_touch_10
06-24 03:02:48.228   833   877 D StylusManager: Stylus InputDevice changed: 4 virtio_input_multi_touch_1
06-24 03:02:48.228   833   877 D StylusManager: Stylus InputDevice changed: 9 virtio_input_multi_touch_6
06-24 03:02:48.229   833   877 D StylusManager: Stylus InputDevice changed: 14 virtio_input_multi_touch_11
06-24 03:02:48.229   833   877 D StylusManager: Stylus InputDevice changed: 6 virtio_input_multi_touch_3
06-24 03:02:48.231  1632  2635 I MediaProvider: End Intent { act=android.intent.action.PACKAGE_FULLY_REMOVED dat=package: flg=0x5000010 cmp=com.google.android.providers.media.module/com.android.providers.media.MediaService (has extras) }
06-24 03:02:48.246  1048  1048 D CarrierSvcBindHelper: onPackageRemoved: dev.mobile.maestro.test
06-24 03:02:48.246  1048  1048 D CarrierSvcBindHelper: No carrier app for: 0
06-24 03:02:48.248   520   549 D ActivityManager: sync unfroze 2292 android.process.media for 3
06-24 03:02:48.248  4255  4255 V MediaPlayerList: mPackageChangedBroadcastReceiver: action: android.intent.action.PACKAGE_REMOVED
06-24 03:02:48.248  4255  4255 V MediaPlayerList: mPackageChangedBroadcastReceiver: action: android.intent.action.PACKAGE_REMOVED
06-24 03:02:48.258   398   411 D AF::TrackHandle: OpPlayAudio: track:55 usage:13 not muted
06-24 03:02:48.260   398   411 D AF::TrackHandle: OpPlayAudio: track:55 usage:13 not muted
06-24 03:02:48.260  1597  1597 I AiAiEcho: AppFetcherImplV2 onPackageRemoved dev.mobile.maestro.
06-24 03:02:48.262   398   411 D AF::TrackHandle: OpPlayAudio: track:55 usage:13 not muted
06-24 03:02:48.264  1095  1095 D Launcher.Model: package removed received dev.mobile.maestro
06-24 03:02:48.264  1095  1158 D PackageUpdatedTask: Removing app icondev.mobile.maestro
06-24 03:02:48.264   398   411 D AF::TrackHandle: OpPlayAudio: track:55 usage:13 not muted
06-24 03:02:48.265   398   411 D AF::TrackHandle: OpPlayAudio: track:55 usage:13 not muted
06-24 03:02:48.265   398   411 D AF::TrackHandle: OpPlayAudio: track:55 usage:13 not muted
06-24 03:02:48.267   398   411 D AF::TrackHandle: OpPlayAudio: track:55 usage:13 not muted
06-24 03:02:48.273   398   411 D AF::TrackHandle: OpPlayAudio: track:55 usage:13 not muted
06-24 03:02:48.273   520   534 D ActivityManager: sync unfroze 5222 com.google.android.gms for 6
06-24 03:02:48.274   398   411 D AF::TrackHandle: OpPlayAudio: track:55 usage:13 not muted
06-24 03:02:48.280   398   411 D AF::TrackHandle: OpPlayAudio: track:55 usage:13 not muted
06-24 03:02:48.281   398   411 D AF::TrackHandle: OpPlayAudio: track:55 usage:13 not muted
06-24 03:02:48.281   398   411 D AF::TrackHandle: OpPlayAudio: track:55 usage:13 not muted
06-24 03:02:48.282   398   411 D AF::TrackHandle: OpPlayAudio: track:55 usage:13 not muted
06-24 03:02:48.282   398   411 D AF::TrackHandle: OpPlayAudio: track:55 usage:13 not muted
06-24 03:02:48.282   398   411 D AF::TrackHandle: OpPlayAudio: track:55 usage:13 not muted
06-24 03:02:48.284  1597  1795 I AiAiEcho: EchoSearch: WidgetFetcherImpl is initialized with [28] widgets [reason=package removed for userId: 0]
06-24 03:02:48.285  1597  1762 I AiAiEcho: [pnb-agg] Reload pnb aggregation on events deleted
06-24 03:02:48.285  1597  1762 I AiAiEcho: [pnb-agg] pnb aggregation disabled.
06-24 03:02:48.285   398   411 D AF::TrackHandle: OpPlayAudio: track:55 usage:13 not muted
06-24 03:02:48.293  1632  1632 W MediaProvider: WorkProfileOwnerApps cache is empty
06-24 03:02:48.302   520   770 E AppOps  : attributionTag VCN not declared in manifest of android
06-24 03:02:48.303   520   757 W WifiService: Couldn't get PackageInfo for package:dev.mobile.maestro.test
06-24 03:02:48.303   520   757 D WifiService: Remove settings for package:dev.mobile.maestro.test
06-24 03:02:48.303   520   757 D WifiConfigManager: Remove all networks for app ApplicationInfo{98d92f1 dev.mobile.maestro.test}
06-24 03:02:48.304   520   631 V StorageManagerService: Package dev.mobile.maestro.test does not have legacy storage
06-24 03:02:48.304   520   604 I RollbackManager: broadcast=ACTION_PACKAGE_FULLY_REMOVED pkg=dev.mobile.maestro.test
06-24 03:02:48.305   520   621 I InputReader: Reconfiguring input devices, changes=KEYBOARD_LAYOUTS
06-24 03:02:48.312   520   757 D WifiConfigStore: Writing to stores completed in 2 ms.
06-24 03:02:48.315   833   877 D StylusManager: Stylus InputDevice changed: 12 virtio_input_multi_touch_9
06-24 03:02:48.315   833   877 D StylusManager: Stylus InputDevice changed: 11 virtio_input_multi_touch_8
06-24 03:02:48.316   833   877 D StylusManager: Stylus InputDevice changed: 10 virtio_input_multi_touch_7
06-24 03:02:48.316   833   877 D StylusManager: Stylus InputDevice changed: 7 virtio_input_multi_touch_4
06-24 03:02:48.316   833   877 D StylusManager: Stylus InputDevice changed: 8 virtio_input_multi_touch_5
06-24 03:02:48.317   520   757 I PasspointManager: No app ops listener found for dev.mobile.maestro.test
06-24 03:02:48.318   520   757 W WifiService: Couldn't get PackageInfo for package:dev.mobile.maestro.test
06-24 03:02:48.319   833   877 D StylusManager: Stylus InputDevice changed: 5 virtio_input_multi_touch_2
06-24 03:02:48.319   520   757 D WifiService: Remove settings for package:dev.mobile.maestro.test
06-24 03:02:48.319   833   877 D StylusManager: Stylus InputDevice changed: 13 virtio_input_multi_touch_10
06-24 03:02:48.319   833   877 D StylusManager: Stylus InputDevice changed: 4 virtio_input_multi_touch_1
06-24 03:02:48.319   833   877 D StylusManager: Stylus InputDevice changed: 9 virtio_input_multi_touch_6
06-24 03:02:48.319   520   757 D WifiConfigManager: Remove all networks for app ApplicationInfo{ad81a61 dev.mobile.maestro.test}
06-24 03:02:48.319   833   877 D StylusManager: Stylus InputDevice changed: 14 virtio_input_multi_touch_11
06-24 03:02:48.319   833   877 D StylusManager: Stylus InputDevice changed: 6 virtio_input_multi_touch_3
06-24 03:02:48.322   336   369 I netd    : tetherGetStats() -> {[]} <0.29ms>
06-24 03:02:48.325   520   520 D OomAdjuster: Not killing cached processes
06-24 03:02:48.327   520   520 I Telecom : CarModeTracker: Package dev.mobile.maestro.test is not tracked.: SSH.oR@AQo🔒
06-24 03:02:48.328   520   520 I Telecom : InCallController: updateCarModeForConnections: car mode apps: : SSH.oR@AQo🔒
06-24 03:02:48.328   520   520 I Telecom : InCallController: update carmode current:UserHandle{0} parent:null: SSH.oR@AQo🔒
06-24 03:02:48.330   336   369 I netd    : bandwidthRemoveInterfaceQuota(eth0) <0.54ms>
06-24 03:02:48.330   336   369 I netd    : bandwidthSetInterfaceQuota(eth0, 9223372036854775807) <0.27ms>
06-24 03:02:48.346   520   757 D WifiConfigStore: Writing to stores completed in 26 ms.
06-24 03:02:48.346   520   757 I PasspointManager: No app ops listener found for dev.mobile.maestro.test
06-24 03:02:48.358  1095  1158 D ModelWriter: removing items from db . Reason: [removed because the corresponding package or component is removed. mOp=3 removedPackages=[dev.mobile.maestro] removedComponents=[]]
06-24 03:02:48.370   520   529 I system_server: Background concurrent copying GC freed 451972(19MB) AllocSpace objects, 64(1728KB) LOS objects, 39% free, 36MB/60MB, paused 124us,177us total 339.610ms
06-24 03:02:48.377   835  7872 E RoleControllerServiceImpl: Default/fallback role holder package doesn't qualify for the role, package: com.google.android.gms.supervision, role: android.app.role.SYSTEM_SUPERVISION
06-24 03:02:48.383   835  7872 I Role    : com.google.android.gms not qualified for android.app.role.SYSTEM_CALL_STREAMING due to missing RequiredComponent{mIntentFilterData=IntentFilterData{mAction='android.telecom.CallStreamingService', mCategories='[]', mDataScheme='null', mDataType='null'}, mMinTargetSdkVersion=1, mFlags='0', mPermission='android.permission.BIND_CALL_STREAMING_SERVICE', mQueryFlags=0, mMetaData=[]}
06-24 03:02:48.383   835  7872 E RoleControllerServiceImpl: Default/fallback role holder package doesn't qualify for the role, package: com.google.android.gms, role: android.app.role.SYSTEM_CALL_STREAMING
06-24 03:02:48.384   835  7872 W Role    : Default holder doesn't have required signing certificate: com.google.android.apps.work.clouddpc:23962F4B43B9857638EA66F4D419518EAE282491ACDA4B94707BD59003C45E58
06-24 03:02:48.384  5222  5222 D BoundBrokerSvc: onBind: Intent { act=com.google.android.gms.common.BIND_SHARED_PREFS pkg=com.google.android.gms }
06-24 03:02:48.384  5222  5222 D BoundBrokerSvc: Loading bound service for intent: Intent { act=com.google.android.gms.common.BIND_SHARED_PREFS pkg=com.google.android.gms }
06-24 03:02:48.403  5222  5222 D BoundBrokerSvc: onUnbind: Intent { act=com.google.android.gms.common.BIND_SHARED_PREFS pkg=com.google.android.gms }
06-24 03:02:48.403   520   548 W WindowMagnificationMgr: requestConnection duplicated request: connect=false, mConnectionState=DISCONNECTED
06-24 03:02:48.405   520   530 W JavaBinder: BinderProxy is being destroyed but the application did not call unlinkToDeath to unlink all of its death recipients beforehand.  Releasing leaked death recipient: com.android.server.wm.ActivityRecord$$ExternalSyntheticLambda0
06-24 03:02:48.405   520   530 I BpBinder: onLastStrongRef automatically unlinking death recipients: 
06-24 03:02:48.413   833   833 D ControlsListingControllerImpl: ServiceConfig reloaded, count: 0
06-24 03:02:48.413  1547  1755 W AppInfoHelper: <DWB> Application not found: dev.mobile.maestro.test
06-24 03:02:48.413  1547  1755 W AppInfoHelper: android.content.pm.PackageManager$NameNotFoundException: dev.mobile.maestro.test
06-24 03:02:48.413  1547  1755 W AppInfoHelper: 	at android.app.ApplicationPackageManager.getApplicationInfoAsUser(ApplicationPackageManager.java:507)
06-24 03:02:48.413  1547  1755 W AppInfoHelper: 	at android.app.ApplicationPackageManager.getApplicationInfo(ApplicationPackageManager.java:490)
06-24 03:02:48.413  1547  1755 W AppInfoHelper: 	at android.app.ApplicationPackageManager.getApplicationInfo(ApplicationPackageManager.java:484)
06-24 03:02:48.413  1547  1755 W AppInfoHelper: 	at czo.e(PG:2)
06-24 03:02:48.413  1547  1755 W AppInfoHelper: 	at czo.f(PG:7)
06-24 03:02:48.413  1547  1755 W AppInfoHelper: 	at crm.f(PG:14)
06-24 03:02:48.413  1547  1755 W AppInfoHelper: 	at cdm.apply(PG:74)
06-24 03:02:48.413  1547  1755 W AppInfoHelper: 	at j$.util.stream.i.accept(SourceFile:27)
06-24 03:02:48.413  1547  1755 W AppInfoHelper: 	at j$.util.stream.P0.accept(SourceFile:3)
06-24 03:02:48.413  1547  1755 W AppInfoHelper: 	at j$.util.a.forEachRemaining(SourceFile:20)
06-24 03:02:48.413  1547  1755 W AppInfoHelper: 	at j$.util.stream.c.v(SourceFile:21)
06-24 03:02:48.413  1547  1755 W AppInfoHelper: 	at j$.util.stream.c.C(SourceFile:8)
06-24 03:02:48.413  1547  1755 W AppInfoHelper: 	at j$.util.stream.I0.e(SourceFile:1)
06-24 03:02:48.413  1547  1755 W AppInfoHelper: 	at j$.util.stream.c.F(SourceFile:35)
06-24 03:02:48.413  1547  1755 W AppInfoHelper: 	at j$.util.stream.g1.collect(SourceFile:83)
06-24 03:02:48.413  1547  1755 W AppInfoHelper: 	at bsv.a(PG:14)
06-24 03:02:48.413  1547  1755 W AppInfoHelper: 	at jza.a(PG:30)
06-24 03:02:48.413  1547  1755 W AppInfoHelper: 	at jza.a(PG:42)
06-24 03:02:48.413  1547  1755 W AppInfoHelper: 	at lne.a(PG:1)
06-24 03:02:48.413  1547  1755 W AppInfoHelper: 	at lmk.run(PG:4)
06-24 03:02:48.413  1547  1755 W AppInfoHelper: 	at lng.run(PG:1)
06-24 03:02:48.413  1547  1755 W AppInfoHelper: 	at llo.run(PG:3)
06-24 03:02:48.413  1547  1755 W AppInfoHelper: 	at idn.run(PG:5)
06-24 03:02:48.413  1547  1755 W AppInfoHelper: 	at java.util.concurrent.ThreadPoolExecutor.runWorker(ThreadPoolExecutor.java:1145)
06-24 03:02:48.413  1547  1755 W AppInfoHelper: 	at java.util.concurrent.ThreadPoolExecutor$Worker.run(ThreadPoolExecutor.java:644)
06-24 03:02:48.413  1547  1755 W AppInfoHelper: 	at huo.run(PG:51)
06-24 03:02:48.413  1547  1755 W AppInfoHelper: 	at java.lang.Thread.run(Thread.java:1012)
06-24 03:02:48.413  1547  1755 W AppInfoHelper: 	at idx.run(PG:5)
06-24 03:02:48.428  5141  5148 I .gms.persistent: Background concurrent copying GC freed 334157(12MB) AllocSpace objects, 5(160KB) LOS objects, 49% free, 14MB/28MB, paused 26us,18us total 108.223ms
06-24 03:02:48.437   336   369 I netd    : tetherGetStats() -> {[]} <0.62ms>
06-24 03:02:48.445   520   520 I ConditionProviders: Disallowing condition provider dev.mobile.maestro.test (userSet: true)
06-24 03:02:48.451  5222  5222 D BoundBrokerSvc: onBind: Intent { act=com.google.android.gms.common.BIND_SHARED_PREFS pkg=com.google.android.gms }
06-24 03:02:48.451  5222  5222 D BoundBrokerSvc: Loading bound service for intent: Intent { act=com.google.android.gms.common.BIND_SHARED_PREFS pkg=com.google.android.gms }
06-24 03:02:48.453  1597  1597 I AiAiEcho: AppFetcherImplV2 onPackageRemoved dev.mobile.maestro.test.
06-24 03:02:48.458  5222  5222 D BoundBrokerSvc: onUnbind: Intent { act=com.google.android.gms.common.BIND_SHARED_PREFS pkg=com.google.android.gms }
06-24 03:02:48.460   520  2256 D SafetySourceDataValidator: No cert check requested for package com.google.android.permissioncontroller
06-24 03:02:48.461  1597  1762 I AiAiEcho: [pnb-agg] Reload pnb aggregation on events deleted
06-24 03:02:48.461  1597  1762 I AiAiEcho: [pnb-agg] pnb aggregation disabled.
06-24 03:02:48.468  1095  1095 D Launcher.Model: package removed received dev.mobile.maestro.test
06-24 03:02:48.473  1632  2635 I MediaProvider: Begin Intent { act=android.intent.action.PACKAGE_FULLY_REMOVED dat=package: flg=0x5000010 cmp=com.google.android.providers.media.module/com.android.providers.media.MediaService (has extras) }
06-24 03:02:48.473  1632  2635 D MediaProvider: Deleted 0 Android/media items belonging to dev.mobile.maestro.test on /data/user/0/com.google.android.providers.media.module/databases/external.db
06-24 03:02:48.473  1095  1158 D PackageUpdatedTask: Removing app icondev.mobile.maestro.test
06-24 03:02:48.476   398   411 D AF::TrackHandle: OpPlayAudio: track:55 usage:13 not muted
06-24 03:02:48.483   398   411 D AF::TrackHandle: OpPlayAudio: track:55 usage:13 not muted
06-24 03:02:48.484   398   411 D AF::TrackHandle: OpPlayAudio: track:55 usage:13 not muted
06-24 03:02:48.484   398   411 D AF::TrackHandle: OpPlayAudio: track:55 usage:13 not muted
06-24 03:02:48.484   398   411 D AF::TrackHandle: OpPlayAudio: track:55 usage:13 not muted
06-24 03:02:48.484   398   411 D AF::TrackHandle: OpPlayAudio: track:55 usage:13 not muted
06-24 03:02:48.485   398   411 D AF::TrackHandle: OpPlayAudio: track:55 usage:13 not muted
06-24 03:02:48.485   398   411 D AF::TrackHandle: OpPlayAudio: track:55 usage:13 not muted
06-24 03:02:48.486   398   411 D AF::TrackHandle: OpPlayAudio: track:55 usage:13 not muted
06-24 03:02:48.486   398   411 D AF::TrackHandle: OpPlayAudio: track:55 usage:13 not muted
06-24 03:02:48.486   398   411 D AF::TrackHandle: OpPlayAudio: track:55 usage:13 not muted
06-24 03:02:48.486   398   411 D AF::TrackHandle: OpPlayAudio: track:55 usage:13 not muted
06-24 03:02:48.486   398   411 D AF::TrackHandle: OpPlayAudio: track:55 usage:13 not muted
06-24 03:02:48.486   398   411 D AF::TrackHandle: OpPlayAudio: track:55 usage:13 not muted
06-24 03:02:48.486   398   411 D AF::TrackHandle: OpPlayAudio: track:55 usage:13 not muted
06-24 03:02:48.487   398   411 D AF::TrackHandle: OpPlayAudio: track:55 usage:13 not muted
06-24 03:02:48.488  1597  1795 I AiAiEcho: EchoSearch: WidgetFetcherImpl is initialized with [28] widgets [reason=package removed for userId: 0]
06-24 03:02:48.498  1632  2635 D MediaGrants: Removed 0 media_grants for 0 user for dev.mobile.maestro.test. Reason: Package orphaned
06-24 03:02:48.499  1632  2635 I MediaProvider: End Intent { act=android.intent.action.PACKAGE_FULLY_REMOVED dat=package: flg=0x5000010 cmp=com.google.android.providers.media.module/com.android.providers.media.MediaService (has extras) }
06-24 03:02:48.505  1095  1158 D ModelWriter: removing items from db . Reason: [removed because the corresponding package or component is removed. mOp=3 removedPackages=[dev.mobile.maestro.test] removedComponents=[]]
06-24 03:02:48.511   835   835 D PersistedStoragePackageUninstalledReceiver: Received android.intent.action.PACKAGE_FULLY_REMOVED for dev.mobile.maestro.test for u0
06-24 03:02:48.524  5222  7888 W SQLiteLog: (28) double-quoted string literal: "dev.mobile.maestro"
06-24 03:02:48.525  5222  7875 I BlockstoreStorage: Clearing all the Blockstore Data for package dev.mobile.maestro [CONTEXT service_id=258 ]
06-24 03:02:48.525  5222  7875 I BlockstoreStorage: Clearing all the Blockstore Data for 1 packages [CONTEXT service_id=258 ]
06-24 03:02:48.527  5222  5350 I Icing   : doRemovePackageData dev.mobile.maestro
06-24 03:02:48.530  5141  7880 I ProximityAuth: [RecentAppsMediator] Package removed: (user=UserHandle{0}) dev.mobile.maestro
06-24 03:02:48.544  5222  7888 I BlockstoreStorage: Clearing all the Blockstore Data for package dev.mobile.maestro.test [CONTEXT service_id=258 ]
06-24 03:02:48.544  5222  7888 I BlockstoreStorage: Clearing all the Blockstore Data for 1 packages [CONTEXT service_id=258 ]
06-24 03:02:48.548  5222  5257 I Icing   : doRemovePackageData dev.mobile.maestro.test
06-24 03:02:48.551  5222  7878 W SQLiteLog: (28) double-quoted string literal: "dev.mobile.maestro.test"
06-24 03:02:48.567  5222  5254 I Icing   : IndexChimeraService.getServiceInterface callingPackage=com.google.android.gms componentName=AppsCorpus serviceId=36
06-24 03:02:48.586  5141  7881 I Fitness : FitCleanupIntentOperation received Intent android.intent.action.PACKAGE_REMOVED [CONTEXT service_id=17 ]
06-24 03:02:48.598  1641  1641 I GsaVoiceInteractionSrv: O received Intent { act=android.intent.action.PACKAGE_REMOVED dat=package: flg=0x4000010 (has extras) }
06-24 03:02:48.599  1641  1641 I GsaVoiceInteractionSrv: O received Intent { act=android.intent.action.PACKAGE_REMOVED dat=package: flg=0x4000010 (has extras) }
06-24 03:02:48.610  5141  7881 I ProximityAuth: [RecentAppsMediator] Package removed: (user=UserHandle{0}) dev.mobile.maestro.test
06-24 03:02:48.614  5222  5222 D BoundBrokerSvc: onBind: Intent { act=com.google.android.gms.feedback.internal.IFeedbackService dat=chimera-action:/... cmp=com.google.android.gms/.chimera.GmsBoundBrokerService }
06-24 03:02:48.614  5222  5222 D BoundBrokerSvc: Loading bound service for intent: Intent { act=com.google.android.gms.feedback.internal.IFeedbackService dat=chimera-action:/... cmp=com.google.android.gms/.chimera.GmsBoundBrokerService }
06-24 03:02:48.618  5141  7881 I Fitness : FitCleanupIntentOperation received Intent android.intent.action.PACKAGE_REMOVED [CONTEXT service_id=17 ]
06-24 03:02:48.627  1702  2429 W SearchServiceCore: Abort, client detached.
06-24 03:02:48.651   520   534 D CompatibilityChangeReporter: Compat change id reported: 161252188; UID 10192; state: DISABLED
06-24 03:02:48.653  5222  5254 I Icing   : IndexChimeraService.getServiceInterface callingPackage=com.google.android.gms componentName=null serviceId=30
06-24 03:02:48.655  5222  5257 I Icing   : Usage reports ok 1, Failed Usage reports 0, indexed 0, rejected 0
06-24 03:02:48.661  7912  7912 W BpBinder: Linking to death on android.gui.ISurfaceComposer but there are no threads (yet?) listening to incoming transactions. See ProcessState::startThreadPool and ProcessState::setThreadPoolMaxThreadCount. Generally you should setup the binder threadpool before other initialization steps.
06-24 03:02:48.662  7912  7912 W ProcessState: Extra binder thread started, but 0 threads requested. Do not use *startThreadPool when zero threads are requested.
06-24 03:02:48.872     0     0 I servicemanager: Could not find android.hardware.graphics.allocator.IAllocator/default in the VINTF manifest.
06-24 03:02:48.672  5222  5257 I Icing   : Usage reports ok 0, Failed Usage reports 0, indexed 0, rejected 0
06-24 03:02:48.672   135   135 I hwservicemanager: getTransport: Cannot find entry android.hardware.graphics.mapper@4.0::IMapper/default in either framework or device VINTF manifest.
06-24 03:02:48.672  7912  7916 I Gralloc4: mapper 4.x is not supported
06-24 03:02:48.676  5222  6867 I Icing   : Indexing com.google.android.gms-apps from com.google.android.gms
06-24 03:02:48.678   833   833 D TileServices: Couldn't find tile for ComponentInfo{com.google.android.apps.wellbeing/com.google.android.apps.wellbeing.focusmode.quicksettings.FocusModeTileService}(0)
06-24 03:02:48.682  5222  6867 I Icing   : Indexing done com.google.android.gms-apps
06-24 03:02:48.682  5222  6867 I Icing   : Indexing com.google.android.gms-apps from com.google.android.gms
06-24 03:02:48.683  5222  6867 I Icing   : Indexing done com.google.android.gms-apps
06-24 03:02:48.727   833   833 D TileServices: Couldn't find tile for ComponentInfo{com.google.android.apps.wellbeing/com.google.android.apps.wellbeing.focusmode.quicksettings.FocusModeTileService}(0)
