06-24 03:04:07.230   833   833 D TileServices: Couldn't find tile for ComponentInfo{com.google.android.apps.wellbeing/com.google.android.apps.wellbeing.focusmode.quicksettings.FocusModeTileService}(0)
06-24 03:04:07.279  8493  8493 D nativeloader: InitDefaultPublicLibraries for_preload=1: libandroid.so:libaaudio.so:libamidi.so:libbinder_ndk.so:libc.so:libcamera2ndk.so:libdl.so:libEGL.so:libGLESv1_CM.so:libGLESv2.so:libGLESv3.so:libicu.so:libicui18n.so:libicuuc.so:libjnigraphics.so:liblog.so:libmediandk.so:libm.so:libnativehelper.so:libnativewindow.so:libOpenMAXAL.so:libOpenSLES.so:libRS.so:libstdc++.so:libsync.so:libvulkan.so:libwebviewchromium_plat_support.so:libz.so
06-24 03:04:07.290  8493  8493 D app_process: Time zone APEX ICU file found: /apex/com.android.tzdata/etc/icu/icu_tzdata.dat
06-24 03:04:07.290  8493  8493 D app_process: I18n APEX ICU file found: /apex/com.android.i18n/etc/icu/icudt72l.dat
06-24 03:04:07.298  8493  8493 W app_process: Unexpected CPU variant for x86: x86_64.
06-24 03:04:07.298  8493  8493 W app_process: Known variants: atom, sandybridge, silvermont, goldmont, goldmont-plus, tremont, kabylake, default
06-24 03:04:07.300  8493  8493 W app_process: ClassLoaderContext shared library size mismatch. Expected=2, found=0 (PCL[]{PCL[/system/framework/android.test.base.jar*836642756]#PCL[/system/framework/android.test.mock.jar*3186112116]} | PCL[])
06-24 03:04:07.301  8493  8493 W app_process: ClassLoaderContext classpath size mismatch. expected=0, found=1 (PCL[]{PCL[/system/framework/android.test.runner.jar*4168958247]{PCL[/system/framework/android.test.base.jar*836642756]#PCL[/system/framework/android.test.mock.jar*3186112116]}#PCL[/system/framework/android.test.base.jar*836642756]} | PCL[/system/framework/android.test.runner.jar*4168958247])
06-24 03:04:07.315  8493  8493 W libc    : Access denied finding property "ro.product.name_for_attestation"
06-24 03:04:07.315  8493  8493 W libc    : Access denied finding property "ro.product.brand_for_attestation"
06-24 03:04:07.315  8493  8493 W libc    : Access denied finding property "ro.product.model_for_attestation"
06-24 03:04:07.317  8493  8493 D AndroidRuntime: Calling main entry com.android.commands.uiautomator.Launcher
06-24 03:04:07.318  8493  8493 D UiAutomationConnection: Created on user UserHandle{0}
06-24 03:04:07.318  8493  8493 I UiAutomation: Initialized for user 0 on display 0
06-24 03:04:07.318  8493  8493 W UiAutomation: Created with deprecatead constructor, assumes DEFAULT_DISPLAY
06-24 03:04:07.310  8493  8493 W main    : type=1400 audit(0.0:84): avc:  denied  { read } for  name="u:object_r:build_attestation_prop:s0" dev="tmpfs" ino=86 scontext=u:r:shell:s0 tcontext=u:object_r:build_attestation_prop:s0 tclass=file permissive=0
06-24 03:04:07.319   520  2258 D AccessibilityManagerService: changeCurrentUserForTestAutomationIfNeededLocked(0): ignoring because device doesn't support visible background users
06-24 03:04:07.320   520  2258 I UiAutomationManager: Registering UiTestAutomationService (id=com.android.server.accessibility/UiAutomation) when called by user 0
06-24 03:04:07.321   520  2258 W WindowMagnificationMgr: requestConnection duplicated request: connect=false, mConnectionState=DISCONNECTED
06-24 03:04:07.322   520   520 D BatterySaverPolicy: accessibility changed to true, updating policy.
06-24 03:04:07.323  1597  3293 I AiAiEcho: Settings changed for uri: content://settings/secure/accessibility_enabled
06-24 03:04:07.323  1597  1762 I AiAiEcho: Predicting[0]: 
06-24 03:04:07.323  1597  1762 I AiAiEcho: EchoTargets: 
06-24 03:04:07.323  1597  1762 I AiAiEcho: Filtered by AiAi flag check: 
06-24 03:04:07.323  1597  1762 I AiAiEcho: Ranked targets strategy: SORT, count: 0, ranking metadata: 
06-24 03:04:07.323  1597  1762 I AiAiEcho: Predicting[0]: 
06-24 03:04:07.324  1597  1762 I AiAiEcho: EchoTargets: 
06-24 03:04:07.324  1597  1762 I AiAiEcho: Filtered by AiAi flag check: 
06-24 03:04:07.325  1597  1762 I AiAiEcho: Ranked targets strategy: SORT, count: 0, ranking metadata: 
06-24 03:04:07.326  1597  1762 I AiAiEcho: #postPredictionTargets: Sending updates to UISurface lockscreen with targets# 0 (types=[])
06-24 03:04:07.326  1597  1762 I AiAiEcho: #postPredictionTargets: Sending updates to UISurface home with targets# 0 (types=[])
06-24 03:04:07.327   833   833 W PageIndicator: Total number of pages invalid: 0. Assuming 1 page.
06-24 03:04:07.310  8493  8493 W main    : type=1400 audit(0.0:85): avc:  denied  { read } for  name="u:object_r:build_attestation_prop:s0" dev="tmpfs" ino=86 scontext=u:r:shell:s0 tcontext=u:object_r:build_attestation_prop:s0 tclass=file permissive=0
06-24 03:04:07.327  1702  2385 I A       : NGA disabled since it's running Panthera and at least one a11y feature is on.
06-24 03:04:07.327  1702  2385 I A       : Nga state changed to NgaStateDetails{state=DISABLED, isSpecialExperience=false}
06-24 03:04:07.330   520  1734 W WindowMagnificationMgr: requestConnection duplicated request: connect=false, mConnectionState=DISCONNECTED
06-24 03:04:07.330  8493  8506 V UiAutomation: Init UiAutomation@7418597[id=11, displayId=0, flags=0]
06-24 03:04:07.310  8493  8493 W main    : type=1400 audit(0.0:86): avc:  denied  { read } for  name="u:object_r:build_attestation_prop:s0" dev="tmpfs" ino=86 scontext=u:r:shell:s0 tcontext=u:object_r:build_attestation_prop:s0 tclass=file permissive=0
06-24 03:04:07.332  1641  2925 I A       : APA or Classic session decision: SessionDecision(sessionVariance=CLASSIC, platformVariance=CLASSIC, justification=CURRENT_PLATFORM_VARIANCE).
06-24 03:04:07.332  1641  2925 I A       : [Memory] eligibility: StashEligibility{4}
06-24 03:04:07.332  1597  3293 I AiAiEcho: Settings changed for uri: content://settings/secure/accessibility_enabled
06-24 03:04:07.332  1641  2204 I A       : Unsubscribed to apa or classic variant change.
06-24 03:04:07.333  1597  1762 I AiAiEcho: Predicting[0]: 
06-24 03:04:07.333  1597  1762 I AiAiEcho: EchoTargets: 
06-24 03:04:07.333  1597  1762 I AiAiEcho: Filtered by AiAi flag check: 
06-24 03:04:07.333  1597  1762 I AiAiEcho: Ranked targets strategy: SORT, count: 0, ranking metadata: 
06-24 03:04:07.333  1597  1762 I AiAiEcho: Predicting[0]: 
06-24 03:04:07.333  1597  1762 I AiAiEcho: EchoTargets: 
06-24 03:04:07.333  1597  1762 I AiAiEcho: Filtered by AiAi flag check: 
06-24 03:04:07.333  1597  1762 I AiAiEcho: Ranked targets strategy: SORT, count: 0, ranking metadata: 
06-24 03:04:07.334  1597  1762 I AiAiEcho: #postPredictionTargets: Sending updates to UISurface lockscreen with targets# 0 (types=[])
06-24 03:04:07.334  1597  1762 I AiAiEcho: #postPredictionTargets: Sending updates to UISurface home with targets# 0 (types=[])
06-24 03:04:07.334   520  2260 D SafetySourceDataValidator: No cert check requested for package com.google.android.permissioncontroller
06-24 03:04:07.334   833   833 W PageIndicator: Total number of pages invalid: 0. Assuming 1 page.
06-24 03:04:08.335  8493  8493 I AccessibilityNodeInfoDumper: Skipping invisible child: android.view.accessibility.AccessibilityNodeInfo@128d8; boundsInParent: Rect(0, 0 - 320, 0); boundsInScreen: Rect(0, 0 - 320, 0); boundsInWindow: Rect(0, 0 - 320, 0); packageName: com.hanapkalinga.mobile; className: android.widget.LinearLayout; text: null; error: null; maxTextLength: -1; stateDescription: null; contentDescription: null; tooltipText: null; containerTitle: null; viewIdResName: null; uniqueId: null; checkable: false; checked: false; focusable: false; focused: false; selected: false; clickable: false; longClickable: false; contextClickable: false; enabled: true; password: false; scrollable: false; importantForAccessibility: false; visible: false; actions: [AccessibilityAction: ACTION_SELECT - null, AccessibilityAction: ACTION_CLEAR_SELECTION - null, AccessibilityAction: ACTION_ACCESSIBILITY_FOCUS - null, AccessibilityAction: ACTION_SHOW_ON_SCREEN - null]; isTextSelectable: false
06-24 03:04:08.335  8493  8493 I AccessibilityNodeInfoDumper: Skipping invisible child: android.view.accessibility.AccessibilityNodeInfo@12517; boundsInParent: Rect(0, 0 - 320, 0); boundsInScreen: Rect(0, 0 - 320, 0); boundsInWindow: Rect(0, 0 - 320, 0); packageName: com.hanapkalinga.mobile; className: android.view.ViewGroup; text: null; error: null; maxTextLength: -1; stateDescription: null; contentDescription: null; tooltipText: null; containerTitle: null; viewIdResName: null; uniqueId: null; checkable: false; checked: false; focusable: false; focused: false; selected: false; clickable: false; longClickable: false; contextClickable: false; enabled: true; password: false; scrollable: false; importantForAccessibility: false; visible: false; actions: [AccessibilityAction: ACTION_SELECT - null, AccessibilityAction: ACTION_CLEAR_SELECTION - null, AccessibilityAction: ACTION_ACCESSIBILITY_FOCUS - null, AccessibilityAction: ACTION_SHOW_ON_SCREEN - null]; isTextSelectable: false
06-24 03:04:08.335  8493  8493 I AccessibilityNodeInfoDumper: Skipping invisible child: android.view.accessibility.AccessibilityNodeInfo@1a4b9; boundsInParent: Rect(0, 0 - 320, 0); boundsInScreen: Rect(0, 0 - 320, 0); boundsInWindow: Rect(0, 0 - 320, 0); packageName: com.hanapkalinga.mobile; className: android.widget.LinearLayout; text: null; error: null; maxTextLength: -1; stateDescription: null; contentDescription: null; tooltipText: null; containerTitle: null; viewIdResName: null; uniqueId: null; checkable: false; checked: false; focusable: false; focused: false; selected: false; clickable: false; longClickable: false; contextClickable: false; enabled: true; password: false; scrollable: false; importantForAccessibility: false; visible: false; actions: [AccessibilityAction: ACTION_SELECT - null, AccessibilityAction: ACTION_CLEAR_SELECTION - null, AccessibilityAction: ACTION_ACCESSIBILITY_FOCUS - null, AccessibilityAction: ACTION_SHOW_ON_SCREEN - null]; isTextSelectable: false
06-24 03:04:08.336  8493  8493 I AccessibilityNodeInfoDumper: Skipping invisible child: android.view.accessibility.AccessibilityNodeInfo@1a0f8; boundsInParent: Rect(0, 0 - 320, 0); boundsInScreen: Rect(0, 0 - 320, 0); boundsInWindow: Rect(0, 0 - 320, 0); packageName: com.hanapkalinga.mobile; className: android.view.ViewGroup; text: null; error: null; maxTextLength: -1; stateDescription: null; contentDescription: null; tooltipText: null; containerTitle: null; viewIdResName: null; uniqueId: null; checkable: false; checked: false; focusable: false; focused: false; selected: false; clickable: false; longClickable: false; contextClickable: false; enabled: true; password: false; scrollable: false; importantForAccessibility: false; visible: false; actions: [AccessibilityAction: ACTION_SELECT - null, AccessibilityAction: ACTION_CLEAR_SELECTION - null, AccessibilityAction: ACTION_ACCESSIBILITY_FOCUS - null, AccessibilityAction: ACTION_SHOW_ON_SCREEN - null]; isTextSelectable: false
06-24 03:04:08.338  8493  8493 W AccessibilityNodeInfoDumper: Fetch time: 5ms
06-24 03:04:08.339   520  1734 W WindowMagnificationMgr: requestConnection duplicated request: connect=false, mConnectionState=DISCONNECTED
06-24 03:04:08.339   520  1734 D AccessibilityManagerService: restoreCurrentUserForTestAutomationIfNeededLocked(): ignoring because device doesn't support visible background users
06-24 03:04:08.340   520   520 D BatterySaverPolicy: accessibility changed to false, updating policy.
06-24 03:04:08.340  1702  2385 I A       : NGA enabled in interactor.
06-24 03:04:08.340  1702  2385 I A       : Nga state changed to NgaStateDetails{state=ENABLED, isSpecialExperience=false}
06-24 03:04:08.342  1641  2925 I A       : Initializing all components
06-24 03:04:08.342  8493  8493 D AndroidRuntime: Shutting down VM
06-24 03:04:08.344  1597  3293 I AiAiEcho: Settings changed for uri: content://settings/secure/accessibility_enabled
06-24 03:04:08.345  1597  1762 I AiAiEcho: Predicting[0]: 
06-24 03:04:08.348  1597  1762 I AiAiEcho: EchoTargets: 
06-24 03:04:08.348  1597  1762 I AiAiEcho: Filtered by AiAi flag check: 
06-24 03:04:08.348  1597  1762 I AiAiEcho: Ranked targets strategy: SORT, count: 0, ranking metadata: 
06-24 03:04:08.349  1641  2204 I A       : onIsEnabledChanged, isEnabled: false
06-24 03:04:08.349  1641  2204 W A       : Disposing empty manager. Did you forgot to subscribe observables?
06-24 03:04:08.349  1641  2204 W A       : Disposing empty manager. Did you forgot to subscribe observables?
06-24 03:04:08.349  1641  2204 W A       : Disposing empty manager. Did you forgot to subscribe observables?
06-24 03:04:08.350  1597  1762 I AiAiEcho: Predicting[0]: 
06-24 03:04:08.350  1641  2204 W A       : Disposing empty manager. Did you forgot to subscribe observables?
06-24 03:04:08.350  1597  1762 I AiAiEcho: EchoTargets: 
06-24 03:04:08.350  1597  1762 I AiAiEcho: Filtered by AiAi flag check: 
06-24 03:04:08.351  1597  1762 I AiAiEcho: Ranked targets strategy: SORT, count: 0, ranking metadata: 
06-24 03:04:08.351  1641  2925 I A       : APA or Classic session decision: SessionDecision(sessionVariance=CLASSIC, platformVariance=CLASSIC, justification=CURRENT_PLATFORM_VARIANCE).
06-24 03:04:08.352  1597  1762 I AiAiEcho: #postPredictionTargets: Sending updates to UISurface lockscreen with targets# 0 (types=[])
06-24 03:04:08.352  1641  2204 W A       : Disposing empty manager. Did you forgot to subscribe observables?
06-24 03:04:08.352  1641  2925 I A       : [Memory] eligibility: StashEligibility{6}
06-24 03:04:08.352  1641  2204 W A       : Disposing empty manager. Did you forgot to subscribe observables?
06-24 03:04:08.352  1641  2204 W A       : Disposing empty manager. Did you forgot to subscribe observables?
06-24 03:04:08.352  1641  2204 W A       : Disposing empty manager. Did you forgot to subscribe observables?
06-24 03:04:08.352  1641  2204 W A       : Disposing empty manager. Did you forgot to subscribe observables?
06-24 03:04:08.352  1641  2204 W A       : Disposing empty manager. Did you forgot to subscribe observables?
06-24 03:04:08.352  1641  2204 I A       : onOpaVisibilityChanged: false
06-24 03:04:08.352  1641  2204 W A       : Disposing empty manager. Did you forgot to subscribe observables?
06-24 03:04:08.352  1641  2204 W A       : Disposing empty manager. Did you forgot to subscribe observables?
06-24 03:04:08.352  1641  2204 W A       : Disposing empty manager. Did you forgot to subscribe observables?
06-24 03:04:08.352  1641  2204 W A       : Disposing empty manager. Did you forgot to subscribe observables?
06-24 03:04:08.352  1641  2204 W A       : Disposing empty manager. Did you forgot to subscribe observables?
06-24 03:04:08.352  1641  2204 W A       : Disposing empty manager. Did you forgot to subscribe observables?
06-24 03:04:08.352  1641  2204 I A       : Setting session to type: NO_SESSION
06-24 03:04:08.352  1641  2204 W A       : Disposing empty manager. Did you forgot to subscribe observables?
06-24 03:04:08.352  1641  2204 W A       : Disposing empty manager. Did you forgot to subscribe observables?
06-24 03:04:08.352  1641  2204 W A       : Disposing empty manager. Did you forgot to subscribe observables?
06-24 03:04:08.352  1641  2204 W A       : Disposing empty manager. Did you forgot to subscribe observables?
06-24 03:04:08.352  1641  2204 W A       : Disposing empty manager. Did you forgot to subscribe observables?
06-24 03:04:08.352  1641  2204 W A       : Disposing empty manager. Did you forgot to subscribe observables?
06-24 03:04:08.352  1641  2204 W A       : Disposing empty manager. Did you forgot to subscribe observables?
06-24 03:04:08.352  1641  2204 W A       : Disposing empty manager. Did you forgot to subscribe observables?
06-24 03:04:08.353  1641  2204 I A       : setNavBarVisible: GestureNavBarVisible{navbarVisible=true}
06-24 03:04:08.353  1641  2204 W A       : Disposing empty manager. Did you forgot to subscribe observables?
06-24 03:04:08.353  1641  2204 W A       : Disposing empty manager. Did you forgot to subscribe observables?
06-24 03:04:08.353  1641  2204 W A       : Disposing empty manager. Did you forgot to subscribe observables?
06-24 03:04:08.353  1641  2204 W A       : Disposing empty manager. Did you forgot to subscribe observables?
06-24 03:04:08.353  1641  2204 W A       : Disposing empty manager. Did you forgot to subscribe observables?
06-24 03:04:08.353  1641  2204 W A       : Disposing empty manager. Did you forgot to subscribe observables?
06-24 03:04:08.353  1641  2204 I A       : onDisabled. Registered: false
06-24 03:04:08.353  1641  2204 I A       : State changed: IDLE => IDLE by NGA_STATE_CHANGED and N/A with Optional.empty
06-24 03:04:08.354  1597  1762 I AiAiEcho: #postPredictionTargets: Sending updates to UISurface home with targets# 0 (types=[])
06-24 03:04:08.354  1641  2204 I A       : Recognizer choice: (recognizer_type: 1, recognizer_mode: 1, choice_reason: 4)
06-24 03:04:08.354   833   833 W PageIndicator: Total number of pages invalid: 0. Assuming 1 page.
06-24 03:04:08.356  1641  2226 I A       : Initialize
06-24 03:04:08.356  1641  2226 I A       : stopListening(NGA_PAUSED_UNKNOWN_REASON, NGA_CREATE), idleOverride=NOT_LISTENING
06-24 03:04:08.356  1641  2226 I A       : on opa visibility changed false
06-24 03:04:08.356  1641  2226 I A       : on opa visibility changed false
06-24 03:04:08.358  1641  2204 I A       : onActiveStateChangeEvent: IDLE => IDLE
06-24 03:04:08.359  1641  2204 I A       : #onActiveStateChangeEvent, newState: IDLE, previousState: IDLE.
06-24 03:04:08.360  1641  2226 I NgaEntryPointEventSendr: setupConnection
06-24 03:04:08.363  1702  1702 I A       : Creating pss binder().
06-24 03:04:08.363  1641  2226 I NgaEntryPointEventSendr: State changed: Disconnected => Connecting
06-24 03:04:08.364  1641  2204 I NgaEntryPointEventSendr: onServiceConnected
06-24 03:04:08.364  1702  1724 I A       : Calling beginBinderSession().
06-24 03:04:08.364  1702  1724 I A       : beginBinderSession(): calling binder
06-24 03:04:08.364  1641  2204 I NgaEntryPointEventSendr: State changed: Connecting => Ready
06-24 03:04:08.366   520  1734 W ActivityManager: Unable to start service Intent { cmp=com.google.android.apps.tachyon/.clientapi.ClientApiService } U=0: not found
06-24 03:04:08.370  1641  1641 V ClearcutMetricXmitter: Transmission is done.
06-24 03:04:08.373  1702  2429 W A       : UiCallbackStub-onGenericEvent[ServiceEvent = 60] task was not run. Callback from Service received after client was disposed.
06-24 03:04:08.376  1702  2813 I PBSessionCacheImpl: Deleted sessionId[7487257431693040] from persistence.
06-24 03:04:08.377  1702  2429 W SearchServiceCore: Abort, client detached.
06-24 03:04:08.378  1641  2226 I NgaEntryPointEventSendr: State changed: Ready => Disconnected (onOpaDisconnected)
06-24 03:04:08.379  1641  2204 I A       : Successfully initialized all components
06-24 03:04:08.693  8240  8261 D EGL_emulation: app_time_stats: avg=498.97ms min=496.92ms max=500.09ms count=3
