06-24 03:05:07.670   833   833 D TileServices: Couldn't find tile for ComponentInfo{com.google.android.apps.wellbeing/com.google.android.apps.wellbeing.focusmode.quicksettings.FocusModeTileService}(0)
06-24 03:05:07.875     0     0 I servicemanager: Could not find android.hardware.graphics.allocator.IAllocator/default in the VINTF manifest.
06-24 03:05:07.681   135   135 I hwservicemanager: getTransport: Cannot find entry android.hardware.graphics.mapper@4.0::IMapper/default in either framework or device VINTF manifest.
06-24 03:05:07.681  8957  8958 I Gralloc4: mapper 4.x is not supported
06-24 03:05:07.822  8959  8959 D AndroidRuntime: >>>>>> START com.android.internal.os.RuntimeInit uid 2000 <<<<<<
06-24 03:05:07.832  8959  8959 I AndroidRuntime: Using default boot image
06-24 03:05:07.832  8959  8959 I AndroidRuntime: Leaving lock profiling enabled
06-24 03:05:07.834  8959  8959 I app_process: Core platform API reporting enabled, enforcing=false
06-24 03:05:07.834  8959  8959 I app_process: Using CollectorTypeCC GC.
06-24 03:05:07.893  8959  8959 D nativeloader: InitDefaultPublicLibraries for_preload=1: libandroid.so:libaaudio.so:libamidi.so:libbinder_ndk.so:libc.so:libcamera2ndk.so:libdl.so:libEGL.so:libGLESv1_CM.so:libGLESv2.so:libGLESv3.so:libicu.so:libicui18n.so:libicuuc.so:libjnigraphics.so:liblog.so:libmediandk.so:libm.so:libnativehelper.so:libnativewindow.so:libOpenMAXAL.so:libOpenSLES.so:libRS.so:libstdc++.so:libsync.so:libvulkan.so:libwebviewchromium_plat_support.so:libz.so
06-24 03:05:07.901  8959  8959 D app_process: Time zone APEX ICU file found: /apex/com.android.tzdata/etc/icu/icu_tzdata.dat
06-24 03:05:07.901  8959  8959 D app_process: I18n APEX ICU file found: /apex/com.android.i18n/etc/icu/icudt72l.dat
06-24 03:05:07.906  8959  8959 W app_process: Unexpected CPU variant for x86: x86_64.
06-24 03:05:07.906  8959  8959 W app_process: Known variants: atom, sandybridge, silvermont, goldmont, goldmont-plus, tremont, kabylake, default
06-24 03:05:07.908  8959  8959 W app_process: ClassLoaderContext shared library size mismatch. Expected=2, found=0 (PCL[]{PCL[/system/framework/android.test.base.jar*836642756]#PCL[/system/framework/android.test.mock.jar*3186112116]} | PCL[])
06-24 03:05:07.908  8959  8959 W app_process: ClassLoaderContext classpath size mismatch. expected=0, found=1 (PCL[]{PCL[/system/framework/android.test.runner.jar*4168958247]{PCL[/system/framework/android.test.base.jar*836642756]#PCL[/system/framework/android.test.mock.jar*3186112116]}#PCL[/system/framework/android.test.base.jar*836642756]} | PCL[/system/framework/android.test.runner.jar*4168958247])
06-24 03:05:07.922  8959  8959 W libc    : Access denied finding property "ro.product.name_for_attestation"
06-24 03:05:07.922  8959  8959 W libc    : Access denied finding property "ro.product.brand_for_attestation"
06-24 03:05:07.923  8959  8959 W libc    : Access denied finding property "ro.product.model_for_attestation"
06-24 03:05:07.924  8959  8959 D AndroidRuntime: Calling main entry com.android.commands.uiautomator.Launcher
06-24 03:05:07.918  8959  8959 W main    : type=1400 audit(0.0:91): avc:  denied  { read } for  name="u:object_r:build_attestation_prop:s0" dev="tmpfs" ino=86 scontext=u:r:shell:s0 tcontext=u:object_r:build_attestation_prop:s0 tclass=file permissive=0
06-24 03:05:07.926  8959  8959 D UiAutomationConnection: Created on user UserHandle{0}
06-24 03:05:07.926  8959  8959 I UiAutomation: Initialized for user 0 on display 0
06-24 03:05:07.926  8959  8959 W UiAutomation: Created with deprecatead constructor, assumes DEFAULT_DISPLAY
06-24 03:05:07.927   520  2254 D AccessibilityManagerService: changeCurrentUserForTestAutomationIfNeededLocked(0): ignoring because device doesn't support visible background users
06-24 03:05:07.927   520  2254 I UiAutomationManager: Registering UiTestAutomationService (id=com.android.server.accessibility/UiAutomation) when called by user 0
06-24 03:05:07.918  8959  8959 W main    : type=1400 audit(0.0:92): avc:  denied  { read } for  name="u:object_r:build_attestation_prop:s0" dev="tmpfs" ino=86 scontext=u:r:shell:s0 tcontext=u:object_r:build_attestation_prop:s0 tclass=file permissive=0
06-24 03:05:07.918  8959  8959 W main    : type=1400 audit(0.0:93): avc:  denied  { read } for  name="u:object_r:build_attestation_prop:s0" dev="tmpfs" ino=86 scontext=u:r:shell:s0 tcontext=u:object_r:build_attestation_prop:s0 tclass=file permissive=0
06-24 03:05:07.933   520  2254 W WindowMagnificationMgr: requestConnection duplicated request: connect=false, mConnectionState=DISCONNECTED
06-24 03:05:07.934  1597  2486 I AiAiEcho: Settings changed for uri: content://settings/secure/accessibility_enabled
06-24 03:05:07.936  1597  1762 I AiAiEcho: Predicting[0]: 
06-24 03:05:07.936  8959  8973 V UiAutomation: Init UiAutomation@92e28b2[id=13, displayId=0, flags=0]
06-24 03:05:07.936  1597  1762 I AiAiEcho: EchoTargets: 
06-24 03:05:07.936  1597  1762 I AiAiEcho: Filtered by AiAi flag check: 
06-24 03:05:07.936  1597  1762 I AiAiEcho: Ranked targets strategy: SORT, count: 0, ranking metadata: 
06-24 03:05:07.937  1597  1762 I AiAiEcho: Predicting[0]: 
06-24 03:05:07.937  1597  1762 I AiAiEcho: EchoTargets: 
06-24 03:05:07.937  1597  1762 I AiAiEcho: Filtered by AiAi flag check: 
06-24 03:05:07.937  1597  1762 I AiAiEcho: Ranked targets strategy: SORT, count: 0, ranking metadata: 
06-24 03:05:07.937   520  2233 W WindowMagnificationMgr: requestConnection duplicated request: connect=false, mConnectionState=DISCONNECTED
06-24 03:05:07.938  1597  1762 I AiAiEcho: #postPredictionTargets: Sending updates to UISurface lockscreen with targets# 0 (types=[])
06-24 03:05:07.938   520   520 D BatterySaverPolicy: accessibility changed to true, updating policy.
06-24 03:05:07.938  1597  1762 I AiAiEcho: #postPredictionTargets: Sending updates to UISurface home with targets# 0 (types=[])
06-24 03:05:07.939  1702  2378 I A       : NGA disabled since it's running Panthera and at least one a11y feature is on.
06-24 03:05:07.939  1702  2378 I A       : Nga state changed to NgaStateDetails{state=DISABLED, isSpecialExperience=false}
06-24 03:05:07.940   833   833 W PageIndicator: Total number of pages invalid: 0. Assuming 1 page.
06-24 03:05:07.944  1641  4958 I A       : APA or Classic session decision: SessionDecision(sessionVariance=CLASSIC, platformVariance=CLASSIC, justification=CURRENT_PLATFORM_VARIANCE).
06-24 03:05:07.944  1641  2226 I A       : Unsubscribed to apa or classic variant change.
06-24 03:05:07.944  1641  4958 I A       : [Memory] eligibility: StashEligibility{4}
06-24 03:05:07.946  1597  2486 I AiAiEcho: Settings changed for uri: content://settings/secure/accessibility_enabled
06-24 03:05:07.946  1597  1762 I AiAiEcho: Predicting[0]: 
06-24 03:05:07.946  1597  1762 I AiAiEcho: EchoTargets: 
06-24 03:05:07.946  1597  1762 I AiAiEcho: Filtered by AiAi flag check: 
06-24 03:05:07.946  1597  1762 I AiAiEcho: Ranked targets strategy: SORT, count: 0, ranking metadata: 
06-24 03:05:07.946  1597  1762 I AiAiEcho: Predicting[0]: 
06-24 03:05:07.947  1597  1762 I AiAiEcho: EchoTargets: 
06-24 03:05:07.947  1597  1762 I AiAiEcho: Filtered by AiAi flag check: 
06-24 03:05:07.947  1597  1762 I AiAiEcho: Ranked targets strategy: SORT, count: 0, ranking metadata: 
06-24 03:05:07.947  1597  1762 I AiAiEcho: #postPredictionTargets: Sending updates to UISurface lockscreen with targets# 0 (types=[])
06-24 03:05:07.947  1597  1762 I AiAiEcho: #postPredictionTargets: Sending updates to UISurface home with targets# 0 (types=[])
06-24 03:05:07.947   833   833 W PageIndicator: Total number of pages invalid: 0. Assuming 1 page.
06-24 03:05:07.950   520  2254 D SafetySourceDataValidator: No cert check requested for package com.google.android.permissioncontroller
06-24 03:05:07.998   520   610 I RoleService: Granting default roles...
06-24 03:05:08.006   835  8912 E RoleControllerServiceImpl: Default/fallback role holder package doesn't qualify for the role, package: com.google.android.gms.supervision, role: android.app.role.SYSTEM_SUPERVISION
06-24 03:05:08.007   835  8912 I Role    : com.google.android.gms not qualified for android.app.role.SYSTEM_CALL_STREAMING due to missing RequiredComponent{mIntentFilterData=IntentFilterData{mAction='android.telecom.CallStreamingService', mCategories='[]', mDataScheme='null', mDataType='null'}, mMinTargetSdkVersion=1, mFlags='0', mPermission='android.permission.BIND_CALL_STREAMING_SERVICE', mQueryFlags=0, mMetaData=[]}
06-24 03:05:08.007   835  8912 E RoleControllerServiceImpl: Default/fallback role holder package doesn't qualify for the role, package: com.google.android.gms, role: android.app.role.SYSTEM_CALL_STREAMING
06-24 03:05:08.007   835  8912 W Role    : Default holder doesn't have required signing certificate: com.google.android.apps.work.clouddpc:23962F4B43B9857638EA66F4D419518EAE282491ACDA4B94707BD59003C45E58
06-24 03:05:08.256   820   820 I wpa_supplicant: wlan0: CTRL-EVENT-BEACON-LOSS 
06-24 03:05:08.878  5222  5257 I ContentMaintenance: Internal cache bytes used: 0; limit: 100000000; download size: 0
06-24 03:05:08.879  5222  5257 I RealtimeCacheCleanup: Beginning Realtime garbage collection.
06-24 03:05:08.880  5222  5257 I RealtimeCacheCleanup: Finished Realtime garbage collection.
06-24 03:05:08.939  8959  8959 I AccessibilityNodeInfoDumper: Skipping invisible child: android.view.accessibility.AccessibilityNodeInfo@128e4; boundsInParent: Rect(0, 0 - 320, 0); boundsInScreen: Rect(0, 0 - 320, 0); boundsInWindow: Rect(0, 0 - 320, 0); packageName: com.hanapkalinga.mobile; className: android.widget.LinearLayout; text: null; error: null; maxTextLength: -1; stateDescription: null; contentDescription: null; tooltipText: null; containerTitle: null; viewIdResName: null; uniqueId: null; checkable: false; checked: false; focusable: false; focused: false; selected: false; clickable: false; longClickable: false; contextClickable: false; enabled: true; password: false; scrollable: false; importantForAccessibility: false; visible: false; actions: [AccessibilityAction: ACTION_SELECT - null, AccessibilityAction: ACTION_CLEAR_SELECTION - null, AccessibilityAction: ACTION_ACCESSIBILITY_FOCUS - null, AccessibilityAction: ACTION_SHOW_ON_SCREEN - null]; isTextSelectable: false
06-24 03:05:08.939  8959  8959 I AccessibilityNodeInfoDumper: Skipping invisible child: android.view.accessibility.AccessibilityNodeInfo@12523; boundsInParent: Rect(0, 0 - 320, 0); boundsInScreen: Rect(0, 0 - 320, 0); boundsInWindow: Rect(0, 0 - 320, 0); packageName: com.hanapkalinga.mobile; className: android.view.ViewGroup; text: null; error: null; maxTextLength: -1; stateDescription: null; contentDescription: null; tooltipText: null; containerTitle: null; viewIdResName: null; uniqueId: null; checkable: false; checked: false; focusable: false; focused: false; selected: false; clickable: false; longClickable: false; contextClickable: false; enabled: true; password: false; scrollable: false; importantForAccessibility: false; visible: false; actions: [AccessibilityAction: ACTION_SELECT - null, AccessibilityAction: ACTION_CLEAR_SELECTION - null, AccessibilityAction: ACTION_ACCESSIBILITY_FOCUS - null, AccessibilityAction: ACTION_SHOW_ON_SCREEN - null]; isTextSelectable: false
06-24 03:05:08.940  8959  8959 I AccessibilityNodeInfoDumper: Skipping invisible child: android.view.accessibility.AccessibilityNodeInfo@1a4c5; boundsInParent: Rect(0, 0 - 320, 0); boundsInScreen: Rect(0, 0 - 320, 0); boundsInWindow: Rect(0, 0 - 320, 0); packageName: com.hanapkalinga.mobile; className: android.widget.LinearLayout; text: null; error: null; maxTextLength: -1; stateDescription: null; contentDescription: null; tooltipText: null; containerTitle: null; viewIdResName: null; uniqueId: null; checkable: false; checked: false; focusable: false; focused: false; selected: false; clickable: false; longClickable: false; contextClickable: false; enabled: true; password: false; scrollable: false; importantForAccessibility: false; visible: false; actions: [AccessibilityAction: ACTION_SELECT - null, AccessibilityAction: ACTION_CLEAR_SELECTION - null, AccessibilityAction: ACTION_ACCESSIBILITY_FOCUS - null, AccessibilityAction: ACTION_SHOW_ON_SCREEN - null]; isTextSelectable: false
06-24 03:05:08.940  8959  8959 I AccessibilityNodeInfoDumper: Skipping invisible child: android.view.accessibility.AccessibilityNodeInfo@1a104; boundsInParent: Rect(0, 0 - 320, 0); boundsInScreen: Rect(0, 0 - 320, 0); boundsInWindow: Rect(0, 0 - 320, 0); packageName: com.hanapkalinga.mobile; className: android.view.ViewGroup; text: null; error: null; maxTextLength: -1; stateDescription: null; contentDescription: null; tooltipText: null; containerTitle: null; viewIdResName: null; uniqueId: null; checkable: false; checked: false; focusable: false; focused: false; selected: false; clickable: false; longClickable: false; contextClickable: false; enabled: true; password: false; scrollable: false; importantForAccessibility: false; visible: false; actions: [AccessibilityAction: ACTION_SELECT - null, AccessibilityAction: ACTION_CLEAR_SELECTION - null, AccessibilityAction: ACTION_ACCESSIBILITY_FOCUS - null, AccessibilityAction: ACTION_SHOW_ON_SCREEN - null]; isTextSelectable: false
06-24 03:05:08.941  8959  8959 W AccessibilityNodeInfoDumper: Fetch time: 4ms
06-24 03:05:08.944   520  1758 W WindowMagnificationMgr: requestConnection duplicated request: connect=false, mConnectionState=DISCONNECTED
06-24 03:05:08.944   520  1758 D AccessibilityManagerService: restoreCurrentUserForTestAutomationIfNeededLocked(): ignoring because device doesn't support visible background users
06-24 03:05:08.944  1597  2486 I AiAiEcho: Settings changed for uri: content://settings/secure/accessibility_enabled
06-24 03:05:08.944  1597  1762 I AiAiEcho: Predicting[0]: 
06-24 03:05:08.944  1597  1762 I AiAiEcho: EchoTargets: 
06-24 03:05:08.944  1597  1762 I AiAiEcho: Filtered by AiAi flag check: 
06-24 03:05:08.944  1597  1762 I AiAiEcho: Ranked targets strategy: SORT, count: 0, ranking metadata: 
06-24 03:05:08.945  1597  1762 I AiAiEcho: Predicting[0]: 
06-24 03:05:08.945  1597  1762 I AiAiEcho: EchoTargets: 
06-24 03:05:08.945  1597  1762 I AiAiEcho: Filtered by AiAi flag check: 
06-24 03:05:08.945  1597  1762 I AiAiEcho: Ranked targets strategy: SORT, count: 0, ranking metadata: 
06-24 03:05:08.946  1597  1762 I AiAiEcho: #postPredictionTargets: Sending updates to UISurface lockscreen with targets# 0 (types=[])
06-24 03:05:08.946   833   833 W PageIndicator: Total number of pages invalid: 0. Assuming 1 page.
06-24 03:05:08.946  1597  1762 I AiAiEcho: #postPredictionTargets: Sending updates to UISurface home with targets# 0 (types=[])
06-24 03:05:08.947  1702  2381 I A       : NGA enabled in interactor.
06-24 03:05:08.947  1702  2381 I A       : Nga state changed to NgaStateDetails{state=ENABLED, isSpecialExperience=false}
06-24 03:05:08.947  8959  8959 D AndroidRuntime: Shutting down VM
06-24 03:05:08.950   520   520 D BatterySaverPolicy: accessibility changed to false, updating policy.
06-24 03:05:08.951  1641  4761 I A       : Initializing all components
06-24 03:05:08.952  1641  2204 I A       : onIsEnabledChanged, isEnabled: false
06-24 03:05:08.952  1641  2204 W A       : Disposing empty manager. Did you forgot to subscribe observables?
06-24 03:05:08.952  1641  2204 W A       : Disposing empty manager. Did you forgot to subscribe observables?
06-24 03:05:08.952  1641  2204 W A       : Disposing empty manager. Did you forgot to subscribe observables?
06-24 03:05:08.952  1641  2204 W A       : Disposing empty manager. Did you forgot to subscribe observables?
06-24 03:05:08.952  1641  2204 W A       : Disposing empty manager. Did you forgot to subscribe observables?
06-24 03:05:08.952  1641  2204 W A       : Disposing empty manager. Did you forgot to subscribe observables?
06-24 03:05:08.952  1641  2204 W A       : Disposing empty manager. Did you forgot to subscribe observables?
06-24 03:05:08.952  1641  2204 W A       : Disposing empty manager. Did you forgot to subscribe observables?
06-24 03:05:08.952  1641  2204 W A       : Disposing empty manager. Did you forgot to subscribe observables?
06-24 03:05:08.952  1641  2204 W A       : Disposing empty manager. Did you forgot to subscribe observables?
06-24 03:05:08.952  1641  2204 I A       : onOpaVisibilityChanged: false
06-24 03:05:08.952  1641  2204 W A       : Disposing empty manager. Did you forgot to subscribe observables?
06-24 03:05:08.952  1641  2204 W A       : Disposing empty manager. Did you forgot to subscribe observables?
06-24 03:05:08.952  1641  2204 W A       : Disposing empty manager. Did you forgot to subscribe observables?
06-24 03:05:08.952  1641  2204 W A       : Disposing empty manager. Did you forgot to subscribe observables?
06-24 03:05:08.952  1641  2204 W A       : Disposing empty manager. Did you forgot to subscribe observables?
06-24 03:05:08.952  1641  2204 W A       : Disposing empty manager. Did you forgot to subscribe observables?
06-24 03:05:08.953  1641  2204 I A       : Setting session to type: NO_SESSION
06-24 03:05:08.953  1641  2204 W A       : Disposing empty manager. Did you forgot to subscribe observables?
06-24 03:05:08.953  1641  2204 W A       : Disposing empty manager. Did you forgot to subscribe observables?
06-24 03:05:08.953  1641  2204 W A       : Disposing empty manager. Did you forgot to subscribe observables?
06-24 03:05:08.953  1641  2204 W A       : Disposing empty manager. Did you forgot to subscribe observables?
06-24 03:05:08.953  1641  2204 W A       : Disposing empty manager. Did you forgot to subscribe observables?
06-24 03:05:08.953  1641  2204 W A       : Disposing empty manager. Did you forgot to subscribe observables?
06-24 03:05:08.953  1641  2204 W A       : Disposing empty manager. Did you forgot to subscribe observables?
06-24 03:05:08.953  1641  2204 W A       : Disposing empty manager. Did you forgot to subscribe observables?
06-24 03:05:08.953  1641  2204 I A       : setNavBarVisible: GestureNavBarVisible{navbarVisible=true}
06-24 03:05:08.953  1641  2204 W A       : Disposing empty manager. Did you forgot to subscribe observables?
06-24 03:05:08.953  1641  2204 W A       : Disposing empty manager. Did you forgot to subscribe observables?
06-24 03:05:08.953  1641  2204 W A       : Disposing empty manager. Did you forgot to subscribe observables?
06-24 03:05:08.953  1641  2204 W A       : Disposing empty manager. Did you forgot to subscribe observables?
06-24 03:05:08.953  1641  2204 W A       : Disposing empty manager. Did you forgot to subscribe observables?
06-24 03:05:08.953  1641  2204 W A       : Disposing empty manager. Did you forgot to subscribe observables?
06-24 03:05:08.953  1641  2204 I A       : onDisabled. Registered: false
06-24 03:05:08.954  1641  2204 I A       : State changed: IDLE => IDLE by NGA_STATE_CHANGED and N/A with Optional.empty
06-24 03:05:08.954  1641  2204 I A       : Recognizer choice: (recognizer_type: 1, recognizer_mode: 1, choice_reason: 4)
06-24 03:05:08.954  1641  2204 I A       : onActiveStateChangeEvent: IDLE => IDLE
06-24 03:05:08.958  1641  4761 I A       : APA or Classic session decision: SessionDecision(sessionVariance=CLASSIC, platformVariance=CLASSIC, justification=CURRENT_PLATFORM_VARIANCE).
06-24 03:05:08.958  1641  4761 I A       : [Memory] eligibility: StashEligibility{6}
06-24 03:05:08.958  1641  2204 I A       : #onActiveStateChangeEvent, newState: IDLE, previousState: IDLE.
06-24 03:05:08.959  1641  2204 I A       : stopListening(NGA_PAUSED_UNKNOWN_REASON, NGA_CREATE), idleOverride=NOT_LISTENING
06-24 03:05:08.959  1641  2204 I A       : on opa visibility changed false
06-24 03:05:08.959  1641  2204 I A       : on opa visibility changed false
06-24 03:05:08.961  1641  2204 I NgaEntryPointEventSendr: setupConnection
06-24 03:05:08.962  1641  2226 I A       : Initialize
06-24 03:05:08.964  1641  2204 I NgaEntryPointEventSendr: State changed: Disconnected => Connecting
06-24 03:05:08.965  1702  1702 I A       : Creating pss binder().
06-24 03:05:08.965  1641  2226 I NgaEntryPointEventSendr: onServiceConnected
06-24 03:05:08.966  1702  2492 I A       : Calling beginBinderSession().
06-24 03:05:08.966  1702  2492 I A       : beginBinderSession(): calling binder
06-24 03:05:08.966  1641  2226 I NgaEntryPointEventSendr: State changed: Connecting => Ready
06-24 03:05:08.969   520  2233 W ActivityManager: Unable to start service Intent { cmp=com.google.android.apps.tachyon/.clientapi.ClientApiService } U=0: not found
06-24 03:05:08.970  1641  2226 I A       : Successfully initialized all components
06-24 03:05:08.971  1641  1641 V ClearcutMetricXmitter: Transmission is done.
06-24 03:05:08.975  1702  2429 W A       : UiCallbackStub-onGenericEvent[ServiceEvent = 60] task was not run. Callback from Service received after client was disposed.
06-24 03:05:08.977  1702  2429 W SearchServiceCore: Abort, client detached.
06-24 03:05:08.978  1702  2813 I PBSessionCacheImpl: Deleted sessionId[7487257431693047] from persistence.
06-24 03:05:08.979  1641  2226 I NgaEntryPointEventSendr: State changed: Ready => Disconnected (onOpaDisconnected)
06-24 03:05:09.752   520   609 D ActivityManager: freezing 2931 com.google.android.gms.unstable
06-24 03:05:09.752   520   609 D ActivityManager: freezing 5994 com.google.android.gms.ui
