06-24 03:06:24.202  9462  9462 W main    : type=1400 audit(0.0:99): avc:  denied  { read } for  name="u:object_r:build_attestation_prop:s0" dev="tmpfs" ino=86 scontext=u:r:shell:s0 tcontext=u:object_r:build_attestation_prop:s0 tclass=file permissive=0
06-24 03:06:24.216   520   534 D AccessibilityManagerService: changeCurrentUserForTestAutomationIfNeededLocked(0): ignoring because device doesn't support visible background users
06-24 03:06:24.217   520   534 I UiAutomationManager: Registering UiTestAutomationService (id=com.android.server.accessibility/UiAutomation) when called by user 0
06-24 03:06:24.202  9462  9462 W main    : type=1400 audit(0.0:100): avc:  denied  { read } for  name="u:object_r:build_attestation_prop:s0" dev="tmpfs" ino=86 scontext=u:r:shell:s0 tcontext=u:object_r:build_attestation_prop:s0 tclass=file permissive=0
06-24 03:06:24.220   520   534 W WindowMagnificationMgr: requestConnection duplicated request: connect=false, mConnectionState=DISCONNECTED
06-24 03:06:24.221   520   520 D BatterySaverPolicy: accessibility changed to true, updating policy.
06-24 03:06:24.222  1702  2378 I A       : NGA disabled since it's running Panthera and at least one a11y feature is on.
06-24 03:06:24.222  1702  2378 I A       : Nga state changed to NgaStateDetails{state=DISABLED, isSpecialExperience=false}
06-24 03:06:24.223  1641  1657 I A       : APA or Classic session decision: SessionDecision(sessionVariance=CLASSIC, platformVariance=CLASSIC, justification=CURRENT_PLATFORM_VARIANCE).
06-24 03:06:24.224  1641  1657 I A       : [Memory] eligibility: StashEligibility{4}
06-24 03:06:24.225  1641  2226 I A       : Unsubscribed to apa or classic variant change.
06-24 03:06:24.225  1597  3293 I AiAiEcho: Settings changed for uri: content://settings/secure/accessibility_enabled
06-24 03:06:24.226  1597  1762 I AiAiEcho: Predicting[0]: 
06-24 03:06:24.226  1597  1762 I AiAiEcho: EchoTargets: 
06-24 03:06:24.226  1597  1762 I AiAiEcho: Filtered by AiAi flag check: 
06-24 03:06:24.226  1597  1762 I AiAiEcho: Ranked targets strategy: SORT, count: 0, ranking metadata: 
06-24 03:06:24.226  1597  1762 I AiAiEcho: Predicting[0]: 
06-24 03:06:24.226  1597  1762 I AiAiEcho: EchoTargets: 
06-24 03:06:24.226  1597  1762 I AiAiEcho: Filtered by AiAi flag check: 
06-24 03:06:24.226  1597  1762 I AiAiEcho: Ranked targets strategy: SORT, count: 0, ranking metadata: 
06-24 03:06:24.227  9462  9475 V UiAutomation: Init UiAutomation@4169a47[id=15, displayId=0, flags=0]
06-24 03:06:24.227  1597  1762 I AiAiEcho: #postPredictionTargets: Sending updates to UISurface lockscreen with targets# 0 (types=[])
06-24 03:06:24.227  1597  1762 I AiAiEcho: #postPredictionTargets: Sending updates to UISurface home with targets# 0 (types=[])
06-24 03:06:24.229   520  2258 W WindowMagnificationMgr: requestConnection duplicated request: connect=false, mConnectionState=DISCONNECTED
06-24 03:06:24.230   833   833 W PageIndicator: Total number of pages invalid: 0. Assuming 1 page.
06-24 03:06:24.231  1597  3333 I AiAiEcho: Settings changed for uri: content://settings/secure/accessibility_enabled
06-24 03:06:24.231  1597  1762 I AiAiEcho: Predicting[0]: 
06-24 03:06:24.231  1597  1762 I AiAiEcho: EchoTargets: 
06-24 03:06:24.231  1597  1762 I AiAiEcho: Filtered by AiAi flag check: 
06-24 03:06:24.231  1597  1762 I AiAiEcho: Ranked targets strategy: SORT, count: 0, ranking metadata: 
06-24 03:06:24.231  1597  1762 I AiAiEcho: Predicting[0]: 
06-24 03:06:24.231  1597  1762 I AiAiEcho: EchoTargets: 
06-24 03:06:24.231  1597  1762 I AiAiEcho: Filtered by AiAi flag check: 
06-24 03:06:24.231  1597  1762 I AiAiEcho: Ranked targets strategy: SORT, count: 0, ranking metadata: 
06-24 03:06:24.232  1597  1762 I AiAiEcho: #postPredictionTargets: Sending updates to UISurface lockscreen with targets# 0 (types=[])
06-24 03:06:24.232  1597  1762 I AiAiEcho: #postPredictionTargets: Sending updates to UISurface home with targets# 0 (types=[])
06-24 03:06:24.232   833   833 W PageIndicator: Total number of pages invalid: 0. Assuming 1 page.
06-24 03:06:24.234   520  2257 D SafetySourceDataValidator: No cert check requested for package com.google.android.permissioncontroller
06-24 03:06:24.427   520   610 I RoleService: Granting default roles...
06-24 03:06:24.433   835  9376 E RoleControllerServiceImpl: Default/fallback role holder package doesn't qualify for the role, package: com.google.android.gms.supervision, role: android.app.role.SYSTEM_SUPERVISION
06-24 03:06:24.434   835  9376 I Role    : com.google.android.gms not qualified for android.app.role.SYSTEM_CALL_STREAMING due to missing RequiredComponent{mIntentFilterData=IntentFilterData{mAction='android.telecom.CallStreamingService', mCategories='[]', mDataScheme='null', mDataType='null'}, mMinTargetSdkVersion=1, mFlags='0', mPermission='android.permission.BIND_CALL_STREAMING_SERVICE', mQueryFlags=0, mMetaData=[]}
06-24 03:06:24.435   835  9376 E RoleControllerServiceImpl: Default/fallback role holder package doesn't qualify for the role, package: com.google.android.gms, role: android.app.role.SYSTEM_CALL_STREAMING
06-24 03:06:24.435   835  9376 W Role    : Default holder doesn't have required signing certificate: com.google.android.apps.work.clouddpc:23962F4B43B9857638EA66F4D419518EAE282491ACDA4B94707BD59003C45E58
06-24 03:06:24.794  9205  9223 D EGL_emulation: app_time_stats: avg=500.12ms min=499.48ms max=501.37ms count=3
06-24 03:06:25.234  9462  9462 I AccessibilityNodeInfoDumper: Skipping invisible child: android.view.accessibility.AccessibilityNodeInfo@128f7; boundsInParent: Rect(0, 0 - 320, 0); boundsInScreen: Rect(0, 0 - 320, 0); boundsInWindow: Rect(0, 0 - 320, 0); packageName: com.hanapkalinga.mobile; className: android.widget.LinearLayout; text: null; error: null; maxTextLength: -1; stateDescription: null; contentDescription: null; tooltipText: null; containerTitle: null; viewIdResName: null; uniqueId: null; checkable: false; checked: false; focusable: false; focused: false; selected: false; clickable: false; longClickable: false; contextClickable: false; enabled: true; password: false; scrollable: false; importantForAccessibility: false; visible: false; actions: [AccessibilityAction: ACTION_SELECT - null, AccessibilityAction: ACTION_CLEAR_SELECTION - null, AccessibilityAction: ACTION_ACCESSIBILITY_FOCUS - null, AccessibilityAction: ACTION_SHOW_ON_SCREEN - null]; isTextSelectable: false
06-24 03:06:25.234  9462  9462 I AccessibilityNodeInfoDumper: Skipping invisible child: android.view.accessibility.AccessibilityNodeInfo@12536; boundsInParent: Rect(0, 0 - 320, 0); boundsInScreen: Rect(0, 0 - 320, 0); boundsInWindow: Rect(0, 0 - 320, 0); packageName: com.hanapkalinga.mobile; className: android.view.ViewGroup; text: null; error: null; maxTextLength: -1; stateDescription: null; contentDescription: null; tooltipText: null; containerTitle: null; viewIdResName: null; uniqueId: null; checkable: false; checked: false; focusable: false; focused: false; selected: false; clickable: false; longClickable: false; contextClickable: false; enabled: true; password: false; scrollable: false; importantForAccessibility: false; visible: false; actions: [AccessibilityAction: ACTION_SELECT - null, AccessibilityAction: ACTION_CLEAR_SELECTION - null, AccessibilityAction: ACTION_ACCESSIBILITY_FOCUS - null, AccessibilityAction: ACTION_SHOW_ON_SCREEN - null]; isTextSelectable: false
06-24 03:06:25.234  9462  9462 I AccessibilityNodeInfoDumper: Skipping invisible child: android.view.accessibility.AccessibilityNodeInfo@1a4d8; boundsInParent: Rect(0, 0 - 320, 0); boundsInScreen: Rect(0, 0 - 320, 0); boundsInWindow: Rect(0, 0 - 320, 0); packageName: com.hanapkalinga.mobile; className: android.widget.LinearLayout; text: null; error: null; maxTextLength: -1; stateDescription: null; contentDescription: null; tooltipText: null; containerTitle: null; viewIdResName: null; uniqueId: null; checkable: false; checked: false; focusable: false; focused: false; selected: false; clickable: false; longClickable: false; contextClickable: false; enabled: true; password: false; scrollable: false; importantForAccessibility: false; visible: false; actions: [AccessibilityAction: ACTION_SELECT - null, AccessibilityAction: ACTION_CLEAR_SELECTION - null, AccessibilityAction: ACTION_ACCESSIBILITY_FOCUS - null, AccessibilityAction: ACTION_SHOW_ON_SCREEN - null]; isTextSelectable: false
06-24 03:06:25.234  9462  9462 I AccessibilityNodeInfoDumper: Skipping invisible child: android.view.accessibility.AccessibilityNodeInfo@1a117; boundsInParent: Rect(0, 0 - 320, 0); boundsInScreen: Rect(0, 0 - 320, 0); boundsInWindow: Rect(0, 0 - 320, 0); packageName: com.hanapkalinga.mobile; className: android.view.ViewGroup; text: null; error: null; maxTextLength: -1; stateDescription: null; contentDescription: null; tooltipText: null; containerTitle: null; viewIdResName: null; uniqueId: null; checkable: false; checked: false; focusable: false; focused: false; selected: false; clickable: false; longClickable: false; contextClickable: false; enabled: true; password: false; scrollable: false; importantForAccessibility: false; visible: false; actions: [AccessibilityAction: ACTION_SELECT - null, AccessibilityAction: ACTION_CLEAR_SELECTION - null, AccessibilityAction: ACTION_ACCESSIBILITY_FOCUS - null, AccessibilityAction: ACTION_SHOW_ON_SCREEN - null]; isTextSelectable: false
06-24 03:06:25.237  9462  9462 W AccessibilityNodeInfoDumper: Fetch time: 6ms
06-24 03:06:25.239  1597  3293 I AiAiEcho: Settings changed for uri: content://settings/secure/accessibility_enabled
06-24 03:06:25.239   520   534 W WindowMagnificationMgr: requestConnection duplicated request: connect=false, mConnectionState=DISCONNECTED
06-24 03:06:25.239   520   534 D AccessibilityManagerService: restoreCurrentUserForTestAutomationIfNeededLocked(): ignoring because device doesn't support visible background users
06-24 03:06:25.239  1597  1762 I AiAiEcho: Predicting[0]: 
06-24 03:06:25.239  1597  1762 I AiAiEcho: EchoTargets: 
06-24 03:06:25.239  1597  1762 I AiAiEcho: Filtered by AiAi flag check: 
06-24 03:06:25.239  1597  1762 I AiAiEcho: Ranked targets strategy: SORT, count: 0, ranking metadata: 
06-24 03:06:25.239  1597  1762 I AiAiEcho: Predicting[0]: 
06-24 03:06:25.239  1597  1762 I AiAiEcho: EchoTargets: 
06-24 03:06:25.239  1597  1762 I AiAiEcho: Filtered by AiAi flag check: 
06-24 03:06:25.239  1597  1762 I AiAiEcho: Ranked targets strategy: SORT, count: 0, ranking metadata: 
06-24 03:06:25.240  1597  1762 I AiAiEcho: #postPredictionTargets: Sending updates to UISurface lockscreen with targets# 0 (types=[])
06-24 03:06:25.241  1702  2385 I A       : NGA enabled in interactor.
06-24 03:06:25.241  1702  2385 I A       : Nga state changed to NgaStateDetails{state=ENABLED, isSpecialExperience=false}
06-24 03:06:25.242  1641  1657 I A       : Initializing all components
06-24 03:06:25.242  1641  1657 I A       : APA or Classic session decision: SessionDecision(sessionVariance=CLASSIC, platformVariance=CLASSIC, justification=CURRENT_PLATFORM_VARIANCE).
06-24 03:06:25.242  1641  1657 I A       : [Memory] eligibility: StashEligibility{6}
06-24 03:06:25.243  9462  9462 D AndroidRuntime: Shutting down VM
06-24 03:06:25.245  1597  1762 I AiAiEcho: #postPredictionTargets: Sending updates to UISurface home with targets# 0 (types=[])
06-24 03:06:25.245   833   833 W PageIndicator: Total number of pages invalid: 0. Assuming 1 page.
06-24 03:06:25.246   520   520 D BatterySaverPolicy: accessibility changed to false, updating policy.
06-24 03:06:25.247  1641  2204 I A       : onIsEnabledChanged, isEnabled: false
06-24 03:06:25.247  1641  2204 W A       : Disposing empty manager. Did you forgot to subscribe observables?
06-24 03:06:25.247  1641  2204 W A       : Disposing empty manager. Did you forgot to subscribe observables?
06-24 03:06:25.247  1641  2204 W A       : Disposing empty manager. Did you forgot to subscribe observables?
06-24 03:06:25.247  1641  2204 W A       : Disposing empty manager. Did you forgot to subscribe observables?
06-24 03:06:25.249  1641  2204 W A       : Disposing empty manager. Did you forgot to subscribe observables?
06-24 03:06:25.249  1641  2204 W A       : Disposing empty manager. Did you forgot to subscribe observables?
06-24 03:06:25.249  1641  2204 W A       : Disposing empty manager. Did you forgot to subscribe observables?
06-24 03:06:25.249  1641  2204 W A       : Disposing empty manager. Did you forgot to subscribe observables?
06-24 03:06:25.249  1641  2204 W A       : Disposing empty manager. Did you forgot to subscribe observables?
06-24 03:06:25.249  1641  2204 W A       : Disposing empty manager. Did you forgot to subscribe observables?
06-24 03:06:25.249  1641  2204 I A       : onOpaVisibilityChanged: false
06-24 03:06:25.249  1641  2204 W A       : Disposing empty manager. Did you forgot to subscribe observables?
06-24 03:06:25.249  1641  2204 W A       : Disposing empty manager. Did you forgot to subscribe observables?
06-24 03:06:25.249  1641  2204 W A       : Disposing empty manager. Did you forgot to subscribe observables?
06-24 03:06:25.249  1641  2204 W A       : Disposing empty manager. Did you forgot to subscribe observables?
06-24 03:06:25.249  1641  2204 W A       : Disposing empty manager. Did you forgot to subscribe observables?
06-24 03:06:25.249  1641  2204 W A       : Disposing empty manager. Did you forgot to subscribe observables?
06-24 03:06:25.249  1641  2204 I A       : Setting session to type: NO_SESSION
06-24 03:06:25.249  1641  2204 W A       : Disposing empty manager. Did you forgot to subscribe observables?
06-24 03:06:25.249  1641  2204 W A       : Disposing empty manager. Did you forgot to subscribe observables?
06-24 03:06:25.249  1641  2204 W A       : Disposing empty manager. Did you forgot to subscribe observables?
06-24 03:06:25.249  1641  2204 W A       : Disposing empty manager. Did you forgot to subscribe observables?
06-24 03:06:25.249  1641  2204 W A       : Disposing empty manager. Did you forgot to subscribe observables?
06-24 03:06:25.249  1641  2204 W A       : Disposing empty manager. Did you forgot to subscribe observables?
06-24 03:06:25.249  1641  2204 W A       : Disposing empty manager. Did you forgot to subscribe observables?
06-24 03:06:25.249  1641  2204 W A       : Disposing empty manager. Did you forgot to subscribe observables?
06-24 03:06:25.249  1641  2204 I A       : setNavBarVisible: GestureNavBarVisible{navbarVisible=true}
06-24 03:06:25.249  1641  2204 W A       : Disposing empty manager. Did you forgot to subscribe observables?
06-24 03:06:25.249  1641  2204 W A       : Disposing empty manager. Did you forgot to subscribe observables?
06-24 03:06:25.249  1641  2204 W A       : Disposing empty manager. Did you forgot to subscribe observables?
06-24 03:06:25.249  1641  2204 W A       : Disposing empty manager. Did you forgot to subscribe observables?
06-24 03:06:25.249  1641  2204 W A       : Disposing empty manager. Did you forgot to subscribe observables?
06-24 03:06:25.249  1641  2204 W A       : Disposing empty manager. Did you forgot to subscribe observables?
06-24 03:06:25.249  1641  2204 I A       : onDisabled. Registered: false
06-24 03:06:25.250  1641  2226 I A       : on opa visibility changed false
06-24 03:06:25.250  1641  2226 I A       : on opa visibility changed false
06-24 03:06:25.250  1641  2226 I A       : State changed: IDLE => IDLE by NGA_STATE_CHANGED and N/A with Optional.empty
06-24 03:06:25.251  1641  2226 I A       : Recognizer choice: (recognizer_type: 1, recognizer_mode: 1, choice_reason: 4)
06-24 03:06:25.251  1641  2226 I A       : onActiveStateChangeEvent: IDLE => IDLE
06-24 03:06:25.251  1641  2226 I A       : #onActiveStateChangeEvent, newState: IDLE, previousState: IDLE.
06-24 03:06:25.252  1641  2204 I NgaEntryPointEventSendr: setupConnection
06-24 03:06:25.254  1702  1702 I A       : Creating pss binder().
06-24 03:06:25.254  1641  2226 I A       : Initialize
06-24 03:06:25.255  1641  2226 I A       : stopListening(NGA_PAUSED_UNKNOWN_REASON, NGA_CREATE), idleOverride=NOT_LISTENING
06-24 03:06:25.256  1641  2204 I NgaEntryPointEventSendr: State changed: Disconnected => Connecting
06-24 03:06:25.257  1641  2204 I NgaEntryPointEventSendr: onServiceConnected
06-24 03:06:25.257  1702  1743 I A       : Calling beginBinderSession().
06-24 03:06:25.257  1702  1743 I A       : beginBinderSession(): calling binder
06-24 03:06:25.258  1641  2204 I NgaEntryPointEventSendr: State changed: Connecting => Ready
06-24 03:06:25.264   520   534 W ActivityManager: Unable to start service Intent { cmp=com.google.android.apps.tachyon/.clientapi.ClientApiService } U=0: not found
06-24 03:06:25.265  1641  2226 I A       : Successfully initialized all components
06-24 03:06:25.270  1702  2813 I PBSessionCacheImpl: Deleted sessionId[7487257431693054] from persistence.
06-24 03:06:25.271  1702  2429 W A       : UiCallbackStub-onGenericEvent[ServiceEvent = 60] task was not run. Callback from Service received after client was disposed.
06-24 03:06:25.272  1702  2429 W SearchServiceCore: Abort, client detached.
06-24 03:06:25.273  1641  2226 I NgaEntryPointEventSendr: State changed: Ready => Disconnected (onOpaDisconnected)
06-24 03:06:25.355  9122  9124 I AidlLazyServiceRegistrar: Process has 0 (of 1 available) client(s) in use after notification artd has clients: 0
06-24 03:06:25.355  9122  9124 I AidlLazyServiceRegistrar: Trying to shut down the service. No clients in use for any service in process.
06-24 03:06:25.555     0     0 I servicemanager: Notifying artd they don't (previously: do) have clients when we now have no record of a client
06-24 03:06:25.558     0     0 I servicemanager: Unregistering artd
06-24 03:06:25.558     0     0 I BpBinder: onLastStrongRef automatically unlinking death recipients:
06-24 03:06:25.358  9122  9124 I AidlLazyServiceRegistrar: Unregistered all clients and exiting
06-24 03:06:25.561     0     0 I init    : Service 'artd' (pid 9122) exited with status 0 oneshot service took 67.516998 seconds in background
06-24 03:06:25.563     0     0 I init    : Sending signal 9 to service 'artd' (pid 9122) process group...
06-24 03:06:25.565     0     0 I libprocessgroup: Successfully killed process cgroup uid 1082 pid 9122 in 0ms
06-24 03:06:25.696   833   833 D StatusBarIconController: ignoring old pipeline callbacks, because the new mobile icons are enabled
06-24 03:06:25.710   833   879 D EGL_emulation: app_time_stats: avg=25677.63ms min=25677.63ms max=25677.63ms count=1
